01-06 09:52:14.200   935   966 I SystemConfig: Reading permissions from /system/etc/permissions/com.android.media.remotedisplay.xml
01-06 09:52:14.201   935   966 I SystemConfig: Reading permissions from /system/etc/permissions/platform.xml
01-06 09:52:14.207   935   966 I SystemConfig: Reading permissions from /vendor/etc/permissions/android.hardware.consumerir.xml
01-06 09:52:14.209   935   966 I SystemConfig: Reading permissions from /vendor/etc/permissions/android.hardware.hdmi.cec.xml
01-06 09:52:14.210   935   966 I SystemConfig: Reading permissions from /vendor/etc/permissions/android.hardware.vulkan.version.xml
01-06 09:52:14.211   935   966 I SystemConfig: Reading permissions from /vendor/etc/permissions/aosp_excluded_hardware.xml
01-06 09:52:14.212   935   966 D SystemConfig: Removed unavailable feature android.hardware.location.network
01-06 09:52:14.213   935   966 I SystemConfig: Reading permissions from /vendor/etc/permissions/android.hardware.bluetooth.xml
01-06 09:52:14.213   935   935 V ApexManagerTiming: getActiveApexInfos_noCache took to complete: 33ms
01-06 09:52:14.213   935   935 D CompatConfig: No directory /apex/com.android.apex.cts.shim/etc/compatconfig, skipping
01-06 09:52:14.213   935   935 D CompatConfig: No directory /apex/com.android.appsearch/etc/compatconfig, skipping
01-06 09:52:14.213   935   935 D CompatConfig: No directory /apex/com.android.uwb/etc/compatconfig, skipping
01-06 09:52:14.213   935   935 D CompatConfig: No directory /apex/com.sonos.player/etc/compatconfig, skipping
01-06 09:52:14.213   935   935 D CompatConfig: No directory /apex/com.android.conscrypt/etc/compatconfig, skipping
01-06 09:52:14.214   935   935 D CompatConfig: No directory /apex/com.android.scheduling/etc/compatconfig, skipping
01-06 09:52:14.214   935   966 I SystemConfig: Reading permissions from /vendor/etc/permissions/android.hardware.vulkan.compute.xml
01-06 09:52:14.214   935   935 D CompatConfig: No directory /apex/com.android.ipsec/etc/compatconfig, skipping
01-06 09:52:14.214   935   935 D CompatConfig: No directory /apex/com.android.i18n/etc/compatconfig, skipping
01-06 09:52:14.214   935   935 D CompatConfig: Found a config file: /apex/com.android.art/etc/compatconfig/libcore-platform-compat-config.xml
01-06 09:52:14.215   935   966 I SystemConfig: Reading permissions from /vendor/etc/permissions/android.hardware.location.xml
01-06 09:52:14.215   935   935 D CompatConfig: Adding: com.android.server.compat.config.Change@83673d
01-06 09:52:14.215   935   935 D CompatConfig: Adding: com.android.server.compat.config.Change@795bb32
01-06 09:52:14.215   935   935 D CompatConfig: Adding: com.android.server.compat.config.Change@4762083
01-06 09:52:14.215   935   935 D CompatConfig: Adding: com.android.server.compat.config.Change@c85f200
01-06 09:52:14.215   935   935 D CompatConfig: Adding: com.android.server.compat.config.Change@c43a39
01-06 09:52:14.215   935   935 D CompatConfig: Adding: com.android.server.compat.config.Change@e60587e
01-06 09:52:14.215   935   966 D SystemConfig: Removed unavailable feature android.hardware.location.network
01-06 09:52:14.216   935   966 I SystemConfig: Reading permissions from /vendor/etc/permissions/android.software.ipsec_tunnels.xml
01-06 09:52:14.216   935   935 D CompatConfig: Found a config file: /apex/com.android.mediaprovider/etc/compatconfig/media-provider-platform-compat-config.xml
01-06 09:52:14.217   935   935 D CompatConfig: Adding: com.android.server.compat.config.Change@da57e8a
01-06 09:52:14.217   935   966 I SystemConfig: Reading permissions from /vendor/etc/permissions/droidlogic.software.core.xml
01-06 09:52:14.217   935   935 D CompatConfig: Adding: com.android.server.compat.config.Change@4c11cfb
01-06 09:52:14.217   935   935 D CompatConfig: Adding: com.android.server.compat.config.Change@2300118
01-06 09:52:14.217   935   935 D CompatConfig: Adding: com.android.server.compat.config.Change@f55f771
01-06 09:52:14.217   935   935 D CompatConfig: Adding: com.android.server.compat.config.Change@b64f956
01-06 09:52:14.217   935   935 D CompatConfig: Adding: com.android.server.compat.config.Change@c7a8dd7
01-06 09:52:14.217   935   935 D CompatConfig: Adding: com.android.server.compat.config.Change@2b016c4
01-06 09:52:14.218   935   935 D CompatConfig: No directory /apex/com.android.extservices/etc/compatconfig, skipping
01-06 09:52:14.218   935   935 D CompatConfig: No directory /apex/com.android.vndk.v33/etc/compatconfig, skipping
01-06 09:52:14.218   935   966 W SystemConfig: name is required for <deny-permission> in START_TAG (empty) <deny-permission name=''>@27:35 in java.io.FileReader@b8199ad
01-06 09:52:14.218   935   935 D CompatConfig: Found a config file: /apex/com.android.wifi/etc/compatconfig/wifi-compat-config.xml
01-06 09:52:14.219   935   935 D CompatConfig: Adding: com.android.server.compat.config.Change@bf03073
01-06 09:52:14.219   935   935 D CompatConfig: Adding: com.android.server.compat.config.Change@54b23a9
01-06 09:52:14.219   935   966 I SystemConfig: Reading permissions from /vendor/etc/permissions/droidlogic.tv.software.core.xml
01-06 09:52:14.219   935   935 D CompatConfig: No directory /apex/com.android.media.swcodec/etc/compatconfig, skipping
01-06 09:52:14.219   935   935 D CompatConfig: No directory /apex/com.android.os.statsd/etc/compatconfig, skipping
01-06 09:52:14.220   935   935 D CompatConfig: Found a config file: /apex/com.android.btservices/etc/compatconfig/bluetooth-compat-config.xml
01-06 09:52:14.220   935   966 I SystemConfig: Reading permissions from /vendor/etc/permissions/prime.xml
01-06 09:52:14.220   935   935 D CompatConfig: Adding: com.android.server.compat.config.Change@cd97a5c
01-06 09:52:14.221   935   966 I SystemConfig: Reading permissions from /vendor/etc/permissions/android.software.farfield.xml
01-06 09:52:14.221   935   935 D CompatConfig: No directory /apex/com.android.resolv/etc/compatconfig, skipping
01-06 09:52:14.221   935   935 D CompatConfig: No directory /apex/com.android.media/etc/compatconfig, skipping
01-06 09:52:14.221   935   935 D CompatConfig: Found a config file: /apex/com.android.tethering/etc/compatconfig/connectivity-platform-compat-config.xml
01-06 09:52:14.222   935   966 I SystemConfig: Reading permissions from /vendor/etc/permissions/android.hardware.audio.output.xml
01-06 09:52:14.222   935   935 D CompatConfig: Adding: com.android.server.compat.config.Change@ab1e048
01-06 09:52:14.222   935   935 D CompatConfig: No directory /apex/com.android.neuralnetworks/etc/compatconfig, skipping
01-06 09:52:14.223   935   935 D CompatConfig: No directory /apex/com.android.tzdata/etc/compatconfig, skipping
01-06 09:52:14.223   935   966 I SystemConfig: Reading permissions from /vendor/etc/permissions/android.software.opengles.deqp.level-2022-03-01.xml
01-06 09:52:14.223   935   935 D CompatConfig: No directory /apex/com.android.sdkext/etc/compatconfig, skipping
01-06 09:52:14.223   935   935 D CompatConfig: No directory /apex/com.android.runtime/etc/compatconfig, skipping
01-06 09:52:14.223   935   935 D CompatConfig: No directory /apex/com.android.permission/etc/compatconfig, skipping
01-06 09:52:14.223   935   935 D CompatConfig: No directory /apex/com.android.adbd/etc/compatconfig, skipping
01-06 09:52:14.223   935   935 D CompatConfig: No directory /apex/com.android.ondevicepersonalization/etc/compatconfig, skipping
01-06 09:52:14.224   935   966 I SystemConfig: Reading permissions from /vendor/etc/permissions/android.software.verified_boot.xml
01-06 09:52:14.224   935   935 D CompatConfig: No directory /apex/com.android.adservices/etc/compatconfig, skipping
01-06 09:52:14.224   935   966 I SystemConfig: Reading permissions from /vendor/etc/permissions/android.hardware.hardware_keystore.amlogic.xml
01-06 09:52:14.225   935   966 I SystemConfig: Reading permissions from /vendor/etc/permissions/android.hardware.wifi.passpoint.xml
01-06 09:52:14.226   935   935 V SystemServerTiming: PlatformCompat took to complete: 67ms
01-06 09:52:14.226   935   935 D SystemServerTiming: StartFileIntegrityService
01-06 09:52:14.226   935   966 I SystemConfig: Reading permissions from /vendor/etc/permissions/android.hardware.wifi.direct.xml
01-06 09:52:14.226   935   935 I SystemServiceManager: Starting com.android.server.security.FileIntegrityService
01-06 09:52:14.226   935   966 I SystemConfig: Reading permissions from /vendor/etc/permissions/com.droidlogic.appinstaller.xml
01-06 09:52:14.228   935   966 I SystemConfig: Reading permissions from /vendor/etc/permissions/android.software.backup.xml
01-06 09:52:14.229   935   966 I SystemConfig: Reading permissions from /vendor/etc/permissions/nrdp.xml
01-06 09:52:14.229   935   935 V SystemServerTiming: StartFileIntegrityService took to complete: 3ms
01-06 09:52:14.229   935   935 D SystemServerTiming: StartInstaller
01-06 09:52:14.229   935   935 I SystemServiceManager: Starting com.android.server.pm.Installer
01-06 09:52:14.229   935   966 I SystemConfig: Reading permissions from /vendor/etc/permissions/android.hardware.keystore.app_attest_key.xml
01-06 09:52:14.231   935   966 I SystemConfig: Reading permissions from /vendor/etc/permissions/android.software.app_widgets.xml
01-06 09:52:14.232   935   966 I SystemConfig: Reading permissions from /vendor/etc/permissions/android.hardware.bluetooth_le.xml
01-06 09:52:14.233   935   966 I SystemConfig: Reading permissions from /vendor/etc/permissions/android.hardware.vulkan.level.xml
01-06 09:52:14.234   935   966 I SystemConfig: Reading permissions from /vendor/etc/permissions/android.hardware.gamepad.xml
01-06 09:52:14.234   935   935 V SystemServerTiming: StartInstaller took to complete: 5ms
01-06 09:52:14.234   935   935 D SystemServerTiming: DeviceIdentifiersPolicyService
01-06 09:52:14.234   935   935 I SystemServiceManager: Starting com.android.server.os.DeviceIdentifiersPolicyService
01-06 09:52:14.235   935   935 V SystemServerTiming: DeviceIdentifiersPolicyService took to complete: 1ms
01-06 09:52:14.235   935   935 D SystemServerTiming: UriGrantsManagerService
01-06 09:52:14.235   935   966 I SystemConfig: Reading permissions from /vendor/etc/permissions/droidlogic.software.netflix.xml
01-06 09:52:14.235   935   935 I SystemServiceManager: Starting com.android.server.uri.UriGrantsManagerService$Lifecycle
01-06 09:52:14.236   935   966 I SystemConfig: Reading permissions from /vendor/etc/permissions/android.software.cant_save_state.xml
01-06 09:52:14.237   935   966 I SystemConfig: Reading permissions from /vendor/etc/permissions/android.hardware.wifi.xml
01-06 09:52:14.237   935   935 V SystemServerTiming: UriGrantsManagerService took to complete: 2ms
01-06 09:52:14.237   935   935 D SystemServerTiming: StartPowerStatsService
01-06 09:52:14.238   935   935 I SystemServiceManager: Starting com.android.server.powerstats.PowerStatsService
01-06 09:52:14.238   935   966 I SystemConfig: Reading permissions from /vendor/etc/permissions/android.hardware.usb.host.xml
01-06 09:52:14.239   935   966 I SystemConfig: Reading permissions from /vendor/etc/permissions/android.software.vulkan.deqp.level-2022-03-01.xml
01-06 09:52:14.240   935   966 I SystemConfig: Reading permissions from /vendor/etc/permissions/android.hardware.opengles.aep.xml
01-06 09:52:14.240   935   966 I SystemConfig: Reading permissions from /vendor/etc/permissions/android.hardware.ethernet.xml
01-06 09:52:14.242   935   966 I SystemConfig: Reading permissions from /vendor/etc/permissions/android.software.live_tv.xml
01-06 09:52:14.244   935   966 I SystemConfig: Reading permissions from /product/etc/sysconfig/atv-component-overrides.xml
01-06 09:52:14.244   935   935 V SystemServerTiming: StartPowerStatsService took to complete: 7ms
01-06 09:52:14.244   935   935 D SystemServerTiming: StartIStatsService
01-06 09:52:14.245   935   966 I SystemConfig: Reading permissions from /product/etc/sysconfig/configs_com.sonos.pinewood.ota.service.xml
01-06 09:52:14.245   935   935 V SystemServerTiming: StartIStatsService took to complete: 1ms
01-06 09:52:14.245   935   935 D SystemServerTiming: MemtrackProxyService
01-06 09:52:14.247   935   966 I SystemConfig: Reading permissions from /product/etc/permissions/privapp_allowlist_com.sonos.pinewood.ota.service.xml
01-06 09:52:14.247   935   935 V SystemServerTiming: MemtrackProxyService took to complete: 2ms
01-06 09:52:14.247   935   935 D SystemServerTiming: StartActivityManager
01-06 09:52:14.247   935   935 I SystemServiceManager: Starting com.android.server.wm.ActivityTaskManagerService$Lifecycle
01-06 09:52:14.248   935   966 I SystemConfig: Reading permissions from /product/etc/permissions/privapp_allowlist_com.sonos.tv.setup.xml
01-06 09:52:14.249   935   966 I SystemConfig: Reading permissions from /product/etc/permissions/privapp_allowlist_com.sonos.tv.appdirector.xml
01-06 09:52:14.250   935   966 I SystemConfig: Reading permissions from /product/etc/permissions/com.droidlogic.updater.xml
01-06 09:52:14.252   935   966 I SystemConfig: Reading permissions from /product/etc/permissions/privapp-permissions-tahoe-product.xml
01-06 09:52:14.253   935   935 I SystemServiceManager: Starting com.android.server.am.ActivityManagerService$Lifecycle
01-06 09:52:14.254   935   966 I SystemConfig: Reading permissions from /product/etc/permissions/privapp_allowlist_com.sonos.tv.ble.remote.xml
01-06 09:52:14.256   935   966 I SystemConfig: Reading permissions from /product/etc/permissions/android.hardware.gamepad.xml
01-06 09:52:14.257   935   966 I SystemConfig: Reading permissions from /product/etc/permissions/privapp_allowlist_com.sonos.tv.settings.xml
01-06 09:52:14.258   935   966 I SystemConfig: Reading permissions from /product/etc/permissions/privapp_allowlist_com.sonos.pinewood.ota.test.xml
01-06 09:52:14.260   935   966 I SystemConfig: Reading permissions from /system_ext/etc/sysconfig/configs_com.sonos.connectivity.xml
01-06 09:52:14.261   935   935 I ActivityManager: Memory class: 384
01-06 09:52:14.261   935   966 I SystemConfig: Reading permissions from /system_ext/etc/permissions/androidx.window.extensions.xml
01-06 09:52:14.262   935   966 I SystemConfig: Reading permissions from /system_ext/etc/permissions/com.sonos.pinewood.ir.rx.xml
01-06 09:52:14.262   935   968 I Binder  : Setting heavy hitter watcher config: false, 0, 0.0
01-06 09:52:14.263   935   966 I SystemConfig: Reading permissions from /system_ext/etc/permissions/com.droidlogic.tv.settings.xml
01-06 09:52:14.265   935   966 I SystemConfig: Reading permissions from /system_ext/etc/permissions/androidx.window.sidecar.xml
01-06 09:52:14.266   935   966 I SystemConfig: Reading permissions from /system_ext/etc/permissions/com.sonos.tv.os.xml
01-06 09:52:14.267   935   966 I SystemConfig: Reading permissions from /system_ext/etc/permissions/com.sonos.tv.logging.xml
01-06 09:52:14.268   935   966 I SystemConfig: Reading permissions from /system_ext/etc/permissions/com.caavo.pw.ceccontroller.xml
01-06 09:52:14.268   935   966 I SystemConfig: Reading permissions from /system_ext/etc/permissions/com.android.tv.settings.xml
01-06 09:52:14.269   935   966 I SystemConfig: Reading permissions from /system_ext/etc/permissions/droidlogic_permissions.xml
01-06 09:52:14.270   935   966 I SystemConfig: Reading permissions from /system_ext/etc/permissions/privapp_allowlist_com.sonos.connectivity.xml
01-06 09:52:14.271   935   966 I SystemConfig: Reading permissions from /system_ext/etc/permissions/com.android.systemui.xml
01-06 09:52:14.272   935   966 I SystemConfig: Reading permissions from /system_ext/etc/permissions/com.sonos.tv.networking.xml
01-06 09:52:14.273   935   966 I SystemConfig: Reading permissions from /system_ext/etc/permissions/com.sonos.livetv.xml
01-06 09:52:14.275   935   966 I SystemConfig: Reading permissions from /apex/com.android.permission/etc/permissions/privapp_allowlist_com.android.permissioncontroller.xml
01-06 09:52:14.277   935   966 I SystemConfig: Reading permissions from /apex/com.android.mediaprovider/etc/permissions/privapp_allowlist_com.android.providers.media.module.xml
01-06 09:52:14.278   935   966 I SystemConfig: Reading permissions from /apex/com.android.extservices/etc/permissions/privapp_allowlist_android.ext.services.xml
01-06 09:52:14.279   935   966 I SystemConfig: Reading permissions from /apex/com.android.adservices/etc/permissions/privapp_allowlist_com.android.adservices.api.xml
01-06 09:52:14.280   935   966 I SystemConfig: Reading permissions from /apex/com.android.tethering/etc/permissions/permissions.xml
01-06 09:52:14.281   935   966 I SystemConfig: Reading permissions from /apex/com.android.ipsec/etc/permissions/android.net.ipsec.ike.xml
01-06 09:52:14.283   935   966 I SystemConfig: Reading permissions from /apex/com.android.btservices/etc/permissions/privapp_allowlist_com.android.bluetooth.xml
01-06 09:52:14.286   935   966 W SystemConfig: Failed to read public libraries file /vendor/etc/public.libraries.txt
01-06 09:52:14.286   935   966 W SystemConfig: java.io.FileNotFoundException: /vendor/etc/public.libraries.txt: open failed: ENOENT (No such file or directory)
01-06 09:52:14.286   935   966 W SystemConfig: 	at libcore.io.IoBridge.open(IoBridge.java:574)
01-06 09:52:14.286   935   966 W SystemConfig: 	at java.io.FileInputStream.<init>(FileInputStream.java:160)
01-06 09:52:14.286   935   966 W SystemConfig: 	at java.io.FileReader.<init>(FileReader.java:75)
01-06 09:52:14.286   935   966 W SystemConfig: 	at com.android.server.SystemConfig.readPublicLibrariesListFile(SystemConfig.java:1825)
01-06 09:52:14.286   935   966 W SystemConfig: 	at com.android.server.SystemConfig.readPublicNativeLibrariesList(SystemConfig.java:1807)
01-06 09:52:14.286   935   966 W SystemConfig: 	at com.android.server.SystemConfig.<init>(SystemConfig.java:605)
01-06 09:52:14.286   935   966 W SystemConfig: 	at com.android.server.SystemConfig.getInstance(SystemConfig.java:369)
01-06 09:52:14.286   935   966 W SystemConfig: 	at com.android.server.SystemServer$$ExternalSyntheticLambda2.run(Unknown Source:0)
01-06 09:52:14.286   935   966 W SystemConfig: 	at com.android.server.SystemServerInitThreadPool.lambda$submitTask$0(SystemServerInitThreadPool.java:106)
01-06 09:52:14.286   935   966 W SystemConfig: 	at com.android.server.SystemServerInitThreadPool.$r8$lambda$aGlXt69ihU44Qi7EB_RNeu8pnrY(Unknown Source:0)
01-06 09:52:14.286   935   966 W SystemConfig: 	at com.android.server.SystemServerInitThreadPool$$ExternalSyntheticLambda0.run(Unknown Source:6)
01-06 09:52:14.286   935   966 W SystemConfig: 	at java.util.concurrent.Executors$RunnableAdapter.call(Executors.java:463)
01-06 09:52:14.286   935   966 W SystemConfig: 	at java.util.concurrent.FutureTask.run(FutureTask.java:264)
01-06 09:52:14.286   935   966 W SystemConfig: 	at java.util.concurrent.ThreadPoolExecutor.runWorker(ThreadPoolExecutor.java:1137)
01-06 09:52:14.286   935   966 W SystemConfig: 	at java.util.concurrent.ThreadPoolExecutor$Worker.run(ThreadPoolExecutor.java:637)
01-06 09:52:14.286   935   966 W SystemConfig: 	at com.android.internal.util.ConcurrentUtils$1$1.run(ConcurrentUtils.java:65)
01-06 09:52:14.286   935   966 W SystemConfig: Caused by: android.system.ErrnoException: open failed: ENOENT (No such file or directory)
01-06 09:52:14.286   935   966 W SystemConfig: 	at libcore.io.Linux.open(Native Method)
01-06 09:52:14.286   935   966 W SystemConfig: 	at libcore.io.ForwardingOs.open(ForwardingOs.java:563)
01-06 09:52:14.286   935   966 W SystemConfig: 	at libcore.io.BlockGuardOs.open(BlockGuardOs.java:274)
01-06 09:52:14.286   935   966 W SystemConfig: 	at libcore.io.IoBridge.open(IoBridge.java:560)
01-06 09:52:14.286   935   966 W SystemConfig: 	... 15 more
01-06 09:52:14.287   935   966 V SystemConfig: readAllPermissions took to complete: 128ms
01-06 09:52:14.287   935   966 D SystemServerInitThreadPool: Finished executing ReadingSystemConfig
01-06 09:52:14.287   935   966 V SystemServerTimingAsync: InitThreadPoolExec:ReadingSystemConfig took to complete: 128ms
01-06 09:52:14.307   935   935 D BatteryStatsImpl: Reading daily items from /data/system/batterystats-daily.xml
01-06 09:52:14.313   935   935 I KernelCpuUidFreqTimeReader: mPerClusterTimesAvailable=false
01-06 09:52:14.326   935   975 W KernelCpuProcStringReader: File not found. It's normal if not implemented: /proc/uid_concurrent_policy_time
01-06 09:52:14.334   935   975 W KernelMemoryBandwidthStats: No kernel memory bandwidth stats available
01-06 09:52:14.440   935   935 I IntentFirewall: Read new rules (A:0 B:0 S:0)
01-06 09:52:14.447   935   935 D OomAdjuster: Not killing cached processes
01-06 09:52:14.474   935   935 I FramerateMonitorService: userdebug
01-06 09:52:14.476   935   935 D AppOps  : AppOpsService published
01-06 09:52:14.488   935   935 V SystemServerTiming: StartActivityManager took to complete: 241ms
01-06 09:52:14.488   935   935 D SystemServerTiming: StartDataLoaderManagerService
01-06 09:52:14.488   935   935 I SystemServiceManager: Starting com.android.server.pm.DataLoaderManagerService
01-06 09:52:14.489   935   935 V SystemServerTiming: StartDataLoaderManagerService took to complete: 1ms
01-06 09:52:14.489   935   935 D SystemServerTiming: StartIncrementalService
01-06 09:52:14.493   935   935 V SystemServerTiming: StartIncrementalService took to complete: 4ms
01-06 09:52:14.493   935   935 D SystemServerTiming: StartPowerManager
01-06 09:52:14.493   935   935 I SystemServiceManager: Starting com.android.server.power.PowerManagerService
01-06 09:52:14.507   935   935 V SystemServerTiming: StartPowerManager took to complete: 14ms
01-06 09:52:14.507   935   935 D SystemServerTiming: StartThermalManager
01-06 09:52:14.507   935   935 I SystemServiceManager: Starting com.android.server.power.ThermalManagerService
01-06 09:52:14.508   935   935 V SystemServerTiming: StartThermalManager took to complete: 1ms
01-06 09:52:14.508   935   935 D SystemServerTiming: StartHintManager
01-06 09:52:14.508   935   935 I SystemServiceManager: Starting com.android.server.power.hint.HintManagerService
01-06 09:52:14.508   935   935 V SystemServerTiming: StartHintManager took to complete: 0ms
01-06 09:52:14.508   935   935 D SystemServerTiming: InitPowerManagement
01-06 09:52:14.509   935   935 V SystemServerTiming: InitPowerManagement took to complete: 1ms
01-06 09:52:14.509   935   935 D SystemServerTiming: StartRecoverySystemService
01-06 09:52:14.509   935   935 I SystemServiceManager: Starting com.android.server.recoverysystem.RecoverySystemService$Lifecycle
01-06 09:52:14.511   935   935 V SystemServerTiming: StartRecoverySystemService took to complete: 2ms
01-06 09:52:14.511   935   935 I PackageWatchdog: Syncing state, reason: added new observer
01-06 09:52:14.511   935   935 I PackageWatchdog: Not pruning observers, elapsed time: 0ms
01-06 09:52:14.511   935   935 I PackageWatchdog: Cancelling state sync, nothing to sync
01-06 09:52:14.511   935   967 I PackageWatchdog: Saving observer state to file
01-06 09:52:14.512   935   935 D SystemServerTiming: StartLightsService
01-06 09:52:14.512   935   935 I SystemServiceManager: Starting com.android.server.lights.LightsService
01-06 09:52:14.517   935   935 V SystemServerTiming: StartLightsService took to complete: 5ms
01-06 09:52:14.517   935   935 D SystemServerTiming: StartDisplayOffloadService
01-06 09:52:14.517   935   935 V SystemServerTiming: StartDisplayOffloadService took to complete: 0ms
01-06 09:52:14.517   935   935 D SystemServerTiming: StartSidekickService
01-06 09:52:14.517   935   935 V SystemServerTiming: StartSidekickService took to complete: 0ms
01-06 09:52:14.517   935   935 D SystemServerTiming: StartDisplayManager
01-06 09:52:14.517   935   935 I SystemServiceManager: Starting com.android.server.display.DisplayManagerService
01-06 09:52:14.528   935   935 V SystemServerTiming: StartDisplayManager took to complete: 11ms
01-06 09:52:14.528   935   935 D SystemServerTiming: WaitForDisplay
01-06 09:52:14.528   935   935 I SystemServiceManager: Starting phase 100
01-06 09:52:14.528   935   935 D SystemServerTiming: OnBootPhase_100
01-06 09:52:14.528   935   935 D SystemServerTiming: OnBootPhase_100_com.android.server.security.FileIntegrityService
01-06 09:52:14.528   935   935 V SystemServerTiming: OnBootPhase_100_com.android.server.security.FileIntegrityService took to complete: 0ms
01-06 09:52:14.528   935   935 D SystemServerTiming: OnBootPhase_100_com.android.server.pm.Installer
01-06 09:52:14.528   935   935 V SystemServerTiming: OnBootPhase_100_com.android.server.pm.Installer took to complete: 0ms
01-06 09:52:14.528   935   935 D SystemServerTiming: OnBootPhase_100_com.android.server.os.DeviceIdentifiersPolicyService
01-06 09:52:14.528   935   935 V SystemServerTiming: OnBootPhase_100_com.android.server.os.DeviceIdentifiersPolicyService took to complete: 0ms
01-06 09:52:14.528   935   935 D SystemServerTiming: OnBootPhase_100_com.android.server.uri.UriGrantsManagerService$Lifecycle
01-06 09:52:14.528   935   935 V SystemServerTiming: OnBootPhase_100_com.android.server.uri.UriGrantsManagerService$Lifecycle took to complete: 0ms
01-06 09:52:14.528   935   935 D SystemServerTiming: OnBootPhase_100_com.android.server.powerstats.PowerStatsService
01-06 09:52:14.528   935   935 V SystemServerTiming: OnBootPhase_100_com.android.server.powerstats.PowerStatsService took to complete: 0ms
01-06 09:52:14.528   935   935 D SystemServerTiming: OnBootPhase_100_com.android.server.wm.ActivityTaskManagerService$Lifecycle
01-06 09:52:14.528   935   935 V SystemServerTiming: OnBootPhase_100_com.android.server.wm.ActivityTaskManagerService$Lifecycle took to complete: 0ms
01-06 09:52:14.528   935   935 D SystemServerTiming: OnBootPhase_100_com.android.server.am.ActivityManagerService$Lifecycle
01-06 09:52:14.528   935   935 V SystemServerTiming: OnBootPhase_100_com.android.server.am.ActivityManagerService$Lifecycle took to complete: 0ms
01-06 09:52:14.528   935   935 D SystemServerTiming: OnBootPhase_100_com.android.server.pm.DataLoaderManagerService
01-06 09:52:14.528   935   935 V SystemServerTiming: OnBootPhase_100_com.android.server.pm.DataLoaderManagerService took to complete: 0ms
01-06 09:52:14.528   935   935 D SystemServerTiming: OnBootPhase_100_com.android.server.power.PowerManagerService
01-06 09:52:14.528   935   935 V SystemServerTiming: OnBootPhase_100_com.android.server.power.PowerManagerService took to complete: 0ms
01-06 09:52:14.529   935   935 D SystemServerTiming: OnBootPhase_100_com.android.server.power.ThermalManagerService
01-06 09:52:14.529   935   935 V SystemServerTiming: OnBootPhase_100_com.android.server.power.ThermalManagerService took to complete: 0ms
01-06 09:52:14.529   935   935 D SystemServerTiming: OnBootPhase_100_com.android.server.power.hint.HintManagerService
01-06 09:52:14.529   935   935 V SystemServerTiming: OnBootPhase_100_com.android.server.power.hint.HintManagerService took to complete: 0ms
01-06 09:52:14.529   935   935 D SystemServerTiming: OnBootPhase_100_com.android.server.recoverysystem.RecoverySystemService$Lifecycle
01-06 09:52:14.529   935   935 V SystemServerTiming: OnBootPhase_100_com.android.server.recoverysystem.RecoverySystemService$Lifecycle took to complete: 0ms
01-06 09:52:14.529   935   935 D SystemServerTiming: OnBootPhase_100_com.android.server.lights.LightsService
01-06 09:52:14.529   935   935 V SystemServerTiming: OnBootPhase_100_com.android.server.lights.LightsService took to complete: 0ms
01-06 09:52:14.529   935   935 D SystemServerTiming: OnBootPhase_100_com.android.server.display.DisplayManagerService
01-06 09:52:14.535   935   962 W LocalDisplayAdapter: DisplayModeSpecs base mode no longer available, using currently active mode.
01-06 09:52:14.545   935   962 I DisplayDeviceRepository: Display device added: DisplayDeviceInfo{"Built-in Screen": uniqueId="local:4633127902230889483", 1920 x 1080, modeId 1, defaultModeId 1, supportedModes [{id=1, width=1920, height=1080, fps=59.94006, alternativeRefreshRates=[]}, {id=2, width=1920, height=1080, fps=60.000004, alternativeRefreshRates=[]}, {id=3, width=1920, height=1080, fps=50.0, alternativeRefreshRates=[]}, {id=4, width=1920, height=1080, fps=29.97003, alternativeRefreshRates=[]}, {id=5, width=1920, height=1080, fps=30.000002, alternativeRefreshRates=[]}, {id=6, width=1920, height=1080, fps=25.0, alternativeRefreshRates=[]}, {id=7, width=1920, height=1080, fps=23.976025, alternativeRefreshRates=[]}, {id=8, width=1920, height=1080, fps=24.000002, alternativeRefreshRates=[]}, {id=9, width=1280, height=720, fps=59.94006, alternativeRefreshRates=[]}, {id=10, width=1280, height=720, fps=60.000004, alternativeRefreshRates=[]}, {id=11, width=1280, height=720, fps=50.0, alternativeRefreshRates=[]}, {id=12, width=720, height=576, fps=50.0, alternativeRefreshRates=[]}, {id=13, width=720, height=480, fps=59.94006, alternativeRefreshRates=[]}, {id=14, width=720, height=480, fps=60.000004, alternativeRefreshRates=[]}], colorMode 0, supportedColorModes [0], hdrCapabilities HdrCapabilities{mSupportedHdrTypes=[2, 3], mMaxLuminance=500.0, mMaxAverageLuminance=500.0, mMinLuminance=0.0}, allmSupported false, gameContentTypeSupported false, density 320, 93.784 x 94.593 dpi, appVsyncOff 2000000, presDeadline 13683333, touch INTERNAL, rotation 0, type INTERNAL, address {port=11, model=0x404c2d479b6c44}, deviceProductInfo DeviceProductInfo{name=SAMSUNG, manufacturerPnpId=SAM, productId=2866, modelYear=null, manufactureDate=ManufactureDate{week=44, year=2013}, connectionToSinkType=2}, state UNKNOWN, frameRateOverride , brightnessMinimum 0.0, brightnessMaximum 1.0, brightnessDefault 0.39763778, FLAG_ALLOWED_TO_BE_DEFAULT_DISPLAY, FLAG_ROTATES_WITH_CONTENT, FLAG_SECURE, FLAG_SUPPORTS_PROTECTED_BUFFERS, installOrientation 0}
01-06 09:52:14.546   935   962 I LogicalDisplayMapper: Applying layout: [{addr: {port=11, model=0x404c2d479b6c44}, dispId: 0(ON)}], Previous layout: null
01-06 09:52:14.549   935   962 I LogicalDisplayMapper: Adding new display: 0: DisplayInfo{"Built-in Screen", displayId 0", displayGroupId -1, FLAG_SECURE, FLAG_SUPPORTS_PROTECTED_BUFFERS, FLAG_TRUSTED, real 1920 x 1080, largest app 1920 x 1080, smallest app 1920 x 1080, appVsyncOff 2000000, presDeadline 13683333, mode 1, defaultMode 1, modes [{id=1, width=1920, height=1080, fps=59.94006, alternativeRefreshRates=[]}, {id=2, width=1920, height=1080, fps=60.000004, alternativeRefreshRates=[]}, {id=3, width=1920, height=1080, fps=50.0, alternativeRefreshRates=[]}, {id=4, width=1920, height=1080, fps=29.97003, alternativeRefreshRates=[]}, {id=5, width=1920, height=1080, fps=30.000002, alternativeRefreshRates=[]}, {id=6, width=1920, height=1080, fps=25.0, alternativeRefreshRates=[]}, {id=7, width=1920, height=1080, fps=23.976025, alternativeRefreshRates=[]}, {id=8, width=1920, height=1080, fps=24.000002, alternativeRefreshRates=[]}, {id=9, width=1280, height=720, fps=59.94006, alternativeRefreshRates=[]}, {id=10, width=1280, height=720, fps=60.000004, alternativeRefreshRates=[]}, {id=11, width=1280, height=720, fps=50.0, alternativeRefreshRates=[]}, {id=12, width=720, height=576, fps=50.0, alternativeRefreshRates=[]}, {id=13, width=720, height=480, fps=59.94006, alternativeRefreshRates=[]}, {id=14, width=720, height=480, fps=60.000004, alternativeRefreshRates=[]}], hdrCapabilities HdrCapabilities{mSupportedHdrTypes=[2, 3], mMaxLuminance=500.0, mMaxAverageLuminance=500.0, mMinLuminance=0.0}, userDisabledHdrTypes [], minimalPostProcessingSupported false, rotation 0, state UNKNOWN, type INTERNAL, uniqueId "local:4633127902230889483", app 1920 x 1080, density 320 (93.784 x 94.593) dpi, layerStack 0, colorMode 0, supportedColorModes [0], address {port=11, model=0x404c2d479b6c44}, deviceProductInfo DeviceProductInfo{name=SAMSUNG, manufacturerPnpId=SAM, productId=2866, modelYear=null, manufactureDate=ManufactureDate{week=44, year=2013}, connectionToSinkType=2}, removeMode 0, refreshRateOverride 0.0, brightnessMinimum 0.0, brightnessMaximum 1.0, brightnessDefault 0.39763778, installOrientation ROTATION_0}
01-06 09:52:14.549   935   962 I LogicalDisplayMapper: Setting new display group 0 for display 0, from previous group: null
01-06 09:52:14.550   935   962 W android.permission.PermissionManager: Missing ActivityManager; assuming 1000 holds android.permission.READ_DEVICE_CONFIG
01-06 09:52:14.554   935   935 V SystemServerTiming: OnBootPhase_100_com.android.server.display.DisplayManagerService took to complete: 24ms
01-06 09:52:14.554   935   935 V SystemServerTiming: OnBootPhase_100 took to complete: 26ms
01-06 09:52:14.554   935   935 V SystemServerTiming: WaitForDisplay took to complete: 26ms
01-06 09:52:14.554   935   935 D SystemServerTiming: StartDomainVerificationService
01-06 09:52:14.559   935   935 V SystemServerTiming: StartDomainVerificationService took to complete: 5ms
01-06 09:52:14.559   935   935 D SystemServerTiming: StartPackageManagerService
01-06 09:52:14.559   935   935 I Watchdog: Pausing HandlerChecker: main thread for reason: packagemanagermain. Pause count: 1
01-06 09:52:14.560     0     0 E [3 T1     ..] init: Control message: Could not find 'aidl/package_native' for ctl.interface_start from pid: 317 (/system/bin/servicemanager)
01-06 09:52:14.563   935   935 D PackageManagerTiming: create package manager
01-06 09:52:14.568   935   935 D PackageManagerTiming: createSubComponents
01-06 09:52:14.573   935   935 I UserTypeFactory: Creating custom user type com.android.tv.profile
01-06 09:52:14.592   935   935 V PackageManagerTiming: createSubComponents took to complete: 24ms
01-06 09:52:14.592   935   935 D PackageManagerTiming: addSharedUsers
01-06 09:52:14.593   935   935 V PackageManagerTiming: addSharedUsers took to complete: 1ms
01-06 09:52:14.593   935   935 W BackgroundDexOptService: SysProp pm.dexopt.downgrade_after_inactive_days not set
01-06 09:52:14.594   935   935 D PackageManagerTiming: get system config
01-06 09:52:14.594   935   935 V PackageManagerTiming: get system config took to complete: 0ms
01-06 09:52:14.598   935   935 D SELinuxMMAC: Using policy file /system/etc/selinux/plat_mac_permissions.xml
01-06 09:52:14.600   935   935 D SELinuxMMAC: Using policy file /system_ext/etc/selinux/system_ext_mac_permissions.xml
01-06 09:52:14.601   935   935 D SELinuxMMAC: Using policy file /product/etc/selinux/product_mac_permissions.xml
01-06 09:52:14.601   935   935 D SELinuxMMAC: Using policy file /vendor/etc/selinux/vendor_mac_permissions.xml
01-06 09:52:14.602   935   935 D PackageManagerTiming: loadFallbacks
01-06 09:52:14.604   935   935 V PackageManagerTiming: loadFallbacks took to complete: 2ms
01-06 09:52:14.604   935   935 D PackageManagerTiming: read user settings
01-06 09:52:14.630   935   952 W android.permission.PermissionManager: Missing ActivityManager; assuming 1041 does not hold android.permission.UPDATE_DEVICE_STATS
01-06 09:52:14.694   935   935 E PackageManager: Package com.android.dynsystem was user id 0 but is now user SharedUserSetting{d6fab9b android.uid.system/1000} with id 1000; I am not changing its files so it will probably fail!
01-06 09:52:14.697   935   935 E PackageManager: Package com.android.providers.calendar was user id 0 but is now user SharedUserSetting{3ad5076 android.uid.calendar/10027} with id 10027; I am not changing its files so it will probably fail!
01-06 09:52:14.697   935   935 E PackageManager: Package com.android.tv.settings was user id 0 but is now user SharedUserSetting{d6fab9b android.uid.system/1000} with id 1000; I am not changing its files so it will probably fail!
01-06 09:52:14.698   935   935 E PackageManager: Package com.android.providers.media was user id 0 but is now user SharedUserSetting{8cdf313 android.media/10022} with id 10022; I am not changing its files so it will probably fail!
01-06 09:52:14.699   935   935 E PackageManager: Package com.android.providers.downloads was user id 0 but is now user SharedUserSetting{8cdf313 android.media/10022} with id 10022; I am not changing its files so it will probably fail!
01-06 09:52:14.700   935   935 E PackageManager: Package com.droidlogic.mediacenter was user id 0 but is now user SharedUserSetting{d6fab9b android.uid.system/1000} with id 1000; I am not changing its files so it will probably fail!
01-06 09:52:14.701   935   935 E PackageManager: Package com.droidlogic was user id 0 but is now user SharedUserSetting{d6fab9b android.uid.system/1000} with id 1000; I am not changing its files so it will probably fail!
01-06 09:52:14.701   935   935 E PackageManager: Package com.droidlogic.tv.settings was user id 0 but is now user SharedUserSetting{d6fab9b android.uid.system/1000} with id 1000; I am not changing its files so it will probably fail!
01-06 09:52:14.702   935   935 E PackageManager: Package com.sonos.tv.ble.remote was user id 0 but is now user SharedUserSetting{668c326 sonos.uid.bluetooth/7502} with id 7502; I am not changing its files so it will probably fail!
01-06 09:52:14.702   935   935 E PackageManager: Package com.android.networkstack was user id 0 but is now user SharedUserSetting{7f409bd android.uid.networkstack/1073} with id 1073; I am not changing its files so it will probably fail!
01-06 09:52:14.703   935   935 E PackageManager: Package android was user id 0 but is now user SharedUserSetting{d6fab9b android.uid.system/1000} with id 1000; I am not changing its files so it will probably fail!
01-06 09:52:14.703   935   935 E PackageManager: Package com.android.mtp was user id 0 but is now user SharedUserSetting{8cdf313 android.media/10022} with id 10022; I am not changing its files so it will probably fail!
01-06 09:52:14.704   935   935 E PackageManager: Package com.android.providers.settings was user id 0 but is now user SharedUserSetting{d6fab9b android.uid.system/1000} with id 1000; I am not changing its files so it will probably fail!
01-06 09:52:14.705   935   935 E PackageManager: Package com.android.se was user id 0 but is now user SharedUserSetting{8e33f0a android.uid.se/1068} with id 1068; I am not changing its files so it will probably fail!
01-06 09:52:14.705   935   935 E PackageManager: Package com.android.inputdevices was user id 0 but is now user SharedUserSetting{d6fab9b android.uid.system/1000} with id 1000; I am not changing its files so it will probably fail!
01-06 09:52:14.706   935   935 E PackageManager: Package com.android.keychain was user id 0 but is now user SharedUserSetting{d6fab9b android.uid.system/1000} with id 1000; I am not changing its files so it will probably fail!
01-06 09:52:14.707   935   935 E PackageManager: Package com.android.localtransport was user id 0 but is now user SharedUserSetting{d6fab9b android.uid.system/1000} with id 1000; I am not changing its files so it will probably fail!
01-06 09:52:14.707   935   935 E PackageManager: Package com.sonos.tv.setup was user id 0 but is now user SharedUserSetting{95a76f3 sonos.uid.setup/7501} with id 7501; I am not changing its files so it will probably fail!
01-06 09:52:14.708   935   935 E PackageManager: Package com.android.networkstack.tethering was user id 0 but is now user SharedUserSetting{7f409bd android.uid.networkstack/1073} with id 1073; I am not changing its files so it will probably fail!
01-06 09:52:14.709   935   935 E PackageManager: Package com.android.soundpicker was user id 0 but is now user SharedUserSetting{8cdf313 android.media/10022} with id 10022; I am not changing its files so it will probably fail!
01-06 09:52:14.709   935   935 E PackageManager: Package com.droidlogic.miracast was user id 0 but is now user SharedUserSetting{d6fab9b android.uid.system/1000} with id 1000; I am not changing its files so it will probably fail!
01-06 09:52:14.710   935   935 E PackageManager: Package com.android.cts.ctsshim was user id 0 but is now user SharedUserSetting{c38f4c8 com.android.cts.ctsshim/10076} with id 10076; I am not changing its files so it will probably fail!
01-06 09:52:14.710   935   935 E PackageManager: Package com.android.shell was user id 0 but is now user SharedUserSetting{4b41947 android.uid.shell/2000} with id 2000; I am not changing its files so it will probably fail!
01-06 09:52:14.710   935   935 E PackageManager: Package com.android.wallpaperbackup was user id 0 but is now user SharedUserSetting{d6fab9b android.uid.system/1000} with id 1000; I am not changing its files so it will probably fail!
01-06 09:52:14.711   935   935 E PackageManager: Package com.android.providers.userdictionary was user id 0 but is now user SharedUserSetting{65794e0 android.uid.shared/10028} with id 10028; I am not changing its files so it will probably fail!
01-06 09:52:14.711   935   935 E PackageManager: Package com.android.location.fused was user id 0 but is now user SharedUserSetting{d6fab9b android.uid.system/1000} with id 1000; I am not changing its files so it will probably fail!
01-06 09:52:14.712   935   935 E PackageManager: Package com.android.systemui was user id 0 but is now user SharedUserSetting{3481055 android.uid.systemui/10070} with id 10070; I am not changing its files so it will probably fail!
01-06 09:52:14.713   935   935 E PackageManager: Package com.android.bluetooth was user id 0 but is now user SharedUserSetting{e771ff8 android.uid.bluetooth/1002} with id 1002; I am not changing its files so it will probably fail!
01-06 09:52:14.713   935   935 E PackageManager: Package com.android.providers.contacts was user id 0 but is now user SharedUserSetting{65794e0 android.uid.shared/10028} with id 10028; I am not changing its files so it will probably fail!
01-06 09:52:14.755   935   935 V SLog    : static_init took to complete: 1ms
01-06 09:52:14.755   935   935 W PackageSettings: Missing permission state for package com.android.uwb.resources on user 0
01-06 09:52:14.755   935   935 W PackageSettings: Missing permission state for package com.android.systemui.statusbar.tv.TvStatusBar on user 0
01-06 09:52:14.755   935   935 W PackageSettings: Missing permission state for package com.android.htmlviewer on user 0
01-06 09:52:14.755   935   935 W PackageSettings: Missing permission state for package com.sonos.platform on user 0
01-06 09:52:14.755   935   935 W PackageSettings: Missing permission state for package com.android.tv.overlay.settingsprovider on user 0
01-06 09:52:14.755   935   935 W PackageSettings: Missing permission state for package com.android.connectivity.resources on user 0
01-06 09:52:14.755   935   935 W PackageSettings: Missing permission state for package com.sonos.tv.sonosscreensaver on user 0
01-06 09:52:14.756   935   935 W PackageSettings: Missing permission state for package com.sonos.pinewood.overlay.assistant on user 0
01-06 09:52:14.756   935   935 W PackageSettings: Missing permission state for package android.ext.shared on user 0
01-06 09:52:14.756   935   935 W PackageSettings: Missing permission state for package com.android.wifi.resources on user 0
01-06 09:52:14.756   935   935 W PackageSettings: Missing permission state for package com.android.networkstack.tethering.droidlogic on user 0
01-06 09:52:14.756   935   935 W PackageSettings: Missing permission state for package com.droidlogic.tv.settings.resoverlay on user 0
01-06 09:52:14.756   935   935 W PackageSettings: Missing permission state for package com.droidlogic.wifitetheringoverlay on user 0
01-06 09:52:14.756   935   935 W PackageSettings: Missing permission state for package com.sonos.tv.settings.overlay on user 0
01-06 09:52:14.756   935   935 W PackageSettings: Missing permission state for package com.android.networkstack.tethering.inprocess.droidlogic on user 0
01-06 09:52:14.756   935   935 W PackageSettings: Missing permission state for package com.sonos.pinewood.overlay.settingsprovider on user 0
01-06 09:52:14.757   935   935 W PackageSettings: Missing permission state for package com.droidlogic.wifion on user 0
01-06 09:52:14.757   935   935 W PackageSettings: Missing permission state for package com.sonos.pinewood.overlay.tvremoteprovider on user 0
01-06 09:52:14.757   935   935 W PackageSettings: Missing permission state for package com.bds.framework.overlay on user 0
01-06 09:52:14.757   935   935 W PackageSettings: Missing permission state for package com.android.tv.overlay.framework on user 0
01-06 09:52:14.757   935   935 W PackageSettings: Missing permission state for package android.auto_generated_rro_product__ on user 0
01-06 09:52:14.757   935   935 W PackageSettings: Missing permission state for package com.sonos.hdmicecoverlay on user 0
01-06 09:52:14.757   935   935 W PackageSettings: Missing permission state for package com.droidlogic.overlay on user 0
01-06 09:52:14.757   935   935 W PackageSettings: Missing permission state for package com.sonos.pinewoodirapp on user 0
01-06 09:52:14.758   935   935 W PackageSettings: Missing permission state for shared user: android.uid.log
01-06 09:52:14.758   935   935 W PackageSettings: Missing permission state for shared user: android.uid.nfc
01-06 09:52:14.758   935   935 W PackageSettings: Missing permission state for shared user: android.uid.uwb
01-06 09:52:14.758   935   935 W PackageSettings: Missing permission state for shared user: android.uid.phone
01-06 09:52:14.759   935   935 V PackageManagerTiming: read user settings took to complete: 155ms
01-06 09:52:14.784   935   935 D PackageManager: Directories scanned as system partitions: [/system:0, /vendor:524288, /odm:4194304, /oem:262144, /product:1048576, /system_ext:2097152, /apex/com.android.apex.cts.shim:8388608, /apex/com.android.appsearch:8388608, /apex/com.android.uwb:8388608, /apex/com.sonos.player:10485760, /apex/com.android.conscrypt:8388608, /apex/com.android.scheduling:8388608, /apex/com.android.ipsec:8388608, /apex/com.android.i18n:8388608, /apex/com.android.art:8388608, /apex/com.android.mediaprovider:8388608, /apex/com.android.extservices:8388608, /apex/com.android.vndk.v33:8388608, /apex/com.android.wifi:8388608, /apex/com.android.media.swcodec:8388608, /apex/com.android.os.statsd:8388608, /apex/com.android.btservices:8388608, /apex/com.android.resolv:8388608, /apex/com.android.media:8388608, /apex/com.android.tethering:8388608, /apex/com.android.neuralnetworks:8388608, /apex/com.android.tzdata:8388608, /apex/com.android.sdkext:8388608, /apex/com.android.runtime:8388608, /apex/com.android.permission:8388608, /apex/com.android.adbd:8388608, /apex/com.android.ondevicepersonalization:8388608, /apex/com.android.adservices:8388608]
01-06 09:52:14.785   935   935 D PackageManager: Keeping known cache 3ef00d1b2e69af98935730928abac96ea7628797
01-06 09:52:14.845     0     0 I [5 T501   ..] [debug]: audio_utils_open
01-06 09:52:14.845     0     0 I [5 T501   ..] [debug]: audio_utils_release
01-06 09:52:14.858     0     0 I [5 T501   ..] [debug]: audio_utils_open
01-06 09:52:14.858     0     0 I [5 T501   ..] [debug]: audio_utils_ioctl SET_LIB_SIZE 5499312
01-06 09:52:14.858     0     0 I [5 T501   ..] [debug]: audio_utils_ioctl WRITE_LIB
01-06 09:52:14.861     0     0 I [1 T501   ..] [debug]: audio_utils_release
01-06 09:52:14.863     0     0 I [1 T501   ..] [debug]: audio_utils_open
01-06 09:52:14.865     0     0 I [1 T501   ..] [debug]: audio_utils_release
01-06 09:52:14.871     0     0 I         : [1 T501   ..] hdmitx21_ext_set_audio_output enable:0
01-06 09:52:14.880     0     0 E [2 T445   ..] apexd: Can't open /product/apex for reading : No such file or directory
01-06 09:52:14.880     0     0 E [2 T445   ..] apexd: Can't open /vendor/apex for reading : No such file or directory
01-06 09:52:14.903     0     0 E [0 T1     ..] init: Control message: Could not find 'aidl/device_state' for ctl.interface_start from pid: 317 (/system/bin/servicemanager)
01-06 09:52:14.908   935   935 D CompatibilityChangeReporter: Compat change id reported: 143539591; UID -1; state: DISABLED
01-06 09:52:14.908   935   935 D CompatibilityChangeReporter: Compat change id reported: 168782947; UID -1; state: ENABLED
01-06 09:52:14.919   935   935 W PackageManager: Failed to parse /product/overlay/TvWifiOverlay.apk: /product/overlay/TvWifiOverlay.apk (at Binary XML file line #23): <overlay> priority must be between 0 and 9999
01-06 09:52:14.924   935   935 W PackageManager: Failed to parse /system/framework/oat: Missing base APK in /system/framework/oat
01-06 09:52:14.924   935   935 W PackageManager: Failed to parse /system/framework/arm: Missing base APK in /system/framework/arm
01-06 09:52:14.924   935   935 W PackageManager: Failed to parse /system/framework/arm64: Missing base APK in /system/framework/arm64
01-06 09:52:14.948   935   935 D CompatibilityChangeReporter: Compat change id reported: 168782947; UID -1; state: DISABLED
01-06 09:52:14.988   935   935 I PackageManager: /system/priv-app/NetworkStackNext changed; collecting certs
01-06 09:52:15.000   935   935 W PackageManager: Failed to scan /system/priv-app/NetworkStackNext: Application package com.android.networkstack already installed.  Skipping duplicate.
01-06 09:52:15.020     0     0 I [6 T566   ..] [snd-soc]: update audio atmos flag! audio_type = 0
01-06 09:52:15.076     0     0 I [5 T566   ..] [snd-soc]: update audio atmos flag! audio_type = 0
01-06 09:52:15.107   935   935 I ApexManager: Registering com.android.cts.priv.ctsshim as apk-in-apex of com.android.apex.cts.shim
01-06 09:52:15.110   935   935 I ApexManager: Registering com.android.cts.ctsshim as apk-in-apex of com.android.apex.cts.shim
01-06 09:52:15.115   935   935 I ApexManager: Registering com.android.uwb.resources as apk-in-apex of com.android.uwb
01-06 09:52:15.118     0     0 I [2 T566   ..] [snd-soc]: dd+ drc mode : RF
01-06 09:52:15.118     0     0 I [2 T566   ..] [snd-soc]: dd+ drc high cut scale : 0%
01-06 09:52:15.118     0     0 I [2 T566   ..] [snd-soc]: dd+ drc low boost scale : 0%
01-06 09:52:15.118     0     0 I [2 T566   ..] [debug]: audio_utils_open
01-06 09:52:15.118     0     0 I [2 T566   ..] [debug]: audio_utils_release
