01-07 03:37:41.911     0     0 I [2 T1523  ..] [schedu][0xd9da2cc][03: 37:47.416924] wlan: [1523:I:WMA] wma_wlan_bt_activity_evt_handler: Received BT activity event 7
01-07 03:37:47.667   929   967 W BroadcastQueue: Permission Denial: receiving Intent { act=android.bluetooth.device.action.ACL_CONNECTED flg=0x5000010 (has extras) } to ProcessRecord{fa92962 3151:com.sonos.tv.music/u0a58} (pid=3151, uid=10058) requires android.permission.BLUETOOTH_CONNECT due to sender com.android.bluetooth (uid 1002)
01-07 03:37:49.249   929  1055 D OomAdjuster: Not killing cached processes
01-07 03:37:51.637   929   967 W BroadcastQueue: Permission Denial: receiving Intent { act=android.bluetooth.device.action.BOND_STATE_CHANGED flg=0x10 (has extras) } to ProcessRecord{fa92962 3151:com.sonos.tv.music/u0a58} (pid=3151, uid=10058) requires android.permission.BLUETOOTH_CONNECT due to sender com.android.bluetooth (uid 1002)
01-07 03:37:47.395     0     0 I [4 T1972  ..] input: Sonos TV Remote Keyboard as /devices/virtual/misc/uhid/0005:0131:04B4.0001/input/input7
01-07 03:37:47.406     0     0 I         : [4 T1972  ..] hid-generic 0005:0131:04B4.0001: input,hidraw0: BLUETOOTH HID v1.00 Keyboard [Sonos TV Remote] on
01-07 03:37:55.270   929   959 D HdmiControlService: Process pid: 929 is calling oneTouchPlay.
01-07 03:37:55.270   929   929 D HDMI    : oneTouchPlay com.android.server.hdmi.OneTouchPlayAction@e6f317d
01-07 03:37:55.270   929   929 D HDMI    : setActiveSource logical:0x03 physical:0x2000 OneTouchPlayAction#broadcastActiveSource()
01-07 03:37:55.271   929   958 D AutofillManagerService: Close system dialogs
01-07 03:37:55.273   929   959 I ActivityTaskManager: START u0 {act=android.intent.action.MAIN cat=[android.intent.category.HOME] flg=0x10000100 cmp=com.sonos.tv.launcher/com.sonos.tv.contentguidelauncher.MainActivity (has extras)} from uid 0
01-07 03:37:55.274   929   959 D CompatibilityChangeReporter: Compat change id reported: 184838306; UID 10052; state: DISABLED
01-07 03:37:55.275   929   959 D CompatibilityChangeReporter: Compat change id reported: 185004937; UID 10052; state: DISABLED
01-07 03:37:55.275   929   959 D CompatibilityChangeReporter: Compat change id reported: 194480991; UID 10052; state: ENABLED
01-07 03:37:55.289   929   961 D OomAdjuster: Not killing cached processes
01-07 03:37:55.291   929   961 W ProcessStats: Tracking association SourceState{69d793d system/1000 BTopFgs #986} whose proc state 2 is better than process ProcessState{b551007 com.sonos.connectivity/10088 pkg=com.sonos.connectivity} proc state 3 (7 skipped)
01-07 03:37:55.388   929   929 D HDMI    : ActiveSourceHistoryRecord active source=(0x03, 0x2000) isActiveSource=true from=OneTouchPlayAction#broadcastActiveSource()
01-07 03:37:55.388   929   929 D HdmiCecActiveness: setState active mState:active
01-07 03:37:55.388   929   929 D HDMI    : setActiveSource logical:0x03 physical:0x2000 ActiveSourceAction
01-07 03:37:55.619   929  1188 E HDMI    : [6]:Failed to send <Text View On> 30:0D with errorCode=1
01-07 03:37:55.625   929   929 D HDMI    : ActiveSourceHistoryRecord active source=(0x03, 0x2000) isActiveSource=true from=ActiveSourceAction
01-07 03:37:55.625   929   929 D HdmiCecActiveness: setState active mState:active
01-07 03:37:55.625   929   929 D HDMI    : setLocalActivePort port:0 current:0
01-07 03:37:55.662   929   929 W Looper  : Slow dispatch took 393ms main h=android.os.Handler c=com.android.server.hdmi.WorkSourceUidPreservingRunnable@855c222 m=0
01-07 03:37:55.663   929   929 W Looper  : Slow delivery took 391ms main h=android.app.ActivityThread$H c=android.app.LoadedApk$ReceiverDispatcher$Args$$ExternalSyntheticLambda0@5f634b3 m=0
01-07 03:37:55.664   929   929 I HdmiControlService: checkAndUpdateAbsoluteVolumeControlState() AudioDeviceAttributes: role:output type:hdmi addr: name: profiles:[] descriptors:[]Not in AVC_AUDIO_OUTPUT_DEVICES
01-07 03:37:55.665   929   929 I HdmiControlService: checkAndUpdateAbsoluteVolumeControlState() AudioDeviceAttributes: role:output type:hdmi addr: name: profiles:[] descriptors:[]Not in AVC_AUDIO_OUTPUT_DEVICES
01-07 03:37:55.665   929   929 W Looper  : Drained
01-07 03:37:55.749   929  1188 D HDMI    : [S]:<Active Source> 3F:82:20:00
01-07 03:37:55.783   929   992 E PackageManager: ERROR: could not load root hash from incremental install
01-07 03:37:55.784   929   992 E PackageManager: Required verifier is null
01-07 03:37:55.816   929  1098 W RuleEvaluation: Integrity rule files are not available.
01-07 03:37:55.817   929   992 I PackageManager: Integrity check passed for file:///data/app/vmdl824244470.tmp
01-07 03:37:55.890   929   992 I PackageManager: Permission ownership changed. Updating all permissions.
01-07 03:37:55.905   929   992 W PackageManager: Package android.ext.services is an APK in APEX, but has permission allowlist on the system image. Please bundle the allowlist in the com.android.extservices APEX instead.
01-07 03:37:55.905   929   992 W PackageManager: Package android.ext.services is an APK in APEX, but has permission allowlist on the system image. Please bundle the allowlist in the com.android.extservices APEX instead.
01-07 03:37:55.905   929   992 W PackageManager: Package android.ext.services is an APK in APEX, but has permission allowlist on the system image. Please bundle the allowlist in the com.android.extservices APEX instead.
01-07 03:37:55.905   929   992 W PackageManager: Package android.ext.services is an APK in APEX, but has permission allowlist on the system image. Please bundle the allowlist in the com.android.extservices APEX instead.
01-07 03:37:55.917   929   992 W PackageManager: Package com.android.providers.media.module is an APK in APEX, but has permission allowlist on the system image. Please bundle the allowlist in the com.android.mediaprovider APEX instead.
01-07 03:37:55.918   929   992 W PackageManager: Package com.android.providers.media.module is an APK in APEX, but has permission allowlist on the system image. Please bundle the allowlist in the com.android.mediaprovider APEX instead.
01-07 03:37:55.918   929   992 W PackageManager: Package com.android.providers.media.module is an APK in APEX, but has permission allowlist on the system image. Please bundle the allowlist in the com.android.mediaprovider APEX instead.
01-07 03:37:55.918   929   992 W PackageManager: Package com.android.providers.media.module is an APK in APEX, but has permission allowlist on the system image. Please bundle the allowlist in the com.android.mediaprovider APEX instead.
01-07 03:37:55.918   929   992 W PackageManager: Package com.android.providers.media.module is an APK in APEX, but has permission allowlist on the system image. Please bundle the allowlist in the com.android.mediaprovider APEX instead.
01-07 03:37:55.918   929   992 W PackageManager: Package com.android.providers.media.module is an APK in APEX, but has permission allowlist on the system image. Please bundle the allowlist in the com.android.mediaprovider APEX instead.
01-07 03:37:55.918   929   992 W PackageManager: Package com.android.providers.media.module is an APK in APEX, but has permission allowlist on the system image. Please bundle the allowlist in the com.android.mediaprovider APEX instead.
01-07 03:37:55.918   929   992 W PackageManager: Package com.android.providers.media.module is an APK in APEX, but has permission allowlist on the system image. Please bundle the allowlist in the com.android.mediaprovider APEX instead.
01-07 03:37:55.918   929   992 W PackageManager: Package com.android.providers.media.module is an APK in APEX, but has permission allowlist on the system image. Please bundle the allowlist in the com.android.mediaprovider APEX instead.
01-07 03:37:55.918   929   992 W PackageManager: Package com.android.providers.media.module is an APK in APEX, but has permission allowlist on the system image. Please bundle the allowlist in the com.android.mediaprovider APEX instead.
01-07 03:37:55.918   929   992 W PackageManager: Package com.android.providers.media.module is an APK in APEX, but has permission allowlist on the system image. Please bundle the allowlist in the com.android.mediaprovider APEX instead.
01-07 03:37:55.918   929   992 W PackageManager: Package com.android.providers.media.module is an APK in APEX, but has permission allowlist on the system image. Please bundle the allowlist in the com.android.mediaprovider APEX instead.
01-07 03:37:55.918   929   992 W PackageManager: Package com.android.providers.media.module is an APK in APEX, but has permission allowlist on the system image. Please bundle the allowlist in the com.android.mediaprovider APEX instead.
01-07 03:37:55.968   929   992 D PackageManager: Instant App installer not found with android.intent.action.INSTALL_INSTANT_APP_PACKAGE
01-07 03:37:55.968   929   992 D PackageManager: Clear ephemeral installer activity
01-07 03:37:56.095   929  1188 E HDMI    : [1]:Failed to send <Menu Status> 30:8E:00 with errorCode=1
01-07 03:37:56.432   929  1188 E HDMI    : [6]:Failed to send <Give Device Power Status> 30:8F with errorCode=1
01-07 03:37:57.663   929   929 D HDMI    : one touch play retry:1
01-07 03:37:59.664   929   929 D HDMI    : one touch play retry:2
01-07 03:37:59.981   929   992 V BackupManagerService: [UserID:0] restoreAtInstall pkg=com.disney.disneyplus token=7 restoreSet=0
01-07 03:37:59.981   929   992 V BackupManagerService: [UserID:0] Finishing install immediately
01-07 03:37:59.984   929   992 I AppsFilter: interaction: PackageSetting{4c2d619 com.sonos.pinewood.tokenmanager.service/10053} -> PackageSetting{5b1c692 com.disney.disneyplus/10097} BLOCKED
01-07 03:37:59.984   929   992 I AppsFilter: interaction: PackageSetting{85ffc8e com.sonos.pinewood.ota.service/10049} -> PackageSetting{5b1c692 com.disney.disneyplus/10097} BLOCKED
01-07 03:37:59.984   929   992 I AppsFilter: interaction: PackageSetting{3a5fcaf com.sonos.pinewood.ota.test/10048} -> PackageSetting{5b1c692 com.disney.disneyplus/10097} BLOCKED
01-07 03:37:59.984   929   992 I AppsFilter: interaction: PackageSetting{fc1d83 com.amazon.amazonvideo.livingroom.qa/10096} -> PackageSetting{5b1c692 com.disney.disneyplus/10097} BLOCKED
01-07 03:37:59.985   929   992 D PackageInstallerSession: Marking session 824244470 as applied
01-07 03:37:59.988   929   992 D CompatibilityChangeReporter: Compat change id reported: 168419799; UID 10097; state: DISABLED
01-07 03:37:59.994   929   966 W TextServicesManagerService: no available spell checker services found
01-07 03:37:59.998   929   967 W BroadcastQueue: Background execution not allowed: receiving Intent { act=android.intent.action.PACKAGE_ADDED dat=package: flg=0x4000010 (has extras) } to com.android.packageinstaller/.PackageInstalledReceiver
01-07 03:38:00.011   929   967 W BroadcastQueue: Background execution not allowed: receiving Intent { act=android.intent.action.PACKAGE_ADDED dat=package: flg=0x4000010 (has extras) } to com.android.gallery3d/.app.PackagesMonitor
01-07 03:38:00.012   929   929 I AppsFilter: interaction: PackageSetting{4c2d619 com.sonos.pinewood.tokenmanager.service/10053} -> PackageSetting{e748023 com.disney.disneyplus/10097} BLOCKED
01-07 03:38:00.012   929   929 I AppsFilter: interaction: PackageSetting{85ffc8e com.sonos.pinewood.ota.service/10049} -> PackageSetting{e748023 com.disney.disneyplus/10097} BLOCKED
01-07 03:38:00.012   929   929 I AppsFilter: interaction: PackageSetting{3a5fcaf com.sonos.pinewood.ota.test/10048} -> PackageSetting{e748023 com.disney.disneyplus/10097} BLOCKED
01-07 03:38:00.012   929   929 I AppsFilter: interaction: PackageSetting{fc1d83 com.amazon.amazonvideo.livingroom.qa/10096} -> PackageSetting{e748023 com.disney.disneyplus/10097} BLOCKED
01-07 03:38:00.020   929   966 W VoiceInteractionManager: no available voice recognition services found for user 0
01-07 03:38:00.026   929  1055 D CompatibilityChangeReporter: Compat change id reported: 218533173; UID 10097; state: ENABLED
01-07 03:38:00.031   929  1735 W BackupTransportManager: Package com.disney.disneyplus enabled setting: 0
01-07 03:38:00.037   929   966 W TextServicesManagerService: no available spell checker services found
01-07 03:38:00.053   929   966 W VoiceInteractionManager: no available voice recognition services found for user 0
01-07 03:38:01.664   929   929 D HDMI    : one touch play retry:3
01-07 03:38:02.191   929  4345 D OomAdjuster: Not killing cached processes
01-07 03:38:03.665   929   929 D HDMI    : one touch play retry:4
01-07 03:38:05.665   929   929 D HDMI    : one touch play retry:5
01-07 03:38:06.055   929   966 W ProcessStats: Tracking association SourceState{69d793d system/1000 BTopFgs #1044} whose proc state 2 is better than process ProcessState{b551007 com.sonos.connectivity/10088 pkg=com.sonos.connectivity} proc state 3 (95 skipped)
01-07 03:38:09.990   929  1055 D OomAdjuster: Not killing cached processes
01-07 03:38:10.040   356  4560 I keystore2: keystore2::watchdog: Watchdog thread idle -> terminating. Have a great day.
01-07 03:38:15.183   929  1066 D OomAdjuster: Not killing cached processes
01-07 03:38:19.232     0     0 W [1 T4598  ..] audit: audit_lost=15220 audit_rate_limit=5 audit_backlog_limit=64
01-07 03:38:19.232     0     0 E [1 T4598  ..] audit: rate limit exceeded
01-07 03:38:24.741   929  2734 D OomAdjuster: Not killing cached processes
01-07 03:38:24.742   929  2734 W ProcessStats: Tracking association SourceState{69d793d system/1000 BTopFgs #1064} whose proc state 2 is better than process ProcessState{b551007 com.sonos.connectivity/10088 pkg=com.sonos.connectivity} proc state 3 (33 skipped)
01-07 03:38:21.319     0     0 I [2 T1523  ..] [schedu][0xff6f372][03: 38:26.824705] wlan: [1523:I:OSIF] scan start scan id 40968
01-07 03:38:22.887     0     0 I [2 T1523  ..] [schedu][0x100ee35f][03: 38:28.393455] wlan: [1523:I:OSIF] vdev 0, scan id 40968 type COMPLETED(1) reason COMPLETED(1) scan found 75 bss
01-07 03:38:28.431   929   929 D HDMI    : [P]:AllocatedAddress=[]
01-07 03:38:50.439   929   960 D OomAdjuster: Not killing cached processes
01-07 03:38:50.439   929   960 W ProcessStats: Tracking association SourceState{69d793d system/1000 BTopFgs #1071} whose proc state 2 is better than process ProcessState{b551007 com.sonos.connectivity/10088 pkg=com.sonos.connectivity} proc state 3 (3 skipped)
01-07 03:39:22.478   929   960 I DropBoxManagerService: add tag=system_server_strictmode isTagEnabled=true flags=0x2
01-07 03:39:22.481   929   960 I DropBoxManagerService: add tag=system_server_strictmode isTagEnabled=true flags=0x2
01-07 03:39:22.483   929   960 I DropBoxManagerService: add tag=system_server_strictmode isTagEnabled=true flags=0x2
01-07 03:39:22.484   929   960 I DropBoxManagerService: add tag=system_server_strictmode isTagEnabled=true flags=0x2
01-07 03:39:23.877   929   992 E PackageManager: ERROR: could not load root hash from incremental install
01-07 03:39:23.878   929   992 E PackageManager: Required verifier is null
01-07 03:39:23.879   929   967 D OomAdjuster: Not killing cached processes
01-07 03:39:23.880   929   967 W ProcessStats: Tracking association SourceState{69d793d system/1000 BTopFgs #1075} whose proc state 2 is better than process ProcessState{b551007 com.sonos.connectivity/10088 pkg=com.sonos.connectivity} proc state 3 (3 skipped)
01-07 03:39:23.915   929  1098 W RuleEvaluation: Integrity rule files are not available.
01-07 03:39:23.915   929   992 I PackageManager: Integrity check passed for file:///data/app/vmdl1148879928.tmp
01-07 03:39:23.985   929   992 D PackageManager: Instant App installer not found with android.intent.action.INSTALL_INSTANT_APP_PACKAGE
01-07 03:39:23.985   929   992 D PackageManager: Clear ephemeral installer activity
01-07 03:39:19.344     0     0 W [1 T4634  ..] audit: audit_lost=15635 audit_rate_limit=5 audit_backlog_limit=64
01-07 03:39:19.344     0     0 E [1 T4634  ..] audit: rate limit exceeded
01-07 03:39:21.314     0     0 I [6 T1523  ..] [schedu][0x138a6721][03: 39:26.819760] wlan: [1523:I:OSIF] scan start scan id 40969
01-07 03:39:27.236   929   992 V BackupManagerService: [UserID:0] restoreAtInstall pkg=com.philo.philo.google token=8 restoreSet=0
01-07 03:39:27.236   929   992 V BackupManagerService: [UserID:0] Finishing install immediately
01-07 03:39:27.239   929   992 I AppsFilter: interaction: PackageSetting{4c2d619 com.sonos.pinewood.tokenmanager.service/10053} -> PackageSetting{3c606f8 com.philo.philo.google/10098} BLOCKED
01-07 03:39:27.239   929   992 I AppsFilter: interaction: PackageSetting{85ffc8e com.sonos.pinewood.ota.service/10049} -> PackageSetting{3c606f8 com.philo.philo.google/10098} BLOCKED
01-07 03:39:27.240   929   992 I AppsFilter: interaction: PackageSetting{3a5fcaf com.sonos.pinewood.ota.test/10048} -> PackageSetting{3c606f8 com.philo.philo.google/10098} BLOCKED
01-07 03:39:27.240   929   992 I AppsFilter: interaction: PackageSetting{fc1d83 com.amazon.amazonvideo.livingroom.qa/10096} -> PackageSetting{3c606f8 com.philo.philo.google/10098} BLOCKED
01-07 03:39:27.241   929   992 D PackageInstallerSession: Marking session 1148879928 as applied
01-07 03:39:27.247   929   992 D CompatibilityChangeReporter: Compat change id reported: 168419799; UID 10098; state: DISABLED
01-07 03:39:27.253   929   967 W BroadcastQueue: Background execution not allowed: receiving Intent { act=android.intent.action.PACKAGE_ADDED dat=package: flg=0x4000010 (has extras) } to com.android.packageinstaller/.PackageInstalledReceiver
01-07 03:39:27.267   929   929 V BackupManagerConstants: getFullBackupIntervalMilliseconds(...) returns 86400000
01-07 03:39:27.267   929   929 V BackupManagerConstants: getFullBackupRequiredNetworkType(...) returns 2
01-07 03:39:27.267   929   929 V BackupManagerConstants: getFullBackupRequireCharging(...) returns true
01-07 03:39:27.270   929   967 W BroadcastQueue: Background execution not allowed: receiving Intent { act=android.intent.action.PACKAGE_ADDED dat=package: flg=0x4000010 (has extras) } to com.android.gallery3d/.app.PackagesMonitor
01-07 03:39:27.290   929   929 I AppsFilter: interaction: PackageSetting{4c2d619 com.sonos.pinewood.tokenmanager.service/10053} -> PackageSetting{ebb1bb5 com.philo.philo.google/10098} BLOCKED
01-07 03:39:27.290   929   929 I AppsFilter: interaction: PackageSetting{85ffc8e com.sonos.pinewood.ota.service/10049} -> PackageSetting{ebb1bb5 com.philo.philo.google/10098} BLOCKED
01-07 03:39:27.290   929   929 I AppsFilter: interaction: PackageSetting{3a5fcaf com.sonos.pinewood.ota.test/10048} -> PackageSetting{ebb1bb5 com.philo.philo.google/10098} BLOCKED
01-07 03:39:27.290   929   929 I AppsFilter: interaction: PackageSetting{fc1d83 com.amazon.amazonvideo.livingroom.qa/10096} -> PackageSetting{ebb1bb5 com.philo.philo.google/10098} BLOCKED
01-07 03:39:27.300   929   966 W TextServicesManagerService: no available spell checker services found
01-07 03:39:27.302   929  1055 D CompatibilityChangeReporter: Compat change id reported: 218533173; UID 10098; state: ENABLED
01-07 03:39:27.309   929  1735 W BackupTransportManager: Package com.philo.philo.google enabled setting: 0
01-07 03:39:27.315   929  1210 D CompatibilityChangeReporter: Compat change id reported: 161252188; UID 10098; state: ENABLED
01-07 03:39:27.316   929   966 W VoiceInteractionManager: no available voice recognition services found for user 0
01-07 03:39:27.320   929   966 W TextServicesManagerService: no available spell checker services found
01-07 03:39:27.331   929   966 W VoiceInteractionManager: no available voice recognition services found for user 0
01-07 03:39:27.336   929  2854 D CompatibilityChangeReporter: Compat change id reported: 135634846; UID 10098; state: DISABLED
01-07 03:39:27.336   929  2854 D CompatibilityChangeReporter: Compat change id reported: 177438394; UID 10098; state: DISABLED
01-07 03:39:27.337   929  2854 D CompatibilityChangeReporter: Compat change id reported: 135772972; UID 10098; state: DISABLED
01-07 03:39:27.337   929  2854 D CompatibilityChangeReporter: Compat change id reported: 135754954; UID 10098; state: ENABLED
01-07 03:39:27.337   929   968 D CompatibilityChangeReporter: Compat change id reported: 143937733; UID 10098; state: ENABLED
01-07 03:39:27.354   929   968 I ActivityManager: Start proc 4651:com.philo.philo.google/u0a98 for broadcast {com.philo.philo.google/com.philo.philo.tif.LauncherNotificationReceiver}
01-07 03:39:21.931     0     0 W [5 T4669  ..] audit: audit_lost=15924 audit_rate_limit=5 audit_backlog_limit=64
01-07 03:39:21.931     0     0 E [5 T4669  ..] audit: rate limit exceeded
01-07 03:39:27.481  4651  4672 E ActivityThread: Failed to find provider info for com.google.android.gms.chimera
01-07 03:39:27.595   929  1546 D CompatibilityChangeReporter: Compat change id reported: 161145287; UID 10098; state: DISABLED
01-07 03:39:27.627   929   967 W BroadcastQueue: Exported Denial: sending Intent { act=android.net.conn.CONNECTIVITY_CHANGE flg=0x4200010 (has extras) }, action: android.net.conn.CONNECTIVITY_CHANGE from null (uid=-1) due to receiver ProcessRecord{49e2877 4651:com.philo.philo.google/u0a98} (uid 10098) not specifying RECEIVER_EXPORTED
01-07 03:39:27.669   929  1546 D PackageManager: Instant App installer not found with android.intent.action.INSTALL_INSTANT_APP_PACKAGE
01-07 03:39:27.669   929  1546 D PackageManager: Clear ephemeral installer activity
01-07 03:39:27.765   929  2854 D PackageManager: Instant App installer not found with android.intent.action.INSTALL_INSTANT_APP_PACKAGE
01-07 03:39:27.765   929  2854 D PackageManager: Clear ephemeral installer activity
01-07 03:39:27.776   929  2854 D CompatibilityChangeReporter: Compat change id reported: 194532703; UID 10098; state: ENABLED
01-07 03:39:28.067   929  1267 D CompatibilityChangeReporter: Compat change id reported: 161252188; UID 10064; state: ENABLED
01-07 03:39:28.070   929   968 D CompatibilityChangeReporter: Compat change id reported: 143937733; UID 10064; state: ENABLED
01-07 03:39:28.087   929   968 I ActivityManager: Start proc 4733:com.brdgwtr.android.webview:webview_service/u0a64 for service {com.brdgwtr.android.webview/org.chromium.android_webview.services.VariationsSeedServer}
01-07 03:39:28.158   929  1267 D CompatibilityChangeReporter: Compat change id reported: 168419799; UID 10064; state: DISABLED
01-07 03:39:28.230   929  1267 D CompatibilityChangeReporter: Compat change id reported: 194532703; UID 10064; state: ENABLED
01-07 03:39:22.896     0     0 I [7 T1523  ..] [schedu][0x13a28b4c][03: 39:28.401884] wlan: [1523:I:OSIF] vdev 0, scan id 40969 type COMPLETED(1) reason COMPLETED(1) scan found 76 bss
01-07 03:39:28.436   929   929 D HDMI    : [P]:AllocatedAddress=[]
01-07 03:39:28.671   929   992 I AppsFilter: interaction: PackageSetting{4c2d619 com.sonos.pinewood.tokenmanager.service/10053} -> PackageSetting{1e2e582 com.philo.philo.google/10098} BLOCKED
01-07 03:39:28.671   929   992 I AppsFilter: interaction: PackageSetting{85ffc8e com.sonos.pinewood.ota.service/10049} -> PackageSetting{1e2e582 com.philo.philo.google/10098} BLOCKED
01-07 03:39:28.671   929   992 I AppsFilter: interaction: PackageSetting{3a5fcaf com.sonos.pinewood.ota.test/10048} -> PackageSetting{1e2e582 com.philo.philo.google/10098} BLOCKED
01-07 03:39:28.672   929   992 I AppsFilter: interaction: PackageSetting{fc1d83 com.amazon.amazonvideo.livingroom.qa/10096} -> PackageSetting{1e2e582 com.philo.philo.google/10098} BLOCKED
01-07 03:39:23.182     0     0 W [1 T4770  ..] audit: audit_lost=17104 audit_rate_limit=5 audit_backlog_limit=64
01-07 03:39:23.182     0     0 E [1 T4770  ..] audit: rate limit exceeded
01-07 03:39:28.684   929   966 W VoiceInteractionManager: no available voice recognition services found for user 0
01-07 03:39:28.903   929  1546 D OomAdjuster: Not killing cached processes
01-07 03:39:28.951   929   960 I DropBoxManagerService: add tag=system_app_strictmode isTagEnabled=true flags=0x2
01-07 03:39:29.092   929  1046 E PackageInstallerSession: com.brdgwtr.publisherservice drops manifest attribute android:installLocation in base.apk for com.plexapp.android
01-07 03:39:29.589   929   992 E PackageManager: ERROR: could not load root hash from incremental install
01-07 03:39:29.589   929   992 E PackageManager: Required verifier is null
01-07 03:39:29.610   929  1098 W RuleEvaluation: Integrity rule files are not available.
01-07 03:39:29.611   929   992 I PackageManager: Integrity check passed for file:///data/app/vmdl1354760777.tmp
01-07 03:39:29.726   929   992 I PackageManager: Permission ownership changed. Updating all permissions.
01-07 03:39:29.738   929   992 W PackageManager: Package android.ext.services is an APK in APEX, but has permission allowlist on the system image. Please bundle the allowlist in the com.android.extservices APEX instead.
01-07 03:39:29.738   929   992 W PackageManager: Package android.ext.services is an APK in APEX, but has permission allowlist on the system image. Please bundle the allowlist in the com.android.extservices APEX instead.
01-07 03:39:29.738   929   992 W PackageManager: Package android.ext.services is an APK in APEX, but has permission allowlist on the system image. Please bundle the allowlist in the com.android.extservices APEX instead.
01-07 03:39:29.738   929   992 W PackageManager: Package android.ext.services is an APK in APEX, but has permission allowlist on the system image. Please bundle the allowlist in the com.android.extservices APEX instead.
01-07 03:39:29.747   929   992 W PackageManager: Package com.android.providers.media.module is an APK in APEX, but has permission allowlist on the system image. Please bundle the allowlist in the com.android.mediaprovider APEX instead.
01-07 03:39:29.747   929   992 W PackageManager: Package com.android.providers.media.module is an APK in APEX, but has permission allowlist on the system image. Please bundle the allowlist in the com.android.mediaprovider APEX instead.
01-07 03:39:29.747   929   992 W PackageManager: Package com.android.providers.media.module is an APK in APEX, but has permission allowlist on the system image. Please bundle the allowlist in the com.android.mediaprovider APEX instead.
01-07 03:39:29.747   929   992 W PackageManager: Package com.android.providers.media.module is an APK in APEX, but has permission allowlist on the system image. Please bundle the allowlist in the com.android.mediaprovider APEX instead.
01-07 03:39:29.747   929   992 W PackageManager: Package com.android.providers.media.module is an APK in APEX, but has permission allowlist on the system image. Please bundle the allowlist in the com.android.mediaprovider APEX instead.
01-07 03:39:29.747   929   992 W PackageManager: Package com.android.providers.media.module is an APK in APEX, but has permission allowlist on the system image. Please bundle the allowlist in the com.android.mediaprovider APEX instead.
01-07 03:39:29.747   929   992 W PackageManager: Package com.android.providers.media.module is an APK in APEX, but has permission allowlist on the system image. Please bundle the allowlist in the com.android.mediaprovider APEX instead.
01-07 03:39:29.747   929   992 W PackageManager: Package com.android.providers.media.module is an APK in APEX, but has permission allowlist on the system image. Please bundle the allowlist in the com.android.mediaprovider APEX instead.
01-07 03:39:29.747   929   992 W PackageManager: Package com.android.providers.media.module is an APK in APEX, but has permission allowlist on the system image. Please bundle the allowlist in the com.android.mediaprovider APEX instead.
01-07 03:39:29.747   929   992 W PackageManager: Package com.android.providers.media.module is an APK in APEX, but has permission allowlist on the system image. Please bundle the allowlist in the com.android.mediaprovider APEX instead.
01-07 03:39:29.747   929   992 W PackageManager: Package com.android.providers.media.module is an APK in APEX, but has permission allowlist on the system image. Please bundle the allowlist in the com.android.mediaprovider APEX instead.
01-07 03:39:29.747   929   992 W PackageManager: Package com.android.providers.media.module is an APK in APEX, but has permission allowlist on the system image. Please bundle the allowlist in the com.android.mediaprovider APEX instead.
01-07 03:39:29.747   929   992 W PackageManager: Package com.android.providers.media.module is an APK in APEX, but has permission allowlist on the system image. Please bundle the allowlist in the com.android.mediaprovider APEX instead.
01-07 03:39:29.781   929   992 D PackageManager: Instant App installer not found with android.intent.action.INSTALL_INSTANT_APP_PACKAGE
01-07 03:39:29.781   929   992 D PackageManager: Clear ephemeral installer activity
01-07 03:39:30.006   929  4345 D CompatibilityChangeReporter: Compat change id reported: 168419799; UID 10064; state: DISABLED
01-07 03:39:34.154   929   992 V BackupManagerService: [UserID:0] restoreAtInstall pkg=com.plexapp.android token=9 restoreSet=0
01-07 03:39:34.155   929   992 V BackupManagerService: [UserID:0] Finishing install immediately
01-07 03:39:34.156   929   992 I AppsFilter: interaction: PackageSetting{4c2d619 com.sonos.pinewood.tokenmanager.service/10053} -> PackageSetting{eaac380 com.plexapp.android/10099} BLOCKED
01-07 03:39:34.156   929   992 I AppsFilter: interaction: PackageSetting{85ffc8e com.sonos.pinewood.ota.service/10049} -> PackageSetting{eaac380 com.plexapp.android/10099} BLOCKED
01-07 03:39:34.156   929   992 I AppsFilter: interaction: PackageSetting{3a5fcaf com.sonos.pinewood.ota.test/10048} -> PackageSetting{eaac380 com.plexapp.android/10099} BLOCKED
01-07 03:39:34.156   929   992 I AppsFilter: interaction: PackageSetting{fc1d83 com.amazon.amazonvideo.livingroom.qa/10096} -> PackageSetting{eaac380 com.plexapp.android/10099} BLOCKED
01-07 03:39:34.157   929   967 D OomAdjuster: Not killing cached processes
01-07 03:39:34.158   929   967 W ProcessStats: Tracking association SourceState{69d793d system/1000 BTopFgs #1159} whose proc state 2 is better than process ProcessState{b551007 com.sonos.connectivity/10088 pkg=com.sonos.connectivity} proc state 3 (85 skipped)
01-07 03:39:34.158   929   992 D PackageInstallerSession: Marking session 1354760777 as applied
01-07 03:39:34.163   929   992 D CompatibilityChangeReporter: Compat change id reported: 168419799; UID 10099; state: DISABLED
01-07 03:39:34.187   929   967 W BroadcastQueue: Background execution not allowed: receiving Intent { act=android.intent.action.PACKAGE_ADDED dat=package: flg=0x4000010 (has extras) } to com.android.packageinstaller/.PackageInstalledReceiver
01-07 03:39:34.193   929   967 W BroadcastQueue: Background execution not allowed: receiving Intent { act=android.intent.action.PACKAGE_ADDED dat=package: flg=0x4000010 (has extras) } to com.android.gallery3d/.app.PackagesMonitor
01-07 03:39:34.200   929   929 I AppsFilter: interaction: PackageSetting{4c2d619 com.sonos.pinewood.tokenmanager.service/10053} -> PackageSetting{c892aae com.plexapp.android/10099} BLOCKED
01-07 03:39:34.200   929   929 I AppsFilter: interaction: PackageSetting{85ffc8e com.sonos.pinewood.ota.service/10049} -> PackageSetting{c892aae com.plexapp.android/10099} BLOCKED
01-07 03:39:34.200   929   929 I AppsFilter: interaction: PackageSetting{3a5fcaf com.sonos.pinewood.ota.test/10048} -> PackageSetting{c892aae com.plexapp.android/10099} BLOCKED
01-07 03:39:34.200   929   929 I AppsFilter: interaction: PackageSetting{fc1d83 com.amazon.amazonvideo.livingroom.qa/10096} -> PackageSetting{c892aae com.plexapp.android/10099} BLOCKED
01-07 03:39:34.214   929  1055 D CompatibilityChangeReporter: Compat change id reported: 218533173; UID 10099; state: ENABLED
01-07 03:39:34.214   929   966 W TextServicesManagerService: no available spell checker services found
01-07 03:39:34.226   929  1735 W BackupTransportManager: Package com.plexapp.android enabled setting: 0
01-07 03:39:34.260   929   966 W VoiceInteractionManager: no available voice recognition services found for user 0
01-07 03:39:34.269   929   966 W TextServicesManagerService: no available spell checker services found
01-07 03:39:34.279   929   966 W VoiceInteractionManager: no available voice recognition services found for user 0
01-07 03:39:36.976   929  4345 I ActivityManager: Background started FGS: Allowed [callingPackage: com.brdgwtr.metrics.service; callingUid: 10043; uidState: BTOP; intent: Intent { act=ACTION_START_FOREGROUND cmp=com.brdgwtr.metrics.service/androidx.work.impl.foreground.SystemForegroundService (has extras) }; code:PROC_STATE_BTOP; tempAllowListReason:<null>; targetSdkVersion:30; callerTargetSdkVersion:30; startForegroundCount:0; bindFromPackage:null]
01-07 03:39:36.981   929  1545 W ActivityManager: Foreground service started from background can not have location/camera/microphone access: service com.brdgwtr.metrics.service/androidx.work.impl.foreground.SystemForegroundService
01-07 03:39:36.983   929   967 I ActivityManager: Deferring FGS notification in legacy app com.brdgwtr.metrics.service/u0a43 : Notification(channel=EventLogSyncWorker shortcut=null contentView=null vibrate=null sound=null defaults=0x0 flags=0x42 color=0x00000000 vis=PRIVATE)
01-07 03:39:40.275   929   966 D OomAdjuster: Not killing cached processes
01-07 03:39:41.340   929  1046 E PackageInstallerSession: com.brdgwtr.publisherservice drops manifest attribute android:installLocation in base.apk for com.cbs.ttd
01-07 03:39:41.348   929   992 E PackageManager: ERROR: could not load root hash from incremental install
01-07 03:39:41.348   929   992 E PackageManager: Required verifier is null
01-07 03:39:41.365   929  1098 W PackageParsing: Unknown element under <application>: enable-feature at /data/app/vmdl1566556755.tmp/base.apk Binary XML file line #210
01-07 03:39:41.376   929  1098 W RuleEvaluation: Integrity rule files are not available.
01-07 03:39:41.376   929   992 I PackageManager: Integrity check passed for file:///data/app/vmdl1566556755.tmp
01-07 03:39:41.397   929   992 W PackageParsing: Unknown element under <application>: enable-feature at /data/app/vmdl1566556755.tmp/base.apk Binary XML file line #210
01-07 03:39:41.449   929   992 I PackageManager: Permission ownership changed. Updating all permissions.
01-07 03:39:41.459   929   992 W PackageManager: Package android.ext.services is an APK in APEX, but has permission allowlist on the system image. Please bundle the allowlist in the com.android.extservices APEX instead.
01-07 03:39:41.459   929   992 W PackageManager: Package android.ext.services is an APK in APEX, but has permission allowlist on the system image. Please bundle the allowlist in the com.android.extservices APEX instead.
01-07 03:39:41.459   929   992 W PackageManager: Package android.ext.services is an APK in APEX, but has permission allowlist on the system image. Please bundle the allowlist in the com.android.extservices APEX instead.
01-07 03:39:41.459   929   992 W PackageManager: Package android.ext.services is an APK in APEX, but has permission allowlist on the system image. Please bundle the allowlist in the com.android.extservices APEX instead.
01-07 03:39:41.468   929   992 W PackageManager: Package com.android.providers.media.module is an APK in APEX, but has permission allowlist on the system image. Please bundle the allowlist in the com.android.mediaprovider APEX instead.
01-07 03:39:41.468   929   992 W PackageManager: Package com.android.providers.media.module is an APK in APEX, but has permission allowlist on the system image. Please bundle the allowlist in the com.android.mediaprovider APEX instead.
01-07 03:39:41.468   929   992 W PackageManager: Package com.android.providers.media.module is an APK in APEX, but has permission allowlist on the system image. Please bundle the allowlist in the com.android.mediaprovider APEX instead.
01-07 03:39:41.468   929   992 W PackageManager: Package com.android.providers.media.module is an APK in APEX, but has permission allowlist on the system image. Please bundle the allowlist in the com.android.mediaprovider APEX instead.
01-07 03:39:41.468   929   992 W PackageManager: Package com.android.providers.media.module is an APK in APEX, but has permission allowlist on the system image. Please bundle the allowlist in the com.android.mediaprovider APEX instead.
01-07 03:39:41.468   929   992 W PackageManager: Package com.android.providers.media.module is an APK in APEX, but has permission allowlist on the system image. Please bundle the allowlist in the com.android.mediaprovider APEX instead.
01-07 03:39:41.468   929   992 W PackageManager: Package com.android.providers.media.module is an APK in APEX, but has permission allowlist on the system image. Please bundle the allowlist in the com.android.mediaprovider APEX instead.
01-07 03:39:41.468   929   992 W PackageManager: Package com.android.providers.media.module is an APK in APEX, but has permission allowlist on the system image. Please bundle the allowlist in the com.android.mediaprovider APEX instead.
01-07 03:39:41.468   929   992 W PackageManager: Package com.android.providers.media.module is an APK in APEX, but has permission allowlist on the system image. Please bundle the allowlist in the com.android.mediaprovider APEX instead.
01-07 03:39:41.468   929   992 W PackageManager: Package com.android.providers.media.module is an APK in APEX, but has permission allowlist on the system image. Please bundle the allowlist in the com.android.mediaprovider APEX instead.
01-07 03:39:41.468   929   992 W PackageManager: Package com.android.providers.media.module is an APK in APEX, but has permission allowlist on the system image. Please bundle the allowlist in the com.android.mediaprovider APEX instead.
01-07 03:39:41.468   929   992 W PackageManager: Package com.android.providers.media.module is an APK in APEX, but has permission allowlist on the system image. Please bundle the allowlist in the com.android.mediaprovider APEX instead.
01-07 03:39:41.468   929   992 W PackageManager: Package com.android.providers.media.module is an APK in APEX, but has permission allowlist on the system image. Please bundle the allowlist in the com.android.mediaprovider APEX instead.
01-07 03:39:41.498   929   992 D PackageManager: Instant App installer not found with android.intent.action.INSTALL_INSTANT_APP_PACKAGE
01-07 03:39:41.498   929   992 D PackageManager: Clear ephemeral installer activity
01-07 03:39:42.716   929   967 W BroadcastQueue: Background execution not allowed: receiving Intent { act=com.brdgwtr.publisher.RECOMMENDATIONS_UPDATE flg=0x10 } to com.sonos.tv.launcher/com.sonos.tv.contentguidelauncher.bridgewater.BridgewaterPublisherEventReceiver
01-07 03:39:44.175   929  1055 W ProcessStats: Tracking association SourceState{507ce49 com.brdgwtr.publisherservice/10051 BTopFgs #1222} whose proc state 2 is better than process ProcessState{b8785c3 com.brdgwtr.dms/10044 pkg=com.brdgwtr.dms} proc state 3 (93 skipped)
01-07 03:39:44.690   356  4645 I keystore2: keystore2::watchdog: Watchdog thread idle -> terminating. Have a great day.
01-07 03:39:45.953   929   992 V BackupManagerService: [UserID:0] restoreAtInstall pkg=com.cbs.ttd token=a restoreSet=0
01-07 03:39:45.953   929   992 V BackupManagerService: [UserID:0] Finishing install immediately
01-07 03:39:45.954   929   992 I AppsFilter: interaction: PackageSetting{4c2d619 com.sonos.pinewood.tokenmanager.service/10053} -> PackageSetting{2599c6f com.cbs.ttd/10100} BLOCKED
01-07 03:39:45.954   929   992 I AppsFilter: interaction: PackageSetting{85ffc8e com.sonos.pinewood.ota.service/10049} -> PackageSetting{2599c6f com.cbs.ttd/10100} BLOCKED
01-07 03:39:45.954   929   992 I AppsFilter: interaction: PackageSetting{3a5fcaf com.sonos.pinewood.ota.test/10048} -> PackageSetting{2599c6f com.cbs.ttd/10100} BLOCKED
01-07 03:39:45.954   929   992 I AppsFilter: interaction: PackageSetting{fc1d83 com.amazon.amazonvideo.livingroom.qa/10096} -> PackageSetting{2599c6f com.cbs.ttd/10100} BLOCKED
01-07 03:39:45.955   929   992 D PackageInstallerSession: Marking session 1566556755 as applied
01-07 03:39:45.957   929   992 D CompatibilityChangeReporter: Compat change id reported: 168419799; UID 10100; state: DISABLED
01-07 03:39:45.989   929   966 W TextServicesManagerService: no available spell checker services found
01-07 03:39:45.992   929   967 W BroadcastQueue: Background execution not allowed: receiving Intent { act=android.intent.action.PACKAGE_ADDED dat=package: flg=0x4000010 (has extras) } to com.android.packageinstaller/.PackageInstalledReceiver
01-07 03:39:45.995   929   958 D OomAdjuster: Not killing cached processes
01-07 03:39:46.001   929   967 W BroadcastQueue: Background execution not allowed: receiving Intent { act=android.intent.action.PACKAGE_ADDED dat=package: flg=0x4000010 (has extras) } to com.android.gallery3d/.app.PackagesMonitor
01-07 03:39:46.011   929   966 W VoiceInteractionManager: no available voice recognition services found for user 0
01-07 03:39:46.012   929   929 I AppsFilter: interaction: PackageSetting{4c2d619 com.sonos.pinewood.tokenmanager.service/10053} -> PackageSetting{37992f2 com.cbs.ttd/10100} BLOCKED
01-07 03:39:46.012   929   929 I AppsFilter: interaction: PackageSetting{85ffc8e com.sonos.pinewood.ota.service/10049} -> PackageSetting{37992f2 com.cbs.ttd/10100} BLOCKED
01-07 03:39:46.012   929   929 I AppsFilter: interaction: PackageSetting{3a5fcaf com.sonos.pinewood.ota.test/10048} -> PackageSetting{37992f2 com.cbs.ttd/10100} BLOCKED
01-07 03:39:46.012   929   929 I AppsFilter: interaction: PackageSetting{fc1d83 com.amazon.amazonvideo.livingroom.qa/10096} -> PackageSetting{37992f2 com.cbs.ttd/10100} BLOCKED
01-07 03:39:46.018   929  1055 D CompatibilityChangeReporter: Compat change id reported: 218533173; UID 10100; state: ENABLED
01-07 03:39:46.020   929  1735 W BackupTransportManager: Package com.cbs.ttd enabled setting: 0
01-07 03:39:46.027   929   966 W TextServicesManagerService: no available spell checker services found
01-07 03:39:46.050   929   966 W VoiceInteractionManager: no available voice recognition services found for user 0
01-07 03:39:46.064   929   945 D CompatibilityChangeReporter: Compat change id reported: 161252188; UID 10100; state: ENABLED
01-07 03:39:46.068   929   967 D CompatibilityChangeReporter: Compat change id reported: 135634846; UID 10100; state: DISABLED
01-07 03:39:46.068   929   967 D CompatibilityChangeReporter: Compat change id reported: 177438394; UID 10100; state: DISABLED
01-07 03:39:46.068   929   967 D CompatibilityChangeReporter: Compat change id reported: 135772972; UID 10100; state: DISABLED
01-07 03:39:46.068   929   967 D CompatibilityChangeReporter: Compat change id reported: 135754954; UID 10100; state: ENABLED
01-07 03:39:46.069   929   968 D CompatibilityChangeReporter: Compat change id reported: 143937733; UID 10100; state: ENABLED
01-07 03:39:46.084   929   968 I ActivityManager: Start proc 4850:com.cbs.ttd/u0a100 for broadcast {com.cbs.ttd/com.paramount.android.pplus.features.device.home.channels.core.receiver.LauncherReceiver}
01-07 03:39:40.675     0     0 W [5 T4865  ..] audit: audit_lost=17243 audit_rate_limit=5 audit_backlog_limit=64
01-07 03:39:40.675     0     0 E [5 T4865  ..] audit: rate limit exceeded
01-07 03:39:46.272   929  1267 D CompatibilityChangeReporter: Compat change id reported: 194532703; UID 10100; state: ENABLED
01-07 03:39:52.035   929   966 D OomAdjuster: Not killing cached processes
01-07 03:39:56.053   929   958 W ProcessStats: Tracking association SourceState{69d793d system/1000 BTopFgs #1266} whose proc state 2 is better than process ProcessState{b551007 com.sonos.connectivity/10088 pkg=com.sonos.connectivity} proc state 3 (76 skipped)
01-07 03:39:56.473   356  4849 I keystore2: keystore2::watchdog: Watchdog thread idle -> terminating. Have a great day.
01-07 03:40:01.168   929  1066 D OomAdjuster: Not killing cached processes
01-07 03:40:21.325     0     0 I [6 T1523  ..] [schedu][0x171e1b3c][03: 40:26.831308] wlan: [1523:I:OSIF] scan start scan id 40970
01-07 03:40:22.902     0     0 I [3 T1523  ..] [schedu][0x173628bd][03: 40:28.407629] wlan: [1523:I:OSIF] vdev 0, scan id 40970 type COMPLETED(1) reason COMPLETED(1) scan found 77 bss
01-07 03:40:28.435   929   929 D HDMI    : [P]:AllocatedAddress=[]
01-07 03:40:30.134   929  4345 D OomAdjuster: Not killing cached processes
01-07 03:40:30.135   929  4345 W ProcessStats: Tracking association SourceState{69d793d system/1000 BTopFgs #1271} whose proc state 2 is better than process ProcessState{b551007 com.sonos.connectivity/10088 pkg=com.sonos.connectivity} proc state 3 (5 skipped)
01-07 03:40:41.248     0     0 W [3 T4904  ..] audit: audit_lost=17802 audit_rate_limit=5 audit_backlog_limit=64
01-07 03:40:41.248     0     0 E [3 T4904  ..] audit: rate limit exceeded
01-07 03:41:21.334     0     0 I [1 T1523  ..] [schedu][0x1ab1c39e][03: 41:26.839853] wlan: [1523:I:OSIF] scan start scan id 40971
01-07 03:41:22.912     0     0 I [7 T1523  ..] [schedu][0x1ac9d846][03: 41:28.418006] wlan: [1523:I:OSIF] vdev 0, scan id 40971 type COMPLETED(1) reason COMPLETED(1) scan found 72 bss
01-07 03:41:28.431   929   929 D HDMI    : [P]:AllocatedAddress=[]
01-07 03:41:32.565   929  2854 D OomAdjuster: Not killing cached processes
01-07 03:41:32.567   929  2854 W ProcessStats: Tracking association SourceState{69d793d system/1000 BTopFgs #1279} whose proc state 2 is better than process ProcessState{b551007 com.sonos.connectivity/10088 pkg=com.sonos.connectivity} proc state 3 (3 skipped)
01-07 03:41:41.338     0     0 W [3 T4935  ..] audit: audit_lost=18004 audit_rate_limit=5 audit_backlog_limit=64
01-07 03:41:41.338     0     0 E [3 T4935  ..] audit: rate limit exceeded
01-07 03:42:21.327     0     0 I [3 T1523  ..] [schedu][0x1e452f08][03: 42:26.832791] wlan: [1523:I:OSIF] scan start scan id 40972
01-07 03:42:22.919     0     0 I [7 T1523  ..] [schedu][0x1e5d7bf5][03: 42:28.425349] wlan: [1523:I:OSIF] vdev 0, scan id 40972 type COMPLETED(1) reason COMPLETED(1) scan found 64 bss
01-07 03:42:28.435   929   929 D HDMI    : [P]:AllocatedAddress=[]
01-07 03:42:34.950   929  4469 D OomAdjuster: Not killing cached processes
01-07 03:42:34.951   929  4469 W ProcessStats: Tracking association SourceState{69d793d system/1000 BTopFgs #1286} whose proc state 2 is better than process ProcessState{b551007 com.sonos.connectivity/10088 pkg=com.sonos.connectivity} proc state 3 (3 skipped)
01-07 03:42:41.423     0     0 W [0 T4965  ..] audit: audit_lost=18137 audit_rate_limit=5 audit_backlog_limit=64
01-07 03:42:41.423     0     0 E [0 T4965  ..] audit: rate limit exceeded
01-07 03:43:21.342     0     0 I [1 T1523  ..] [schedu][0x21d8f18a][03: 43:26.848025] wlan: [1523:I:OSIF] scan start scan id 40973
01-07 03:43:22.926     0     0 I [7 T1523  ..] [schedu][0x21f11d48][03: 43:28.432088] wlan: [1523:I:OSIF] vdev 0, scan id 40973 type COMPLETED(1) reason COMPLETED(1) scan found 72 bss
01-07 03:43:28.435   929   929 D HDMI    : [P]:AllocatedAddress=[]
01-07 03:43:37.315   929  2734 D OomAdjuster: Not killing cached processes
01-07 03:43:37.317   929  2734 W ProcessStats: Tracking association SourceState{69d793d system/1000 BTopFgs #1293} whose proc state 2 is better than process ProcessState{b551007 com.sonos.connectivity/10088 pkg=com.sonos.connectivity} proc state 3 (3 skipped)
01-07 03:43:41.506     0     0 W [2 T5020  ..] audit: audit_lost=18231 audit_rate_limit=5 audit_backlog_limit=64
01-07 03:43:41.506     0     0 E [2 T5020  ..] audit: rate limit exceeded
01-07 03:43:47.167   929   967 D OomAdjuster: Not killing cached processes
01-07 03:43:47.169   929   992 E PackageManager: ERROR: could not load root hash from incremental install
01-07 03:43:47.169   929   992 E PackageManager: Required verifier is null
01-07 03:43:47.180   929  1098 D CompatibilityChangeReporter: Compat change id reported: 150232615; UID -1; state: DISABLED
01-07 03:43:47.188   929  1098 W RuleEvaluation: Integrity rule files are not available.
01-07 03:43:47.188   929   992 I PackageManager: Integrity check passed for file:///data/app/vmdl1867203146.tmp
01-07 03:43:47.200   929   992 D CompatibilityChangeReporter: Compat change id reported: 133396946; UID -1; state: DISABLED
01-07 03:43:47.237   929   992 D PackageManager: Instant App installer not found with android.intent.action.INSTALL_INSTANT_APP_PACKAGE
01-07 03:43:47.237   929   992 D PackageManager: Clear ephemeral installer activity
01-07 03:43:47.248   929   992 V BackupManagerService: [UserID:0] restoreAtInstall pkg=io.appium.settings token=b restoreSet=0
01-07 03:43:47.249   929   992 V BackupManagerService: [UserID:0] Finishing install immediately
01-07 03:43:47.250   929   992 I AppsFilter: interaction: PackageSetting{4c2d619 com.sonos.pinewood.tokenmanager.service/10053} -> PackageSetting{e2c4b7a io.appium.settings/10101} BLOCKED
01-07 03:43:47.250   929   992 I AppsFilter: interaction: PackageSetting{85ffc8e com.sonos.pinewood.ota.service/10049} -> PackageSetting{e2c4b7a io.appium.settings/10101} BLOCKED
01-07 03:43:47.250   929   992 I AppsFilter: interaction: PackageSetting{3a5fcaf com.sonos.pinewood.ota.test/10048} -> PackageSetting{e2c4b7a io.appium.settings/10101} BLOCKED
01-07 03:43:47.250   929   992 I AppsFilter: interaction: PackageSetting{fc1d83 com.amazon.amazonvideo.livingroom.qa/10096} -> PackageSetting{e2c4b7a io.appium.settings/10101} BLOCKED
01-07 03:43:41.744     0     0 E [4 T520   ..] [wifi@1][0x2310412f][03: 43:47.250111] wlan: [520:E:OSIF] wlan_hdd_set_station_stats_request_pending: peer is null
01-07 03:43:47.252   929   992 D PackageInstallerSession: Marking session 1867203146 as applied
01-07 03:43:47.255   929   992 D CompatibilityChangeReporter: Compat change id reported: 168419799; UID 10101; state: DISABLED
01-07 03:43:47.256   929   974 W BatteryExternalStatsWorker: error reading modem stats:ERROR_PHONE_NOT_AVAILABLE
