01-07 03:34:15.869   929   929 D SystemServerTiming: OnBootPhase_480_com.android.server.pm.CrossProfileAppsService
01-07 03:34:15.869   929   929 V SystemServerTiming: OnBootPhase_480_com.android.server.pm.CrossProfileAppsService took to complete: 0ms
01-07 03:34:15.869   929   929 D SystemServerTiming: OnBootPhase_480_com.android.server.people.PeopleService
01-07 03:34:15.869   929   929 V SystemServerTiming: OnBootPhase_480_com.android.server.people.PeopleService took to complete: 0ms
01-07 03:34:15.869   929   929 D SystemServerTiming: OnBootPhase_480_com.android.server.media.metrics.MediaMetricsManagerService
01-07 03:34:15.869   929   929 V SystemServerTiming: OnBootPhase_480_com.android.server.media.metrics.MediaMetricsManagerService took to complete: 0ms
01-07 03:34:15.869   929   929 D SystemServerTiming: OnBootPhase_480_com.android.server.media.projection.MediaProjectionManagerService
01-07 03:34:15.869   929   929 V SystemServerTiming: OnBootPhase_480_com.android.server.media.projection.MediaProjectionManagerService took to complete: 0ms
01-07 03:34:15.869   929   929 D SystemServerTiming: OnBootPhase_480_com.android.server.slice.SliceManagerService$Lifecycle
01-07 03:34:15.869   929   929 V SystemServerTiming: OnBootPhase_480_com.android.server.slice.SliceManagerService$Lifecycle took to complete: 0ms
01-07 03:34:15.869   929   929 D SystemServerTiming: OnBootPhase_480_com.android.server.stats.StatsCompanion$Lifecycle
01-07 03:34:15.869   929   929 V SystemServerTiming: OnBootPhase_480_com.android.server.stats.StatsCompanion$Lifecycle took to complete: 0ms
01-07 03:34:15.869   929   929 D SystemServerTiming: OnBootPhase_480_com.android.server.scheduling.RebootReadinessManagerService$Lifecycle
01-07 03:34:15.869   929   929 V SystemServerTiming: OnBootPhase_480_com.android.server.scheduling.RebootReadinessManagerService$Lifecycle took to complete: 0ms
01-07 03:34:15.869   929   929 D SystemServerTiming: OnBootPhase_480_com.android.server.stats.pull.StatsPullAtomService
01-07 03:34:15.869   929   929 V SystemServerTiming: OnBootPhase_480_com.android.server.stats.pull.StatsPullAtomService took to complete: 0ms
01-07 03:34:15.869   929   929 D SystemServerTiming: OnBootPhase_480_com.android.server.stats.bootstrap.StatsBootstrapAtomService$Lifecycle
01-07 03:34:15.869   929   929 V SystemServerTiming: OnBootPhase_480_com.android.server.stats.bootstrap.StatsBootstrapAtomService$Lifecycle took to complete: 0ms
01-07 03:34:15.869   929   929 D SystemServerTiming: OnBootPhase_480_com.android.server.incident.IncidentCompanionService
01-07 03:34:15.869   929   929 V SystemServerTiming: OnBootPhase_480_com.android.server.incident.IncidentCompanionService took to complete: 0ms
01-07 03:34:15.869   929   929 D SystemServerTiming: OnBootPhase_480_com.android.server.sdksandbox.SdkSandboxManagerService$Lifecycle
01-07 03:34:15.869   929   929 V SystemServerTiming: OnBootPhase_480_com.android.server.sdksandbox.SdkSandboxManagerService$Lifecycle took to complete: 0ms
01-07 03:34:15.869   929   929 D SystemServerTiming: OnBootPhase_480_com.android.server.adservices.AdServicesManagerService$Lifecycle
01-07 03:34:15.870   929   929 V SystemServerTiming: OnBootPhase_480_com.android.server.adservices.AdServicesManagerService$Lifecycle took to complete: 0ms
01-07 03:34:15.870   929   929 D SystemServerTiming: OnBootPhase_480_com.android.server.autofill.AutofillManagerService
01-07 03:34:15.870   929   929 V SystemServerTiming: OnBootPhase_480_com.android.server.autofill.AutofillManagerService took to complete: 0ms
01-07 03:34:15.870   929   929 D SystemServerTiming: OnBootPhase_480_com.android.server.clipboard.ClipboardService
01-07 03:34:15.870   929   929 V SystemServerTiming: OnBootPhase_480_com.android.server.clipboard.ClipboardService took to complete: 0ms
01-07 03:34:15.870   929   929 D SystemServerTiming: OnBootPhase_480_com.android.server.appbinding.AppBindingService$Lifecycle
01-07 03:34:15.870   929   929 V SystemServerTiming: OnBootPhase_480_com.android.server.appbinding.AppBindingService$Lifecycle took to complete: 0ms
01-07 03:34:15.870   929   929 D SystemServerTiming: OnBootPhase_480_com.android.server.tracing.TracingServiceProxy
01-07 03:34:15.870   929   929 V SystemServerTiming: OnBootPhase_480_com.android.server.tracing.TracingServiceProxy took to complete: 0ms
01-07 03:34:15.870   929   929 V SystemServerTiming: OnBootPhase_480 took to complete: 10ms
01-07 03:34:15.870   929   929 V SystemServerTiming: StartBootPhaseLockSettingsReady took to complete: 10ms
01-07 03:34:15.870   929   929 D SystemServerTiming: StartBootPhaseSystemServicesReady
01-07 03:34:15.870   929   929 I SystemServiceManager: Starting phase 500
01-07 03:34:15.870   929   929 D SystemServerTiming: OnBootPhase_500
01-07 03:34:15.870   929   929 D SystemServerTiming: OnBootPhase_500_com.android.server.security.FileIntegrityService
01-07 03:34:15.870   929   929 V SystemServerTiming: OnBootPhase_500_com.android.server.security.FileIntegrityService took to complete: 0ms
01-07 03:34:15.870   929   929 D SystemServerTiming: OnBootPhase_500_com.android.server.pm.Installer
01-07 03:34:15.870   929   929 V SystemServerTiming: OnBootPhase_500_com.android.server.pm.Installer took to complete: 0ms
01-07 03:34:15.870   929   929 D SystemServerTiming: OnBootPhase_500_com.android.server.os.DeviceIdentifiersPolicyService
01-07 03:34:15.870   929   929 V SystemServerTiming: OnBootPhase_500_com.android.server.os.DeviceIdentifiersPolicyService took to complete: 0ms
01-07 03:34:15.870   929   929 D SystemServerTiming: OnBootPhase_500_com.android.server.uri.UriGrantsManagerService$Lifecycle
01-07 03:34:15.871   929   929 V SystemServerTiming: OnBootPhase_500_com.android.server.uri.UriGrantsManagerService$Lifecycle took to complete: 1ms
01-07 03:34:15.871   929   929 D SystemServerTiming: OnBootPhase_500_com.android.server.powerstats.PowerStatsService
01-07 03:34:15.872   929   929 E StatsPullAtomCallbackImpl: Failed to start PowerStatsService statsd pullers
01-07 03:34:15.872   929   929 V SystemServerTiming: OnBootPhase_500_com.android.server.powerstats.PowerStatsService took to complete: 1ms
01-07 03:34:15.872   929   929 D SystemServerTiming: OnBootPhase_500_com.android.server.wm.ActivityTaskManagerService$Lifecycle
01-07 03:34:15.872   929   929 V SystemServerTiming: OnBootPhase_500_com.android.server.wm.ActivityTaskManagerService$Lifecycle took to complete: 0ms
01-07 03:34:15.872   929   929 D SystemServerTiming: OnBootPhase_500_com.android.server.am.ActivityManagerService$Lifecycle
01-07 03:34:15.876   929   929 E BatteryStatsService: Could not register PowerStatsInternal
01-07 03:34:15.880   929   929 V SystemServerTiming: OnBootPhase_500_com.android.server.am.ActivityManagerService$Lifecycle took to complete: 8ms
01-07 03:34:15.880   929   929 D SystemServerTiming: OnBootPhase_500_com.android.server.pm.DataLoaderManagerService
01-07 03:34:15.880   929   929 V SystemServerTiming: OnBootPhase_500_com.android.server.pm.DataLoaderManagerService took to complete: 0ms
01-07 03:34:15.880   929   929 D SystemServerTiming: OnBootPhase_500_com.android.server.power.PowerManagerService
01-07 03:34:15.881   929   929 I AttentionDetector: readValuesFromDeviceConfig():
01-07 03:34:15.881   929   929 I AttentionDetector: mMaximumExtensionMillis=900000
01-07 03:34:15.881   929   929 I AttentionDetector: mPreDimCheckDurationMillis=2000
01-07 03:34:15.881   929   929 I AttentionDetector: mRequestedPostDimTimeoutMillis=0
01-07 03:34:15.885   929   929 W BrightnessThrottler: DeviceConfig BrightnessThrottlingData is null
01-07 03:34:15.885   929   929 E DisplayPowerController[0]: failed to set up display white-balance: java.lang.IllegalStateException: cannot find light sensor
01-07 03:34:15.885   929   929 W DisplayPowerController[0]: Screen brightness nits configuration is unavailable; falling back
01-07 03:34:15.890   929   985 W KeyguardServiceDelegate: onScreenTurningOn(): no keyguard service!
01-07 03:34:15.891   492   492 V ZygoteInitTiming_lazy: PreloadResources took to complete: 55ms
01-07 03:34:15.893   929   985 V DisplayPowerController[0]: Brightness [0.39763778] reason changing to: 'override', previous reason: '0'.
01-07 03:34:15.893   929   985 I DisplayPowerController[0]: BrightnessEvent: disp=0, physDisp=local:4633127902230889483, brt=0.39763778, initBrt=NaN, rcmdBrt=NaN, preBrt=NaN, lux=0.0, preLux=0.0, hbmMax=1.0, hbmMode=off, rbcStrength=0, powerFactor=1.0, thrmMax=1.0, wasShortTermModelActive=false, flags=, reason=override, autoBrightness=false
01-07 03:34:15.894   929   985 I DisplayPowerController[0]: BrightnessEvent: disp=0, physDisp=local:4633127902230889483, brt=0.39763778, initBrt=0.39763778, rcmdBrt=NaN, preBrt=NaN, lux=0.0, preLux=0.0, hbmMax=1.0, hbmMode=off, rbcStrength=0, powerFactor=1.0, thrmMax=1.0, wasShortTermModelActive=false, flags=, reason=override, autoBrightness=false
01-07 03:34:15.894   929   985 I DisplayPowerController[0]: BrightnessEvent: disp=0, physDisp=local:4633127902230889483, brt=0.39763778, initBrt=0.39763778, rcmdBrt=NaN, preBrt=NaN, lux=0.0, preLux=0.0, hbmMax=1.0, hbmMode=off, rbcStrength=0, powerFactor=1.0, thrmMax=1.0, wasShortTermModelActive=false, flags=, reason=override, autoBrightness=false
01-07 03:34:15.894   929   929 I FaceDownDetector: readValuesFromDeviceConfig():
01-07 03:34:15.894   929   929 I FaceDownDetector: mAccelerationThreshold=0.2
01-07 03:34:15.894   929   929 I FaceDownDetector: mZAccelerationThreshold=-9.5
01-07 03:34:15.894   929   929 I FaceDownDetector: mTimeThreshold=PT1S
01-07 03:34:15.894   929   929 I FaceDownDetector: mIsEnabled=true
01-07 03:34:15.894   929   929 I ScreenUndimDetector: readValuesFromDeviceConfig():
01-07 03:34:15.894   929   929 I ScreenUndimDetector: mKeepScreenOnForMillis=600000
01-07 03:34:15.894   929   929 I ScreenUndimDetector: mKeepScreenOnNotificationEnabled=true
01-07 03:34:15.894   929   929 I ScreenUndimDetector: mUndimsRequired=2
01-07 03:34:15.895   929   961 I DisplayDeviceRepository: Display device changed state: "Built-in Screen", ON
01-07 03:34:15.898   929   974 W KernelCpuProcStringReader: File not found. It's normal if not implemented: /proc/uid_concurrent_policy_time
01-07 03:34:15.899   929  1197 E DisplayDeviceConfig: requesting nits when no mapping exists.
01-07 03:34:15.899   929  1197 E DisplayDeviceConfig: requesting nits when no mapping exists.
01-07 03:34:15.900   929   985 I DisplayPowerController[0]: BrightnessEvent: disp=0, physDisp=local:4633127902230889483, brt=0.39763778, initBrt=0.39763778, rcmdBrt=NaN, preBrt=NaN, lux=0.0, preLux=0.0, hbmMax=1.0, hbmMode=off, rbcStrength=0, powerFactor=1.0, thrmMax=1.0, wasShortTermModelActive=false, flags=, reason=override, autoBrightness=false
01-07 03:34:15.901   929   967 I DropBoxManagerService: add tag=system_server_wtf isTagEnabled=true flags=0x2
01-07 03:34:15.902   929   929 V SystemServerTiming: OnBootPhase_500_com.android.server.power.PowerManagerService took to complete: 22ms
01-07 03:34:15.902   929   929 D SystemServerTiming: OnBootPhase_500_com.android.server.power.ThermalManagerService
01-07 03:34:15.902   929   929 V SystemServerTiming: OnBootPhase_500_com.android.server.power.ThermalManagerService took to complete: 0ms
01-07 03:34:15.902   929   929 D SystemServerTiming: OnBootPhase_500_com.android.server.power.hint.HintManagerService
01-07 03:34:15.902   929   929 V HintManagerService: Initializing HintManager service...
01-07 03:34:15.902   929   929 V HistoricalRegistry: Interaction before persistence initialized
01-07 03:34:15.902   929   929 V SystemServerTiming: OnBootPhase_500_com.android.server.power.hint.HintManagerService took to complete: 0ms
01-07 03:34:15.902   929   929 D SystemServerTiming: OnBootPhase_500_com.android.server.recoverysystem.RecoverySystemService$Lifecycle
01-07 03:34:15.902   929   929 V SystemServerTiming: OnBootPhase_500_com.android.server.recoverysystem.RecoverySystemService$Lifecycle took to complete: 0ms
01-07 03:34:15.902   929   929 D SystemServerTiming: OnBootPhase_500_com.android.server.lights.LightsService
01-07 03:34:15.902   929   929 V SystemServerTiming: OnBootPhase_500_com.android.server.lights.LightsService took to complete: 0ms
01-07 03:34:15.902   929   929 D SystemServerTiming: OnBootPhase_500_com.android.server.display.DisplayManagerService
01-07 03:34:15.902   929   929 V SystemServerTiming: OnBootPhase_500_com.android.server.display.DisplayManagerService took to complete: 0ms
01-07 03:34:15.902   929   929 D SystemServerTiming: OnBootPhase_500_com.android.server.pm.verify.domain.DomainVerificationService
01-07 03:34:15.902   929   929 V SystemServerTiming: OnBootPhase_500_com.android.server.pm.verify.domain.DomainVerificationService took to complete: 0ms
01-07 03:34:15.902   929   929 D SystemServerTiming: OnBootPhase_500_com.android.server.pm.PackageInstallerService$Lifecycle
01-07 03:34:15.902   929   929 V SystemServerTiming: OnBootPhase_500_com.android.server.pm.PackageInstallerService$Lifecycle took to complete: 0ms
01-07 03:34:15.902   929   967 I DropBoxManagerService: add tag=system_server_wtf isTagEnabled=true flags=0x2
01-07 03:34:15.903   929   929 D SystemServerTiming: OnBootPhase_500_com.android.server.pm.UserManagerService$LifeCycle
01-07 03:34:15.903   929   929 V SystemServerTiming: OnBootPhase_500_com.android.server.pm.UserManagerService$LifeCycle took to complete: 0ms
01-07 03:34:15.903   929   929 D SystemServerTiming: OnBootPhase_500_com.android.server.om.OverlayManagerService
01-07 03:34:15.903   929   929 V SystemServerTiming: OnBootPhase_500_com.android.server.om.OverlayManagerService took to complete: 0ms
01-07 03:34:15.903   929   929 D SystemServerTiming: OnBootPhase_500_com.android.server.resources.ResourcesManagerService
01-07 03:34:15.903   929   929 V SystemServerTiming: OnBootPhase_500_com.android.server.resources.ResourcesManagerService took to complete: 0ms
01-07 03:34:15.903   929   929 D SystemServerTiming: OnBootPhase_500_com.android.server.sensorprivacy.SensorPrivacyService
01-07 03:34:15.906   929   929 D CompatibilityChangeReporter: Compat change id reported: 157233955; UID 1000; state: ENABLED
01-07 03:34:15.907   929   929 V SystemServerTiming: OnBootPhase_500_com.android.server.sensorprivacy.SensorPrivacyService took to complete: 3ms
01-07 03:34:15.907   929   929 D SystemServerTiming: OnBootPhase_500_com.android.server.sensors.SensorService
01-07 03:34:15.907   929   929 V SystemServerTiming: OnBootPhase_500_com.android.server.sensors.SensorService took to complete: 0ms
01-07 03:34:15.907   929   929 D SystemServerTiming: OnBootPhase_500_com.android.server.SystemConfigService
01-07 03:34:15.907   929   929 V SystemServerTiming: OnBootPhase_500_com.android.server.SystemConfigService took to complete: 0ms
01-07 03:34:15.907   929   929 D SystemServerTiming: OnBootPhase_500_com.android.server.BatteryService
01-07 03:34:15.908   929   929 V SystemServerTiming: OnBootPhase_500_com.android.server.BatteryService took to complete: 0ms
01-07 03:34:15.908   929   929 D SystemServerTiming: OnBootPhase_500_com.android.server.usage.UsageStatsService
01-07 03:34:15.909   929   929 D AppStandbyController: Setting app idle enabled state
01-07 03:34:15.915   929   929 V HistoricalRegistry: Interaction before persistence initialized
01-07 03:34:15.915   929   929 V SystemServerTiming: OnBootPhase_500_com.android.server.usage.UsageStatsService took to complete: 7ms
01-07 03:34:15.915   929   929 D SystemServerTiming: OnBootPhase_500_com.android.server.webkit.WebViewUpdateService
01-07 03:34:15.915   929   929 V SystemServerTiming: OnBootPhase_500_com.android.server.webkit.WebViewUpdateService took to complete: 0ms
01-07 03:34:15.915   929   929 D SystemServerTiming: OnBootPhase_500_com.android.server.CachedDeviceStateService
01-07 03:34:15.915   929   929 V SystemServerTiming: OnBootPhase_500_com.android.server.CachedDeviceStateService took to complete: 0ms
01-07 03:34:15.915   929   929 D SystemServerTiming: OnBootPhase_500_com.android.server.BinderCallsStatsService$LifeCycle
01-07 03:34:15.918   929   929 V SystemServerTiming: OnBootPhase_500_com.android.server.BinderCallsStatsService$LifeCycle took to complete: 3ms
01-07 03:34:15.918   929   929 D SystemServerTiming: OnBootPhase_500_com.android.server.LooperStatsService$Lifecycle
01-07 03:34:15.919   929   929 V SystemServerTiming: OnBootPhase_500_com.android.server.LooperStatsService$Lifecycle took to complete: 1ms
01-07 03:34:15.919   929   929 D SystemServerTiming: OnBootPhase_500_com.android.server.rollback.RollbackManagerService
01-07 03:34:15.919   929   929 V SystemServerTiming: OnBootPhase_500_com.android.server.rollback.RollbackManagerService took to complete: 0ms
01-07 03:34:15.919   929   929 D SystemServerTiming: OnBootPhase_500_com.android.server.os.NativeTombstoneManagerService
01-07 03:34:15.919   929   929 V SystemServerTiming: OnBootPhase_500_com.android.server.os.NativeTombstoneManagerService took to complete: 0ms
01-07 03:34:15.919   929   929 D SystemServerTiming: OnBootPhase_500_com.android.server.os.BugreportManagerService
01-07 03:34:15.919   929   929 V SystemServerTiming: OnBootPhase_500_com.android.server.os.BugreportManagerService took to complete: 0ms
01-07 03:34:15.919   929   929 D SystemServerTiming: OnBootPhase_500_com.android.server.gpu.GpuService
01-07 03:34:15.919   929   929 V SystemServerTiming: OnBootPhase_500_com.android.server.gpu.GpuService took to complete: 0ms
01-07 03:34:15.919   929   929 D SystemServerTiming: OnBootPhase_500_com.android.server.security.KeyChainSystemService
01-07 03:34:15.919   929   929 V SystemServerTiming: OnBootPhase_500_com.android.server.security.KeyChainSystemService took to complete: 0ms
01-07 03:34:15.919   929   929 D SystemServerTiming: OnBootPhase_500_com.android.server.BinaryTransparencyService
01-07 03:34:15.919   929   929 V SystemServerTiming: OnBootPhase_500_com.android.server.BinaryTransparencyService took to complete: 0ms
01-07 03:34:15.919   929   929 D SystemServerTiming: OnBootPhase_500_com.android.server.accounts.AccountManagerService$Lifecycle
01-07 03:34:15.919   929   929 V SystemServerTiming: OnBootPhase_500_com.android.server.accounts.AccountManagerService$Lifecycle took to complete: 0ms
01-07 03:34:15.919   929   929 D SystemServerTiming: OnBootPhase_500_com.android.server.content.ContentService$Lifecycle
01-07 03:34:15.919   929   929 V SystemServerTiming: OnBootPhase_500_com.android.server.content.ContentService$Lifecycle took to complete: 0ms
01-07 03:34:15.919   929   929 D SystemServerTiming: OnBootPhase_500_com.android.server.DropBoxManagerService
01-07 03:34:15.920   929   929 V SystemServerTiming: OnBootPhase_500_com.android.server.DropBoxManagerService took to complete: 1ms
01-07 03:34:15.920   929   929 D SystemServerTiming: OnBootPhase_500_com.android.role.RoleService
01-07 03:34:15.920   929   929 V SystemServerTiming: OnBootPhase_500_com.android.role.RoleService took to complete: 0ms
01-07 03:34:15.920   929   929 D SystemServerTiming: OnBootPhase_500_com.android.server.vibrator.VibratorManagerService$Lifecycle
01-07 03:34:15.920   929   929 V VibratorManagerService: Initializing VibratorManager service...
01-07 03:34:15.950   929   929 V HistoricalRegistry: Interaction before persistence initialized
01-07 03:34:15.984   929   929 V VibratorManagerService: VibratorManager service initialized
01-07 03:34:15.984   929   929 W SystemServiceManager: Service com.android.server.vibrator.VibratorManagerService$Lifecycle took 64 ms in onBootPhase
01-07 03:34:15.984   929   929 V SystemServerTiming: OnBootPhase_500_com.android.server.vibrator.VibratorManagerService$Lifecycle took to complete: 64ms
01-07 03:34:15.984   929   929 D SystemServerTiming: OnBootPhase_500_com.android.server.tare.InternalResourceService
01-07 03:34:15.985   929   929 V SystemServerTiming: OnBootPhase_500_com.android.server.tare.InternalResourceService took to complete: 1ms
01-07 03:34:15.985   929   929 D SystemServerTiming: OnBootPhase_500_com.android.server.alarm.AlarmManagerService
01-07 03:34:15.987   929   929 V SystemServerTiming: OnBootPhase_500_com.android.server.alarm.AlarmManagerService took to complete: 2ms
01-07 03:34:15.987   929   929 D SystemServerTiming: OnBootPhase_500_com.android.server.devicestate.DeviceStateManagerService
01-07 03:34:15.987   929   929 V SystemServerTiming: OnBootPhase_500_com.android.server.devicestate.DeviceStateManagerService took to complete: 0ms
01-07 03:34:15.987   929   929 D SystemServerTiming: OnBootPhase_500_com.android.server.bluetooth.BluetoothService
01-07 03:34:15.987   929   929 V SystemServerTiming: OnBootPhase_500_com.android.server.bluetooth.BluetoothService took to complete: 0ms
01-07 03:34:15.987   929   929 D SystemServerTiming: OnBootPhase_500_com.android.server.connectivity.IpConnectivityMetrics
01-07 03:34:15.989   929   929 V SystemServerTiming: OnBootPhase_500_com.android.server.connectivity.IpConnectivityMetrics took to complete: 2ms
01-07 03:34:15.989   929   929 D SystemServerTiming: OnBootPhase_500_com.android.server.net.watchlist.NetworkWatchlistService$Lifecycle
01-07 03:34:15.989   929   929 V SystemServerTiming: OnBootPhase_500_com.android.server.net.watchlist.NetworkWatchlistService$Lifecycle took to complete: 0ms
01-07 03:34:15.989   929   929 D SystemServerTiming: OnBootPhase_500_com.android.server.PinnerService
01-07 03:34:15.990   929   929 V SystemServerTiming: OnBootPhase_500_com.android.server.PinnerService took to complete: 0ms
01-07 03:34:15.990   929   929 D SystemServerTiming: OnBootPhase_500_com.android.server.integrity.AppIntegrityManagerService
01-07 03:34:15.990   929   929 V SystemServerTiming: OnBootPhase_500_com.android.server.integrity.AppIntegrityManagerService took to complete: 0ms
01-07 03:34:15.990   929   929 D SystemServerTiming: OnBootPhase_500_com.android.server.logcat.LogcatManagerService
01-07 03:34:15.990   929   929 V SystemServerTiming: OnBootPhase_500_com.android.server.logcat.LogcatManagerService took to complete: 0ms
01-07 03:34:15.990   929   929 D SystemServerTiming: OnBootPhase_500_com.android.server.inputmethod.InputMethodManagerService$Lifecycle
01-07 03:34:15.990   929   929 V SystemServerTiming: OnBootPhase_500_com.android.server.inputmethod.InputMethodManagerService$Lifecycle took to complete: 0ms
01-07 03:34:15.990   929   929 D SystemServerTiming: OnBootPhase_500_com.android.server.accessibility.AccessibilityManagerService$Lifecycle
01-07 03:34:15.990   929   929 V SystemServerTiming: OnBootPhase_500_com.android.server.accessibility.AccessibilityManagerService$Lifecycle took to complete: 0ms
01-07 03:34:15.990   929   929 D SystemServerTiming: OnBootPhase_500_com.android.server.StorageManagerService$Lifecycle
01-07 03:34:15.991   929   929 V SystemServerTiming: OnBootPhase_500_com.android.server.StorageManagerService$Lifecycle took to complete: 1ms
01-07 03:34:15.991   929   929 D SystemServerTiming: OnBootPhase_500_com.android.server.usage.StorageStatsService$Lifecycle
01-07 03:34:15.991   929   929 V SystemServerTiming: OnBootPhase_500_com.android.server.usage.StorageStatsService$Lifecycle took to complete: 0ms
01-07 03:34:15.991   929   929 D SystemServerTiming: OnBootPhase_500_com.android.server.UiModeManagerService
01-07 03:34:15.993   929   929 I ActivityTaskManager: Config changes=200 {1.0 ?mcc?mnc [en_US] ldltr sw540dp w960dp h540dp 320dpi lrg long land television night -touch -keyb/v/h dpad/v winConfig={ mBounds=Rect(0, 0 - 1920, 1080) mAppBounds=Rect(0, 0 - 1920, 1080) mMaxBounds=Rect(0, 0 - 1920, 1080) mDisplayRotation=ROTATION_0 mWindowingMode=fullscreen mDisplayWindowingMode=fullscreen mActivityType=undefined mAlwaysOnTop=undefined mRotation=ROTATION_0} s.4 ?fontWeightAdjustment}
01-07 03:34:15.996   929   929 I WindowManager: Override config changes=200 {1.0 ?mcc?mnc [en_US] ldltr sw540dp w960dp h540dp 320dpi lrg long land television night -touch -keyb/v/h dpad/v winConfig={ mBounds=Rect(0, 0 - 1920, 1080) mAppBounds=Rect(0, 0 - 1920, 1080) mMaxBounds=Rect(0, 0 - 1920, 1080) mDisplayRotation=ROTATION_0 mWindowingMode=fullscreen mDisplayWindowingMode=fullscreen mActivityType=undefined mAlwaysOnTop=undefined mRotation=ROTATION_0} s.4 ?fontWeightAdjustment} for displayId=0
01-07 03:34:15.998   929   929 V SystemServerTiming: OnBootPhase_500_com.android.server.UiModeManagerService took to complete: 7ms
01-07 03:34:15.998   929   929 D SystemServerTiming: OnBootPhase_500_com.android.server.locales.LocaleManagerService
01-07 03:34:15.998   929   929 V SystemServerTiming: OnBootPhase_500_com.android.server.locales.LocaleManagerService took to complete: 0ms
01-07 03:34:15.998   929   929 D SystemServerTiming: OnBootPhase_500_com.android.server.locksettings.LockSettingsService$Lifecycle
01-07 03:34:15.998   929   929 V SystemServerTiming: OnBootPhase_500_com.android.server.locksettings.LockSettingsService$Lifecycle took to complete: 0ms
01-07 03:34:15.998   929   929 D SystemServerTiming: OnBootPhase_500_com.android.server.PersistentDataBlockService
01-07 03:34:15.998   929   929 V SystemServerTiming: OnBootPhase_500_com.android.server.PersistentDataBlockService took to complete: 0ms
01-07 03:34:15.998   929   929 D SystemServerTiming: OnBootPhase_500_com.android.server.testharness.TestHarnessModeService
01-07 03:34:15.998   929   929 D TestHarnessModeService: Setting up test harness mode
01-07 03:34:15.998   929   929 D TestHarnessModeService: Getting PersistentDataBlockManagerInternal from LocalServices
01-07 03:34:16.033   929   929 V SystemServerTiming: OnBootPhase_500_com.android.server.testharness.TestHarnessModeService took to complete: 35ms
01-07 03:34:16.033   929   929 D SystemServerTiming: OnBootPhase_500_com.android.server.oemlock.OemLockService
01-07 03:34:16.033   929   929 V SystemServerTiming: OnBootPhase_500_com.android.server.oemlock.OemLockService took to complete: 0ms
01-07 03:34:16.033   929   929 D SystemServerTiming: OnBootPhase_500_com.android.server.DeviceIdleController
01-07 03:34:16.037   929   929 V HistoricalRegistry: Interaction before persistence initialized
01-07 03:34:16.038   929   929 V SystemServerTiming: OnBootPhase_500_com.android.server.DeviceIdleController took to complete: 5ms
01-07 03:34:16.038   929   929 D SystemServerTiming: OnBootPhase_500_com.android.server.devicepolicy.DevicePolicyManagerService$Lifecycle
01-07 03:34:16.038   929   929 V SystemServerTiming: OnBootPhase_500_com.android.server.devicepolicy.DevicePolicyManagerService$Lifecycle took to complete: 0ms
01-07 03:34:16.038   929   929 D SystemServerTiming: OnBootPhase_500_com.android.server.texttospeech.TextToSpeechManagerService
01-07 03:34:16.038   929   929 V SystemServerTiming: OnBootPhase_500_com.android.server.texttospeech.TextToSpeechManagerService took to complete: 0ms
01-07 03:34:16.038   929   929 D SystemServerTiming: OnBootPhase_500_com.android.server.ambientcontext.AmbientContextManagerService
01-07 03:34:16.039   929   929 V SystemServerTiming: OnBootPhase_500_com.android.server.ambientcontext.AmbientContextManagerService took to complete: 1ms
01-07 03:34:16.039   929   929 D SystemServerTiming: OnBootPhase_500_com.android.server.speech.SpeechRecognitionManagerService
01-07 03:34:16.039   929   929 V SystemServerTiming: OnBootPhase_500_com.android.server.speech.SpeechRecognitionManagerService took to complete: 0ms
01-07 03:34:16.039   929   929 D SystemServerTiming: OnBootPhase_500_com.android.server.searchui.SearchUiManagerService
01-07 03:34:16.039   929   929 V SystemServerTiming: OnBootPhase_500_com.android.server.searchui.SearchUiManagerService took to complete: 0ms
01-07 03:34:16.039   929   929 D SystemServerTiming: OnBootPhase_500_com.android.server.smartspace.SmartspaceManagerService
01-07 03:34:16.039   929   929 V SystemServerTiming: OnBootPhase_500_com.android.server.smartspace.SmartspaceManagerService took to complete: 0ms
01-07 03:34:16.039   929   929 D SystemServerTiming: OnBootPhase_500_com.android.server.graphics.fonts.FontManagerService$Lifecycle
01-07 03:34:16.039   929   929 V SystemServerTiming: OnBootPhase_500_com.android.server.graphics.fonts.FontManagerService$Lifecycle took to complete: 0ms
01-07 03:34:16.039   929   929 D SystemServerTiming: OnBootPhase_500_com.android.server.textservices.TextServicesManagerService$Lifecycle
01-07 03:34:16.039   929   929 V SystemServerTiming: OnBootPhase_500_com.android.server.textservices.TextServicesManagerService$Lifecycle took to complete: 0ms
01-07 03:34:16.039   929   929 D SystemServerTiming: OnBootPhase_500_com.android.server.textclassifier.TextClassificationManagerService$Lifecycle
01-07 03:34:16.039   929   929 V SystemServerTiming: OnBootPhase_500_com.android.server.textclassifier.TextClassificationManagerService$Lifecycle took to complete: 0ms
01-07 03:34:16.039   929   929 D SystemServerTiming: OnBootPhase_500_com.android.server.NetworkScoreService$Lifecycle
01-07 03:34:16.040   929   929 V SystemServerTiming: OnBootPhase_500_com.android.server.NetworkScoreService$Lifecycle took to complete: 1ms
01-07 03:34:16.040   929   929 D SystemServerTiming: OnBootPhase_500_com.android.server.NetworkStatsServiceInitializer
01-07 03:34:16.040   929   929 V SystemServerTiming: OnBootPhase_500_com.android.server.NetworkStatsServiceInitializer took to complete: 0ms
01-07 03:34:16.040   929   929 D SystemServerTiming: OnBootPhase_500_com.android.server.wifi.WifiService
01-07 03:34:16.040   929   929 V SystemServerTiming: OnBootPhase_500_com.android.server.wifi.WifiService took to complete: 0ms
01-07 03:34:16.040   929   929 D SystemServerTiming: OnBootPhase_500_com.android.server.wifi.scanner.WifiScanningService
01-07 03:34:16.040   929   929 V SystemServerTiming: OnBootPhase_500_com.android.server.wifi.scanner.WifiScanningService took to complete: 0ms
01-07 03:34:16.040   929   929 D SystemServerTiming: OnBootPhase_500_com.android.server.wifi.p2p.WifiP2pService
01-07 03:34:16.046   929   929 V SystemServerTiming: OnBootPhase_500_com.android.server.wifi.p2p.WifiP2pService took to complete: 5ms
01-07 03:34:16.046   929   929 D SystemServerTiming: OnBootPhase_500_com.android.server.ConnectivityServiceInitializer
01-07 03:34:16.048   929   929 V SystemServerTiming: OnBootPhase_500_com.android.server.ConnectivityServiceInitializer took to complete: 2ms
01-07 03:34:16.049   929   929 D SystemServerTiming: OnBootPhase_500_com.android.server.notification.NotificationManagerService
01-07 03:34:16.072     0     0 I         : [6 T490   ..] Airoha AN8801R 0.0:07: Disable CLKOUT !
01-07 03:34:16.075     0     0 I         : [3 T490   ..] Airoha AN8801R 0.0:07: Rxdelay align
01-07 03:34:16.077     0     0 I         : [0 T490   ..] Airoha AN8801R 0.0:07: Force rxdelay = 0(0x1000010)
01-07 03:34:16.079     0     0 I         : [6 T490   ..] Airoha AN8801R 0.0:07: Force txdelay = 4(0x1000004)
01-07 03:34:16.085   520   520 W android.hardware.wifi@1.0-service.droidlogic: --------------------------------
01-07 03:34:16.085   520   520 W android.hardware.wifi@1.0-service.droidlogic: Wi-Fi Hal(Amlogic multi-wifi so library) build info:
01-07 03:34:16.085   520   520 W android.hardware.wifi@1.0-service.droidlogic: Author: ShenZhen wifi platform team
01-07 03:34:16.085   520   520 W android.hardware.wifi@1.0-service.droidlogic: Branch name: s-amlogic
01-07 03:34:16.085   520   520 W android.hardware.wifi@1.0-service.droidlogic: Last Commit Info:
01-07 03:34:16.085   520   520 W android.hardware.wifi@1.0-service.droidlogic:   commit 18393865517c254040093ebc64f24da046b7159e
01-07 03:34:16.085   520   520 W android.hardware.wifi@1.0-service.droidlogic:   Author: libo <bo.li@amlogic.com>
01-07 03:34:16.085   520   520 W android.hardware.wifi@1.0-service.droidlogic:   Date: 2022-10-20 21:53:52 +0800
01-07 03:34:16.085   520   520 W android.hardware.wifi@1.0-service.droidlogic:   PD#SWPL-96954
01-07 03:34:16.085   520   520 W android.hardware.wifi@1.0-service.droidlogic:   Change-Id: Ic74e60dc4d86b64fa34d52b849d0229f8041c1b9
01-07 03:34:16.085   520   520 W android.hardware.wifi@1.0-service.droidlogic:   uncommit file num: 0
01-07 03:34:16.085   520   520 W android.hardware.wifi@1.0-service.droidlogic: Build name: bo.li
01-07 03:34:16.085   520   520 W android.hardware.wifi@1.0-service.droidlogic: Build time: 2022-11-17 17:15:52 +0800
01-07 03:34:16.085   520   520 W android.hardware.wifi@1.0-service.droidlogic: Build type: userdebug
01-07 03:34:16.085   520   520 W android.hardware.wifi@1.0-service.droidlogic: Build arch: arm64
01-07 03:34:16.085   520   520 W android.hardware.wifi@1.0-service.droidlogic: Build use wifi_info so library: true
01-07 03:34:16.085   520   520 W android.hardware.wifi@1.0-service.droidlogic: --------------------------------
01-07 03:34:16.085   520   520 E android.hardware.wifi@1.0-service.droidlogic: use wifi info
01-07 03:34:16.086   520   520 E android.hardware.wifi@1.0-service.droidlogic: pci class id: 0xabcd
01-07 03:34:16.086   520   520 E android.hardware.wifi@1.0-service.droidlogic: pci class id: 0x1107
01-07 03:34:16.086   520   520 E android.hardware.wifi@1.0-service.droidlogic: found the match  wifi is: qcc2076
01-07 03:34:16.086   520   520 E android.hardware.wifi@1.0-service.droidlogic: insmod driver: /vendor/lib/modules/wlan_cnss_core_pcie.ko
01-07 03:34:16.110     0     0 I         : [4 T490   ..] Airoha AN8801R 0.0:07: LED initialize OK !
01-07 03:34:16.110     0     0 I         : [4 T490   ..] Airoha AN8801R 0.0:07: Initialize OK ! (1.0.8)
01-07 03:34:16.110     0     0 I         : [4 T490   ..] meson8b-dwmac fdc00000.ethernet eth0: PHY [0.0:07] driver [Airoha AN8801R] (irq=POLL)
01-07 03:34:16.111     0     0 I         : [7 T490   ..] meson8b-dwmac fdc00000.ethernet eth0: Register MEM_TYPE_PAGE_POOL RxQ-0
01-07 03:34:16.116     0     0 I [6 T520   ..] NET: Registered PF_QIPCRTR protocol family
01-07 03:34:16.116     0     0 E [6 T520   ..] cnss: PCI device not probed yet
01-07 03:34:16.117     0     0 W         : [6 T520   ..] Failed to set up IOMMU for device 0000:01:00.0; retaining platform DMA ops
01-07 03:34:16.117     0     0 D [6 T520   ..] cnss: PCI is probing, vendor ID: 0x17cb, device ID: 0x1107
01-07 03:34:16.117     0     0 E [6 T520   ..] cnss: Failed to init reserved mem device, err = -22
01-07 03:34:16.117     0     0 D [6 T520   ..] cnss: Ramdump size 0x780000
01-07 03:34:16.117     0     0 I         : [6 T520   ..] cnss_pci 0000:01:00.0: BAR 0: assigned [mem 0xf5800000-0xf59fffff 64bit]
01-07 03:34:16.117     0     0 I         : [6 T520   ..] cnss_pci 0000:01:00.0: enabling device (0000 -> 0002)
01-07 03:34:16.117     0     0 D [6 T520   ..] cnss: Set PCI DMA MASK (0xfffffffff)
01-07 03:34:16.119     0     0 D [6 T520   ..] cnss: request MSI one vector
01-07 03:34:16.119     0     0 D [6 T520   ..] cnss: MSI base data is 1
01-07 03:34:16.119     0     0 D [6 T520   ..] cnss: BAR starts at 0x00000000f5800000, length is 200000
01-07 03:34:16.119     0     0 D [6 T520   ..] cnss: Assign MSI to user: MHI, num_vectors: 1, user_base_data: 1, base_vector: 0
01-07 03:34:16.119     0     0 D [6 T520   ..] cnss: Number of assigned MSI for MHI is 3, base vector is 0
01-07 03:34:16.119     0     0 D [6 T520   ..] cnss: Get IRQ number 101 for vector index 0
01-07 03:34:16.119     0     0 D [6 T520   ..] cnss: Get IRQ number 101 for vector index 0
01-07 03:34:16.119     0     0 D [6 T520   ..] cnss: Get IRQ number 101 for vector index 0
01-07 03:34:16.120     0     0 D [6 T520   ..] cnss: Get device version info, family number: 0x4, device number: 0x17, major version: 0x2, minor version: 0x0
01-07 03:34:16.120     0     0 D [6 T520   ..] cnss: FW name is amss20.bin, FW fallback name is amss20.bin
01-07 03:34:16.120     0     0 D [6 T520   ..] cnss: Get PCI link status register: 4114
01-07 03:34:16.118   520   520 E android.hardware.wifi@1.0-service.droidlogic: insmod driver: /vendor/lib/modules/wlan.ko
01-07 03:34:16.120     0     0 D [6 T520   ..] cnss: Default PCI link speed is 0x2, link width is 0x1
01-07 03:34:16.120     0     0 D [6 T520   ..] cnss: pci link_ctl 0x0040
01-07 03:34:16.120     0     0 I [6 T520   ..] cnss: Platform driver probed successfully.
01-07 03:34:16.120     0     0 I [6 T520   ..] cnss_prealloc: created mempool cnss-pool-8k of min size 22 * 8192
01-07 03:34:16.120     0     0 I [6 T520   ..] cnss_prealloc: created mempool cnss-pool-16k of min size 16 * 16384
01-07 03:34:16.120     0     0 I [6 T520   ..] cnss_prealloc: created mempool cnss-pool-32k of min size 6 * 32768
01-07 03:34:16.121     0     0 I [6 T520   ..] cnss_prealloc: created mempool cnss-pool-64k of min size 8 * 65536
01-07 03:34:16.121     0     0 I [6 T520   ..] cnss_prealloc: created mempool cnss-pool-128k of min size 2 * 131072
01-07 03:34:16.121     0     0 I         : [0 T490   ..] meson8b-dwmac fdc00000.ethernet eth0: No Safety Features support found
01-07 03:34:16.121     0     0 I         : [0 T490   ..] meson8b-dwmac fdc00000.ethernet eth0: IEEE 1588-2008 Advanced Timestamp supported
01-07 03:34:16.121     0     0 I         : [0 T490   ..] meson8b-dwmac fdc00000.ethernet eth0: registered PTP clock
01-07 03:34:16.123     0     0 I         : [0 T490   ..] meson8b-dwmac fdc00000.ethernet eth0: configuring for phy/rgmii-id link mode
01-07 03:34:16.137   929  1061 V SystemServerTimingAsync: SecondaryZygotePreload took to complete: 1665ms
01-07 03:34:16.137   929  1061 D SystemServerInitThreadPool: Finished executing SecondaryZygotePreload
01-07 03:34:16.137   929  1061 V SystemServerTimingAsync: InitThreadPoolExec:SecondaryZygotePreload took to complete: 1666ms
01-07 03:34:16.164   929   929 W SystemServiceManager: Service com.android.server.notification.NotificationManagerService took 115 ms in onBootPhase
01-07 03:34:16.164   929   929 V SystemServerTiming: OnBootPhase_500_com.android.server.notification.NotificationManagerService took to complete: 115ms
01-07 03:34:16.164   929   929 D SystemServerTiming: OnBootPhase_500_com.android.server.storage.DeviceStorageMonitorService
01-07 03:34:16.164   929   929 V SystemServerTiming: OnBootPhase_500_com.android.server.storage.DeviceStorageMonitorService took to complete: 0ms
01-07 03:34:16.164   929   929 D SystemServerTiming: OnBootPhase_500_com.android.server.location.LocationManagerService$Lifecycle
01-07 03:34:16.165   929   929 V HistoricalRegistry: Interaction before persistence initialized
01-07 03:34:16.168   929   929 V SystemServerTiming: OnBootPhase_500_com.android.server.location.LocationManagerService$Lifecycle took to complete: 4ms
01-07 03:34:16.168   929   929 D SystemServerTiming: OnBootPhase_500_com.android.server.timedetector.TimeDetectorService$Lifecycle
01-07 03:34:16.168   929   929 V SystemServerTiming: OnBootPhase_500_com.android.server.timedetector.TimeDetectorService$Lifecycle took to complete: 0ms
01-07 03:34:16.168   929   929 D SystemServerTiming: OnBootPhase_500_com.android.server.timezonedetector.TimeZoneDetectorService$Lifecycle
01-07 03:34:16.168   929   929 V SystemServerTiming: OnBootPhase_500_com.android.server.timezonedetector.TimeZoneDetectorService$Lifecycle took to complete: 0ms
01-07 03:34:16.168   929   929 D SystemServerTiming: OnBootPhase_500_com.android.server.timezonedetector.location.LocationTimeZoneManagerService$Lifecycle
01-07 03:34:16.168   929   929 V SystemServerTiming: OnBootPhase_500_com.android.server.timezonedetector.location.LocationTimeZoneManagerService$Lifecycle took to complete: 0ms
01-07 03:34:16.168   929   929 D SystemServerTiming: OnBootPhase_500_com.android.server.search.SearchManagerService$Lifecycle
01-07 03:34:16.168   929   929 V SystemServerTiming: OnBootPhase_500_com.android.server.search.SearchManagerService$Lifecycle took to complete: 0ms
01-07 03:34:16.168   929   929 D SystemServerTiming: OnBootPhase_500_com.android.server.wallpaper.WallpaperManagerService$Lifecycle
01-07 03:34:16.169   929   929 V SystemServerTiming: OnBootPhase_500_com.android.server.wallpaper.WallpaperManagerService$Lifecycle took to complete: 1ms
01-07 03:34:16.169   929   929 D SystemServerTiming: OnBootPhase_500_com.android.server.wallpapereffectsgeneration.WallpaperEffectsGenerationManagerService
01-07 03:34:16.169   929   929 V SystemServerTiming: OnBootPhase_500_com.android.server.wallpapereffectsgeneration.WallpaperEffectsGenerationManagerService took to complete: 0ms
01-07 03:34:16.169   929   929 D SystemServerTiming: OnBootPhase_500_com.android.server.audio.AudioService$Lifecycle
01-07 03:34:16.169   929   929 V SystemServerTiming: OnBootPhase_500_com.android.server.audio.AudioService$Lifecycle took to complete: 0ms
01-07 03:34:16.169   929   929 D SystemServerTiming: OnBootPhase_500_com.android.server.soundtrigger_middleware.SoundTriggerMiddlewareService$Lifecycle
01-07 03:34:16.169   929   929 V SystemServerTiming: OnBootPhase_500_com.android.server.soundtrigger_middleware.SoundTriggerMiddlewareService$Lifecycle took to complete: 0ms
01-07 03:34:16.169   929   929 D SystemServerTiming: OnBootPhase_500_com.android.server.DockObserver
01-07 03:34:16.169   929   929 V SystemServerTiming: OnBootPhase_500_com.android.server.DockObserver took to complete: 0ms
01-07 03:34:16.169   929   929 D SystemServerTiming: OnBootPhase_500_com.android.server.adb.AdbService$Lifecycle
01-07 03:34:16.169   929   929 V SystemServerTiming: OnBootPhase_500_com.android.server.adb.AdbService$Lifecycle took to complete: 0ms
01-07 03:34:16.169   929   929 D SystemServerTiming: OnBootPhase_500_com.android.server.usb.UsbService$Lifecycle
01-07 03:34:16.169   929   929 V SystemServerTiming: OnBootPhase_500_com.android.server.usb.UsbService$Lifecycle took to complete: 0ms
01-07 03:34:16.169   929   929 D SystemServerTiming: OnBootPhase_500_com.android.server.twilight.TwilightService
01-07 03:34:16.169   929   929 V SystemServerTiming: OnBootPhase_500_com.android.server.twilight.TwilightService took to complete: 0ms
01-07 03:34:16.169   929   929 D SystemServerTiming: OnBootPhase_500_com.android.server.display.color.ColorDisplayService
01-07 03:34:16.169   929   929 V SystemServerTiming: OnBootPhase_500_com.android.server.display.color.ColorDisplayService took to complete: 0ms
01-07 03:34:16.169   929   929 D SystemServerTiming: OnBootPhase_500_com.android.server.job.JobSchedulerService
01-07 03:34:16.177   929   929 V HistoricalRegistry: Interaction before persistence initialized
01-07 03:34:16.178   929   929 V SystemServerTiming: OnBootPhase_500_com.android.server.job.JobSchedulerService took to complete: 9ms
01-07 03:34:16.178   929   929 D SystemServerTiming: OnBootPhase_500_com.android.server.soundtrigger.SoundTriggerService
01-07 03:34:16.178   929   929 D SoundTriggerService: onBootPhase: 500 : false
01-07 03:34:16.178   929   929 V SystemServerTiming: OnBootPhase_500_com.android.server.soundtrigger.SoundTriggerService took to complete: 0ms
01-07 03:34:16.178   929   929 D SystemServerTiming: OnBootPhase_500_com.android.server.trust.TrustManagerService
01-07 03:34:16.180   929   929 V SystemServerTiming: OnBootPhase_500_com.android.server.trust.TrustManagerService took to complete: 2ms
01-07 03:34:16.180   929   929 D SystemServerTiming: OnBootPhase_500_com.android.server.backup.BackupManagerService$Lifecycle
01-07 03:34:16.180   929   929 V SystemServerTiming: OnBootPhase_500_com.android.server.backup.BackupManagerService$Lifecycle took to complete: 0ms
01-07 03:34:16.180   929   929 D SystemServerTiming: OnBootPhase_500_com.android.server.appwidget.AppWidgetService
01-07 03:34:16.180   929   929 V SystemServerTiming: OnBootPhase_500_com.android.server.appwidget.AppWidgetService took to complete: 0ms
01-07 03:34:16.180   929   929 D SystemServerTiming: OnBootPhase_500_com.android.server.voiceinteraction.VoiceInteractionManagerService
01-07 03:34:16.180   929   929 V SystemServerTiming: OnBootPhase_500_com.android.server.voiceinteraction.VoiceInteractionManagerService took to complete: 0ms
01-07 03:34:16.180   929   929 D SystemServerTiming: OnBootPhase_500_com.android.server.apphibernation.AppHibernationService
01-07 03:34:16.181   929   929 V SystemServerTiming: OnBootPhase_500_com.android.server.apphibernation.AppHibernationService took to complete: 0ms
01-07 03:34:16.181   929   929 D SystemServerTiming: OnBootPhase_500_com.android.server.GestureLauncherService
01-07 03:34:16.181   929   929 V SystemServerTiming: OnBootPhase_500_com.android.server.GestureLauncherService took to complete: 0ms
01-07 03:34:16.181   929   929 D SystemServerTiming: OnBootPhase_500_com.android.server.SensorNotificationService
01-07 03:34:16.182   929   929 V SystemServerTiming: OnBootPhase_500_com.android.server.SensorNotificationService took to complete: 0ms
01-07 03:34:16.182   929   929 D SystemServerTiming: OnBootPhase_500_com.android.server.emergency.EmergencyAffordanceService
01-07 03:34:16.182   929   929 V SystemServerTiming: OnBootPhase_500_com.android.server.emergency.EmergencyAffordanceService took to complete: 0ms
01-07 03:34:16.182   929   929 D SystemServerTiming: OnBootPhase_500_com.android.server.blob.BlobStoreManagerService
01-07 03:34:16.182   929   929 V SystemServerTiming: OnBootPhase_500_com.android.server.blob.BlobStoreManagerService took to complete: 0ms
01-07 03:34:16.182   929   929 D SystemServerTiming: OnBootPhase_500_com.android.server.dreams.DreamManagerService
01-07 03:34:16.182   929   929 V SystemServerTiming: OnBootPhase_500_com.android.server.dreams.DreamManagerService took to complete: 0ms
01-07 03:34:16.182   929   929 D SystemServerTiming: OnBootPhase_500_com.android.server.security.AttestationVerificationManagerService
01-07 03:34:16.182   929   929 V SystemServerTiming: OnBootPhase_500_com.android.server.security.AttestationVerificationManagerService took to complete: 0ms
01-07 03:34:16.182   929   929 D SystemServerTiming: OnBootPhase_500_com.android.server.restrictions.RestrictionsManagerService
01-07 03:34:16.182   929   929 V SystemServerTiming: OnBootPhase_500_com.android.server.restrictions.RestrictionsManagerService took to complete: 0ms
01-07 03:34:16.182   929   929 D SystemServerTiming: OnBootPhase_500_com.android.server.media.MediaSessionService
01-07 03:34:16.182   929   929 V SystemServerTiming: OnBootPhase_500_com.android.server.media.MediaSessionService took to complete: 0ms
01-07 03:34:16.182   929   929 D SystemServerTiming: OnBootPhase_500_com.android.server.hdmi.HdmiControlService
01-07 03:34:16.185   929   929 V SystemServerTiming: OnBootPhase_500_com.android.server.hdmi.HdmiControlService took to complete: 3ms
01-07 03:34:16.185   929   929 D SystemServerTiming: OnBootPhase_500_com.android.server.tv.interactive.TvInteractiveAppManagerService
01-07 03:34:16.186   929   929 V SystemServerTiming: OnBootPhase_500_com.android.server.tv.interactive.TvInteractiveAppManagerService took to complete: 1ms
01-07 03:34:16.186   929   929 D SystemServerTiming: OnBootPhase_500_com.android.server.tv.TvInputManagerService
01-07 03:34:16.205   929   929 V SystemServerTiming: OnBootPhase_500_com.android.server.tv.TvInputManagerService took to complete: 19ms
01-07 03:34:16.205   929   929 D SystemServerTiming: OnBootPhase_500_com.android.server.tv.TvRemoteService
01-07 03:34:16.205   929   929 V SystemServerTiming: OnBootPhase_500_com.android.server.tv.TvRemoteService took to complete: 0ms
01-07 03:34:16.206   929   929 D SystemServerTiming: OnBootPhase_500_com.android.server.biometrics.BiometricService
01-07 03:34:16.206   929   929 V SystemServerTiming: OnBootPhase_500_com.android.server.biometrics.BiometricService took to complete: 0ms
01-07 03:34:16.206   929   929 D SystemServerTiming: OnBootPhase_500_com.android.server.biometrics.AuthService
01-07 03:34:16.206   929   929 V SystemServerTiming: OnBootPhase_500_com.android.server.biometrics.AuthService took to complete: 0ms
01-07 03:34:16.206   929   929 D SystemServerTiming: OnBootPhase_500_com.android.server.pm.ShortcutService$Lifecycle
01-07 03:34:16.206   929   929 V SystemServerTiming: OnBootPhase_500_com.android.server.pm.ShortcutService$Lifecycle took to complete: 0ms
01-07 03:34:16.206   929   929 D SystemServerTiming: OnBootPhase_500_com.android.server.pm.LauncherAppsService
01-07 03:34:16.206   929   929 V SystemServerTiming: OnBootPhase_500_com.android.server.pm.LauncherAppsService took to complete: 0ms
01-07 03:34:16.206   929   929 D SystemServerTiming: OnBootPhase_500_com.android.server.pm.CrossProfileAppsService
01-07 03:34:16.206   929   929 V SystemServerTiming: OnBootPhase_500_com.android.server.pm.CrossProfileAppsService took to complete: 0ms
01-07 03:34:16.206   929   929 D SystemServerTiming: OnBootPhase_500_com.android.server.people.PeopleService
01-07 03:34:16.206   929   929 V SystemServerTiming: OnBootPhase_500_com.android.server.people.PeopleService took to complete: 0ms
01-07 03:34:16.206   929   929 D SystemServerTiming: OnBootPhase_500_com.android.server.media.metrics.MediaMetricsManagerService
01-07 03:34:16.206   929   929 V SystemServerTiming: OnBootPhase_500_com.android.server.media.metrics.MediaMetricsManagerService took to complete: 0ms
01-07 03:34:16.207   929   929 D SystemServerTiming: OnBootPhase_500_com.android.server.media.projection.MediaProjectionManagerService
01-07 03:34:16.207   929   929 V SystemServerTiming: OnBootPhase_500_com.android.server.media.projection.MediaProjectionManagerService took to complete: 0ms
01-07 03:34:16.207   929   929 D SystemServerTiming: OnBootPhase_500_com.android.server.slice.SliceManagerService$Lifecycle
01-07 03:34:16.207   929   929 V SystemServerTiming: OnBootPhase_500_com.android.server.slice.SliceManagerService$Lifecycle took to complete: 0ms
01-07 03:34:16.207   929   929 D SystemServerTiming: OnBootPhase_500_com.android.server.stats.StatsCompanion$Lifecycle
01-07 03:34:16.207   929   929 V SystemServerTiming: OnBootPhase_500_com.android.server.stats.StatsCompanion$Lifecycle took to complete: 0ms
