01-07 03:34:02.251     0     0 I         : [4 T396   ..] EXT4-fs (dm-10): mounted filesystem without journal. Opts: (null). Quota mode: none.
01-07 03:34:02.263     0     0 I [4 T393   ..] loop30: detected capacity change from 0 to 1480
01-07 03:34:02.275     0     0 I [7 T394   ..] device-mapper: verity: sha256 using implementation "sha256-ce"
01-07 03:34:02.301     0     0 I         : [7 T394   ..] EXT4-fs (dm-26): mounted filesystem without journal. Opts: (null). Quota mode: none.
01-07 03:34:02.339     0     0 I [4 T393   ..] device-mapper: verity: sha256 using implementation "sha256-ce"
01-07 03:34:02.370     0     0 I         : [4 T393   ..] EXT4-fs (dm-11): mounted filesystem without journal. Opts: (null). Quota mode: none.
01-07 03:34:02.643   331   331 D vold    : fscrypt_init_user0
01-07 03:34:02.643   331   331 D vold    : Preparing: /data/misc/vold/user_keys
01-07 03:34:02.644   331   331 D vold    : Preparing: /data/misc/vold/user_keys/ce
01-07 03:34:02.644   331   331 D vold    : Preparing: /data/misc/vold/user_keys/de
01-07 03:34:02.647     0     0 D [1 T446   ..] vdc: Waited 0ms for vold
01-07 03:34:02.656   331   331 D vold    : Installed fscrypt key with ref 5342558ecb38c61c9d00e6c921c299c8 to /data
01-07 03:34:02.656   331   331 D vold    : Added fscrypt-provisioning key for 5342558ecb38c61c9d00e6c921c299c8 to session keyring
01-07 03:34:02.656   331   331 D vold    : Installed de key for user 0
01-07 03:34:02.657   331   331 D vold    : fscrypt_prepare_user_storage for volume null, user 0, serial 0, flags 1
01-07 03:34:02.657   331   331 D vold    : Preparing: /data/system/users/0
01-07 03:34:02.657   331   331 D vold    : Preparing: /data/misc/profiles/cur/0
01-07 03:34:02.658   331   331 D vold    : Preparing: /data/system_de/0
01-07 03:34:02.658   331   331 D vold    : Preparing: /data/vendor_de/0
01-07 03:34:02.659   331   331 D vold    : Preparing: /data/misc_de/0
01-07 03:34:02.659   331   331 D vold    : Preparing: /data/user_de/0
01-07 03:34:02.659   331   331 I vold    : Verified that /data/system_de/0 has the encryption policy 5342558ecb38c61c9d00e6c921c299c8 v2 modes 1/4 flags 0x2
01-07 03:34:02.659   331   331 I vold    : Verified that /data/vendor_de/0 has the encryption policy 5342558ecb38c61c9d00e6c921c299c8 v2 modes 1/4 flags 0x2
01-07 03:34:02.659   331   331 I vold    : Verified that /data/misc_de/0 has the encryption policy 5342558ecb38c61c9d00e6c921c299c8 v2 modes 1/4 flags 0x2
01-07 03:34:02.660   331   331 I vold    : Verified that /data/user_de/0 has the encryption policy 5342558ecb38c61c9d00e6c921c299c8 v2 modes 1/4 flags 0x2
01-07 03:34:02.660   331   331 D vold    : /system/bin/vold_prepare_subdirs
01-07 03:34:02.660   331   331 D vold    :     prepare
01-07 03:34:02.660   331   331 D vold    :     
01-07 03:34:02.660   331   331 D vold    :     0
01-07 03:34:02.660   331   331 D vold    :     1
01-07 03:34:02.700   331   331 D vold    : Detected support for FS_IOC_ADD_ENCRYPTION_KEY
01-07 03:34:02.713     0     0 I [5 T1     ..] selinux: SELinux: Skipping restorecon on directory(/data)
01-07 03:34:02.713     0     0 I [5 T1     ..] selinux:  
01-07 03:34:02.803   450   450 I odsign  : Trying to retrieve existing HMAC key...
01-07 03:34:02.804   450   450 I odsign  : Trying to retrieve existing keystore key...
01-07 03:34:02.816   450   450 I odsign  : Verified public key signature.
01-07 03:34:02.816   450   450 I odsign  : Initialized Keystore key.
01-07 03:34:02.818   450   450 I odsign  : Found and verified existing public key certificate: /data/misc/odsign/key.cert
01-07 03:34:03.010     0     0 W [5 T452   ..] audit: audit_backlog=65 > audit_backlog_limit=64
01-07 03:34:03.010     0     0 W [5 T452   ..] audit: audit_lost=1 audit_rate_limit=0 audit_backlog_limit=64
01-07 03:34:03.010     0     0 E [5 T452   ..] audit: backlog limit exceeded
01-07 03:34:03.010     0     0 W [5 T452   ..] audit: audit_backlog=65 > audit_backlog_limit=64
01-07 03:34:03.010     0     0 W [5 T452   ..] audit: audit_lost=2 audit_rate_limit=0 audit_backlog_limit=64
01-07 03:34:03.010     0     0 E [5 T452   ..] audit: backlog limit exceeded
01-07 03:34:03.011     0     0 W [5 T452   ..] audit: audit_backlog=65 > audit_backlog_limit=64
01-07 03:34:03.011     0     0 W [5 T452   ..] audit: audit_lost=3 audit_rate_limit=0 audit_backlog_limit=64
01-07 03:34:03.012   452   452 I odrefresh: ART APEX version 330400000
01-07 03:34:03.013   452   452 I odrefresh: Factory ART APEX mounted.
01-07 03:34:03.013   452   452 I odrefresh: System properties are set to default values.
01-07 03:34:03.014   452   452 I odrefresh: Factory ART APEX mounted.
01-07 03:34:03.014   452   452 I odrefresh: System properties are set to default values.
01-07 03:34:03.015   452   452 I odrefresh: Factory APEXes mounted.
01-07 03:34:03.015   452   452 I odrefresh: System properties are set to default values.
01-07 03:34:03.025   450   450 I odsign  : Metrics report is empty
01-07 03:34:03.025   450   450 I odsign  : /data/misc/odsign/odsign.info not found.
01-07 03:34:03.027   450   450 I odsign  : odrefresh said artifacts are VALID
01-07 03:34:03.027   450   450 I odsign  : On-device signing done.
01-07 03:34:03.053   356   389 I keystore2: keystore2::super_key: keystore.boot_level 1000000000 hits maximum 1000000000, finishing.
01-07 03:34:03.092     0     0 I [2 T454   ..] apexd: Snapshot DE subcommand detected
01-07 03:34:03.093     0     0 I [1 T454   ..] apexd: Marking APEXd as ready
01-07 03:34:03.244     0     0 W         : [5 T188   ..] [ADLAK WARN] adlak_platform_get_resource() Failed to get adla_axi_clk
01-07 03:34:03.244     0     0 W         : [5 T188   ..]
01-07 03:34:03.244     0     0 W         : [5 T188   ..] ADLA KMD nn_adj_vol = 1, nn_package_id = 1, nn_efuse_type = 2
01-07 03:34:03.244     0     0 W         : [5 T188   ..] adla kmd version: 1.2.0.6
01-07 03:34:03.245     0     0 W         : [5 T188   ..] adlak_core clk requirement of 800000000 Hz,and real val is 799999988 Hz.
01-07 03:34:03.258     0     0 W         : [1 T188   ..] [ADLAK WARN] adlak_os_thread_create() kthread bind on cpu1
01-07 03:34:03.258     0     0 W         : [1 T188   ..]
01-07 03:34:03.385     0     0 E [1 T1     ..] selinux: SELinux:  Could not stat /data/dalvik-cache/mips: No such file or directory.
01-07 03:34:03.386     0     0 E [1 T1     ..] selinux:  
01-07 03:34:03.386     0     0 E [1 T1     ..] selinux: SELinux:  Could not stat /data/dalvik-cache/mips64: No such file or directory.
01-07 03:34:03.387     0     0 E [1 T1     ..] selinux:  
01-07 03:34:03.388     0     0 E [1 T1     ..] selinux: SELinux:  Could not stat /data/dalvik-cache/x86: No such file or directory.
01-07 03:34:03.389     0     0 E [1 T1     ..] selinux:  
01-07 03:34:03.680     0     0 I [0 T20    ..] [debug]: ramoops_io_dump=0, buffer=ffffffc00842f000 ftrace_old_log=0000000000000000, size=0, reboot_mode=normal
01-07 03:34:03.981     0     0 W [0 T188   ..] init: Top-level directory needs encryption action, eg mkdir /data/media <mode> <uid> <gid> encryption=Require
01-07 03:34:03.981     0     0 I [0 T188   ..] init: Not setting encryption policy on: /data/media
01-07 03:34:03.998     0     0 E [2 T1     ..] WARNING: Unprivileged eBPF is enabled, data leaks possible via Spectre v2 BHB attacks!
01-07 03:34:04.034     0     0 I [3 T488   ..] update_verifier: Started with arg 1: nonencrypted
01-07 03:34:04.036     0     0 D [1 T487   ..] LibBpfLoader: Loading optional ELF object /apex/com.android.tethering/etc/bpf/test.o with license Apache 2.0
01-07 03:34:04.036     0     0 I [1 T487   ..] LibBpfLoader: Section bpfloader_min_ver value is 2 [0x2]
01-07 03:34:04.036     0     0 I [1 T487   ..] LibBpfLoader: Section bpfloader_max_ver value is 65536 [0x10000]
01-07 03:34:04.036     0     0 I [1 T487   ..] LibBpfLoader: Section size_of_bpf_map_def value is 116 [0x74]
01-07 03:34:04.036     0     0 I [1 T487   ..] LibBpfLoader: Section size_of_bpf_prog_def value is 92 [0x5c]
01-07 03:34:04.036     0     0 I [1 T487   ..] LibBpfLoader: BpfLoader version 0x00013 processing ELF object /apex/com.android.tethering/etc/bpf/test.o with ver [0x00002,0x10000)
01-07 03:34:04.037     0     0 D [1 T487   ..] LibBpfLoader: Loaded code section 3 (xdp_drop_ipv4_udp_ether)
01-07 03:34:04.038     0     0 I [0 T488   ..] update_verifier: Booting slot 0: isSlotMarkedSuccessful=1
01-07 03:34:04.038     0     0 I [0 T488   ..] update_verifier: Leaving update_verifier.
01-07 03:34:04.038     0     0 D [1 T487   ..] LibBpfLoader: Adding section 3 to cs list
01-07 03:34:04.039     0     0 D [1 T487   ..] LibBpfLoader: Couldn't find section btf_min_bpfloader_ver (defaulting to 0 [0x0]).
01-07 03:34:04.039     0     0 D [1 T487   ..] LibBpfLoader: Couldn't find section btf_min_kernel_ver (defaulting to 0 [0x0]).
01-07 03:34:04.107     0     0 I         : [3 T188   ..] Mass Storage Function, version: 2009/09/11
01-07 03:34:04.107     0     0 I [3 T188   ..] LUN: removable file: (no medium)
01-07 03:34:04.110     0     0 I         : [6 T188   ..] file system registered
01-07 03:34:04.114     0     0 W         : [0 T188   ..] using random self ethernet address
01-07 03:34:04.114     0     0 W         : [0 T188   ..] using random host ethernet address
01-07 03:34:04.280     0     0 W         : [7 T188   ..] T7 doesn't support hcodec avc encoder!!
01-07 03:34:04.409     0     0 I         : [3 T188   ..] aml-vcodec-dec vcodec_dec: v4ldec registered as /dev/video26
01-07 03:34:04.421     0     0 E         : [5 T188   ..] register_amlogic_afbc_dec_fun
01-07 03:34:04.469     0     0 I         : [5 T188   ..] Registered frame rate driver success.
01-07 03:34:04.713     0     0 E [4 T188   ..] map_store: rm default
01-07 03:34:04.713     0     0 E [6 T188   ..] map_store: add default decoder ppmgr deinterlace amvideo
01-07 03:34:04.715     0     0 I [6 T188   ..] [snd-soc]: drc high cut scale set to 0%
01-07 03:34:04.716     0     0 I [6 T188   ..] [snd-soc]: drc low boost scale set to 0%
01-07 03:34:04.717     0     0 I [4 T188   ..] [snd-soc]: drc mode set to RF
01-07 03:34:04.736     0     0 I         : [7 T409   ..] [TEE] I/TA:
01-07 03:34:04.736     0     0 I         : [7 T409   ..] [TEE] MM-module-name:Youtube TA,Version:1.0.6-gd116617(build:7738)
01-07 03:34:04.736     0     0 I         : [7 T409   ..] [TEE] M/TA: gatekeeper_messages: 412: Amlogic GATEKEEPER! Build Time: Mar 20 2023 15:26:51 version: 6030636 TDK: ab02024
01-07 03:34:04.745     0     0 W [4 T509   ..] healthd: No battery devices found
01-07 03:34:04.747     0     0 W [6 T509   ..] healthd: battery none chg=
01-07 03:34:04.786     0     0 I [3 T540   ..] [pm]: early_suspend_state=0
01-07 03:34:04.824   535   535 I gsid    : no DSU: No such file or directory
01-07 03:34:05.071     0     0 I         : [6 T498   ..] vdin0 req vs irq 83
01-07 03:34:05.071     0     0 I         : [6 T498   ..] vdin0 req meta_wr_done_irq
01-07 03:34:05.081     0     0 I [3 T498   ..] [efuse-unifykey]: already inited!
01-07 03:34:05.081     0     0 E [3 T498   ..] [efuse-unifykey]: could not found key hdcp22_rx_fw
01-07 03:34:05.081     0     0 E [3 T498   ..] [efuse-unifykey]: please set key name first, exist_show:751
01-07 03:34:05.082     0     0 I [3 T498   ..] [efuse-unifykey]: already inited!
01-07 03:34:05.082     0     0 E [3 T498   ..] [efuse-unifykey]: could not found key hdcp14_rx
01-07 03:34:05.098     0     0 I [1 T498   ..] [efuse-unifykey]: already inited!
01-07 03:34:05.098     0     0 E [1 T498   ..] [efuse-unifykey]: could not found key hdcp22_rx_fw
01-07 03:34:05.098     0     0 E [1 T498   ..] [efuse-unifykey]: please set key name first, exist_show:751
01-07 03:34:05.110     0     0 I         : [2 T498   ..] vt session 498-0 create
01-07 03:34:05.165     0     0 I         : [2 T508   ..] drm_hdmitx_get_vrr_cap not support vrr
01-07 03:34:05.165     0     0 I         : [2 T508   ..] drm_hdmitx_get_rx_hdcp_cap rx hdcp [1]
01-07 03:34:05.165     0     0 I         : [2 T508   ..] drm_hdmitx_get_rx_hdcp_cap rx hdcp [1]
01-07 03:34:05.374   520   520 I android.hardware.wifi@1.0-service.droidlogic: Wifi Hal is booting up...
01-07 03:34:05.381   520   520 I HidlServiceManagement: Registered android.hardware.wifi@1.6::IWifi/default
01-07 03:34:05.589     0     0 W [1 T487   ..] printk: bpfloader: 1679 output lines suppressed due to ratelimiting
01-07 03:34:05.608   591   591 I installd: installd firing up
01-07 03:34:05.655     0     0 I [1 T498   ..] dim: load 0x400 pq len 168 later.
01-07 03:34:05.708     0     0 E [3 T190   ..] selinux: SELinux: Could not set context for /sys/devices/virtual/net/ipsec_test:  No such file or directory
01-07 03:34:05.709     0     0 E [3 T190   ..] selinux:  
01-07 03:34:05.709     0     0 E [3 T190   ..] selinux: SELinux:  Could not read /sys/devices/virtual/net/ipsec_test: No such file or directory.
01-07 03:34:05.710     0     0 E [3 T190   ..] selinux:  
01-07 03:34:05.711     0     0 E [3 T190   ..] ueventd: selinux_android_restorecon(/sys/devices/virtual/net/ipsec_test) failed: Success
01-07 03:34:05.714   597   597 W storaged: health: invalid battery status
01-07 03:34:05.760     0     0 I         : [0 T629   ..] [TEE] E/TA:   MM-module-name:Video firmware TA,Version:1.0.5-g3604ffd(build:6514)
01-07 03:34:05.760     0     0 I         : [0 T629   ..] [TEE] E/TA:   fw_check_pack_version:292 the package has 15 fws totally.
01-07 03:34:05.760     0     0 I         : [0 T629   ..] [TEE] E/TA:   fw_check_pack_version:309 The TA ver is v1.0
01-07 03:34:05.760     0     0 I         : [0 T629   ..] [TEE] E/TA:   fw_check_pack_version:310 The fw ver is v0.4
01-07 03:34:05.760     0     0 I         : [0 T629   ..] [TEE] E/TA:   fw_data_insert:389 the fw with 332 KB will be loaded.
01-07 03:34:05.760     0     0 I         : [0 T629   ..] [TEE] M/TA: TEE_Video_Load_FW success
01-07 03:34:05.786   604   604 I wificond: wificond is starting up...
01-07 03:34:05.790   604   604 I HidlServiceManagement: Registered android.system.wifi.keystore@1.0::IKeystore/default
01-07 03:34:05.893     0     0 I [4 T498   ..] dim: load 0x1000 pq len 17 later.
01-07 03:34:05.895     0     0 I [4 T498   ..] dim: load 0x2000 pq len 32 later.
01-07 03:34:06.006     0     0 E [4 T1     ..] init: Control message: Could not find 'aidl/package_native' for ctl.interface_start from pid: 315 (/system/bin/servicemanager)
01-07 03:34:06.032     0     0 E [2 T1     ..] init: Control message: Could not find 'vendor.amlogic.hardware.tvserver@1.0::ITvServer/default' for ctl.interface_start from pid: 316 (/system/bin/hwservicemanager)
01-07 03:34:06.226     0     0 I         : [0 T668   ..] read descriptors
01-07 03:34:06.226     0     0 I         : [0 T668   ..] read strings
01-07 03:34:06.235     0     0 E [2 T1     ..] init: Control message: Could not find 'vendor.amlogic.hardware.tvserver@1.0::ITvServer/default' for ctl.interface_start from pid: 316 (/system/bin/hwservicemanager)
01-07 03:34:06.435     0     0 E [0 T1     ..] init: Control message: Could not find 'vendor.amlogic.hardware.tvserver@1.0::ITvServer/default' for ctl.interface_start from pid: 316 (/system/bin/hwservicemanager)
01-07 03:34:06.459     0     0 I         : [7 T678   ..] tee load hdcp key ready
01-07 03:34:06.459     0     0 I         : [7 T678   ..] hdmi ready but hdcp not enabled, enable now
01-07 03:34:06.470     0     0 I [2 T33    ..] hdmitx: rd[0x000a] 0x00
01-07 03:34:06.523     0     0 I [0 T20    ..] android_work: sent uevent USB_STATE=CONNECTED
01-07 03:34:06.600     0     0 I [0 T20    ..] android_work: sent uevent USB_STATE=CONFIGURED
01-07 03:34:06.604     0     0 E [2 T1     ..] init: Control message: Could not find 'aidl/android.hardware.graphics.composer3.IComposer/default' for ctl.interface_start from pid: 315 (/system/bin/servicemanager)
01-07 03:34:06.636     0     0 E [2 T1     ..] init: Control message: Could not find 'vendor.amlogic.hardware.tvserver@1.0::ITvServer/default' for ctl.interface_start from pid: 316 (/system/bin/hwservicemanager)
01-07 03:34:06.657     0     0 D         : [2 T624   ..] caamkeys_ioctl(cmd=3221813249)
01-07 03:34:06.691     0     0 I [0 T182   ..] hdmitx: rd[0x062b] 0x4c
01-07 03:34:06.691     0     0 I [0 T182   ..] hdmitx: rd[0x062c] 0x4c
01-07 03:34:06.691     0     0 I [0 T182   ..] hdmitx: rd[0x062d] 0xfc
01-07 03:34:06.691     0     0 I [0 T182   ..] hdmitx: rd[0x062e] 0xe5
01-07 03:34:06.691     0     0 I [0 T182   ..] hdmitx: rd[0x062f] 0xa2
01-07 03:34:06.691     0     0 I [0 T20    ..] cec: [hdmitx_notify_callback] unsupported notify:4
01-07 03:34:06.717     0     0 I [6 T498   ..] dim: load 0x200 pq len 25 later.
01-07 03:34:06.729     0     0 I [2 T498   ..] dim: load 0x800 pq len 103 later.
01-07 03:34:06.760     0     0 I [0 T118   ..] hdcptx: 1  auth: 1
01-07 03:34:06.788     0     0 I         : [0 T8     ..] [TEE] E/TA:   OPTEE_PlatformInit:47
01-07 03:34:06.788     0     0 I         : [0 T8     ..] [TEE] MM-module-name:Widevine TA,Version:17.1-r1.14-ga3ab5eb-p1(build:1509)
01-07 03:34:06.788     0     0 I         : [0 T8     ..] [TEE] E/TA:   OPTEE_MigrateGenerationNumPersistentData:399 migrate read GenerationNum from reefs error. NOT ERROR
01-07 03:34:06.788     0     0 I         : [0 T8     ..] [TEE] I/TA: TA_CloseSessionEntryPoint
01-07 03:34:06.788     0     0 I         : [0 T8     ..] [TEE] M/TA: [PROVISION-TA] the same key [0x11 WIDEVINE_KEY] already exists
01-07 03:34:06.788     0     0 I         : [0 T8     ..] [TEE] M/TA: [PROVISION-TA] the same key [0x31 HDCP_TX14_KEY] already exists
01-07 03:34:06.788     0     0 I         : [0 T8     ..] [TEE] M/TA: [PROVISION-TA] the same key [0x33 HDCP_RX14_KEY] already exists
01-07 03:34:06.788     0     0 I         : [0 T8     ..] [TEE] M/TA: [PROVISION-TA] the same key [0x32 HDCP_TX22_KEY] already exists
01-07 03:34:06.788     0     0 I         : [0 T8     ..] [TEE] M/TA: [PROVISION-TA] the same key [0x36 HDCP_RX22_FW_PRIVATE] already exists
01-07 03:34:06.788     0     0 I         : [0 T8     ..] [TEE] E/TA:   cmd_hdcp_read_key:951 [HDCP-TA] cmd_hdcp_read_key: hdcp_read_key(hdcp_rx22_fw.bin) failed, ret = 0xffff0008
01-07 03:34:06.838     0     0 E [0 T1     ..] init: Control message: Could not find 'vendor.amlogic.hardware.tvserver@1.0::ITvServer/default' for ctl.interface_start from pid: 316 (/system/bin/hwservicemanager)
01-07 03:34:06.851     0     0 I         : [6 T498   ..] aad argp = 000000005537c30c	db_o_bl_cv.length=13 mem_size=52
01-07 03:34:06.851     0     0 I         : [6 T498   ..] db_o_bl_cv control db_cabc_aad_param_s success
01-07 03:34:06.851     0     0 I         : [6 T498   ..] db_maxbin_bl_cv control db_cabc_aad_param_s success
01-07 03:34:06.852     0     0 I         : [6 T498   ..] db_LUT_RG_gain control db_cabc_aad_param_s success
01-07 03:34:06.852     0     0 I         : [6 T498   ..] db_LUT_RG_gain control db_cabc_aad_param_s success
01-07 03:34:06.852     0     0 I         : [6 T498   ..] db_LUT_BG_gain control db_cabc_aad_param_s success
01-07 03:34:06.853     0     0 I         : [6 T498   ..] db_gain_lut control db_cabc_aad_param_s success
01-07 03:34:06.853     0     0 I         : [6 T498   ..] db_xy_lut control db_cabc_aad_param_s success
01-07 03:34:06.984     0     0 I         : [3 T508   ..] video_composer_open iminor(inode) =0
01-07 03:34:06.984     0     0 I [3 T508   ..] vc: [0]vd_render_index_get: render_index is 0.
01-07 03:34:06.985     0     0 I [3 T508   ..] vc: [0]get capability: min 64 64; max 4096 2160
01-07 03:34:06.985     0     0 I         : [3 T508   ..] video_composer_open iminor(inode) =1
01-07 03:34:06.985     0     0 I [3 T508   ..] vc: [1]vd_render_index_get: render_index is 5.
01-07 03:34:06.985     0     0 I [3 T508   ..] vc: [1]get capability: min 64 64; max 4096 2160
01-07 03:34:06.985     0     0 I         : [3 T508   ..] video_composer_open iminor(inode) =2
01-07 03:34:06.986     0     0 I [3 T508   ..] vc: [2]vd_render_index_get: render_index is 2.
01-07 03:34:06.986     0     0 I [3 T508   ..] vc: [2]get capability: min 64 64; max 4096 2160
01-07 03:34:06.988     0     0 I         : [2 T508   ..] drm_hdmitx_get_vrr_cap not support vrr
01-07 03:34:06.988     0     0 I         : [2 T508   ..] drm_hdmitx_get_rx_hdcp_cap rx hdcp [1]
01-07 03:34:06.988     0     0 I         : [2 T508   ..] drm_hdmitx_get_rx_hdcp_cap rx hdcp [1]
01-07 03:34:06.990     0     0 I         : [2 T508   ..] drm_hdmitx_get_vrr_cap not support vrr
01-07 03:34:06.990     0     0 I         : [2 T508   ..] drm_hdmitx_get_rx_hdcp_cap rx hdcp [1]
01-07 03:34:06.990     0     0 I         : [2 T508   ..] drm_hdmitx_get_rx_hdcp_cap rx hdcp [1]
01-07 03:34:06.993     0     0 I [2 T508   ..] vc: [0]get capability: min 64 64; max 4096 2160
01-07 03:34:06.993     0     0 I [2 T508   ..] vc: [2]get capability: min 64 64; max 4096 2160
01-07 03:34:07.006     0     0 E [0 T1     ..] init: Control message: Could not find 'aidl/package_native' for ctl.interface_start from pid: 315 (/system/bin/servicemanager)
01-07 03:34:07.018     0     0 I         : [3 T498   ..] avmute_store 1
01-07 03:34:07.039     0     0 E [6 T1     ..] init: Control message: Could not find 'vendor.amlogic.hardware.tvserver@1.0::ITvServer/default' for ctl.interface_start from pid: 316 (/system/bin/hwservicemanager)
01-07 03:34:07.193     0     0 I [0 T532   ..] [efuse-unifykey]: already inited!
01-07 03:34:07.193     0     0 E [0 T532   ..] [efuse-unifykey]: could not found key hdcp14_rx
01-07 03:34:07.218     0     0 I [4 T532   ..] cec: port_seq:4123
01-07 03:34:07.230     0     0 W         : [4 T532   ..] [RX]-EDID size1 =1536
01-07 03:34:07.230     0     0 W         : [4 T532   ..] [RX]-EDID size2 =1536
01-07 03:34:07.230     0     0 W [4 T532   ..] [RX]-HDMIRX: fill edid buf, size 1536
01-07 03:34:07.231     0     0 W         : [1 T532   ..] [RX]-edid select for UI HDMI4~1: 0x1111, for portD~A: 0x1111
01-07 03:34:07.231     0     0 W         : [1 T532   ..] [RX]-set vrr_func_en to: 0
01-07 03:34:07.231     0     0 W         : [1 T532   ..] [RX]-no this data blk in edid
01-07 03:34:07.231     0     0 W         : [1 T532   ..] [RX]-no this data blk in edid
01-07 03:34:07.233     0     0 W         : [1 T532   ..] [RX]-no this data blk in edid
01-07 03:34:07.233     0     0 W         : [1 T532   ..] [RX]-no this data blk in edid
01-07 03:34:07.235     0     0 W         : [1 T532   ..] [RX]-no this data blk in edid
01-07 03:34:07.235     0     0 W         : [1 T532   ..] [RX]-no this data blk in edid
01-07 03:34:07.237     0     0 W         : [1 T532   ..] [RX]-hdmirx_hw_config port:0
01-07 03:34:07.237     0     0 W         : [1 T532   ..] [RX]-force_fsm_init
01-07 03:34:07.238     0     0 W         : [1 T532   ..] [RX]-no this data blk in edid
01-07 03:34:07.238     0     0 W         : [1 T532   ..] [RX]-no this data blk in edid
01-07 03:34:07.239     0     0 W         : [1 T532   ..] [RX]-no this data blk in edid
01-07 03:34:07.239     0     0 W         : [1 T532   ..] [RX]-no this data blk in edid
01-07 03:34:07.240     0     0 E [5 T1     ..] init: Control message: Could not find 'vendor.amlogic.hardware.tvserver@1.0::ITvServer/default' for ctl.interface_start from pid: 316 (/system/bin/hwservicemanager)
01-07 03:34:07.241     0     0 W         : [1 T532   ..] [RX]-no this data blk in edid
01-07 03:34:07.242     0     0 W         : [1 T532   ..] [RX]-no this data blk in edid
01-07 03:34:07.243     0     0 W         : [1 T532   ..] [RX]-hdmirx_hw_config port:1
01-07 03:34:07.244     0     0 W         : [1 T532   ..] [RX]-force_fsm_init
01-07 03:34:07.244     0     0 W         : [1 T532   ..] [RX]-no this data blk in edid
01-07 03:34:07.244     0     0 W         : [1 T532   ..] [RX]-no this data blk in edid
01-07 03:34:07.246     0     0 W         : [1 T532   ..] [RX]-no this data blk in edid
01-07 03:34:07.246     0     0 W         : [1 T532   ..] [RX]-no this data blk in edid
01-07 03:34:07.248     0     0 W         : [1 T532   ..] [RX]-no this data blk in edid
01-07 03:34:07.248     0     0 W         : [1 T532   ..] [RX]-no this data blk in edid
01-07 03:34:07.249     0     0 W         : [1 T532   ..] [RX]-hdmirx_hw_config port:2
01-07 03:34:07.250     0     0 W         : [1 T532   ..] [RX]-force_fsm_init
01-07 03:34:07.250     0     0 W         : [1 T532   ..] [RX]-no this data blk in edid
01-07 03:34:07.250     0     0 W         : [1 T532   ..] [RX]-no this data blk in edid
01-07 03:34:07.252     0     0 W         : [1 T532   ..] [RX]-no this data blk in edid
01-07 03:34:07.252     0     0 W         : [1 T532   ..] [RX]-no this data blk in edid
01-07 03:34:07.253     0     0 W         : [1 T532   ..] [RX]-no this data blk in edid
01-07 03:34:07.253     0     0 W         : [1 T532   ..] [RX]-no this data blk in edid
01-07 03:34:07.255     0     0 W         : [1 T532   ..] [RX]-hdmirx_hw_config port:3
01-07 03:34:07.255     0     0 W         : [1 T532   ..] [RX]-force_fsm_init
01-07 03:34:07.255     0     0 W         : [1 T532   ..] [RX]-*update edid*
01-07 03:34:07.274     0     0 I         : [6 T498   ..] avmute_store -1
01-07 03:34:07.660   764   772 D BootAnimation: BootAnimation::threadLoop
01-07 03:34:07.661   764   772 D BootAnimation: bootVideoProp=50, mConfig=0, mVol=50, mMute=0
01-07 03:34:07.702   764   772 D BootAnimation: BootAnimationShownTiming start time: 14229ms
01-07 03:34:07.781   492   492 V Zygote32Timing: PostZygoteInitGC took to complete: 27ms
01-07 03:34:07.781   492   492 V Zygote32Timing: ZygoteInit took to complete: 53ms
01-07 03:34:07.817     0     0 I         : [0 T142   ..] free_reserved_mem 293 logo start_addr=3f800000, end=40000000
01-07 03:34:07.819     0     0 I [0 T142   ..] [memory-debug]: Freeing fb-memory memory: 8192K
01-07 03:34:07.819     0     0 I         : [0 T142   ..] [drm] am_meson_free_logo_memory, free none_cma memory: addr:0x0x000000003f800000,size:0x800000
01-07 03:34:07.904   491   491 V Zygote64Timing: BeginPreload took to complete: 150ms
01-07 03:34:09.478   491   491 V Zygote64Timing: PreloadClasses took to complete: 1573ms
01-07 03:34:09.496   491   491 V Zygote64Timing: CacheNonBootClasspathClassLoaders took to complete: 17ms
01-07 03:34:09.544   491   491 V Zygote64Timing: PreloadResources took to complete: 48ms
01-07 03:34:09.624   491   491 V Zygote64Timing: ZygotePreload took to complete: 1870ms
01-07 03:34:09.754   491   491 V Zygote64Timing: PostZygoteInitGC took to complete: 130ms
01-07 03:34:09.754   491   491 V Zygote64Timing: ZygoteInit took to complete: 2025ms
01-07 03:34:10.743   597   597 E storaged: getService package_native failed
01-07 03:34:10.744   597   946 I storaged: storaged: Start
01-07 03:34:10.789   929   929 D SystemServerTiming: InitBeforeStartServices
01-07 03:34:10.794   929   929 I SystemServer: Entered the Android system server!
01-07 03:34:11.011     0     0 E [6 T1     ..] init: Control message: Could not find 'aidl/package_native' for ctl.interface_start from pid: 315 (/system/bin/servicemanager)
01-07 03:34:11.176   929   929 I SystemServerInitThreadPool: Creating instance with 8 threads
01-07 03:34:11.375     0     0 E [6 T1     ..] init: Control message: Could not find 'aidl/device_state' for ctl.interface_start from pid: 315 (/system/bin/servicemanager)
01-07 03:34:11.606   929   929 V SystemServerTiming: InitBeforeStartServices took to complete: 817ms
01-07 03:34:11.606   929   929 D SystemServerTiming: StartServices
01-07 03:34:11.606   929   929 D SystemServerTiming: startBootstrapServices
01-07 03:34:11.606   929   929 D SystemServerTiming: StartWatchdog
01-07 03:34:11.615   929   929 V SystemServerTiming: StartWatchdog took to complete: 9ms
01-07 03:34:11.615   929   929 I SystemServer: Reading configuration...
01-07 03:34:11.615   929   929 D SystemServerTiming: ReadingSystemConfig
01-07 03:34:11.615   929   929 V SystemServerTiming: ReadingSystemConfig took to complete: 0ms
01-07 03:34:11.615   929   929 D SystemServerTiming: PlatformCompat
01-07 03:34:11.616   929   965 D SystemServerTimingAsync: InitThreadPoolExec:ReadingSystemConfig
01-07 03:34:11.616   929   965 D SystemServerInitThreadPool: Started executing ReadingSystemConfig
01-07 03:34:11.617   929   929 D CompatConfig: Found a config file: /system/etc/compatconfig/calendar-provider-compat-config.xml
01-07 03:34:11.617   929   965 I SystemConfig: Reading permissions from /system/etc/sysconfig/framework-sysconfig.xml
01-07 03:34:11.619   929   929 D CompatConfig: Adding: com.android.server.compat.config.Change@2bbeca6
01-07 03:34:11.620   929   929 D CompatConfig: Found a config file: /system/etc/compatconfig/framework-platform-compat-config.xml
01-07 03:34:11.620   929   965 I SystemConfig: Reading permissions from /system/etc/sysconfig/preinstalled-packages-com.android.providers.media.module.xml
01-07 03:34:11.622   929   965 I SystemConfig: Reading permissions from /system/etc/sysconfig/hiddenapi-package-whitelist.xml
01-07 03:34:11.623   929   929 D CompatConfig: Adding: com.android.server.compat.config.Change@566aa83
01-07 03:34:11.623   929   965 I SystemConfig: Reading permissions from /system/etc/sysconfig/netflix.xml
01-07 03:34:11.623   929   929 D CompatConfig: Adding: com.android.server.compat.config.Change@8fcb400
01-07 03:34:11.623   929   929 D CompatConfig: Adding: com.android.server.compat.config.Change@a70d439
01-07 03:34:11.624   929   929 D CompatConfig: Adding: com.android.server.compat.config.Change@fc9ea7e
01-07 03:34:11.624   929   929 D CompatConfig: Adding: com.android.server.compat.config.Change@9df6bdf
01-07 03:34:11.624   929   929 D CompatConfig: Adding: com.android.server.compat.config.Change@479102c
01-07 03:34:11.624   929   929 D CompatConfig: Adding: com.android.server.compat.config.Change@8817af5
01-07 03:34:11.624   929   929 D CompatConfig: Adding: com.android.server.compat.config.Change@116308a
01-07 03:34:11.624   929   929 D CompatConfig: Adding: com.android.server.compat.config.Change@df8e6fb
01-07 03:34:11.624   929   929 D CompatConfig: Adding: com.android.server.compat.config.Change@a7d0318
01-07 03:34:11.624   929   929 D CompatConfig: Adding: com.android.server.compat.config.Change@abbd171
01-07 03:34:11.624   929   929 D CompatConfig: Adding: com.android.server.compat.config.Change@a2ecb56
01-07 03:34:11.624   929   929 D CompatConfig: Adding: com.android.server.compat.config.Change@264f7d7
01-07 03:34:11.624   929   929 D CompatConfig: Adding: com.android.server.compat.config.Change@fcb38c4
01-07 03:34:11.624   929   929 D CompatConfig: Adding: com.android.server.compat.config.Change@6b13ad
01-07 03:34:11.624   929   929 D CompatConfig: Adding: com.android.server.compat.config.Change@26446e2
01-07 03:34:11.624   929   929 D CompatConfig: Adding: com.android.server.compat.config.Change@7173a73
01-07 03:34:11.624   929   929 D CompatConfig: Adding: com.android.server.compat.config.Change@a51d30
01-07 03:34:11.624   929   929 D CompatConfig: Adding: com.android.server.compat.config.Change@8523da9
01-07 03:34:11.624   929   929 D CompatConfig: Adding: com.android.server.compat.config.Change@383ef2e
01-07 03:34:11.624   929   929 D CompatConfig: Adding: com.android.server.compat.config.Change@da10acf
01-07 03:34:11.624   929   929 D CompatConfig: Adding: com.android.server.compat.config.Change@9f6dc5c
01-07 03:34:11.624   929   929 D CompatConfig: Adding: com.android.server.compat.config.Change@4e3d03a
01-07 03:34:11.624   929   929 D CompatConfig: Adding: com.android.server.compat.config.Change@54d84eb
01-07 03:34:11.624   929   929 D CompatConfig: Adding: com.android.server.compat.config.Change@9436248
01-07 03:34:11.624   929   929 D CompatConfig: Adding: com.android.server.compat.config.Change@552f8e1
01-07 03:34:11.624   929   929 D CompatConfig: Adding: com.android.server.compat.config.Change@b2eb606
01-07 03:34:11.624   929   929 D CompatConfig: Adding: com.android.server.compat.config.Change@cfd84c7
01-07 03:34:11.624   929   929 D CompatConfig: Adding: com.android.server.compat.config.Change@f505af4
01-07 03:34:11.624   929   929 D CompatConfig: Adding: com.android.server.compat.config.Change@da5421d
01-07 03:34:11.624   929   929 D CompatConfig: Adding: com.android.server.compat.config.Change@8f02c92
01-07 03:34:11.624   929   929 D CompatConfig: Adding: com.android.server.compat.config.Change@6c3a663
01-07 03:34:11.624   929   965 I SystemConfig: Reading permissions from /system/etc/sysconfig/preinstalled-packages-platform.xml
01-07 03:34:11.624   929   929 D CompatConfig: Adding: com.android.server.compat.config.Change@1923260
01-07 03:34:11.624   929   929 D CompatConfig: Adding: com.android.server.compat.config.Change@cd8e319
01-07 03:34:11.624   929   929 D CompatConfig: Adding: com.android.server.compat.config.Change@be07fde
01-07 03:34:11.624   929   929 D CompatConfig: Adding: com.android.server.compat.config.Change@94045bf
01-07 03:34:11.625   929   929 D CompatConfig: Adding: com.android.server.compat.config.Change@658148c
01-07 03:34:11.625   929   929 D CompatConfig: Adding: com.android.server.compat.config.Change@a0b97d5
01-07 03:34:11.625   929   929 D CompatConfig: Adding: com.android.server.compat.config.Change@2f0bbea
01-07 03:34:11.625   929   929 D CompatConfig: Adding: com.android.server.compat.config.Change@abd7edb
01-07 03:34:11.625   929   929 D CompatConfig: Adding: com.android.server.compat.config.Change@7b7ed78
01-07 03:34:11.625   929   929 D CompatConfig: Adding: com.android.server.compat.config.Change@67adc51
01-07 03:34:11.625   929   929 D CompatConfig: Adding: com.android.server.compat.config.Change@916acb6
01-07 03:34:11.625   929   929 D CompatConfig: Adding: com.android.server.compat.config.Change@20b2db7
01-07 03:34:11.625   929   929 D CompatConfig: Adding: com.android.server.compat.config.Change@93a6924
01-07 03:34:11.625   929   929 D CompatConfig: Adding: com.android.server.compat.config.Change@fbfec8d
01-07 03:34:11.625   929   929 D CompatConfig: Adding: com.android.server.compat.config.Change@d8de42
01-07 03:34:11.625   929   929 D CompatConfig: Adding: com.android.server.compat.config.Change@91aee53
01-07 03:34:11.625   929   929 D CompatConfig: Adding: com.android.server.compat.config.Change@c46f390
01-07 03:34:11.625   929   929 D CompatConfig: Adding: com.android.server.compat.config.Change@9cbc489
01-07 03:34:11.625   929   929 D CompatConfig: Adding: com.android.server.compat.config.Change@c9a9c8e
01-07 03:34:11.625   929   929 D CompatConfig: Adding: com.android.server.compat.config.Change@d5c1caf
01-07 03:34:11.625   929   929 D CompatConfig: Adding: com.android.server.compat.config.Change@f4fb8bc
01-07 03:34:11.625   929   929 D CompatConfig: Adding: com.android.server.compat.config.Change@ca32045
01-07 03:34:11.625   929   929 D CompatConfig: Adding: com.android.server.compat.config.Change@fa7f39a
01-07 03:34:11.625   929   929 D CompatConfig: Adding: com.android.server.compat.config.Change@9d7d4cb
01-07 03:34:11.625   929   929 D CompatConfig: Adding: com.android.server.compat.config.Change@3bda4a8
01-07 03:34:11.625   929   929 D CompatConfig: Adding: com.android.server.compat.config.Change@1da7bc1
01-07 03:34:11.625   929   929 D CompatConfig: Adding: com.android.server.compat.config.Change@401af66
01-07 03:34:11.625   929   929 D CompatConfig: Adding: com.android.server.compat.config.Change@70cf2a7
01-07 03:34:11.625   929   929 D CompatConfig: Adding: com.android.server.compat.config.Change@69c6354
01-07 03:34:11.625   929   929 D CompatConfig: Adding: com.android.server.compat.config.Change@dd212fd
01-07 03:34:11.625   929   929 D CompatConfig: Adding: com.android.server.compat.config.Change@e95bf2
01-07 03:34:11.625   929   929 D CompatConfig: Adding: com.android.server.compat.config.Change@c8c1243
01-07 03:34:11.625   929   929 D CompatConfig: Adding: com.android.server.compat.config.Change@80660c0
01-07 03:34:11.625   929   929 D CompatConfig: Adding: com.android.server.compat.config.Change@b1e1f9
01-07 03:34:11.625   929   929 D CompatConfig: Adding: com.android.server.compat.config.Change@e2d453e
01-07 03:34:11.625   929   929 D CompatConfig: Adding: com.android.server.compat.config.Change@538f9f
01-07 03:34:11.625   929   929 D CompatConfig: Adding: com.android.server.compat.config.Change@d50c8ec
01-07 03:34:11.625   929   929 D CompatConfig: Adding: com.android.server.compat.config.Change@b25a4b5
01-07 03:34:11.626   929   929 D CompatConfig: Adding: com.android.server.compat.config.Change@34774a
01-07 03:34:11.626   929   929 D CompatConfig: Adding: com.android.server.compat.config.Change@feb86bb
01-07 03:34:11.626   929   929 D CompatConfig: Adding: com.android.server.compat.config.Change@9f787d8
01-07 03:34:11.626   929   929 D CompatConfig: Adding: com.android.server.compat.config.Change@2d8d731
01-07 03:34:11.626   929   929 D CompatConfig: Adding: com.android.server.compat.config.Change@8cabe16
01-07 03:34:11.626   929   929 D CompatConfig: Adding: com.android.server.compat.config.Change@f41d397
01-07 03:34:11.626   929   929 D CompatConfig: Adding: com.android.server.compat.config.Change@b494984
01-07 03:34:11.626   929   929 D CompatConfig: Adding: com.android.server.compat.config.Change@2b2b56d
01-07 03:34:11.626   929   929 D CompatConfig: Adding: com.android.server.compat.config.Change@8aca5a2
01-07 03:34:11.626   929   929 D CompatConfig: Adding: com.android.server.compat.config.Change@9461233
01-07 03:34:11.626   929   929 D CompatConfig: Adding: com.android.server.compat.config.Change@2d379f0
01-07 03:34:11.626   929   929 D CompatConfig: Adding: com.android.server.compat.config.Change@2d23b69
01-07 03:34:11.626   929   929 D CompatConfig: Adding: com.android.server.compat.config.Change@dd379ee
01-07 03:34:11.626   929   929 D CompatConfig: Adding: com.android.server.compat.config.Change@e459e8f
01-07 03:34:11.626   929   929 D CompatConfig: Adding: com.android.server.compat.config.Change@b8e451c
01-07 03:34:11.626   929   929 D CompatConfig: Adding: com.android.server.compat.config.Change@44a2525
01-07 03:34:11.626   929   929 D CompatConfig: Adding: com.android.server.compat.config.Change@a8146fa
01-07 03:34:11.626   929   929 D CompatConfig: Adding: com.android.server.compat.config.Change@c0794ab
01-07 03:34:11.626   929   965 I SystemConfig: Reading permissions from /system/etc/permissions/tahoe_core_hardware.xml
01-07 03:34:11.626   929   929 D CompatConfig: Found a config file: /system/etc/compatconfig/TeleService-platform-compat-config.xml
01-07 03:34:11.627   929   929 D CompatConfig: Adding: com.android.server.compat.config.Change@ba8d087
01-07 03:34:11.627   929   965 I SystemConfig: Reading permissions from /system/etc/permissions/privapp-permissions-platform.xml
01-07 03:34:11.627   929   929 D CompatConfig: Adding: com.android.server.compat.config.Change@5d41bb4
01-07 03:34:11.627   929   929 D CompatConfig: Adding: com.android.server.compat.config.Change@cf8d3dd
01-07 03:34:11.627   929   929 D CompatConfig: Adding: com.android.server.compat.config.Change@6dbb52
01-07 03:34:11.627   929   929 D CompatConfig: Adding: com.android.server.compat.config.Change@137ee23
01-07 03:34:11.627   929   929 D CompatConfig: Adding: com.android.server.compat.config.Change@1713f20
01-07 03:34:11.628   929   929 D CompatConfig: Found a config file: /system/etc/compatconfig/documents-ui-compat-config.xml
01-07 03:34:11.628   929   929 D CompatConfig: Adding: com.android.server.compat.config.Change@d883a9e
01-07 03:34:11.629   929   929 D CompatConfig: Found a config file: /system/etc/compatconfig/services-platform-compat-config.xml
01-07 03:34:11.631   929   929 D CompatConfig: Adding: com.android.server.compat.config.Change@7fb2d4c
01-07 03:34:11.631   929   929 D CompatConfig: Adding: com.android.server.compat.config.Change@287a195
01-07 03:34:11.631   929   929 D CompatConfig: Adding: com.android.server.compat.config.Change@53962aa
01-07 03:34:11.631   929   929 D CompatConfig: Adding: com.android.server.compat.config.Change@efafe9b
01-07 03:34:11.631   929   929 D CompatConfig: Adding: com.android.server.compat.config.Change@153d238
01-07 03:34:11.631   929   929 D CompatConfig: Adding: com.android.server.compat.config.Change@a0dc211
01-07 03:34:11.631   929   929 D CompatConfig: Adding: com.android.server.compat.config.Change@b00e977
01-07 03:34:11.631   929   929 D CompatConfig: Adding: com.android.server.compat.config.Change@f8fd9e4
01-07 03:34:11.631   929   929 D CompatConfig: Adding: com.android.server.compat.config.Change@efb6e4d
01-07 03:34:11.631   929   965 I SystemConfig: Reading permissions from /system/etc/permissions/android.test.runner.xml
01-07 03:34:11.631   929   929 D CompatConfig: Adding: com.android.server.compat.config.Change@9379d02
01-07 03:34:11.631   929   929 D CompatConfig: Adding: com.android.server.compat.config.Change@10a613
01-07 03:34:11.631   929   929 D CompatConfig: Adding: com.android.server.compat.config.Change@f62b050
01-07 03:34:11.631   929   929 D CompatConfig: Adding: com.android.server.compat.config.Change@c9da249
01-07 03:34:11.631   929   929 D CompatConfig: Adding: com.android.server.compat.config.Change@406874e
01-07 03:34:11.631   929   929 D CompatConfig: Adding: com.android.server.compat.config.Change@855906f
01-07 03:34:11.631   929   929 D CompatConfig: Adding: com.android.server.compat.config.Change@34a817c
01-07 03:34:11.631   929   929 D CompatConfig: Adding: com.android.server.compat.config.Change@c151a05
01-07 03:34:11.631   929   929 D CompatConfig: Adding: com.android.server.compat.config.Change@7c7ca5a
01-07 03:34:11.631   929   929 D CompatConfig: Adding: com.android.server.compat.config.Change@b54c48b
01-07 03:34:11.631   929   929 D CompatConfig: Adding: com.android.server.compat.config.Change@57c3968
01-07 03:34:11.632   929   929 D CompatConfig: Adding: com.android.server.compat.config.Change@dd25181
01-07 03:34:11.632   929   929 D CompatConfig: Adding: com.android.server.compat.config.Change@2283226
01-07 03:34:11.632   929   929 D CompatConfig: Adding: com.android.server.compat.config.Change@9c91e67
01-07 03:34:11.632   929   929 D CompatConfig: Adding: com.android.server.compat.config.Change@c8f8414
01-07 03:34:11.632   929   929 D CompatConfig: Adding: com.android.server.compat.config.Change@ed184bd
01-07 03:34:11.632   929   929 D CompatConfig: Adding: com.android.server.compat.config.Change@cd54ab2
01-07 03:34:11.632   929   929 D CompatConfig: Adding: com.android.server.compat.config.Change@b3f3a03
01-07 03:34:11.632   929   929 D CompatConfig: Adding: com.android.server.compat.config.Change@eeacd80
01-07 03:34:11.632   929   929 D CompatConfig: Adding: com.android.server.compat.config.Change@596afb9
01-07 03:34:11.632   929   929 D CompatConfig: Adding: com.android.server.compat.config.Change@cc95ffe
01-07 03:34:11.632   929   929 D CompatConfig: Adding: com.android.server.compat.config.Change@971735f
01-07 03:34:11.632   929   929 D CompatConfig: Adding: com.android.server.compat.config.Change@ef41ac
01-07 03:34:11.632   929   929 D CompatConfig: Adding: com.android.server.compat.config.Change@2e98e75
01-07 03:34:11.632   929   929 D CompatConfig: Adding: com.android.server.compat.config.Change@a577e0a
01-07 03:34:11.632   929   929 D CompatConfig: Adding: com.android.server.compat.config.Change@563e67b
01-07 03:34:11.632   929   929 D CompatConfig: Adding: com.android.server.compat.config.Change@9e4cc98
01-07 03:34:11.632   929   929 D CompatConfig: Adding: com.android.server.compat.config.Change@2519cf1
01-07 03:34:11.632   929   929 D CompatConfig: Adding: com.android.server.compat.config.Change@df770d6
01-07 03:34:11.632   929   929 D CompatConfig: Adding: com.android.server.compat.config.Change@2406f57
01-07 03:34:11.632   929   929 D CompatConfig: Adding: com.android.server.compat.config.Change@652172d
01-07 03:34:11.632   929   929 D CompatConfig: Adding: com.android.server.compat.config.Change@dd1c462
01-07 03:34:11.632   929   929 D CompatConfig: Adding: com.android.server.compat.config.Change@1f2a9f3
01-07 03:34:11.632   929   929 D CompatConfig: Adding: com.android.server.compat.config.Change@90c96b0
01-07 03:34:11.632   929   929 D CompatConfig: Adding: com.android.server.compat.config.Change@c65f929
01-07 03:34:11.632   929   929 D CompatConfig: Adding: com.android.server.compat.config.Change@80bc4ae
01-07 03:34:11.632   929   965 I SystemConfig: Reading permissions from /system/etc/permissions/privapp_allowlist_com.android.providers.media.module.xml
01-07 03:34:11.632   929   929 D CompatConfig: Adding: com.android.server.compat.config.Change@f83f24f
01-07 03:34:11.632   929   929 D CompatConfig: Adding: com.android.server.compat.config.Change@71c6ddc
01-07 03:34:11.632   929   929 D CompatConfig: Adding: com.android.server.compat.config.Change@4bbfee5
01-07 03:34:11.632   929   929 D CompatConfig: Adding: com.android.server.compat.config.Change@5d37dba
01-07 03:34:11.632   929   929 D CompatConfig: Adding: com.android.server.compat.config.Change@337646b
01-07 03:34:11.632   929   929 D CompatConfig: Adding: com.android.server.compat.config.Change@4f08bc8
01-07 03:34:11.633   929   929 D CompatConfig: Adding: com.android.server.compat.config.Change@9b2a461
01-07 03:34:11.633   929   929 D CompatConfig: Adding: com.android.server.compat.config.Change@32bbb86
01-07 03:34:11.633   929   929 D CompatConfig: Adding: com.android.server.compat.config.Change@c65dc47
01-07 03:34:11.633   929   929 D CompatConfig: Adding: com.android.server.compat.config.Change@6669c74
01-07 03:34:11.633   929   929 D CompatConfig: Adding: com.android.server.compat.config.Change@314259d
01-07 03:34:11.633   929   929 D CompatConfig: Adding: com.android.server.compat.config.Change@7780a12
01-07 03:34:11.633   929   929 D CompatConfig: Adding: com.android.server.compat.config.Change@d19f5e3
01-07 03:34:11.633   929   929 D CompatConfig: Adding: com.android.server.compat.config.Change@d8b0be0
01-07 03:34:11.633   929   929 D CompatConfig: Adding: com.android.server.compat.config.Change@1127e99
01-07 03:34:11.633   929   929 D CompatConfig: Adding: com.android.server.compat.config.Change@ac8b55e
01-07 03:34:11.633   929   929 D CompatConfig: Adding: com.android.server.compat.config.Change@36c0d3f
01-07 03:34:11.633   929   929 D CompatConfig: Adding: com.android.server.compat.config.Change@ec5060c
01-07 03:34:11.633   929   965 I SystemConfig: Reading permissions from /system/etc/permissions/android.test.mock.xml
01-07 03:34:11.633   929   929 D CompatConfig: Found a config file: /system/etc/compatconfig/contacts-provider-platform-compat-config.xml
01-07 03:34:11.634   929   965 I SystemConfig: Reading permissions from /system/etc/permissions/privapp_allowlist_com.android.adservices.api.xml
01-07 03:34:11.634   929   929 D CompatConfig: Found a config file: /system/etc/compatconfig/icu4j-platform-compat-config.xml
01-07 03:34:11.635   929   929 D CompatConfig: Adding: com.android.server.compat.config.Change@ddc67d1
01-07 03:34:11.635   929   965 I SystemConfig: Reading permissions from /system/etc/permissions/com.android.future.usb.accessory.xml
01-07 03:34:11.636   929   965 I SystemConfig: Reading permissions from /system/etc/permissions/tv_core_hardware.xml
01-07 03:34:11.637   929   929 D CompatConfig: No directory /system/system_ext/etc/compatconfig, skipping
01-07 03:34:11.638   929   965 I SystemConfig: Reading permissions from /system/etc/permissions/com.android.location.provider.xml
01-07 03:34:11.638   929   965 I SystemConfig: Reading permissions from /system/etc/permissions/javax.obex.xml
01-07 03:34:11.639   929   965 I SystemConfig: Reading permissions from /system/etc/permissions/sonos_platform.xml
01-07 03:34:11.640   929   929 D ApexManagerTiming: getActiveApexInfos_noCache
01-07 03:34:11.641   929   965 I SystemConfig: Reading permissions from /system/etc/permissions/android.hardware.bluetooth.xml
01-07 03:34:11.643   929   965 I SystemConfig: Reading permissions from /system/etc/permissions/android.hardware.bluetooth_le.xml
01-07 03:34:11.644   929   965 I SystemConfig: Reading permissions from /system/etc/permissions/android.test.base.xml
01-07 03:34:11.645   929   965 I SystemConfig: Reading permissions from /system/etc/permissions/com.android.networkstack.xml
01-07 03:34:11.646   929   965 I SystemConfig: Reading permissions from /system/etc/permissions/com.android.media.remotedisplay.xml
01-07 03:34:11.647   929   965 I SystemConfig: Reading permissions from /system/etc/permissions/privapp_allowlist_android.ext.services.xml
01-07 03:34:11.649   929   965 I SystemConfig: Reading permissions from /system/etc/permissions/com.android.media.tv.remoteprovider.xml
01-07 03:34:11.651   929   965 I SystemConfig: Reading permissions from /system/etc/permissions/com.android.mediadrm.signer.xml
01-07 03:34:11.653   929   965 I SystemConfig: Reading permissions from /system/etc/permissions/com.android.intentresolver.xml
01-07 03:34:11.655   929   965 I SystemConfig: Reading permissions from /system/etc/permissions/android.software.webview.xml
01-07 03:34:11.657   929   965 I SystemConfig: Reading permissions from /system/etc/permissions/org.apache.http.legacy.xml
01-07 03:34:11.657   929   965 I SystemConfig: Reading permissions from /system/etc/permissions/platform.xml
01-07 03:34:11.664   929   965 I SystemConfig: Reading permissions from /vendor/etc/permissions/android.hardware.ethernet.xml
01-07 03:34:11.665   929   965 I SystemConfig: Reading permissions from /vendor/etc/permissions/android.software.ipsec_tunnels.xml
01-07 03:34:11.666   929   965 I SystemConfig: Reading permissions from /vendor/etc/permissions/android.hardware.usb.host.xml
01-07 03:34:11.667   929   965 I SystemConfig: Reading permissions from /vendor/etc/permissions/android.software.backup.xml
01-07 03:34:11.668   929   965 I SystemConfig: Reading permissions from /vendor/etc/permissions/android.hardware.hardware_keystore.amlogic.xml
