01-06 04:22:05.210     0     0 I [6 T1430  ..] [schedu][0x14e545212][04: 22:11.111833] wlan: [1430:I:OSIF] scan start scan id 41055
01-06 04:22:06.843     0     0 I [4 T1430  ..] [schedu][0x14e6d3fef][04: 22:12.745590] wlan: [1430:I:OSIF] vdev 0, scan id 41055 type COMPLETED(1) reason COMPLETED(1) scan found 75 bss
01-06 04:22:12.753   944   944 D HDMI    : [P]:AllocatedAddress=[]
01-06 04:22:36.368     0     0 I [1 T322   ..] logd: logdr: UID=2000 GID=2000 PID=13455 b tail=0 logMask=99 pid=0 start=0ns deadline=0ns
01-06 04:22:44.697   944  1955 W ProcessStats: Tracking association SourceState{58fbe86 system/1000 BTopFgs #2507} whose proc state 2 is better than process ProcessState{a2bd69d com.sonos.connectivity/10082 pkg=com.sonos.connectivity} proc state 3 (10 skipped)
01-06 04:22:44.703   944  1511 I ActivityManager: Force stopping io.appium.uiautomator2.server appid=10103 user=0: finished inst
01-06 04:22:44.705   944  1511 I ActivityManager: Killing 13273:io.appium.uiautomator2.server/u0a103 (adj 0): stop io.appium.uiautomator2.server due to finished inst
01-06 04:22:38.871     0     0 I [5 T1511  ..] binder_alloc: 13273: binder_alloc_buf, no vma
01-06 04:22:38.871     0     0 I [5 T1511  ..] binder: 944:1511 transaction failed 29189/-3, size 4-0 line 3101
01-06 04:22:38.871     0     0 I [5 T1511  ..] binder: send failed reply for transaction 497394 to 13273:13293
01-06 04:22:38.873     0     0 I [7 T62    ..] binder: undelivered TRANSACTION_COMPLETE
01-06 04:22:38.873     0     0 I [7 T62    ..] binder: undelivered TRANSACTION_ERROR: 29189
01-06 04:22:44.775   944  1511 V ActivityManager: Got obituary of 13273:io.appium.uiautomator2.server
01-06 04:22:38.919     0     0 W [1 T13497 ..] audit: audit_lost=47972 audit_rate_limit=5 audit_backlog_limit=64
01-06 04:22:38.919     0     0 E [1 T13497 ..] audit: rate limit exceeded
01-06 04:22:45.400   944  1221 I ActivityManager: Force stopping io.appium.uiautomator2.server.test appid=10104 user=0: from pid 13503
01-06 04:22:45.923   944  1221 I ActivityManager: Force stopping io.appium.uiautomator2.server appid=10103 user=0: start instr
01-06 04:22:45.926   944  1221 D CompatibilityChangeReporter: Compat change id reported: 135634846; UID 10103; state: DISABLED
01-06 04:22:45.926   944  1221 D CompatibilityChangeReporter: Compat change id reported: 177438394; UID 10103; state: DISABLED
01-06 04:22:45.926   944  1221 D CompatibilityChangeReporter: Compat change id reported: 135772972; UID 10103; state: DISABLED
01-06 04:22:45.926   944  1221 D CompatibilityChangeReporter: Compat change id reported: 135754954; UID 10103; state: ENABLED
01-06 04:22:45.927   944   977 D CompatibilityChangeReporter: Compat change id reported: 143937733; UID 10103; state: ENABLED
01-06 04:22:45.943   944   977 I ActivityManager: Start proc 13521:io.appium.uiautomator2.server/u0a103 for added application io.appium.uiautomator2.server
01-06 04:22:40.154     0     0 W [6 T13536 ..] audit: audit_lost=48478 audit_rate_limit=5 audit_backlog_limit=64
01-06 04:22:40.154     0     0 E [6 T13536 ..] audit: rate limit exceeded
01-06 04:23:05.223     0     0 I [1 T1430  ..] [schedu][0x151e80cf8][04: 23:11.125119] wlan: [1430:I:OSIF] scan start scan id 41056
01-06 04:23:06.853     0     0 I [1 T1430  ..] [schedu][0x15200ee0b][04: 23:12.755602] wlan: [1430:I:OSIF] vdev 0, scan id 41056 type COMPLETED(1) reason COMPLETED(1) scan found 69 bss
01-06 04:23:12.768   944   944 D HDMI    : [P]:AllocatedAddress=[]
01-06 04:23:17.263   944   976 W ProcessStats: Tracking association SourceState{8d88922 system/1000 BTopFgs #2525} whose proc state 2 is better than process ProcessState{a2bd69d com.sonos.connectivity/10082 pkg=com.sonos.connectivity} proc state 3 (25 skipped)
01-06 04:23:40.752     0     0 W [2 T13618 ..] audit: audit_lost=48977 audit_rate_limit=5 audit_backlog_limit=64
01-06 04:23:40.752     0     0 E [2 T13618 ..] audit: rate limit exceeded
01-06 04:24:05.232     0     0 I [3 T1430  ..] [schedu][0x1557bb6c7][04: 24:11.134030] wlan: [1430:I:OSIF] scan start scan id 41057
01-06 04:24:06.865     0     0 I [7 T1430  ..] [schedu][0x15594a482][04: 24:12.767754] wlan: [1430:I:OSIF] vdev 0, scan id 41057 type COMPLETED(1) reason COMPLETED(1) scan found 80 bss
01-06 04:24:12.773   944   944 D HDMI    : [P]:AllocatedAddress=[]
01-06 04:24:40.869     0     0 W [0 T13634 ..] audit: audit_lost=49359 audit_rate_limit=5 audit_backlog_limit=64
01-06 04:24:40.869     0     0 E [0 T13634 ..] audit: rate limit exceeded
01-06 04:24:49.059   944  1078 D ActivityManager: freezing 2847 com.android.providers.tv
01-06 04:25:05.221     0     0 I [1 T1430  ..] [schedu][0x1590f11e3][04: 25:11.122794] wlan: [1430:I:OSIF] scan start scan id 41058
01-06 04:25:05.685     0     0 I [4 T1430  ..] [schedu][0x1591628b0][04: 25:11.587383] wlan: [1430:I:PE] lim_process_action_frame_no_session: Unhandled public action frame: 22
01-06 04:25:06.855     0     0 I [5 T1430  ..] [schedu][0x1592800e5][04: 25:12.756845] wlan: [1430:I:OSIF] vdev 0, scan id 41058 type COMPLETED(1) reason COMPLETED(1) scan found 76 bss
01-06 04:25:12.769   944   944 D HDMI    : [P]:AllocatedAddress=[]
01-06 04:25:40.950     0     0 W [1 T13662 ..] audit: audit_lost=49711 audit_rate_limit=5 audit_backlog_limit=64
01-06 04:25:40.950     0     0 E [1 T13662 ..] audit: rate limit exceeded
01-06 04:26:05.238     0     0 I [2 T1430  ..] [schedu][0x15ca2dd8f][04: 26:11.140373] wlan: [1430:I:OSIF] scan start scan id 41059
01-06 04:26:05.667     0     0 I [7 T1430  ..] [schedu][0x15ca969da][04: 26:11.569506] wlan: [1430:I:PE] lim_process_action_frame_no_session: Unhandled public action frame: 22
01-06 04:26:12.761   944   944 D HDMI    : [P]:AllocatedAddress=[]
01-06 04:26:06.872     0     0 I [7 T1430  ..] [schedu][0x15cbbcadd][04: 26:12.773989] wlan: [1430:I:OSIF] vdev 0, scan id 41059 type COMPLETED(1) reason COMPLETED(1) scan found 71 bss
01-06 04:26:41.035     0     0 W [1 T13689 ..] audit: audit_lost=49862 audit_rate_limit=5 audit_backlog_limit=64
01-06 04:26:41.035     0     0 E [1 T13689 ..] audit: rate limit exceeded
01-06 04:27:05.230     0     0 I [3 T1430  ..] [schedu][0x160364437][04: 27:11.132094] wlan: [1430:I:OSIF] scan start scan id 41060
01-06 04:27:05.669     0     0 I [0 T1430  ..] [schedu][0x1603cf906][04: 27:11.571597] wlan: [1430:I:PE] lim_process_action_frame_no_session: Unhandled public action frame: 22
01-06 04:27:06.860     0     0 I [2 T1430  ..] [schedu][0x1604f252f][04: 27:12.762550] wlan: [1430:I:OSIF] vdev 0, scan id 41060 type COMPLETED(1) reason COMPLETED(1) scan found 83 bss
01-06 04:27:12.764   944   944 D HDMI    : [P]:AllocatedAddress=[]
01-06 04:27:14.310   944   976 W ProcessStats: Tracking association SourceState{8d88922 system/1000 BTopFgs #2540} whose proc state 2 is better than process ProcessState{a2bd69d com.sonos.connectivity/10082 pkg=com.sonos.connectivity} proc state 3 (3 skipped)
01-06 04:27:14.719   944   967 D sysclock_state: set to SYNCED, reason: OK
01-06 04:27:41.119     0     0 W [0 T13727 ..] audit: audit_lost=50058 audit_rate_limit=5 audit_backlog_limit=64
01-06 04:27:41.119     0     0 E [0 T13727 ..] audit: rate limit exceeded
01-06 04:28:05.237     0     0 I [3 T1430  ..] [schedu][0x163c9e87a][04: 28:11.139585] wlan: [1430:I:OSIF] scan start scan id 41061
01-06 04:28:12.769   944   944 D HDMI    : [P]:AllocatedAddress=[]
01-06 04:28:06.871     0     0 I [7 T1430  ..] [schedu][0x163e2d668][04: 28:12.773360] wlan: [1430:I:OSIF] vdev 0, scan id 41061 type COMPLETED(1) reason COMPLETED(1) scan found 76 bss
01-06 04:28:34.648     0     0 I [0 T322   ..] logd: logdr: UID=2000 GID=2000 PID=13813 b tail=0 logMask=99 pid=0 start=0ns deadline=0ns
01-06 04:28:42.870   944  1099 W ProcessStats: Tracking association SourceState{58fbe86 system/1000 BTopFgs #2548} whose proc state 2 is better than process ProcessState{a2bd69d com.sonos.connectivity/10082 pkg=com.sonos.connectivity} proc state 3 (3 skipped)
01-06 04:28:36.970     0     0 E [7 T528   ..] [wifi@1][0x165ae1a64][04: 28:42.871787] wlan: [528:E:OSIF] wlan_hdd_set_station_stats_request_pending: peer is null
01-06 04:28:42.876   944   983 W BatteryExternalStatsWorker: error reading modem stats:ERROR_PHONE_NOT_AVAILABLE
01-06 04:28:42.884   944  1511 I ActivityManager: Force stopping io.appium.uiautomator2.server appid=10103 user=0: finished inst
01-06 04:28:42.885   944  1511 I ActivityManager: Killing 13521:io.appium.uiautomator2.server/u0a103 (adj 0): stop io.appium.uiautomator2.server due to finished inst
01-06 04:28:42.929   944  1221 V ActivityManager: Got obituary of 13521:io.appium.uiautomator2.server
01-06 04:28:37.027     0     0 I [6 T13863 ..] binder: undelivered TRANSACTION_COMPLETE
01-06 04:28:37.027     0     0 I [6 T13863 ..] binder: undelivered transaction 529603, process died.
01-06 04:28:37.073     0     0 W [0 T13870 ..] audit: audit_lost=50200 audit_rate_limit=5 audit_backlog_limit=64
01-06 04:28:37.073     0     0 E [0 T13870 ..] audit: rate limit exceeded
01-06 04:28:43.587   944  1221 I ActivityManager: Force stopping io.appium.uiautomator2.server.test appid=10104 user=0: from pid 13876
01-06 04:28:44.085   944  1221 I ActivityManager: Force stopping io.appium.uiautomator2.server appid=10103 user=0: start instr
01-06 04:28:44.089   944  1221 D CompatibilityChangeReporter: Compat change id reported: 135634846; UID 10103; state: DISABLED
01-06 04:28:44.089   944  1221 D CompatibilityChangeReporter: Compat change id reported: 177438394; UID 10103; state: DISABLED
01-06 04:28:44.089   944  1221 D CompatibilityChangeReporter: Compat change id reported: 135772972; UID 10103; state: DISABLED
01-06 04:28:44.089   944  1221 D CompatibilityChangeReporter: Compat change id reported: 135754954; UID 10103; state: ENABLED
01-06 04:28:44.090   944   977 D CompatibilityChangeReporter: Compat change id reported: 143937733; UID 10103; state: ENABLED
01-06 04:28:44.104   944   977 I ActivityManager: Start proc 13894:io.appium.uiautomator2.server/u0a103 for added application io.appium.uiautomator2.server
01-06 04:28:38.311     0     0 W [7 T13909 ..] audit: audit_lost=50657 audit_rate_limit=5 audit_backlog_limit=64
01-06 04:28:38.311     0     0 E [7 T13909 ..] audit: rate limit exceeded
01-06 04:28:48.141   944   968 D HdmiControlService: Process pid: 944 is calling oneTouchPlay.
01-06 04:28:48.142   944   944 D HDMI    : oneTouchPlay com.android.server.hdmi.OneTouchPlayAction@f2cae51
01-06 04:28:48.142   944   944 D HDMI    : setActiveSource logical:0x03 physical:0x2000 OneTouchPlayAction#broadcastActiveSource()
01-06 04:28:48.146   944   967 D AutofillManagerService: Close system dialogs
01-06 04:28:48.148   944   968 I ActivityTaskManager: START u0 {act=android.intent.action.MAIN cat=[android.intent.category.HOME] flg=0x10000100 cmp=com.sonos.tv.launcher/com.sonos.tv.contentguidelauncher.MainActivity (has extras)} from uid 0
01-06 04:28:48.365   944   944 D HDMI    : ActiveSourceHistoryRecord active source=(0x03, 0x2000) isActiveSource=true from=OneTouchPlayAction#broadcastActiveSource()
01-06 04:28:48.365   944   944 D HdmiCecActiveness: setState active mState:active
01-06 04:28:48.365   944   944 D HDMI    : setActiveSource logical:0x03 physical:0x2000 ActiveSourceAction
01-06 04:28:48.481   944  1197 E HDMI    : [6]:Failed to send <Text View On> 30:0D with errorCode=1
01-06 04:28:48.481   944   944 D HDMI    : ActiveSourceHistoryRecord active source=(0x03, 0x2000) isActiveSource=true from=ActiveSourceAction
01-06 04:28:48.481   944   944 D HdmiCecActiveness: setState active mState:active
01-06 04:28:48.481   944   944 D HDMI    : setLocalActivePort port:0 current:0
01-06 04:28:48.500   944   944 W Looper  : Slow dispatch took 358ms main h=android.os.Handler c=com.android.server.hdmi.WorkSourceUidPreservingRunnable@f4e4fb7 m=0
01-06 04:28:48.500   944   944 W Looper  : Slow delivery took 354ms main h=android.app.ActivityThread$H c=android.app.LoadedApk$ReceiverDispatcher$Args$$ExternalSyntheticLambda0@f2be324 m=0
01-06 04:28:48.508   944   944 I HdmiControlService: checkAndUpdateAbsoluteVolumeControlState() AudioDeviceAttributes: role:output type:hdmi addr: name: profiles:[] descriptors:[]Not in AVC_AUDIO_OUTPUT_DEVICES
01-06 04:28:48.512   944   944 I HdmiControlService: checkAndUpdateAbsoluteVolumeControlState() AudioDeviceAttributes: role:output type:hdmi addr: name: profiles:[] descriptors:[]Not in AVC_AUDIO_OUTPUT_DEVICES
01-06 04:28:48.512   944   944 W Looper  : Drained
01-06 04:28:48.610   944  1197 D HDMI    : [S]:<Active Source> 3F:82:20:00
01-06 04:28:48.953   944  1197 E HDMI    : [1]:Failed to send <Menu Status> 30:8E:00 with errorCode=1
01-06 04:28:49.293   944  1197 E HDMI    : [6]:Failed to send <Give Device Power Status> 30:8F with errorCode=1
01-06 04:28:50.499   944   944 D HDMI    : one touch play retry:1
01-06 04:28:52.500   944   944 D HDMI    : one touch play retry:2
01-06 04:28:54.501   944   944 D HDMI    : one touch play retry:3
01-06 04:28:56.502   944   944 D HDMI    : one touch play retry:4
01-06 04:28:58.503   944   944 D HDMI    : one touch play retry:5
01-06 04:29:04.367   944   975 I UsageStatsService: User[0] Flushing usage stats to disk
01-06 04:29:05.239     0     0 I [1 T1430  ..] [schedu][0x1675d7467][04: 29:11.140846] wlan: [1430:I:OSIF] scan start scan id 41062
01-06 04:29:12.769   944   944 D HDMI    : [P]:AllocatedAddress=[]
01-06 04:29:06.869     0     0 I [3 T1430  ..] [schedu][0x167765504][04: 29:12.771211] wlan: [1430:I:OSIF] vdev 0, scan id 41062 type COMPLETED(1) reason COMPLETED(1) scan found 72 bss
01-06 04:29:34.218   944  1511 W ProcessStats: Tracking association SourceState{3ece10a com.brdgwtr.publisherservice/10044 BTopFgs #2576} whose proc state 2 is better than process ProcessState{d13fea com.brdgwtr.dms/10050 pkg=com.brdgwtr.dms} proc state 3 (28 skipped)
01-06 04:29:37.019     0     0 E [5 T528   ..] [wifi@1][0x169426391][04: 29:42.921497] wlan: [528:E:OSIF] wlan_hdd_set_station_stats_request_pending: peer is null
01-06 04:29:38.905     0     0 W [2 T14139 ..] audit: audit_lost=51171 audit_rate_limit=5 audit_backlog_limit=64
01-06 04:29:38.905     0     0 E [2 T14139 ..] audit: rate limit exceeded
01-06 04:30:05.253     0     0 I [2 T1430  ..] [schedu][0x16af13398][04: 30:11.155231] wlan: [1430:I:OSIF] scan start scan id 41063
01-06 04:30:12.781   944   944 D HDMI    : [P]:AllocatedAddress=[]
01-06 04:30:06.884     0     0 I [1 T1430  ..] [schedu][0x16b0a17de][04: 30:12.786533] wlan: [1430:I:OSIF] vdev 0, scan id 41063 type COMPLETED(1) reason COMPLETED(1) scan found 71 bss
01-06 04:30:39.037     0     0 W [2 T14206 ..] audit: audit_lost=51578 audit_rate_limit=5 audit_backlog_limit=64
01-06 04:30:39.037     0     0 E [2 T14206 ..] audit: rate limit exceeded
01-06 04:31:03.479   944   976 W ProcessStats: Tracking association SourceState{8d88922 system/1000 BTopFgs #2600} whose proc state 2 is better than process ProcessState{a2bd69d com.sonos.connectivity/10082 pkg=com.sonos.connectivity} proc state 3 (27 skipped)
01-06 04:31:04.960   944  1219 I ActivityManager: Force stopping io.appium.uiautomator2.server appid=10103 user=0: finished inst
01-06 04:31:04.962   944  1219 I ActivityManager: Killing 13894:io.appium.uiautomator2.server/u0a103 (adj 0): stop io.appium.uiautomator2.server due to finished inst
01-06 04:31:05.006   944  1219 V ActivityManager: Got obituary of 13894:io.appium.uiautomator2.server
01-06 04:30:59.102     0     0 I [3 T1219  ..] binder_alloc: 13894: binder_alloc_buf, no vma
01-06 04:30:59.102     0     0 I [3 T1219  ..] binder: 944:1219 transaction failed 29189/-3, size 4-0 line 3101
01-06 04:30:59.102     0     0 I [3 T1219  ..] binder: send failed reply for transaction 562286 to 13894:13915
01-06 04:30:59.103     0     0 I [7 T62    ..] binder: undelivered TRANSACTION_COMPLETE
01-06 04:30:59.103     0     0 I [7 T62    ..] binder: undelivered TRANSACTION_ERROR: 29189
01-06 04:30:59.158     0     0 W [0 T14265 ..] audit: audit_lost=51822 audit_rate_limit=5 audit_backlog_limit=64
01-06 04:30:59.158     0     0 E [0 T14265 ..] audit: rate limit exceeded
01-06 04:31:05.244     0     0 I [6 T1430  ..] [schedu][0x16e849813][04: 31:11.146394] wlan: [1430:I:OSIF] scan start scan id 41064
01-06 04:31:06.808     0     0 I [1 T1430  ..] [schedu][0x16e9c7393][04: 31:12.709914] wlan: [1430:I:OSIF] vdev 0, scan id 41064 type COMPLETED(1) reason COMPLETED(1) scan found 64 bss
01-06 04:31:12.777   944   944 D HDMI    : [P]:AllocatedAddress=[]
01-06 04:31:35.828     0     0 I [1 T322   ..] logd: logdr: UID=2000 GID=2000 PID=14349 b tail=0 logMask=99 pid=0 start=0ns deadline=0ns
01-06 04:31:43.725   944  1219 I ActivityManager: Force stopping io.appium.uiautomator2.server.test appid=10104 user=0: from pid 14376
01-06 04:31:43.726   944  1219 W ProcessStats: Tracking association SourceState{58fbe86 system/1000 BTopFgs #2617} whose proc state 2 is better than process ProcessState{a2bd69d com.sonos.connectivity/10082 pkg=com.sonos.connectivity} proc state 3 (13 skipped)
01-06 04:31:44.229   944  1219 I ActivityManager: Force stopping io.appium.uiautomator2.server appid=10103 user=0: start instr
01-06 04:31:44.231   944  1219 D CompatibilityChangeReporter: Compat change id reported: 135634846; UID 10103; state: DISABLED
01-06 04:31:44.232   944  1219 D CompatibilityChangeReporter: Compat change id reported: 177438394; UID 10103; state: DISABLED
01-06 04:31:44.232   944  1219 D CompatibilityChangeReporter: Compat change id reported: 135772972; UID 10103; state: DISABLED
01-06 04:31:44.232   944  1219 D CompatibilityChangeReporter: Compat change id reported: 135754954; UID 10103; state: ENABLED
01-06 04:31:44.232   944   977 D CompatibilityChangeReporter: Compat change id reported: 143937733; UID 10103; state: ENABLED
01-06 04:31:44.247   944   977 I ActivityManager: Start proc 14394:io.appium.uiautomator2.server/u0a103 for added application io.appium.uiautomator2.server
01-06 04:31:38.453     0     0 W [4 T14409 ..] audit: audit_lost=52313 audit_rate_limit=5 audit_backlog_limit=64
01-06 04:31:38.453     0     0 E [4 T14409 ..] audit: rate limit exceeded
01-06 04:31:48.237   944   968 D HdmiControlService: Process pid: 944 is calling oneTouchPlay.
01-06 04:31:48.237   944   944 D HDMI    : oneTouchPlay com.android.server.hdmi.OneTouchPlayAction@c18ef3f
01-06 04:31:48.237   944   944 D HDMI    : setActiveSource logical:0x03 physical:0x2000 OneTouchPlayAction#broadcastActiveSource()
01-06 04:31:48.241   944   967 D AutofillManagerService: Close system dialogs
01-06 04:31:48.244   944   968 I ActivityTaskManager: START u0 {act=android.intent.action.MAIN cat=[android.intent.category.HOME] flg=0x10000100 cmp=com.sonos.tv.launcher/com.sonos.tv.contentguidelauncher.MainActivity (has extras)} from uid 0
01-06 04:31:48.466   944   944 D HDMI    : ActiveSourceHistoryRecord active source=(0x03, 0x2000) isActiveSource=true from=OneTouchPlayAction#broadcastActiveSource()
01-06 04:31:48.466   944   944 D HdmiCecActiveness: setState active mState:active
01-06 04:31:48.467   944   944 D HDMI    : setActiveSource logical:0x03 physical:0x2000 ActiveSourceAction
01-06 04:31:48.581   944  1197 E HDMI    : [6]:Failed to send <Text View On> 30:0D with errorCode=1
01-06 04:31:48.714   944   944 D HDMI    : ActiveSourceHistoryRecord active source=(0x03, 0x2000) isActiveSource=true from=ActiveSourceAction
01-06 04:31:48.714   944  1197 D HDMI    : [S]:<Active Source> 3F:82:20:00
01-06 04:31:48.714   944   944 D HdmiCecActiveness: setState active mState:active
01-06 04:31:48.714   944   944 D HDMI    : setLocalActivePort port:0 current:0
01-06 04:31:48.747   944   944 W Looper  : Slow dispatch took 510ms main h=android.os.Handler c=com.android.server.hdmi.WorkSourceUidPreservingRunnable@de01d55 m=0
01-06 04:31:48.747   944   944 W Looper  : Slow delivery took 506ms main h=android.app.ActivityThread$H c=android.app.LoadedApk$ReceiverDispatcher$Args$$ExternalSyntheticLambda0@61a936a m=0
01-06 04:31:48.757   944   944 I HdmiControlService: checkAndUpdateAbsoluteVolumeControlState() AudioDeviceAttributes: role:output type:hdmi addr: name: profiles:[] descriptors:[]Not in AVC_AUDIO_OUTPUT_DEVICES
01-06 04:31:48.761   944   944 I HdmiControlService: checkAndUpdateAbsoluteVolumeControlState() AudioDeviceAttributes: role:output type:hdmi addr: name: profiles:[] descriptors:[]Not in AVC_AUDIO_OUTPUT_DEVICES
01-06 04:31:48.790   944   944 W Looper  : Drained
01-06 04:31:49.049   944  1197 E HDMI    : [1]:Failed to send <Menu Status> 30:8E:00 with errorCode=1
01-06 04:31:49.393   944  1197 E HDMI    : [6]:Failed to send <Give Device Power Status> 30:8F with errorCode=1
01-06 04:31:50.747   944   944 D HDMI    : one touch play retry:1
01-06 04:31:52.748   944   944 D HDMI    : one touch play retry:2
01-06 04:31:54.750   944   944 D HDMI    : one touch play retry:3
01-06 04:31:56.751   944   944 D HDMI    : one touch play retry:4
01-06 04:31:58.693   944 14500 I ActivityTaskManager: START u0 {act=android.intent.action.VIEW dat=https://api.ws.sonos.com/... pkg=com.sonos.tv.launcher cmp=com.sonos.tv.launcher/com.sonos.tv.contentguidelauncher.MainActivity (has extras)} from uid 10058
01-06 04:31:58.752   944   944 D HDMI    : one touch play retry:5
01-06 04:31:58.788   944   970 W ProcessStats: Tracking association SourceState{8d88922 system/1000 BTopFgs #2636} whose proc state 2 is better than process ProcessState{a2bd69d com.sonos.connectivity/10082 pkg=com.sonos.connectivity} proc state 3 (10 skipped)
01-06 04:32:01.753   944   968 D AutofillManagerService: onBackKeyPressed()
01-06 04:32:00.646     0     0 I [1 T322   ..] logd: logdr: UID=2000 GID=2000 PID=14557 n tail=0 logMask=99 pid=0 start=0ns deadline=0ns
01-06 04:32:07.076   944   959 I ActivityManager: Force stopping io.appium.uiautomator2.server appid=10103 user=0: finished inst
01-06 04:32:07.077   944   959 I ActivityManager: Killing 14394:io.appium.uiautomator2.server/u0a103 (adj 0): stop io.appium.uiautomator2.server due to finished inst
01-06 04:32:07.122   944   959 V ActivityManager: Got obituary of 14394:io.appium.uiautomator2.server
01-06 04:32:01.220     0     0 I [6 T13863 ..] binder: undelivered TRANSACTION_COMPLETE
01-06 04:32:01.220     0     0 I [6 T13863 ..] binder: undelivered transaction 578107, process died.
01-06 04:32:01.266     0     0 W [5 T14586 ..] audit: audit_lost=52870 audit_rate_limit=5 audit_backlog_limit=64
01-06 04:32:01.266     0     0 E [5 T14586 ..] audit: rate limit exceeded
01-06 04:32:05.252     0     0 I [3 T1430  ..] [schedu][0x172183c31][04: 32:11.153847] wlan: [1430:I:OSIF] scan start scan id 41065
01-06 04:32:06.814     0     0 I [1 T1430  ..] [schedu][0x172301473][04: 32:12.716538] wlan: [1430:I:OSIF] vdev 0, scan id 41065 type COMPLETED(1) reason COMPLETED(1) scan found 74 bss
01-06 04:32:12.781   944   944 D HDMI    : [P]:AllocatedAddress=[]
01-06 04:33:01.456     0     0 W [1 T14704 ..] audit: audit_lost=53397 audit_rate_limit=5 audit_backlog_limit=64
01-06 04:33:01.456     0     0 E [1 T14704 ..] audit: rate limit exceeded
01-06 04:33:05.260     0     0 I [1 T1430  ..] [schedu][0x175abe23e][04: 33:11.161797] wlan: [1430:I:OSIF] scan start scan id 41066
01-06 04:33:06.823     0     0 I [5 T1430  ..] [schedu][0x175c3bd0d][04: 33:12.725141] wlan: [1430:I:OSIF] vdev 0, scan id 41066 type COMPLETED(1) reason COMPLETED(1) scan found 66 bss
01-06 04:33:12.773   944   944 D HDMI    : [P]:AllocatedAddress=[]
01-06 04:33:34.882     0     0 I [1 T322   ..] logd: logdr: UID=2000 GID=2000 PID=14798 b tail=0 logMask=99 pid=0 start=0ns deadline=0ns
01-06 04:33:42.898   944   959 I ActivityManager: Force stopping io.appium.uiautomator2.server.test appid=10104 user=0: from pid 14825
01-06 04:33:42.899   944   959 W ProcessStats: Tracking association SourceState{58fbe86 system/1000 BTopFgs #2656} whose proc state 2 is better than process ProcessState{a2bd69d com.sonos.connectivity/10082 pkg=com.sonos.connectivity} proc state 3 (14 skipped)
01-06 04:33:43.415   944   959 I ActivityManager: Force stopping io.appium.uiautomator2.server appid=10103 user=0: start instr
01-06 04:33:43.417   944   959 D CompatibilityChangeReporter: Compat change id reported: 135634846; UID 10103; state: DISABLED
01-06 04:33:43.417   944   959 D CompatibilityChangeReporter: Compat change id reported: 177438394; UID 10103; state: DISABLED
01-06 04:33:43.417   944   959 D CompatibilityChangeReporter: Compat change id reported: 135772972; UID 10103; state: DISABLED
01-06 04:33:43.417   944   959 D CompatibilityChangeReporter: Compat change id reported: 135754954; UID 10103; state: ENABLED
01-06 04:33:43.418   944   977 D CompatibilityChangeReporter: Compat change id reported: 143937733; UID 10103; state: ENABLED
01-06 04:33:43.432   944   977 I ActivityManager: Start proc 14843:io.appium.uiautomator2.server/u0a103 for added application io.appium.uiautomator2.server
01-06 04:33:37.645     0     0 W [4 T14858 ..] audit: audit_lost=53580 audit_rate_limit=5 audit_backlog_limit=64
01-06 04:33:37.645     0     0 E [4 T14858 ..] audit: rate limit exceeded
01-06 04:33:39.314     0     0 E [2 T528   ..] [wifi@1][0x177b384b6][04: 33:45.216573] wlan: [528:E:OSIF] wlan_hdd_set_station_stats_request_pending: peer is null
01-06 04:33:45.223   944   983 W BatteryExternalStatsWorker: error reading modem stats:ERROR_PHONE_NOT_AVAILABLE
01-06 04:33:47.392   944   968 D HdmiControlService: Process pid: 944 is calling oneTouchPlay.
01-06 04:33:47.393   944   944 D HDMI    : oneTouchPlay com.android.server.hdmi.OneTouchPlayAction@43f660b
01-06 04:33:47.393   944   944 D HDMI    : setActiveSource logical:0x03 physical:0x2000 OneTouchPlayAction#broadcastActiveSource()
01-06 04:33:47.394   944   967 D AutofillManagerService: Close system dialogs
01-06 04:33:47.400   944   968 I ActivityTaskManager: START u0 {act=android.intent.action.MAIN cat=[android.intent.category.HOME] flg=0x10000100 cmp=com.sonos.tv.launcher/com.sonos.tv.contentguidelauncher.MainActivity (has extras)} from uid 0
01-06 04:33:47.621   944   944 D HDMI    : ActiveSourceHistoryRecord active source=(0x03, 0x2000) isActiveSource=true from=OneTouchPlayAction#broadcastActiveSource()
01-06 04:33:47.622   944   944 D HdmiCecActiveness: setState active mState:active
01-06 04:33:47.622   944   944 D HDMI    : setActiveSource logical:0x03 physical:0x2000 ActiveSourceAction
01-06 04:33:47.733   944  1197 E HDMI    : [6]:Failed to send <Text View On> 30:0D with errorCode=1
01-06 04:33:47.863   944   944 D HDMI    : ActiveSourceHistoryRecord active source=(0x03, 0x2000) isActiveSource=true from=ActiveSourceAction
01-06 04:33:47.863   944   944 D HdmiCecActiveness: setState active mState:active
01-06 04:33:47.864   944   944 D HDMI    : setLocalActivePort port:0 current:0
01-06 04:33:47.866   944  1197 D HDMI    : [S]:<Active Source> 3F:82:20:00
01-06 04:33:47.886   944   944 W Looper  : Slow dispatch took 493ms main h=android.os.Handler c=com.android.server.hdmi.WorkSourceUidPreservingRunnable@e358f01 m=0
01-06 04:33:47.886   944   944 W Looper  : Slow delivery took 491ms main h=android.app.ActivityThread$H c=android.app.LoadedApk$ReceiverDispatcher$Args$$ExternalSyntheticLambda0@a2661a6 m=0
01-06 04:33:47.891   944   944 I HdmiControlService: checkAndUpdateAbsoluteVolumeControlState() AudioDeviceAttributes: role:output type:hdmi addr: name: profiles:[] descriptors:[]Not in AVC_AUDIO_OUTPUT_DEVICES
01-06 04:33:47.896   944   944 I HdmiControlService: checkAndUpdateAbsoluteVolumeControlState() AudioDeviceAttributes: role:output type:hdmi addr: name: profiles:[] descriptors:[]Not in AVC_AUDIO_OUTPUT_DEVICES
01-06 04:33:47.896   944   944 W Looper  : Drained
01-06 04:33:48.201   944  1197 E HDMI    : [1]:Failed to send <Menu Status> 30:8E:00 with errorCode=1
01-06 04:33:48.541   944  1197 E HDMI    : [6]:Failed to send <Give Device Power Status> 30:8F with errorCode=1
01-06 04:33:49.885   944   944 D HDMI    : one touch play retry:1
01-06 04:33:51.886   944   944 D HDMI    : one touch play retry:2
01-06 04:33:53.885   944   944 D HDMI    : one touch play retry:3
01-06 04:33:55.887   944   944 D HDMI    : one touch play retry:4
01-06 04:33:57.707   944  1100 I ActivityTaskManager: START u0 {act=android.intent.action.VIEW dat=https://api.ws.sonos.com/... pkg=com.sonos.tv.launcher cmp=com.sonos.tv.launcher/com.sonos.tv.contentguidelauncher.MainActivity (has extras)} from uid 10058
01-06 04:33:57.741   944   970 W ProcessStats: Tracking association SourceState{8d88922 system/1000 BTopFgs #2673} whose proc state 2 is better than process ProcessState{a2bd69d com.sonos.connectivity/10082 pkg=com.sonos.connectivity} proc state 3 (10 skipped)
01-06 04:33:57.888   944   944 D HDMI    : one touch play retry:5
01-06 04:34:00.774   944   968 D AutofillManagerService: onBackKeyPressed()
01-06 04:33:59.670     0     0 I [1 T322   ..] logd: logdr: UID=2000 GID=2000 PID=14996 n tail=0 logMask=99 pid=0 start=0ns deadline=0ns
01-06 04:34:06.307   944  1511 I ActivityManager: Force stopping io.appium.uiautomator2.server appid=10103 user=0: finished inst
01-06 04:34:06.308   944  1511 I ActivityManager: Killing 14843:io.appium.uiautomator2.server/u0a103 (adj 0): stop io.appium.uiautomator2.server due to finished inst
01-06 04:34:00.435     0     0 I [5 T1511  ..] binder_alloc: 14843: binder_alloc_buf, no vma
01-06 04:34:00.435     0     0 I [5 T1511  ..] binder: 944:1511 transaction failed 29189/-3, size 4-0 line 3101
01-06 04:34:00.435     0     0 I [5 T1511  ..] binder: send failed reply for transaction 598343 to 14843:14864
01-06 04:34:00.437     0     0 I [5 T14952 ..] binder: undelivered TRANSACTION_COMPLETE
01-06 04:34:00.437     0     0 I [5 T14952 ..] binder: undelivered TRANSACTION_ERROR: 29189
01-06 04:34:06.340   944  1511 V ActivityManager: Got obituary of 14843:io.appium.uiautomator2.server
01-06 04:34:00.475     0     0 W [2 T15033 ..] audit: audit_lost=54165 audit_rate_limit=5 audit_backlog_limit=64
01-06 04:34:00.475     0     0 E [2 T15033 ..] audit: rate limit exceeded
01-06 04:34:05.265     0     0 I [1 T1430  ..] [schedu][0x1793f802f][04: 34:11.167670] wlan: [1430:I:OSIF] scan start scan id 41067
01-06 04:34:06.830     0     0 I [5 T1430  ..] [schedu][0x179576116][04: 34:12.732574] wlan: [1430:I:OSIF] vdev 0, scan id 41067 type COMPLETED(1) reason COMPLETED(1) scan found 70 bss
01-06 04:34:12.781   944   944 D HDMI    : [P]:AllocatedAddress=[]
01-06 04:34:56.028   944   944 W ProcessStats: Tracking association SourceState{58fbe86 system/1000 BTopFgs #2692} whose proc state 2 is better than process ProcessState{a2bd69d com.sonos.connectivity/10082 pkg=com.sonos.connectivity} proc state 3 (14 skipped)
01-06 04:35:00.413     0     0 E [7 T528   ..] [wifi@1][0x17c88fc93][04: 35:06.315290] wlan: [528:E:OSIF] wlan_hdd_set_station_stats_request_pending: peer is null
01-06 04:35:00.650     0     0 W [1 T15055 ..] audit: audit_lost=54669 audit_rate_limit=5 audit_backlog_limit=64
01-06 04:35:00.650     0     0 E [1 T15055 ..] audit: rate limit exceeded
01-06 04:35:05.281     0     0 I [2 T1430  ..] [schedu][0x17cd34518][04: 35:11.183519] wlan: [1430:I:OSIF] scan start scan id 41068
01-06 04:35:12.789   944   944 D HDMI    : [P]:AllocatedAddress=[]
01-06 04:35:06.910     0     0 I [2 T1430  ..] [schedu][0x17cec1ed7][04: 35:12.812126] wlan: [1430:I:OSIF] vdev 0, scan id 41068 type COMPLETED(1) reason COMPLETED(1) scan found 78 bss
01-06 04:36:00.759     0     0 W [1 T15080 ..] audit: audit_lost=54973 audit_rate_limit=5 audit_backlog_limit=64
01-06 04:36:00.759     0     0 E [1 T15080 ..] audit: rate limit exceeded
01-06 04:36:05.277     0     0 I [3 T1430  ..] [schedu][0x18066ba50][04: 36:11.178966] wlan: [1430:I:OSIF] scan start scan id 41069
01-06 04:36:06.841     0     0 I [2 T1430  ..] [schedu][0x1807e989d][04: 36:12.743204] wlan: [1430:I:OSIF] vdev 0, scan id 41069 type COMPLETED(1) reason COMPLETED(1) scan found 72 bss
01-06 04:36:12.785   944   944 D HDMI    : [P]:AllocatedAddress=[]
01-06 04:36:20.787   944  1099 I ActivityManager: Background started FGS: Allowed [callingPackage: com.brdgwtr.metrics.service; callingUid: 10043; uidState: BTOP; intent: Intent { act=ACTION_START_FOREGROUND cmp=com.brdgwtr.metrics.service/androidx.work.impl.foreground.SystemForegroundService (has extras) }; code:PROC_STATE_BTOP; tempAllowListReason:<null>; targetSdkVersion:30; callerTargetSdkVersion:30; startForegroundCount:0; bindFromPackage:null]
01-06 04:36:20.791   944  1099 W ProcessStats: Tracking association SourceState{58fbe86 system/1000 BTopFgs #2700} whose proc state 2 is better than process ProcessState{a2bd69d com.sonos.connectivity/10082 pkg=com.sonos.connectivity} proc state 3 (3 skipped)
01-06 04:36:20.793   944 13565 W ActivityManager: Foreground service started from background can not have location/camera/microphone access: service com.brdgwtr.metrics.service/androidx.work.impl.foreground.SystemForegroundService
01-06 04:36:20.795   944   976 I ActivityManager: Deferring FGS notification in legacy app com.brdgwtr.metrics.service/u0a43 : Notification(channel=EventLogSyncWorker shortcut=null contentView=null vibrate=null sound=null defaults=0x0 flags=0x42 color=0x00000000 vis=PRIVATE)
01-06 04:37:00.829     0     0 W [2 T15105 ..] audit: audit_lost=55109 audit_rate_limit=5 audit_backlog_limit=64
01-06 04:37:00.829     0     0 E [2 T15105 ..] audit: rate limit exceeded
01-06 04:37:05.279     0     0 I [2 T1430  ..] [schedu][0x183fa4986][04: 37:11.181069] wlan: [1430:I:OSIF] scan start scan id 41070
01-06 04:37:06.851     0     0 I [7 T1430  ..] [schedu][0x18412470d][04: 37:12.753300] wlan: [1430:I:OSIF] vdev 0, scan id 41070 type COMPLETED(1) reason COMPLETED(1) scan found 70 bss
01-06 04:37:12.785   944   944 D HDMI    : [P]:AllocatedAddress=[]
01-06 04:38:00.936     0     0 W [3 T15127 ..] audit: audit_lost=55227 audit_rate_limit=5 audit_backlog_limit=64
01-06 04:38:00.936     0     0 E [3 T15127 ..] audit: rate limit exceeded
01-06 04:38:05.275     0     0 I [2 T1430  ..] [schedu][0x1878dc094][04: 38:11.176987] wlan: [1430:I:OSIF] scan start scan id 41071
01-06 04:38:06.859     0     0 I [4 T1430  ..] [schedu][0x187a5eeea][04: 38:12.761714] wlan: [1430:I:OSIF] vdev 0, scan id 41071 type COMPLETED(1) reason COMPLETED(1) scan found 75 bss
01-06 04:38:12.789   944   944 D HDMI    : [P]:AllocatedAddress=[]
01-06 04:39:01.024     0     0 W [0 T15153 ..] audit: audit_lost=55291 audit_rate_limit=5 audit_backlog_limit=64
01-06 04:39:01.024     0     0 E [0 T15153 ..] audit: rate limit exceeded
01-06 04:39:05.297     0     0 I [3 T1430  ..] [schedu][0x18b21a0aa][04: 39:11.199793] wlan: [1430:I:OSIF] scan start scan id 41072
01-06 04:39:06.864     0     0 I [7 T1430  ..] [schedu][0x18b39898c][04: 39:12.766740] wlan: [1430:I:OSIF] vdev 0, scan id 41072 type COMPLETED(1) reason COMPLETED(1) scan found 77 bss
01-06 04:39:12.789   944   944 D HDMI    : [P]:AllocatedAddress=[]
01-06 04:39:36.073   944 13565 W ProcessStats: Tracking association SourceState{3ece10a com.brdgwtr.publisherservice/10044 BTopFgs #2716} whose proc state 2 is better than process ProcessState{d13fea com.brdgwtr.dms/10050 pkg=com.brdgwtr.dms} proc state 3 (5 skipped)
01-06 04:40:01.107     0     0 W [1 T15193 ..] audit: audit_lost=55340 audit_rate_limit=5 audit_backlog_limit=64
01-06 04:40:01.107     0     0 E [1 T15193 ..] audit: rate limit exceeded
01-06 04:40:05.292     0     0 I [3 T1430  ..] [schedu][0x18eb511a7][04: 40:11.194158] wlan: [1430:I:OSIF] scan start scan id 41073
01-06 04:40:06.870     0     0 I [7 T1430  ..] [schedu][0x18ecd2810][04: 40:12.772760] wlan: [1430:I:OSIF] vdev 0, scan id 41073 type COMPLETED(1) reason COMPLETED(1) scan found 74 bss
01-06 04:40:12.793   944   944 D HDMI    : [P]:AllocatedAddress=[]
01-06 04:41:01.212     0     0 W [0 T15218 ..] audit: audit_lost=55629 audit_rate_limit=5 audit_backlog_limit=64
01-06 04:41:01.212     0     0 E [0 T15218 ..] audit: rate limit exceeded
01-06 04:41:05.294     0     0 I [1 T1430  ..] [schedu][0x192489f29][04: 41:11.195824] wlan: [1430:I:OSIF] scan start scan id 41074
01-06 04:41:06.874     0     0 I [1 T1430  ..] [schedu][0x19260bd79][04: 41:12.776448] wlan: [1430:I:OSIF] vdev 0, scan id 41074 type COMPLETED(1) reason COMPLETED(1) scan found 80 bss
01-06 04:41:12.789   944   944 D HDMI    : [P]:AllocatedAddress=[]
01-06 04:42:01.296     0     0 W [1 T15240 ..] audit: audit_lost=55756 audit_rate_limit=5 audit_backlog_limit=64
01-06 04:42:01.296     0     0 E [1 T15240 ..] audit: rate limit exceeded
01-06 04:42:05.303     0     0 I [1 T1430  ..] [schedu][0x195dc4cf8][04: 42:11.205759] wlan: [1430:I:OSIF] scan start scan id 41075
01-06 04:42:06.884     0     0 I [7 T1430  ..] [schedu][0x195f46a3d][04: 42:12.786116] wlan: [1430:I:OSIF] vdev 0, scan id 41075 type COMPLETED(1) reason COMPLETED(1) scan found 80 bss
01-06 04:42:12.793   944   944 D HDMI    : [P]:AllocatedAddress=[]
01-06 04:43:01.391     0     0 W [6 T15264 ..] audit: audit_lost=55832 audit_rate_limit=5 audit_backlog_limit=64
01-06 04:43:01.391     0     0 E [6 T15264 ..] audit: rate limit exceeded
01-06 04:43:05.296     0     0 I [3 T1430  ..] [schedu][0x1996fb826][04: 43:11.198637] wlan: [1430:I:OSIF] scan start scan id 41076
01-06 04:43:06.888     0     0 I [3 T1430  ..] [schedu][0x19987ffe0][04: 43:12.789862] wlan: [1430:I:OSIF] vdev 0, scan id 41076 type COMPLETED(1) reason COMPLETED(1) scan found 73 bss
01-06 04:43:12.804   944   944 D HDMI    : [P]:AllocatedAddress=[]
01-06 04:43:53.802   944   999 V DisplayPowerController[0]: Brightness [0.05] reason changing to: 'manual [ dim ]', previous reason: 'manual'.
01-06 04:43:53.802   944   999 I DisplayPowerController[0]: BrightnessEvent: disp=0, physDisp=local:4633127902230889483, brt=0.05, initBrt=0.39763778, rcmdBrt=NaN, preBrt=NaN, lux=0.0, preLux=0.0, hbmMax=1.0, hbmMode=off, rbcStrength=0, powerFactor=1.0, thrmMax=1.0, wasShortTermModelActive=false, flags=, reason=manual [ dim ], autoBrightness=false
01-06 04:43:53.810   944  1206 E DisplayDeviceConfig: requesting nits when no mapping exists.
01-06 04:43:53.811   944  1206 E DisplayDeviceConfig: requesting nits when no mapping exists.
01-06 04:43:53.812   944   976 I DropBoxManagerService: add tag=system_server_wtf isTagEnabled=true flags=0x2
01-06 04:43:53.813   944   976 I DropBoxManagerService: add tag=system_server_wtf isTagEnabled=true flags=0x2
01-06 04:43:53.827   944  1206 E DisplayDeviceConfig: requesting nits when no mapping exists.
01-06 04:43:53.828   944  1206 E DisplayDeviceConfig: requesting nits when no mapping exists.
01-06 04:43:53.829   944   976 I DropBoxManagerService: add tag=system_server_wtf isTagEnabled=true flags=0x2
01-06 04:43:53.832   944   976 I DropBoxManagerService: add tag=system_server_wtf isTagEnabled=true flags=0x2
01-06 04:43:53.844   944  1206 E DisplayDeviceConfig: requesting nits when no mapping exists.
01-06 04:43:53.844   944  1206 E DisplayDeviceConfig: requesting nits when no mapping exists.
01-06 04:43:53.846   944   976 I DropBoxManagerService: add tag=system_server_wtf isTagEnabled=true flags=0x2
01-06 04:43:53.850   944   976 I DropBoxManagerService: add tag=system_server_wtf isTagEnabled=true flags=0x2
01-06 04:43:53.860   944  1206 E DisplayDeviceConfig: requesting nits when no mapping exists.
01-06 04:43:53.861   944  1206 E DisplayDeviceConfig: requesting nits when no mapping exists.
01-06 04:43:53.877   944  1206 E DisplayDeviceConfig: requesting nits when no mapping exists.
01-06 04:43:53.878   944  1206 E DisplayDeviceConfig: requesting nits when no mapping exists.
01-06 04:43:53.894   944  1206 E DisplayDeviceConfig: requesting nits when no mapping exists.
01-06 04:43:53.895   944  1206 E DisplayDeviceConfig: requesting nits when no mapping exists.
01-06 04:43:53.910   944  1206 E DisplayDeviceConfig: requesting nits when no mapping exists.
01-06 04:43:53.910   944  1206 E DisplayDeviceConfig: requesting nits when no mapping exists.
01-06 04:43:53.927   944  1206 E DisplayDeviceConfig: requesting nits when no mapping exists.
01-06 04:43:53.927   944  1206 E DisplayDeviceConfig: requesting nits when no mapping exists.
01-06 04:43:53.943   944  1206 E DisplayDeviceConfig: requesting nits when no mapping exists.
01-06 04:43:53.944   944  1206 E DisplayDeviceConfig: requesting nits when no mapping exists.
01-06 04:43:53.961   944  1206 E DisplayDeviceConfig: requesting nits when no mapping exists.
01-06 04:43:53.962   944  1206 E DisplayDeviceConfig: requesting nits when no mapping exists.
01-06 04:43:53.977   944  1206 E DisplayDeviceConfig: requesting nits when no mapping exists.
01-06 04:43:53.978   944  1206 E DisplayDeviceConfig: requesting nits when no mapping exists.
01-06 04:43:53.994   944  1206 E DisplayDeviceConfig: requesting nits when no mapping exists.
01-06 04:43:53.995   944  1206 E DisplayDeviceConfig: requesting nits when no mapping exists.
01-06 04:43:54.010   944  1206 E DisplayDeviceConfig: requesting nits when no mapping exists.
01-06 04:43:54.011   944  1206 E DisplayDeviceConfig: requesting nits when no mapping exists.
01-06 04:43:54.027   944  1206 E DisplayDeviceConfig: requesting nits when no mapping exists.
01-06 04:43:54.027   944  1206 E DisplayDeviceConfig: requesting nits when no mapping exists.
01-06 04:43:54.044   944  1206 E DisplayDeviceConfig: requesting nits when no mapping exists.
01-06 04:43:54.045   944  1206 E DisplayDeviceConfig: requesting nits when no mapping exists.
01-06 04:43:54.061   944  1206 E DisplayDeviceConfig: requesting nits when no mapping exists.
01-06 04:43:54.061   944  1206 E DisplayDeviceConfig: requesting nits when no mapping exists.
01-06 04:43:54.077   944  1206 E DisplayDeviceConfig: requesting nits when no mapping exists.
01-06 04:43:54.078   944  1206 E DisplayDeviceConfig: requesting nits when no mapping exists.
01-06 04:43:54.094   944  1206 E DisplayDeviceConfig: requesting nits when no mapping exists.
01-06 04:43:54.095   944  1206 E DisplayDeviceConfig: requesting nits when no mapping exists.
01-06 04:43:54.110   944  1206 E DisplayDeviceConfig: requesting nits when no mapping exists.
01-06 04:43:54.111   944  1206 E DisplayDeviceConfig: requesting nits when no mapping exists.
01-06 04:43:54.127   944  1206 E DisplayDeviceConfig: requesting nits when no mapping exists.
01-06 04:43:54.128   944  1206 E DisplayDeviceConfig: requesting nits when no mapping exists.
01-06 04:43:54.145   944  1206 E DisplayDeviceConfig: requesting nits when no mapping exists.
01-06 04:43:54.146   944  1206 E DisplayDeviceConfig: requesting nits when no mapping exists.
01-06 04:43:54.161   944  1206 E DisplayDeviceConfig: requesting nits when no mapping exists.
01-06 04:43:54.162   944  1206 E DisplayDeviceConfig: requesting nits when no mapping exists.
01-06 04:43:54.177   944  1206 E DisplayDeviceConfig: requesting nits when no mapping exists.
01-06 04:43:54.178   944  1206 E DisplayDeviceConfig: requesting nits when no mapping exists.
01-06 04:43:54.195   944  1206 E DisplayDeviceConfig: requesting nits when no mapping exists.
01-06 04:43:54.196   944  1206 E DisplayDeviceConfig: requesting nits when no mapping exists.
01-06 04:43:54.211   944  1206 E DisplayDeviceConfig: requesting nits when no mapping exists.
01-06 04:43:54.212   944  1206 E DisplayDeviceConfig: requesting nits when no mapping exists.
01-06 04:43:54.227   944  1206 E DisplayDeviceConfig: requesting nits when no mapping exists.
01-06 04:43:54.228   944  1206 E DisplayDeviceConfig: requesting nits when no mapping exists.
01-06 04:43:54.244   944  1206 E DisplayDeviceConfig: requesting nits when no mapping exists.
01-06 04:43:54.245   944  1206 E DisplayDeviceConfig: requesting nits when no mapping exists.
01-06 04:43:54.261   944  1206 E DisplayDeviceConfig: requesting nits when no mapping exists.
01-06 04:43:54.262   944  1206 E DisplayDeviceConfig: requesting nits when no mapping exists.
01-06 04:43:54.277   944  1206 E DisplayDeviceConfig: requesting nits when no mapping exists.
01-06 04:43:54.278   944  1206 E DisplayDeviceConfig: requesting nits when no mapping exists.
01-06 04:43:54.294   944  1206 E DisplayDeviceConfig: requesting nits when no mapping exists.
01-06 04:43:54.295   944  1206 E DisplayDeviceConfig: requesting nits when no mapping exists.
01-06 04:43:54.311   944  1206 E DisplayDeviceConfig: requesting nits when no mapping exists.
01-06 04:43:54.312   944  1206 E DisplayDeviceConfig: requesting nits when no mapping exists.
01-06 04:43:54.327   944  1206 E DisplayDeviceConfig: requesting nits when no mapping exists.
01-06 04:43:54.328   944  1206 E DisplayDeviceConfig: requesting nits when no mapping exists.
01-06 04:43:54.344   944  1206 E DisplayDeviceConfig: requesting nits when no mapping exists.
01-06 04:43:54.345   944  1206 E DisplayDeviceConfig: requesting nits when no mapping exists.
01-06 04:43:54.361   944  1206 E DisplayDeviceConfig: requesting nits when no mapping exists.
01-06 04:43:54.361   944  1206 E DisplayDeviceConfig: requesting nits when no mapping exists.
01-06 04:43:54.378   944  1206 E DisplayDeviceConfig: requesting nits when no mapping exists.
01-06 04:43:54.379   944  1206 E DisplayDeviceConfig: requesting nits when no mapping exists.
01-06 04:43:54.394   944  1206 E DisplayDeviceConfig: requesting nits when no mapping exists.
01-06 04:43:54.395   944  1206 E DisplayDeviceConfig: requesting nits when no mapping exists.
01-06 04:43:54.411   944  1206 E DisplayDeviceConfig: requesting nits when no mapping exists.
01-06 04:43:54.412   944  1206 E DisplayDeviceConfig: requesting nits when no mapping exists.
01-06 04:43:54.427   944  1206 E DisplayDeviceConfig: requesting nits when no mapping exists.
01-06 04:43:54.428   944   999 I DisplayPowerController[0]: BrightnessEvent: disp=0, physDisp=local:4633127902230889483, brt=0.05, initBrt=0.05, rcmdBrt=NaN, preBrt=NaN, lux=0.0, preLux=0.0, hbmMax=1.0, hbmMode=off, rbcStrength=0, powerFactor=1.0, thrmMax=1.0, wasShortTermModelActive=false, flags=, reason=manual [ dim ], autoBrightness=false
01-06 04:43:54.428   944  1206 E DisplayDeviceConfig: requesting nits when no mapping exists.
01-06 04:44:01.483     0     0 W [2 T15296 ..] audit: audit_lost=55884 audit_rate_limit=5 audit_backlog_limit=64
01-06 04:44:01.483     0     0 E [2 T15296 ..] audit: rate limit exceeded
01-06 04:44:05.300     0     0 I [3 T1430  ..] [schedu][0x19d034e56][04: 44:11.202525] wlan: [1430:I:OSIF] scan start scan id 41077
01-06 04:44:06.897     0     0 I [7 T1430  ..] [schedu][0x19d1bacd0][04: 44:12.799575] wlan: [1430:I:OSIF] vdev 0, scan id 41077 type COMPLETED(1) reason COMPLETED(1) scan found 74 bss
01-06 04:44:12.809   944   944 D HDMI    : [P]:AllocatedAddress=[]
01-06 04:45:01.572     0     0 W [1 T15324 ..] audit: audit_lost=56002 audit_rate_limit=5 audit_backlog_limit=64
01-06 04:45:01.572     0     0 E [1 T15324 ..] audit: rate limit exceeded
01-06 04:45:05.319     0     0 I [3 T1430  ..] [schedu][0x1a0971f4c][04: 45:11.221459] wlan: [1430:I:OSIF] scan start scan id 41078
01-06 04:45:06.901     0     0 I [2 T1430  ..] [schedu][0x1a0af42e4][04: 45:12.803435] wlan: [1430:I:OSIF] vdev 0, scan id 41078 type COMPLETED(1) reason COMPLETED(1) scan found 68 bss
01-06 04:45:12.809   944   944 D HDMI    : [P]:AllocatedAddress=[]
01-06 04:46:01.661     0     0 W [2 T15345 ..] audit: audit_lost=56270 audit_rate_limit=5 audit_backlog_limit=64
01-06 04:46:01.661     0     0 E [2 T15345 ..] audit: rate limit exceeded
01-06 04:46:05.319     0     0 I [3 T1430  ..] [schedu][0x1a42aa556][04: 46:11.221213] wlan: [1430:I:OSIF] scan start scan id 41079
01-06 04:46:12.809   944   944 D HDMI    : [P]:AllocatedAddress=[]
01-06 04:46:06.907     0     0 I [1 T1430  ..] [schedu][0x1a442e262][04: 46:12.809705] wlan: [1430:I:OSIF] vdev 0, scan id 41079 type COMPLETED(1) reason COMPLETED(1) scan found 68 bss
01-06 04:47:01.742     0     0 W [0 T15369 ..] audit: audit_lost=56409 audit_rate_limit=5 audit_backlog_limit=64
01-06 04:47:01.742     0     0 E [0 T15369 ..] audit: rate limit exceeded
01-06 04:47:05.325     0     0 I [1 T1430  ..] [schedu][0x1a7be4420][04: 47:11.227303] wlan: [1430:I:OSIF] scan start scan id 41080
01-06 04:47:12.817   944   944 D HDMI    : [P]:AllocatedAddress=[]
01-06 04:47:06.914     0     0 I [3 T1430  ..] [schedu][0x1a7d68215][04: 47:12.816028] wlan: [1430:I:OSIF] vdev 0, scan id 41080 type COMPLETED(1) reason COMPLETED(1) scan found 75 bss
01-06 04:48:01.839     0     0 W [7 T15397 ..] audit: audit_lost=56482 audit_rate_limit=5 audit_backlog_limit=64
01-06 04:48:01.839     0     0 E [7 T15397 ..] audit: rate limit exceeded
01-06 04:48:05.325     0     0 I [3 T1430  ..] [schedu][0x1ab51ca59][04: 48:11.227104] wlan: [1430:I:OSIF] scan start scan id 41081
01-06 04:48:12.809   944   944 D HDMI    : [P]:AllocatedAddress=[]
01-06 04:48:06.921     0     0 I [1 T1430  ..] [schedu][0x1ab6a267e][04: 48:12.823556] wlan: [1430:I:OSIF] vdev 0, scan id 41081 type COMPLETED(1) reason COMPLETED(1) scan found 73 bss
01-06 04:48:36.176     0     0 E [4 T528   ..] [wifi@1][0x1ad288c0f][04: 48:42.078614] wlan: [528:E:OSIF] wlan_hdd_set_station_stats_request_pending: peer is null
01-06 04:48:42.084   944   983 W BatteryExternalStatsWorker: error reading modem stats:ERROR_PHONE_NOT_AVAILABLE
01-06 04:49:04.479   944   975 I UsageStatsService: User[0] Flushing usage stats to disk
01-06 04:49:06.590   944   976 W ProcessStats: Tracking association SourceState{58fbe86 system/1000 BTopFgs #2755} whose proc state 2 is better than process ProcessState{a2bd69d com.sonos.connectivity/10082 pkg=com.sonos.connectivity} proc state 3 (41 skipped)
01-06 04:49:06.998   944   967 D sysclock_state: set to SYNCED, reason: OK
01-06 04:49:01.916     0     0 W [0 T15420 ..] audit: audit_lost=56552 audit_rate_limit=5 audit_backlog_limit=64
01-06 04:49:01.916     0     0 E [0 T15420 ..] audit: rate limit exceeded
01-06 04:49:05.320     0     0 I [5 T1430  ..] [schedu][0x1aee53fec][04: 49:11.222643] wlan: [1430:I:OSIF] scan start scan id 41082
