01-06 02:48:55.617     0     0 E [3 T508   ..] [secmon]: DBG=======> dolby_fw_critical_query 389 DOLBY_FW_CRITICAL_DATA_QUERY arg3=0
01-06 02:48:55.625     0     0 I [3 T508   ..] [snd-soc]: dd+ drc mode : RF
01-06 02:48:55.625     0     0 I [3 T508   ..] [snd-soc]: dd+ drc high cut scale : 0%
01-06 02:48:55.625     0     0 I [3 T508   ..] [snd-soc]: dd+ drc low boost scale : 0%
01-06 02:48:55.633     0     0 I [2 T1045  ..] audio_ddr_mngr: frddrs[0] registered by device fe330000.audiobus:tdm@1
01-06 02:48:55.633     0     0 I [2 T1045  ..] [snd-soc]: aml_audio_reset, reg 0xa, shift 9, use_vadtop 0
01-06 02:48:55.633     0     0 I [2 T1045  ..] [snd-soc]: aml_audio_reset, reg 0xa, shift 13, use_vadtop 0
01-06 02:48:55.633     0     0 D [2 T1045  ..] [snd-soc]: spdif_a fifo ctrl, frddr:0 type:1, 16 bits, chmask 0x3, swap 0x10
01-06 02:48:55.633     0     0 D [2 T1045  ..] iec_info: rate: 48000, codec_type:0x0, channel status L:0x2000100, R:0x2000100
01-06 02:48:55.633     0     0 I         : [2 T1045  ..] err chn msk, must larger than 0
01-06 02:48:55.633     0     0 I         : [2 T1045  ..] hdmitx_notify_callback_a[3794] aud_src_if is 0, aud_output_ch is 0x0, reset aud_output_ch as 0
01-06 02:48:55.633     0     0 D [2 T1045  ..] [snd-soc]: spdif_b fifo ctrl, frddr:0 type:1, 16 bits, chmask 0x3, swap 0x10
01-06 02:48:55.633     0     0 D [2 T1045  ..] iec_info: rate: 48000, codec_type:0x0, channel status L:0x2000100, R:0x2000100
01-06 02:48:55.648     0     0 I         : [2 T1045  ..] asoc-aml-card auge_sound: TDM[1] Playback enable
01-06 02:48:55.648     0     0 D [2 T1045  ..] [snd-soc]: spdif_a is set to enable
01-06 02:48:55.648     0     0 D [2 T1045  ..] [snd-soc]: spdif_b is set to enable
01-06 02:48:55.682     0     0 E [4 T1     ..] init: Control message: Could not find 'aidl/device_state' for ctl.interface_start from pid: 316 (/system/bin/servicemanager)
01-06 02:48:55.961     0     0 E [4 T1     ..] init: Control message: Could not find 'aidl/package_native' for ctl.interface_start from pid: 316 (/system/bin/servicemanager)
01-06 02:48:56.179   358   374 I keystore2: keystore2::watchdog: Watchdog thread idle -> terminating. Have a great day.
01-06 02:48:56.683     0     0 E [4 T1     ..] init: Control message: Could not find 'aidl/device_state' for ctl.interface_start from pid: 316 (/system/bin/servicemanager)
01-06 02:48:56.963     0     0 E [5 T1     ..] init: Control message: Could not find 'aidl/package_native' for ctl.interface_start from pid: 316 (/system/bin/servicemanager)
01-06 02:48:56.991   944  1027 I PackageParsing: Parse times for '/data/apex/active/com.sonos.player@4.apex': parse=1584ms, update_cache=1 ms
01-06 02:48:57.001   944   944 D CompatibilityChangeReporter: Compat change id reported: 143539591; UID -1; state: DISABLED
01-06 02:48:57.001   944   944 D CompatibilityChangeReporter: Compat change id reported: 168782947; UID -1; state: ENABLED
01-06 02:48:57.022   944   944 W PackageManager: Failed to parse /product/overlay/TvWifiOverlay.apk: /product/overlay/TvWifiOverlay.apk (at Binary XML file line #23): <overlay> priority must be between 0 and 9999
01-06 02:48:57.031   944   944 W PackageManager: Failed to parse /system/framework/arm: Missing base APK in /system/framework/arm
01-06 02:48:57.031   944   944 W PackageManager: Failed to parse /system/framework/arm64: Missing base APK in /system/framework/arm64
01-06 02:48:57.031   944   944 W PackageManager: Failed to parse /system/framework/oat: Missing base APK in /system/framework/oat
01-06 02:48:57.050   944   944 D CompatibilityChangeReporter: Compat change id reported: 168782947; UID -1; state: DISABLED
01-06 02:48:57.084   944   944 I PackageManager: /system/priv-app/NetworkStackNext changed; collecting certs
01-06 02:48:57.089   944   944 W PackageManager: Failed to scan /system/priv-app/NetworkStackNext: Application package com.android.networkstack already installed.  Skipping duplicate.
01-06 02:48:57.145     0     0 I [3 T452   ..] AidlLazyServiceRegistrar: Process has 1 (of 1 available) client(s) in use after notification apexservice has clients: 1
01-06 02:48:57.145     0     0 I [3 T452   ..] AidlLazyServiceRegistrar: Shutdown prevented by forcePersist override flag.
01-06 02:48:57.202   944   944 I ApexManager: Registering com.android.connectivity.resources as apk-in-apex of com.android.tethering
01-06 02:48:57.204   944   944 I ApexManager: Registering com.android.networkstack.tethering as apk-in-apex of com.android.tethering
01-06 02:48:57.208   944   944 I ApexManager: Registering com.android.nearby.halfsheet as apk-in-apex of com.android.tethering
01-06 02:48:57.213   944   944 I ApexManager: Registering com.android.adservices.api as apk-in-apex of com.android.adservices
01-06 02:48:57.217   944   944 I ApexManager: Registering com.android.sdksandbox as apk-in-apex of com.android.adservices
01-06 02:48:57.221   944   944 I ApexManager: Registering com.android.safetycenter.resources as apk-in-apex of com.android.permission
01-06 02:48:57.224   944   944 I ApexManager: Registering com.android.permissioncontroller as apk-in-apex of com.android.permission
01-06 02:48:57.233   944   944 I ApexManager: Registering com.android.bluetooth as apk-in-apex of com.android.btservices
01-06 02:48:57.238   944   944 I ApexManager: Registering com.android.uwb.resources as apk-in-apex of com.android.uwb
01-06 02:48:57.243   944   944 I ApexManager: Registering com.android.ondevicepersonalization.services as apk-in-apex of com.android.ondevicepersonalization
01-06 02:48:57.249   944   944 I ApexManager: Registering android.ext.services as apk-in-apex of com.android.extservices
01-06 02:48:57.257   944   944 I ApexManager: Registering com.android.wifi.resources as apk-in-apex of com.android.wifi
01-06 02:48:57.260   944   944 I ApexManager: Registering com.android.hotspot2.osulogin as apk-in-apex of com.android.wifi
01-06 02:48:57.265   944   944 I ApexManager: Registering com.android.wifi.dialog as apk-in-apex of com.android.wifi
01-06 02:48:57.281   944   944 I ApexManager: Registering com.sonos.connectivity as apk-in-apex of com.sonos.player
01-06 02:48:57.287   944   944 I ApexManager: Registering com.android.cts.priv.ctsshim as apk-in-apex of com.android.apex.cts.shim
01-06 02:48:57.290   944   944 I ApexManager: Registering com.android.cts.ctsshim as apk-in-apex of com.android.apex.cts.shim
01-06 02:48:57.296   944   944 I ApexManager: Registering com.android.providers.media.module as apk-in-apex of com.android.mediaprovider
01-06 02:48:57.307   944   944 I PackageManager: Finished scanning system apps. Time: 2020 ms, packageCount: 115 , timePerPackage: 17 , cached: 142
01-06 02:48:57.340   944   944 D CompatibilityChangeReporter: Compat change id reported: 133396946; UID -1; state: ENABLED
01-06 02:48:57.342   944  1029 W PackageParsing: Ignoring duplicate uses-permissions/uses-permissions-sdk-m: com.android.providers.tv.permission.WRITE_EPG_DATA in package: com.future.moviesByFawesomeAndroidTV at: Binary XML file line #37
01-06 02:48:57.357   944   944 I PackageManager: Finished scanning non-system apps. Time: 51 ms, packageCount: 2 , timePerPackage: 25 , cached: 0
01-06 02:48:57.363   944   944 I PackageManager: Time to scan packages: 2.077 seconds
01-06 02:48:57.363   944   944 I PackageManager: Permission ownership changed. Updating all permissions.
01-06 02:48:57.378   944   944 W PackageManager: Package android.ext.services is an APK in APEX, but has permission allowlist on the system image. Please bundle the allowlist in the com.android.extservices APEX instead.
01-06 02:48:57.378   944   944 W PackageManager: Package android.ext.services is an APK in APEX, but has permission allowlist on the system image. Please bundle the allowlist in the com.android.extservices APEX instead.
01-06 02:48:57.378   944   944 W PackageManager: Package android.ext.services is an APK in APEX, but has permission allowlist on the system image. Please bundle the allowlist in the com.android.extservices APEX instead.
01-06 02:48:57.378   944   944 W PackageManager: Package android.ext.services is an APK in APEX, but has permission allowlist on the system image. Please bundle the allowlist in the com.android.extservices APEX instead.
01-06 02:48:57.391   944   944 W PackageManager: Package com.android.providers.media.module is an APK in APEX, but has permission allowlist on the system image. Please bundle the allowlist in the com.android.mediaprovider APEX instead.
01-06 02:48:57.391   944   944 W PackageManager: Package com.android.providers.media.module is an APK in APEX, but has permission allowlist on the system image. Please bundle the allowlist in the com.android.mediaprovider APEX instead.
01-06 02:48:57.391   944   944 W PackageManager: Package com.android.providers.media.module is an APK in APEX, but has permission allowlist on the system image. Please bundle the allowlist in the com.android.mediaprovider APEX instead.
01-06 02:48:57.391   944   944 W PackageManager: Package com.android.providers.media.module is an APK in APEX, but has permission allowlist on the system image. Please bundle the allowlist in the com.android.mediaprovider APEX instead.
01-06 02:48:57.391   944   944 W PackageManager: Package com.android.providers.media.module is an APK in APEX, but has permission allowlist on the system image. Please bundle the allowlist in the com.android.mediaprovider APEX instead.
01-06 02:48:57.391   944   944 W PackageManager: Package com.android.providers.media.module is an APK in APEX, but has permission allowlist on the system image. Please bundle the allowlist in the com.android.mediaprovider APEX instead.
01-06 02:48:57.392   944   944 W PackageManager: Package com.android.providers.media.module is an APK in APEX, but has permission allowlist on the system image. Please bundle the allowlist in the com.android.mediaprovider APEX instead.
01-06 02:48:57.392   944   944 W PackageManager: Package com.android.providers.media.module is an APK in APEX, but has permission allowlist on the system image. Please bundle the allowlist in the com.android.mediaprovider APEX instead.
01-06 02:48:57.392   944   944 W PackageManager: Package com.android.providers.media.module is an APK in APEX, but has permission allowlist on the system image. Please bundle the allowlist in the com.android.mediaprovider APEX instead.
01-06 02:48:57.392   944   944 W PackageManager: Package com.android.providers.media.module is an APK in APEX, but has permission allowlist on the system image. Please bundle the allowlist in the com.android.mediaprovider APEX instead.
01-06 02:48:57.392   944   944 W PackageManager: Package com.android.providers.media.module is an APK in APEX, but has permission allowlist on the system image. Please bundle the allowlist in the com.android.mediaprovider APEX instead.
01-06 02:48:57.392   944   944 W PackageManager: Package com.android.providers.media.module is an APK in APEX, but has permission allowlist on the system image. Please bundle the allowlist in the com.android.mediaprovider APEX instead.
01-06 02:48:57.392   944   944 W PackageManager: Package com.android.providers.media.module is an APK in APEX, but has permission allowlist on the system image. Please bundle the allowlist in the com.android.mediaprovider APEX instead.
01-06 02:48:57.398   944   944 V PackageManager: reconcileAppsData for null u0 0x1 migrateAppData=true
01-06 02:48:57.508   944   944 V PackageManager: reconcileAppsData finished 16 packages
01-06 02:48:57.509   944   944 D PackageManagerTiming: write settings
01-06 02:48:57.509   944  1058 D SystemServerTimingAsync: InitThreadPoolExec:prepareAppData
01-06 02:48:57.509   944  1058 D SystemServerInitThreadPool: Started executing prepareAppData
01-06 02:48:57.550   944   944 V PackageManagerTiming: write settings took to complete: 41ms
01-06 02:48:57.551   944   944 W PackageManager: Domain verification agent not found
01-06 02:48:57.553   944   944 D PackageManager: Ephemeral resolver NOT found; no matching intent filters
01-06 02:48:57.553   944   944 D PackageManager: Instant App installer not found with android.intent.action.INSTALL_INSTANT_APP_PACKAGE
01-06 02:48:57.553   944   944 D PackageManager: Clear ephemeral installer activity
01-06 02:48:57.556   944   944 D PackageManagerTiming: GC
01-06 02:48:57.556   944   944 V PackageManagerTiming: GC took to complete: 0ms
01-06 02:48:57.556   944   944 I PackageManager: Fix for b/169414761 is applied
01-06 02:48:57.556   944   944 V PackageManagerTiming: create package manager took to complete: 2477ms
01-06 02:48:57.556   944   944 V UserSystemPackageInstaller: Checking that all system packages are whitelisted.
01-06 02:48:57.562   944   944 V UserSystemPackageInstaller: checkWhitelistedSystemPackages(mode=d) has no warnings
01-06 02:48:57.563   944   944 I Watchdog: Resuming HandlerChecker: main thread for reason: packagemanagermain. Pause count: 0
01-06 02:48:57.563   944   944 I SystemServerDexLoadReporter: Configuring system server dex reporter
01-06 02:48:57.566   944   944 V SystemServerTiming: StartPackageManagerService took to complete: 2493ms
01-06 02:48:57.566   944   944 D SystemServerTiming: StartOtaDexOptService
01-06 02:48:57.566   944   944 I Watchdog: Pausing HandlerChecker: main thread for reason: moveab. Pause count: 1
01-06 02:48:57.567   944   944 D OTADexopt: No upgrade, skipping A/B artifacts check.
01-06 02:48:57.567   944   944 I Watchdog: Resuming HandlerChecker: main thread for reason: moveab. Pause count: 0
01-06 02:48:57.567   944   944 V SystemServerTiming: StartOtaDexOptService took to complete: 1ms
01-06 02:48:57.567   944   944 D SystemServerTiming: StartUserManagerService
01-06 02:48:57.567   944   944 I SystemServiceManager: Starting com.android.server.pm.UserManagerService$LifeCycle
01-06 02:48:57.568   944   944 V SystemServerTiming: StartUserManagerService took to complete: 0ms
01-06 02:48:57.568   944   944 D SystemServerTiming: InitAttributerCache
01-06 02:48:57.568   944   944 V SystemServerTiming: InitAttributerCache took to complete: 0ms
01-06 02:48:57.568   944   944 D SystemServerTiming: SetSystemProcess
01-06 02:48:57.572   944   978 I ActivityManager: Connection with lmkd established
01-06 02:48:57.573   944   960 V HistoricalRegistry: Interaction before persistence initialized
01-06 02:48:57.574   944   944 V SystemServerTiming: SetSystemProcess took to complete: 6ms
01-06 02:48:57.575   944   944 D CompatibilityChangeReporter: Compat change id reported: 161145287; UID 1000; state: DISABLED
01-06 02:48:57.576   944   944 D SystemServerTiming: InitWatchdog
01-06 02:48:57.576   944   944 V SystemServerTiming: InitWatchdog took to complete: 1ms
01-06 02:48:57.602   944   944 D SystemServerTiming: StartOverlayManagerService
01-06 02:48:57.659   944  1058 V SystemServerTimingAsync: AppDataFixup took to complete: 150ms
01-06 02:48:57.669   944  1058 W PackageManager: Skipping preparing app data for com.android.sdksandbox
01-06 02:48:57.670   944   944 V SystemServerTiming: StartOverlayManagerService took to complete: 68ms
01-06 02:48:57.670   944   944 D SystemServerTiming: StartResourcesManagerService
01-06 02:48:57.671   944   944 V SystemServerTiming: StartResourcesManagerService took to complete: 0ms
01-06 02:48:57.671   944   944 D SystemServerTiming: StartSensorPrivacyService
01-06 02:48:57.672   944   967 W ActivityTaskManager: Skip updateConfiguration because mWindowManager isn't set
01-06 02:48:57.675   944   944 V SystemServerTiming: StartSensorPrivacyService took to complete: 4ms
01-06 02:48:57.675   944   944 D SystemServerTiming: StartSensorService
01-06 02:48:57.675   944   944 I SystemServiceManager: Starting com.android.server.sensors.SensorService
01-06 02:48:57.675   944   944 V SystemServerTiming: StartSensorService took to complete: 0ms
01-06 02:48:57.675   944   944 V SystemServerTiming: startBootstrapServices took to complete: 2972ms
01-06 02:48:57.675   944   944 D SystemServerTiming: startCoreServices
01-06 02:48:57.675   944   944 D SystemServerTiming: StartSystemConfigService
01-06 02:48:57.675   944  1064 D SystemServerTimingAsync: InitThreadPoolExec:StartNativeSensorService
01-06 02:48:57.675   944  1064 D SystemServerInitThreadPool: Started executing StartNativeSensorService
01-06 02:48:57.676   944   944 I SystemServiceManager: Starting com.android.server.SystemConfigService
01-06 02:48:57.676   944  1064 D SystemServerTimingAsync: StartNativeSensorService
01-06 02:48:57.676   944   944 V SystemServerTiming: StartSystemConfigService took to complete: 1ms
01-06 02:48:57.676   944   944 D SystemServerTiming: StartBatteryService
01-06 02:48:57.676   944   944 I SystemServiceManager: Starting com.android.server.BatteryService
01-06 02:48:57.680   944  1064 V SystemServerTimingAsync: StartNativeSensorService took to complete: 4ms
01-06 02:48:57.680   944  1064 D SystemServerInitThreadPool: Finished executing StartNativeSensorService
01-06 02:48:57.680   944  1064 V SystemServerTimingAsync: InitThreadPoolExec:StartNativeSensorService took to complete: 5ms
01-06 02:48:57.683   944   944 I HealthServiceWrapperAidl: health: HealthServiceWrapper listening to AIDL HAL
01-06 02:48:57.683   944   944 I BatteryService: health: Waited 0ms and received the update.
01-06 02:48:57.683   944   944 V SystemServerTiming: StartBatteryService took to complete: 7ms
01-06 02:48:57.683   944   944 D SystemServerTiming: StartUsageService
01-06 02:48:57.684   944   944 I SystemServiceManager: Starting com.android.server.usage.UsageStatsService
01-06 02:48:57.684     0     0 E [6 T1     ..] init: Control message: Could not find 'aidl/device_state' for ctl.interface_start from pid: 316 (/system/bin/servicemanager)
01-06 02:48:57.685     0     0 W [2 T517   ..] healthd: battery none chg=
01-06 02:48:57.687   944   944 V SystemServerTiming: StartUsageService took to complete: 4ms
01-06 02:48:57.687   944   944 D SystemServerTiming: StartWebViewUpdateService
01-06 02:48:57.687   944   944 I SystemServiceManager: Starting com.android.server.webkit.WebViewUpdateService
01-06 02:48:57.689   944   944 V SystemServerTiming: StartWebViewUpdateService took to complete: 1ms
01-06 02:48:57.689   944   944 D SystemServerTiming: StartCachedDeviceStateService
01-06 02:48:57.689   944   944 I SystemServiceManager: Starting com.android.server.CachedDeviceStateService
01-06 02:48:57.689   944   944 V SystemServerTiming: StartCachedDeviceStateService took to complete: 0ms
01-06 02:48:57.689   944   944 D SystemServerTiming: StartBinderCallsStatsService
01-06 02:48:57.689   944   944 I SystemServiceManager: Starting com.android.server.BinderCallsStatsService$LifeCycle
01-06 02:48:57.690   944   944 V SystemServerTiming: StartBinderCallsStatsService took to complete: 1ms
01-06 02:48:57.690   944   944 D SystemServerTiming: StartLooperStatsService
01-06 02:48:57.691   944   944 I SystemServiceManager: Starting com.android.server.LooperStatsService$Lifecycle
01-06 02:48:57.692   944   944 V SystemServerTiming: StartLooperStatsService took to complete: 2ms
01-06 02:48:57.692   944   944 D SystemServerTiming: StartRollbackManagerService
01-06 02:48:57.692   944   944 I SystemServiceManager: Starting com.android.server.rollback.RollbackManagerService
01-06 02:48:57.696   944   944 I PackageWatchdog: Syncing state, reason: added new observer
01-06 02:48:57.696   944   944 I PackageWatchdog: Not pruning observers, elapsed time: 0ms
01-06 02:48:57.696   944   944 I PackageWatchdog: Cancelling state sync, nothing to sync
01-06 02:48:57.696   944   975 I PackageWatchdog: Saving observer state to file
01-06 02:48:57.699   944   944 V SystemServerTiming: StartRollbackManagerService took to complete: 7ms
01-06 02:48:57.699   944   944 D SystemServerTiming: StartNativeTombstoneManagerService
01-06 02:48:57.699   944   944 I SystemServiceManager: Starting com.android.server.os.NativeTombstoneManagerService
01-06 02:48:57.700   944   944 V SystemServerTiming: StartNativeTombstoneManagerService took to complete: 0ms
01-06 02:48:57.700   944   944 D SystemServerTiming: StartBugreportManagerService
01-06 02:48:57.700   944   944 I SystemServiceManager: Starting com.android.server.os.BugreportManagerService
01-06 02:48:57.700   944   944 V SystemServerTiming: StartBugreportManagerService took to complete: 0ms
01-06 02:48:57.700   944   944 D SystemServerTiming: GpuService
01-06 02:48:57.700   944   944 I SystemServiceManager: Starting com.android.server.gpu.GpuService
01-06 02:48:57.700   944   944 V SystemServerTiming: GpuService took to complete: 0ms
01-06 02:48:57.700   944   944 V SystemServerTiming: startCoreServices took to complete: 25ms
01-06 02:48:57.700   944   944 D SystemServerTiming: startOtherServices
01-06 02:48:57.701   944   944 D SystemServerTiming: StartKeyAttestationApplicationIdProviderService
01-06 02:48:57.701   944  1074 D SystemServerTimingAsync: InitThreadPoolExec:SecondaryZygotePreload
01-06 02:48:57.701   944  1074 D SystemServerInitThreadPool: Started executing SecondaryZygotePreload
01-06 02:48:57.701   944  1074 I SystemServer: SecondaryZygotePreload
01-06 02:48:57.701   944  1074 D SystemServerTimingAsync: SecondaryZygotePreload
01-06 02:48:57.701   944   944 V SystemServerTiming: StartKeyAttestationApplicationIdProviderService took to complete: 0ms
01-06 02:48:57.701   944   944 D SystemServerTiming: StartKeyChainSystemService
01-06 02:48:57.701   944   944 I SystemServiceManager: Starting com.android.server.security.KeyChainSystemService
01-06 02:48:57.702   944   944 V SystemServerTiming: StartKeyChainSystemService took to complete: 1ms
01-06 02:48:57.702   944   944 D SystemServerTiming: StartBinaryTransparencyService
01-06 02:48:57.702   944   944 I SystemServiceManager: Starting com.android.server.BinaryTransparencyService
01-06 02:48:57.703   944   944 I TransparencyService: Started BinaryTransparencyService
01-06 02:48:57.703   944   944 V SystemServerTiming: StartBinaryTransparencyService took to complete: 1ms
01-06 02:48:57.703   944   944 D SystemServerTiming: StartSchedulingPolicyService
01-06 02:48:57.703   944  1075 D SystemServerTimingAsync: InitThreadPoolExec:SchedulingPolicyService.<init>
01-06 02:48:57.703   944  1075 D SystemServerInitThreadPool: Started executing SchedulingPolicyService.<init>
01-06 02:48:57.703   944   944 V SystemServerTiming: StartSchedulingPolicyService took to complete: 0ms
01-06 02:48:57.704   944   944 D SystemServerTiming: StartTelephonyRegistry
01-06 02:48:57.705   944   944 V SystemServerTiming: StartTelephonyRegistry took to complete: 0ms
01-06 02:48:57.705   944   944 D SystemServerTiming: StartEntropyMixer
01-06 02:48:57.705   944   944 I EntropyMixer: Loaded existing seed file
01-06 02:48:57.707   944   944 I EntropyMixer: Updated seed file
01-06 02:48:57.707   944   944 V SystemServerTiming: StartEntropyMixer took to complete: 2ms
01-06 02:48:57.707   944   944 D SystemServerTiming: StartAccountManagerService
01-06 02:48:57.708   944   944 I SystemServiceManager: Starting com.android.server.accounts.AccountManagerService$Lifecycle
01-06 02:48:57.713   944   944 V SystemServerTiming: StartAccountManagerService took to complete: 6ms
01-06 02:48:57.713   944   944 D SystemServerTiming: StartContentService
01-06 02:48:57.713   944   944 I SystemServiceManager: Starting com.android.server.content.ContentService$Lifecycle
01-06 02:48:57.715   944   944 V SystemServerTiming: StartContentService took to complete: 2ms
01-06 02:48:57.715   944   944 D SystemServerTiming: InstallSystemProviders
01-06 02:48:57.718   944  1075 D SystemServerInitThreadPool: Finished executing SchedulingPolicyService.<init>
01-06 02:48:57.718   944  1075 V SystemServerTimingAsync: InitThreadPoolExec:SchedulingPolicyService.<init> took to complete: 15ms
01-06 02:48:57.777   944   976 D ActivityManager: Freezer enabled
01-06 02:48:57.778   944   976 D ActivityManager: freezer override set to false
01-06 02:48:57.778   944   944 V SystemServerTiming: InstallSystemProviders took to complete: 63ms
01-06 02:48:57.778   944   944 D SystemServerTiming: UpdateWatchdogTimeout
01-06 02:48:57.778   944   944 I Watchdog: Watchdog timeout updated to 60000 millis
01-06 02:48:57.778   944   944 V SystemServerTiming: UpdateWatchdogTimeout took to complete: 0ms
01-06 02:48:57.778   944   944 D SystemServerTiming: StartDropBoxManager
01-06 02:48:57.779   944   944 I SystemServiceManager: Starting com.android.server.DropBoxManagerService
01-06 02:48:57.779   944   944 V SystemServerTiming: StartDropBoxManager took to complete: 1ms
01-06 02:48:57.779   944   944 D SystemServerTiming: StartRoleManagerService
01-06 02:48:57.780   944   944 I SystemServiceManager: Starting com.android.role.RoleService
01-06 02:48:57.787   500   500 V ZygoteInitTiming_lazy: BeginPreload took to complete: 84ms
01-06 02:48:57.821   944   944 V SystemServerTiming: StartRoleManagerService took to complete: 42ms
01-06 02:48:57.821   944   944 D SystemServerTiming: StartVibratorManagerService
01-06 02:48:57.821   944   944 I SystemServiceManager: Starting com.android.server.vibrator.VibratorManagerService$Lifecycle
01-06 02:48:57.828   944   944 V SystemServerTiming: StartVibratorManagerService took to complete: 7ms
01-06 02:48:57.828   944   944 D SystemServerTiming: StartDynamicSystemService
01-06 02:48:57.828   944   944 V SystemServerTiming: StartDynamicSystemService took to complete: 0ms
01-06 02:48:57.828   944   944 D SystemServerTiming: StartConsumerIrService
01-06 02:48:57.830   944   944 V SystemServerTiming: StartConsumerIrService took to complete: 1ms
01-06 02:48:57.830   944   944 D SystemServerTiming: StartResourceEconomy
01-06 02:48:57.831   944   944 I SystemServiceManager: Starting com.android.server.tare.InternalResourceService
01-06 02:48:57.835   944   944 V SystemServerTiming: StartResourceEconomy took to complete: 5ms
01-06 02:48:57.835   944   944 D SystemServerTiming: StartAlarmManagerService
01-06 02:48:57.836   944   944 I SystemServiceManager: Starting com.android.server.alarm.AlarmManagerService
01-06 02:48:57.842   944   944 V SystemServerTiming: StartAlarmManagerService took to complete: 7ms
01-06 02:48:57.842   944   944 D SystemServerTiming: StartInputManagerService
01-06 02:48:57.849   944   944 I InputManager: Initializing input manager, mUseDevInputEventForAudioJack=false
01-06 02:48:57.849   944   944 V SystemServerTiming: StartInputManagerService took to complete: 7ms
01-06 02:48:57.849   944   944 D SystemServerTiming: DeviceStateManagerService
01-06 02:48:57.849   944   944 I SystemServiceManager: Starting com.android.server.devicestate.DeviceStateManagerService
01-06 02:48:57.855   944   944 V SystemServerTiming: DeviceStateManagerService took to complete: 6ms
01-06 02:48:57.855   944   944 D SystemServerTiming: StartWindowManagerService
01-06 02:48:57.855   944   944 I SystemServiceManager: Starting phase 200
01-06 02:48:57.855   944   944 D SystemServerTiming: OnBootPhase_200
01-06 02:48:57.855   944   944 D SystemServerTiming: OnBootPhase_200_com.android.server.security.FileIntegrityService
01-06 02:48:57.855   944   944 V SystemServerTiming: OnBootPhase_200_com.android.server.security.FileIntegrityService took to complete: 0ms
01-06 02:48:57.855   944   944 D SystemServerTiming: OnBootPhase_200_com.android.server.pm.Installer
01-06 02:48:57.855   944   944 V SystemServerTiming: OnBootPhase_200_com.android.server.pm.Installer took to complete: 0ms
01-06 02:48:57.855   944   944 D SystemServerTiming: OnBootPhase_200_com.android.server.os.DeviceIdentifiersPolicyService
01-06 02:48:57.855   944   944 V SystemServerTiming: OnBootPhase_200_com.android.server.os.DeviceIdentifiersPolicyService took to complete: 0ms
01-06 02:48:57.855   944   944 D SystemServerTiming: OnBootPhase_200_com.android.server.uri.UriGrantsManagerService$Lifecycle
01-06 02:48:57.855   944   944 V SystemServerTiming: OnBootPhase_200_com.android.server.uri.UriGrantsManagerService$Lifecycle took to complete: 0ms
01-06 02:48:57.855   944   944 D SystemServerTiming: OnBootPhase_200_com.android.server.powerstats.PowerStatsService
01-06 02:48:57.855   944   944 V SystemServerTiming: OnBootPhase_200_com.android.server.powerstats.PowerStatsService took to complete: 0ms
01-06 02:48:57.855   944   944 D SystemServerTiming: OnBootPhase_200_com.android.server.wm.ActivityTaskManagerService$Lifecycle
01-06 02:48:57.855   944   944 V SystemServerTiming: OnBootPhase_200_com.android.server.wm.ActivityTaskManagerService$Lifecycle took to complete: 0ms
01-06 02:48:57.855   944   944 D SystemServerTiming: OnBootPhase_200_com.android.server.am.ActivityManagerService$Lifecycle
01-06 02:48:57.855   944   944 V SystemServerTiming: OnBootPhase_200_com.android.server.am.ActivityManagerService$Lifecycle took to complete: 0ms
01-06 02:48:57.856   944   944 D SystemServerTiming: OnBootPhase_200_com.android.server.pm.DataLoaderManagerService
01-06 02:48:57.856   944   944 V SystemServerTiming: OnBootPhase_200_com.android.server.pm.DataLoaderManagerService took to complete: 0ms
01-06 02:48:57.856   944   944 D SystemServerTiming: OnBootPhase_200_com.android.server.power.PowerManagerService
01-06 02:48:57.856   944   944 V SystemServerTiming: OnBootPhase_200_com.android.server.power.PowerManagerService took to complete: 0ms
01-06 02:48:57.856   944   944 D SystemServerTiming: OnBootPhase_200_com.android.server.power.ThermalManagerService
01-06 02:48:57.856   944   944 V SystemServerTiming: OnBootPhase_200_com.android.server.power.ThermalManagerService took to complete: 0ms
01-06 02:48:57.856   944   944 D SystemServerTiming: OnBootPhase_200_com.android.server.power.hint.HintManagerService
01-06 02:48:57.856   944   944 V SystemServerTiming: OnBootPhase_200_com.android.server.power.hint.HintManagerService took to complete: 0ms
01-06 02:48:57.856   944   944 D SystemServerTiming: OnBootPhase_200_com.android.server.recoverysystem.RecoverySystemService$Lifecycle
01-06 02:48:57.856   944   944 V SystemServerTiming: OnBootPhase_200_com.android.server.recoverysystem.RecoverySystemService$Lifecycle took to complete: 0ms
01-06 02:48:57.856   944   944 D SystemServerTiming: OnBootPhase_200_com.android.server.lights.LightsService
01-06 02:48:57.856   944   944 V SystemServerTiming: OnBootPhase_200_com.android.server.lights.LightsService took to complete: 0ms
01-06 02:48:57.856   944   944 D SystemServerTiming: OnBootPhase_200_com.android.server.display.DisplayManagerService
01-06 02:48:57.856   944   944 V SystemServerTiming: OnBootPhase_200_com.android.server.display.DisplayManagerService took to complete: 0ms
01-06 02:48:57.856   944   944 D SystemServerTiming: OnBootPhase_200_com.android.server.pm.verify.domain.DomainVerificationService
01-06 02:48:57.856   944   944 V SystemServerTiming: OnBootPhase_200_com.android.server.pm.verify.domain.DomainVerificationService took to complete: 0ms
01-06 02:48:57.856   944   944 D SystemServerTiming: OnBootPhase_200_com.android.server.pm.PackageInstallerService$Lifecycle
01-06 02:48:57.856   944   944 V SystemServerTiming: OnBootPhase_200_com.android.server.pm.PackageInstallerService$Lifecycle took to complete: 0ms
01-06 02:48:57.856   944   944 D SystemServerTiming: OnBootPhase_200_com.android.server.pm.UserManagerService$LifeCycle
01-06 02:48:57.856   944   944 V SystemServerTiming: OnBootPhase_200_com.android.server.pm.UserManagerService$LifeCycle took to complete: 0ms
01-06 02:48:57.856   944   944 D SystemServerTiming: OnBootPhase_200_com.android.server.om.OverlayManagerService
01-06 02:48:57.856   944   944 V SystemServerTiming: OnBootPhase_200_com.android.server.om.OverlayManagerService took to complete: 0ms
01-06 02:48:57.856   944   944 D SystemServerTiming: OnBootPhase_200_com.android.server.resources.ResourcesManagerService
01-06 02:48:57.856   944   944 V SystemServerTiming: OnBootPhase_200_com.android.server.resources.ResourcesManagerService took to complete: 0ms
01-06 02:48:57.856   944   944 D SystemServerTiming: OnBootPhase_200_com.android.server.sensorprivacy.SensorPrivacyService
01-06 02:48:57.856   944   944 V SystemServerTiming: OnBootPhase_200_com.android.server.sensorprivacy.SensorPrivacyService took to complete: 0ms
01-06 02:48:57.856   944   944 D SystemServerTiming: OnBootPhase_200_com.android.server.sensors.SensorService
01-06 02:48:57.856   944   944 V SystemServerTiming: OnBootPhase_200_com.android.server.sensors.SensorService took to complete: 0ms
01-06 02:48:57.856   944   944 D SystemServerTiming: OnBootPhase_200_com.android.server.SystemConfigService
01-06 02:48:57.856   944   944 V SystemServerTiming: OnBootPhase_200_com.android.server.SystemConfigService took to complete: 0ms
01-06 02:48:57.856   944   944 D SystemServerTiming: OnBootPhase_200_com.android.server.BatteryService
01-06 02:48:57.856   944   944 V SystemServerTiming: OnBootPhase_200_com.android.server.BatteryService took to complete: 0ms
01-06 02:48:57.856   944   944 D SystemServerTiming: OnBootPhase_200_com.android.server.usage.UsageStatsService
01-06 02:48:57.857   944   944 V SystemServerTiming: OnBootPhase_200_com.android.server.usage.UsageStatsService took to complete: 0ms
01-06 02:48:57.857   944   944 D SystemServerTiming: OnBootPhase_200_com.android.server.webkit.WebViewUpdateService
01-06 02:48:57.857   944   944 V SystemServerTiming: OnBootPhase_200_com.android.server.webkit.WebViewUpdateService took to complete: 0ms
01-06 02:48:57.857   944   944 D SystemServerTiming: OnBootPhase_200_com.android.server.CachedDeviceStateService
01-06 02:48:57.857   944   944 V SystemServerTiming: OnBootPhase_200_com.android.server.CachedDeviceStateService took to complete: 0ms
01-06 02:48:57.857   944   944 D SystemServerTiming: OnBootPhase_200_com.android.server.BinderCallsStatsService$LifeCycle
01-06 02:48:57.857   944   944 V SystemServerTiming: OnBootPhase_200_com.android.server.BinderCallsStatsService$LifeCycle took to complete: 0ms
01-06 02:48:57.857   944   944 D SystemServerTiming: OnBootPhase_200_com.android.server.LooperStatsService$Lifecycle
01-06 02:48:57.857   944   944 V SystemServerTiming: OnBootPhase_200_com.android.server.LooperStatsService$Lifecycle took to complete: 0ms
01-06 02:48:57.857   944   944 D SystemServerTiming: OnBootPhase_200_com.android.server.rollback.RollbackManagerService
01-06 02:48:57.857   944   944 V SystemServerTiming: OnBootPhase_200_com.android.server.rollback.RollbackManagerService took to complete: 0ms
01-06 02:48:57.857   944   944 D SystemServerTiming: OnBootPhase_200_com.android.server.os.NativeTombstoneManagerService
01-06 02:48:57.857   944   944 V SystemServerTiming: OnBootPhase_200_com.android.server.os.NativeTombstoneManagerService took to complete: 0ms
01-06 02:48:57.857   944   944 D SystemServerTiming: OnBootPhase_200_com.android.server.os.BugreportManagerService
01-06 02:48:57.857   944   944 V SystemServerTiming: OnBootPhase_200_com.android.server.os.BugreportManagerService took to complete: 0ms
01-06 02:48:57.857   944   944 D SystemServerTiming: OnBootPhase_200_com.android.server.gpu.GpuService
01-06 02:48:57.857   944   944 V SystemServerTiming: OnBootPhase_200_com.android.server.gpu.GpuService took to complete: 0ms
01-06 02:48:57.857   944   944 D SystemServerTiming: OnBootPhase_200_com.android.server.security.KeyChainSystemService
01-06 02:48:57.857   944   944 V SystemServerTiming: OnBootPhase_200_com.android.server.security.KeyChainSystemService took to complete: 0ms
01-06 02:48:57.857   944   944 D SystemServerTiming: OnBootPhase_200_com.android.server.BinaryTransparencyService
01-06 02:48:57.857   944   944 V SystemServerTiming: OnBootPhase_200_com.android.server.BinaryTransparencyService took to complete: 0ms
01-06 02:48:57.857   944   944 D SystemServerTiming: OnBootPhase_200_com.android.server.accounts.AccountManagerService$Lifecycle
01-06 02:48:57.857   944   944 V SystemServerTiming: OnBootPhase_200_com.android.server.accounts.AccountManagerService$Lifecycle took to complete: 0ms
01-06 02:48:57.857   944   944 D SystemServerTiming: OnBootPhase_200_com.android.server.content.ContentService$Lifecycle
01-06 02:48:57.857   944   944 V SystemServerTiming: OnBootPhase_200_com.android.server.content.ContentService$Lifecycle took to complete: 0ms
01-06 02:48:57.857   944   944 D SystemServerTiming: OnBootPhase_200_com.android.server.DropBoxManagerService
01-06 02:48:57.857   944   944 V SystemServerTiming: OnBootPhase_200_com.android.server.DropBoxManagerService took to complete: 0ms
01-06 02:48:57.857   944   944 D SystemServerTiming: OnBootPhase_200_com.android.role.RoleService
01-06 02:48:57.857   944   944 V SystemServerTiming: OnBootPhase_200_com.android.role.RoleService took to complete: 0ms
01-06 02:48:57.857   944   944 D SystemServerTiming: OnBootPhase_200_com.android.server.vibrator.VibratorManagerService$Lifecycle
01-06 02:48:57.857   944   944 V SystemServerTiming: OnBootPhase_200_com.android.server.vibrator.VibratorManagerService$Lifecycle took to complete: 0ms
01-06 02:48:57.857   944   944 D SystemServerTiming: OnBootPhase_200_com.android.server.tare.InternalResourceService
01-06 02:48:57.858   944   944 V SystemServerTiming: OnBootPhase_200_com.android.server.tare.InternalResourceService took to complete: 0ms
01-06 02:48:57.858   944   944 D SystemServerTiming: OnBootPhase_200_com.android.server.alarm.AlarmManagerService
01-06 02:48:57.858   944   944 V SystemServerTiming: OnBootPhase_200_com.android.server.alarm.AlarmManagerService took to complete: 0ms
01-06 02:48:57.858   944   944 D SystemServerTiming: OnBootPhase_200_com.android.server.devicestate.DeviceStateManagerService
01-06 02:48:57.858   944   944 V SystemServerTiming: OnBootPhase_200_com.android.server.devicestate.DeviceStateManagerService took to complete: 0ms
01-06 02:48:57.858   944   944 V SystemServerTiming: OnBootPhase_200 took to complete: 3ms
01-06 02:48:57.859   944   944 I WindowManager: No existing display settings, starting empty
01-06 02:48:57.859   944   944 I WindowManager: No existing display settings, starting empty
01-06 02:48:57.867   944   970 E WindowManager: Error reading from LetterboxConfigurationPersister. Using default values!
01-06 02:48:57.867   944   970 E WindowManager: java.io.FileNotFoundException: /data/system/letterbox_config: open failed: ENOENT (No such file or directory)
01-06 02:48:57.867   944   970 E WindowManager: 	at libcore.io.IoBridge.open(IoBridge.java:574)
01-06 02:48:57.867   944   970 E WindowManager: 	at java.io.FileInputStream.<init>(FileInputStream.java:160)
01-06 02:48:57.867   944   970 E WindowManager: 	at android.util.AtomicFile.openRead(AtomicFile.java:260)
01-06 02:48:57.867   944   970 E WindowManager: 	at com.android.server.wm.LetterboxConfigurationPersister.readCurrentConfiguration(LetterboxConfigurationPersister.java:221)
01-06 02:48:57.867   944   970 E WindowManager: 	at com.android.server.wm.LetterboxConfigurationPersister.<init>(LetterboxConfigurationPersister.java:128)
01-06 02:48:57.867   944   970 E WindowManager: 	at com.android.server.wm.LetterboxConfigurationPersister.<init>(LetterboxConfigurationPersister.java:101)
01-06 02:48:57.867   944   970 E WindowManager: 	at com.android.server.wm.LetterboxConfiguration.<init>(LetterboxConfiguration.java:242)
01-06 02:48:57.867   944   970 E WindowManager: 	at com.android.server.wm.WindowManagerService.<init>(WindowManagerService.java:1224)
01-06 02:48:57.867   944   970 E WindowManager: 	at com.android.server.wm.WindowManagerService.lambda$main$1(WindowManagerService.java:1168)
01-06 02:48:57.867   944   970 E WindowManager: 	at com.android.server.wm.WindowManagerService.$r8$lambda$mdM6IEP25omWg9Thw5NvWNLhRLE(Unknown Source:0)
01-06 02:48:57.867   944   970 E WindowManager: 	at com.android.server.wm.WindowManagerService$$ExternalSyntheticLambda3.run(Unknown Source:20)
01-06 02:48:57.867   944   970 E WindowManager: 	at android.os.Handler$BlockingRunnable.run(Handler.java:965)
01-06 02:48:57.867   944   970 E WindowManager: 	at android.os.Handler.handleCallback(Handler.java:942)
01-06 02:48:57.867   944   970 E WindowManager: 	at android.os.Handler.dispatchMessage(Handler.java:99)
01-06 02:48:57.867   944   970 E WindowManager: 	at android.os.Looper.loopOnce(Looper.java:201)
01-06 02:48:57.867   944   970 E WindowManager: 	at android.os.Looper.loop(Looper.java:288)
01-06 02:48:57.867   944   970 E WindowManager: 	at android.os.HandlerThread.run(HandlerThread.java:67)
01-06 02:48:57.867   944   970 E WindowManager: 	at com.android.server.ServiceThread.run(ServiceThread.java:44)
01-06 02:48:57.867   944   970 E WindowManager: Caused by: android.system.ErrnoException: open failed: ENOENT (No such file or directory)
01-06 02:48:57.867   944   970 E WindowManager: 	at libcore.io.Linux.open(Native Method)
01-06 02:48:57.867   944   970 E WindowManager: 	at libcore.io.ForwardingOs.open(ForwardingOs.java:563)
01-06 02:48:57.867   944   970 E WindowManager: 	at libcore.io.BlockGuardOs.open(BlockGuardOs.java:274)
01-06 02:48:57.867   944   970 E WindowManager: 	at libcore.io.IoBridge.open(IoBridge.java:560)
01-06 02:48:57.867   944   970 E WindowManager: 	... 17 more
01-06 02:48:57.873   944  1058 V SystemServerTimingAsync: AppDataPrepare took to complete: 214ms
01-06 02:48:57.873   944  1058 I PackageManager: Deferred reconcileAppsData finished 101 packages
01-06 02:48:57.873   944  1058 D SystemServerInitThreadPool: Finished executing prepareAppData
01-06 02:48:57.873   944  1058 V SystemServerTimingAsync: InitThreadPoolExec:prepareAppData took to complete: 364ms
01-06 02:48:57.879   944   944 V SystemServerTiming: StartWindowManagerService took to complete: 24ms
01-06 02:48:57.879   944   944 D SystemServerTiming: SetWindowManagerService
01-06 02:48:57.879   944   969 I DropBoxManagerService: add tag=system_server_strictmode isTagEnabled=true flags=0x2
01-06 02:48:57.885   944   969 I DropBoxManagerService: add tag=system_server_strictmode isTagEnabled=true flags=0x2
01-06 02:48:57.886   944   969 I DropBoxManagerService: add tag=system_server_strictmode isTagEnabled=true flags=0x2
01-06 02:48:57.907   944   944 I ActivityTaskManager: Loaded persisted task ids for user 0
01-06 02:48:57.909   944   944 V SystemServerTiming: SetWindowManagerService took to complete: 30ms
01-06 02:48:57.909   944   944 D SystemServerTiming: WindowManagerServiceOnInitReady
01-06 02:48:57.928   944   944 V SystemServerTiming: WindowManagerServiceOnInitReady took to complete: 19ms
01-06 02:48:57.928   944   944 D SystemServerTiming: StartInputManager
01-06 02:48:57.928   944   944 I InputManager: Starting input manager
01-06 02:48:57.928   944  1096 D SystemServerTimingAsync: InitThreadPoolExec:StartHidlServices
01-06 02:48:57.928   944  1096 D SystemServerInitThreadPool: Started executing StartHidlServices
01-06 02:48:57.928   944  1096 D SystemServerTimingAsync: StartHidlServices
01-06 02:48:57.931   944  1096 V SystemServerTimingAsync: StartHidlServices took to complete: 3ms
01-06 02:48:57.932   944  1096 D SystemServerInitThreadPool: Finished executing StartHidlServices
01-06 02:48:57.932   944  1096 V SystemServerTimingAsync: InitThreadPoolExec:StartHidlServices took to complete: 3ms
01-06 02:48:57.933   944   944 V SystemServerTiming: StartInputManager took to complete: 5ms
01-06 02:48:57.934   944   944 D SystemServerTiming: DisplayManagerWindowManagerAndInputReady
01-06 02:48:57.934   944   944 V SystemServerTiming: DisplayManagerWindowManagerAndInputReady took to complete: 1ms
01-06 02:48:57.934   944   944 D SystemServerTiming: StartBluetoothService
01-06 02:48:57.934   944   970 I LogicalDisplayMapper: Requesting Transition to state: 0, from state=-1, interactive=true, mBootCompleted=false
01-06 02:48:57.934   944   970 I LogicalDisplayMapper: Applying layout: [{addr: {port=11, model=0x404c2d479b6c44}, dispId: 0(ON)}], Previous layout: [{addr: {port=11, model=0x404c2d479b6c44}, dispId: 0(ON)}]
01-06 02:48:57.938     0     0 E [6 T1     ..] init: Control message: Could not find 'aidl/clipboard' for ctl.interface_start from pid: 316 (/system/bin/servicemanager)
01-06 02:48:57.948   944   944 I SystemServiceManager: Starting com.android.server.bluetooth.BluetoothService
01-06 02:48:57.955   944   944 V SystemServerTiming: StartBluetoothService took to complete: 21ms
01-06 02:48:57.955   944   944 D SystemServerTiming: IpConnectivityMetrics
01-06 02:48:57.955   944   944 I SystemServiceManager: Starting com.android.server.connectivity.IpConnectivityMetrics
01-06 02:48:57.955   944   944 V SystemServerTiming: IpConnectivityMetrics took to complete: 0ms
01-06 02:48:57.955   944   944 D SystemServerTiming: NetworkWatchlistService
01-06 02:48:57.955   944   944 I SystemServiceManager: Starting com.android.server.net.watchlist.NetworkWatchlistService$Lifecycle
01-06 02:48:57.960   944   944 I WatchlistSettings: Reload watchlist settings done
01-06 02:48:57.960   944  1111 I WatchlistLoggingHandler: No need to aggregate record yet.
01-06 02:48:57.960   944  1111 I WatchlistLoggingHandler: Milliseconds spent on tryAggregateRecords(): 0
01-06 02:48:57.961   944   944 V SystemServerTiming: NetworkWatchlistService took to complete: 5ms
01-06 02:48:57.961   944   944 D SystemServerTiming: PinnerService
01-06 02:48:57.961   944   944 I SystemServiceManager: Starting com.android.server.PinnerService
01-06 02:48:57.961   944   944 V HistoricalRegistry: Interaction before persistence initialized
01-06 02:48:57.962   944   944 V SystemServerTiming: PinnerService took to complete: 1ms
01-06 02:48:57.962   944   975 D PinnerService: pinRangeStream: null
01-06 02:48:57.963   944   944 D SystemServerTiming: SignedConfigService
01-06 02:48:57.963   944   944 V SystemServerTiming: SignedConfigService took to complete: 0ms
01-06 02:48:57.963   944   944 D SystemServerTiming: AppIntegrityService
01-06 02:48:57.963   944   944 I SystemServiceManager: Starting com.android.server.integrity.AppIntegrityManagerService
01-06 02:48:57.966   944   944 E IntegrityFileManager: Error creating staging and rules directory
01-06 02:48:57.968   944   944 V SystemServerTiming: AppIntegrityService took to complete: 4ms
01-06 02:48:57.968   944   944 D SystemServerTiming: StartLogcatManager
01-06 02:48:57.968   944   944 I SystemServiceManager: Starting com.android.server.logcat.LogcatManagerService
01-06 02:48:57.968   944   975 D PinnerService: pinRangeStream: null
01-06 02:48:57.969   944   975 E PinnerService: Could not pin file /system/bin/logd
01-06 02:48:57.969   944   975 E PinnerService: android.system.ErrnoException: open failed: EACCES (Permission denied)
01-06 02:48:57.969   944   975 E PinnerService: 	at libcore.io.Linux.open(Native Method)
01-06 02:48:57.969   944   975 E PinnerService: 	at libcore.io.ForwardingOs.open(ForwardingOs.java:563)
01-06 02:48:57.969   944   975 E PinnerService: 	at libcore.io.BlockGuardOs.open(BlockGuardOs.java:274)
01-06 02:48:57.969   944   975 E PinnerService: 	at android.system.Os.open(Os.java:494)
01-06 02:48:57.969   944   975 E PinnerService: 	at com.android.server.PinnerService.pinFileRanges(PinnerService.java:975)
01-06 02:48:57.969   944   975 E PinnerService: 	at com.android.server.PinnerService.pinFile(PinnerService.java:850)
01-06 02:48:57.969   944   975 E PinnerService: 	at com.android.server.PinnerService.handlePinOnStart(PinnerService.java:305)
01-06 02:48:57.969   944   975 E PinnerService: 	at com.android.server.PinnerService.-$$Nest$mhandlePinOnStart(Unknown Source:0)
01-06 02:48:57.969   944   975 E PinnerService: 	at com.android.server.PinnerService$PinnerHandler.handleMessage(PinnerService.java:1219)
01-06 02:48:57.969   944   975 E PinnerService: 	at android.os.Handler.dispatchMessage(Handler.java:106)
01-06 02:48:57.969   944   975 E PinnerService: 	at android.os.Looper.loopOnce(Looper.java:201)
01-06 02:48:57.969   944   975 E PinnerService: 	at android.os.Looper.loop(Looper.java:288)
01-06 02:48:57.969   944   975 E PinnerService: 	at android.os.HandlerThread.run(HandlerThread.java:67)
01-06 02:48:57.969   944   975 E PinnerService: Failed to pin file = /system/bin/logd
01-06 02:48:57.969   944   975 D PinnerService: pinRangeStream: null
01-06 02:48:57.969   944   975 E PinnerService: Could not pin file /system/lib/libjavacrypto.so
01-06 02:48:57.969   944   975 E PinnerService: android.system.ErrnoException: open failed: ENOENT (No such file or directory)
01-06 02:48:57.969   944   975 E PinnerService: 	at libcore.io.Linux.open(Native Method)
01-06 02:48:57.969   944   975 E PinnerService: 	at libcore.io.ForwardingOs.open(ForwardingOs.java:563)
01-06 02:48:57.969   944   975 E PinnerService: 	at libcore.io.BlockGuardOs.open(BlockGuardOs.java:274)
01-06 02:48:57.969   944   975 E PinnerService: 	at android.system.Os.open(Os.java:494)
01-06 02:48:57.969   944   975 E PinnerService: 	at com.android.server.PinnerService.pinFileRanges(PinnerService.java:975)
01-06 02:48:57.969   944   975 E PinnerService: 	at com.android.server.PinnerService.pinFile(PinnerService.java:850)
01-06 02:48:57.969   944   975 E PinnerService: 	at com.android.server.PinnerService.handlePinOnStart(PinnerService.java:305)
01-06 02:48:57.969   944   975 E PinnerService: 	at com.android.server.PinnerService.-$$Nest$mhandlePinOnStart(Unknown Source:0)
01-06 02:48:57.969   944   975 E PinnerService: 	at com.android.server.PinnerService$PinnerHandler.handleMessage(PinnerService.java:1219)
01-06 02:48:57.969   944   975 E PinnerService: 	at android.os.Handler.dispatchMessage(Handler.java:106)
01-06 02:48:57.969   944   975 E PinnerService: 	at android.os.Looper.loopOnce(Looper.java:201)
01-06 02:48:57.969   944   975 E PinnerService: 	at android.os.Looper.loop(Looper.java:288)
01-06 02:48:57.969   944   975 E PinnerService: 	at android.os.HandlerThread.run(HandlerThread.java:67)
01-06 02:48:57.969   944   975 E PinnerService: Failed to pin file = /system/lib/libjavacrypto.so
01-06 02:48:57.969   944   975 D PinnerService: pinRangeStream: null
