01-06 09:59:24.763     0     0 I [6 T401   ..] loop29: detected capacity change from 0 to 7928
01-06 09:59:24.792     0     0 I [7 T400   ..] device-mapper: verity: sha256 using implementation "sha256-ce"
01-06 09:59:24.817     0     0 I [7 T403   ..] loop30: detected capacity change from 0 to 16512
01-06 09:59:24.823     0     0 I         : [7 T400   ..] EXT4-fs (dm-29): mounted filesystem without journal. Opts: (null). Quota mode: none.
01-06 09:59:24.855     0     0 I [6 T401   ..] device-mapper: verity: sha256 using implementation "sha256-ce"
01-06 09:59:24.883     0     0 I         : [6 T401   ..] EXT4-fs (dm-18): mounted filesystem without journal. Opts: (null). Quota mode: none.
01-06 09:59:24.888     0     0 I [7 T403   ..] device-mapper: verity: sha256 using implementation "sha256-ce"
01-06 09:59:24.912     0     0 I         : [7 T403   ..] EXT4-fs (dm-9): mounted filesystem without journal. Opts: (null). Quota mode: none.
01-06 09:59:25.188   331   331 D vold    : fscrypt_init_user0
01-06 09:59:25.188   331   331 D vold    : Preparing: /data/misc/vold/user_keys
01-06 09:59:25.189   331   331 D vold    : Preparing: /data/misc/vold/user_keys/ce
01-06 09:59:25.189   331   331 D vold    : Preparing: /data/misc/vold/user_keys/de
01-06 09:59:25.192     0     0 D [7 T453   ..] vdc: Waited 0ms for vold
01-06 09:59:25.198   331   331 D vold    : Installed fscrypt key with ref 87ff20495b036ce1f92afa4c2fa2f2bf to /data
01-06 09:59:25.198   331   331 D vold    : Added fscrypt-provisioning key for 87ff20495b036ce1f92afa4c2fa2f2bf to session keyring
01-06 09:59:25.198   331   331 D vold    : Installed de key for user 0
01-06 09:59:25.198   331   331 D vold    : fscrypt_prepare_user_storage for volume null, user 0, serial 0, flags 1
01-06 09:59:25.198   331   331 D vold    : Preparing: /data/system/users/0
01-06 09:59:25.199   331   331 D vold    : Preparing: /data/misc/profiles/cur/0
01-06 09:59:25.199   331   331 D vold    : Preparing: /data/system_de/0
01-06 09:59:25.200   331   331 D vold    : Preparing: /data/vendor_de/0
01-06 09:59:25.200   331   331 D vold    : Preparing: /data/misc_de/0
01-06 09:59:25.200   331   331 D vold    : Preparing: /data/user_de/0
01-06 09:59:25.201   331   331 I vold    : Verified that /data/system_de/0 has the encryption policy 87ff20495b036ce1f92afa4c2fa2f2bf v2 modes 1/4 flags 0x2
01-06 09:59:25.201   331   331 I vold    : Verified that /data/vendor_de/0 has the encryption policy 87ff20495b036ce1f92afa4c2fa2f2bf v2 modes 1/4 flags 0x2
01-06 09:59:25.201   331   331 I vold    : Verified that /data/misc_de/0 has the encryption policy 87ff20495b036ce1f92afa4c2fa2f2bf v2 modes 1/4 flags 0x2
01-06 09:59:25.201   331   331 I vold    : Verified that /data/user_de/0 has the encryption policy 87ff20495b036ce1f92afa4c2fa2f2bf v2 modes 1/4 flags 0x2
01-06 09:59:25.201   331   331 D vold    : /system/bin/vold_prepare_subdirs
01-06 09:59:25.201   331   331 D vold    :     prepare
01-06 09:59:25.201   331   331 D vold    :     
01-06 09:59:25.201   331   331 D vold    :     0
01-06 09:59:25.201   331   331 D vold    :     1
01-06 09:59:25.250   331   331 D vold    : Detected support for FS_IOC_ADD_ENCRYPTION_KEY
01-06 09:59:25.262     0     0 I [6 T1     ..] selinux: SELinux: Skipping restorecon on directory(/data)
01-06 09:59:25.262     0     0 I [6 T1     ..] selinux:  
01-06 09:59:25.364   456   456 I odsign  : Trying to retrieve existing HMAC key...
01-06 09:59:25.370   456   456 I odsign  : Trying to retrieve existing keystore key...
01-06 09:59:25.378   456   456 I odsign  : Verified public key signature.
01-06 09:59:25.379   456   456 I odsign  : Initialized Keystore key.
01-06 09:59:25.380   456   456 I odsign  : Found and verified existing public key certificate: /data/misc/odsign/key.cert
01-06 09:59:25.583     0     0 W [6 T458   ..] audit: audit_backlog=65 > audit_backlog_limit=64
01-06 09:59:25.584     0     0 W [6 T458   ..] audit: audit_lost=1 audit_rate_limit=0 audit_backlog_limit=64
01-06 09:59:25.584     0     0 E [6 T458   ..] audit: backlog limit exceeded
01-06 09:59:25.584     0     0 W [6 T458   ..] audit: audit_backlog=65 > audit_backlog_limit=64
01-06 09:59:25.584     0     0 W [6 T458   ..] audit: audit_lost=2 audit_rate_limit=0 audit_backlog_limit=64
01-06 09:59:25.584     0     0 E [6 T458   ..] audit: backlog limit exceeded
01-06 09:59:25.585     0     0 W [6 T458   ..] audit: audit_backlog=65 > audit_backlog_limit=64
01-06 09:59:25.585     0     0 W [6 T458   ..] audit: audit_lost=3 audit_rate_limit=0 audit_backlog_limit=64
01-06 09:59:25.589   458   458 I odrefresh: ART APEX version 330400000
01-06 09:59:25.589   458   458 I odrefresh: Factory ART APEX mounted.
01-06 09:59:25.589   458   458 I odrefresh: System properties are set to default values.
01-06 09:59:25.590   458   458 I odrefresh: Factory ART APEX mounted.
01-06 09:59:25.590   458   458 I odrefresh: System properties are set to default values.
01-06 09:59:25.592   458   458 I odrefresh: Factory APEXes mounted.
01-06 09:59:25.592   458   458 I odrefresh: System properties are set to default values.
01-06 09:59:25.604   456   456 I odsign  : Metrics report is empty
01-06 09:59:25.604   456   456 I odsign  : /data/misc/odsign/odsign.info not found.
01-06 09:59:25.606   456   456 I odsign  : odrefresh said artifacts are VALID
01-06 09:59:25.606   456   456 I odsign  : On-device signing done.
01-06 09:59:25.624   356   396 I keystore2: keystore2::super_key: keystore.boot_level 1000000000 hits maximum 1000000000, finishing.
01-06 09:59:25.672     0     0 I [0 T461   ..] apexd: Snapshot DE subcommand detected
01-06 09:59:25.674     0     0 I [0 T461   ..] apexd: Marking APEXd as ready
01-06 09:59:25.829     0     0 W         : [3 T190   ..] [ADLAK WARN] adlak_platform_get_resource() Failed to get adla_axi_clk
01-06 09:59:25.829     0     0 W         : [3 T190   ..]
01-06 09:59:25.829     0     0 W         : [3 T190   ..] ADLA KMD nn_adj_vol = 1, nn_package_id = 1, nn_efuse_type = 2
01-06 09:59:25.829     0     0 W         : [3 T190   ..] adla kmd version: 1.2.0.6
01-06 09:59:25.829     0     0 W         : [3 T190   ..] adlak_core clk requirement of 800000000 Hz,and real val is 799999988 Hz.
01-06 09:59:25.840     0     0 W         : [4 T190   ..] [ADLAK WARN] adlak_os_thread_create() kthread bind on cpu1
01-06 09:59:25.840     0     0 W         : [4 T190   ..]
01-06 09:59:25.932     0     0 I [0 T1     ..] selinux: SELinux: Skipping restorecon on directory(/data/dalvik-cache/arm)
01-06 09:59:25.932     0     0 I [0 T1     ..] selinux:  
01-06 09:59:25.939     0     0 I [7 T1     ..] selinux: SELinux: Skipping restorecon on directory(/data/dalvik-cache/arm64)
01-06 09:59:25.939     0     0 I [7 T1     ..] selinux:  
01-06 09:59:25.939     0     0 E [7 T1     ..] selinux: SELinux:  Could not stat /data/dalvik-cache/mips: No such file or directory.
01-06 09:59:25.940     0     0 E [7 T1     ..] selinux:  
01-06 09:59:26.561     0     0 W [0 T190   ..] init: Top-level directory needs encryption action, eg mkdir /data/media <mode> <uid> <gid> encryption=Require
01-06 09:59:26.561     0     0 I [0 T190   ..] init: Not setting encryption policy on: /data/media
01-06 09:59:26.585     0     0 E [0 T1     ..] WARNING: Unprivileged eBPF is enabled, data leaks possible via Spectre v2 BHB attacks!
01-06 09:59:26.625     0     0 D [1 T493   ..] LibBpfLoader: Loading optional ELF object /apex/com.android.tethering/etc/bpf/test.o with license Apache 2.0
01-06 09:59:26.626     0     0 I [1 T493   ..] LibBpfLoader: Section bpfloader_min_ver value is 2 [0x2]
01-06 09:59:26.626     0     0 I [1 T493   ..] LibBpfLoader: Section bpfloader_max_ver value is 65536 [0x10000]
01-06 09:59:26.626     0     0 I [1 T493   ..] LibBpfLoader: Section size_of_bpf_map_def value is 116 [0x74]
01-06 09:59:26.626     0     0 I [1 T493   ..] LibBpfLoader: Section size_of_bpf_prog_def value is 92 [0x5c]
01-06 09:59:26.626     0     0 I [1 T493   ..] LibBpfLoader: BpfLoader version 0x00013 processing ELF object /apex/com.android.tethering/etc/bpf/test.o with ver [0x00002,0x10000)
01-06 09:59:26.627     0     0 D [1 T493   ..] LibBpfLoader: Loaded code section 3 (xdp_drop_ipv4_udp_ether)
01-06 09:59:26.628     0     0 D [1 T493   ..] LibBpfLoader: Adding section 3 to cs list
01-06 09:59:26.629     0     0 I [7 T494   ..] update_verifier: Started with arg 1: nonencrypted
01-06 09:59:26.629     0     0 D [1 T493   ..] LibBpfLoader: Couldn't find section btf_min_bpfloader_ver (defaulting to 0 [0x0]).
01-06 09:59:26.629     0     0 D [1 T493   ..] LibBpfLoader: Couldn't find section btf_min_kernel_ver (defaulting to 0 [0x0]).
01-06 09:59:26.631     0     0 I [0 T20    ..] [debug]: ramoops_io_dump=0, buffer=ffffffc00842f000 ftrace_old_log=0000000000000000, size=0, reboot_mode=normal
01-06 09:59:26.632     0     0 I [7 T494   ..] update_verifier: Booting slot 0: isSlotMarkedSuccessful=1
01-06 09:59:26.632     0     0 I [7 T494   ..] update_verifier: Leaving update_verifier.
01-06 09:59:26.718     0     0 I         : [3 T190   ..] Mass Storage Function, version: 2009/09/11
01-06 09:59:26.718     0     0 I [3 T190   ..] LUN: removable file: (no medium)
01-06 09:59:26.720     0     0 I         : [1 T190   ..] file system registered
01-06 09:59:26.723     0     0 W         : [3 T190   ..] using random self ethernet address
01-06 09:59:26.723     0     0 W         : [3 T190   ..] using random host ethernet address
01-06 09:59:26.893     0     0 W         : [6 T190   ..] T7 doesn't support hcodec avc encoder!!
01-06 09:59:27.069     0     0 I         : [6 T190   ..] aml-vcodec-dec vcodec_dec: v4ldec registered as /dev/video26
01-06 09:59:27.083     0     0 E         : [3 T190   ..] register_amlogic_afbc_dec_fun
01-06 09:59:27.137     0     0 I         : [6 T190   ..] Registered frame rate driver success.
01-06 09:59:27.366     0     0 W [2 T515   ..] healthd: No battery devices found
01-06 09:59:27.369     0     0 W [2 T515   ..] healthd: battery none chg=
01-06 09:59:27.377     0     0 E [2 T190   ..] map_store: rm default
01-06 09:59:27.378     0     0 E [3 T190   ..] map_store: add default decoder ppmgr deinterlace amvideo
01-06 09:59:27.379     0     0 I [1 T190   ..] [snd-soc]: drc high cut scale set to 0%
01-06 09:59:27.380     0     0 I [3 T190   ..] [snd-soc]: drc low boost scale set to 0%
01-06 09:59:27.381     0     0 I [0 T190   ..] [snd-soc]: drc mode set to RF
01-06 09:59:27.455     0     0 I [5 T546   ..] [pm]: early_suspend_state=0
01-06 09:59:27.482   540   540 I gsid    : no DSU: No such file or directory
01-06 09:59:27.747     0     0 I         : [0 T459   ..] [TEE] M/TA: gatekeeper_messages: 412: Amlogic GATEKEEPER! Build Time: Mar 20 2023 15:26:51 version: 6030636 TDK: ab02024
01-06 09:59:27.747     0     0 I         : [0 T459   ..] [TEE] I/TA:
01-06 09:59:27.747     0     0 I         : [0 T459   ..] [TEE] MM-module-name:Youtube TA,Version:1.0.6-gd116617(build:7738)
01-06 09:59:27.777     0     0 I         : [0 T504   ..] vdin0 req vs irq 83
01-06 09:59:27.777     0     0 I         : [0 T504   ..] vdin0 req meta_wr_done_irq
01-06 09:59:27.787     0     0 I [0 T504   ..] [efuse-unifykey]: already inited!
01-06 09:59:27.787     0     0 E [0 T504   ..] [efuse-unifykey]: could not found key hdcp22_rx_fw
01-06 09:59:27.788     0     0 E [0 T504   ..] [efuse-unifykey]: please set key name first, exist_show:751
01-06 09:59:27.789     0     0 I [0 T504   ..] [efuse-unifykey]: already inited!
01-06 09:59:27.789     0     0 E [0 T504   ..] [efuse-unifykey]: could not found key hdcp14_rx
01-06 09:59:27.810     0     0 I [0 T504   ..] [efuse-unifykey]: already inited!
01-06 09:59:27.810     0     0 E [0 T504   ..] [efuse-unifykey]: could not found key hdcp22_rx_fw
01-06 09:59:27.810     0     0 E [0 T504   ..] [efuse-unifykey]: please set key name first, exist_show:751
01-06 09:59:27.826     0     0 I         : [3 T504   ..] vt session 504-0 create
01-06 09:59:27.871     0     0 I         : [1 T514   ..] drm_hdmitx_get_vrr_cap not support vrr
01-06 09:59:27.871     0     0 I         : [1 T514   ..] drm_hdmitx_get_rx_hdcp_cap rx hdcp [1]
01-06 09:59:27.871     0     0 I         : [1 T514   ..] drm_hdmitx_get_rx_hdcp_cap rx hdcp [1]
01-06 09:59:28.056   526   526 I android.hardware.wifi@1.0-service.droidlogic: Wifi Hal is booting up...
01-06 09:59:28.109   526   526 I HidlServiceManagement: Registered android.hardware.wifi@1.6::IWifi/default
01-06 09:59:28.157     0     0 W [3 T493   ..] printk: bpfloader: 1679 output lines suppressed due to ratelimiting
01-06 09:59:28.273     0     0 E [3 T192   ..] selinux: SELinux: Could not set context for /sys/devices/virtual/net/ipsec_test/uevent:  No such file or directory
01-06 09:59:28.274     0     0 E [3 T192   ..] selinux:  
01-06 09:59:28.274     0     0 E [3 T192   ..] selinux: SELinux: Could not set context for /sys/devices/virtual/net/ipsec_test/carrier_changes:  No such file or directory
01-06 09:59:28.276     0     0 E [3 T192   ..] selinux:  
01-06 09:59:28.276     0     0 E [3 T192   ..] selinux: SELinux: Could not set context for /sys/devices/virtual/net/ipsec_test/testing:  No such file or directory
01-06 09:59:28.278     0     0 E [3 T192   ..] selinux:  
01-06 09:59:28.278     0     0 E [3 T192   ..] selinux: SELinux: Could not set context for /sys/devices/virtual/net/ipsec_test/carrier:  No such file or directory
01-06 09:59:28.280     0     0 E [3 T192   ..] selinux:  
01-06 09:59:28.280     0     0 E [3 T192   ..] selinux: SELinux: Could not set context for /sys/devices/virtual/net/ipsec_test/dev_id:  No such file or directory
01-06 09:59:28.282     0     0 E [3 T192   ..] selinux:  
01-06 09:59:28.375   609   609 I installd: installd firing up
01-06 09:59:28.418     0     0 I [3 T504   ..] dim: load 0x400 pq len 168 later.
01-06 09:59:28.500   621   621 W storaged: health: invalid battery status
01-06 09:59:28.526     0     0 E [7 T1     ..] init: Control message: Could not find 'vendor.amlogic.hardware.tvserver@1.0::ITvServer/default' for ctl.interface_start from pid: 315 (/system/bin/hwservicemanager)
01-06 09:59:28.539   622   622 I wificond: wificond is starting up...
01-06 09:59:28.543   622   622 I HidlServiceManagement: Registered android.system.wifi.keystore@1.0::IKeystore/default
01-06 09:59:28.632     0     0 I [0 T504   ..] dim: load 0x1000 pq len 17 later.
01-06 09:59:28.632     0     0 I [0 T504   ..] dim: load 0x2000 pq len 32 later.
01-06 09:59:28.707     0     0 E [4 T1     ..] init: Control message: Could not find 'vendor.amlogic.hardware.tvserver@1.0::ITvServer/default' for ctl.interface_start from pid: 315 (/system/bin/hwservicemanager)
01-06 09:59:28.709     0     0 E [4 T1     ..] init: Control message: Could not find 'aidl/package_native' for ctl.interface_start from pid: 314 (/system/bin/servicemanager)
01-06 09:59:28.771     0     0 I         : [0 T431   ..] [TEE] E/TA:   MM-module-name:Video firmware TA,Version:1.0.5-g3604ffd(build:6514)
01-06 09:59:28.771     0     0 I         : [0 T431   ..] [TEE] E/TA:   fw_check_pack_version:292 the package has 15 fws totally.
01-06 09:59:28.771     0     0 I         : [0 T431   ..] [TEE] E/TA:   fw_check_pack_version:309 The TA ver is v1.0
01-06 09:59:28.771     0     0 I         : [0 T431   ..] [TEE] E/TA:   fw_check_pack_version:310 The fw ver is v0.4
01-06 09:59:28.771     0     0 I         : [0 T431   ..] [TEE] E/TA:   fw_data_insert:389 the fw with 332 KB will be loaded.
01-06 09:59:28.771     0     0 I         : [0 T431   ..] [TEE] M/TA: TEE_Video_Load_FW success
01-06 09:59:28.771     0     0 I         : [0 T431   ..] [TEE] E/TA:   OPTEE_PlatformInit:47
01-06 09:59:28.771     0     0 I         : [0 T431   ..] [TEE] MM-module-name:Widevine TA,Version:17.1-r1.14-ga3ab5eb-p1(build:1509)
01-06 09:59:28.771     0     0 I         : [0 T431   ..] [TEE] E/TA:   OPTEE_MigrateGenerationNumPersistentData:399 migrate read GenerationNum from reefs error. NOT ERROR
01-06 09:59:28.771     0     0 I         : [0 T431   ..] [TEE] I/TA: TA_CloseSessionEntryPoint
01-06 09:59:28.771     0     0 I         : [0 T431   ..] [TEE] M/TA: [PROVISION-TA] the same key [0x11 WIDEVINE_KEY] already exists
01-06 09:59:28.908     0     0 E [0 T1     ..] init: Control message: Could not find 'vendor.amlogic.hardware.tvserver@1.0::ITvServer/default' for ctl.interface_start from pid: 315 (/system/bin/hwservicemanager)
01-06 09:59:28.999     0     0 I         : [3 T678   ..] read descriptors
01-06 09:59:28.999     0     0 I         : [3 T678   ..] read strings
01-06 09:59:29.110     0     0 E [5 T1     ..] init: Control message: Could not find 'vendor.amlogic.hardware.tvserver@1.0::ITvServer/default' for ctl.interface_start from pid: 315 (/system/bin/hwservicemanager)
01-06 09:59:29.225     0     0 I         : [0 T687   ..] tee load hdcp key ready
01-06 09:59:29.225     0     0 I         : [0 T687   ..] hdmi ready but hdcp not enabled, enable now
01-06 09:59:29.237     0     0 I [1 T27    ..] hdmitx: rd[0x000a] 0x00
01-06 09:59:29.291     0     0 I [0 T20    ..] android_work: sent uevent USB_STATE=CONNECTED
01-06 09:59:29.311     0     0 E [3 T1     ..] init: Control message: Could not find 'vendor.amlogic.hardware.tvserver@1.0::ITvServer/default' for ctl.interface_start from pid: 315 (/system/bin/hwservicemanager)
01-06 09:59:29.367     0     0 E [1 T1     ..] init: Control message: Could not find 'aidl/android.hardware.graphics.composer3.IComposer/default' for ctl.interface_start from pid: 314 (/system/bin/servicemanager)
01-06 09:59:29.369     0     0 I [0 T20    ..] android_work: sent uevent USB_STATE=CONFIGURED
01-06 09:59:29.452     0     0 I [0 T184   ..] hdmitx: rd[0x062b] 0x4c
01-06 09:59:29.452     0     0 I [0 T184   ..] hdmitx: rd[0x062c] 0x4c
01-06 09:59:29.452     0     0 I [0 T184   ..] hdmitx: rd[0x062d] 0xfc
01-06 09:59:29.452     0     0 I [0 T184   ..] hdmitx: rd[0x062e] 0xe5
01-06 09:59:29.452     0     0 I [0 T184   ..] hdmitx: rd[0x062f] 0xa2
01-06 09:59:29.452     0     0 I [0 T20    ..] cec: [hdmitx_notify_callback] unsupported notify:4
01-06 09:59:29.487     0     0 I [0 T118   ..] hdcptx: 1  auth: 1
01-06 09:59:29.487     0     0 I [2 T504   ..] dim: load 0x200 pq len 25 later.
01-06 09:59:29.503     0     0 I [3 T504   ..] dim: load 0x800 pq len 103 later.
01-06 09:59:29.513     0     0 E [5 T1     ..] init: Control message: Could not find 'vendor.amlogic.hardware.tvserver@1.0::ITvServer/default' for ctl.interface_start from pid: 315 (/system/bin/hwservicemanager)
01-06 09:59:29.521     0     0 D         : [4 T653   ..] caamkeys_ioctl(cmd=3221813249)
01-06 09:59:29.601     0     0 I         : [5 T504   ..] aad argp = 00000000a6c65581	db_o_bl_cv.length=13 mem_size=52
01-06 09:59:29.601     0     0 I         : [5 T504   ..] db_o_bl_cv control db_cabc_aad_param_s success
01-06 09:59:29.601     0     0 I         : [5 T504   ..] db_maxbin_bl_cv control db_cabc_aad_param_s success
01-06 09:59:29.602     0     0 I         : [5 T504   ..] db_LUT_RG_gain control db_cabc_aad_param_s success
01-06 09:59:29.602     0     0 I         : [5 T504   ..] db_LUT_RG_gain control db_cabc_aad_param_s success
01-06 09:59:29.602     0     0 I         : [5 T504   ..] db_LUT_BG_gain control db_cabc_aad_param_s success
01-06 09:59:29.602     0     0 I         : [5 T504   ..] db_gain_lut control db_cabc_aad_param_s success
01-06 09:59:29.602     0     0 I         : [5 T504   ..] db_xy_lut control db_cabc_aad_param_s success
01-06 09:59:29.693     0     0 I         : [2 T514   ..] video_composer_open iminor(inode) =0
01-06 09:59:29.693     0     0 I [2 T514   ..] vc: [0]vd_render_index_get: render_index is 0.
01-06 09:59:29.694     0     0 I [2 T514   ..] vc: [0]get capability: min 64 64; max 4096 2160
01-06 09:59:29.694     0     0 I         : [2 T514   ..] video_composer_open iminor(inode) =1
01-06 09:59:29.694     0     0 I [2 T514   ..] vc: [1]vd_render_index_get: render_index is 5.
01-06 09:59:29.694     0     0 I [2 T514   ..] vc: [1]get capability: min 64 64; max 4096 2160
01-06 09:59:29.694     0     0 I         : [2 T514   ..] video_composer_open iminor(inode) =2
01-06 09:59:29.694     0     0 I [2 T514   ..] vc: [2]vd_render_index_get: render_index is 2.
01-06 09:59:29.695     0     0 I [2 T514   ..] vc: [2]get capability: min 64 64; max 4096 2160
01-06 09:59:29.696     0     0 I         : [2 T514   ..] drm_hdmitx_get_vrr_cap not support vrr
01-06 09:59:29.697     0     0 I         : [2 T514   ..] drm_hdmitx_get_rx_hdcp_cap rx hdcp [1]
01-06 09:59:29.697     0     0 I         : [2 T514   ..] drm_hdmitx_get_rx_hdcp_cap rx hdcp [1]
01-06 09:59:29.698     0     0 I         : [2 T514   ..] drm_hdmitx_get_vrr_cap not support vrr
01-06 09:59:29.698     0     0 I         : [2 T514   ..] drm_hdmitx_get_rx_hdcp_cap rx hdcp [1]
01-06 09:59:29.698     0     0 I         : [2 T514   ..] drm_hdmitx_get_rx_hdcp_cap rx hdcp [1]
01-06 09:59:29.701     0     0 I [2 T514   ..] vc: [0]get capability: min 64 64; max 4096 2160
01-06 09:59:29.701     0     0 I [2 T514   ..] vc: [2]get capability: min 64 64; max 4096 2160
01-06 09:59:29.709     0     0 E [6 T1     ..] init: Control message: Could not find 'aidl/package_native' for ctl.interface_start from pid: 314 (/system/bin/servicemanager)
01-06 09:59:29.714     0     0 E [5 T1     ..] init: Control message: Could not find 'vendor.amlogic.hardware.tvserver@1.0::ITvServer/default' for ctl.interface_start from pid: 315 (/system/bin/hwservicemanager)
01-06 09:59:29.726     0     0 I         : [3 T504   ..] avmute_store 1
01-06 09:59:29.795     0     0 I         : [0 T667   ..] [TEE] M/TA: [PROVISION-TA] the same key [0x31 HDCP_TX14_KEY] already exists
01-06 09:59:29.795     0     0 I         : [0 T667   ..] [TEE] M/TA: [PROVISION-TA] the same key [0x33 HDCP_RX14_KEY] already exists
01-06 09:59:29.795     0     0 I         : [0 T667   ..] [TEE] M/TA: [PROVISION-TA] the same key [0x32 HDCP_TX22_KEY] already exists
01-06 09:59:29.795     0     0 I         : [0 T667   ..] [TEE] M/TA: [PROVISION-TA] the same key [0x36 HDCP_RX22_FW_PRIVATE] already exists
01-06 09:59:29.795     0     0 I         : [0 T667   ..] [TEE] E/TA:   cmd_hdcp_read_key:951 [HDCP-TA] cmd_hdcp_read_key: hdcp_read_key(hdcp_rx22_fw.bin) failed, ret = 0xffff0008
01-06 09:59:29.923     0     0 I [1 T533   ..] [efuse-unifykey]: already inited!
01-06 09:59:29.923     0     0 E [1 T533   ..] [efuse-unifykey]: could not found key hdcp14_rx
01-06 09:59:29.944     0     0 I [7 T533   ..] cec: port_seq:4123
01-06 09:59:29.952     0     0 W         : [5 T533   ..] [RX]-EDID size1 =1536
01-06 09:59:29.952     0     0 W         : [5 T533   ..] [RX]-EDID size2 =1536
01-06 09:59:29.952     0     0 W [5 T533   ..] [RX]-HDMIRX: fill edid buf, size 1536
01-06 09:59:29.953     0     0 W         : [2 T533   ..] [RX]-edid select for UI HDMI4~1: 0x1111, for portD~A: 0x1111
01-06 09:59:29.953     0     0 W         : [2 T533   ..] [RX]-set vrr_func_en to: 0
01-06 09:59:29.953     0     0 W         : [2 T533   ..] [RX]-no this data blk in edid
01-06 09:59:29.953     0     0 W         : [2 T533   ..] [RX]-no this data blk in edid
01-06 09:59:29.955     0     0 W         : [2 T533   ..] [RX]-no this data blk in edid
01-06 09:59:29.955     0     0 W         : [2 T533   ..] [RX]-no this data blk in edid
01-06 09:59:29.957     0     0 W         : [2 T533   ..] [RX]-no this data blk in edid
01-06 09:59:29.957     0     0 W         : [2 T533   ..] [RX]-no this data blk in edid
01-06 09:59:29.959     0     0 W         : [2 T533   ..] [RX]-hdmirx_hw_config port:0
01-06 09:59:29.959     0     0 W         : [2 T533   ..] [RX]-force_fsm_init
01-06 09:59:29.959     0     0 W         : [2 T533   ..] [RX]-no this data blk in edid
01-06 09:59:29.959     0     0 W         : [2 T533   ..] [RX]-no this data blk in edid
01-06 09:59:29.961     0     0 W         : [2 T533   ..] [RX]-no this data blk in edid
01-06 09:59:29.961     0     0 W         : [2 T533   ..] [RX]-no this data blk in edid
01-06 09:59:29.963     0     0 W         : [2 T533   ..] [RX]-no this data blk in edid
01-06 09:59:29.963     0     0 W         : [2 T533   ..] [RX]-no this data blk in edid
01-06 09:59:29.965     0     0 W         : [2 T533   ..] [RX]-hdmirx_hw_config port:1
01-06 09:59:29.965     0     0 W         : [2 T533   ..] [RX]-force_fsm_init
01-06 09:59:29.965     0     0 W         : [2 T533   ..] [RX]-no this data blk in edid
01-06 09:59:29.965     0     0 W         : [2 T533   ..] [RX]-no this data blk in edid
01-06 09:59:29.967     0     0 W         : [2 T533   ..] [RX]-no this data blk in edid
01-06 09:59:29.967     0     0 W         : [2 T533   ..] [RX]-no this data blk in edid
01-06 09:59:29.969     0     0 W         : [2 T533   ..] [RX]-no this data blk in edid
01-06 09:59:29.969     0     0 W         : [2 T533   ..] [RX]-no this data blk in edid
01-06 09:59:29.971     0     0 W         : [2 T533   ..] [RX]-hdmirx_hw_config port:2
01-06 09:59:29.971     0     0 W         : [2 T533   ..] [RX]-force_fsm_init
01-06 09:59:29.971     0     0 W         : [2 T533   ..] [RX]-no this data blk in edid
01-06 09:59:29.971     0     0 W         : [2 T533   ..] [RX]-no this data blk in edid
01-06 09:59:29.973     0     0 W         : [2 T533   ..] [RX]-no this data blk in edid
01-06 09:59:29.973     0     0 W         : [2 T533   ..] [RX]-no this data blk in edid
01-06 09:59:29.975     0     0 W         : [2 T533   ..] [RX]-no this data blk in edid
01-06 09:59:29.975     0     0 W         : [2 T533   ..] [RX]-no this data blk in edid
01-06 09:59:29.977     0     0 W         : [2 T533   ..] [RX]-hdmirx_hw_config port:3
01-06 09:59:29.977     0     0 W         : [2 T533   ..] [RX]-force_fsm_init
01-06 09:59:29.977     0     0 W         : [2 T533   ..] [RX]-*update edid*
01-06 09:59:29.991     0     0 I         : [4 T504   ..] avmute_store -1
01-06 09:59:30.357   805   818 D BootAnimation: BootAnimation::threadLoop
01-06 09:59:30.358   805   818 D BootAnimation: bootVideoProp=50, mConfig=0, mVol=50, mMute=0
01-06 09:59:30.397   805   818 D BootAnimation: BootAnimationShownTiming start time: 13977ms
01-06 09:59:30.512     0     0 I         : [2 T143   ..] free_reserved_mem 293 logo start_addr=3f800000, end=40000000
01-06 09:59:30.514     0     0 I [2 T143   ..] [memory-debug]: Freeing fb-memory memory: 8192K
01-06 09:59:30.514     0     0 I         : [2 T143   ..] [drm] am_meson_free_logo_memory, free none_cma memory: addr:0x0x000000003f800000,size:0x800000
01-06 09:59:30.520   499   499 V Zygote32Timing: PostZygoteInitGC took to complete: 26ms
01-06 09:59:30.520   499   499 V Zygote32Timing: ZygoteInit took to complete: 56ms
01-06 09:59:30.651   497   497 V Zygote64Timing: BeginPreload took to complete: 160ms
01-06 09:59:32.153   497   497 V Zygote64Timing: PreloadClasses took to complete: 1502ms
01-06 09:59:32.174   497   497 V Zygote64Timing: CacheNonBootClasspathClassLoaders took to complete: 20ms
01-06 09:59:32.222   497   497 V Zygote64Timing: PreloadResources took to complete: 49ms
01-06 09:59:32.309   497   497 V Zygote64Timing: ZygotePreload took to complete: 1818ms
01-06 09:59:32.427   497   497 V Zygote64Timing: PostZygoteInitGC took to complete: 118ms
01-06 09:59:32.427   497   497 V Zygote64Timing: ZygoteInit took to complete: 1963ms
01-06 09:59:33.463   952   952 D SystemServerTiming: InitBeforeStartServices
01-06 09:59:33.469   952   952 I SystemServer: Entered the Android system server!
01-06 09:59:33.529   621   621 E storaged: getService package_native failed
01-06 09:59:33.533   621   969 I storaged: storaged: Start
01-06 09:59:33.715     0     0 E [6 T1     ..] init: Control message: Could not find 'aidl/package_native' for ctl.interface_start from pid: 314 (/system/bin/servicemanager)
01-06 09:59:33.947   952   952 I SystemServerInitThreadPool: Creating instance with 8 threads
01-06 09:59:34.337     0     0 W [3 T974   d.] audit_log_start: 202 callbacks suppressed
01-06 09:59:34.337     0     0 W [3 T974   ..] audit: audit_backlog=65 > audit_backlog_limit=64
01-06 09:59:34.337     0     0 W [3 T974   ..] audit: audit_lost=71 audit_rate_limit=0 audit_backlog_limit=64
01-06 09:59:34.337     0     0 E [3 T974   ..] audit: backlog limit exceeded
01-06 09:59:34.337     0     0 W [3 T974   ..] audit: audit_backlog=65 > audit_backlog_limit=64
01-06 09:59:34.337     0     0 W [3 T974   ..] audit: audit_lost=72 audit_rate_limit=0 audit_backlog_limit=64
01-06 09:59:34.337     0     0 E [3 T974   ..] audit: backlog limit exceeded
01-06 09:59:34.338     0     0 W [3 T974   ..] audit: audit_backlog=65 > audit_backlog_limit=64
01-06 09:59:34.338     0     0 W [3 T974   ..] audit: audit_lost=73 audit_rate_limit=0 audit_backlog_limit=64
01-06 09:59:34.338     0     0 E [3 T974   ..] audit: backlog limit exceeded
01-06 09:59:34.339     0     0 W [3 T974   ..] audit: audit_backlog=65 > audit_backlog_limit=64
01-06 09:59:34.482   952   952 V SystemServerTiming: InitBeforeStartServices took to complete: 1018ms
01-06 09:59:34.482   952   952 D SystemServerTiming: StartServices
01-06 09:59:34.482   952   952 D SystemServerTiming: startBootstrapServices
01-06 09:59:34.482   952   952 D SystemServerTiming: StartWatchdog
01-06 09:59:34.492   952   952 V SystemServerTiming: StartWatchdog took to complete: 10ms
01-06 09:59:34.492   952   952 I SystemServer: Reading configuration...
01-06 09:59:34.492   952   952 D SystemServerTiming: ReadingSystemConfig
01-06 09:59:34.493   952   952 V SystemServerTiming: ReadingSystemConfig took to complete: 1ms
01-06 09:59:34.493   952   952 D SystemServerTiming: PlatformCompat
01-06 09:59:34.494   952   985 D SystemServerTimingAsync: InitThreadPoolExec:ReadingSystemConfig
01-06 09:59:34.494   952   985 D SystemServerInitThreadPool: Started executing ReadingSystemConfig
01-06 09:59:34.494   952   952 D CompatConfig: Found a config file: /system/etc/compatconfig/TeleService-platform-compat-config.xml
01-06 09:59:34.495   952   952 D CompatConfig: Adding: com.android.server.compat.config.Change@3990be0
01-06 09:59:34.496   952   952 D CompatConfig: Adding: com.android.server.compat.config.Change@9087e99
01-06 09:59:34.496   952   952 D CompatConfig: Adding: com.android.server.compat.config.Change@286b55e
01-06 09:59:34.496   952   952 D CompatConfig: Adding: com.android.server.compat.config.Change@3520d3f
01-06 09:59:34.496   952   952 D CompatConfig: Adding: com.android.server.compat.config.Change@7b3060c
01-06 09:59:34.496   952   952 D CompatConfig: Adding: com.android.server.compat.config.Change@c596b55
01-06 09:59:34.496   952   985 I SystemConfig: Reading permissions from /system/etc/sysconfig/hiddenapi-package-whitelist.xml
01-06 09:59:34.497   952   952 D CompatConfig: Found a config file: /system/etc/compatconfig/services-platform-compat-config.xml
01-06 09:59:34.500   952   952 D CompatConfig: Adding: com.android.server.compat.config.Change@59076f8
01-06 09:59:34.500   952   952 D CompatConfig: Adding: com.android.server.compat.config.Change@c9e1236
01-06 09:59:34.500   952   952 D CompatConfig: Adding: com.android.server.compat.config.Change@49e6537
01-06 09:59:34.500   952   952 D CompatConfig: Adding: com.android.server.compat.config.Change@9d20aa4
01-06 09:59:34.500   952   952 D CompatConfig: Adding: com.android.server.compat.config.Change@c84b00d
01-06 09:59:34.500   952   952 D CompatConfig: Adding: com.android.server.compat.config.Change@9311bc2
01-06 09:59:34.500   952   985 I SystemConfig: Reading permissions from /system/etc/sysconfig/netflix.xml
01-06 09:59:34.500   952   952 D CompatConfig: Adding: com.android.server.compat.config.Change@a6a1dd3
01-06 09:59:34.500   952   952 D CompatConfig: Adding: com.android.server.compat.config.Change@8772d10
01-06 09:59:34.500   952   952 D CompatConfig: Adding: com.android.server.compat.config.Change@4d94009
01-06 09:59:34.500   952   952 D CompatConfig: Adding: com.android.server.compat.config.Change@1f9320e
01-06 09:59:34.500   952   952 D CompatConfig: Adding: com.android.server.compat.config.Change@92ec42f
01-06 09:59:34.500   952   952 D CompatConfig: Adding: com.android.server.compat.config.Change@40a0a3c
01-06 09:59:34.501   952   952 D CompatConfig: Adding: com.android.server.compat.config.Change@dccd3c5
01-06 09:59:34.501   952   952 D CompatConfig: Adding: com.android.server.compat.config.Change@81a611a
01-06 09:59:34.501   952   952 D CompatConfig: Adding: com.android.server.compat.config.Change@ed744b
01-06 09:59:34.501   952   952 D CompatConfig: Adding: com.android.server.compat.config.Change@b8b8e28
01-06 09:59:34.501   952   952 D CompatConfig: Adding: com.android.server.compat.config.Change@aabe741
01-06 09:59:34.501   952   952 D CompatConfig: Adding: com.android.server.compat.config.Change@8ed74e6
01-06 09:59:34.501   952   952 D CompatConfig: Adding: com.android.server.compat.config.Change@69d0a27
01-06 09:59:34.501   952   952 D CompatConfig: Adding: com.android.server.compat.config.Change@b1f64d4
01-06 09:59:34.501   952   952 D CompatConfig: Adding: com.android.server.compat.config.Change@d0eb67d
01-06 09:59:34.501   952   952 D CompatConfig: Adding: com.android.server.compat.config.Change@c8bf972
01-06 09:59:34.501   952   952 D CompatConfig: Adding: com.android.server.compat.config.Change@dc621c3
01-06 09:59:34.501   952   952 D CompatConfig: Adding: com.android.server.compat.config.Change@b77fa40
01-06 09:59:34.501   952   952 D CompatConfig: Adding: com.android.server.compat.config.Change@dd53d79
01-06 09:59:34.501   952   952 D CompatConfig: Adding: com.android.server.compat.config.Change@11c3abe
01-06 09:59:34.501   952   952 D CompatConfig: Adding: com.android.server.compat.config.Change@fdf171f
01-06 09:59:34.501   952   952 D CompatConfig: Adding: com.android.server.compat.config.Change@c027a6c
01-06 09:59:34.501   952   952 D CompatConfig: Adding: com.android.server.compat.config.Change@9e33835
01-06 09:59:34.501   952   952 D CompatConfig: Adding: com.android.server.compat.config.Change@edd44ca
01-06 09:59:34.501   952   952 D CompatConfig: Adding: com.android.server.compat.config.Change@d68063b
01-06 09:59:34.501   952   952 D CompatConfig: Adding: com.android.server.compat.config.Change@3d2d158
01-06 09:59:34.501   952   952 D CompatConfig: Adding: com.android.server.compat.config.Change@e9c22b1
01-06 09:59:34.501   952   952 D CompatConfig: Adding: com.android.server.compat.config.Change@f2e396
01-06 09:59:34.501   952   952 D CompatConfig: Adding: com.android.server.compat.config.Change@4c6cb17
01-06 09:59:34.501   952   952 D CompatConfig: Adding: com.android.server.compat.config.Change@54fab04
01-06 09:59:34.501   952   952 D CompatConfig: Adding: com.android.server.compat.config.Change@21f38ed
01-06 09:59:34.501   952   952 D CompatConfig: Adding: com.android.server.compat.config.Change@ef1a322
01-06 09:59:34.501   952   952 D CompatConfig: Adding: com.android.server.compat.config.Change@ae301b3
01-06 09:59:34.501   952   952 D CompatConfig: Adding: com.android.server.compat.config.Change@9e7370
01-06 09:59:34.501   952   952 D CompatConfig: Adding: com.android.server.compat.config.Change@34376e9
01-06 09:59:34.501   952   952 D CompatConfig: Adding: com.android.server.compat.config.Change@32acf6e
01-06 09:59:34.501   952   952 D CompatConfig: Adding: com.android.server.compat.config.Change@182060f
01-06 09:59:34.501   952   952 D CompatConfig: Adding: com.android.server.compat.config.Change@d5398a5
01-06 09:59:34.501   952   952 D CompatConfig: Adding: com.android.server.compat.config.Change@9b8747a
01-06 09:59:34.501   952   952 D CompatConfig: Adding: com.android.server.compat.config.Change@762f42b
01-06 09:59:34.502   952   952 D CompatConfig: Adding: com.android.server.compat.config.Change@fc94088
01-06 09:59:34.502   952   952 D CompatConfig: Adding: com.android.server.compat.config.Change@b8a1a21
01-06 09:59:34.502   952   952 D CompatConfig: Adding: com.android.server.compat.config.Change@4495e46
01-06 09:59:34.502   952   952 D CompatConfig: Adding: com.android.server.compat.config.Change@e1aa807
01-06 09:59:34.502   952   952 D CompatConfig: Adding: com.android.server.compat.config.Change@cf5dd34
01-06 09:59:34.502   952   952 D CompatConfig: Adding: com.android.server.compat.config.Change@84d375d
01-06 09:59:34.502   952   952 D CompatConfig: Adding: com.android.server.compat.config.Change@ead18d2
01-06 09:59:34.502   952   952 D CompatConfig: Adding: com.android.server.compat.config.Change@1afbda3
01-06 09:59:34.502   952   952 D CompatConfig: Adding: com.android.server.compat.config.Change@2ad98a0
01-06 09:59:34.502   952   985 I SystemConfig: Reading permissions from /system/etc/sysconfig/preinstalled-packages-platform.xml
01-06 09:59:34.502   952   952 D CompatConfig: Adding: com.android.server.compat.config.Change@42aec59
01-06 09:59:34.502   952   952 D CompatConfig: Adding: com.android.server.compat.config.Change@1ff01e
01-06 09:59:34.502   952   952 D CompatConfig: Adding: com.android.server.compat.config.Change@df690ff
01-06 09:59:34.502   952   952 D CompatConfig: Adding: com.android.server.compat.config.Change@6639ecc
01-06 09:59:34.502   952   952 D CompatConfig: Adding: com.android.server.compat.config.Change@94f515
01-06 09:59:34.502   952   952 D CompatConfig: Adding: com.android.server.compat.config.Change@556f02a
01-06 09:59:34.502   952   952 D CompatConfig: Adding: com.android.server.compat.config.Change@dad3e1b
01-06 09:59:34.502   952   952 D CompatConfig: Adding: com.android.server.compat.config.Change@f91dbb8
01-06 09:59:34.503   952   952 D CompatConfig: Found a config file: /system/etc/compatconfig/calendar-provider-compat-config.xml
01-06 09:59:34.503   952   952 D CompatConfig: Adding: com.android.server.compat.config.Change@f57a0f7
01-06 09:59:34.503   952   985 I SystemConfig: Reading permissions from /system/etc/sysconfig/framework-sysconfig.xml
01-06 09:59:34.504   952   952 D CompatConfig: Found a config file: /system/etc/compatconfig/documents-ui-compat-config.xml
01-06 09:59:34.504   952   952 D CompatConfig: Adding: com.android.server.compat.config.Change@fefb1cd
01-06 09:59:34.505   952   985 I SystemConfig: Reading permissions from /system/etc/sysconfig/preinstalled-packages-com.android.providers.media.module.xml
01-06 09:59:34.505   952   952 D CompatConfig: Found a config file: /system/etc/compatconfig/contacts-provider-platform-compat-config.xml
01-06 09:59:34.506   952   952 D CompatConfig: Found a config file: /system/etc/compatconfig/framework-platform-compat-config.xml
01-06 09:59:34.506   952   985 I SystemConfig: Reading permissions from /system/etc/permissions/android.hardware.bluetooth.xml
01-06 09:59:34.507   952   985 I SystemConfig: Reading permissions from /system/etc/permissions/com.android.location.provider.xml
01-06 09:59:34.508   952   985 I SystemConfig: Reading permissions from /system/etc/permissions/android.test.runner.xml
01-06 09:59:34.508   952   952 D CompatConfig: Adding: com.android.server.compat.config.Change@37252fc
01-06 09:59:34.508   952   952 D CompatConfig: Adding: com.android.server.compat.config.Change@7de4d85
01-06 09:59:34.508   952   952 D CompatConfig: Adding: com.android.server.compat.config.Change@f23b7da
01-06 09:59:34.508   952   952 D CompatConfig: Adding: com.android.server.compat.config.Change@d5e40b
01-06 09:59:34.508   952   952 D CompatConfig: Adding: com.android.server.compat.config.Change@20fa2e8
01-06 09:59:34.508   952   952 D CompatConfig: Adding: com.android.server.compat.config.Change@bbb3d01
01-06 09:59:34.508   952   952 D CompatConfig: Adding: com.android.server.compat.config.Change@b1577a6
01-06 09:59:34.508   952   952 D CompatConfig: Adding: com.android.server.compat.config.Change@2fcb5e7
01-06 09:59:34.508   952   952 D CompatConfig: Adding: com.android.server.compat.config.Change@cb00594
01-06 09:59:34.508   952   952 D CompatConfig: Adding: com.android.server.compat.config.Change@d1da83d
01-06 09:59:34.508   952   952 D CompatConfig: Adding: com.android.server.compat.config.Change@b116832
01-06 09:59:34.508   952   952 D CompatConfig: Adding: com.android.server.compat.config.Change@cd4c983
01-06 09:59:34.508   952   952 D CompatConfig: Adding: com.android.server.compat.config.Change@a51e700
01-06 09:59:34.508   952   952 D CompatConfig: Adding: com.android.server.compat.config.Change@3418b39
01-06 09:59:34.508   952   952 D CompatConfig: Adding: com.android.server.compat.config.Change@269d57e
01-06 09:59:34.508   952   952 D CompatConfig: Adding: com.android.server.compat.config.Change@3907adf
01-06 09:59:34.508   952   952 D CompatConfig: Adding: com.android.server.compat.config.Change@16e732c
01-06 09:59:34.508   952   952 D CompatConfig: Adding: com.android.server.compat.config.Change@326a1f5
01-06 09:59:34.508   952   952 D CompatConfig: Adding: com.android.server.compat.config.Change@549cb8a
01-06 09:59:34.509   952   952 D CompatConfig: Adding: com.android.server.compat.config.Change@32be5fb
01-06 09:59:34.509   952   952 D CompatConfig: Adding: com.android.server.compat.config.Change@4e59618
01-06 09:59:34.509   952   952 D CompatConfig: Adding: com.android.server.compat.config.Change@80c6871
01-06 09:59:34.509   952   952 D CompatConfig: Adding: com.android.server.compat.config.Change@d811656
01-06 09:59:34.509   952   952 D CompatConfig: Adding: com.android.server.compat.config.Change@148e6d7
01-06 09:59:34.509   952   952 D CompatConfig: Adding: com.android.server.compat.config.Change@7ae1aad
01-06 09:59:34.509   952   952 D CompatConfig: Adding: com.android.server.compat.config.Change@1041e2
01-06 09:59:34.509   952   985 I SystemConfig: Reading permissions from /system/etc/permissions/com.android.mediadrm.signer.xml
01-06 09:59:34.509   952   952 D CompatConfig: Adding: com.android.server.compat.config.Change@1cb1973
01-06 09:59:34.509   952   952 D CompatConfig: Adding: com.android.server.compat.config.Change@72d1030
01-06 09:59:34.509   952   952 D CompatConfig: Adding: com.android.server.compat.config.Change@e3eb4a9
01-06 09:59:34.509   952   952 D CompatConfig: Adding: com.android.server.compat.config.Change@f749a2e
01-06 09:59:34.509   952   952 D CompatConfig: Adding: com.android.server.compat.config.Change@933d9cf
01-06 09:59:34.509   952   952 D CompatConfig: Adding: com.android.server.compat.config.Change@c8aff5c
01-06 09:59:34.509   952   952 D CompatConfig: Adding: com.android.server.compat.config.Change@e24f265
01-06 09:59:34.509   952   952 D CompatConfig: Adding: com.android.server.compat.config.Change@6b42b3a
01-06 09:59:34.509   952   952 D CompatConfig: Adding: com.android.server.compat.config.Change@8be43eb
01-06 09:59:34.509   952   952 D CompatConfig: Adding: com.android.server.compat.config.Change@476b548
01-06 09:59:34.509   952   952 D CompatConfig: Adding: com.android.server.compat.config.Change@f774fe1
01-06 09:59:34.509   952   952 D CompatConfig: Adding: com.android.server.compat.config.Change@929c106
01-06 09:59:34.509   952   952 D CompatConfig: Adding: com.android.server.compat.config.Change@3b33c7
01-06 09:59:34.509   952   952 D CompatConfig: Adding: com.android.server.compat.config.Change@5e5ddf4
01-06 09:59:34.509   952   952 D CompatConfig: Adding: com.android.server.compat.config.Change@b38091d
01-06 09:59:34.509   952   952 D CompatConfig: Adding: com.android.server.compat.config.Change@310e792
01-06 09:59:34.509   952   952 D CompatConfig: Adding: com.android.server.compat.config.Change@1ad4563
01-06 09:59:34.509   952   952 D CompatConfig: Adding: com.android.server.compat.config.Change@f7ce560
01-06 09:59:34.509   952   952 D CompatConfig: Adding: com.android.server.compat.config.Change@e511a19
01-06 09:59:34.509   952   952 D CompatConfig: Adding: com.android.server.compat.config.Change@6d1eade
01-06 09:59:34.509   952   952 D CompatConfig: Adding: com.android.server.compat.config.Change@2a4d4bf
01-06 09:59:34.509   952   952 D CompatConfig: Adding: com.android.server.compat.config.Change@3baf78c
01-06 09:59:34.509   952   952 D CompatConfig: Adding: com.android.server.compat.config.Change@503ed5
01-06 09:59:34.510   952   952 D CompatConfig: Adding: com.android.server.compat.config.Change@30dd6ea
01-06 09:59:34.510   952   952 D CompatConfig: Adding: com.android.server.compat.config.Change@75bfddb
01-06 09:59:34.510   952   952 D CompatConfig: Adding: com.android.server.compat.config.Change@be60078
01-06 09:59:34.510   952   952 D CompatConfig: Adding: com.android.server.compat.config.Change@9e2f351
01-06 09:59:34.510   952   952 D CompatConfig: Adding: com.android.server.compat.config.Change@d6a77b6
01-06 09:59:34.510   952   952 D CompatConfig: Adding: com.android.server.compat.config.Change@db6ac24
01-06 09:59:34.510   952   952 D CompatConfig: Adding: com.android.server.compat.config.Change@712738d
01-06 09:59:34.510   952   952 D CompatConfig: Adding: com.android.server.compat.config.Change@e1e5942
01-06 09:59:34.510   952   952 D CompatConfig: Adding: com.android.server.compat.config.Change@d2a4d53
01-06 09:59:34.510   952   952 D CompatConfig: Adding: com.android.server.compat.config.Change@fc46690
01-06 09:59:34.510   952   952 D CompatConfig: Adding: com.android.server.compat.config.Change@13fbb89
01-06 09:59:34.510   952   952 D CompatConfig: Adding: com.android.server.compat.config.Change@83cc78e
01-06 09:59:34.510   952   952 D CompatConfig: Adding: com.android.server.compat.config.Change@c826baf
01-06 09:59:34.510   952   952 D CompatConfig: Adding: com.android.server.compat.config.Change@8b15bbc
01-06 09:59:34.510   952   952 D CompatConfig: Adding: com.android.server.compat.config.Change@cdf8745
01-06 09:59:34.510   952   985 I SystemConfig: Reading permissions from /system/etc/permissions/android.software.webview.xml
01-06 09:59:34.510   952   952 D CompatConfig: Adding: com.android.server.compat.config.Change@ac1ce9a
01-06 09:59:34.510   952   952 D CompatConfig: Adding: com.android.server.compat.config.Change@69413cb
01-06 09:59:34.510   952   952 D CompatConfig: Adding: com.android.server.compat.config.Change@51677a8
01-06 09:59:34.510   952   952 D CompatConfig: Adding: com.android.server.compat.config.Change@6f652c1
01-06 09:59:34.510   952   952 D CompatConfig: Adding: com.android.server.compat.config.Change@65e3a66
01-06 09:59:34.510   952   952 D CompatConfig: Adding: com.android.server.compat.config.Change@cce21a7
01-06 09:59:34.510   952   952 D CompatConfig: Adding: com.android.server.compat.config.Change@2f6654
01-06 09:59:34.510   952   952 D CompatConfig: Adding: com.android.server.compat.config.Change@e5459fd
01-06 09:59:34.510   952   952 D CompatConfig: Adding: com.android.server.compat.config.Change@40396f2
01-06 09:59:34.510   952   952 D CompatConfig: Adding: com.android.server.compat.config.Change@eb13143
01-06 09:59:34.510   952   952 D CompatConfig: Adding: com.android.server.compat.config.Change@b4693c0
01-06 09:59:34.510   952   952 D CompatConfig: Adding: com.android.server.compat.config.Change@49198f9
01-06 09:59:34.510   952   952 D CompatConfig: Adding: com.android.server.compat.config.Change@830303e
01-06 09:59:34.510   952   952 D CompatConfig: Adding: com.android.server.compat.config.Change@92b9e9f
01-06 09:59:34.510   952   952 D CompatConfig: Adding: com.android.server.compat.config.Change@fe12bec
01-06 09:59:34.511   952   952 D CompatConfig: Adding: com.android.server.compat.config.Change@2c9cbb5
01-06 09:59:34.511   952   952 D CompatConfig: Adding: com.android.server.compat.config.Change@efb124a
01-06 09:59:34.511   952   952 D CompatConfig: Adding: com.android.server.compat.config.Change@fb585bb
01-06 09:59:34.511   952   952 D CompatConfig: Adding: com.android.server.compat.config.Change@8ab1ad8
01-06 09:59:34.511   952   952 D CompatConfig: Adding: com.android.server.compat.config.Change@e186e31
01-06 09:59:34.511   952   952 D CompatConfig: Adding: com.android.server.compat.config.Change@b2cc297
01-06 09:59:34.511   952   952 D CompatConfig: Adding: com.android.server.compat.config.Change@d230c84
01-06 09:59:34.511   952   952 D CompatConfig: Adding: com.android.server.compat.config.Change@7d4bc6d
01-06 09:59:34.511   952   952 D CompatConfig: Adding: com.android.server.compat.config.Change@4ba0a2
01-06 09:59:34.511   952   985 I SystemConfig: Reading permissions from /system/etc/permissions/privapp-permissions-platform.xml
01-06 09:59:34.511   952   952 D CompatConfig: Found a config file: /system/etc/compatconfig/icu4j-platform-compat-config.xml
01-06 09:59:34.512   952   952 D CompatConfig: Adding: com.android.server.compat.config.Change@c066cf0
01-06 09:59:34.514   952   952 D CompatConfig: No directory /system/system_ext/etc/compatconfig, skipping
01-06 09:59:34.517   952   952 D ApexManagerTiming: getActiveApexInfos_noCache
01-06 09:59:34.520   952   985 I SystemConfig: Reading permissions from /system/etc/permissions/com.android.networkstack.xml
01-06 09:59:34.521   952   985 I SystemConfig: Reading permissions from /system/etc/permissions/android.test.base.xml
01-06 09:59:34.522   952   985 I SystemConfig: Reading permissions from /system/etc/permissions/javax.obex.xml
01-06 09:59:34.524     0     0 E [2 T1     ..] init: Control message: Could not find 'aidl/device_state' for ctl.interface_start from pid: 314 (/system/bin/servicemanager)
01-06 09:59:34.523   952   985 I SystemConfig: Reading permissions from /system/etc/permissions/com.android.intentresolver.xml
01-06 09:59:34.524   952   985 I SystemConfig: Reading permissions from /system/etc/permissions/com.android.future.usb.accessory.xml
01-06 09:59:34.526   952   985 I SystemConfig: Reading permissions from /system/etc/permissions/tahoe_core_hardware.xml
01-06 09:59:34.527   952   985 I SystemConfig: Reading permissions from /system/etc/permissions/android.hardware.bluetooth_le.xml
01-06 09:59:34.528   952   985 I SystemConfig: Reading permissions from /system/etc/permissions/privapp_allowlist_com.android.providers.media.module.xml
