01-07 01:21:10.182   935   935 I SystemServiceManager: Starting com.android.server.locksettings.LockSettingsService$Lifecycle
01-07 01:21:10.193   935  1107 D SystemServerInitThreadPool: Finished executing UiModeManager.onStart
01-07 01:21:10.193   935  1107 V SystemServerTimingAsync: InitThreadPoolExec:UiModeManager.onStart took to complete: 16ms
01-07 01:21:10.206   935   935 V SystemServerTiming: StartLockSettingsService took to complete: 24ms
01-07 01:21:10.206   935   935 D SystemServerTiming: StartPersistentDataBlock
01-07 01:21:10.206   935   935 I SystemServiceManager: Starting com.android.server.PersistentDataBlockService
01-07 01:21:10.207   935   935 V SystemServerTiming: StartPersistentDataBlock took to complete: 1ms
01-07 01:21:10.207   935   935 D SystemServerTiming: StartTestHarnessMode
01-07 01:21:10.207   935   935 I SystemServiceManager: Starting com.android.server.testharness.TestHarnessModeService
01-07 01:21:10.207   935  1114 D SystemServerTimingAsync: InitThreadPoolExec:PersistentDataBlockService.onStart
01-07 01:21:10.207   935  1114 D SystemServerInitThreadPool: Started executing PersistentDataBlockService.onStart
01-07 01:21:10.207   935   935 V SystemServerTiming: StartTestHarnessMode took to complete: 0ms
01-07 01:21:10.207   935   935 D SystemServerTiming: StartOemLockService
01-07 01:21:10.207   935   935 I SystemServiceManager: Starting com.android.server.oemlock.OemLockService
01-07 01:21:10.209   935   935 I OemLock : Using vendor lock via the HAL
01-07 01:21:10.210   935   935 V SystemServerTiming: StartOemLockService took to complete: 3ms
01-07 01:21:10.210   935   935 D SystemServerTiming: StartDeviceIdleController
01-07 01:21:10.210   935   935 I SystemServiceManager: Starting com.android.server.DeviceIdleController
01-07 01:21:10.217   935   935 V SystemServerTiming: StartDeviceIdleController took to complete: 7ms
01-07 01:21:10.217   935   935 D SystemServerTiming: StartDevicePolicyManager
01-07 01:21:10.217   935   935 I SystemServiceManager: Starting com.android.server.devicepolicy.DevicePolicyManagerService$Lifecycle
01-07 01:21:10.224   935   935 V SystemServerTiming: StartDevicePolicyManager took to complete: 7ms
01-07 01:21:10.224   935   935 D SystemServerTiming: StartStatusBarManagerService
01-07 01:21:10.225   935   935 V SystemServerTiming: StartStatusBarManagerService took to complete: 1ms
01-07 01:21:10.225   935   935 D SystemServer: MusicRecognitionManagerService not defined by OEM or disabled by flag
01-07 01:21:10.226   935   935 D SystemServer: ContentCaptureService disabled because resource is not overlaid
01-07 01:21:10.226   935   935 D SystemServer: AttentionService is not configured on this device
01-07 01:21:10.226   935   935 D SystemServer: RotationResolverService is not configured on this device
01-07 01:21:10.226   935   935 D SystemServer: SystemCaptionsManagerService disabled because resource is not overlaid
01-07 01:21:10.226   935   935 D SystemServerTiming: StartTextToSpeechManagerService
01-07 01:21:10.226   935   935 I SystemServiceManager: Starting com.android.server.texttospeech.TextToSpeechManagerService
01-07 01:21:10.227   935   935 V SystemServerTiming: StartTextToSpeechManagerService took to complete: 1ms
01-07 01:21:10.228   935   935 D SystemServerTiming: StartAmbientContextService
01-07 01:21:10.228   935   935 I SystemServiceManager: Starting com.android.server.ambientcontext.AmbientContextManagerService
01-07 01:21:10.232   935   935 V SystemServerTiming: StartAmbientContextService took to complete: 4ms
01-07 01:21:10.232   935   935 D SystemServerTiming: StartSpeechRecognitionManagerService
01-07 01:21:10.235   935   935 I SystemServiceManager: Starting com.android.server.speech.SpeechRecognitionManagerService
01-07 01:21:10.237   935   935 V SystemServerTiming: StartSpeechRecognitionManagerService took to complete: 5ms
01-07 01:21:10.237   935   935 D SystemServer: AppPredictionService not defined by OEM
01-07 01:21:10.237   935   935 D SystemServer: ContentSuggestionsService not defined by OEM
01-07 01:21:10.237   935   935 D SystemServerTiming: StartSearchUiService
01-07 01:21:10.237   935   935 I SystemServiceManager: Starting com.android.server.searchui.SearchUiManagerService
01-07 01:21:10.239   935   935 V SystemServerTiming: StartSearchUiService took to complete: 2ms
01-07 01:21:10.239   935   935 D SystemServerTiming: StartSmartspaceService
01-07 01:21:10.239   935   935 I SystemServiceManager: Starting com.android.server.smartspace.SmartspaceManagerService
01-07 01:21:10.242   935   935 V SystemServerTiming: StartSmartspaceService took to complete: 3ms
01-07 01:21:10.242   935   935 D SystemServerTiming: InitConnectivityModuleConnector
01-07 01:21:10.242   935   935 D ConnectivityModuleConnector: Network stack init
01-07 01:21:10.243   935  1114 D SystemServerInitThreadPool: Finished executing PersistentDataBlockService.onStart
01-07 01:21:10.243   935  1114 V SystemServerTimingAsync: InitThreadPoolExec:PersistentDataBlockService.onStart took to complete: 36ms
01-07 01:21:10.248   935   935 V SystemServerTiming: InitConnectivityModuleConnector took to complete: 6ms
01-07 01:21:10.248   935   935 D SystemServerTiming: InitNetworkStackClient
01-07 01:21:10.250   935   935 V SystemServerTiming: InitNetworkStackClient took to complete: 2ms
01-07 01:21:10.250   935   935 D SystemServerTiming: StartNetworkManagementService
01-07 01:21:10.268   935   935 V SystemServerTiming: StartNetworkManagementService took to complete: 18ms
01-07 01:21:10.268   935   935 D SystemServerTiming: StartFontManagerService
01-07 01:21:10.421   935   935 V SystemServerTiming: StartFontManagerService took to complete: 153ms
01-07 01:21:10.421   935   935 D SystemServerTiming: StartTextServicesManager
01-07 01:21:10.421   935   935 I SystemServiceManager: Starting com.android.server.textservices.TextServicesManagerService$Lifecycle
01-07 01:21:10.422   935   935 V SystemServerTiming: StartTextServicesManager took to complete: 1ms
01-07 01:21:10.423   935   935 D SystemServerTiming: StartTextClassificationManagerService
01-07 01:21:10.423   935   935 I SystemServiceManager: Starting com.android.server.textclassifier.TextClassificationManagerService$Lifecycle
01-07 01:21:10.425   935   935 V SystemServerTiming: StartTextClassificationManagerService took to complete: 2ms
01-07 01:21:10.425   935   935 D SystemServerTiming: StartNetworkScoreService
01-07 01:21:10.425   935   935 I SystemServiceManager: Starting com.android.server.NetworkScoreService$Lifecycle
01-07 01:21:10.427   935   935 V SystemServerTiming: StartNetworkScoreService took to complete: 2ms
01-07 01:21:10.427   935   935 D SystemServerTiming: StartNetworkStatsService
01-07 01:21:10.453   935   935 I SystemServiceManager: Starting com.android.server.NetworkStatsServiceInitializer
01-07 01:21:10.490   935   935 V SystemServerTiming: StartNetworkStatsService took to complete: 63ms
01-07 01:21:10.490   935   935 D SystemServerTiming: StartNetworkPolicyManagerService
01-07 01:21:10.494   935   935 V SystemServerTiming: StartNetworkPolicyManagerService took to complete: 4ms
01-07 01:21:10.494   935   935 D SystemServerTiming: StartWifi
01-07 01:21:10.529   935   935 I SystemServiceManager: Starting com.android.server.wifi.WifiService
01-07 01:21:10.647   626   626 I wificond: New wificond event callback registered
01-07 01:21:10.651   935   935 V HistoricalRegistry: Interaction before persistence initialized
01-07 01:21:10.655   935   935 V SystemServerTiming: StartWifi took to complete: 161ms
01-07 01:21:10.655   935   935 D SystemServerTiming: StartWifiScanning
01-07 01:21:10.655   935   935 I SystemServiceManager: Starting com.android.server.wifi.scanner.WifiScanningService
01-07 01:21:10.662   935   935 V SystemServerTiming: StartWifiScanning took to complete: 7ms
01-07 01:21:10.662   935   935 D SystemServerTiming: StartWifiP2P
01-07 01:21:10.663   935   935 I SystemServiceManager: Starting com.android.server.wifi.p2p.WifiP2pService
01-07 01:21:10.669   935   935 V SystemServerTiming: StartWifiP2P took to complete: 7ms
01-07 01:21:10.669   935   935 D SystemServerTiming: StartPacProxyService
01-07 01:21:10.671   935   935 V SystemServerTiming: StartPacProxyService took to complete: 2ms
01-07 01:21:10.671   935   935 D SystemServerTiming: StartConnectivityService
01-07 01:21:10.671   935   935 I SystemServiceManager: Starting com.android.server.ConnectivityServiceInitializer
01-07 01:21:10.707   935   935 D CompatibilityChangeReporter: Compat change id reported: 182478738; UID 1000; state: ENABLED
01-07 01:21:10.738   935   935 V SystemServerTiming: StartConnectivityService took to complete: 67ms
01-07 01:21:10.738   935   935 D SystemServerTiming: StartVpnManagerService
01-07 01:21:10.741   935   935 V SystemServerTiming: StartVpnManagerService took to complete: 3ms
01-07 01:21:10.741   935   935 D SystemServerTiming: StartVcnManagementService
01-07 01:21:10.745   935   935 V SystemServerTiming: StartVcnManagementService took to complete: 4ms
01-07 01:21:10.745   935   935 D SystemServerTiming: StartSystemUpdateManagerService
01-07 01:21:10.746   935   935 I SystemUpdateManagerService: No existing info file /data/system/system-update-info.xml
01-07 01:21:10.747   935   935 V SystemServerTiming: StartSystemUpdateManagerService took to complete: 2ms
01-07 01:21:10.747   935   935 D SystemServerTiming: StartUpdateLockService
01-07 01:21:10.748   935   935 V SystemServerTiming: StartUpdateLockService took to complete: 1ms
01-07 01:21:10.748   935   935 D SystemServerTiming: StartNotificationManager
01-07 01:21:10.748   935   935 I SystemServiceManager: Starting com.android.server.notification.NotificationManagerService
01-07 01:21:10.757   935   935 D ConditionProviders.SCP: new ScheduleConditionProvider()
01-07 01:21:10.778   935   935 I NotificationAssistants: Read notification assistant permissions from xml
01-07 01:21:10.779   935   935 I ConditionProviders: Read condition provider permissions from xml
01-07 01:21:10.779   935   935 I ConditionProviders: Read condition provider permissions from xml
01-07 01:21:10.779   935   935 D NotificationAssistants: Approving default notification assistant for user 0
01-07 01:21:10.780   935   935 I ConditionProviders:  Allowing condition provider android.ext.services/android.ext.services.notification.Assistant (userSet: true)
01-07 01:21:10.789   935   935 V SystemServerTiming: StartNotificationManager took to complete: 41ms
01-07 01:21:10.789   935   935 D SystemServerTiming: StartDeviceMonitor
01-07 01:21:10.789   935   935 I SystemServiceManager: Starting com.android.server.storage.DeviceStorageMonitorService
01-07 01:21:10.790   935   935 V SystemServerTiming: StartDeviceMonitor took to complete: 1ms
01-07 01:21:10.790   935   935 D SystemServerTiming: StartLocationManagerService
01-07 01:21:10.790   935   935 I SystemServiceManager: Starting com.android.server.location.LocationManagerService$Lifecycle
01-07 01:21:10.797   935   935 V SystemServerTiming: StartLocationManagerService took to complete: 7ms
01-07 01:21:10.797   935   935 D SystemServerTiming: StartCountryDetectorService
01-07 01:21:10.798   935   935 V SystemServerTiming: StartCountryDetectorService took to complete: 1ms
01-07 01:21:10.798   935   935 D SystemServerTiming: StartTimeDetectorService
01-07 01:21:10.798   935   935 I SystemServiceManager: Starting com.android.server.timedetector.TimeDetectorService$Lifecycle
01-07 01:21:10.800   935   935 V SystemServerTiming: StartTimeDetectorService took to complete: 2ms
01-07 01:21:10.801   935   935 D SystemServerTiming: StartTimeZoneDetectorService
01-07 01:21:10.801   935   935 I SystemServiceManager: Starting com.android.server.timezonedetector.TimeZoneDetectorService$Lifecycle
01-07 01:21:10.804   935   935 V SystemServerTiming: StartTimeZoneDetectorService took to complete: 3ms
01-07 01:21:10.804   935   935 D SystemServerTiming: StartLocationTimeZoneManagerService
01-07 01:21:10.804   935   935 I SystemServiceManager: Starting com.android.server.timezonedetector.location.LocationTimeZoneManagerService$Lifecycle
01-07 01:21:10.804   935   935 D LocationTZDetector: Geo time zone detection feature is disabled in config
01-07 01:21:10.804   935   935 V SystemServerTiming: StartLocationTimeZoneManagerService took to complete: 0ms
01-07 01:21:10.804   935   935 D SystemServerTiming: StartSearchManagerService
01-07 01:21:10.804   935   935 I SystemServiceManager: Starting com.android.server.search.SearchManagerService$Lifecycle
01-07 01:21:10.805   935   935 V SystemServerTiming: StartSearchManagerService took to complete: 1ms
01-01 00:00:21.132     0     0 I [7 T451   ..] AidlLazyServiceRegistrar: Process has 1 (of 1 available) client(s) in use after notification apexservice has clients: 1
01-01 00:00:21.132     0     0 I [7 T451   ..] AidlLazyServiceRegistrar: Shutdown prevented by forcePersist override flag.
01-01 00:00:21.133     0     0 I [7 T451   ..] AidlLazyServiceRegistrar: Process has 0 (of 1 available) client(s) in use after notification apexservice has clients: 0
01-07 01:21:10.806   935   935 D SystemServerTiming: StartWallpaperManagerService
01-01 00:00:21.133     0     0 I [7 T451   ..] AidlLazyServiceRegistrar: Shutdown prevented by forcePersist override flag.
01-07 01:21:10.806   935   935 I SystemServiceManager: Starting com.android.server.wallpaper.WallpaperManagerService$Lifecycle
01-07 01:21:10.807   935   935 V SystemServerTiming: StartWallpaperManagerService took to complete: 1ms
01-07 01:21:10.807   935   935 D SystemServerTiming: StartWallpaperEffectsGenerationService
01-07 01:21:10.807   935   935 I SystemServiceManager: Starting com.android.server.wallpapereffectsgeneration.WallpaperEffectsGenerationManagerService
01-07 01:21:10.808   935   935 V SystemServerTiming: StartWallpaperEffectsGenerationService took to complete: 1ms
01-07 01:21:10.808   935   935 D SystemServerTiming: StartAudioService
01-07 01:21:10.808   935   935 I SystemServiceManager: Starting com.android.server.audio.AudioService$Lifecycle
01-07 01:21:10.850   935   935 V SystemServerTiming: StartAudioService took to complete: 42ms
01-07 01:21:10.850   935   935 D SystemServerTiming: StartSoundTriggerMiddlewareService
01-07 01:21:10.850   935   935 I SystemServiceManager: Starting com.android.server.soundtrigger_middleware.SoundTriggerMiddlewareService$Lifecycle
01-07 01:21:10.856   935   935 V SystemServerTiming: StartSoundTriggerMiddlewareService took to complete: 6ms
01-07 01:21:10.856   935   935 D SystemServerTiming: StartDockObserver
01-07 01:21:10.856   935   935 I SystemServiceManager: Starting com.android.server.DockObserver
01-07 01:21:10.856   935   935 I DockObserver: No extcon dock device found in this kernel.
01-07 01:21:10.857   935   935 V SystemServerTiming: StartDockObserver took to complete: 1ms
01-07 01:21:10.857   935   935 D SystemServerTiming: StartWiredAccessoryManager
01-07 01:21:10.858   935   935 W WiredAccessoryManager: This kernel does not have wired headset support
01-07 01:21:10.858   935   935 W WiredAccessoryManager: This kernel does not have usb audio support
01-07 01:21:10.858   935   935 W WiredAccessoryManager: This kernel does not have HDMI audio support
01-07 01:21:10.858   935   935 V SystemServerTiming: StartWiredAccessoryManager took to complete: 1ms
01-07 01:21:10.858   935   935 D SystemServerTiming: StartAdbService
01-07 01:21:10.858   935   935 I SystemServiceManager: Starting com.android.server.adb.AdbService$Lifecycle
01-07 01:21:10.859   935   935 V SystemServerTiming: StartAdbService took to complete: 1ms
01-07 01:21:10.859   935   935 D SystemServerTiming: StartUsbService
01-07 01:21:10.859   935   935 I SystemServiceManager: Starting com.android.server.usb.UsbService$Lifecycle
01-07 01:21:10.860   935   935 V SystemServerTiming: StartUsbService took to complete: 1ms
01-07 01:21:10.860   935   968 D SystemServerTimingAsync: InitThreadPoolExec:UsbService$Lifecycle#onStart
01-07 01:21:10.860   935   968 D SystemServerInitThreadPool: Started executing UsbService$Lifecycle#onStart
01-07 01:21:10.860   935   935 D SystemServerTiming: StartSerialService
01-07 01:21:10.860   935   935 V SystemServerTiming: StartSerialService took to complete: 0ms
01-07 01:21:10.860   935   935 D SystemServerTiming: StartHardwarePropertiesManagerService
01-07 01:21:10.861   935   968 I UsbDeviceManager: failed to write to /sys/class/android_usb/android0/f_rndis/ethaddr
01-07 01:21:10.864   935   935 V SystemServerTiming: StartHardwarePropertiesManagerService took to complete: 3ms
01-07 01:21:10.865   935   935 D SystemServerTiming: StartTwilightService
01-07 01:21:10.865   935   935 I SystemServiceManager: Starting com.android.server.twilight.TwilightService
01-07 01:21:10.865   935   935 V SystemServerTiming: StartTwilightService took to complete: 0ms
01-07 01:21:10.865   935   935 D SystemServerTiming: StartColorDisplay
01-07 01:21:10.865   935   935 I SystemServiceManager: Starting com.android.server.display.color.ColorDisplayService
01-07 01:21:10.867   935   935 V SystemServerTiming: StartColorDisplay took to complete: 2ms
01-07 01:21:10.867   935   935 D SystemServerTiming: StartJobScheduler
01-07 01:21:10.867   935   935 I SystemServiceManager: Starting com.android.server.job.JobSchedulerService
01-07 01:21:10.869   935   968 W StorageManagerService: No primary storage defined yet; hacking together a stub
01-01 00:00:21.194     0     0 I         : [6 T968   ..] read descriptors
01-01 00:00:21.194     0     0 I         : [6 T968   ..] read strings
01-01 00:00:21.194     0     0 I         : [6 T968   ..] read descriptors
01-01 00:00:21.194     0     0 I         : [6 T968   ..] read strings
01-07 01:21:10.871   935  1051 I UsbDeviceManager: Usb gadget hal service started android.hardware.usb.gadget@1.0::IUsbGadget default
01-07 01:21:10.871   935   935 D JobStore: Start tag: job-info
01-07 01:21:10.872   935   935 W JobStore: Periodic job for uid='10099' persisted run-time is too big [11:36:45, 17:36:45]. Clamping to [6:00:20,12:00:20]
01-07 01:21:10.873   935   968 D UsbPortManager: Querying USB HAL version
01-07 01:21:10.873   935   961 I UsbDeviceManager: processing MSG_GET_CURRENT_USB_FUNCTIONS
01-07 01:21:10.873   935   961 I UsbDeviceManager: updating mCurrentFunctions
01-07 01:21:10.873   935   961 I UsbDeviceManager: mCurrentFunctions:0applied:1
01-07 01:21:10.874   935   935 W JobStore: Periodic job for uid='10080' persisted run-time is too big [362:06:53, 722:06:53]. Clamping to [360:00:20,720:00:20]
01-07 01:21:10.874   935   935 W JobStore: Periodic job for uid='1000' persisted run-time is too big [26:06:47, 50:06:47]. Clamping to [24:00:20,48:00:20]
01-07 01:21:10.875   935   935 I JobStore: Read 5 jobs
01-07 01:21:10.877   935   968 I UsbPortManager: USB HAL HIDL present
01-07 01:21:10.879   935   935 V HistoricalRegistry: Interaction before persistence initialized
01-07 01:21:10.879   935   935 V HistoricalRegistry: Interaction before persistence initialized
01-07 01:21:10.880   935  1183 I UsbPortManager: Usb hal service started android.hardware.usb@1.0::IUsb default
01-07 01:21:10.880   935   935 W JobScheduler: !!! RTC not yet good; tracking time updates for job scheduling
01-07 01:21:10.881   935   935 V SystemServerTiming: StartJobScheduler took to complete: 14ms
01-07 01:21:10.881   935   935 D SystemServerTiming: StartSoundTrigger
01-07 01:21:10.881   935   935 I SystemServiceManager: Starting com.android.server.soundtrigger.SoundTriggerService
01-07 01:21:10.882   935   968 D UsbPortManager: getInstance done
01-07 01:21:10.884   935   935 V SystemServerTiming: StartSoundTrigger took to complete: 3ms
01-07 01:21:10.884   935   935 D SystemServerTiming: StartTrustManager
01-07 01:21:10.884   935   935 I SystemServiceManager: Starting com.android.server.trust.TrustManagerService
01-07 01:21:10.884   935   968 D SystemServerInitThreadPool: Finished executing UsbService$Lifecycle#onStart
01-07 01:21:10.884   935   968 V SystemServerTimingAsync: InitThreadPoolExec:UsbService$Lifecycle#onStart took to complete: 24ms
01-07 01:21:10.886   935   935 V SystemServerTiming: StartTrustManager took to complete: 2ms
01-07 01:21:10.886   935   935 D SystemServerTiming: StartBackupManager
01-07 01:21:10.886   935   935 I SystemServiceManager: Starting com.android.server.backup.BackupManagerService$Lifecycle
01-07 01:21:10.889   935   935 V SystemServerTiming: StartBackupManager took to complete: 3ms
01-07 01:21:10.889   935   935 D SystemServerTiming: StartAppWidgetService
01-07 01:21:10.889   935   935 I SystemServiceManager: Starting com.android.server.appwidget.AppWidgetService
01-07 01:21:10.891   935   935 V SystemServerTiming: StartAppWidgetService took to complete: 2ms
01-07 01:21:10.891   935   935 D SystemServerTiming: StartVoiceRecognitionManager
01-07 01:21:10.892   935   935 I SystemServiceManager: Starting com.android.server.voiceinteraction.VoiceInteractionManagerService
01-07 01:21:10.906   935   935 V SystemServerTiming: StartVoiceRecognitionManager took to complete: 14ms
01-07 01:21:10.906   935   935 D SystemServerTiming: StartAppHibernationService
01-07 01:21:10.906   935   935 I SystemServiceManager: Starting com.android.server.apphibernation.AppHibernationService
01-07 01:21:10.908   935   935 V SystemServerTiming: StartAppHibernationService took to complete: 2ms
01-07 01:21:10.908   935   935 D SystemServerTiming: StartGestureLauncher
01-07 01:21:10.908   935   935 I SystemServiceManager: Starting com.android.server.GestureLauncherService
01-07 01:21:10.908   935   935 V SystemServerTiming: StartGestureLauncher took to complete: 0ms
01-07 01:21:10.908   935   935 D SystemServerTiming: StartSensorNotification
01-07 01:21:10.909   935   935 I SystemServiceManager: Starting com.android.server.SensorNotificationService
01-07 01:21:10.909   935   935 V SystemServerTiming: StartSensorNotification took to complete: 0ms
01-07 01:21:10.909   935   935 D SystemServerTiming: StartDiskStatsService
01-07 01:21:10.910   935   935 D CompatibilityChangeReporter: Compat change id reported: 194532703; UID 1000; state: ENABLED
01-07 01:21:10.911   935   935 V SystemServerTiming: StartDiskStatsService took to complete: 2ms
01-07 01:21:10.911   935   935 D SystemServerTiming: RuntimeService
01-07 01:21:10.912   935   935 V SystemServerTiming: RuntimeService took to complete: 1ms
01-07 01:21:10.912   935   935 D SystemServerTiming: StartNetworkTimeUpdateService
01-07 01:21:10.913   935   935 V SystemServerTiming: StartNetworkTimeUpdateService took to complete: 1ms
01-07 01:21:10.913   935   935 D SystemServerTiming: CertBlacklister
01-07 01:21:10.914   935   935 V SystemServerTiming: CertBlacklister took to complete: 1ms
01-07 01:21:10.914   935   935 D SystemServerTiming: StartEmergencyAffordanceService
01-07 01:21:10.914   935   935 I SystemServiceManager: Starting com.android.server.emergency.EmergencyAffordanceService
01-07 01:21:10.914   935   935 V SystemServerTiming: StartEmergencyAffordanceService took to complete: 0ms
01-07 01:21:10.915   935   935 D SystemServerTiming: startBlobStoreManagerService
01-07 01:21:10.915   935   935 I SystemServiceManager: Starting com.android.server.blob.BlobStoreManagerService
01-07 01:21:10.918   935   935 V SystemServerTiming: startBlobStoreManagerService took to complete: 3ms
01-07 01:21:10.918   935   935 D SystemServerTiming: StartDreamManager
01-07 01:21:10.918   935   935 I SystemServiceManager: Starting com.android.server.dreams.DreamManagerService
01-07 01:21:10.920   935   935 V SystemServerTiming: StartDreamManager took to complete: 2ms
01-07 01:21:10.920   935   935 D SystemServerTiming: AddGraphicsStatsService
01-07 01:21:10.923   935   935 V SystemServerTiming: AddGraphicsStatsService took to complete: 3ms
01-07 01:21:10.924   935   935 D SystemServerTiming: StartAttestationVerificationService
01-07 01:21:10.924   935   935 I SystemServiceManager: Starting com.android.server.security.AttestationVerificationManagerService
01-07 01:21:10.924   935   935 D AVF     : Started
01-07 01:21:10.925   935   935 V SystemServerTiming: StartAttestationVerificationService took to complete: 1ms
01-07 01:21:10.925   935   935 D SystemServerTiming: StartRestrictionManager
01-07 01:21:10.925   935   935 I SystemServiceManager: Starting com.android.server.restrictions.RestrictionsManagerService
01-07 01:21:10.926   935   935 V SystemServerTiming: StartRestrictionManager took to complete: 1ms
01-07 01:21:10.926   935   935 D SystemServerTiming: StartMediaSessionService
01-07 01:21:10.927   935   935 I SystemServiceManager: Starting com.android.server.media.MediaSessionService
01-07 01:21:10.929   935   935 V SystemServerTiming: StartMediaSessionService took to complete: 3ms
01-07 01:21:10.930   935   935 D SystemServerTiming: StartHdmiControlService
01-07 01:21:10.931   935   935 I SystemServiceManager: Starting com.android.server.hdmi.HdmiControlService
01-07 01:21:10.935   935   935 D HdmiCecActiveness: setState inactive mState:null
01-07 01:21:10.937   935   935 D HDMI    : Getting CEC setting value 'hdmi_cec_enabled'.
01-07 01:21:10.937   935   935 D HDMI    : Reading 'hdmi_cec_enabled' shared preference.
01-07 01:21:10.937   935   935 D HDMI    : Getting CEC setting value 'volume_control_enabled'.
01-07 01:21:10.937   935   935 D HDMI    : Reading 'volume_control_enabled' shared preference.
01-07 01:21:10.945   935   935 D HDMI    : soundbar mode:true
01-07 01:21:10.949   935   935 E HDMI    : [1]:Couldn't connect to cec@1.1java.util.NoSuchElementException
01-07 01:21:10.949   935   935 W HDMI    : [1]:Couldn't get tv.cec service.
01-07 01:21:10.949   935   935 W HDMI    : [1]:Unable to use cec@1.1
01-07 01:21:10.954   935   935 I HdmiControlService: Device does not support MHL-control.
01-07 01:21:10.954   935   935 D HDMI    : Getting CEC setting value 'hdmi_cec_version'.
01-07 01:21:10.954   935   935 D HDMI    : Reading 'hdmi_cec_version' shared preference.
01-07 01:21:10.955   935   935 D HDMI    : setOption: [flag:3, enabled:true]
01-07 01:21:10.956   935   935 D HDMI    : initializeLocalDevices type 5
01-07 01:21:10.956   935   935 D HDMI    : initializeLocalDevices skipping 5 mCecAudioSystemEnabled is false
01-07 01:21:10.956   935   935 D HDMI    : initializeLocalDevices type 4
01-07 01:21:10.956   935   935 D HDMI    : initializeLocalDevices type is 4 mCecAudioSystemEnabled is false setting to 8
01-01 00:00:21.282     0     0 I [5 T522   ..] cec: CEC framework ctrl enabled
01-07 01:21:10.959   935   935 D HDMI    : Getting CEC setting value 'routing_control'.
01-07 01:21:10.959   935   935 D HDMI    : Reading 'routing_control' shared preference.
01-07 01:21:11.041   499   499 V ZygoteInitTiming_lazy: PreloadClasses took to complete: 1109ms
01-07 01:21:11.059   499   499 V ZygoteInitTiming_lazy: CacheNonBootClasspathClassLoaders took to complete: 18ms
01-01 00:00:21.432     0     0 E [6 T1     ..] init: Control message: Could not find 'aidl/clipboard' for ctl.interface_start from pid: 320 (/system/bin/servicemanager)
01-07 01:21:11.110   499   499 V ZygoteInitTiming_lazy: PreloadResources took to complete: 51ms
01-07 01:21:11.216   935  1194 D HDMI    : New logical address for device [4]: [preferred:3, assigned:3]
01-07 01:21:11.227   935   935 D HDMI    : initPortInfo port info:port_id: 3, type: HDMI_IN, address: 0x3000, cec: true, arc: false, mhl: false
01-07 01:21:11.228   935   935 D HDMI    : initPortInfo port info:port_id: 2, type: HDMI_IN, address: 0x2000, cec: true, arc: false, mhl: false
01-07 01:21:11.228   935   935 D HDMI    : initPortInfo port info:port_id: 1, type: HDMI_IN, address: 0x1000, cec: true, arc: false, mhl: false
01-07 01:21:11.228   935   935 D HDMI    : initPortInfo port info:port_id: 0, type: HDMI_OUT, address: 0x0000, cec: true, arc: true, mhl: false
01-07 01:21:11.229   935   935 I EarcController: initEarcState supported:true
01-07 01:21:11.230   935   935 D EarcController: initEarcState settings:true
01-07 01:21:11.230   935   935 D EarcController: setEarcMode true
01-07 01:21:11.232   935   935 D HDMI    : Getting CEC setting value 'system_audio_control'.
01-07 01:21:11.232   935   935 D HDMI    : Reading 'system_audio_control' shared preference.
01-07 01:21:11.232   935   935 D EarcController: initEarcState audio switch:true
01-07 01:21:11.232   935   935 D EarcController: setEarcHalSettings true
01-07 01:21:11.236   935   935 D EarcController: audioSystem get earc rx attended type hal_param_get_earcrx_attend_type=0
01-07 01:21:11.237   935   935 D HDMI    : Getting CEC setting value 'set_menu_language'.
01-07 01:21:11.237   935   935 D HDMI    : Reading 'set_menu_language' shared preference.
01-07 01:21:11.240   935   935 W SystemServiceManager: Service com.android.server.hdmi.HdmiControlService took 304 ms in onStart
01-07 01:21:11.240   935   935 V SystemServerTiming: StartHdmiControlService took to complete: 310ms
01-07 01:21:11.240   935   935 D SystemServerTiming: StartTvInteractiveAppManager
01-07 01:21:11.240   935   935 I SystemServiceManager: Starting com.android.server.tv.interactive.TvInteractiveAppManagerService
01-07 01:21:11.242   935   935 V SystemServerTiming: StartTvInteractiveAppManager took to complete: 2ms
01-07 01:21:11.242   935   935 D SystemServerTiming: StartTvInputManager
01-07 01:21:11.242   935   935 I SystemServiceManager: Starting com.android.server.tv.TvInputManagerService
01-07 01:21:11.250   935   935 V SystemServerTiming: StartTvInputManager took to complete: 8ms
01-07 01:21:11.250   935   935 D SystemServerTiming: StartTvRemoteService
01-07 01:21:11.250   935   935 I SystemServiceManager: Starting com.android.server.tv.TvRemoteService
01-07 01:21:11.251   935   935 V SystemServerTiming: StartTvRemoteService took to complete: 1ms
01-07 01:21:11.251   935   935 D SystemServerTiming: StartMediaRouterService
01-07 01:21:11.251   935   935 V HistoricalRegistry: Interaction before persistence initialized
01-07 01:21:11.253   935   935 V SystemServerTiming: StartMediaRouterService took to complete: 2ms
01-07 01:21:11.253   935   935 D SystemServerTiming: StartBiometricService
01-07 01:21:11.253   935   935 I SystemServiceManager: Starting com.android.server.biometrics.BiometricService
01-07 01:21:11.257   935   935 V SystemServerTiming: StartBiometricService took to complete: 4ms
01-07 01:21:11.257   935   935 D SystemServerTiming: StartAuthService
01-07 01:21:11.257   935   935 I SystemServiceManager: Starting com.android.server.biometrics.AuthService
01-07 01:21:11.260   935   935 V SystemServerTiming: StartAuthService took to complete: 3ms
01-07 01:21:11.260   935   935 D SystemServerTiming: StartDynamicCodeLoggingService
01-07 01:21:11.261   935   935 V SystemServerTiming: StartDynamicCodeLoggingService took to complete: 1ms
01-07 01:21:11.261   935   935 D SystemServerTiming: StartPruneInstantAppsJobService
01-07 01:21:11.262   935   935 V SystemServerTiming: StartPruneInstantAppsJobService took to complete: 1ms
01-07 01:21:11.262   935   935 D SystemServerTiming: StartShortcutServiceLifecycle
01-07 01:21:11.262   935   935 I SystemServiceManager: Starting com.android.server.pm.ShortcutService$Lifecycle
01-07 01:21:11.263   935   935 V HistoricalRegistry: Interaction before persistence initialized
01-07 01:21:11.264   935   935 V SystemServerTiming: StartShortcutServiceLifecycle took to complete: 2ms
01-07 01:21:11.264   935   935 D SystemServerTiming: StartLauncherAppsService
01-07 01:21:11.264   935   935 I SystemServiceManager: Starting com.android.server.pm.LauncherAppsService
01-07 01:21:11.267   935   935 V SystemServerTiming: StartLauncherAppsService took to complete: 3ms
01-07 01:21:11.267   935   935 D SystemServerTiming: StartCrossProfileAppsService
01-07 01:21:11.268   935   935 I SystemServiceManager: Starting com.android.server.pm.CrossProfileAppsService
01-07 01:21:11.268   935   935 V SystemServerTiming: StartCrossProfileAppsService took to complete: 0ms
01-07 01:21:11.268   935   935 D SystemServerTiming: StartPeopleService
01-07 01:21:11.268   935   935 I SystemServiceManager: Starting com.android.server.people.PeopleService
01-07 01:21:11.269   935   935 V SystemServerTiming: StartPeopleService took to complete: 1ms
01-07 01:21:11.269   935   935 D SystemServerTiming: StartMediaMetricsManager
01-07 01:21:11.269   935   935 I SystemServiceManager: Starting com.android.server.media.metrics.MediaMetricsManagerService
01-07 01:21:11.271   935   935 V SystemServerTiming: StartMediaMetricsManager took to complete: 2ms
01-07 01:21:11.271   935   935 D SystemServerTiming: StartMediaProjectionManager
01-07 01:21:11.271   935   935 I SystemServiceManager: Starting com.android.server.media.projection.MediaProjectionManagerService
01-07 01:21:11.275   935   935 V SystemServerTiming: StartMediaProjectionManager took to complete: 4ms
01-07 01:21:11.275   935   935 D SystemServerTiming: StartSliceManagerService
01-07 01:21:11.275   935   935 I SystemServiceManager: Starting com.android.server.slice.SliceManagerService$Lifecycle
01-07 01:21:11.278   935   935 V SystemServerTiming: StartSliceManagerService took to complete: 3ms
01-07 01:21:11.278   935   935 D SystemServerTiming: StartStatsCompanion
01-07 01:21:11.278   935   935 I SystemServiceManager: Starting com.android.server.stats.StatsCompanion$Lifecycle
01-07 01:21:11.281   935   935 V SystemServerTiming: StartStatsCompanion took to complete: 3ms
01-07 01:21:11.281   935   935 D SystemServerTiming: StartRebootReadinessManagerService
01-07 01:21:11.282   935   935 I SystemServiceManager: Starting com.android.server.scheduling.RebootReadinessManagerService$Lifecycle
01-07 01:21:11.290   935   935 V SystemServerTiming: StartRebootReadinessManagerService took to complete: 9ms
01-07 01:21:11.290   935   935 D SystemServerTiming: StartStatsPullAtomService
01-07 01:21:11.290   935   935 I SystemServiceManager: Starting com.android.server.stats.pull.StatsPullAtomService
01-07 01:21:11.290   935   935 V SystemServerTiming: StartStatsPullAtomService took to complete: 0ms
01-07 01:21:11.290   935   935 D SystemServerTiming: StatsBootstrapAtomService
01-07 01:21:11.290   935   935 I SystemServiceManager: Starting com.android.server.stats.bootstrap.StatsBootstrapAtomService$Lifecycle
01-07 01:21:11.291   935   935 V SystemServerTiming: StatsBootstrapAtomService took to complete: 1ms
01-07 01:21:11.291   935   935 D SystemServerTiming: StartIncidentCompanionService
01-07 01:21:11.291   935   935 I SystemServiceManager: Starting com.android.server.incident.IncidentCompanionService
01-07 01:21:11.292   935   935 V SystemServerTiming: StartIncidentCompanionService took to complete: 1ms
01-07 01:21:11.292   935   935 D SystemServerTiming: StarSdkSandboxManagerService
01-07 01:21:11.293   935   935 I SystemServiceManager: Starting com.android.server.sdksandbox.SdkSandboxManagerService$Lifecycle
01-07 01:21:11.296   935   935 V SystemServerTiming: StarSdkSandboxManagerService took to complete: 4ms
01-07 01:21:11.296   935   935 D SystemServerTiming: StartAdServicesManagerService
01-07 01:21:11.342   935  1058 V SystemServerTimingAsync: SecondaryZygotePreload took to complete: 1491ms
01-07 01:21:11.342   935  1058 D SystemServerInitThreadPool: Finished executing SecondaryZygotePreload
01-07 01:21:11.342   935  1058 V SystemServerTimingAsync: InitThreadPoolExec:SecondaryZygotePreload took to complete: 1491ms
01-07 01:21:11.380   935   935 I SystemServiceManager: Starting com.android.server.adservices.AdServicesManagerService$Lifecycle
01-07 01:21:11.381   935   935 V SystemServerTiming: StartAdServicesManagerService took to complete: 85ms
01-07 01:21:11.381   935   935 D SystemServerTiming: StartAutoFillService
01-07 01:21:11.381   935   935 I SystemServiceManager: Starting com.android.server.autofill.AutofillManagerService
01-07 01:21:11.383   935   935 D AutofillManagerService: setLogLevelFromSettings(): level=2, debug=true, verbose=false
01-07 01:21:11.383   935   935 D AutofillManagerService: setMaxPartitionsFromSettings(): 10
01-07 01:21:11.383   935   935 D AutofillManagerService: setMaxVisibleDatasetsFromSettings(): 0
01-07 01:21:11.384   935   962 D AutofillUI: destroySaveUiUiThread(): already destroyed
01-07 01:21:11.384   935   935 D AutofillManagerServiceImpl: Reset component for user 0:
01-07 01:21:11.386   935   935 V SystemServerTiming: StartAutoFillService took to complete: 5ms
01-07 01:21:11.386   935   935 D SystemServer: TranslationService not defined by OEM
01-07 01:21:11.386   935   935 D SystemServerTiming: StartClipboardService
01-07 01:21:11.386   935   935 I SystemServiceManager: Starting com.android.server.clipboard.ClipboardService
01-07 01:21:11.389   935   935 V SystemServerTiming: StartClipboardService took to complete: 3ms
01-07 01:21:11.389   935   935 D SystemServerTiming: AppServiceManager
01-07 01:21:11.389   935   935 I SystemServiceManager: Starting com.android.server.appbinding.AppBindingService$Lifecycle
01-07 01:21:11.390   935   935 V SystemServerTiming: AppServiceManager took to complete: 1ms
01-07 01:21:11.390   935   935 D SystemServerTiming: startTracingServiceProxy
01-07 01:21:11.390   935   935 I SystemServiceManager: Starting com.android.server.tracing.TracingServiceProxy
01-07 01:21:11.392   935   935 V SystemServerTiming: startTracingServiceProxy took to complete: 2ms
01-07 01:21:11.392   935   935 D SystemServerTiming: MakeLockSettingsServiceReady
01-07 01:21:11.397   935   935 I SyntheticPasswordManager: Device does not support weaver
01-07 01:21:11.398   935   935 I LockSettingsService: Device doesn't implement AuthSecret HAL
01-07 01:21:11.400   935   935 V SystemServerTiming: MakeLockSettingsServiceReady took to complete: 8ms
01-07 01:21:11.401   935   935 D SystemServerTiming: StartBootPhaseLockSettingsReady
01-07 01:21:11.401   935   935 I SystemServiceManager: Starting phase 480
01-07 01:21:11.401   935   935 D SystemServerTiming: OnBootPhase_480
01-07 01:21:11.401   935   935 D SystemServerTiming: OnBootPhase_480_com.android.server.security.FileIntegrityService
01-07 01:21:11.401   935   935 V SystemServerTiming: OnBootPhase_480_com.android.server.security.FileIntegrityService took to complete: 0ms
01-07 01:21:11.401   935   935 D SystemServerTiming: OnBootPhase_480_com.android.server.pm.Installer
01-07 01:21:11.401   935   935 V SystemServerTiming: OnBootPhase_480_com.android.server.pm.Installer took to complete: 0ms
01-07 01:21:11.401   935   935 D SystemServerTiming: OnBootPhase_480_com.android.server.os.DeviceIdentifiersPolicyService
01-07 01:21:11.401   935   935 V SystemServerTiming: OnBootPhase_480_com.android.server.os.DeviceIdentifiersPolicyService took to complete: 0ms
01-07 01:21:11.401   935   935 D SystemServerTiming: OnBootPhase_480_com.android.server.uri.UriGrantsManagerService$Lifecycle
01-07 01:21:11.401   935   935 V SystemServerTiming: OnBootPhase_480_com.android.server.uri.UriGrantsManagerService$Lifecycle took to complete: 0ms
01-07 01:21:11.401   935   935 D SystemServerTiming: OnBootPhase_480_com.android.server.powerstats.PowerStatsService
01-07 01:21:11.401   935   935 V SystemServerTiming: OnBootPhase_480_com.android.server.powerstats.PowerStatsService took to complete: 0ms
01-07 01:21:11.401   935   935 D SystemServerTiming: OnBootPhase_480_com.android.server.wm.ActivityTaskManagerService$Lifecycle
01-07 01:21:11.401   935   935 V SystemServerTiming: OnBootPhase_480_com.android.server.wm.ActivityTaskManagerService$Lifecycle took to complete: 0ms
01-07 01:21:11.401   935   935 D SystemServerTiming: OnBootPhase_480_com.android.server.am.ActivityManagerService$Lifecycle
01-07 01:21:11.402   935   935 V SystemServerTiming: OnBootPhase_480_com.android.server.am.ActivityManagerService$Lifecycle took to complete: 0ms
01-07 01:21:11.402   935   935 D SystemServerTiming: OnBootPhase_480_com.android.server.pm.DataLoaderManagerService
01-07 01:21:11.402   935   935 V SystemServerTiming: OnBootPhase_480_com.android.server.pm.DataLoaderManagerService took to complete: 0ms
01-07 01:21:11.402   935   935 D SystemServerTiming: OnBootPhase_480_com.android.server.power.PowerManagerService
01-07 01:21:11.402   935   935 V SystemServerTiming: OnBootPhase_480_com.android.server.power.PowerManagerService took to complete: 0ms
01-07 01:21:11.402   935   935 D SystemServerTiming: OnBootPhase_480_com.android.server.power.ThermalManagerService
01-07 01:21:11.402   935   935 V SystemServerTiming: OnBootPhase_480_com.android.server.power.ThermalManagerService took to complete: 0ms
01-07 01:21:11.402   935   935 D SystemServerTiming: OnBootPhase_480_com.android.server.power.hint.HintManagerService
01-07 01:21:11.402   935   935 V SystemServerTiming: OnBootPhase_480_com.android.server.power.hint.HintManagerService took to complete: 0ms
01-07 01:21:11.402   935   935 D SystemServerTiming: OnBootPhase_480_com.android.server.recoverysystem.RecoverySystemService$Lifecycle
01-07 01:21:11.402   935   935 V SystemServerTiming: OnBootPhase_480_com.android.server.recoverysystem.RecoverySystemService$Lifecycle took to complete: 0ms
01-07 01:21:11.402   935   935 D SystemServerTiming: OnBootPhase_480_com.android.server.lights.LightsService
01-07 01:21:11.402   935   935 V SystemServerTiming: OnBootPhase_480_com.android.server.lights.LightsService took to complete: 0ms
01-07 01:21:11.402   935   935 D SystemServerTiming: OnBootPhase_480_com.android.server.display.DisplayManagerService
01-07 01:21:11.402   935   935 V SystemServerTiming: OnBootPhase_480_com.android.server.display.DisplayManagerService took to complete: 0ms
01-07 01:21:11.402   935   935 D SystemServerTiming: OnBootPhase_480_com.android.server.pm.verify.domain.DomainVerificationService
01-07 01:21:11.402   935   935 V SystemServerTiming: OnBootPhase_480_com.android.server.pm.verify.domain.DomainVerificationService took to complete: 0ms
01-07 01:21:11.402   935   935 D SystemServerTiming: OnBootPhase_480_com.android.server.pm.PackageInstallerService$Lifecycle
01-07 01:21:11.402   935   935 V SystemServerTiming: OnBootPhase_480_com.android.server.pm.PackageInstallerService$Lifecycle took to complete: 0ms
01-07 01:21:11.402   935   935 D SystemServerTiming: OnBootPhase_480_com.android.server.pm.UserManagerService$LifeCycle
01-07 01:21:11.402   935   935 V SystemServerTiming: OnBootPhase_480_com.android.server.pm.UserManagerService$LifeCycle took to complete: 0ms
01-07 01:21:11.402   935   935 D SystemServerTiming: OnBootPhase_480_com.android.server.om.OverlayManagerService
01-07 01:21:11.402   935   935 V SystemServerTiming: OnBootPhase_480_com.android.server.om.OverlayManagerService took to complete: 0ms
01-07 01:21:11.402   935   935 D SystemServerTiming: OnBootPhase_480_com.android.server.resources.ResourcesManagerService
01-07 01:21:11.402   935   935 V SystemServerTiming: OnBootPhase_480_com.android.server.resources.ResourcesManagerService took to complete: 0ms
01-07 01:21:11.402   935   935 D SystemServerTiming: OnBootPhase_480_com.android.server.sensorprivacy.SensorPrivacyService
01-07 01:21:11.402   935   935 V SystemServerTiming: OnBootPhase_480_com.android.server.sensorprivacy.SensorPrivacyService took to complete: 0ms
01-07 01:21:11.402   935   935 D SystemServerTiming: OnBootPhase_480_com.android.server.sensors.SensorService
01-07 01:21:11.402   935   935 V SystemServerTiming: OnBootPhase_480_com.android.server.sensors.SensorService took to complete: 0ms
01-07 01:21:11.402   935   935 D SystemServerTiming: OnBootPhase_480_com.android.server.SystemConfigService
01-07 01:21:11.403   935   935 V SystemServerTiming: OnBootPhase_480_com.android.server.SystemConfigService took to complete: 0ms
01-07 01:21:11.403   935   935 D SystemServerTiming: OnBootPhase_480_com.android.server.BatteryService
01-07 01:21:11.403   935   935 V SystemServerTiming: OnBootPhase_480_com.android.server.BatteryService took to complete: 0ms
01-07 01:21:11.403   935   935 D SystemServerTiming: OnBootPhase_480_com.android.server.usage.UsageStatsService
01-07 01:21:11.403   935   935 V SystemServerTiming: OnBootPhase_480_com.android.server.usage.UsageStatsService took to complete: 0ms
01-07 01:21:11.403   935   935 D SystemServerTiming: OnBootPhase_480_com.android.server.webkit.WebViewUpdateService
01-07 01:21:11.403   935   935 V SystemServerTiming: OnBootPhase_480_com.android.server.webkit.WebViewUpdateService took to complete: 0ms
01-07 01:21:11.403   935   935 D SystemServerTiming: OnBootPhase_480_com.android.server.CachedDeviceStateService
01-07 01:21:11.403   935   935 V SystemServerTiming: OnBootPhase_480_com.android.server.CachedDeviceStateService took to complete: 0ms
01-07 01:21:11.403   935   935 D SystemServerTiming: OnBootPhase_480_com.android.server.BinderCallsStatsService$LifeCycle
01-07 01:21:11.403   935   935 V SystemServerTiming: OnBootPhase_480_com.android.server.BinderCallsStatsService$LifeCycle took to complete: 0ms
01-07 01:21:11.403   935   935 D SystemServerTiming: OnBootPhase_480_com.android.server.LooperStatsService$Lifecycle
01-07 01:21:11.403   935   935 V SystemServerTiming: OnBootPhase_480_com.android.server.LooperStatsService$Lifecycle took to complete: 0ms
01-07 01:21:11.403   935   935 D SystemServerTiming: OnBootPhase_480_com.android.server.rollback.RollbackManagerService
01-07 01:21:11.403   935   935 V SystemServerTiming: OnBootPhase_480_com.android.server.rollback.RollbackManagerService took to complete: 0ms
01-07 01:21:11.403   935   935 D SystemServerTiming: OnBootPhase_480_com.android.server.os.NativeTombstoneManagerService
01-07 01:21:11.403   935   935 V SystemServerTiming: OnBootPhase_480_com.android.server.os.NativeTombstoneManagerService took to complete: 0ms
01-07 01:21:11.403   935   935 D SystemServerTiming: OnBootPhase_480_com.android.server.os.BugreportManagerService
01-07 01:21:11.403   935   935 V SystemServerTiming: OnBootPhase_480_com.android.server.os.BugreportManagerService took to complete: 0ms
01-07 01:21:11.403   935   935 D SystemServerTiming: OnBootPhase_480_com.android.server.gpu.GpuService
01-07 01:21:11.403   935   935 V SystemServerTiming: OnBootPhase_480_com.android.server.gpu.GpuService took to complete: 0ms
01-07 01:21:11.403   935   935 D SystemServerTiming: OnBootPhase_480_com.android.server.security.KeyChainSystemService
01-07 01:21:11.403   935   935 V SystemServerTiming: OnBootPhase_480_com.android.server.security.KeyChainSystemService took to complete: 0ms
01-07 01:21:11.403   935   935 D SystemServerTiming: OnBootPhase_480_com.android.server.BinaryTransparencyService
01-07 01:21:11.403   935   935 V SystemServerTiming: OnBootPhase_480_com.android.server.BinaryTransparencyService took to complete: 0ms
01-07 01:21:11.403   935   935 D SystemServerTiming: OnBootPhase_480_com.android.server.accounts.AccountManagerService$Lifecycle
01-07 01:21:11.403   935   935 V SystemServerTiming: OnBootPhase_480_com.android.server.accounts.AccountManagerService$Lifecycle took to complete: 0ms
01-07 01:21:11.403   935   935 D SystemServerTiming: OnBootPhase_480_com.android.server.content.ContentService$Lifecycle
01-07 01:21:11.403   935   935 V SystemServerTiming: OnBootPhase_480_com.android.server.content.ContentService$Lifecycle took to complete: 0ms
01-07 01:21:11.403   935   935 D SystemServerTiming: OnBootPhase_480_com.android.server.DropBoxManagerService
01-07 01:21:11.403   935   935 V SystemServerTiming: OnBootPhase_480_com.android.server.DropBoxManagerService took to complete: 0ms
01-07 01:21:11.403   935   935 D SystemServerTiming: OnBootPhase_480_com.android.role.RoleService
01-07 01:21:11.403   935   935 V SystemServerTiming: OnBootPhase_480_com.android.role.RoleService took to complete: 0ms
01-07 01:21:11.403   935   935 D SystemServerTiming: OnBootPhase_480_com.android.server.vibrator.VibratorManagerService$Lifecycle
01-07 01:21:11.403   935   935 V SystemServerTiming: OnBootPhase_480_com.android.server.vibrator.VibratorManagerService$Lifecycle took to complete: 0ms
01-07 01:21:11.403   935   935 D SystemServerTiming: OnBootPhase_480_com.android.server.tare.InternalResourceService
01-07 01:21:11.404   935   935 V SystemServerTiming: OnBootPhase_480_com.android.server.tare.InternalResourceService took to complete: 0ms
01-07 01:21:11.404   935   935 D SystemServerTiming: OnBootPhase_480_com.android.server.alarm.AlarmManagerService
01-07 01:21:11.404   935   935 V SystemServerTiming: OnBootPhase_480_com.android.server.alarm.AlarmManagerService took to complete: 0ms
01-07 01:21:11.404   935   935 D SystemServerTiming: OnBootPhase_480_com.android.server.devicestate.DeviceStateManagerService
01-07 01:21:11.404   935   935 V SystemServerTiming: OnBootPhase_480_com.android.server.devicestate.DeviceStateManagerService took to complete: 0ms
01-07 01:21:11.404   935   935 D SystemServerTiming: OnBootPhase_480_com.android.server.bluetooth.BluetoothService
01-07 01:21:11.404   935   935 V SystemServerTiming: OnBootPhase_480_com.android.server.bluetooth.BluetoothService took to complete: 0ms
01-07 01:21:11.404   935   935 D SystemServerTiming: OnBootPhase_480_com.android.server.connectivity.IpConnectivityMetrics
01-07 01:21:11.404   935   935 V SystemServerTiming: OnBootPhase_480_com.android.server.connectivity.IpConnectivityMetrics took to complete: 0ms
01-07 01:21:11.404   935   935 D SystemServerTiming: OnBootPhase_480_com.android.server.net.watchlist.NetworkWatchlistService$Lifecycle
01-07 01:21:11.404   935   935 V SystemServerTiming: OnBootPhase_480_com.android.server.net.watchlist.NetworkWatchlistService$Lifecycle took to complete: 0ms
01-07 01:21:11.404   935   935 D SystemServerTiming: OnBootPhase_480_com.android.server.PinnerService
01-07 01:21:11.404   935   935 V SystemServerTiming: OnBootPhase_480_com.android.server.PinnerService took to complete: 0ms
01-07 01:21:11.404   935   935 D SystemServerTiming: OnBootPhase_480_com.android.server.integrity.AppIntegrityManagerService
