01-01 00:00:03.014     0     0 I         : [6 T232   ..] EXT4-fs (loop3): mounted filesystem without journal. Opts: (null). Quota mode: none.
01-01 00:00:03.017     0     0 I         : [0 T229   ..] EXT4-fs (loop0): mounted filesystem without journal. Opts: (null). Quota mode: none.
01-01 00:00:03.033     0     0 W [7 T193   ..] printk: apexd: 35 output lines suppressed due to ratelimiting
01-01 00:00:03.033     0     0 I         : [7 T193   ..] apexd (193) used greatest stack depth: 11552 bytes left
01-01 00:00:03.318     0     0 W [5 T190   ..] mali_kbase: loading out-of-tree module taints kernel.
01-01 00:00:03.353     0     0 I         : [4 T8     ..] mali fe400000.bifrost: Kernel DDK version r38p1-01bet0
01-01 00:00:03.357     0     0 I         : [2 T8     ..] mali fe400000.bifrost: GPU identified as 0x2 arch 7.4.0 r1p0 status 0
01-01 00:00:03.357     0     0 I         : [2 T8     ..] mali fe400000.bifrost: No priority control manager is configured
01-01 00:00:03.357     0     0 I         : [2 T8     ..] mali fe400000.bifrost: No memory group manager is configured
01-01 00:00:03.357     0     0 I         : [2 T8     ..] mali fe400000.bifrost: Using coherency mode 0 set from dtb
01-01 00:00:03.359     0     0 I         : [2 T8     ..] mali fe400000.bifrost: Probed as mali0
01-01 00:00:03.577     0     0 W [4 T190   ..] amlogic_dnlp_alg: module license 'Copyright (C) 2015 Amlogic, Inc. All rights reserved.' taints kernel.
01-01 00:00:03.577     0     0 W         : [4 T190   ..] Disabling lock debugging due to kernel taint
01-01 00:00:03.578     0     0 W [4 T190   ..] amlogic_dnlp_alg: disagrees about version of symbol dnlp_alg_function
01-01 00:00:03.578     0     0 W         : [4 T190   ..] !!!MUST FIX!!! amlogic_dnlp_alg: ko need recompile.
01-01 00:00:03.578     0     0 W [4 T190   d.] CPU: 4 PID: 190 Comm: init Tainted: P           OE     5.15.78-android13-8-g6933e98b9f35-ab558 #1
01-01 00:00:03.578     0     0 W         : [4 T190   d.] Hardware name: Amlogic (DT)
01-01 00:00:03.578     0     0 W         : [4 T190   d.] Call trace:
01-01 00:00:03.578     0     0 W         : [4 T190   d.]  dump_backtrace.cfi_jt+0x0/0x8
01-01 00:00:03.578     0     0 W         : [4 T190   d.]  show_stack+0x1c/0x2c
01-01 00:00:03.578     0     0 W         : [4 T190   d.]  dump_stack_lvl+0x7c/0xc4
01-01 00:00:03.578     0     0 W         : [4 T190   d.]  check_version+0x108/0x114
01-01 00:00:03.578     0     0 W         : [4 T190   d.]  resolve_symbol+0xc8/0x464
01-01 00:00:03.578     0     0 W         : [4 T190   d.]  simplify_symbols+0x188/0x3bc
01-01 00:00:03.578     0     0 W         : [4 T190   d.]  load_module+0xb5c/0x1644
01-01 00:00:03.578     0     0 W         : [4 T190   d.]  __arm64_sys_finit_module+0xbc/0xfc
01-01 00:00:03.578     0     0 W         : [4 T190   d.]  invoke_syscall+0x60/0x150
01-01 00:00:03.578     0     0 W         : [4 T190   d.]  el0_svc_common.llvm.1445355289302584398+0xb8/0xf8
01-01 00:00:03.578     0     0 W         : [4 T190   d.]  do_el0_svc+0x28/0xa0
01-01 00:00:03.578     0     0 W         : [4 T190   d.]  el0_svc+0x24/0x84
01-01 00:00:03.578     0     0 W         : [4 T190   d.]  el0t_64_sync_handler+0x88/0xec
01-01 00:00:03.579     0     0 W         : [4 T190   d.]  el0t_64_sync+0x1b4/0x1b8
01-01 00:00:03.580     0     0 W         : [4 T190   ..] Kernel module BTF mismatch detected, BTF debug info may be unavailable for some modules
01-01 00:00:03.581     0     0 I [4 T190   ..] [dnlp_alg]: aml_dnlp_alg_init insmod ok. v001.07x_20220908
01-01 00:00:03.581     0     0 I [4 T190   ..] [dnlp_alg]: dnlp_alg_init: is ok
01-01 00:00:03.584     0     0 I [5 T190   ..] gdc: register_gdc_fw_funcs: register_gdc_fw_funcs, func_ptr:000000008289e678 version:GDC FW Module: v2022.11.11
01-01 00:00:03.587     0     0 I [5 T190   ..] hdr10_tmo_alg: hdr10_tmo_alg_driver_init insmod ok. v1.0_2022-5-12
01-01 00:00:03.594     0     0 I [0 T0     dh] dnlp_alg_param_init: is ok
01-01 00:00:03.694     0     0 I [6 T252   ..] [wireless]: amlogic rfkill init
01-01 00:00:03.720     0     0 I         : [1 T253   ..] amlogic-pcie-v2 f5000000.pcie: host bridge /soc/pcie@f5000000 ranges:
01-01 00:00:03.720     0     0 I         : [1 T253   ..] amlogic-pcie-v2 f5000000.pcie:       IO 0x00f5600000..0x00f56fffff -> 0x0000000000
01-01 00:00:03.720     0     0 I         : [1 T253   ..] amlogic-pcie-v2 f5000000.pcie:      MEM 0x00f5700000..0x00f6ffffff -> 0x00f5700000
01-01 00:00:03.720     0     0 I         : [1 T253   ..] amlogic-pcie-v2 f5000000.pcie: GPIO normal: assert reset
01-01 00:00:03.737     0     0 I         : [1 T253   ..] amlogic-pcie-v2 f5000000.pcie: iATU unroll: enabled
01-01 00:00:03.737     0     0 I         : [1 T253   ..] amlogic-pcie-v2 f5000000.pcie: Detected iATU regions: 4 outbound, 4 inbound
01-01 00:00:03.883     0     0 I         : [5 T70    ..] lcd vlock_en=1, vlock_mode=0x8 i=101
01-01 00:00:03.924     0     0 I         : [1 T253   ..] amlogic-pcie-v2 f5000000.pcie: Link up
01-01 00:00:03.924     0     0 I         : [1 T253   ..] amlogic-pcie-v2 f5000000.pcie: PCI host bridge to bus 0000:00
01-01 00:00:03.924     0     0 I         : [1 T253   ..] pci_bus 0000:00: root bus resource [bus 00-ff]
01-01 00:00:03.924     0     0 I         : [1 T253   ..] pci_bus 0000:00: root bus resource [io  0x0000-0xfffff]
01-01 00:00:03.924     0     0 I         : [1 T253   ..] pci_bus 0000:00: root bus resource [mem 0xf5700000-0xf6ffffff]
01-01 00:00:03.924     0     0 I         : [1 T253   ..] pci 0000:00:00.0: [16c3:abcd] type 01 class 0x060400
01-01 00:00:03.924     0     0 I         : [1 T253   ..] pci 0000:00:00.0: reg 0x38: [mem 0x00000000-0x0000ffff pref]
01-01 00:00:03.924     0     0 I         : [1 T253   ..] pci 0000:00:00.0: supports D1
01-01 00:00:03.924     0     0 I         : [1 T253   ..] pci 0000:00:00.0: PME# supported from D0 D1 D3hot D3cold
01-01 00:00:03.927     0     0 I         : [1 T253   ..] pci 0000:01:00.0: [17cb:1107] type 00 class 0x028000
01-01 00:00:03.927     0     0 I         : [1 T253   ..] pci 0000:01:00.0: reg 0x10: [mem 0x00000000-0x001fffff 64bit]
01-01 00:00:03.927     0     0 I         : [1 T253   ..] pci 0000:01:00.0: Upstream bridge's Max Payload Size set to 128 (was 256, max 256)
01-01 00:00:03.927     0     0 I         : [1 T253   ..] pci 0000:01:00.0: Max Payload Size set to 128 (was 128, max 128)
01-01 00:00:03.927     0     0 I         : [1 T253   ..] pci 0000:01:00.0: PME# supported from D0 D3hot D3cold
01-01 00:00:03.927     0     0 I         : [1 T253   ..] pci 0000:01:00.0: 4.000 Gb/s available PCIe bandwidth, limited by 5.0 GT/s PCIe x1 link at 0000:00:00.0 (capable of 15.752 Gb/s with 8.0 GT/s PCIe x2 link)
01-01 00:00:03.941     0     0 I         : [1 T253   ..] pci 0000:00:00.0: BAR 14: assigned [mem 0xf5800000-0xf59fffff]
01-01 00:00:03.941     0     0 I         : [1 T253   ..] pci 0000:00:00.0: BAR 6: assigned [mem 0xf5700000-0xf570ffff pref]
01-01 00:00:03.941     0     0 I         : [1 T253   ..] pci 0000:01:00.0: BAR 0: assigned [mem 0xf5800000-0xf59fffff 64bit]
01-01 00:00:03.942     0     0 I         : [1 T253   ..] pci 0000:00:00.0: PCI bridge to [bus 01-ff]
01-01 00:00:03.942     0     0 I         : [1 T253   ..] pci 0000:00:00.0:   bridge window [mem 0xf5800000-0xf59fffff]
01-01 00:00:03.942     0     0 I [1 T253   ..] OF: /soc/pcie@f5000000: no iommu-map translation for id 0x0 on (null)
01-01 00:00:03.942     0     0 I         : [1 T253   ..] pcieport 0000:00:00.0: PME: Signaling with IRQ 97
01-01 00:00:03.943     0     0 I         : [1 T253   ..] pcieport 0000:00:00.0: AER: enabled with IRQ 97
01-01 00:00:03.943     0     0 I         : [1 T253   ..] amlogic-pcie-v2 f5000000.pcie: Link up, GEN2,link width is x1
01-01 00:00:03.944     0     0 I         : [1 T253   ..] insmod (253) used greatest stack depth: 10736 bytes left
01-01 00:00:04.020     0     0 I [6 T257   ..] ntfs3: Max link count 4000
01-01 00:00:04.069     0     0 I [7 T259   ..] zram: Added device: zram0
01-01 00:00:04.264     0     0 I         : [5 T267   ..] meson8b-dwmac fdc00000.ethernet: IRQ eth_wake_irq not found
01-01 00:00:04.264     0     0 I         : [5 T267   ..] meson8b-dwmac fdc00000.ethernet: IRQ eth_lpi not found
01-01 00:00:04.264     0     0 I         : [5 T267   ..] meson8b-dwmac fdc00000.ethernet: PTP uses main clock
01-01 00:00:04.265     0     0 I         : [5 T267   ..] meson8b-dwmac fdc00000.ethernet: User ID: 0x12, Synopsys ID: 0x51
01-01 00:00:04.265     0     0 I         : [5 T267   ..] meson8b-dwmac fdc00000.ethernet: 	DWMAC4/5
01-01 00:00:04.265     0     0 I         : [5 T267   ..] meson8b-dwmac fdc00000.ethernet: DMA HW capability register supported
01-01 00:00:04.265     0     0 I         : [5 T267   ..] meson8b-dwmac fdc00000.ethernet: RX Checksum Offload Engine supported
01-01 00:00:04.265     0     0 I         : [5 T267   ..] meson8b-dwmac fdc00000.ethernet: TX Checksum insertion supported
01-01 00:00:04.265     0     0 I         : [5 T267   ..] meson8b-dwmac fdc00000.ethernet: Wake-Up On Lan supported
01-01 00:00:04.266     0     0 I         : [5 T267   ..] meson8b-dwmac fdc00000.ethernet: Enable RX Mitigation via HW Watchdog Timer
01-01 00:00:04.266     0     0 I         : [5 T267   ..] meson8b-dwmac fdc00000.ethernet: device MAC address 02:ad:36:01:f7:10
01-01 00:00:04.266     0     0 I         : [5 T267   ..] meson8b-dwmac fdc00000.ethernet: Enabled RFS Flow TC (entries=8)
01-01 00:00:04.266     0     0 I         : [5 T267   ..] meson8b-dwmac fdc00000.ethernet: Using 32 bits DMA width
01-01 00:00:04.268     0     0 I         : [4 T267   ..] aml_cust_setting
01-01 00:00:04.268     0     0 I [4 T267   ..] input: input_ethrcu as /devices/platform/soc/fdc00000.ethernet/input/input3
01-01 00:00:04.271     0     0 E         : [4 T8     ..] mdio_bus 0.0: ethernet-phy@0 has invalid PHY address
01-01 00:00:04.271     0     0 I         : [4 T8     ..] mdio_bus 0.0: scan phy ethernet-phy at address 0
01-01 00:00:04.271     0     0 I         : [4 T8     ..] mdio_bus 0.0: scan phy ethernet-phy at address 1
01-01 00:00:04.272     0     0 I         : [4 T8     ..] mdio_bus 0.0: scan phy ethernet-phy at address 2
01-01 00:00:04.272     0     0 I         : [4 T8     ..] mdio_bus 0.0: scan phy ethernet-phy at address 3
01-01 00:00:04.272     0     0 I         : [4 T8     ..] mdio_bus 0.0: scan phy ethernet-phy at address 4
01-01 00:00:04.272     0     0 I         : [4 T8     ..] mdio_bus 0.0: scan phy ethernet-phy at address 5
01-01 00:00:04.273     0     0 I         : [4 T8     ..] mdio_bus 0.0: scan phy ethernet-phy at address 6
01-01 00:00:04.273     0     0 I         : [4 T8     ..] mdio_bus 0.0: scan phy ethernet-phy at address 7
01-01 00:00:04.274     0     0 I         : [4 T8     ..] Airoha AN8801R 0.0:07: PHY-ID = c0ff0421
01-01 00:00:04.275     0     0 I [4 T8     ..] [mdio-g12a]: tx_amp_addr fe010330
01-01 00:00:04.275     0     0 I [4 T8     ..] [mdio-g12a]: txamp 0x33
01-01 00:00:04.275     0     0 I [4 T8     ..] [mdio-g12a]: use default st_mode
01-01 00:00:04.332     0     0 I [1 T271   ..] i2c_dev: i2c /dev entries driver
01-01 00:00:04.430     0     0 W         : [6 T275   ..] aml dvb init
01-01 00:00:04.463     0     0 E [4 T276   ..] [dvb-ci]: aml_ci: Amlogic CI mode init
01-01 00:00:04.502     0     0 W         : [4 T277   ..] rtc rtc0: invalid alarm value: 1969-06-17T1193026:22:07
01-01 00:00:04.503     0     0 I         : [7 T277   ..] meson-vrtc fe010288.rtc: registered as rtc0
01-01 00:00:04.503     0     0 I         : [7 T277   ..] meson-vrtc fe010288.rtc: setting system clock to 1970-01-01T00:00:04 UTC (4)
01-01 00:00:04.593     0     0 I [5 T280   ..] optee: probing for conduit method.
01-01 00:00:04.593     0     0 I [5 T280   ..] optee: revision 3.8 (9eacf4f3)
01-01 00:00:04.594     0     0 I [6 T280   ..] optee: dynamic shared memory is enabled
01-01 00:00:04.595     0     0 I [6 T280   ..] optee: initialized driver
01-01 00:00:04.643     0     0 I         : [5 T284   ..] hifi4dsp fe340018.hifi4dsp: assigned reserved memory node linux,dsp_fw
01-01 00:00:04.646     0     0 I [4 T284   ..] [hifidsp]: of read shmem phys = [0x40820000 0x80000]
01-01 00:00:04.646     0     0 I [4 T284   ..] [hifidsp]: sharemem map phys:0x40820000-->virt:0xffffffc00d521000
01-01 00:00:04.647     0     0 I [4 T284   ..] [hifidsp]: register dsp-0 start
01-01 00:00:04.647     0     0 I [4 T284   ..] [hifidsp]: register dsp-0 done
01-01 00:00:04.647     0     0 I [4 T284   ..] [hifidsp]: register dsp-1 start
01-01 00:00:04.648     0     0 I [4 T284   ..] [hifidsp]: register dsp-1 done
01-01 00:00:04.648     0     0 I [4 T284   ..] [hifidsp]: hifi4dsp_platform_probe done
01-01 00:00:04.649     0     0 I         : [4 T284   ..] insmod (284) used greatest stack depth: 10368 bytes left
01-01 00:00:04.807     0     0 I         : [7 T290   ..] Registered hwevent_queue driver
01-01 00:00:04.833     0     0 I         : [7 T292   ..] Registered LED control at 478.
01-01 00:00:04.859     0     0 I         : [4 T294   ..] Found IS31FL3195 at i2c address 54
01-01 00:00:04.899     0     0 I         : [5 T295   ..] Initing gpio ir driver.
01-01 00:00:04.900     0     0 I [5 T295   ..] gpio_ir_receiver: [gpio_ir_receiver_init]
01-01 00:00:04.900     0     0 I [5 T295   ..] gpio_ir_receiver: [rc_dev_init]
01-01 00:00:04.900     0     0 I         : [5 T295   ..] Registered IR keymap rc-empty
01-01 00:00:04.900     0     0 I         : [5 T295   ..] rc rc0: CAAVO_GPIO_RX as /devices/virtual/rc/rc0
01-01 00:00:04.900     0     0 I         : [5 T295   ..] rc rc0: lirc_dev: driver CAAVO_GPIO_RX registered at minor = 0, raw IR receiver, no transmitter
01-01 00:00:04.900     0     0 I [5 T295   ..] input: CAAVO_GPIO_RX as /devices/virtual/rc/rc0/input4
01-01 00:00:04.901     0     0 I [7 T295   ..] gpio_ir_receiver: gpio_to_irq irq_pin is 100
01-01 00:00:04.901     0     0 I [7 T295   ..] gpio_ir_receiver: Init completed for version 1.0.8
01-01 00:00:05.493     0     0 I         : [0 T297   ..] apple_auth 3-0010: Write retries exceeded
01-01 00:00:05.493     0     0 I         : [0 T297   ..] Apple Auth chip was NOT found on i2c bus at addr:0x10 !
01-01 00:00:05.493     0     0 E         : [0 T297   ..] Registered Apple Authentication Chip driver with major number: 477
01-01 00:00:05.515     0     0 I         : [1 T298   ..] psmon psmon: initiallized in ADC mode
01-01 00:00:05.515     0     0 I         : [2 T298   ..] psmon psmon: started power supply brownout monitor.
01-01 00:00:05.516     0     0 I         : [4 T299   ..] psmon brownout detection thread started, shutdown limit 10000 mV.
01-01 00:00:05.596     0     0 I [7 T301   ..] [snd-soc]: regmap_resource, hdmirx-arc, start:0xfe39c000, size:0x10c
01-01 00:00:05.617     0     0 I         : [0 T301   ..] audio-ddr-manager fe330000.audiobus:ddr_manager: 0, irqs frddr 36
01-01 00:00:05.617     0     0 I         : [0 T301   ..] audio-ddr-manager fe330000.audiobus:ddr_manager: 1, irqs frddr 37
01-01 00:00:05.617     0     0 I         : [0 T301   ..] audio-ddr-manager fe330000.audiobus:ddr_manager: 2, irqs frddr 38
01-01 00:00:05.617     0     0 I         : [0 T301   ..] audio-ddr-manager fe330000.audiobus:ddr_manager: 3, irqs frddr 39
01-01 00:00:05.618     0     0 I [0 T301   ..] [snd-soc]: regmap_resource, tx_cmdc, start:0xfe333000, size:0x400
01-01 00:00:05.619     0     0 I [0 T301   ..] [snd-soc]: regmap_resource, tx_dmac, start:0xfe333400, size:0x200
01-01 00:00:05.619     0     0 I [0 T301   ..] [snd-soc]: regmap_resource, tx_top, start:0xfe333600, size:0x200
01-01 00:00:05.619     0     0 I [0 T301   ..] [snd-soc]: regmap_resource, rx_cmdc, start:0xfe333800, size:0x400
01-01 00:00:05.619     0     0 I [0 T301   ..] [snd-soc]: regmap_resource, rx_dmac, start:0xfe333c00, size:0x200
01-01 00:00:05.619     0     0 I [0 T301   ..] [snd-soc]: regmap_resource, rx_top, start:0xfe333e00, size:0x200
01-01 00:00:05.619     0     0 E         : [0 T301   ..] EARC fe333000.earc: Can't retrieve suspend-clk-off
01-01 00:00:05.620     0     0 I         : [0 T301   ..] EARC fe333000.earc: earc_platform_probe, irq_earc_rx:44
01-01 00:00:05.620     0     0 I         : [0 T301   ..] EARC fe333000.earc: earc_platform_probe, irq_earc_tx:45
01-01 00:00:05.620     0     0 I         : [0 T302   ..] EARC fe333000.earc: EARCRX_CMDC_TIMEOUT
01-01 00:00:05.621     0     0 I         : [0 T302   ..] EARC fe333000.earc: EARCRX_CMDC_IDLE2
01-01 00:00:05.621     0     0 I         : [0 T302   ..] EARC fe333000.earc: EARCRX_CMDC_IDLE1
01-01 00:00:05.621     0     0 I         : [0 T302   ..] EARC fe333000.earc: EARCRX_CMDC_DISC2
01-01 00:00:05.621     0     0 I         : [0 T302   ..] EARC fe333000.earc: EARCRX_CMDC_DISC1
01-01 00:00:05.621     0     0 I         : [0 T302   ..] EARC fe333000.earc: EARCRX_CMDC_LOSTHB
01-01 00:00:05.621     0     0 I         : [3 T301   ..] EARC fe333000.earc: HDMITX cable is plugin
01-01 00:00:05.621     0     0 I         : [0 T303   ..] EARC fe333000.earc: EARCTX_CMDC_IDLE1
01-01 00:00:05.621     0     0 E         : [3 T301   ..] EARC fe333000.earc: registered eARC platform
01-01 00:00:05.622     0     0 I [3 T301   ..] [snd-soc]: effect_platform_probe 	 module:1, lane_mask:1, ch_mask:255
01-01 00:00:05.623     0     0 I [3 T301   ..] [snd-soc]: extn_platform_probe, register soc platform
01-01 00:00:05.626     0     0 I [3 T301   ..] [snd-soc]: resample_platform_probe
01-01 00:00:05.626     0     0 E         : [3 T301   ..] audioresample fe330000.audiobus:resample@0: Can't retrieve suspend-clk-off
01-01 00:00:05.627     0     0 I [3 T301   ..] [snd-soc]: new_resample_init: Start init new resample A parameters!
01-01 00:00:05.627     0     0 E         : [3 T301   ..] Codec io: No support bus type 2 to write.
01-01 00:00:05.627     0     0 E         : [3 T301   ..] Codec io: write cbus reg 45 error -1
01-01 00:00:05.629     0     0 I [3 T301   ..] [snd-soc]: resample_clk_set:set hifi pll
01-01 00:00:05.629     0     0 I [3 T301   ..] [snd-soc]: resample_clk_set, resample_pll:983999940, sclk:12300000, clk:12300000
01-01 00:00:05.629     0     0 I [3 T301   ..] [snd-soc]: new_resample_set_ratio(), id = 0, phase_step = 0x10000000, input_sr = 48000, output_sr = 48000
01-01 00:00:05.629     0     0 I [3 T301   ..] [snd-soc]: resample id = 0, new resample = 2, resample_module = 8
01-01 00:00:05.629     0     0 I [3 T301   ..] [snd-soc]: resample_platform_probe
01-01 00:00:05.629     0     0 E         : [3 T301   ..] audioresample fe330000.audiobus:resample@1: Can't retrieve suspend-clk-off
01-01 00:00:05.630     0     0 I [3 T301   ..] [snd-soc]: new_resample_init: Start init new resample B parameters!
01-01 00:00:05.630     0     0 E         : [3 T301   ..] Codec io: No support bus type 2 to write.
01-01 00:00:05.630     0     0 E         : [3 T301   ..] Codec io: write cbus reg 45 error -1
01-01 00:00:05.631     0     0 I [3 T301   ..] [snd-soc]: resample_clk_set, resample_pll:491517535, sclk:12287939, clk:12287939
01-01 00:00:05.631     0     0 I [3 T301   ..] [snd-soc]: new_resample_set_ratio(), id = 1, phase_step = 0x30000000, input_sr = 48000, output_sr = 16000
01-01 00:00:05.632     0     0 I [3 T301   ..] [snd-soc]: resample id = 1, new resample = 2, resample_module = 7
01-01 00:00:05.633     0     0 E         : [3 T301   ..] snd_spdif fe330000.audiobus:spdif@0: Can't retrieve suspend-clk-off
01-01 00:00:05.634     0     0 W         : [3 T301   ..] snd_spdif fe330000.audiobus:spdif@0: no clk_src_cd clock for 44k case
01-01 00:00:05.634     0     0 E         : [3 T301   ..] snd_spdif fe330000.audiobus:spdif@1: Can't retrieve suspend-clk-off
01-01 00:00:05.634     0     0 W         : [3 T301   ..] snd_spdif fe330000.audiobus:spdif@1: no clk_src_cd clock for 44k case
01-01 00:00:05.636     0     0 I [3 T301   ..] [snd-soc]: aml_tdm_platform_probe, tdm ID = 0, lane_cnt = 4
01-01 00:00:05.636     0     0 E         : [3 T301   ..] snd_tdm fe330000.audiobus:tdm@0: Can't retrieve suspend-clk-off
01-01 00:00:05.636     0     0 W         : [3 T301   ..] snd_tdm fe330000.audiobus:tdm@0: no clk_src_cd clock for 44k case
01-01 00:00:05.637     0     0 I [3 T301   ..] [snd-soc]: aml_tdm_platform_probe, tdm ID = 1, lane_cnt = 4
01-01 00:00:05.637     0     0 E         : [3 T301   ..] snd_tdm fe330000.audiobus:tdm@1: Can't retrieve suspend-clk-off
01-01 00:00:05.637     0     0 I [3 T301   ..] [snd-soc]: TDM id 1 supports hdmirx
01-01 00:00:05.637     0     0 W         : [3 T301   ..] snd_tdm fe330000.audiobus:tdm@1: no clk_src_cd clock for 44k case
01-01 00:00:05.637     0     0 I [3 T301   ..] [snd-soc]: aml_tdm_get_pins error!
01-01 00:00:05.637     0     0 I [3 T301   ..] [snd-soc]: TDM id 1 output clk enable:1
01-01 00:00:05.637     0     0 I [3 T301   ..] [snd-soc]: TDM id 1 tuning clk enable:1
01-01 00:00:05.637     0     0 I [3 T301   ..] [snd-soc]: aml_tdm_platform_probe, tdm ID = 2, lane_cnt = 4
01-01 00:00:05.637     0     0 E         : [3 T301   ..] snd_tdm fe330000.audiobus:tdm@2: Can't retrieve suspend-clk-off
01-01 00:00:05.638     0     0 I [3 T301   ..] [snd-soc]: TDM id 2 supports hdmirx
01-01 00:00:05.638     0     0 I [3 T301   ..] [snd-soc]: TDM id 2 i2s2hdmi:1
01-01 00:00:05.638     0     0 W         : [3 T301   ..] snd_tdm fe330000.audiobus:tdm@2: no clk_src_cd clock for 44k case
01-01 00:00:05.638     0     0 I [3 T301   ..] [snd-soc]: aml_tdm_get_pins error!
01-01 00:00:05.639     0     0 I [3 T301   ..] [snd-soc]: aml_tdm_platform_probe, tdm ID = 3, lane_cnt = 4
01-01 00:00:05.639     0     0 E         : [3 T301   ..] snd_tdm fe330000.audiobus:tdm@3: Can't retrieve suspend-clk-off
01-01 00:00:05.639     0     0 W         : [3 T301   ..] snd_tdm fe330000.audiobus:tdm@3: no clk_src_cd clock for 44k case
01-01 00:00:05.640     0     0 E         : [3 T301   ..] meson-t7-pinctrl fe000000.apb4:pinctrl@4000: pin GPIOM_4 already requested by fe330000.audiobus:pdm; cannot claim for fe330000.audiobus:tdm@3
01-01 00:00:05.641     0     0 E         : [3 T301   ..] meson-t7-pinctrl fe000000.apb4:pinctrl@4000: pin-119 (fe330000.audiobus:tdm@3) status -22
01-01 00:00:05.642     0     0 E         : [3 T301   ..] meson-t7-pinctrl fe000000.apb4:pinctrl@4000: could not request pin 119 (GPIOM_4) from group tdm_sclk3  on device pinctrl-meson
01-01 00:00:05.644     0     0 E         : [3 T301   ..] snd_tdm fe330000.audiobus:tdm@3: Error applying setting, reverse things back
01-01 00:00:05.645     0     0 I [3 T301   ..] [snd-soc]: aml_tdm_get_pins error!
01-01 00:00:05.645     0     0 I [3 T301   ..] [snd-soc]: TDM id 3 output clk enable:1
01-01 00:00:05.645     0     0 I [3 T301   ..] [snd-soc]: TDM id 3 tuning clk enable:1
01-01 00:00:05.647     0     0 I [3 T301   ..] input: vad_keypad as /devices/platform/soc/fe330000.audiobus/fe330000.audiobus:vad/input/input5
01-01 00:00:05.649     0     0 E         : [3 T301   ..] asoc-aml-card auge_sound: aml_card_dai_link_of, error dai-link idx:1, error getting codec dai, ret -517
01-01 00:00:05.650     0     0 E         : [3 T301   ..] asoc-aml-card auge_sound: parse dai_link-1 fail
01-01 00:00:05.650     0     0 E         : [3 T301   ..] asoc-aml-card auge_sound: aml_card_probe, aml_card_parse_of error -517 PROBE RETRY
01-01 00:00:05.652     0     0 E [3 T301   ..] [snd-soc]: aml_card_probe error ret:-517
01-01 00:00:05.653     0     0 I [3 T301   ..] [snd-soc]: [dsp]register dsp to char device(272)
01-01 00:00:05.655     0     0 E         : [7 T8     ..] asoc-aml-card auge_sound: aml_card_dai_link_of, error dai-link idx:1, error getting codec dai, ret -517
01-01 00:00:05.656     0     0 E         : [7 T8     ..] asoc-aml-card auge_sound: parse dai_link-1 fail
01-01 00:00:05.656     0     0 E         : [7 T8     ..] asoc-aml-card auge_sound: aml_card_probe, aml_card_parse_of error -517 PROBE RETRY
01-01 00:00:05.658     0     0 E [7 T8     ..] [snd-soc]: aml_card_probe error ret:-517
01-01 00:00:05.659     0     0 E         : [7 T8     ..] asoc-aml-card auge_sound: aml_card_dai_link_of, error dai-link idx:1, error getting codec dai, ret -517
01-01 00:00:05.660     0     0 E         : [7 T8     ..] asoc-aml-card auge_sound: parse dai_link-1 fail
01-01 00:00:05.661     0     0 E         : [7 T8     ..] asoc-aml-card auge_sound: aml_card_probe, aml_card_parse_of error -517 PROBE RETRY
01-01 00:00:05.662     0     0 E [7 T8     ..] [snd-soc]: aml_card_probe error ret:-517
01-01 00:00:05.674     0     0 I         : [3 T304   ..] tl1_acodec fe01a000.codec: aml_tl1_acodec_probe
01-01 00:00:05.675     0     0 I         : [3 T304   ..] tl1_acodec fe01a000.codec: Can't retrieve acodec clock
01-01 00:00:05.675     0     0 I [3 T304   ..] [snd-codec-tl1]: aml_tl1_acodec tdmout_index=1
01-01 00:00:05.675     0     0 I [3 T304   ..] [snd-codec-tl1]: aml_tl1_acodec dat1_ch_sel=0
01-01 00:00:05.675     0     0 I [3 T304   ..] [snd-codec-tl1]: aml_tl1_acodec tdmin_index=1
01-01 00:00:05.675     0     0 I [3 T304   ..] [snd-codec-tl1]: aml_tl1_acodec_probe over
01-01 00:00:05.680     0     0 I [7 T269   ..] [snd-codec-tl1]: tl1_acodec_release_fast_mode_work_func
01-01 00:00:05.680     0     0 I [7 T269   ..] [snd-codec-tl1]: tl1_acodec_set_toacodec, is_bclk_cap_inv true
01-01 00:00:05.680     0     0 I [7 T269   ..] [snd-codec-tl1]: tl1_acodec_set_toacodec, is_bclk_o_inv false
01-01 00:00:05.680     0     0 I [7 T269   ..] [snd-codec-tl1]: tl1_acodec_set_toacodec, is_lrclk_inv false
01-01 00:00:05.680     0     0 I [7 T269   ..] [snd-codec-tl1]: tl1_acodec_set_toacodec read EE_AUDIO_TOACODEC_CTRL0=0xe0091211
01-01 00:00:05.680     0     0 I [7 T269   ..] [snd-codec-tl1]: call standard reset interface
01-01 00:00:05.680     0     0 I [7 T8     ..] [snd-codec-tl1]: tl1_acodec_probe
01-01 00:00:05.683     0     0 I [7 T8     ..] [snd-soc]: asoc debug: extn_dai_probe-480
01-01 00:00:05.683     0     0 I [7 T8     ..] [snd-soc]: hdmirx_arc_write_reg reg 0x42, value 0x0
01-01 00:00:05.683     0     0 D [7 T8     ..] [snd-soc]: resample_set resample_a to Enable:48K, last Disable
01-01 00:00:05.683     0     0 I [7 T8     ..] [snd-soc]: new_resample_set_ratio(), id = 0, phase_step = 0x10000000, input_sr = 48000, output_sr = 48000
01-01 00:00:05.683     0     0 E         : [7 T8     ..] asoc-aml-card auge_sound: control 2:0:0:TDM MCLK Fine Setting:0 is already present
01-01 00:00:05.684     0     0 E         : [7 T8     ..] snd_tdm fe330000.audiobus:tdm@3: ASoC: Failed to add TDM MCLK Fine Setting: -16
01-01 00:00:05.685     0     0 E [7 T8     ..] [snd-soc]: aml_dai_tdm_probe, failed add snd tdm clk controls
01-01 00:00:05.687     0     0 I [7 T8     ..] [snd-soc]: aml_set_spdifclk_1: spdif_id 0, freq = 6144000
01-01 00:00:05.687     0     0 D [7 T8     ..] [snd-soc]: spdifout_play_with_zerodata_free, spdif id:0
01-01 00:00:05.687     0     0 D [7 T8     ..] [snd-soc]: spdifout_play_with_zerodata_free, spdif id:1
01-01 00:00:05.687     0     0 I [7 T8     ..] [snd-soc]:  
01-01 00:00:05.687     0     0 I         : [7 T8     ..] loopback_dai_set_sysclk, 0, 12288000, 0
01-01 00:00:05.687     0     0 I [7 T8     ..] [snd-soc]: asoc loopback_dai_set_fmt, 0x4010, 0000000017c135b4
01-01 00:00:05.698     0     0 I [7 T8     ..] [snd-soc]: snd_card_add_kcontrols card:00000000e639dc2e
01-01 00:00:05.699     0     0 W [7 T8     ..] [snd-soc]: no node audio_effect for eq/drc info!
01-01 00:00:05.785     0     0 I [1 T306   ..] cfg80211: Loading compiled-in X.509 certificates for regulatory database
01-01 00:00:05.786     0     0 I [2 T306   ..] cfg80211: Loaded X.509 cert 'sforshee: 00b28ddf47aef9cea7'
01-01 00:00:05.887     0     0 I [7 T269   ..] [snd-codec-tl1]: call standard reset interface
01-01 00:00:05.920     0     0 I [4 T312   ..] sonos_sec_soc: CPUID: 360c010600000000131b50842d409990
01-01 00:00:05.945     0     0 I [4 T313   ..] caamkeys_init: module inserted for major 475
01-01 00:00:06.092     0     0 I         : [5 T1     ..] Registered swp emulation handler
01-01 00:00:06.166     0     0 I [0 T190   ..] [mmc]: emmc_key_read:552, read ok
01-01 00:00:06.166     0     0 I [0 T190   ..] [efuse-unifykey]: mark is not found
01-01 00:00:06.178     0     0 I [1 T314   ..] logd.auditd: start
01-01 00:00:06.183     0     0 I [4 T190   ..] [dovi_t7_5_15_stb26]: *** amlogic_dolby_vision_init dv: t7 ***
01-01 00:00:06.183     0     0 I         : [4 T190   ..] *** register_dv_multi_stb_functions.***
01-01 00:00:06.183     0     0 I [4 T190   ..] [dovi_t7_5_15_stb26]: Creating DV mp success
01-01 00:00:06.183     0     0 I [4 T190   ..] [dovi_t7_5_15_stb26]: Creating DV mp success
01-01 00:00:06.183     0     0 I         : [4 T190   ..] enable DV HLG when stb v2.6. policy 41
01-01 00:00:06.183     0     0 I         : [4 T190   ..] efuse_mode=0 reg_value = 0x45
01-01 00:00:06.183     0     0 I         : [4 T190   ..] dv capability 7
01-01 00:00:06.187     0     0 I [4 T190   ..] init: wait for '/odm/lib/ms12' took 0ms
01-01 00:00:06.189     0     0 I [1 T314   ..] logd: Loaded bug_map file: /system_ext/etc/selinux/bug_map
01-01 00:00:06.189     0     0 I [1 T314   ..] logd: Loaded bug_map file: /vendor/etc/selinux/selinux_denial_metadata
01-01 00:00:06.189     0     0 I [1 T314   ..] logd: Loaded bug_map file: /system/etc/selinux/bug_map
01-01 00:00:06.231     0     0 I [7 T68    ..] [snd-soc]: av out status: high
01-01 00:00:06.245     0     0 E [5 T326   ..] [secmon]: DBG=======> dolby_fw_ioctl 438 cmd:0x10 arg3=0
01-01 00:00:06.246     0     0 E [5 T326   ..] [secmon]: DBG=======> dolby_fw_ioctl 438 cmd:0x20 arg3=0
01-01 00:00:06.487     0     0 E [0 T326   ..] [secmon]: DBG=======> dolby_fw_ioctl 438 cmd:0x30 arg3=0
01-01 00:00:06.522     0     0 E [0 T326   ..] [secmon]: DBG=======> dolby_fw_verify 231 DOLBY_FW_VERIFY_CRITICAL arg2=768 arg3=0
01-01 00:00:06.536     0     0 I [4 T190   ..] init: wait for '/dev/dolby_fw' took 0ms
01-01 00:00:06.628     0     0 E [1 T190   ..] [media_clock]: of_address_to_resource failed
01-01 00:00:06.635     0     0 W         : [6 T190   ..] firmware_codec firmware_vdec: Direct firmware load for video/h264_enc.bin failed with error -2
01-01 00:00:06.635     0     0 I [6 T190   ..] [firmware]: Error : -2 can't load the video/h264_enc.bin.
01-01 00:00:06.635     0     0 I [6 T190   ..] [firmware]: get data from fsys fail.
01-01 00:00:06.635     0     0 I [6 T190   ..] [firmware]: invalid file type.
01-01 00:00:06.661     0     0 E         : [6 T190   ..] vdec vdec: Get pwrc-vdec-2 failed, pm-domain: 0
01-01 00:00:06.661     0     0 E         : [6 T190   ..] vdec vdec: Get pwrc-hevc-b failed, pm-domain: 0
01-01 00:00:06.675     0     0 E         : [6 T190   ..] Amlogic A/V streaming port init
01-01 00:00:06.677     0     0 I [6 T190   ..] [media_clock]: get gate demux control failed 0000000000000000
01-01 00:00:06.677     0     0 I [6 T190   ..] [media_clock]: get gate parser_top control failed 0000000000000000
01-01 00:00:06.677     0     0 I [6 T190   ..] [media_clock]: get gate clk_81 control failed 0000000000000000
01-01 00:00:06.677     0     0 I [6 T190   ..] [media_clock]: get gate clk_hevc_mux control failed 0000000000000000
01-01 00:00:06.677     0     0 I [6 T190   ..] [media_clock]: get gate ahbarb0 control failed 0000000000000000
01-01 00:00:06.677     0     0 I [6 T190   ..] [media_clock]: get gate asyncfifo control failed 0000000000000000
01-01 00:00:06.677     0     0 I [6 T190   ..] [media_clock]: set_clock_gate get hevc_mux_str
01-01 00:00:06.677     0     0 I [6 T190   ..] [media_clock]: set_clock_gate get hevcb mux
01-01 00:00:06.677     0     0 I [6 T190   ..] [media_clock]: set_clock_gate get hcodec mux
01-01 00:00:06.677     0     0 I [6 T190   ..] [media_clock]: set_clock_gate get vdec mux
01-01 00:00:06.688     0     0 W         : [7 T1     ..] EXT4-fs (mmcblk0p15): Ignoring removed nomblk_io_submit option
--------- beginning of system
01-01 00:00:06.712   333   333 I vold    : Vold 3.0 (the awakening) firing up
01-01 00:00:06.712   333   333 D vold    : Detected support for: ext4 f2fs vfat exfat
01-01 00:00:06.722   333   333 D vold    : VoldNativeService::start() completed OK
01-01 00:00:06.739     0     0 I         : [2 T1     ..] EXT4-fs (mmcblk0p15): recovery complete
01-01 00:00:06.740     0     0 I         : [2 T1     ..] EXT4-fs (mmcblk0p15): mounted filesystem with ordered data mode. Opts: errors=remount-ro,nomblk_io_submit. Quota mode: journalled.
01-01 00:00:06.802     0     0 I [7 T1     ..] e2fsck: e2fsck 1.46.2 (28-Feb-2021)
01-01 00:00:06.805     0     0 I [1 T1     ..] e2fsck: Pass 1: Checking inodes, blocks, and sizes
01-01 00:00:06.806     0     0 I [1 T1     ..] e2fsck: Pass 2: Checking directory structure
01-01 00:00:06.809     0     0 I [1 T1     ..] e2fsck: Pass 3: Checking directory connectivity
01-01 00:00:06.809     0     0 I [6 T1     ..] e2fsck: Pass 4: Checking reference counts
01-01 00:00:06.809     0     0 I [1 T1     ..] e2fsck: Pass 5: Checking group summary information
01-01 00:00:06.814     0     0 I [1 T1     ..] e2fsck: /dev/block/by-name/param: 19/4096 files (21.1% non-contiguous), 2447/4096 blocks
01-01 00:00:06.818     0     0 W         : [5 T1     ..] EXT4-fs (mmcblk0p15): Ignoring removed nomblk_io_submit option
01-01 00:00:06.822     0     0 I         : [7 T1     ..] EXT4-fs (mmcblk0p15): mounted filesystem with ordered data mode. Opts: nodelalloc,nomblk_io_submit,errors=panic. Quota mode: journalled.
01-01 00:00:06.824     0     0 W         : [7 T1     ..] EXT4-fs (mmcblk0p9): Ignoring removed nomblk_io_submit option
01-01 00:00:06.830     0     0 I         : [5 T1     ..] EXT4-fs (mmcblk0p9): recovery complete
01-01 00:00:06.830     0     0 I         : [5 T1     ..] EXT4-fs (mmcblk0p9): mounted filesystem with ordered data mode. Opts: errors=remount-ro,nomblk_io_submit. Quota mode: none.
01-01 00:00:06.852     0     0 I [1 T1     ..] e2fsck: e2fsck 1.46.2 (28-Feb-2021)
01-01 00:00:06.854     0     0 I [1 T1     ..] e2fsck: Pass 1: Checking inodes, blocks, and sizes
01-01 00:00:06.855     0     0 I [1 T1     ..] e2fsck: Pass 2: Checking directory structure
01-01 00:00:06.867     0     0 W         : [4 T1     ..] EXT4-fs (mmcblk0p9): Ignoring removed nomblk_io_submit option
01-01 00:00:06.870     0     0 I         : [5 T1     ..] EXT4-fs (mmcblk0p9): mounted filesystem with ordered data mode. Opts: nodelalloc,nomblk_io_submit,errors=panic. Quota mode: none.
01-01 00:00:06.875     0     0 W         : [5 T1     ..] FAT-fs (mmcblk0p4): Volume was not properly unmounted. Some data may be corrupt. Please run fsck.
01-01 00:00:07.167     0     0 D [2 T365   ..] vdc: Waited 0ms for vold
01-01 00:00:07.181     0     0 E [3 T1     ..] init: [libfs_mgr]mount_with_alternatives(): skipping mount due to invalid magic, mountpoint=/data blk_dev=/dev/block/mmcblk0p33 rec[12].fs_type=f2fs
01-01 00:00:07.202   333   333 D vold    : fscrypt_mount_metadata_encrypted: /data encrypt: 0 format: 0 with null
01-01 00:00:07.202   333   333 D vold    : metadata_key_dir/key: /metadata/vold/metadata_encryption/key
01-01 00:00:07.203   333   333 D vold    : Key exists, using: /metadata/vold/metadata_encryption/key
01-01 00:00:07.205     0     0 D [3 T369   ..] vdc: Waited 0ms for vold
01-01 00:00:07.241   358   358 I keystore2: keystore2_main: Keystore2 is starting.
01-01 00:00:07.241   358   358 I keystore2: keystore2_main: Setting up sqlite logging for keystore2
01-01 00:00:07.246   358   358 W keystore2: keystore2::metrics_store: In update_keystore_crash_sysprop: Failed to read the existing system property due to: In read_keystore_crash_count: Property not set..Therefore, keystore crashes will not be logged.
01-01 00:00:07.250   358   358 I keystore2: keystore2_main: Starting thread pool now.
01-01 00:00:07.256   358   358 I keystore2: keystore2::globals: KeyMint device is current version (Some(200)) for security level: SecurityLevel(1)
01-01 00:00:07.296   358   371 I keystore2: keystore2::shared_secret_negotiation: Shared secret negotiation concluded successfully.
01-01 00:00:07.298   358   371 I keystore2: keystore2::shared_secret_negotiation: No StrongBox Keymint available, so no RoT transfer
01-01 00:00:07.298   358   358 I keystore2: keystore2_main: Successfully registered Keystore 2.0 service.
01-01 00:00:07.298   358   358 I keystore2: keystore2_main: Joining thread pool now.
01-01 00:00:07.324   333   333 D vold    : Mounting metadata-encrypted filesystem:/data
01-01 00:00:07.326   333   333 I vold    : [libfs_mgr]Running /system/bin/fsck.f2fs -a -c 10000 --debug-cache /dev/block/dm-35
01-01 00:00:07.349     0     0 I [3 T333   ..] fsck.f2fs: Info: Fix the reported corruption.
01-01 00:00:07.350     0     0 I [3 T333   ..] fsck.f2fs: Info: not exist /proc/version!
01-01 00:00:07.350     0     0 I [3 T333   ..] fsck.f2fs: Info: Segments per section = 1
01-01 00:00:07.350     0     0 I [3 T333   ..] fsck.f2fs: Info: Sections per zone = 1
01-01 00:00:07.350     0     0 I [3 T333   ..] fsck.f2fs: Info: sector size = 4096
01-01 00:00:07.351     0     0 I [3 T333   ..] fsck.f2fs: Info: total sectors = 3036416 (11861 MB)
01-01 00:00:07.352     0     0 I [3 T333   ..] fsck.f2fs: Info: MKFS version
01-01 00:00:07.352     0     0 I [3 T333   ..] fsck.f2fs: "6.8.0-51-generic"
01-01 00:00:07.352     0     0 I [3 T333   ..] fsck.f2fs: Info: FSCK version
01-01 00:00:07.352     0     0 I [3 T333   ..] fsck.f2fs: from "5.15.78-android13-8-g6933e98b9f35-ab558"
01-01 00:00:07.553     0     0 I         : [5 T333   ..] F2FS-fs (dm-35): recover_inode: ino = 24b3, name = <encrypted>, inline = 21
01-01 00:00:07.553     0     0 I         : [5 T333   ..] F2FS-fs (dm-35): recover_dentry: ino = 24b3, name = <encrypted>, dir = 186, err = 0
01-01 00:00:07.553     0     0 I         : [5 T333   ..] F2FS-fs (dm-35): recover_data: ino = 24b3 (i_size: recover) recovered = 1, err = 0
01-01 00:00:07.553     0     0 I         : [5 T333   ..] F2FS-fs (dm-35): recover_inode: ino = 15b3, name = <encrypted>, inline = 21
01-01 00:00:07.553     0     0 I         : [5 T333   ..] F2FS-fs (dm-35): recover_dentry: ino = 15b3, name = <encrypted>, dir = 81, err = 0
01-01 00:00:07.553     0     0 I         : [5 T333   ..] F2FS-fs (dm-35): recover_data: ino = 15b3 (i_size: recover) recovered = 3, err = 0
01-01 00:00:07.553     0     0 I         : [5 T333   ..] F2FS-fs (dm-35): recover_inode: ino = 24b4, name = <encrypted>, inline = 21
01-01 00:00:07.553     0     0 I         : [5 T333   ..] F2FS-fs (dm-35): recover_dentry: ino = 24b4, name = <encrypted>, dir = 186, err = 0
01-01 00:00:07.554     0     0 I         : [5 T333   ..] F2FS-fs (dm-35): recover_data: ino = 24b4 (i_size: recover) recovered = 1, err = 0
01-01 00:00:07.554     0     0 I         : [5 T333   ..] F2FS-fs (dm-35): recover_inode: ino = 24d9, name = <encrypted>, inline = 21
01-01 00:00:07.554     0     0 I         : [5 T333   ..] F2FS-fs (dm-35): recover_dentry: ino = 24d9, name = <encrypted>, dir = 565, err = 0
01-01 00:00:07.554     0     0 I         : [5 T333   ..] F2FS-fs (dm-35): recover_data: ino = 24d9 (i_size: recover) recovered = 1, err = 0
01-01 00:00:07.554     0     0 I         : [5 T333   ..] F2FS-fs (dm-35): recover_inode: ino = 24da, name = <encrypted>, inline = 21
01-01 00:00:07.555     0     0 I         : [5 T333   ..] F2FS-fs (dm-35): recover_dentry: ino = 24da, name = <encrypted>, dir = 565, err = 0
01-01 00:00:07.555     0     0 I         : [5 T333   ..] F2FS-fs (dm-35): recover_data: ino = 24da (i_size: recover) recovered = 1, err = 0
01-01 00:00:07.562     0     0 I         : [5 T333   ..] F2FS-fs (dm-35): checkpoint: version = 53e7fae8
01-01 00:00:07.563     0     0 I         : [5 T333   ..] F2FS-fs (dm-35): Mounted with checkpoint version = 53e7fae8
01-01 00:00:07.560   333   333 I vold    : [libfs_mgr]__mount(source=/dev/block/dm-35,target=/data,type=f2fs)=0: Success
01-01 00:00:07.561   333   333 D vold    : Mounted /data
01-01 00:00:07.616     0     0 I [5 T1     ..] zram0: detected capacity change from 0 to 944952
01-01 00:00:07.638     0     0 I         : [5 T1     ..] Adding 472472k swap on /dev/block/zram0.  Priority:-2 extents:1 across:472472k SS
01-01 00:00:07.640     0     0 E [5 T1     ..] init: Control message: Could not find 'aidl/android.system.keystore2.IKeystoreService/default' for ctl.interface_start from pid: 316 (/system/bin/servicemanager)
01-01 00:00:07.658   333   333 I Checkpoint: cp_prepareCheckpoint called
01-01 00:00:07.671     0     0 I         : [4 T8     ..] [TEE] M/TA: KeymasterTA (info): app/ipc/keymaster_ipc.cpp, Line 1090: Amlogic KEYMINT! Build Time: May  3 2023 12:16:11 version: a6237c9 TDK: ab02024
01-01 00:00:07.671     0     0 I         : [4 T8     ..] [TEE] M/TA: KeymasterTA (warn): app/ipc/keymaster_ipc.cpp, Line 492: Dispatching GET_VERSION_2, size: 4
01-01 00:00:07.671     0     0 I         : [4 T8     ..] [TEE] M/TA: KeymasterTA (info): app/trusty_keymaster_context.cpp, Line 827: Master key is derived from KDF
01-01 00:00:07.684   333   333 I vold    : fscrypt_initialize_systemwide_keys
01-01 00:00:07.685   333   333 D vold    : Key exists, using: /data/unencrypted/key
01-01 00:00:07.687     0     0 D [2 T386   ..] vdc: Waited 0ms for vold
01-01 00:00:07.701   333   333 D vold    : Installed fscrypt key with ref 8cbb9ee6949ebe5b1497a3829afbf355 to /data
01-01 00:00:07.701   333   333 D vold    : Added fscrypt-provisioning key for 8cbb9ee6949ebe5b1497a3829afbf355 to session keyring
01-01 00:00:07.703   333   333 I vold    : Wrote system DE key reference to:/data/unencrypted/ref
01-01 00:00:07.703   333   333 D vold    : Generating standard storage key
01-01 00:00:07.704   333   333 D vold    : Installed fscrypt key with ref 8c672295f6b9cebeaef6d5835b0bb767 to /data
01-01 00:00:07.704   333   333 D vold    : Added fscrypt-provisioning key for 8c672295f6b9cebeaef6d5835b0bb767 to session keyring
01-01 00:00:07.705   333   333 I vold    : Wrote per boot key reference to:/data/unencrypted/per_boot_ref
01-01 00:00:07.712     0     0 I [5 T1     ..] fscrypt: AES-256-CTS-CBC using implementation "cts-cbc-aes-ce"
01-01 00:00:07.712     0     0 I [5 T1     ..] fscrypt: AES-256-XTS using implementation "xts-aes-ce"
01-01 00:00:07.782   333   333 I incfs   : Initial API level of the device: 33
01-01 00:00:07.782   333   333 I incfs   : ro.incremental.enable: yes
01-01 00:00:07.783   333   333 I incfs   : isFsAvailable: true
01-01 00:00:07.783   333   333 I incfs   : isFsAvailable: true
01-01 00:00:07.783   333   333 I incfs   : IncFs_Features: v2
01-01 00:00:07.784   358   358 I keystore2: keystore2::maintenance: In early_boot_ended.
01-01 00:00:07.800   358   358 I keystore2: keystore2::globals: Touching Keystore 2.0 database for this first time since boot.
01-01 00:00:07.800   358   358 I keystore2: keystore2::globals: Calling cleanup leftovers.
01-01 00:00:07.805   358   358 I keystore2: keystore2::super_key: Starting boot level watcher.
01-01 00:00:07.806   358   391 I keystore2: keystore2::super_key: Read keystore.boot_level value 30
01-01 00:00:07.806   358   358 I keystore2: keystore2::maintenance: Call to earlyBootEnded succeeded for security level TRUSTED_ENVIRONMENT.
01-01 00:00:07.806   358   391 I keystore2: keystore2::super_key: Read keystore.boot_level value 30
01-01 00:00:07.809   358   358 E keystore2: keystore2::maintenance: Call to earlyBootEnded failed for security level STRONGBOX: In call_with_watchdog: getting keymint device.
01-01 00:00:07.809   358   358 E keystore2: keystore2::error: In call_with_watchdog: getting keymint device
01-01 00:00:07.809   358   358 E keystore2: 
01-01 00:00:07.809   358   358 E keystore2: Caused by:
01-01 00:00:07.809   358   358 E keystore2:     0: In get_keymint_device.
01-01 00:00:07.809   358   358 E keystore2:     1: In connect_keymint: Trying to get Legacy wrapper.
01-01 00:00:07.809   358   358 E keystore2:     2: Error::Km(ErrorCode(-68))
01-01 00:00:07.809   333   333 E vold    : keystore2 Keystore earlyBootEnded returned service specific error: -68
01-01 00:00:07.813     0     0 E [7 T333   ..] vold: keystore2 Keystore earlyBootEnded returned service specific error: -68
01-01 00:00:07.818     0     0 E [3 T189   ..] init: Loading peristant properties
01-01 00:00:07.884     0     0 I [2 T393   ..] apexd: Scanning /system/apex for pre-installed ApexFiles
01-01 00:00:07.885     0     0 I [2 T393   ..] apexd: Found pre-installed APEX /system/apex/com.android.mediaprovider.capex
01-01 00:00:07.886     0     0 I [2 T393   ..] apexd: Found pre-installed APEX /system/apex/com.android.ipsec.capex
01-01 00:00:07.888     0     0 I [2 T393   ..] apexd: Found pre-installed APEX /system/apex/com.android.permission.capex
01-01 00:00:07.889     0     0 I [2 T393   ..] apexd: Found pre-installed APEX /system/apex/com.android.neuralnetworks.capex
01-01 00:00:07.890     0     0 I [2 T393   ..] apexd: Found pre-installed APEX /system/apex/com.android.adbd.capex
01-01 00:00:07.891     0     0 I [2 T393   ..] apexd: Found pre-installed APEX /system/apex/com.android.i18n.apex
01-01 00:00:07.892     0     0 I [2 T393   ..] apexd: Found pre-installed APEX /system/apex/com.android.vndk.current.apex
01-01 00:00:07.893     0     0 I [2 T393   ..] apexd: Found pre-installed APEX /system/apex/com.android.uwb.capex
01-01 00:00:07.893     0     0 I [2 T393   ..] apexd: Found pre-installed APEX /system/apex/com.android.resolv.capex
01-01 00:00:08.029     0     0 I [7 T396   ..] loop4: detected capacity change from 0 to 73616
01-01 00:00:08.031     0     0 I [0 T397   ..] loop5: detected capacity change from 0 to 94152
01-01 00:00:08.032     0     0 I [2 T398   ..] loop6: detected capacity change from 0 to 3848
01-01 00:00:08.033     0     0 I [7 T399   ..] loop7: detected capacity change from 0 to 536
01-01 00:00:08.119     0     0 I         : [5 T399   ..] EXT4-fs (loop7): mounted filesystem without journal. Opts: (null). Quota mode: none.
01-01 00:00:08.119     0     0 I         : [4 T396   ..] EXT4-fs (loop4): mounted filesystem without journal. Opts: (null). Quota mode: none.
01-01 00:00:08.121     0     0 I [4 T396   ..] loop8: detected capacity change from 0 to 1728
01-01 00:00:08.122     0     0 I [5 T399   ..] loop9: detected capacity change from 0 to 15880
01-01 00:00:08.126     0     0 I         : [6 T397   ..] EXT4-fs (loop5): mounted filesystem without journal. Opts: (null). Quota mode: none.
01-01 00:00:08.128     0     0 I [6 T397   ..] loop10: detected capacity change from 0 to 6824
01-01 00:00:08.140     0     0 I         : [7 T398   ..] EXT4-fs (loop6): mounted filesystem without journal. Opts: (null). Quota mode: none.
01-01 00:00:08.142     0     0 I [7 T398   ..] loop11: detected capacity change from 0 to 171600
01-01 00:00:08.227     0     0 I         : [5 T399   ..] EXT4-fs (loop9): mounted filesystem without journal. Opts: (null). Quota mode: none.
01-01 00:00:08.228     0     0 I         : [4 T396   ..] EXT4-fs (loop8): mounted filesystem without journal. Opts: (null). Quota mode: none.
01-01 00:00:08.230     0     0 I [5 T399   ..] loop12: detected capacity change from 0 to 536
01-01 00:00:08.231     0     0 I [4 T396   ..] loop13: detected capacity change from 0 to 536
01-01 00:00:08.237     0     0 I         : [6 T397   ..] EXT4-fs (loop10): mounted filesystem without journal. Opts: (null). Quota mode: none.
01-01 00:00:08.239     0     0 I [6 T397   ..] loop14: detected capacity change from 0 to 40864
01-01 00:00:08.256     0     0 I [7 T398   ..] device-mapper: verity: sha256 using implementation "sha256-ce"
01-01 00:00:08.284     0     0 I         : [7 T398   ..] EXT4-fs (dm-8): mounted filesystem without journal. Opts: (null). Quota mode: none.
01-01 00:00:08.285     0     0 I [7 T398   ..] loop15: detected capacity change from 0 to 1504
01-01 00:00:08.298     0     0 I         : [5 T399   ..] EXT4-fs (loop12): mounted filesystem without journal. Opts: (null). Quota mode: none.
01-01 00:00:08.298     0     0 I         : [4 T396   ..] EXT4-fs (loop13): mounted filesystem without journal. Opts: (null). Quota mode: none.
01-01 00:00:08.300     0     0 I [4 T396   ..] loop16: detected capacity change from 0 to 1480
01-01 00:00:08.334     0     0 I         : [6 T397   ..] EXT4-fs (loop14): mounted filesystem without journal. Opts: (null). Quota mode: none.
01-01 00:00:08.354     0     0 I [1 T399   ..] loop17: detected capacity change from 0 to 16312
01-01 00:00:08.365     0     0 I [7 T396   ..] device-mapper: verity: sha256 using implementation "sha256-ce"
01-01 00:00:08.373     0     0 I         : [7 T398   ..] EXT4-fs (loop15): mounted filesystem without journal. Opts: (null). Quota mode: none.
01-01 00:00:08.395     0     0 I         : [7 T396   ..] EXT4-fs (dm-34): mounted filesystem without journal. Opts: (null). Quota mode: none.
01-01 00:00:08.407     0     0 I [1 T399   ..] device-mapper: verity: sha256 using implementation "sha256-ce"
01-01 00:00:08.414     0     0 I [6 T397   ..] loop18: detected capacity change from 0 to 39536
01-01 00:00:08.438     0     0 I         : [7 T399   ..] EXT4-fs (dm-33): mounted filesystem without journal. Opts: (null). Quota mode: none.
01-01 00:00:08.471     0     0 I [7 T398   ..] loop19: detected capacity change from 0 to 18952
01-01 00:00:08.492     0     0 I [6 T397   ..] device-mapper: verity: sha256 using implementation "sha256-ce"
01-01 00:00:08.518     0     0 I         : [6 T397   ..] EXT4-fs (dm-32): mounted filesystem without journal. Opts: (null). Quota mode: none.
01-01 00:00:08.531     0     0 I [7 T396   ..] loop20: detected capacity change from 0 to 536
01-01 00:00:08.573     0     0 I [7 T398   ..] device-mapper: verity: sha256 using implementation "sha256-ce"
01-01 00:00:08.587     0     0 I [7 T399   ..] loop21: detected capacity change from 0 to 11784
01-01 00:00:08.599     0     0 I         : [7 T398   ..] EXT4-fs (dm-31): mounted filesystem without journal. Opts: (null). Quota mode: none.
01-01 00:00:08.611     0     0 I [7 T396   ..] device-mapper: verity: sha256 using implementation "sha256-ce"
