01-06 02:48:46.968     0     0 D [6 T495   ..] LibBpfLoader: Adding section 3 to cs list
01-06 02:48:46.969     0     0 D [6 T495   ..] LibBpfLoader: Couldn't find section btf_min_bpfloader_ver (defaulting to 0 [0x0]).
01-06 02:48:46.969     0     0 D [6 T495   ..] LibBpfLoader: Couldn't find section btf_min_kernel_ver (defaulting to 0 [0x0]).
01-06 02:48:47.049     0     0 I         : [5 T186   ..] Mass Storage Function, version: 2009/09/11
01-06 02:48:47.049     0     0 I [5 T186   ..] LUN: removable file: (no medium)
01-06 02:48:47.052     0     0 I         : [5 T186   ..] file system registered
01-06 02:48:47.057     0     0 W         : [6 T186   ..] using random self ethernet address
01-06 02:48:47.057     0     0 W         : [6 T186   ..] using random host ethernet address
01-06 02:48:47.239     0     0 W         : [6 T186   ..] T7 doesn't support hcodec avc encoder!!
01-06 02:48:47.408     0     0 I         : [5 T186   ..] aml-vcodec-dec vcodec_dec: v4ldec registered as /dev/video26
01-06 02:48:47.419     0     0 E         : [2 T186   ..] register_amlogic_afbc_dec_fun
01-06 02:48:47.459     0     0 I         : [2 T186   ..] Registered frame rate driver success.
01-06 02:48:47.709     0     0 E [5 T186   ..] map_store: rm default
01-06 02:48:47.710     0     0 E [5 T186   ..] map_store: add default decoder ppmgr deinterlace amvideo
01-06 02:48:47.711     0     0 I [1 T186   ..] [snd-soc]: drc high cut scale set to 0%
01-06 02:48:47.711     0     0 I [2 T186   ..] [snd-soc]: drc low boost scale set to 0%
01-06 02:48:47.712     0     0 I [2 T186   ..] [snd-soc]: drc mode set to RF
01-06 02:48:47.722     0     0 W [0 T517   ..] healthd: No battery devices found
01-06 02:48:47.726     0     0 W [1 T517   ..] healthd: battery none chg=
01-06 02:48:47.737     0     0 I         : [5 T8     ..] [TEE] I/TA:
01-06 02:48:47.737     0     0 I         : [5 T8     ..] [TEE] MM-module-name:Youtube TA,Version:1.0.6-gd116617(build:7738)
01-06 02:48:47.760     0     0 I [7 T548   ..] [pm]: early_suspend_state=0
01-06 02:48:48.047     0     0 E [2 T1     ..] init: Control message: Could not find 'vendor.amlogic.hardware.tvserver@1.0::ITvServer/default' for ctl.interface_start from pid: 317 (/system/bin/hwservicemanager)
01-06 02:48:48.102     0     0 I         : [4 T506   ..] vdin0 req vs irq 83
01-06 02:48:48.102     0     0 I         : [4 T506   ..] vdin0 req meta_wr_done_irq
01-06 02:48:48.111     0     0 I [7 T506   ..] [efuse-unifykey]: already inited!
01-06 02:48:48.111     0     0 E [7 T506   ..] [efuse-unifykey]: could not found key hdcp22_rx_fw
01-06 02:48:48.111     0     0 E [7 T506   ..] [efuse-unifykey]: please set key name first, exist_show:751
01-06 02:48:48.112     0     0 I [7 T506   ..] [efuse-unifykey]: already inited!
01-06 02:48:48.113     0     0 E [7 T506   ..] [efuse-unifykey]: could not found key hdcp14_rx
01-06 02:48:48.137     0     0 I [7 T506   ..] [efuse-unifykey]: already inited!
01-06 02:48:48.137     0     0 E [7 T506   ..] [efuse-unifykey]: could not found key hdcp22_rx_fw
01-06 02:48:48.137     0     0 E [7 T506   ..] [efuse-unifykey]: please set key name first, exist_show:751
01-06 02:48:48.150     0     0 I         : [7 T506   ..] vt session 506-0 create
01-06 02:48:48.223     0     0 I         : [3 T516   ..] drm_hdmitx_get_vrr_cap not support vrr
01-06 02:48:48.223     0     0 I         : [3 T516   ..] drm_hdmitx_get_rx_hdcp_cap rx hdcp [1]
01-06 02:48:48.223     0     0 I         : [3 T516   ..] drm_hdmitx_get_rx_hdcp_cap rx hdcp [1]
01-06 02:48:48.248     0     0 E [1 T1     ..] init: Control message: Could not find 'vendor.amlogic.hardware.tvserver@1.0::ITvServer/default' for ctl.interface_start from pid: 317 (/system/bin/hwservicemanager)
01-06 02:48:48.462     0     0 E [1 T1     ..] init: Control message: Could not find 'vendor.amlogic.hardware.tvserver@1.0::ITvServer/default' for ctl.interface_start from pid: 317 (/system/bin/hwservicemanager)
01-06 02:48:48.528     0     0 W [1 T495   ..] printk: bpfloader: 1679 output lines suppressed due to ratelimiting
01-06 02:48:48.648     0     0 E [1 T188   ..] selinux: SELinux:  Could not stat /sys/devices/virtual/net/ipsec_test/carrier_changes: No such file or directory.
01-06 02:48:48.649     0     0 E [1 T188   ..] selinux:  
01-06 02:48:48.650     0     0 E [1 T188   ..] selinux: SELinux:  Could not stat /sys/devices/virtual/net/ipsec_test/testing: No such file or directory.
01-06 02:48:48.651     0     0 E [1 T188   ..] selinux:  
01-06 02:48:48.652     0     0 E [1 T188   ..] selinux: SELinux:  Could not stat /sys/devices/virtual/net/ipsec_test/carrier: No such file or directory.
01-06 02:48:48.653     0     0 E [1 T188   ..] selinux:  
01-06 02:48:48.653     0     0 E [1 T188   ..] selinux: SELinux:  Could not stat /sys/devices/virtual/net/ipsec_test/carrier_down_count: No such file or directory.
01-06 02:48:48.655     0     0 E [1 T188   ..] selinux:  
01-06 02:48:48.655     0     0 E [1 T188   ..] selinux: SELinux:  Could not stat /sys/devices/virtual/net/ipsec_test/proto_down: No such file or directory.
01-06 02:48:48.657     0     0 E [1 T188   ..] selinux:  
01-06 02:48:48.670     0     0 E [7 T1     ..] init: Control message: Could not find 'vendor.amlogic.hardware.tvserver@1.0::ITvServer/default' for ctl.interface_start from pid: 317 (/system/bin/hwservicemanager)
01-06 02:48:48.761     0     0 I         : [5 T422   ..] [TEE] M/TA: gatekeeper_messages: 412: Amlogic GATEKEEPER! Build Time: Mar 20 2023 15:26:51 version: 6030636 TDK: ab02024
01-06 02:48:48.761     0     0 I         : [5 T422   ..] [TEE] E/TA:   MM-module-name:Video firmware TA,Version:1.0.5-g3604ffd(build:6514)
01-06 02:48:48.761     0     0 I         : [5 T422   ..] [TEE] E/TA:   fw_check_pack_version:292 the package has 15 fws totally.
01-06 02:48:48.761     0     0 I         : [5 T422   ..] [TEE] E/TA:   fw_check_pack_version:309 The TA ver is v1.0
01-06 02:48:48.761     0     0 I         : [5 T422   ..] [TEE] E/TA:   fw_check_pack_version:310 The fw ver is v0.4
01-06 02:48:48.761     0     0 I         : [5 T422   ..] [TEE] E/TA:   fw_data_insert:389 the fw with 332 KB will be loaded.
01-06 02:48:48.761     0     0 I         : [5 T422   ..] [TEE] M/TA: TEE_Video_Load_FW success
01-06 02:48:48.777     0     0 I [0 T506   ..] dim: load 0x400 pq len 168 later.
01-06 02:48:48.862     0     0 E [4 T1     ..] init: Control message: Could not find 'vendor.amlogic.hardware.tvserver@1.0::ITvServer/default' for ctl.interface_start from pid: 317 (/system/bin/hwservicemanager)
01-06 02:48:48.952     0     0 E [5 T1     ..] init: Control message: Could not find 'aidl/package_native' for ctl.interface_start from pid: 316 (/system/bin/servicemanager)
01-06 02:48:49.002     0     0 I [5 T506   ..] dim: load 0x1000 pq len 17 later.
01-06 02:48:49.004     0     0 I [5 T506   ..] dim: load 0x2000 pq len 32 later.
01-06 02:48:49.063     0     0 E [6 T1     ..] init: Control message: Could not find 'vendor.amlogic.hardware.tvserver@1.0::ITvServer/default' for ctl.interface_start from pid: 317 (/system/bin/hwservicemanager)
01-06 02:48:49.170     0     0 I         : [2 T673   ..] read descriptors
01-06 02:48:49.170     0     0 I         : [2 T673   ..] read strings
01-06 02:48:49.264     0     0 E [2 T1     ..] init: Control message: Could not find 'vendor.amlogic.hardware.tvserver@1.0::ITvServer/default' for ctl.interface_start from pid: 317 (/system/bin/hwservicemanager)
01-06 02:48:49.405     0     0 I         : [1 T682   ..] tee load hdcp key ready
01-06 02:48:49.405     0     0 I         : [1 T682   ..] hdmi ready but hdcp not enabled, enable now
01-06 02:48:49.415     0     0 I [1 T190   ..] hdmitx: rd[0x000a] 0x00
01-06 02:48:49.464     0     0 I [0 T20    ..] android_work: sent uevent USB_STATE=CONNECTED
01-06 02:48:49.465     0     0 E [4 T1     ..] init: Control message: Could not find 'vendor.amlogic.hardware.tvserver@1.0::ITvServer/default' for ctl.interface_start from pid: 317 (/system/bin/hwservicemanager)
01-06 02:48:49.548     0     0 I [0 T20    ..] android_work: sent uevent USB_STATE=CONFIGURED
01-06 02:48:49.630     0     0 I [0 T182   ..] hdmitx: rd[0x062b] 0x4c
01-06 02:48:49.630     0     0 I [0 T182   ..] hdmitx: rd[0x062c] 0x4c
01-06 02:48:49.630     0     0 I [0 T182   ..] hdmitx: rd[0x062d] 0xfc
01-06 02:48:49.630     0     0 I [0 T182   ..] hdmitx: rd[0x062e] 0xe5
01-06 02:48:49.630     0     0 I [0 T182   ..] hdmitx: rd[0x062f] 0xa2
01-06 02:48:49.630     0     0 I [0 T20    ..] cec: [hdmitx_notify_callback] unsupported notify:4
01-06 02:48:49.642     0     0 E [3 T1     ..] init: Control message: Could not find 'aidl/android.hardware.graphics.composer3.IComposer/default' for ctl.interface_start from pid: 316 (/system/bin/servicemanager)
01-06 02:48:49.643     0     0 D         : [0 T631   ..] caamkeys_ioctl(cmd=3221813249)
01-06 02:48:49.690     0     0 I [3 T120   ..] hdcptx: 1  auth: 1
01-06 02:48:49.743     0     0 I [7 T506   ..] dim: load 0x200 pq len 25 later.
01-06 02:48:49.760     0     0 I [6 T506   ..] dim: load 0x800 pq len 103 later.
01-06 02:48:49.785     0     0 I         : [1 T446   ..] [TEE] E/TA:   OPTEE_PlatformInit:47
01-06 02:48:49.785     0     0 I         : [1 T446   ..] [TEE] MM-module-name:Widevine TA,Version:17.1-r1.14-ga3ab5eb-p1(build:1509)
01-06 02:48:49.786     0     0 I         : [1 T446   ..] [TEE] E/TA:   OPTEE_MigrateGenerationNumPersistentData:399 migrate read GenerationNum from reefs error. NOT ERROR
01-06 02:48:49.786     0     0 I         : [1 T446   ..] [TEE] I/TA: TA_CloseSessionEntryPoint
01-06 02:48:49.786     0     0 I         : [1 T446   ..] [TEE] M/TA: [PROVISION-TA] the same key [0x11 WIDEVINE_KEY] already exists
01-06 02:48:49.786     0     0 I         : [1 T446   ..] [TEE] M/TA: [PROVISION-TA] the same key [0x31 HDCP_TX14_KEY] already exists
01-06 02:48:49.786     0     0 I         : [1 T446   ..] [TEE] M/TA: [PROVISION-TA] the same key [0x33 HDCP_RX14_KEY] already exists
01-06 02:48:49.786     0     0 I         : [1 T446   ..] [TEE] M/TA: [PROVISION-TA] the same key [0x32 HDCP_TX22_KEY] already exists
01-06 02:48:49.786     0     0 I         : [1 T446   ..] [TEE] M/TA: [PROVISION-TA] the same key [0x36 HDCP_RX22_FW_PRIVATE] already exists
01-06 02:48:49.786     0     0 I         : [1 T446   ..] [TEE] E/TA:   cmd_hdcp_read_key:951 [HDCP-TA] cmd_hdcp_read_key: hdcp_read_key(hdcp_rx22_fw.bin) failed, ret = 0xffff0008
01-06 02:48:49.870     0     0 I         : [3 T506   ..] aad argp = 00000000c88460c8	db_o_bl_cv.length=13 mem_size=52
01-06 02:48:49.870     0     0 I         : [3 T506   ..] db_o_bl_cv control db_cabc_aad_param_s success
01-06 02:48:49.870     0     0 I         : [3 T506   ..] db_maxbin_bl_cv control db_cabc_aad_param_s success
01-06 02:48:49.871     0     0 I         : [3 T506   ..] db_LUT_RG_gain control db_cabc_aad_param_s success
01-06 02:48:49.871     0     0 I         : [3 T506   ..] db_LUT_RG_gain control db_cabc_aad_param_s success
01-06 02:48:49.871     0     0 I         : [3 T506   ..] db_LUT_BG_gain control db_cabc_aad_param_s success
01-06 02:48:49.871     0     0 I         : [3 T506   ..] db_gain_lut control db_cabc_aad_param_s success
01-06 02:48:49.871     0     0 I         : [3 T506   ..] db_xy_lut control db_cabc_aad_param_s success
01-06 02:48:49.895     0     0 W [3 T727   d.] audit_log_start: 223 callbacks suppressed
01-06 02:48:49.895     0     0 W [3 T727   ..] audit: audit_backlog=66 > audit_backlog_limit=64
01-06 02:48:49.895     0     0 W [3 T727   ..] audit: audit_lost=78 audit_rate_limit=0 audit_backlog_limit=64
01-06 02:48:49.895     0     0 E [3 T727   ..] audit: backlog limit exceeded
01-06 02:48:49.895     0     0 W [0 T729   ..] audit: audit_backlog=66 > audit_backlog_limit=64
01-06 02:48:49.895     0     0 W [0 T729   ..] audit: audit_lost=79 audit_rate_limit=0 audit_backlog_limit=64
01-06 02:48:49.895     0     0 E [0 T729   ..] audit: backlog limit exceeded
01-06 02:48:49.895     0     0 W [3 T727   ..] audit: audit_backlog=66 > audit_backlog_limit=64
01-06 02:48:49.896     0     0 W [3 T727   ..] audit: audit_lost=80 audit_rate_limit=0 audit_backlog_limit=64
01-06 02:48:49.896     0     0 E [3 T727   ..] audit: backlog limit exceeded
01-06 02:48:49.897     0     0 W [0 T729   ..] audit: audit_backlog=65 > audit_backlog_limit=64
01-06 02:48:50.042     0     0 I         : [0 T516   ..] video_composer_open iminor(inode) =0
01-06 02:48:50.042     0     0 I [0 T516   ..] vc: [0]vd_render_index_get: render_index is 0.
01-06 02:48:50.042     0     0 I [0 T516   ..] vc: [0]get capability: min 64 64; max 4096 2160
01-06 02:48:50.042     0     0 I         : [0 T516   ..] video_composer_open iminor(inode) =1
01-06 02:48:50.043     0     0 I [0 T516   ..] vc: [1]vd_render_index_get: render_index is 5.
01-06 02:48:50.043     0     0 I [0 T516   ..] vc: [1]get capability: min 64 64; max 4096 2160
01-06 02:48:50.043     0     0 I         : [0 T516   ..] video_composer_open iminor(inode) =2
01-06 02:48:50.043     0     0 I [0 T516   ..] vc: [2]vd_render_index_get: render_index is 2.
01-06 02:48:50.043     0     0 I [0 T516   ..] vc: [2]get capability: min 64 64; max 4096 2160
01-06 02:48:50.046     0     0 I         : [3 T516   ..] drm_hdmitx_get_vrr_cap not support vrr
01-06 02:48:50.046     0     0 I         : [3 T516   ..] drm_hdmitx_get_rx_hdcp_cap rx hdcp [1]
01-06 02:48:50.046     0     0 I         : [3 T516   ..] drm_hdmitx_get_rx_hdcp_cap rx hdcp [1]
01-06 02:48:50.048     0     0 I         : [3 T516   ..] drm_hdmitx_get_vrr_cap not support vrr
01-06 02:48:50.048     0     0 I         : [3 T516   ..] drm_hdmitx_get_rx_hdcp_cap rx hdcp [1]
01-06 02:48:50.048     0     0 I         : [3 T516   ..] drm_hdmitx_get_rx_hdcp_cap rx hdcp [1]
01-06 02:48:50.051     0     0 I [3 T516   ..] vc: [0]get capability: min 64 64; max 4096 2160
01-06 02:48:50.051     0     0 I [3 T516   ..] vc: [2]get capability: min 64 64; max 4096 2160
01-06 02:48:50.076     0     0 I         : [3 T506   ..] avmute_store 1
01-06 02:48:50.111     0     0 I [7 T536   ..] [efuse-unifykey]: already inited!
01-06 02:48:50.111     0     0 E [7 T536   ..] [efuse-unifykey]: could not found key hdcp14_rx
01-06 02:48:50.129     0     0 I [2 T536   ..] cec: port_seq:4123
01-06 02:48:50.136     0     0 W         : [4 T536   ..] [RX]-EDID size1 =1536
01-06 02:48:50.136     0     0 W         : [4 T536   ..] [RX]-EDID size2 =1536
01-06 02:48:50.136     0     0 W [4 T536   ..] [RX]-HDMIRX: fill edid buf, size 1536
01-06 02:48:50.137     0     0 W         : [4 T536   ..] [RX]-edid select for UI HDMI4~1: 0x1111, for portD~A: 0x1111
01-06 02:48:50.137     0     0 W         : [4 T536   ..] [RX]-set vrr_func_en to: 0
01-06 02:48:50.137     0     0 W         : [4 T536   ..] [RX]-no this data blk in edid
01-06 02:48:50.137     0     0 W         : [4 T536   ..] [RX]-no this data blk in edid
01-06 02:48:50.144     0     0 W         : [4 T536   ..] [RX]-no this data blk in edid
01-06 02:48:50.144     0     0 W         : [4 T536   ..] [RX]-no this data blk in edid
01-06 02:48:50.149     0     0 W         : [4 T536   ..] [RX]-no this data blk in edid
01-06 02:48:50.149     0     0 W         : [4 T536   ..] [RX]-no this data blk in edid
01-06 02:48:50.152     0     0 W         : [4 T536   ..] [RX]-hdmirx_hw_config port:0
01-06 02:48:50.152     0     0 W         : [4 T536   ..] [RX]-force_fsm_init
01-06 02:48:50.153     0     0 W         : [4 T536   ..] [RX]-no this data blk in edid
01-06 02:48:50.153     0     0 W         : [4 T536   ..] [RX]-no this data blk in edid
01-06 02:48:50.156     0     0 W         : [4 T536   ..] [RX]-no this data blk in edid
01-06 02:48:50.156     0     0 W         : [4 T536   ..] [RX]-no this data blk in edid
01-06 02:48:50.160     0     0 W         : [4 T536   ..] [RX]-no this data blk in edid
01-06 02:48:50.160     0     0 W         : [4 T536   ..] [RX]-no this data blk in edid
01-06 02:48:50.163     0     0 W         : [4 T536   ..] [RX]-hdmirx_hw_config port:1
01-06 02:48:50.164     0     0 W         : [4 T536   ..] [RX]-force_fsm_init
01-06 02:48:50.164     0     0 W         : [4 T536   ..] [RX]-no this data blk in edid
01-06 02:48:50.164     0     0 W         : [4 T536   ..] [RX]-no this data blk in edid
01-06 02:48:50.167     0     0 W         : [2 T536   ..] [RX]-no this data blk in edid
01-06 02:48:50.167     0     0 W         : [2 T536   ..] [RX]-no this data blk in edid
01-06 02:48:50.169     0     0 W         : [2 T536   ..] [RX]-no this data blk in edid
01-06 02:48:50.169     0     0 W         : [2 T536   ..] [RX]-no this data blk in edid
01-06 02:48:50.171     0     0 W         : [2 T536   ..] [RX]-hdmirx_hw_config port:2
01-06 02:48:50.171     0     0 W         : [2 T536   ..] [RX]-force_fsm_init
01-06 02:48:50.171     0     0 W         : [2 T536   ..] [RX]-no this data blk in edid
01-06 02:48:50.171     0     0 W         : [2 T536   ..] [RX]-no this data blk in edid
01-06 02:48:50.173     0     0 W         : [2 T536   ..] [RX]-no this data blk in edid
01-06 02:48:50.173     0     0 W         : [2 T536   ..] [RX]-no this data blk in edid
01-06 02:48:50.175     0     0 W         : [2 T536   ..] [RX]-no this data blk in edid
01-06 02:48:50.175     0     0 W         : [2 T536   ..] [RX]-no this data blk in edid
01-06 02:48:50.178     0     0 W         : [2 T536   ..] [RX]-hdmirx_hw_config port:3
01-06 02:48:50.178     0     0 W         : [2 T536   ..] [RX]-force_fsm_init
01-06 02:48:50.178     0     0 W         : [2 T536   ..] [RX]-*update edid*
01-06 02:48:50.329     0     0 I         : [1 T506   ..] avmute_store -1
01-06 02:48:50.857     0     0 I         : [0 T143   ..] free_reserved_mem 293 logo start_addr=3f800000, end=40000000
01-06 02:48:50.858     0     0 I [0 T143   ..] [memory-debug]: Freeing fb-memory memory: 8192K
01-06 02:48:50.859     0     0 I         : [0 T143   ..] [drm] am_meson_free_logo_memory, free none_cma memory: addr:0x0x000000003f800000,size:0x800000
01-06 02:48:53.680     0     0 E [2 T1     ..] init: Control message: Could not find 'aidl/device_state' for ctl.interface_start from pid: 316 (/system/bin/servicemanager)
01-06 02:48:53.958     0     0 E [4 T1     ..] init: Control message: Could not find 'aidl/package_native' for ctl.interface_start from pid: 316 (/system/bin/servicemanager)
01-06 02:48:54.681     0     0 E [5 T1     ..] init: Control message: Could not find 'aidl/device_state' for ctl.interface_start from pid: 316 (/system/bin/servicemanager)
01-06 02:48:54.960     0     0 E [5 T1     ..] init: Control message: Could not find 'aidl/package_native' for ctl.interface_start from pid: 316 (/system/bin/servicemanager)
--------- beginning of system
01-06 02:48:55.203   944   944 E PackageManager: Package com.droidlogic.mediacenter was user id 0 but is now user SharedUserSetting{c51a388 android.uid.system/1000} with id 1000; I am not changing its files so it will probably fail!
01-06 02:48:55.203   944   944 E PackageManager: Package com.droidlogic was user id 0 but is now user SharedUserSetting{c51a388 android.uid.system/1000} with id 1000; I am not changing its files so it will probably fail!
01-06 02:48:55.204   944   944 E PackageManager: Package com.droidlogic.tv.settings was user id 0 but is now user SharedUserSetting{c51a388 android.uid.system/1000} with id 1000; I am not changing its files so it will probably fail!
01-06 02:48:55.204   944   944 E PackageManager: Package com.sonos.tv.ble.remote was user id 0 but is now user SharedUserSetting{3775ff7 sonos.uid.bluetooth/7502} with id 7502; I am not changing its files so it will probably fail!
01-06 02:48:55.204   944   944 E PackageManager: Package com.android.networkstack was user id 0 but is now user SharedUserSetting{7f6582 android.uid.networkstack/1073} with id 1073; I am not changing its files so it will probably fail!
01-06 02:48:55.205   944   944 E PackageManager: Package android was user id 0 but is now user SharedUserSetting{c51a388 android.uid.system/1000} with id 1000; I am not changing its files so it will probably fail!
01-06 02:48:55.205   944   944 E PackageManager: Package com.android.mtp was user id 0 but is now user SharedUserSetting{57f5ba0 android.media/10022} with id 10022; I am not changing its files so it will probably fail!
01-06 02:48:55.206   944   944 E PackageManager: Package com.android.providers.settings was user id 0 but is now user SharedUserSetting{c51a388 android.uid.system/1000} with id 1000; I am not changing its files so it will probably fail!
01-06 02:48:55.206   944   944 E PackageManager: Package com.android.se was user id 0 but is now user SharedUserSetting{bb9730b android.uid.se/1068} with id 1068; I am not changing its files so it will probably fail!
01-06 02:48:55.207   944   944 E PackageManager: Package com.android.inputdevices was user id 0 but is now user SharedUserSetting{c51a388 android.uid.system/1000} with id 1000; I am not changing its files so it will probably fail!
01-06 02:48:55.208   944   944 E PackageManager: Package com.android.keychain was user id 0 but is now user SharedUserSetting{c51a388 android.uid.system/1000} with id 1000; I am not changing its files so it will probably fail!
01-06 02:48:55.208   944   944 E PackageManager: Package com.android.localtransport was user id 0 but is now user SharedUserSetting{c51a388 android.uid.system/1000} with id 1000; I am not changing its files so it will probably fail!
01-06 02:48:55.211   944   944 E PackageManager: Package com.sonos.tv.setup was user id 0 but is now user SharedUserSetting{3412a00 sonos.uid.setup/7501} with id 7501; I am not changing its files so it will probably fail!
01-06 02:48:55.212   944   944 E PackageManager: Package com.android.networkstack.tethering was user id 0 but is now user SharedUserSetting{7f6582 android.uid.networkstack/1073} with id 1073; I am not changing its files so it will probably fail!
01-06 02:48:55.213   944   944 E PackageManager: Package com.android.soundpicker was user id 0 but is now user SharedUserSetting{57f5ba0 android.media/10022} with id 10022; I am not changing its files so it will probably fail!
01-06 02:48:55.213   944   944 E PackageManager: Package com.droidlogic.miracast was user id 0 but is now user SharedUserSetting{c51a388 android.uid.system/1000} with id 1000; I am not changing its files so it will probably fail!
01-06 02:48:55.214   944   944 E PackageManager: Package com.android.cts.ctsshim was user id 0 but is now user SharedUserSetting{f1fcf71 com.android.cts.ctsshim/10076} with id 10076; I am not changing its files so it will probably fail!
01-06 02:48:55.215   944   944 E PackageManager: Package com.android.shell was user id 0 but is now user SharedUserSetting{f05cec4 android.uid.shell/2000} with id 2000; I am not changing its files so it will probably fail!
01-06 02:48:55.215   944   944 E PackageManager: Package com.android.wallpaperbackup was user id 0 but is now user SharedUserSetting{c51a388 android.uid.system/1000} with id 1000; I am not changing its files so it will probably fail!
01-06 02:48:55.215   944   944 E PackageManager: Package com.android.providers.userdictionary was user id 0 but is now user SharedUserSetting{977fba9 android.uid.shared/10028} with id 10028; I am not changing its files so it will probably fail!
01-06 02:48:55.216   944   944 E PackageManager: Package com.android.location.fused was user id 0 but is now user SharedUserSetting{c51a388 android.uid.system/1000} with id 1000; I am not changing its files so it will probably fail!
01-06 02:48:55.216   944   944 E PackageManager: Package com.android.systemui was user id 0 but is now user SharedUserSetting{652163a android.uid.systemui/10070} with id 10070; I am not changing its files so it will probably fail!
01-06 02:48:55.217   944   944 E PackageManager: Package com.android.bluetooth was user id 0 but is now user SharedUserSetting{1b276e1 android.uid.bluetooth/1002} with id 1002; I am not changing its files so it will probably fail!
01-06 02:48:55.217   944   944 E PackageManager: Package com.android.providers.contacts was user id 0 but is now user SharedUserSetting{977fba9 android.uid.shared/10028} with id 10028; I am not changing its files so it will probably fail!
01-06 02:48:55.257   944   944 V SLog    : static_init took to complete: 1ms
01-06 02:48:55.257   944   944 W PackageSettings: Missing permission state for package com.android.uwb.resources on user 0
01-06 02:48:55.257   944   944 W PackageSettings: Missing permission state for package com.android.systemui.statusbar.tv.TvStatusBar on user 0
01-06 02:48:55.257   944   944 W PackageSettings: Missing permission state for package com.android.htmlviewer on user 0
01-06 02:48:55.257   944   944 W PackageSettings: Missing permission state for package com.sonos.platform on user 0
01-06 02:48:55.257   944   944 W PackageSettings: Missing permission state for package com.android.tv.overlay.settingsprovider on user 0
01-06 02:48:55.257   944   944 W PackageSettings: Missing permission state for package com.android.connectivity.resources on user 0
01-06 02:48:55.258   944   944 W PackageSettings: Missing permission state for package com.sonos.tv.sonosscreensaver on user 0
01-06 02:48:55.258   944   944 W PackageSettings: Missing permission state for package com.sonos.pinewood.overlay.assistant on user 0
01-06 02:48:55.258   944   944 W PackageSettings: Missing permission state for package android.ext.shared on user 0
01-06 02:48:55.258   944   944 W PackageSettings: Missing permission state for package com.android.wifi.resources on user 0
01-06 02:48:55.259   944   944 W PackageSettings: Missing permission state for package com.android.networkstack.tethering.droidlogic on user 0
01-06 02:48:55.259   944   944 W PackageSettings: Missing permission state for package com.droidlogic.tv.settings.resoverlay on user 0
01-06 02:48:55.259   944   944 W PackageSettings: Missing permission state for package com.droidlogic.wifitetheringoverlay on user 0
01-06 02:48:55.259   944   944 W PackageSettings: Missing permission state for package com.sonos.tv.settings.overlay on user 0
01-06 02:48:55.259   944   944 W PackageSettings: Missing permission state for package com.android.networkstack.tethering.inprocess.droidlogic on user 0
01-06 02:48:55.260   944   944 W PackageSettings: Missing permission state for package com.sonos.pinewood.overlay.settingsprovider on user 0
01-06 02:48:55.260   944   944 W PackageSettings: Missing permission state for package com.droidlogic.wifion on user 0
01-06 02:48:55.260   944   944 W PackageSettings: Missing permission state for package com.sonos.pinewood.overlay.tvremoteprovider on user 0
01-06 02:48:55.261   944   944 W PackageSettings: Missing permission state for package com.bds.framework.overlay on user 0
01-06 02:48:55.261   944   944 W PackageSettings: Missing permission state for package com.android.tv.overlay.framework on user 0
01-06 02:48:55.261   944   944 W PackageSettings: Missing permission state for package android.auto_generated_rro_product__ on user 0
01-06 02:48:55.261   944   944 W PackageSettings: Missing permission state for package com.sonos.hdmicecoverlay on user 0
01-06 02:48:55.261   944   944 W PackageSettings: Missing permission state for package com.droidlogic.overlay on user 0
01-06 02:48:55.262   944   944 W PackageSettings: Missing permission state for package com.sonos.pinewoodirapp on user 0
01-06 02:48:55.262   944   944 W PackageSettings: Missing permission state for shared user: android.uid.log
01-06 02:48:55.262   944   944 W PackageSettings: Missing permission state for shared user: android.uid.nfc
01-06 02:48:55.262   944   944 W PackageSettings: Missing permission state for shared user: android.uid.uwb
01-06 02:48:55.262   944   944 W PackageSettings: Missing permission state for shared user: android.uid.phone
01-06 02:48:55.263   944   944 V PackageManagerTiming: read user settings took to complete: 146ms
01-06 02:48:55.288   944   944 D PackageManager: Directories scanned as system partitions: [/system:0, /vendor:524288, /odm:4194304, /oem:262144, /product:1048576, /system_ext:2097152, /apex/com.android.ipsec:8388608, /apex/com.android.adbd:8388608, /apex/com.android.tethering:8388608, /apex/com.android.neuralnetworks:8388608, /apex/com.android.adservices:8388608, /apex/com.android.sdkext:8388608, /apex/com.android.tzdata:8388608, /apex/com.android.scheduling:8388608, /apex/com.android.permission:8388608, /apex/com.android.btservices:8388608, /apex/com.android.appsearch:8388608, /apex/com.android.resolv:8388608, /apex/com.android.media:8388608, /apex/com.android.uwb:8388608, /apex/com.android.os.statsd:8388608, /apex/com.android.i18n:8388608, /apex/com.android.ondevicepersonalization:8388608, /apex/com.android.extservices:8388608, /apex/com.android.media.swcodec:8388608, /apex/com.android.wifi:8388608, /apex/com.android.conscrypt:8388608, /apex/com.sonos.player:27262976, /apex/com.android.vndk.v33:8388608, /apex/com.android.runtime:8388608, /apex/com.android.art:8388608, /apex/com.android.apex.cts.shim:8388608, /apex/com.android.mediaprovider:8388608]
01-06 02:48:55.289   944   944 D PackageManager: Keeping known cache 3ef00d1b2e69af98935730928abac96ea7628797
01-06 02:48:55.340     0     0 I [6 T508   ..] [debug]: audio_utils_open
01-06 02:48:55.340     0     0 I [6 T508   ..] [debug]: audio_utils_release
01-06 02:48:55.351     0     0 I [0 T508   ..] [debug]: audio_utils_open
01-06 02:48:55.351     0     0 I [0 T508   ..] [debug]: audio_utils_ioctl SET_LIB_SIZE 5499312
01-06 02:48:55.351     0     0 I [0 T508   ..] [debug]: audio_utils_ioctl WRITE_LIB
01-06 02:48:55.354     0     0 I [0 T508   ..] [debug]: audio_utils_release
01-06 02:48:55.355     0     0 I [0 T508   ..] [debug]: audio_utils_open
01-06 02:48:55.358     0     0 I [0 T508   ..] [debug]: audio_utils_release
01-06 02:48:55.362     0     0 I         : [3 T508   ..] hdmitx21_ext_set_audio_output enable:0
01-06 02:48:55.391     0     0 E [5 T452   ..] apexd: Can't open /product/apex for reading : No such file or directory
01-06 02:48:55.391     0     0 E [5 T452   ..] apexd: Can't open /vendor/apex for reading : No such file or directory
01-06 02:48:55.513     0     0 I [5 T508   ..] [snd-soc]: update audio atmos flag! audio_type = 0
01-06 02:48:55.561     0     0 I [0 T573   ..] [snd-soc]: update audio atmos flag! audio_type = 0
01-06 02:48:55.601     0     0 I [3 T508   ..] [snd-soc]: dd+ drc mode : RF
01-06 02:48:55.601     0     0 I [3 T508   ..] [snd-soc]: dd+ drc high cut scale : 0%
01-06 02:48:55.601     0     0 I [3 T508   ..] [snd-soc]: dd+ drc low boost scale : 0%
01-06 02:48:55.601     0     0 I [3 T508   ..] [debug]: audio_utils_open
01-06 02:48:55.601     0     0 I [3 T508   ..] [debug]: audio_utils_release
01-06 02:48:55.603     0     0 I [3 T508   ..] [debug]: audio_utils_open
01-06 02:48:55.605     0     0 E [3 T508   ..] [secmon]: DBG=======> dolby_fw_ioctl 438 cmd:0x40 arg3=0
01-06 02:48:55.613     0     0 E [3 T508   ..] [secmon]: DBG=======> dolby_fw_ioctl 438 cmd:0x41 arg3=0
01-06 02:48:55.613     0     0 E [3 T508   ..] [secmon]: DBG=======> dolby_fw_verify_lib_resp 296 DOLBY_FW_VERIFY_LIB_RESP arg3=0
01-06 02:48:55.615     0     0 E [3 T508   ..] [secmon]: DBG=======> dolby_fw_ioctl 438 cmd:0x50 arg3=0
01-06 02:48:55.616     0     0 E [3 T508   ..] [secmon]: DBG=======> dolby_fw_ioctl 438 cmd:0x60 arg3=0
01-06 02:48:55.617     0     0 E [3 T508   ..] [secmon]: DBG=======> dolby_fw_critical_query 389 DOLBY_FW_CRITICAL_DATA_QUERY arg3=0
01-06 02:48:55.625     0     0 I [3 T508   ..] [snd-soc]: dd+ drc mode : RF
01-06 02:48:55.625     0     0 I [3 T508   ..] [snd-soc]: dd+ drc high cut scale : 0%
01-06 02:48:55.625     0     0 I [3 T508   ..] [snd-soc]: dd+ drc low boost scale : 0%
01-06 02:48:55.633     0     0 I [2 T1045  ..] audio_ddr_mngr: frddrs[0] registered by device fe330000.audiobus:tdm@1
01-06 02:48:55.633     0     0 I [2 T1045  ..] [snd-soc]: aml_audio_reset, reg 0xa, shift 9, use_vadtop 0
01-06 02:48:55.633     0     0 I [2 T1045  ..] [snd-soc]: aml_audio_reset, reg 0xa, shift 13, use_vadtop 0
01-06 02:48:55.633     0     0 D [2 T1045  ..] [snd-soc]: spdif_a fifo ctrl, frddr:0 type:1, 16 bits, chmask 0x3, swap 0x10
01-06 02:48:55.633     0     0 D [2 T1045  ..] iec_info: rate: 48000, codec_type:0x0, channel status L:0x2000100, R:0x2000100
01-06 02:48:55.633     0     0 I         : [2 T1045  ..] err chn msk, must larger than 0
01-06 02:48:55.633     0     0 I         : [2 T1045  ..] hdmitx_notify_callback_a[3794] aud_src_if is 0, aud_output_ch is 0x0, reset aud_output_ch as 0
01-06 02:48:55.633     0     0 D [2 T1045  ..] [snd-soc]: spdif_b fifo ctrl, frddr:0 type:1, 16 bits, chmask 0x3, swap 0x10
01-06 02:48:55.633     0     0 D [2 T1045  ..] iec_info: rate: 48000, codec_type:0x0, channel status L:0x2000100, R:0x2000100
01-06 02:48:55.648     0     0 I         : [2 T1045  ..] asoc-aml-card auge_sound: TDM[1] Playback enable
01-06 02:48:55.648     0     0 D [2 T1045  ..] [snd-soc]: spdif_a is set to enable
01-06 02:48:55.648     0     0 D [2 T1045  ..] [snd-soc]: spdif_b is set to enable
01-06 02:48:55.682     0     0 E [4 T1     ..] init: Control message: Could not find 'aidl/device_state' for ctl.interface_start from pid: 316 (/system/bin/servicemanager)
01-06 02:48:55.961     0     0 E [4 T1     ..] init: Control message: Could not find 'aidl/package_native' for ctl.interface_start from pid: 316 (/system/bin/servicemanager)
01-06 02:48:56.179   358   374 I keystore2: keystore2::watchdog: Watchdog thread idle -> terminating. Have a great day.
01-06 02:48:56.683     0     0 E [4 T1     ..] init: Control message: Could not find 'aidl/device_state' for ctl.interface_start from pid: 316 (/system/bin/servicemanager)
01-06 02:48:56.963     0     0 E [5 T1     ..] init: Control message: Could not find 'aidl/package_native' for ctl.interface_start from pid: 316 (/system/bin/servicemanager)
01-06 02:48:56.991   944  1027 I PackageParsing: Parse times for '/data/apex/active/com.sonos.player@4.apex': parse=1584ms, update_cache=1 ms
01-06 02:48:57.001   944   944 D CompatibilityChangeReporter: Compat change id reported: 143539591; UID -1; state: DISABLED
01-06 02:48:57.001   944   944 D CompatibilityChangeReporter: Compat change id reported: 168782947; UID -1; state: ENABLED
01-06 02:48:57.022   944   944 W PackageManager: Failed to parse /product/overlay/TvWifiOverlay.apk: /product/overlay/TvWifiOverlay.apk (at Binary XML file line #23): <overlay> priority must be between 0 and 9999
01-06 02:48:57.031   944   944 W PackageManager: Failed to parse /system/framework/arm: Missing base APK in /system/framework/arm
01-06 02:48:57.031   944   944 W PackageManager: Failed to parse /system/framework/arm64: Missing base APK in /system/framework/arm64
01-06 02:48:57.031   944   944 W PackageManager: Failed to parse /system/framework/oat: Missing base APK in /system/framework/oat
01-06 02:48:57.050   944   944 D CompatibilityChangeReporter: Compat change id reported: 168782947; UID -1; state: DISABLED
01-06 02:48:57.084   944   944 I PackageManager: /system/priv-app/NetworkStackNext changed; collecting certs
01-06 02:48:57.089   944   944 W PackageManager: Failed to scan /system/priv-app/NetworkStackNext: Application package com.android.networkstack already installed.  Skipping duplicate.
01-06 02:48:57.145     0     0 I [3 T452   ..] AidlLazyServiceRegistrar: Process has 1 (of 1 available) client(s) in use after notification apexservice has clients: 1
01-06 02:48:57.145     0     0 I [3 T452   ..] AidlLazyServiceRegistrar: Shutdown prevented by forcePersist override flag.
01-06 02:48:57.202   944   944 I ApexManager: Registering com.android.connectivity.resources as apk-in-apex of com.android.tethering
01-06 02:48:57.204   944   944 I ApexManager: Registering com.android.networkstack.tethering as apk-in-apex of com.android.tethering
01-06 02:48:57.208   944   944 I ApexManager: Registering com.android.nearby.halfsheet as apk-in-apex of com.android.tethering
01-06 02:48:57.213   944   944 I ApexManager: Registering com.android.adservices.api as apk-in-apex of com.android.adservices
01-06 02:48:57.217   944   944 I ApexManager: Registering com.android.sdksandbox as apk-in-apex of com.android.adservices
01-06 02:48:57.221   944   944 I ApexManager: Registering com.android.safetycenter.resources as apk-in-apex of com.android.permission
01-06 02:48:57.224   944   944 I ApexManager: Registering com.android.permissioncontroller as apk-in-apex of com.android.permission
01-06 02:48:57.233   944   944 I ApexManager: Registering com.android.bluetooth as apk-in-apex of com.android.btservices
01-06 02:48:57.238   944   944 I ApexManager: Registering com.android.uwb.resources as apk-in-apex of com.android.uwb
01-06 02:48:57.243   944   944 I ApexManager: Registering com.android.ondevicepersonalization.services as apk-in-apex of com.android.ondevicepersonalization
01-06 02:48:57.249   944   944 I ApexManager: Registering android.ext.services as apk-in-apex of com.android.extservices
01-06 02:48:57.257   944   944 I ApexManager: Registering com.android.wifi.resources as apk-in-apex of com.android.wifi
01-06 02:48:57.260   944   944 I ApexManager: Registering com.android.hotspot2.osulogin as apk-in-apex of com.android.wifi
01-06 02:48:57.265   944   944 I ApexManager: Registering com.android.wifi.dialog as apk-in-apex of com.android.wifi
01-06 02:48:57.281   944   944 I ApexManager: Registering com.sonos.connectivity as apk-in-apex of com.sonos.player
01-06 02:48:57.287   944   944 I ApexManager: Registering com.android.cts.priv.ctsshim as apk-in-apex of com.android.apex.cts.shim
01-06 02:48:57.290   944   944 I ApexManager: Registering com.android.cts.ctsshim as apk-in-apex of com.android.apex.cts.shim
01-06 02:48:57.296   944   944 I ApexManager: Registering com.android.providers.media.module as apk-in-apex of com.android.mediaprovider
01-06 02:48:57.307   944   944 I PackageManager: Finished scanning system apps. Time: 2020 ms, packageCount: 115 , timePerPackage: 17 , cached: 142
01-06 02:48:57.340   944   944 D CompatibilityChangeReporter: Compat change id reported: 133396946; UID -1; state: ENABLED
01-06 02:48:57.342   944  1029 W PackageParsing: Ignoring duplicate uses-permissions/uses-permissions-sdk-m: com.android.providers.tv.permission.WRITE_EPG_DATA in package: com.future.moviesByFawesomeAndroidTV at: Binary XML file line #37
01-06 02:48:57.357   944   944 I PackageManager: Finished scanning non-system apps. Time: 51 ms, packageCount: 2 , timePerPackage: 25 , cached: 0
01-06 02:48:57.363   944   944 I PackageManager: Time to scan packages: 2.077 seconds
01-06 02:48:57.363   944   944 I PackageManager: Permission ownership changed. Updating all permissions.
01-06 02:48:57.378   944   944 W PackageManager: Package android.ext.services is an APK in APEX, but has permission allowlist on the system image. Please bundle the allowlist in the com.android.extservices APEX instead.
01-06 02:48:57.378   944   944 W PackageManager: Package android.ext.services is an APK in APEX, but has permission allowlist on the system image. Please bundle the allowlist in the com.android.extservices APEX instead.
01-06 02:48:57.378   944   944 W PackageManager: Package android.ext.services is an APK in APEX, but has permission allowlist on the system image. Please bundle the allowlist in the com.android.extservices APEX instead.
01-06 02:48:57.378   944   944 W PackageManager: Package android.ext.services is an APK in APEX, but has permission allowlist on the system image. Please bundle the allowlist in the com.android.extservices APEX instead.
01-06 02:48:57.391   944   944 W PackageManager: Package com.android.providers.media.module is an APK in APEX, but has permission allowlist on the system image. Please bundle the allowlist in the com.android.mediaprovider APEX instead.
01-06 02:48:57.391   944   944 W PackageManager: Package com.android.providers.media.module is an APK in APEX, but has permission allowlist on the system image. Please bundle the allowlist in the com.android.mediaprovider APEX instead.
01-06 02:48:57.391   944   944 W PackageManager: Package com.android.providers.media.module is an APK in APEX, but has permission allowlist on the system image. Please bundle the allowlist in the com.android.mediaprovider APEX instead.
01-06 02:48:57.391   944   944 W PackageManager: Package com.android.providers.media.module is an APK in APEX, but has permission allowlist on the system image. Please bundle the allowlist in the com.android.mediaprovider APEX instead.
01-06 02:48:57.391   944   944 W PackageManager: Package com.android.providers.media.module is an APK in APEX, but has permission allowlist on the system image. Please bundle the allowlist in the com.android.mediaprovider APEX instead.
01-06 02:48:57.391   944   944 W PackageManager: Package com.android.providers.media.module is an APK in APEX, but has permission allowlist on the system image. Please bundle the allowlist in the com.android.mediaprovider APEX instead.
01-06 02:48:57.392   944   944 W PackageManager: Package com.android.providers.media.module is an APK in APEX, but has permission allowlist on the system image. Please bundle the allowlist in the com.android.mediaprovider APEX instead.
01-06 02:48:57.392   944   944 W PackageManager: Package com.android.providers.media.module is an APK in APEX, but has permission allowlist on the system image. Please bundle the allowlist in the com.android.mediaprovider APEX instead.
01-06 02:48:57.392   944   944 W PackageManager: Package com.android.providers.media.module is an APK in APEX, but has permission allowlist on the system image. Please bundle the allowlist in the com.android.mediaprovider APEX instead.
01-06 02:48:57.392   944   944 W PackageManager: Package com.android.providers.media.module is an APK in APEX, but has permission allowlist on the system image. Please bundle the allowlist in the com.android.mediaprovider APEX instead.
01-06 02:48:57.392   944   944 W PackageManager: Package com.android.providers.media.module is an APK in APEX, but has permission allowlist on the system image. Please bundle the allowlist in the com.android.mediaprovider APEX instead.
01-06 02:48:57.392   944   944 W PackageManager: Package com.android.providers.media.module is an APK in APEX, but has permission allowlist on the system image. Please bundle the allowlist in the com.android.mediaprovider APEX instead.
01-06 02:48:57.392   944   944 W PackageManager: Package com.android.providers.media.module is an APK in APEX, but has permission allowlist on the system image. Please bundle the allowlist in the com.android.mediaprovider APEX instead.
01-06 02:48:57.398   944   944 V PackageManager: reconcileAppsData for null u0 0x1 migrateAppData=true
01-06 02:48:57.508   944   944 V PackageManager: reconcileAppsData finished 16 packages
01-06 02:48:57.509   944   944 D PackageManagerTiming: write settings
01-06 02:48:57.509   944  1058 D SystemServerTimingAsync: InitThreadPoolExec:prepareAppData
01-06 02:48:57.509   944  1058 D SystemServerInitThreadPool: Started executing prepareAppData
01-06 02:48:57.550   944   944 V PackageManagerTiming: write settings took to complete: 41ms
01-06 02:48:57.551   944   944 W PackageManager: Domain verification agent not found
01-06 02:48:57.553   944   944 D PackageManager: Ephemeral resolver NOT found; no matching intent filters
01-06 02:48:57.553   944   944 D PackageManager: Instant App installer not found with android.intent.action.INSTALL_INSTANT_APP_PACKAGE
01-06 02:48:57.553   944   944 D PackageManager: Clear ephemeral installer activity
01-06 02:48:57.556   944   944 D PackageManagerTiming: GC
01-06 02:48:57.556   944   944 V PackageManagerTiming: GC took to complete: 0ms
01-06 02:48:57.556   944   944 I PackageManager: Fix for b/169414761 is applied
01-06 02:48:57.556   944   944 V PackageManagerTiming: create package manager took to complete: 2477ms
01-06 02:48:57.556   944   944 V UserSystemPackageInstaller: Checking that all system packages are whitelisted.
01-06 02:48:57.562   944   944 V UserSystemPackageInstaller: checkWhitelistedSystemPackages(mode=d) has no warnings
01-06 02:48:57.563   944   944 I Watchdog: Resuming HandlerChecker: main thread for reason: packagemanagermain. Pause count: 0
01-06 02:48:57.563   944   944 I SystemServerDexLoadReporter: Configuring system server dex reporter
01-06 02:48:57.566   944   944 V SystemServerTiming: StartPackageManagerService took to complete: 2493ms
01-06 02:48:57.566   944   944 D SystemServerTiming: StartOtaDexOptService
01-06 02:48:57.566   944   944 I Watchdog: Pausing HandlerChecker: main thread for reason: moveab. Pause count: 1
01-06 02:48:57.567   944   944 D OTADexopt: No upgrade, skipping A/B artifacts check.
01-06 02:48:57.567   944   944 I Watchdog: Resuming HandlerChecker: main thread for reason: moveab. Pause count: 0
01-06 02:48:57.567   944   944 V SystemServerTiming: StartOtaDexOptService took to complete: 1ms
01-06 02:48:57.567   944   944 D SystemServerTiming: StartUserManagerService
01-06 02:48:57.567   944   944 I SystemServiceManager: Starting com.android.server.pm.UserManagerService$LifeCycle
01-06 02:48:57.568   944   944 V SystemServerTiming: StartUserManagerService took to complete: 0ms
01-06 02:48:57.568   944   944 D SystemServerTiming: InitAttributerCache
01-06 02:48:57.568   944   944 V SystemServerTiming: InitAttributerCache took to complete: 0ms
01-06 02:48:57.568   944   944 D SystemServerTiming: SetSystemProcess
01-06 02:48:57.572   944   978 I ActivityManager: Connection with lmkd established
01-06 02:48:57.573   944   960 V HistoricalRegistry: Interaction before persistence initialized
01-06 02:48:57.574   944   944 V SystemServerTiming: SetSystemProcess took to complete: 6ms
01-06 02:48:57.575   944   944 D CompatibilityChangeReporter: Compat change id reported: 161145287; UID 1000; state: DISABLED
01-06 02:48:57.576   944   944 D SystemServerTiming: InitWatchdog
01-06 02:48:57.576   944   944 V SystemServerTiming: InitWatchdog took to complete: 1ms
01-06 02:48:57.602   944   944 D SystemServerTiming: StartOverlayManagerService
01-06 02:48:57.659   944  1058 V SystemServerTimingAsync: AppDataFixup took to complete: 150ms
01-06 02:48:57.669   944  1058 W PackageManager: Skipping preparing app data for com.android.sdksandbox
01-06 02:48:57.670   944   944 V SystemServerTiming: StartOverlayManagerService took to complete: 68ms
01-06 02:48:57.670   944   944 D SystemServerTiming: StartResourcesManagerService
01-06 02:48:57.671   944   944 V SystemServerTiming: StartResourcesManagerService took to complete: 0ms
01-06 02:48:57.671   944   944 D SystemServerTiming: StartSensorPrivacyService
01-06 02:48:57.672   944   967 W ActivityTaskManager: Skip updateConfiguration because mWindowManager isn't set
01-06 02:48:57.675   944   944 V SystemServerTiming: StartSensorPrivacyService took to complete: 4ms
01-06 02:48:57.675   944   944 D SystemServerTiming: StartSensorService
01-06 02:48:57.675   944   944 I SystemServiceManager: Starting com.android.server.sensors.SensorService
01-06 02:48:57.675   944   944 V SystemServerTiming: StartSensorService took to complete: 0ms
01-06 02:48:57.675   944   944 V SystemServerTiming: startBootstrapServices took to complete: 2972ms
01-06 02:48:57.675   944   944 D SystemServerTiming: startCoreServices
01-06 02:48:57.675   944   944 D SystemServerTiming: StartSystemConfigService
01-06 02:48:57.675   944  1064 D SystemServerTimingAsync: InitThreadPoolExec:StartNativeSensorService
01-06 02:48:57.675   944  1064 D SystemServerInitThreadPool: Started executing StartNativeSensorService
01-06 02:48:57.676   944   944 I SystemServiceManager: Starting com.android.server.SystemConfigService
01-06 02:48:57.676   944  1064 D SystemServerTimingAsync: StartNativeSensorService
01-06 02:48:57.676   944   944 V SystemServerTiming: StartSystemConfigService took to complete: 1ms
01-06 02:48:57.676   944   944 D SystemServerTiming: StartBatteryService
01-06 02:48:57.676   944   944 I SystemServiceManager: Starting com.android.server.BatteryService
01-06 02:48:57.680   944  1064 V SystemServerTimingAsync: StartNativeSensorService took to complete: 4ms
01-06 02:48:57.680   944  1064 D SystemServerInitThreadPool: Finished executing StartNativeSensorService
01-06 02:48:57.680   944  1064 V SystemServerTimingAsync: InitThreadPoolExec:StartNativeSensorService took to complete: 5ms
01-06 02:48:57.683   944   944 I HealthServiceWrapperAidl: health: HealthServiceWrapper listening to AIDL HAL
01-06 02:48:57.683   944   944 I BatteryService: health: Waited 0ms and received the update.
01-06 02:48:57.683   944   944 V SystemServerTiming: StartBatteryService took to complete: 7ms
01-06 02:48:57.683   944   944 D SystemServerTiming: StartUsageService
01-06 02:48:57.684   944   944 I SystemServiceManager: Starting com.android.server.usage.UsageStatsService
01-06 02:48:57.684     0     0 E [6 T1     ..] init: Control message: Could not find 'aidl/device_state' for ctl.interface_start from pid: 316 (/system/bin/servicemanager)
01-06 02:48:57.685     0     0 W [2 T517   ..] healthd: battery none chg=
01-06 02:48:57.687   944   944 V SystemServerTiming: StartUsageService took to complete: 4ms
01-06 02:48:57.687   944   944 D SystemServerTiming: StartWebViewUpdateService
01-06 02:48:57.687   944   944 I SystemServiceManager: Starting com.android.server.webkit.WebViewUpdateService
01-06 02:48:57.689   944   944 V SystemServerTiming: StartWebViewUpdateService took to complete: 1ms
01-06 02:48:57.689   944   944 D SystemServerTiming: StartCachedDeviceStateService
01-06 02:48:57.689   944   944 I SystemServiceManager: Starting com.android.server.CachedDeviceStateService
01-06 02:48:57.689   944   944 V SystemServerTiming: StartCachedDeviceStateService took to complete: 0ms
01-06 02:48:57.689   944   944 D SystemServerTiming: StartBinderCallsStatsService
