01-07 03:34:18.319   929   929 V NotificationAssistants: binding: Intent { act=android.service.notification.NotificationAssistantService cmp=android.ext.services/.notification.Assistant (has extras) }
01-07 03:34:18.320   520   520 E android.hardware.wifi@1.0-service.droidlogic: driver not ok ,wait
01-07 03:34:18.381   929   945 D CompatibilityChangeReporter: Compat change id reported: 194532703; UID 1073; state: ENABLED
01-07 03:34:18.406   929  1054 D CompatibilityChangeReporter: Compat change id reported: 161145287; UID 1068; state: DISABLED
01-07 03:34:18.406   929   960 I DropBoxManagerService: add tag=system_app_strictmode isTagEnabled=true flags=0x2
01-07 03:34:18.409   929   960 I DropBoxManagerService: add tag=system_app_strictmode isTagEnabled=true flags=0x2
01-07 03:34:18.411   929   960 I DropBoxManagerService: add tag=system_app_strictmode isTagEnabled=true flags=0x2
01-07 03:34:18.414   929   960 I DropBoxManagerService: add tag=system_app_strictmode isTagEnabled=true flags=0x2
01-07 03:34:18.429   929  1374 I ActivityManager: Process WebViewLoader-armeabi-v7a (pid 1287) has died: psvc PER 
01-07 03:34:18.520   520   520 E android.hardware.wifi@1.0-service.droidlogic: driver not ok ,wait
01-07 03:34:18.522   929  1188 E HDMI    : [1]:Failed to send <Give Device Vendor Id> 30:8C with errorCode=1
01-07 03:34:18.536   929  1374 D CompatibilityChangeReporter: Compat change id reported: 157233955; UID 10070; state: ENABLED
01-07 03:34:18.556     0     0 D [7 T496   ..] cnss: Sending ini sync request, state: 0x400017, fw_log_mode: 1
01-07 03:34:18.557     0     0 I [3 T496   ..] [kworke][0x17eb2d2][03: 34:18.553435] wlan: [496:I:HIF] hif_latency_detect_init: tasklet mask is 0x84
01-07 03:34:18.557     0     0 I [3 T496   ..] [kworke][0x17eb2e5][03: 34:18.553454] wlan: [496:I:HIF] hif_latency_detect_timer_init: timer timeout 4000, latency threshold 3900
01-07 03:34:18.557     0     0 I [3 T496   ..] [kworke][0x17eb2f3][03: 34:18.553468] wlan: [496:I:HIF] hif_pci_enable_bus: con_mode = 0x0, WLAN_SOC_device_id = 0x1107
01-07 03:34:18.557     0     0 I [3 T496   ..] [kworke][0x17eb2fc][03: 34:18.553477] wlan: [496:I:HIF] hif_pci_get_soc_info_pld: hif_pci_get_soc_info_pld: fam num 4 dev ver 23 maj ver 2 min ver 0
01-07 03:34:18.557     0     0 I         : [3 T496   ..]
01-07 03:34:18.557     0     0 I [3 T496   ..] [kworke][0x17eb302][03: 34:18.553483] wlan: [496:I:HIF] hif_pci_enable_bus: hif_enable_pci done
01-07 03:34:18.557     0     0 I [3 T496   ..] [kworke][0x17eb319][03: 34:18.553506] wlan: [496:I:HIF] hif_get_device_type:  *********** KIWI *************
01-07 03:34:18.557     0     0 I [3 T496   ..] [kworke][0x17eb31e][03: 34:18.553511] wlan: [496:I:HIF] hif_pci_enable_bus: hif_type = 0x1a, target_type = 0x1f
01-07 03:34:18.557     0     0 I [3 T496   ..] [kworke][0x17eb324][03: 34:18.553517] wlan: [496:I:HIF] hif_register_tbl_attach: HIF_TYPE_KIWI
01-07 03:34:18.557     0     0 I [3 T496   ..] [kworke][0x17eb329][03: 34:18.553522] wlan: [496:I:HIF] hif_target_register_tbl_attach: TARGET_TYPE_KIWI
01-07 03:34:18.557     0     0 I [3 T496   ..] [kworke][0x17eb32e][03: 34:18.553527] wlan: [496:I:HIF] hif_pci_enable_bus: Skip tgt_wake up for srng devices
01-07 03:34:18.559   929   960 I DropBoxManagerService: add tag=system_app_strictmode isTagEnabled=true flags=0x2
01-07 03:34:18.563     0     0 D [1 T496   ..] cnss: Assign MSI to user: CE, num_vectors: 1, user_base_data: 1, base_vector: 0
01-07 03:34:18.563     0     0 E [1 T496   ..] [kworke][0x17ecaff][03: 34:18.559625] wlan: [496:E:HIF] hif_print_hal_shadow_register_cfg: v3: num_config 36
01-07 03:34:18.564     0     0 E [1 T496   ..] [kworke][0x17ece28][03: 34:18.560433] wlan: [496:E:HIF] hif_print_hal_shadow_register_cfg: i 0, val a3b04c
01-07 03:34:18.566     0     0 E [1 T496   ..] [kworke][0x17ed4c1][03: 34:18.562123] wlan: [496:E:HIF] hif_print_hal_shadow_register_cfg: i 1, val a3b054
01-07 03:34:18.567     0     0 E [1 T496   ..] [kworke][0x17edaad][03: 34:18.563639] wlan: [496:E:HIF] hif_print_hal_shadow_register_cfg: i 2, val a3b05c
01-07 03:34:18.565  1336  1336 W ContextImpl: Calling a method in the system process without a qualified user: android.app.ContextImpl.startService:1863 android.content.ContextWrapper.startService:817 com.droidlogic.DroidlogicApplication.startDroidLogicServices:179 com.droidlogic.DroidlogicApplication.initAudio:101 com.droidlogic.DroidlogicApplication.-$$Nest$minitAudio:0 
01-07 03:34:18.569     0     0 E [1 T496   ..] [kworke][0x17ee0fc][03: 34:18.565253] wlan: [496:E:HIF] hif_print_hal_shadow_register_cfg: i 3, val a3b064
01-07 03:34:18.570     0     0 E [1 T496   ..] [kworke][0x17ee504][03: 34:18.566285] wlan: [496:E:HIF] hif_print_hal_shadow_register_cfg: i 4, val a3b06c
01-07 03:34:18.571     0     0 E [1 T496   ..] [kworke][0x17eeab5][03: 34:18.567742] wlan: [496:E:HIF] hif_print_hal_shadow_register_cfg: i 5, val a3b074
01-07 03:34:18.573     0     0 E [1 T496   ..] [kworke][0x17ef0dc][03: 34:18.569317] wlan: [496:E:HIF] hif_print_hal_shadow_register_cfg: i 6, val a3b07c
01-07 03:34:18.569   929  1457 D CompatibilityChangeReporter: Compat change id reported: 161145287; UID 1073; state: DISABLED
01-07 03:34:18.571   929  1267 I ActivityManager: Process WebViewLoader-arm64-v8a (pid 1289) has died: psvc PER 
01-07 03:34:18.574     0     0 E [1 T496   ..] [kworke][0x17ef626][03: 34:18.570671] wlan: [496:E:HIF] hif_print_hal_shadow_register_cfg: i 7, val a3b084
01-07 03:34:18.576     0     0 E [1 T496   ..] [kworke][0x17efbd7][03: 34:18.572128] wlan: [496:E:HIF] hif_print_hal_shadow_register_cfg: i 8, val a3b08c
01-07 03:34:18.577     0     0 E [1 T496   ..] [kworke][0x17f01a8][03: 34:18.573617] wlan: [496:E:HIF] hif_print_hal_shadow_register_cfg: i 9, val a3b028
01-07 03:34:18.574  1336  1336 W ContextImpl: Calling a method in the system process without a qualified user: android.app.ContextImpl.startService:1863 android.content.ContextWrapper.startService:817 com.droidlogic.DroidlogicApplication.startDroidLogicServices:179 com.droidlogic.DroidlogicApplication.initAudio:102 com.droidlogic.DroidlogicApplication.-$$Nest$minitAudio:0 
01-07 03:34:18.579     0     0 E [1 T496   ..] [kworke][0x17f0b54][03: 34:18.576094] wlan: [496:E:HIF] hif_print_hal_shadow_register_cfg: i 10, val a3b020
01-07 03:34:18.576   929   960 I DropBoxManagerService: add tag=system_app_strictmode isTagEnabled=true flags=0x2
01-07 03:34:18.581     0     0 E [1 T496   ..] [kworke][0x17f0f8b][03: 34:18.577172] wlan: [496:E:HIF] hif_print_hal_shadow_register_cfg: i 11, val a3b0ac
01-07 03:34:18.582     0     0 E [1 T496   ..] [kworke][0x17f1542][03: 34:18.578636] wlan: [496:E:HIF] hif_print_hal_shadow_register_cfg: i 12, val a46000
01-07 03:34:18.582   929  1374 D CompatibilityChangeReporter: Compat change id reported: 171306433; UID 1000; state: ENABLED
01-07 03:34:18.582   929  1374 D CompatibilityChangeReporter: Compat change id reported: 218533173; UID 1000; state: ENABLED
01-07 03:34:18.585     0     0 E [1 T496   ..] [kworke][0x17f2101][03: 34:18.581642] wlan: [496:E:HIF] hif_print_hal_shadow_register_cfg: i 13, val a46008
01-07 03:34:18.587     0     0 E [1 T496   ..] [kworke][0x17f280e][03: 34:18.583447] wlan: [496:E:HIF] hif_print_hal_shadow_register_cfg: i 14, val a46010
01-07 03:34:18.590     0     0 E [1 T496   ..] [kworke][0x17f33e0][03: 34:18.586473] wlan: [496:E:HIF] hif_print_hal_shadow_register_cfg: i 15, val a46018
01-07 03:34:18.591     0     0 E [1 T496   ..] [kworke][0x17f3711][03: 34:18.587290] wlan: [496:E:HIF] hif_print_hal_shadow_register_cfg: i 16, val a46020
01-07 03:34:18.592     0     0 E [1 T496   ..] [kworke][0x17f3cd5][03: 34:18.588766] wlan: [496:E:HIF] hif_print_hal_shadow_register_cfg: i 17, val a370b8
01-07 03:34:18.591   929   945 D CompatibilityChangeReporter: Compat change id reported: 161145287; UID 10084; state: DISABLED
01-07 03:34:18.595     0     0 E [1 T496   ..] [kworke][0x17f47cb][03: 34:18.591572] wlan: [496:E:HIF] hif_print_hal_shadow_register_cfg: i 18, val a37010
01-07 03:34:18.596     0     0 E [1 T496   ..] [kworke][0x17f4c46][03: 34:18.592719] wlan: [496:E:HIF] hif_print_hal_shadow_register_cfg: i 19, val a370cc
01-07 03:34:18.598     0     0 E [1 T496   ..] [kworke][0x17f54be][03: 34:18.594887] wlan: [496:E:HIF] hif_print_hal_shadow_register_cfg: i 20, val a370d4
01-07 03:34:18.596   929   960 I DropBoxManagerService: add tag=system_app_strictmode isTagEnabled=true flags=0x2
01-07 03:34:18.596   929  1054 D CoreBackPreview: Window{427b3d u0 com.android.tv.settings/com.android.tv.settings.system.FallbackHome}: Setting back callback OnBackInvokedCallbackInfo{mCallback=android.window.IOnBackInvokedCallback$Stub$Proxy@a16b5df, mPriority=0}
01-07 03:34:18.600     0     0 E [1 T496   ..] [kworke][0x17f5c12][03: 34:18.596764] wlan: [496:E:HIF] hif_print_hal_shadow_register_cfg: i 21, val a370dc
01-07 03:34:18.601     0     0 E [1 T496   ..] [kworke][0x17f601b][03: 34:18.597796] wlan: [496:E:HIF] hif_print_hal_shadow_register_cfg: i 22, val a370e4
01-07 03:34:18.602     0     0 E [1 T496   ..] [kworke][0x17f6516][03: 34:18.599071] wlan: [496:E:HIF] hif_print_hal_shadow_register_cfg: i 23, val a370ec
01-07 03:34:18.604     0     0 E [1 T496   ..] [kworke][0x17f6bd5][03: 34:18.600798] wlan: [496:E:HIF] hif_print_hal_shadow_register_cfg: i 24, val a370f4
01-07 03:34:18.606     0     0 E [1 T496   ..] [kworke][0x17f710f][03: 34:18.602136] wlan: [496:E:HIF] hif_print_hal_shadow_register_cfg: i 25, val a370fc
01-07 03:34:18.607     0     0 E [1 T496   ..] [kworke][0x17f7648][03: 34:18.603473] wlan: [496:E:HIF] hif_print_hal_shadow_register_cfg: i 26, val a37104
01-07 03:34:18.608     0     0 E [1 T496   ..] [kworke][0x17f7c4f][03: 34:18.605016] wlan: [496:E:HIF] hif_print_hal_shadow_register_cfg: i 27, val 1b80400
01-07 03:34:18.606   929  1169 D AudioService: setWiredDeviceConnectionState( type:400 state:DEVICE_STATE_AVAILABLE addr: name:) from com.droidlogic
01-07 03:34:18.606   929  1169 I AS.AudioDeviceInventory: handleDeviceConnection(true dev:400 address: name:)
01-07 03:34:18.606   929  1169 I AS.AudioDeviceInventory: deviceKey:0x400:
01-07 03:34:18.606   929  1169 I AS.AudioDeviceInventory: deviceInfo:null is(already)Connected:false
01-07 03:34:18.610     0     0 E [1 T496   ..] [kworke][0x17f81cc][03: 34:18.606421] wlan: [496:E:HIF] hif_print_hal_shadow_register_cfg: i 28, val 1b83400
01-07 03:34:18.611     0     0 E [1 T496   ..] [kworke][0x17f87cb][03: 34:18.607956] wlan: [496:E:HIF] hif_print_hal_shadow_register_cfg: i 29, val 1b8340c
01-07 03:34:18.613     0     0 E [1 T496   ..] [kworke][0x17f8e0b][03: 34:18.609556] wlan: [496:E:HIF] hif_print_hal_shadow_register_cfg: i 30, val 1b85400
01-07 03:34:18.614     0     0 E [1 T496   ..] [kworke][0x17f9382][03: 34:18.610956] wlan: [496:E:HIF] hif_print_hal_shadow_register_cfg: i 31, val 1b8540c
01-07 03:34:18.620     0     0 E [1 T496   ..] [kworke][0x17faa94][03: 34:18.616861] wlan: [496:E:HIF] hif_print_hal_shadow_register_cfg: i 32, val 1b86400
01-07 03:34:18.621     0     0 E [1 T496   ..] [kworke][0x17faf09][03: 34:18.618002] wlan: [496:E:HIF] hif_print_hal_shadow_register_cfg: i 33, val 1b88400
01-07 03:34:18.623     0     0 E [1 T496   ..] [kworke][0x17fb390][03: 34:18.619161] wlan: [496:E:HIF] hif_print_hal_shadow_register_cfg: i 34, val 1b8f400
01-07 03:34:18.624     0     0 E [1 T496   ..] [kworke][0x17fb958][03: 34:18.620641] wlan: [496:E:HIF] hif_print_hal_shadow_register_cfg: i 35, val 1b8f40c
01-07 03:34:18.626     0     0 D [1 T496   ..] cnss: Mode: 0, config: 0000000000000000, host_version: 5.2.1.62C.010
01-07 03:34:18.626     0     0 D [1 T496   ..] cnss: Sending WLAN config message, state: 0x400017
01-07 03:34:18.626     0     0 D [1 T496   ..] cnss: Shadow reg v3 len: 36
01-07 03:34:18.623   929   960 I DropBoxManagerService: add tag=system_app_strictmode isTagEnabled=true flags=0x2
01-07 03:34:18.626     0     0 D [5 T496   ..] cnss: Sending mode message, mode: MISSION(0), state: 0x400017
01-07 03:34:18.641     0     0 I [6 T740   ..] [snd-soc]: dts_dec_control/0x0
01-07 03:34:18.662     0     0 D [7 T8     ..] cnss: Received QMI WLFW pin connect result indication
01-07 03:34:18.662     0     0 D [7 T8     ..] cnss: Pin connect Result: pwr_pin: 0x1 phy_io_pin: 0x0 rf_io_pin: 0x0
01-07 03:34:18.662     0     0 D [6 T496   ..] cnss: Assign MSI to user: CE, num_vectors: 1, user_base_data: 1, base_vector: 0
01-07 03:34:18.662     0     0 D [6 T496   ..] cnss: Get MSI low addr = 0x81000, high addr = 0x0
01-07 03:34:18.662     0     0 I [6 T496   ..] [kworke][0x1804e5c][03: 34:18.658789] wlan: [496:I:HAL] hal_srng_update_high_wm_thresholds: ring_id: 64, wm_thresh- <50:0, 50-60:8, 60-70:9, 70-80:11, 80-90:12, 90-100:14
01-07 03:34:18.662     0     0 D [6 T496   ..] cnss: Assign MSI to user: CE, num_vectors: 1, user_base_data: 1, base_vector: 0
01-07 03:34:18.662     0     0 D [6 T496   ..] cnss: Get MSI low addr = 0x81000, high addr = 0x0
01-07 03:34:18.662     0     0 I [6 T496   ..] [kworke][0x1804ed5][03: 34:18.658910] wlan: [496:I:HAL] hal_srng_update_high_wm_thresholds: ring_id: 82, wm_thresh- <50:0, 50-60:256, 60-70:307, 70-80:358, 80-90:409, 90-100:460
01-07 03:34:18.662     0     0 D [6 T496   ..] cnss: Assign MSI to user: CE, num_vectors: 1, user_base_data: 1, base_vector: 0
01-07 03:34:18.662     0     0 D [6 T496   ..] cnss: Get MSI low addr = 0x81000, high addr = 0x0
01-07 03:34:18.663   929  1457 D CompatibilityChangeReporter: Compat change id reported: 182478738; UID 1073; state: ENABLED
01-07 03:34:18.662     0     0 I [6 T496   ..] [kworke][0x1804f4d][03: 34:18.659030] wlan: [496:I:HAL] hal_srng_update_high_wm_thresholds: ring_id: 101, wm_thresh- <50:0, 50-60:256, 60-70:307, 70-80:358, 80-90:409, 90-100:460
01-07 03:34:18.666     0     0 D [1 T496   ..] cnss: Assign MSI to user: CE, num_vectors: 1, user_base_data: 1, base_vector: 0
01-07 03:34:18.666     0     0 D [1 T496   ..] cnss: Get MSI low addr = 0x81000, high addr = 0x0
01-07 03:34:18.666     0     0 I [1 T496   ..] [kworke][0x1805e5c][03: 34:18.662885] wlan: [496:I:HAL] hal_srng_update_high_wm_thresholds: ring_id: 83, wm_thresh- <50:0, 50-60:128, 60-70:153, 70-80:179, 80-90:204, 90-100:230
01-07 03:34:18.669     0     0 D [1 T496   ..] cnss: Assign MSI to user: CE, num_vectors: 1, user_base_data: 1, base_vector: 0
01-07 03:34:18.669     0     0 D [1 T496   ..] cnss: Get MSI low addr = 0x81000, high addr = 0x0
01-07 03:34:18.669     0     0 I [1 T496   ..] [kworke][0x1806780][03: 34:18.665225] wlan: [496:I:HAL] hal_srng_update_high_wm_thresholds: ring_id: 102, wm_thresh- <50:0, 50-60:128, 60-70:153, 70-80:179, 80-90:204, 90-100:230
01-07 03:34:18.669     0     0 D [1 T496   ..] cnss: Assign MSI to user: CE, num_vectors: 1, user_base_data: 1, base_vector: 0
01-07 03:34:18.669     0     0 D [1 T496   ..] cnss: Get MSI low addr = 0x81000, high addr = 0x0
01-07 03:34:18.669     0     0 I [1 T496   ..] [kworke][0x18067f0][03: 34:18.665337] wlan: [496:I:HAL] hal_srng_update_high_wm_thresholds: ring_id: 67, wm_thresh- <50:0, 50-60:16, 60-70:19, 70-80:22, 80-90:25, 90-100:28
01-07 03:34:18.675     0     0 D [1 T496   ..] cnss: Assign MSI to user: CE, num_vectors: 1, user_base_data: 1, base_vector: 0
01-07 03:34:18.675     0     0 D [1 T496   ..] cnss: Get MSI low addr = 0x81000, high addr = 0x0
01-07 03:34:18.675     0     0 I [1 T496   ..] [kworke][0x18081e7][03: 34:18.671984] wlan: [496:I:HAL] hal_srng_update_high_wm_thresholds: ring_id: 68, wm_thresh- <50:0, 50-60:128, 60-70:153, 70-80:179, 80-90:204, 90-100:230
01-07 03:34:18.675     0     0 D [1 T496   ..] cnss: Assign MSI to user: CE, num_vectors: 1, user_base_data: 1, base_vector: 0
01-07 03:34:18.675     0     0 D [1 T496   ..] cnss: Get MSI low addr = 0x81000, high addr = 0x0
01-07 03:34:18.675     0     0 I [1 T496   ..] [kworke][0x180824d][03: 34:18.672086] wlan: [496:I:HAL] hal_srng_update_high_wm_thresholds: ring_id: 88, wm_thresh- <50:0, 50-60:16, 60-70:19, 70-80:22, 80-90:25, 90-100:28
01-07 03:34:18.676     0     0 D [1 T496   ..] cnss: Assign MSI to user: CE, num_vectors: 1, user_base_data: 1, base_vector: 0
01-07 03:34:18.676     0     0 D [1 T496   ..] cnss: Get MSI low addr = 0x81000, high addr = 0x0
01-07 03:34:18.676     0     0 I [1 T496   ..] [kworke][0x18082ba][03: 34:18.672195] wlan: [496:I:HAL] hal_srng_update_high_wm_thresholds: ring_id: 107, wm_thresh- <50:0, 50-60:16, 60-70:19, 70-80:22, 80-90:25, 90-100:28
01-07 03:34:18.676     0     0 I [1 T496   ..] [kworke][0x1808305][03: 34:18.672270] wlan: [496:I:HIF] hif_configure_irq: E
01-07 03:34:18.676     0     0 D [1 T496   ..] cnss: Assign MSI to user: CE, num_vectors: 1, user_base_data: 1, base_vector: 0
01-07 03:34:18.676     0     0 D [1 T496   ..] cnss: Assign MSI to user: CE, num_vectors: 1, user_base_data: 1, base_vector: 0
01-07 03:34:18.676     0     0 D [1 T496   ..] cnss: Get IRQ number 101 for vector index 0
01-07 03:34:18.676     0     0 D [1 T496   ..] cnss: Assign MSI to user: CE, num_vectors: 1, user_base_data: 1, base_vector: 0
01-07 03:34:18.676     0     0 D [1 T496   ..] cnss: Get IRQ number 101 for vector index 0
01-07 03:34:18.676     0     0 D [1 T496   ..] cnss: Assign MSI to user: CE, num_vectors: 1, user_base_data: 1, base_vector: 0
01-07 03:34:18.676     0     0 D [1 T496   ..] cnss: Get IRQ number 101 for vector index 0
01-07 03:34:18.676     0     0 D [1 T496   ..] cnss: Assign MSI to user: CE, num_vectors: 1, user_base_data: 1, base_vector: 0
01-07 03:34:18.676     0     0 D [1 T496   ..] cnss: Get IRQ number 101 for vector index 0
01-07 03:34:18.676     0     0 D [1 T496   ..] cnss: Assign MSI to user: CE, num_vectors: 1, user_base_data: 1, base_vector: 0
01-07 03:34:18.676     0     0 D [1 T496   ..] cnss: Get IRQ number 101 for vector index 0
01-07 03:34:18.676     0     0 D [1 T496   ..] cnss: Assign MSI to user: CE, num_vectors: 1, user_base_data: 1, base_vector: 0
01-07 03:34:18.676     0     0 D [1 T496   ..] cnss: Get IRQ number 101 for vector index 0
01-07 03:34:18.676     0     0 D [1 T496   ..] cnss: Assign MSI to user: CE, num_vectors: 1, user_base_data: 1, base_vector: 0
01-07 03:34:18.676     0     0 D [1 T496   ..] cnss: Get IRQ number 101 for vector index 0
01-07 03:34:18.676     0     0 D [1 T496   ..] cnss: Assign MSI to user: CE, num_vectors: 1, user_base_data: 1, base_vector: 0
01-07 03:34:18.676     0     0 D [1 T496   ..] cnss: Get IRQ number 101 for vector index 0
01-07 03:34:18.676     0     0 D [1 T496   ..] cnss: Assign MSI to user: CE, num_vectors: 1, user_base_data: 1, base_vector: 0
01-07 03:34:18.676     0     0 D [1 T496   ..] cnss: Get IRQ number 101 for vector index 0
01-07 03:34:18.676     0     0 E [1 T496   ..] wlan_pld: pld_is_ipa_offload_disabled:3449:: Not supported on type 0
01-07 03:34:18.676     0     0 E [1 T496   ..] [kworke][0x1808563][03: 34:18.672876] wlan: [496:E:POLICY_MGR] policy_mgr_init_cfg: max_conc_cxns 4 non-nan
01-07 03:34:18.678     0     0 D [1 T496   ..] cnss: Platform cap_flag is 0x0
01-07 03:34:18.679     0     0 E [1 T496   ..] [kworke][0x1808ef6][03: 34:18.675327] wlan: [496:E:QDF] __cds_get_context: Module ID 66 context is Null (via hdd_update_ol_config)
01-07 03:34:18.687     0     0 E [1 T496   ..] [kworke][0x180af39][03: 34:18.683586] wlan: [496:E:QDF] __cds_get_context: Module ID 66 context is Null (via cds_open)
01-07 03:34:18.690     0     0 F [1 T496   ..] [kworke][0x180bcb4][03: 34:18.687037] wlan: [496:F:WMA] WMA --> wmi_unified_attach - success
01-07 03:34:18.695     0     0 E [1 T496   ..] [kworke][0x180d067][03: 34:18.692080] wlan: [496:E:QDF] htc_wait_target: Target Ready! TX resource : 1 size:2176, MaxMsgsPerHTCBundle = 1
01-07 03:34:18.697     0     0 E [1 T496   ..] [kworke][0x180d555][03: 34:18.693342] wlan: [496:E:QDF] htc_setup_target_buffer_assignments: SVS Index : 1 TX : 0x100 : alloc:1
01-07 03:34:18.720   520   520 E android.hardware.wifi@1.0-service.droidlogic: driver not ok ,wait
01-07 03:34:18.756   929   961 D ActivityManagerTiming: FinishBooting
01-07 03:34:18.756   929  1210 D CompatibilityChangeReporter: Compat change id reported: 161145287; UID 10041; state: DISABLED
01-07 03:34:18.757   929   961 D WindowManager: updateCecScreenStatus 0
01-07 03:34:18.757   929   961 D HDMI    : setCecSettingIntValue name:cec_screen_state, value:0
01-07 03:34:18.794   929  1457 D CompatibilityChangeReporter: Compat change id reported: 161145287; UID 1002; state: DISABLED
01-07 03:34:18.852     0     0 I [3 T496   ..] [kworke][0x1833429][03: 34:18.848690] wlan: [496:I:DP] dp_soc_tx_desc_sw_pools_alloc Tx Desc Alloc num_pool = 6, descs = 8192
01-07 03:34:18.857  1326  1326 W ActivityThread: Failed to find provider info for bluetooth_legacy.provider (user not unlocked)
01-07 03:34:18.862   929  1188 E HDMI    : [1]:Failed to send <Get Menu Language> 30:91 with errorCode=1
01-07 03:34:18.921   520   520 E android.hardware.wifi@1.0-service.droidlogic: driver not ok ,wait
01-07 03:34:18.965     0     0 I [4 T740   ..] [snd-soc]: drc high cut scale set to 0%
01-07 03:34:18.965     0     0 I [2 T740   ..] [snd-soc]: drc low boost scale set to 0%
01-07 03:34:18.967     0     0 I [2 T740   ..] [snd-soc]: drc mode set to RF
01-07 03:34:19.017     0     0 D [3 T496   ..] cnss: Assign MSI to user: DP, num_vectors: 1, user_base_data: 1, base_vector: 0
01-07 03:34:19.018     0     0 D [3 T496   ..] cnss: Assign MSI to user: DP, num_vectors: 1, user_base_data: 1, base_vector: 0
01-07 03:34:19.018     0     0 D [3 T496   ..] cnss: Assign MSI to user: DP, num_vectors: 1, user_base_data: 1, base_vector: 0
01-07 03:34:19.018     0     0 I [3 T496   ..] [kworke][0x185bd4b][03: 34:19.014868] wlan: [496:I:HAL] hal_srng_update_high_wm_thresholds: ring_id: 120, wm_thresh- <50:0, 50-60:16384, 60-70:19660, 70-80:22937, 80-90:26214, 90-100:29491
01-07 03:34:19.019     0     0 D [3 T496   ..] cnss: Assign MSI to user: DP, num_vectors: 1, user_base_data: 1, base_vector: 0
01-07 03:34:19.019     0     0 I [3 T496   ..] [kworke][0x185c177][03: 34:19.015936] wlan: [496:I:HAL] hal_srng_update_high_wm_thresholds: ring_id: 121, wm_thresh- <50:0, 50-60:512, 60-70:614, 70-80:716, 80-90:819, 90-100:921
01-07 03:34:19.019     0     0 D [3 T496   ..] cnss: Assign MSI to user: DP, num_vectors: 1, user_base_data: 1, base_vector: 0
01-07 03:34:19.019     0     0 I [3 T496   ..] [kworke][0x185c1be][03: 34:19.016007] wlan: [496:I:HAL] hal_srng_update_high_wm_thresholds: ring_id: 16, wm_thresh- <50:0, 50-60:64, 60-70:76, 70-80:89, 80-90:102, 90-100:115
01-07 03:34:19.019     0     0 D [3 T496   ..] cnss: Assign MSI to user: DP, num_vectors: 1, user_base_data: 1, base_vector: 0
01-07 03:34:19.019     0     0 D [3 T496   ..] cnss: Get MSI low addr = 0x81000, high addr = 0x0
01-07 03:34:19.019     0     0 D [3 T496   ..] cnss: Assign MSI to user: DP, num_vectors: 1, user_base_data: 1, base_vector: 0
01-07 03:34:19.020     0     0 I [3 T496   ..] [kworke][0x185c22a][03: 34:19.016115] wlan: [496:I:HAL] hal_srng_update_high_wm_thresholds: ring_id: 131, wm_thresh- <50:0, 50-60:512, 60-70:614, 70-80:716, 80-90:819, 90-100:921
01-07 03:34:19.020     0     0 D [3 T496   ..] cnss: Assign MSI to user: DP, num_vectors: 1, user_base_data: 1, base_vector: 0
01-07 03:34:19.020     0     0 D [3 T496   ..] cnss: Get MSI low addr = 0x81000, high addr = 0x0
01-07 03:34:19.020     0     0 I [3 T496   ..] [kworke][0x185c286][03: 34:19.016207] wlan: [496:I:HAL] hal_srng_update_high_wm_thresholds: ring_id: 0, wm_thresh- <50:0, 50-60:128, 60-70:153, 70-80:179, 80-90:204, 90-100:230
01-07 03:34:19.020     0     0 D [3 T496   ..] cnss: Assign MSI to user: DP, num_vectors: 1, user_base_data: 1, base_vector: 0
01-07 03:34:19.020     0     0 I [3 T496   ..] [kworke][0x185c2c9][03: 34:19.016274] wlan: [496:I:HAL] hal_srng_update_high_wm_thresholds: ring_id: 20, wm_thresh- <50:0, 50-60:64, 60-70:76, 70-80:89, 80-90:102, 90-100:115
01-07 03:34:19.020     0     0 D [3 T496   ..] cnss: Assign MSI to user: DP, num_vectors: 1, user_base_data: 1, base_vector: 0
01-07 03:34:19.020     0     0 D [3 T496   ..] cnss: Get MSI low addr = 0x81000, high addr = 0x0
01-07 03:34:19.020     0     0 I [3 T496   ..] [kworke][0x185c321][03: 34:19.016362] wlan: [496:I:HAL] hal_srng_update_high_wm_thresholds: ring_id: 21, wm_thresh- <50:0, 50-60:128, 60-70:153, 70-80:179, 80-90:204, 90-100:230
01-07 03:34:19.020     0     0 D [3 T496   ..] cnss: Assign MSI to user: DP, num_vectors: 1, user_base_data: 1, base_vector: 0
01-07 03:34:19.020     0     0 I [3 T496   ..] [kworke][0x185c37f][03: 34:19.016456] wlan: [496:I:HAL] hal_srng_update_high_wm_thresholds: ring_id: 24, wm_thresh- <50:0, 50-60:2560, 60-70:3072, 70-80:3584, 80-90:4096, 90-100:4608
01-07 03:34:19.020     0     0 D [3 T496   ..] cnss: Assign MSI to user: DP, num_vectors: 1, user_base_data: 1, base_vector: 0
01-07 03:34:19.020     0     0 D [3 T496   ..] cnss: Get MSI low addr = 0x81000, high addr = 0x0
01-07 03:34:19.020     0     0 D [3 T496   ..] cnss: Assign MSI to user: DP, num_vectors: 1, user_base_data: 1, base_vector: 0
01-07 03:34:19.020     0     0 D [3 T496   ..] cnss: Get MSI low addr = 0x81000, high addr = 0x0
01-07 03:34:19.020     0     0 I [3 T496   ..] [kworke][0x185c3f6][03: 34:19.016575] wlan: [496:I:HAL] hal_srng_update_high_wm_thresholds: ring_id: 128, wm_thresh- <50:0, 50-60:4096, 60-70:4915, 70-80:5734, 80-90:6553, 90-100:7372
01-07 03:34:19.020     0     0 D [3 T496   ..] cnss: Assign MSI to user: DP, num_vectors: 1, user_base_data: 1, base_vector: 0
01-07 03:34:19.020     0     0 I [3 T496   ..] [kworke][0x185c478][03: 34:19.016705] wlan: [496:I:HAL] hal_srng_update_high_wm_thresholds: ring_id: 25, wm_thresh- <50:0, 50-60:2560, 60-70:3072, 70-80:3584, 80-90:4096, 90-100:4608
01-07 03:34:19.020     0     0 D [3 T496   ..] cnss: Assign MSI to user: DP, num_vectors: 1, user_base_data: 1, base_vector: 0
01-07 03:34:19.020     0     0 D [3 T496   ..] cnss: Get MSI low addr = 0x81000, high addr = 0x0
01-07 03:34:19.020     0     0 D [3 T496   ..] cnss: Assign MSI to user: DP, num_vectors: 1, user_base_data: 1, base_vector: 0
01-07 03:34:19.020     0     0 D [3 T496   ..] cnss: Get MSI low addr = 0x81000, high addr = 0x0
01-07 03:34:19.020     0     0 I [3 T496   ..] [kworke][0x185c4f2][03: 34:19.016827] wlan: [496:I:HAL] hal_srng_update_high_wm_thresholds: ring_id: 132, wm_thresh- <50:0, 50-60:4096, 60-70:4915, 70-80:5734, 80-90:6553, 90-100:7372
01-07 03:34:19.020     0     0 D [3 T496   ..] cnss: Assign MSI to user: DP, num_vectors: 1, user_base_data: 1, base_vector: 0
01-07 03:34:19.020     0     0 I [3 T496   ..] [kworke][0x185c5d2][03: 34:19.017051] wlan: [496:I:HAL] hal_srng_update_high_wm_thresholds: ring_id: 26, wm_thresh- <50:0, 50-60:2560, 60-70:3072, 70-80:3584, 80-90:4096, 90-100:4608
01-07 03:34:19.021     0     0 D [3 T496   ..] cnss: Assign MSI to user: DP, num_vectors: 1, user_base_data: 1, base_vector: 0
01-07 03:34:19.021     0     0 D [3 T496   ..] cnss: Get MSI low addr = 0x81000, high addr = 0x0
01-07 03:34:19.021     0     0 D [3 T496   ..] cnss: Assign MSI to user: DP, num_vectors: 1, user_base_data: 1, base_vector: 0
01-07 03:34:19.021     0     0 D [3 T496   ..] cnss: Get MSI low addr = 0x81000, high addr = 0x0
01-07 03:34:19.021     0     0 I [3 T496   ..] [kworke][0x185c653][03: 34:19.017180] wlan: [496:I:HAL] hal_srng_update_high_wm_thresholds: ring_id: 130, wm_thresh- <50:0, 50-60:4096, 60-70:4915, 70-80:5734, 80-90:6553, 90-100:7372
01-07 03:34:19.021     0     0 D [3 T496   ..] cnss: Assign MSI to user: DP, num_vectors: 1, user_base_data: 1, base_vector: 0
01-07 03:34:19.021     0     0 D [3 T496   ..] cnss: Get MSI low addr = 0x81000, high addr = 0x0
01-07 03:34:19.021     0     0 D [3 T496   ..] cnss: Assign MSI to user: DP, num_vectors: 1, user_base_data: 1, base_vector: 0
01-07 03:34:19.021     0     0 D [3 T496   ..] cnss: Get MSI low addr = 0x81000, high addr = 0x0
01-07 03:34:19.021     0     0 I [3 T496   ..] [kworke][0x185c77f][03: 34:19.017480] wlan: [496:I:HAL] hal_srng_update_high_wm_thresholds: ring_id: 1, wm_thresh- <50:0, 50-60:3072, 60-70:3686, 70-80:4300, 80-90:4915, 90-100:5529
01-07 03:34:19.021     0     0 D [3 T496   ..] cnss: Assign MSI to user: DP, num_vectors: 1, user_base_data: 1, base_vector: 0
01-07 03:34:19.021     0     0 D [3 T496   ..] cnss: Get MSI low addr = 0x81000, high addr = 0x0
01-07 03:34:19.021     0     0 D [3 T496   ..] cnss: Assign MSI to user: DP, num_vectors: 1, user_base_data: 1, base_vector: 0
01-07 03:34:19.021     0     0 D [3 T496   ..] cnss: Get MSI low addr = 0x81000, high addr = 0x0
01-07 03:34:19.021     0     0 I [3 T496   ..] [kworke][0x185c808][03: 34:19.017617] wlan: [496:I:HAL] hal_srng_update_high_wm_thresholds: ring_id: 2, wm_thresh- <50:0, 50-60:3072, 60-70:3686, 70-80:4300, 80-90:4915, 90-100:5529
01-07 03:34:19.021     0     0 D [3 T496   ..] cnss: Assign MSI to user: DP, num_vectors: 1, user_base_data: 1, base_vector: 0
01-07 03:34:19.021     0     0 D [3 T496   ..] cnss: Get MSI low addr = 0x81000, high addr = 0x0
01-07 03:34:19.021     0     0 D [3 T496   ..] cnss: Assign MSI to user: DP, num_vectors: 1, user_base_data: 1, base_vector: 0
01-07 03:34:19.021     0     0 D [3 T496   ..] cnss: Get MSI low addr = 0x81000, high addr = 0x0
01-07 03:34:19.021     0     0 I [3 T496   ..] [kworke][0x185c88d][03: 34:19.017750] wlan: [496:I:HAL] hal_srng_update_high_wm_thresholds: ring_id: 3, wm_thresh- <50:0, 50-60:3072, 60-70:3686, 70-80:4300, 80-90:4915, 90-100:5529
01-07 03:34:19.021     0     0 D [3 T496   ..] cnss: Assign MSI to user: DP, num_vectors: 1, user_base_data: 1, base_vector: 0
01-07 03:34:19.021     0     0 D [3 T496   ..] cnss: Get MSI low addr = 0x81000, high addr = 0x0
01-07 03:34:19.021     0     0 D [3 T496   ..] cnss: Assign MSI to user: DP, num_vectors: 1, user_base_data: 1, base_vector: 0
01-07 03:34:19.021     0     0 D [3 T496   ..] cnss: Get MSI low addr = 0x81000, high addr = 0x0
01-07 03:34:19.021     0     0 I [3 T496   ..] [kworke][0x185c911][03: 34:19.017882] wlan: [496:I:HAL] hal_srng_update_high_wm_thresholds: ring_id: 4, wm_thresh- <50:0, 50-60:3072, 60-70:3686, 70-80:4300, 80-90:4915, 90-100:5529
01-07 03:34:19.021     0     0 D [3 T496   ..] cnss: Assign MSI to user: DP, num_vectors: 1, user_base_data: 1, base_vector: 0
01-07 03:34:19.021     0     0 D [3 T496   ..] cnss: Get MSI low addr = 0x81000, high addr = 0x0
01-07 03:34:19.021     0     0 D [3 T496   ..] cnss: Assign MSI to user: DP, num_vectors: 1, user_base_data: 1, base_vector: 0
01-07 03:34:19.021     0     0 I [3 T496   ..] [kworke][0x185c999][03: 34:19.018018] wlan: [496:I:HAL] hal_srng_update_high_wm_thresholds: ring_id: 5, wm_thresh- <50:0, 50-60:3072, 60-70:3686, 70-80:4300, 80-90:4915, 90-100:5529
01-07 03:34:19.022     0     0 D [3 T496   ..] cnss: Assign MSI to user: DP, num_vectors: 1, user_base_data: 1, base_vector: 0
01-07 03:34:19.022     0     0 D [3 T496   ..] cnss: Get MSI low addr = 0x81000, high addr = 0x0
01-07 03:34:19.022     0     0 D [3 T496   ..] cnss: Assign MSI to user: DP, num_vectors: 1, user_base_data: 1, base_vector: 0
01-07 03:34:19.022     0     0 I [3 T496   ..] [kworke][0x185ca0e][03: 34:19.018135] wlan: [496:I:HAL] hal_srng_update_high_wm_thresholds: ring_id: 6, wm_thresh- <50:0, 50-60:3072, 60-70:3686, 70-80:4300, 80-90:4915, 90-100:5529
01-07 03:34:19.022     0     0 D [3 T496   ..] cnss: Assign MSI to user: DP, num_vectors: 1, user_base_data: 1, base_vector: 0
01-07 03:34:19.022     0     0 D [3 T496   ..] cnss: Get MSI low addr = 0x81000, high addr = 0x0
01-07 03:34:19.022     0     0 D [3 T496   ..] cnss: Assign MSI to user: DP, num_vectors: 1, user_base_data: 1, base_vector: 0
01-07 03:34:19.022     0     0 I [3 T496   ..] [kworke][0x185ca83][03: 34:19.018252] wlan: [496:I:HAL] hal_srng_update_high_wm_thresholds: ring_id: 7, wm_thresh- <50:0, 50-60:3072, 60-70:3686, 70-80:4300, 80-90:4915, 90-100:5529
01-07 03:34:19.022     0     0 D [3 T496   ..] cnss: Assign MSI to user: DP, num_vectors: 1, user_base_data: 1, base_vector: 0
01-07 03:34:19.022     0     0 D [3 T496   ..] cnss: Get MSI low addr = 0x81000, high addr = 0x0
01-07 03:34:19.022     0     0 D [3 T496   ..] cnss: Assign MSI to user: DP, num_vectors: 1, user_base_data: 1, base_vector: 0
01-07 03:34:19.022     0     0 I [3 T496   ..] [kworke][0x185cafa][03: 34:19.018371] wlan: [496:I:HAL] hal_srng_update_high_wm_thresholds: ring_id: 8, wm_thresh- <50:0, 50-60:3072, 60-70:3686, 70-80:4300, 80-90:4915, 90-100:5529
01-07 03:34:19.026     0     0 I [3 T496   ..] [kworke][0x185dc26][03: 34:19.022767] wlan: [496:I:scan] scm_channel_list_db_init: min_freq 5935 max_freq 7115
01-07 03:34:19.027     0     0 D [3 T496   ..] cnss: Assign MSI to user: DP, num_vectors: 1, user_base_data: 1, base_vector: 0
01-07 03:34:19.027     0     0 I [3 T496   ..] [kworke][0x185de06][03: 34:19.023247] wlan: [496:I:HAL] hal_srng_update_high_wm_thresholds: ring_id: 184, wm_thresh- <50:0, 50-60:8192, 60-70:9830, 70-80:11468, 80-90:13107, 90-100:14745
01-07 03:34:19.027     0     0 D [3 T496   ..] cnss: Assign MSI to user: DP, num_vectors: 1, user_base_data: 1, base_vector: 0
01-07 03:34:19.027     0     0 D [3 T496   ..] cnss: Get MSI low addr = 0x81000, high addr = 0x0
01-07 03:34:19.027     0     0 I [3 T496   ..] [kworke][0x185de3f][03: 34:19.023304] wlan: [496:I:HAL] hal_srng_update_high_wm_thresholds: ring_id: 189, wm_thresh- <50:0, 50-60:512, 60-70:614, 70-80:716, 80-90:819, 90-100:921
01-07 03:34:19.027     0     0 I [3 T496   ..] [kworke][0x185de53][03: 34:19.023324] wlan: [496:I:DP] Peer pool init
01-07 03:34:19.028     0     0 D [3 T496   ..] cnss: Assign MSI to user: DP, num_vectors: 1, user_base_data: 1, base_vector: 0
01-07 03:34:19.028     0     0 I [3 T496   ..] [kworke][0x185e1e4][03: 34:19.024237] wlan: [496:I:HAL] hal_srng_update_high_wm_thresholds: ring_id: 185, wm_thresh- <50:0, 50-60:2048, 60-70:2457, 70-80:2867, 80-90:3276, 90-100:3686
01-07 03:34:19.028     0     0 D [3 T496   ..] cnss: Assign MSI to user: DP, num_vectors: 1, user_base_data: 1, base_vector: 0
01-07 03:34:19.028     0     0 I [3 T496   ..] [kworke][0x185e20d][03: 34:19.024278] wlan: [496:I:HAL] hal_srng_update_high_wm_thresholds: ring_id: 198, wm_thresh- <50:0, 50-60:2048, 60-70:2457, 70-80:2867, 80-90:3276, 90-100:3686
01-07 03:34:19.028     0     0 I [3 T496   ..] [kworke][0x185e257][03: 34:19.024352] wlan: [496:I:HAL] hal_srng_update_high_wm_thresholds: ring_id: 188, wm_thresh- <50:0, 50-60:512, 60-70:614, 70-80:716, 80-90:819, 90-100:921
01-07 03:34:19.028     0     0 I [3 T496   ..] [kworke][0x185e263][03: 34:19.024364] wlan: [496:I:HAL] hal_srng_update_high_wm_thresholds: ring_id: 201, wm_thresh- <50:0, 50-60:512, 60-70:614, 70-80:716, 80-90:819, 90-100:921
01-07 03:34:19.047     0     0 E [3 T496   ..] [kworke][0x1862dd2][03: 34:19.043675] wlan: [496:E:DP] dp_rx_buffer_pool_init: RX buffer pool support is disabled
01-07 03:34:19.088     0     0 I [2 T442   ..] AidlLazyServiceRegistrar: Process has 0 (of 1 available) client(s) in use after notification apexservice has clients: 0
01-07 03:34:19.088     0     0 I [2 T442   ..] AidlLazyServiceRegistrar: Shutdown prevented by forcePersist override flag.
01-07 03:34:19.089   929  1169 I AS.AudioDeviceInventory: sendDeviceConnectionIntent(dev:0x400 state:0x1 address: name:);
01-07 03:34:19.090  1336  1560 I AudioSystemCmdService: onAudioPortListUpdate ++++
01-07 03:34:19.100  1336  1560 I AudioSystemCmdService: onAudioPortListUpdate ++++
01-07 03:34:19.121   520   520 E android.hardware.wifi@1.0-service.droidlogic: driver not ok ,wait
01-07 03:34:19.159   929  1374 D WallpaperManagerService: WPMS.saveSettingsLocked-0
01-07 03:34:19.162   929  1374 V WallpaperManagerService: WPMS.saveSettingsLocked-0 took to complete: 3ms
01-07 03:34:19.175  1223  1223 V SystemUIBootTiming: DependencyInjection took to complete: 0ms
01-07 03:34:19.177     0     0 D [3 T496   ..] cnss: Assign MSI to user: DP, num_vectors: 1, user_base_data: 1, base_vector: 0
01-07 03:34:19.177     0     0 D [3 T496   ..] cnss: Get IRQ number 101 for vector index 0
01-07 03:34:19.177     0     0 I [4 T496   ..] [kworke][0x18829a5][03: 34:19.173678] wlan: [496:I:HIF] hif_event_history_init: SRNG events history initialized for group: 0
01-07 03:34:19.177     0     0 D [4 T496   ..] cnss: Assign MSI to user: DP, num_vectors: 1, user_base_data: 1, base_vector: 0
01-07 03:34:19.177     0     0 D [4 T496   ..] cnss: Get IRQ number 101 for vector index 0
01-07 03:34:19.177     0     0 I [4 T496   ..] [kworke][0x1882a58][03: 34:19.173857] wlan: [496:I:HIF] hif_event_history_init: SRNG events history initialized for group: 1
01-07 03:34:19.177     0     0 D [4 T496   ..] cnss: Assign MSI to user: DP, num_vectors: 1, user_base_data: 1, base_vector: 0
01-07 03:34:19.177     0     0 D [4 T496   ..] cnss: Get IRQ number 101 for vector index 0
01-07 03:34:19.177     0     0 I [6 T496   ..] [kworke][0x1882add][03: 34:19.173990] wlan: [496:I:HIF] hif_event_history_init: SRNG events history initialized for group: 2
01-07 03:34:19.177     0     0 D [6 T496   ..] cnss: Assign MSI to user: DP, num_vectors: 1, user_base_data: 1, base_vector: 0
01-07 03:34:19.177     0     0 D [6 T496   ..] cnss: Get IRQ number 101 for vector index 0
01-07 03:34:19.177     0     0 I [5 T496   ..] [kworke][0x1882b4d][03: 34:19.174102] wlan: [496:I:HIF] hif_event_history_init: SRNG events history initialized for group: 3
01-07 03:34:19.177     0     0 D [5 T496   ..] cnss: Assign MSI to user: DP, num_vectors: 1, user_base_data: 1, base_vector: 0
01-07 03:34:19.178     0     0 D [5 T496   ..] cnss: Get IRQ number 101 for vector index 0
01-07 03:34:19.178     0     0 I [6 T496   ..] [kworke][0x1882bcd][03: 34:19.174230] wlan: [496:I:HIF] hif_event_history_init: SRNG events history initialized for group: 4
01-07 03:34:19.178     0     0 D [6 T496   ..] cnss: Assign MSI to user: DP, num_vectors: 1, user_base_data: 1, base_vector: 0
01-07 03:34:19.178     0     0 D [6 T496   ..] cnss: Get IRQ number 101 for vector index 0
01-07 03:34:19.178     0     0 I [6 T496   ..] [kworke][0x1882c42][03: 34:19.174348] wlan: [496:I:HIF] hif_event_history_init: SRNG events history initialized for group: 5
01-07 03:34:19.178     0     0 D [6 T496   ..] cnss: Assign MSI to user: DP, num_vectors: 1, user_base_data: 1, base_vector: 0
01-07 03:34:19.178     0     0 D [6 T496   ..] cnss: Get IRQ number 101 for vector index 0
01-07 03:34:19.178     0     0 I [6 T496   ..] [kworke][0x1882cb3][03: 34:19.174460] wlan: [496:I:HIF] hif_event_history_init: SRNG events history initialized for group: 6
01-07 03:34:19.178     0     0 D [6 T496   ..] cnss: Assign MSI to user: DP, num_vectors: 1, user_base_data: 1, base_vector: 0
01-07 03:34:19.178     0     0 D [6 T496   ..] cnss: Get IRQ number 101 for vector index 0
01-07 03:34:19.178     0     0 I [2 T88    ..] binder: undelivered transaction 32542, process died.
01-07 03:34:19.178     0     0 I [3 T496   ..] [kworke][0x1882e05][03: 34:19.174798] wlan: [496:I:HIF] hif_event_history_init: SRNG events history initialized for group: 7
01-07 03:34:19.178     0     0 D [3 T496   ..] cnss: Assign MSI to user: DP, num_vectors: 1, user_base_data: 1, base_vector: 0
01-07 03:34:19.178     0     0 D [3 T496   ..] cnss: Get IRQ number 101 for vector index 0
01-07 03:34:19.182     0     0 I [2 T496   ..] [kworke][0x1883b14][03: 34:19.178141] wlan: [496:I:HIF] hif_event_history_init: SRNG events history initialized for group: 8
01-07 03:34:19.182     0     0 D [2 T496   ..] cnss: Assign MSI to user: DP, num_vectors: 1, user_base_data: 1, base_vector: 0
01-07 03:34:19.182     0     0 D [2 T496   ..] cnss: Get IRQ number 101 for vector index 0
01-07 03:34:19.182     0     0 I [3 T496   ..] [kworke][0x1883c19][03: 34:19.178402] wlan: [496:I:HIF] hif_event_history_init: SRNG events history initialized for group: 9
01-07 03:34:19.182     0     0 D [3 T496   ..] cnss: Assign MSI to user: DP, num_vectors: 1, user_base_data: 1, base_vector: 0
01-07 03:34:19.182     0     0 D [3 T496   ..] cnss: Get IRQ number 101 for vector index 0
01-07 03:34:19.182     0     0 I [3 T496   ..] [kworke][0x1883ca5][03: 34:19.178542] wlan: [496:I:HIF] hif_event_history_init: SRNG events history initialized for group: 10
01-07 03:34:19.182     0     0 D [3 T496   ..] cnss: Assign MSI to user: DP, num_vectors: 1, user_base_data: 1, base_vector: 0
01-07 03:34:19.182     0     0 D [3 T496   ..] cnss: Get IRQ number 101 for vector index 0
01-07 03:34:19.182     0     0 I [3 T496   ..] [kworke][0x1883d2a][03: 34:19.178675] wlan: [496:I:HIF] hif_event_history_init: SRNG events history initialized for group: 11
01-07 03:34:19.182     0     0 D [3 T496   ..] cnss: Assign MSI to user: DP, num_vectors: 1, user_base_data: 1, base_vector: 0
01-07 03:34:19.182     0     0 D [3 T496   ..] cnss: Get IRQ number 101 for vector index 0
01-07 03:34:19.182     0     0 I [3 T496   ..] [kworke][0x1883dae][03: 34:19.178807] wlan: [496:I:HIF] hif_event_history_init: SRNG events history initialized for group: 12
01-07 03:34:19.182     0     0 D [3 T496   ..] cnss: Assign MSI to user: DP, num_vectors: 1, user_base_data: 1, base_vector: 0
01-07 03:34:19.182     0     0 D [3 T496   ..] cnss: Get IRQ number 101 for vector index 0
01-07 03:34:19.182     0     0 I [3 T496   ..] [kworke][0x1883e33][03: 34:19.178940] wlan: [496:I:HIF] hif_event_history_init: SRNG events history initialized for group: 13
01-07 03:34:19.182     0     0 D [3 T496   ..] cnss: Assign MSI to user: DP, num_vectors: 1, user_base_data: 1, base_vector: 0
01-07 03:34:19.182     0     0 D [3 T496   ..] cnss: Get IRQ number 101 for vector index 0
01-07 03:34:19.182     0     0 I [3 T496   ..] [kworke][0x1883eaa][03: 34:19.179059] wlan: [496:I:HIF] hif_event_history_init: SRNG events history initialized for group: 14
01-07 03:34:19.182     0     0 D [3 T496   ..] cnss: Assign MSI to user: DP, num_vectors: 1, user_base_data: 1, base_vector: 0
01-07 03:34:19.182     0     0 D [3 T496   ..] cnss: Get IRQ number 101 for vector index 0
01-07 03:34:19.183     0     0 I [3 T496   ..] [kworke][0x1883f1c][03: 34:19.179173] wlan: [496:I:HIF] hif_event_history_init: SRNG events history initialized for group: 15
01-07 03:34:19.183     0     0 D [3 T496   ..] cnss: Assign MSI to user: DP, num_vectors: 1, user_base_data: 1, base_vector: 0
01-07 03:34:19.183     0     0 D [3 T496   ..] cnss: Get IRQ number 101 for vector index 0
01-07 03:34:19.183     0     0 I [3 T496   ..] [kworke][0x1883f83][03: 34:19.179276] wlan: [496:I:HIF] hif_event_history_init: SRNG events history initialized for group: 16
01-07 03:34:19.183     0     0 D [3 T496   ..] cnss: Assign MSI to user: DP, num_vectors: 1, user_base_data: 1, base_vector: 0
01-07 03:34:19.183     0     0 D [3 T496   ..] cnss: Get IRQ number 101 for vector index 0
01-07 03:34:19.183     0     0 I [3 T496   ..] [kworke][0x1883feb][03: 34:19.179380] wlan: [496:I:HIF] hif_event_history_init: SRNG events history initialized for group: 17
01-07 03:34:19.183  1223  1223 W Looper  : Slow dispatch took 2048ms main h=android.app.ActivityThread$H c=null m=110
01-07 03:34:19.184  1223  1223 W Looper  : Slow delivery took 2048ms main h=android.app.ActivityThread$H c=null m=114
01-07 03:34:19.187     0     0 E [3 T496   ..] [kworke][0x1884f67][03: 34:19.183344] wlan: [496:E:HIF] hif_pci_ce_irq_set_affinity_hint: Unable to set cpu mask for offline CPU 0
01-07 03:34:19.187  1223  1223 V SystemUIBootTiming: StartServices com.android.systemui.SliceBroadcastRelayHandler took to complete: 0ms
01-07 03:34:19.190     0     0 I [6 T629   ..] [kworke][0x1885ad8][03: 34:19.186273] wlan: [629:I:WMA] wma_rx_service_ready_event: Firmware build version : 110effff
01-07 03:34:19.190     0     0 I [6 T629   ..] [kworke][0x1885af6][03: 34:19.186303] wlan: [629:I:WMA] wma_rx_service_ready_event: Board id: 0, Board version: 8 0 0 4 1
01-07 03:34:19.194     0     0 E [6 T629   ..] [kworke][0x1886b57][03: 34:19.190496] wlan: [629:E:WMA] wma_update_supported_bands: wrong supported band
01-07 03:34:19.195     0     0 E [6 T629   ..] [kworke][0x1886e7c][03: 34:19.191302] wlan: [629:E:WMA] wma_update_supported_bands: wrong supported band
01-07 03:34:19.196     0     0 I [6 T629   ..] [kworke][0x188744b][03: 34:19.192788] wlan: [629:I:POLICY_MGR] policy_mgr_modify_sbs_freq: Invalid SBS range with all 5Ghz shared
01-07 03:34:19.196     0     0 I [6 T629   ..] [kworke][0x1887535][03: 34:19.193022] wlan: [629:I:WMI] extract_hw_bdf_status: BDF VER is 0, FW and BDF ver check skipped
01-07 03:34:19.197     0     0 W [6 T629   ..] resource_cfg->flag1: 0xc0080600, resource_cfg->flags2: 0x140d0
01-07 03:34:19.197     0     0 W         : [6 T629   ..] Disable PCIE_GET_Switch, resource_cfg->flag1: 0x40080600, resource_cfg->flags2: 0x140d0
01-07 03:34:19.198   929  1188 E HDMI    : [1]:Failed to send <Set Osd Name> 30:47 <Redacted len=8> with errorCode=1
01-07 03:34:19.203  1336  1562 W ContextImpl: Calling a method in the system process without a qualified user: android.app.ContextImpl.sendBroadcast:1189 android.content.ContextWrapper.sendBroadcast:500 com.droidlogic.audioservice.services.AudioSystemCmdService$1.onUEvent:184 com.droidlogic.UEventObserver$UEventThread.sendEvent:213 com.droidlogic.UEventObserver$UEventThread.run:190 
01-07 03:34:19.205     0     0 I         : [0 T20    ..] meson8b-dwmac fdc00000.ethernet eth0: Link is Up - 1Gbps/Full - flow control rx/tx
01-07 03:34:19.205     0     0 I [0 T20    ..] IPv6: ADDRCONF(NETDEV_CHANGE): eth0: link becomes ready
01-07 03:34:19.206     0     0 I         : [7 T565   ..] hdmitx21_ext_set_audio_output enable:1
01-07 03:34:19.206     0     0 I [7 T565   ..] [snd-soc]: update audio atmos flag! audio_type = 0
01-07 03:34:19.223   929   961 I WindowManager: ******* TELLING SURFACE FLINGER WE ARE BOOTED!
01-07 03:34:19.227   929   961 D ActivityManagerTiming: FinishBooting
01-07 03:34:19.231   929   961 I ActivityManager: About to commit checkpoint
01-07 03:34:19.236   331   331 I Checkpoint: Marked slot as booted successfully.
01-07 03:34:19.249     0     0 I         : [4 T331   ..] F2FS-fs (dm-35): Preserve previous reserve_root=32768
01-07 03:34:19.254     0     0 I         : [2 T1031  ..] asoc-aml-card auge_sound: TDM[1] Playback stop
01-07 03:34:19.254     0     0 D [2 T1031  ..] [snd-soc]: spdif_a is set to disable
01-07 03:34:19.254     0     0 D [2 T1031  ..] [snd-soc]: spdif_b is set to disable
01-07 03:34:19.254     0     0 I [2 T1031  ..] [snd-soc]: ss_free() samesrc 3, lvl 1
01-07 03:34:19.254     0     0 I [2 T1031  ..] [snd-soc]: ss_free() samesrc 4, lvl 2
01-07 03:34:19.254     0     0 I [2 T1031  ..] audio_ddr_mngr: frddrs[0] released by device fe330000.audiobus:tdm@1
01-07 03:34:19.257     0     0 I [1 T1628  ..] [snd-soc]: dd+ drc mode : RF
01-07 03:34:19.257     0     0 I [1 T1628  ..] [snd-soc]: dd+ drc high cut scale : 0%
01-07 03:34:19.257     0     0 I [1 T1628  ..] [snd-soc]: dd+ drc low boost scale : 0%
01-07 03:34:19.257     0     0 I [1 T1628  ..] [debug]: audio_utils_open
01-07 03:34:19.257     0     0 I [1 T1628  ..] [debug]: audio_utils_release
01-07 03:34:19.259     0     0 E [1 T1628  ..] [secmon]: DBG=======> dolby_fw_ioctl 438 cmd:0x40 arg3=0
01-07 03:34:19.267     0     0 E [1 T1628  ..] [secmon]: DBG=======> dolby_fw_ioctl 438 cmd:0x41 arg3=0
01-07 03:34:19.268     0     0 E [1 T1628  ..] [secmon]: DBG=======> dolby_fw_verify_lib_resp 296 DOLBY_FW_VERIFY_LIB_RESP arg3=0
01-07 03:34:19.267  1223  1223 V SystemUIBootTiming: StartServices com.android.systemui.accessibility.WindowMagnification took to complete: 80ms
01-07 03:34:19.267  1223  1223 V SystemUIBootTiming: StartServices com.android.systemui.broadcast.BroadcastDispatcherStartable took to complete: 0ms
01-07 03:34:19.269     0     0 E [1 T1628  ..] [secmon]: DBG=======> dolby_fw_ioctl 438 cmd:0x50 arg3=0
01-07 03:34:19.270     0     0 E [1 T1628  ..] [secmon]: DBG=======> dolby_fw_ioctl 438 cmd:0x60 arg3=0
01-07 03:34:19.271     0     0 E [1 T1628  ..] [secmon]: DBG=======> dolby_fw_critical_query 389 DOLBY_FW_CRITICAL_DATA_QUERY arg3=0
01-07 03:34:19.271  1223  1223 V SystemUIBootTiming: StartServices com.android.systemui.flags.FeatureFlagsDebugStartable took to complete: 4ms
01-07 03:34:19.275   929   967 I DropBoxManagerService: add tag=system_server_wtf isTagEnabled=true flags=0x2
01-07 03:34:19.277     0     0 I [1 T1628  ..] [snd-soc]: dd+ drc mode : RF
01-07 03:34:19.277     0     0 I [1 T1628  ..] [snd-soc]: dd+ drc high cut scale : 0%
01-07 03:34:19.277     0     0 I [1 T1628  ..] [snd-soc]: dd+ drc low boost scale : 0%
01-07 03:34:19.282     0     0 I [2 T1638  ..] audio_ddr_mngr: frddrs[0] registered by device fe330000.audiobus:tdm@1
01-07 03:34:19.283     0     0 I [2 T1638  ..] [snd-soc]: aml_audio_reset, reg 0xa, shift 9, use_vadtop 0
01-07 03:34:19.283     0     0 I [2 T1638  ..] [snd-soc]: aml_audio_reset, reg 0xa, shift 13, use_vadtop 0
01-07 03:34:19.283     0     0 D [2 T1638  ..] [snd-soc]: spdif_a fifo ctrl, frddr:0 type:1, 16 bits, chmask 0x3, swap 0x10
01-07 03:34:19.283     0     0 D [2 T1638  ..] iec_info: rate: 48000, codec_type:0x0, channel status L:0x2000100, R:0x2000100
01-07 03:34:19.283     0     0 I         : [2 T1638  ..] err chn msk, must larger than 0
01-07 03:34:19.283     0     0 I         : [2 T1638  ..] hdmitx_notify_callback_a[3794] aud_src_if is 0, aud_output_ch is 0x0, reset aud_output_ch as 0
01-07 03:34:19.283     0     0 D [2 T1638  ..] [snd-soc]: spdif_b fifo ctrl, frddr:0 type:1, 16 bits, chmask 0x3, swap 0x10
01-07 03:34:19.283     0     0 D [2 T1638  ..] iec_info: rate: 48000, codec_type:0x0, channel status L:0x2000100, R:0x2000100
01-07 03:34:19.288  1223  1223 V SystemUIBootTiming: StartServices com.android.systemui.globalactions.GlobalActionsComponent took to complete: 17ms
01-07 03:34:19.289  1223  1223 V SystemUIBootTiming: StartServices com.android.systemui.keyboard.KeyboardUI took to complete: 1ms
