01-06 02:49:14.472   944  1511 D CompatibilityChangeReporter: Compat change id reported: 168419799; UID 2000; state: DISABLED
01-06 02:49:14.475   944  2958 D SystemServerTimingAsync: ssm.onCompletedEventUser-0_{|Unlocked|}_com.android.server.pm.Installer
01-06 02:49:14.475   944  2958 V SystemServerTimingAsync: ssm.onCompletedEventUser-0_{|Unlocked|}_com.android.server.pm.Installer took to complete: 0ms
01-06 02:49:14.475   944   976 V SystemServerTimingAsync: ssm.CompletedEventUser-0 took to complete: 24ms
01-06 02:49:14.564  1367  1599 W ContextImpl: Calling a method in the system process without a qualified user: android.app.ContextImpl.sendBroadcast:1189 android.content.ContextWrapper.sendBroadcast:500 com.droidlogic.audioservice.services.AudioSystemCmdService$1.onUEvent:184 com.droidlogic.UEventObserver$UEventThread.sendEvent:213 com.droidlogic.UEventObserver$UEventThread.run:190 
01-06 02:49:08.662     0     0 I [4 T2871  ..] [snd-soc]: update audio atmos flag! audio_type = 0
01-06 02:49:14.613   944   959 D CompatibilityChangeReporter: Compat change id reported: 168419799; UID 10017; state: DISABLED
01-06 02:49:14.635   944   959 D CompatibilityChangeReporter: Compat change id reported: 168419799; UID 1000; state: DISABLED
01-06 02:49:14.640   944   959 D CompatibilityChangeReporter: Compat change id reported: 135634846; UID 10042; state: DISABLED
01-06 02:49:14.640   944   959 D CompatibilityChangeReporter: Compat change id reported: 177438394; UID 10042; state: DISABLED
01-06 02:49:14.640   944   959 D CompatibilityChangeReporter: Compat change id reported: 135772972; UID 10042; state: DISABLED
01-06 02:49:14.640   944   959 D CompatibilityChangeReporter: Compat change id reported: 135754954; UID 10042; state: ENABLED
01-06 02:49:14.643   944   977 D CompatibilityChangeReporter: Compat change id reported: 143937733; UID 10042; state: ENABLED
01-06 02:49:14.651   944   959 W JobScheduler: Job didn't exist in JobStore: 78ab82f #u0a58/7 com.sonos.tv.launcher/androidx.work.impl.background.systemjob.SystemJobService
01-06 02:49:14.658   944   977 I ActivityManager: Start proc 2991:com.brdgwtr.CentralMessageService/u0a42 for broadcast {com.brdgwtr.CentralMessageService/com.brdgwtr.cms.receivers.OnBootReceiver}
01-06 02:49:14.666   944   959 D PackageManager: Instant App installer not found with android.intent.action.INSTALL_INSTANT_APP_PACKAGE
01-06 02:49:14.666   944   959 D PackageManager: Clear ephemeral installer activity
01-06 02:49:08.774     0     0 I [3 T2871  ..] [snd-soc]: dd+ drc mode : RF
01-06 02:49:08.774     0     0 I [3 T2871  ..] [snd-soc]: dd+ drc high cut scale : 0%
01-06 02:49:08.774     0     0 I [3 T2871  ..] [snd-soc]: dd+ drc low boost scale : 0%
01-06 02:49:08.774     0     0 I [3 T2871  ..] [debug]: audio_utils_open
01-06 02:49:08.775     0     0 I [3 T2871  ..] [debug]: audio_utils_release
01-06 02:49:08.776     0     0 I [3 T2871  ..] [debug]: audio_utils_open
01-06 02:49:08.781     0     0 E [3 T2871  ..] [secmon]: DBG=======> dolby_fw_ioctl 438 cmd:0x40 arg3=0
01-06 02:49:14.691   944   959 D PackageManager: Instant App installer not found with android.intent.action.INSTALL_INSTANT_APP_PACKAGE
01-06 02:49:14.691   944   959 D PackageManager: Clear ephemeral installer activity
01-06 02:49:08.792     0     0 E [3 T2871  ..] [secmon]: DBG=======> dolby_fw_ioctl 438 cmd:0x41 arg3=0
01-06 02:49:08.792     0     0 E [3 T2871  ..] [secmon]: DBG=======> dolby_fw_verify_lib_resp 296 DOLBY_FW_VERIFY_LIB_RESP arg3=0
01-06 02:49:08.794     0     0 E [3 T2871  ..] [secmon]: DBG=======> dolby_fw_ioctl 438 cmd:0x50 arg3=0
01-06 02:49:08.794     0     0 E [3 T2871  ..] [secmon]: DBG=======> dolby_fw_ioctl 438 cmd:0x60 arg3=0
01-06 02:49:08.795     0     0 E [3 T2871  ..] [secmon]: DBG=======> dolby_fw_critical_query 389 DOLBY_FW_CRITICAL_DATA_QUERY arg3=0
01-06 02:49:08.805     0     0 I [3 T2871  ..] [snd-soc]: dd+ drc mode : RF
01-06 02:49:08.805     0     0 I [3 T2871  ..] [snd-soc]: dd+ drc high cut scale : 0%
01-06 02:49:08.805     0     0 I [3 T2871  ..] [snd-soc]: dd+ drc low boost scale : 0%
01-06 02:49:08.829     0     0 I [3 T3007  ..] audio_ddr_mngr: frddrs[0] registered by device fe330000.audiobus:tdm@1
01-06 02:49:14.730   944  2869 D CompatibilityChangeReporter: Compat change id reported: 168419799; UID 10042; state: DISABLED
01-06 02:49:08.829     0     0 I [3 T3007  ..] [snd-soc]: aml_audio_reset, reg 0xa, shift 9, use_vadtop 0
01-06 02:49:08.829     0     0 I [3 T3007  ..] [snd-soc]: aml_audio_reset, reg 0xa, shift 13, use_vadtop 0
01-06 02:49:08.829     0     0 D [3 T3007  ..] [snd-soc]: spdif_a fifo ctrl, frddr:0 type:1, 16 bits, chmask 0x3, swap 0x10
01-06 02:49:08.829     0     0 D [3 T3007  ..] iec_info: rate: 48000, codec_type:0x0, channel status L:0x2000100, R:0x2000100
01-06 02:49:08.829     0     0 I         : [3 T3007  ..] err chn msk, must larger than 0
01-06 02:49:08.829     0     0 I         : [3 T3007  ..] hdmitx_notify_callback_a[3794] aud_src_if is 0, aud_output_ch is 0x0, reset aud_output_ch as 0
01-06 02:49:08.829     0     0 D [3 T3007  ..] [snd-soc]: spdif_b fifo ctrl, frddr:0 type:1, 16 bits, chmask 0x3, swap 0x10
01-06 02:49:08.829     0     0 D [3 T3007  ..] iec_info: rate: 48000, codec_type:0x0, channel status L:0x2000100, R:0x2000100
01-06 02:49:08.845     0     0 I         : [2 T3007  ..] asoc-aml-card auge_sound: TDM[1] Playback enable
01-06 02:49:08.845     0     0 D [2 T3007  ..] [snd-soc]: spdif_a is set to enable
01-06 02:49:08.845     0     0 D [2 T3007  ..] [snd-soc]: spdif_b is set to enable
01-06 02:49:08.952     0     0 W [6 T3035  ..] audit: audit_lost=10101 audit_rate_limit=5 audit_backlog_limit=64
01-06 02:49:08.952     0     0 E [6 T3035  ..] audit: rate limit exceeded
01-06 02:49:14.858   944  1511 D CompatibilityChangeReporter: Compat change id reported: 161145287; UID 10056; state: DISABLED
01-06 02:49:14.969   944  1511 D CompatibilityChangeReporter: Compat change id reported: 194532703; UID 10056; state: ENABLED
01-06 02:49:14.985  1983  1983 W Looper  : Slow dispatch took 2263ms main h=android.os.Handler c=DispatchedContinuation[Dispatchers.Main, Continuation at kotlinx.coroutines.flow.internal.ChannelFlow$collectToFun$1.invokeSuspend(ChannelFlow.kt:56)@15e0dbd] m=0
01-06 02:49:15.062   944  1156 D CompatibilityChangeReporter: Compat change id reported: 135634846; UID 10025; state: DISABLED
01-06 02:49:15.062   944  1156 D CompatibilityChangeReporter: Compat change id reported: 177438394; UID 10025; state: DISABLED
01-06 02:49:15.062   944  1156 D CompatibilityChangeReporter: Compat change id reported: 135772972; UID 10025; state: DISABLED
01-06 02:49:15.062   944  1156 D CompatibilityChangeReporter: Compat change id reported: 135754954; UID 10025; state: ENABLED
01-06 02:49:15.063   944   977 D CompatibilityChangeReporter: Compat change id reported: 143937733; UID 10025; state: ENABLED
01-06 02:49:15.074   944  2869 I ActivityManager: Background started FGS: Allowed [callingPackage: com.brdgwtr.CentralMessageService; callingUid: 10042; uidState: RCVR; intent: Intent { act=CMS_START cmp=com.brdgwtr.CentralMessageService/com.brdgwtr.cms.CentralMessageService }; code:BOOT_COMPLETED; tempAllowListReason:<broadcast:1000:android.intent.action.BOOT_COMPLETED,reason:,reasonCode:BOOT_COMPLETED,duration:20000,callingUid:1000>; targetSdkVersion:34; callerTargetSdkVersion:34; startForegroundCount:0; bindFromPackage:null]
01-06 02:49:15.078   944   959 W JobScheduler: Job didn't exist in JobStore: 44f9889 #u0a62/6 com.sonos.tv.appdirector/androidx.work.impl.background.systemjob.SystemJobService
01-06 02:49:15.080   944  2869 D CompatibilityChangeReporter: Compat change id reported: 168419799; UID 10050; state: DISABLED
01-06 02:49:15.112   944   977 W ActivityManager: Slow operation: 51ms so far, now at startProcess: done updating battery stats
01-06 02:49:15.113   944   977 W ActivityManager: Slow operation: 51ms so far, now at startProcess: building log message
01-06 02:49:15.113   944   977 I ActivityManager: Start proc 3059:com.android.externalstorage/u0a25 for broadcast {com.android.externalstorage/com.android.externalstorage.MountReceiver}
01-06 02:49:15.113   944   977 W ActivityManager: Slow operation: 51ms so far, now at startProcess: starting to update pids map
01-06 02:49:15.113   944   977 W ActivityManager: Slow operation: 51ms so far, now at startProcess: done updating pids map
01-06 02:49:15.116   944  2869 I ActivityManager: Background started FGS: Allowed [callingPackage: com.brdgwtr.dms; callingUid: 10050; uidState: BFGS; intent: Intent { cmp=com.brdgwtr.dms/.DeviceMonitorService }; code:PROC_STATE_BFGS; tempAllowListReason:<broadcast:1000:android.intent.action.BOOT_COMPLETED,reason:,reasonCode:BOOT_COMPLETED,duration:20000,callingUid:1000>; targetSdkVersion:30; callerTargetSdkVersion:30; startForegroundCount:0; bindFromPackage:null]
01-06 02:49:15.157   944   959 D CompatibilityChangeReporter: Compat change id reported: 168419799; UID 10025; state: DISABLED
01-06 02:49:09.242     0     0 I         : [5 T8     ..] [TEE] E/TA:   OPTEE_PlatformInit:47
01-06 02:49:09.242     0     0 I         : [5 T8     ..] [TEE] MM-module-name:Widevine TA,Version:17.1-r1.14-ga3ab5eb-p1(build:1509)
01-06 02:49:09.242     0     0 I         : [5 T8     ..] [TEE] E/TA:   OPTEE_MigrateGenerationNumPersistentData:399 migrate read GenerationNum from reefs error. NOT ERROR
01-06 02:49:09.242     0     0 I         : [5 T8     ..] [TEE] M/TA: KeymasterTA (info): app/ipc/keymaster_ipc.cpp, Line 1090: Amlogic KEYMINT! Build Time: May  3 2023 12:16:11 version: a6237c9 TDK: ab02024
01-06 02:49:09.242     0     0 I         : [5 T8     ..] [TEE] E/TC:? 00 syscall_extend_func:2996 extend func 0x1010 not implemented
01-06 02:49:09.242     0     0 I         : [5 T8     ..] [TEE] M/TA: KeymasterTA (err): app/secure_storage_manager.cpp, Line 963: Error: Unable to open file: attestationkeybox
01-06 02:49:09.242     0     0 I         : [5 T8     ..] [TEE] M/TA: KeymasterTA (info): app/ipc/keymaster_ipc.cpp, Line 1102: Goodbye Keymint!
01-06 02:49:15.176   944   959 W ActivityManager: Foreground service started from background can not have location/camera/microphone access: service com.brdgwtr.dms/.DeviceMonitorService
01-06 02:49:15.177   944   976 I ActivityManager: Deferring FGS notification in legacy app com.brdgwtr.dms/u0a50 : Notification(channel=DeviceMonitorService shortcut=null contentView=null vibrate=null sound=null defaults=0x0 flags=0x42 color=0x00000000 vis=PRIVATE)
01-06 02:49:15.224   944   959 D CompatibilityChangeReporter: Compat change id reported: 161252188; UID 10043; state: DISABLED
01-06 02:49:15.228   944   959 D CompatibilityChangeReporter: Compat change id reported: 168419799; UID 10043; state: DISABLED
01-06 02:49:15.230   944  2869 I ActivityManager: Background started FGS: Allowed [callingPackage: com.brdgwtr.dms; callingUid: 10050; uidState: FGS ; intent: Intent { cmp=com.brdgwtr.dms/com.brdgwtr.pdss.PdsService }; code:PROC_STATE_FGS; tempAllowListReason:<broadcast:1000:android.intent.action.BOOT_COMPLETED,reason:,reasonCode:BOOT_COMPLETED,duration:20000,callingUid:1000>; targetSdkVersion:30; callerTargetSdkVersion:30; startForegroundCount:0; bindFromPackage:null]
01-06 02:49:15.231   944  2869 D CompatibilityChangeReporter: Compat change id reported: 135634846; UID 10050; state: DISABLED
01-06 02:49:15.232   944  2869 D CompatibilityChangeReporter: Compat change id reported: 177438394; UID 10050; state: DISABLED
01-06 02:49:15.232   944  2869 D CompatibilityChangeReporter: Compat change id reported: 135772972; UID 10050; state: DISABLED
01-06 02:49:15.232   944  2869 D CompatibilityChangeReporter: Compat change id reported: 135754954; UID 10050; state: ENABLED
01-06 02:49:15.233   944   977 D CompatibilityChangeReporter: Compat change id reported: 143937733; UID 10050; state: ENABLED
01-06 02:49:15.259   944   977 I ActivityManager: Start proc 3105:com.brdgwtr.dms:pdssService/u0a50 for service {com.brdgwtr.dms/com.brdgwtr.pdss.PdsService}
01-06 02:49:15.308   944  1511 I ActivityManager: Background started FGS: Allowed [callingPackage: com.brdgwtr.publisherservice; callingUid: 10044; uidState: BTOP; intent: Intent { act=grpc.io.action.BIND cmp=com.brdgwtr.metrics.service/.MetricsService }; code:ACTIVITY_STARTER; tempAllowListReason:<broadcast:1000:android.intent.action.TIME_SET,reason:,reasonCode:TIME_CHANGED,duration:20000,callingUid:1000>; targetSdkVersion:30; callerTargetSdkVersion:34; startForegroundCount:0; bindFromPackage:null]
01-06 02:49:15.339   944   976 I ActivityManager: Deferring FGS notification in legacy app com.brdgwtr.metrics.service/u0a43 : Notification(channel=MetricsService shortcut=null contentView=null vibrate=null sound=null defaults=0x0 flags=0x42 color=0x00000000 vis=PRIVATE)
01-06 02:49:15.345   944  2869 W ActivityManager: Foreground service started from background can not have location/camera/microphone access: service com.brdgwtr.CentralMessageService/com.brdgwtr.cms.CentralMessageService
01-06 02:49:15.356   944  1511 D PackageManager: Instant App installer not found with android.intent.action.INSTALL_INSTANT_APP_PACKAGE
01-06 02:49:15.356   944  1511 D PackageManager: Clear ephemeral installer activity
01-06 02:49:15.367  1367  1367 W ContextImpl: Calling a method in the system process without a qualified user: android.app.ContextImpl.startService:1863 android.content.ContextWrapper.startService:817 android.content.ContextWrapper.startService:817 com.droidlogic.AiPqReceiver.onReceive:31 android.app.ActivityThread.handleReceiver:4310 
01-06 02:49:15.375   944   960 D CompatibilityChangeReporter: Compat change id reported: 135634846; UID 1000; state: DISABLED
01-06 02:49:15.376   944   960 D CompatibilityChangeReporter: Compat change id reported: 177438394; UID 1000; state: DISABLED
01-06 02:49:15.376   944   960 D CompatibilityChangeReporter: Compat change id reported: 135772972; UID 1000; state: DISABLED
01-06 02:49:15.376   944   960 D CompatibilityChangeReporter: Compat change id reported: 135754954; UID 1000; state: ENABLED
01-06 02:49:15.394   944   977 I ActivityManager: Start proc 3160:com.droidlogic.tv.settings/1000 for broadcast {com.droidlogic.tv.settings/com.droidlogic.tv.settings.BootReceiver}
01-06 02:49:15.414   944   960 D PackageManager: Instant App installer not found with android.intent.action.INSTALL_INSTANT_APP_PACKAGE
01-06 02:49:15.414   944   960 D PackageManager: Clear ephemeral installer activity
01-06 02:49:15.594   944  2869 D CompatibilityChangeReporter: Compat change id reported: 161145287; UID 10042; state: DISABLED
01-06 02:49:15.707   944  1219 W ActivityManager: Foreground service started from background can not have location/camera/microphone access: service com.brdgwtr.dms/com.brdgwtr.pdss.PdsService
01-06 02:49:15.731   944  1219 D CompatibilityChangeReporter: Compat change id reported: 161145287; UID 10050; state: DISABLED
01-06 02:49:15.820   944  1219 W JobScheduler: Job didn't exist in JobStore: 116c8d4 #u0a58/9 com.sonos.tv.launcher/androidx.work.impl.background.systemjob.SystemJobService
01-06 02:49:09.958     0     0 W [7 T3229  ..] audit: audit_lost=11588 audit_rate_limit=5 audit_backlog_limit=64
01-06 02:49:09.958     0     0 E [7 T3229  ..] audit: rate limit exceeded
01-06 02:49:15.912   944   959 D CompatibilityChangeReporter: Compat change id reported: 161145287; UID 1000; state: DISABLED
01-06 02:49:15.919   944   944 W NotificationHistory: Attempted to add notif for locked/gone/disabled user 0
01-06 02:49:15.921   944  1177 D AudioService: No vibrator found
01-06 02:49:15.970   944   959 D CompatibilityChangeReporter: Compat change id reported: 168419799; UID 10041; state: DISABLED
01-06 02:49:15.998   944   959 D CompatibilityChangeReporter: Compat change id reported: 168419799; UID 10056; state: DISABLED
01-06 02:49:10.265     0     0 I         : [5 T430   ..] [TEE] I/TA: TA_CloseSessionEntryPoint
01-06 02:49:10.265     0     0 I         : [5 T430   ..] [TEE] I/TA: MM-module-name:Netflix TA,Version:1.0.7-gb791da4(build:1327)
01-06 02:49:10.265     0     0 I         : [5 T430   ..] [TEE] E/TA:   _storage_read:74 open netflix_mgkid from RPMB, ret ffff0008
01-06 02:49:10.265     0     0 I         : [5 T430   ..] [TEE] E/TA:   _storage_read:74 open netflix_mgkid from REE, ret ffff0008
01-06 02:49:10.265     0     0 I         : [5 T430   ..] [TEE] M/TA: KeymasterTA (info): app/ipc/keymaster_ipc.cpp, Line 1090: Amlogic KEYMINT! Build Time: May  3 2023 12:16:11 version: a6237c9 TDK: ab02024
01-06 02:49:10.265     0     0 I         : [5 T430   ..] [TEE] E/TC:? 00 syscall_extend_func:2996 extend func 0x1010 not implemented
01-06 02:49:10.266     0     0 I         : [5 T430   ..] [TEE] M/TA: KeymasterTA (err): app/secure_storage_manager.cpp, Line 963: Error: Unable to open file: attestationkeybox
01-06 02:49:10.266     0     0 I         : [5 T430   ..] [TEE] M/TA: KeymasterTA (info): app/ipc/keymaster_ipc.cpp, Line 1102: Goodbye Keymint!
01-06 02:49:10.266     0     0 I         : [5 T430   ..] [TEE] M/TA: KeymasterTA (info): app/ipc/keymaster_ipc.cpp, Line 1090: Amlogic KEYMINT! Build Time: May  3 2023 12:16:11 version: a6237c9 TDK: ab02024
01-06 02:49:10.266     0     0 I         : [5 T430   ..] [TEE] E/TC:? 00 syscall_extend_func:2996 extend func 0x1010 not implemented
01-06 02:49:10.266     0     0 I         : [5 T430   ..] [TEE] M/TA: KeymasterTA (err): app/secure_storage_manager.cpp, Line 963: Error: Unable to open file: attestationkeybox
01-06 02:49:10.266     0     0 I         : [5 T430   ..] [TEE] M/TA: KeymasterTA (info): app/ipc/keymaster_ipc.cpp, Line 1102: Goodbye Keymint!
01-06 02:49:10.266     0     0 I         : [5 T430   ..] [TEE] I/TA: TA_CloseSessionEntryPoint
01-06 02:49:10.266     0     0 I         : [5 T430   ..] [TEE] I/TA: TA_CloseSessionEntryPoint
01-06 02:49:10.266     0     0 I         : [5 T430   ..] [TEE] I/TA: MM-module-name:Netflix TA,Version:1.0.7-gb791da4(build:1327)
01-06 02:49:10.266     0     0 I         : [5 T430   ..] [TEE] E/TA:   _storage_read:74 open netflix_mgkid from RPMB, ret ffff0008
01-06 02:49:10.266     0     0 I         : [5 T430   ..] [TEE] E/TA:   _storage_read:74 open netflix_mgkid from REE, ret ffff0008
01-06 02:49:10.266     0     0 I         : [5 T430   ..] [TEE] I/TA: MM-module-name:Netflix TA,Version:1.0.7-gb791da4(build:1327)
01-06 02:49:10.266     0     0 I         : [5 T430   ..] [TEE] E/TA:   _storage_read:74 open netflix_mgkid from RPMB, ret ffff0008
01-06 02:49:10.266     0     0 I         : [5 T430   ..] [TEE] E/TA:   _storage_read:74 open netflix_mgkid from REE, ret ffff0008
01-06 02:49:16.600   944   969 I DropBoxManagerService: add tag=system_app_strictmode isTagEnabled=true flags=0x2
01-06 02:49:16.823   944   975 D OomAdjuster: Not killing cached processes
01-06 02:49:17.505   944   944 D CompatibilityChangeReporter: Compat change id reported: 168419799; UID 10048; state: DISABLED
01-06 02:49:17.540   944   959 D PackageManager: Instant App installer not found with android.intent.action.INSTALL_INSTANT_APP_PACKAGE
01-06 02:49:17.540   944   959 D PackageManager: Clear ephemeral installer activity
01-06 02:49:17.630  1983  1983 W Looper  : Slow dispatch took 2549ms main h=android.os.Handler c=AwaitContinuation(DispatchedContinuation[Dispatchers.Main, Continuation at com.sonos.coroutines.flow.DerivedStateFlow$collect$2.invokeSuspend(DerivedStateFlow.kt:32)@c97f59d]){Completed}@df79a12 m=0
01-06 02:49:17.647   944  1608 W JobScheduler: Job didn't exist in JobStore: 1d99fa2 #u0a62/7 com.sonos.tv.appdirector/androidx.work.impl.background.systemjob.SystemJobService
01-06 02:49:17.651   944  1608 W JobScheduler: Job didn't exist in JobStore: ed0a287 #u0a62/8 com.sonos.tv.appdirector/androidx.work.impl.background.systemjob.SystemJobService
01-06 02:49:17.655  1983  1983 W Looper  : Drained
01-06 02:49:17.663   944   959 D CompatibilityChangeReporter: Compat change id reported: 135634846; UID 10057; state: DISABLED
01-06 02:49:17.663   944   959 D CompatibilityChangeReporter: Compat change id reported: 177438394; UID 10057; state: DISABLED
01-06 02:49:17.663   944   959 D CompatibilityChangeReporter: Compat change id reported: 135772972; UID 10057; state: DISABLED
01-06 02:49:17.663   944   959 D CompatibilityChangeReporter: Compat change id reported: 135754954; UID 10057; state: ENABLED
01-06 02:49:17.664   944   977 D CompatibilityChangeReporter: Compat change id reported: 143937733; UID 10057; state: ENABLED
01-06 02:49:17.687   944   977 I ActivityManager: Start proc 3330:com.sonos.tv.music/u0a57 for broadcast {com.sonos.tv.music/com.sonos.tv.bridge.service.SonosBridgeBroadcastReceiver}
01-06 02:49:17.722   944   959 D CompatibilityChangeReporter: Compat change id reported: 168419799; UID 10057; state: DISABLED
01-06 02:49:11.898     0     0 W [7 T3346  ..] audit: audit_lost=12069 audit_rate_limit=5 audit_backlog_limit=64
01-06 02:49:11.898     0     0 E [7 T3346  ..] audit: rate limit exceeded
01-06 02:49:17.966   944  1598 D CompatibilityChangeReporter: Compat change id reported: 161145287; UID 10057; state: DISABLED
01-06 02:49:17.997  1367  1599 W ContextImpl: Calling a method in the system process without a qualified user: android.app.ContextImpl.sendBroadcast:1189 android.content.ContextWrapper.sendBroadcast:500 com.droidlogic.audioservice.services.AudioSystemCmdService$1.onUEvent:184 com.droidlogic.UEventObserver$UEventThread.sendEvent:213 com.droidlogic.UEventObserver$UEventThread.run:190 
01-06 02:49:12.095     0     0 I         : [6 T2871  ..] hdmitx21_ext_set_audio_output enable:1
01-06 02:49:12.095     0     0 I [6 T2871  ..] [snd-soc]: update audio atmos flag! audio_type = 0
01-06 02:49:18.012   944  1177 D CompatibilityChangeReporter: Compat change id reported: 171306433; UID 1000; state: ENABLED
01-06 02:49:18.012   944  1177 D CompatibilityChangeReporter: Compat change id reported: 218533173; UID 1000; state: ENABLED
01-06 02:49:12.129     0     0 I [2 T3358  ..] [snd-soc]: update audio atmos flag! audio_type = 0
01-06 02:49:18.032  1367  1599 W ContextImpl: Calling a method in the system process without a qualified user: android.app.ContextImpl.sendBroadcast:1189 android.content.ContextWrapper.sendBroadcast:500 com.droidlogic.audioservice.services.AudioSystemCmdService$1.onUEvent:184 com.droidlogic.UEventObserver$UEventThread.sendEvent:213 com.droidlogic.UEventObserver$UEventThread.run:190 
01-06 02:49:18.228   944   960 I ActivityManager: Background started FGS: Allowed [callingPackage: com.sonos.tv.music; callingUid: 10057; uidState: RCVR; intent: Intent { cmp=com.sonos.tv.music/com.sonos.tv.bridge.service.SonosBridgeService }; code:BACKGROUND_ACTIVITY_PERMISSION; tempAllowListReason:<broadcast:1000:android.intent.action.BOOT_COMPLETED,reason:,reasonCode:BOOT_COMPLETED,duration:20000,callingUid:1000>; targetSdkVersion:33; callerTargetSdkVersion:33; startForegroundCount:0; bindFromPackage:null]
01-06 02:49:18.239   944   960 D CompatibilityChangeReporter: Compat change id reported: 161252188; UID 10082; state: ENABLED
01-06 02:49:18.244   944  1598 D CompatibilityChangeReporter: Compat change id reported: 135634846; UID 10092; state: DISABLED
01-06 02:49:18.244   944  1598 D CompatibilityChangeReporter: Compat change id reported: 177438394; UID 10092; state: DISABLED
01-06 02:49:18.245   944  1598 D CompatibilityChangeReporter: Compat change id reported: 135772972; UID 10092; state: DISABLED
01-06 02:49:18.245   944  1598 D CompatibilityChangeReporter: Compat change id reported: 135754954; UID 10092; state: ENABLED
01-06 02:49:18.246   944   977 D CompatibilityChangeReporter: Compat change id reported: 143937733; UID 10092; state: ENABLED
01-06 02:49:18.269   944   977 I ActivityManager: Start proc 3395:com.future.moviesByFawesomeAndroidTV/u0a92 for broadcast {com.future.moviesByFawesomeAndroidTV/com.future.moviesByFawesomeAndroidTV.BootReceiver}
01-06 02:49:18.330   944  1608 W JobScheduler: Job didn't exist in JobStore: 959b58b #u0a62/9 com.sonos.tv.appdirector/androidx.work.impl.background.systemjob.SystemJobService
01-06 02:49:18.331   944  1598 D CompatibilityChangeReporter: Compat change id reported: 168419799; UID 10092; state: DISABLED
01-06 02:49:18.399   944  1598 W JobScheduler: Job didn't exist in JobStore: 735ca21 #u0a62/12 com.sonos.tv.appdirector/androidx.work.impl.background.systemjob.SystemJobService
01-06 02:49:18.621   944  1598 D CompatibilityChangeReporter: Compat change id reported: 194532703; UID 10057; state: ENABLED
01-06 02:49:18.665   944  1598 D PackageManager: Instant App installer not found with android.intent.action.INSTALL_INSTANT_APP_PACKAGE
01-06 02:49:18.665   944  1598 D PackageManager: Clear ephemeral installer activity
01-06 02:49:18.695  3395  3443 E ActivityThread: Failed to find provider info for com.google.android.gms.chimera
01-06 02:49:18.729   944   960 D PackageManager: Instant App installer not found with android.intent.action.INSTALL_INSTANT_APP_PACKAGE
01-06 02:49:18.729   944   960 D PackageManager: Clear ephemeral installer activity
01-06 02:49:18.748   944   960 D CompatibilityChangeReporter: Compat change id reported: 194532703; UID 10027; state: ENABLED
01-06 02:49:18.769   944  1598 I ActivityManager: Finished processing BOOT_COMPLETED for u0
01-06 02:49:18.769   944  1598 I BroadcastQueue: BOOT_COMPLETED_BROADCAST_COMPLETION_LATENCY_REPORTED action:android.intent.action.BOOT_COMPLETED dispatchLatency:7 completeLatency:9281 dispatchRealLatency:7 completeRealLatency:9281 receiversSize:47 userId:0 userType:android.os.usertype.full.SYSTEM
01-06 02:49:18.804   944  1598 D PackageManager: Instant App installer not found with android.intent.action.INSTALL_INSTANT_APP_PACKAGE
01-06 02:49:18.804   944  1598 D PackageManager: Clear ephemeral installer activity
01-06 02:49:18.814   944  1598 D CompatibilityChangeReporter: Compat change id reported: 194532703; UID 10092; state: DISABLED
01-06 02:49:18.815   944  1598 E JobScheduler.JobStatus: App com.future.moviesByFawesomeAndroidTV became active but still in NEVER bucket
01-06 02:49:18.824   944   960 D CompatibilityChangeReporter: Compat change id reported: 161145287; UID 10092; state: DISABLED
01-06 02:49:18.857   944  1598 E JobScheduler.JobStatus: App com.future.moviesByFawesomeAndroidTV became active but still in NEVER bucket
01-06 02:49:18.900   944   960 W JobScheduler: Job didn't exist in JobStore: 3f8ea17 #u0a62/13 com.sonos.tv.appdirector/androidx.work.impl.background.systemjob.SystemJobService
01-06 02:49:13.071     0     0 W [6 T3477  ..] audit: audit_lost=13091 audit_rate_limit=5 audit_backlog_limit=64
01-06 02:49:13.071     0     0 E [6 T3477  ..] audit: rate limit exceeded
01-06 02:49:19.021   944   960 E JobScheduler.JobStatus: App com.future.moviesByFawesomeAndroidTV became active but still in NEVER bucket
01-06 02:49:19.894   944   959 D PackageManager: Instant App installer not found with android.intent.action.INSTALL_INSTANT_APP_PACKAGE
01-06 02:49:19.894   944   959 D PackageManager: Clear ephemeral installer activity
01-06 02:49:20.409   944  1007 I AppsFilter: interaction: PackageSetting{1580650 com.sonos.pinewood.tokenmanager.service/10056} -> PackageSetting{6474049 com.future.moviesByFawesomeAndroidTV/10092} BLOCKED
01-06 02:49:20.409   944  1007 I AppsFilter: interaction: PackageSetting{362cd4e com.sonos.pinewood.ota.service/10046} -> PackageSetting{6474049 com.future.moviesByFawesomeAndroidTV/10092} BLOCKED
01-06 02:49:20.409   944  1007 I AppsFilter: interaction: PackageSetting{3f35e6f com.sonos.pinewood.ota.test/10051} -> PackageSetting{6474049 com.future.moviesByFawesomeAndroidTV/10092} BLOCKED
01-06 02:49:20.409   944  1007 I AppsFilter: interaction: PackageSetting{1580650 com.sonos.pinewood.tokenmanager.service/10056} -> PackageSetting{e3f377c com.brdgwtr.publisherservice/10044} BLOCKED
01-06 02:49:20.409   944  1007 I AppsFilter: interaction: PackageSetting{362cd4e com.sonos.pinewood.ota.service/10046} -> PackageSetting{e3f377c com.brdgwtr.publisherservice/10044} BLOCKED
01-06 02:49:20.409   944  1007 I AppsFilter: interaction: PackageSetting{3f35e6f com.sonos.pinewood.ota.test/10051} -> PackageSetting{e3f377c com.brdgwtr.publisherservice/10044} BLOCKED
01-06 02:49:20.410   944  1007 I AppsFilter: interaction: PackageSetting{1580650 com.sonos.pinewood.tokenmanager.service/10056} -> PackageSetting{9ba9805 com.netflix.ninja/10048} BLOCKED
01-06 02:49:20.410   944  1007 I AppsFilter: interaction: PackageSetting{362cd4e com.sonos.pinewood.ota.service/10046} -> PackageSetting{9ba9805 com.netflix.ninja/10048} BLOCKED
01-06 02:49:20.410   944  1007 I AppsFilter: interaction: PackageSetting{3f35e6f com.sonos.pinewood.ota.test/10051} -> PackageSetting{9ba9805 com.netflix.ninja/10048} BLOCKED
01-06 02:49:20.412   944  1068 D CompatibilityChangeReporter: Compat change id reported: 218533173; UID 10092; state: DISABLED
01-06 02:49:20.425   944  1068 D CompatibilityChangeReporter: Compat change id reported: 218533173; UID 10044; state: ENABLED
01-06 02:49:20.439   944   975 W VoiceInteractionManager: no available voice recognition services found for user 0
01-06 02:49:14.538     0     0 I [6 T960   ..] input: SonosTvProviderService as /devices/virtual/input/input6
01-06 02:49:20.442   944  1068 D CompatibilityChangeReporter: Compat change id reported: 218533173; UID 10060; state: ENABLED
01-06 02:49:20.453   944  1068 D CompatibilityChangeReporter: Compat change id reported: 218533173; UID 10057; state: ENABLED
01-06 02:49:20.465   944   975 W VoiceInteractionManager: no available voice recognition services found for user 0
01-06 02:49:20.466   944  1608 D CompatibilityChangeReporter: Compat change id reported: 161145287; UID 10080; state: DISABLED
01-06 02:49:20.470   944   975 W VoiceInteractionManager: no available voice recognition services found for user 0
01-06 02:49:20.474   944   975 W VoiceInteractionManager: no available voice recognition services found for user 0
01-06 02:49:20.478   944   975 W VoiceInteractionManager: no available voice recognition services found for user 0
01-06 02:49:20.669   944   944 W NotificationHistory: Attempted to add notif for locked/gone/disabled user 0
01-06 02:49:21.155   944   944 W NotificationHistory: Attempted to add notif for locked/gone/disabled user 0
01-06 02:49:21.937   944  1068 D OomAdjuster: Not killing cached processes
01-06 02:49:21.938   944  1068 W ProcessStats: Tracking association SourceState{8d88922 system/1000 BTopFgs #551} whose proc state 2 is better than process ProcessState{a2bd69d com.sonos.connectivity/10082 pkg=com.sonos.connectivity} proc state 3 (485 skipped)
01-06 02:49:22.368   944   976 W BroadcastQueue: Background execution not allowed: receiving Intent { act=com.brdgwtr.publisher.RECOMMENDATIONS_UPDATE flg=0x10 } to com.sonos.tv.launcher/com.sonos.tv.contentguidelauncher.bridgewater.BridgewaterPublisherEventReceiver
01-06 02:49:25.383   944   944 W NotificationHistory: Attempted to add notif for locked/gone/disabled user 0
01-06 02:49:25.554   944   944 W NotificationHistory: Attempted to add notif for locked/gone/disabled user 0
01-06 02:49:28.575   358  1266 I keystore2: keystore2::watchdog: Watchdog thread idle -> terminating. Have a great day.
01-06 02:49:29.646   944  1068 D OomAdjuster: Not killing cached processes
01-06 02:49:30.422   944   959 E JobScheduler.JobStatus: App com.future.moviesByFawesomeAndroidTV became active but still in NEVER bucket
01-06 02:49:31.974   944  1068 W ProcessStats: Tracking association SourceState{8d88922 system/1000 BTopFgs #566} whose proc state 2 is better than process ProcessState{a2bd69d com.sonos.connectivity/10082 pkg=com.sonos.connectivity} proc state 3 (38 skipped)
01-06 02:49:33.424   944  1007 E PackageManager: ERROR: could not load root hash from incremental install
01-06 02:49:33.425   944  1007 E PackageManager: Required verifier is null
01-06 02:49:33.438   944  1114 W PackageParsing: Ignoring duplicate uses-permissions/uses-permissions-sdk-m: com.android.providers.tv.permission.WRITE_EPG_DATA in package: com.future.filmrise at: Binary XML file line #37
01-06 02:49:33.452   944  1114 W RuleEvaluation: Integrity rule files are not available.
01-06 02:49:33.454   944  1007 I PackageManager: Integrity check passed for file:///data/app/vmdl1862741876.tmp
01-06 02:49:33.472   944  1007 W PackageParsing: Ignoring duplicate uses-permissions/uses-permissions-sdk-m: com.android.providers.tv.permission.WRITE_EPG_DATA in package: com.future.filmrise at: Binary XML file line #37
01-06 02:49:27.633     0     0 I [1 T3036  ..] logd: start watching /data/system/packages.list ...
01-06 02:49:27.633     0     0 I [1 T3036  ..] logd: ReadPackageList, total packages: 101
01-06 02:49:33.539   944  1007 D PackageManager: Instant App installer not found with android.intent.action.INSTALL_INSTANT_APP_PACKAGE
01-06 02:49:33.539   944  1007 D PackageManager: Clear ephemeral installer activity
01-06 02:49:35.327   944  1068 D OomAdjuster: Not killing cached processes
01-06 02:49:29.659     0     0 I         : [3 T3587  ..] dex2oat (3587) used greatest stack depth: 9152 bytes left
01-06 02:49:35.602   944  1007 V BackupManagerService: [UserID:0] restoreAtInstall pkg=com.future.filmrise token=1 restoreSet=0
01-06 02:49:35.602   944  1007 V BackupManagerService: [UserID:0] Finishing install immediately
01-06 02:49:35.603   944  1007 I AppsFilter: interaction: PackageSetting{1580650 com.sonos.pinewood.tokenmanager.service/10056} -> PackageSetting{1599f43 com.future.filmrise/10093} BLOCKED
01-06 02:49:35.603   944  1007 I AppsFilter: interaction: PackageSetting{362cd4e com.sonos.pinewood.ota.service/10046} -> PackageSetting{1599f43 com.future.filmrise/10093} BLOCKED
01-06 02:49:35.604   944  1007 I AppsFilter: interaction: PackageSetting{3f35e6f com.sonos.pinewood.ota.test/10051} -> PackageSetting{1599f43 com.future.filmrise/10093} BLOCKED
01-06 02:49:35.606   944  1007 D PackageInstallerSession: Marking session 1862741876 as applied
01-06 02:49:35.609   944  1007 D CompatibilityChangeReporter: Compat change id reported: 168419799; UID 10093; state: DISABLED
01-06 02:49:35.622   944  1172 I VcnManagementService: new snapshot: TelephonySubscriptionSnapshot{ mActiveDataSubId=-1, mSubIdToInfoMap={}, mSubIdToCarrierConfigMap={}, mPrivilegedPackages={} }
01-06 02:49:35.626   944   944 V BackupManagerConstants: getFullBackupIntervalMilliseconds(...) returns 86400000
01-06 02:49:35.626   944   944 V BackupManagerConstants: getFullBackupRequiredNetworkType(...) returns 2
01-06 02:49:35.626   944   944 V BackupManagerConstants: getFullBackupRequireCharging(...) returns true
01-06 02:49:35.627   944   976 W BroadcastQueue: Background execution not allowed: receiving Intent { act=android.intent.action.PACKAGE_ADDED dat=package: flg=0x4000010 (has extras) } to com.android.packageinstaller/.PackageInstalledReceiver
01-06 02:49:35.627   944   944 D CompatibilityChangeReporter: Compat change id reported: 194532703; UID 1000; state: ENABLED
01-06 02:49:35.630   944   976 W BroadcastQueue: Background execution not allowed: receiving Intent { act=android.intent.action.PACKAGE_ADDED dat=package: flg=0x4000010 (has extras) } to com.android.gallery3d/.app.PackagesMonitor
01-06 02:49:35.630   944   944 I AppsFilter: interaction: PackageSetting{1580650 com.sonos.pinewood.tokenmanager.service/10056} -> PackageSetting{9860284 com.future.filmrise/10093} BLOCKED
01-06 02:49:35.630   944   944 I AppsFilter: interaction: PackageSetting{362cd4e com.sonos.pinewood.ota.service/10046} -> PackageSetting{9860284 com.future.filmrise/10093} BLOCKED
01-06 02:49:35.630   944   944 I AppsFilter: interaction: PackageSetting{3f35e6f com.sonos.pinewood.ota.test/10051} -> PackageSetting{9860284 com.future.filmrise/10093} BLOCKED
01-06 02:49:35.631   944   976 D CompatibilityChangeReporter: Compat change id reported: 168419799; UID 10019; state: DISABLED
01-06 02:49:35.646   944  1068 D CompatibilityChangeReporter: Compat change id reported: 218533173; UID 10093; state: DISABLED
01-06 02:49:35.654   944   975 W TextServicesManagerService: no available spell checker services found
01-06 02:49:35.657   944   960 D CompatibilityChangeReporter: Compat change id reported: 135634846; UID 10061; state: DISABLED
01-06 02:49:35.657   944   960 D CompatibilityChangeReporter: Compat change id reported: 177438394; UID 10061; state: DISABLED
01-06 02:49:35.658   944   960 D CompatibilityChangeReporter: Compat change id reported: 135772972; UID 10061; state: DISABLED
01-06 02:49:35.658   944   960 D CompatibilityChangeReporter: Compat change id reported: 135754954; UID 10061; state: DISABLED
01-06 02:49:35.658   944   977 D CompatibilityChangeReporter: Compat change id reported: 143937733; UID 10061; state: DISABLED
01-06 02:49:35.660   944   975 W VoiceInteractionManager: no available voice recognition services found for user 0
01-06 02:49:35.664   944  1741 W BackupTransportManager: Package com.future.filmrise enabled setting: 0
01-06 02:49:35.664   944   975 W TextServicesManagerService: no available spell checker services found
01-06 02:49:35.680   944   975 W VoiceInteractionManager: no available voice recognition services found for user 0
01-06 02:49:35.682   944   977 I ActivityManager: Start proc 3611:com.android.gallery3d/u0a61 for broadcast {com.android.gallery3d/com.android.gallery3d.app.PackagesMonitor}
01-06 02:49:35.715   944  1219 D CompatibilityChangeReporter: Compat change id reported: 168419799; UID 10061; state: DISABLED
01-06 02:49:29.849     0     0 W [4 T3627  ..] audit: audit_lost=13275 audit_rate_limit=5 audit_backlog_limit=64
01-06 02:49:29.849     0     0 E [4 T3627  ..] audit: rate limit exceeded
01-06 02:49:35.838   944  2869 D CompatibilityChangeReporter: Compat change id reported: 194532703; UID 10061; state: DISABLED
01-06 02:49:35.843   944  2869 D CompatibilityChangeReporter: Compat change id reported: 168419799; UID 10024; state: DISABLED
01-06 02:49:37.659   944  1007 E PackageManager: ERROR: could not load root hash from incremental install
01-06 02:49:37.659   944  1007 E PackageManager: Required verifier is null
01-06 02:49:37.667   944  1114 W PackageParsing: Ignoring duplicate uses-permissions/uses-permissions-sdk-m: com.android.providers.tv.permission.WRITE_EPG_DATA in package: com.ifood.tv at: Binary XML file line #37
01-06 02:49:37.678   944  1114 W RuleEvaluation: Integrity rule files are not available.
01-06 02:49:37.678   944  1007 I PackageManager: Integrity check passed for file:///data/app/vmdl676790864.tmp
01-06 02:49:37.692   944  1007 W PackageParsing: Ignoring duplicate uses-permissions/uses-permissions-sdk-m: com.android.providers.tv.permission.WRITE_EPG_DATA in package: com.ifood.tv at: Binary XML file line #37
01-06 02:49:31.834     0     0 I [1 T3036  ..] logd: start watching /data/system/packages.list ...
01-06 02:49:31.835     0     0 I [1 T3036  ..] logd: ReadPackageList, total packages: 102
01-06 02:49:37.739   944  1007 D PackageManager: Instant App installer not found with android.intent.action.INSTALL_INSTANT_APP_PACKAGE
01-06 02:49:37.739   944  1007 D PackageManager: Clear ephemeral installer activity
01-06 02:49:39.760   944  1007 V BackupManagerService: [UserID:0] restoreAtInstall pkg=com.ifood.tv token=2 restoreSet=0
01-06 02:49:39.761   944  1007 V BackupManagerService: [UserID:0] Finishing install immediately
01-06 02:49:39.762   944  1007 I AppsFilter: interaction: PackageSetting{1580650 com.sonos.pinewood.tokenmanager.service/10056} -> PackageSetting{8307b20 com.ifood.tv/10094} BLOCKED
01-06 02:49:39.762   944  1007 I AppsFilter: interaction: PackageSetting{362cd4e com.sonos.pinewood.ota.service/10046} -> PackageSetting{8307b20 com.ifood.tv/10094} BLOCKED
01-06 02:49:39.762   944  1007 I AppsFilter: interaction: PackageSetting{3f35e6f com.sonos.pinewood.ota.test/10051} -> PackageSetting{8307b20 com.ifood.tv/10094} BLOCKED
01-06 02:49:39.763   944  1007 D PackageInstallerSession: Marking session 676790864 as applied
01-06 02:49:39.765   944  1007 D CompatibilityChangeReporter: Compat change id reported: 168419799; UID 10094; state: DISABLED
01-06 02:49:39.778   944   975 W TextServicesManagerService: no available spell checker services found
01-06 02:49:39.779   944   976 W BroadcastQueue: Background execution not allowed: receiving Intent { act=android.intent.action.PACKAGE_ADDED dat=package: flg=0x4000010 (has extras) } to com.android.packageinstaller/.PackageInstalledReceiver
01-06 02:49:39.780   944   976 W BroadcastQueue: Background execution not allowed: receiving Intent { act=android.intent.action.PACKAGE_ADDED dat=package: flg=0x4000010 (has extras) } to com.android.gallery3d/.app.PackagesMonitor
01-06 02:49:39.780   944   944 V BackupManagerConstants: getFullBackupIntervalMilliseconds(...) returns 86400000
01-06 02:49:39.781   944   944 V BackupManagerConstants: getFullBackupRequiredNetworkType(...) returns 2
01-06 02:49:39.781   944   944 V BackupManagerConstants: getFullBackupRequireCharging(...) returns true
01-06 02:49:39.785   944   944 I AppsFilter: interaction: PackageSetting{1580650 com.sonos.pinewood.tokenmanager.service/10056} -> PackageSetting{c65c847 com.ifood.tv/10094} BLOCKED
01-06 02:49:39.785   944   944 I AppsFilter: interaction: PackageSetting{362cd4e com.sonos.pinewood.ota.service/10046} -> PackageSetting{c65c847 com.ifood.tv/10094} BLOCKED
01-06 02:49:39.785   944   944 I AppsFilter: interaction: PackageSetting{3f35e6f com.sonos.pinewood.ota.test/10051} -> PackageSetting{c65c847 com.ifood.tv/10094} BLOCKED
01-06 02:49:39.786   944   975 W VoiceInteractionManager: no available voice recognition services found for user 0
01-06 02:49:39.799   944   976 D CompatibilityChangeReporter: Compat change id reported: 168419799; UID 10061; state: DISABLED
01-06 02:49:39.800   944  1068 D CompatibilityChangeReporter: Compat change id reported: 218533173; UID 10094; state: DISABLED
01-06 02:49:39.803   944  1741 W BackupTransportManager: Package com.ifood.tv enabled setting: 0
01-06 02:49:39.891   944   975 W TextServicesManagerService: no available spell checker services found
01-06 02:49:39.894   944   975 W VoiceInteractionManager: no available voice recognition services found for user 0
01-06 02:49:41.704   944   975 D OomAdjuster: Not killing cached processes
01-06 02:49:36.797     0     0 I [5 T1430  ..] [schedu][0x39e4307][02: 49:42.699151] wlan: [1430:I:WMA] wma_wlan_bt_activity_evt_handler: Received BT activity event 7
01-06 02:49:42.934   944   976 W ProcessStats: Tracking association SourceState{8d88922 system/1000 BTopFgs #660} whose proc state 2 is better than process ProcessState{a2bd69d com.sonos.connectivity/10082 pkg=com.sonos.connectivity} proc state 3 (135 skipped)
01-06 02:49:42.942   944   976 W BroadcastQueue: Permission Denial: receiving Intent { act=android.bluetooth.device.action.ACL_CONNECTED flg=0x5000010 (has extras) } to ProcessRecord{c234158 3330:com.sonos.tv.music/u0a57} (pid=3330, uid=10057) requires android.permission.BLUETOOTH_CONNECT due to sender com.android.bluetooth (uid 1002)
01-06 02:49:38.302     0     0 I [4 T121   ..] input: Sonos TV Remote Keyboard as /devices/virtual/misc/uhid/0005:0131:04B4.0001/input/input7
01-06 02:49:38.304     0     0 I         : [4 T121   ..] hid-generic 0005:0131:04B4.0001: input,hidraw0: BLUETOOTH HID v1.00 Keyboard [Sonos TV Remote] on
01-06 02:49:48.870   944   944 D OomAdjuster: Not killing cached processes
01-06 02:49:48.871   944   944 D CompatibilityChangeReporter: Compat change id reported: 168419799; UID 10092; state: DISABLED
01-06 02:49:48.916   944  1511 E JobScheduler.JobStatus: App com.future.moviesByFawesomeAndroidTV became active but still in NEVER bucket
01-06 02:49:50.276   358  3608 I keystore2: keystore2::watchdog: Watchdog thread idle -> terminating. Have a great day.
01-06 02:49:54.963   944  1079 D OomAdjuster: Not killing cached processes
01-06 02:49:54.964   944  1079 W ProcessStats: Tracking association SourceState{8d88922 system/1000 BTopFgs #676} whose proc state 2 is better than process ProcessState{a2bd69d com.sonos.connectivity/10082 pkg=com.sonos.connectivity} proc state 3 (23 skipped)
01-06 02:50:02.636   944  1007 E PackageManager: ERROR: could not load root hash from incremental install
01-06 02:50:02.636   944  1007 E PackageManager: Required verifier is null
01-06 02:50:02.638   944   976 D OomAdjuster: Not killing cached processes
01-06 02:50:02.650   944  1114 W PackageParsing: No actions in intent-filter at /data/app/vmdl1318420787.tmp/base.apk Binary XML file line #57
01-06 02:50:02.662   944  1114 W RuleEvaluation: Integrity rule files are not available.
01-06 02:50:02.663   944  1007 I PackageManager: Integrity check passed for file:///data/app/vmdl1318420787.tmp
01-06 02:50:02.670   944  1007 W PackageParsing: No actions in intent-filter at /data/app/vmdl1318420787.tmp/base.apk Binary XML file line #57
01-06 02:49:56.857     0     0 I [1 T3036  ..] logd: start watching /data/system/packages.list ...
01-06 02:49:56.857     0     0 I [1 T3036  ..] logd: ReadPackageList, total packages: 103
01-06 02:50:02.762   944  1007 D PackageManager: Instant App installer not found with android.intent.action.INSTALL_INSTANT_APP_PACKAGE
01-06 02:50:02.762   944  1007 D PackageManager: Clear ephemeral installer activity
01-06 02:50:03.605   944  1007 V BackupManagerService: [UserID:0] restoreAtInstall pkg=com.hulu.livingroomplus token=3 restoreSet=0
01-06 02:50:03.605   944  1007 V BackupManagerService: [UserID:0] Finishing install immediately
01-06 02:50:03.606   944  1007 I AppsFilter: interaction: PackageSetting{1580650 com.sonos.pinewood.tokenmanager.service/10056} -> PackageSetting{6fc1d28 com.hulu.livingroomplus/10095} BLOCKED
01-06 02:50:03.606   944  1007 I AppsFilter: interaction: PackageSetting{362cd4e com.sonos.pinewood.ota.service/10046} -> PackageSetting{6fc1d28 com.hulu.livingroomplus/10095} BLOCKED
01-06 02:50:03.606   944  1007 I AppsFilter: interaction: PackageSetting{3f35e6f com.sonos.pinewood.ota.test/10051} -> PackageSetting{6fc1d28 com.hulu.livingroomplus/10095} BLOCKED
01-06 02:50:03.607   944  1007 D PackageInstallerSession: Marking session 1318420787 as applied
01-06 02:50:03.609   944  1007 D CompatibilityChangeReporter: Compat change id reported: 168419799; UID 10095; state: DISABLED
01-06 02:50:03.636   944   975 W TextServicesManagerService: no available spell checker services found
01-06 02:50:03.637   944   976 W BroadcastQueue: Background execution not allowed: receiving Intent { act=android.intent.action.PACKAGE_ADDED dat=package: flg=0x4000010 (has extras) } to com.android.packageinstaller/.PackageInstalledReceiver
01-06 02:50:03.638   944   976 W BroadcastQueue: Background execution not allowed: receiving Intent { act=android.intent.action.PACKAGE_ADDED dat=package: flg=0x4000010 (has extras) } to com.android.gallery3d/.app.PackagesMonitor
01-06 02:50:03.653   944   944 I AppsFilter: interaction: PackageSetting{1580650 com.sonos.pinewood.tokenmanager.service/10056} -> PackageSetting{b552001 com.hulu.livingroomplus/10095} BLOCKED
01-06 02:50:03.653   944   944 I AppsFilter: interaction: PackageSetting{362cd4e com.sonos.pinewood.ota.service/10046} -> PackageSetting{b552001 com.hulu.livingroomplus/10095} BLOCKED
01-06 02:50:03.653   944   944 I AppsFilter: interaction: PackageSetting{3f35e6f com.sonos.pinewood.ota.test/10051} -> PackageSetting{b552001 com.hulu.livingroomplus/10095} BLOCKED
01-06 02:50:03.657   944   975 W VoiceInteractionManager: no available voice recognition services found for user 0
01-06 02:50:03.658   944  1068 D CompatibilityChangeReporter: Compat change id reported: 218533173; UID 10095; state: ENABLED
01-06 02:50:03.663   944  1741 W BackupTransportManager: Package com.hulu.livingroomplus enabled setting: 0
01-06 02:50:03.676   944   975 W TextServicesManagerService: no available spell checker services found
01-06 02:50:03.685   944   975 W VoiceInteractionManager: no available voice recognition services found for user 0
01-06 02:50:03.453     0     0 E [7 T528   ..] [wifi@1][0x534ff21][02: 50:09.354920] wlan: [528:E:OSIF] wlan_hdd_set_station_stats_request_pending: peer is null
01-06 02:50:09.691   944   975 D OomAdjuster: Not killing cached processes
01-06 02:50:09.691   944   975 W ProcessStats: Tracking association SourceState{8d88922 system/1000 BTopFgs #716} whose proc state 2 is better than process ProcessState{a2bd69d com.sonos.connectivity/10082 pkg=com.sonos.connectivity} proc state 3 (59 skipped)
01-06 02:50:04.816     0     0 I [2 T1430  ..] [schedu][0x549cb0d][02: 50:10.717844] wlan: [1430:I:OSIF] scan start scan id 40963
01-06 02:50:06.445     0     0 I [1 T1430  ..] [schedu][0x562a927][02: 50:12.347566] wlan: [1430:I:OSIF] vdev 0, scan id 40963 type COMPLETED(1) reason COMPLETED(1) scan found 53 bss
01-06 02:50:12.577   944   944 D HDMI    : [P]:AllocatedAddress=[]
01-06 02:50:13.628   358  3675 I keystore2: keystore2::watchdog: Watchdog thread idle -> terminating. Have a great day.
01-06 02:50:15.508   944  3679 D OomAdjuster: Not killing cached processes
01-06 02:50:18.329   944  1007 E PackageManager: ERROR: could not load root hash from incremental install
01-06 02:50:18.329   944  1007 E PackageManager: Required verifier is null
01-06 02:50:18.369   944  1114 W RuleEvaluation: Integrity rule files are not available.
01-06 02:50:18.369   944  1007 I PackageManager: Integrity check passed for file:///data/app/vmdl1120365830.tmp
01-06 02:50:18.446   944  1007 D PackageManager: Instant App installer not found with android.intent.action.INSTALL_INSTANT_APP_PACKAGE
01-06 02:50:18.446   944  1007 D PackageManager: Clear ephemeral installer activity
01-06 02:50:12.542     0     0 I [0 T3036  ..] logd: start watching /data/system/packages.list ...
01-06 02:50:12.542     0     0 I [0 T3036  ..] logd: ReadPackageList, total packages: 104
