01-06 02:49:02.519     0     0 I [7 T8     ..] [kworke][0x1933ae9][02: 49:02.516173] wlan: [8:I:SPECTRAL] null_get_capability: SPECTRAL : get_capability not registered
01-06 02:49:02.519     0     0 I         : [7 T8     ..]
01-06 02:49:02.519     0     0 I [7 T8     ..] [kworke][0x1933af1][02: 49:02.516181] wlan: [8:I:SPECTRAL] target_if_pdev_spectral_init: HAL_CAP_RADAR   : Capable
01-06 02:49:02.519     0     0 I [7 T8     ..] [kworke][0x1933af8][02: 49:02.516188] wlan: [8:I:SPECTRAL] null_get_capability: SPECTRAL : get_capability not registered
01-06 02:49:02.519     0     0 I         : [7 T8     ..]
01-06 02:49:02.519     0     0 I [7 T8     ..] [kworke][0x1933b00][02: 49:02.516196] wlan: [8:I:SPECTRAL] target_if_pdev_spectral_init: HAL_CAP_SPECTRAL_SCAN : Capable
01-06 02:49:02.520     0     0 I [7 T8     ..] [kworke][0x1933b09][02: 49:02.516205] wlan: [8:I:SPECTRAL] null_get_tsf64: SPECTRAL : get_tsf64 not registered
01-06 02:49:02.520     0     0 I         : [7 T8     ..]
01-06 02:49:02.520     0     0 I [7 T8     ..] [kworke][0x1933b34][02: 49:02.516248] wlan: [8:I:GREEN_AP] wlan_green_ap_pdev_obj_create_notification: Green AP creation successful, green ap ctx: 0000000000000000, pdev: 0000000000000000
01-06 02:49:02.524     0     0 I [5 T8     ..] [kworke][0x1934b7d][02: 49:02.520417] wlan: [8:I:HAL] hal_srng_update_high_wm_thresholds: ring_id: 193, wm_thresh- <50:0, 50-60:24, 60-70:28, 70-80:33, 80-90:38, 90-100:43
01-06 02:49:02.526     0     0 I [7 T8     ..] [kworke][0x19355ac][02: 49:02.523024] wlan: [8:I:HAL] hal_srng_update_high_wm_thresholds: ring_id: 206, wm_thresh- <50:0, 50-60:24, 60-70:28, 70-80:33, 80-90:38, 90-100:43
01-06 02:49:02.527     0     0 E [7 T8     ..] [kworke][0x19357a5][02: 49:02.523529] wlan: [8:E:CFR] cfr_streamfs_init: Directory create failed
01-06 02:49:02.528     0     0 E [7 T8     ..] [kworke][0x1935a5c][02: 49:02.524224] wlan: [8:E:CFR] wlan_cfr_pdev_open: cfr_streamfs_init failed with 16
01-06 02:49:02.528     0     0 E         : [7 T8     ..]
01-06 02:49:02.529     0     0 I [7 T8     ..] [kworke][0x19361f1][02: 49:02.526165] wlan: [8:I:REGULATORY] reg_set_band: same band 7
01-06 02:49:02.529     0     0 I [7 T8     ..] [kworke][0x1936208][02: 49:02.526188] wlan: [8:I:HDD] hdd_intersect_igmp_offload_setting: fw cap to handle igmp 1 igmp_offload_enable ini 0
01-06 02:49:02.530     0     0 I [7 T8     ..] [kworke][0x193635e][02: 49:02.526530] wlan: [8:I:GREEN_AP] target_if_green_ap_register_egap_event_handler: Set the Enhance Green AP event handler
01-06 02:49:02.530     0     0 I [5 T650   ..] [kworke][0x19363df][02: 49:02.526660] wlan: [650:I:WMA] wma_wait_for_ready_event: FW ready event received
01-06 02:49:02.531     0     0 I [7 T650   ..] [kworke][0x193664b][02: 49:02.527279] wlan: [650:I:HAL] hal_srng_update_high_wm_thresholds: ring_id: 192, wm_thresh- <50:0, 50-60:64, 60-70:76, 70-80:89, 80-90:102, 90-100:115
01-06 02:49:02.532     0     0 I [6 T650   ..] [kworke][0x1936d2b][02: 49:02.529039] wlan: [650:I:HAL] hal_srng_update_high_wm_thresholds: ring_id: 205, wm_thresh- <50:0, 50-60:64, 60-70:76, 70-80:89, 80-90:102, 90-100:115
01-06 02:49:02.534     0     0 E [6 T650   ..] [kworke][0x19373d7][02: 49:02.530747] wlan: [650:E:DP] dp_rxdma_ring_config: pdev_id 0 max_mac_rings 2
01-06 02:49:02.535     0     0 E [6 T650   ..] [kworke][0x19376d6][02: 49:02.531514] wlan: [650:E:TXRX] dp_rxdma_ring_config: mac_id 0
01-06 02:49:02.536     0     0 E [6 T650   ..] [kworke][0x1937c8e][02: 49:02.532978] wlan: [650:E:TXRX] dp_rxdma_ring_config: mac_id 1
01-06 02:49:02.538     0     0 I [6 T650   ..] [kworke][0x193835b][02: 49:02.534719] wlan: [650:I:HAL] hal_reo_set_err_dst_remap_kiwi: HWIO_REO_R0_ERROR_DESTINATION_MAPPING_IX_0 0x0
01-06 02:49:02.538     0     0 I [6 T650   ..] [kworke][0x1938383][02: 49:02.534759] wlan: [650:I:HAL] hal_reo_set_err_dst_remap_kiwi: HWIO_REO_R0_ERROR_DESTINATION_MAPPING_IX_1 0x0
01-06 02:49:02.538     0     0 I [6 T650   ..] [kworke][0x193843e][02: 49:02.534946] wlan: [650:I:DIRECT_BUF_RX] target_if_direct_buf_rx_register_events: DBR Handler Context 1
01-06 02:49:02.539     0     0 E [6 T650   ..] [kworke][0x1938853][02: 49:02.535991] wlan: [650:E:WMI] send_action_oui_cmd_tlv: Invalid action id
01-06 02:49:02.540     0     0 E [6 T650   ..] [kworke][0x1938b2d][02: 49:02.536721] wlan: [650:E:action_oui] action_oui_send_config: Failed to send: 7
01-06 02:49:02.542     0     0 E [6 T650   ..] [kworke][0x19390fe][02: 49:02.538210] wlan: [650:E:WMI] send_action_oui_cmd_tlv: Invalid action id
01-06 02:49:02.543     0     0 E [6 T650   ..] [kworke][0x1939634][02: 49:02.539544] wlan: [650:E:action_oui] action_oui_send_config: Failed to send: 8
01-06 02:49:02.546     0     0 E [7 T1430  ..] [schedu][0x193a219][02: 49:02.542589] wlan: [1430:E:REGULATORY] reg_fill_chan320mhz_seg0_center: Cannot find 160Mhz centers for freq 7075
01-06 02:49:02.547     0     0 E [7 T1430  ..] [schedu][0x193a6a7][02: 49:02.543755] wlan: [1430:E:REGULATORY] reg_fill_chan320mhz_seg0_center: Cannot find 160Mhz centers for freq 7095
01-06 02:49:02.549     0     0 E [7 T1430  ..] [schedu][0x193adb0][02: 49:02.545556] wlan: [1430:E:REGULATORY] reg_fill_chan320mhz_seg0_center: Cannot find 160Mhz centers for freq 7115
01-06 02:49:02.557     0     0 E [7 T650   ..] [kworke][0x193cc14][02: 49:02.553335] wlan: [650:E:fwol] ucfg_fwol_send_get_thermal_stats_cmd: Command Disabled in Ini gThermalStatsTempOffset 5 or not enabled in FW 0
01-06 02:49:02.558     0     0 E [7 T650   ..] [kworke][0x193d269][02: 49:02.554957] wlan: [650:E:OSIF] os_if_fwol_get_thermal_stats_req: Failed to send get thermal stats cmd to FW, 4
01-06 02:49:02.560     0     0 D [7 T650   ..] cnss: Cooling device ID not found: 1
01-06 02:49:02.560     0     0 D [7 T650   ..] cnss: Cooling device ID not found: 2
01-06 02:49:02.561     0     0 I [7 T650   ..] [kworke][0x193dded][02: 49:02.557905] wlan: [650:I:HDD] hdd_initialize_mac_address: using default MAC address
01-06 02:49:02.590     0     0 E [7 T650   ..] debugfs: Directory 'null' with parent '/' already present!
01-06 02:49:02.590     0     0 I [7 T650   ..] [kworke][0x1944fc0][02: 49:02.587044] wlan: [650:I:HDD] hdd_psoc_idle_timer_start: psoc idle timer is disabled
01-06 02:49:02.591     0     0 E [7 T650   ..] cnss: Failed to get cooling device node
01-06 02:49:02.591     0     0 E [7 T650   ..] cnss: Failed to get cooling device node
01-06 02:49:02.607   528   528 E android.hardware.wifi@1.0-service.droidlogic: driver not ok ,wait
01-06 02:49:02.607   528   528 E android.hardware.wifi@1.0-service.droidlogic: driver loaded
01-06 02:49:02.623   528   528 I android.hardware.wifi@1.0-service.droidlogic: Wifi HAL started
01-06 02:49:02.642  1234  1234 V SystemUIBootTiming: StartServices com.android.systemui.keyguard.domain.interactor.KeyguardTransitionCoreStartable took to complete: 214ms
01-06 02:49:02.646  1234  1234 V SystemUIBootTiming: StartServices com.android.systemui.media.RingtonePlayer took to complete: 4ms
01-06 02:49:02.650  1234  1234 V SystemUIBootTiming: StartServices com.android.systemui.media.systemsounds.HomeSoundEffectController took to complete: 3ms
01-06 02:49:02.653  1234  1234 V SystemUIBootTiming: StartServices com.android.systemui.motiontool.MotionToolStartable took to complete: 3ms
01-06 02:49:02.654   528   528 W android.hardware.wifi@1.0-service.droidlogic: No active wlan interfaces in use! Using default
01-06 02:49:02.654   528   528 E android.hardware.wifi@1.0-service.droidlogic: Unknown iface name: wlan0
01-06 02:49:02.654   528   528 E android.hardware.wifi@1.0-service.droidlogic: Unknown iface name: wlan0
01-06 02:49:02.686   528   528 W android.hardware.wifi@1.0-service.droidlogic: No active wlan interfaces in use! Using default
01-06 02:49:02.686   528   528 E android.hardware.wifi@1.0-service.droidlogic: Unknown iface name: wlan0
01-06 02:49:02.686   528   528 E android.hardware.wifi@1.0-service.droidlogic: Unknown iface name: wlan0
01-06 02:49:02.689   528   528 W android.hardware.wifi@1.0-service.droidlogic: No active wlan interfaces in use! Using default
01-06 02:49:02.690   528   528 E android.hardware.wifi@1.0-service.droidlogic: Unknown iface name: wlan0
01-06 02:49:02.690   528   528 E android.hardware.wifi@1.0-service.droidlogic: Unknown iface name: wlan0
01-06 02:49:02.697     0     0 I [2 T528   ..] [wifi@1][0x195ee71][02: 49:02.693205] wlan: [528:I:DP] 00000000: eb da ac d8 9b d5 7b df da d3 4d 97 6f 8a 19 f4
01-06 02:49:02.697     0     0 I [2 T528   ..] [wifi@1][0x195ee82][02: 49:02.693222] wlan: [528:I:DP] 00000010: 07 98 7a f0
01-06 02:49:02.697     0     0 I [2 T528   ..] [wifi@1][0x195ee89][02: 49:02.693229] wlan: [528:I:DP] 00000000: d3 8c d8 d8 d8 f4 4f cb 54 6b 38 e2 a0 d2 df 12
01-06 02:49:02.697     0     0 I [2 T528   ..] [wifi@1][0x195ee8e][02: 49:02.693234] wlan: [528:I:DP] 00000010: 3e 6f 8d 4c 16 31 d1 51 be 70 20 c0 d5 f7 56 4c
01-06 02:49:02.697     0     0 I [2 T528   ..] [wifi@1][0x195ee93][02: 49:02.693239] wlan: [528:I:DP] 00000020: fb 41 96 d7 10 1f 3f a7 82 96 cf 4d
01-06 02:49:02.697     0     0 E [2 T528   ..] [wifi@1][0x195f11f][02: 49:02.693891] wlan: [528:E:MLO_MGR] mlo_mgr_ml_peer_exist_on_diff_ml_ctx: MLD ID 0 exists with mac 00:03:7f:12:78:9c
01-06 02:49:02.700     0     0 E [2 T528   ..] [wifi@1][0x195fda6][02: 49:02.697098] wlan: [528:E:HDD] hdd_sysfs_bmiss_create: could not create bmiss sysfs file
01-06 02:49:02.717   528   528 I android.hardware.wifi@1.0-service.droidlogic: Adding interface handle for wifi-aware0
01-06 02:49:02.717   528   528 I android.hardware.wifi@1.0-service.droidlogic: Adding interface handle for p2p0
01-06 02:49:02.718   528   528 I android.hardware.wifi@1.0-service.droidlogic: Adding interface handle for wlan0
01-06 02:49:02.718   528   528 W android.hardware.wifi@1.0-service.droidlogic: No active wlan interfaces in use! Using default
01-06 02:49:02.719   528   528 W android.hardware.wifi@1.0-service.droidlogic: No active wlan interfaces in use! Using default
01-06 02:49:02.721   528   528 I android.hardware.wifi@1.0-service.droidlogic: Configured chip in mode 3
01-06 02:49:02.721   528   528 W android.hardware.wifi@1.0-service.droidlogic: No active wlan interfaces in use! Using default
01-06 02:49:02.723   944  1197 E HDMI    : [1]:Failed to send <Set Osd Name> 30:47 <Redacted len=8> with errorCode=1
01-06 02:49:02.723   528   528 E android.hardware.wifi@1.0-service.droidlogic: createStaIfaceInternal: ifname=wlan0
01-06 02:49:02.724   528   528 I android.hardware.wifi@1.0-service.droidlogic: Adding interface handle for wifi-aware0
01-06 02:49:02.724   528   528 I android.hardware.wifi@1.0-service.droidlogic: Adding interface handle for p2p0
01-06 02:49:02.724   528   528 I android.hardware.wifi@1.0-service.droidlogic: Adding interface handle for wlan0
01-06 02:49:02.734  1234  1234 V SystemUIBootTiming: StartServices com.android.systemui.power.PowerUI took to complete: 79ms
01-06 02:49:02.742   611   611 I wificond: createClientInterface: wiphy_index 0 iface_name wlan0
01-06 02:49:02.744   611   611 I wificond: create scanner for interface with index: 16
01-06 02:49:02.744   611   611 I wificond: subscribe scan result for interface with index: 16
01-06 02:49:02.748   611   611 I wificond: add channel type 0 support at wiphy index: 0
01-06 02:49:02.748   611   611 I wificond: add channel type 1 support at wiphy index: 0
01-06 02:49:02.748   611   611 I wificond: add channel type 3 support at wiphy index: 0
01-06 02:49:02.774  1234  1234 V SystemUIBootTiming: StartServices com.android.systemui.privacy.television.TvOngoingPrivacyChip took to complete: 40ms
01-06 02:49:02.775  1234  1234 V SystemUIBootTiming: StartServices com.android.systemui.settings.UserFileManagerImpl took to complete: 1ms
01-06 02:49:02.784  1234  1234 V SystemUIBootTiming: StartServices com.android.systemui.shortcut.ShortcutKeyDispatcher took to complete: 9ms
01-06 02:49:02.785  1367  1592 I AudioSystemCmdService: onAudioPortListUpdate ++++
01-06 02:49:02.787   944  1178 I AS.AudioDeviceInventory: sendDeviceConnectionIntent(dev:0x400 state:0x1 address: name:);
01-06 02:49:02.793     0     0 I [4 T121   ..] binder: undelivered transaction 33306, process died.
01-06 02:49:02.793     0     0 I [4 T121   ..] binder: undelivered transaction 33259, process died.
01-06 02:49:02.791  1234  1234 V SystemUIBootTiming: StartServices com.android.systemui.statusbar.notification.InstantAppNotifier took to complete: 7ms
01-06 02:49:02.799  1234  1234 V SystemUIBootTiming: StartServices com.android.systemui.statusbar.notification.interruption.KeyguardNotificationVisibilityProvider took to complete: 8ms
01-06 02:49:02.813   944   944 W Looper  : Slow dispatch took 693ms main h=com.android.server.media.MediaRouter2ServiceImpl$UserHandler c=<recycled PooledLambda@5af4402> m=0
01-06 02:49:02.813   944   944 I ExplicitHealthCheckController: Explicit health check service is connected ComponentInfo{android.ext.services/android.ext.services.watchdog.ExplicitHealthCheckServiceImpl}
01-06 02:49:02.814   944   944 I ExplicitHealthCheckController: Service initialized, syncing requests
01-06 02:49:02.815   944   944 I ConnectivityModuleConnector: Networking module service connected
01-06 02:49:02.819   944   944 V NotificationAssistants: 0 notification assistant service connected: ComponentInfo{android.ext.services/android.ext.services.notification.Assistant}
01-06 02:49:02.825  1367  1592 I AudioSystemCmdService: onAudioPortListUpdate ++++
01-06 02:49:02.825   944   944 D WallpaperManagerService: WPMS.onServiceConnected-ComponentInfo{com.android.systemui/com.android.systemui.wallpapers.ImageWallpaper}
01-06 02:49:02.825   944   944 D WallpaperManagerService: WPMS.attachServiceLocked
01-06 02:49:02.825   944   944 D WallpaperManagerService: WPMS.connectLocked-ComponentInfo{com.android.systemui/com.android.systemui.wallpapers.ImageWallpaper}
01-06 02:49:02.827   944   944 V WallpaperManagerService: WPMS.connectLocked-ComponentInfo{com.android.systemui/com.android.systemui.wallpapers.ImageWallpaper} took to complete: 2ms
01-06 02:49:02.827   944   944 V WallpaperManagerService: WPMS.attachServiceLocked took to complete: 2ms
01-06 02:49:02.827   944   944 D WallpaperManagerService: WPMS.saveSettingsLocked-0
01-06 02:49:02.829   944   944 V WallpaperManagerService: WPMS.saveSettingsLocked-0 took to complete: 2ms
01-06 02:49:02.829   944   944 V WallpaperManagerService: WPMS.onServiceConnected-ComponentInfo{com.android.systemui/com.android.systemui.wallpapers.ImageWallpaper} took to complete: 4ms
01-06 02:49:02.829   944   944 D WallpaperManagerService: WPMS.onServiceConnected-ComponentInfo{com.android.systemui/com.android.systemui.wallpapers.ImageWallpaper}
01-06 02:49:02.829   944   944 D WallpaperManagerService: WPMS.attachServiceLocked
01-06 02:49:02.829   944   944 V WallpaperManagerService: WPMS.attachServiceLocked took to complete: 0ms
01-06 02:49:02.829   944   944 V WallpaperManagerService: WPMS.onServiceConnected-ComponentInfo{com.android.systemui/com.android.systemui.wallpapers.ImageWallpaper} took to complete: 0ms
01-06 02:49:02.830   944   944 I HdmiCecLocalDeviceSource: queryDisplayStatus already in progress
01-06 02:49:02.830   944   944 I ConnectivityModuleConnector: Networking module service connected
01-06 02:49:02.832   944   970 I WindowManager: ******* TELLING SURFACE FLINGER WE ARE BOOTED!
01-06 02:49:02.836   944   944 I HDMI    : screen state is changing to 0
01-06 02:49:02.836   944   970 D ActivityManagerTiming: FinishBooting
01-06 02:49:02.840   944   944 D HDMI    : Failed to send cec command <Set Osd Name> 30:47 <Redacted len=8>
01-06 02:49:02.840   944   970 I ActivityManager: About to commit checkpoint
01-06 02:49:02.846   944   944 I PackageWatchdog: Syncing health check requests for packages: {}
01-06 02:49:02.846   944   944 D ExplicitHealthCheckController: Getting health check supported packages
01-06 02:49:02.850   332   332 I Checkpoint: Marked slot as booted successfully.
01-06 02:49:02.851   944   944 W NotificationHistory: Attempted to add notif for locked/gone/disabled user 0
01-06 02:49:02.860     0     0 I         : [2 T332   ..] F2FS-fs (dm-35): Preserve previous reserve_root=32768
01-06 02:49:02.858   944  1219 I ExplicitHealthCheckController: Explicit health check supported packages [PackageConfig{com.android.networkstack, 86400000}]
01-06 02:49:02.858   944  1219 D PackageWatchdog: Received supported packages [PackageConfig{com.android.networkstack, 86400000}]
01-06 02:49:02.858   944  1219 D ExplicitHealthCheckController: Getting health check requested packages
01-06 02:49:02.859   944  1219 I ExplicitHealthCheckController: Explicit health check requested packages []
01-06 02:49:02.860   944  1219 I ExplicitHealthCheckController: No more health check requests, unbinding...
01-06 02:49:02.861   944  1219 I ExplicitHealthCheckController: Explicit health check service is unbound
01-06 02:49:02.887   944  1511 D CompatibilityChangeReporter: Compat change id reported: 182478738; UID 10070; state: ENABLED
01-06 02:49:02.887   944   944 W Looper  : Drained
01-06 02:49:02.891   944  1219 D CompatibilityChangeReporter: Compat change id reported: 214016041; UID 1000; state: ENABLED
01-06 02:49:02.894  1234  1234 V SystemUIBootTiming: StartServices com.android.systemui.statusbar.pipeline.mobile.ui.MobileUiAdapter took to complete: 95ms
01-06 02:49:02.896   944  1219 I StatusBarManagerService: registerStatusBar bar=com.android.internal.statusbar.IStatusBar$Stub$Proxy@f549761
01-06 02:49:02.898  1234  1234 V SystemUIBootTiming: StartServices com.android.systemui.statusbar.tv.TvStatusBar took to complete: 3ms
01-06 02:49:02.907  1234  1234 V SystemUIBootTiming: StartServices com.android.systemui.statusbar.tv.VpnStatusObserver took to complete: 8ms
01-06 02:49:02.908  1234  1234 V SystemUIBootTiming: StartServices com.android.systemui.statusbar.tv.notifications.TvNotificationHandler took to complete: 1ms
01-06 02:49:02.909  1234  1234 V SystemUIBootTiming: StartServices com.android.systemui.statusbar.tv.notifications.TvNotificationPanel took to complete: 1ms
01-06 02:49:02.914  1234  1234 V SystemUIBootTiming: StartServices com.android.systemui.theme.ThemeOverlayController took to complete: 5ms
01-06 02:49:02.916  1234  1234 V SystemUIBootTiming: StartServices com.android.systemui.toast.ToastUI took to complete: 1ms
01-06 02:49:02.919  1234  1234 V SystemUIBootTiming: StartServices com.android.systemui.usb.StorageNotification took to complete: 3ms
01-06 02:49:02.935  1234  1234 V SystemUIBootTiming: StartServices com.android.systemui.user.ui.dialog.UserSwitcherDialogCoordinator took to complete: 16ms
01-06 02:49:02.937  1234  1234 V SystemUIBootTiming: StartServices com.android.systemui.util.NotificationChannels took to complete: 2ms
01-06 02:49:02.947  1367  1599 W ContextImpl: Calling a method in the system process without a qualified user: android.app.ContextImpl.sendBroadcast:1189 android.content.ContextWrapper.sendBroadcast:500 com.droidlogic.audioservice.services.AudioSystemCmdService$1.onUEvent:184 com.droidlogic.UEventObserver$UEventThread.sendEvent:213 com.droidlogic.UEventObserver$UEventThread.run:190 
01-06 02:49:02.950     0     0 I         : [6 T572   ..] hdmitx21_ext_set_audio_output enable:1
01-06 02:49:02.950     0     0 I [6 T572   ..] [snd-soc]: update audio atmos flag! audio_type = 0
01-06 02:49:02.951     0     0 I [2 T1644  ..] capability: warning: `wpa_supplicant' uses 32-bit capabilities (legacy support in use)
01-06 02:49:02.979   944  1219 D CompatibilityChangeReporter: Compat change id reported: 168419799; UID 1002; state: DISABLED
01-06 02:49:02.981   332   332 I Checkpoint: Checkpoint has been committed.
01-06 02:49:02.990   944   970 I SystemServiceManager: Starting phase 1000
01-06 02:49:02.990   944   970 D ActivityManagerTiming: OnBootPhase_1000
01-06 02:49:02.990   944   970 D ActivityManagerTiming: OnBootPhase_1000_com.android.server.security.FileIntegrityService
01-06 02:49:02.990   944   970 V ActivityManagerTiming: OnBootPhase_1000_com.android.server.security.FileIntegrityService took to complete: 0ms
01-06 02:49:02.990   944   970 D ActivityManagerTiming: OnBootPhase_1000_com.android.server.pm.Installer
01-06 02:49:02.990   944   970 V ActivityManagerTiming: OnBootPhase_1000_com.android.server.pm.Installer took to complete: 0ms
01-06 02:49:02.990   944   970 D ActivityManagerTiming: OnBootPhase_1000_com.android.server.os.DeviceIdentifiersPolicyService
01-06 02:49:02.990   944   970 V ActivityManagerTiming: OnBootPhase_1000_com.android.server.os.DeviceIdentifiersPolicyService took to complete: 0ms
01-06 02:49:02.990   944   970 D ActivityManagerTiming: OnBootPhase_1000_com.android.server.uri.UriGrantsManagerService$Lifecycle
01-06 02:49:02.990   944   970 V ActivityManagerTiming: OnBootPhase_1000_com.android.server.uri.UriGrantsManagerService$Lifecycle took to complete: 0ms
01-06 02:49:02.990   944   970 D ActivityManagerTiming: OnBootPhase_1000_com.android.server.powerstats.PowerStatsService
01-06 02:49:02.990   944   970 E PowerStatsService: Failed to start PowerStatsService loggers
01-06 02:49:02.990   944   970 V ActivityManagerTiming: OnBootPhase_1000_com.android.server.powerstats.PowerStatsService took to complete: 0ms
01-06 02:49:02.990   944   970 D ActivityManagerTiming: OnBootPhase_1000_com.android.server.wm.ActivityTaskManagerService$Lifecycle
01-06 02:49:02.990   944   970 V ActivityManagerTiming: OnBootPhase_1000_com.android.server.wm.ActivityTaskManagerService$Lifecycle took to complete: 0ms
01-06 02:49:02.990   944   970 D ActivityManagerTiming: OnBootPhase_1000_com.android.server.am.ActivityManagerService$Lifecycle
01-06 02:49:02.990   944   970 V ActivityManagerTiming: OnBootPhase_1000_com.android.server.am.ActivityManagerService$Lifecycle took to complete: 0ms
01-06 02:49:02.990   944   970 D ActivityManagerTiming: OnBootPhase_1000_com.android.server.pm.DataLoaderManagerService
01-06 02:49:02.990   944   970 V ActivityManagerTiming: OnBootPhase_1000_com.android.server.pm.DataLoaderManagerService took to complete: 0ms
01-06 02:49:02.990   944   970 D ActivityManagerTiming: OnBootPhase_1000_com.android.server.power.PowerManagerService
01-06 02:49:02.998   944   999 V DisplayPowerController[0]: Brightness [0.39763778] reason changing to: 'manual', previous reason: 'override'.
01-06 02:49:02.998   944   999 I DisplayPowerController[0]: BrightnessEvent: disp=0, physDisp=local:4633127902230889483, brt=0.39763778, initBrt=0.39763778, rcmdBrt=NaN, preBrt=NaN, lux=0.0, preLux=0.0, hbmMax=1.0, hbmMode=off, rbcStrength=0, powerFactor=1.0, thrmMax=1.0, wasShortTermModelActive=false, flags=, reason=manual, autoBrightness=false
01-06 02:49:02.998   944   970 V ActivityManagerTiming: OnBootPhase_1000_com.android.server.power.PowerManagerService took to complete: 8ms
01-06 02:49:02.998   944   970 D ActivityManagerTiming: OnBootPhase_1000_com.android.server.power.ThermalManagerService
01-06 02:49:02.998   944   970 V ActivityManagerTiming: OnBootPhase_1000_com.android.server.power.ThermalManagerService took to complete: 0ms
01-06 02:49:02.998   944   970 D ActivityManagerTiming: OnBootPhase_1000_com.android.server.power.hint.HintManagerService
01-06 02:49:02.999   944   970 V ActivityManagerTiming: OnBootPhase_1000_com.android.server.power.hint.HintManagerService took to complete: 1ms
01-06 02:49:02.999   944   970 D ActivityManagerTiming: OnBootPhase_1000_com.android.server.recoverysystem.RecoverySystemService$Lifecycle
01-06 02:49:02.999   944   970 V ActivityManagerTiming: OnBootPhase_1000_com.android.server.recoverysystem.RecoverySystemService$Lifecycle took to complete: 0ms
01-06 02:49:02.999   944   970 D ActivityManagerTiming: OnBootPhase_1000_com.android.server.lights.LightsService
01-06 02:49:02.999   944   970 V ActivityManagerTiming: OnBootPhase_1000_com.android.server.lights.LightsService took to complete: 0ms
01-06 02:49:02.999   944   970 D ActivityManagerTiming: OnBootPhase_1000_com.android.server.display.DisplayManagerService
01-06 02:49:02.999   944   970 V ActivityManagerTiming: OnBootPhase_1000_com.android.server.display.DisplayManagerService took to complete: 0ms
01-06 02:49:02.999   944   970 D ActivityManagerTiming: OnBootPhase_1000_com.android.server.pm.verify.domain.DomainVerificationService
01-06 02:49:02.999   944   970 V ActivityManagerTiming: OnBootPhase_1000_com.android.server.pm.verify.domain.DomainVerificationService took to complete: 0ms
01-06 02:49:02.999   944   970 D ActivityManagerTiming: OnBootPhase_1000_com.android.server.pm.PackageInstallerService$Lifecycle
01-06 02:49:02.999   944   970 V ActivityManagerTiming: OnBootPhase_1000_com.android.server.pm.PackageInstallerService$Lifecycle took to complete: 0ms
01-06 02:49:02.999   944   970 D ActivityManagerTiming: OnBootPhase_1000_com.android.server.pm.UserManagerService$LifeCycle
01-06 02:49:02.999   944   970 V ActivityManagerTiming: OnBootPhase_1000_com.android.server.pm.UserManagerService$LifeCycle took to complete: 0ms
01-06 02:49:02.999   944   970 D ActivityManagerTiming: OnBootPhase_1000_com.android.server.om.OverlayManagerService
01-06 02:49:03.000   944   970 V ActivityManagerTiming: OnBootPhase_1000_com.android.server.om.OverlayManagerService took to complete: 0ms
01-06 02:49:03.000   944   970 D ActivityManagerTiming: OnBootPhase_1000_com.android.server.resources.ResourcesManagerService
01-06 02:49:03.000   944   970 V ActivityManagerTiming: OnBootPhase_1000_com.android.server.resources.ResourcesManagerService took to complete: 0ms
01-06 02:49:03.000   944   970 D ActivityManagerTiming: OnBootPhase_1000_com.android.server.sensorprivacy.SensorPrivacyService
01-06 02:49:03.000   944   970 V ActivityManagerTiming: OnBootPhase_1000_com.android.server.sensorprivacy.SensorPrivacyService took to complete: 0ms
01-06 02:49:03.000   944   970 D ActivityManagerTiming: OnBootPhase_1000_com.android.server.sensors.SensorService
01-06 02:49:03.000   944   970 V ActivityManagerTiming: OnBootPhase_1000_com.android.server.sensors.SensorService took to complete: 0ms
01-06 02:49:03.000   944   970 D ActivityManagerTiming: OnBootPhase_1000_com.android.server.SystemConfigService
01-06 02:49:03.000   944   970 V ActivityManagerTiming: OnBootPhase_1000_com.android.server.SystemConfigService took to complete: 0ms
01-06 02:49:03.000   944   970 D ActivityManagerTiming: OnBootPhase_1000_com.android.server.BatteryService
01-06 02:49:03.000   944   970 V ActivityManagerTiming: OnBootPhase_1000_com.android.server.BatteryService took to complete: 0ms
01-06 02:49:03.000   944   970 D ActivityManagerTiming: OnBootPhase_1000_com.android.server.usage.UsageStatsService
01-06 02:49:03.000   944   970 V ActivityManagerTiming: OnBootPhase_1000_com.android.server.usage.UsageStatsService took to complete: 0ms
01-06 02:49:03.001   944   970 D ActivityManagerTiming: OnBootPhase_1000_com.android.server.webkit.WebViewUpdateService
01-06 02:49:03.001   944   970 V ActivityManagerTiming: OnBootPhase_1000_com.android.server.webkit.WebViewUpdateService took to complete: 0ms
01-06 02:49:03.001   944   970 D ActivityManagerTiming: OnBootPhase_1000_com.android.server.CachedDeviceStateService
01-06 02:49:03.001   944   970 V ActivityManagerTiming: OnBootPhase_1000_com.android.server.CachedDeviceStateService took to complete: 0ms
01-06 02:49:03.001   944   970 D ActivityManagerTiming: OnBootPhase_1000_com.android.server.BinderCallsStatsService$LifeCycle
01-06 02:49:03.001   944   970 V ActivityManagerTiming: OnBootPhase_1000_com.android.server.BinderCallsStatsService$LifeCycle took to complete: 0ms
01-06 02:49:03.001   944   970 D ActivityManagerTiming: OnBootPhase_1000_com.android.server.LooperStatsService$Lifecycle
01-06 02:49:03.001   944   970 V ActivityManagerTiming: OnBootPhase_1000_com.android.server.LooperStatsService$Lifecycle took to complete: 0ms
01-06 02:49:03.001   944   970 D ActivityManagerTiming: OnBootPhase_1000_com.android.server.rollback.RollbackManagerService
01-06 02:49:03.001   944   970 V ActivityManagerTiming: OnBootPhase_1000_com.android.server.rollback.RollbackManagerService took to complete: 0ms
01-06 02:49:03.001   944   970 D ActivityManagerTiming: OnBootPhase_1000_com.android.server.os.NativeTombstoneManagerService
01-06 02:49:03.001   944   970 V ActivityManagerTiming: OnBootPhase_1000_com.android.server.os.NativeTombstoneManagerService took to complete: 0ms
01-06 02:49:03.001   944   970 D ActivityManagerTiming: OnBootPhase_1000_com.android.server.os.BugreportManagerService
01-06 02:49:03.005     0     0 I         : [3 T1045  ..] asoc-aml-card auge_sound: TDM[1] Playback stop
01-06 02:49:03.001   944   970 V ActivityManagerTiming: OnBootPhase_1000_com.android.server.os.BugreportManagerService took to complete: 0ms
01-06 02:49:03.001   944   970 D ActivityManagerTiming: OnBootPhase_1000_com.android.server.gpu.GpuService
01-06 02:49:03.005     0     0 D [3 T1045  ..] [snd-soc]: spdif_a is set to disable
01-06 02:49:03.001   944   970 V ActivityManagerTiming: OnBootPhase_1000_com.android.server.gpu.GpuService took to complete: 0ms
01-06 02:49:03.001   944   970 D ActivityManagerTiming: OnBootPhase_1000_com.android.server.security.KeyChainSystemService
01-06 02:49:03.005     0     0 D [3 T1045  ..] [snd-soc]: spdif_b is set to disable
01-06 02:49:03.001   944   970 V ActivityManagerTiming: OnBootPhase_1000_com.android.server.security.KeyChainSystemService took to complete: 0ms
01-06 02:49:03.001   944   970 D ActivityManagerTiming: OnBootPhase_1000_com.android.server.BinaryTransparencyService
01-06 02:49:03.005     0     0 I [3 T1045  ..] [snd-soc]: ss_free() samesrc 3, lvl 1
01-06 02:49:03.002   944   970 I TransparencyService: Boot completed. Getting VBMeta Digest.
01-06 02:49:03.002   944  1072 D RollbackManager: mRollbackLifetimeDurationInMillis=1209600000
01-06 02:49:03.005     0     0 I [3 T1045  ..] [snd-soc]: ss_free() samesrc 4, lvl 2
01-06 02:49:03.005     0     0 I [3 T1045  ..] audio_ddr_mngr: frddrs[0] released by device fe330000.audiobus:tdm@1
01-06 02:49:03.005   944  1068 D AppStandbyController: Loaded headless system app cache in 4 ms: appIdleEnabled=true
01-06 02:49:03.007     0     0 I [4 T1691  ..] [snd-soc]: dd+ drc mode : RF
01-06 02:49:03.007     0     0 I [4 T1691  ..] [snd-soc]: dd+ drc high cut scale : 0%
01-06 02:49:03.007     0     0 I [4 T1691  ..] [snd-soc]: dd+ drc low boost scale : 0%
01-06 02:49:03.008     0     0 I [4 T1691  ..] [debug]: audio_utils_open
01-06 02:49:03.008     0     0 I [4 T1691  ..] [debug]: audio_utils_release
01-06 02:49:03.010     0     0 E [4 T1691  ..] [secmon]: DBG=======> dolby_fw_ioctl 438 cmd:0x40 arg3=0
01-06 02:49:03.009   944  1068 D CompatibilityChangeReporter: Compat change id reported: 218533173; UID 10041; state: ENABLED
01-06 02:49:03.010   944   970 D TransparencyService: VBMeta Digest: 55401011f083e86063fca64e3b8a4c3fe79a8f36c1eec6e7d5dda02ca64986d7
01-06 02:49:03.010   944   970 I TransparencyService: Scheduling APEX and Module measurements to be updated.
01-06 02:49:03.010   944   970 I TransparencyService: Scheduling APEX & Module SHA256 digest computation job
01-06 02:49:03.011   944   970 D CompatibilityChangeReporter: Compat change id reported: 194532703; UID 1000; state: ENABLED
01-06 02:49:03.012   944   970 D TransparencyService: Job 137011756 to update binary measurements scheduled successfully.
01-06 02:49:03.012   944   970 V ActivityManagerTiming: OnBootPhase_1000_com.android.server.BinaryTransparencyService took to complete: 11ms
01-06 02:49:03.012   944   970 D ActivityManagerTiming: OnBootPhase_1000_com.android.server.accounts.AccountManagerService$Lifecycle
01-06 02:49:03.012   944   970 V ActivityManagerTiming: OnBootPhase_1000_com.android.server.accounts.AccountManagerService$Lifecycle took to complete: 0ms
01-06 02:49:03.012   944   970 D ActivityManagerTiming: OnBootPhase_1000_com.android.server.content.ContentService$Lifecycle
01-06 02:49:03.012   944   970 V ActivityManagerTiming: OnBootPhase_1000_com.android.server.content.ContentService$Lifecycle took to complete: 0ms
01-06 02:49:03.012   944   970 D ActivityManagerTiming: OnBootPhase_1000_com.android.server.DropBoxManagerService
01-06 02:49:03.012   944   970 V ActivityManagerTiming: OnBootPhase_1000_com.android.server.DropBoxManagerService took to complete: 0ms
01-06 02:49:03.012   944   970 D ActivityManagerTiming: OnBootPhase_1000_com.android.role.RoleService
01-06 02:49:03.012   944   970 V ActivityManagerTiming: OnBootPhase_1000_com.android.role.RoleService took to complete: 0ms
01-06 02:49:03.012   944   970 D ActivityManagerTiming: OnBootPhase_1000_com.android.server.vibrator.VibratorManagerService$Lifecycle
01-06 02:49:03.013   944   970 V ActivityManagerTiming: OnBootPhase_1000_com.android.server.vibrator.VibratorManagerService$Lifecycle took to complete: 0ms
01-06 02:49:03.013   944   970 D ActivityManagerTiming: OnBootPhase_1000_com.android.server.tare.InternalResourceService
01-06 02:49:03.013   944   970 V ActivityManagerTiming: OnBootPhase_1000_com.android.server.tare.InternalResourceService took to complete: 1ms
01-06 02:49:03.013   944   970 D ActivityManagerTiming: OnBootPhase_1000_com.android.server.alarm.AlarmManagerService
01-06 02:49:03.013   944   970 V ActivityManagerTiming: OnBootPhase_1000_com.android.server.alarm.AlarmManagerService took to complete: 0ms
01-06 02:49:03.013   944   970 D ActivityManagerTiming: OnBootPhase_1000_com.android.server.devicestate.DeviceStateManagerService
01-06 02:49:03.013   944   970 V ActivityManagerTiming: OnBootPhase_1000_com.android.server.devicestate.DeviceStateManagerService took to complete: 0ms
01-06 02:49:03.013   944   970 D ActivityManagerTiming: OnBootPhase_1000_com.android.server.bluetooth.BluetoothService
01-06 02:49:03.013   944   970 V ActivityManagerTiming: OnBootPhase_1000_com.android.server.bluetooth.BluetoothService took to complete: 0ms
01-06 02:49:03.013   944   970 D ActivityManagerTiming: OnBootPhase_1000_com.android.server.connectivity.IpConnectivityMetrics
01-06 02:49:03.013   944   970 V ActivityManagerTiming: OnBootPhase_1000_com.android.server.connectivity.IpConnectivityMetrics took to complete: 0ms
01-06 02:49:03.013   944   970 D ActivityManagerTiming: OnBootPhase_1000_com.android.server.net.watchlist.NetworkWatchlistService$Lifecycle
01-06 02:49:03.013   944   970 V ActivityManagerTiming: OnBootPhase_1000_com.android.server.net.watchlist.NetworkWatchlistService$Lifecycle took to complete: 0ms
01-06 02:49:03.013   944   970 D ActivityManagerTiming: OnBootPhase_1000_com.android.server.PinnerService
01-06 02:49:03.013   944   970 V ActivityManagerTiming: OnBootPhase_1000_com.android.server.PinnerService took to complete: 0ms
01-06 02:49:03.013   944   970 D ActivityManagerTiming: OnBootPhase_1000_com.android.server.integrity.AppIntegrityManagerService
01-06 02:49:03.013   944   970 V ActivityManagerTiming: OnBootPhase_1000_com.android.server.integrity.AppIntegrityManagerService took to complete: 0ms
01-06 02:49:03.013   944   970 D ActivityManagerTiming: OnBootPhase_1000_com.android.server.logcat.LogcatManagerService
01-06 02:49:03.013   944   970 V ActivityManagerTiming: OnBootPhase_1000_com.android.server.logcat.LogcatManagerService took to complete: 0ms
01-06 02:49:03.013   944   970 D ActivityManagerTiming: OnBootPhase_1000_com.android.server.inputmethod.InputMethodManagerService$Lifecycle
01-06 02:49:03.013   944   970 V ActivityManagerTiming: OnBootPhase_1000_com.android.server.inputmethod.InputMethodManagerService$Lifecycle took to complete: 0ms
01-06 02:49:03.013   944   970 D ActivityManagerTiming: OnBootPhase_1000_com.android.server.accessibility.AccessibilityManagerService$Lifecycle
01-06 02:49:03.013   944   970 V ActivityManagerTiming: OnBootPhase_1000_com.android.server.accessibility.AccessibilityManagerService$Lifecycle took to complete: 0ms
01-06 02:49:03.013   944   970 D ActivityManagerTiming: OnBootPhase_1000_com.android.server.StorageManagerService$Lifecycle
01-06 02:49:03.014   944   970 V ActivityManagerTiming: OnBootPhase_1000_com.android.server.StorageManagerService$Lifecycle took to complete: 0ms
01-06 02:49:03.014   944   970 D ActivityManagerTiming: OnBootPhase_1000_com.android.server.usage.StorageStatsService$Lifecycle
01-06 02:49:03.014   944   970 V ActivityManagerTiming: OnBootPhase_1000_com.android.server.usage.StorageStatsService$Lifecycle took to complete: 0ms
01-06 02:49:03.014   944   970 D ActivityManagerTiming: OnBootPhase_1000_com.android.server.UiModeManagerService
01-06 02:49:03.014   944   970 V ActivityManagerTiming: OnBootPhase_1000_com.android.server.UiModeManagerService took to complete: 0ms
01-06 02:49:03.014   944   970 D ActivityManagerTiming: OnBootPhase_1000_com.android.server.locales.LocaleManagerService
01-06 02:49:03.014   944  1126 D StorageManagerService: Thinking about init, mBootCompleted=true, mDaemonConnected=true
01-06 02:49:03.014   944  1126 D StorageManagerService: Thinking about reset, mBootCompleted=true, mDaemonConnected=true
01-06 02:49:03.014   944  1126 I StorageSessionController: Started resetting external storage service...
01-06 02:49:03.014   944  1126 I StorageSessionController: Finished resetting external storage service
01-06 02:49:03.014   944  1126 I StorageManagerService: Resetting vold...
01-06 02:49:03.014   944   970 V ActivityManagerTiming: OnBootPhase_1000_com.android.server.locales.LocaleManagerService took to complete: 0ms
01-06 02:49:03.014   944   970 D ActivityManagerTiming: OnBootPhase_1000_com.android.server.locksettings.LockSettingsService$Lifecycle
01-06 02:49:03.014   944   970 V ActivityManagerTiming: OnBootPhase_1000_com.android.server.locksettings.LockSettingsService$Lifecycle took to complete: 0ms
01-06 02:49:03.014   944   970 D ActivityManagerTiming: OnBootPhase_1000_com.android.server.PersistentDataBlockService
01-06 02:49:03.014   944  1068 D CompatibilityChangeReporter: Compat change id reported: 218533173; UID 10090; state: DISABLED
01-06 02:49:03.015   944   970 V ActivityManagerTiming: OnBootPhase_1000_com.android.server.PersistentDataBlockService took to complete: 0ms
01-06 02:49:03.015   944   970 D ActivityManagerTiming: OnBootPhase_1000_com.android.server.testharness.TestHarnessModeService
01-06 02:49:03.015   944   970 D TestHarnessModeService: Completing Test Harness Mode setup.
01-06 02:49:03.027     0     0 E [4 T1691  ..] [secmon]: DBG=======> dolby_fw_ioctl 438 cmd:0x41 arg3=0
01-06 02:49:03.027     0     0 E [4 T1691  ..] [secmon]: DBG=======> dolby_fw_verify_lib_resp 296 DOLBY_FW_VERIFY_LIB_RESP arg3=0
01-06 02:49:03.029     0     0 E [4 T1691  ..] [secmon]: DBG=======> dolby_fw_ioctl 438 cmd:0x50 arg3=0
01-06 02:49:03.030     0     0 E [4 T1691  ..] [secmon]: DBG=======> dolby_fw_ioctl 438 cmd:0x60 arg3=0
01-06 02:49:03.030     0     0 E [4 T1691  ..] [secmon]: DBG=======> dolby_fw_critical_query 389 DOLBY_FW_CRITICAL_DATA_QUERY arg3=0
01-06 02:49:03.038     0     0 I [4 T1691  ..] [snd-soc]: dd+ drc mode : RF
01-06 02:49:03.038     0     0 I [4 T1691  ..] [snd-soc]: dd+ drc high cut scale : 0%
01-06 02:49:03.038     0     0 I [4 T1691  ..] [snd-soc]: dd+ drc low boost scale : 0%
01-06 02:49:03.041     0     0 I [3 T1697  ..] audio_ddr_mngr: frddrs[0] registered by device fe330000.audiobus:tdm@1
01-06 02:49:03.042     0     0 I [3 T1697  ..] [snd-soc]: aml_audio_reset, reg 0xa, shift 9, use_vadtop 0
01-06 02:49:03.042     0     0 I [3 T1697  ..] [snd-soc]: aml_audio_reset, reg 0xa, shift 13, use_vadtop 0
01-06 02:49:03.042     0     0 D [3 T1697  ..] [snd-soc]: spdif_a fifo ctrl, frddr:0 type:1, 16 bits, chmask 0x3, swap 0x10
01-06 02:49:03.042     0     0 D [3 T1697  ..] iec_info: rate: 48000, codec_type:0x0, channel status L:0x2000100, R:0x2000100
01-06 02:49:03.042     0     0 I         : [3 T1697  ..] err chn msk, must larger than 0
01-06 02:49:03.042     0     0 I         : [3 T1697  ..] hdmitx_notify_callback_a[3794] aud_src_if is 0, aud_output_ch is 0x0, reset aud_output_ch as 0
01-06 02:49:03.042     0     0 D [3 T1697  ..] [snd-soc]: spdif_b fifo ctrl, frddr:0 type:1, 16 bits, chmask 0x3, swap 0x10
01-06 02:49:03.042     0     0 D [3 T1697  ..] iec_info: rate: 48000, codec_type:0x0, channel status L:0x2000100, R:0x2000100
01-06 02:49:03.046   944  1126 I StorageManagerService: Reset vold
01-06 02:49:03.046   332   332 I vold    : onUserAdded: 0
01-06 02:49:03.056     0     0 I         : [3 T1697  ..] asoc-aml-card auge_sound: TDM[1] Playback enable
01-06 02:49:03.056     0     0 D [3 T1697  ..] [snd-soc]: spdif_a is set to enable
01-06 02:49:03.056     0     0 D [3 T1697  ..] [snd-soc]: spdif_b is set to enable
01-06 02:49:03.054  1234  1234 V SystemUIBootTiming: StartServices com.android.systemui.volume.VolumeUI took to complete: 117ms
01-06 02:49:03.058  1234  1234 V SystemUIBootTiming: StartServices com.android.systemui.wmshell.WMShell took to complete: 4ms
01-06 02:49:03.059  1234  1234 V SystemUIBootTiming: StartServices com.android.systemui.VendorServices took to complete: 0ms
01-06 02:49:03.059  1234  1234 V SystemUIBootTiming: StartServices took to complete: 852ms
01-06 02:49:03.060   944   970 V ActivityManagerTiming: OnBootPhase_1000_com.android.server.testharness.TestHarnessModeService took to complete: 45ms
01-06 02:49:03.060   944   970 D ActivityManagerTiming: OnBootPhase_1000_com.android.server.oemlock.OemLockService
01-06 02:49:03.060   944   970 V ActivityManagerTiming: OnBootPhase_1000_com.android.server.oemlock.OemLockService took to complete: 0ms
01-06 02:49:03.060   944   970 D ActivityManagerTiming: OnBootPhase_1000_com.android.server.DeviceIdleController
01-06 02:49:03.060   944   970 V ActivityManagerTiming: OnBootPhase_1000_com.android.server.DeviceIdleController took to complete: 0ms
01-06 02:49:03.060   944   970 D ActivityManagerTiming: OnBootPhase_1000_com.android.server.devicepolicy.DevicePolicyManagerService$Lifecycle
01-06 02:49:03.060   944   970 V ActivityManagerTiming: OnBootPhase_1000_com.android.server.devicepolicy.DevicePolicyManagerService$Lifecycle took to complete: 0ms
01-06 02:49:03.060   944   970 D ActivityManagerTiming: OnBootPhase_1000_com.android.server.texttospeech.TextToSpeechManagerService
01-06 02:49:03.060   944   970 V ActivityManagerTiming: OnBootPhase_1000_com.android.server.texttospeech.TextToSpeechManagerService took to complete: 0ms
01-06 02:49:03.060   944   970 D ActivityManagerTiming: OnBootPhase_1000_com.android.server.ambientcontext.AmbientContextManagerService
01-06 02:49:03.060   944   970 V ActivityManagerTiming: OnBootPhase_1000_com.android.server.ambientcontext.AmbientContextManagerService took to complete: 0ms
01-06 02:49:03.060   944   970 D ActivityManagerTiming: OnBootPhase_1000_com.android.server.speech.SpeechRecognitionManagerService
01-06 02:49:03.060   944   970 V ActivityManagerTiming: OnBootPhase_1000_com.android.server.speech.SpeechRecognitionManagerService took to complete: 0ms
01-06 02:49:03.060   944   970 D ActivityManagerTiming: OnBootPhase_1000_com.android.server.searchui.SearchUiManagerService
01-06 02:49:03.060   944   970 V ActivityManagerTiming: OnBootPhase_1000_com.android.server.searchui.SearchUiManagerService took to complete: 0ms
01-06 02:49:03.060   944   970 D ActivityManagerTiming: OnBootPhase_1000_com.android.server.smartspace.SmartspaceManagerService
01-06 02:49:03.060   944   970 V ActivityManagerTiming: OnBootPhase_1000_com.android.server.smartspace.SmartspaceManagerService took to complete: 0ms
01-06 02:49:03.060   944   970 D ActivityManagerTiming: OnBootPhase_1000_com.android.server.graphics.fonts.FontManagerService$Lifecycle
01-06 02:49:03.060   944   970 V ActivityManagerTiming: OnBootPhase_1000_com.android.server.graphics.fonts.FontManagerService$Lifecycle took to complete: 0ms
01-06 02:49:03.060   944   970 D ActivityManagerTiming: OnBootPhase_1000_com.android.server.textservices.TextServicesManagerService$Lifecycle
01-06 02:49:03.060   944   970 V ActivityManagerTiming: OnBootPhase_1000_com.android.server.textservices.TextServicesManagerService$Lifecycle took to complete: 0ms
01-06 02:49:03.060   944   970 D ActivityManagerTiming: OnBootPhase_1000_com.android.server.textclassifier.TextClassificationManagerService$Lifecycle
01-06 02:49:03.060   944   970 V ActivityManagerTiming: OnBootPhase_1000_com.android.server.textclassifier.TextClassificationManagerService$Lifecycle took to complete: 0ms
01-06 02:49:03.060   944   970 D ActivityManagerTiming: OnBootPhase_1000_com.android.server.NetworkScoreService$Lifecycle
01-06 02:49:03.061   944   970 V ActivityManagerTiming: OnBootPhase_1000_com.android.server.NetworkScoreService$Lifecycle took to complete: 0ms
01-06 02:49:03.061   944   970 D ActivityManagerTiming: OnBootPhase_1000_com.android.server.NetworkStatsServiceInitializer
01-06 02:49:03.061   944   970 V ActivityManagerTiming: OnBootPhase_1000_com.android.server.NetworkStatsServiceInitializer took to complete: 0ms
01-06 02:49:03.061   944   970 D ActivityManagerTiming: OnBootPhase_1000_com.android.server.wifi.WifiService
01-06 02:49:03.061   944   970 V ActivityManagerTiming: OnBootPhase_1000_com.android.server.wifi.WifiService took to complete: 0ms
01-06 02:49:03.061   944   970 D ActivityManagerTiming: OnBootPhase_1000_com.android.server.wifi.scanner.WifiScanningService
01-06 02:49:03.061   944   970 V ActivityManagerTiming: OnBootPhase_1000_com.android.server.wifi.scanner.WifiScanningService took to complete: 0ms
01-06 02:49:03.061   944   970 D ActivityManagerTiming: OnBootPhase_1000_com.android.server.wifi.p2p.WifiP2pService
01-06 02:49:03.061   944   970 V ActivityManagerTiming: OnBootPhase_1000_com.android.server.wifi.p2p.WifiP2pService took to complete: 0ms
01-06 02:49:03.061   944   970 D ActivityManagerTiming: OnBootPhase_1000_com.android.server.ConnectivityServiceInitializer
01-06 02:49:03.068   944  1511 D CompatibilityChangeReporter: Compat change id reported: 168419799; UID 10070; state: DISABLED
01-06 02:49:03.069  1234  1234 V WindowManagerShell: Display added: 0
01-06 02:49:03.071   944   970 E SystemServiceRegistry: Manager wrapper not available: contexthub
01-06 02:49:03.073   944   976 I DropBoxManagerService: add tag=system_server_wtf isTagEnabled=true flags=0x2
01-06 02:49:03.073   944   970 D CompatibilityChangeReporter: Compat change id reported: 161145287; UID 1000; state: DISABLED
01-06 02:49:03.078   944   976 I DropBoxManagerService: add tag=system_server_wtf isTagEnabled=true flags=0x2
01-06 02:49:03.079   944   970 V ActivityManagerTiming: OnBootPhase_1000_com.android.server.ConnectivityServiceInitializer took to complete: 18ms
01-06 02:49:03.079   944   970 D ActivityManagerTiming: OnBootPhase_1000_com.android.server.notification.NotificationManagerService
01-06 02:49:03.079   944   970 V ActivityManagerTiming: OnBootPhase_1000_com.android.server.notification.NotificationManagerService took to complete: 0ms
01-06 02:49:03.080   944   970 D ActivityManagerTiming: OnBootPhase_1000_com.android.server.storage.DeviceStorageMonitorService
01-06 02:49:03.080   944   970 V ActivityManagerTiming: OnBootPhase_1000_com.android.server.storage.DeviceStorageMonitorService took to complete: 0ms
01-06 02:49:03.080   944   970 D ActivityManagerTiming: OnBootPhase_1000_com.android.server.location.LocationManagerService$Lifecycle
01-06 02:49:03.080   944   970 V ActivityManagerTiming: OnBootPhase_1000_com.android.server.location.LocationManagerService$Lifecycle took to complete: 1ms
01-06 02:49:03.080   944   970 D ActivityManagerTiming: OnBootPhase_1000_com.android.server.timedetector.TimeDetectorService$Lifecycle
01-06 02:49:03.080   944   970 V ActivityManagerTiming: OnBootPhase_1000_com.android.server.timedetector.TimeDetectorService$Lifecycle took to complete: 0ms
01-06 02:49:03.080   944   970 D ActivityManagerTiming: OnBootPhase_1000_com.android.server.timezonedetector.TimeZoneDetectorService$Lifecycle
01-06 02:49:03.080   944   970 V ActivityManagerTiming: OnBootPhase_1000_com.android.server.timezonedetector.TimeZoneDetectorService$Lifecycle took to complete: 0ms
01-06 02:49:03.080   944   970 D ActivityManagerTiming: OnBootPhase_1000_com.android.server.timezonedetector.location.LocationTimeZoneManagerService$Lifecycle
01-06 02:49:03.080   944   970 V ActivityManagerTiming: OnBootPhase_1000_com.android.server.timezonedetector.location.LocationTimeZoneManagerService$Lifecycle took to complete: 0ms
01-06 02:49:03.080   944   970 D ActivityManagerTiming: OnBootPhase_1000_com.android.server.search.SearchManagerService$Lifecycle
01-06 02:49:03.080   944   970 V ActivityManagerTiming: OnBootPhase_1000_com.android.server.search.SearchManagerService$Lifecycle took to complete: 0ms
01-06 02:49:03.080   944   970 D ActivityManagerTiming: OnBootPhase_1000_com.android.server.wallpaper.WallpaperManagerService$Lifecycle
01-06 02:49:03.080   944   970 V ActivityManagerTiming: OnBootPhase_1000_com.android.server.wallpaper.WallpaperManagerService$Lifecycle took to complete: 0ms
01-06 02:49:03.080   944   970 D ActivityManagerTiming: OnBootPhase_1000_com.android.server.wallpapereffectsgeneration.WallpaperEffectsGenerationManagerService
01-06 02:49:03.080   944   970 V ActivityManagerTiming: OnBootPhase_1000_com.android.server.wallpapereffectsgeneration.WallpaperEffectsGenerationManagerService took to complete: 0ms
01-06 02:49:03.080   944   970 D ActivityManagerTiming: OnBootPhase_1000_com.android.server.audio.AudioService$Lifecycle
01-06 02:49:03.080   944   970 V ActivityManagerTiming: OnBootPhase_1000_com.android.server.audio.AudioService$Lifecycle took to complete: 0ms
01-06 02:49:03.080   944   970 D ActivityManagerTiming: OnBootPhase_1000_com.android.server.soundtrigger_middleware.SoundTriggerMiddlewareService$Lifecycle
01-06 02:49:03.080   944   970 V ActivityManagerTiming: OnBootPhase_1000_com.android.server.soundtrigger_middleware.SoundTriggerMiddlewareService$Lifecycle took to complete: 0ms
