01-06 02:49:01.643     0     0 I [0 T650   ..] [kworke][0x185dbd9][02: 49:01.639869] wlan: [650:I:HAL] hal_srng_update_high_wm_thresholds: ring_id: 68, wm_thresh- <50:0, 50-60:128, 60-70:153, 70-80:179, 80-90:204, 90-100:230
01-06 02:49:01.643     0     0 D [0 T650   ..] cnss: Assign MSI to user: CE, num_vectors: 1, user_base_data: 1, base_vector: 0
01-06 02:49:01.643     0     0 D [0 T650   ..] cnss: Get MSI low addr = 0x10000, high addr = 0x0
01-06 02:49:01.643     0     0 I [0 T650   ..] [kworke][0x185dc3b][02: 49:01.639967] wlan: [650:I:HAL] hal_srng_update_high_wm_thresholds: ring_id: 88, wm_thresh- <50:0, 50-60:16, 60-70:19, 70-80:22, 80-90:25, 90-100:28
01-06 02:49:01.643     0     0 D [0 T650   ..] cnss: Assign MSI to user: CE, num_vectors: 1, user_base_data: 1, base_vector: 0
01-06 02:49:01.643     0     0 D [0 T650   ..] cnss: Get MSI low addr = 0x10000, high addr = 0x0
01-06 02:49:01.643     0     0 I [0 T650   ..] [kworke][0x185dca6][02: 49:01.640074] wlan: [650:I:HAL] hal_srng_update_high_wm_thresholds: ring_id: 107, wm_thresh- <50:0, 50-60:16, 60-70:19, 70-80:22, 80-90:25, 90-100:28
01-06 02:49:01.643     0     0 I [0 T650   ..] [kworke][0x185dcf1][02: 49:01.640149] wlan: [650:I:HIF] hif_configure_irq: E
01-06 02:49:01.643     0     0 D [0 T650   ..] cnss: Assign MSI to user: CE, num_vectors: 1, user_base_data: 1, base_vector: 0
01-06 02:49:01.643     0     0 D [0 T650   ..] cnss: Assign MSI to user: CE, num_vectors: 1, user_base_data: 1, base_vector: 0
01-06 02:49:01.643     0     0 D [0 T650   ..] cnss: Get IRQ number 101 for vector index 0
01-06 02:49:01.643     0     0 D [0 T650   ..] cnss: Assign MSI to user: CE, num_vectors: 1, user_base_data: 1, base_vector: 0
01-06 02:49:01.643     0     0 D [0 T650   ..] cnss: Get IRQ number 101 for vector index 0
01-06 02:49:01.643     0     0 D [0 T650   ..] cnss: Assign MSI to user: CE, num_vectors: 1, user_base_data: 1, base_vector: 0
01-06 02:49:01.643     0     0 D [0 T650   ..] cnss: Get IRQ number 101 for vector index 0
01-06 02:49:01.643     0     0 D [0 T650   ..] cnss: Assign MSI to user: CE, num_vectors: 1, user_base_data: 1, base_vector: 0
01-06 02:49:01.644     0     0 D [0 T650   ..] cnss: Get IRQ number 101 for vector index 0
01-06 02:49:01.644     0     0 D [0 T650   ..] cnss: Assign MSI to user: CE, num_vectors: 1, user_base_data: 1, base_vector: 0
01-06 02:49:01.644     0     0 D [0 T650   ..] cnss: Get IRQ number 101 for vector index 0
01-06 02:49:01.644     0     0 D [0 T650   ..] cnss: Assign MSI to user: CE, num_vectors: 1, user_base_data: 1, base_vector: 0
01-06 02:49:01.644     0     0 D [0 T650   ..] cnss: Get IRQ number 101 for vector index 0
01-06 02:49:01.644     0     0 D [0 T650   ..] cnss: Assign MSI to user: CE, num_vectors: 1, user_base_data: 1, base_vector: 0
01-06 02:49:01.644     0     0 D [0 T650   ..] cnss: Get IRQ number 101 for vector index 0
01-06 02:49:01.644     0     0 D [0 T650   ..] cnss: Assign MSI to user: CE, num_vectors: 1, user_base_data: 1, base_vector: 0
01-06 02:49:01.644     0     0 D [0 T650   ..] cnss: Get IRQ number 101 for vector index 0
01-06 02:49:01.644     0     0 D [0 T650   ..] cnss: Assign MSI to user: CE, num_vectors: 1, user_base_data: 1, base_vector: 0
01-06 02:49:01.644     0     0 D [0 T650   ..] cnss: Get IRQ number 101 for vector index 0
01-06 02:49:01.644     0     0 E [0 T650   ..] wlan_pld: pld_is_ipa_offload_disabled:3449:: Not supported on type 0
01-06 02:49:01.644     0     0 E [0 T650   ..] [kworke][0x185df50][02: 49:01.640756] wlan: [650:E:POLICY_MGR] policy_mgr_init_cfg: max_conc_cxns 4 non-nan
01-06 02:49:01.646     0     0 D [0 T650   ..] cnss: Platform cap_flag is 0x0
01-06 02:49:01.647     0     0 E [0 T650   ..] [kworke][0x185e937][02: 49:01.643291] wlan: [650:E:QDF] __cds_get_context: Module ID 66 context is Null (via hdd_update_ol_config)
01-06 02:49:01.649     0     0 E [0 T650   ..] [kworke][0x185f46f][02: 49:01.646163] wlan: [650:E:QDF] __cds_get_context: Module ID 66 context is Null (via cds_open)
01-06 02:49:01.652     0     0 F [0 T650   ..] [kworke][0x185ff94][02: 49:01.649016] wlan: [650:F:WMA] WMA --> wmi_unified_attach - success
01-06 02:49:01.662   944  1259 D CompatibilityChangeReporter: Compat change id reported: 135634846; UID 10059; state: DISABLED
01-06 02:49:01.662   944  1259 D CompatibilityChangeReporter: Compat change id reported: 177438394; UID 10059; state: DISABLED
01-06 02:49:01.662   944  1259 D CompatibilityChangeReporter: Compat change id reported: 135772972; UID 10059; state: DISABLED
01-06 02:49:01.662   944  1259 D CompatibilityChangeReporter: Compat change id reported: 135754954; UID 10059; state: ENABLED
01-06 02:49:01.663     0     0 E [0 T650   ..] [kworke][0x1862b2e][02: 49:01.660178] wlan: [650:E:QDF] htc_wait_target: Target Ready! TX resource : 1 size:2176, MaxMsgsPerHTCBundle = 1
01-06 02:49:01.665     0     0 E [0 T650   ..] [kworke][0x1863013][02: 49:01.661431] wlan: [650:E:QDF] htc_setup_target_buffer_assignments: SVS Index : 1 TX : 0x100 : alloc:1
01-06 02:49:01.663   944  1259 D CompatibilityChangeReporter: Compat change id reported: 207557677; UID 10059; state: ENABLED
01-06 02:49:01.663   944   960 W PackageManager: Loading a package that does not exist for the calling user. package=null, user=0
01-06 02:49:01.683   944   960 D CompatibilityChangeReporter: Compat change id reported: 168419799; UID 10090; state: DISABLED
01-06 02:49:01.714   944  1282 D CompatibilityChangeReporter: Compat change id reported: 168419799; UID 1068; state: DISABLED
01-06 02:49:01.720   944  1100 D CompatibilityChangeReporter: Compat change id reported: 168419799; UID 1000; state: DISABLED
01-06 02:49:01.775     0     0 I [1 T650   ..] [kworke][0x187e03e][02: 49:01.772066] wlan: [650:I:DP] dp_soc_tx_desc_sw_pools_alloc Tx Desc Alloc num_pool = 6, descs = 8192
01-06 02:49:01.794   944  1100 D CompatibilityChangeReporter: Compat change id reported: 157233955; UID 10070; state: ENABLED
01-06 02:49:01.805   528   528 E android.hardware.wifi@1.0-service.droidlogic: driver not ok ,wait
01-06 02:49:01.893   944  1221 D CompatibilityChangeReporter: Compat change id reported: 194532703; UID 1073; state: ENABLED
01-06 02:49:01.930   944  1100 I ActivityManager: Process WebViewLoader-armeabi-v7a (pid 1299) has died: psvc PER 
01-06 02:49:01.962   944   969 I DropBoxManagerService: add tag=system_app_strictmode isTagEnabled=true flags=0x2
01-06 02:49:01.965   944   969 I DropBoxManagerService: add tag=system_app_strictmode isTagEnabled=true flags=0x2
01-06 02:49:01.966   944   969 I DropBoxManagerService: add tag=system_app_strictmode isTagEnabled=true flags=0x2
01-06 02:49:01.968   944   969 I DropBoxManagerService: add tag=system_app_strictmode isTagEnabled=true flags=0x2
01-06 02:49:01.975   944   944 W Looper  : Slow dispatch took 560ms main h=android.app.ActivityThread$H c=android.app.LoadedApk$ReceiverDispatcher$Args$$ExternalSyntheticLambda0@6320b9f m=0
01-06 02:49:02.005   528   528 E android.hardware.wifi@1.0-service.droidlogic: driver not ok ,wait
01-06 02:49:02.015   944   967 D UsbDeviceManager: push notification:Charging this device via USB
01-06 02:49:02.023   944  1197 E HDMI    : [1]:Failed to send <Give Device Vendor Id> 30:8C with errorCode=1
01-06 02:49:02.035   944  1282 D CompatibilityChangeReporter: Compat change id reported: 161145287; UID 1068; state: DISABLED
01-06 02:49:02.041   944  1099 I ActivityManager: Process WebViewLoader-arm64-v8a (pid 1302) has died: psvc PER 
01-06 02:49:02.047   944   944 D ConditionProviders.SCP: onSubscribe condition://android/schedule?days=1.2.3.4.5.6.7&start=22.0&end=7.0&exitAtAlarm=true
01-06 02:49:02.054   944  1099 D CompatibilityChangeReporter: Compat change id reported: 161145287; UID 10090; state: DISABLED
01-06 02:49:02.055   944   944 D ConditionProviders.SCP: setRegistered true
01-06 02:49:02.058   944  1174 W ActivityThread: Failed to find provider info for com.android.calendar (user not unlocked)
01-06 02:49:02.060   944  1174 W ActivityThread: Failed to find provider info for com.android.calendar (user not unlocked)
01-06 02:49:02.062   944  1174 D CompatibilityChangeReporter: Compat change id reported: 171306433; UID 1000; state: ENABLED
01-06 02:49:02.063   944  1174 D CompatibilityChangeReporter: Compat change id reported: 218533173; UID 1000; state: ENABLED
01-06 02:49:02.082   944   944 D ConditionProviders.SCP: evaluateSubscriptionLocked cal=ScheduleCalendar[mDays={1, 2, 3, 4, 5, 6, 7}, mSchedule=ScheduleInfo{days=[1, 2, 3, 4, 5, 6, 7], startHour=22, startMinute=0, endHour=7, endMinute=0, exitAtAlarm=true, nextAlarm=Thu Jan 01 00:00:00 GMT 1970 (0)}], now=Mon Jan 06 02:49:02 GMT 2025 (1736131742055), nextUserAlarmTime=Thu Jan 01 00:00:00 GMT 1970 (0)
01-06 02:49:02.082   944   944 D ConditionProviders.SCP: notifyCondition condition://android/schedule?days=1.2.3.4.5.6.7&start=22.0&end=7.0&exitAtAlarm=true STATE_TRUE reason=meetsSchedule
01-06 02:49:02.083   944   944 D ConditionProviders.SCP: Scheduling evaluate for Mon Jan 06 07:00:00 GMT 2025 (1736146800000), in +4h10m57s945ms, now=Mon Jan 06 02:49:02 GMT 2025 (1736131742055)
01-06 02:49:02.096   944   944 D AutofillManagerService: Restriction did not change for user 0
01-06 02:49:02.097  1367  1367 W ContextImpl: Calling a method in the system process without a qualified user: android.app.ContextImpl.startService:1863 android.content.ContextWrapper.startService:817 com.droidlogic.DroidlogicApplication.startDroidLogicServices:179 com.droidlogic.DroidlogicApplication.initAudio:101 com.droidlogic.DroidlogicApplication.-$$Nest$minitAudio:0 
01-06 02:49:02.112  1367  1367 W ContextImpl: Calling a method in the system process without a qualified user: android.app.ContextImpl.startService:1863 android.content.ContextWrapper.startService:817 com.droidlogic.DroidlogicApplication.startDroidLogicServices:179 com.droidlogic.DroidlogicApplication.initAudio:102 com.droidlogic.DroidlogicApplication.-$$Nest$minitAudio:0 
01-06 02:49:02.113   944  1282 D WallpaperManagerService: WPMS.saveSettingsLocked-0
01-06 02:49:02.123   944   969 I DropBoxManagerService: add tag=system_app_strictmode isTagEnabled=true flags=0x2
01-06 02:49:02.126   944   969 I DropBoxManagerService: add tag=system_app_strictmode isTagEnabled=true flags=0x2
01-06 02:49:02.136     0     0 D [5 T650   ..] cnss: Assign MSI to user: DP, num_vectors: 1, user_base_data: 1, base_vector: 0
01-06 02:49:02.137     0     0 D [5 T650   ..] cnss: Assign MSI to user: DP, num_vectors: 1, user_base_data: 1, base_vector: 0
01-06 02:49:02.137     0     0 D [5 T650   ..] cnss: Assign MSI to user: DP, num_vectors: 1, user_base_data: 1, base_vector: 0
01-06 02:49:02.137     0     0 I [5 T650   ..] [kworke][0x18d64b5][02: 49:02.133657] wlan: [650:I:HAL] hal_srng_update_high_wm_thresholds: ring_id: 120, wm_thresh- <50:0, 50-60:16384, 60-70:19660, 70-80:22937, 80-90:26214, 90-100:29491
01-06 02:49:02.139     0     0 D [5 T650   ..] cnss: Assign MSI to user: DP, num_vectors: 1, user_base_data: 1, base_vector: 0
01-06 02:49:02.139     0     0 I [5 T650   ..] [kworke][0x18d6e11][02: 49:02.136053] wlan: [650:I:HAL] hal_srng_update_high_wm_thresholds: ring_id: 121, wm_thresh- <50:0, 50-60:512, 60-70:614, 70-80:716, 80-90:819, 90-100:921
01-06 02:49:02.139     0     0 D [5 T650   ..] cnss: Assign MSI to user: DP, num_vectors: 1, user_base_data: 1, base_vector: 0
01-06 02:49:02.139     0     0 I [5 T650   ..] [kworke][0x18d6e74][02: 49:02.136152] wlan: [650:I:HAL] hal_srng_update_high_wm_thresholds: ring_id: 16, wm_thresh- <50:0, 50-60:64, 60-70:76, 70-80:89, 80-90:102, 90-100:115
01-06 02:49:02.140     0     0 D [5 T650   ..] cnss: Assign MSI to user: DP, num_vectors: 1, user_base_data: 1, base_vector: 0
01-06 02:49:02.140     0     0 D [5 T650   ..] cnss: Get MSI low addr = 0x10000, high addr = 0x0
01-06 02:49:02.140     0     0 D [5 T650   ..] cnss: Assign MSI to user: DP, num_vectors: 1, user_base_data: 1, base_vector: 0
01-06 02:49:02.140     0     0 I [5 T650   ..] [kworke][0x18d6ef9][02: 49:02.136285] wlan: [650:I:HAL] hal_srng_update_high_wm_thresholds: ring_id: 131, wm_thresh- <50:0, 50-60:512, 60-70:614, 70-80:716, 80-90:819, 90-100:921
01-06 02:49:02.140     0     0 D [5 T650   ..] cnss: Assign MSI to user: DP, num_vectors: 1, user_base_data: 1, base_vector: 0
01-06 02:49:02.140     0     0 D [5 T650   ..] cnss: Get MSI low addr = 0x10000, high addr = 0x0
01-06 02:49:02.140     0     0 I [5 T650   ..] [kworke][0x18d6f5b][02: 49:02.136383] wlan: [650:I:HAL] hal_srng_update_high_wm_thresholds: ring_id: 0, wm_thresh- <50:0, 50-60:128, 60-70:153, 70-80:179, 80-90:204, 90-100:230
01-06 02:49:02.140     0     0 D [5 T650   ..] cnss: Assign MSI to user: DP, num_vectors: 1, user_base_data: 1, base_vector: 0
01-06 02:49:02.140     0     0 I [5 T650   ..] [kworke][0x18d6fae][02: 49:02.136466] wlan: [650:I:HAL] hal_srng_update_high_wm_thresholds: ring_id: 20, wm_thresh- <50:0, 50-60:64, 60-70:76, 70-80:89, 80-90:102, 90-100:115
01-06 02:49:02.140     0     0 D [5 T650   ..] cnss: Assign MSI to user: DP, num_vectors: 1, user_base_data: 1, base_vector: 0
01-06 02:49:02.140     0     0 D [5 T650   ..] cnss: Get MSI low addr = 0x10000, high addr = 0x0
01-06 02:49:02.140     0     0 I [5 T650   ..] [kworke][0x18d701f][02: 49:02.136578] wlan: [650:I:HAL] hal_srng_update_high_wm_thresholds: ring_id: 21, wm_thresh- <50:0, 50-60:128, 60-70:153, 70-80:179, 80-90:204, 90-100:230
01-06 02:49:02.140     0     0 D [5 T650   ..] cnss: Assign MSI to user: DP, num_vectors: 1, user_base_data: 1, base_vector: 0
01-06 02:49:02.140     0     0 I [5 T650   ..] [kworke][0x18d708c][02: 49:02.136688] wlan: [650:I:HAL] hal_srng_update_high_wm_thresholds: ring_id: 24, wm_thresh- <50:0, 50-60:2560, 60-70:3072, 70-80:3584, 80-90:4096, 90-100:4608
01-06 02:49:02.140     0     0 D [5 T650   ..] cnss: Assign MSI to user: DP, num_vectors: 1, user_base_data: 1, base_vector: 0
01-06 02:49:02.140     0     0 D [5 T650   ..] cnss: Get MSI low addr = 0x10000, high addr = 0x0
01-06 02:49:02.140     0     0 D [5 T650   ..] cnss: Assign MSI to user: DP, num_vectors: 1, user_base_data: 1, base_vector: 0
01-06 02:49:02.140     0     0 D [5 T650   ..] cnss: Get MSI low addr = 0x10000, high addr = 0x0
01-06 02:49:02.140     0     0 I [5 T650   ..] [kworke][0x18d711f][02: 49:02.136835] wlan: [650:I:HAL] hal_srng_update_high_wm_thresholds: ring_id: 128, wm_thresh- <50:0, 50-60:4096, 60-70:4915, 70-80:5734, 80-90:6553, 90-100:7372
01-06 02:49:02.140     0     0 D [5 T650   ..] cnss: Assign MSI to user: DP, num_vectors: 1, user_base_data: 1, base_vector: 0
01-06 02:49:02.140     0     0 I [5 T650   ..] [kworke][0x18d71a9][02: 49:02.136973] wlan: [650:I:HAL] hal_srng_update_high_wm_thresholds: ring_id: 25, wm_thresh- <50:0, 50-60:2560, 60-70:3072, 70-80:3584, 80-90:4096, 90-100:4608
01-06 02:49:02.140     0     0 D [5 T650   ..] cnss: Assign MSI to user: DP, num_vectors: 1, user_base_data: 1, base_vector: 0
01-06 02:49:02.140     0     0 D [5 T650   ..] cnss: Get MSI low addr = 0x10000, high addr = 0x0
01-06 02:49:02.140     0     0 D [5 T650   ..] cnss: Assign MSI to user: DP, num_vectors: 1, user_base_data: 1, base_vector: 0
01-06 02:49:02.140     0     0 D [5 T650   ..] cnss: Get MSI low addr = 0x10000, high addr = 0x0
01-06 02:49:02.140     0     0 I [5 T650   ..] [kworke][0x18d7236][02: 49:02.137113] wlan: [650:I:HAL] hal_srng_update_high_wm_thresholds: ring_id: 132, wm_thresh- <50:0, 50-60:4096, 60-70:4915, 70-80:5734, 80-90:6553, 90-100:7372
01-06 02:49:02.141     0     0 D [5 T650   ..] cnss: Assign MSI to user: DP, num_vectors: 1, user_base_data: 1, base_vector: 0
01-06 02:49:02.141     0     0 I [5 T650   ..] [kworke][0x18d72cc][02: 49:02.137264] wlan: [650:I:HAL] hal_srng_update_high_wm_thresholds: ring_id: 26, wm_thresh- <50:0, 50-60:2560, 60-70:3072, 70-80:3584, 80-90:4096, 90-100:4608
01-06 02:49:02.141     0     0 D [5 T650   ..] cnss: Assign MSI to user: DP, num_vectors: 1, user_base_data: 1, base_vector: 0
01-06 02:49:02.141     0     0 D [5 T650   ..] cnss: Get MSI low addr = 0x10000, high addr = 0x0
01-06 02:49:02.141     0     0 D [5 T650   ..] cnss: Assign MSI to user: DP, num_vectors: 1, user_base_data: 1, base_vector: 0
01-06 02:49:02.141     0     0 D [5 T650   ..] cnss: Get MSI low addr = 0x10000, high addr = 0x0
01-06 02:49:02.141     0     0 I [5 T650   ..] [kworke][0x18d7370][02: 49:02.137428] wlan: [650:I:HAL] hal_srng_update_high_wm_thresholds: ring_id: 130, wm_thresh- <50:0, 50-60:4096, 60-70:4915, 70-80:5734, 80-90:6553, 90-100:7372
01-06 02:49:02.141     0     0 D [5 T650   ..] cnss: Assign MSI to user: DP, num_vectors: 1, user_base_data: 1, base_vector: 0
01-06 02:49:02.141     0     0 D [5 T650   ..] cnss: Get MSI low addr = 0x10000, high addr = 0x0
01-06 02:49:02.141     0     0 D [5 T650   ..] cnss: Assign MSI to user: DP, num_vectors: 1, user_base_data: 1, base_vector: 0
01-06 02:49:02.141     0     0 D [5 T650   ..] cnss: Get MSI low addr = 0x10000, high addr = 0x0
01-06 02:49:02.141     0     0 I [5 T650   ..] [kworke][0x18d7428][02: 49:02.137612] wlan: [650:I:HAL] hal_srng_update_high_wm_thresholds: ring_id: 1, wm_thresh- <50:0, 50-60:3072, 60-70:3686, 70-80:4300, 80-90:4915, 90-100:5529
01-06 02:49:02.141     0     0 D [5 T650   ..] cnss: Assign MSI to user: DP, num_vectors: 1, user_base_data: 1, base_vector: 0
01-06 02:49:02.141     0     0 D [5 T650   ..] cnss: Get MSI low addr = 0x10000, high addr = 0x0
01-06 02:49:02.141     0     0 D [5 T650   ..] cnss: Assign MSI to user: DP, num_vectors: 1, user_base_data: 1, base_vector: 0
01-06 02:49:02.141     0     0 D [5 T650   ..] cnss: Get MSI low addr = 0x10000, high addr = 0x0
01-06 02:49:02.141     0     0 I [5 T650   ..] [kworke][0x18d74cd][02: 49:02.137777] wlan: [650:I:HAL] hal_srng_update_high_wm_thresholds: ring_id: 2, wm_thresh- <50:0, 50-60:3072, 60-70:3686, 70-80:4300, 80-90:4915, 90-100:5529
01-06 02:49:02.141     0     0 D [5 T650   ..] cnss: Assign MSI to user: DP, num_vectors: 1, user_base_data: 1, base_vector: 0
01-06 02:49:02.141     0     0 D [5 T650   ..] cnss: Get MSI low addr = 0x10000, high addr = 0x0
01-06 02:49:02.141     0     0 D [5 T650   ..] cnss: Assign MSI to user: DP, num_vectors: 1, user_base_data: 1, base_vector: 0
01-06 02:49:02.141     0     0 D [5 T650   ..] cnss: Get MSI low addr = 0x10000, high addr = 0x0
01-06 02:49:02.141     0     0 I [5 T650   ..] [kworke][0x18d756c][02: 49:02.137936] wlan: [650:I:HAL] hal_srng_update_high_wm_thresholds: ring_id: 3, wm_thresh- <50:0, 50-60:3072, 60-70:3686, 70-80:4300, 80-90:4915, 90-100:5529
01-06 02:49:02.141     0     0 D [5 T650   ..] cnss: Assign MSI to user: DP, num_vectors: 1, user_base_data: 1, base_vector: 0
01-06 02:49:02.141     0     0 D [5 T650   ..] cnss: Get MSI low addr = 0x10000, high addr = 0x0
01-06 02:49:02.141     0     0 D [5 T650   ..] cnss: Assign MSI to user: DP, num_vectors: 1, user_base_data: 1, base_vector: 0
01-06 02:49:02.141     0     0 D [5 T650   ..] cnss: Get MSI low addr = 0x10000, high addr = 0x0
01-06 02:49:02.141     0     0 I [5 T650   ..] [kworke][0x18d7641][02: 49:02.138149] wlan: [650:I:HAL] hal_srng_update_high_wm_thresholds: ring_id: 4, wm_thresh- <50:0, 50-60:3072, 60-70:3686, 70-80:4300, 80-90:4915, 90-100:5529
01-06 02:49:02.142     0     0 D [5 T650   ..] cnss: Assign MSI to user: DP, num_vectors: 1, user_base_data: 1, base_vector: 0
01-06 02:49:02.142     0     0 D [5 T650   ..] cnss: Get MSI low addr = 0x10000, high addr = 0x0
01-06 02:49:02.142     0     0 D [5 T650   ..] cnss: Assign MSI to user: DP, num_vectors: 1, user_base_data: 1, base_vector: 0
01-06 02:49:02.142     0     0 I [5 T650   ..] [kworke][0x18d76dc][02: 49:02.138304] wlan: [650:I:HAL] hal_srng_update_high_wm_thresholds: ring_id: 5, wm_thresh- <50:0, 50-60:3072, 60-70:3686, 70-80:4300, 80-90:4915, 90-100:5529
01-06 02:49:02.142     0     0 D [5 T650   ..] cnss: Assign MSI to user: DP, num_vectors: 1, user_base_data: 1, base_vector: 0
01-06 02:49:02.142     0     0 D [5 T650   ..] cnss: Get MSI low addr = 0x10000, high addr = 0x0
01-06 02:49:02.142     0     0 D [5 T650   ..] cnss: Assign MSI to user: DP, num_vectors: 1, user_base_data: 1, base_vector: 0
01-06 02:49:02.142     0     0 I [5 T650   ..] [kworke][0x18d776a][02: 49:02.138446] wlan: [650:I:HAL] hal_srng_update_high_wm_thresholds: ring_id: 6, wm_thresh- <50:0, 50-60:3072, 60-70:3686, 70-80:4300, 80-90:4915, 90-100:5529
01-06 02:49:02.142     0     0 D [5 T650   ..] cnss: Assign MSI to user: DP, num_vectors: 1, user_base_data: 1, base_vector: 0
01-06 02:49:02.142     0     0 D [5 T650   ..] cnss: Get MSI low addr = 0x10000, high addr = 0x0
01-06 02:49:02.142     0     0 D [5 T650   ..] cnss: Assign MSI to user: DP, num_vectors: 1, user_base_data: 1, base_vector: 0
01-06 02:49:02.142     0     0 I [5 T650   ..] [kworke][0x18d77f7][02: 49:02.138587] wlan: [650:I:HAL] hal_srng_update_high_wm_thresholds: ring_id: 7, wm_thresh- <50:0, 50-60:3072, 60-70:3686, 70-80:4300, 80-90:4915, 90-100:5529
01-06 02:49:02.142     0     0 D [5 T650   ..] cnss: Assign MSI to user: DP, num_vectors: 1, user_base_data: 1, base_vector: 0
01-06 02:49:02.142     0     0 D [5 T650   ..] cnss: Get MSI low addr = 0x10000, high addr = 0x0
01-06 02:49:02.142     0     0 D [5 T650   ..] cnss: Assign MSI to user: DP, num_vectors: 1, user_base_data: 1, base_vector: 0
01-06 02:49:02.142     0     0 I [5 T650   ..] [kworke][0x18d7895][02: 49:02.138745] wlan: [650:I:HAL] hal_srng_update_high_wm_thresholds: ring_id: 8, wm_thresh- <50:0, 50-60:3072, 60-70:3686, 70-80:4300, 80-90:4915, 90-100:5529
01-06 02:49:02.142   944  1178 D AudioService: setWiredDeviceConnectionState( type:400 state:DEVICE_STATE_AVAILABLE addr: name:) from com.droidlogic
01-06 02:49:02.143   944  1178 I AS.AudioDeviceInventory: handleDeviceConnection(true dev:400 address: name:)
01-06 02:49:02.143   944  1178 I AS.AudioDeviceInventory: deviceKey:0x400:
01-06 02:49:02.143   944  1178 I AS.AudioDeviceInventory: deviceInfo:null is(already)Connected:false
01-06 02:49:02.143   944   969 I DropBoxManagerService: add tag=system_app_strictmode isTagEnabled=true flags=0x2
01-06 02:49:02.146     0     0 I [3 T452   ..] AidlLazyServiceRegistrar: Process has 0 (of 1 available) client(s) in use after notification apexservice has clients: 0
01-06 02:49:02.146     0     0 I [3 T452   ..] AidlLazyServiceRegistrar: Shutdown prevented by forcePersist override flag.
01-06 02:49:02.146   944   969 I DropBoxManagerService: add tag=system_app_strictmode isTagEnabled=true flags=0x2
01-06 02:49:02.150     0     0 I [7 T770   ..] [snd-soc]: dts_dec_control/0x0
01-06 02:49:02.151     0     0 I [5 T650   ..] [kworke][0x18d9bfe][02: 49:02.147810] wlan: [650:I:scan] scm_channel_list_db_init: min_freq 5935 max_freq 7115
01-06 02:49:02.152     0     0 D [5 T650   ..] cnss: Assign MSI to user: DP, num_vectors: 1, user_base_data: 1, base_vector: 0
01-06 02:49:02.152     0     0 I [5 T650   ..] [kworke][0x18d9f7f][02: 49:02.148707] wlan: [650:I:HAL] hal_srng_update_high_wm_thresholds: ring_id: 184, wm_thresh- <50:0, 50-60:8192, 60-70:9830, 70-80:11468, 80-90:13107, 90-100:14745
01-06 02:49:02.152     0     0 D [5 T650   ..] cnss: Assign MSI to user: DP, num_vectors: 1, user_base_data: 1, base_vector: 0
01-06 02:49:02.152     0     0 D [5 T650   ..] cnss: Get MSI low addr = 0x10000, high addr = 0x0
01-06 02:49:02.152     0     0 I [5 T650   ..] [kworke][0x18d9fc9][02: 49:02.148781] wlan: [650:I:HAL] hal_srng_update_high_wm_thresholds: ring_id: 189, wm_thresh- <50:0, 50-60:512, 60-70:614, 70-80:716, 80-90:819, 90-100:921
01-06 02:49:02.152     0     0 I [5 T650   ..] [kworke][0x18d9fe3][02: 49:02.148807] wlan: [650:I:DP] Peer pool init
01-06 02:49:02.152     0     0 D [5 T650   ..] cnss: Assign MSI to user: DP, num_vectors: 1, user_base_data: 1, base_vector: 0
01-06 02:49:02.152     0     0 I [5 T650   ..] [kworke][0x18da084][02: 49:02.148968] wlan: [650:I:HAL] hal_srng_update_high_wm_thresholds: ring_id: 185, wm_thresh- <50:0, 50-60:2048, 60-70:2457, 70-80:2867, 80-90:3276, 90-100:3686
01-06 02:49:02.152     0     0 D [5 T650   ..] cnss: Assign MSI to user: DP, num_vectors: 1, user_base_data: 1, base_vector: 0
01-06 02:49:02.152     0     0 I [5 T650   ..] [kworke][0x18da0b1][02: 49:02.149013] wlan: [650:I:HAL] hal_srng_update_high_wm_thresholds: ring_id: 198, wm_thresh- <50:0, 50-60:2048, 60-70:2457, 70-80:2867, 80-90:3276, 90-100:3686
01-06 02:49:02.152     0     0 I [5 T650   ..] [kworke][0x18da0e7][02: 49:02.149066] wlan: [650:I:HAL] hal_srng_update_high_wm_thresholds: ring_id: 188, wm_thresh- <50:0, 50-60:512, 60-70:614, 70-80:716, 80-90:819, 90-100:921
01-06 02:49:02.152     0     0 I [5 T650   ..] [kworke][0x18da0fa][02: 49:02.149086] wlan: [650:I:HAL] hal_srng_update_high_wm_thresholds: ring_id: 201, wm_thresh- <50:0, 50-60:512, 60-70:614, 70-80:716, 80-90:819, 90-100:921
01-06 02:49:02.160   944  1099 D CoreBackPreview: Window{3210c0d u0 com.android.tv.settings/com.android.tv.settings.system.FallbackHome}: Setting back callback OnBackInvokedCallbackInfo{mCallback=android.window.IOnBackInvokedCallback$Stub$Proxy@edf5c09, mPriority=0}
01-06 02:49:02.162   944  1282 V WallpaperManagerService: WPMS.saveSettingsLocked-0 took to complete: 49ms
01-06 02:49:02.170   944  1511 D CompatibilityChangeReporter: Compat change id reported: 161145287; UID 10041; state: DISABLED
01-06 02:49:02.183     0     0 E [5 T650   ..] [kworke][0x18e1754][02: 49:02.179384] wlan: [650:E:DP] dp_rx_buffer_pool_init: RX buffer pool support is disabled
01-06 02:49:02.191  1234  1234 V SystemUIBootTiming: DependencyInjection took to complete: 0ms
01-06 02:49:02.193   944  1511 D CompatibilityChangeReporter: Compat change id reported: 161145287; UID 1073; state: DISABLED
01-06 02:49:02.206   528   528 E android.hardware.wifi@1.0-service.droidlogic: driver not ok ,wait
01-06 02:49:02.213  1234  1234 V SystemUIBootTiming: StartServices com.android.systemui.SliceBroadcastRelayHandler took to complete: 0ms
01-06 02:49:02.272   944   960 D CompatibilityChangeReporter: Compat change id reported: 182478738; UID 1073; state: ENABLED
01-06 02:49:02.320   944   970 D ActivityManagerTiming: FinishBooting
01-06 02:49:02.334   944   970 D WindowManager: updateCecScreenStatus 0
01-06 02:49:02.334   944   970 D HDMI    : setCecSettingIntValue name:cec_screen_state, value:0
01-06 02:49:02.347     0     0 D [5 T650   ..] cnss: Assign MSI to user: DP, num_vectors: 1, user_base_data: 1, base_vector: 0
01-06 02:49:02.347     0     0 D [5 T650   ..] cnss: Get IRQ number 101 for vector index 0
01-06 02:49:02.347     0     0 I [6 T650   ..] [kworke][0x1909910][02: 49:02.343668] wlan: [650:I:HIF] hif_event_history_init: SRNG events history initialized for group: 0
01-06 02:49:02.347     0     0 D [6 T650   ..] cnss: Assign MSI to user: DP, num_vectors: 1, user_base_data: 1, base_vector: 0
01-06 02:49:02.347     0     0 D [6 T650   ..] cnss: Get IRQ number 101 for vector index 0
01-06 02:49:02.347     0     0 I [7 T650   ..] [kworke][0x19099dc][02: 49:02.343872] wlan: [650:I:HIF] hif_event_history_init: SRNG events history initialized for group: 1
01-06 02:49:02.347     0     0 D [7 T650   ..] cnss: Assign MSI to user: DP, num_vectors: 1, user_base_data: 1, base_vector: 0
01-06 02:49:02.347     0     0 D [7 T650   ..] cnss: Get IRQ number 101 for vector index 0
01-06 02:49:02.347     0     0 I [4 T650   ..] [kworke][0x1909b12][02: 49:02.344182] wlan: [650:I:HIF] hif_event_history_init: SRNG events history initialized for group: 2
01-06 02:49:02.347     0     0 D [4 T650   ..] cnss: Assign MSI to user: DP, num_vectors: 1, user_base_data: 1, base_vector: 0
01-06 02:49:02.347     0     0 D [4 T650   ..] cnss: Get IRQ number 101 for vector index 0
01-06 02:49:02.348     0     0 I [5 T650   ..] [kworke][0x1909b7c][02: 49:02.344288] wlan: [650:I:HIF] hif_event_history_init: SRNG events history initialized for group: 3
01-06 02:49:02.348     0     0 D [5 T650   ..] cnss: Assign MSI to user: DP, num_vectors: 1, user_base_data: 1, base_vector: 0
01-06 02:49:02.348     0     0 D [5 T650   ..] cnss: Get IRQ number 101 for vector index 0
01-06 02:49:02.348     0     0 I [4 T650   ..] [kworke][0x1909bf1][02: 49:02.344405] wlan: [650:I:HIF] hif_event_history_init: SRNG events history initialized for group: 4
01-06 02:49:02.348     0     0 D [4 T650   ..] cnss: Assign MSI to user: DP, num_vectors: 1, user_base_data: 1, base_vector: 0
01-06 02:49:02.348     0     0 D [4 T650   ..] cnss: Get IRQ number 101 for vector index 0
01-06 02:49:02.348     0     0 I [5 T650   ..] [kworke][0x1909c6a][02: 49:02.344526] wlan: [650:I:HIF] hif_event_history_init: SRNG events history initialized for group: 5
01-06 02:49:02.348     0     0 D [5 T650   ..] cnss: Assign MSI to user: DP, num_vectors: 1, user_base_data: 1, base_vector: 0
01-06 02:49:02.348     0     0 D [5 T650   ..] cnss: Get IRQ number 101 for vector index 0
01-06 02:49:02.348     0     0 I [6 T650   ..] [kworke][0x1909cfd][02: 49:02.344673] wlan: [650:I:HIF] hif_event_history_init: SRNG events history initialized for group: 6
01-06 02:49:02.348     0     0 D [6 T650   ..] cnss: Assign MSI to user: DP, num_vectors: 1, user_base_data: 1, base_vector: 0
01-06 02:49:02.348     0     0 D [6 T650   ..] cnss: Get IRQ number 101 for vector index 0
01-06 02:49:02.348     0     0 I [1 T650   ..] [kworke][0x1909dc2][02: 49:02.344870] wlan: [650:I:HIF] hif_event_history_init: SRNG events history initialized for group: 7
01-06 02:49:02.348     0     0 D [1 T650   ..] cnss: Assign MSI to user: DP, num_vectors: 1, user_base_data: 1, base_vector: 0
01-06 02:49:02.348     0     0 D [1 T650   ..] cnss: Get IRQ number 101 for vector index 0
01-06 02:49:02.348     0     0 I [7 T650   ..] [kworke][0x1909e9e][02: 49:02.345090] wlan: [650:I:HIF] hif_event_history_init: SRNG events history initialized for group: 8
01-06 02:49:02.348     0     0 D [7 T650   ..] cnss: Assign MSI to user: DP, num_vectors: 1, user_base_data: 1, base_vector: 0
01-06 02:49:02.348     0     0 D [7 T650   ..] cnss: Get IRQ number 101 for vector index 0
01-06 02:49:02.349     0     0 I [4 T650   ..] [kworke][0x1909f31][02: 49:02.345237] wlan: [650:I:HIF] hif_event_history_init: SRNG events history initialized for group: 9
01-06 02:49:02.349     0     0 D [4 T650   ..] cnss: Assign MSI to user: DP, num_vectors: 1, user_base_data: 1, base_vector: 0
01-06 02:49:02.349     0     0 D [4 T650   ..] cnss: Get IRQ number 101 for vector index 0
01-06 02:49:02.349     0     0 I [7 T650   ..] [kworke][0x1909fae][02: 49:02.345362] wlan: [650:I:HIF] hif_event_history_init: SRNG events history initialized for group: 10
01-06 02:49:02.349     0     0 D [7 T650   ..] cnss: Assign MSI to user: DP, num_vectors: 1, user_base_data: 1, base_vector: 0
01-06 02:49:02.349     0     0 D [7 T650   ..] cnss: Get IRQ number 101 for vector index 0
01-06 02:49:02.349     0     0 I [4 T650   ..] [kworke][0x190a0bb][02: 49:02.345631] wlan: [650:I:HIF] hif_event_history_init: SRNG events history initialized for group: 11
01-06 02:49:02.349     0     0 D [4 T650   ..] cnss: Assign MSI to user: DP, num_vectors: 1, user_base_data: 1, base_vector: 0
01-06 02:49:02.349     0     0 D [4 T650   ..] cnss: Get IRQ number 101 for vector index 0
01-06 02:49:02.349     0     0 I [5 T650   ..] [kworke][0x190a168][02: 49:02.345804] wlan: [650:I:HIF] hif_event_history_init: SRNG events history initialized for group: 12
01-06 02:49:02.349     0     0 D [5 T650   ..] cnss: Assign MSI to user: DP, num_vectors: 1, user_base_data: 1, base_vector: 0
01-06 02:49:02.349     0     0 D [5 T650   ..] cnss: Get IRQ number 101 for vector index 0
01-06 02:49:02.349     0     0 I [6 T650   ..] [kworke][0x190a225][02: 49:02.345993] wlan: [650:I:HIF] hif_event_history_init: SRNG events history initialized for group: 13
01-06 02:49:02.349     0     0 D [6 T650   ..] cnss: Assign MSI to user: DP, num_vectors: 1, user_base_data: 1, base_vector: 0
01-06 02:49:02.349     0     0 D [6 T650   ..] cnss: Get IRQ number 101 for vector index 0
01-06 02:49:02.363   944  1197 E HDMI    : [1]:Failed to send <Get Menu Language> 30:91 with errorCode=1
01-06 02:49:02.369     0     0 I [7 T650   ..] [kworke][0x190f05a][02: 49:02.366014] wlan: [650:I:HIF] hif_event_history_init: SRNG events history initialized for group: 14
01-06 02:49:02.369     0     0 D [7 T650   ..] cnss: Assign MSI to user: DP, num_vectors: 1, user_base_data: 1, base_vector: 0
01-06 02:49:02.369     0     0 D [7 T650   ..] cnss: Get IRQ number 101 for vector index 0
01-06 02:49:02.370     0     0 I [3 T650   ..] [kworke][0x190f240][02: 49:02.366501] wlan: [650:I:HIF] hif_event_history_init: SRNG events history initialized for group: 15
01-06 02:49:02.370     0     0 D [3 T650   ..] cnss: Assign MSI to user: DP, num_vectors: 1, user_base_data: 1, base_vector: 0
01-06 02:49:02.370     0     0 D [3 T650   ..] cnss: Get IRQ number 101 for vector index 0
01-06 02:49:02.390     0     0 I [2 T650   ..] [kworke][0x1913f2f][02: 49:02.386195] wlan: [650:I:HIF] hif_event_history_init: SRNG events history initialized for group: 16
01-06 02:49:02.390     0     0 D [2 T650   ..] cnss: Assign MSI to user: DP, num_vectors: 1, user_base_data: 1, base_vector: 0
01-06 02:49:02.390     0     0 D [2 T650   ..] cnss: Get IRQ number 101 for vector index 0
01-06 02:49:02.390     0     0 I [1 T650   ..] [kworke][0x1914042][02: 49:02.386471] wlan: [650:I:HIF] hif_event_history_init: SRNG events history initialized for group: 17
01-06 02:49:02.394   944  1099 D CompatibilityChangeReporter: Compat change id reported: 161145287; UID 1002; state: DISABLED
01-06 02:49:02.397  1234  1234 V SystemUIBootTiming: StartServices com.android.systemui.accessibility.WindowMagnification took to complete: 184ms
01-06 02:49:02.397  1234  1234 V SystemUIBootTiming: StartServices com.android.systemui.broadcast.BroadcastDispatcherStartable took to complete: 0ms
01-06 02:49:02.406     0     0 E [3 T650   ..] [kworke][0x191807e][02: 49:02.402914] wlan: [650:E:HIF] hif_pci_ce_irq_set_affinity_hint: Unable to set cpu mask for offline CPU 0
01-06 02:49:02.409     0     0 I [5 T8     ..] [kworke][0x1918bd4][02: 49:02.405816] wlan: [8:I:WMA] wma_rx_service_ready_event: Firmware build version : 110effff
01-06 02:49:02.409     0     0 I [5 T8     ..] [kworke][0x1918bf3][02: 49:02.405847] wlan: [8:I:WMA] wma_rx_service_ready_event: Board id: 0, Board version: 8 0 0 4 1
01-06 02:49:02.406   528   528 E android.hardware.wifi@1.0-service.droidlogic: driver not ok ,wait
01-06 02:49:02.413  1234  1234 V SystemUIBootTiming: StartServices com.android.systemui.flags.FeatureFlagsDebugStartable took to complete: 16ms
01-06 02:49:02.414     0     0 E [5 T8     ..] [kworke][0x1919e1a][02: 49:02.410494] wlan: [8:E:WMA] wma_update_supported_bands: wrong supported band
01-06 02:49:02.415     0     0 E [5 T8     ..] [kworke][0x191a135][02: 49:02.411289] wlan: [8:E:WMA] wma_update_supported_bands: wrong supported band
01-06 02:49:02.416     0     0 I [5 T8     ..] [kworke][0x191a6ed][02: 49:02.412753] wlan: [8:I:POLICY_MGR] policy_mgr_modify_sbs_freq: Invalid SBS range with all 5Ghz shared
01-06 02:49:02.416     0     0 I [5 T8     ..] [kworke][0x191a7bf][02: 49:02.412963] wlan: [8:I:WMI] extract_hw_bdf_status: BDF VER is 0, FW and BDF ver check skipped
01-06 02:49:02.417     0     0 W [5 T8     ..] resource_cfg->flag1: 0xc0080600, resource_cfg->flags2: 0x140d0
01-06 02:49:02.417     0     0 W         : [5 T8     ..] Disable PCIE_GET_Switch, resource_cfg->flag1: 0x40080600, resource_cfg->flags2: 0x140d0
01-06 02:49:02.416   944   976 I DropBoxManagerService: add tag=system_server_wtf isTagEnabled=true flags=0x2
01-06 02:49:02.424  1342  1342 W ActivityThread: Failed to find provider info for bluetooth_legacy.provider (user not unlocked)
01-06 02:49:02.427  1234  1234 V SystemUIBootTiming: StartServices com.android.systemui.globalactions.GlobalActionsComponent took to complete: 14ms
01-06 02:49:02.428  1234  1234 V SystemUIBootTiming: StartServices com.android.systemui.keyboard.KeyboardUI took to complete: 1ms
01-06 02:49:02.437     0     0 I [0 T770   ..] [snd-soc]: drc high cut scale set to 0%
01-06 02:49:02.438     0     0 I [7 T770   ..] [snd-soc]: drc low boost scale set to 0%
01-06 02:49:02.439     0     0 I [7 T770   ..] [snd-soc]: drc mode set to RF
01-06 02:49:02.515     0     0 E [7 T8     ..] [kworke][0x1932994][02: 49:02.511736] wlan: [8:E:QDF] ready_extract_init_status_tlv: ready_extract_init_status_tlv:0
01-06 02:49:02.518     0     0 E [7 T8     ..] [kworke][0x19335db][02: 49:02.514880] wlan: [8:E:REGULATORY] reg_init_indoor_channel_list: reg pdev priv obj is NULL
01-06 02:49:02.519     0     0 I [7 T8     ..] [kworke][0x1933a9f][02: 49:02.516099] wlan: [8:I:dfs] WLAN_DEBUG_DFS_ALWAYS : wlan_dfs_pdev_obj_create_notification: dfs_offload 1
01-06 02:49:02.519     0     0 I [7 T8     ..] [kworke][0x1933abc][02: 49:02.516128] wlan: [8:I:dfs] WLAN_DEBUG_DFS_ALWAYS : wlan_dfs_pdev_obj_create_notification: dfs_bangradar_320_support 0
01-06 02:49:02.519     0     0 I [7 T8     ..] [kworke][0x1933ad9][02: 49:02.516157] wlan: [8:I:SPECTRAL] null_get_capability: SPECTRAL : get_capability not registered
01-06 02:49:02.519     0     0 I         : [7 T8     ..]
01-06 02:49:02.519     0     0 I [7 T8     ..] [kworke][0x1933ae1][02: 49:02.516165] wlan: [8:I:SPECTRAL] target_if_pdev_spectral_init: HAL_CAP_PHYDIAG : Capable
01-06 02:49:02.519     0     0 I [7 T8     ..] [kworke][0x1933ae9][02: 49:02.516173] wlan: [8:I:SPECTRAL] null_get_capability: SPECTRAL : get_capability not registered
01-06 02:49:02.519     0     0 I         : [7 T8     ..]
01-06 02:49:02.519     0     0 I [7 T8     ..] [kworke][0x1933af1][02: 49:02.516181] wlan: [8:I:SPECTRAL] target_if_pdev_spectral_init: HAL_CAP_RADAR   : Capable
01-06 02:49:02.519     0     0 I [7 T8     ..] [kworke][0x1933af8][02: 49:02.516188] wlan: [8:I:SPECTRAL] null_get_capability: SPECTRAL : get_capability not registered
01-06 02:49:02.519     0     0 I         : [7 T8     ..]
01-06 02:49:02.519     0     0 I [7 T8     ..] [kworke][0x1933b00][02: 49:02.516196] wlan: [8:I:SPECTRAL] target_if_pdev_spectral_init: HAL_CAP_SPECTRAL_SCAN : Capable
01-06 02:49:02.520     0     0 I [7 T8     ..] [kworke][0x1933b09][02: 49:02.516205] wlan: [8:I:SPECTRAL] null_get_tsf64: SPECTRAL : get_tsf64 not registered
01-06 02:49:02.520     0     0 I         : [7 T8     ..]
01-06 02:49:02.520     0     0 I [7 T8     ..] [kworke][0x1933b34][02: 49:02.516248] wlan: [8:I:GREEN_AP] wlan_green_ap_pdev_obj_create_notification: Green AP creation successful, green ap ctx: 0000000000000000, pdev: 0000000000000000
01-06 02:49:02.524     0     0 I [5 T8     ..] [kworke][0x1934b7d][02: 49:02.520417] wlan: [8:I:HAL] hal_srng_update_high_wm_thresholds: ring_id: 193, wm_thresh- <50:0, 50-60:24, 60-70:28, 70-80:33, 80-90:38, 90-100:43
01-06 02:49:02.526     0     0 I [7 T8     ..] [kworke][0x19355ac][02: 49:02.523024] wlan: [8:I:HAL] hal_srng_update_high_wm_thresholds: ring_id: 206, wm_thresh- <50:0, 50-60:24, 60-70:28, 70-80:33, 80-90:38, 90-100:43
01-06 02:49:02.527     0     0 E [7 T8     ..] [kworke][0x19357a5][02: 49:02.523529] wlan: [8:E:CFR] cfr_streamfs_init: Directory create failed
01-06 02:49:02.528     0     0 E [7 T8     ..] [kworke][0x1935a5c][02: 49:02.524224] wlan: [8:E:CFR] wlan_cfr_pdev_open: cfr_streamfs_init failed with 16
01-06 02:49:02.528     0     0 E         : [7 T8     ..]
01-06 02:49:02.529     0     0 I [7 T8     ..] [kworke][0x19361f1][02: 49:02.526165] wlan: [8:I:REGULATORY] reg_set_band: same band 7
01-06 02:49:02.529     0     0 I [7 T8     ..] [kworke][0x1936208][02: 49:02.526188] wlan: [8:I:HDD] hdd_intersect_igmp_offload_setting: fw cap to handle igmp 1 igmp_offload_enable ini 0
01-06 02:49:02.530     0     0 I [7 T8     ..] [kworke][0x193635e][02: 49:02.526530] wlan: [8:I:GREEN_AP] target_if_green_ap_register_egap_event_handler: Set the Enhance Green AP event handler
01-06 02:49:02.530     0     0 I [5 T650   ..] [kworke][0x19363df][02: 49:02.526660] wlan: [650:I:WMA] wma_wait_for_ready_event: FW ready event received
01-06 02:49:02.531     0     0 I [7 T650   ..] [kworke][0x193664b][02: 49:02.527279] wlan: [650:I:HAL] hal_srng_update_high_wm_thresholds: ring_id: 192, wm_thresh- <50:0, 50-60:64, 60-70:76, 70-80:89, 80-90:102, 90-100:115
01-06 02:49:02.532     0     0 I [6 T650   ..] [kworke][0x1936d2b][02: 49:02.529039] wlan: [650:I:HAL] hal_srng_update_high_wm_thresholds: ring_id: 205, wm_thresh- <50:0, 50-60:64, 60-70:76, 70-80:89, 80-90:102, 90-100:115
01-06 02:49:02.534     0     0 E [6 T650   ..] [kworke][0x19373d7][02: 49:02.530747] wlan: [650:E:DP] dp_rxdma_ring_config: pdev_id 0 max_mac_rings 2
01-06 02:49:02.535     0     0 E [6 T650   ..] [kworke][0x19376d6][02: 49:02.531514] wlan: [650:E:TXRX] dp_rxdma_ring_config: mac_id 0
01-06 02:49:02.536     0     0 E [6 T650   ..] [kworke][0x1937c8e][02: 49:02.532978] wlan: [650:E:TXRX] dp_rxdma_ring_config: mac_id 1
01-06 02:49:02.538     0     0 I [6 T650   ..] [kworke][0x193835b][02: 49:02.534719] wlan: [650:I:HAL] hal_reo_set_err_dst_remap_kiwi: HWIO_REO_R0_ERROR_DESTINATION_MAPPING_IX_0 0x0
01-06 02:49:02.538     0     0 I [6 T650   ..] [kworke][0x1938383][02: 49:02.534759] wlan: [650:I:HAL] hal_reo_set_err_dst_remap_kiwi: HWIO_REO_R0_ERROR_DESTINATION_MAPPING_IX_1 0x0
01-06 02:49:02.538     0     0 I [6 T650   ..] [kworke][0x193843e][02: 49:02.534946] wlan: [650:I:DIRECT_BUF_RX] target_if_direct_buf_rx_register_events: DBR Handler Context 1
01-06 02:49:02.539     0     0 E [6 T650   ..] [kworke][0x1938853][02: 49:02.535991] wlan: [650:E:WMI] send_action_oui_cmd_tlv: Invalid action id
01-06 02:49:02.540     0     0 E [6 T650   ..] [kworke][0x1938b2d][02: 49:02.536721] wlan: [650:E:action_oui] action_oui_send_config: Failed to send: 7
01-06 02:49:02.542     0     0 E [6 T650   ..] [kworke][0x19390fe][02: 49:02.538210] wlan: [650:E:WMI] send_action_oui_cmd_tlv: Invalid action id
01-06 02:49:02.543     0     0 E [6 T650   ..] [kworke][0x1939634][02: 49:02.539544] wlan: [650:E:action_oui] action_oui_send_config: Failed to send: 8
01-06 02:49:02.546     0     0 E [7 T1430  ..] [schedu][0x193a219][02: 49:02.542589] wlan: [1430:E:REGULATORY] reg_fill_chan320mhz_seg0_center: Cannot find 160Mhz centers for freq 7075
01-06 02:49:02.547     0     0 E [7 T1430  ..] [schedu][0x193a6a7][02: 49:02.543755] wlan: [1430:E:REGULATORY] reg_fill_chan320mhz_seg0_center: Cannot find 160Mhz centers for freq 7095
01-06 02:49:02.549     0     0 E [7 T1430  ..] [schedu][0x193adb0][02: 49:02.545556] wlan: [1430:E:REGULATORY] reg_fill_chan320mhz_seg0_center: Cannot find 160Mhz centers for freq 7115
01-06 02:49:02.557     0     0 E [7 T650   ..] [kworke][0x193cc14][02: 49:02.553335] wlan: [650:E:fwol] ucfg_fwol_send_get_thermal_stats_cmd: Command Disabled in Ini gThermalStatsTempOffset 5 or not enabled in FW 0
01-06 02:49:02.558     0     0 E [7 T650   ..] [kworke][0x193d269][02: 49:02.554957] wlan: [650:E:OSIF] os_if_fwol_get_thermal_stats_req: Failed to send get thermal stats cmd to FW, 4
01-06 02:49:02.560     0     0 D [7 T650   ..] cnss: Cooling device ID not found: 1
01-06 02:49:02.560     0     0 D [7 T650   ..] cnss: Cooling device ID not found: 2
01-06 02:49:02.561     0     0 I [7 T650   ..] [kworke][0x193dded][02: 49:02.557905] wlan: [650:I:HDD] hdd_initialize_mac_address: using default MAC address
01-06 02:49:02.590     0     0 E [7 T650   ..] debugfs: Directory 'null' with parent '/' already present!
01-06 02:49:02.590     0     0 I [7 T650   ..] [kworke][0x1944fc0][02: 49:02.587044] wlan: [650:I:HDD] hdd_psoc_idle_timer_start: psoc idle timer is disabled
01-06 02:49:02.591     0     0 E [7 T650   ..] cnss: Failed to get cooling device node
01-06 02:49:02.591     0     0 E [7 T650   ..] cnss: Failed to get cooling device node
01-06 02:49:02.607   528   528 E android.hardware.wifi@1.0-service.droidlogic: driver not ok ,wait
01-06 02:49:02.607   528   528 E android.hardware.wifi@1.0-service.droidlogic: driver loaded
01-06 02:49:02.623   528   528 I android.hardware.wifi@1.0-service.droidlogic: Wifi HAL started
01-06 02:49:02.642  1234  1234 V SystemUIBootTiming: StartServices com.android.systemui.keyguard.domain.interactor.KeyguardTransitionCoreStartable took to complete: 214ms
01-06 02:49:02.646  1234  1234 V SystemUIBootTiming: StartServices com.android.systemui.media.RingtonePlayer took to complete: 4ms
01-06 02:49:02.650  1234  1234 V SystemUIBootTiming: StartServices com.android.systemui.media.systemsounds.HomeSoundEffectController took to complete: 3ms
01-06 02:49:02.653  1234  1234 V SystemUIBootTiming: StartServices com.android.systemui.motiontool.MotionToolStartable took to complete: 3ms
01-06 02:49:02.654   528   528 W android.hardware.wifi@1.0-service.droidlogic: No active wlan interfaces in use! Using default
01-06 02:49:02.654   528   528 E android.hardware.wifi@1.0-service.droidlogic: Unknown iface name: wlan0
01-06 02:49:02.654   528   528 E android.hardware.wifi@1.0-service.droidlogic: Unknown iface name: wlan0
01-06 02:49:02.686   528   528 W android.hardware.wifi@1.0-service.droidlogic: No active wlan interfaces in use! Using default
01-06 02:49:02.686   528   528 E android.hardware.wifi@1.0-service.droidlogic: Unknown iface name: wlan0
01-06 02:49:02.686   528   528 E android.hardware.wifi@1.0-service.droidlogic: Unknown iface name: wlan0
01-06 02:49:02.689   528   528 W android.hardware.wifi@1.0-service.droidlogic: No active wlan interfaces in use! Using default
01-06 02:49:02.690   528   528 E android.hardware.wifi@1.0-service.droidlogic: Unknown iface name: wlan0
01-06 02:49:02.690   528   528 E android.hardware.wifi@1.0-service.droidlogic: Unknown iface name: wlan0
01-06 02:49:02.697     0     0 I [2 T528   ..] [wifi@1][0x195ee71][02: 49:02.693205] wlan: [528:I:DP] 00000000: eb da ac d8 9b d5 7b df da d3 4d 97 6f 8a 19 f4
01-06 02:49:02.697     0     0 I [2 T528   ..] [wifi@1][0x195ee82][02: 49:02.693222] wlan: [528:I:DP] 00000010: 07 98 7a f0
01-06 02:49:02.697     0     0 I [2 T528   ..] [wifi@1][0x195ee89][02: 49:02.693229] wlan: [528:I:DP] 00000000: d3 8c d8 d8 d8 f4 4f cb 54 6b 38 e2 a0 d2 df 12
01-06 02:49:02.697     0     0 I [2 T528   ..] [wifi@1][0x195ee8e][02: 49:02.693234] wlan: [528:I:DP] 00000010: 3e 6f 8d 4c 16 31 d1 51 be 70 20 c0 d5 f7 56 4c
01-06 02:49:02.697     0     0 I [2 T528   ..] [wifi@1][0x195ee93][02: 49:02.693239] wlan: [528:I:DP] 00000020: fb 41 96 d7 10 1f 3f a7 82 96 cf 4d
01-06 02:49:02.697     0     0 E [2 T528   ..] [wifi@1][0x195f11f][02: 49:02.693891] wlan: [528:E:MLO_MGR] mlo_mgr_ml_peer_exist_on_diff_ml_ctx: MLD ID 0 exists with mac 00:03:7f:12:78:9c
01-06 02:49:02.700     0     0 E [2 T528   ..] [wifi@1][0x195fda6][02: 49:02.697098] wlan: [528:E:HDD] hdd_sysfs_bmiss_create: could not create bmiss sysfs file
01-06 02:49:02.717   528   528 I android.hardware.wifi@1.0-service.droidlogic: Adding interface handle for wifi-aware0
01-06 02:49:02.717   528   528 I android.hardware.wifi@1.0-service.droidlogic: Adding interface handle for p2p0
01-06 02:49:02.718   528   528 I android.hardware.wifi@1.0-service.droidlogic: Adding interface handle for wlan0
01-06 02:49:02.718   528   528 W android.hardware.wifi@1.0-service.droidlogic: No active wlan interfaces in use! Using default
01-06 02:49:02.719   528   528 W android.hardware.wifi@1.0-service.droidlogic: No active wlan interfaces in use! Using default
01-06 02:49:02.721   528   528 I android.hardware.wifi@1.0-service.droidlogic: Configured chip in mode 3
01-06 02:49:02.721   528   528 W android.hardware.wifi@1.0-service.droidlogic: No active wlan interfaces in use! Using default
01-06 02:49:02.723   944  1197 E HDMI    : [1]:Failed to send <Set Osd Name> 30:47 <Redacted len=8> with errorCode=1
01-06 02:49:02.723   528   528 E android.hardware.wifi@1.0-service.droidlogic: createStaIfaceInternal: ifname=wlan0
01-06 02:49:02.724   528   528 I android.hardware.wifi@1.0-service.droidlogic: Adding interface handle for wifi-aware0
01-06 02:49:02.724   528   528 I android.hardware.wifi@1.0-service.droidlogic: Adding interface handle for p2p0
01-06 02:49:02.724   528   528 I android.hardware.wifi@1.0-service.droidlogic: Adding interface handle for wlan0
01-06 02:49:02.734  1234  1234 V SystemUIBootTiming: StartServices com.android.systemui.power.PowerUI took to complete: 79ms
01-06 02:49:02.742   611   611 I wificond: createClientInterface: wiphy_index 0 iface_name wlan0
01-06 02:49:02.744   611   611 I wificond: create scanner for interface with index: 16
01-06 02:49:02.744   611   611 I wificond: subscribe scan result for interface with index: 16
01-06 02:49:02.748   611   611 I wificond: add channel type 0 support at wiphy index: 0
01-06 02:49:02.748   611   611 I wificond: add channel type 1 support at wiphy index: 0
01-06 02:49:02.748   611   611 I wificond: add channel type 3 support at wiphy index: 0
01-06 02:49:02.774  1234  1234 V SystemUIBootTiming: StartServices com.android.systemui.privacy.television.TvOngoingPrivacyChip took to complete: 40ms
01-06 02:49:02.775  1234  1234 V SystemUIBootTiming: StartServices com.android.systemui.settings.UserFileManagerImpl took to complete: 1ms
01-06 02:49:02.784  1234  1234 V SystemUIBootTiming: StartServices com.android.systemui.shortcut.ShortcutKeyDispatcher took to complete: 9ms
01-06 02:49:02.785  1367  1592 I AudioSystemCmdService: onAudioPortListUpdate ++++
01-06 02:49:02.787   944  1178 I AS.AudioDeviceInventory: sendDeviceConnectionIntent(dev:0x400 state:0x1 address: name:);
01-06 02:49:02.793     0     0 I [4 T121   ..] binder: undelivered transaction 33306, process died.
01-06 02:49:02.793     0     0 I [4 T121   ..] binder: undelivered transaction 33259, process died.
01-06 02:49:02.791  1234  1234 V SystemUIBootTiming: StartServices com.android.systemui.statusbar.notification.InstantAppNotifier took to complete: 7ms
