01-06 02:49:00.905   944   944 V SystemServerTiming: ssm.onStartUser-0_com.android.server.texttospeech.TextToSpeechManagerService took to complete: 0ms
01-06 02:49:00.905   944   944 D SystemServerTiming: ssm.onStartUser-0_com.android.server.ambientcontext.AmbientContextManagerService
01-06 02:49:00.905   944   944 V SystemServerTiming: ssm.onStartUser-0_com.android.server.ambientcontext.AmbientContextManagerService took to complete: 0ms
01-06 02:49:00.905   944   944 D SystemServerTiming: ssm.onStartUser-0_com.android.server.speech.SpeechRecognitionManagerService
01-06 02:49:00.905   944   944 V SystemServerTiming: ssm.onStartUser-0_com.android.server.speech.SpeechRecognitionManagerService took to complete: 0ms
01-06 02:49:00.905   944   944 D SystemServerTiming: ssm.onStartUser-0_com.android.server.searchui.SearchUiManagerService
01-06 02:49:00.905   944   944 V SystemServerTiming: ssm.onStartUser-0_com.android.server.searchui.SearchUiManagerService took to complete: 0ms
01-06 02:49:00.905   944   944 D SystemServerTiming: ssm.onStartUser-0_com.android.server.smartspace.SmartspaceManagerService
01-06 02:49:00.905   944   944 V SystemServerTiming: ssm.onStartUser-0_com.android.server.smartspace.SmartspaceManagerService took to complete: 0ms
01-06 02:49:00.906   944   944 D SystemServerTiming: ssm.onStartUser-0_com.android.server.graphics.fonts.FontManagerService$Lifecycle
01-06 02:49:00.906   944   944 V SystemServerTiming: ssm.onStartUser-0_com.android.server.graphics.fonts.FontManagerService$Lifecycle took to complete: 0ms
01-06 02:49:00.906   944   944 D SystemServerTiming: ssm.onStartUser-0_com.android.server.textservices.TextServicesManagerService$Lifecycle
01-06 02:49:00.906   944   944 V SystemServerTiming: ssm.onStartUser-0_com.android.server.textservices.TextServicesManagerService$Lifecycle took to complete: 0ms
01-06 02:49:00.906   944   944 D SystemServerTiming: ssm.onStartUser-0_com.android.server.textclassifier.TextClassificationManagerService$Lifecycle
01-06 02:49:00.907   944   944 V SystemServerTiming: ssm.onStartUser-0_com.android.server.textclassifier.TextClassificationManagerService$Lifecycle took to complete: 1ms
01-06 02:49:00.907   944   944 D SystemServerTiming: ssm.onStartUser-0_com.android.server.NetworkScoreService$Lifecycle
01-06 02:49:00.907   944   944 V SystemServerTiming: ssm.onStartUser-0_com.android.server.NetworkScoreService$Lifecycle took to complete: 0ms
01-06 02:49:00.907   944   944 D SystemServerTiming: ssm.onStartUser-0_com.android.server.NetworkStatsServiceInitializer
01-06 02:49:00.907   944   944 V SystemServerTiming: ssm.onStartUser-0_com.android.server.NetworkStatsServiceInitializer took to complete: 0ms
01-06 02:49:00.907   944   944 D SystemServerTiming: ssm.onStartUser-0_com.android.server.wifi.WifiService
01-06 02:49:00.907   944   944 V SystemServerTiming: ssm.onStartUser-0_com.android.server.wifi.WifiService took to complete: 0ms
01-06 02:49:00.907   944   944 D SystemServerTiming: ssm.onStartUser-0_com.android.server.wifi.scanner.WifiScanningService
01-06 02:49:00.907   944   944 V SystemServerTiming: ssm.onStartUser-0_com.android.server.wifi.scanner.WifiScanningService took to complete: 0ms
01-06 02:49:00.907   944   944 D SystemServerTiming: ssm.onStartUser-0_com.android.server.wifi.p2p.WifiP2pService
01-06 02:49:00.907   944   944 V SystemServerTiming: ssm.onStartUser-0_com.android.server.wifi.p2p.WifiP2pService took to complete: 0ms
01-06 02:49:00.907   944   944 D SystemServerTiming: ssm.onStartUser-0_com.android.server.ConnectivityServiceInitializer
01-06 02:49:00.907   944   944 V SystemServerTiming: ssm.onStartUser-0_com.android.server.ConnectivityServiceInitializer took to complete: 0ms
01-06 02:49:00.907   944   944 D SystemServerTiming: ssm.onStartUser-0_com.android.server.notification.NotificationManagerService
01-06 02:49:00.908   944   944 V SystemServerTiming: ssm.onStartUser-0_com.android.server.notification.NotificationManagerService took to complete: 0ms
01-06 02:49:00.908   944   944 D SystemServerTiming: ssm.onStartUser-0_com.android.server.storage.DeviceStorageMonitorService
01-06 02:49:00.908   944   944 V SystemServerTiming: ssm.onStartUser-0_com.android.server.storage.DeviceStorageMonitorService took to complete: 0ms
01-06 02:49:00.908   944   944 D SystemServerTiming: ssm.onStartUser-0_com.android.server.location.LocationManagerService$Lifecycle
01-06 02:49:00.908   944   944 V SystemServerTiming: ssm.onStartUser-0_com.android.server.location.LocationManagerService$Lifecycle took to complete: 0ms
01-06 02:49:00.908   944   944 D SystemServerTiming: ssm.onStartUser-0_com.android.server.timedetector.TimeDetectorService$Lifecycle
01-06 02:49:00.908   944   944 V SystemServerTiming: ssm.onStartUser-0_com.android.server.timedetector.TimeDetectorService$Lifecycle took to complete: 0ms
01-06 02:49:00.908   944   944 D SystemServerTiming: ssm.onStartUser-0_com.android.server.timezonedetector.TimeZoneDetectorService$Lifecycle
01-06 02:49:00.908   944   944 V SystemServerTiming: ssm.onStartUser-0_com.android.server.timezonedetector.TimeZoneDetectorService$Lifecycle took to complete: 0ms
01-06 02:49:00.908   944   944 D SystemServerTiming: ssm.onStartUser-0_com.android.server.timezonedetector.location.LocationTimeZoneManagerService$Lifecycle
01-06 02:49:00.908   944   944 V SystemServerTiming: ssm.onStartUser-0_com.android.server.timezonedetector.location.LocationTimeZoneManagerService$Lifecycle took to complete: 0ms
01-06 02:49:00.908   944   944 D SystemServerTiming: ssm.onStartUser-0_com.android.server.search.SearchManagerService$Lifecycle
01-06 02:49:00.908   944   944 V SystemServerTiming: ssm.onStartUser-0_com.android.server.search.SearchManagerService$Lifecycle took to complete: 0ms
01-06 02:49:00.908   944   944 D SystemServerTiming: ssm.onStartUser-0_com.android.server.wallpaper.WallpaperManagerService$Lifecycle
01-06 02:49:00.909   944   944 V SystemServerTiming: ssm.onStartUser-0_com.android.server.wallpaper.WallpaperManagerService$Lifecycle took to complete: 0ms
01-06 02:49:00.909   944   944 D SystemServerTiming: ssm.onStartUser-0_com.android.server.wallpapereffectsgeneration.WallpaperEffectsGenerationManagerService
01-06 02:49:00.909   944   944 V SystemServerTiming: ssm.onStartUser-0_com.android.server.wallpapereffectsgeneration.WallpaperEffectsGenerationManagerService took to complete: 0ms
01-06 02:49:00.909   944   944 D SystemServerTiming: ssm.onStartUser-0_com.android.server.audio.AudioService$Lifecycle
01-06 02:49:00.909   944   944 V SystemServerTiming: ssm.onStartUser-0_com.android.server.audio.AudioService$Lifecycle took to complete: 0ms
01-06 02:49:00.909   944   944 D SystemServerTiming: ssm.onStartUser-0_com.android.server.soundtrigger_middleware.SoundTriggerMiddlewareService$Lifecycle
01-06 02:49:00.909   944   944 V SystemServerTiming: ssm.onStartUser-0_com.android.server.soundtrigger_middleware.SoundTriggerMiddlewareService$Lifecycle took to complete: 0ms
01-06 02:49:00.909   944   944 D SystemServerTiming: ssm.onStartUser-0_com.android.server.DockObserver
01-06 02:49:00.909   944   944 V SystemServerTiming: ssm.onStartUser-0_com.android.server.DockObserver took to complete: 0ms
01-06 02:49:00.909   944   944 D SystemServerTiming: ssm.onStartUser-0_com.android.server.adb.AdbService$Lifecycle
01-06 02:49:00.909   944   944 V SystemServerTiming: ssm.onStartUser-0_com.android.server.adb.AdbService$Lifecycle took to complete: 0ms
01-06 02:49:00.909   944   944 D SystemServerTiming: ssm.onStartUser-0_com.android.server.usb.UsbService$Lifecycle
01-06 02:49:00.909   944   944 V SystemServerTiming: ssm.onStartUser-0_com.android.server.usb.UsbService$Lifecycle took to complete: 0ms
01-06 02:49:00.909   944   944 D SystemServerTiming: ssm.onStartUser-0_com.android.server.twilight.TwilightService
01-06 02:49:00.910   944   944 V SystemServerTiming: ssm.onStartUser-0_com.android.server.twilight.TwilightService took to complete: 0ms
01-06 02:49:00.910   944   944 D SystemServerTiming: ssm.onStartUser-0_com.android.server.display.color.ColorDisplayService
01-06 02:49:00.910   944   944 V SystemServerTiming: ssm.onStartUser-0_com.android.server.display.color.ColorDisplayService took to complete: 0ms
01-06 02:49:00.910   944   944 D SystemServerTiming: ssm.onStartUser-0_com.android.server.job.JobSchedulerService
01-06 02:49:00.910   944   944 V SystemServerTiming: ssm.onStartUser-0_com.android.server.job.JobSchedulerService took to complete: 0ms
01-06 02:49:00.910   944   944 D SystemServerTiming: ssm.onStartUser-0_com.android.server.soundtrigger.SoundTriggerService
01-06 02:49:00.910   944   944 V SystemServerTiming: ssm.onStartUser-0_com.android.server.soundtrigger.SoundTriggerService took to complete: 0ms
01-06 02:49:00.910   944   944 D SystemServerTiming: ssm.onStartUser-0_com.android.server.trust.TrustManagerService
01-06 02:49:00.910   944   944 V SystemServerTiming: ssm.onStartUser-0_com.android.server.trust.TrustManagerService took to complete: 0ms
01-06 02:49:00.910   944   944 D SystemServerTiming: ssm.onStartUser-0_com.android.server.backup.BackupManagerService$Lifecycle
01-06 02:49:00.910   944   944 V SystemServerTiming: ssm.onStartUser-0_com.android.server.backup.BackupManagerService$Lifecycle took to complete: 0ms
01-06 02:49:00.910   944   944 D SystemServerTiming: ssm.onStartUser-0_com.android.server.appwidget.AppWidgetService
01-06 02:49:00.910   944   944 V SystemServerTiming: ssm.onStartUser-0_com.android.server.appwidget.AppWidgetService took to complete: 0ms
01-06 02:49:00.910   944   944 D SystemServerTiming: ssm.onStartUser-0_com.android.server.voiceinteraction.VoiceInteractionManagerService
01-06 02:49:00.913   944   944 W VoiceInteractionManager: no available voice recognition services found for user 0
01-06 02:49:00.913   944   944 V SystemServerTiming: ssm.onStartUser-0_com.android.server.voiceinteraction.VoiceInteractionManagerService took to complete: 3ms
01-06 02:49:00.913   944   944 D SystemServerTiming: ssm.onStartUser-0_com.android.server.apphibernation.AppHibernationService
01-06 02:49:00.913   944   944 V SystemServerTiming: ssm.onStartUser-0_com.android.server.apphibernation.AppHibernationService took to complete: 0ms
01-06 02:49:00.913   944   944 D SystemServerTiming: ssm.onStartUser-0_com.android.server.GestureLauncherService
01-06 02:49:00.913   944   944 V SystemServerTiming: ssm.onStartUser-0_com.android.server.GestureLauncherService took to complete: 0ms
01-06 02:49:00.913   944   944 D SystemServerTiming: ssm.onStartUser-0_com.android.server.SensorNotificationService
01-06 02:49:00.913   944   944 V SystemServerTiming: ssm.onStartUser-0_com.android.server.SensorNotificationService took to complete: 0ms
01-06 02:49:00.913   944   944 D SystemServerTiming: ssm.onStartUser-0_com.android.server.emergency.EmergencyAffordanceService
01-06 02:49:00.913   944   944 V SystemServerTiming: ssm.onStartUser-0_com.android.server.emergency.EmergencyAffordanceService took to complete: 0ms
01-06 02:49:00.913   944   944 D SystemServerTiming: ssm.onStartUser-0_com.android.server.blob.BlobStoreManagerService
01-06 02:49:00.913   944   944 V SystemServerTiming: ssm.onStartUser-0_com.android.server.blob.BlobStoreManagerService took to complete: 0ms
01-06 02:49:00.913   944   944 D SystemServerTiming: ssm.onStartUser-0_com.android.server.dreams.DreamManagerService
01-06 02:49:00.913   944   944 V SystemServerTiming: ssm.onStartUser-0_com.android.server.dreams.DreamManagerService took to complete: 0ms
01-06 02:49:00.913   944   944 D SystemServerTiming: ssm.onStartUser-0_com.android.server.security.AttestationVerificationManagerService
01-06 02:49:00.914   944   944 V SystemServerTiming: ssm.onStartUser-0_com.android.server.security.AttestationVerificationManagerService took to complete: 0ms
01-06 02:49:00.914   944   944 D SystemServerTiming: ssm.onStartUser-0_com.android.server.restrictions.RestrictionsManagerService
01-06 02:49:00.914   944   944 V SystemServerTiming: ssm.onStartUser-0_com.android.server.restrictions.RestrictionsManagerService took to complete: 0ms
01-06 02:49:00.915   944   944 D SystemServerTiming: ssm.onStartUser-0_com.android.server.media.MediaSessionService
01-06 02:49:00.915   944   944 V SystemServerTiming: ssm.onStartUser-0_com.android.server.media.MediaSessionService took to complete: 0ms
01-06 02:49:00.915   944   944 D SystemServerTiming: ssm.onStartUser-0_com.android.server.hdmi.HdmiControlService
01-06 02:49:00.915   944   944 V SystemServerTiming: ssm.onStartUser-0_com.android.server.hdmi.HdmiControlService took to complete: 0ms
01-06 02:49:00.915   944   944 D SystemServerTiming: ssm.onStartUser-0_com.android.server.tv.interactive.TvInteractiveAppManagerService
01-06 02:49:00.915   944   944 V SystemServerTiming: ssm.onStartUser-0_com.android.server.tv.interactive.TvInteractiveAppManagerService took to complete: 0ms
01-06 02:49:00.915   944   944 D SystemServerTiming: ssm.onStartUser-0_com.android.server.tv.TvInputManagerService
01-06 02:49:00.915   944   944 V SystemServerTiming: ssm.onStartUser-0_com.android.server.tv.TvInputManagerService took to complete: 0ms
01-06 02:49:00.915   944   944 D SystemServerTiming: ssm.onStartUser-0_com.android.server.tv.TvRemoteService
01-06 02:49:00.915   944   944 V SystemServerTiming: ssm.onStartUser-0_com.android.server.tv.TvRemoteService took to complete: 0ms
01-06 02:49:00.915   944   944 D SystemServerTiming: ssm.onStartUser-0_com.android.server.biometrics.BiometricService
01-06 02:49:00.915   944   944 V SystemServerTiming: ssm.onStartUser-0_com.android.server.biometrics.BiometricService took to complete: 0ms
01-06 02:49:00.916   944   944 D SystemServerTiming: ssm.onStartUser-0_com.android.server.biometrics.AuthService
01-06 02:49:00.916   944   944 V SystemServerTiming: ssm.onStartUser-0_com.android.server.biometrics.AuthService took to complete: 0ms
01-06 02:49:00.916   944   944 D SystemServerTiming: ssm.onStartUser-0_com.android.server.pm.ShortcutService$Lifecycle
01-06 02:49:00.916   944   944 V SystemServerTiming: ssm.onStartUser-0_com.android.server.pm.ShortcutService$Lifecycle took to complete: 0ms
01-06 02:49:00.916   944   944 D SystemServerTiming: ssm.onStartUser-0_com.android.server.pm.LauncherAppsService
01-06 02:49:00.916   944   944 V SystemServerTiming: ssm.onStartUser-0_com.android.server.pm.LauncherAppsService took to complete: 0ms
01-06 02:49:00.916   944   944 D SystemServerTiming: ssm.onStartUser-0_com.android.server.pm.CrossProfileAppsService
01-06 02:49:00.916   944   944 V SystemServerTiming: ssm.onStartUser-0_com.android.server.pm.CrossProfileAppsService took to complete: 0ms
01-06 02:49:00.916   944   944 D SystemServerTiming: ssm.onStartUser-0_com.android.server.people.PeopleService
01-06 02:49:00.916   944   944 V SystemServerTiming: ssm.onStartUser-0_com.android.server.people.PeopleService took to complete: 0ms
01-06 02:49:00.916   944   944 D SystemServerTiming: ssm.onStartUser-0_com.android.server.media.metrics.MediaMetricsManagerService
01-06 02:49:00.916   944   944 V SystemServerTiming: ssm.onStartUser-0_com.android.server.media.metrics.MediaMetricsManagerService took to complete: 0ms
01-06 02:49:00.916   944   944 D SystemServerTiming: ssm.onStartUser-0_com.android.server.media.projection.MediaProjectionManagerService
01-06 02:49:00.916   944   944 V SystemServerTiming: ssm.onStartUser-0_com.android.server.media.projection.MediaProjectionManagerService took to complete: 0ms
01-06 02:49:00.917   944   944 D SystemServerTiming: ssm.onStartUser-0_com.android.server.slice.SliceManagerService$Lifecycle
01-06 02:49:00.917   944   944 V SystemServerTiming: ssm.onStartUser-0_com.android.server.slice.SliceManagerService$Lifecycle took to complete: 0ms
01-06 02:49:00.918   944   944 D SystemServerTiming: ssm.onStartUser-0_com.android.server.stats.StatsCompanion$Lifecycle
01-06 02:49:00.918   944   944 V SystemServerTiming: ssm.onStartUser-0_com.android.server.stats.StatsCompanion$Lifecycle took to complete: 0ms
01-06 02:49:00.918   944   944 D SystemServerTiming: ssm.onStartUser-0_com.android.server.scheduling.RebootReadinessManagerService$Lifecycle
01-06 02:49:00.918   944   944 V SystemServerTiming: ssm.onStartUser-0_com.android.server.scheduling.RebootReadinessManagerService$Lifecycle took to complete: 0ms
01-06 02:49:00.918   944   944 D SystemServerTiming: ssm.onStartUser-0_com.android.server.stats.pull.StatsPullAtomService
01-06 02:49:00.918   944   944 V SystemServerTiming: ssm.onStartUser-0_com.android.server.stats.pull.StatsPullAtomService took to complete: 0ms
01-06 02:49:00.918   944   944 D SystemServerTiming: ssm.onStartUser-0_com.android.server.stats.bootstrap.StatsBootstrapAtomService$Lifecycle
01-06 02:49:00.918   944   944 V SystemServerTiming: ssm.onStartUser-0_com.android.server.stats.bootstrap.StatsBootstrapAtomService$Lifecycle took to complete: 0ms
01-06 02:49:00.918   944   944 D SystemServerTiming: ssm.onStartUser-0_com.android.server.incident.IncidentCompanionService
01-06 02:49:00.918   944   944 V SystemServerTiming: ssm.onStartUser-0_com.android.server.incident.IncidentCompanionService took to complete: 0ms
01-06 02:49:00.918   944   944 D SystemServerTiming: ssm.onStartUser-0_com.android.server.sdksandbox.SdkSandboxManagerService$Lifecycle
01-06 02:49:00.918   944   944 V SystemServerTiming: ssm.onStartUser-0_com.android.server.sdksandbox.SdkSandboxManagerService$Lifecycle took to complete: 0ms
01-06 02:49:00.918   944   944 D SystemServerTiming: ssm.onStartUser-0_com.android.server.adservices.AdServicesManagerService$Lifecycle
01-06 02:49:00.918   944   944 V SystemServerTiming: ssm.onStartUser-0_com.android.server.adservices.AdServicesManagerService$Lifecycle took to complete: 0ms
01-06 02:49:00.918   944   944 D SystemServerTiming: ssm.onStartUser-0_com.android.server.autofill.AutofillManagerService
01-06 02:49:00.918   944   944 V SystemServerTiming: ssm.onStartUser-0_com.android.server.autofill.AutofillManagerService took to complete: 0ms
01-06 02:49:00.918   944   944 D SystemServerTiming: ssm.onStartUser-0_com.android.server.clipboard.ClipboardService
01-06 02:49:00.918   944   944 V SystemServerTiming: ssm.onStartUser-0_com.android.server.clipboard.ClipboardService took to complete: 0ms
01-06 02:49:00.918   944   944 D SystemServerTiming: ssm.onStartUser-0_com.android.server.appbinding.AppBindingService$Lifecycle
01-06 02:49:00.918   944   944 W AppBindingService: [Default SMS app] u0 Target package not found
01-06 02:49:00.918   944   944 V SystemServerTiming: ssm.onStartUser-0_com.android.server.appbinding.AppBindingService$Lifecycle took to complete: 0ms
01-06 02:49:00.919   944   944 D SystemServerTiming: ssm.onStartUser-0_com.android.server.tracing.TracingServiceProxy
01-06 02:49:00.920   944   944 V SystemServerTiming: ssm.onStartUser-0_com.android.server.tracing.TracingServiceProxy took to complete: 0ms
01-06 02:49:00.920   944   944 D SystemServerTiming: ssm.onStartUser-0_com.android.server.policy.PermissionPolicyService
01-06 02:49:00.920   944   944 V SystemServerTiming: ssm.onStartUser-0_com.android.server.policy.PermissionPolicyService took to complete: 0ms
01-06 02:49:00.920   944   944 D SystemServerTiming: ssm.onStartUser-0_com.android.server.pm.StagingManager$Lifecycle
01-06 02:49:00.920   944   944 V SystemServerTiming: ssm.onStartUser-0_com.android.server.pm.StagingManager$Lifecycle took to complete: 0ms
01-06 02:49:00.920   944   944 D SystemServerTiming: ssm.onStartUser-0_com.android.server.app.GameManagerService$Lifecycle
01-06 02:49:00.922   944   944 V GameManagerService: Settings file doesn't exists, skip reading
01-06 02:49:00.922   944   944 V SystemServerTiming: ssm.onStartUser-0_com.android.server.app.GameManagerService$Lifecycle took to complete: 2ms
01-06 02:49:00.922   944   944 D SystemServerTiming: ssm.onStartUser-0_com.android.safetycenter.SafetyCenterService
01-06 02:49:00.922   944   944 V SystemServerTiming: ssm.onStartUser-0_com.android.safetycenter.SafetyCenterService took to complete: 0ms
01-06 02:49:00.922   944   944 D SystemServerTiming: ssm.onStartUser-0_com.android.server.appsearch.AppSearchModule$Lifecycle
01-06 02:49:00.922   944   944 V SystemServerTiming: ssm.onStartUser-0_com.android.server.appsearch.AppSearchModule$Lifecycle took to complete: 0ms
01-06 02:49:00.922   944   944 D SystemServerTiming: ssm.onStartUser-0_com.android.server.media.MediaCommunicationService
01-06 02:49:00.923   944   944 V SystemServerTiming: ssm.onStartUser-0_com.android.server.media.MediaCommunicationService took to complete: 0ms
01-06 02:49:00.923   944   944 D SystemServerTiming: ssm.onStartUser-0_com.android.server.compat.overrides.AppCompatOverridesService$Lifecycle
01-06 02:49:00.923   944   944 V SystemServerTiming: ssm.onStartUser-0_com.android.server.compat.overrides.AppCompatOverridesService$Lifecycle took to complete: 0ms
01-06 02:49:00.923   944   944 V SystemServerTiming: ssm.StartUser-0 took to complete: 84ms
01-06 02:49:00.923   944   944 D SystemServerTiming: startPersistentApps
01-06 02:49:00.926   944   944 D CompatibilityChangeReporter: Compat change id reported: 135754954; UID 1000; state: ENABLED
01-06 02:49:00.929   944   944 D CompatibilityChangeReporter: Compat change id reported: 135634846; UID 1068; state: DISABLED
01-06 02:49:00.929   944   944 V SystemServerTiming: startPersistentApps took to complete: 6ms
01-06 02:49:00.929   944   944 D SystemServerTiming: startHomeOnAllDisplays
01-06 02:49:00.929   944  1099 W StorageManagerService: No primary storage defined yet; hacking together a stub
01-06 02:49:00.930   944   944 I ActivityTaskManager: START u0 {act=android.intent.action.MAIN cat=[android.intent.category.HOME] flg=0x10000100 cmp=com.android.tv.settings/.system.FallbackHome (has extras)} from uid 0
01-06 02:49:01.003   528   528 E android.hardware.wifi@1.0-service.droidlogic: driver not ok ,wait
01-06 02:49:01.020   944   944 D CompatibilityChangeReporter: Compat change id reported: 174042980; UID 1000; state: DISABLED
01-06 02:49:01.022   944   944 D CompatibilityChangeReporter: Compat change id reported: 194480991; UID 1000; state: ENABLED
01-06 02:49:01.040   944   944 D CompatibilityChangeReporter: Compat change id reported: 197654537; UID 1000; state: ENABLED
01-06 02:49:01.044   944   944 V SystemServerTiming: startHomeOnAllDisplays took to complete: 115ms
01-06 02:49:01.045   944   944 D SystemServerTiming: showSystemReadyErrorDialogs
01-06 02:49:01.151   944   944 E Build   : Vendor interface is incompatible, error=1
01-06 02:49:01.151   944   944 E ActivityTaskManager: Build fingerprint is not consistent, warning user
01-06 02:49:01.152   944   944 V SystemServerTiming: showSystemReadyErrorDialogs took to complete: 108ms
01-06 02:49:01.152   944   944 D SystemServerTiming: sendUserStartBroadcast
01-06 02:49:01.153   944   944 V SystemServerTiming: sendUserStartBroadcast took to complete: 1ms
01-06 02:49:01.153   944   944 D SystemServerTiming: resumeTopActivities
01-06 02:49:01.154   944   944 V SystemServerTiming: resumeTopActivities took to complete: 1ms
01-06 02:49:01.154   944   944 D SystemServerTiming: sendUserSwitchBroadcasts
01-06 02:49:01.154   944   944 V SystemServerTiming: sendUserSwitchBroadcasts took to complete: 0ms
01-06 02:49:01.154   944   944 D SystemServerTiming: setBinderProxies
01-06 02:49:01.155   944   944 V SystemServerTiming: setBinderProxies took to complete: 1ms
01-06 02:49:01.155   944   944 V SystemServerTiming: ActivityManagerStartApps took to complete: 317ms
01-06 02:49:01.155   944   944 D SystemServerTiming: componentAlias
01-06 02:49:01.155   944   944 D ComponentAliasResolver: Compat listener set.
01-06 02:49:01.155   944   944 D CompatibilityChangeReporter: Compat change id reported: 196254758; UID 1000; state: DISABLED
01-06 02:49:01.155   944   944 V SystemServerTiming: componentAlias took to complete: 0ms
01-06 02:49:01.156   944   944 V SystemServerTiming: PhaseActivityManagerReady took to complete: 926ms
01-06 02:49:01.156   944   944 D SystemServerTiming: StartSystemUI
01-06 02:49:01.160  1234  1234 V WindowManagerShell: Adding init callback for DisplayChangeController
01-06 02:49:01.160  1234  1234 V WindowManagerShell: Adding init callback for DisplayController
01-06 02:49:01.161  1234  1234 V WindowManagerShell: Adding init callback for DisplayInsetsController
01-06 02:49:01.164   944   944 W ActivityManager: Unable to start service Intent { flg=0x100 cmp=com.android.systemui/.keyguard.KeyguardService } U=0: not found
01-06 02:49:01.164  1234  1234 V WindowManagerShell: Adding init callback for DisplayImeController
01-06 02:49:01.164   944   944 V SystemServerTiming: StartSystemUI took to complete: 8ms
01-06 02:49:01.164   944   944 V SystemServerTiming: startOtherServices took to complete: 3464ms
01-06 02:49:01.164   944   944 D SystemServerTiming: startApexServices
01-06 02:49:01.164   944   944 D SystemServerTiming: starting com.android.server.scheduling.RebootReadinessManagerService$Lifecycle
01-06 02:49:01.164   944   944 I SystemServiceManager: Starting com.android.server.scheduling.RebootReadinessManagerService$Lifecycle
01-06 02:49:01.164   944   944 I SystemServiceManager: Not starting an already started service com.android.server.scheduling.RebootReadinessManagerService$Lifecycle
01-06 02:49:01.164   944   944 V SystemServerTiming: starting com.android.server.scheduling.RebootReadinessManagerService$Lifecycle took to complete: 0ms
01-06 02:49:01.164   944   944 V SystemServerTiming: startApexServices took to complete: 0ms
01-06 02:49:01.164   944   944 V SystemServerTiming: StartServices took to complete: 6461ms
01-06 02:49:01.166  1234  1234 V WindowManagerShell: Adding init callback for ShellController
01-06 02:49:01.169   944   944 W Looper  : Slow delivery took 6019ms main h=android.app.PropertyInvalidatedCache$AutoCorker$1 c=null m=0
01-06 02:49:01.169  1234  1234 V WindowManagerShell: Adding init callback for DragAndDropController
01-06 02:49:01.172  1234  1234 V WindowManagerShell: Adding init callback for CompatUIController
01-06 02:49:01.177   944   975 D CountryDetector: Using custom country detector class: com.android.server.location.ComprehensiveCountryDetector
01-06 02:49:01.177   944   975 E CountryDetector: Could not instantiate the custom country detector class
01-06 02:49:01.177   944   975 D CountryDetector: Using default country detector
01-06 02:49:01.193   944   944 D ConditionProviders.SCP: onConnected
01-06 02:49:01.196   944   944 D ConditionProviders: Subscribing to condition://android/event?userId=-10000&calendar=&reply=1 with ComponentInfo{android/com.android.server.notification.EventConditionProvider}
01-06 02:49:01.196   944   944 D ConditionProviders: Subscribing to condition://android/schedule?days=1.2.3.4.5.6.7&start=22.0&end=7.0&exitAtAlarm=true with ComponentInfo{android/com.android.server.notification.ScheduleConditionProvider}
01-06 02:49:01.197   944   944 I HdmiControlService: checkAndUpdateAbsoluteVolumeControlState() AudioDeviceAttributes: role:output type:hdmi addr: name: profiles:[] descriptors:[]Not in AVC_AUDIO_OUTPUT_DEVICES
01-06 02:49:01.198  1234  1234 V WindowManagerShell: Adding init callback for ShellTaskOrganizer
01-06 02:49:01.203   944   944 D HDMI    : onInitializeCecComplete 1
01-06 02:49:01.203   944   944 D HDMI    : onInitializeCecComplete for playback with scene:1
01-06 02:49:01.203   944   944 D HDMI    : Boot queryDisplayStatus
01-06 02:49:01.203   528   528 E android.hardware.wifi@1.0-service.droidlogic: driver not ok ,wait
01-06 02:49:01.204   944   944 D HdmiControlService: Local device is under address allocation. Queue display callback for later process.
01-06 02:49:01.204   944   944 D HDMI    : onAddressAllocated address:3 reason:1
01-06 02:49:01.204   944  1068 D CompatibilityChangeReporter: Compat change id reported: 218533173; UID 10050; state: DISABLED
01-06 02:49:01.205   944  1068 D CompatibilityChangeReporter: Compat change id reported: 218533173; UID 10041; state: ENABLED
01-06 02:49:01.205   944  1068 D CompatibilityChangeReporter: Compat change id reported: 218533173; UID 10075; state: DISABLED
01-06 02:49:01.205   944   959 D CompatibilityChangeReporter: Compat change id reported: 161145287; UID 10070; state: DISABLED
01-06 02:49:01.205   944  1068 D CompatibilityChangeReporter: Compat change id reported: 218533173; UID 10081; state: ENABLED
01-06 02:49:01.206   944  1068 D CompatibilityChangeReporter: Compat change id reported: 218533173; UID 10083; state: ENABLED
01-06 02:49:01.206   944  1068 D CompatibilityChangeReporter: Compat change id reported: 218533173; UID 10027; state: ENABLED
01-06 02:49:01.207   944  1068 D CompatibilityChangeReporter: Compat change id reported: 218533173; UID 10022; state: ENABLED
01-06 02:49:01.207   944  1068 D CompatibilityChangeReporter: Compat change id reported: 218533173; UID 10007; state: ENABLED
01-06 02:49:01.208   944  1068 D CompatibilityChangeReporter: Compat change id reported: 218533173; UID 10042; state: ENABLED
01-06 02:49:01.208   944   944 D HDMI    : Launch discovery from playback
01-06 02:49:01.208   944   944 D HDMI    : DeviceDiscoveryAction start com.android.server.hdmi.DeviceDiscoveryAction@47bd671
01-06 02:49:01.208   944  1068 D CompatibilityChangeReporter: Compat change id reported: 218533173; UID 10025; state: ENABLED
01-06 02:49:01.209   944  1068 D CompatibilityChangeReporter: Compat change id reported: 218533173; UID 10036; state: ENABLED
01-06 02:49:01.210   944  1068 D CompatibilityChangeReporter: Compat change id reported: 218533173; UID 10037; state: ENABLED
01-06 02:49:01.211   944  1068 D CompatibilityChangeReporter: Compat change id reported: 218533173; UID 10024; state: ENABLED
01-06 02:49:01.211   944  1068 D CompatibilityChangeReporter: Compat change id reported: 218533173; UID 10071; state: ENABLED
01-06 02:49:01.212   944  1068 D CompatibilityChangeReporter: Compat change id reported: 218533173; UID 10063; state: ENABLED
01-06 02:49:01.212   944  1068 D CompatibilityChangeReporter: Compat change id reported: 218533173; UID 10045; state: DISABLED
01-06 02:49:01.212   944  1068 D CompatibilityChangeReporter: Compat change id reported: 218533173; UID 10058; state: ENABLED
01-06 02:49:01.213   944  1068 D CompatibilityChangeReporter: Compat change id reported: 218533173; UID 10072; state: ENABLED
01-06 02:49:01.214   944   944 D CompatibilityChangeReporter: Compat change id reported: 135634846; UID 10090; state: DISABLED
01-06 02:49:01.215   944   944 D CompatibilityChangeReporter: Compat change id reported: 177438394; UID 10090; state: DISABLED
01-06 02:49:01.215   944  1068 D CompatibilityChangeReporter: Compat change id reported: 218533173; UID 10047; state: DISABLED
01-06 02:49:01.215   944   944 D CompatibilityChangeReporter: Compat change id reported: 135772972; UID 10090; state: DISABLED
01-06 02:49:01.215   944   944 D CompatibilityChangeReporter: Compat change id reported: 135754954; UID 10090; state: ENABLED
01-06 02:49:01.216   944  1068 D CompatibilityChangeReporter: Compat change id reported: 218533173; UID 10001; state: ENABLED
01-06 02:49:01.216   944  1068 D CompatibilityChangeReporter: Compat change id reported: 218533173; UID 10079; state: DISABLED
01-06 02:49:01.217   944   944 D HDMI    : receive android.intent.action.CONFIGURATION_CHANGED
01-06 02:49:01.218   944  1068 D CompatibilityChangeReporter: Compat change id reported: 218533173; UID 10030; state: ENABLED
01-06 02:49:01.219   944  1068 D CompatibilityChangeReporter: Compat change id reported: 218533173; UID 10077; state: ENABLED
01-06 02:49:01.220   944  1068 D CompatibilityChangeReporter: Compat change id reported: 218533173; UID 10035; state: ENABLED
01-06 02:49:01.221   944  1068 D CompatibilityChangeReporter: Compat change id reported: 218533173; UID 10051; state: ENABLED
01-06 02:49:01.222   944  1068 D CompatibilityChangeReporter: Compat change id reported: 218533173; UID 10053; state: DISABLED
01-06 02:49:01.223   944  1068 D CompatibilityChangeReporter: Compat change id reported: 218533173; UID 10034; state: ENABLED
01-06 02:49:01.223   944  1068 D CompatibilityChangeReporter: Compat change id reported: 218533173; UID 10067; state: ENABLED
01-06 02:49:01.224   944  1068 D CompatibilityChangeReporter: Compat change id reported: 218533173; UID 10087; state: ENABLED
01-06 02:49:01.225   944  1068 D CompatibilityChangeReporter: Compat change id reported: 218533173; UID 10069; state: DISABLED
01-06 02:49:01.226   944  1068 D CompatibilityChangeReporter: Compat change id reported: 218533173; UID 10029; state: ENABLED
01-06 02:49:01.227   944  1068 D CompatibilityChangeReporter: Compat change id reported: 218533173; UID 10040; state: DISABLED
01-06 02:49:01.227  1234  1234 V WindowManagerShell: Adding init callback for DefaultTransitionHandler
01-06 02:49:01.227   944  1068 D CompatibilityChangeReporter: Compat change id reported: 218533173; UID 10017; state: DISABLED
01-06 02:49:01.227  1234  1234 V WindowManagerShell: addHandler: Default
01-06 02:49:01.227  1234  1234 V WindowManagerShell: addHandler: Remote
01-06 02:49:01.228  1234  1234 V WindowManagerShell: Adding init callback for Transitions
01-06 02:49:01.228   944  1068 D CompatibilityChangeReporter: Compat change id reported: 218533173; UID 10044; state: ENABLED
01-06 02:49:01.229   944  1068 D CompatibilityChangeReporter: Compat change id reported: 218533173; UID 10049; state: ENABLED
01-06 02:49:01.229   944  1068 D CompatibilityChangeReporter: Compat change id reported: 218533173; UID 10002; state: ENABLED
01-06 02:49:01.232   944  1068 D CompatibilityChangeReporter: Compat change id reported: 218533173; UID 10020; state: ENABLED
01-06 02:49:01.233   944  1068 D CompatibilityChangeReporter: Compat change id reported: 218533173; UID 10032; state: ENABLED
01-06 02:49:01.234   944  1068 D CompatibilityChangeReporter: Compat change id reported: 218533173; UID 10060; state: ENABLED
01-06 02:49:01.234   944  1068 D CompatibilityChangeReporter: Compat change id reported: 218533173; UID 10082; state: ENABLED
01-06 02:49:01.235   944  1068 D CompatibilityChangeReporter: Compat change id reported: 218533173; UID 10026; state: ENABLED
01-06 02:49:01.235   944  1068 D CompatibilityChangeReporter: Compat change id reported: 218533173; UID 10031; state: ENABLED
01-06 02:49:01.236   944  1068 D CompatibilityChangeReporter: Compat change id reported: 218533173; UID 10061; state: DISABLED
01-06 02:49:01.237   944  1068 D CompatibilityChangeReporter: Compat change id reported: 218533173; UID 10090; state: DISABLED
01-06 02:49:01.238   944  1068 D CompatibilityChangeReporter: Compat change id reported: 218533173; UID 10086; state: ENABLED
01-06 02:49:01.239   944  1068 D CompatibilityChangeReporter: Compat change id reported: 218533173; UID 10015; state: ENABLED
01-06 02:49:01.240   944  1068 D CompatibilityChangeReporter: Compat change id reported: 218533173; UID 10019; state: ENABLED
01-06 02:49:01.241   944  1068 D CompatibilityChangeReporter: Compat change id reported: 218533173; UID 10057; state: ENABLED
01-06 02:49:01.242   944  1068 D CompatibilityChangeReporter: Compat change id reported: 218533173; UID 10033; state: ENABLED
01-06 02:49:01.243   944  1068 D CompatibilityChangeReporter: Compat change id reported: 218533173; UID 10018; state: ENABLED
01-06 02:49:01.244   944  1068 D CompatibilityChangeReporter: Compat change id reported: 218533173; UID 10023; state: ENABLED
01-06 02:49:01.245   944  1068 D CompatibilityChangeReporter: Compat change id reported: 218533173; UID 10078; state: ENABLED
01-06 02:49:01.246   944  1068 D CompatibilityChangeReporter: Compat change id reported: 218533173; UID 10010; state: ENABLED
01-06 02:49:01.247   944  1068 D CompatibilityChangeReporter: Compat change id reported: 218533173; UID 10052; state: DISABLED
01-06 02:49:01.248   944  1068 D CompatibilityChangeReporter: Compat change id reported: 218533173; UID 10021; state: ENABLED
01-06 02:49:01.249   944  1068 D CompatibilityChangeReporter: Compat change id reported: 218533173; UID 10054; state: ENABLED
01-06 02:49:01.250   944  1068 D CompatibilityChangeReporter: Compat change id reported: 218533173; UID 10046; state: ENABLED
01-06 02:49:01.251   944  1068 D CompatibilityChangeReporter: Compat change id reported: 218533173; UID 10056; state: ENABLED
01-06 02:49:01.252   944  1068 D CompatibilityChangeReporter: Compat change id reported: 218533173; UID 10062; state: ENABLED
01-06 02:49:01.253   944  1068 D CompatibilityChangeReporter: Compat change id reported: 218533173; UID 10011; state: ENABLED
01-06 02:49:01.253  1234  1234 V WindowManagerShell: Adding init callback for TvPipController
01-06 02:49:01.253  1234  1234 V WindowManagerShell: Adding init callback for FullscreenTaskListener
01-06 02:49:01.254   944  1068 D CompatibilityChangeReporter: Compat change id reported: 218533173; UID 10000; state: ENABLED
01-06 02:49:01.255   944  1068 D CompatibilityChangeReporter: Compat change id reported: 218533173; UID 10014; state: ENABLED
01-06 02:49:01.257   944  1068 D CompatibilityChangeReporter: Compat change id reported: 218533173; UID 10043; state: DISABLED
01-06 02:49:01.258   944  1068 D CompatibilityChangeReporter: Compat change id reported: 218533173; UID 10008; state: ENABLED
01-06 02:49:01.259   944  1068 D CompatibilityChangeReporter: Compat change id reported: 218533173; UID 10073; state: DISABLED
01-06 02:49:01.259   944  1068 D CompatibilityChangeReporter: Compat change id reported: 218533173; UID 10076; state: DISABLED
01-06 02:49:01.260   944  1068 D CompatibilityChangeReporter: Compat change id reported: 218533173; UID 10066; state: ENABLED
01-06 02:49:01.260   944  1068 D CompatibilityChangeReporter: Compat change id reported: 218533173; UID 10006; state: ENABLED
01-06 02:49:01.261   944  1068 D CompatibilityChangeReporter: Compat change id reported: 218533173; UID 10005; state: ENABLED
01-06 02:49:01.261   944  1068 D CompatibilityChangeReporter: Compat change id reported: 218533173; UID 10074; state: ENABLED
01-06 02:49:01.262   944  1068 D CompatibilityChangeReporter: Compat change id reported: 218533173; UID 10016; state: ENABLED
01-06 02:49:01.263   944  1068 D CompatibilityChangeReporter: Compat change id reported: 218533173; UID 10064; state: ENABLED
01-06 02:49:01.264   944  1068 D CompatibilityChangeReporter: Compat change id reported: 218533173; UID 10055; state: DISABLED
01-06 02:49:01.264   944  1068 D CompatibilityChangeReporter: Compat change id reported: 218533173; UID 10084; state: ENABLED
01-06 02:49:01.265   944  1068 D CompatibilityChangeReporter: Compat change id reported: 218533173; UID 10028; state: ENABLED
01-06 02:49:01.266   944  1068 D CompatibilityChangeReporter: Compat change id reported: 218533173; UID 10089; state: ENABLED
01-06 02:49:01.267   944  1068 D CompatibilityChangeReporter: Compat change id reported: 218533173; UID 10009; state: ENABLED
01-06 02:49:01.267   944  1068 D CompatibilityChangeReporter: Compat change id reported: 218533173; UID 10088; state: ENABLED
01-06 02:49:01.268   944  1068 D CompatibilityChangeReporter: Compat change id reported: 218533173; UID 10070; state: ENABLED
01-06 02:49:01.269   944  1068 D CompatibilityChangeReporter: Compat change id reported: 218533173; UID 10059; state: ENABLED
01-06 02:49:01.270   944  1068 D CompatibilityChangeReporter: Compat change id reported: 218533173; UID 10068; state: DISABLED
01-06 02:49:01.271   944  1068 D CompatibilityChangeReporter: Compat change id reported: 218533173; UID 10012; state: ENABLED
01-06 02:49:01.272   944  1068 D CompatibilityChangeReporter: Compat change id reported: 218533173; UID 10080; state: DISABLED
01-06 02:49:01.273   944  1068 D CompatibilityChangeReporter: Compat change id reported: 218533173; UID 10039; state: ENABLED
01-06 02:49:01.274   944  1068 D CompatibilityChangeReporter: Compat change id reported: 218533173; UID 10004; state: ENABLED
01-06 02:49:01.275   944  1068 D CompatibilityChangeReporter: Compat change id reported: 218533173; UID 10085; state: ENABLED
01-06 02:49:01.276   944  1068 D CompatibilityChangeReporter: Compat change id reported: 218533173; UID 10048; state: ENABLED
01-06 02:49:01.278   944  1068 D CompatibilityChangeReporter: Compat change id reported: 218533173; UID 10038; state: ENABLED
01-06 02:49:01.279   944  1068 D CompatibilityChangeReporter: Compat change id reported: 218533173; UID 10013; state: ENABLED
01-06 02:49:01.279   944  1068 D CompatibilityChangeReporter: Compat change id reported: 218533173; UID 10003; state: ENABLED
01-06 02:49:01.280   944  1068 D CompatibilityChangeReporter: Compat change id reported: 218533173; UID 10065; state: ENABLED
01-06 02:49:01.285  1234  1234 V WindowManagerShell: Adding init callback for StartingWindowController
01-06 02:49:01.285  1234  1234 V WindowManagerShell: Adding init callback for ProtoLogController
01-06 02:49:01.295  1234  1234 V WindowManagerShell: Adding init callback for BackAnimationController
01-06 02:49:01.296  1234  1234 V WindowManagerShell: Initializing Shell Components: 15
01-06 02:49:01.298  1234  1234 V WindowManagerShell: 	DisplayChangeController init took 1ms
01-06 02:49:01.300  1234  1234 V WindowManagerShell: 	DisplayController init took 2ms
01-06 02:49:01.302  1234  1234 V WindowManagerShell: 	DisplayInsetsController init took 1ms
01-06 02:49:01.302  1234  1234 V WindowManagerShell: 	DisplayImeController init took 0ms
01-06 02:49:01.303  1234  1234 V WindowManagerShell: Adding dump callback for ShellController
01-06 02:49:01.304   944   969 I DropBoxManagerService: add tag=system_server_strictmode isTagEnabled=true flags=0x2
01-06 02:49:01.304  1234  1234 V WindowManagerShell: 	ShellController init took 1ms
01-06 02:49:01.305  1234  1234 V WindowManagerShell: 	DragAndDropController init took 0ms
01-06 02:49:01.305   944   969 I DropBoxManagerService: add tag=system_server_strictmode isTagEnabled=true flags=0x2
01-06 02:49:01.306  1234  1234 V WindowManagerShell: 	CompatUIController init took 0ms
01-06 02:49:01.306  1234  1234 V WindowManagerShell: Adding dump callback for ShellTaskOrganizer
01-06 02:49:01.310  1234  1234 V WindowManagerShell: 	ShellTaskOrganizer init took 4ms
01-06 02:49:01.318  1234  1234 V WindowManagerShell: 	DefaultTransitionHandler init took 6ms
01-06 02:49:01.318  1234  1234 V WindowManagerShell: Adding external interface from Transitions with key extra_shell_shell_transitions
01-06 02:49:01.320  1234  1234 V WindowManagerShell: 	Transitions init took 2ms
01-06 02:49:01.324  1234  1234 V WindowManagerShell: 	TvPipController init took 4ms
01-06 02:49:01.327  1234  1234 V WindowManagerShell: 	FullscreenTaskListener init took 2ms
01-06 02:49:01.327  1234  1234 V WindowManagerShell: Adding external interface from StartingWindowController with key extra_shell_starting_window
01-06 02:49:01.327  1234  1234 V WindowManagerShell: 	StartingWindowController init took 0ms
01-06 02:49:01.327  1234  1234 V WindowManagerShell: Adding command class protolog for ProtoLogController
01-06 02:49:01.328  1234  1234 V WindowManagerShell: 	ProtoLogController init took 0ms
01-06 02:49:01.329  1234  1234 D ShellBackPreview: Back animation enabled=false
01-06 02:49:01.330  1234  1234 V WindowManagerShell: Adding external interface from BackAnimationController with key extra_shell_back_animation
01-06 02:49:01.330  1234  1234 V WindowManagerShell: 	BackAnimationController init took 3ms
01-06 02:49:01.361   944  1197 D HDMI    : [S]:<Report Physical Address> 3F:84:20:00:03
01-06 02:49:01.361   944   944 W Looper  : Slow dispatch took 143ms main h=android.os.Handler c=com.android.server.hdmi.WorkSourceUidPreservingRunnable@7d89066 m=0
01-06 02:49:01.363   944   944 D HDMI    : receive android.intent.action.CONFIGURATION_CHANGED
01-06 02:49:01.363   944   944 I HdmiCecLocalDeviceSource: queryDisplayStatus already in progress
01-06 02:49:01.364   944   944 I PackageWatchdog: Syncing health check requests for packages: {}
01-06 02:49:01.364   944   944 I ExplicitHealthCheckController: Service not ready to get health check supported packages. Binding...
01-06 02:49:01.366   944   944 I ExplicitHealthCheckController: Explicit health check service is bound
01-06 02:49:01.404   528   528 E android.hardware.wifi@1.0-service.droidlogic: driver not ok ,wait
01-06 02:49:01.411   944   944 D AccessibilityManagerService: Ignoring non-encryption-aware service ComponentInfo{com.sonos.connectivity/com.sonos.connectivity.mediacontroller.MediaControllerService}
01-06 02:49:01.413   944   944 D SystemServerTiming: ManagedServices.unbindOtherUserServices_current0
01-06 02:49:01.413   944   944 V SystemServerTiming: ManagedServices.unbindOtherUserServices_current0 took to complete: 0ms
01-06 02:49:01.413   944   944 D SystemServerTiming: ManagedServices.unbindOtherUserServices_current0
01-06 02:49:01.413   944   944 V SystemServerTiming: ManagedServices.unbindOtherUserServices_current0 took to complete: 0ms
01-06 02:49:01.413   944   944 D SystemServerTiming: ManagedServices.unbindOtherUserServices_current0
01-06 02:49:01.414   944   944 V SystemServerTiming: ManagedServices.unbindOtherUserServices_current0 took to complete: 0ms
01-06 02:49:01.414   944   944 V NotificationAssistants: enabling notification assistant for 0: ComponentInfo{android.ext.services/android.ext.services.notification.Assistant}
01-06 02:49:01.414   944   944 V NotificationAssistants: binding: Intent { act=android.service.notification.NotificationAssistantService cmp=android.ext.services/.notification.Assistant (has extras) }
01-06 02:49:01.432   944   977 W ActivityManager: Slow operation: 919ms so far, now at startProcess: returned from zygote!
01-06 02:49:01.433   944   977 W ActivityManager: Slow operation: 920ms so far, now at startProcess: done updating battery stats
01-06 02:49:01.433   944   977 W ActivityManager: Slow operation: 920ms so far, now at startProcess: building log message
01-06 02:49:01.433   944   977 I ActivityManager: Start proc 1299:WebViewLoader-armeabi-v7a/1037 [android.webkit.WebViewLibraryLoader$RelroFileCreator] for 
01-06 02:49:01.433   944   977 W ActivityManager: Slow operation: 920ms so far, now at startProcess: starting to update pids map
01-06 02:49:01.433   944   977 W ActivityManager: Slow operation: 920ms so far, now at startProcess: done updating pids map
01-06 02:49:01.433   944   977 W ActivityManager: Slow operation: 906ms so far, now at startProcess: asking zygote to start proc
01-06 02:49:01.449   944   977 W ActivityManager: Slow operation: 922ms so far, now at startProcess: returned from zygote!
01-06 02:49:01.449   944   977 W ActivityManager: Slow operation: 922ms so far, now at startProcess: done updating battery stats
01-06 02:49:01.450   944   977 W ActivityManager: Slow operation: 923ms so far, now at startProcess: building log message
01-06 02:49:01.450   944   977 I ActivityManager: Start proc 1302:WebViewLoader-arm64-v8a/1037 [android.webkit.WebViewLibraryLoader$RelroFileCreator] for 
01-06 02:49:01.450   944   977 W ActivityManager: Slow operation: 923ms so far, now at startProcess: starting to update pids map
01-06 02:49:01.450   944   977 W ActivityManager: Slow operation: 923ms so far, now at startProcess: done updating pids map
01-06 02:49:01.450   944   977 W ActivityManager: Slow operation: 698ms so far, now at startProcess: asking zygote to start proc
01-06 02:49:01.451   944   977 D CompatibilityChangeReporter: Compat change id reported: 143937733; UID 10041; state: ENABLED
01-06 02:49:01.464   944   977 W ActivityManager: Slow operation: 712ms so far, now at startProcess: returned from zygote!
01-06 02:49:01.464   944   977 W ActivityManager: Slow operation: 712ms so far, now at startProcess: done updating battery stats
01-06 02:49:01.464   944   977 W ActivityManager: Slow operation: 712ms so far, now at startProcess: building log message
01-06 02:49:01.464   944   977 I ActivityManager: Start proc 1311:com.droidlogic.tvinput/u0a41 for service {com.droidlogic.tvinput/com.droidlogic.tvinput.services.Hdmi1InputService}
01-06 02:49:01.465   944   977 W ActivityManager: Slow operation: 712ms so far, now at startProcess: starting to update pids map
01-06 02:49:01.465   944   977 W ActivityManager: Slow operation: 713ms so far, now at startProcess: done updating pids map
01-06 02:49:01.465   944   977 W ActivityManager: Slow operation: 645ms so far, now at startProcess: asking zygote to start proc
01-06 02:49:01.482   944   977 W ActivityManager: Slow operation: 662ms so far, now at startProcess: returned from zygote!
01-06 02:49:01.488   944   977 W ActivityManager: Slow operation: 668ms so far, now at startProcess: done updating battery stats
01-06 02:49:01.489   944   977 W ActivityManager: Slow operation: 669ms so far, now at startProcess: building log message
01-06 02:49:01.489   944   977 I ActivityManager: Start proc 1324:com.android.networkstack.process/1073 for service {com.android.networkstack/com.android.server.NetworkStackService}
01-06 02:49:01.489   944   977 W ActivityManager: Slow operation: 669ms so far, now at startProcess: starting to update pids map
01-06 02:49:01.489   944   977 W ActivityManager: Slow operation: 669ms so far, now at startProcess: done updating pids map
01-06 02:49:01.492   944   977 W ActivityManager: Slow operation: 628ms so far, now at startProcess: asking zygote to start proc
01-06 02:49:01.512   944   977 W ActivityManager: Slow operation: 649ms so far, now at startProcess: returned from zygote!
01-06 02:49:01.513   944   977 W ActivityManager: Slow operation: 650ms so far, now at startProcess: done updating battery stats
01-06 02:49:01.513   944   977 W ActivityManager: Slow operation: 650ms so far, now at startProcess: building log message
