01-07 01:21:11.722   935  1081 D SystemServerInitThreadPool: Started executing Lazily initialize IMMS#mImeDrawsImeNavBarRes
01-07 01:21:11.723   935   935 W InputMethodUtils: Found no fallback locale. imis=[]
01-07 01:21:11.724   935   935 W InputMethodUtils: No software keyboard is found. imis=[] systemLocale=en_US fallbackLocale=null
01-07 01:21:11.724   935   935 W InputMethodUtils: getApplicationInfo failed. packageName=com.android.inputmethod.latin userId=0
01-07 01:21:11.724   935   935 W InputMethodUtils: android.content.pm.PackageManager$NameNotFoundException: com.android.inputmethod.latin
01-07 01:21:11.724   935   935 W InputMethodUtils: 	at android.app.ApplicationPackageManager.getApplicationInfoAsUser(ApplicationPackageManager.java:504)
01-07 01:21:11.724   935   935 W InputMethodUtils: 	at android.app.ApplicationPackageManager.getApplicationInfo(ApplicationPackageManager.java:487)
01-07 01:21:11.724   935   935 W InputMethodUtils: 	at com.android.server.inputmethod.InputMethodUtils.setNonSelectedSystemImesDisabledUntilUsed(InputMethodUtils.java:706)
01-07 01:21:11.724   935   935 W InputMethodUtils: 	at com.android.server.inputmethod.InputMethodManagerService.systemRunning(InputMethodManagerService.java:2031)
01-07 01:21:11.724   935   935 W InputMethodUtils: 	at com.android.server.inputmethod.InputMethodManagerService$Lifecycle.onBootPhase(InputMethodManagerService.java:1684)
01-07 01:21:11.724   935   935 W InputMethodUtils: 	at com.android.server.SystemServiceManager.startBootPhase(SystemServiceManager.java:294)
01-07 01:21:11.724   935   935 W InputMethodUtils: 	at com.android.server.SystemServer.lambda$startOtherServices$5(SystemServer.java:2799)
01-07 01:21:11.724   935   935 W InputMethodUtils: 	at com.android.server.SystemServer.$r8$lambda$jmaWUpWMxP4IiPakY5L6Y7rVWik(Unknown Source:0)
01-07 01:21:11.724   935   935 W InputMethodUtils: 	at com.android.server.SystemServer$$ExternalSyntheticLambda5.run(Unknown Source:30)
01-07 01:21:11.724   935   935 W InputMethodUtils: 	at com.android.server.am.ActivityManagerService.systemReady(ActivityManagerService.java:8216)
01-07 01:21:11.724   935   935 W InputMethodUtils: 	at com.android.server.SystemServer.startOtherServices(SystemServer.java:2796)
01-07 01:21:11.724   935   935 W InputMethodUtils: 	at com.android.server.SystemServer.run(SystemServer.java:938)
01-07 01:21:11.724   935   935 W InputMethodUtils: 	at com.android.server.SystemServer.main(SystemServer.java:648)
01-07 01:21:11.724   935   935 W InputMethodUtils: 	at java.lang.reflect.Method.invoke(Native Method)
01-07 01:21:11.724   935   935 W InputMethodUtils: 	at com.android.internal.os.RuntimeInit$MethodAndArgsCaller.run(RuntimeInit.java:548)
01-07 01:21:11.724   935   935 W InputMethodUtils: 	at com.android.internal.os.ZygoteInit.main(ZygoteInit.java:914)
01-07 01:21:11.725   935   935 V SystemServerTiming: OnBootPhase_550_com.android.server.inputmethod.InputMethodManagerService$Lifecycle took to complete: 4ms
01-07 01:21:11.725   935   935 D SystemServerTiming: OnBootPhase_550_com.android.server.accessibility.AccessibilityManagerService$Lifecycle
01-07 01:21:11.725   935   935 V SystemServerTiming: OnBootPhase_550_com.android.server.accessibility.AccessibilityManagerService$Lifecycle took to complete: 0ms
01-07 01:21:11.725   935   935 D SystemServerTiming: OnBootPhase_550_com.android.server.StorageManagerService$Lifecycle
01-07 01:21:11.725   935   935 V SystemServerTiming: OnBootPhase_550_com.android.server.StorageManagerService$Lifecycle took to complete: 0ms
01-07 01:21:11.725   935   935 D SystemServerTiming: OnBootPhase_550_com.android.server.usage.StorageStatsService$Lifecycle
01-07 01:21:11.725   935   935 V SystemServerTiming: OnBootPhase_550_com.android.server.usage.StorageStatsService$Lifecycle took to complete: 0ms
01-07 01:21:11.725   935   935 D SystemServerTiming: OnBootPhase_550_com.android.server.UiModeManagerService
01-07 01:21:11.725   935   935 V SystemServerTiming: OnBootPhase_550_com.android.server.UiModeManagerService took to complete: 0ms
01-07 01:21:11.725   935   935 D SystemServerTiming: OnBootPhase_550_com.android.server.locales.LocaleManagerService
01-07 01:21:11.725   935   935 V SystemServerTiming: OnBootPhase_550_com.android.server.locales.LocaleManagerService took to complete: 0ms
01-07 01:21:11.725   935   935 D SystemServerTiming: OnBootPhase_550_com.android.server.locksettings.LockSettingsService$Lifecycle
01-07 01:21:11.725   935   935 I RebootEscrowManager: No reboot escrow data found for users, skipping loading escrow data
01-07 01:21:11.732   935   935 V SystemServerTiming: OnBootPhase_550_com.android.server.locksettings.LockSettingsService$Lifecycle took to complete: 7ms
01-07 01:21:11.732   935   935 D SystemServerTiming: OnBootPhase_550_com.android.server.PersistentDataBlockService
01-07 01:21:11.732   935   935 V SystemServerTiming: OnBootPhase_550_com.android.server.PersistentDataBlockService took to complete: 0ms
01-07 01:21:11.732   935   935 D SystemServerTiming: OnBootPhase_550_com.android.server.testharness.TestHarnessModeService
01-07 01:21:11.732   935   935 V SystemServerTiming: OnBootPhase_550_com.android.server.testharness.TestHarnessModeService took to complete: 0ms
01-07 01:21:11.732   935   935 D SystemServerTiming: OnBootPhase_550_com.android.server.oemlock.OemLockService
01-07 01:21:11.732   935   935 V SystemServerTiming: OnBootPhase_550_com.android.server.oemlock.OemLockService took to complete: 0ms
01-07 01:21:11.732   935   935 D SystemServerTiming: OnBootPhase_550_com.android.server.DeviceIdleController
01-07 01:21:11.732   935   935 V SystemServerTiming: OnBootPhase_550_com.android.server.DeviceIdleController took to complete: 0ms
01-07 01:21:11.732   935   935 D SystemServerTiming: OnBootPhase_550_com.android.server.devicepolicy.DevicePolicyManagerService$Lifecycle
01-07 01:21:11.732   935   935 V SystemServerTiming: OnBootPhase_550_com.android.server.devicepolicy.DevicePolicyManagerService$Lifecycle took to complete: 0ms
01-07 01:21:11.732   935   935 D SystemServerTiming: OnBootPhase_550_com.android.server.texttospeech.TextToSpeechManagerService
01-07 01:21:11.732   935   935 V SystemServerTiming: OnBootPhase_550_com.android.server.texttospeech.TextToSpeechManagerService took to complete: 0ms
01-07 01:21:11.732   935   935 D SystemServerTiming: OnBootPhase_550_com.android.server.ambientcontext.AmbientContextManagerService
01-07 01:21:11.732   935   935 V SystemServerTiming: OnBootPhase_550_com.android.server.ambientcontext.AmbientContextManagerService took to complete: 0ms
01-07 01:21:11.733   935   935 D SystemServerTiming: OnBootPhase_550_com.android.server.speech.SpeechRecognitionManagerService
01-07 01:21:11.733   935   935 V SystemServerTiming: OnBootPhase_550_com.android.server.speech.SpeechRecognitionManagerService took to complete: 0ms
01-07 01:21:11.733   935   935 D SystemServerTiming: OnBootPhase_550_com.android.server.searchui.SearchUiManagerService
01-07 01:21:11.733   935   935 V SystemServerTiming: OnBootPhase_550_com.android.server.searchui.SearchUiManagerService took to complete: 0ms
01-07 01:21:11.733   935   935 D SystemServerTiming: OnBootPhase_550_com.android.server.smartspace.SmartspaceManagerService
01-07 01:21:11.733   935   935 V SystemServerTiming: OnBootPhase_550_com.android.server.smartspace.SmartspaceManagerService took to complete: 0ms
01-07 01:21:11.733   935   935 D SystemServerTiming: OnBootPhase_550_com.android.server.graphics.fonts.FontManagerService$Lifecycle
01-07 01:21:11.733   935   935 V SystemServerTiming: OnBootPhase_550_com.android.server.graphics.fonts.FontManagerService$Lifecycle took to complete: 0ms
01-07 01:21:11.733   935   935 D SystemServerTiming: OnBootPhase_550_com.android.server.textservices.TextServicesManagerService$Lifecycle
01-07 01:21:11.733   935   935 V SystemServerTiming: OnBootPhase_550_com.android.server.textservices.TextServicesManagerService$Lifecycle took to complete: 0ms
01-07 01:21:11.733   935   935 D SystemServerTiming: OnBootPhase_550_com.android.server.textclassifier.TextClassificationManagerService$Lifecycle
01-07 01:21:11.733   935   935 V SystemServerTiming: OnBootPhase_550_com.android.server.textclassifier.TextClassificationManagerService$Lifecycle took to complete: 0ms
01-07 01:21:11.733   935   935 D SystemServerTiming: OnBootPhase_550_com.android.server.NetworkScoreService$Lifecycle
01-07 01:21:11.733   935  1081 D SystemServerInitThreadPool: Finished executing Lazily initialize IMMS#mImeDrawsImeNavBarRes
01-07 01:21:11.733   935   935 V SystemServerTiming: OnBootPhase_550_com.android.server.NetworkScoreService$Lifecycle took to complete: 0ms
01-07 01:21:11.733   935   935 D SystemServerTiming: OnBootPhase_550_com.android.server.NetworkStatsServiceInitializer
01-07 01:21:11.733   935  1081 V SystemServerTimingAsync: InitThreadPoolExec:Lazily initialize IMMS#mImeDrawsImeNavBarRes took to complete: 11ms
01-07 01:21:11.738   935  1057 E NativeTombstoneManager: Tombstone's UID (1046) not an app, ignoring
01-07 01:21:11.810   935   935 W SystemServiceManager: Service com.android.server.NetworkStatsServiceInitializer took 77 ms in onBootPhase
01-07 01:21:11.810   935   935 V SystemServerTiming: OnBootPhase_550_com.android.server.NetworkStatsServiceInitializer took to complete: 78ms
01-07 01:21:11.811   935   935 D SystemServerTiming: OnBootPhase_550_com.android.server.wifi.WifiService
01-07 01:21:11.811   935   935 V SystemServerTiming: OnBootPhase_550_com.android.server.wifi.WifiService took to complete: 0ms
01-07 01:21:11.811   935   935 D SystemServerTiming: OnBootPhase_550_com.android.server.wifi.scanner.WifiScanningService
01-07 01:21:11.811   935   935 V SystemServerTiming: OnBootPhase_550_com.android.server.wifi.scanner.WifiScanningService took to complete: 0ms
01-07 01:21:11.811   935   935 D SystemServerTiming: OnBootPhase_550_com.android.server.wifi.p2p.WifiP2pService
01-07 01:21:11.811   935   935 V SystemServerTiming: OnBootPhase_550_com.android.server.wifi.p2p.WifiP2pService took to complete: 0ms
01-07 01:21:11.811   935   935 D SystemServerTiming: OnBootPhase_550_com.android.server.ConnectivityServiceInitializer
01-07 01:21:11.811   935   935 V SystemServerTiming: OnBootPhase_550_com.android.server.ConnectivityServiceInitializer took to complete: 0ms
01-07 01:21:11.811   935   935 D SystemServerTiming: OnBootPhase_550_com.android.server.notification.NotificationManagerService
01-07 01:21:11.811   935   935 V SystemServerTiming: OnBootPhase_550_com.android.server.notification.NotificationManagerService took to complete: 0ms
01-07 01:21:11.811   935   935 D SystemServerTiming: OnBootPhase_550_com.android.server.storage.DeviceStorageMonitorService
01-07 01:21:11.811   935   935 V SystemServerTiming: OnBootPhase_550_com.android.server.storage.DeviceStorageMonitorService took to complete: 0ms
01-07 01:21:11.811   935   935 D SystemServerTiming: OnBootPhase_550_com.android.server.location.LocationManagerService$Lifecycle
01-07 01:21:11.811   935   935 V SystemServerTiming: OnBootPhase_550_com.android.server.location.LocationManagerService$Lifecycle took to complete: 0ms
01-07 01:21:11.811   935   935 D SystemServerTiming: OnBootPhase_550_com.android.server.timedetector.TimeDetectorService$Lifecycle
01-07 01:21:11.811   935   935 V SystemServerTiming: OnBootPhase_550_com.android.server.timedetector.TimeDetectorService$Lifecycle took to complete: 0ms
01-07 01:21:11.811   935   935 D SystemServerTiming: OnBootPhase_550_com.android.server.timezonedetector.TimeZoneDetectorService$Lifecycle
01-07 01:21:11.811   935   935 V SystemServerTiming: OnBootPhase_550_com.android.server.timezonedetector.TimeZoneDetectorService$Lifecycle took to complete: 0ms
01-07 01:21:11.811   935   935 D SystemServerTiming: OnBootPhase_550_com.android.server.timezonedetector.location.LocationTimeZoneManagerService$Lifecycle
01-07 01:21:11.811   935   935 V SystemServerTiming: OnBootPhase_550_com.android.server.timezonedetector.location.LocationTimeZoneManagerService$Lifecycle took to complete: 0ms
01-07 01:21:11.811   935   935 D SystemServerTiming: OnBootPhase_550_com.android.server.search.SearchManagerService$Lifecycle
01-07 01:21:11.811   935   935 V SystemServerTiming: OnBootPhase_550_com.android.server.search.SearchManagerService$Lifecycle took to complete: 0ms
01-07 01:21:11.811   935   935 D SystemServerTiming: OnBootPhase_550_com.android.server.wallpaper.WallpaperManagerService$Lifecycle
01-07 01:21:11.813   935   935 I WallpaperManagerService: No static wallpaper imagery; defaults will be shown
01-07 01:21:11.814   935   935 V WallpaperManagerService: bindWallpaperComponentLocked: componentName=ComponentInfo{com.android.systemui/com.android.systemui.wallpapers.ImageWallpaper}
01-07 01:21:11.814   935   935 D WallpaperManagerService: WPMS.bindWallpaperComponentLocked-ComponentInfo{com.android.systemui/com.android.systemui.wallpapers.ImageWallpaper}
01-07 01:21:11.818   935   935 D CompatibilityChangeReporter: Compat change id reported: 135634846; UID 10070; state: DISABLED
01-07 01:21:11.818   935   935 D CompatibilityChangeReporter: Compat change id reported: 177438394; UID 10070; state: DISABLED
01-07 01:21:11.818   935   935 D CompatibilityChangeReporter: Compat change id reported: 135772972; UID 10070; state: DISABLED
01-07 01:21:11.818   935   935 D CompatibilityChangeReporter: Compat change id reported: 135754954; UID 10070; state: ENABLED
01-07 01:21:11.819   935   971 D CompatibilityChangeReporter: Compat change id reported: 143937733; UID 10070; state: ENABLED
01-07 01:21:11.819   935   935 V WallpaperManagerService: WPMS.bindWallpaperComponentLocked-ComponentInfo{com.android.systemui/com.android.systemui.wallpapers.ImageWallpaper} took to complete: 5ms
01-07 01:21:11.821   935   935 D WallpaperManagerService: WPMS.generateCrop
01-07 01:21:11.821   935   935 W WallpaperManagerService: Invalid wallpaper data
01-07 01:21:11.821   935   935 E WallpaperManagerService: Unable to apply new wallpaper
01-07 01:21:11.822   935   935 V WallpaperManagerService: WPMS.generateCrop took to complete: 1ms
01-07 01:21:11.822   935   935 V SystemServerTiming: OnBootPhase_550_com.android.server.wallpaper.WallpaperManagerService$Lifecycle took to complete: 11ms
01-07 01:21:11.822   935   935 D SystemServerTiming: OnBootPhase_550_com.android.server.wallpapereffectsgeneration.WallpaperEffectsGenerationManagerService
01-07 01:21:11.822   935   935 V SystemServerTiming: OnBootPhase_550_com.android.server.wallpapereffectsgeneration.WallpaperEffectsGenerationManagerService took to complete: 0ms
01-07 01:21:11.822   935   935 D SystemServerTiming: OnBootPhase_550_com.android.server.audio.AudioService$Lifecycle
01-07 01:21:11.823   935   935 V SystemServerTiming: OnBootPhase_550_com.android.server.audio.AudioService$Lifecycle took to complete: 0ms
01-07 01:21:11.823   935   935 D SystemServerTiming: OnBootPhase_550_com.android.server.soundtrigger_middleware.SoundTriggerMiddlewareService$Lifecycle
01-07 01:21:11.823   935   935 V SystemServerTiming: OnBootPhase_550_com.android.server.soundtrigger_middleware.SoundTriggerMiddlewareService$Lifecycle took to complete: 0ms
01-07 01:21:11.823   935   935 D SystemServerTiming: OnBootPhase_550_com.android.server.DockObserver
01-07 01:21:11.823   935   935 V SystemServerTiming: OnBootPhase_550_com.android.server.DockObserver took to complete: 0ms
01-07 01:21:11.823   935   935 D SystemServerTiming: OnBootPhase_550_com.android.server.adb.AdbService$Lifecycle
01-07 01:21:11.823   935   935 V SystemServerTiming: OnBootPhase_550_com.android.server.adb.AdbService$Lifecycle took to complete: 0ms
01-07 01:21:11.823   935   935 D SystemServerTiming: OnBootPhase_550_com.android.server.usb.UsbService$Lifecycle
01-07 01:21:11.824   935   935 V SystemServerTiming: OnBootPhase_550_com.android.server.usb.UsbService$Lifecycle took to complete: 0ms
01-07 01:21:11.824   935  1058 D SystemServerTimingAsync: InitThreadPoolExec:UsbService$Lifecycle#onBootPhase
01-07 01:21:11.824   935   935 D SystemServerTiming: OnBootPhase_550_com.android.server.twilight.TwilightService
01-07 01:21:11.824   935   935 V SystemServerTiming: OnBootPhase_550_com.android.server.twilight.TwilightService took to complete: 0ms
01-07 01:21:11.824   935   935 D SystemServerTiming: OnBootPhase_550_com.android.server.display.color.ColorDisplayService
01-07 01:21:11.824   935   935 V SystemServerTiming: OnBootPhase_550_com.android.server.display.color.ColorDisplayService took to complete: 0ms
01-07 01:21:11.824   935   935 D SystemServerTiming: OnBootPhase_550_com.android.server.job.JobSchedulerService
01-07 01:21:11.824   935   935 V SystemServerTiming: OnBootPhase_550_com.android.server.job.JobSchedulerService took to complete: 0ms
01-07 01:21:11.824   935   935 D SystemServerTiming: OnBootPhase_550_com.android.server.soundtrigger.SoundTriggerService
01-07 01:21:11.824   935  1058 D SystemServerInitThreadPool: Started executing UsbService$Lifecycle#onBootPhase
01-07 01:21:11.824   935   935 D SoundTriggerService: onBootPhase: 550 : false
01-07 01:21:11.824   935   935 V SystemServerTiming: OnBootPhase_550_com.android.server.soundtrigger.SoundTriggerService took to complete: 0ms
01-07 01:21:11.824   935   935 D SystemServerTiming: OnBootPhase_550_com.android.server.trust.TrustManagerService
01-07 01:21:11.824   935   935 V SystemServerTiming: OnBootPhase_550_com.android.server.trust.TrustManagerService took to complete: 0ms
01-07 01:21:11.824   935   935 D SystemServerTiming: OnBootPhase_550_com.android.server.backup.BackupManagerService$Lifecycle
01-07 01:21:11.824   935   935 V SystemServerTiming: OnBootPhase_550_com.android.server.backup.BackupManagerService$Lifecycle took to complete: 0ms
01-07 01:21:11.824   935   935 D SystemServerTiming: OnBootPhase_550_com.android.server.appwidget.AppWidgetService
01-07 01:21:11.824   935   935 V SystemServerTiming: OnBootPhase_550_com.android.server.appwidget.AppWidgetService took to complete: 0ms
01-07 01:21:11.824   935   935 D SystemServerTiming: OnBootPhase_550_com.android.server.voiceinteraction.VoiceInteractionManagerService
01-07 01:21:11.824   935   935 V SystemServerTiming: OnBootPhase_550_com.android.server.voiceinteraction.VoiceInteractionManagerService took to complete: 0ms
01-07 01:21:11.824   935   935 D SystemServerTiming: OnBootPhase_550_com.android.server.apphibernation.AppHibernationService
01-07 01:21:11.824   935   935 V SystemServerTiming: OnBootPhase_550_com.android.server.apphibernation.AppHibernationService took to complete: 0ms
01-07 01:21:11.824   935   935 D SystemServerTiming: OnBootPhase_550_com.android.server.GestureLauncherService
01-07 01:21:11.824   935   935 V SystemServerTiming: OnBootPhase_550_com.android.server.GestureLauncherService took to complete: 0ms
01-07 01:21:11.824   935   935 D SystemServerTiming: OnBootPhase_550_com.android.server.SensorNotificationService
01-07 01:21:11.824   935   935 V SystemServerTiming: OnBootPhase_550_com.android.server.SensorNotificationService took to complete: 0ms
01-07 01:21:11.824   935   935 D SystemServerTiming: OnBootPhase_550_com.android.server.emergency.EmergencyAffordanceService
01-07 01:21:11.825   935   935 V SystemServerTiming: OnBootPhase_550_com.android.server.emergency.EmergencyAffordanceService took to complete: 0ms
01-07 01:21:11.825   935   935 D SystemServerTiming: OnBootPhase_550_com.android.server.blob.BlobStoreManagerService
01-07 01:21:11.825   935   935 V SystemServerTiming: OnBootPhase_550_com.android.server.blob.BlobStoreManagerService took to complete: 0ms
01-07 01:21:11.826   935   935 D SystemServerTiming: OnBootPhase_550_com.android.server.dreams.DreamManagerService
01-07 01:21:11.826   935   935 V SystemServerTiming: OnBootPhase_550_com.android.server.dreams.DreamManagerService took to complete: 0ms
01-07 01:21:11.826   935   935 D SystemServerTiming: OnBootPhase_550_com.android.server.security.AttestationVerificationManagerService
01-07 01:21:11.826   935   935 V SystemServerTiming: OnBootPhase_550_com.android.server.security.AttestationVerificationManagerService took to complete: 0ms
01-07 01:21:11.826   935   935 D SystemServerTiming: OnBootPhase_550_com.android.server.restrictions.RestrictionsManagerService
01-07 01:21:11.826   935   935 V SystemServerTiming: OnBootPhase_550_com.android.server.restrictions.RestrictionsManagerService took to complete: 0ms
01-07 01:21:11.826   935   935 D SystemServerTiming: OnBootPhase_550_com.android.server.media.MediaSessionService
01-07 01:21:11.826   935  1183 E UsbPortManager: port status enquiry failed
01-07 01:21:11.827   935  1058 D SystemServerInitThreadPool: Finished executing UsbService$Lifecycle#onBootPhase
01-07 01:21:11.827   935  1058 V SystemServerTimingAsync: InitThreadPoolExec:UsbService$Lifecycle#onBootPhase took to complete: 3ms
01-07 01:21:11.827   935   935 V SystemServerTiming: OnBootPhase_550_com.android.server.media.MediaSessionService took to complete: 1ms
01-07 01:21:11.827   935   935 D SystemServerTiming: OnBootPhase_550_com.android.server.hdmi.HdmiControlService
01-07 01:21:11.827   935   935 V SystemServerTiming: OnBootPhase_550_com.android.server.hdmi.HdmiControlService took to complete: 0ms
01-07 01:21:11.827   935   935 D SystemServerTiming: OnBootPhase_550_com.android.server.tv.interactive.TvInteractiveAppManagerService
01-07 01:21:11.827   935   935 V SystemServerTiming: OnBootPhase_550_com.android.server.tv.interactive.TvInteractiveAppManagerService took to complete: 0ms
01-07 01:21:11.827   935   935 D SystemServerTiming: OnBootPhase_550_com.android.server.tv.TvInputManagerService
01-07 01:21:11.827   935   935 V SystemServerTiming: OnBootPhase_550_com.android.server.tv.TvInputManagerService took to complete: 0ms
01-07 01:21:11.827   935   935 D SystemServerTiming: OnBootPhase_550_com.android.server.tv.TvRemoteService
01-07 01:21:11.827   935   935 V SystemServerTiming: OnBootPhase_550_com.android.server.tv.TvRemoteService took to complete: 0ms
01-07 01:21:11.827   935   935 D SystemServerTiming: OnBootPhase_550_com.android.server.biometrics.BiometricService
01-07 01:21:11.827   935   935 V SystemServerTiming: OnBootPhase_550_com.android.server.biometrics.BiometricService took to complete: 0ms
01-07 01:21:11.827   935   935 D SystemServerTiming: OnBootPhase_550_com.android.server.biometrics.AuthService
01-07 01:21:11.827   935   935 V SystemServerTiming: OnBootPhase_550_com.android.server.biometrics.AuthService took to complete: 0ms
01-07 01:21:11.827   935   935 D SystemServerTiming: OnBootPhase_550_com.android.server.pm.ShortcutService$Lifecycle
01-07 01:21:11.827   935   935 V SystemServerTiming: OnBootPhase_550_com.android.server.pm.ShortcutService$Lifecycle took to complete: 0ms
01-07 01:21:11.827   935   935 D SystemServerTiming: OnBootPhase_550_com.android.server.pm.LauncherAppsService
01-07 01:21:11.827   935   935 V SystemServerTiming: OnBootPhase_550_com.android.server.pm.LauncherAppsService took to complete: 0ms
01-07 01:21:11.827   935   935 D SystemServerTiming: OnBootPhase_550_com.android.server.pm.CrossProfileAppsService
01-07 01:21:11.827   935   935 V SystemServerTiming: OnBootPhase_550_com.android.server.pm.CrossProfileAppsService took to complete: 0ms
01-07 01:21:11.827   935   935 D SystemServerTiming: OnBootPhase_550_com.android.server.people.PeopleService
01-07 01:21:11.827   935   935 V SystemServerTiming: OnBootPhase_550_com.android.server.people.PeopleService took to complete: 0ms
01-07 01:21:11.827   935   935 D SystemServerTiming: OnBootPhase_550_com.android.server.media.metrics.MediaMetricsManagerService
01-07 01:21:11.827   935   935 V SystemServerTiming: OnBootPhase_550_com.android.server.media.metrics.MediaMetricsManagerService took to complete: 0ms
01-07 01:21:11.828   935   935 D SystemServerTiming: OnBootPhase_550_com.android.server.media.projection.MediaProjectionManagerService
01-07 01:21:11.828   935   935 V SystemServerTiming: OnBootPhase_550_com.android.server.media.projection.MediaProjectionManagerService took to complete: 0ms
01-07 01:21:11.828   935   935 D SystemServerTiming: OnBootPhase_550_com.android.server.slice.SliceManagerService$Lifecycle
01-07 01:21:11.828   935   935 V SystemServerTiming: OnBootPhase_550_com.android.server.slice.SliceManagerService$Lifecycle took to complete: 0ms
01-07 01:21:11.828   935   935 D SystemServerTiming: OnBootPhase_550_com.android.server.stats.StatsCompanion$Lifecycle
01-07 01:21:11.828   935   935 V SystemServerTiming: OnBootPhase_550_com.android.server.stats.StatsCompanion$Lifecycle took to complete: 0ms
01-07 01:21:11.828   935   935 D SystemServerTiming: OnBootPhase_550_com.android.server.scheduling.RebootReadinessManagerService$Lifecycle
01-07 01:21:11.828   935   935 V SystemServerTiming: OnBootPhase_550_com.android.server.scheduling.RebootReadinessManagerService$Lifecycle took to complete: 0ms
01-07 01:21:11.828   935   935 D SystemServerTiming: OnBootPhase_550_com.android.server.stats.pull.StatsPullAtomService
01-07 01:21:11.828   935   935 V SystemServerTiming: OnBootPhase_550_com.android.server.stats.pull.StatsPullAtomService took to complete: 0ms
01-07 01:21:11.828   935   935 D SystemServerTiming: OnBootPhase_550_com.android.server.stats.bootstrap.StatsBootstrapAtomService$Lifecycle
01-07 01:21:11.828   935   935 V SystemServerTiming: OnBootPhase_550_com.android.server.stats.bootstrap.StatsBootstrapAtomService$Lifecycle took to complete: 0ms
01-07 01:21:11.828   935   935 D SystemServerTiming: OnBootPhase_550_com.android.server.incident.IncidentCompanionService
01-07 01:21:11.828   935   935 V SystemServerTiming: OnBootPhase_550_com.android.server.incident.IncidentCompanionService took to complete: 0ms
01-07 01:21:11.828   935   935 D SystemServerTiming: OnBootPhase_550_com.android.server.sdksandbox.SdkSandboxManagerService$Lifecycle
01-07 01:21:11.828   935   935 V SystemServerTiming: OnBootPhase_550_com.android.server.sdksandbox.SdkSandboxManagerService$Lifecycle took to complete: 0ms
01-07 01:21:11.828   935   935 D SystemServerTiming: OnBootPhase_550_com.android.server.adservices.AdServicesManagerService$Lifecycle
01-07 01:21:11.828   935   935 V SystemServerTiming: OnBootPhase_550_com.android.server.adservices.AdServicesManagerService$Lifecycle took to complete: 0ms
01-07 01:21:11.828   935   935 D SystemServerTiming: OnBootPhase_550_com.android.server.autofill.AutofillManagerService
01-07 01:21:11.828   935   935 V SystemServerTiming: OnBootPhase_550_com.android.server.autofill.AutofillManagerService took to complete: 0ms
01-07 01:21:11.828   935   935 D SystemServerTiming: OnBootPhase_550_com.android.server.clipboard.ClipboardService
01-07 01:21:11.828   935   935 V SystemServerTiming: OnBootPhase_550_com.android.server.clipboard.ClipboardService took to complete: 0ms
01-07 01:21:11.828   935   935 D SystemServerTiming: OnBootPhase_550_com.android.server.appbinding.AppBindingService$Lifecycle
01-07 01:21:11.830   935   971 I ActivityManager: Start proc 1225:com.android.systemui/u0a70 for service {com.android.systemui/com.android.systemui.wallpapers.ImageWallpaper}
01-07 01:21:11.831   935   935 I AppBindingService: Updating constants with: null
01-07 01:21:11.832   935   935 V SystemServerTiming: OnBootPhase_550_com.android.server.appbinding.AppBindingService$Lifecycle took to complete: 4ms
01-07 01:21:11.832   935   935 D SystemServerTiming: OnBootPhase_550_com.android.server.tracing.TracingServiceProxy
01-07 01:21:11.832   935   935 V SystemServerTiming: OnBootPhase_550_com.android.server.tracing.TracingServiceProxy took to complete: 0ms
01-07 01:21:11.832   935   935 D SystemServerTiming: OnBootPhase_550_com.android.server.policy.PermissionPolicyService
01-07 01:21:11.832   935   935 D SystemServerTiming: Permission_grant_default_permissions-0
01-07 01:21:11.832   935   935 V SystemServerTiming: Permission_grant_default_permissions-0 took to complete: 0ms
01-07 01:21:11.832   935   935 D SystemServerTiming: Permission_synchronize_permissions-0
01-07 01:21:11.832   935   935 D SystemServerTiming: Permission_synchronize_addPackages-0
01-07 01:21:11.834   935  1172 D AudioService: updateHdmiAudioSystemClient false
01-07 01:21:11.835   935  1172 D AudioService: setHdmiSystemAudioSupported false
01-07 01:21:11.839   935  1172 D AudioService: No vibrator found
01-07 01:21:11.856   935   935 V SystemServerTiming: Permission_synchronize_addPackages-0 took to complete: 24ms
01-07 01:21:11.856   935   935 D SystemServerTiming: Permission_syncPackages-0
01-07 01:21:11.861   935   935 V SystemServerTiming: Permission_syncPackages-0 took to complete: 5ms
01-07 01:21:11.861   935   935 V SystemServerTiming: Permission_synchronize_permissions-0 took to complete: 29ms
01-07 01:21:11.861   935   935 D SystemServerTiming: Permission_onInitialized-0
01-07 01:21:11.862   935   935 I PackageManager: Permission ownership changed. Updating all permissions.
01-07 01:21:11.866   935  1221 D CompatibilityChangeReporter: Compat change id reported: 168419799; UID 10070; state: DISABLED
01-07 01:21:11.884   935   935 W PackageManager: Package android.ext.services is an APK in APEX, but has permission allowlist on the system image. Please bundle the allowlist in the com.android.extservices APEX instead.
01-07 01:21:11.884   935   935 W PackageManager: Package android.ext.services is an APK in APEX, but has permission allowlist on the system image. Please bundle the allowlist in the com.android.extservices APEX instead.
01-07 01:21:11.884   935   935 W PackageManager: Package android.ext.services is an APK in APEX, but has permission allowlist on the system image. Please bundle the allowlist in the com.android.extservices APEX instead.
01-07 01:21:11.885   935   935 W PackageManager: Package android.ext.services is an APK in APEX, but has permission allowlist on the system image. Please bundle the allowlist in the com.android.extservices APEX instead.
01-01 00:00:22.211     0     0 E [3 T526   ..] wlan: Loading driver v5.2.1.62C.010 +TIMER_MANAGER +MEMORY_DEBUG +PANIC_ON_BUG
01-01 00:00:22.215     0     0 D [3 T526   ..] cnss: Posting event: REGISTER_DRIVER(7)-sync, state: 0x400000 flags: 0x5
01-01 00:00:22.215     0     0 D [6 T85    ..] cnss: Processing driver event: REGISTER_DRIVER-sync(7), state: 0x400000
01-01 00:00:22.215     0     0 D [6 T85    ..] cnss: Get device version info, family number: 0x4, device number: 0x17, major version: 0x2, minor version: 0x0
01-01 00:00:22.215     0     0 D [6 T85    ..] cnss: FW name is amss20.bin, FW fallback name is amss20.bin
01-01 00:00:22.215     0     0 D [6 T85    ..] cnss: New driver mode is 0
01-01 00:00:22.215     0     0 I [6 T85    ..] cnss: PCI link is already resumed
01-07 01:21:11.900   935   935 W PackageManager: Package com.android.providers.media.module is an APK in APEX, but has permission allowlist on the system image. Please bundle the allowlist in the com.android.mediaprovider APEX instead.
01-07 01:21:11.900   935   935 W PackageManager: Package com.android.providers.media.module is an APK in APEX, but has permission allowlist on the system image. Please bundle the allowlist in the com.android.mediaprovider APEX instead.
01-07 01:21:11.900   935   935 W PackageManager: Package com.android.providers.media.module is an APK in APEX, but has permission allowlist on the system image. Please bundle the allowlist in the com.android.mediaprovider APEX instead.
01-07 01:21:11.900   935   935 W PackageManager: Package com.android.providers.media.module is an APK in APEX, but has permission allowlist on the system image. Please bundle the allowlist in the com.android.mediaprovider APEX instead.
01-07 01:21:11.900   935   935 W PackageManager: Package com.android.providers.media.module is an APK in APEX, but has permission allowlist on the system image. Please bundle the allowlist in the com.android.mediaprovider APEX instead.
01-07 01:21:11.900   935   935 W PackageManager: Package com.android.providers.media.module is an APK in APEX, but has permission allowlist on the system image. Please bundle the allowlist in the com.android.mediaprovider APEX instead.
01-07 01:21:11.901   935   935 W PackageManager: Package com.android.providers.media.module is an APK in APEX, but has permission allowlist on the system image. Please bundle the allowlist in the com.android.mediaprovider APEX instead.
01-07 01:21:11.901   935   935 W PackageManager: Package com.android.providers.media.module is an APK in APEX, but has permission allowlist on the system image. Please bundle the allowlist in the com.android.mediaprovider APEX instead.
01-07 01:21:11.901   935   935 W PackageManager: Package com.android.providers.media.module is an APK in APEX, but has permission allowlist on the system image. Please bundle the allowlist in the com.android.mediaprovider APEX instead.
01-07 01:21:11.901   935   935 W PackageManager: Package com.android.providers.media.module is an APK in APEX, but has permission allowlist on the system image. Please bundle the allowlist in the com.android.mediaprovider APEX instead.
01-07 01:21:11.901   935   935 W PackageManager: Package com.android.providers.media.module is an APK in APEX, but has permission allowlist on the system image. Please bundle the allowlist in the com.android.mediaprovider APEX instead.
01-07 01:21:11.901   935   935 W PackageManager: Package com.android.providers.media.module is an APK in APEX, but has permission allowlist on the system image. Please bundle the allowlist in the com.android.mediaprovider APEX instead.
01-07 01:21:11.901   935   935 W PackageManager: Package com.android.providers.media.module is an APK in APEX, but has permission allowlist on the system image. Please bundle the allowlist in the com.android.mediaprovider APEX instead.
01-01 00:00:22.229     0     0 E [3 T85    ..] cnss: mhi_reg_write_remap ioaddr 000000008b336c2e iooffset 33030940 val 62
01-01 00:00:22.229     0     0 E [3 T85    ..] cnss: mhi_reg_write_remap ioaddr 000000008b336c2e iooffset 864 val 0
01-01 00:00:22.230     0     0 E [3 T85    ..] cnss: mhi_reg_write_remap ioaddr 000000008b336c2e iooffset 872 val 0
01-01 00:00:22.231     0     0 E [3 T85    ..] cnss: mhi_reg_write_remap ioaddr 000000008b336c2e iooffset 916 val 0
01-01 00:00:22.232     0     0 E [3 T85    ..] cnss: mhi_reg_write_remap ioaddr 000000008b336c2e iooffset 924 val 0
01-01 00:00:22.234     0     0 E [3 T85    ..] cnss: mhi_reg_write_remap ioaddr 000000008b336c2e iooffset 12296 val 5
01-07 01:21:11.910   935   935 V SystemServerTiming: Permission_onInitialized-0 took to complete: 48ms
01-07 01:21:11.910   935   935 W SystemServiceManager: Service com.android.server.policy.PermissionPolicyService took 78 ms in onBootPhase
01-07 01:21:11.910   935   935 V SystemServerTiming: OnBootPhase_550_com.android.server.policy.PermissionPolicyService took to complete: 78ms
01-07 01:21:11.910   935   935 D SystemServerTiming: OnBootPhase_550_com.android.server.pm.StagingManager$Lifecycle
01-07 01:21:11.910   935   935 V SystemServerTiming: OnBootPhase_550_com.android.server.pm.StagingManager$Lifecycle took to complete: 0ms
01-07 01:21:11.910   935   935 D SystemServerTiming: OnBootPhase_550_com.android.server.app.GameManagerService$Lifecycle
01-07 01:21:11.910   935   935 V SystemServerTiming: OnBootPhase_550_com.android.server.app.GameManagerService$Lifecycle took to complete: 0ms
01-07 01:21:11.910   935   935 D SystemServerTiming: OnBootPhase_550_com.android.safetycenter.SafetyCenterService
01-07 01:21:11.910   935   935 V SystemServerTiming: OnBootPhase_550_com.android.safetycenter.SafetyCenterService took to complete: 0ms
01-07 01:21:11.910   935   935 D SystemServerTiming: OnBootPhase_550_com.android.server.appsearch.AppSearchModule$Lifecycle
01-07 01:21:11.910   935   935 V SystemServerTiming: OnBootPhase_550_com.android.server.appsearch.AppSearchModule$Lifecycle took to complete: 0ms
01-07 01:21:11.910   935   935 D SystemServerTiming: OnBootPhase_550_com.android.server.media.MediaCommunicationService
01-07 01:21:11.910   935   935 V SystemServerTiming: OnBootPhase_550_com.android.server.media.MediaCommunicationService took to complete: 0ms
01-07 01:21:11.910   935   935 D SystemServerTiming: OnBootPhase_550_com.android.server.compat.overrides.AppCompatOverridesService$Lifecycle
01-07 01:21:11.910   935   935 V SystemServerTiming: OnBootPhase_550_com.android.server.compat.overrides.AppCompatOverridesService$Lifecycle took to complete: 0ms
01-07 01:21:11.910   935   935 V SystemServerTiming: OnBootPhase_550 took to complete: 210ms
01-07 01:21:11.910   935   935 V SystemServerTiming: StartActivityManagerReadyPhase took to complete: 210ms
01-07 01:21:11.910   935   935 D SystemServerTiming: StartObservingNativeCrashes
01-07 01:21:11.911   935   935 V SystemServerTiming: StartObservingNativeCrashes took to complete: 1ms
01-07 01:21:11.911   935   935 D SystemServerTiming: RegisterAppOpsPolicy
01-07 01:21:11.913   935   935 V SystemServerTiming: RegisterAppOpsPolicy took to complete: 2ms
01-07 01:21:11.913   935   935 D SystemServerTiming: MakeNetworkManagementServiceReady
01-07 01:21:11.914   935  1046 D SystemServerTimingAsync: InitThreadPoolExec:WebViewFactoryPreparation
01-07 01:21:11.914   935  1046 D SystemServerInitThreadPool: Started executing WebViewFactoryPreparation
01-07 01:21:11.914   935  1046 I SystemServer: WebViewFactoryPreparation
01-07 01:21:11.914   935  1046 D SystemServerTimingAsync: WebViewFactoryPreparation
01-07 01:21:11.915   935   935 V SystemServerTiming: MakeNetworkManagementServiceReady took to complete: 2ms
01-07 01:21:11.915   935   935 D SystemServerTiming: MakeConnectivityServiceReady
01-07 01:21:11.915   935  1046 E AppOps  : Bad call made by uid 1000. Package "android" does not belong to uid 1037.
01-07 01:21:11.918   935  1046 E AppOps  : checkOperation
01-07 01:21:11.918   935  1046 E AppOps  : java.lang.SecurityException: Specified package "android" under uid 1037 but it is not
01-07 01:21:11.918   935  1046 E AppOps  : 	at com.android.server.appop.AppOpsService.verifyAndGetBypass(AppOpsService.java:4700)
01-07 01:21:11.918   935  1046 E AppOps  : 	at com.android.server.appop.AppOpsService.verifyAndGetBypass(AppOpsService.java:4568)
01-07 01:21:11.918   935  1046 E AppOps  : 	at com.android.server.appop.AppOpsService.checkOperationUnchecked(AppOpsService.java:3253)
01-07 01:21:11.918   935  1046 E AppOps  : 	at com.android.server.appop.AppOpsService.checkOperationImpl(AppOpsService.java:3236)
01-07 01:21:11.918   935  1046 E AppOps  : 	at com.android.server.appop.AppOpsService.-$$Nest$mcheckOperationImpl(Unknown Source:0)
01-07 01:21:11.918   935  1046 E AppOps  : 	at com.android.server.appop.AppOpsService$CheckOpsDelegateDispatcher.lambda$checkOperation$0(AppOpsService.java:7630)
01-07 01:21:11.918   935  1046 E AppOps  : 	at com.android.server.appop.AppOpsService$CheckOpsDelegateDispatcher.$r8$lambda$KrwrxMLmGzFSEjEyo0aJ63o5J9E(Unknown Source:0)
01-07 01:21:11.918   935  1046 E AppOps  : 	at com.android.server.appop.AppOpsService$CheckOpsDelegateDispatcher$$ExternalSyntheticLambda9.apply(Unknown Source:24)
01-07 01:21:11.918   935  1046 E AppOps  : 	at com.android.server.policy.AppOpsPolicy.checkOperation(AppOpsPolicy.java:211)
01-07 01:21:11.918   935  1046 E AppOps  : 	at com.android.server.appop.AppOpsService$CheckOpsDelegateDispatcher.checkOperation(AppOpsService.java:7629)
01-07 01:21:11.918   935  1046 E AppOps  : 	at com.android.server.appop.AppOpsService.checkOperation(AppOpsService.java:3223)
01-07 01:21:11.918   935  1046 E AppOps  : 	at com.android.server.StorageManagerService$StorageManagerInternalImpl.hasExternalStorageAccess(StorageManagerService.java:4835)
01-07 01:21:11.918   935  1046 E AppOps  : 	at com.android.server.am.ProcessList.startProcessLocked(ProcessList.java:1690)
01-07 01:21:11.918   935  1046 E AppOps  : 	at com.android.server.am.ProcessList.startProcessLocked(ProcessList.java:2368)
01-07 01:21:11.918   935  1046 E AppOps  : 	at com.android.server.am.ProcessList.startProcessLocked(ProcessList.java:2508)
01-07 01:21:11.918   935  1046 E AppOps  : 	at com.android.server.am.ActivityManagerService.startIsolatedProcess(ActivityManagerService.java:2809)
01-07 01:21:11.918   935  1046 E AppOps  : 	at com.android.server.am.ActivityManagerService$LocalService.startIsolatedProcess(ActivityManagerService.java:16549)
01-07 01:21:11.918   935  1046 E AppOps  : 	at android.webkit.WebViewLibraryLoader.createRelroFile(WebViewLibraryLoader.java:126)
01-07 01:21:11.918   935  1046 E AppOps  : 	at android.webkit.WebViewLibraryLoader.createRelros(WebViewLibraryLoader.java:164)
01-07 01:21:11.918   935  1046 E AppOps  : 	at android.webkit.WebViewLibraryLoader.prepareNativeLibraries(WebViewLibraryLoader.java:152)
01-07 01:21:11.918   935  1046 E AppOps  : 	at android.webkit.WebViewFactory.onWebViewProviderChanged(WebViewFactory.java:555)
01-07 01:21:11.918   935  1046 E AppOps  : 	at com.android.server.webkit.SystemImpl.onWebViewProviderChanged(SystemImpl.java:174)
01-07 01:21:11.918   935  1046 E AppOps  : 	at com.android.server.webkit.WebViewUpdateServiceImpl.onWebViewProviderChanged(WebViewUpdateServiceImpl.java:351)
01-07 01:21:11.918   935  1046 E AppOps  : 	at com.android.server.webkit.WebViewUpdateServiceImpl.prepareWebViewInSystemServer(WebViewUpdateServiceImpl.java:182)
01-07 01:21:11.918   935  1046 E AppOps  : 	at com.android.server.webkit.WebViewUpdateService.prepareWebViewInSystemServer(WebViewUpdateService.java:129)
01-07 01:21:11.918   935  1046 E AppOps  : 	at com.android.server.SystemServer.lambda$startOtherServices$3(SystemServer.java:2828)
01-07 01:21:11.918   935  1046 E AppOps  : 	at com.android.server.SystemServer.$r8$lambda$nG7XwJlwV2eNiP3C-iTim-mbKmM(Unknown Source:0)
01-07 01:21:11.918   935  1046 E AppOps  : 	at com.android.server.SystemServer$$ExternalSyntheticLambda6.run(Unknown Source:2)
01-07 01:21:11.918   935  1046 E AppOps  : 	at com.android.server.SystemServerInitThreadPool.lambda$submitTask$0(SystemServerInitThreadPool.java:106)
01-07 01:21:11.918   935  1046 E AppOps  : 	at com.android.server.SystemServerInitThreadPool.$r8$lambda$aGlXt69ihU44Qi7EB_RNeu8pnrY(Unknown Source:0)
01-07 01:21:11.918   935  1046 E AppOps  : 	at com.android.server.SystemServerInitThreadPool$$ExternalSyntheticLambda0.run(Unknown Source:6)
01-07 01:21:11.918   935  1046 E AppOps  : 	at java.util.concurrent.Executors$RunnableAdapter.call(Executors.java:463)
01-07 01:21:11.918   935  1046 E AppOps  : 	at java.util.concurrent.FutureTask.run(FutureTask.java:264)
01-07 01:21:11.918   935  1046 E AppOps  : 	at java.util.concurrent.ThreadPoolExecutor.runWorker(ThreadPoolExecutor.java:1137)
01-07 01:21:11.918   935  1046 E AppOps  : 	at java.util.concurrent.ThreadPoolExecutor$Worker.run(ThreadPoolExecutor.java:637)
01-07 01:21:11.918   935  1046 E AppOps  : 	at com.android.internal.util.ConcurrentUtils$1$1.run(ConcurrentUtils.java:65)
01-07 01:21:11.919   935  1046 D CompatibilityChangeReporter: Compat change id reported: 135634846; UID 1000; state: DISABLED
01-07 01:21:11.919   935  1046 D CompatibilityChangeReporter: Compat change id reported: 177438394; UID 1000; state: DISABLED
01-07 01:21:11.919   935  1046 D CompatibilityChangeReporter: Compat change id reported: 135772972; UID 1000; state: DISABLED
01-07 01:21:11.919   935  1046 D CompatibilityChangeReporter: Compat change id reported: 178038272; UID 1000; state: DISABLED
01-07 01:21:11.920   935  1046 E AppOps  : Bad call made by uid 1000. Package "android" does not belong to uid 1037.
01-07 01:21:11.921   935  1046 E AppOps  : checkOperation
01-07 01:21:11.921   935  1046 E AppOps  : java.lang.SecurityException: Specified package "android" under uid 1037 but it is not
01-07 01:21:11.921   935  1046 E AppOps  : 	at com.android.server.appop.AppOpsService.verifyAndGetBypass(AppOpsService.java:4700)
01-07 01:21:11.921   935  1046 E AppOps  : 	at com.android.server.appop.AppOpsService.verifyAndGetBypass(AppOpsService.java:4568)
01-07 01:21:11.921   935  1046 E AppOps  : 	at com.android.server.appop.AppOpsService.checkOperationUnchecked(AppOpsService.java:3253)
01-07 01:21:11.921   935  1046 E AppOps  : 	at com.android.server.appop.AppOpsService.checkOperationImpl(AppOpsService.java:3236)
01-07 01:21:11.921   935  1046 E AppOps  : 	at com.android.server.appop.AppOpsService.-$$Nest$mcheckOperationImpl(Unknown Source:0)
01-07 01:21:11.921   935  1046 E AppOps  : 	at com.android.server.appop.AppOpsService$CheckOpsDelegateDispatcher.lambda$checkOperation$0(AppOpsService.java:7630)
01-07 01:21:11.921   935  1046 E AppOps  : 	at com.android.server.appop.AppOpsService$CheckOpsDelegateDispatcher.$r8$lambda$KrwrxMLmGzFSEjEyo0aJ63o5J9E(Unknown Source:0)
01-07 01:21:11.921   935  1046 E AppOps  : 	at com.android.server.appop.AppOpsService$CheckOpsDelegateDispatcher$$ExternalSyntheticLambda9.apply(Unknown Source:24)
01-07 01:21:11.921   935  1046 E AppOps  : 	at com.android.server.policy.AppOpsPolicy.checkOperation(AppOpsPolicy.java:211)
01-07 01:21:11.921   935  1046 E AppOps  : 	at com.android.server.appop.AppOpsService$CheckOpsDelegateDispatcher.checkOperation(AppOpsService.java:7629)
01-07 01:21:11.921   935  1046 E AppOps  : 	at com.android.server.appop.AppOpsService.checkOperation(AppOpsService.java:3223)
01-07 01:21:11.921   935  1046 E AppOps  : 	at com.android.server.StorageManagerService$StorageManagerInternalImpl.hasExternalStorageAccess(StorageManagerService.java:4835)
01-07 01:21:11.921   935  1046 E AppOps  : 	at com.android.server.am.ProcessList.startProcessLocked(ProcessList.java:1690)
01-07 01:21:11.921   935  1046 E AppOps  : 	at com.android.server.am.ProcessList.startProcessLocked(ProcessList.java:2368)
01-07 01:21:11.921   935  1046 E AppOps  : 	at com.android.server.am.ProcessList.startProcessLocked(ProcessList.java:2508)
01-07 01:21:11.921   935  1046 E AppOps  : 	at com.android.server.am.ActivityManagerService.startIsolatedProcess(ActivityManagerService.java:2809)
01-07 01:21:11.921   935  1046 E AppOps  : 	at com.android.server.am.ActivityManagerService$LocalService.startIsolatedProcess(ActivityManagerService.java:16549)
01-07 01:21:11.921   935  1046 E AppOps  : 	at android.webkit.WebViewLibraryLoader.createRelroFile(WebViewLibraryLoader.java:126)
01-07 01:21:11.921   935  1046 E AppOps  : 	at android.webkit.WebViewLibraryLoader.createRelros(WebViewLibraryLoader.java:170)
01-07 01:21:11.921   935  1046 E AppOps  : 	at android.webkit.WebViewLibraryLoader.prepareNativeLibraries(WebViewLibraryLoader.java:152)
01-07 01:21:11.921   935  1046 E AppOps  : 	at android.webkit.WebViewFactory.onWebViewProviderChanged(WebViewFactory.java:555)
01-07 01:21:11.921   935  1046 E AppOps  : 	at com.android.server.webkit.SystemImpl.onWebViewProviderChanged(SystemImpl.java:174)
01-07 01:21:11.921   935  1046 E AppOps  : 	at com.android.server.webkit.WebViewUpdateServiceImpl.onWebViewProviderChanged(WebViewUpdateServiceImpl.java:351)
01-07 01:21:11.921   935  1046 E AppOps  : 	at com.android.server.webkit.WebViewUpdateServiceImpl.prepareWebViewInSystemServer(WebViewUpdateServiceImpl.java:182)
01-07 01:21:11.921   935  1046 E AppOps  : 	at com.android.server.webkit.WebViewUpdateService.prepareWebViewInSystemServer(WebViewUpdateService.java:129)
01-07 01:21:11.921   935  1046 E AppOps  : 	at com.android.server.SystemServer.lambda$startOtherServices$3(SystemServer.java:2828)
01-07 01:21:11.921   935  1046 E AppOps  : 	at com.android.server.SystemServer.$r8$lambda$nG7XwJlwV2eNiP3C-iTim-mbKmM(Unknown Source:0)
01-07 01:21:11.921   935  1046 E AppOps  : 	at com.android.server.SystemServer$$ExternalSyntheticLambda6.run(Unknown Source:2)
01-07 01:21:11.921   935  1046 E AppOps  : 	at com.android.server.SystemServerInitThreadPool.lambda$submitTask$0(SystemServerInitThreadPool.java:106)
01-07 01:21:11.921   935  1046 E AppOps  : 	at com.android.server.SystemServerInitThreadPool.$r8$lambda$aGlXt69ihU44Qi7EB_RNeu8pnrY(Unknown Source:0)
01-07 01:21:11.921   935  1046 E AppOps  : 	at com.android.server.SystemServerInitThreadPool$$ExternalSyntheticLambda0.run(Unknown Source:6)
01-07 01:21:11.921   935  1046 E AppOps  : 	at java.util.concurrent.Executors$RunnableAdapter.call(Executors.java:463)
01-07 01:21:11.921   935  1046 E AppOps  : 	at java.util.concurrent.FutureTask.run(FutureTask.java:264)
01-07 01:21:11.921   935  1046 E AppOps  : 	at java.util.concurrent.ThreadPoolExecutor.runWorker(ThreadPoolExecutor.java:1137)
01-07 01:21:11.921   935  1046 E AppOps  : 	at java.util.concurrent.ThreadPoolExecutor$Worker.run(ThreadPoolExecutor.java:637)
01-07 01:21:11.921   935  1046 E AppOps  : 	at com.android.internal.util.ConcurrentUtils$1$1.run(ConcurrentUtils.java:65)
01-07 01:21:11.922   935  1046 V SystemServerTimingAsync: WebViewFactoryPreparation took to complete: 8ms
01-07 01:21:11.922   935  1046 D SystemServerInitThreadPool: Finished executing WebViewFactoryPreparation
01-07 01:21:11.922   935  1046 V SystemServerTimingAsync: InitThreadPoolExec:WebViewFactoryPreparation took to complete: 8ms
01-01 00:00:22.253     0     0 E [4 T85    ..] cnss: mhi_reg_write_remap ioaddr 000000008b336c2e iooffset 12296 val 4
01-07 01:21:11.926   935  1148 W NetworkPolicy: setRestrictBackgroundUL: already false
01-07 01:21:11.942   935  1148 D CompatibilityChangeReporter: Compat change id reported: 218533173; UID 10065; state: ENABLED
01-07 01:21:11.945   935  1148 D CompatibilityChangeReporter: Compat change id reported: 218533173; UID 10100; state: ENABLED
01-07 01:21:11.947   935  1148 D CompatibilityChangeReporter: Compat change id reported: 218533173; UID 10105; state: ENABLED
01-07 01:21:11.948   935  1148 D CompatibilityChangeReporter: Compat change id reported: 218533173; UID 10092; state: DISABLED
01-07 01:21:11.948   935  1148 D CompatibilityChangeReporter: Compat change id reported: 218533173; UID 10039; state: ENABLED
