01-07 07:25:07.851     0     0 D [3 T1042  ..] iec_info: rate: 48000, codec_type:0x0, channel status L:0x2000100, R:0x2000100
01-07 07:25:07.851     0     0 I         : [3 T1042  ..] err chn msk, must larger than 0
01-07 07:25:07.851     0     0 I         : [3 T1042  ..] hdmitx_notify_callback_a[3794] aud_src_if is 0, aud_output_ch is 0x0, reset aud_output_ch as 0
01-07 07:25:07.851     0     0 D [3 T1042  ..] [snd-soc]: spdif_b fifo ctrl, frddr:0 type:1, 16 bits, chmask 0x3, swap 0x10
01-07 07:25:07.851     0     0 D [3 T1042  ..] iec_info: rate: 48000, codec_type:0x0, channel status L:0x2000100, R:0x2000100
01-07 07:25:07.866     0     0 I         : [3 T1042  ..] asoc-aml-card auge_sound: TDM[1] Playback enable
01-07 07:25:07.866     0     0 D [3 T1042  ..] [snd-soc]: spdif_a is set to enable
01-07 07:25:07.866     0     0 D [3 T1042  ..] [snd-soc]: spdif_b is set to enable
01-07 07:25:08.030     0     0 E [7 T1     ..] init: Control message: Could not find 'aidl/package_native' for ctl.interface_start from pid: 314 (/system/bin/servicemanager)
01-07 07:25:08.384     0     0 E [7 T1     ..] init: Control message: Could not find 'aidl/device_state' for ctl.interface_start from pid: 314 (/system/bin/servicemanager)
01-07 07:25:08.404   357   373 I keystore2: keystore2::watchdog: Watchdog thread idle -> terminating. Have a great day.
01-07 07:25:09.030     0     0 E [4 T1     ..] init: Control message: Could not find 'aidl/package_native' for ctl.interface_start from pid: 314 (/system/bin/servicemanager)
01-07 07:25:09.109   939  1015 I PackageParsing: Parse times for '/data/apex/active/com.sonos.player@4.apex': parse=1592ms, update_cache=2 ms
01-07 07:25:09.117   939   939 D CompatibilityChangeReporter: Compat change id reported: 143539591; UID -1; state: DISABLED
01-07 07:25:09.117   939   939 D CompatibilityChangeReporter: Compat change id reported: 168782947; UID -1; state: ENABLED
01-07 07:25:09.124   939   939 W PackageManager: Failed to parse /product/overlay/TvWifiOverlay.apk: /product/overlay/TvWifiOverlay.apk (at Binary XML file line #23): <overlay> priority must be between 0 and 9999
01-07 07:25:09.142   939   939 W PackageManager: Failed to parse /system/framework/arm64: Missing base APK in /system/framework/arm64
01-07 07:25:09.142   939   939 W PackageManager: Failed to parse /system/framework/oat: Missing base APK in /system/framework/oat
01-07 07:25:09.143   939   939 W PackageManager: Failed to parse /system/framework/arm: Missing base APK in /system/framework/arm
01-07 07:25:09.171     0     0 I [4 T449   ..] AidlLazyServiceRegistrar: Process has 1 (of 1 available) client(s) in use after notification apexservice has clients: 1
01-07 07:25:09.171     0     0 I [4 T449   ..] AidlLazyServiceRegistrar: Shutdown prevented by forcePersist override flag.
01-07 07:25:09.183   939   939 D CompatibilityChangeReporter: Compat change id reported: 168782947; UID -1; state: DISABLED
01-07 07:25:09.189   939   939 I PackageManager: /system/priv-app/NetworkStack changed; collecting certs
01-07 07:25:09.193   939   939 I PackageManager: Update system package com.android.networkstack code path from /system/priv-app/NetworkStackNext to /system/priv-app/NetworkStack; Retain data and using new
01-07 07:25:09.195   939   939 I PackageManager: /system/priv-app/NetworkStackNext changed; collecting certs
01-07 07:25:09.198   939   939 W PackageManager: Failed to scan /system/priv-app/NetworkStackNext: Application package com.android.networkstack already installed.  Skipping duplicate.
01-07 07:25:09.323   939   939 I ApexManager: Registering com.android.bluetooth as apk-in-apex of com.android.btservices
01-07 07:25:09.326   939   939 I ApexManager: Registering com.android.ondevicepersonalization.services as apk-in-apex of com.android.ondevicepersonalization
01-07 07:25:09.331   939   939 I ApexManager: Registering com.android.cts.priv.ctsshim as apk-in-apex of com.android.apex.cts.shim
01-07 07:25:09.335   939   939 I ApexManager: Registering com.android.cts.ctsshim as apk-in-apex of com.android.apex.cts.shim
01-07 07:25:09.340   939   939 I ApexManager: Registering android.ext.services as apk-in-apex of com.android.extservices
01-07 07:25:09.344   939   939 I ApexManager: Registering com.android.wifi.resources as apk-in-apex of com.android.wifi
01-07 07:25:09.347   939   939 I ApexManager: Registering com.android.hotspot2.osulogin as apk-in-apex of com.android.wifi
01-07 07:25:09.349   939   939 I ApexManager: Registering com.android.wifi.dialog as apk-in-apex of com.android.wifi
01-07 07:25:09.371   939   939 I ApexManager: Registering com.sonos.connectivity as apk-in-apex of com.sonos.player
01-07 07:25:09.376   939   939 I ApexManager: Registering com.android.connectivity.resources as apk-in-apex of com.android.tethering
01-07 07:25:09.377   939   939 I ApexManager: Registering com.android.networkstack.tethering as apk-in-apex of com.android.tethering
01-07 07:25:09.381   939   939 I ApexManager: Registering com.android.nearby.halfsheet as apk-in-apex of com.android.tethering
01-07 07:25:09.385     0     0 E [6 T1     ..] init: Control message: Could not find 'aidl/device_state' for ctl.interface_start from pid: 314 (/system/bin/servicemanager)
01-07 07:25:09.388   939   939 I ApexManager: Registering com.android.providers.media.module as apk-in-apex of com.android.mediaprovider
01-07 07:25:09.394   939   939 I ApexManager: Registering com.android.uwb.resources as apk-in-apex of com.android.uwb
01-07 07:25:09.399   939   939 I ApexManager: Registering com.android.adservices.api as apk-in-apex of com.android.adservices
01-07 07:25:09.404   939   939 I ApexManager: Registering com.android.sdksandbox as apk-in-apex of com.android.adservices
01-07 07:25:09.408   939   939 I ApexManager: Registering com.android.safetycenter.resources as apk-in-apex of com.android.permission
01-07 07:25:09.412   939   939 I ApexManager: Registering com.android.permissioncontroller as apk-in-apex of com.android.permission
01-07 07:25:09.422   939   939 I PackageManager: Finished scanning system apps. Time: 2013 ms, packageCount: 115 , timePerPackage: 17 , cached: 142
01-07 07:25:09.423   939   939 I PackageManager: Finished scanning non-system apps. Time: 1 ms, packageCount: 0 , timePerPackage: 0 , cached: 0
01-07 07:25:09.427   939   939 I PackageManager: Time to scan packages: 2.018 seconds
01-07 07:25:09.427   939   939 I PackageManager: Permission ownership changed. Updating all permissions.
01-07 07:25:09.436   939   939 W PackageManager: Package android.ext.services is an APK in APEX, but has permission allowlist on the system image. Please bundle the allowlist in the com.android.extservices APEX instead.
01-07 07:25:09.436   939   939 W PackageManager: Package android.ext.services is an APK in APEX, but has permission allowlist on the system image. Please bundle the allowlist in the com.android.extservices APEX instead.
01-07 07:25:09.436   939   939 W PackageManager: Package android.ext.services is an APK in APEX, but has permission allowlist on the system image. Please bundle the allowlist in the com.android.extservices APEX instead.
01-07 07:25:09.436   939   939 W PackageManager: Package android.ext.services is an APK in APEX, but has permission allowlist on the system image. Please bundle the allowlist in the com.android.extservices APEX instead.
01-07 07:25:09.446   939   939 W PackageManager: Package com.android.providers.media.module is an APK in APEX, but has permission allowlist on the system image. Please bundle the allowlist in the com.android.mediaprovider APEX instead.
01-07 07:25:09.446   939   939 W PackageManager: Package com.android.providers.media.module is an APK in APEX, but has permission allowlist on the system image. Please bundle the allowlist in the com.android.mediaprovider APEX instead.
01-07 07:25:09.446   939   939 W PackageManager: Package com.android.providers.media.module is an APK in APEX, but has permission allowlist on the system image. Please bundle the allowlist in the com.android.mediaprovider APEX instead.
01-07 07:25:09.446   939   939 W PackageManager: Package com.android.providers.media.module is an APK in APEX, but has permission allowlist on the system image. Please bundle the allowlist in the com.android.mediaprovider APEX instead.
01-07 07:25:09.446   939   939 W PackageManager: Package com.android.providers.media.module is an APK in APEX, but has permission allowlist on the system image. Please bundle the allowlist in the com.android.mediaprovider APEX instead.
01-07 07:25:09.446   939   939 W PackageManager: Package com.android.providers.media.module is an APK in APEX, but has permission allowlist on the system image. Please bundle the allowlist in the com.android.mediaprovider APEX instead.
01-07 07:25:09.446   939   939 W PackageManager: Package com.android.providers.media.module is an APK in APEX, but has permission allowlist on the system image. Please bundle the allowlist in the com.android.mediaprovider APEX instead.
01-07 07:25:09.446   939   939 W PackageManager: Package com.android.providers.media.module is an APK in APEX, but has permission allowlist on the system image. Please bundle the allowlist in the com.android.mediaprovider APEX instead.
01-07 07:25:09.446   939   939 W PackageManager: Package com.android.providers.media.module is an APK in APEX, but has permission allowlist on the system image. Please bundle the allowlist in the com.android.mediaprovider APEX instead.
01-07 07:25:09.446   939   939 W PackageManager: Package com.android.providers.media.module is an APK in APEX, but has permission allowlist on the system image. Please bundle the allowlist in the com.android.mediaprovider APEX instead.
01-07 07:25:09.446   939   939 W PackageManager: Package com.android.providers.media.module is an APK in APEX, but has permission allowlist on the system image. Please bundle the allowlist in the com.android.mediaprovider APEX instead.
01-07 07:25:09.446   939   939 W PackageManager: Package com.android.providers.media.module is an APK in APEX, but has permission allowlist on the system image. Please bundle the allowlist in the com.android.mediaprovider APEX instead.
01-07 07:25:09.446   939   939 W PackageManager: Package com.android.providers.media.module is an APK in APEX, but has permission allowlist on the system image. Please bundle the allowlist in the com.android.mediaprovider APEX instead.
01-07 07:25:09.452   939   939 V PackageManager: reconcileAppsData for null u0 0x1 migrateAppData=true
01-07 07:25:09.487   939   939 V PackageManager: reconcileAppsData finished 16 packages
01-07 07:25:09.488   939   939 D PackageManagerTiming: write settings
01-07 07:25:09.488   939  1056 D SystemServerTimingAsync: InitThreadPoolExec:prepareAppData
01-07 07:25:09.489   939  1056 D SystemServerInitThreadPool: Started executing prepareAppData
01-07 07:25:09.511   939   939 V PackageManagerTiming: write settings took to complete: 23ms
01-07 07:25:09.511   939   939 W PackageManager: Domain verification agent not found
01-07 07:25:09.513   939   939 D PackageManager: Ephemeral resolver NOT found; no matching intent filters
01-07 07:25:09.513   939   939 D PackageManager: Instant App installer not found with android.intent.action.INSTALL_INSTANT_APP_PACKAGE
01-07 07:25:09.513   939   939 D PackageManager: Clear ephemeral installer activity
01-07 07:25:09.516   939   939 D PackageManagerTiming: GC
01-07 07:25:09.516   939   939 V PackageManagerTiming: GC took to complete: 0ms
01-07 07:25:09.516   939   939 I PackageManager: Fix for b/169414761 is applied
01-07 07:25:09.517   939   939 V PackageManagerTiming: create package manager took to complete: 2306ms
01-07 07:25:09.517   939   939 V UserSystemPackageInstaller: Checking that all system packages are whitelisted.
01-07 07:25:09.522   939   939 V UserSystemPackageInstaller: checkWhitelistedSystemPackages(mode=d) has no warnings
01-07 07:25:09.524   939   939 I Watchdog: Resuming HandlerChecker: main thread for reason: packagemanagermain. Pause count: 0
01-07 07:25:09.524   939   939 I SystemServerDexLoadReporter: Configuring system server dex reporter
01-07 07:25:09.526   939   939 V SystemServerTiming: StartPackageManagerService took to complete: 2319ms
01-07 07:25:09.526   939   939 D SystemServerTiming: StartOtaDexOptService
01-07 07:25:09.526   939   939 I Watchdog: Pausing HandlerChecker: main thread for reason: moveab. Pause count: 1
01-07 07:25:09.527   939   939 D OTADexopt: No upgrade, skipping A/B artifacts check.
01-07 07:25:09.527   939   939 I Watchdog: Resuming HandlerChecker: main thread for reason: moveab. Pause count: 0
01-07 07:25:09.527   939   939 V SystemServerTiming: StartOtaDexOptService took to complete: 1ms
01-07 07:25:09.527   939   939 D SystemServerTiming: StartUserManagerService
01-07 07:25:09.527   939   939 I SystemServiceManager: Starting com.android.server.pm.UserManagerService$LifeCycle
01-07 07:25:09.527   939   939 V SystemServerTiming: StartUserManagerService took to complete: 0ms
01-07 07:25:09.527   939   939 D SystemServerTiming: InitAttributerCache
01-07 07:25:09.527   939   939 V SystemServerTiming: InitAttributerCache took to complete: 0ms
01-07 07:25:09.527   939   939 D SystemServerTiming: SetSystemProcess
01-07 07:25:09.531   939   958 V HistoricalRegistry: Interaction before persistence initialized
01-07 07:25:09.532   939   979 I ActivityManager: Connection with lmkd established
01-07 07:25:09.534   939   939 V SystemServerTiming: SetSystemProcess took to complete: 7ms
01-07 07:25:09.535   939   939 D CompatibilityChangeReporter: Compat change id reported: 161145287; UID 1000; state: DISABLED
01-07 07:25:09.536   939   939 D SystemServerTiming: InitWatchdog
01-07 07:25:09.536   939   939 V SystemServerTiming: InitWatchdog took to complete: 0ms
01-07 07:25:09.553   939   939 D SystemServerTiming: StartOverlayManagerService
01-07 07:25:09.580   939  1056 V SystemServerTimingAsync: AppDataFixup took to complete: 91ms
01-07 07:25:09.581   939  1056 W PackageManager: Skipping preparing app data for com.android.sdksandbox
01-07 07:25:09.625   939   939 V SystemServerTiming: StartOverlayManagerService took to complete: 72ms
01-07 07:25:09.625   939   939 D SystemServerTiming: StartResourcesManagerService
01-07 07:25:09.626   939   939 V SystemServerTiming: StartResourcesManagerService took to complete: 1ms
01-07 07:25:09.626   939   939 D SystemServerTiming: StartSensorPrivacyService
01-07 07:25:09.628   939   968 W ActivityTaskManager: Skip updateConfiguration because mWindowManager isn't set
01-07 07:25:09.630   939   939 V SystemServerTiming: StartSensorPrivacyService took to complete: 4ms
01-07 07:25:09.630   939   939 D SystemServerTiming: StartSensorService
01-07 07:25:09.630   939   939 I SystemServiceManager: Starting com.android.server.sensors.SensorService
01-07 07:25:09.630   939   939 V SystemServerTiming: StartSensorService took to complete: 0ms
01-07 07:25:09.630   939   939 V SystemServerTiming: startBootstrapServices took to complete: 2786ms
01-07 07:25:09.630   939   939 D SystemServerTiming: startCoreServices
01-07 07:25:09.630   939  1062 D SystemServerTimingAsync: InitThreadPoolExec:StartNativeSensorService
01-07 07:25:09.630   939  1062 D SystemServerInitThreadPool: Started executing StartNativeSensorService
01-07 07:25:09.630   939   939 D SystemServerTiming: StartSystemConfigService
01-07 07:25:09.630   939  1062 D SystemServerTimingAsync: StartNativeSensorService
01-07 07:25:09.630   939   939 I SystemServiceManager: Starting com.android.server.SystemConfigService
01-07 07:25:09.631   939   939 V SystemServerTiming: StartSystemConfigService took to complete: 1ms
01-07 07:25:09.631   939   939 D SystemServerTiming: StartBatteryService
01-07 07:25:09.631   939   939 I SystemServiceManager: Starting com.android.server.BatteryService
01-07 07:25:09.637   939  1062 V SystemServerTimingAsync: StartNativeSensorService took to complete: 7ms
01-07 07:25:09.637   939  1062 D SystemServerInitThreadPool: Finished executing StartNativeSensorService
01-07 07:25:09.637   939  1062 V SystemServerTimingAsync: InitThreadPoolExec:StartNativeSensorService took to complete: 7ms
01-07 07:25:09.639   939   939 I HealthServiceWrapperAidl: health: HealthServiceWrapper listening to AIDL HAL
01-07 07:25:09.639   939   939 I BatteryService: health: Waited 0ms and received the update.
01-07 07:25:09.642     0     0 W [1 T514   ..] healthd: battery none chg=
01-07 07:25:09.640   939   939 V SystemServerTiming: StartBatteryService took to complete: 8ms
01-07 07:25:09.640   939   939 D SystemServerTiming: StartUsageService
01-07 07:25:09.640   939   939 I SystemServiceManager: Starting com.android.server.usage.UsageStatsService
01-07 07:25:09.643   939   939 V SystemServerTiming: StartUsageService took to complete: 3ms
01-07 07:25:09.643   939   939 D SystemServerTiming: StartWebViewUpdateService
01-07 07:25:09.643   939   939 I SystemServiceManager: Starting com.android.server.webkit.WebViewUpdateService
01-07 07:25:09.645   939   939 V SystemServerTiming: StartWebViewUpdateService took to complete: 2ms
01-07 07:25:09.645   939   939 D SystemServerTiming: StartCachedDeviceStateService
01-07 07:25:09.645   939   939 I SystemServiceManager: Starting com.android.server.CachedDeviceStateService
01-07 07:25:09.645   939   939 V SystemServerTiming: StartCachedDeviceStateService took to complete: 0ms
01-07 07:25:09.645   939   939 D SystemServerTiming: StartBinderCallsStatsService
01-07 07:25:09.645   939   939 I SystemServiceManager: Starting com.android.server.BinderCallsStatsService$LifeCycle
01-07 07:25:09.646   939   939 V SystemServerTiming: StartBinderCallsStatsService took to complete: 1ms
01-07 07:25:09.646   939   939 D SystemServerTiming: StartLooperStatsService
01-07 07:25:09.646   939   939 I SystemServiceManager: Starting com.android.server.LooperStatsService$Lifecycle
01-07 07:25:09.646   939   939 V SystemServerTiming: StartLooperStatsService took to complete: 0ms
01-07 07:25:09.646   939   939 D SystemServerTiming: StartRollbackManagerService
01-07 07:25:09.646   939   939 I SystemServiceManager: Starting com.android.server.rollback.RollbackManagerService
01-07 07:25:09.651   939   939 I PackageWatchdog: Syncing state, reason: added new observer
01-07 07:25:09.651   939   939 I PackageWatchdog: Not pruning observers, elapsed time: 0ms
01-07 07:25:09.652   939   939 I PackageWatchdog: Cancelling state sync, nothing to sync
01-07 07:25:09.652   939   976 I PackageWatchdog: Saving observer state to file
01-07 07:25:09.656   939   939 V SystemServerTiming: StartRollbackManagerService took to complete: 9ms
01-07 07:25:09.656   939   939 D SystemServerTiming: StartNativeTombstoneManagerService
01-07 07:25:09.656   939   939 I SystemServiceManager: Starting com.android.server.os.NativeTombstoneManagerService
01-07 07:25:09.656   939   939 V SystemServerTiming: StartNativeTombstoneManagerService took to complete: 0ms
01-07 07:25:09.657   939   939 D SystemServerTiming: StartBugreportManagerService
01-07 07:25:09.657   939   939 I SystemServiceManager: Starting com.android.server.os.BugreportManagerService
01-07 07:25:09.657   939   939 V SystemServerTiming: StartBugreportManagerService took to complete: 1ms
01-07 07:25:09.657   939   939 D SystemServerTiming: GpuService
01-07 07:25:09.657   939   939 I SystemServiceManager: Starting com.android.server.gpu.GpuService
01-07 07:25:09.657   939   939 V SystemServerTiming: GpuService took to complete: 0ms
01-07 07:25:09.657   939   939 V SystemServerTiming: startCoreServices took to complete: 27ms
01-07 07:25:09.657   939   939 D SystemServerTiming: startOtherServices
01-07 07:25:09.658   939   939 D SystemServerTiming: StartKeyAttestationApplicationIdProviderService
01-07 07:25:09.658   939  1070 D SystemServerTimingAsync: InitThreadPoolExec:SecondaryZygotePreload
01-07 07:25:09.658   939  1070 D SystemServerInitThreadPool: Started executing SecondaryZygotePreload
01-07 07:25:09.658   939  1070 I SystemServer: SecondaryZygotePreload
01-07 07:25:09.658   939  1070 D SystemServerTimingAsync: SecondaryZygotePreload
01-07 07:25:09.658   939   939 V SystemServerTiming: StartKeyAttestationApplicationIdProviderService took to complete: 0ms
01-07 07:25:09.658   939   939 D SystemServerTiming: StartKeyChainSystemService
01-07 07:25:09.658   939   939 I SystemServiceManager: Starting com.android.server.security.KeyChainSystemService
01-07 07:25:09.658   939   939 V SystemServerTiming: StartKeyChainSystemService took to complete: 0ms
01-07 07:25:09.658   939   939 D SystemServerTiming: StartBinaryTransparencyService
01-07 07:25:09.658   939   939 I SystemServiceManager: Starting com.android.server.BinaryTransparencyService
01-07 07:25:09.659   939   939 I TransparencyService: Started BinaryTransparencyService
01-07 07:25:09.659   939   939 V SystemServerTiming: StartBinaryTransparencyService took to complete: 1ms
01-07 07:25:09.659   939   939 D SystemServerTiming: StartSchedulingPolicyService
01-07 07:25:09.660   939  1071 D SystemServerTimingAsync: InitThreadPoolExec:SchedulingPolicyService.<init>
01-07 07:25:09.660   939  1071 D SystemServerInitThreadPool: Started executing SchedulingPolicyService.<init>
01-07 07:25:09.660   939   939 V SystemServerTiming: StartSchedulingPolicyService took to complete: 1ms
01-07 07:25:09.660   939   939 D SystemServerTiming: StartTelephonyRegistry
01-07 07:25:09.661   939   939 V SystemServerTiming: StartTelephonyRegistry took to complete: 1ms
01-07 07:25:09.661   939   939 D SystemServerTiming: StartEntropyMixer
01-07 07:25:09.662   939   939 I EntropyMixer: Loaded existing seed file
01-07 07:25:09.663   939   939 I EntropyMixer: Updated seed file
01-07 07:25:09.664   939   939 V SystemServerTiming: StartEntropyMixer took to complete: 2ms
01-07 07:25:09.664   939   939 D SystemServerTiming: StartAccountManagerService
01-07 07:25:09.664   939   939 I SystemServiceManager: Starting com.android.server.accounts.AccountManagerService$Lifecycle
01-07 07:25:09.670   939   939 V SystemServerTiming: StartAccountManagerService took to complete: 6ms
01-07 07:25:09.670   939   939 D SystemServerTiming: StartContentService
01-07 07:25:09.670   939   939 I SystemServiceManager: Starting com.android.server.content.ContentService$Lifecycle
01-07 07:25:09.672   939   939 V SystemServerTiming: StartContentService took to complete: 2ms
01-07 07:25:09.672   939   939 D SystemServerTiming: InstallSystemProviders
01-07 07:25:09.674   939  1071 D SystemServerInitThreadPool: Finished executing SchedulingPolicyService.<init>
01-07 07:25:09.674   939  1071 V SystemServerTimingAsync: InitThreadPoolExec:SchedulingPolicyService.<init> took to complete: 13ms
01-07 07:25:09.713   939  1056 V SystemServerTimingAsync: AppDataPrepare took to complete: 133ms
01-07 07:25:09.713   939  1056 I PackageManager: Deferred reconcileAppsData finished 99 packages
01-07 07:25:09.713   939  1056 D SystemServerInitThreadPool: Finished executing prepareAppData
01-07 07:25:09.713   939  1056 V SystemServerTimingAsync: InitThreadPoolExec:prepareAppData took to complete: 225ms
01-07 07:25:09.728   939   977 D ActivityManager: Freezer enabled
01-07 07:25:09.728   939   977 D ActivityManager: freezer override set to false
01-07 07:25:09.729   939   939 V SystemServerTiming: InstallSystemProviders took to complete: 56ms
01-07 07:25:09.729   939   939 D SystemServerTiming: UpdateWatchdogTimeout
01-07 07:25:09.729   939   939 I Watchdog: Watchdog timeout updated to 60000 millis
01-07 07:25:09.729   939   939 V SystemServerTiming: UpdateWatchdogTimeout took to complete: 0ms
01-07 07:25:09.729   939   939 D SystemServerTiming: StartDropBoxManager
01-07 07:25:09.729   939   939 I SystemServiceManager: Starting com.android.server.DropBoxManagerService
01-07 07:25:09.730   939   939 V SystemServerTiming: StartDropBoxManager took to complete: 0ms
01-07 07:25:09.730   939   939 D SystemServerTiming: StartRoleManagerService
01-07 07:25:09.730   939   939 I SystemServiceManager: Starting com.android.role.RoleService
01-07 07:25:09.751   939   939 V SystemServerTiming: StartRoleManagerService took to complete: 21ms
01-07 07:25:09.751   939   939 D SystemServerTiming: StartVibratorManagerService
01-07 07:25:09.751   939   939 I SystemServiceManager: Starting com.android.server.vibrator.VibratorManagerService$Lifecycle
01-07 07:25:09.753   498   498 V ZygoteInitTiming_lazy: BeginPreload took to complete: 93ms
01-07 07:25:09.756   939   939 V SystemServerTiming: StartVibratorManagerService took to complete: 5ms
01-07 07:25:09.757   939   939 D SystemServerTiming: StartDynamicSystemService
01-07 07:25:09.757   939   939 V SystemServerTiming: StartDynamicSystemService took to complete: 1ms
01-07 07:25:09.757   939   939 D SystemServerTiming: StartConsumerIrService
01-07 07:25:09.758   939   939 V SystemServerTiming: StartConsumerIrService took to complete: 1ms
01-07 07:25:09.758   939   939 D SystemServerTiming: StartResourceEconomy
01-07 07:25:09.759   939   939 I SystemServiceManager: Starting com.android.server.tare.InternalResourceService
01-07 07:25:09.763   939   939 V SystemServerTiming: StartResourceEconomy took to complete: 5ms
01-07 07:25:09.763   939   939 D SystemServerTiming: StartAlarmManagerService
01-07 07:25:09.764   939   939 I SystemServiceManager: Starting com.android.server.alarm.AlarmManagerService
01-07 07:25:09.769   939   939 V SystemServerTiming: StartAlarmManagerService took to complete: 6ms
01-07 07:25:09.770   939   939 D SystemServerTiming: StartInputManagerService
01-07 07:25:09.775   939   939 I InputManager: Initializing input manager, mUseDevInputEventForAudioJack=false
01-07 07:25:09.776   939   939 V SystemServerTiming: StartInputManagerService took to complete: 5ms
01-07 07:25:09.776   939   939 D SystemServerTiming: DeviceStateManagerService
01-07 07:25:09.776   939   939 I SystemServiceManager: Starting com.android.server.devicestate.DeviceStateManagerService
01-07 07:25:09.782   939   939 V SystemServerTiming: DeviceStateManagerService took to complete: 6ms
01-07 07:25:09.783   939   939 D SystemServerTiming: StartWindowManagerService
01-07 07:25:09.783   939   939 I SystemServiceManager: Starting phase 200
01-07 07:25:09.783   939   939 D SystemServerTiming: OnBootPhase_200
01-07 07:25:09.783   939   939 D SystemServerTiming: OnBootPhase_200_com.android.server.security.FileIntegrityService
01-07 07:25:09.783   939   939 V SystemServerTiming: OnBootPhase_200_com.android.server.security.FileIntegrityService took to complete: 0ms
01-07 07:25:09.783   939   939 D SystemServerTiming: OnBootPhase_200_com.android.server.pm.Installer
01-07 07:25:09.783   939   939 V SystemServerTiming: OnBootPhase_200_com.android.server.pm.Installer took to complete: 0ms
01-07 07:25:09.783   939   939 D SystemServerTiming: OnBootPhase_200_com.android.server.os.DeviceIdentifiersPolicyService
01-07 07:25:09.783   939   939 V SystemServerTiming: OnBootPhase_200_com.android.server.os.DeviceIdentifiersPolicyService took to complete: 0ms
01-07 07:25:09.783   939   939 D SystemServerTiming: OnBootPhase_200_com.android.server.uri.UriGrantsManagerService$Lifecycle
01-07 07:25:09.783   939   939 V SystemServerTiming: OnBootPhase_200_com.android.server.uri.UriGrantsManagerService$Lifecycle took to complete: 0ms
01-07 07:25:09.783   939   939 D SystemServerTiming: OnBootPhase_200_com.android.server.powerstats.PowerStatsService
01-07 07:25:09.783   939   939 V SystemServerTiming: OnBootPhase_200_com.android.server.powerstats.PowerStatsService took to complete: 0ms
01-07 07:25:09.783   939   939 D SystemServerTiming: OnBootPhase_200_com.android.server.wm.ActivityTaskManagerService$Lifecycle
01-07 07:25:09.783   939   939 V SystemServerTiming: OnBootPhase_200_com.android.server.wm.ActivityTaskManagerService$Lifecycle took to complete: 0ms
01-07 07:25:09.783   939   939 D SystemServerTiming: OnBootPhase_200_com.android.server.am.ActivityManagerService$Lifecycle
01-07 07:25:09.783   939   939 V SystemServerTiming: OnBootPhase_200_com.android.server.am.ActivityManagerService$Lifecycle took to complete: 0ms
01-07 07:25:09.783   939   939 D SystemServerTiming: OnBootPhase_200_com.android.server.pm.DataLoaderManagerService
01-07 07:25:09.783   939   939 V SystemServerTiming: OnBootPhase_200_com.android.server.pm.DataLoaderManagerService took to complete: 0ms
01-07 07:25:09.783   939   939 D SystemServerTiming: OnBootPhase_200_com.android.server.power.PowerManagerService
01-07 07:25:09.783   939   939 V SystemServerTiming: OnBootPhase_200_com.android.server.power.PowerManagerService took to complete: 0ms
01-07 07:25:09.783   939   939 D SystemServerTiming: OnBootPhase_200_com.android.server.power.ThermalManagerService
01-07 07:25:09.783   939   939 V SystemServerTiming: OnBootPhase_200_com.android.server.power.ThermalManagerService took to complete: 0ms
01-07 07:25:09.783   939   939 D SystemServerTiming: OnBootPhase_200_com.android.server.power.hint.HintManagerService
01-07 07:25:09.783   939   939 V SystemServerTiming: OnBootPhase_200_com.android.server.power.hint.HintManagerService took to complete: 0ms
01-07 07:25:09.783   939   939 D SystemServerTiming: OnBootPhase_200_com.android.server.recoverysystem.RecoverySystemService$Lifecycle
01-07 07:25:09.783   939   939 V SystemServerTiming: OnBootPhase_200_com.android.server.recoverysystem.RecoverySystemService$Lifecycle took to complete: 0ms
01-07 07:25:09.783   939   939 D SystemServerTiming: OnBootPhase_200_com.android.server.lights.LightsService
01-07 07:25:09.783   939   939 V SystemServerTiming: OnBootPhase_200_com.android.server.lights.LightsService took to complete: 0ms
01-07 07:25:09.783   939   939 D SystemServerTiming: OnBootPhase_200_com.android.server.display.DisplayManagerService
01-07 07:25:09.783   939   939 V SystemServerTiming: OnBootPhase_200_com.android.server.display.DisplayManagerService took to complete: 0ms
01-07 07:25:09.783   939   939 D SystemServerTiming: OnBootPhase_200_com.android.server.pm.verify.domain.DomainVerificationService
01-07 07:25:09.784   939   939 V SystemServerTiming: OnBootPhase_200_com.android.server.pm.verify.domain.DomainVerificationService took to complete: 0ms
01-07 07:25:09.784   939   939 D SystemServerTiming: OnBootPhase_200_com.android.server.pm.PackageInstallerService$Lifecycle
01-07 07:25:09.784   939   939 V SystemServerTiming: OnBootPhase_200_com.android.server.pm.PackageInstallerService$Lifecycle took to complete: 0ms
01-07 07:25:09.784   939   939 D SystemServerTiming: OnBootPhase_200_com.android.server.pm.UserManagerService$LifeCycle
01-07 07:25:09.784   939   939 V SystemServerTiming: OnBootPhase_200_com.android.server.pm.UserManagerService$LifeCycle took to complete: 0ms
01-07 07:25:09.785   939   939 D SystemServerTiming: OnBootPhase_200_com.android.server.om.OverlayManagerService
01-07 07:25:09.785   939   939 V SystemServerTiming: OnBootPhase_200_com.android.server.om.OverlayManagerService took to complete: 0ms
01-07 07:25:09.785   939   939 D SystemServerTiming: OnBootPhase_200_com.android.server.resources.ResourcesManagerService
01-07 07:25:09.785   939   939 V SystemServerTiming: OnBootPhase_200_com.android.server.resources.ResourcesManagerService took to complete: 0ms
01-07 07:25:09.785   939   939 D SystemServerTiming: OnBootPhase_200_com.android.server.sensorprivacy.SensorPrivacyService
01-07 07:25:09.785   939   939 V SystemServerTiming: OnBootPhase_200_com.android.server.sensorprivacy.SensorPrivacyService took to complete: 0ms
01-07 07:25:09.785   939   939 D SystemServerTiming: OnBootPhase_200_com.android.server.sensors.SensorService
01-07 07:25:09.785   939   939 V SystemServerTiming: OnBootPhase_200_com.android.server.sensors.SensorService took to complete: 0ms
01-07 07:25:09.785   939   939 D SystemServerTiming: OnBootPhase_200_com.android.server.SystemConfigService
01-07 07:25:09.785   939   939 V SystemServerTiming: OnBootPhase_200_com.android.server.SystemConfigService took to complete: 0ms
01-07 07:25:09.785   939   939 D SystemServerTiming: OnBootPhase_200_com.android.server.BatteryService
01-07 07:25:09.785   939   939 V SystemServerTiming: OnBootPhase_200_com.android.server.BatteryService took to complete: 0ms
01-07 07:25:09.785   939   939 D SystemServerTiming: OnBootPhase_200_com.android.server.usage.UsageStatsService
01-07 07:25:09.785   939   939 V SystemServerTiming: OnBootPhase_200_com.android.server.usage.UsageStatsService took to complete: 0ms
01-07 07:25:09.785   939   939 D SystemServerTiming: OnBootPhase_200_com.android.server.webkit.WebViewUpdateService
01-07 07:25:09.785   939   939 V SystemServerTiming: OnBootPhase_200_com.android.server.webkit.WebViewUpdateService took to complete: 0ms
01-07 07:25:09.785   939   939 D SystemServerTiming: OnBootPhase_200_com.android.server.CachedDeviceStateService
01-07 07:25:09.785   939   939 V SystemServerTiming: OnBootPhase_200_com.android.server.CachedDeviceStateService took to complete: 0ms
01-07 07:25:09.785   939   939 D SystemServerTiming: OnBootPhase_200_com.android.server.BinderCallsStatsService$LifeCycle
01-07 07:25:09.785   939   939 V SystemServerTiming: OnBootPhase_200_com.android.server.BinderCallsStatsService$LifeCycle took to complete: 0ms
01-07 07:25:09.785   939   939 D SystemServerTiming: OnBootPhase_200_com.android.server.LooperStatsService$Lifecycle
01-07 07:25:09.786   939   939 V SystemServerTiming: OnBootPhase_200_com.android.server.LooperStatsService$Lifecycle took to complete: 0ms
01-07 07:25:09.786   939   939 D SystemServerTiming: OnBootPhase_200_com.android.server.rollback.RollbackManagerService
01-07 07:25:09.786   939   939 V SystemServerTiming: OnBootPhase_200_com.android.server.rollback.RollbackManagerService took to complete: 1ms
01-07 07:25:09.786   939   939 D SystemServerTiming: OnBootPhase_200_com.android.server.os.NativeTombstoneManagerService
01-07 07:25:09.786   939   939 V SystemServerTiming: OnBootPhase_200_com.android.server.os.NativeTombstoneManagerService took to complete: 0ms
01-07 07:25:09.786   939   939 D SystemServerTiming: OnBootPhase_200_com.android.server.os.BugreportManagerService
01-07 07:25:09.786   939   939 V SystemServerTiming: OnBootPhase_200_com.android.server.os.BugreportManagerService took to complete: 0ms
01-07 07:25:09.786   939   939 D SystemServerTiming: OnBootPhase_200_com.android.server.gpu.GpuService
01-07 07:25:09.786   939   939 V SystemServerTiming: OnBootPhase_200_com.android.server.gpu.GpuService took to complete: 0ms
01-07 07:25:09.786   939   939 D SystemServerTiming: OnBootPhase_200_com.android.server.security.KeyChainSystemService
01-07 07:25:09.786   939   939 V SystemServerTiming: OnBootPhase_200_com.android.server.security.KeyChainSystemService took to complete: 0ms
01-07 07:25:09.786   939   939 D SystemServerTiming: OnBootPhase_200_com.android.server.BinaryTransparencyService
01-07 07:25:09.786   939   939 V SystemServerTiming: OnBootPhase_200_com.android.server.BinaryTransparencyService took to complete: 0ms
01-07 07:25:09.786   939   939 D SystemServerTiming: OnBootPhase_200_com.android.server.accounts.AccountManagerService$Lifecycle
01-07 07:25:09.786   939   939 V SystemServerTiming: OnBootPhase_200_com.android.server.accounts.AccountManagerService$Lifecycle took to complete: 0ms
01-07 07:25:09.786   939   939 D SystemServerTiming: OnBootPhase_200_com.android.server.content.ContentService$Lifecycle
01-07 07:25:09.786   939   939 V SystemServerTiming: OnBootPhase_200_com.android.server.content.ContentService$Lifecycle took to complete: 0ms
01-07 07:25:09.786   939   939 D SystemServerTiming: OnBootPhase_200_com.android.server.DropBoxManagerService
01-07 07:25:09.786   939   939 V SystemServerTiming: OnBootPhase_200_com.android.server.DropBoxManagerService took to complete: 0ms
01-07 07:25:09.786   939   939 D SystemServerTiming: OnBootPhase_200_com.android.role.RoleService
01-07 07:25:09.786   939   939 V SystemServerTiming: OnBootPhase_200_com.android.role.RoleService took to complete: 0ms
01-07 07:25:09.786   939   939 D SystemServerTiming: OnBootPhase_200_com.android.server.vibrator.VibratorManagerService$Lifecycle
01-07 07:25:09.786   939   939 V SystemServerTiming: OnBootPhase_200_com.android.server.vibrator.VibratorManagerService$Lifecycle took to complete: 0ms
01-07 07:25:09.786   939   939 D SystemServerTiming: OnBootPhase_200_com.android.server.tare.InternalResourceService
01-07 07:25:09.786   939   939 V SystemServerTiming: OnBootPhase_200_com.android.server.tare.InternalResourceService took to complete: 0ms
01-07 07:25:09.786   939   939 D SystemServerTiming: OnBootPhase_200_com.android.server.alarm.AlarmManagerService
01-07 07:25:09.786   939   939 V SystemServerTiming: OnBootPhase_200_com.android.server.alarm.AlarmManagerService took to complete: 0ms
01-07 07:25:09.786   939   939 D SystemServerTiming: OnBootPhase_200_com.android.server.devicestate.DeviceStateManagerService
01-07 07:25:09.786   939   939 V SystemServerTiming: OnBootPhase_200_com.android.server.devicestate.DeviceStateManagerService took to complete: 0ms
01-07 07:25:09.786   939   939 V SystemServerTiming: OnBootPhase_200 took to complete: 3ms
01-07 07:25:09.787   939   939 I WindowManager: No existing display settings, starting empty
01-07 07:25:09.787   939   939 I WindowManager: No existing display settings, starting empty
01-07 07:25:09.791   939   971 E WindowManager: Error reading from LetterboxConfigurationPersister. Using default values!
01-07 07:25:09.791   939   971 E WindowManager: java.io.FileNotFoundException: /data/system/letterbox_config: open failed: ENOENT (No such file or directory)
01-07 07:25:09.791   939   971 E WindowManager: 	at libcore.io.IoBridge.open(IoBridge.java:574)
01-07 07:25:09.791   939   971 E WindowManager: 	at java.io.FileInputStream.<init>(FileInputStream.java:160)
01-07 07:25:09.791   939   971 E WindowManager: 	at android.util.AtomicFile.openRead(AtomicFile.java:260)
01-07 07:25:09.791   939   971 E WindowManager: 	at com.android.server.wm.LetterboxConfigurationPersister.readCurrentConfiguration(LetterboxConfigurationPersister.java:221)
01-07 07:25:09.791   939   971 E WindowManager: 	at com.android.server.wm.LetterboxConfigurationPersister.<init>(LetterboxConfigurationPersister.java:128)
01-07 07:25:09.791   939   971 E WindowManager: 	at com.android.server.wm.LetterboxConfigurationPersister.<init>(LetterboxConfigurationPersister.java:101)
01-07 07:25:09.791   939   971 E WindowManager: 	at com.android.server.wm.LetterboxConfiguration.<init>(LetterboxConfiguration.java:242)
01-07 07:25:09.791   939   971 E WindowManager: 	at com.android.server.wm.WindowManagerService.<init>(WindowManagerService.java:1224)
01-07 07:25:09.791   939   971 E WindowManager: 	at com.android.server.wm.WindowManagerService.lambda$main$1(WindowManagerService.java:1168)
01-07 07:25:09.791   939   971 E WindowManager: 	at com.android.server.wm.WindowManagerService.$r8$lambda$mdM6IEP25omWg9Thw5NvWNLhRLE(Unknown Source:0)
01-07 07:25:09.791   939   971 E WindowManager: 	at com.android.server.wm.WindowManagerService$$ExternalSyntheticLambda3.run(Unknown Source:20)
01-07 07:25:09.791   939   971 E WindowManager: 	at android.os.Handler$BlockingRunnable.run(Handler.java:965)
01-07 07:25:09.791   939   971 E WindowManager: 	at android.os.Handler.handleCallback(Handler.java:942)
01-07 07:25:09.791   939   971 E WindowManager: 	at android.os.Handler.dispatchMessage(Handler.java:99)
01-07 07:25:09.791   939   971 E WindowManager: 	at android.os.Looper.loopOnce(Looper.java:201)
01-07 07:25:09.791   939   971 E WindowManager: 	at android.os.Looper.loop(Looper.java:288)
01-07 07:25:09.791   939   971 E WindowManager: 	at android.os.HandlerThread.run(HandlerThread.java:67)
01-07 07:25:09.791   939   971 E WindowManager: 	at com.android.server.ServiceThread.run(ServiceThread.java:44)
01-07 07:25:09.791   939   971 E WindowManager: Caused by: android.system.ErrnoException: open failed: ENOENT (No such file or directory)
01-07 07:25:09.791   939   971 E WindowManager: 	at libcore.io.Linux.open(Native Method)
01-07 07:25:09.791   939   971 E WindowManager: 	at libcore.io.ForwardingOs.open(ForwardingOs.java:563)
01-07 07:25:09.791   939   971 E WindowManager: 	at libcore.io.BlockGuardOs.open(BlockGuardOs.java:274)
01-07 07:25:09.791   939   971 E WindowManager: 	at libcore.io.IoBridge.open(IoBridge.java:560)
01-07 07:25:09.791   939   971 E WindowManager: 	... 17 more
01-07 07:25:09.805   939   939 V SystemServerTiming: StartWindowManagerService took to complete: 23ms
01-07 07:25:09.805   939   939 D SystemServerTiming: SetWindowManagerService
01-07 07:25:09.805   939   970 I DropBoxManagerService: add tag=system_server_strictmode isTagEnabled=true flags=0x2
01-07 07:25:09.809   939   970 I DropBoxManagerService: add tag=system_server_strictmode isTagEnabled=true flags=0x2
01-07 07:25:09.810   939   970 I DropBoxManagerService: add tag=system_server_strictmode isTagEnabled=true flags=0x2
01-07 07:25:09.834   939   939 I ActivityTaskManager: Loaded persisted task ids for user 0
01-07 07:25:09.837   939   939 V SystemServerTiming: SetWindowManagerService took to complete: 32ms
01-07 07:25:09.837   939   939 D SystemServerTiming: WindowManagerServiceOnInitReady
01-07 07:25:09.851   939   939 V SystemServerTiming: WindowManagerServiceOnInitReady took to complete: 14ms
01-07 07:25:09.853   939   939 D SystemServerTiming: StartInputManager
01-07 07:25:09.853   939   939 I InputManager: Starting input manager
01-07 07:25:09.854   939  1090 D SystemServerTimingAsync: InitThreadPoolExec:StartHidlServices
01-07 07:25:09.854   939  1090 D SystemServerInitThreadPool: Started executing StartHidlServices
01-07 07:25:09.854   939  1090 D SystemServerTimingAsync: StartHidlServices
01-07 07:25:09.856   939  1090 V SystemServerTimingAsync: StartHidlServices took to complete: 2ms
01-07 07:25:09.856   939  1090 D SystemServerInitThreadPool: Finished executing StartHidlServices
01-07 07:25:09.856   939  1090 V SystemServerTimingAsync: InitThreadPoolExec:StartHidlServices took to complete: 2ms
01-07 07:25:09.856   939   939 V SystemServerTiming: StartInputManager took to complete: 3ms
01-07 07:25:09.857   939   939 D SystemServerTiming: DisplayManagerWindowManagerAndInputReady
01-07 07:25:09.857   939   939 V SystemServerTiming: DisplayManagerWindowManagerAndInputReady took to complete: 1ms
01-07 07:25:09.857   939   939 D SystemServerTiming: StartBluetoothService
01-07 07:25:09.857   939   971 I LogicalDisplayMapper: Requesting Transition to state: 0, from state=-1, interactive=true, mBootCompleted=false
01-07 07:25:09.857   939   971 I LogicalDisplayMapper: Applying layout: [{addr: {port=11, model=0x404c2d479b6c44}, dispId: 0(ON)}], Previous layout: [{addr: {port=11, model=0x404c2d479b6c44}, dispId: 0(ON)}]
01-07 07:25:09.867     0     0 E [5 T1     ..] init: Control message: Could not find 'aidl/clipboard' for ctl.interface_start from pid: 314 (/system/bin/servicemanager)
01-07 07:25:09.868   939   939 I SystemServiceManager: Starting com.android.server.bluetooth.BluetoothService
01-07 07:25:09.876   939   939 V SystemServerTiming: StartBluetoothService took to complete: 19ms
01-07 07:25:09.876   939   939 D SystemServerTiming: IpConnectivityMetrics
01-07 07:25:09.876   939   939 I SystemServiceManager: Starting com.android.server.connectivity.IpConnectivityMetrics
01-07 07:25:09.877   939   939 V SystemServerTiming: IpConnectivityMetrics took to complete: 1ms
01-07 07:25:09.877   939   939 D SystemServerTiming: NetworkWatchlistService
01-07 07:25:09.877   939   939 I SystemServiceManager: Starting com.android.server.net.watchlist.NetworkWatchlistService$Lifecycle
01-07 07:25:09.881   939   939 I WatchlistSettings: Reload watchlist settings done
01-07 07:25:09.881   939  1103 I WatchlistLoggingHandler: No need to aggregate record yet.
01-07 07:25:09.881   939  1103 I WatchlistLoggingHandler: Milliseconds spent on tryAggregateRecords(): 0
01-07 07:25:09.886   939   939 V SystemServerTiming: NetworkWatchlistService took to complete: 9ms
01-07 07:25:09.886   939   939 D SystemServerTiming: PinnerService
01-07 07:25:09.886   939   939 I SystemServiceManager: Starting com.android.server.PinnerService
01-07 07:25:09.887   939   939 V HistoricalRegistry: Interaction before persistence initialized
01-07 07:25:09.888   939   976 D PinnerService: pinRangeStream: null
01-07 07:25:09.889   939   939 V SystemServerTiming: PinnerService took to complete: 2ms
01-07 07:25:09.889   939   939 D SystemServerTiming: SignedConfigService
01-07 07:25:09.889   939   939 V SystemServerTiming: SignedConfigService took to complete: 0ms
01-07 07:25:09.889   939   939 D SystemServerTiming: AppIntegrityService
01-07 07:25:09.889   939   939 I SystemServiceManager: Starting com.android.server.integrity.AppIntegrityManagerService
01-07 07:25:09.894   939   939 E IntegrityFileManager: Error creating staging and rules directory
01-07 07:25:09.895   939   976 D PinnerService: pinRangeStream: null
01-07 07:25:09.895   939   976 E PinnerService: Could not pin file /system/bin/logd
01-07 07:25:09.895   939   976 E PinnerService: android.system.ErrnoException: open failed: EACCES (Permission denied)
01-07 07:25:09.895   939   976 E PinnerService: 	at libcore.io.Linux.open(Native Method)
01-07 07:25:09.895   939   976 E PinnerService: 	at libcore.io.ForwardingOs.open(ForwardingOs.java:563)
01-07 07:25:09.895   939   976 E PinnerService: 	at libcore.io.BlockGuardOs.open(BlockGuardOs.java:274)
01-07 07:25:09.895   939   976 E PinnerService: 	at android.system.Os.open(Os.java:494)
01-07 07:25:09.895   939   976 E PinnerService: 	at com.android.server.PinnerService.pinFileRanges(PinnerService.java:975)
01-07 07:25:09.895   939   976 E PinnerService: 	at com.android.server.PinnerService.pinFile(PinnerService.java:850)
01-07 07:25:09.895   939   976 E PinnerService: 	at com.android.server.PinnerService.handlePinOnStart(PinnerService.java:305)
01-07 07:25:09.895   939   976 E PinnerService: 	at com.android.server.PinnerService.-$$Nest$mhandlePinOnStart(Unknown Source:0)
01-07 07:25:09.895   939   976 E PinnerService: 	at com.android.server.PinnerService$PinnerHandler.handleMessage(PinnerService.java:1219)
01-07 07:25:09.895   939   976 E PinnerService: 	at android.os.Handler.dispatchMessage(Handler.java:106)
01-07 07:25:09.895   939   976 E PinnerService: 	at android.os.Looper.loopOnce(Looper.java:201)
01-07 07:25:09.895   939   976 E PinnerService: 	at android.os.Looper.loop(Looper.java:288)
01-07 07:25:09.895   939   976 E PinnerService: 	at android.os.HandlerThread.run(HandlerThread.java:67)
01-07 07:25:09.895   939   976 E PinnerService: Failed to pin file = /system/bin/logd
01-07 07:25:09.895   939   976 D PinnerService: pinRangeStream: null
01-07 07:25:09.895   939   976 E PinnerService: Could not pin file /system/lib/libjavacrypto.so
01-07 07:25:09.895   939   976 E PinnerService: android.system.ErrnoException: open failed: ENOENT (No such file or directory)
01-07 07:25:09.895   939   976 E PinnerService: 	at libcore.io.Linux.open(Native Method)
01-07 07:25:09.895   939   976 E PinnerService: 	at libcore.io.ForwardingOs.open(ForwardingOs.java:563)
01-07 07:25:09.895   939   976 E PinnerService: 	at libcore.io.BlockGuardOs.open(BlockGuardOs.java:274)
01-07 07:25:09.895   939   976 E PinnerService: 	at android.system.Os.open(Os.java:494)
01-07 07:25:09.895   939   976 E PinnerService: 	at com.android.server.PinnerService.pinFileRanges(PinnerService.java:975)
01-07 07:25:09.895   939   976 E PinnerService: 	at com.android.server.PinnerService.pinFile(PinnerService.java:850)
01-07 07:25:09.895   939   976 E PinnerService: 	at com.android.server.PinnerService.handlePinOnStart(PinnerService.java:305)
01-07 07:25:09.895   939   976 E PinnerService: 	at com.android.server.PinnerService.-$$Nest$mhandlePinOnStart(Unknown Source:0)
01-07 07:25:09.895   939   976 E PinnerService: 	at com.android.server.PinnerService$PinnerHandler.handleMessage(PinnerService.java:1219)
01-07 07:25:09.895   939   976 E PinnerService: 	at android.os.Handler.dispatchMessage(Handler.java:106)
01-07 07:25:09.895   939   976 E PinnerService: 	at android.os.Looper.loopOnce(Looper.java:201)
01-07 07:25:09.895   939   976 E PinnerService: 	at android.os.Looper.loop(Looper.java:288)
01-07 07:25:09.895   939   976 E PinnerService: 	at android.os.HandlerThread.run(HandlerThread.java:67)
01-07 07:25:09.896   939   976 E PinnerService: Failed to pin file = /system/lib/libjavacrypto.so
01-07 07:25:09.896   939   976 D PinnerService: pinRangeStream: null
01-07 07:25:09.897   939   939 V SystemServerTiming: AppIntegrityService took to complete: 8ms
01-07 07:25:09.897   939   939 D SystemServerTiming: StartLogcatManager
01-07 07:25:09.897   939   939 I SystemServiceManager: Starting com.android.server.logcat.LogcatManagerService
01-07 07:25:09.900   939   939 V SystemServerTiming: StartLogcatManager took to complete: 3ms
01-07 07:25:09.901   939   939 I WindowManager: SAFE MODE not enabled
01-07 07:25:09.901   939   939 D SystemServerTiming: StartInputMethodManagerLifecycle
01-07 07:25:09.901   939   939 I SystemServiceManager: Starting com.android.server.inputmethod.InputMethodManagerService$Lifecycle
01-07 07:25:09.905   939   939 V SystemServerTiming: StartInputMethodManagerLifecycle took to complete: 4ms
01-07 07:25:09.905   939   939 D SystemServerTiming: StartAccessibilityManagerService
01-07 07:25:09.905   939   939 I SystemServiceManager: Starting com.android.server.accessibility.AccessibilityManagerService$Lifecycle
01-07 07:25:09.910   939   939 V SystemServerTiming: StartAccessibilityManagerService took to complete: 5ms
01-07 07:25:09.910   939   939 D SystemServerTiming: MakeDisplayReady
