01-06 09:59:36.226   952   952 I WindowManager: Override config changes=60007dfc {1.0 ?mcc?mnc [en_US] ldltr sw540dp w960dp h540dp 320dpi lrg long land ?uimode ?night -touch -keyb/v/h dpad/v winConfig={ mBounds=Rect(0, 0 - 1920, 1080) mAppBounds=Rect(0, 0 - 1920, 1080) mMaxBounds=Rect(0, 0 - 1920, 1080) mDisplayRotation=ROTATION_0 mWindowingMode=fullscreen mDisplayWindowingMode=fullscreen mActivityType=undefined mAlwaysOnTop=undefined mRotation=ROTATION_0} s.2 ?fontWeightAdjustment} for displayId=0
01-06 09:59:36.232   952   952 V SystemServerTiming: MakeDisplayReady took to complete: 12ms
01-06 09:59:36.232   952   952 D SystemServerTiming: StartStorageManagerService
01-06 09:59:36.232   952   952 I SystemServiceManager: Starting com.android.server.StorageManagerService$Lifecycle
01-06 09:59:36.244   952  1123 D StorageManagerService: Thinking about init, mBootCompleted=false, mDaemonConnected=true
01-06 09:59:36.244   952  1123 D StorageManagerService: Thinking about reset, mBootCompleted=false, mDaemonConnected=true
01-06 09:59:36.245   952  1123 D StorageManagerService: Thinking about init, mBootCompleted=false, mDaemonConnected=true
01-06 09:59:36.245   952  1123 D StorageManagerService: Thinking about reset, mBootCompleted=false, mDaemonConnected=true
01-06 09:59:36.245   952   952 V SystemServerTiming: StartStorageManagerService took to complete: 13ms
01-06 09:59:36.245   952   952 D SystemServerTiming: StartStorageStatsService
01-06 09:59:36.245   952   952 I SystemServiceManager: Starting com.android.server.usage.StorageStatsService$Lifecycle
01-06 09:59:36.249   952  1060 V SystemServerTimingAsync: AppDataPrepare took to complete: 311ms
01-06 09:59:36.249   952  1060 I PackageManager: Deferred reconcileAppsData finished 116 packages
01-06 09:59:36.249   952  1060 D SystemServerInitThreadPool: Finished executing prepareAppData
01-06 09:59:36.249   952  1060 V SystemServerTimingAsync: InitThreadPoolExec:prepareAppData took to complete: 555ms
01-06 09:59:36.255   952   952 V SystemServerTiming: StartStorageStatsService took to complete: 10ms
01-06 09:59:36.255   952   952 D SystemServerTiming: StartUiModeManager
01-06 09:59:36.256   952   952 I SystemServiceManager: Starting com.android.server.UiModeManagerService
01-06 09:59:36.256   952  1126 D SystemServerTimingAsync: InitThreadPoolExec:UiModeManager.onStart
01-06 09:59:36.257   952  1126 D SystemServerInitThreadPool: Started executing UiModeManager.onStart
01-06 09:59:36.257   952   952 V SystemServerTiming: StartUiModeManager took to complete: 2ms
01-06 09:59:36.257   952   952 D SystemServerTiming: StartLocaleManagerService
01-06 09:59:36.258   952   952 I SystemServiceManager: Starting com.android.server.locales.LocaleManagerService
01-06 09:59:36.260   952   952 V SystemServerTiming: StartLocaleManagerService took to complete: 2ms
01-06 09:59:36.261   952   952 D SystemServerTiming: UpdatePackagesIfNeeded
01-06 09:59:36.261   952   952 I Watchdog: Pausing HandlerChecker: main thread for reason: dexopt. Pause count: 1
01-06 09:59:36.261   952   952 I Watchdog: Resuming HandlerChecker: main thread for reason: dexopt. Pause count: 0
01-06 09:59:36.261   952   952 V SystemServerTiming: UpdatePackagesIfNeeded took to complete: 1ms
01-06 09:59:36.261   952   952 D SystemServerTiming: PerformFstrimIfNeeded
01-06 09:59:36.265   952   952 V SystemServerTiming: PerformFstrimIfNeeded took to complete: 3ms
01-06 09:59:36.265   952   952 D SystemServerTiming: StartLockSettingsService
01-06 09:59:36.265   952   952 I SystemServiceManager: Starting com.android.server.locksettings.LockSettingsService$Lifecycle
01-06 09:59:36.277   952  1126 D SystemServerInitThreadPool: Finished executing UiModeManager.onStart
01-06 09:59:36.277   952  1126 V SystemServerTimingAsync: InitThreadPoolExec:UiModeManager.onStart took to complete: 21ms
01-06 09:59:36.288   952   952 V SystemServerTiming: StartLockSettingsService took to complete: 24ms
01-06 09:59:36.288   952   952 D SystemServerTiming: StartPersistentDataBlock
01-06 09:59:36.288   952   952 I SystemServiceManager: Starting com.android.server.PersistentDataBlockService
01-06 09:59:36.289   952   952 V SystemServerTiming: StartPersistentDataBlock took to complete: 1ms
01-06 09:59:36.289   952   952 D SystemServerTiming: StartTestHarnessMode
01-06 09:59:36.289   952   952 I SystemServiceManager: Starting com.android.server.testharness.TestHarnessModeService
01-06 09:59:36.289   952  1137 D SystemServerTimingAsync: InitThreadPoolExec:PersistentDataBlockService.onStart
01-06 09:59:36.289   952  1137 D SystemServerInitThreadPool: Started executing PersistentDataBlockService.onStart
01-06 09:59:36.289   952   952 V SystemServerTiming: StartTestHarnessMode took to complete: 0ms
01-06 09:59:36.289   952   952 D SystemServerTiming: StartOemLockService
01-06 09:59:36.290   952   952 I SystemServiceManager: Starting com.android.server.oemlock.OemLockService
01-06 09:59:36.291   952   952 I OemLock : Using vendor lock via the HAL
01-06 09:59:36.292   952   952 V SystemServerTiming: StartOemLockService took to complete: 3ms
01-06 09:59:36.292   952   952 D SystemServerTiming: StartDeviceIdleController
01-06 09:59:36.293   952   952 I SystemServiceManager: Starting com.android.server.DeviceIdleController
01-06 09:59:36.297   952   952 V SystemServerTiming: StartDeviceIdleController took to complete: 5ms
01-06 09:59:36.298   952   952 D SystemServerTiming: StartDevicePolicyManager
01-06 09:59:36.298   952   952 I SystemServiceManager: Starting com.android.server.devicepolicy.DevicePolicyManagerService$Lifecycle
01-06 09:59:36.304   952   952 V SystemServerTiming: StartDevicePolicyManager took to complete: 7ms
01-06 09:59:36.304   952   952 D SystemServerTiming: StartStatusBarManagerService
01-06 09:59:36.306   952   952 V SystemServerTiming: StartStatusBarManagerService took to complete: 2ms
01-06 09:59:36.306   952   952 D SystemServer: MusicRecognitionManagerService not defined by OEM or disabled by flag
01-06 09:59:36.306   952   952 D SystemServer: ContentCaptureService disabled because resource is not overlaid
01-06 09:59:36.306   952   952 D SystemServer: AttentionService is not configured on this device
01-06 09:59:36.306   952   952 D SystemServer: RotationResolverService is not configured on this device
01-06 09:59:36.306   952   952 D SystemServer: SystemCaptionsManagerService disabled because resource is not overlaid
01-06 09:59:36.306   952   952 D SystemServerTiming: StartTextToSpeechManagerService
01-06 09:59:36.307   952   952 I SystemServiceManager: Starting com.android.server.texttospeech.TextToSpeechManagerService
01-06 09:59:36.308   952   952 V SystemServerTiming: StartTextToSpeechManagerService took to complete: 2ms
01-06 09:59:36.308   952   952 D SystemServerTiming: StartAmbientContextService
01-06 09:59:36.308   952   952 I SystemServiceManager: Starting com.android.server.ambientcontext.AmbientContextManagerService
01-06 09:59:36.311   952   952 V SystemServerTiming: StartAmbientContextService took to complete: 3ms
01-06 09:59:36.311   952   952 D SystemServerTiming: StartSpeechRecognitionManagerService
01-06 09:59:36.313   952   952 I SystemServiceManager: Starting com.android.server.speech.SpeechRecognitionManagerService
01-06 09:59:36.314   952   952 V SystemServerTiming: StartSpeechRecognitionManagerService took to complete: 3ms
01-06 09:59:36.314   952   952 D SystemServer: AppPredictionService not defined by OEM
01-06 09:59:36.314   952   952 D SystemServer: ContentSuggestionsService not defined by OEM
01-06 09:59:36.316   952   952 D SystemServerTiming: StartSearchUiService
01-06 09:59:36.316   952   952 I SystemServiceManager: Starting com.android.server.searchui.SearchUiManagerService
01-06 09:59:36.319   952   952 V SystemServerTiming: StartSearchUiService took to complete: 2ms
01-06 09:59:36.319   952   952 D SystemServerTiming: StartSmartspaceService
01-06 09:59:36.319   952   952 I SystemServiceManager: Starting com.android.server.smartspace.SmartspaceManagerService
01-06 09:59:36.320   952  1137 D SystemServerInitThreadPool: Finished executing PersistentDataBlockService.onStart
01-06 09:59:36.320   952  1137 V SystemServerTimingAsync: InitThreadPoolExec:PersistentDataBlockService.onStart took to complete: 31ms
01-06 09:59:36.320   952   952 V SystemServerTiming: StartSmartspaceService took to complete: 1ms
01-06 09:59:36.320   952   952 D SystemServerTiming: InitConnectivityModuleConnector
01-06 09:59:36.320   952   952 D ConnectivityModuleConnector: Network stack init
01-06 09:59:36.322   952   952 V SystemServerTiming: InitConnectivityModuleConnector took to complete: 1ms
01-06 09:59:36.322   952   952 D SystemServerTiming: InitNetworkStackClient
01-06 09:59:36.322   952   952 V SystemServerTiming: InitNetworkStackClient took to complete: 1ms
01-06 09:59:36.322   952   952 D SystemServerTiming: StartNetworkManagementService
01-06 09:59:36.324   952   952 V SystemServerTiming: StartNetworkManagementService took to complete: 2ms
01-06 09:59:36.324   952   952 D SystemServerTiming: StartFontManagerService
01-06 09:59:36.526   952   952 V SystemServerTiming: StartFontManagerService took to complete: 202ms
01-06 09:59:36.527   952   952 D SystemServerTiming: StartTextServicesManager
01-06 09:59:36.527   952   952 I SystemServiceManager: Starting com.android.server.textservices.TextServicesManagerService$Lifecycle
01-06 09:59:36.528   952   952 V SystemServerTiming: StartTextServicesManager took to complete: 2ms
01-06 09:59:36.528   952   952 D SystemServerTiming: StartTextClassificationManagerService
01-06 09:59:36.528   952   952 I SystemServiceManager: Starting com.android.server.textclassifier.TextClassificationManagerService$Lifecycle
01-06 09:59:36.530   952   952 V SystemServerTiming: StartTextClassificationManagerService took to complete: 2ms
01-06 09:59:36.530   952   952 D SystemServerTiming: StartNetworkScoreService
01-06 09:59:36.531   952   952 I SystemServiceManager: Starting com.android.server.NetworkScoreService$Lifecycle
01-06 09:59:36.533   952   952 V SystemServerTiming: StartNetworkScoreService took to complete: 2ms
01-06 09:59:36.533   952   952 D SystemServerTiming: StartNetworkStatsService
01-06 09:59:36.567   952   952 I SystemServiceManager: Starting com.android.server.NetworkStatsServiceInitializer
01-06 09:59:36.613   952   952 V SystemServerTiming: StartNetworkStatsService took to complete: 80ms
01-06 09:59:36.613   952   952 D SystemServerTiming: StartNetworkPolicyManagerService
01-06 09:59:36.620   952   952 V SystemServerTiming: StartNetworkPolicyManagerService took to complete: 7ms
01-06 09:59:36.620   952   952 D SystemServerTiming: StartWifi
01-06 09:59:36.656   952   952 I SystemServiceManager: Starting com.android.server.wifi.WifiService
01-06 09:59:36.769   622   622 I wificond: New wificond event callback registered
01-06 09:59:36.775   952   952 V HistoricalRegistry: Interaction before persistence initialized
01-06 09:59:36.779   952   952 V SystemServerTiming: StartWifi took to complete: 159ms
01-06 09:59:36.779   952   952 D SystemServerTiming: StartWifiScanning
01-06 09:59:36.779   952   952 I SystemServiceManager: Starting com.android.server.wifi.scanner.WifiScanningService
01-06 09:59:36.786   952   952 V SystemServerTiming: StartWifiScanning took to complete: 7ms
01-06 09:59:36.786   952   952 D SystemServerTiming: StartWifiP2P
01-06 09:59:36.786   952   952 I SystemServiceManager: Starting com.android.server.wifi.p2p.WifiP2pService
01-06 09:59:36.795   952   952 V SystemServerTiming: StartWifiP2P took to complete: 8ms
01-06 09:59:36.795   952   952 D SystemServerTiming: StartPacProxyService
01-06 09:59:36.797   952   952 V SystemServerTiming: StartPacProxyService took to complete: 2ms
01-06 09:59:36.797   952   952 D SystemServerTiming: StartConnectivityService
01-06 09:59:36.797   952   952 I SystemServiceManager: Starting com.android.server.ConnectivityServiceInitializer
01-06 09:59:36.830   952   952 D CompatibilityChangeReporter: Compat change id reported: 182478738; UID 1000; state: ENABLED
01-06 09:59:36.863   952   952 V SystemServerTiming: StartConnectivityService took to complete: 66ms
01-06 09:59:36.863   952   952 D SystemServerTiming: StartVpnManagerService
01-06 09:59:36.866   952   952 V SystemServerTiming: StartVpnManagerService took to complete: 3ms
01-06 09:59:36.867   952   952 D SystemServerTiming: StartVcnManagementService
01-06 09:59:36.874   952   952 V SystemServerTiming: StartVcnManagementService took to complete: 7ms
01-06 09:59:36.874   952   952 D SystemServerTiming: StartSystemUpdateManagerService
01-06 09:59:36.875   952   952 I SystemUpdateManagerService: No existing info file /data/system/system-update-info.xml
01-06 09:59:36.875   952   952 V SystemServerTiming: StartSystemUpdateManagerService took to complete: 1ms
01-06 09:59:36.875   952   952 D SystemServerTiming: StartUpdateLockService
01-06 09:59:36.876   952   952 V SystemServerTiming: StartUpdateLockService took to complete: 1ms
01-06 09:59:36.876   952   952 D SystemServerTiming: StartNotificationManager
01-06 09:59:36.876   952   952 I SystemServiceManager: Starting com.android.server.notification.NotificationManagerService
01-06 09:59:36.888   952   952 D ConditionProviders.SCP: new ScheduleConditionProvider()
01-06 09:59:36.906   952   952 I NotificationAssistants: Read notification assistant permissions from xml
01-06 09:59:36.906   952   952 I ConditionProviders: Read condition provider permissions from xml
01-06 09:59:36.906   952   952 I ConditionProviders: Read condition provider permissions from xml
01-06 09:59:36.906   952   952 D NotificationAssistants: Approving default notification assistant for user 0
01-06 09:59:36.907   952   952 I ConditionProviders:  Allowing condition provider android.ext.services/android.ext.services.notification.Assistant (userSet: true)
01-06 09:59:36.914   952   952 V SystemServerTiming: StartNotificationManager took to complete: 38ms
01-06 09:59:36.914   952   952 D SystemServerTiming: StartDeviceMonitor
01-06 09:59:36.914   952   952 I SystemServiceManager: Starting com.android.server.storage.DeviceStorageMonitorService
01-06 09:59:36.916   952   952 V SystemServerTiming: StartDeviceMonitor took to complete: 1ms
01-06 09:59:36.916   952   952 D SystemServerTiming: StartLocationManagerService
01-06 09:59:36.916   952   952 I SystemServiceManager: Starting com.android.server.location.LocationManagerService$Lifecycle
01-06 09:59:36.921   952   952 V SystemServerTiming: StartLocationManagerService took to complete: 5ms
01-06 09:59:36.922   952   952 D SystemServerTiming: StartCountryDetectorService
01-06 09:59:36.922   952   952 V SystemServerTiming: StartCountryDetectorService took to complete: 1ms
01-06 09:59:36.922   952   952 D SystemServerTiming: StartTimeDetectorService
01-06 09:59:36.923   952   952 I SystemServiceManager: Starting com.android.server.timedetector.TimeDetectorService$Lifecycle
01-06 09:59:36.924   952   952 V SystemServerTiming: StartTimeDetectorService took to complete: 2ms
01-06 09:59:36.924   952   952 D SystemServerTiming: StartTimeZoneDetectorService
01-06 09:59:36.924   952   952 I SystemServiceManager: Starting com.android.server.timezonedetector.TimeZoneDetectorService$Lifecycle
01-06 09:59:36.927   952   952 V SystemServerTiming: StartTimeZoneDetectorService took to complete: 3ms
01-06 09:59:36.927   952   952 D SystemServerTiming: StartLocationTimeZoneManagerService
01-06 09:59:36.927   952   952 I SystemServiceManager: Starting com.android.server.timezonedetector.location.LocationTimeZoneManagerService$Lifecycle
01-06 09:59:36.927   952   952 D LocationTZDetector: Geo time zone detection feature is disabled in config
01-06 09:59:36.927   952   952 V SystemServerTiming: StartLocationTimeZoneManagerService took to complete: 0ms
01-06 09:59:36.927   952   952 D SystemServerTiming: StartSearchManagerService
01-06 09:59:36.927   952   952 I SystemServiceManager: Starting com.android.server.search.SearchManagerService$Lifecycle
01-06 09:59:36.928   952   952 V SystemServerTiming: StartSearchManagerService took to complete: 1ms
01-06 09:59:36.928   952   952 D SystemServerTiming: StartWallpaperManagerService
01-06 09:59:36.928   952   952 I SystemServiceManager: Starting com.android.server.wallpaper.WallpaperManagerService$Lifecycle
01-06 09:59:36.929   952   952 V SystemServerTiming: StartWallpaperManagerService took to complete: 1ms
01-06 09:59:36.929   952   952 D SystemServerTiming: StartWallpaperEffectsGenerationService
01-06 09:59:36.929   952   952 I SystemServiceManager: Starting com.android.server.wallpapereffectsgeneration.WallpaperEffectsGenerationManagerService
01-06 09:59:36.931   952   952 V SystemServerTiming: StartWallpaperEffectsGenerationService took to complete: 1ms
01-06 09:59:36.931   952   952 D SystemServerTiming: StartAudioService
01-06 09:59:36.931   952   952 I SystemServiceManager: Starting com.android.server.audio.AudioService$Lifecycle
01-06 09:59:36.977   952   952 V SystemServerTiming: StartAudioService took to complete: 46ms
01-06 09:59:36.977   952   952 D SystemServerTiming: StartSoundTriggerMiddlewareService
01-06 09:59:36.977   952   952 I SystemServiceManager: Starting com.android.server.soundtrigger_middleware.SoundTriggerMiddlewareService$Lifecycle
01-06 09:59:36.980   952   952 V SystemServerTiming: StartSoundTriggerMiddlewareService took to complete: 3ms
01-06 09:59:36.980   952   952 D SystemServerTiming: StartDockObserver
01-06 09:59:36.980   952   952 I SystemServiceManager: Starting com.android.server.DockObserver
01-06 09:59:36.981   952   952 I DockObserver: No extcon dock device found in this kernel.
01-06 09:59:36.981   952   952 V SystemServerTiming: StartDockObserver took to complete: 1ms
01-06 09:59:36.981   952   952 D SystemServerTiming: StartWiredAccessoryManager
01-06 09:59:36.982   952   952 W WiredAccessoryManager: This kernel does not have wired headset support
01-06 09:59:36.982   952   952 W WiredAccessoryManager: This kernel does not have usb audio support
01-06 09:59:36.983   952   952 W WiredAccessoryManager: This kernel does not have HDMI audio support
01-06 09:59:36.983   952   952 V SystemServerTiming: StartWiredAccessoryManager took to complete: 2ms
01-06 09:59:36.983   952   952 D SystemServerTiming: StartAdbService
01-06 09:59:36.983   952   952 I SystemServiceManager: Starting com.android.server.adb.AdbService$Lifecycle
01-06 09:59:36.986   952   952 V SystemServerTiming: StartAdbService took to complete: 3ms
01-06 09:59:36.986   952   952 D SystemServerTiming: StartUsbService
01-06 09:59:36.986   952   952 I SystemServiceManager: Starting com.android.server.usb.UsbService$Lifecycle
01-06 09:59:36.986   952   952 V SystemServerTiming: StartUsbService took to complete: 0ms
01-06 09:59:36.986   952   952 D SystemServerTiming: StartSerialService
01-06 09:59:36.986   952   985 D SystemServerTimingAsync: InitThreadPoolExec:UsbService$Lifecycle#onStart
01-06 09:59:36.986   952   985 D SystemServerInitThreadPool: Started executing UsbService$Lifecycle#onStart
01-06 09:59:36.988   952   952 V SystemServerTiming: StartSerialService took to complete: 2ms
01-06 09:59:36.988   952   952 D SystemServerTiming: StartHardwarePropertiesManagerService
01-06 09:59:36.988   952   985 I UsbDeviceManager: failed to write to /sys/class/android_usb/android0/f_rndis/ethaddr
01-06 09:59:36.994   952   952 V SystemServerTiming: StartHardwarePropertiesManagerService took to complete: 6ms
01-06 09:59:36.994   952   952 D SystemServerTiming: StartTwilightService
01-06 09:59:36.994   952   952 I SystemServiceManager: Starting com.android.server.twilight.TwilightService
01-06 09:59:36.994   952   952 V SystemServerTiming: StartTwilightService took to complete: 0ms
01-06 09:59:36.994   952   952 D SystemServerTiming: StartColorDisplay
01-06 09:59:36.994   952   952 I SystemServiceManager: Starting com.android.server.display.color.ColorDisplayService
01-06 09:59:36.994   952   985 W StorageManagerService: No primary storage defined yet; hacking together a stub
01-06 09:59:36.997     0     0 I         : [6 T985   ..] read descriptors
01-06 09:59:36.997     0     0 I         : [6 T985   ..] read strings
01-06 09:59:36.997     0     0 I         : [6 T985   ..] read descriptors
01-06 09:59:36.997     0     0 I         : [6 T985   ..] read strings
01-06 09:59:36.995   952   952 V SystemServerTiming: StartColorDisplay took to complete: 1ms
01-06 09:59:36.995   952   952 D SystemServerTiming: StartJobScheduler
01-06 09:59:36.995   952   952 I SystemServiceManager: Starting com.android.server.job.JobSchedulerService
01-06 09:59:36.997   952  1068 I UsbDeviceManager: Usb gadget hal service started android.hardware.usb.gadget@1.0::IUsbGadget default
01-06 09:59:37.000   952   978 I UsbDeviceManager: processing MSG_GET_CURRENT_USB_FUNCTIONS
01-06 09:59:37.000   952   978 I UsbDeviceManager: updating mCurrentFunctions
01-06 09:59:37.000   952   978 I UsbDeviceManager: mCurrentFunctions:0applied:1
01-06 09:59:37.002   952   952 D JobStore: Start tag: job-info
01-06 09:59:37.005   952   952 I JobStore: Read 5 jobs
01-06 09:59:37.006   952   985 D UsbPortManager: Querying USB HAL version
01-06 09:59:37.009   952   985 I UsbPortManager: USB HAL HIDL present
01-06 09:59:37.010   952   952 V HistoricalRegistry: Interaction before persistence initialized
01-06 09:59:37.011   952   952 V HistoricalRegistry: Interaction before persistence initialized
01-06 09:59:37.012   952  1196 I UsbPortManager: Usb hal service started android.hardware.usb@1.0::IUsb default
01-06 09:59:37.012   952   952 V SystemServerTiming: StartJobScheduler took to complete: 17ms
01-06 09:59:37.012   952   952 D SystemServerTiming: StartSoundTrigger
01-06 09:59:37.012   952   952 I SystemServiceManager: Starting com.android.server.soundtrigger.SoundTriggerService
01-06 09:59:37.013   952   952 V SystemServerTiming: StartSoundTrigger took to complete: 1ms
01-06 09:59:37.013   952   985 D UsbPortManager: getInstance done
01-06 09:59:37.013   952   952 D SystemServerTiming: StartTrustManager
01-06 09:59:37.013   952   952 I SystemServiceManager: Starting com.android.server.trust.TrustManagerService
01-06 09:59:37.016   952   952 V SystemServerTiming: StartTrustManager took to complete: 2ms
01-06 09:59:37.016   952   952 D SystemServerTiming: StartBackupManager
01-06 09:59:37.016   952   952 I SystemServiceManager: Starting com.android.server.backup.BackupManagerService$Lifecycle
01-06 09:59:37.016   952   985 D SystemServerInitThreadPool: Finished executing UsbService$Lifecycle#onStart
01-06 09:59:37.016   952   985 V SystemServerTimingAsync: InitThreadPoolExec:UsbService$Lifecycle#onStart took to complete: 30ms
01-06 09:59:37.020   952   952 V SystemServerTiming: StartBackupManager took to complete: 4ms
01-06 09:59:37.020   952   952 D SystemServerTiming: StartAppWidgetService
01-06 09:59:37.020   952   952 I SystemServiceManager: Starting com.android.server.appwidget.AppWidgetService
01-06 09:59:37.024   952   952 V SystemServerTiming: StartAppWidgetService took to complete: 4ms
01-06 09:59:37.024   952   952 D SystemServerTiming: StartVoiceRecognitionManager
01-06 09:59:37.024   952   952 I SystemServiceManager: Starting com.android.server.voiceinteraction.VoiceInteractionManagerService
01-06 09:59:37.042   952   952 V SystemServerTiming: StartVoiceRecognitionManager took to complete: 18ms
01-06 09:59:37.042   952   952 D SystemServerTiming: StartAppHibernationService
01-06 09:59:37.042   952   952 I SystemServiceManager: Starting com.android.server.apphibernation.AppHibernationService
01-06 09:59:37.044   952   952 V SystemServerTiming: StartAppHibernationService took to complete: 2ms
01-06 09:59:37.044   952   952 D SystemServerTiming: StartGestureLauncher
01-06 09:59:37.044   952   952 I SystemServiceManager: Starting com.android.server.GestureLauncherService
01-06 09:59:37.045   952   952 V SystemServerTiming: StartGestureLauncher took to complete: 0ms
01-06 09:59:37.045   952   952 D SystemServerTiming: StartSensorNotification
01-06 09:59:37.045   952   952 I SystemServiceManager: Starting com.android.server.SensorNotificationService
01-06 09:59:37.045   952   952 V SystemServerTiming: StartSensorNotification took to complete: 1ms
01-06 09:59:37.045   952   952 D SystemServerTiming: StartDiskStatsService
01-06 09:59:37.046   952   952 D CompatibilityChangeReporter: Compat change id reported: 194532703; UID 1000; state: ENABLED
01-06 09:59:37.047   952   952 V SystemServerTiming: StartDiskStatsService took to complete: 2ms
01-06 09:59:37.047   952   952 D SystemServerTiming: RuntimeService
01-06 09:59:37.048   952   952 V SystemServerTiming: RuntimeService took to complete: 1ms
01-06 09:59:37.048   952   952 D SystemServerTiming: StartNetworkTimeUpdateService
01-06 09:59:37.049   952   952 V SystemServerTiming: StartNetworkTimeUpdateService took to complete: 1ms
01-06 09:59:37.051   952   952 D SystemServerTiming: CertBlacklister
01-06 09:59:37.052   952   952 V SystemServerTiming: CertBlacklister took to complete: 1ms
01-06 09:59:37.052   952   952 D SystemServerTiming: StartEmergencyAffordanceService
01-06 09:59:37.052   952   952 I SystemServiceManager: Starting com.android.server.emergency.EmergencyAffordanceService
01-06 09:59:37.055   952   952 V SystemServerTiming: StartEmergencyAffordanceService took to complete: 3ms
01-06 09:59:37.055   952   952 D SystemServerTiming: startBlobStoreManagerService
01-06 09:59:37.055   952   952 I SystemServiceManager: Starting com.android.server.blob.BlobStoreManagerService
01-06 09:59:37.058   952   952 V SystemServerTiming: startBlobStoreManagerService took to complete: 3ms
01-06 09:59:37.059   952   952 D SystemServerTiming: StartDreamManager
01-06 09:59:37.059   952   952 I SystemServiceManager: Starting com.android.server.dreams.DreamManagerService
01-06 09:59:37.060   952   952 V SystemServerTiming: StartDreamManager took to complete: 2ms
01-06 09:59:37.060   952   952 D SystemServerTiming: AddGraphicsStatsService
01-06 09:59:37.063   952   952 V SystemServerTiming: AddGraphicsStatsService took to complete: 2ms
01-06 09:59:37.063   952   952 D SystemServerTiming: StartAttestationVerificationService
01-06 09:59:37.063   952   952 I SystemServiceManager: Starting com.android.server.security.AttestationVerificationManagerService
01-06 09:59:37.064   952   952 D AVF     : Started
01-06 09:59:37.064   952   952 V SystemServerTiming: StartAttestationVerificationService took to complete: 1ms
01-06 09:59:37.064   952   952 D SystemServerTiming: StartRestrictionManager
01-06 09:59:37.064   952   952 I SystemServiceManager: Starting com.android.server.restrictions.RestrictionsManagerService
01-06 09:59:37.065   952   952 V SystemServerTiming: StartRestrictionManager took to complete: 1ms
01-06 09:59:37.065   952   952 D SystemServerTiming: StartMediaSessionService
01-06 09:59:37.067   952   952 I SystemServiceManager: Starting com.android.server.media.MediaSessionService
01-06 09:59:37.070   952   952 V SystemServerTiming: StartMediaSessionService took to complete: 4ms
01-06 09:59:37.070   952   952 D SystemServerTiming: StartHdmiControlService
01-06 09:59:37.071   952   952 I SystemServiceManager: Starting com.android.server.hdmi.HdmiControlService
01-06 09:59:37.075   952   952 D HdmiCecActiveness: setState inactive mState:null
01-06 09:59:37.076   952   952 D HDMI    : Getting CEC setting value 'hdmi_cec_enabled'.
01-06 09:59:37.077   952   952 D HDMI    : Reading 'hdmi_cec_enabled' shared preference.
01-06 09:59:37.077   952   952 D HDMI    : Getting CEC setting value 'volume_control_enabled'.
01-06 09:59:37.077   952   952 D HDMI    : Reading 'volume_control_enabled' shared preference.
01-06 09:59:37.083   952   952 D HDMI    : soundbar mode:true
01-06 09:59:37.086   952   952 E HDMI    : [1]:Couldn't connect to cec@1.1java.util.NoSuchElementException
01-06 09:59:37.086   952   952 W HDMI    : [1]:Couldn't get tv.cec service.
01-06 09:59:37.086   952   952 W HDMI    : [1]:Unable to use cec@1.1
01-06 09:59:37.090     0     0 I [6 T449   ..] AidlLazyServiceRegistrar: Process has 1 (of 1 available) client(s) in use after notification apexservice has clients: 1
01-06 09:59:37.090     0     0 I [6 T449   ..] AidlLazyServiceRegistrar: Shutdown prevented by forcePersist override flag.
01-06 09:59:37.090     0     0 I [6 T449   ..] AidlLazyServiceRegistrar: Process has 0 (of 1 available) client(s) in use after notification apexservice has clients: 0
01-06 09:59:37.090     0     0 I [6 T449   ..] AidlLazyServiceRegistrar: Shutdown prevented by forcePersist override flag.
01-06 09:59:37.093   952   952 I HdmiControlService: Device does not support MHL-control.
01-06 09:59:37.093   952   952 D HDMI    : Getting CEC setting value 'hdmi_cec_version'.
01-06 09:59:37.093   952   952 D HDMI    : Reading 'hdmi_cec_version' shared preference.
01-06 09:59:37.094   952   952 D HDMI    : setOption: [flag:3, enabled:true]
01-06 09:59:37.094   952   952 D HDMI    : initializeLocalDevices type 5
01-06 09:59:37.094   952   952 D HDMI    : initializeLocalDevices skipping 5 mCecAudioSystemEnabled is false
01-06 09:59:37.094   952   952 D HDMI    : initializeLocalDevices type 4
01-06 09:59:37.098     0     0 I [0 T522   ..] cec: CEC framework ctrl enabled
01-06 09:59:37.095   952   952 D HDMI    : initializeLocalDevices type is 4 mCecAudioSystemEnabled is false setting to 8
01-06 09:59:37.098   952   952 D HDMI    : Getting CEC setting value 'routing_control'.
01-06 09:59:37.098   952   952 D HDMI    : Reading 'routing_control' shared preference.
01-06 09:59:37.107   952   952 D HDMI    : initPortInfo port info:port_id: 3, type: HDMI_IN, address: 0x2300, cec: true, arc: false, mhl: false
01-06 09:59:37.108   952   952 D HDMI    : initPortInfo port info:port_id: 2, type: HDMI_IN, address: 0x2200, cec: true, arc: false, mhl: false
01-06 09:59:37.108   952   952 D HDMI    : initPortInfo port info:port_id: 1, type: HDMI_IN, address: 0x2100, cec: true, arc: false, mhl: false
01-06 09:59:37.109   952   952 D HDMI    : initPortInfo port info:port_id: 0, type: HDMI_OUT, address: 0x2000, cec: true, arc: true, mhl: false
01-06 09:59:37.109   952   952 I EarcController: initEarcState supported:true
01-06 09:59:37.110   952   952 D EarcController: initEarcState settings:true
01-06 09:59:37.110   952   952 D EarcController: setEarcMode true
01-06 09:59:37.112   952   952 D HDMI    : Getting CEC setting value 'system_audio_control'.
01-06 09:59:37.112   952   952 D HDMI    : Reading 'system_audio_control' shared preference.
01-06 09:59:37.112   952   952 D EarcController: initEarcState audio switch:true
01-06 09:59:37.112   952   952 D EarcController: setEarcHalSettings true
01-06 09:59:37.115   952   952 D EarcController: audioSystem get earc rx attended type hal_param_get_earcrx_attend_type=1
01-06 09:59:37.117   952   952 D HDMI    : Getting CEC setting value 'set_menu_language'.
01-06 09:59:37.117   952   952 D HDMI    : Reading 'set_menu_language' shared preference.
01-06 09:59:37.123   952   952 V SystemServerTiming: StartHdmiControlService took to complete: 53ms
01-06 09:59:37.123   952   952 D SystemServerTiming: StartTvInteractiveAppManager
01-06 09:59:37.123   952   952 I SystemServiceManager: Starting com.android.server.tv.interactive.TvInteractiveAppManagerService
01-06 09:59:37.125   952   952 V SystemServerTiming: StartTvInteractiveAppManager took to complete: 2ms
01-06 09:59:37.125   952   952 D SystemServerTiming: StartTvInputManager
01-06 09:59:37.125   952   952 I SystemServiceManager: Starting com.android.server.tv.TvInputManagerService
01-06 09:59:37.134   952   952 V SystemServerTiming: StartTvInputManager took to complete: 9ms
01-06 09:59:37.134   952   952 D SystemServerTiming: StartTvRemoteService
01-06 09:59:37.134   952   952 I SystemServiceManager: Starting com.android.server.tv.TvRemoteService
01-06 09:59:37.135   952   952 V SystemServerTiming: StartTvRemoteService took to complete: 1ms
01-06 09:59:37.135   952   952 D SystemServerTiming: StartMediaRouterService
01-06 09:59:37.136   952   952 V HistoricalRegistry: Interaction before persistence initialized
01-06 09:59:37.137   952   952 V SystemServerTiming: StartMediaRouterService took to complete: 2ms
01-06 09:59:37.137   952   952 D SystemServerTiming: StartBiometricService
01-06 09:59:37.138   952   952 I SystemServiceManager: Starting com.android.server.biometrics.BiometricService
01-06 09:59:37.141   952   952 V SystemServerTiming: StartBiometricService took to complete: 4ms
01-06 09:59:37.141   952   952 D SystemServerTiming: StartAuthService
01-06 09:59:37.141   952   952 I SystemServiceManager: Starting com.android.server.biometrics.AuthService
01-06 09:59:37.143   952   952 V SystemServerTiming: StartAuthService took to complete: 2ms
01-06 09:59:37.143   952   952 D SystemServerTiming: StartDynamicCodeLoggingService
01-06 09:59:37.144   952   952 V SystemServerTiming: StartDynamicCodeLoggingService took to complete: 1ms
01-06 09:59:37.145   952   952 D SystemServerTiming: StartPruneInstantAppsJobService
01-06 09:59:37.145   952   952 V SystemServerTiming: StartPruneInstantAppsJobService took to complete: 1ms
01-06 09:59:37.145   952   952 D SystemServerTiming: StartShortcutServiceLifecycle
01-06 09:59:37.145   952   952 I SystemServiceManager: Starting com.android.server.pm.ShortcutService$Lifecycle
01-06 09:59:37.146   952   952 V HistoricalRegistry: Interaction before persistence initialized
01-06 09:59:37.147   952   952 V SystemServerTiming: StartShortcutServiceLifecycle took to complete: 2ms
01-06 09:59:37.147   952   952 D SystemServerTiming: StartLauncherAppsService
01-06 09:59:37.147   952   952 I SystemServiceManager: Starting com.android.server.pm.LauncherAppsService
01-06 09:59:37.150   952   952 V SystemServerTiming: StartLauncherAppsService took to complete: 3ms
01-06 09:59:37.150   952   952 D SystemServerTiming: StartCrossProfileAppsService
01-06 09:59:37.150   952   952 I SystemServiceManager: Starting com.android.server.pm.CrossProfileAppsService
01-06 09:59:37.151   952   952 V SystemServerTiming: StartCrossProfileAppsService took to complete: 0ms
01-06 09:59:37.151   952   952 D SystemServerTiming: StartPeopleService
01-06 09:59:37.151   952   952 I SystemServiceManager: Starting com.android.server.people.PeopleService
01-06 09:59:37.152   952   952 V SystemServerTiming: StartPeopleService took to complete: 1ms
01-06 09:59:37.152   952   952 D SystemServerTiming: StartMediaMetricsManager
01-06 09:59:37.152   952   952 I SystemServiceManager: Starting com.android.server.media.metrics.MediaMetricsManagerService
01-06 09:59:37.153   952   952 V SystemServerTiming: StartMediaMetricsManager took to complete: 1ms
01-06 09:59:37.153   952   952 D SystemServerTiming: StartMediaProjectionManager
01-06 09:59:37.153   952   952 I SystemServiceManager: Starting com.android.server.media.projection.MediaProjectionManagerService
01-06 09:59:37.156   952   952 V SystemServerTiming: StartMediaProjectionManager took to complete: 3ms
01-06 09:59:37.156   952   952 D SystemServerTiming: StartSliceManagerService
01-06 09:59:37.156   952   952 I SystemServiceManager: Starting com.android.server.slice.SliceManagerService$Lifecycle
01-06 09:59:37.159   952   952 V SystemServerTiming: StartSliceManagerService took to complete: 3ms
01-06 09:59:37.161   952   952 D SystemServerTiming: StartStatsCompanion
01-06 09:59:37.162   952   952 I SystemServiceManager: Starting com.android.server.stats.StatsCompanion$Lifecycle
01-06 09:59:37.162     0     0 E [3 T1     ..] init: Control message: Could not find 'aidl/clipboard' for ctl.interface_start from pid: 314 (/system/bin/servicemanager)
01-06 09:59:37.168   952   952 V SystemServerTiming: StartStatsCompanion took to complete: 5ms
01-06 09:59:37.168   952   952 D SystemServerTiming: StartRebootReadinessManagerService
01-06 09:59:37.169   952   952 I SystemServiceManager: Starting com.android.server.scheduling.RebootReadinessManagerService$Lifecycle
01-06 09:59:37.176   952   952 V SystemServerTiming: StartRebootReadinessManagerService took to complete: 8ms
01-06 09:59:37.176   952   952 D SystemServerTiming: StartStatsPullAtomService
01-06 09:59:37.176   952   952 I SystemServiceManager: Starting com.android.server.stats.pull.StatsPullAtomService
01-06 09:59:37.176   952   952 V SystemServerTiming: StartStatsPullAtomService took to complete: 0ms
01-06 09:59:37.176   952   952 D SystemServerTiming: StatsBootstrapAtomService
01-06 09:59:37.177   952   952 I SystemServiceManager: Starting com.android.server.stats.bootstrap.StatsBootstrapAtomService$Lifecycle
01-06 09:59:37.177   952   952 V SystemServerTiming: StatsBootstrapAtomService took to complete: 1ms
01-06 09:59:37.177   952   952 D SystemServerTiming: StartIncidentCompanionService
01-06 09:59:37.177   952   952 I SystemServiceManager: Starting com.android.server.incident.IncidentCompanionService
01-06 09:59:37.178   952   952 V SystemServerTiming: StartIncidentCompanionService took to complete: 1ms
01-06 09:59:37.178   952   952 D SystemServerTiming: StarSdkSandboxManagerService
01-06 09:59:37.179   952   952 I SystemServiceManager: Starting com.android.server.sdksandbox.SdkSandboxManagerService$Lifecycle
01-06 09:59:37.182   952   952 V SystemServerTiming: StarSdkSandboxManagerService took to complete: 4ms
01-06 09:59:37.182   952   952 D SystemServerTiming: StartAdServicesManagerService
01-06 09:59:37.183   952   952 I SystemServiceManager: Starting com.android.server.adservices.AdServicesManagerService$Lifecycle
01-06 09:59:37.184   952   952 V SystemServerTiming: StartAdServicesManagerService took to complete: 1ms
01-06 09:59:37.184   952   952 D SystemServerTiming: StartAutoFillService
01-06 09:59:37.184   952   952 I SystemServiceManager: Starting com.android.server.autofill.AutofillManagerService
01-06 09:59:37.185   952   952 D AutofillManagerService: setLogLevelFromSettings(): level=2, debug=true, verbose=false
01-06 09:59:37.186   952   952 D AutofillManagerService: setMaxPartitionsFromSettings(): 10
01-06 09:59:37.186   952   952 D AutofillManagerService: setMaxVisibleDatasetsFromSettings(): 0
01-06 09:59:37.187   952   952 D AutofillManagerServiceImpl: Reset component for user 0:
01-06 09:59:37.187   952   979 D AutofillUI: destroySaveUiUiThread(): already destroyed
01-06 09:59:37.188   952   952 V SystemServerTiming: StartAutoFillService took to complete: 4ms
01-06 09:59:37.190   952   952 D SystemServer: TranslationService not defined by OEM
01-06 09:59:37.190   952   952 D SystemServerTiming: StartClipboardService
01-06 09:59:37.190   952   952 I SystemServiceManager: Starting com.android.server.clipboard.ClipboardService
01-06 09:59:37.192   952   952 V SystemServerTiming: StartClipboardService took to complete: 2ms
01-06 09:59:37.192   952   952 D SystemServerTiming: AppServiceManager
01-06 09:59:37.192   952   952 I SystemServiceManager: Starting com.android.server.appbinding.AppBindingService$Lifecycle
01-06 09:59:37.193   952   952 V SystemServerTiming: AppServiceManager took to complete: 1ms
01-06 09:59:37.193   952   952 D SystemServerTiming: startTracingServiceProxy
01-06 09:59:37.193   952   952 I SystemServiceManager: Starting com.android.server.tracing.TracingServiceProxy
01-06 09:59:37.194   952   967 V HistoricalRegistry: Interaction before persistence initialized
01-06 09:59:37.195   952   952 V SystemServerTiming: startTracingServiceProxy took to complete: 2ms
01-06 09:59:37.196   952   952 D SystemServerTiming: MakeLockSettingsServiceReady
01-06 09:59:37.200   952  1217 V HistoricalRegistry: Interaction before persistence initialized
01-06 09:59:37.201   952   967 V HistoricalRegistry: Interaction before persistence initialized
01-06 09:59:37.205   952   952 I SyntheticPasswordManager: Device does not support weaver
01-06 09:59:37.206   952   952 I LockSettingsService: Device doesn't implement AuthSecret HAL
01-06 09:59:37.208   952   952 V SystemServerTiming: MakeLockSettingsServiceReady took to complete: 12ms
01-06 09:59:37.208   952   952 D SystemServerTiming: StartBootPhaseLockSettingsReady
01-06 09:59:37.208   952   952 I SystemServiceManager: Starting phase 480
01-06 09:59:37.208   952   952 D SystemServerTiming: OnBootPhase_480
01-06 09:59:37.208   952   952 D SystemServerTiming: OnBootPhase_480_com.android.server.security.FileIntegrityService
01-06 09:59:37.208   952   952 V SystemServerTiming: OnBootPhase_480_com.android.server.security.FileIntegrityService took to complete: 0ms
01-06 09:59:37.208   952   952 D SystemServerTiming: OnBootPhase_480_com.android.server.pm.Installer
01-06 09:59:37.208   952   952 V SystemServerTiming: OnBootPhase_480_com.android.server.pm.Installer took to complete: 0ms
01-06 09:59:37.208   952   952 D SystemServerTiming: OnBootPhase_480_com.android.server.os.DeviceIdentifiersPolicyService
01-06 09:59:37.208   952   952 V SystemServerTiming: OnBootPhase_480_com.android.server.os.DeviceIdentifiersPolicyService took to complete: 0ms
01-06 09:59:37.208   952   952 D SystemServerTiming: OnBootPhase_480_com.android.server.uri.UriGrantsManagerService$Lifecycle
01-06 09:59:37.208   952   952 V SystemServerTiming: OnBootPhase_480_com.android.server.uri.UriGrantsManagerService$Lifecycle took to complete: 0ms
01-06 09:59:37.208   952   952 D SystemServerTiming: OnBootPhase_480_com.android.server.powerstats.PowerStatsService
01-06 09:59:37.208   952   952 V SystemServerTiming: OnBootPhase_480_com.android.server.powerstats.PowerStatsService took to complete: 0ms
01-06 09:59:37.208   952   952 D SystemServerTiming: OnBootPhase_480_com.android.server.wm.ActivityTaskManagerService$Lifecycle
01-06 09:59:37.208   952   952 V SystemServerTiming: OnBootPhase_480_com.android.server.wm.ActivityTaskManagerService$Lifecycle took to complete: 0ms
01-06 09:59:37.208   952   952 D SystemServerTiming: OnBootPhase_480_com.android.server.am.ActivityManagerService$Lifecycle
01-06 09:59:37.208   952   952 V SystemServerTiming: OnBootPhase_480_com.android.server.am.ActivityManagerService$Lifecycle took to complete: 0ms
01-06 09:59:37.208   952   952 D SystemServerTiming: OnBootPhase_480_com.android.server.pm.DataLoaderManagerService
01-06 09:59:37.208   952   952 V SystemServerTiming: OnBootPhase_480_com.android.server.pm.DataLoaderManagerService took to complete: 0ms
01-06 09:59:37.208   952   952 D SystemServerTiming: OnBootPhase_480_com.android.server.power.PowerManagerService
01-06 09:59:37.208   952   952 V SystemServerTiming: OnBootPhase_480_com.android.server.power.PowerManagerService took to complete: 0ms
01-06 09:59:37.208   952   952 D SystemServerTiming: OnBootPhase_480_com.android.server.power.ThermalManagerService
01-06 09:59:37.208   952   952 V SystemServerTiming: OnBootPhase_480_com.android.server.power.ThermalManagerService took to complete: 0ms
01-06 09:59:37.208   952   952 D SystemServerTiming: OnBootPhase_480_com.android.server.power.hint.HintManagerService
01-06 09:59:37.208   952   952 V SystemServerTiming: OnBootPhase_480_com.android.server.power.hint.HintManagerService took to complete: 0ms
01-06 09:59:37.208   952   952 D SystemServerTiming: OnBootPhase_480_com.android.server.recoverysystem.RecoverySystemService$Lifecycle
01-06 09:59:37.208   952   952 V SystemServerTiming: OnBootPhase_480_com.android.server.recoverysystem.RecoverySystemService$Lifecycle took to complete: 0ms
01-06 09:59:37.208   952   952 D SystemServerTiming: OnBootPhase_480_com.android.server.lights.LightsService
01-06 09:59:37.208   952   952 V SystemServerTiming: OnBootPhase_480_com.android.server.lights.LightsService took to complete: 0ms
01-06 09:59:37.208   952   952 D SystemServerTiming: OnBootPhase_480_com.android.server.display.DisplayManagerService
01-06 09:59:37.208   952   952 V SystemServerTiming: OnBootPhase_480_com.android.server.display.DisplayManagerService took to complete: 0ms
01-06 09:59:37.208   952   952 D SystemServerTiming: OnBootPhase_480_com.android.server.pm.verify.domain.DomainVerificationService
01-06 09:59:37.209   952   952 V SystemServerTiming: OnBootPhase_480_com.android.server.pm.verify.domain.DomainVerificationService took to complete: 0ms
01-06 09:59:37.209   952   952 D SystemServerTiming: OnBootPhase_480_com.android.server.pm.PackageInstallerService$Lifecycle
01-06 09:59:37.209   952   952 V SystemServerTiming: OnBootPhase_480_com.android.server.pm.PackageInstallerService$Lifecycle took to complete: 0ms
01-06 09:59:37.209   952   952 D SystemServerTiming: OnBootPhase_480_com.android.server.pm.UserManagerService$LifeCycle
01-06 09:59:37.209   952   952 V SystemServerTiming: OnBootPhase_480_com.android.server.pm.UserManagerService$LifeCycle took to complete: 0ms
01-06 09:59:37.209   952   952 D SystemServerTiming: OnBootPhase_480_com.android.server.om.OverlayManagerService
01-06 09:59:37.209   952   952 V SystemServerTiming: OnBootPhase_480_com.android.server.om.OverlayManagerService took to complete: 0ms
01-06 09:59:37.209   952   952 D SystemServerTiming: OnBootPhase_480_com.android.server.resources.ResourcesManagerService
01-06 09:59:37.209   952   952 V SystemServerTiming: OnBootPhase_480_com.android.server.resources.ResourcesManagerService took to complete: 0ms
01-06 09:59:37.209   952   952 D SystemServerTiming: OnBootPhase_480_com.android.server.sensorprivacy.SensorPrivacyService
01-06 09:59:37.209   952   952 V SystemServerTiming: OnBootPhase_480_com.android.server.sensorprivacy.SensorPrivacyService took to complete: 0ms
01-06 09:59:37.209   952   952 D SystemServerTiming: OnBootPhase_480_com.android.server.sensors.SensorService
01-06 09:59:37.209   952   952 V SystemServerTiming: OnBootPhase_480_com.android.server.sensors.SensorService took to complete: 0ms
01-06 09:59:37.209   952   952 D SystemServerTiming: OnBootPhase_480_com.android.server.SystemConfigService
01-06 09:59:37.209   952   952 V SystemServerTiming: OnBootPhase_480_com.android.server.SystemConfigService took to complete: 0ms
01-06 09:59:37.209   952   952 D SystemServerTiming: OnBootPhase_480_com.android.server.BatteryService
01-06 09:59:37.209   952   952 V SystemServerTiming: OnBootPhase_480_com.android.server.BatteryService took to complete: 0ms
01-06 09:59:37.209   952   952 D SystemServerTiming: OnBootPhase_480_com.android.server.usage.UsageStatsService
01-06 09:59:37.209   952   952 V SystemServerTiming: OnBootPhase_480_com.android.server.usage.UsageStatsService took to complete: 0ms
01-06 09:59:37.209   952   952 D SystemServerTiming: OnBootPhase_480_com.android.server.webkit.WebViewUpdateService
01-06 09:59:37.209   952   952 V SystemServerTiming: OnBootPhase_480_com.android.server.webkit.WebViewUpdateService took to complete: 0ms
01-06 09:59:37.209   952   952 D SystemServerTiming: OnBootPhase_480_com.android.server.CachedDeviceStateService
01-06 09:59:37.209   952   952 V SystemServerTiming: OnBootPhase_480_com.android.server.CachedDeviceStateService took to complete: 0ms
01-06 09:59:37.209   952   952 D SystemServerTiming: OnBootPhase_480_com.android.server.BinderCallsStatsService$LifeCycle
01-06 09:59:37.209   952   952 V SystemServerTiming: OnBootPhase_480_com.android.server.BinderCallsStatsService$LifeCycle took to complete: 0ms
01-06 09:59:37.209   952   952 D SystemServerTiming: OnBootPhase_480_com.android.server.LooperStatsService$Lifecycle
01-06 09:59:37.209   952   952 V SystemServerTiming: OnBootPhase_480_com.android.server.LooperStatsService$Lifecycle took to complete: 0ms
01-06 09:59:37.209   952   952 D SystemServerTiming: OnBootPhase_480_com.android.server.rollback.RollbackManagerService
01-06 09:59:37.209   952   952 V SystemServerTiming: OnBootPhase_480_com.android.server.rollback.RollbackManagerService took to complete: 0ms
01-06 09:59:37.209   952   952 D SystemServerTiming: OnBootPhase_480_com.android.server.os.NativeTombstoneManagerService
01-06 09:59:37.209   952   952 V SystemServerTiming: OnBootPhase_480_com.android.server.os.NativeTombstoneManagerService took to complete: 0ms
01-06 09:59:37.209   952   952 D SystemServerTiming: OnBootPhase_480_com.android.server.os.BugreportManagerService
01-06 09:59:37.209   952   952 V SystemServerTiming: OnBootPhase_480_com.android.server.os.BugreportManagerService took to complete: 0ms
01-06 09:59:37.209   952   952 D SystemServerTiming: OnBootPhase_480_com.android.server.gpu.GpuService
01-06 09:59:37.209   952   952 V SystemServerTiming: OnBootPhase_480_com.android.server.gpu.GpuService took to complete: 0ms
01-06 09:59:37.209   952   952 D SystemServerTiming: OnBootPhase_480_com.android.server.security.KeyChainSystemService
01-06 09:59:37.209   952   952 V SystemServerTiming: OnBootPhase_480_com.android.server.security.KeyChainSystemService took to complete: 0ms
01-06 09:59:37.209   952   952 D SystemServerTiming: OnBootPhase_480_com.android.server.BinaryTransparencyService
01-06 09:59:37.210   952   952 V SystemServerTiming: OnBootPhase_480_com.android.server.BinaryTransparencyService took to complete: 0ms
01-06 09:59:37.210   952   952 D SystemServerTiming: OnBootPhase_480_com.android.server.accounts.AccountManagerService$Lifecycle
01-06 09:59:37.210   952   952 V SystemServerTiming: OnBootPhase_480_com.android.server.accounts.AccountManagerService$Lifecycle took to complete: 0ms
01-06 09:59:37.210   952   952 D SystemServerTiming: OnBootPhase_480_com.android.server.content.ContentService$Lifecycle
01-06 09:59:37.210   952   952 V SystemServerTiming: OnBootPhase_480_com.android.server.content.ContentService$Lifecycle took to complete: 0ms
01-06 09:59:37.210   952   952 D SystemServerTiming: OnBootPhase_480_com.android.server.DropBoxManagerService
01-06 09:59:37.210   952   952 V SystemServerTiming: OnBootPhase_480_com.android.server.DropBoxManagerService took to complete: 0ms
01-06 09:59:37.210   952   952 D SystemServerTiming: OnBootPhase_480_com.android.role.RoleService
