01-04 01:21:03.337   807   807 V SystemServerTiming: OnBootPhase_520_com.android.server.NetworkScoreService$Lifecycle took to complete: 0ms
01-04 01:21:03.337   807   807 D SystemServerTiming: OnBootPhase_520_com.android.server.NetworkStatsServiceInitializer
01-04 01:21:03.337   807   807 V SystemServerTiming: OnBootPhase_520_com.android.server.NetworkStatsServiceInitializer took to complete: 0ms
01-04 01:21:03.337   807   807 D SystemServerTiming: OnBootPhase_520_com.android.server.wifi.WifiService
01-04 01:21:03.337   807   807 V SystemServerTiming: OnBootPhase_520_com.android.server.wifi.WifiService took to complete: 0ms
01-04 01:21:03.337   807   807 D SystemServerTiming: OnBootPhase_520_com.android.server.wifi.scanner.WifiScanningService
01-04 01:21:03.337   807   807 V SystemServerTiming: OnBootPhase_520_com.android.server.wifi.scanner.WifiScanningService took to complete: 0ms
01-04 01:21:03.337   807   807 D SystemServerTiming: OnBootPhase_520_com.android.server.wifi.p2p.WifiP2pService
01-04 01:21:03.337   807   807 V SystemServerTiming: OnBootPhase_520_com.android.server.wifi.p2p.WifiP2pService took to complete: 0ms
01-04 01:21:03.337   807   807 D SystemServerTiming: OnBootPhase_520_com.android.server.ConnectivityServiceInitializer
01-04 01:21:03.337   807   807 V SystemServerTiming: OnBootPhase_520_com.android.server.ConnectivityServiceInitializer took to complete: 0ms
01-04 01:21:03.337   807   807 D SystemServerTiming: OnBootPhase_520_com.android.server.notification.NotificationManagerService
01-04 01:21:03.337   807   807 V SystemServerTiming: OnBootPhase_520_com.android.server.notification.NotificationManagerService took to complete: 0ms
01-04 01:21:03.337   807   807 D SystemServerTiming: OnBootPhase_520_com.android.server.storage.DeviceStorageMonitorService
01-04 01:21:03.337   807   807 V SystemServerTiming: OnBootPhase_520_com.android.server.storage.DeviceStorageMonitorService took to complete: 0ms
01-04 01:21:03.337   807   807 D SystemServerTiming: OnBootPhase_520_com.android.server.location.LocationManagerService$Lifecycle
01-04 01:21:03.338   807   807 V SystemServerTiming: OnBootPhase_520_com.android.server.location.LocationManagerService$Lifecycle took to complete: 1ms
01-04 01:21:03.338   807   807 D SystemServerTiming: OnBootPhase_520_com.android.server.timedetector.TimeDetectorService$Lifecycle
01-04 01:21:03.338   807   807 V SystemServerTiming: OnBootPhase_520_com.android.server.timedetector.TimeDetectorService$Lifecycle took to complete: 0ms
01-04 01:21:03.338   807   807 D SystemServerTiming: OnBootPhase_520_com.android.server.timezonedetector.TimeZoneDetectorService$Lifecycle
01-04 01:21:03.338   807   807 V SystemServerTiming: OnBootPhase_520_com.android.server.timezonedetector.TimeZoneDetectorService$Lifecycle took to complete: 0ms
01-04 01:21:03.338   807   807 D SystemServerTiming: OnBootPhase_520_com.android.server.timezonedetector.location.LocationTimeZoneManagerService$Lifecycle
01-04 01:21:03.338   807   807 V SystemServerTiming: OnBootPhase_520_com.android.server.timezonedetector.location.LocationTimeZoneManagerService$Lifecycle took to complete: 0ms
01-04 01:21:03.338   807   807 D SystemServerTiming: OnBootPhase_520_com.android.server.search.SearchManagerService$Lifecycle
01-04 01:21:03.338   807   807 V SystemServerTiming: OnBootPhase_520_com.android.server.search.SearchManagerService$Lifecycle took to complete: 0ms
01-04 01:21:03.338   807   807 D SystemServerTiming: OnBootPhase_520_com.android.server.wallpaper.WallpaperManagerService$Lifecycle
01-04 01:21:03.338   807   807 V SystemServerTiming: OnBootPhase_520_com.android.server.wallpaper.WallpaperManagerService$Lifecycle took to complete: 0ms
01-04 01:21:03.338   807   807 D SystemServerTiming: OnBootPhase_520_com.android.server.wallpapereffectsgeneration.WallpaperEffectsGenerationManagerService
01-04 01:21:03.338   807   807 V SystemServerTiming: OnBootPhase_520_com.android.server.wallpapereffectsgeneration.WallpaperEffectsGenerationManagerService took to complete: 0ms
01-04 01:21:03.338   807   807 D SystemServerTiming: OnBootPhase_520_com.android.server.audio.AudioService$Lifecycle
01-04 01:21:03.338   807   807 V SystemServerTiming: OnBootPhase_520_com.android.server.audio.AudioService$Lifecycle took to complete: 0ms
01-04 01:21:03.338   807   807 D SystemServerTiming: OnBootPhase_520_com.android.server.soundtrigger_middleware.SoundTriggerMiddlewareService$Lifecycle
01-04 01:21:03.338   807   807 V SystemServerTiming: OnBootPhase_520_com.android.server.soundtrigger_middleware.SoundTriggerMiddlewareService$Lifecycle took to complete: 0ms
01-04 01:21:03.338   807   807 D SystemServerTiming: OnBootPhase_520_com.android.server.DockObserver
01-04 01:21:03.338   807   807 V SystemServerTiming: OnBootPhase_520_com.android.server.DockObserver took to complete: 0ms
01-04 01:21:03.338   807   807 D SystemServerTiming: OnBootPhase_520_com.android.server.adb.AdbService$Lifecycle
01-04 01:21:03.338   807   807 V SystemServerTiming: OnBootPhase_520_com.android.server.adb.AdbService$Lifecycle took to complete: 0ms
01-04 01:21:03.338   807   807 D SystemServerTiming: OnBootPhase_520_com.android.server.usb.UsbService$Lifecycle
01-04 01:21:03.338   807   807 V SystemServerTiming: OnBootPhase_520_com.android.server.usb.UsbService$Lifecycle took to complete: 0ms
01-04 01:21:03.338   807   807 D SystemServerTiming: OnBootPhase_520_com.android.server.twilight.TwilightService
01-04 01:21:03.338   807   807 V SystemServerTiming: OnBootPhase_520_com.android.server.twilight.TwilightService took to complete: 0ms
01-04 01:21:03.338   807   807 D SystemServerTiming: OnBootPhase_520_com.android.server.display.color.ColorDisplayService
01-04 01:21:03.339   807   807 V SystemServerTiming: OnBootPhase_520_com.android.server.display.color.ColorDisplayService took to complete: 0ms
01-04 01:21:03.339   807   807 D SystemServerTiming: OnBootPhase_520_com.android.server.job.JobSchedulerService
01-04 01:21:03.339   807   807 V SystemServerTiming: OnBootPhase_520_com.android.server.job.JobSchedulerService took to complete: 0ms
01-04 01:21:03.339   807   807 D SystemServerTiming: OnBootPhase_520_com.android.server.soundtrigger.SoundTriggerService
01-04 01:21:03.339   807   807 D SoundTriggerService: onBootPhase: 520 : false
01-04 01:21:03.339   807   807 V SystemServerTiming: OnBootPhase_520_com.android.server.soundtrigger.SoundTriggerService took to complete: 0ms
01-04 01:21:03.339   807   807 D SystemServerTiming: OnBootPhase_520_com.android.server.trust.TrustManagerService
01-04 01:21:03.339   807   807 V SystemServerTiming: OnBootPhase_520_com.android.server.trust.TrustManagerService took to complete: 0ms
01-04 01:21:03.339   807   807 D SystemServerTiming: OnBootPhase_520_com.android.server.backup.BackupManagerService$Lifecycle
01-04 01:21:03.339   807   807 V SystemServerTiming: OnBootPhase_520_com.android.server.backup.BackupManagerService$Lifecycle took to complete: 0ms
01-04 01:21:03.339   807   807 D SystemServerTiming: OnBootPhase_520_com.android.server.appwidget.AppWidgetService
01-04 01:21:03.339   807   807 V SystemServerTiming: OnBootPhase_520_com.android.server.appwidget.AppWidgetService took to complete: 0ms
01-04 01:21:03.339   807   807 D SystemServerTiming: OnBootPhase_520_com.android.server.voiceinteraction.VoiceInteractionManagerService
01-04 01:21:03.339   807   807 V SystemServerTiming: OnBootPhase_520_com.android.server.voiceinteraction.VoiceInteractionManagerService took to complete: 0ms
01-04 01:21:03.339   807   807 D SystemServerTiming: OnBootPhase_520_com.android.server.apphibernation.AppHibernationService
01-04 01:21:03.339   807   807 V SystemServerTiming: OnBootPhase_520_com.android.server.apphibernation.AppHibernationService took to complete: 0ms
01-04 01:21:03.339   807   807 D SystemServerTiming: OnBootPhase_520_com.android.server.GestureLauncherService
01-04 01:21:03.339   807   807 V SystemServerTiming: OnBootPhase_520_com.android.server.GestureLauncherService took to complete: 0ms
01-04 01:21:03.339   807   807 D SystemServerTiming: OnBootPhase_520_com.android.server.SensorNotificationService
01-04 01:21:03.339   807   807 V SystemServerTiming: OnBootPhase_520_com.android.server.SensorNotificationService took to complete: 0ms
01-04 01:21:03.339   807   807 D SystemServerTiming: OnBootPhase_520_com.android.server.emergency.EmergencyAffordanceService
01-04 01:21:03.339   807   807 V SystemServerTiming: OnBootPhase_520_com.android.server.emergency.EmergencyAffordanceService took to complete: 0ms
01-04 01:21:03.339   807   807 D SystemServerTiming: OnBootPhase_520_com.android.server.blob.BlobStoreManagerService
01-04 01:21:03.339   807   807 V SystemServerTiming: OnBootPhase_520_com.android.server.blob.BlobStoreManagerService took to complete: 0ms
01-04 01:21:03.339   807   807 D SystemServerTiming: OnBootPhase_520_com.android.server.dreams.DreamManagerService
01-04 01:21:03.339   807   807 V SystemServerTiming: OnBootPhase_520_com.android.server.dreams.DreamManagerService took to complete: 0ms
01-04 01:21:03.339   807   807 D SystemServerTiming: OnBootPhase_520_com.android.server.security.AttestationVerificationManagerService
01-04 01:21:03.339   807   807 V SystemServerTiming: OnBootPhase_520_com.android.server.security.AttestationVerificationManagerService took to complete: 0ms
01-04 01:21:03.339   807   807 D SystemServerTiming: OnBootPhase_520_com.android.server.restrictions.RestrictionsManagerService
01-04 01:21:03.339   807   807 V SystemServerTiming: OnBootPhase_520_com.android.server.restrictions.RestrictionsManagerService took to complete: 0ms
01-04 01:21:03.339   807   807 D SystemServerTiming: OnBootPhase_520_com.android.server.media.MediaSessionService
01-04 01:21:03.339   807   807 V SystemServerTiming: OnBootPhase_520_com.android.server.media.MediaSessionService took to complete: 0ms
01-04 01:21:03.339   807   807 D SystemServerTiming: OnBootPhase_520_com.android.server.hdmi.HdmiControlService
01-04 01:21:03.339   807   807 V SystemServerTiming: OnBootPhase_520_com.android.server.hdmi.HdmiControlService took to complete: 0ms
01-04 01:21:03.339   807   807 D SystemServerTiming: OnBootPhase_520_com.android.server.tv.interactive.TvInteractiveAppManagerService
01-04 01:21:03.340   807   807 V SystemServerTiming: OnBootPhase_520_com.android.server.tv.interactive.TvInteractiveAppManagerService took to complete: 0ms
01-04 01:21:03.340   807   807 D SystemServerTiming: OnBootPhase_520_com.android.server.tv.TvInputManagerService
01-04 01:21:03.340   807   807 V SystemServerTiming: OnBootPhase_520_com.android.server.tv.TvInputManagerService took to complete: 0ms
01-04 01:21:03.340   807   807 D SystemServerTiming: OnBootPhase_520_com.android.server.tv.TvRemoteService
01-04 01:21:03.340   807   807 V SystemServerTiming: OnBootPhase_520_com.android.server.tv.TvRemoteService took to complete: 0ms
01-04 01:21:03.340   807   807 D SystemServerTiming: OnBootPhase_520_com.android.server.biometrics.BiometricService
01-04 01:21:03.340   807   807 V SystemServerTiming: OnBootPhase_520_com.android.server.biometrics.BiometricService took to complete: 0ms
01-04 01:21:03.340   807   807 D SystemServerTiming: OnBootPhase_520_com.android.server.biometrics.AuthService
01-04 01:21:03.340   807   807 V SystemServerTiming: OnBootPhase_520_com.android.server.biometrics.AuthService took to complete: 0ms
01-04 01:21:03.340   807   807 D SystemServerTiming: OnBootPhase_520_com.android.server.pm.ShortcutService$Lifecycle
01-04 01:21:03.340   807   807 V SystemServerTiming: OnBootPhase_520_com.android.server.pm.ShortcutService$Lifecycle took to complete: 0ms
01-04 01:21:03.340   807   807 D SystemServerTiming: OnBootPhase_520_com.android.server.pm.LauncherAppsService
01-04 01:21:03.340   807   807 V SystemServerTiming: OnBootPhase_520_com.android.server.pm.LauncherAppsService took to complete: 0ms
01-04 01:21:03.340   807   807 D SystemServerTiming: OnBootPhase_520_com.android.server.pm.CrossProfileAppsService
01-04 01:21:03.340   807   807 V SystemServerTiming: OnBootPhase_520_com.android.server.pm.CrossProfileAppsService took to complete: 0ms
01-04 01:21:03.340   807   807 D SystemServerTiming: OnBootPhase_520_com.android.server.people.PeopleService
01-04 01:21:03.340   807   807 V SystemServerTiming: OnBootPhase_520_com.android.server.people.PeopleService took to complete: 0ms
01-04 01:21:03.340   807   807 D SystemServerTiming: OnBootPhase_520_com.android.server.media.metrics.MediaMetricsManagerService
01-04 01:21:03.340   807   807 V SystemServerTiming: OnBootPhase_520_com.android.server.media.metrics.MediaMetricsManagerService took to complete: 0ms
01-04 01:21:03.340   807   807 D SystemServerTiming: OnBootPhase_520_com.android.server.media.projection.MediaProjectionManagerService
01-04 01:21:03.340   807   807 V SystemServerTiming: OnBootPhase_520_com.android.server.media.projection.MediaProjectionManagerService took to complete: 0ms
01-04 01:21:03.340   807   807 D SystemServerTiming: OnBootPhase_520_com.android.server.slice.SliceManagerService$Lifecycle
01-04 01:21:03.340   807   807 V SystemServerTiming: OnBootPhase_520_com.android.server.slice.SliceManagerService$Lifecycle took to complete: 0ms
01-04 01:21:03.340   807   807 D SystemServerTiming: OnBootPhase_520_com.android.server.stats.StatsCompanion$Lifecycle
01-04 01:21:03.340   807   807 V SystemServerTiming: OnBootPhase_520_com.android.server.stats.StatsCompanion$Lifecycle took to complete: 0ms
01-04 01:21:03.340   807   807 D SystemServerTiming: OnBootPhase_520_com.android.server.scheduling.RebootReadinessManagerService$Lifecycle
01-04 01:21:03.340   807   807 V SystemServerTiming: OnBootPhase_520_com.android.server.scheduling.RebootReadinessManagerService$Lifecycle took to complete: 0ms
01-04 01:21:03.340   807   807 D SystemServerTiming: OnBootPhase_520_com.android.server.stats.pull.StatsPullAtomService
01-04 01:21:03.340   807   807 V SystemServerTiming: OnBootPhase_520_com.android.server.stats.pull.StatsPullAtomService took to complete: 0ms
01-04 01:21:03.340   807   807 D SystemServerTiming: OnBootPhase_520_com.android.server.stats.bootstrap.StatsBootstrapAtomService$Lifecycle
01-04 01:21:03.340   807   807 V SystemServerTiming: OnBootPhase_520_com.android.server.stats.bootstrap.StatsBootstrapAtomService$Lifecycle took to complete: 0ms
01-04 01:21:03.340   807   807 D SystemServerTiming: OnBootPhase_520_com.android.server.incident.IncidentCompanionService
01-04 01:21:03.340   807   807 V SystemServerTiming: OnBootPhase_520_com.android.server.incident.IncidentCompanionService took to complete: 0ms
01-04 01:21:03.340   807   807 D SystemServerTiming: OnBootPhase_520_com.android.server.sdksandbox.SdkSandboxManagerService$Lifecycle
01-04 01:21:03.340   807   807 V SystemServerTiming: OnBootPhase_520_com.android.server.sdksandbox.SdkSandboxManagerService$Lifecycle took to complete: 0ms
01-04 01:21:03.340   807   807 D SystemServerTiming: OnBootPhase_520_com.android.server.adservices.AdServicesManagerService$Lifecycle
01-04 01:21:03.340   807   807 V SystemServerTiming: OnBootPhase_520_com.android.server.adservices.AdServicesManagerService$Lifecycle took to complete: 0ms
01-04 01:21:03.341   807   807 D SystemServerTiming: OnBootPhase_520_com.android.server.autofill.AutofillManagerService
01-04 01:21:03.341   807   807 V SystemServerTiming: OnBootPhase_520_com.android.server.autofill.AutofillManagerService took to complete: 0ms
01-04 01:21:03.341   807   807 D SystemServerTiming: OnBootPhase_520_com.android.server.clipboard.ClipboardService
01-04 01:21:03.341   807   807 V SystemServerTiming: OnBootPhase_520_com.android.server.clipboard.ClipboardService took to complete: 0ms
01-04 01:21:03.341   807   807 D SystemServerTiming: OnBootPhase_520_com.android.server.appbinding.AppBindingService$Lifecycle
01-04 01:21:03.341   807   807 V SystemServerTiming: OnBootPhase_520_com.android.server.appbinding.AppBindingService$Lifecycle took to complete: 0ms
01-04 01:21:03.341   807   807 D SystemServerTiming: OnBootPhase_520_com.android.server.tracing.TracingServiceProxy
01-04 01:21:03.341   807   807 V SystemServerTiming: OnBootPhase_520_com.android.server.tracing.TracingServiceProxy took to complete: 0ms
01-04 01:21:03.341   807   807 D SystemServerTiming: OnBootPhase_520_com.android.server.policy.PermissionPolicyService
01-04 01:21:03.341   807   807 V SystemServerTiming: OnBootPhase_520_com.android.server.policy.PermissionPolicyService took to complete: 0ms
01-04 01:21:03.341   807   807 D SystemServerTiming: OnBootPhase_520_com.android.server.pm.StagingManager$Lifecycle
01-04 01:21:03.341   807   807 V SystemServerTiming: OnBootPhase_520_com.android.server.pm.StagingManager$Lifecycle took to complete: 0ms
01-04 01:21:03.341   807   807 D SystemServerTiming: OnBootPhase_520_com.android.server.app.GameManagerService$Lifecycle
01-04 01:21:03.341   807   807 V SystemServerTiming: OnBootPhase_520_com.android.server.app.GameManagerService$Lifecycle took to complete: 0ms
01-04 01:21:03.341   807   807 V SystemServerTiming: OnBootPhase_520 took to complete: 8ms
01-04 01:21:03.341   807   807 V SystemServerTiming: StartBootPhaseDeviceSpecificServicesReady took to complete: 8ms
01-04 01:21:03.341   807   807 D SystemServerTiming: StartSafetyCenterService
01-04 01:21:03.342   807   807 I SystemServiceManager: Starting com.android.safetycenter.SafetyCenterService
01-04 01:21:03.352   807   807 V SystemServerTiming: StartSafetyCenterService took to complete: 11ms
01-04 01:21:03.353   807   807 D SystemServerTiming: AppSearchModule
01-04 01:21:03.368   807   807 I SystemServiceManager: Starting com.android.server.appsearch.AppSearchModule$Lifecycle
01-04 01:21:03.375   807   807 V SystemServerTiming: AppSearchModule took to complete: 22ms
01-04 01:21:03.375   807   807 D SystemServerTiming: StartMediaCommunicationService
01-04 01:21:03.376   807   807 I SystemServiceManager: Starting com.android.server.media.MediaCommunicationService
01-04 01:21:03.377   807   807 V SystemServerTiming: StartMediaCommunicationService took to complete: 2ms
01-04 01:21:03.377   807   807 D SystemServerTiming: AppCompatOverridesService
01-04 01:21:03.377   807   807 I SystemServiceManager: Starting com.android.server.compat.overrides.AppCompatOverridesService$Lifecycle
01-04 01:21:03.378   807   807 V SystemServerTiming: AppCompatOverridesService took to complete: 1ms
01-04 01:21:03.378   807   807 D SystemServerTiming: PhaseActivityManagerReady
01-04 01:21:03.378   807   807 D SystemServerTiming: controllersReady
01-04 01:21:03.383   807   918 D SystemServerTimingAsync: InitThreadPoolExec:Update app-ops uidState in case package io.appium.uiautomator2.server changed
01-04 01:21:03.383   807   929 D SystemServerTimingAsync: InitThreadPoolExec:Update app-ops uidState in case package io.appium.settings changed
01-04 01:21:03.383   807   943 D SystemServerTimingAsync: InitThreadPoolExec:Update app-ops uidState in case package tv.pluto.android changed
01-04 01:21:03.383   807   943 D SystemServerInitThreadPool: Started executing Update app-ops uidState in case package tv.pluto.android changed
01-04 01:21:03.383   807   953 D SystemServerTimingAsync: InitThreadPoolExec:Update app-ops uidState in case package com.amazon.amazonvideo.livingroom.qa changed
01-04 01:21:03.383   807   953 D SystemServerInitThreadPool: Started executing Update app-ops uidState in case package com.amazon.amazonvideo.livingroom.qa changed
01-04 01:21:03.383   807   835 D SystemServerTimingAsync: InitThreadPoolExec:Update app-ops uidState in case package com.hulu.livingroomplus changed
01-04 01:21:03.383   807   835 D SystemServerInitThreadPool: Started executing Update app-ops uidState in case package com.hulu.livingroomplus changed
01-04 01:21:03.383   807   918 D SystemServerInitThreadPool: Started executing Update app-ops uidState in case package io.appium.uiautomator2.server changed
01-04 01:21:03.383   807   929 D SystemServerInitThreadPool: Started executing Update app-ops uidState in case package io.appium.settings changed
01-04 01:21:03.383   807   910 D SystemServerTimingAsync: InitThreadPoolExec:Update app-ops uidState in case package com.disney.disneyplus changed
01-04 01:21:03.383   807   910 D SystemServerInitThreadPool: Started executing Update app-ops uidState in case package com.disney.disneyplus changed
01-04 01:21:03.383   807   943 D SystemServerInitThreadPool: Finished executing Update app-ops uidState in case package tv.pluto.android changed
01-04 01:21:03.383   807   953 D SystemServerInitThreadPool: Finished executing Update app-ops uidState in case package com.amazon.amazonvideo.livingroom.qa changed
01-04 01:21:03.383   807   953 V SystemServerTimingAsync: InitThreadPoolExec:Update app-ops uidState in case package com.amazon.amazonvideo.livingroom.qa changed took to complete: 0ms
01-04 01:21:03.383   807   835 D SystemServerInitThreadPool: Finished executing Update app-ops uidState in case package com.hulu.livingroomplus changed
01-04 01:21:03.383   807   835 V SystemServerTimingAsync: InitThreadPoolExec:Update app-ops uidState in case package com.hulu.livingroomplus changed took to complete: 0ms
01-04 01:21:03.383   807   835 D SystemServerTimingAsync: InitThreadPoolExec:Update app-ops uidState in case package com.sonos.connectivity changed
01-04 01:21:03.384   807   835 D SystemServerInitThreadPool: Started executing Update app-ops uidState in case package com.sonos.connectivity changed
01-04 01:21:03.384   807   910 D SystemServerInitThreadPool: Finished executing Update app-ops uidState in case package com.disney.disneyplus changed
01-04 01:21:03.384   807   943 V SystemServerTimingAsync: InitThreadPoolExec:Update app-ops uidState in case package tv.pluto.android changed took to complete: 0ms
01-04 01:21:03.384   807   943 D SystemServerTimingAsync: InitThreadPoolExec:Update app-ops uidState in case package com.android.systemui changed
01-04 01:21:03.384   807   943 D SystemServerInitThreadPool: Started executing Update app-ops uidState in case package com.android.systemui changed
01-04 01:21:03.384   807   918 D SystemServerInitThreadPool: Finished executing Update app-ops uidState in case package io.appium.uiautomator2.server changed
01-04 01:21:03.384   807   943 D SystemServerInitThreadPool: Finished executing Update app-ops uidState in case package com.android.systemui changed
01-04 01:21:03.384   807   943 V SystemServerTimingAsync: InitThreadPoolExec:Update app-ops uidState in case package com.android.systemui changed took to complete: 0ms
01-04 01:21:03.384   807   835 D SystemServerInitThreadPool: Finished executing Update app-ops uidState in case package com.sonos.connectivity changed
01-04 01:21:03.384   807   910 V SystemServerTimingAsync: InitThreadPoolExec:Update app-ops uidState in case package com.disney.disneyplus changed took to complete: 1ms
01-04 01:21:03.384   807   928 D SystemServerTimingAsync: InitThreadPoolExec:Update app-ops uidState in case package com.future.moviesByFawesomeAndroidTV changed
01-04 01:21:03.384   807   928 D SystemServerInitThreadPool: Started executing Update app-ops uidState in case package com.future.moviesByFawesomeAndroidTV changed
01-04 01:21:03.384   807   929 D SystemServerInitThreadPool: Finished executing Update app-ops uidState in case package io.appium.settings changed
01-04 01:21:03.384   807   928 D SystemServerInitThreadPool: Finished executing Update app-ops uidState in case package com.future.moviesByFawesomeAndroidTV changed
01-04 01:21:03.385   807   929 V SystemServerTimingAsync: InitThreadPoolExec:Update app-ops uidState in case package io.appium.settings changed took to complete: 2ms
01-04 01:21:03.385   807   943 D SystemServerTimingAsync: InitThreadPoolExec:Update app-ops uidState in case package com.aml.dial changed
01-04 01:21:03.385   807   943 D SystemServerInitThreadPool: Started executing Update app-ops uidState in case package com.aml.dial changed
01-04 01:21:03.385   807   910 D SystemServerTimingAsync: InitThreadPoolExec:Update app-ops uidState in case package com.sonos.tv.appdirector changed
01-04 01:21:03.385   807   953 D SystemServerTimingAsync: InitThreadPoolExec:Update app-ops uidState in case package com.android.providers.media.module changed
01-04 01:21:03.385   807   953 D SystemServerInitThreadPool: Started executing Update app-ops uidState in case package com.android.providers.media.module changed
01-04 01:21:03.385   807   928 V SystemServerTimingAsync: InitThreadPoolExec:Update app-ops uidState in case package com.future.moviesByFawesomeAndroidTV changed took to complete: 1ms
01-04 01:21:03.385   807   960 D SystemServerTimingAsync: InitThreadPoolExec:Update app-ops uidState in case package com.philo.philo.google changed
01-04 01:21:03.385   807   929 D SystemServerTimingAsync: InitThreadPoolExec:Update app-ops uidState in case package com.sonos.cinemascope changed
01-04 01:21:03.385   807   929 D SystemServerInitThreadPool: Started executing Update app-ops uidState in case package com.sonos.cinemascope changed
01-04 01:21:03.385   807   929 D SystemServerInitThreadPool: Finished executing Update app-ops uidState in case package com.sonos.cinemascope changed
01-04 01:21:03.385   807   929 V SystemServerTimingAsync: InitThreadPoolExec:Update app-ops uidState in case package com.sonos.cinemascope changed took to complete: 0ms
01-04 01:21:03.385   807   929 D SystemServerTimingAsync: InitThreadPoolExec:Update app-ops uidState in case package com.sonos.tv.launcher changed
01-04 01:21:03.385   807   929 D SystemServerInitThreadPool: Started executing Update app-ops uidState in case package com.sonos.tv.launcher changed
01-04 01:21:03.385   807   929 D SystemServerInitThreadPool: Finished executing Update app-ops uidState in case package com.sonos.tv.launcher changed
01-04 01:21:03.385   807   929 V SystemServerTimingAsync: InitThreadPoolExec:Update app-ops uidState in case package com.sonos.tv.launcher changed took to complete: 0ms
01-04 01:21:03.385   807   929 D SystemServerTimingAsync: InitThreadPoolExec:Update app-ops uidState in case package com.sonos.tv.music changed
01-04 01:21:03.385   807   929 D SystemServerInitThreadPool: Started executing Update app-ops uidState in case package com.sonos.tv.music changed
01-04 01:21:03.385   807   929 D SystemServerInitThreadPool: Finished executing Update app-ops uidState in case package com.sonos.tv.music changed
01-04 01:21:03.385   807   929 V SystemServerTimingAsync: InitThreadPoolExec:Update app-ops uidState in case package com.sonos.tv.music changed took to complete: 0ms
01-04 01:21:03.385   807   929 D SystemServerTimingAsync: InitThreadPoolExec:Update app-ops uidState in case package com.brdgwtr.dms changed
01-04 01:21:03.385   807   929 D SystemServerInitThreadPool: Started executing Update app-ops uidState in case package com.brdgwtr.dms changed
01-04 01:21:03.385   807   929 D SystemServerInitThreadPool: Finished executing Update app-ops uidState in case package com.brdgwtr.dms changed
01-04 01:21:03.385   807   929 V SystemServerTimingAsync: InitThreadPoolExec:Update app-ops uidState in case package com.brdgwtr.dms changed took to complete: 0ms
01-04 01:21:03.385   807   929 D SystemServerTimingAsync: InitThreadPoolExec:Update app-ops uidState in case package com.netflix.ninja changed
01-04 01:21:03.385   807   929 D SystemServerInitThreadPool: Started executing Update app-ops uidState in case package com.netflix.ninja changed
01-04 01:21:03.386   807   835 V SystemServerTimingAsync: InitThreadPoolExec:Update app-ops uidState in case package com.sonos.connectivity changed took to complete: 0ms
01-04 01:21:03.386   807   929 D SystemServerInitThreadPool: Finished executing Update app-ops uidState in case package com.netflix.ninja changed
01-04 01:21:03.386   807   929 V SystemServerTimingAsync: InitThreadPoolExec:Update app-ops uidState in case package com.netflix.ninja changed took to complete: 1ms
01-04 01:21:03.386   807   918 V SystemServerTimingAsync: InitThreadPoolExec:Update app-ops uidState in case package io.appium.uiautomator2.server changed took to complete: 1ms
01-04 01:21:03.386   807   918 D SystemServerTimingAsync: InitThreadPoolExec:Update app-ops uidState in case package com.brdgwtr.metrics.service changed
01-04 01:21:03.386   807   928 D SystemServerTimingAsync: InitThreadPoolExec:Update app-ops uidState in case package com.brdgwtr.android.webview changed
01-04 01:21:03.386   807   928 D SystemServerInitThreadPool: Started executing Update app-ops uidState in case package com.brdgwtr.android.webview changed
01-04 01:21:03.386   807   835 D SystemServerTimingAsync: InitThreadPoolExec:Update app-ops uidState in case package com.brdgwtr.mediasession changed
01-04 01:21:03.386   807   928 D SystemServerInitThreadPool: Finished executing Update app-ops uidState in case package com.brdgwtr.android.webview changed
01-04 01:21:03.386   807   928 V SystemServerTimingAsync: InitThreadPoolExec:Update app-ops uidState in case package com.brdgwtr.android.webview changed took to complete: 0ms
01-04 01:21:03.386   807   928 D SystemServerTimingAsync: InitThreadPoolExec:Update app-ops uidState in case package com.brdgwtr.CentralMessageService changed
01-04 01:21:03.386   807   928 D SystemServerInitThreadPool: Started executing Update app-ops uidState in case package com.brdgwtr.CentralMessageService changed
01-04 01:21:03.386   807   918 D SystemServerInitThreadPool: Started executing Update app-ops uidState in case package com.brdgwtr.metrics.service changed
01-04 01:21:03.386   807   960 D SystemServerInitThreadPool: Started executing Update app-ops uidState in case package com.philo.philo.google changed
01-04 01:21:03.386   807   835 D SystemServerInitThreadPool: Started executing Update app-ops uidState in case package com.brdgwtr.mediasession changed
01-04 01:21:03.386   807   835 D SystemServerInitThreadPool: Finished executing Update app-ops uidState in case package com.brdgwtr.mediasession changed
01-04 01:21:03.387   807   835 V SystemServerTimingAsync: InitThreadPoolExec:Update app-ops uidState in case package com.brdgwtr.mediasession changed took to complete: 1ms
01-04 01:21:03.387   807   835 D SystemServerTimingAsync: InitThreadPoolExec:Update app-ops uidState in case package com.android.providers.contacts changed
01-04 01:21:03.387   807   835 D SystemServerInitThreadPool: Started executing Update app-ops uidState in case package com.android.providers.contacts changed
01-04 01:21:03.387   807   928 D SystemServerInitThreadPool: Finished executing Update app-ops uidState in case package com.brdgwtr.CentralMessageService changed
01-04 01:21:03.387   807   928 V SystemServerTimingAsync: InitThreadPoolExec:Update app-ops uidState in case package com.brdgwtr.CentralMessageService changed took to complete: 1ms
01-04 01:21:03.387   807   928 D SystemServerTimingAsync: InitThreadPoolExec:Update app-ops uidState in case package com.android.providers.calendar changed
01-04 01:21:03.387   807   928 D SystemServerInitThreadPool: Started executing Update app-ops uidState in case package com.android.providers.calendar changed
01-04 01:21:03.387   807   910 D SystemServerInitThreadPool: Started executing Update app-ops uidState in case package com.sonos.tv.appdirector changed
01-04 01:21:03.387   807   929 D SystemServerTimingAsync: InitThreadPoolExec:Update app-ops uidState in case package com.brdgwtr.publisherservice changed
01-04 01:21:03.387   807   929 D SystemServerInitThreadPool: Started executing Update app-ops uidState in case package com.brdgwtr.publisherservice changed
01-04 01:21:03.387   807   918 D SystemServerInitThreadPool: Finished executing Update app-ops uidState in case package com.brdgwtr.metrics.service changed
01-04 01:21:03.387   807   835 D SystemServerInitThreadPool: Finished executing Update app-ops uidState in case package com.android.providers.contacts changed
01-04 01:21:03.387   807   835 V SystemServerTimingAsync: InitThreadPoolExec:Update app-ops uidState in case package com.android.providers.contacts changed took to complete: 0ms
01-04 01:21:03.387   807   835 D SystemServerTimingAsync: InitThreadPoolExec:Update app-ops uidState in case package com.android.providers.tv changed
01-04 01:21:03.387   807   835 D SystemServerInitThreadPool: Started executing Update app-ops uidState in case package com.android.providers.tv changed
01-04 01:21:03.387   807   910 D SystemServerInitThreadPool: Finished executing Update app-ops uidState in case package com.sonos.tv.appdirector changed
01-04 01:21:03.387   807   953 D SystemServerInitThreadPool: Finished executing Update app-ops uidState in case package com.android.providers.media.module changed
01-04 01:21:03.387   807   953 V SystemServerTimingAsync: InitThreadPoolExec:Update app-ops uidState in case package com.android.providers.media.module changed took to complete: 2ms
01-04 01:21:03.387   807   953 D SystemServerTimingAsync: InitThreadPoolExec:Update app-ops uidState in case package com.sonos.tv.ble.remote changed
01-04 01:21:03.387   807   953 D SystemServerInitThreadPool: Started executing Update app-ops uidState in case package com.sonos.tv.ble.remote changed
01-04 01:21:03.387   807   953 D SystemServerInitThreadPool: Finished executing Update app-ops uidState in case package com.sonos.tv.ble.remote changed
01-04 01:21:03.387   807   953 V SystemServerTimingAsync: InitThreadPoolExec:Update app-ops uidState in case package com.sonos.tv.ble.remote changed took to complete: 0ms
01-04 01:21:03.387   807   953 D SystemServerTimingAsync: InitThreadPoolExec:Update app-ops uidState in case package com.android.shell changed
01-04 01:21:03.387   807   953 D SystemServerInitThreadPool: Started executing Update app-ops uidState in case package com.android.shell changed
01-04 01:21:03.388   807   918 V SystemServerTimingAsync: InitThreadPoolExec:Update app-ops uidState in case package com.brdgwtr.metrics.service changed took to complete: 1ms
01-04 01:21:03.388   807   960 D SystemServerInitThreadPool: Finished executing Update app-ops uidState in case package com.philo.philo.google changed
01-04 01:21:03.388   807   918 D SystemServerTimingAsync: InitThreadPoolExec:Update app-ops uidState in case package com.android.bluetooth changed
01-04 01:21:03.388   807   928 D SystemServerInitThreadPool: Finished executing Update app-ops uidState in case package com.android.providers.calendar changed
01-04 01:21:03.388   807   835 D SystemServerInitThreadPool: Finished executing Update app-ops uidState in case package com.android.providers.tv changed
01-04 01:21:03.388   807   835 V SystemServerTimingAsync: InitThreadPoolExec:Update app-ops uidState in case package com.android.providers.tv changed took to complete: 1ms
01-04 01:21:03.388   807   835 D SystemServerTimingAsync: InitThreadPoolExec:Update app-ops uidState in case package com.droidlogic changed
01-04 01:21:03.388   807   953 D SystemServerInitThreadPool: Finished executing Update app-ops uidState in case package com.android.shell changed
01-04 01:21:03.388   807   960 V SystemServerTimingAsync: InitThreadPoolExec:Update app-ops uidState in case package com.philo.philo.google changed took to complete: 3ms
01-04 01:21:03.388   807   960 D SystemServerTimingAsync: InitThreadPoolExec:Update app-ops uidState in case package com.droidlogic.tv.settings changed
01-04 01:21:03.388   807   960 D SystemServerInitThreadPool: Started executing Update app-ops uidState in case package com.droidlogic.tv.settings changed
01-04 01:21:03.388   807   928 V SystemServerTimingAsync: InitThreadPoolExec:Update app-ops uidState in case package com.android.providers.calendar changed took to complete: 1ms
01-04 01:21:03.388   807   910 V SystemServerTimingAsync: InitThreadPoolExec:Update app-ops uidState in case package com.sonos.tv.appdirector changed took to complete: 2ms
01-04 01:21:03.388   807   910 D SystemServerTimingAsync: InitThreadPoolExec:Update app-ops uidState in case package com.android.localtransport changed
01-04 01:21:03.388   807   835 D SystemServerInitThreadPool: Started executing Update app-ops uidState in case package com.droidlogic changed
01-04 01:21:03.388   807   953 V SystemServerTimingAsync: InitThreadPoolExec:Update app-ops uidState in case package com.android.shell changed took to complete: 1ms
01-04 01:21:03.388   807   943 D SystemServerInitThreadPool: Finished executing Update app-ops uidState in case package com.aml.dial changed
01-04 01:21:03.388   807   943 V SystemServerTimingAsync: InitThreadPoolExec:Update app-ops uidState in case package com.aml.dial changed took to complete: 3ms
01-04 01:21:03.388   807   960 D SystemServerInitThreadPool: Finished executing Update app-ops uidState in case package com.droidlogic.tv.settings changed
01-04 01:21:03.388   807   928 D SystemServerTimingAsync: InitThreadPoolExec:Update app-ops uidState in case package android changed
01-04 01:21:03.388   807   928 D SystemServerInitThreadPool: Started executing Update app-ops uidState in case package android changed
01-04 01:21:03.388   807   910 D SystemServerInitThreadPool: Started executing Update app-ops uidState in case package com.android.localtransport changed
01-04 01:21:03.388   807   928 D SystemServerInitThreadPool: Finished executing Update app-ops uidState in case package android changed
01-04 01:21:03.388   807   928 V SystemServerTimingAsync: InitThreadPoolExec:Update app-ops uidState in case package android changed took to complete: 0ms
01-04 01:21:03.388   807   918 D SystemServerInitThreadPool: Started executing Update app-ops uidState in case package com.android.bluetooth changed
01-04 01:21:03.388   807   960 V SystemServerTimingAsync: InitThreadPoolExec:Update app-ops uidState in case package com.droidlogic.tv.settings changed took to complete: 0ms
01-04 01:21:03.389   807   929 D SystemServerInitThreadPool: Finished executing Update app-ops uidState in case package com.brdgwtr.publisherservice changed
01-04 01:21:03.389   807   910 D SystemServerInitThreadPool: Finished executing Update app-ops uidState in case package com.android.localtransport changed
01-04 01:21:03.389   807   910 V SystemServerTimingAsync: InitThreadPoolExec:Update app-ops uidState in case package com.android.localtransport changed took to complete: 1ms
01-04 01:21:03.389   807   835 D SystemServerInitThreadPool: Finished executing Update app-ops uidState in case package com.droidlogic changed
01-04 01:21:03.389   807   835 V SystemServerTimingAsync: InitThreadPoolExec:Update app-ops uidState in case package com.droidlogic changed took to complete: 1ms
01-04 01:21:03.389   807   929 V SystemServerTimingAsync: InitThreadPoolExec:Update app-ops uidState in case package com.brdgwtr.publisherservice changed took to complete: 2ms
01-04 01:21:03.389   807   953 D SystemServerTimingAsync: InitThreadPoolExec:Update app-ops uidState in case package com.android.wallpaperbackup changed
01-04 01:21:03.389   807   918 D SystemServerInitThreadPool: Finished executing Update app-ops uidState in case package com.android.bluetooth changed
01-04 01:21:03.389   807   953 D SystemServerInitThreadPool: Started executing Update app-ops uidState in case package com.android.wallpaperbackup changed
01-04 01:21:03.389   807   918 V SystemServerTimingAsync: InitThreadPoolExec:Update app-ops uidState in case package com.android.bluetooth changed took to complete: 1ms
01-04 01:21:03.389   807   953 D SystemServerInitThreadPool: Finished executing Update app-ops uidState in case package com.android.wallpaperbackup changed
01-04 01:21:03.389   807   953 V SystemServerTimingAsync: InitThreadPoolExec:Update app-ops uidState in case package com.android.wallpaperbackup changed took to complete: 0ms
01-04 01:21:03.401   807   807 V SystemServerTiming: controllersReady took to complete: 23ms
01-04 01:21:03.402   807   807 D SystemServerTiming: killProcesses
01-04 01:21:03.402   807   807 V SystemServerTiming: killProcesses took to complete: 0ms
01-04 01:21:03.402   807   807 I ActivityManager: System now ready
01-04 01:21:03.402   807   807 D SystemServerTiming: updateTopComponentForFactoryTest
01-04 01:21:03.402   807   807 V SystemServerTiming: updateTopComponentForFactoryTest took to complete: 0ms
01-04 01:21:03.402   807   807 D SystemServerTiming: registerActivityLaunchObserver
01-04 01:21:03.402   807   807 V SystemServerTiming: registerActivityLaunchObserver took to complete: 0ms
01-04 01:21:03.402   807   807 D SystemServerTiming: watchDeviceProvisioning
01-04 01:21:03.423   807   807 V SystemServerTiming: watchDeviceProvisioning took to complete: 21ms
01-04 01:21:03.423   807   807 D SystemServerTiming: retrieveSettings
01-04 01:21:03.425   807   807 I ActivityTaskManager: Config changes=10000000 {1.0 ?mcc?mnc [en_US] ldltr sw540dp w960dp h540dp 320dpi lrg long land television night -touch -keyb/v/h dpad/v winConfig={ mBounds=Rect(0, 0 - 1920, 1080) mAppBounds=Rect(0, 0 - 1920, 1080) mMaxBounds=Rect(0, 0 - 1920, 1080) mDisplayRotation=ROTATION_0 mWindowingMode=fullscreen mDisplayWindowingMode=fullscreen mActivityType=undefined mAlwaysOnTop=undefined mRotation=ROTATION_0} s.6 fontWeightAdjustment=0}
01-04 01:21:03.425   807   807 I WindowManager: Override config changes=10000000 {1.0 ?mcc?mnc [en_US] ldltr sw540dp w960dp h540dp 320dpi lrg long land television night -touch -keyb/v/h dpad/v winConfig={ mBounds=Rect(0, 0 - 1920, 1080) mAppBounds=Rect(0, 0 - 1920, 1080) mMaxBounds=Rect(0, 0 - 1920, 1080) mDisplayRotation=ROTATION_0 mWindowingMode=fullscreen mDisplayWindowingMode=fullscreen mActivityType=undefined mAlwaysOnTop=undefined mRotation=ROTATION_0} s.6 fontWeightAdjustment=0} for displayId=0
01-04 01:21:03.428   807   807 V SystemServerTiming: retrieveSettings took to complete: 5ms
01-04 01:21:03.428   807   807 D SystemServerTiming: Ugm.onSystemReady
01-04 01:21:03.428   807   807 V SystemServerTiming: Ugm.onSystemReady took to complete: 0ms
01-04 01:21:03.428   807   807 D SystemServerTiming: updateForceBackgroundCheck
01-04 01:21:03.428   807   807 V SystemServerTiming: updateForceBackgroundCheck took to complete: 0ms
01-04 01:21:03.428   807   807 I SystemServer: Making services ready
01-04 01:21:03.428   807   807 D SystemServerTiming: StartActivityManagerReadyPhase
01-04 01:21:03.428   807   807 I SystemServiceManager: Starting phase 550
01-04 01:21:03.428   807   807 D SystemServerTiming: OnBootPhase_550
01-04 01:21:03.428   807   807 D SystemServerTiming: OnBootPhase_550_com.android.server.security.FileIntegrityService
01-04 01:21:03.428   807   807 V SystemServerTiming: OnBootPhase_550_com.android.server.security.FileIntegrityService took to complete: 0ms
01-04 01:21:03.428   807   807 D SystemServerTiming: OnBootPhase_550_com.android.server.pm.Installer
01-04 01:21:03.429   807   807 V SystemServerTiming: OnBootPhase_550_com.android.server.pm.Installer took to complete: 0ms
01-04 01:21:03.429   807   807 D SystemServerTiming: OnBootPhase_550_com.android.server.os.DeviceIdentifiersPolicyService
01-04 01:21:03.429   807   807 V SystemServerTiming: OnBootPhase_550_com.android.server.os.DeviceIdentifiersPolicyService took to complete: 0ms
01-04 01:21:03.429   807   807 D SystemServerTiming: OnBootPhase_550_com.android.server.uri.UriGrantsManagerService$Lifecycle
01-04 01:21:03.429   807   807 V SystemServerTiming: OnBootPhase_550_com.android.server.uri.UriGrantsManagerService$Lifecycle took to complete: 0ms
01-04 01:21:03.429   807   807 D SystemServerTiming: OnBootPhase_550_com.android.server.powerstats.PowerStatsService
01-04 01:21:03.429   807   807 V SystemServerTiming: OnBootPhase_550_com.android.server.powerstats.PowerStatsService took to complete: 0ms
01-04 01:21:03.429   807   807 D SystemServerTiming: OnBootPhase_550_com.android.server.wm.ActivityTaskManagerService$Lifecycle
01-04 01:21:03.429   807   807 V SystemServerTiming: OnBootPhase_550_com.android.server.wm.ActivityTaskManagerService$Lifecycle took to complete: 0ms
01-04 01:21:03.429   807   807 D SystemServerTiming: OnBootPhase_550_com.android.server.am.ActivityManagerService$Lifecycle
01-04 01:21:03.431   807   807 V SystemServerTiming: OnBootPhase_550_com.android.server.am.ActivityManagerService$Lifecycle took to complete: 2ms
01-04 01:21:03.431   807   807 D SystemServerTiming: OnBootPhase_550_com.android.server.pm.DataLoaderManagerService
01-04 01:21:03.431   807   807 V SystemServerTiming: OnBootPhase_550_com.android.server.pm.DataLoaderManagerService took to complete: 0ms
01-04 01:21:03.431   807   807 D SystemServerTiming: OnBootPhase_550_com.android.server.power.PowerManagerService
01-04 01:21:03.431   807   807 V SystemServerTiming: OnBootPhase_550_com.android.server.power.PowerManagerService took to complete: 0ms
01-04 01:21:03.431   807   807 D SystemServerTiming: OnBootPhase_550_com.android.server.power.ThermalManagerService
01-04 01:21:03.433   807   807 I ThermalHalWrapper: Thermal HAL 2.0 service connected.
01-04 01:21:03.434   807   807 E ThermalHalWrapper: Couldn't get temperature thresholds because of HAL error: Failed to read thermal sensors.
01-04 01:21:03.434   807   807 V SystemServerTiming: OnBootPhase_550_com.android.server.power.ThermalManagerService took to complete: 3ms
01-04 01:21:03.434   807   807 D SystemServerTiming: OnBootPhase_550_com.android.server.power.hint.HintManagerService
01-04 01:21:03.434   807   807 V SystemServerTiming: OnBootPhase_550_com.android.server.power.hint.HintManagerService took to complete: 0ms
01-04 01:21:03.434   807   807 D SystemServerTiming: OnBootPhase_550_com.android.server.recoverysystem.RecoverySystemService$Lifecycle
01-04 01:21:03.434   807   807 V SystemServerTiming: OnBootPhase_550_com.android.server.recoverysystem.RecoverySystemService$Lifecycle took to complete: 0ms
01-04 01:21:03.434   807   807 D SystemServerTiming: OnBootPhase_550_com.android.server.lights.LightsService
01-04 01:21:03.434   807   807 V SystemServerTiming: OnBootPhase_550_com.android.server.lights.LightsService took to complete: 0ms
01-04 01:21:03.434   807   807 D SystemServerTiming: OnBootPhase_550_com.android.server.display.DisplayManagerService
01-04 01:21:03.434   807   807 V SystemServerTiming: OnBootPhase_550_com.android.server.display.DisplayManagerService took to complete: 0ms
01-04 01:21:03.434   807   807 D SystemServerTiming: OnBootPhase_550_com.android.server.pm.verify.domain.DomainVerificationService
01-04 01:21:03.435   807   807 V SystemServerTiming: OnBootPhase_550_com.android.server.pm.verify.domain.DomainVerificationService took to complete: 0ms
01-04 01:21:03.435   807   807 D SystemServerTiming: OnBootPhase_550_com.android.server.pm.PackageInstallerService$Lifecycle
01-04 01:21:03.435   807   807 V SystemServerTiming: OnBootPhase_550_com.android.server.pm.PackageInstallerService$Lifecycle took to complete: 0ms
01-04 01:21:03.435   807   807 D SystemServerTiming: OnBootPhase_550_com.android.server.pm.UserManagerService$LifeCycle
01-04 01:21:03.435   807   807 V SystemServerTiming: OnBootPhase_550_com.android.server.pm.UserManagerService$LifeCycle took to complete: 0ms
01-04 01:21:03.435   807   807 D SystemServerTiming: OnBootPhase_550_com.android.server.om.OverlayManagerService
01-04 01:21:03.435   807   807 V SystemServerTiming: OnBootPhase_550_com.android.server.om.OverlayManagerService took to complete: 0ms
01-04 01:21:03.435   807   807 D SystemServerTiming: OnBootPhase_550_com.android.server.resources.ResourcesManagerService
01-04 01:21:03.435   807   807 V SystemServerTiming: OnBootPhase_550_com.android.server.resources.ResourcesManagerService took to complete: 0ms
01-04 01:21:03.435   807   807 D SystemServerTiming: OnBootPhase_550_com.android.server.sensorprivacy.SensorPrivacyService
01-04 01:21:03.436   807   807 V SystemServerTiming: OnBootPhase_550_com.android.server.sensorprivacy.SensorPrivacyService took to complete: 1ms
01-04 01:21:03.436   807   807 D SystemServerTiming: OnBootPhase_550_com.android.server.sensors.SensorService
01-04 01:21:03.436   807   807 V SystemServerTiming: OnBootPhase_550_com.android.server.sensors.SensorService took to complete: 0ms
01-04 01:21:03.436   807   807 D SystemServerTiming: OnBootPhase_550_com.android.server.SystemConfigService
01-04 01:21:03.436   807   807 V SystemServerTiming: OnBootPhase_550_com.android.server.SystemConfigService took to complete: 0ms
01-04 01:21:03.436   807   807 D SystemServerTiming: OnBootPhase_550_com.android.server.BatteryService
01-04 01:21:03.436   807   807 V SystemServerTiming: OnBootPhase_550_com.android.server.BatteryService took to complete: 0ms
01-04 01:21:03.436   807   807 D SystemServerTiming: OnBootPhase_550_com.android.server.usage.UsageStatsService
01-04 01:21:03.436   807   807 V SystemServerTiming: OnBootPhase_550_com.android.server.usage.UsageStatsService took to complete: 0ms
01-04 01:21:03.436   807   807 D SystemServerTiming: OnBootPhase_550_com.android.server.webkit.WebViewUpdateService
01-04 01:21:03.436   807   807 V SystemServerTiming: OnBootPhase_550_com.android.server.webkit.WebViewUpdateService took to complete: 0ms
01-04 01:21:03.437   807   807 D SystemServerTiming: OnBootPhase_550_com.android.server.CachedDeviceStateService
01-04 01:21:03.437   807   807 V SystemServerTiming: OnBootPhase_550_com.android.server.CachedDeviceStateService took to complete: 0ms
01-04 01:21:03.437   807   807 D SystemServerTiming: OnBootPhase_550_com.android.server.BinderCallsStatsService$LifeCycle
01-04 01:21:03.437   807   807 V SystemServerTiming: OnBootPhase_550_com.android.server.BinderCallsStatsService$LifeCycle took to complete: 0ms
01-04 01:21:03.437   807   807 D SystemServerTiming: OnBootPhase_550_com.android.server.LooperStatsService$Lifecycle
01-04 01:21:03.437   807   807 V SystemServerTiming: OnBootPhase_550_com.android.server.LooperStatsService$Lifecycle took to complete: 0ms
