01-07 03:34:19.431   929   961 V ActivityManagerTiming: OnBootPhase_1000_com.android.server.timezonedetector.location.LocationTimeZoneManagerService$Lifecycle took to complete: 0ms
01-07 03:34:19.431   929   961 D ActivityManagerTiming: OnBootPhase_1000_com.android.server.search.SearchManagerService$Lifecycle
01-07 03:34:19.431   929   961 V ActivityManagerTiming: OnBootPhase_1000_com.android.server.search.SearchManagerService$Lifecycle took to complete: 0ms
01-07 03:34:19.431   929   961 D ActivityManagerTiming: OnBootPhase_1000_com.android.server.wallpaper.WallpaperManagerService$Lifecycle
01-07 03:34:19.431   929   967 I DropBoxManagerService: add tag=system_server_wtf isTagEnabled=true flags=0x2
01-07 03:34:19.431   929   961 V ActivityManagerTiming: OnBootPhase_1000_com.android.server.wallpaper.WallpaperManagerService$Lifecycle took to complete: 0ms
01-07 03:34:19.431   929   961 D ActivityManagerTiming: OnBootPhase_1000_com.android.server.wallpapereffectsgeneration.WallpaperEffectsGenerationManagerService
01-07 03:34:19.431   929   961 V ActivityManagerTiming: OnBootPhase_1000_com.android.server.wallpapereffectsgeneration.WallpaperEffectsGenerationManagerService took to complete: 0ms
01-07 03:34:19.431   929   961 D ActivityManagerTiming: OnBootPhase_1000_com.android.server.audio.AudioService$Lifecycle
01-07 03:34:19.431   929   961 V ActivityManagerTiming: OnBootPhase_1000_com.android.server.audio.AudioService$Lifecycle took to complete: 0ms
01-07 03:34:19.431   929   961 D ActivityManagerTiming: OnBootPhase_1000_com.android.server.soundtrigger_middleware.SoundTriggerMiddlewareService$Lifecycle
01-07 03:34:19.431   929   961 V ActivityManagerTiming: OnBootPhase_1000_com.android.server.soundtrigger_middleware.SoundTriggerMiddlewareService$Lifecycle took to complete: 0ms
01-07 03:34:19.431   929   961 D ActivityManagerTiming: OnBootPhase_1000_com.android.server.DockObserver
01-07 03:34:19.431   929   961 V ActivityManagerTiming: OnBootPhase_1000_com.android.server.DockObserver took to complete: 0ms
01-07 03:34:19.431   929   961 D ActivityManagerTiming: OnBootPhase_1000_com.android.server.adb.AdbService$Lifecycle
01-07 03:34:19.432   929   961 V ActivityManagerTiming: OnBootPhase_1000_com.android.server.adb.AdbService$Lifecycle took to complete: 1ms
01-07 03:34:19.432   929   961 D ActivityManagerTiming: OnBootPhase_1000_com.android.server.usb.UsbService$Lifecycle
01-07 03:34:19.432   929   961 V ActivityManagerTiming: OnBootPhase_1000_com.android.server.usb.UsbService$Lifecycle took to complete: 0ms
01-07 03:34:19.432   929   961 D ActivityManagerTiming: OnBootPhase_1000_com.android.server.twilight.TwilightService
01-07 03:34:19.432  1223  1223 V SystemUIBootTiming: StartServices com.android.systemui.power.PowerUI took to complete: 11ms
01-07 03:34:19.432   929   961 V ActivityManagerTiming: OnBootPhase_1000_com.android.server.twilight.TwilightService took to complete: 0ms
01-07 03:34:19.432   929   961 D ActivityManagerTiming: OnBootPhase_1000_com.android.server.display.color.ColorDisplayService
01-07 03:34:19.432   929   961 V ActivityManagerTiming: OnBootPhase_1000_com.android.server.display.color.ColorDisplayService took to complete: 0ms
01-07 03:34:19.432   929   961 D ActivityManagerTiming: OnBootPhase_1000_com.android.server.job.JobSchedulerService
01-07 03:34:19.433   929   961 V ActivityManagerTiming: OnBootPhase_1000_com.android.server.job.JobSchedulerService took to complete: 0ms
01-07 03:34:19.433   929   961 D ActivityManagerTiming: OnBootPhase_1000_com.android.server.soundtrigger.SoundTriggerService
01-07 03:34:19.433   929   961 D SoundTriggerService: onBootPhase: 1000 : false
01-07 03:34:19.433   929   961 V ActivityManagerTiming: OnBootPhase_1000_com.android.server.soundtrigger.SoundTriggerService took to complete: 0ms
01-07 03:34:19.433   929   961 D ActivityManagerTiming: OnBootPhase_1000_com.android.server.trust.TrustManagerService
01-07 03:34:19.433   929   961 V ActivityManagerTiming: OnBootPhase_1000_com.android.server.trust.TrustManagerService took to complete: 0ms
01-07 03:34:19.433   929   961 D ActivityManagerTiming: OnBootPhase_1000_com.android.server.backup.BackupManagerService$Lifecycle
01-07 03:34:19.433   929   961 V ActivityManagerTiming: OnBootPhase_1000_com.android.server.backup.BackupManagerService$Lifecycle took to complete: 0ms
01-07 03:34:19.433   929   961 D ActivityManagerTiming: OnBootPhase_1000_com.android.server.appwidget.AppWidgetService
01-07 03:34:19.433   929   961 V ActivityManagerTiming: OnBootPhase_1000_com.android.server.appwidget.AppWidgetService took to complete: 0ms
01-07 03:34:19.433   929   961 D ActivityManagerTiming: OnBootPhase_1000_com.android.server.voiceinteraction.VoiceInteractionManagerService
01-07 03:34:19.433   929   961 V ActivityManagerTiming: OnBootPhase_1000_com.android.server.voiceinteraction.VoiceInteractionManagerService took to complete: 0ms
01-07 03:34:19.433   929   961 D ActivityManagerTiming: OnBootPhase_1000_com.android.server.apphibernation.AppHibernationService
01-07 03:34:19.433   929   961 V ActivityManagerTiming: OnBootPhase_1000_com.android.server.apphibernation.AppHibernationService took to complete: 1ms
01-07 03:34:19.434   929   961 D ActivityManagerTiming: OnBootPhase_1000_com.android.server.GestureLauncherService
01-07 03:34:19.434   929   961 V ActivityManagerTiming: OnBootPhase_1000_com.android.server.GestureLauncherService took to complete: 0ms
01-07 03:34:19.434   929   961 D ActivityManagerTiming: OnBootPhase_1000_com.android.server.SensorNotificationService
01-07 03:34:19.435   929   961 D CompatibilityChangeReporter: Compat change id reported: 168936375; UID 1000; state: ENABLED
01-07 03:34:19.435   929  1653 I HibernationStateDiskStore: No hibernation file on disk for file /data/system/hibernation/states
01-07 03:34:19.435   929   958 D UsbDeviceManager: push notification:Charging this device via USB
01-07 03:34:19.438   929   961 D CompatibilityChangeReporter: Compat change id reported: 73144566; UID 1000; state: ENABLED
01-07 03:34:19.439   929   961 V ActivityManagerTiming: OnBootPhase_1000_com.android.server.SensorNotificationService took to complete: 5ms
01-07 03:34:19.439   929   961 D ActivityManagerTiming: OnBootPhase_1000_com.android.server.emergency.EmergencyAffordanceService
01-07 03:34:19.439   929   961 V ActivityManagerTiming: OnBootPhase_1000_com.android.server.emergency.EmergencyAffordanceService took to complete: 0ms
01-07 03:34:19.439   929   961 D ActivityManagerTiming: OnBootPhase_1000_com.android.server.blob.BlobStoreManagerService
01-07 03:34:19.440   929   961 V ActivityManagerTiming: OnBootPhase_1000_com.android.server.blob.BlobStoreManagerService took to complete: 1ms
01-07 03:34:19.440   929   961 D ActivityManagerTiming: OnBootPhase_1000_com.android.server.dreams.DreamManagerService
01-07 03:34:19.440   929   961 V ActivityManagerTiming: OnBootPhase_1000_com.android.server.dreams.DreamManagerService took to complete: 0ms
01-07 03:34:19.440   929   961 D ActivityManagerTiming: OnBootPhase_1000_com.android.server.security.AttestationVerificationManagerService
01-07 03:34:19.440   929   961 V ActivityManagerTiming: OnBootPhase_1000_com.android.server.security.AttestationVerificationManagerService took to complete: 0ms
01-07 03:34:19.440   929   961 D ActivityManagerTiming: OnBootPhase_1000_com.android.server.restrictions.RestrictionsManagerService
01-07 03:34:19.440   929   961 V ActivityManagerTiming: OnBootPhase_1000_com.android.server.restrictions.RestrictionsManagerService took to complete: 0ms
01-07 03:34:19.440   929   961 D ActivityManagerTiming: OnBootPhase_1000_com.android.server.media.MediaSessionService
01-07 03:34:19.441   929   961 V ActivityManagerTiming: OnBootPhase_1000_com.android.server.media.MediaSessionService took to complete: 1ms
01-07 03:34:19.441   929   961 D ActivityManagerTiming: OnBootPhase_1000_com.android.server.hdmi.HdmiControlService
01-07 03:34:19.441   929   961 V ActivityManagerTiming: OnBootPhase_1000_com.android.server.hdmi.HdmiControlService took to complete: 0ms
01-07 03:34:19.441   929   961 D ActivityManagerTiming: OnBootPhase_1000_com.android.server.tv.interactive.TvInteractiveAppManagerService
01-07 03:34:19.441   929   961 V ActivityManagerTiming: OnBootPhase_1000_com.android.server.tv.interactive.TvInteractiveAppManagerService took to complete: 0ms
01-07 03:34:19.441   929   961 D ActivityManagerTiming: OnBootPhase_1000_com.android.server.tv.TvInputManagerService
01-07 03:34:19.441   929   961 V ActivityManagerTiming: OnBootPhase_1000_com.android.server.tv.TvInputManagerService took to complete: 0ms
01-07 03:34:19.441   929   961 D ActivityManagerTiming: OnBootPhase_1000_com.android.server.tv.TvRemoteService
01-07 03:34:19.441   929   961 V ActivityManagerTiming: OnBootPhase_1000_com.android.server.tv.TvRemoteService took to complete: 0ms
01-07 03:34:19.441   929   961 D ActivityManagerTiming: OnBootPhase_1000_com.android.server.biometrics.BiometricService
01-07 03:34:19.441   929   961 V ActivityManagerTiming: OnBootPhase_1000_com.android.server.biometrics.BiometricService took to complete: 0ms
01-07 03:34:19.441   929   961 D ActivityManagerTiming: OnBootPhase_1000_com.android.server.biometrics.AuthService
01-07 03:34:19.441   929   961 V ActivityManagerTiming: OnBootPhase_1000_com.android.server.biometrics.AuthService took to complete: 0ms
01-07 03:34:19.442   929   961 D ActivityManagerTiming: OnBootPhase_1000_com.android.server.pm.ShortcutService$Lifecycle
01-07 03:34:19.442   929   961 V ActivityManagerTiming: OnBootPhase_1000_com.android.server.pm.ShortcutService$Lifecycle took to complete: 0ms
01-07 03:34:19.442   929   961 D ActivityManagerTiming: OnBootPhase_1000_com.android.server.pm.LauncherAppsService
01-07 03:34:19.442   929   961 V ActivityManagerTiming: OnBootPhase_1000_com.android.server.pm.LauncherAppsService took to complete: 0ms
01-07 03:34:19.442   929   961 D ActivityManagerTiming: OnBootPhase_1000_com.android.server.pm.CrossProfileAppsService
01-07 03:34:19.442   929   961 V ActivityManagerTiming: OnBootPhase_1000_com.android.server.pm.CrossProfileAppsService took to complete: 0ms
01-07 03:34:19.442   929   961 D ActivityManagerTiming: OnBootPhase_1000_com.android.server.people.PeopleService
01-07 03:34:19.442   929   961 V ActivityManagerTiming: OnBootPhase_1000_com.android.server.people.PeopleService took to complete: 0ms
01-07 03:34:19.442   929   961 D ActivityManagerTiming: OnBootPhase_1000_com.android.server.media.metrics.MediaMetricsManagerService
01-07 03:34:19.442   929   961 V ActivityManagerTiming: OnBootPhase_1000_com.android.server.media.metrics.MediaMetricsManagerService took to complete: 0ms
01-07 03:34:19.442   929   961 D ActivityManagerTiming: OnBootPhase_1000_com.android.server.media.projection.MediaProjectionManagerService
01-07 03:34:19.442   929   961 V ActivityManagerTiming: OnBootPhase_1000_com.android.server.media.projection.MediaProjectionManagerService took to complete: 0ms
01-07 03:34:19.442   929   961 D ActivityManagerTiming: OnBootPhase_1000_com.android.server.slice.SliceManagerService$Lifecycle
01-07 03:34:19.442   929   961 V ActivityManagerTiming: OnBootPhase_1000_com.android.server.slice.SliceManagerService$Lifecycle took to complete: 0ms
01-07 03:34:19.442   929   961 D ActivityManagerTiming: OnBootPhase_1000_com.android.server.stats.StatsCompanion$Lifecycle
01-07 03:34:19.442  1223  1223 V SystemUIBootTiming: StartServices com.android.systemui.privacy.television.TvOngoingPrivacyChip took to complete: 10ms
01-07 03:34:19.442   929   961 V ActivityManagerTiming: OnBootPhase_1000_com.android.server.stats.StatsCompanion$Lifecycle took to complete: 0ms
01-07 03:34:19.442   929   961 D ActivityManagerTiming: OnBootPhase_1000_com.android.server.scheduling.RebootReadinessManagerService$Lifecycle
01-07 03:34:19.442   929   961 V ActivityManagerTiming: OnBootPhase_1000_com.android.server.scheduling.RebootReadinessManagerService$Lifecycle took to complete: 0ms
01-07 03:34:19.442   929   961 D ActivityManagerTiming: OnBootPhase_1000_com.android.server.stats.pull.StatsPullAtomService
01-07 03:34:19.442   929   961 V ActivityManagerTiming: OnBootPhase_1000_com.android.server.stats.pull.StatsPullAtomService took to complete: 0ms
01-07 03:34:19.442   929   961 D ActivityManagerTiming: OnBootPhase_1000_com.android.server.stats.bootstrap.StatsBootstrapAtomService$Lifecycle
01-07 03:34:19.442   929   961 V ActivityManagerTiming: OnBootPhase_1000_com.android.server.stats.bootstrap.StatsBootstrapAtomService$Lifecycle took to complete: 0ms
01-07 03:34:19.442   929   961 D ActivityManagerTiming: OnBootPhase_1000_com.android.server.incident.IncidentCompanionService
01-07 03:34:19.442  1223  1223 V SystemUIBootTiming: StartServices com.android.systemui.settings.UserFileManagerImpl took to complete: 0ms
01-07 03:34:19.442   929   961 V ActivityManagerTiming: OnBootPhase_1000_com.android.server.incident.IncidentCompanionService took to complete: 0ms
01-07 03:34:19.442   929   961 D ActivityManagerTiming: OnBootPhase_1000_com.android.server.sdksandbox.SdkSandboxManagerService$Lifecycle
01-07 03:34:19.442   929   961 V ActivityManagerTiming: OnBootPhase_1000_com.android.server.sdksandbox.SdkSandboxManagerService$Lifecycle took to complete: 0ms
01-07 03:34:19.442   929   961 D ActivityManagerTiming: OnBootPhase_1000_com.android.server.adservices.AdServicesManagerService$Lifecycle
01-07 03:34:19.442   929   961 V ActivityManagerTiming: OnBootPhase_1000_com.android.server.adservices.AdServicesManagerService$Lifecycle took to complete: 0ms
01-07 03:34:19.442   929   961 D ActivityManagerTiming: OnBootPhase_1000_com.android.server.autofill.AutofillManagerService
01-07 03:34:19.442   929   961 V ActivityManagerTiming: OnBootPhase_1000_com.android.server.autofill.AutofillManagerService took to complete: 0ms
01-07 03:34:19.442   929   961 D ActivityManagerTiming: OnBootPhase_1000_com.android.server.clipboard.ClipboardService
01-07 03:34:19.442   929   961 V ActivityManagerTiming: OnBootPhase_1000_com.android.server.clipboard.ClipboardService took to complete: 0ms
01-07 03:34:19.443   929   961 D ActivityManagerTiming: OnBootPhase_1000_com.android.server.appbinding.AppBindingService$Lifecycle
01-07 03:34:19.443   929   961 V ActivityManagerTiming: OnBootPhase_1000_com.android.server.appbinding.AppBindingService$Lifecycle took to complete: 0ms
01-07 03:34:19.443   929   961 D ActivityManagerTiming: OnBootPhase_1000_com.android.server.tracing.TracingServiceProxy
01-07 03:34:19.443   929   961 V ActivityManagerTiming: OnBootPhase_1000_com.android.server.tracing.TracingServiceProxy took to complete: 0ms
01-07 03:34:19.443   929   961 D ActivityManagerTiming: OnBootPhase_1000_com.android.server.policy.PermissionPolicyService
01-07 03:34:19.443   929   961 V ActivityManagerTiming: OnBootPhase_1000_com.android.server.policy.PermissionPolicyService took to complete: 0ms
01-07 03:34:19.443   929   961 D ActivityManagerTiming: OnBootPhase_1000_com.android.server.pm.StagingManager$Lifecycle
01-07 03:34:19.444  1223  1223 V SystemUIBootTiming: StartServices com.android.systemui.shortcut.ShortcutKeyDispatcher took to complete: 2ms
01-07 03:34:19.445   929   961 V ActivityManagerTiming: OnBootPhase_1000_com.android.server.pm.StagingManager$Lifecycle took to complete: 2ms
01-07 03:34:19.445   929   961 D ActivityManagerTiming: OnBootPhase_1000_com.android.server.app.GameManagerService$Lifecycle
01-07 03:34:19.445   929   961 D GameManagerService: onBootCompleted
01-07 03:34:19.445   929   961 V ActivityManagerTiming: OnBootPhase_1000_com.android.server.app.GameManagerService$Lifecycle took to complete: 0ms
01-07 03:34:19.445   929   961 D ActivityManagerTiming: OnBootPhase_1000_com.android.safetycenter.SafetyCenterService
01-07 03:34:19.445   929   961 V ActivityManagerTiming: OnBootPhase_1000_com.android.safetycenter.SafetyCenterService took to complete: 0ms
01-07 03:34:19.445   929   961 D ActivityManagerTiming: OnBootPhase_1000_com.android.server.appsearch.AppSearchModule$Lifecycle
01-07 03:34:19.445  1223  1223 V SystemUIBootTiming: StartServices com.android.systemui.statusbar.notification.InstantAppNotifier took to complete: 1ms
01-07 03:34:19.445   929   961 V ActivityManagerTiming: OnBootPhase_1000_com.android.server.appsearch.AppSearchModule$Lifecycle took to complete: 0ms
01-07 03:34:19.445   929   961 D ActivityManagerTiming: OnBootPhase_1000_com.android.server.media.MediaCommunicationService
01-07 03:34:19.445   929   961 V ActivityManagerTiming: OnBootPhase_1000_com.android.server.media.MediaCommunicationService took to complete: 0ms
01-07 03:34:19.445   929   961 D ActivityManagerTiming: OnBootPhase_1000_com.android.server.compat.overrides.AppCompatOverridesService$Lifecycle
01-07 03:34:19.445   929   961 V ActivityManagerTiming: OnBootPhase_1000_com.android.server.compat.overrides.AppCompatOverridesService$Lifecycle took to complete: 0ms
01-07 03:34:19.445   929   961 V ActivityManagerTiming: OnBootPhase_1000 took to complete: 58ms
01-07 03:34:19.445   929   961 V ActivityManagerTiming: TotalBootTime took to complete: 8665ms
01-07 03:34:19.445   929   961 D SystemServerInitThreadPool: Shutdown requested
01-07 03:34:19.445   929   961 D SystemServerTiming: WaitInitThreadPoolShutdown
01-07 03:34:19.447   929   961 D SystemServerInitThreadPool: Shutdown successful
01-07 03:34:19.447   929   961 V SystemServerTiming: WaitInitThreadPoolShutdown took to complete: 1ms
01-07 03:34:19.449   929   961 I ActivityManager: User 0 state changed from BOOTING to RUNNING_LOCKED
01-07 03:34:19.449   929   961 W ActivityManager: UserLifecycleEvent 4 received without an active userJourneySession.
01-07 03:34:19.451  1223  1223 V SystemUIBootTiming: StartServices com.android.systemui.statusbar.notification.interruption.KeyguardNotificationVisibilityProvider took to complete: 6ms
01-07 03:34:19.469   929   961 D StorageManagerService: unlockUserKey: 0 isFileEncryptedNativeOrEmulated: true hasSecret: false
01-07 03:34:19.472   331   331 D vold    : fscrypt_unlock_user_key 0 serial=0
01-07 03:34:19.472   331   331 D vold    : Trying user CE key /data/misc/vold/user_keys/ce/0/current
01-07 03:34:19.475   929   929 W Looper  : Slow dispatch took 1152ms main h=android.app.ActivityThread$H c=android.app.LoadedApk$ReceiverDispatcher$Args$$ExternalSyntheticLambda0@4a3adec m=0
01-07 03:34:19.481   331   331 D vold    : Successfully retrieved key
01-07 03:34:19.486   331   331 D vold    : Installed fscrypt key with ref b73511c6a3c928c156003801caa0a433 to /data
01-07 03:34:19.486   331   331 D vold    : Added fscrypt-provisioning key for b73511c6a3c928c156003801caa0a433 to session keyring
01-07 03:34:19.486   331   331 D vold    : Installed ce key for user 0
01-07 03:34:19.491   929   961 D SystemServerTiming: finishUserUnlocking-0
01-07 03:34:19.491   929   961 W ActivityManager: UserLifecycleEvent 5 received without an active userJourneySession.
01-07 03:34:19.491   929   961 D ActivityManager: Started unlocking user 0
01-07 03:34:19.491   929   961 D ActivityManager: Unlocking user 0 progress 0
01-07 03:34:19.491   929   961 D ActivityManager: Unlocking user 0 progress 5
01-07 03:34:19.491   929   961 V SystemServerTiming: finishUserUnlocking-0 took to complete: 0ms
01-07 03:34:19.491   929   958 D SystemServerTiming: UM.onBeforeUnlockUser-0
01-07 03:34:19.491   929   958 D SystemServerTiming: prepareUserData-0
01-07 03:34:19.492   331   331 D vold    : fscrypt_prepare_user_storage for volume null, user 0, serial 0, flags 2
01-07 03:34:19.492   331   331 D vold    : Preparing: /data/system_ce/0
01-07 03:34:19.492   331   331 D vold    : Preparing: /data/vendor_ce/0
01-07 03:34:19.493   331   331 D vold    : Preparing: /data/media/0
01-07 03:34:19.494   929   961 V ActivityManagerTiming: FinishBooting took to complete: 268ms
01-07 03:34:19.495   331   331 D vold    : Preparing: /data/misc_ce/0
01-07 03:34:19.495   929  1374 D CompatibilityChangeReporter: Compat change id reported: 182478738; UID 10070; state: ENABLED
01-07 03:34:19.495   331   331 D vold    : Preparing: /data/data
01-07 03:34:19.496   331   331 I vold    : Verified that /data/system_ce/0 has the encryption policy b73511c6a3c928c156003801caa0a433 v2 modes 1/4 flags 0x2
01-07 03:34:19.496   331   331 I vold    : Verified that /data/vendor_ce/0 has the encryption policy b73511c6a3c928c156003801caa0a433 v2 modes 1/4 flags 0x2
01-07 03:34:19.496   331   331 I vold    : Verified that /data/media/0 has the encryption policy b73511c6a3c928c156003801caa0a433 v2 modes 1/4 flags 0x2
01-07 03:34:19.496   331   331 I vold    : Verified that /data/misc_ce/0 has the encryption policy b73511c6a3c928c156003801caa0a433 v2 modes 1/4 flags 0x2
01-07 03:34:19.496   331   331 I vold    : Verified that /data/data has the encryption policy b73511c6a3c928c156003801caa0a433 v2 modes 1/4 flags 0x2
01-07 03:34:19.496   331   331 D vold    : Starting restorecon of /data/system_ce/0
01-07 03:34:19.497   929   960 I DropBoxManagerService: add tag=system_server_strictmode isTagEnabled=true flags=0x2
01-07 03:34:19.498   929   960 I DropBoxManagerService: add tag=system_server_strictmode isTagEnabled=true flags=0x2
01-07 03:34:19.499   929   960 I DropBoxManagerService: add tag=system_server_strictmode isTagEnabled=true flags=0x2
01-07 03:34:19.500   929   960 I DropBoxManagerService: add tag=system_server_strictmode isTagEnabled=true flags=0x2
01-07 03:34:19.503     0     0 I [3 T1659  ..] selinux: SELinux: Skipping restorecon on directory(/data/system_ce/0)
01-07 03:34:19.503     0     0 I [3 T1659  ..] selinux:  
01-07 03:34:19.501   331   331 D vold    : Finished restorecon of /data/system_ce/0
01-07 03:34:19.501   331   331 D vold    : Starting restorecon of /data/vendor_ce/0
01-07 03:34:19.501  1223  1223 V SystemUIBootTiming: StartServices com.android.systemui.statusbar.pipeline.mobile.ui.MobileUiAdapter took to complete: 50ms
01-07 03:34:19.503   929  1374 I StatusBarManagerService: registerStatusBar bar=com.android.internal.statusbar.IStatusBar$Stub$Proxy@783b4dd
01-07 03:34:19.504   331   331 D vold    : Finished restorecon of /data/vendor_ce/0
01-07 03:34:19.504   331   331 D vold    : Starting restorecon of /data/misc_ce/0
01-07 03:34:19.507     0     0 I         : [3 T188   ..] Use customer defined vdec size 1000000
01-07 03:34:19.508     0     0 I [0 T1661  ..] selinux: SELinux: Skipping restorecon on directory(/data/vendor_ce/0)
01-07 03:34:19.508     0     0 I [0 T1661  ..] selinux:  
01-07 03:34:19.505  1223  1223 V SystemUIBootTiming: StartServices com.android.systemui.statusbar.tv.TvStatusBar took to complete: 4ms
01-07 03:34:19.512     0     0 I [4 T1662  ..] selinux: SELinux: Skipping restorecon on directory(/data/misc_ce/0)
01-07 03:34:19.512     0     0 I [4 T1662  ..] selinux:  
01-07 03:34:19.508   331   331 D vold    : Finished restorecon of /data/misc_ce/0
01-07 03:34:19.509   331   331 D vold    : /system/bin/vold_prepare_subdirs
01-07 03:34:19.509   331   331 D vold    :     prepare
01-07 03:34:19.509   331   331 D vold    :     
01-07 03:34:19.509   331   331 D vold    :     0
01-07 03:34:19.509   331   331 D vold    :     2
01-07 03:34:19.509   929   929 D ConditionProviders.SCP: onSubscribe condition://android/schedule?days=1.2.3.4.5.6.7&start=22.0&end=7.0&exitAtAlarm=true
01-07 03:34:19.509   929   929 D ConditionProviders.SCP: setRegistered true
01-07 03:34:19.512   929  1165 W ActivityThread: Failed to find provider info for com.android.calendar (user not unlocked)
01-07 03:34:19.512   929  1165 W ActivityThread: Failed to find provider info for com.android.calendar (user not unlocked)
01-07 03:34:19.517   929   929 D ConditionProviders.SCP: evaluateSubscriptionLocked cal=ScheduleCalendar[mDays={1, 2, 3, 4, 5, 6, 7}, mSchedule=ScheduleInfo{days=[1, 2, 3, 4, 5, 6, 7], startHour=22, startMinute=0, endHour=7, endMinute=0, exitAtAlarm=true, nextAlarm=Thu Jan 01 00:00:00 GMT 1970 (0)}], now=Tue Jan 07 03:34:19 GMT 2025 (1736220859509), nextUserAlarmTime=Thu Jan 01 00:00:00 GMT 1970 (0)
01-07 03:34:19.524     0     0 I [7 T1628  ..] [snd-soc]: update audio atmos flag! audio_type = 0
01-07 03:34:19.520   929  1054 D CompatibilityChangeReporter: Compat change id reported: 214016041; UID 1000; state: ENABLED
01-07 03:34:19.520  1336  1562 W ContextImpl: Calling a method in the system process without a qualified user: android.app.ContextImpl.sendBroadcast:1189 android.content.ContextWrapper.sendBroadcast:500 com.droidlogic.audioservice.services.AudioSystemCmdService$1.onUEvent:184 com.droidlogic.UEventObserver$UEventThread.sendEvent:213 com.droidlogic.UEventObserver$UEventThread.run:190 
01-07 03:34:19.520   929   929 D ConditionProviders.SCP: notifyCondition condition://android/schedule?days=1.2.3.4.5.6.7&start=22.0&end=7.0&exitAtAlarm=true STATE_TRUE reason=meetsSchedule
01-07 03:34:19.521   929   929 D ConditionProviders.SCP: Scheduling evaluate for Tue Jan 07 07:00:00 GMT 2025 (1736233200000), in +3h25m40s491ms, now=Tue Jan 07 03:34:19 GMT 2025 (1736220859509)
01-07 03:34:19.521  1223  1223 V SystemUIBootTiming: StartServices com.android.systemui.statusbar.tv.VpnStatusObserver took to complete: 16ms
01-07 03:34:19.522   520   520 E android.hardware.wifi@1.0-service.droidlogic: driver not ok ,wait
01-07 03:34:19.522   520   520 E android.hardware.wifi@1.0-service.droidlogic: driver loaded
01-07 03:34:19.523  1223  1223 V SystemUIBootTiming: StartServices com.android.systemui.statusbar.tv.notifications.TvNotificationHandler took to complete: 2ms
01-07 03:34:19.523  1223  1223 V SystemUIBootTiming: StartServices com.android.systemui.statusbar.tv.notifications.TvNotificationPanel took to complete: 0ms
01-07 03:34:19.528   929   929 D AutofillManagerService: Restriction did not change for user 0
01-07 03:34:19.534   929  1188 E HDMI    : [1]:Failed to send <Give System Audio Mode Status> 35:7D with errorCode=1
01-07 03:34:19.538   520   520 I android.hardware.wifi@1.0-service.droidlogic: Wifi HAL started
01-07 03:34:19.544  1223  1223 V SystemUIBootTiming: StartServices com.android.systemui.theme.ThemeOverlayController took to complete: 21ms
01-07 03:34:19.548  1223  1223 V SystemUIBootTiming: StartServices com.android.systemui.toast.ToastUI took to complete: 4ms
01-07 03:34:19.552  1223  1223 V SystemUIBootTiming: StartServices com.android.systemui.usb.StorageNotification took to complete: 4ms
01-07 03:34:19.569   520   520 W android.hardware.wifi@1.0-service.droidlogic: No active wlan interfaces in use! Using default
01-07 03:34:19.569   520   520 E android.hardware.wifi@1.0-service.droidlogic: Unknown iface name: wlan0
01-07 03:34:19.569   520   520 E android.hardware.wifi@1.0-service.droidlogic: Unknown iface name: wlan0
01-07 03:34:19.572  1223  1223 V SystemUIBootTiming: StartServices com.android.systemui.user.ui.dialog.UserSwitcherDialogCoordinator took to complete: 20ms
01-07 03:34:19.580   520   520 W android.hardware.wifi@1.0-service.droidlogic: No active wlan interfaces in use! Using default
01-07 03:34:19.580   520   520 E android.hardware.wifi@1.0-service.droidlogic: Unknown iface name: wlan0
01-07 03:34:19.580   520   520 E android.hardware.wifi@1.0-service.droidlogic: Unknown iface name: wlan0
01-07 03:34:19.586  1223  1223 V SystemUIBootTiming: StartServices com.android.systemui.util.NotificationChannels took to complete: 14ms
01-07 03:34:19.589   520   520 W android.hardware.wifi@1.0-service.droidlogic: No active wlan interfaces in use! Using default
01-07 03:34:19.589   520   520 E android.hardware.wifi@1.0-service.droidlogic: Unknown iface name: wlan0
01-07 03:34:19.589   520   520 E android.hardware.wifi@1.0-service.droidlogic: Unknown iface name: wlan0
01-07 03:34:19.599     0     0 I [1 T520   ..] [wifi@1][0x18e9b3b][03: 34:19.595972] wlan: [520:I:DP] 00000000: 7b 5f 55 aa 53 e6 31 5b cd 9c c0 41 a7 14 7b 66
01-07 03:34:19.599     0     0 I [1 T520   ..] [wifi@1][0x18e9b4c][03: 34:19.595989] wlan: [520:I:DP] 00000010: 46 82 f1 9d
01-07 03:34:19.599     0     0 I [1 T520   ..] [wifi@1][0x18e9b53][03: 34:19.595996] wlan: [520:I:DP] 00000000: c2 71 ba f0 86 0a 6a 6e b3 ae 58 ea c2 a8 f9 c9
01-07 03:34:19.599     0     0 I [1 T520   ..] [wifi@1][0x18e9b64][03: 34:19.596013] wlan: [520:I:DP] 00000010: e3 d9 e6 80 62 f8 64 05 2d 8f 56 1b 80 56 b6 bc
01-07 03:34:19.599     0     0 I [1 T520   ..] [wifi@1][0x18e9b69][03: 34:19.596018] wlan: [520:I:DP] 00000020: 91 07 ce 0d b3 bf 57 5a 34 58 d7 3b
01-07 03:34:19.600     0     0 E [1 T520   ..] [wifi@1][0x18e9df1][03: 34:19.596666] wlan: [520:E:MLO_MGR] mlo_mgr_ml_peer_exist_on_diff_ml_ctx: MLD ID 0 exists with mac 00:03:7f:12:35:c7
01-07 03:34:19.605     0     0 E [1 T520   ..] [wifi@1][0x18eaf92][03: 34:19.601179] wlan: [520:E:HDD] hdd_sysfs_bmiss_create: could not create bmiss sysfs file
01-07 03:34:19.606   929   929 I ConnectivityModuleConnector: Networking module service connected
01-07 03:34:19.610   929   929 I ExplicitHealthCheckController: Explicit health check service is connected ComponentInfo{android.ext.services/android.ext.services.watchdog.ExplicitHealthCheckServiceImpl}
01-07 03:34:19.611   929   929 I ExplicitHealthCheckController: Service initialized, syncing requests
01-07 03:34:19.611   929   929 V NotificationAssistants: 0 notification assistant service connected: ComponentInfo{android.ext.services/android.ext.services.notification.Assistant}
01-07 03:34:19.615   929   929 I ConnectivityModuleConnector: Networking module service connected
01-07 03:34:19.615   520   520 I android.hardware.wifi@1.0-service.droidlogic: Adding interface handle for wlan0
01-07 03:34:19.615   520   520 I android.hardware.wifi@1.0-service.droidlogic: Adding interface handle for wifi-aware0
01-07 03:34:19.615   520   520 I android.hardware.wifi@1.0-service.droidlogic: Adding interface handle for p2p0
01-07 03:34:19.615   520   520 W android.hardware.wifi@1.0-service.droidlogic: No active wlan interfaces in use! Using default
01-07 03:34:19.616   520   520 W android.hardware.wifi@1.0-service.droidlogic: No active wlan interfaces in use! Using default
01-07 03:34:19.617   520   520 I android.hardware.wifi@1.0-service.droidlogic: Configured chip in mode 3
01-07 03:34:19.617   520   520 W android.hardware.wifi@1.0-service.droidlogic: No active wlan interfaces in use! Using default
01-07 03:34:19.617   929   929 I HDMI    : screen state is changing to 0
01-07 03:34:19.620   929   929 I HdmiCecLocalDeviceSource: queryDisplayStatus already in progress
01-07 03:34:19.621   520   520 E android.hardware.wifi@1.0-service.droidlogic: createStaIfaceInternal: ifname=wlan0
01-07 03:34:19.625   520   520 I android.hardware.wifi@1.0-service.droidlogic: Adding interface handle for wlan0
01-07 03:34:19.625   520   520 I android.hardware.wifi@1.0-service.droidlogic: Adding interface handle for wifi-aware0
01-07 03:34:19.625   520   520 I android.hardware.wifi@1.0-service.droidlogic: Adding interface handle for p2p0
01-07 03:34:19.636   604   604 I wificond: createClientInterface: wiphy_index 0 iface_name wlan0
01-07 03:34:19.637   929  1546 E SystemServiceRegistry: Manager wrapper not available: tv_tuner_resource_mgr
01-07 03:34:19.638   604   604 I wificond: create scanner for interface with index: 16
01-07 03:34:19.638   604   604 I wificond: subscribe scan result for interface with index: 16
01-07 03:34:19.640   929   967 I DropBoxManagerService: add tag=system_server_wtf isTagEnabled=true flags=0x2
01-07 03:34:19.642   604   604 I wificond: add channel type 0 support at wiphy index: 0
01-07 03:34:19.642   604   604 I wificond: add channel type 1 support at wiphy index: 0
01-07 03:34:19.642   604   604 I wificond: add channel type 3 support at wiphy index: 0
01-07 03:34:19.645   929  1457 D TvInputHardwareManager: deviceId =6, tvinputinfo = TvInputInfo{id=com.droidlogic.tvinput/.services.Hdmi2InputService/HW6, pkg=com.droidlogic.tvinput, service=com.droidlogic.tvinput.services.Hdmi2InputService}
01-07 03:34:19.650   929   958 V UserDataPreparer: Found /data/user/0 with serial number 0
01-07 03:34:19.650   929   958 V UserDataPreparer: Found /data/system_ce/0 with serial number 0
01-07 03:34:19.652   929   958 D UserDataPreparer: Setting property: sys.user.0.ce_available=true
01-07 03:34:19.654   929   958 V SystemServerTiming: prepareUserData-0 took to complete: 162ms
01-07 03:34:19.654   929   958 D SystemServerTiming: reconcileAppsData-0
01-07 03:34:19.654   929  1210 E SystemServiceRegistry: Manager wrapper not available: tv_tuner_resource_mgr
01-07 03:34:19.654   929   958 V PackageManager: reconcileAppsData for null u0 0x2 migrateAppData=false
01-07 03:34:19.657   929  1210 D TvInputHardwareManager: deviceId =5, tvinputinfo = TvInputInfo{id=com.droidlogic.tvinput/.services.Hdmi1InputService/HW5, pkg=com.droidlogic.tvinput, service=com.droidlogic.tvinput.services.Hdmi1InputService}
01-07 03:34:19.662   929  1210 E SystemServiceRegistry: Manager wrapper not available: tv_tuner_resource_mgr
01-07 03:34:19.667   929  1457 D TvInputHardwareManager: deviceId =7, tvinputinfo = TvInputInfo{id=com.droidlogic.tvinput/.services.Hdmi3InputService/HW7, pkg=com.droidlogic.tvinput, service=com.droidlogic.tvinput.services.Hdmi3InputService}
01-07 03:34:19.674   929   958 W PackageManager: Skipping preparing app data for com.android.sdksandbox
01-07 03:34:19.711   929  1210 D CompatibilityChangeReporter: Compat change id reported: 171306433; UID 1073; state: ENABLED
01-07 03:34:19.712   929  1210 D CompatibilityChangeReporter: Compat change id reported: 218533173; UID 1073; state: ENABLED
01-07 03:34:19.715  1223  1223 V SystemUIBootTiming: StartServices com.android.systemui.volume.VolumeUI took to complete: 129ms
01-07 03:34:19.722  1223  1223 V SystemUIBootTiming: StartServices com.android.systemui.wmshell.WMShell took to complete: 7ms
01-07 03:34:19.722  1223  1223 V SystemUIBootTiming: StartServices com.android.systemui.VendorServices took to complete: 0ms
01-07 03:34:19.722  1223  1223 V SystemUIBootTiming: StartServices took to complete: 535ms
01-07 03:34:19.725   929  1542 D CompatibilityChangeReporter: Compat change id reported: 168419799; UID 10070; state: DISABLED
01-07 03:34:19.726  1223  1223 V WindowManagerShell: Display added: 0
01-07 03:34:19.742   929   929 W Looper  : Slow dispatch took 115ms main h=com.android.server.media.MediaRouter2ServiceImpl$UserHandler c=<recycled PooledLambda@e5dde91> m=0
01-07 03:34:19.743   929   929 D WallpaperManagerService: WPMS.onServiceConnected-ComponentInfo{com.android.systemui/com.android.systemui.wallpapers.ImageWallpaper}
01-07 03:34:19.743   929   929 D WallpaperManagerService: WPMS.attachServiceLocked
01-07 03:34:19.743   929   929 V WallpaperManagerService: WPMS.attachServiceLocked took to complete: 0ms
01-07 03:34:19.743   929   929 V WallpaperManagerService: WPMS.onServiceConnected-ComponentInfo{com.android.systemui/com.android.systemui.wallpapers.ImageWallpaper} took to complete: 0ms
01-07 03:34:19.743   929   929 D WallpaperManagerService: WPMS.onServiceConnected-ComponentInfo{com.android.systemui/com.android.systemui.wallpapers.ImageWallpaper}
01-07 03:34:19.743   929   929 D WallpaperManagerService: WPMS.attachServiceLocked
01-07 03:34:19.743   929   929 D WallpaperManagerService: WPMS.connectLocked-ComponentInfo{com.android.systemui/com.android.systemui.wallpapers.ImageWallpaper}
01-07 03:34:19.745   929   929 V WallpaperManagerService: WPMS.connectLocked-ComponentInfo{com.android.systemui/com.android.systemui.wallpapers.ImageWallpaper} took to complete: 2ms
01-07 03:34:19.745   929   929 V WallpaperManagerService: WPMS.attachServiceLocked took to complete: 2ms
01-07 03:34:19.745   929   929 D WallpaperManagerService: WPMS.saveSettingsLocked-0
01-07 03:34:19.747   929   929 V WallpaperManagerService: WPMS.saveSettingsLocked-0 took to complete: 2ms
01-07 03:34:19.747   929   929 V WallpaperManagerService: WPMS.onServiceConnected-ComponentInfo{com.android.systemui/com.android.systemui.wallpapers.ImageWallpaper} took to complete: 4ms
01-07 03:34:19.748   929   929 D HDMI    : Failed to send cec command <Set Osd Name> 30:47 <Redacted len=8>
01-07 03:34:19.754   929   929 I HdmiControlService: bootCompleted
01-07 03:34:19.754   929   929 D EarcController: bootCompleted init with connected type:1
01-07 03:34:19.756   929  1210 E SystemServiceRegistry: Manager wrapper not available: tv_tuner_resource_mgr
01-07 03:34:19.763   929  1546 D TvInputHardwareManager: deviceId =18, tvinputinfo = TvInputInfo{id=com.droidlogic.tvinput/.services.ArcInputService/HW18, pkg=com.droidlogic.tvinput, service=com.droidlogic.tvinput.services.ArcInputService}
01-07 03:34:19.770   929   929 D HDMI    : AVR did not respond to <Give System Audio Mode Status>
01-07 03:34:19.770   929   929 I PackageWatchdog: Syncing health check requests for packages: {}
01-07 03:34:19.770   929   929 D ExplicitHealthCheckController: Getting health check supported packages
01-07 03:34:19.782   929  1542 D CoreBackPreview: Window{fa1fc39 u0 ShellDropTarget}: Setting back callback OnBackInvokedCallbackInfo{mCallback=android.window.IOnBackInvokedCallback$Stub$Proxy@f60cefb, mPriority=0}
01-07 03:34:19.783   929  1546 I ExplicitHealthCheckController: Explicit health check supported packages [PackageConfig{com.android.networkstack, 86400000}]
01-07 03:34:19.783   929  1546 D PackageWatchdog: Received supported packages [PackageConfig{com.android.networkstack, 86400000}]
01-07 03:34:19.783   929  1546 D ExplicitHealthCheckController: Getting health check requested packages
01-07 03:34:19.785   929  1546 I ExplicitHealthCheckController: Explicit health check requested packages []
01-07 03:34:19.786   929  1546 I ExplicitHealthCheckController: No more health check requests, unbinding...
01-07 03:34:19.801   929  1546 I ExplicitHealthCheckController: Explicit health check service is unbound
01-07 03:34:19.822   929   929 I HdmiCecLocalDevicePlaybackSwitch: onInputAdded: com.droidlogic.tvinput/.services.Hdmi2InputService/HW6
01-07 03:34:19.823   929   929 I HdmiCecLocalDevicePlaybackSwitch: addOrUpdateTvInput: return HdmiDeviceInfo null
01-07 03:34:19.823   929   929 I HdmiCecLocalDevicePlaybackSwitch: onInputAdded: com.droidlogic.tvinput/.services.Hdmi1InputService/HW5
01-07 03:34:19.823   929   929 I HdmiCecLocalDevicePlaybackSwitch: addOrUpdateTvInput: return HdmiDeviceInfo null
01-07 03:34:19.824   929   929 I HdmiCecLocalDevicePlaybackSwitch: onInputAdded: com.droidlogic.tvinput/.services.Hdmi3InputService/HW7
01-07 03:34:19.824   929   929 I HdmiCecLocalDevicePlaybackSwitch: addOrUpdateTvInput: return HdmiDeviceInfo null
01-07 03:34:19.827   929   929 D EarcController: onEarcStateChanged old:0 new:1
01-07 03:34:19.829   929   929 D EarcController: onEarcStateChanged tv and audio system can't be null!
01-07 03:34:19.829   929   929 I HdmiCecLocalDevicePlaybackSwitch: onInputAdded: com.droidlogic.tvinput/.services.ArcInputService/HW18
01-07 03:34:19.829   929   929 I HdmiCecLocalDevicePlaybackSwitch: addOrUpdateTvInput: return HdmiDeviceInfo null
01-07 03:34:19.830   929   929 I HdmiControlService: checkAndUpdateAbsoluteVolumeControlState() AudioDeviceAttributes: role:output type:hdmi addr: name: profiles:[] descriptors:[]Not in AVC_AUDIO_OUTPUT_DEVICES
01-07 03:34:19.830   929   929 W Looper  : Drained
01-07 03:34:19.834   929   944 D CompatibilityChangeReporter: Compat change id reported: 168419799; UID 1002; state: DISABLED
01-07 03:34:19.840   929  1546 D CompatibilityChangeReporter: Compat change id reported: 168419799; UID 1000; state: DISABLED
01-07 03:34:19.849   929   975 I BroadcastQueue: BOOT_COMPLETED_BROADCAST_COMPLETION_LATENCY_REPORTED action:android.intent.action.LOCKED_BOOT_COMPLETED dispatchLatency:31 completeLatency:388 dispatchRealLatency:31 completeRealLatency:388 receiversSize:3 userId:0 userType:android.os.usertype.full.SYSTEM
01-07 03:34:19.866   929   944 D CompatibilityChangeReporter: Compat change id reported: 197654537; UID 1000; state: ENABLED
01-07 03:34:19.887   929   958 V PackageManager: reconcileAppsData finished 115 packages
01-07 03:34:19.887   929   958 V SystemServerTiming: reconcileAppsData-0 took to complete: 233ms
01-07 03:34:19.887   929   958 V SystemServerTiming: UM.onBeforeUnlockUser-0 took to complete: 396ms
01-07 03:34:19.887   929   958 I ActivityManager: User 0 state changed from RUNNING_LOCKED to RUNNING_UNLOCKING
01-07 03:34:19.892   929   958 D ActivityManager: Unlocking user 0 progress 20
01-07 03:34:19.895   929   958 W Looper  : Slow dispatch took 402ms android.fg h=android.os.Handler c=com.android.server.am.UserController$$ExternalSyntheticLambda7@3617cab m=0
01-07 03:34:19.895   929   967 D SystemServerTimingAsync: ssm.UnlockingUser-0
01-07 03:34:19.895   929   967 I SystemServiceManager: Calling onUnlockingUser 0
01-07 03:34:19.895   929   958 W Looper  : Slow delivery took 403ms android.fg h=android.os.Handler c=com.android.server.am.UserController$$ExternalSyntheticLambda4@bc05f08 m=0
01-07 03:34:19.895   929   967 D SystemServerTimingAsync: ssm.onUnlockingUser-0_com.android.server.security.FileIntegrityService
01-07 03:34:19.895   929   967 V SystemServerTimingAsync: ssm.onUnlockingUser-0_com.android.server.security.FileIntegrityService took to complete: 0ms
01-07 03:34:19.895   929   967 D SystemServerTimingAsync: ssm.onUnlockingUser-0_com.android.server.pm.Installer
01-07 03:34:19.895   929   967 V SystemServerTimingAsync: ssm.onUnlockingUser-0_com.android.server.pm.Installer took to complete: 0ms
01-07 03:34:19.895   929   967 D SystemServerTimingAsync: ssm.onUnlockingUser-0_com.android.server.os.DeviceIdentifiersPolicyService
01-07 03:34:19.895   929   967 V SystemServerTimingAsync: ssm.onUnlockingUser-0_com.android.server.os.DeviceIdentifiersPolicyService took to complete: 0ms
01-07 03:34:19.895   929   967 D SystemServerTimingAsync: ssm.onUnlockingUser-0_com.android.server.uri.UriGrantsManagerService$Lifecycle
01-07 03:34:19.895   929   967 V SystemServerTimingAsync: ssm.onUnlockingUser-0_com.android.server.uri.UriGrantsManagerService$Lifecycle took to complete: 0ms
01-07 03:34:19.895   929   967 D SystemServerTimingAsync: ssm.onUnlockingUser-0_com.android.server.powerstats.PowerStatsService
01-07 03:34:19.895   929   967 V SystemServerTimingAsync: ssm.onUnlockingUser-0_com.android.server.powerstats.PowerStatsService took to complete: 0ms
01-07 03:34:19.895   929   967 D SystemServerTimingAsync: ssm.onUnlockingUser-0_com.android.server.wm.ActivityTaskManagerService$Lifecycle
01-07 03:34:19.895   929   967 V SystemServerTimingAsync: ssm.onUnlockingUser-0_com.android.server.wm.ActivityTaskManagerService$Lifecycle took to complete: 0ms
01-07 03:34:19.895   929   967 D SystemServerTimingAsync: ssm.onUnlockingUser-0_com.android.server.am.ActivityManagerService$Lifecycle
01-07 03:34:19.896   929   967 V SystemServerTimingAsync: ssm.onUnlockingUser-0_com.android.server.am.ActivityManagerService$Lifecycle took to complete: 0ms
01-07 03:34:19.896   929   967 D SystemServerTimingAsync: ssm.onUnlockingUser-0_com.android.server.pm.DataLoaderManagerService
01-07 03:34:19.896   929   967 V SystemServerTimingAsync: ssm.onUnlockingUser-0_com.android.server.pm.DataLoaderManagerService took to complete: 0ms
01-07 03:34:19.896   929   967 D SystemServerTimingAsync: ssm.onUnlockingUser-0_com.android.server.power.PowerManagerService
01-07 03:34:19.896   929   967 V SystemServerTimingAsync: ssm.onUnlockingUser-0_com.android.server.power.PowerManagerService took to complete: 0ms
01-07 03:34:19.896   929   967 D SystemServerTimingAsync: ssm.onUnlockingUser-0_com.android.server.power.ThermalManagerService
01-07 03:34:19.896   929   967 V SystemServerTimingAsync: ssm.onUnlockingUser-0_com.android.server.power.ThermalManagerService took to complete: 0ms
01-07 03:34:19.896   929   967 D SystemServerTimingAsync: ssm.onUnlockingUser-0_com.android.server.power.hint.HintManagerService
01-07 03:34:19.896   929   967 V SystemServerTimingAsync: ssm.onUnlockingUser-0_com.android.server.power.hint.HintManagerService took to complete: 0ms
01-07 03:34:19.896   929   967 D SystemServerTimingAsync: ssm.onUnlockingUser-0_com.android.server.recoverysystem.RecoverySystemService$Lifecycle
01-07 03:34:19.896   929   967 V SystemServerTimingAsync: ssm.onUnlockingUser-0_com.android.server.recoverysystem.RecoverySystemService$Lifecycle took to complete: 0ms
01-07 03:34:19.896   929   967 D SystemServerTimingAsync: ssm.onUnlockingUser-0_com.android.server.lights.LightsService
01-07 03:34:19.896   929   967 V SystemServerTimingAsync: ssm.onUnlockingUser-0_com.android.server.lights.LightsService took to complete: 0ms
01-07 03:34:19.896   929   967 D SystemServerTimingAsync: ssm.onUnlockingUser-0_com.android.server.display.DisplayManagerService
01-07 03:34:19.896   929   967 V SystemServerTimingAsync: ssm.onUnlockingUser-0_com.android.server.display.DisplayManagerService took to complete: 0ms
01-07 03:34:19.896   929   967 D SystemServerTimingAsync: ssm.onUnlockingUser-0_com.android.server.pm.verify.domain.DomainVerificationService
01-07 03:34:19.896   929   967 V SystemServerTimingAsync: ssm.onUnlockingUser-0_com.android.server.pm.verify.domain.DomainVerificationService took to complete: 0ms
01-07 03:34:19.896   929   967 D SystemServerTimingAsync: ssm.onUnlockingUser-0_com.android.server.pm.PackageInstallerService$Lifecycle
01-07 03:34:19.896   929   967 V SystemServerTimingAsync: ssm.onUnlockingUser-0_com.android.server.pm.PackageInstallerService$Lifecycle took to complete: 0ms
01-07 03:34:19.896   929   967 D SystemServerTimingAsync: ssm.onUnlockingUser-0_com.android.server.pm.UserManagerService$LifeCycle
01-07 03:34:19.896   929   967 V SystemServerTimingAsync: ssm.onUnlockingUser-0_com.android.server.pm.UserManagerService$LifeCycle took to complete: 0ms
01-07 03:34:19.896   929   967 D SystemServerTimingAsync: ssm.onUnlockingUser-0_com.android.server.om.OverlayManagerService
01-07 03:34:19.897   929   967 V SystemServerTimingAsync: ssm.onUnlockingUser-0_com.android.server.om.OverlayManagerService took to complete: 0ms
01-07 03:34:19.897   929   967 D SystemServerTimingAsync: ssm.onUnlockingUser-0_com.android.server.resources.ResourcesManagerService
01-07 03:34:19.897   929   967 V SystemServerTimingAsync: ssm.onUnlockingUser-0_com.android.server.resources.ResourcesManagerService took to complete: 0ms
01-07 03:34:19.897   929   967 D SystemServerTimingAsync: ssm.onUnlockingUser-0_com.android.server.sensorprivacy.SensorPrivacyService
01-07 03:34:19.897   929   967 V SystemServerTimingAsync: ssm.onUnlockingUser-0_com.android.server.sensorprivacy.SensorPrivacyService took to complete: 0ms
01-07 03:34:19.897   929   967 D SystemServerTimingAsync: ssm.onUnlockingUser-0_com.android.server.sensors.SensorService
01-07 03:34:19.897   929   967 V SystemServerTimingAsync: ssm.onUnlockingUser-0_com.android.server.sensors.SensorService took to complete: 0ms
01-07 03:34:19.897   929   967 D SystemServerTimingAsync: ssm.onUnlockingUser-0_com.android.server.SystemConfigService
01-07 03:34:19.897   929   967 V SystemServerTimingAsync: ssm.onUnlockingUser-0_com.android.server.SystemConfigService took to complete: 0ms
01-07 03:34:19.897   929   967 D SystemServerTimingAsync: ssm.onUnlockingUser-0_com.android.server.BatteryService
01-07 03:34:19.897   929   967 V SystemServerTimingAsync: ssm.onUnlockingUser-0_com.android.server.BatteryService took to complete: 0ms
01-07 03:34:19.897   929   967 D SystemServerTimingAsync: ssm.onUnlockingUser-0_com.android.server.usage.UsageStatsService
01-07 03:34:19.897   929   967 V SystemServerTimingAsync: ssm.onUnlockingUser-0_com.android.server.usage.UsageStatsService took to complete: 0ms
01-07 03:34:19.897   929   967 D SystemServerTimingAsync: ssm.onUnlockingUser-0_com.android.server.webkit.WebViewUpdateService
01-07 03:34:19.897   929   967 V SystemServerTimingAsync: ssm.onUnlockingUser-0_com.android.server.webkit.WebViewUpdateService took to complete: 0ms
01-07 03:34:19.897   929   967 D SystemServerTimingAsync: ssm.onUnlockingUser-0_com.android.server.CachedDeviceStateService
01-07 03:34:19.897   929   967 V SystemServerTimingAsync: ssm.onUnlockingUser-0_com.android.server.CachedDeviceStateService took to complete: 0ms
01-07 03:34:19.897   929   967 D SystemServerTimingAsync: ssm.onUnlockingUser-0_com.android.server.BinderCallsStatsService$LifeCycle
01-07 03:34:19.897   929   967 V SystemServerTimingAsync: ssm.onUnlockingUser-0_com.android.server.BinderCallsStatsService$LifeCycle took to complete: 0ms
01-07 03:34:19.897   929   967 D SystemServerTimingAsync: ssm.onUnlockingUser-0_com.android.server.LooperStatsService$Lifecycle
01-07 03:34:19.897   929   967 V SystemServerTimingAsync: ssm.onUnlockingUser-0_com.android.server.LooperStatsService$Lifecycle took to complete: 0ms
01-07 03:34:19.897   929   967 D SystemServerTimingAsync: ssm.onUnlockingUser-0_com.android.server.rollback.RollbackManagerService
01-07 03:34:19.901   929   967 V SystemServerTimingAsync: ssm.onUnlockingUser-0_com.android.server.rollback.RollbackManagerService took to complete: 4ms
01-07 03:34:19.901   929   967 D SystemServerTimingAsync: ssm.onUnlockingUser-0_com.android.server.os.NativeTombstoneManagerService
01-07 03:34:19.901   929   967 V SystemServerTimingAsync: ssm.onUnlockingUser-0_com.android.server.os.NativeTombstoneManagerService took to complete: 0ms
01-07 03:34:19.901   929   967 D SystemServerTimingAsync: ssm.onUnlockingUser-0_com.android.server.os.BugreportManagerService
01-07 03:34:19.902   929   967 V SystemServerTimingAsync: ssm.onUnlockingUser-0_com.android.server.os.BugreportManagerService took to complete: 0ms
01-07 03:34:19.902   929   967 D SystemServerTimingAsync: ssm.onUnlockingUser-0_com.android.server.gpu.GpuService
01-07 03:34:19.902   929   967 V SystemServerTimingAsync: ssm.onUnlockingUser-0_com.android.server.gpu.GpuService took to complete: 0ms
