01-06 03:45:30.802     0     0 W [0 T10069 ..] audit: audit_lost=34951 audit_rate_limit=5 audit_backlog_limit=64
01-06 03:45:30.802     0     0 E [0 T10069 ..] audit: rate limit exceeded
01-06 03:45:34.534     0     0 I [0 T322   ..] logd: logdr: UID=2000 GID=2000 PID=10123 b tail=0 logMask=99 pid=0 start=0ns deadline=0ns
01-06 03:45:37.232     0     0 W [4 T10183 ..] audit: audit_lost=35420 audit_rate_limit=5 audit_backlog_limit=64
01-06 03:45:37.232     0     0 E [4 T10183 ..] audit: rate limit exceeded
01-06 03:45:42.693     0     0 I [0 T3036  ..] logd: start watching /data/system/packages.list ...
01-06 03:45:42.694     0     0 I [0 T3036  ..] logd: ReadPackageList, total packages: 113
01-06 03:45:49.305     0     0 I [0 T3036  ..] logd: start watching /data/system/packages.list ...
01-06 03:45:49.306     0     0 I [0 T3036  ..] logd: ReadPackageList, total packages: 113
01-06 03:45:52.751     0     0 W [6 T10254 ..] audit: audit_lost=36012 audit_rate_limit=5 audit_backlog_limit=64
01-06 03:45:52.751     0     0 E [6 T10254 ..] audit: rate limit exceeded
01-06 03:45:53.985     0     0 I [1 T5102  ..] binder: undelivered transaction 258350, process died.
01-06 03:45:53.985     0     0 I [1 T5102  ..] binder: undelivered transaction 258448, process died.
01-06 03:45:53.985     0     0 I [1 T5102  ..] binder: undelivered transaction 258589, process died.
01-06 03:45:53.985     0     0 I [1 T5102  ..] binder: undelivered transaction 258278, process died.
01-06 03:45:54.046     0     0 W [0 T10328 ..] audit: audit_lost=36829 audit_rate_limit=5 audit_backlog_limit=64
01-06 03:45:54.046     0     0 E [0 T10328 ..] audit: rate limit exceeded
01-06 03:46:04.038     0     0 I [0 T3036  ..] logd: start watching /data/system/packages.list ...
01-06 03:46:04.039     0     0 I [0 T3036  ..] logd: ReadPackageList, total packages: 113
01-06 03:46:05.059     0     0 I [3 T1430  ..] [schedu][0xcd9308f5][03: 46:10.961020] wlan: [1430:I:OSIF] scan start scan id 41019
01-06 03:46:06.689     0     0 I [1 T1430  ..] [schedu][0xcdabe897][03: 46:12.591134] wlan: [1430:I:OSIF] vdev 0, scan id 41019 type COMPLETED(1) reason COMPLETED(1) scan found 63 bss
01-06 03:46:14.823     0     0 I [1 T3036  ..] logd: start watching /data/system/packages.list ...
01-06 03:46:14.824     0     0 I [1 T3036  ..] logd: ReadPackageList, total packages: 114
01-06 03:46:15.293     0     0 I [1 T5102  ..] binder: undelivered transaction 258349, process died.
01-06 03:46:15.293     0     0 I [1 T5102  ..] binder: undelivered transaction 258447, process died.
01-06 03:46:15.293     0     0 I [1 T5102  ..] binder: undelivered transaction 258586, process died.
01-06 03:46:15.293     0     0 I [1 T5102  ..] binder: undelivered transaction 258277, process died.
01-06 03:46:15.371     0     0 W [3 T10366 ..] audit: audit_lost=36944 audit_rate_limit=5 audit_backlog_limit=64
01-06 03:46:15.371     0     0 E [3 T10366 ..] audit: rate limit exceeded
01-06 03:46:25.257     0     0 I [0 T3036  ..] logd: start watching /data/system/packages.list ...
01-06 03:46:25.258     0     0 I [0 T3036  ..] logd: ReadPackageList, total packages: 115
01-06 03:46:27.488     0     0 I [1 T3036  ..] logd: start watching /data/system/packages.list ...
01-06 03:46:27.488     0     0 I [1 T3036  ..] logd: ReadPackageList, total packages: 115
01-06 03:46:30.714     0     0 E [5 T528   ..] [wifi@1][0xcf1a80f9][03: 46:36.616320] wlan: [528:E:OSIF] wlan_hdd_set_station_stats_request_pending: peer is null
01-06 03:46:38.884     0     0 I [1 T3036  ..] logd: start watching /data/system/packages.list ...
01-06 03:46:38.885     0     0 I [1 T3036  ..] logd: ReadPackageList, total packages: 115
01-06 03:46:54.757     0     0 I [1 T5102  ..] binder: undelivered transaction 258348, process died.
01-06 03:46:54.757     0     0 I [1 T5102  ..] binder: undelivered transaction 258446, process died.
01-06 03:46:54.757     0     0 I [1 T5102  ..] binder: undelivered transaction 258585, process died.
01-06 03:46:54.757     0     0 I [1 T5102  ..] binder: undelivered transaction 258276, process died.
01-06 03:46:54.806     0     0 W [7 T10490 ..] audit: audit_lost=37689 audit_rate_limit=5 audit_backlog_limit=64
01-06 03:46:54.806     0     0 E [7 T10490 ..] audit: rate limit exceeded
01-06 03:47:03.066     0     0 I [4 T1602  ..] binder_alloc: 10168: binder_alloc_buf, no vma
01-06 03:47:03.066     0     0 I [4 T1602  ..] binder: 944:1602 transaction failed 29189/-3, size 4-0 line 3101
01-06 03:47:03.066     0     0 I [4 T1602  ..] binder: send failed reply for transaction 278820 to 10168:10189
01-06 03:47:03.069     0     0 I [4 T121   ..] binder: undelivered TRANSACTION_COMPLETE
01-06 03:47:03.070     0     0 I [4 T121   ..] binder: undelivered TRANSACTION_ERROR: 29189
01-06 03:47:03.114     0     0 W [1 T10555 ..] audit: audit_lost=38179 audit_rate_limit=5 audit_backlog_limit=64
01-06 03:47:03.114     0     0 E [1 T10555 ..] audit: rate limit exceeded
01-06 03:47:05.079     0     0 I [6 T1430  ..] [schedu][0xd126dec1][03: 47:10.981192] wlan: [1430:I:OSIF] scan start scan id 41020
01-06 03:47:06.646     0     0 I [5 T1430  ..] [schedu][0xd13ec6de][03: 47:12.547941] wlan: [1430:I:OSIF] vdev 0, scan id 41020 type COMPLETED(1) reason COMPLETED(1) scan found 77 bss
01-06 03:47:08.297     0     0 I [0 T322   ..] logd: logdr: UID=2000 GID=2000 PID=10606 b tail=0 logMask=99 pid=0 start=0ns deadline=0ns
01-06 03:47:10.957     0     0 W [5 T10672 ..] audit: audit_lost=38531 audit_rate_limit=5 audit_backlog_limit=64
01-06 03:47:10.957     0     0 E [5 T10672 ..] audit: rate limit exceeded
01-06 03:47:12.012     0     0 I [0 T3036  ..] logd: start watching /data/system/packages.list ...
01-06 03:47:12.013     0     0 I [0 T3036  ..] logd: ReadPackageList, total packages: 115
01-06 03:47:12.051     0     0 W [7 T10685 ..] audit: audit_lost=39105 audit_rate_limit=5 audit_backlog_limit=64
01-06 03:47:12.051     0     0 E [7 T10685 ..] audit: rate limit exceeded
01-06 03:47:15.498     0     0 W [6 T10737 ..] audit: audit_lost=39346 audit_rate_limit=5 audit_backlog_limit=64
01-06 03:47:15.498     0     0 E [6 T10737 ..] audit: rate limit exceeded
01-06 03:47:26.651     0     0 I [1 T3036  ..] logd: start watching /data/system/packages.list ...
01-06 03:47:26.652     0     0 I [1 T3036  ..] logd: ReadPackageList, total packages: 115
01-06 03:48:05.068     0     0 I [3 T1430  ..] [schedu][0xd4ba3c5f][03: 48:10.970598] wlan: [1430:I:OSIF] scan start scan id 41021
01-06 03:48:06.703     0     0 I [7 T1430  ..] [schedu][0xd4d32c9d][03: 48:12.604965] wlan: [1430:I:OSIF] vdev 0, scan id 41021 type COMPLETED(1) reason COMPLETED(1) scan found 66 bss
01-06 03:48:16.085     0     0 W [1 T10903 ..] audit: audit_lost=39959 audit_rate_limit=5 audit_backlog_limit=64
01-06 03:48:16.085     0     0 E [1 T10903 ..] audit: rate limit exceeded
01-06 03:48:36.145     0     0 E [4 T528   ..] [wifi@1][0xd6946f7c][03: 48:42.047747] wlan: [528:E:OSIF] wlan_hdd_set_station_stats_request_pending: peer is null
01-06 03:49:05.061     0     0 I [2 T1430  ..] [schedu][0xd84da875][03: 49:10.963708] wlan: [1430:I:OSIF] scan start scan id 41022
01-06 03:49:06.632     0     0 I [3 T1430  ..] [schedu][0xd8659da2][03: 49:12.533801] wlan: [1430:I:OSIF] vdev 0, scan id 41022 type COMPLETED(1) reason COMPLETED(1) scan found 76 bss
01-06 03:49:16.171     0     0 W [3 T10927 ..] audit: audit_lost=40190 audit_rate_limit=5 audit_backlog_limit=64
01-06 03:49:16.171     0     0 E [3 T10927 ..] audit: rate limit exceeded
01-06 03:50:05.092     0     0 I [5 T1430  ..] [schedu][0xdbe1a558][03: 50:10.993887] wlan: [1430:I:OSIF] scan start scan id 41023
01-06 03:50:06.731     0     0 I [4 T1430  ..] [schedu][0xdbfaa8e5][03: 50:12.633196] wlan: [1430:I:OSIF] vdev 0, scan id 41023 type COMPLETED(1) reason COMPLETED(1) scan found 67 bss
01-06 03:50:16.288     0     0 W [6 T11226 ..] audit: audit_lost=40569 audit_rate_limit=5 audit_backlog_limit=64
01-06 03:50:16.288     0     0 E [6 T11226 ..] audit: rate limit exceeded
01-06 03:50:21.094     0     0 E [4 T528   ..] [wifi@1][0xdcd5d13e][03: 50:26.995909] wlan: [528:E:OSIF] wlan_hdd_set_station_stats_request_pending: peer is null
01-06 03:51:05.080     0     0 I [2 T1430  ..] [schedu][0xdf74fde4][03: 51:10.981995] wlan: [1430:I:OSIF] scan start scan id 41024
01-06 03:51:06.645     0     0 I [2 T1430  ..] [schedu][0xdf8cdf60][03: 51:12.547047] wlan: [1430:I:OSIF] vdev 0, scan id 41024 type COMPLETED(1) reason COMPLETED(1) scan found 66 bss
01-06 03:51:16.393     0     0 W [0 T11310 ..] audit: audit_lost=40896 audit_rate_limit=5 audit_backlog_limit=64
01-06 03:51:16.393     0     0 E [0 T11310 ..] audit: rate limit exceeded
01-06 03:52:05.092     0     0 I [2 T1430  ..] [schedu][0xe308b38c][03: 52:10.993939] wlan: [1430:I:OSIF] scan start scan id 41025
01-06 03:52:06.723     0     0 I [1 T1430  ..] [schedu][0xe321980b][03: 52:12.625298] wlan: [1430:I:OSIF] vdev 0, scan id 41025 type COMPLETED(1) reason COMPLETED(1) scan found 76 bss
01-06 03:52:16.485     0     0 W [0 T11375 ..] audit: audit_lost=41157 audit_rate_limit=5 audit_backlog_limit=64
01-06 03:52:16.485     0     0 E [0 T11375 ..] audit: rate limit exceeded
01-06 03:53:05.103     0     0 I [3 T1430  ..] [schedu][0xe69c6857][03: 53:11.005662] wlan: [1430:I:OSIF] scan start scan id 41026
01-06 03:53:06.734     0     0 I [2 T1430  ..] [schedu][0xe6b548cc][03: 53:12.635987] wlan: [1430:I:OSIF] vdev 0, scan id 41026 type COMPLETED(1) reason COMPLETED(1) scan found 70 bss
01-06 03:53:16.583     0     0 W [0 T11413 ..] audit: audit_lost=41314 audit_rate_limit=5 audit_backlog_limit=64
01-06 03:53:16.583     0     0 E [0 T11413 ..] audit: rate limit exceeded
01-06 03:54:05.102     0     0 I [1 T1430  ..] [schedu][0xea2fe937][03: 54:11.004094] wlan: [1430:I:OSIF] scan start scan id 41027
01-06 03:54:06.668     0     0 I [5 T1430  ..] [schedu][0xea47d020][03: 54:12.570535] wlan: [1430:I:OSIF] vdev 0, scan id 41027 type COMPLETED(1) reason COMPLETED(1) scan found 74 bss
01-06 03:54:16.666     0     0 W [0 T11515 ..] audit: audit_lost=41417 audit_rate_limit=5 audit_backlog_limit=64
01-06 03:54:16.666     0     0 E [0 T11515 ..] audit: rate limit exceeded
01-06 03:55:05.109     0     0 I [3 T1430  ..] [schedu][0xedc38c58][03: 55:11.011295] wlan: [1430:I:OSIF] scan start scan id 41028
01-06 03:55:06.676     0     0 I [6 T1430  ..] [schedu][0xeddb74e6][03: 55:12.578157] wlan: [1430:I:OSIF] vdev 0, scan id 41028 type COMPLETED(1) reason COMPLETED(1) scan found 69 bss
01-06 03:55:16.765     0     0 W [3 T11535 ..] audit: audit_lost=41675 audit_rate_limit=5 audit_backlog_limit=64
01-06 03:55:16.765     0     0 E [3 T11535 ..] audit: rate limit exceeded
01-06 03:56:05.095     0     0 I [2 T1430  ..] [schedu][0xf156db77][03: 56:10.996990] wlan: [1430:I:OSIF] scan start scan id 41029
01-06 03:56:06.678     0     0 I [1 T1430  ..] [schedu][0xf16f03fd][03: 56:12.580228] wlan: [1430:I:OSIF] vdev 0, scan id 41029 type COMPLETED(1) reason COMPLETED(1) scan found 73 bss
01-06 03:56:16.859     0     0 W [0 T11561 ..] audit: audit_lost=41817 audit_rate_limit=5 audit_backlog_limit=64
01-06 03:56:16.859     0     0 E [0 T11561 ..] audit: rate limit exceeded
01-06 03:57:05.107     0     0 I [5 T1430  ..] [schedu][0xf4ea913f][03: 57:11.008966] wlan: [1430:I:OSIF] scan start scan id 41030
01-06 03:57:06.686     0     0 I [2 T1430  ..] [schedu][0xf502a7b0][03: 57:12.587575] wlan: [1430:I:OSIF] vdev 0, scan id 41030 type COMPLETED(1) reason COMPLETED(1) scan found 73 bss
01-06 03:57:16.942     0     0 W [0 T11662 ..] audit: audit_lost=41923 audit_rate_limit=5 audit_backlog_limit=64
01-06 03:57:16.942     0     0 E [0 T11662 ..] audit: rate limit exceeded
01-06 03:58:05.118     0     0 I [7 T1430  ..] [schedu][0xf87e42ad][03: 58:11.019828] wlan: [1430:I:OSIF] scan start scan id 41031
01-06 03:58:06.691     0     0 I [2 T1430  ..] [schedu][0xf896458e][03: 58:12.593429] wlan: [1430:I:OSIF] vdev 0, scan id 41031 type COMPLETED(1) reason COMPLETED(1) scan found 73 bss
01-06 03:58:17.029     0     0 W [1 T11693 ..] audit: audit_lost=42001 audit_rate_limit=5 audit_backlog_limit=64
01-06 03:58:17.029     0     0 E [1 T11693 ..] audit: rate limit exceeded
01-06 03:59:05.122     0     0 I [3 T1430  ..] [schedu][0xfc11da0b][03: 59:11.024018] wlan: [1430:I:OSIF] scan start scan id 41032
01-06 03:59:06.698     0     0 I [3 T1430  ..] [schedu][0xfc29e669][03: 59:12.600048] wlan: [1430:I:OSIF] vdev 0, scan id 41032 type COMPLETED(1) reason COMPLETED(1) scan found 84 bss
01-06 03:59:17.111     0     0 W [0 T11741 ..] audit: audit_lost=42089 audit_rate_limit=5 audit_backlog_limit=64
01-06 03:59:17.111     0     0 E [0 T11741 ..] audit: rate limit exceeded
01-06 04:00:05.115     0     0 I [1 T1430  ..] [schedu][0xffa546b4][04: 00:11.017275] wlan: [1430:I:OSIF] scan start scan id 41033
01-06 04:00:06.706     0     0 I [2 T1430  ..] [schedu][0xffbd8bf2][04: 00:12.607865] wlan: [1430:I:OSIF] vdev 0, scan id 41033 type COMPLETED(1) reason COMPLETED(1) scan found 74 bss
01-06 04:00:17.209     0     0 W [1 T11842 ..] audit: audit_lost=42354 audit_rate_limit=5 audit_backlog_limit=64
01-06 04:00:17.209     0     0 E [1 T11842 ..] audit: rate limit exceeded
01-06 04:01:05.138     0     0 I [3 T1430  ..] [schedu][0x10339268d][04: 01:11.040020] wlan: [1430:I:OSIF] scan start scan id 41034
01-06 04:01:06.716     0     0 I [5 T1430  ..] [schedu][0x1035139e8][04: 01:12.617839] wlan: [1430:I:OSIF] vdev 0, scan id 41034 type COMPLETED(1) reason COMPLETED(1) scan found 77 bss
01-06 04:01:17.328     0     0 W [3 T11869 ..] audit: audit_lost=42561 audit_rate_limit=5 audit_backlog_limit=64
01-06 04:01:17.328     0     0 E [3 T11869 ..] audit: rate limit exceeded
01-06 04:02:05.131     0     0 I [5 T1430  ..] [schedu][0x106cc94b3][04: 02:11.033658] wlan: [1430:I:OSIF] scan start scan id 41035
01-06 04:02:06.721     0     0 I [6 T1430  ..] [schedu][0x106e4d5be][04: 02:12.623174] wlan: [1430:I:OSIF] vdev 0, scan id 41035 type COMPLETED(1) reason COMPLETED(1) scan found 72 bss
01-06 04:02:17.404     0     0 W [1 T11886 ..] audit: audit_lost=42706 audit_rate_limit=5 audit_backlog_limit=64
01-06 04:02:17.404     0     0 E [1 T11886 ..] audit: rate limit exceeded
01-06 04:03:05.126     0     0 I [3 T1430  ..] [schedu][0x10a600818][04: 03:11.028639] wlan: [1430:I:OSIF] scan start scan id 41036
01-06 04:03:06.727     0     0 I [4 T1430  ..] [schedu][0x10a787512][04: 03:12.629402] wlan: [1430:I:OSIF] vdev 0, scan id 41036 type COMPLETED(1) reason COMPLETED(1) scan found 70 bss
01-06 04:03:17.503     0     0 W [0 T11906 ..] audit: audit_lost=42857 audit_rate_limit=5 audit_backlog_limit=64
01-06 04:03:17.503     0     0 E [0 T11906 ..] audit: rate limit exceeded
01-06 04:04:05.126     0     0 I [7 T1430  ..] [schedu][0x10df38d2b][04: 04:11.028146] wlan: [1430:I:OSIF] scan start scan id 41037
01-06 04:04:06.731     0     0 I [1 T1430  ..] [schedu][0x10e0c0a75][04: 04:12.633084] wlan: [1430:I:OSIF] vdev 0, scan id 41037 type COMPLETED(1) reason COMPLETED(1) scan found 65 bss
01-06 04:04:17.597     0     0 W [1 T11934 ..] audit: audit_lost=42945 audit_rate_limit=5 audit_backlog_limit=64
01-06 04:04:17.597     0     0 E [1 T11934 ..] audit: rate limit exceeded
01-06 04:05:05.150     0     0 I [3 T1430  ..] [schedu][0x1118771d4][04: 05:11.052123] wlan: [1430:I:OSIF] scan start scan id 41038
01-06 04:05:06.738     0     0 I [1 T1430  ..] [schedu][0x1119fac22][04: 05:12.639913] wlan: [1430:I:OSIF] vdev 0, scan id 41038 type COMPLETED(1) reason COMPLETED(1) scan found 81 bss
01-06 04:05:17.679     0     0 W [0 T11959 ..] audit: audit_lost=43201 audit_rate_limit=5 audit_backlog_limit=64
01-06 04:05:17.679     0     0 E [0 T11959 ..] audit: rate limit exceeded
01-06 04:06:05.152     0     0 I [3 T1430  ..] [schedu][0x1151afffd][04: 06:11.053956] wlan: [1430:I:OSIF] scan start scan id 41039
01-06 04:06:06.744     0     0 I [3 T1430  ..] [schedu][0x115334c7a][04: 06:12.646401] wlan: [1430:I:OSIF] vdev 0, scan id 41039 type COMPLETED(1) reason COMPLETED(1) scan found 70 bss
01-06 04:06:17.765     0     0 W [0 T11983 ..] audit: audit_lost=43331 audit_rate_limit=5 audit_backlog_limit=64
01-06 04:06:17.765     0     0 E [0 T11983 ..] audit: rate limit exceeded
01-06 04:07:05.154     0     0 I [7 T1430  ..] [schedu][0x118ae9012][04: 07:11.056282] wlan: [1430:I:OSIF] scan start scan id 41040
01-06 04:07:06.751     0     0 I [2 T1430  ..] [schedu][0x118c6ed2b][04: 07:12.652978] wlan: [1430:I:OSIF] vdev 0, scan id 41040 type COMPLETED(1) reason COMPLETED(1) scan found 70 bss
01-06 04:07:17.856     0     0 W [0 T12121 ..] audit: audit_lost=43443 audit_rate_limit=5 audit_backlog_limit=64
01-06 04:07:17.856     0     0 E [0 T12121 ..] audit: rate limit exceeded
01-06 04:08:05.156     0     0 I [1 T1430  ..] [schedu][0x11c421d87][04: 08:11.057934] wlan: [1430:I:OSIF] scan start scan id 41041
01-06 04:08:06.761     0     0 I [7 T1430  ..] [schedu][0x11c5a9ab9][04: 08:12.662849] wlan: [1430:I:OSIF] vdev 0, scan id 41041 type COMPLETED(1) reason COMPLETED(1) scan found 70 bss
01-06 04:08:17.940     0     0 W [0 T12147 ..] audit: audit_lost=43536 audit_rate_limit=5 audit_backlog_limit=64
01-06 04:08:17.940     0     0 E [0 T12147 ..] audit: rate limit exceeded
01-06 04:09:05.164     0     0 I [1 T1430  ..] [schedu][0x11fd5c3cb][04: 09:11.065938] wlan: [1430:I:OSIF] scan start scan id 41042
01-06 04:09:06.767     0     0 I [7 T1430  ..] [schedu][0x11fee3a31][04: 09:12.669112] wlan: [1430:I:OSIF] vdev 0, scan id 41042 type COMPLETED(1) reason COMPLETED(1) scan found 66 bss
01-06 04:09:18.024     0     0 W [0 T12300 ..] audit: audit_lost=43627 audit_rate_limit=5 audit_backlog_limit=64
01-06 04:09:18.024     0     0 E [0 T12300 ..] audit: rate limit exceeded
01-06 04:10:05.176     0     0 I [3 T1430  ..] [schedu][0x123697abc][04: 10:11.078211] wlan: [1430:I:OSIF] scan start scan id 41043
01-06 04:10:06.775     0     0 I [4 T1430  ..] [schedu][0x12381e094][04: 10:12.677148] wlan: [1430:I:OSIF] vdev 0, scan id 41043 type COMPLETED(1) reason COMPLETED(1) scan found 71 bss
01-06 04:10:18.088     0     0 W [3 T12391 ..] audit: audit_lost=43915 audit_rate_limit=5 audit_backlog_limit=64
01-06 04:10:18.088     0     0 E [3 T12391 ..] audit: rate limit exceeded
01-06 04:11:05.174     0     0 I [1 T1430  ..] [schedu][0x126fcf91e][04: 11:11.076005] wlan: [1430:I:OSIF] scan start scan id 41044
01-06 04:11:06.781     0     0 I [6 T1430  ..] [schedu][0x127157eb9][04: 11:12.683072] wlan: [1430:I:OSIF] vdev 0, scan id 41044 type COMPLETED(1) reason COMPLETED(1) scan found 70 bss
01-06 04:11:18.188     0     0 W [1 T12416 ..] audit: audit_lost=44101 audit_rate_limit=5 audit_backlog_limit=64
01-06 04:11:18.188     0     0 E [1 T12416 ..] audit: rate limit exceeded
--------- beginning of system
01-06 04:11:28.714   944  1206 E DisplayDeviceConfig: requesting nits when no mapping exists.
01-06 04:11:28.731   944  1206 E DisplayDeviceConfig: requesting nits when no mapping exists.
01-06 04:11:28.732   944  1206 E DisplayDeviceConfig: requesting nits when no mapping exists.
01-06 04:11:28.748   944  1206 E DisplayDeviceConfig: requesting nits when no mapping exists.
01-06 04:11:28.749   944  1206 E DisplayDeviceConfig: requesting nits when no mapping exists.
01-06 04:11:28.765   944  1206 E DisplayDeviceConfig: requesting nits when no mapping exists.
01-06 04:11:28.766   944  1206 E DisplayDeviceConfig: requesting nits when no mapping exists.
01-06 04:11:28.781   944  1206 E DisplayDeviceConfig: requesting nits when no mapping exists.
01-06 04:11:28.782   944  1206 E DisplayDeviceConfig: requesting nits when no mapping exists.
01-06 04:11:28.798   944  1206 E DisplayDeviceConfig: requesting nits when no mapping exists.
01-06 04:11:28.799   944  1206 E DisplayDeviceConfig: requesting nits when no mapping exists.
01-06 04:11:28.814   944  1206 E DisplayDeviceConfig: requesting nits when no mapping exists.
01-06 04:11:28.815   944  1206 E DisplayDeviceConfig: requesting nits when no mapping exists.
01-06 04:11:28.831   944  1206 E DisplayDeviceConfig: requesting nits when no mapping exists.
01-06 04:11:28.831   944  1206 E DisplayDeviceConfig: requesting nits when no mapping exists.
01-06 04:11:28.848   944  1206 E DisplayDeviceConfig: requesting nits when no mapping exists.
01-06 04:11:28.848   944  1206 E DisplayDeviceConfig: requesting nits when no mapping exists.
01-06 04:11:28.864   944  1206 E DisplayDeviceConfig: requesting nits when no mapping exists.
01-06 04:11:28.865   944  1206 E DisplayDeviceConfig: requesting nits when no mapping exists.
01-06 04:11:28.881   944  1206 E DisplayDeviceConfig: requesting nits when no mapping exists.
01-06 04:11:28.881   944  1206 E DisplayDeviceConfig: requesting nits when no mapping exists.
01-06 04:11:28.898   944  1206 E DisplayDeviceConfig: requesting nits when no mapping exists.
01-06 04:11:28.898   944  1206 E DisplayDeviceConfig: requesting nits when no mapping exists.
01-06 04:11:28.914   944  1206 E DisplayDeviceConfig: requesting nits when no mapping exists.
01-06 04:11:28.915   944  1206 E DisplayDeviceConfig: requesting nits when no mapping exists.
01-06 04:11:28.931   944  1206 E DisplayDeviceConfig: requesting nits when no mapping exists.
01-06 04:11:28.932   944   999 I DisplayPowerController[0]: BrightnessEvent: disp=0, physDisp=local:4633127902230889483, brt=0.05, initBrt=0.05, rcmdBrt=NaN, preBrt=NaN, lux=0.0, preLux=0.0, hbmMax=1.0, hbmMode=off, rbcStrength=0, powerFactor=1.0, thrmMax=1.0, wasShortTermModelActive=false, flags=, reason=manual [ dim ], autoBrightness=false
01-06 04:11:28.932   944  1206 E DisplayDeviceConfig: requesting nits when no mapping exists.
01-06 04:12:05.175     0     0 I [1 T1430  ..] [schedu][0x12a908427][04: 12:11.077038] wlan: [1430:I:OSIF] scan start scan id 41045
01-06 04:12:06.784     0     0 I [3 T1430  ..] [schedu][0x12aa9121f][04: 12:12.686246] wlan: [1430:I:OSIF] vdev 0, scan id 41045 type COMPLETED(1) reason COMPLETED(1) scan found 78 bss
01-06 04:12:12.728   944   944 D HDMI    : [P]:AllocatedAddress=[]
01-06 04:12:18.454     0     0 W [5 T12522 ..] audit: audit_lost=44231 audit_rate_limit=5 audit_backlog_limit=64
01-06 04:12:18.454     0     0 E [5 T12522 ..] audit: rate limit exceeded
01-06 04:13:05.171     0     0 I [1 T1430  ..] [schedu][0x12e23fd15][04: 13:11.073436] wlan: [1430:I:OSIF] scan start scan id 41046
01-06 04:13:06.791     0     0 I [1 T1430  ..] [schedu][0x12e3cb442][04: 13:12.693193] wlan: [1430:I:OSIF] vdev 0, scan id 41046 type COMPLETED(1) reason COMPLETED(1) scan found 58 bss
01-06 04:13:12.733   944   944 D HDMI    : [P]:AllocatedAddress=[]
01-06 04:13:18.527     0     0 W [2 T12556 ..] audit: audit_lost=44391 audit_rate_limit=5 audit_backlog_limit=64
01-06 04:13:18.527     0     0 E [2 T12556 ..] audit: rate limit exceeded
01-06 04:14:05.182     0     0 I [6 T1430  ..] [schedu][0x131b7af80][04: 14:11.084551] wlan: [1430:I:OSIF] scan start scan id 41047
01-06 04:14:06.801     0     0 I [7 T1430  ..] [schedu][0x131d0641a][04: 14:12.703650] wlan: [1430:I:OSIF] vdev 0, scan id 41047 type COMPLETED(1) reason COMPLETED(1) scan found 71 bss
01-06 04:14:12.729   944   944 D HDMI    : [P]:AllocatedAddress=[]
01-06 04:14:18.621     0     0 W [1 T12579 ..] audit: audit_lost=44544 audit_rate_limit=5 audit_backlog_limit=64
01-06 04:14:18.621     0     0 E [1 T12579 ..] audit: rate limit exceeded
01-06 04:14:44.807   944   999 V DisplayPowerController[0]: Brightness [0.39763778] reason changing to: 'manual', previous reason: 'manual [ dim ]'.
01-06 04:14:44.807   944   999 I DisplayPowerController[0]: BrightnessEvent: disp=0, physDisp=local:4633127902230889483, brt=0.39763778, initBrt=0.05, rcmdBrt=NaN, preBrt=NaN, lux=0.0, preLux=0.0, hbmMax=1.0, hbmMode=off, rbcStrength=0, powerFactor=1.0, thrmMax=1.0, wasShortTermModelActive=false, flags=, reason=manual, autoBrightness=false
01-06 04:14:44.809   944  1206 E DisplayDeviceConfig: requesting nits when no mapping exists.
01-06 04:14:44.810   944  1206 E DisplayDeviceConfig: requesting nits when no mapping exists.
01-06 04:14:44.826   944  1206 E DisplayDeviceConfig: requesting nits when no mapping exists.
01-06 04:14:44.827   944  1206 E DisplayDeviceConfig: requesting nits when no mapping exists.
01-06 04:14:44.843   944  1206 E DisplayDeviceConfig: requesting nits when no mapping exists.
01-06 04:14:44.844   944  1206 E DisplayDeviceConfig: requesting nits when no mapping exists.
01-06 04:14:44.859   944  1206 E DisplayDeviceConfig: requesting nits when no mapping exists.
01-06 04:14:44.859   944  1206 E DisplayDeviceConfig: requesting nits when no mapping exists.
01-06 04:14:44.868   944  1206 E DisplayDeviceConfig: requesting nits when no mapping exists.
01-06 04:14:44.869   944  1206 E DisplayDeviceConfig: requesting nits when no mapping exists.
01-06 04:14:44.877   944  1206 E DisplayDeviceConfig: requesting nits when no mapping exists.
01-06 04:14:44.878   944  1206 E DisplayDeviceConfig: requesting nits when no mapping exists.
01-06 04:14:44.893   944  1206 E DisplayDeviceConfig: requesting nits when no mapping exists.
01-06 04:14:44.894   944  1206 E DisplayDeviceConfig: requesting nits when no mapping exists.
01-06 04:14:44.911   944  1206 E DisplayDeviceConfig: requesting nits when no mapping exists.
01-06 04:14:44.911   944  1206 E DisplayDeviceConfig: requesting nits when no mapping exists.
01-06 04:14:44.927   944  1206 E DisplayDeviceConfig: requesting nits when no mapping exists.
01-06 04:14:44.928   944  1206 E DisplayDeviceConfig: requesting nits when no mapping exists.
01-06 04:14:44.944   944  1206 E DisplayDeviceConfig: requesting nits when no mapping exists.
01-06 04:14:44.945   944  1206 E DisplayDeviceConfig: requesting nits when no mapping exists.
01-06 04:14:44.961   944  1206 E DisplayDeviceConfig: requesting nits when no mapping exists.
01-06 04:14:44.962   944  1206 E DisplayDeviceConfig: requesting nits when no mapping exists.
01-06 04:14:44.977   944  1206 E DisplayDeviceConfig: requesting nits when no mapping exists.
01-06 04:14:44.978   944  1206 E DisplayDeviceConfig: requesting nits when no mapping exists.
01-06 04:14:44.993   944  1206 E DisplayDeviceConfig: requesting nits when no mapping exists.
01-06 04:14:44.994   944  1206 E DisplayDeviceConfig: requesting nits when no mapping exists.
01-06 04:14:45.011   944  1206 E DisplayDeviceConfig: requesting nits when no mapping exists.
01-06 04:14:45.012   944  1206 E DisplayDeviceConfig: requesting nits when no mapping exists.
01-06 04:14:45.028   944  1206 E DisplayDeviceConfig: requesting nits when no mapping exists.
01-06 04:14:45.028   944  1206 E DisplayDeviceConfig: requesting nits when no mapping exists.
01-06 04:14:45.044   944  1206 E DisplayDeviceConfig: requesting nits when no mapping exists.
01-06 04:14:45.045   944  1206 E DisplayDeviceConfig: requesting nits when no mapping exists.
01-06 04:14:45.061   944  1206 E DisplayDeviceConfig: requesting nits when no mapping exists.
01-06 04:14:45.062   944  1206 E DisplayDeviceConfig: requesting nits when no mapping exists.
01-06 04:14:45.078   944  1206 E DisplayDeviceConfig: requesting nits when no mapping exists.
01-06 04:14:45.079   944  1206 E DisplayDeviceConfig: requesting nits when no mapping exists.
01-06 04:14:45.094   944  1206 E DisplayDeviceConfig: requesting nits when no mapping exists.
01-06 04:14:45.097   944  1206 E DisplayDeviceConfig: requesting nits when no mapping exists.
01-06 04:14:45.111   944  1206 E DisplayDeviceConfig: requesting nits when no mapping exists.
01-06 04:14:45.111   944  1206 E DisplayDeviceConfig: requesting nits when no mapping exists.
01-06 04:14:45.127   944  1206 E DisplayDeviceConfig: requesting nits when no mapping exists.
01-06 04:14:45.128   944  1206 E DisplayDeviceConfig: requesting nits when no mapping exists.
01-06 04:14:45.144   944  1206 E DisplayDeviceConfig: requesting nits when no mapping exists.
01-06 04:14:45.145   944  1206 E DisplayDeviceConfig: requesting nits when no mapping exists.
01-06 04:14:45.161   944  1206 E DisplayDeviceConfig: requesting nits when no mapping exists.
01-06 04:14:45.162   944  1206 E DisplayDeviceConfig: requesting nits when no mapping exists.
01-06 04:14:45.177   944  1206 E DisplayDeviceConfig: requesting nits when no mapping exists.
01-06 04:14:45.178   944  1206 E DisplayDeviceConfig: requesting nits when no mapping exists.
01-06 04:14:45.194   944  1206 E DisplayDeviceConfig: requesting nits when no mapping exists.
01-06 04:14:45.195   944  1206 E DisplayDeviceConfig: requesting nits when no mapping exists.
01-06 04:14:45.210   944  1206 E DisplayDeviceConfig: requesting nits when no mapping exists.
01-06 04:14:45.211   944  1206 E DisplayDeviceConfig: requesting nits when no mapping exists.
01-06 04:14:45.227   944  1206 E DisplayDeviceConfig: requesting nits when no mapping exists.
01-06 04:14:45.228   944  1206 E DisplayDeviceConfig: requesting nits when no mapping exists.
01-06 04:14:45.244   944  1206 E DisplayDeviceConfig: requesting nits when no mapping exists.
01-06 04:14:45.244   944  1206 E DisplayDeviceConfig: requesting nits when no mapping exists.
01-06 04:14:45.261   944  1206 E DisplayDeviceConfig: requesting nits when no mapping exists.
01-06 04:14:45.263   944  1206 E DisplayDeviceConfig: requesting nits when no mapping exists.
01-06 04:14:45.277   944  1206 E DisplayDeviceConfig: requesting nits when no mapping exists.
01-06 04:14:45.279   944  1206 E DisplayDeviceConfig: requesting nits when no mapping exists.
01-06 04:14:45.294   944  1206 E DisplayDeviceConfig: requesting nits when no mapping exists.
01-06 04:14:45.294   944  1206 E DisplayDeviceConfig: requesting nits when no mapping exists.
01-06 04:14:45.311   944  1206 E DisplayDeviceConfig: requesting nits when no mapping exists.
01-06 04:14:45.311   944  1206 E DisplayDeviceConfig: requesting nits when no mapping exists.
01-06 04:14:45.327   944  1206 E DisplayDeviceConfig: requesting nits when no mapping exists.
01-06 04:14:45.327   944  1206 E DisplayDeviceConfig: requesting nits when no mapping exists.
01-06 04:14:45.345   944  1206 E DisplayDeviceConfig: requesting nits when no mapping exists.
01-06 04:14:45.346   944  1206 E DisplayDeviceConfig: requesting nits when no mapping exists.
01-06 04:14:45.361   944  1206 E DisplayDeviceConfig: requesting nits when no mapping exists.
01-06 04:14:45.361   944  1206 E DisplayDeviceConfig: requesting nits when no mapping exists.
01-06 04:14:45.377   944  1206 E DisplayDeviceConfig: requesting nits when no mapping exists.
01-06 04:14:45.377   944  1206 E DisplayDeviceConfig: requesting nits when no mapping exists.
01-06 04:14:45.395   944  1206 E DisplayDeviceConfig: requesting nits when no mapping exists.
01-06 04:14:45.396   944  1206 E DisplayDeviceConfig: requesting nits when no mapping exists.
01-06 04:14:45.411   944  1206 E DisplayDeviceConfig: requesting nits when no mapping exists.
01-06 04:14:45.412   944  1206 E DisplayDeviceConfig: requesting nits when no mapping exists.
01-06 04:14:45.428   944  1206 E DisplayDeviceConfig: requesting nits when no mapping exists.
01-06 04:14:45.429   944  1206 E DisplayDeviceConfig: requesting nits when no mapping exists.
01-06 04:14:45.443   944  1206 E DisplayDeviceConfig: requesting nits when no mapping exists.
01-06 04:14:45.444   944   999 I DisplayPowerController[0]: BrightnessEvent: disp=0, physDisp=local:4633127902230889483, brt=0.39763778, initBrt=0.39763778, rcmdBrt=NaN, preBrt=NaN, lux=0.0, preLux=0.0, hbmMax=1.0, hbmMode=off, rbcStrength=0, powerFactor=1.0, thrmMax=1.0, wasShortTermModelActive=false, flags=, reason=manual, autoBrightness=false
01-06 04:14:45.444   944  1206 E DisplayDeviceConfig: requesting nits when no mapping exists.
01-06 04:14:48.883   944  1282 I ActivityTaskManager: START u0 {act=android.intent.action.VIEW dat=https://api.ws.sonos.com/... pkg=com.sonos.tv.launcher cmp=com.sonos.tv.launcher/com.sonos.tv.contentguidelauncher.MainActivity (has extras)} from uid 10058
01-06 04:14:48.961   944   970 W ProcessStats: Tracking association SourceState{8d88922 system/1000 BTopFgs #2400} whose proc state 2 is better than process ProcessState{a2bd69d com.sonos.connectivity/10082 pkg=com.sonos.connectivity} proc state 3 (1 skipped)
01-06 04:15:05.194     0     0 I [1 T1430  ..] [schedu][0x1354b652c][04: 15:11.096499] wlan: [1430:I:OSIF] scan start scan id 41048
01-06 04:15:06.807     0     0 I [6 T1430  ..] [schedu][0x135640057][04: 15:12.709087] wlan: [1430:I:OSIF] vdev 0, scan id 41048 type COMPLETED(1) reason COMPLETED(1) scan found 69 bss
01-06 04:15:12.733   944   944 D HDMI    : [P]:AllocatedAddress=[]
01-06 04:15:18.703     0     0 W [2 T12638 ..] audit: audit_lost=44782 audit_rate_limit=5 audit_backlog_limit=64
01-06 04:15:18.703     0     0 E [2 T12638 ..] audit: rate limit exceeded
01-06 04:16:05.193     0     0 I [1 T1430  ..] [schedu][0x138dee885][04: 16:11.095564] wlan: [1430:I:OSIF] scan start scan id 41049
01-06 04:16:06.811     0     0 I [1 T1430  ..] [schedu][0x138f7965e][04: 16:12.712933] wlan: [1430:I:OSIF] vdev 0, scan id 41049 type COMPLETED(1) reason COMPLETED(1) scan found 61 bss
01-06 04:16:12.729   944   944 D HDMI    : [P]:AllocatedAddress=[]
01-06 04:16:18.800     0     0 W [2 T12657 ..] audit: audit_lost=45089 audit_rate_limit=5 audit_backlog_limit=64
01-06 04:16:18.800     0     0 E [2 T12657 ..] audit: rate limit exceeded
01-06 04:17:05.197     0     0 I [3 T1430  ..] [schedu][0x13c727daf][04: 17:11.099189] wlan: [1430:I:OSIF] scan start scan id 41050
01-06 04:17:06.823     0     0 I [4 T1430  ..] [schedu][0x13c8b4cee][04: 17:12.725109] wlan: [1430:I:OSIF] vdev 0, scan id 41050 type COMPLETED(1) reason COMPLETED(1) scan found 74 bss
01-06 04:17:12.733   944   944 D HDMI    : [P]:AllocatedAddress=[]
01-06 04:17:18.883     0     0 W [3 T12682 ..] audit: audit_lost=45231 audit_rate_limit=5 audit_backlog_limit=64
01-06 04:17:18.883     0     0 E [3 T12682 ..] audit: rate limit exceeded
01-06 04:18:05.199     0     0 I [1 T1430  ..] [schedu][0x140060be8][04: 18:11.101039] wlan: [1430:I:OSIF] scan start scan id 41051
01-06 04:18:06.824     0     0 I [1 T1430  ..] [schedu][0x1401ed7ec][04: 18:12.726131] wlan: [1430:I:OSIF] vdev 0, scan id 41051 type COMPLETED(1) reason COMPLETED(1) scan found 69 bss
01-06 04:18:12.733   944   944 D HDMI    : [P]:AllocatedAddress=[]
01-06 04:18:18.962     0     0 W [0 T12700 ..] audit: audit_lost=45334 audit_rate_limit=5 audit_backlog_limit=64
01-06 04:18:18.962     0     0 E [0 T12700 ..] audit: rate limit exceeded
01-06 04:18:36.173     0     0 E [7 T528   ..] [wifi@1][0x141deacaa][04: 18:42.075185] wlan: [528:E:OSIF] wlan_hdd_set_station_stats_request_pending: peer is null
01-06 04:18:42.081   944   983 W BatteryExternalStatsWorker: error reading modem stats:ERROR_PHONE_NOT_AVAILABLE
01-06 04:19:05.201     0     0 I [3 T1430  ..] [schedu][0x143999a72][04: 19:11.102969] wlan: [1430:I:OSIF] scan start scan id 41052
01-06 04:19:06.830     0     0 I [3 T1430  ..] [schedu][0x143b2751f][04: 19:12.731814] wlan: [1430:I:OSIF] vdev 0, scan id 41052 type COMPLETED(1) reason COMPLETED(1) scan found 77 bss
01-06 04:19:12.753   944   944 D HDMI    : [P]:AllocatedAddress=[]
01-06 04:19:19.046     0     0 W [0 T12761 ..] audit: audit_lost=45389 audit_rate_limit=5 audit_backlog_limit=64
01-06 04:19:19.046     0     0 E [0 T12761 ..] audit: rate limit exceeded
01-06 04:19:32.394   944  1099 W ProcessStats: Tracking association SourceState{3ece10a com.brdgwtr.publisherservice/10044 BTopFgs #2413} whose proc state 2 is better than process ProcessState{d13fea com.brdgwtr.dms/10050 pkg=com.brdgwtr.dms} proc state 3 (0 skipped)
01-06 04:20:05.210     0     0 I [6 T1430  ..] [schedu][0x1472d4436][04: 20:11.111870] wlan: [1430:I:OSIF] scan start scan id 41053
01-06 04:20:12.741   944   944 D HDMI    : [P]:AllocatedAddress=[]
01-06 04:20:06.841     0     0 I [6 T1430  ..] [schedu][0x147462986][04: 20:12.743438] wlan: [1430:I:OSIF] vdev 0, scan id 41053 type COMPLETED(1) reason COMPLETED(1) scan found 78 bss
01-06 04:20:19.153     0     0 W [2 T12839 ..] audit: audit_lost=45732 audit_rate_limit=5 audit_backlog_limit=64
01-06 04:20:19.153     0     0 E [2 T12839 ..] audit: rate limit exceeded
01-06 04:20:26.531     0     0 I [0 T322   ..] logd: logdr: UID=2000 GID=2000 PID=12907 b tail=0 logMask=99 pid=0 start=0ns deadline=0ns
01-06 04:20:35.104   944  1602 W ProcessStats: Tracking association SourceState{58fbe86 system/1000 BTopFgs #2434} whose proc state 2 is better than process ProcessState{a2bd69d com.sonos.connectivity/10082 pkg=com.sonos.connectivity} proc state 3 (27 skipped)
01-06 04:20:29.204     0     0 E [4 T528   ..] [wifi@1][0x1489b63de][04: 20:35.106149] wlan: [528:E:OSIF] wlan_hdd_set_station_stats_request_pending: peer is null
01-06 04:20:35.112   944  1602 I ActivityManager: Force stopping io.appium.uiautomator2.server appid=10103 user=0: finished inst
01-06 04:20:35.113   944   983 W BatteryExternalStatsWorker: error reading modem stats:ERROR_PHONE_NOT_AVAILABLE
01-06 04:20:35.113   944  1602 I ActivityManager: Killing 10657:io.appium.uiautomator2.server/u0a103 (adj 0): stop io.appium.uiautomator2.server due to finished inst
01-06 04:20:35.120   944   983 E KernelCpuUidUserSysTimeReader: Negative user/sys time delta for UID=10103
01-06 04:20:35.120   944   983 E KernelCpuUidUserSysTimeReader: Prev times: u=26845853 s=5748778 Curr times: u=26696173 s=5617784
01-06 04:20:29.236     0     0 I [6 T1602  ..] binder_alloc: 10657: binder_alloc_buf, no vma
01-06 04:20:29.236     0     0 I [6 T1602  ..] binder: 944:1602 transaction failed 29189/-3, size 4-0 line 3101
01-06 04:20:29.236     0     0 I [6 T1602  ..] binder: send failed reply for transaction 471720 to 10657:10678
01-06 04:20:29.237     0     0 I [2 T69    ..] binder: undelivered TRANSACTION_COMPLETE
01-06 04:20:29.237     0     0 I [2 T69    ..] binder: undelivered TRANSACTION_ERROR: 29189
01-06 04:20:35.139   944  3679 V ActivityManager: Got obituary of 10657:io.appium.uiautomator2.server
01-06 04:20:29.301     0     0 W [0 T12950 ..] audit: audit_lost=45967 audit_rate_limit=5 audit_backlog_limit=64
01-06 04:20:29.301     0     0 E [0 T12950 ..] audit: rate limit exceeded
01-06 04:20:35.826   944  1598 I ActivityManager: Force stopping io.appium.uiautomator2.server.test appid=10104 user=0: from pid 12957
01-06 04:20:36.352   944  1598 I ActivityManager: Force stopping io.appium.uiautomator2.server appid=10103 user=0: start instr
01-06 04:20:36.355   944  1598 D CompatibilityChangeReporter: Compat change id reported: 135634846; UID 10103; state: DISABLED
01-06 04:20:36.355   944  1598 D CompatibilityChangeReporter: Compat change id reported: 177438394; UID 10103; state: DISABLED
01-06 04:20:36.355   944  1598 D CompatibilityChangeReporter: Compat change id reported: 135772972; UID 10103; state: DISABLED
01-06 04:20:36.355   944  1598 D CompatibilityChangeReporter: Compat change id reported: 135754954; UID 10103; state: ENABLED
01-06 04:20:36.356   944   977 D CompatibilityChangeReporter: Compat change id reported: 143937733; UID 10103; state: ENABLED
01-06 04:20:36.371   944   977 I ActivityManager: Start proc 12975:io.appium.uiautomator2.server/u0a103 for added application io.appium.uiautomator2.server
01-06 04:20:36.480   944  1598 D CompatibilityChangeReporter: Compat change id reported: 168419799; UID 10103; state: DISABLED
01-06 04:20:30.583     0     0 W [6 T12990 ..] audit: audit_lost=46409 audit_rate_limit=5 audit_backlog_limit=64
01-06 04:20:30.583     0     0 E [6 T12990 ..] audit: rate limit exceeded
01-06 04:20:36.912   944   960 D CompatibilityChangeReporter: Compat change id reported: 161145287; UID 10103; state: DISABLED
01-06 04:20:40.304   944   968 D HdmiControlService: Process pid: 944 is calling oneTouchPlay.
01-06 04:20:40.305   944   944 D HDMI    : oneTouchPlay com.android.server.hdmi.OneTouchPlayAction@1174bb6
01-06 04:20:40.305   944   944 D HDMI    : setActiveSource logical:0x03 physical:0x2000 OneTouchPlayAction#broadcastActiveSource()
01-06 04:20:40.306   944   967 D AutofillManagerService: Close system dialogs
01-06 04:20:40.309   944   968 I ActivityTaskManager: START u0 {act=android.intent.action.MAIN cat=[android.intent.category.HOME] flg=0x10000100 cmp=com.sonos.tv.launcher/com.sonos.tv.contentguidelauncher.MainActivity (has extras)} from uid 0
01-06 04:20:40.530   944   944 D HDMI    : ActiveSourceHistoryRecord active source=(0x03, 0x2000) isActiveSource=true from=OneTouchPlayAction#broadcastActiveSource()
01-06 04:20:40.530   944   944 D HdmiCecActiveness: setState active mState:active
01-06 04:20:40.530   944   944 D HDMI    : setActiveSource logical:0x03 physical:0x2000 ActiveSourceAction
01-06 04:20:40.647   944  1197 E HDMI    : [6]:Failed to send <Text View On> 30:0D with errorCode=1
01-06 04:20:40.648   944   944 D HDMI    : ActiveSourceHistoryRecord active source=(0x03, 0x2000) isActiveSource=true from=ActiveSourceAction
01-06 04:20:40.648   944   944 D HdmiCecActiveness: setState active mState:active
01-06 04:20:40.648   944   944 D HDMI    : setLocalActivePort port:0 current:0
01-06 04:20:40.669   944   944 W Looper  : Slow dispatch took 364ms main h=android.os.Handler c=com.android.server.hdmi.WorkSourceUidPreservingRunnable@f21a024 m=0
01-06 04:20:40.669   944   944 W Looper  : Slow delivery took 363ms main h=android.app.ActivityThread$H c=android.app.LoadedApk$ReceiverDispatcher$Args$$ExternalSyntheticLambda0@ff4578d m=0
01-06 04:20:40.673   944   944 I HdmiControlService: checkAndUpdateAbsoluteVolumeControlState() AudioDeviceAttributes: role:output type:hdmi addr: name: profiles:[] descriptors:[]Not in AVC_AUDIO_OUTPUT_DEVICES
01-06 04:20:40.678   944   944 I HdmiControlService: checkAndUpdateAbsoluteVolumeControlState() AudioDeviceAttributes: role:output type:hdmi addr: name: profiles:[] descriptors:[]Not in AVC_AUDIO_OUTPUT_DEVICES
01-06 04:20:40.678   944   944 W Looper  : Drained
01-06 04:20:40.778   944  1197 D HDMI    : [S]:<Active Source> 3F:82:20:00
01-06 04:20:41.117   944  1197 E HDMI    : [1]:Failed to send <Menu Status> 30:8E:00 with errorCode=1
01-06 04:20:41.453   944  1197 E HDMI    : [6]:Failed to send <Give Device Power Status> 30:8F with errorCode=1
01-06 04:20:42.671   944   944 D HDMI    : one touch play retry:1
01-06 04:20:44.670   944   944 D HDMI    : one touch play retry:2
01-06 04:20:46.671   944   944 D HDMI    : one touch play retry:3
01-06 04:20:48.673   944   944 D HDMI    : one touch play retry:4
01-06 04:20:50.673   944   944 D HDMI    : one touch play retry:5
01-06 04:20:52.285   944   976 W ProcessStats: Tracking association SourceState{8d88922 system/1000 BTopFgs #2461} whose proc state 2 is better than process ProcessState{a2bd69d com.sonos.connectivity/10082 pkg=com.sonos.connectivity} proc state 3 (27 skipped)
01-06 04:20:47.414     0     0 I [0 T322   ..] logd: logdr: UID=2000 GID=2000 PID=13110 n tail=0 logMask=99 pid=0 start=0ns deadline=0ns
01-06 04:20:54.223   944  1282 I ActivityManager: Force stopping io.appium.uiautomator2.server appid=10103 user=0: finished inst
01-06 04:20:54.224   944  1282 I ActivityManager: Killing 12975:io.appium.uiautomator2.server/u0a103 (adj 0): stop io.appium.uiautomator2.server due to finished inst
01-06 04:20:54.253   944  3679 V ActivityManager: Got obituary of 12975:io.appium.uiautomator2.server
01-06 04:20:48.351     0     0 I [3 T66    ..] binder: undelivered TRANSACTION_COMPLETE
01-06 04:20:48.351     0     0 I [3 T66    ..] binder: undelivered transaction 481489, process died.
01-06 04:20:48.398     0     0 W [3 T13147 ..] audit: audit_lost=46896 audit_rate_limit=5 audit_backlog_limit=64
01-06 04:20:48.398     0     0 E [3 T13147 ..] audit: rate limit exceeded
01-06 04:21:05.222     0     0 I [5 T1430  ..] [schedu][0x14ac0fcbc][04: 21:11.124547] wlan: [1430:I:OSIF] scan start scan id 41054
01-06 04:21:06.844     0     0 I [3 T1430  ..] [schedu][0x14ad9ba12][04: 21:12.745881] wlan: [1430:I:OSIF] vdev 0, scan id 41054 type COMPLETED(1) reason COMPLETED(1) scan found 68 bss
01-06 04:21:12.753   944   944 D HDMI    : [P]:AllocatedAddress=[]
01-06 04:21:18.690   944  1282 I ActivityManager: Background started FGS: Allowed [callingPackage: com.brdgwtr.metrics.service; callingUid: 10043; uidState: BTOP; intent: Intent { act=ACTION_START_FOREGROUND cmp=com.brdgwtr.metrics.service/androidx.work.impl.foreground.SystemForegroundService (has extras) }; code:PROC_STATE_BTOP; tempAllowListReason:<null>; targetSdkVersion:30; callerTargetSdkVersion:30; startForegroundCount:0; bindFromPackage:null]
01-06 04:21:18.693   944  1282 W ProcessStats: Tracking association SourceState{58fbe86 system/1000 BTopFgs #2478} whose proc state 2 is better than process ProcessState{a2bd69d com.sonos.connectivity/10082 pkg=com.sonos.connectivity} proc state 3 (13 skipped)
01-06 04:21:18.697   944  1282 W ActivityManager: Foreground service started from background can not have location/camera/microphone access: service com.brdgwtr.metrics.service/androidx.work.impl.foreground.SystemForegroundService
01-06 04:21:18.699   944   976 I ActivityManager: Deferring FGS notification in legacy app com.brdgwtr.metrics.service/u0a43 : Notification(channel=EventLogSyncWorker shortcut=null contentView=null vibrate=null sound=null defaults=0x0 flags=0x42 color=0x00000000 vis=PRIVATE)
01-06 04:21:29.217     0     0 E [3 T528   ..] [wifi@1][0x14c2f1cfb][04: 21:35.118978] wlan: [528:E:OSIF] wlan_hdd_set_station_stats_request_pending: peer is null
01-06 04:21:45.449     0     0 I [1 T322   ..] logd: logdr: UID=2000 GID=2000 PID=13228 b tail=0 logMask=99 pid=0 start=0ns deadline=0ns
01-06 04:21:53.350   944  3679 I ActivityManager: Force stopping io.appium.uiautomator2.server.test appid=10104 user=0: from pid 13255
01-06 04:21:53.351   944  3679 W ProcessStats: Tracking association SourceState{58fbe86 system/1000 BTopFgs #2486} whose proc state 2 is better than process ProcessState{a2bd69d com.sonos.connectivity/10082 pkg=com.sonos.connectivity} proc state 3 (5 skipped)
01-06 04:21:53.849   944  3679 I ActivityManager: Force stopping io.appium.uiautomator2.server appid=10103 user=0: start instr
01-06 04:21:53.852   944  3679 D CompatibilityChangeReporter: Compat change id reported: 135634846; UID 10103; state: DISABLED
01-06 04:21:53.852   944  3679 D CompatibilityChangeReporter: Compat change id reported: 177438394; UID 10103; state: DISABLED
01-06 04:21:53.852   944  3679 D CompatibilityChangeReporter: Compat change id reported: 135772972; UID 10103; state: DISABLED
01-06 04:21:53.853   944  3679 D CompatibilityChangeReporter: Compat change id reported: 135754954; UID 10103; state: ENABLED
01-06 04:21:53.853   944   977 D CompatibilityChangeReporter: Compat change id reported: 143937733; UID 10103; state: ENABLED
01-06 04:21:53.868   944   977 I ActivityManager: Start proc 13273:io.appium.uiautomator2.server/u0a103 for added application io.appium.uiautomator2.server
01-06 04:21:48.075     0     0 W [5 T13288 ..] audit: audit_lost=47437 audit_rate_limit=5 audit_backlog_limit=64
01-06 04:21:48.075     0     0 E [5 T13288 ..] audit: rate limit exceeded
01-06 04:21:57.814   944   968 D HdmiControlService: Process pid: 944 is calling oneTouchPlay.
01-06 04:21:57.814   944   944 D HDMI    : oneTouchPlay com.android.server.hdmi.OneTouchPlayAction@4059126
01-06 04:21:57.815   944   944 D HDMI    : setActiveSource logical:0x03 physical:0x2000 OneTouchPlayAction#broadcastActiveSource()
01-06 04:21:57.816   944   967 D AutofillManagerService: Close system dialogs
01-06 04:21:57.817   944   968 I ActivityTaskManager: START u0 {act=android.intent.action.MAIN cat=[android.intent.category.HOME] flg=0x10000100 cmp=com.sonos.tv.launcher/com.sonos.tv.contentguidelauncher.MainActivity (has extras)} from uid 0
01-06 04:21:57.934   944   944 D HDMI    : ActiveSourceHistoryRecord active source=(0x03, 0x2000) isActiveSource=true from=OneTouchPlayAction#broadcastActiveSource()
01-06 04:21:57.934   944   944 D HdmiCecActiveness: setState active mState:active
01-06 04:21:57.934   944   944 D HDMI    : setActiveSource logical:0x03 physical:0x2000 ActiveSourceAction
01-06 04:21:58.165   944  1197 E HDMI    : [6]:Failed to send <Text View On> 30:0D with errorCode=1
01-06 04:21:58.165   944   944 D HDMI    : ActiveSourceHistoryRecord active source=(0x03, 0x2000) isActiveSource=true from=ActiveSourceAction
01-06 04:21:58.165   944   944 D HdmiCecActiveness: setState active mState:active
01-06 04:21:58.165   944   944 D HDMI    : setLocalActivePort port:0 current:0
01-06 04:21:58.178   944   944 W Looper  : Slow dispatch took 363ms main h=android.os.Handler c=com.android.server.hdmi.WorkSourceUidPreservingRunnable@9817b14 m=0
01-06 04:21:58.179   944   944 W Looper  : Slow delivery took 363ms main h=com.android.server.power.Notifier$NotifierHandler c=null m=1
01-06 04:21:58.179   944   944 I HdmiControlService: checkAndUpdateAbsoluteVolumeControlState() AudioDeviceAttributes: role:output type:hdmi addr: name: profiles:[] descriptors:[]Not in AVC_AUDIO_OUTPUT_DEVICES
01-06 04:21:58.189   944   944 I HdmiControlService: checkAndUpdateAbsoluteVolumeControlState() AudioDeviceAttributes: role:output type:hdmi addr: name: profiles:[] descriptors:[]Not in AVC_AUDIO_OUTPUT_DEVICES
01-06 04:21:58.189   944   944 W Looper  : Drained
01-06 04:21:58.294   944  1197 D HDMI    : [S]:<Active Source> 3F:82:20:00
01-06 04:21:58.633   944  1197 E HDMI    : [1]:Failed to send <Menu Status> 30:8E:00 with errorCode=1
01-06 04:21:58.977   944  1197 E HDMI    : [6]:Failed to send <Give Device Power Status> 30:8F with errorCode=1
01-06 04:22:00.178   944   944 D HDMI    : one touch play retry:1
01-06 04:22:02.177   944   944 D HDMI    : one touch play retry:2
01-06 04:22:04.178   944   944 D HDMI    : one touch play retry:3
01-06 04:22:06.179   944   944 D HDMI    : one touch play retry:4
01-06 04:22:08.181   944   944 D HDMI    : one touch play retry:5
