01-06 02:49:00.194   944   944 V SystemServerTiming: OnBootPhase_520_com.android.server.soundtrigger_middleware.SoundTriggerMiddlewareService$Lifecycle took to complete: 0ms
01-06 02:49:00.194   944   944 D SystemServerTiming: OnBootPhase_520_com.android.server.DockObserver
01-06 02:49:00.194   944   944 V SystemServerTiming: OnBootPhase_520_com.android.server.DockObserver took to complete: 0ms
01-06 02:49:00.194   944   944 D SystemServerTiming: OnBootPhase_520_com.android.server.adb.AdbService$Lifecycle
01-06 02:49:00.194   944   944 V SystemServerTiming: OnBootPhase_520_com.android.server.adb.AdbService$Lifecycle took to complete: 0ms
01-06 02:49:00.194   944   944 D SystemServerTiming: OnBootPhase_520_com.android.server.usb.UsbService$Lifecycle
01-06 02:49:00.194   944   944 V SystemServerTiming: OnBootPhase_520_com.android.server.usb.UsbService$Lifecycle took to complete: 0ms
01-06 02:49:00.194   944   944 D SystemServerTiming: OnBootPhase_520_com.android.server.twilight.TwilightService
01-06 02:49:00.194   944   944 V SystemServerTiming: OnBootPhase_520_com.android.server.twilight.TwilightService took to complete: 0ms
01-06 02:49:00.194   944   944 D SystemServerTiming: OnBootPhase_520_com.android.server.display.color.ColorDisplayService
01-06 02:49:00.194   944   944 V SystemServerTiming: OnBootPhase_520_com.android.server.display.color.ColorDisplayService took to complete: 0ms
01-06 02:49:00.194   944   944 D SystemServerTiming: OnBootPhase_520_com.android.server.job.JobSchedulerService
01-06 02:49:00.194   944   944 V SystemServerTiming: OnBootPhase_520_com.android.server.job.JobSchedulerService took to complete: 0ms
01-06 02:49:00.194   944   944 D SystemServerTiming: OnBootPhase_520_com.android.server.soundtrigger.SoundTriggerService
01-06 02:49:00.194   944   944 D SoundTriggerService: onBootPhase: 520 : false
01-06 02:49:00.195   944   944 V SystemServerTiming: OnBootPhase_520_com.android.server.soundtrigger.SoundTriggerService took to complete: 0ms
01-06 02:49:00.195   944   944 D SystemServerTiming: OnBootPhase_520_com.android.server.trust.TrustManagerService
01-06 02:49:00.195   944   944 V SystemServerTiming: OnBootPhase_520_com.android.server.trust.TrustManagerService took to complete: 0ms
01-06 02:49:00.195   944   944 D SystemServerTiming: OnBootPhase_520_com.android.server.backup.BackupManagerService$Lifecycle
01-06 02:49:00.195   944   944 V SystemServerTiming: OnBootPhase_520_com.android.server.backup.BackupManagerService$Lifecycle took to complete: 0ms
01-06 02:49:00.195   944   944 D SystemServerTiming: OnBootPhase_520_com.android.server.appwidget.AppWidgetService
01-06 02:49:00.195   944   944 V SystemServerTiming: OnBootPhase_520_com.android.server.appwidget.AppWidgetService took to complete: 0ms
01-06 02:49:00.195   944   944 D SystemServerTiming: OnBootPhase_520_com.android.server.voiceinteraction.VoiceInteractionManagerService
01-06 02:49:00.195   944   944 V SystemServerTiming: OnBootPhase_520_com.android.server.voiceinteraction.VoiceInteractionManagerService took to complete: 0ms
01-06 02:49:00.195   944   944 D SystemServerTiming: OnBootPhase_520_com.android.server.apphibernation.AppHibernationService
01-06 02:49:00.195   944   944 V SystemServerTiming: OnBootPhase_520_com.android.server.apphibernation.AppHibernationService took to complete: 0ms
01-06 02:49:00.195   944   944 D SystemServerTiming: OnBootPhase_520_com.android.server.GestureLauncherService
01-06 02:49:00.195   944   944 V SystemServerTiming: OnBootPhase_520_com.android.server.GestureLauncherService took to complete: 0ms
01-06 02:49:00.195   944   944 D SystemServerTiming: OnBootPhase_520_com.android.server.SensorNotificationService
01-06 02:49:00.195   944   944 V SystemServerTiming: OnBootPhase_520_com.android.server.SensorNotificationService took to complete: 0ms
01-06 02:49:00.195   944   944 D SystemServerTiming: OnBootPhase_520_com.android.server.emergency.EmergencyAffordanceService
01-06 02:49:00.195   944   944 V SystemServerTiming: OnBootPhase_520_com.android.server.emergency.EmergencyAffordanceService took to complete: 0ms
01-06 02:49:00.195   944   944 D SystemServerTiming: OnBootPhase_520_com.android.server.blob.BlobStoreManagerService
01-06 02:49:00.195   944   944 V SystemServerTiming: OnBootPhase_520_com.android.server.blob.BlobStoreManagerService took to complete: 0ms
01-06 02:49:00.195   944   944 D SystemServerTiming: OnBootPhase_520_com.android.server.dreams.DreamManagerService
01-06 02:49:00.195   944   944 V SystemServerTiming: OnBootPhase_520_com.android.server.dreams.DreamManagerService took to complete: 0ms
01-06 02:49:00.195   944   944 D SystemServerTiming: OnBootPhase_520_com.android.server.security.AttestationVerificationManagerService
01-06 02:49:00.195   944   944 V SystemServerTiming: OnBootPhase_520_com.android.server.security.AttestationVerificationManagerService took to complete: 0ms
01-06 02:49:00.195   944   944 D SystemServerTiming: OnBootPhase_520_com.android.server.restrictions.RestrictionsManagerService
01-06 02:49:00.195   944   944 V SystemServerTiming: OnBootPhase_520_com.android.server.restrictions.RestrictionsManagerService took to complete: 0ms
01-06 02:49:00.195   944   944 D SystemServerTiming: OnBootPhase_520_com.android.server.media.MediaSessionService
01-06 02:49:00.195   944   944 V SystemServerTiming: OnBootPhase_520_com.android.server.media.MediaSessionService took to complete: 0ms
01-06 02:49:00.195   944   944 D SystemServerTiming: OnBootPhase_520_com.android.server.hdmi.HdmiControlService
01-06 02:49:00.195   944   944 V SystemServerTiming: OnBootPhase_520_com.android.server.hdmi.HdmiControlService took to complete: 0ms
01-06 02:49:00.196   944   944 D SystemServerTiming: OnBootPhase_520_com.android.server.tv.interactive.TvInteractiveAppManagerService
01-06 02:49:00.196   944   944 V SystemServerTiming: OnBootPhase_520_com.android.server.tv.interactive.TvInteractiveAppManagerService took to complete: 0ms
01-06 02:49:00.196   944   944 D SystemServerTiming: OnBootPhase_520_com.android.server.tv.TvInputManagerService
01-06 02:49:00.196   944   944 V SystemServerTiming: OnBootPhase_520_com.android.server.tv.TvInputManagerService took to complete: 0ms
01-06 02:49:00.196   944   944 D SystemServerTiming: OnBootPhase_520_com.android.server.tv.TvRemoteService
01-06 02:49:00.196   944   944 V SystemServerTiming: OnBootPhase_520_com.android.server.tv.TvRemoteService took to complete: 0ms
01-06 02:49:00.196   944   944 D SystemServerTiming: OnBootPhase_520_com.android.server.biometrics.BiometricService
01-06 02:49:00.196   944   944 V SystemServerTiming: OnBootPhase_520_com.android.server.biometrics.BiometricService took to complete: 0ms
01-06 02:49:00.196   944   944 D SystemServerTiming: OnBootPhase_520_com.android.server.biometrics.AuthService
01-06 02:49:00.196   944   944 V SystemServerTiming: OnBootPhase_520_com.android.server.biometrics.AuthService took to complete: 0ms
01-06 02:49:00.196   944   944 D SystemServerTiming: OnBootPhase_520_com.android.server.pm.ShortcutService$Lifecycle
01-06 02:49:00.196   944   944 V SystemServerTiming: OnBootPhase_520_com.android.server.pm.ShortcutService$Lifecycle took to complete: 0ms
01-06 02:49:00.196   944   944 D SystemServerTiming: OnBootPhase_520_com.android.server.pm.LauncherAppsService
01-06 02:49:00.196   944   944 V SystemServerTiming: OnBootPhase_520_com.android.server.pm.LauncherAppsService took to complete: 0ms
01-06 02:49:00.196   944   944 D SystemServerTiming: OnBootPhase_520_com.android.server.pm.CrossProfileAppsService
01-06 02:49:00.196   944   944 V SystemServerTiming: OnBootPhase_520_com.android.server.pm.CrossProfileAppsService took to complete: 0ms
01-06 02:49:00.196   944   944 D SystemServerTiming: OnBootPhase_520_com.android.server.people.PeopleService
01-06 02:49:00.196   944   944 V SystemServerTiming: OnBootPhase_520_com.android.server.people.PeopleService took to complete: 0ms
01-06 02:49:00.196   944   944 D SystemServerTiming: OnBootPhase_520_com.android.server.media.metrics.MediaMetricsManagerService
01-06 02:49:00.196   944   944 V SystemServerTiming: OnBootPhase_520_com.android.server.media.metrics.MediaMetricsManagerService took to complete: 0ms
01-06 02:49:00.196   944   944 D SystemServerTiming: OnBootPhase_520_com.android.server.media.projection.MediaProjectionManagerService
01-06 02:49:00.196   944   944 V SystemServerTiming: OnBootPhase_520_com.android.server.media.projection.MediaProjectionManagerService took to complete: 0ms
01-06 02:49:00.196   944   944 D SystemServerTiming: OnBootPhase_520_com.android.server.slice.SliceManagerService$Lifecycle
01-06 02:49:00.196   944   944 V SystemServerTiming: OnBootPhase_520_com.android.server.slice.SliceManagerService$Lifecycle took to complete: 0ms
01-06 02:49:00.196   944   944 D SystemServerTiming: OnBootPhase_520_com.android.server.stats.StatsCompanion$Lifecycle
01-06 02:49:00.196   944   944 V SystemServerTiming: OnBootPhase_520_com.android.server.stats.StatsCompanion$Lifecycle took to complete: 0ms
01-06 02:49:00.196   944   944 D SystemServerTiming: OnBootPhase_520_com.android.server.scheduling.RebootReadinessManagerService$Lifecycle
01-06 02:49:00.196   944   944 V SystemServerTiming: OnBootPhase_520_com.android.server.scheduling.RebootReadinessManagerService$Lifecycle took to complete: 0ms
01-06 02:49:00.196   944   944 D SystemServerTiming: OnBootPhase_520_com.android.server.stats.pull.StatsPullAtomService
01-06 02:49:00.196   944   944 V SystemServerTiming: OnBootPhase_520_com.android.server.stats.pull.StatsPullAtomService took to complete: 0ms
01-06 02:49:00.197   944   944 D SystemServerTiming: OnBootPhase_520_com.android.server.stats.bootstrap.StatsBootstrapAtomService$Lifecycle
01-06 02:49:00.197   944   944 V SystemServerTiming: OnBootPhase_520_com.android.server.stats.bootstrap.StatsBootstrapAtomService$Lifecycle took to complete: 0ms
01-06 02:49:00.197   944   944 D SystemServerTiming: OnBootPhase_520_com.android.server.incident.IncidentCompanionService
01-06 02:49:00.197   944   944 V SystemServerTiming: OnBootPhase_520_com.android.server.incident.IncidentCompanionService took to complete: 0ms
01-06 02:49:00.197   944   944 D SystemServerTiming: OnBootPhase_520_com.android.server.sdksandbox.SdkSandboxManagerService$Lifecycle
01-06 02:49:00.197   944   944 V SystemServerTiming: OnBootPhase_520_com.android.server.sdksandbox.SdkSandboxManagerService$Lifecycle took to complete: 0ms
01-06 02:49:00.197   944   944 D SystemServerTiming: OnBootPhase_520_com.android.server.adservices.AdServicesManagerService$Lifecycle
01-06 02:49:00.197   944   944 V SystemServerTiming: OnBootPhase_520_com.android.server.adservices.AdServicesManagerService$Lifecycle took to complete: 0ms
01-06 02:49:00.197   944   944 D SystemServerTiming: OnBootPhase_520_com.android.server.autofill.AutofillManagerService
01-06 02:49:00.197   944   944 V SystemServerTiming: OnBootPhase_520_com.android.server.autofill.AutofillManagerService took to complete: 0ms
01-06 02:49:00.197   944   944 D SystemServerTiming: OnBootPhase_520_com.android.server.clipboard.ClipboardService
01-06 02:49:00.197   944   944 V SystemServerTiming: OnBootPhase_520_com.android.server.clipboard.ClipboardService took to complete: 0ms
01-06 02:49:00.197   944   944 D SystemServerTiming: OnBootPhase_520_com.android.server.appbinding.AppBindingService$Lifecycle
01-06 02:49:00.198   944   944 V SystemServerTiming: OnBootPhase_520_com.android.server.appbinding.AppBindingService$Lifecycle took to complete: 0ms
01-06 02:49:00.198   944   944 D SystemServerTiming: OnBootPhase_520_com.android.server.tracing.TracingServiceProxy
01-06 02:49:00.198   944   944 V SystemServerTiming: OnBootPhase_520_com.android.server.tracing.TracingServiceProxy took to complete: 0ms
01-06 02:49:00.198   944   944 D SystemServerTiming: OnBootPhase_520_com.android.server.policy.PermissionPolicyService
01-06 02:49:00.198   944   944 V SystemServerTiming: OnBootPhase_520_com.android.server.policy.PermissionPolicyService took to complete: 0ms
01-06 02:49:00.198   944   944 D SystemServerTiming: OnBootPhase_520_com.android.server.pm.StagingManager$Lifecycle
01-06 02:49:00.198   944   944 V SystemServerTiming: OnBootPhase_520_com.android.server.pm.StagingManager$Lifecycle took to complete: 0ms
01-06 02:49:00.198   944   944 D SystemServerTiming: OnBootPhase_520_com.android.server.app.GameManagerService$Lifecycle
01-06 02:49:00.198   944   944 V SystemServerTiming: OnBootPhase_520_com.android.server.app.GameManagerService$Lifecycle took to complete: 0ms
01-06 02:49:00.198   944   944 V SystemServerTiming: OnBootPhase_520 took to complete: 9ms
01-06 02:49:00.198   944   944 V SystemServerTiming: StartBootPhaseDeviceSpecificServicesReady took to complete: 9ms
01-06 02:49:00.198   944   944 D SystemServerTiming: StartSafetyCenterService
01-06 02:49:00.199   944   944 I SystemServiceManager: Starting com.android.safetycenter.SafetyCenterService
01-06 02:49:00.210   944   944 V SystemServerTiming: StartSafetyCenterService took to complete: 12ms
01-06 02:49:00.210   944   944 D SystemServerTiming: AppSearchModule
01-06 02:49:00.217   944   944 I SystemServiceManager: Starting com.android.server.appsearch.AppSearchModule$Lifecycle
01-06 02:49:00.225   944   944 V SystemServerTiming: AppSearchModule took to complete: 15ms
01-06 02:49:00.225   944   944 D SystemServerTiming: StartMediaCommunicationService
01-06 02:49:00.226   944   944 I SystemServiceManager: Starting com.android.server.media.MediaCommunicationService
01-06 02:49:00.227   944   944 V SystemServerTiming: StartMediaCommunicationService took to complete: 2ms
01-06 02:49:00.227   944   944 D SystemServerTiming: AppCompatOverridesService
01-06 02:49:00.227   944   944 I SystemServiceManager: Starting com.android.server.compat.overrides.AppCompatOverridesService$Lifecycle
01-06 02:49:00.229   944   944 V SystemServerTiming: AppCompatOverridesService took to complete: 2ms
01-06 02:49:00.229   944   944 D SystemServerTiming: PhaseActivityManagerReady
01-06 02:49:00.229   944   944 D SystemServerTiming: controllersReady
01-06 02:49:00.233   944  1064 D SystemServerTimingAsync: InitThreadPoolExec:Update app-ops uidState in case package com.android.providers.media.module changed
01-06 02:49:00.233   944  1096 D SystemServerTimingAsync: InitThreadPoolExec:Update app-ops uidState in case package com.aml.dial changed
01-06 02:49:00.233   944  1058 D SystemServerTimingAsync: InitThreadPoolExec:Update app-ops uidState in case package com.android.systemui changed
01-06 02:49:00.233   944  1058 D SystemServerInitThreadPool: Started executing Update app-ops uidState in case package com.android.systemui changed
01-06 02:49:00.233   944  1128 D SystemServerTimingAsync: InitThreadPoolExec:Update app-ops uidState in case package com.sonos.tv.appdirector changed
01-06 02:49:00.234   944  1128 D SystemServerInitThreadPool: Started executing Update app-ops uidState in case package com.sonos.tv.appdirector changed
01-06 02:49:00.234   944  1135 D SystemServerTimingAsync: InitThreadPoolExec:Update app-ops uidState in case package com.sonos.cinemascope changed
01-06 02:49:00.234   944  1135 D SystemServerInitThreadPool: Started executing Update app-ops uidState in case package com.sonos.cinemascope changed
01-06 02:49:00.234   944  1074 D SystemServerTimingAsync: InitThreadPoolExec:Update app-ops uidState in case package com.brdgwtr.dms changed
01-06 02:49:00.234   944  1074 D SystemServerInitThreadPool: Started executing Update app-ops uidState in case package com.brdgwtr.dms changed
01-06 02:49:00.234   944  1064 D SystemServerInitThreadPool: Started executing Update app-ops uidState in case package com.android.providers.media.module changed
01-06 02:49:00.234   944  1075 D SystemServerTimingAsync: InitThreadPoolExec:Update app-ops uidState in case package com.sonos.connectivity changed
01-06 02:49:00.234   944  1075 D SystemServerInitThreadPool: Started executing Update app-ops uidState in case package com.sonos.connectivity changed
01-06 02:49:00.234   944  1096 D SystemServerInitThreadPool: Started executing Update app-ops uidState in case package com.aml.dial changed
01-06 02:49:00.234   944   974 D SystemServerTimingAsync: InitThreadPoolExec:Update app-ops uidState in case package com.sonos.tv.music changed
01-06 02:49:00.234   944   974 D SystemServerInitThreadPool: Started executing Update app-ops uidState in case package com.sonos.tv.music changed
01-06 02:49:00.235   944  1058 D SystemServerInitThreadPool: Finished executing Update app-ops uidState in case package com.android.systemui changed
01-06 02:49:00.235   944  1135 D SystemServerInitThreadPool: Finished executing Update app-ops uidState in case package com.sonos.cinemascope changed
01-06 02:49:00.235   944  1135 V SystemServerTimingAsync: InitThreadPoolExec:Update app-ops uidState in case package com.sonos.cinemascope changed took to complete: 1ms
01-06 02:49:00.235   944  1135 D SystemServerTimingAsync: InitThreadPoolExec:Update app-ops uidState in case package com.netflix.ninja changed
01-06 02:49:00.235   944  1074 D SystemServerInitThreadPool: Finished executing Update app-ops uidState in case package com.brdgwtr.dms changed
01-06 02:49:00.235   944  1074 V SystemServerTimingAsync: InitThreadPoolExec:Update app-ops uidState in case package com.brdgwtr.dms changed took to complete: 1ms
01-06 02:49:00.236   944  1064 D SystemServerInitThreadPool: Finished executing Update app-ops uidState in case package com.android.providers.media.module changed
01-06 02:49:00.236   944  1064 V SystemServerTimingAsync: InitThreadPoolExec:Update app-ops uidState in case package com.android.providers.media.module changed took to complete: 3ms
01-06 02:49:00.236   944  1064 D SystemServerTimingAsync: InitThreadPoolExec:Update app-ops uidState in case package com.brdgwtr.publisherservice changed
01-06 02:49:00.236   944  1064 D SystemServerInitThreadPool: Started executing Update app-ops uidState in case package com.brdgwtr.publisherservice changed
01-06 02:49:00.236   944  1058 V SystemServerTimingAsync: InitThreadPoolExec:Update app-ops uidState in case package com.android.systemui changed took to complete: 2ms
01-06 02:49:00.236   944  1064 D SystemServerInitThreadPool: Finished executing Update app-ops uidState in case package com.brdgwtr.publisherservice changed
01-06 02:49:00.236   944  1058 D SystemServerTimingAsync: InitThreadPoolExec:Update app-ops uidState in case package com.brdgwtr.metrics.service changed
01-06 02:49:00.236   944  1058 D SystemServerInitThreadPool: Started executing Update app-ops uidState in case package com.brdgwtr.metrics.service changed
01-06 02:49:00.236   944  1128 D SystemServerInitThreadPool: Finished executing Update app-ops uidState in case package com.sonos.tv.appdirector changed
01-06 02:49:00.236   944  1128 V SystemServerTimingAsync: InitThreadPoolExec:Update app-ops uidState in case package com.sonos.tv.appdirector changed took to complete: 3ms
01-06 02:49:00.236   944  1128 D SystemServerTimingAsync: InitThreadPoolExec:Update app-ops uidState in case package com.brdgwtr.CentralMessageService changed
01-06 02:49:00.236   944  1128 D SystemServerInitThreadPool: Started executing Update app-ops uidState in case package com.brdgwtr.CentralMessageService changed
01-06 02:49:00.237   944   974 D SystemServerInitThreadPool: Finished executing Update app-ops uidState in case package com.sonos.tv.music changed
01-06 02:49:00.237   944  1074 D SystemServerTimingAsync: InitThreadPoolExec:Update app-ops uidState in case package com.brdgwtr.mediasession changed
01-06 02:49:00.237   944   974 V SystemServerTimingAsync: InitThreadPoolExec:Update app-ops uidState in case package com.sonos.tv.music changed took to complete: 3ms
01-06 02:49:00.237   944  1096 D SystemServerInitThreadPool: Finished executing Update app-ops uidState in case package com.aml.dial changed
01-06 02:49:00.237   944  1096 V SystemServerTimingAsync: InitThreadPoolExec:Update app-ops uidState in case package com.aml.dial changed took to complete: 4ms
01-06 02:49:00.237   944  1096 D SystemServerTimingAsync: InitThreadPoolExec:Update app-ops uidState in case package com.android.providers.calendar changed
01-06 02:49:00.237   944  1096 D SystemServerInitThreadPool: Started executing Update app-ops uidState in case package com.android.providers.calendar changed
01-06 02:49:00.237   944  1058 D SystemServerInitThreadPool: Finished executing Update app-ops uidState in case package com.brdgwtr.metrics.service changed
01-06 02:49:00.237   944  1135 D SystemServerInitThreadPool: Started executing Update app-ops uidState in case package com.netflix.ninja changed
01-06 02:49:00.237   944  1128 D SystemServerInitThreadPool: Finished executing Update app-ops uidState in case package com.brdgwtr.CentralMessageService changed
01-06 02:49:00.237   944  1135 D SystemServerInitThreadPool: Finished executing Update app-ops uidState in case package com.netflix.ninja changed
01-06 02:49:00.237   944  1135 V SystemServerTimingAsync: InitThreadPoolExec:Update app-ops uidState in case package com.netflix.ninja changed took to complete: 2ms
01-06 02:49:00.237   944  1135 D SystemServerTimingAsync: InitThreadPoolExec:Update app-ops uidState in case package com.sonos.tv.ble.remote changed
01-06 02:49:00.237   944  1096 D SystemServerInitThreadPool: Finished executing Update app-ops uidState in case package com.android.providers.calendar changed
01-06 02:49:00.237   944  1096 V SystemServerTimingAsync: InitThreadPoolExec:Update app-ops uidState in case package com.android.providers.calendar changed took to complete: 0ms
01-06 02:49:00.238   944  1096 D SystemServerTimingAsync: InitThreadPoolExec:Update app-ops uidState in case package com.android.bluetooth changed
01-06 02:49:00.238   944  1096 D SystemServerInitThreadPool: Started executing Update app-ops uidState in case package com.android.bluetooth changed
01-06 02:49:00.238   944   974 D SystemServerTimingAsync: InitThreadPoolExec:Update app-ops uidState in case package com.android.providers.contacts changed
01-06 02:49:00.238   944  1096 D SystemServerInitThreadPool: Finished executing Update app-ops uidState in case package com.android.bluetooth changed
01-06 02:49:00.238   944  1096 V SystemServerTimingAsync: InitThreadPoolExec:Update app-ops uidState in case package com.android.bluetooth changed took to complete: 0ms
01-06 02:49:00.238   944  1096 D SystemServerTimingAsync: InitThreadPoolExec:Update app-ops uidState in case package com.droidlogic changed
01-06 02:49:00.238   944  1128 V SystemServerTimingAsync: InitThreadPoolExec:Update app-ops uidState in case package com.brdgwtr.CentralMessageService changed took to complete: 1ms
01-06 02:49:00.238   944  1096 D SystemServerInitThreadPool: Started executing Update app-ops uidState in case package com.droidlogic changed
01-06 02:49:00.238   944  1064 V SystemServerTimingAsync: InitThreadPoolExec:Update app-ops uidState in case package com.brdgwtr.publisherservice changed took to complete: 0ms
01-06 02:49:00.238   944  1064 D SystemServerTimingAsync: InitThreadPoolExec:Update app-ops uidState in case package com.android.localtransport changed
01-06 02:49:00.238   944  1064 D SystemServerInitThreadPool: Started executing Update app-ops uidState in case package com.android.localtransport changed
01-06 02:49:00.238   944  1074 D SystemServerInitThreadPool: Started executing Update app-ops uidState in case package com.brdgwtr.mediasession changed
01-06 02:49:00.239   944  1058 V SystemServerTimingAsync: InitThreadPoolExec:Update app-ops uidState in case package com.brdgwtr.metrics.service changed took to complete: 1ms
01-06 02:49:00.239   944  1074 D SystemServerInitThreadPool: Finished executing Update app-ops uidState in case package com.brdgwtr.mediasession changed
01-06 02:49:00.239   944  1074 V SystemServerTimingAsync: InitThreadPoolExec:Update app-ops uidState in case package com.brdgwtr.mediasession changed took to complete: 2ms
01-06 02:49:00.239   944  1075 D SystemServerInitThreadPool: Finished executing Update app-ops uidState in case package com.sonos.connectivity changed
01-06 02:49:00.239   944  1128 D SystemServerTimingAsync: InitThreadPoolExec:Update app-ops uidState in case package android changed
01-06 02:49:00.239   944  1096 D SystemServerInitThreadPool: Finished executing Update app-ops uidState in case package com.droidlogic changed
01-06 02:49:00.239   944   974 D SystemServerInitThreadPool: Started executing Update app-ops uidState in case package com.android.providers.contacts changed
01-06 02:49:00.239   944  1135 D SystemServerInitThreadPool: Started executing Update app-ops uidState in case package com.sonos.tv.ble.remote changed
01-06 02:49:00.239   944  1064 D SystemServerInitThreadPool: Finished executing Update app-ops uidState in case package com.android.localtransport changed
01-06 02:49:00.239   944  1064 V SystemServerTimingAsync: InitThreadPoolExec:Update app-ops uidState in case package com.android.localtransport changed took to complete: 1ms
01-06 02:49:00.239   944  1128 D SystemServerInitThreadPool: Started executing Update app-ops uidState in case package android changed
01-06 02:49:00.239   944  1096 V SystemServerTimingAsync: InitThreadPoolExec:Update app-ops uidState in case package com.droidlogic changed took to complete: 1ms
01-06 02:49:00.239   944  1128 D SystemServerInitThreadPool: Finished executing Update app-ops uidState in case package android changed
01-06 02:49:00.239   944  1128 V SystemServerTimingAsync: InitThreadPoolExec:Update app-ops uidState in case package android changed took to complete: 0ms
01-06 02:49:00.239   944  1075 V SystemServerTimingAsync: InitThreadPoolExec:Update app-ops uidState in case package com.sonos.connectivity changed took to complete: 5ms
01-06 02:49:00.240   944   974 D SystemServerInitThreadPool: Finished executing Update app-ops uidState in case package com.android.providers.contacts changed
01-06 02:49:00.240   944  1135 D SystemServerInitThreadPool: Finished executing Update app-ops uidState in case package com.sonos.tv.ble.remote changed
01-06 02:49:00.240   944  1135 V SystemServerTimingAsync: InitThreadPoolExec:Update app-ops uidState in case package com.sonos.tv.ble.remote changed took to complete: 3ms
01-06 02:49:00.240   944   974 V SystemServerTimingAsync: InitThreadPoolExec:Update app-ops uidState in case package com.android.providers.contacts changed took to complete: 2ms
01-06 02:49:00.254   944   944 V SystemServerTiming: controllersReady took to complete: 25ms
01-06 02:49:00.255   944   944 D SystemServerTiming: killProcesses
01-06 02:49:00.255   944   944 V SystemServerTiming: killProcesses took to complete: 0ms
01-06 02:49:00.255   944   944 I ActivityManager: System now ready
01-06 02:49:00.255   944   944 D SystemServerTiming: updateTopComponentForFactoryTest
01-06 02:49:00.255   944   944 V SystemServerTiming: updateTopComponentForFactoryTest took to complete: 0ms
01-06 02:49:00.255   944   944 D SystemServerTiming: registerActivityLaunchObserver
01-06 02:49:00.256   944   944 V SystemServerTiming: registerActivityLaunchObserver took to complete: 1ms
01-06 02:49:00.256   944   944 D SystemServerTiming: watchDeviceProvisioning
01-06 02:49:00.258   944   944 V SystemServerTiming: watchDeviceProvisioning took to complete: 2ms
01-06 02:49:00.258   944   944 D SystemServerTiming: retrieveSettings
01-06 02:49:00.260   944   944 I ActivityTaskManager: Config changes=10000000 {1.0 ?mcc?mnc [en_US] ldltr sw540dp w960dp h540dp 320dpi lrg long land television night -touch -keyb/v/h dpad/v winConfig={ mBounds=Rect(0, 0 - 1920, 1080) mAppBounds=Rect(0, 0 - 1920, 1080) mMaxBounds=Rect(0, 0 - 1920, 1080) mDisplayRotation=ROTATION_0 mWindowingMode=fullscreen mDisplayWindowingMode=fullscreen mActivityType=undefined mAlwaysOnTop=undefined mRotation=ROTATION_0} s.6 fontWeightAdjustment=0}
01-06 02:49:00.260   944   944 I WindowManager: Override config changes=10000000 {1.0 ?mcc?mnc [en_US] ldltr sw540dp w960dp h540dp 320dpi lrg long land television night -touch -keyb/v/h dpad/v winConfig={ mBounds=Rect(0, 0 - 1920, 1080) mAppBounds=Rect(0, 0 - 1920, 1080) mMaxBounds=Rect(0, 0 - 1920, 1080) mDisplayRotation=ROTATION_0 mWindowingMode=fullscreen mDisplayWindowingMode=fullscreen mActivityType=undefined mAlwaysOnTop=undefined mRotation=ROTATION_0} s.6 fontWeightAdjustment=0} for displayId=0
01-06 02:49:00.263   944   944 V SystemServerTiming: retrieveSettings took to complete: 5ms
01-06 02:49:00.263   944   944 D SystemServerTiming: Ugm.onSystemReady
01-06 02:49:00.264   944   944 V SystemServerTiming: Ugm.onSystemReady took to complete: 0ms
01-06 02:49:00.264   944   944 D SystemServerTiming: updateForceBackgroundCheck
01-06 02:49:00.264   944   944 V SystemServerTiming: updateForceBackgroundCheck took to complete: 1ms
01-06 02:49:00.264   944   944 I SystemServer: Making services ready
01-06 02:49:00.264   944   944 D SystemServerTiming: StartActivityManagerReadyPhase
01-06 02:49:00.264   944   944 I SystemServiceManager: Starting phase 550
01-06 02:49:00.264   944   944 D SystemServerTiming: OnBootPhase_550
01-06 02:49:00.264   944   944 D SystemServerTiming: OnBootPhase_550_com.android.server.security.FileIntegrityService
01-06 02:49:00.264   944   944 V SystemServerTiming: OnBootPhase_550_com.android.server.security.FileIntegrityService took to complete: 0ms
01-06 02:49:00.264   944   944 D SystemServerTiming: OnBootPhase_550_com.android.server.pm.Installer
01-06 02:49:00.264   944   944 V SystemServerTiming: OnBootPhase_550_com.android.server.pm.Installer took to complete: 0ms
01-06 02:49:00.264   944   944 D SystemServerTiming: OnBootPhase_550_com.android.server.os.DeviceIdentifiersPolicyService
01-06 02:49:00.264   944   944 V SystemServerTiming: OnBootPhase_550_com.android.server.os.DeviceIdentifiersPolicyService took to complete: 0ms
01-06 02:49:00.264   944   944 D SystemServerTiming: OnBootPhase_550_com.android.server.uri.UriGrantsManagerService$Lifecycle
01-06 02:49:00.264   944   944 V SystemServerTiming: OnBootPhase_550_com.android.server.uri.UriGrantsManagerService$Lifecycle took to complete: 0ms
01-06 02:49:00.264   944   944 D SystemServerTiming: OnBootPhase_550_com.android.server.powerstats.PowerStatsService
01-06 02:49:00.264   944   944 V SystemServerTiming: OnBootPhase_550_com.android.server.powerstats.PowerStatsService took to complete: 0ms
01-06 02:49:00.264   944   944 D SystemServerTiming: OnBootPhase_550_com.android.server.wm.ActivityTaskManagerService$Lifecycle
01-06 02:49:00.265   944   944 V SystemServerTiming: OnBootPhase_550_com.android.server.wm.ActivityTaskManagerService$Lifecycle took to complete: 0ms
01-06 02:49:00.265   944   944 D SystemServerTiming: OnBootPhase_550_com.android.server.am.ActivityManagerService$Lifecycle
01-06 02:49:00.266   944   944 V SystemServerTiming: OnBootPhase_550_com.android.server.am.ActivityManagerService$Lifecycle took to complete: 1ms
01-06 02:49:00.266   944   944 D SystemServerTiming: OnBootPhase_550_com.android.server.pm.DataLoaderManagerService
01-06 02:49:00.266   944   944 V SystemServerTiming: OnBootPhase_550_com.android.server.pm.DataLoaderManagerService took to complete: 0ms
01-06 02:49:00.267   944   944 D SystemServerTiming: OnBootPhase_550_com.android.server.power.PowerManagerService
01-06 02:49:00.267   944   944 V SystemServerTiming: OnBootPhase_550_com.android.server.power.PowerManagerService took to complete: 0ms
01-06 02:49:00.267   944   944 D SystemServerTiming: OnBootPhase_550_com.android.server.power.ThermalManagerService
01-06 02:49:00.269   944   944 I ThermalHalWrapper: Thermal HAL 2.0 service connected.
01-06 02:49:00.271   944   944 E ThermalHalWrapper: Couldn't get temperature thresholds because of HAL error: Failed to read thermal sensors.
01-06 02:49:00.271   944   944 V SystemServerTiming: OnBootPhase_550_com.android.server.power.ThermalManagerService took to complete: 3ms
01-06 02:49:00.271   944   944 D SystemServerTiming: OnBootPhase_550_com.android.server.power.hint.HintManagerService
01-06 02:49:00.271   944   944 V SystemServerTiming: OnBootPhase_550_com.android.server.power.hint.HintManagerService took to complete: 0ms
01-06 02:49:00.271   944   944 D SystemServerTiming: OnBootPhase_550_com.android.server.recoverysystem.RecoverySystemService$Lifecycle
01-06 02:49:00.271   944   944 V SystemServerTiming: OnBootPhase_550_com.android.server.recoverysystem.RecoverySystemService$Lifecycle took to complete: 0ms
01-06 02:49:00.271   944   944 D SystemServerTiming: OnBootPhase_550_com.android.server.lights.LightsService
01-06 02:49:00.271   944   944 V SystemServerTiming: OnBootPhase_550_com.android.server.lights.LightsService took to complete: 0ms
01-06 02:49:00.271   944   944 D SystemServerTiming: OnBootPhase_550_com.android.server.display.DisplayManagerService
01-06 02:49:00.271   944   944 V SystemServerTiming: OnBootPhase_550_com.android.server.display.DisplayManagerService took to complete: 0ms
01-06 02:49:00.271   944   944 D SystemServerTiming: OnBootPhase_550_com.android.server.pm.verify.domain.DomainVerificationService
01-06 02:49:00.271   944   944 V SystemServerTiming: OnBootPhase_550_com.android.server.pm.verify.domain.DomainVerificationService took to complete: 0ms
01-06 02:49:00.271   944   944 D SystemServerTiming: OnBootPhase_550_com.android.server.pm.PackageInstallerService$Lifecycle
01-06 02:49:00.271   944   944 V SystemServerTiming: OnBootPhase_550_com.android.server.pm.PackageInstallerService$Lifecycle took to complete: 0ms
01-06 02:49:00.271   944   944 D SystemServerTiming: OnBootPhase_550_com.android.server.pm.UserManagerService$LifeCycle
01-06 02:49:00.271   944   944 V SystemServerTiming: OnBootPhase_550_com.android.server.pm.UserManagerService$LifeCycle took to complete: 0ms
01-06 02:49:00.271   944   944 D SystemServerTiming: OnBootPhase_550_com.android.server.om.OverlayManagerService
01-06 02:49:00.271   944   944 V SystemServerTiming: OnBootPhase_550_com.android.server.om.OverlayManagerService took to complete: 0ms
01-06 02:49:00.271   944   944 D SystemServerTiming: OnBootPhase_550_com.android.server.resources.ResourcesManagerService
01-06 02:49:00.271   944   944 V SystemServerTiming: OnBootPhase_550_com.android.server.resources.ResourcesManagerService took to complete: 0ms
01-06 02:49:00.271   944   944 D SystemServerTiming: OnBootPhase_550_com.android.server.sensorprivacy.SensorPrivacyService
01-06 02:49:00.272   944   944 V SystemServerTiming: OnBootPhase_550_com.android.server.sensorprivacy.SensorPrivacyService took to complete: 1ms
01-06 02:49:00.272   944   944 D SystemServerTiming: OnBootPhase_550_com.android.server.sensors.SensorService
01-06 02:49:00.272   944   944 V SystemServerTiming: OnBootPhase_550_com.android.server.sensors.SensorService took to complete: 0ms
01-06 02:49:00.272   944   944 D SystemServerTiming: OnBootPhase_550_com.android.server.SystemConfigService
01-06 02:49:00.272   944   944 V SystemServerTiming: OnBootPhase_550_com.android.server.SystemConfigService took to complete: 0ms
01-06 02:49:00.272   944   944 D SystemServerTiming: OnBootPhase_550_com.android.server.BatteryService
01-06 02:49:00.273   944   944 V SystemServerTiming: OnBootPhase_550_com.android.server.BatteryService took to complete: 1ms
01-06 02:49:00.273   944   944 D SystemServerTiming: OnBootPhase_550_com.android.server.usage.UsageStatsService
01-06 02:49:00.273   944   944 V SystemServerTiming: OnBootPhase_550_com.android.server.usage.UsageStatsService took to complete: 0ms
01-06 02:49:00.273   944   944 D SystemServerTiming: OnBootPhase_550_com.android.server.webkit.WebViewUpdateService
01-06 02:49:00.273   944   944 V SystemServerTiming: OnBootPhase_550_com.android.server.webkit.WebViewUpdateService took to complete: 0ms
01-06 02:49:00.273   944   944 D SystemServerTiming: OnBootPhase_550_com.android.server.CachedDeviceStateService
01-06 02:49:00.273   944   944 V SystemServerTiming: OnBootPhase_550_com.android.server.CachedDeviceStateService took to complete: 0ms
01-06 02:49:00.273   944   944 D SystemServerTiming: OnBootPhase_550_com.android.server.BinderCallsStatsService$LifeCycle
01-06 02:49:00.273   944   944 V SystemServerTiming: OnBootPhase_550_com.android.server.BinderCallsStatsService$LifeCycle took to complete: 0ms
01-06 02:49:00.273   944   944 D SystemServerTiming: OnBootPhase_550_com.android.server.LooperStatsService$Lifecycle
01-06 02:49:00.273   944   944 V SystemServerTiming: OnBootPhase_550_com.android.server.LooperStatsService$Lifecycle took to complete: 0ms
01-06 02:49:00.273   944   944 D SystemServerTiming: OnBootPhase_550_com.android.server.rollback.RollbackManagerService
01-06 02:49:00.273   944   944 V SystemServerTiming: OnBootPhase_550_com.android.server.rollback.RollbackManagerService took to complete: 0ms
01-06 02:49:00.273   944   944 D SystemServerTiming: OnBootPhase_550_com.android.server.os.NativeTombstoneManagerService
01-06 02:49:00.274   944   944 V SystemServerTiming: OnBootPhase_550_com.android.server.os.NativeTombstoneManagerService took to complete: 1ms
01-06 02:49:00.274   944   944 D SystemServerTiming: OnBootPhase_550_com.android.server.os.BugreportManagerService
01-06 02:49:00.274   944   944 V SystemServerTiming: OnBootPhase_550_com.android.server.os.BugreportManagerService took to complete: 0ms
01-06 02:49:00.274   944   944 D SystemServerTiming: OnBootPhase_550_com.android.server.gpu.GpuService
01-06 02:49:00.274   944   944 V SystemServerTiming: OnBootPhase_550_com.android.server.gpu.GpuService took to complete: 0ms
01-06 02:49:00.274   944   944 D SystemServerTiming: OnBootPhase_550_com.android.server.security.KeyChainSystemService
01-06 02:49:00.274   944   944 V SystemServerTiming: OnBootPhase_550_com.android.server.security.KeyChainSystemService took to complete: 0ms
01-06 02:49:00.274   944   944 D SystemServerTiming: OnBootPhase_550_com.android.server.BinaryTransparencyService
01-06 02:49:00.274   944   944 V SystemServerTiming: OnBootPhase_550_com.android.server.BinaryTransparencyService took to complete: 0ms
01-06 02:49:00.274   944   944 D SystemServerTiming: OnBootPhase_550_com.android.server.accounts.AccountManagerService$Lifecycle
01-06 02:49:00.274   944   944 V SystemServerTiming: OnBootPhase_550_com.android.server.accounts.AccountManagerService$Lifecycle took to complete: 0ms
01-06 02:49:00.274   944   944 D SystemServerTiming: OnBootPhase_550_com.android.server.content.ContentService$Lifecycle
01-06 02:49:00.275   944   944 I SyncManager: No initial accounts
01-06 02:49:00.280   944   944 V SystemServerTiming: OnBootPhase_550_com.android.server.content.ContentService$Lifecycle took to complete: 6ms
01-06 02:49:00.280   944   944 D SystemServerTiming: OnBootPhase_550_com.android.server.DropBoxManagerService
01-06 02:49:00.280   944   944 V SystemServerTiming: OnBootPhase_550_com.android.server.DropBoxManagerService took to complete: 0ms
01-06 02:49:00.280   944   944 D SystemServerTiming: OnBootPhase_550_com.android.role.RoleService
01-06 02:49:00.280   944   944 V SystemServerTiming: OnBootPhase_550_com.android.role.RoleService took to complete: 0ms
01-06 02:49:00.280   944   944 D SystemServerTiming: OnBootPhase_550_com.android.server.vibrator.VibratorManagerService$Lifecycle
01-06 02:49:00.280   944   944 V SystemServerTiming: OnBootPhase_550_com.android.server.vibrator.VibratorManagerService$Lifecycle took to complete: 0ms
01-06 02:49:00.280   944   944 D SystemServerTiming: OnBootPhase_550_com.android.server.tare.InternalResourceService
01-06 02:49:00.280   944   944 V SystemServerTiming: OnBootPhase_550_com.android.server.tare.InternalResourceService took to complete: 0ms
01-06 02:49:00.280   944   944 D SystemServerTiming: OnBootPhase_550_com.android.server.alarm.AlarmManagerService
01-06 02:49:00.280   944   944 V SystemServerTiming: OnBootPhase_550_com.android.server.alarm.AlarmManagerService took to complete: 0ms
01-06 02:49:00.280   944   944 D SystemServerTiming: OnBootPhase_550_com.android.server.devicestate.DeviceStateManagerService
01-06 02:49:00.280   944   944 V SystemServerTiming: OnBootPhase_550_com.android.server.devicestate.DeviceStateManagerService took to complete: 0ms
01-06 02:49:00.280   944   944 D SystemServerTiming: OnBootPhase_550_com.android.server.bluetooth.BluetoothService
01-06 02:49:00.280   944   944 V SystemServerTiming: OnBootPhase_550_com.android.server.bluetooth.BluetoothService took to complete: 0ms
01-06 02:49:00.280   944   944 D SystemServerTiming: OnBootPhase_550_com.android.server.connectivity.IpConnectivityMetrics
01-06 02:49:00.280   944   944 V SystemServerTiming: OnBootPhase_550_com.android.server.connectivity.IpConnectivityMetrics took to complete: 0ms
01-06 02:49:00.280   944   944 D SystemServerTiming: OnBootPhase_550_com.android.server.net.watchlist.NetworkWatchlistService$Lifecycle
01-06 02:49:00.284   944   944 V SystemServerTiming: OnBootPhase_550_com.android.server.net.watchlist.NetworkWatchlistService$Lifecycle took to complete: 4ms
01-06 02:49:00.284   944   944 D SystemServerTiming: OnBootPhase_550_com.android.server.PinnerService
01-06 02:49:00.284   944   944 V SystemServerTiming: OnBootPhase_550_com.android.server.PinnerService took to complete: 0ms
01-06 02:49:00.284   944   944 D SystemServerTiming: OnBootPhase_550_com.android.server.integrity.AppIntegrityManagerService
01-06 02:49:00.284   944   944 V SystemServerTiming: OnBootPhase_550_com.android.server.integrity.AppIntegrityManagerService took to complete: 0ms
01-06 02:49:00.284   944   944 D SystemServerTiming: OnBootPhase_550_com.android.server.logcat.LogcatManagerService
01-06 02:49:00.284   944   944 V SystemServerTiming: OnBootPhase_550_com.android.server.logcat.LogcatManagerService took to complete: 0ms
01-06 02:49:00.284   944   944 D SystemServerTiming: OnBootPhase_550_com.android.server.inputmethod.InputMethodManagerService$Lifecycle
01-06 02:49:00.285   944  1058 D SystemServerTimingAsync: InitThreadPoolExec:Lazily initialize IMMS#mImeDrawsImeNavBarRes
01-06 02:49:00.285   944  1058 D SystemServerInitThreadPool: Started executing Lazily initialize IMMS#mImeDrawsImeNavBarRes
01-06 02:49:00.288   944   944 W InputMethodUtils: Found no fallback locale. imis=[]
01-06 02:49:00.288   944   944 W InputMethodUtils: No software keyboard is found. imis=[] systemLocale=en_US fallbackLocale=null
01-06 02:49:00.289   944   944 W InputMethodUtils: getApplicationInfo failed. packageName=com.android.inputmethod.latin userId=0
01-06 02:49:00.289   944   944 W InputMethodUtils: android.content.pm.PackageManager$NameNotFoundException: com.android.inputmethod.latin
01-06 02:49:00.289   944   944 W InputMethodUtils: 	at android.app.ApplicationPackageManager.getApplicationInfoAsUser(ApplicationPackageManager.java:504)
01-06 02:49:00.289   944   944 W InputMethodUtils: 	at android.app.ApplicationPackageManager.getApplicationInfo(ApplicationPackageManager.java:487)
01-06 02:49:00.289   944   944 W InputMethodUtils: 	at com.android.server.inputmethod.InputMethodUtils.setNonSelectedSystemImesDisabledUntilUsed(InputMethodUtils.java:706)
01-06 02:49:00.289   944   944 W InputMethodUtils: 	at com.android.server.inputmethod.InputMethodManagerService.systemRunning(InputMethodManagerService.java:2031)
01-06 02:49:00.289   944   944 W InputMethodUtils: 	at com.android.server.inputmethod.InputMethodManagerService$Lifecycle.onBootPhase(InputMethodManagerService.java:1684)
01-06 02:49:00.289   944   944 W InputMethodUtils: 	at com.android.server.SystemServiceManager.startBootPhase(SystemServiceManager.java:294)
01-06 02:49:00.289   944   944 W InputMethodUtils: 	at com.android.server.SystemServer.lambda$startOtherServices$5(SystemServer.java:2799)
01-06 02:49:00.289   944   944 W InputMethodUtils: 	at com.android.server.SystemServer.$r8$lambda$jmaWUpWMxP4IiPakY5L6Y7rVWik(Unknown Source:0)
01-06 02:49:00.289   944   944 W InputMethodUtils: 	at com.android.server.SystemServer$$ExternalSyntheticLambda5.run(Unknown Source:30)
01-06 02:49:00.289   944   944 W InputMethodUtils: 	at com.android.server.am.ActivityManagerService.systemReady(ActivityManagerService.java:8216)
01-06 02:49:00.289   944   944 W InputMethodUtils: 	at com.android.server.SystemServer.startOtherServices(SystemServer.java:2796)
01-06 02:49:00.289   944   944 W InputMethodUtils: 	at com.android.server.SystemServer.run(SystemServer.java:938)
01-06 02:49:00.289   944   944 W InputMethodUtils: 	at com.android.server.SystemServer.main(SystemServer.java:648)
01-06 02:49:00.289   944   944 W InputMethodUtils: 	at java.lang.reflect.Method.invoke(Native Method)
01-06 02:49:00.289   944   944 W InputMethodUtils: 	at com.android.internal.os.RuntimeInit$MethodAndArgsCaller.run(RuntimeInit.java:548)
01-06 02:49:00.289   944   944 W InputMethodUtils: 	at com.android.internal.os.ZygoteInit.main(ZygoteInit.java:914)
01-06 02:49:00.289   944   944 V SystemServerTiming: OnBootPhase_550_com.android.server.inputmethod.InputMethodManagerService$Lifecycle took to complete: 5ms
01-06 02:49:00.289   944   944 D SystemServerTiming: OnBootPhase_550_com.android.server.accessibility.AccessibilityManagerService$Lifecycle
01-06 02:49:00.289   944   944 V SystemServerTiming: OnBootPhase_550_com.android.server.accessibility.AccessibilityManagerService$Lifecycle took to complete: 0ms
01-06 02:49:00.289   944   944 D SystemServerTiming: OnBootPhase_550_com.android.server.StorageManagerService$Lifecycle
01-06 02:49:00.289   944   944 V SystemServerTiming: OnBootPhase_550_com.android.server.StorageManagerService$Lifecycle took to complete: 0ms
01-06 02:49:00.289   944   944 D SystemServerTiming: OnBootPhase_550_com.android.server.usage.StorageStatsService$Lifecycle
01-06 02:49:00.289   944   944 V SystemServerTiming: OnBootPhase_550_com.android.server.usage.StorageStatsService$Lifecycle took to complete: 0ms
01-06 02:49:00.289   944   944 D SystemServerTiming: OnBootPhase_550_com.android.server.UiModeManagerService
01-06 02:49:00.289   944   944 V SystemServerTiming: OnBootPhase_550_com.android.server.UiModeManagerService took to complete: 0ms
01-06 02:49:00.289   944   944 D SystemServerTiming: OnBootPhase_550_com.android.server.locales.LocaleManagerService
01-06 02:49:00.289   944   944 V SystemServerTiming: OnBootPhase_550_com.android.server.locales.LocaleManagerService took to complete: 0ms
01-06 02:49:00.289   944   944 D SystemServerTiming: OnBootPhase_550_com.android.server.locksettings.LockSettingsService$Lifecycle
01-06 02:49:00.290   944   944 I RebootEscrowManager: No reboot escrow data found for users, skipping loading escrow data
01-06 02:49:00.294   944   944 V SystemServerTiming: OnBootPhase_550_com.android.server.locksettings.LockSettingsService$Lifecycle took to complete: 4ms
01-06 02:49:00.294   944   944 D SystemServerTiming: OnBootPhase_550_com.android.server.PersistentDataBlockService
01-06 02:49:00.294   944   944 V SystemServerTiming: OnBootPhase_550_com.android.server.PersistentDataBlockService took to complete: 0ms
01-06 02:49:00.294   944   944 D SystemServerTiming: OnBootPhase_550_com.android.server.testharness.TestHarnessModeService
01-06 02:49:00.294   944   944 V SystemServerTiming: OnBootPhase_550_com.android.server.testharness.TestHarnessModeService took to complete: 0ms
01-06 02:49:00.294   944   944 D SystemServerTiming: OnBootPhase_550_com.android.server.oemlock.OemLockService
01-06 02:49:00.294   944   944 V SystemServerTiming: OnBootPhase_550_com.android.server.oemlock.OemLockService took to complete: 0ms
01-06 02:49:00.294   944   944 D SystemServerTiming: OnBootPhase_550_com.android.server.DeviceIdleController
01-06 02:49:00.294   944   944 V SystemServerTiming: OnBootPhase_550_com.android.server.DeviceIdleController took to complete: 0ms
01-06 02:49:00.294   944   944 D SystemServerTiming: OnBootPhase_550_com.android.server.devicepolicy.DevicePolicyManagerService$Lifecycle
01-06 02:49:00.294   944   944 V SystemServerTiming: OnBootPhase_550_com.android.server.devicepolicy.DevicePolicyManagerService$Lifecycle took to complete: 0ms
01-06 02:49:00.294   944   944 D SystemServerTiming: OnBootPhase_550_com.android.server.texttospeech.TextToSpeechManagerService
01-06 02:49:00.294   944   944 V SystemServerTiming: OnBootPhase_550_com.android.server.texttospeech.TextToSpeechManagerService took to complete: 0ms
01-06 02:49:00.294   944   944 D SystemServerTiming: OnBootPhase_550_com.android.server.ambientcontext.AmbientContextManagerService
01-06 02:49:00.294   944   944 V SystemServerTiming: OnBootPhase_550_com.android.server.ambientcontext.AmbientContextManagerService took to complete: 0ms
01-06 02:49:00.294   944   944 D SystemServerTiming: OnBootPhase_550_com.android.server.speech.SpeechRecognitionManagerService
01-06 02:49:00.294   944   944 V SystemServerTiming: OnBootPhase_550_com.android.server.speech.SpeechRecognitionManagerService took to complete: 0ms
01-06 02:49:00.294   944   944 D SystemServerTiming: OnBootPhase_550_com.android.server.searchui.SearchUiManagerService
01-06 02:49:00.294   944   944 V SystemServerTiming: OnBootPhase_550_com.android.server.searchui.SearchUiManagerService took to complete: 0ms
01-06 02:49:00.294   944   944 D SystemServerTiming: OnBootPhase_550_com.android.server.smartspace.SmartspaceManagerService
01-06 02:49:00.294   944   944 V SystemServerTiming: OnBootPhase_550_com.android.server.smartspace.SmartspaceManagerService took to complete: 0ms
01-06 02:49:00.294   944   944 D SystemServerTiming: OnBootPhase_550_com.android.server.graphics.fonts.FontManagerService$Lifecycle
01-06 02:49:00.294   944   944 V SystemServerTiming: OnBootPhase_550_com.android.server.graphics.fonts.FontManagerService$Lifecycle took to complete: 0ms
01-06 02:49:00.294   944   944 D SystemServerTiming: OnBootPhase_550_com.android.server.textservices.TextServicesManagerService$Lifecycle
