01-06 06:24:07.265     0     0 I [7 T1430  ..] [schedu][0x302c205dc][06: 24:13.167460] wlan: [1430:I:OSIF] vdev 0, scan id 41177 type COMPLETED(1) reason COMPLETED(1) scan found 74 bss
01-06 06:24:13.189     0     0 W [1 T22874 ..] audit: audit_lost=94143 audit_rate_limit=5 audit_backlog_limit=64
01-06 06:24:13.189     0     0 E [1 T22874 ..] audit: rate limit exceeded
01-06 06:24:55.361     0     0 I [2 T2871  ..] [snd-soc]: update audio atmos flag! audio_type = 0
01-06 06:25:01.264  1367  1599 W ContextImpl: Calling a method in the system process without a qualified user: android.app.ContextImpl.sendBroadcast:1189 android.content.ContextWrapper.sendBroadcast:500 com.droidlogic.audioservice.services.AudioSystemCmdService$1.onUEvent:184 com.droidlogic.UEventObserver$UEventThread.sendEvent:213 com.droidlogic.UEventObserver$UEventThread.run:190 
01-06 06:24:55.639     0     0 I [5 T2871  ..] [snd-soc]: update audio atmos flag! audio_type = 0
01-06 06:25:01.541  1367  1599 W ContextImpl: Calling a method in the system process without a qualified user: android.app.ContextImpl.sendBroadcast:1189 android.content.ContextWrapper.sendBroadcast:500 com.droidlogic.audioservice.services.AudioSystemCmdService$1.onUEvent:184 com.droidlogic.UEventObserver$UEventThread.sendEvent:213 com.droidlogic.UEventObserver$UEventThread.run:190 
01-06 06:25:02.942  1367  1599 W ContextImpl: Calling a method in the system process without a qualified user: android.app.ContextImpl.sendBroadcast:1189 android.content.ContextWrapper.sendBroadcast:500 com.droidlogic.audioservice.services.AudioSystemCmdService$1.onUEvent:184 com.droidlogic.UEventObserver$UEventThread.sendEvent:213 com.droidlogic.UEventObserver$UEventThread.run:190 
01-06 06:24:57.040     0     0 I [5 T2871  ..] [snd-soc]: update audio atmos flag! audio_type = 0
01-06 06:25:03.332  1367  1599 W ContextImpl: Calling a method in the system process without a qualified user: android.app.ContextImpl.sendBroadcast:1189 android.content.ContextWrapper.sendBroadcast:500 com.droidlogic.audioservice.services.AudioSystemCmdService$1.onUEvent:184 com.droidlogic.UEventObserver$UEventThread.sendEvent:213 com.droidlogic.UEventObserver$UEventThread.run:190 
01-06 06:24:57.430     0     0 I [5 T2871  ..] [snd-soc]: update audio atmos flag! audio_type = 0
01-06 06:25:05.700     0     0 I [2 T1430  ..] [schedu][0x3063dacf4][06: 25:11.602811] wlan: [1430:I:OSIF] scan start scan id 41178
01-06 06:25:12.973   944   944 D HDMI    : [P]:AllocatedAddress=[]
01-06 06:25:07.273     0     0 I [6 T1430  ..] [schedu][0x30655a9aa][06: 25:13.174833] wlan: [1430:I:OSIF] vdev 0, scan id 41178 type COMPLETED(1) reason COMPLETED(1) scan found 78 bss
01-06 06:25:13.280     0     0 W [0 T22961 ..] audit: audit_lost=94471 audit_rate_limit=5 audit_backlog_limit=64
01-06 06:25:13.280     0     0 E [0 T22961 ..] audit: rate limit exceeded
01-06 06:26:05.707     0     0 I [2 T1430  ..] [schedu][0x309d14f20][06: 26:11.609766] wlan: [1430:I:OSIF] scan start scan id 41179
01-06 06:26:12.981   944   944 D HDMI    : [P]:AllocatedAddress=[]
01-06 06:26:07.279     0     0 I [6 T1430  ..] [schedu][0x309e94825][06: 26:13.180844] wlan: [1430:I:OSIF] vdev 0, scan id 41179 type COMPLETED(1) reason COMPLETED(1) scan found 81 bss
01-06 06:26:13.365     0     0 W [1 T22987 ..] audit: audit_lost=94727 audit_rate_limit=5 audit_backlog_limit=64
01-06 06:26:13.365     0     0 E [1 T22987 ..] audit: rate limit exceeded
01-06 06:27:05.720     0     0 I [7 T1430  ..] [schedu][0x30d650793][06: 27:11.622426] wlan: [1430:I:OSIF] scan start scan id 41180
01-06 06:27:12.978   944   944 D HDMI    : [P]:AllocatedAddress=[]
01-06 06:27:07.282     0     0 I [3 T1430  ..] [schedu][0x30d7cdd03][06: 27:13.184394] wlan: [1430:I:OSIF] vdev 0, scan id 41180 type COMPLETED(1) reason COMPLETED(1) scan found 77 bss
01-06 06:27:13.430  1367  1599 W ContextImpl: Calling a method in the system process without a qualified user: android.app.ContextImpl.sendBroadcast:1189 android.content.ContextWrapper.sendBroadcast:500 com.droidlogic.audioservice.services.AudioSystemCmdService$1.onUEvent:184 com.droidlogic.UEventObserver$UEventThread.sendEvent:213 com.droidlogic.UEventObserver$UEventThread.run:190 
01-06 06:27:07.527     0     0 I [4 T2882  ..] [snd-soc]: update audio atmos flag! audio_type = 0
01-06 06:27:08.656     0     0 I [5 T2882  ..] [snd-soc]: update audio atmos flag! audio_type = 0
01-06 06:27:14.560  1367  1599 W ContextImpl: Calling a method in the system process without a qualified user: android.app.ContextImpl.sendBroadcast:1189 android.content.ContextWrapper.sendBroadcast:500 com.droidlogic.audioservice.services.AudioSystemCmdService$1.onUEvent:184 com.droidlogic.UEventObserver$UEventThread.sendEvent:213 com.droidlogic.UEventObserver$UEventThread.run:190 
01-06 06:27:15.881  1367  1599 W ContextImpl: Calling a method in the system process without a qualified user: android.app.ContextImpl.sendBroadcast:1189 android.content.ContextWrapper.sendBroadcast:500 com.droidlogic.audioservice.services.AudioSystemCmdService$1.onUEvent:184 com.droidlogic.UEventObserver$UEventThread.sendEvent:213 com.droidlogic.UEventObserver$UEventThread.run:190 
01-06 06:27:09.979     0     0 I [4 T2882  ..] [snd-soc]: update audio atmos flag! audio_type = 0
01-06 06:27:16.316  1367  1599 W ContextImpl: Calling a method in the system process without a qualified user: android.app.ContextImpl.sendBroadcast:1189 android.content.ContextWrapper.sendBroadcast:500 com.droidlogic.audioservice.services.AudioSystemCmdService$1.onUEvent:184 com.droidlogic.UEventObserver$UEventThread.sendEvent:213 com.droidlogic.UEventObserver$UEventThread.run:190 
01-06 06:27:10.414     0     0 I [5 T2882  ..] [snd-soc]: update audio atmos flag! audio_type = 0
01-06 06:27:12.411     0     0 I [6 T2882  ..] [snd-soc]: update audio atmos flag! audio_type = 0
01-06 06:27:18.314  1367  1599 W ContextImpl: Calling a method in the system process without a qualified user: android.app.ContextImpl.sendBroadcast:1189 android.content.ContextWrapper.sendBroadcast:500 com.droidlogic.audioservice.services.AudioSystemCmdService$1.onUEvent:184 com.droidlogic.UEventObserver$UEventThread.sendEvent:213 com.droidlogic.UEventObserver$UEventThread.run:190 
01-06 06:27:13.137     0     0 I [4 T2882  ..] [snd-soc]: update audio atmos flag! audio_type = 0
01-06 06:27:19.039  1367  1599 W ContextImpl: Calling a method in the system process without a qualified user: android.app.ContextImpl.sendBroadcast:1189 android.content.ContextWrapper.sendBroadcast:500 com.droidlogic.audioservice.services.AudioSystemCmdService$1.onUEvent:184 com.droidlogic.UEventObserver$UEventThread.sendEvent:213 com.droidlogic.UEventObserver$UEventThread.run:190 
01-06 06:27:13.472     0     0 W [2 T23072 ..] audit: audit_lost=94857 audit_rate_limit=5 audit_backlog_limit=64
01-06 06:27:13.472     0     0 E [2 T23072 ..] audit: rate limit exceeded
01-06 06:27:13.612     0     0 I [7 T2871  ..] [snd-soc]: update audio atmos flag! audio_type = 0
01-06 06:27:19.514  1367  1599 W ContextImpl: Calling a method in the system process without a qualified user: android.app.ContextImpl.sendBroadcast:1189 android.content.ContextWrapper.sendBroadcast:500 com.droidlogic.audioservice.services.AudioSystemCmdService$1.onUEvent:184 com.droidlogic.UEventObserver$UEventThread.sendEvent:213 com.droidlogic.UEventObserver$UEventThread.run:190 
01-06 06:27:14.414     0     0 I [7 T2871  ..] [snd-soc]: update audio atmos flag! audio_type = 0
01-06 06:27:20.317  1367  1599 W ContextImpl: Calling a method in the system process without a qualified user: android.app.ContextImpl.sendBroadcast:1189 android.content.ContextWrapper.sendBroadcast:500 com.droidlogic.audioservice.services.AudioSystemCmdService$1.onUEvent:184 com.droidlogic.UEventObserver$UEventThread.sendEvent:213 com.droidlogic.UEventObserver$UEventThread.run:190 
01-06 06:27:14.765     0     0 I [4 T2871  ..] [snd-soc]: update audio atmos flag! audio_type = 0
01-06 06:27:20.668  1367  1599 W ContextImpl: Calling a method in the system process without a qualified user: android.app.ContextImpl.sendBroadcast:1189 android.content.ContextWrapper.sendBroadcast:500 com.droidlogic.audioservice.services.AudioSystemCmdService$1.onUEvent:184 com.droidlogic.UEventObserver$UEventThread.sendEvent:213 com.droidlogic.UEventObserver$UEventThread.run:190 
01-06 06:27:15.403     0     0 I [6 T2871  ..] [snd-soc]: update audio atmos flag! audio_type = 0
01-06 06:27:21.306  1367  1599 W ContextImpl: Calling a method in the system process without a qualified user: android.app.ContextImpl.sendBroadcast:1189 android.content.ContextWrapper.sendBroadcast:500 com.droidlogic.audioservice.services.AudioSystemCmdService$1.onUEvent:184 com.droidlogic.UEventObserver$UEventThread.sendEvent:213 com.droidlogic.UEventObserver$UEventThread.run:190 
01-06 06:27:16.037     0     0 I [6 T2871  ..] [snd-soc]: update audio atmos flag! audio_type = 0
01-06 06:27:21.939  1367  1599 W ContextImpl: Calling a method in the system process without a qualified user: android.app.ContextImpl.sendBroadcast:1189 android.content.ContextWrapper.sendBroadcast:500 com.droidlogic.audioservice.services.AudioSystemCmdService$1.onUEvent:184 com.droidlogic.UEventObserver$UEventThread.sendEvent:213 com.droidlogic.UEventObserver$UEventThread.run:190 
01-06 06:27:22.329  1367  1599 W ContextImpl: Calling a method in the system process without a qualified user: android.app.ContextImpl.sendBroadcast:1189 android.content.ContextWrapper.sendBroadcast:500 com.droidlogic.audioservice.services.AudioSystemCmdService$1.onUEvent:184 com.droidlogic.UEventObserver$UEventThread.sendEvent:213 com.droidlogic.UEventObserver$UEventThread.run:190 
01-06 06:27:16.426     0     0 I [7 T2871  ..] [snd-soc]: update audio atmos flag! audio_type = 0
01-06 06:27:23.518  1367  1599 W ContextImpl: Calling a method in the system process without a qualified user: android.app.ContextImpl.sendBroadcast:1189 android.content.ContextWrapper.sendBroadcast:500 com.droidlogic.audioservice.services.AudioSystemCmdService$1.onUEvent:184 com.droidlogic.UEventObserver$UEventThread.sendEvent:213 com.droidlogic.UEventObserver$UEventThread.run:190 
01-06 06:27:17.615     0     0 I [7 T2871  ..] [snd-soc]: update audio atmos flag! audio_type = 0
01-06 06:27:23.998  1367  1599 W ContextImpl: Calling a method in the system process without a qualified user: android.app.ContextImpl.sendBroadcast:1189 android.content.ContextWrapper.sendBroadcast:500 com.droidlogic.audioservice.services.AudioSystemCmdService$1.onUEvent:184 com.droidlogic.UEventObserver$UEventThread.sendEvent:213 com.droidlogic.UEventObserver$UEventThread.run:190 
01-06 06:27:18.095     0     0 I [5 T2871  ..] [snd-soc]: update audio atmos flag! audio_type = 0
01-06 06:27:19.749     0     0 I [4 T2871  ..] [snd-soc]: update audio atmos flag! audio_type = 0
01-06 06:27:25.651  1367  1599 W ContextImpl: Calling a method in the system process without a qualified user: android.app.ContextImpl.sendBroadcast:1189 android.content.ContextWrapper.sendBroadcast:500 com.droidlogic.audioservice.services.AudioSystemCmdService$1.onUEvent:184 com.droidlogic.UEventObserver$UEventThread.sendEvent:213 com.droidlogic.UEventObserver$UEventThread.run:190 
01-06 06:27:20.480     0     0 I [6 T2871  ..] [snd-soc]: update audio atmos flag! audio_type = 0
01-06 06:27:26.383  1367  1599 W ContextImpl: Calling a method in the system process without a qualified user: android.app.ContextImpl.sendBroadcast:1189 android.content.ContextWrapper.sendBroadcast:500 com.droidlogic.audioservice.services.AudioSystemCmdService$1.onUEvent:184 com.droidlogic.UEventObserver$UEventThread.sendEvent:213 com.droidlogic.UEventObserver$UEventThread.run:190 
01-06 06:27:20.963     0     0 I [7 T2871  ..] [snd-soc]: update audio atmos flag! audio_type = 0
01-06 06:27:26.865  1367  1599 W ContextImpl: Calling a method in the system process without a qualified user: android.app.ContextImpl.sendBroadcast:1189 android.content.ContextWrapper.sendBroadcast:500 com.droidlogic.audioservice.services.AudioSystemCmdService$1.onUEvent:184 com.droidlogic.UEventObserver$UEventThread.sendEvent:213 com.droidlogic.UEventObserver$UEventThread.run:190 
01-06 06:27:21.461     0     0 I [5 T2871  ..] [snd-soc]: update audio atmos flag! audio_type = 0
01-06 06:27:27.364  1367  1599 W ContextImpl: Calling a method in the system process without a qualified user: android.app.ContextImpl.sendBroadcast:1189 android.content.ContextWrapper.sendBroadcast:500 com.droidlogic.audioservice.services.AudioSystemCmdService$1.onUEvent:184 com.droidlogic.UEventObserver$UEventThread.sendEvent:213 com.droidlogic.UEventObserver$UEventThread.run:190 
01-06 06:27:21.841     0     0 I [4 T2871  ..] [snd-soc]: update audio atmos flag! audio_type = 0
01-06 06:27:27.743  1367  1599 W ContextImpl: Calling a method in the system process without a qualified user: android.app.ContextImpl.sendBroadcast:1189 android.content.ContextWrapper.sendBroadcast:500 com.droidlogic.audioservice.services.AudioSystemCmdService$1.onUEvent:184 com.droidlogic.UEventObserver$UEventThread.sendEvent:213 com.droidlogic.UEventObserver$UEventThread.run:190 
01-06 06:27:28.212  1367  1599 W ContextImpl: Calling a method in the system process without a qualified user: android.app.ContextImpl.sendBroadcast:1189 android.content.ContextWrapper.sendBroadcast:500 com.droidlogic.audioservice.services.AudioSystemCmdService$1.onUEvent:184 com.droidlogic.UEventObserver$UEventThread.sendEvent:213 com.droidlogic.UEventObserver$UEventThread.run:190 
01-06 06:27:22.310     0     0 I [7 T2871  ..] [snd-soc]: update audio atmos flag! audio_type = 0
01-06 06:27:28.552  1367  1599 W ContextImpl: Calling a method in the system process without a qualified user: android.app.ContextImpl.sendBroadcast:1189 android.content.ContextWrapper.sendBroadcast:500 com.droidlogic.audioservice.services.AudioSystemCmdService$1.onUEvent:184 com.droidlogic.UEventObserver$UEventThread.sendEvent:213 com.droidlogic.UEventObserver$UEventThread.run:190 
01-06 06:27:22.650     0     0 I [7 T2871  ..] [snd-soc]: update audio atmos flag! audio_type = 0
01-06 06:27:22.991     0     0 I [5 T2871  ..] [snd-soc]: update audio atmos flag! audio_type = 0
01-06 06:27:28.894  1367  1599 W ContextImpl: Calling a method in the system process without a qualified user: android.app.ContextImpl.sendBroadcast:1189 android.content.ContextWrapper.sendBroadcast:500 com.droidlogic.audioservice.services.AudioSystemCmdService$1.onUEvent:184 com.droidlogic.UEventObserver$UEventThread.sendEvent:213 com.droidlogic.UEventObserver$UEventThread.run:190 
01-06 06:27:23.381     0     0 I [4 T2871  ..] [snd-soc]: update audio atmos flag! audio_type = 0
01-06 06:27:29.283  1367  1599 W ContextImpl: Calling a method in the system process without a qualified user: android.app.ContextImpl.sendBroadcast:1189 android.content.ContextWrapper.sendBroadcast:500 com.droidlogic.audioservice.services.AudioSystemCmdService$1.onUEvent:184 com.droidlogic.UEventObserver$UEventThread.sendEvent:213 com.droidlogic.UEventObserver$UEventThread.run:190 
01-06 06:27:23.762     0     0 I [6 T2871  ..] [snd-soc]: update audio atmos flag! audio_type = 0
01-06 06:27:29.666  1367  1599 W ContextImpl: Calling a method in the system process without a qualified user: android.app.ContextImpl.sendBroadcast:1189 android.content.ContextWrapper.sendBroadcast:500 com.droidlogic.audioservice.services.AudioSystemCmdService$1.onUEvent:184 com.droidlogic.UEventObserver$UEventThread.sendEvent:213 com.droidlogic.UEventObserver$UEventThread.run:190 
01-06 06:27:25.381     0     0 I [4 T2871  ..] [snd-soc]: update audio atmos flag! audio_type = 0
01-06 06:27:31.283  1367  1599 W ContextImpl: Calling a method in the system process without a qualified user: android.app.ContextImpl.sendBroadcast:1189 android.content.ContextWrapper.sendBroadcast:500 com.droidlogic.audioservice.services.AudioSystemCmdService$1.onUEvent:184 com.droidlogic.UEventObserver$UEventThread.sendEvent:213 com.droidlogic.UEventObserver$UEventThread.run:190 
01-06 06:27:32.051  1367  1599 W ContextImpl: Calling a method in the system process without a qualified user: android.app.ContextImpl.sendBroadcast:1189 android.content.ContextWrapper.sendBroadcast:500 com.droidlogic.audioservice.services.AudioSystemCmdService$1.onUEvent:184 com.droidlogic.UEventObserver$UEventThread.sendEvent:213 com.droidlogic.UEventObserver$UEventThread.run:190 
01-06 06:27:26.148     0     0 I [7 T2871  ..] [snd-soc]: update audio atmos flag! audio_type = 0
01-06 06:27:32.569  1367  1599 W ContextImpl: Calling a method in the system process without a qualified user: android.app.ContextImpl.sendBroadcast:1189 android.content.ContextWrapper.sendBroadcast:500 com.droidlogic.audioservice.services.AudioSystemCmdService$1.onUEvent:184 com.droidlogic.UEventObserver$UEventThread.sendEvent:213 com.droidlogic.UEventObserver$UEventThread.run:190 
01-06 06:27:26.665     0     0 I [6 T2871  ..] [snd-soc]: update audio atmos flag! audio_type = 0
01-06 06:27:26.972     0     0 I [5 T2871  ..] [snd-soc]: update audio atmos flag! audio_type = 0
01-06 06:27:32.875  1367  1599 W ContextImpl: Calling a method in the system process without a qualified user: android.app.ContextImpl.sendBroadcast:1189 android.content.ContextWrapper.sendBroadcast:500 com.droidlogic.audioservice.services.AudioSystemCmdService$1.onUEvent:184 com.droidlogic.UEventObserver$UEventThread.sendEvent:213 com.droidlogic.UEventObserver$UEventThread.run:190 
01-06 06:27:27.306     0     0 I [7 T2871  ..] [snd-soc]: update audio atmos flag! audio_type = 0
01-06 06:27:33.209  1367  1599 W ContextImpl: Calling a method in the system process without a qualified user: android.app.ContextImpl.sendBroadcast:1189 android.content.ContextWrapper.sendBroadcast:500 com.droidlogic.audioservice.services.AudioSystemCmdService$1.onUEvent:184 com.droidlogic.UEventObserver$UEventThread.sendEvent:213 com.droidlogic.UEventObserver$UEventThread.run:190 
01-06 06:27:28.281     0     0 I [7 T2871  ..] [snd-soc]: update audio atmos flag! audio_type = 0
01-06 06:27:34.183  1367  1599 W ContextImpl: Calling a method in the system process without a qualified user: android.app.ContextImpl.sendBroadcast:1189 android.content.ContextWrapper.sendBroadcast:500 com.droidlogic.audioservice.services.AudioSystemCmdService$1.onUEvent:184 com.droidlogic.UEventObserver$UEventThread.sendEvent:213 com.droidlogic.UEventObserver$UEventThread.run:190 
01-06 06:27:28.684     0     0 I [5 T2871  ..] [snd-soc]: update audio atmos flag! audio_type = 0
01-06 06:27:34.589  1367  1599 W ContextImpl: Calling a method in the system process without a qualified user: android.app.ContextImpl.sendBroadcast:1189 android.content.ContextWrapper.sendBroadcast:500 com.droidlogic.audioservice.services.AudioSystemCmdService$1.onUEvent:184 com.droidlogic.UEventObserver$UEventThread.sendEvent:213 com.droidlogic.UEventObserver$UEventThread.run:190 
01-06 06:27:29.135     0     0 I [5 T2871  ..] [snd-soc]: update audio atmos flag! audio_type = 0
01-06 06:27:35.037  1367  1599 W ContextImpl: Calling a method in the system process without a qualified user: android.app.ContextImpl.sendBroadcast:1189 android.content.ContextWrapper.sendBroadcast:500 com.droidlogic.audioservice.services.AudioSystemCmdService$1.onUEvent:184 com.droidlogic.UEventObserver$UEventThread.sendEvent:213 com.droidlogic.UEventObserver$UEventThread.run:190 
01-06 06:27:29.445     0     0 I [7 T2871  ..] [snd-soc]: update audio atmos flag! audio_type = 0
01-06 06:27:35.347  1367  1599 W ContextImpl: Calling a method in the system process without a qualified user: android.app.ContextImpl.sendBroadcast:1189 android.content.ContextWrapper.sendBroadcast:500 com.droidlogic.audioservice.services.AudioSystemCmdService$1.onUEvent:184 com.droidlogic.UEventObserver$UEventThread.sendEvent:213 com.droidlogic.UEventObserver$UEventThread.run:190 
01-06 06:27:29.991     0     0 I [4 T2871  ..] [snd-soc]: update audio atmos flag! audio_type = 0
01-06 06:27:35.894  1367  1599 W ContextImpl: Calling a method in the system process without a qualified user: android.app.ContextImpl.sendBroadcast:1189 android.content.ContextWrapper.sendBroadcast:500 com.droidlogic.audioservice.services.AudioSystemCmdService$1.onUEvent:184 com.droidlogic.UEventObserver$UEventThread.sendEvent:213 com.droidlogic.UEventObserver$UEventThread.run:190 
01-06 06:27:30.642     0     0 I [7 T2871  ..] [snd-soc]: update audio atmos flag! audio_type = 0
01-06 06:27:36.546  1367  1599 W ContextImpl: Calling a method in the system process without a qualified user: android.app.ContextImpl.sendBroadcast:1189 android.content.ContextWrapper.sendBroadcast:500 com.droidlogic.audioservice.services.AudioSystemCmdService$1.onUEvent:184 com.droidlogic.UEventObserver$UEventThread.sendEvent:213 com.droidlogic.UEventObserver$UEventThread.run:190 
01-06 06:28:05.722     0     0 I [2 T1430  ..] [schedu][0x310f89552][06: 28:11.624153] wlan: [1430:I:OSIF] scan start scan id 41181
01-06 06:28:12.985   944   944 D HDMI    : [P]:AllocatedAddress=[]
01-06 06:28:07.288     0     0 I [2 T1430  ..] [schedu][0x311107cdd][06: 28:13.190756] wlan: [1430:I:OSIF] vdev 0, scan id 41181 type COMPLETED(1) reason COMPLETED(1) scan found 72 bss
01-06 06:28:13.571     0     0 W [1 T23190 ..] audit: audit_lost=95050 audit_rate_limit=5 audit_backlog_limit=64
01-06 06:28:13.571     0     0 E [1 T23190 ..] audit: rate limit exceeded
01-06 06:29:04.808   944   975 I UsageStatsService: User[0] Flushing usage stats to disk
01-06 06:29:05.699     0     0 I [2 T1430  ..] [schedu][0x3148bc4fc][06: 29:11.601794] wlan: [1430:I:OSIF] scan start scan id 41182
01-06 06:29:12.989   944   944 D HDMI    : [P]:AllocatedAddress=[]
01-06 06:29:07.300     0     0 I [4 T1430  ..] [schedu][0x314a42fcc][06: 29:13.202004] wlan: [1430:I:OSIF] vdev 0, scan id 41182 type COMPLETED(1) reason COMPLETED(1) scan found 75 bss
01-06 06:29:13.648     0     0 W [0 T23210 ..] audit: audit_lost=95273 audit_rate_limit=5 audit_backlog_limit=64
01-06 06:29:13.648     0     0 E [0 T23210 ..] audit: rate limit exceeded
01-06 06:29:55.910   944  1607 W ProcessStats: Tracking association SourceState{3ece10a com.brdgwtr.publisherservice/10044 BTopFgs #4251} whose proc state 2 is better than process ProcessState{d13fea com.brdgwtr.dms/10050 pkg=com.brdgwtr.dms} proc state 3 (1 skipped)
01-06 06:30:05.721     0     0 I [2 T1430  ..] [schedu][0x3181fa0f3][06: 30:11.623545] wlan: [1430:I:OSIF] scan start scan id 41183
01-06 06:30:13.001   944   944 D HDMI    : [P]:AllocatedAddress=[]
01-06 06:30:07.302     0     0 I [1 T1430  ..] [schedu][0x31837bfea][06: 30:13.204337] wlan: [1430:I:OSIF] vdev 0, scan id 41183 type COMPLETED(1) reason COMPLETED(1) scan found 80 bss
01-06 06:30:13.755     0     0 W [0 T23244 ..] audit: audit_lost=95550 audit_rate_limit=5 audit_backlog_limit=64
01-06 06:30:13.755     0     0 E [0 T23244 ..] audit: rate limit exceeded
01-06 06:31:05.724     0     0 I [3 T1430  ..] [schedu][0x31bb331cc][06: 31:11.626067] wlan: [1430:I:OSIF] scan start scan id 41184
01-06 06:31:13.001   944   944 D HDMI    : [P]:AllocatedAddress=[]
01-06 06:31:07.313     0     0 I [5 T1430  ..] [schedu][0x31bcb7250][06: 31:13.215448] wlan: [1430:I:OSIF] vdev 0, scan id 41184 type COMPLETED(1) reason COMPLETED(1) scan found 86 bss
01-06 06:31:13.836     0     0 W [0 T23274 ..] audit: audit_lost=95722 audit_rate_limit=5 audit_backlog_limit=64
01-06 06:31:13.836     0     0 E [0 T23274 ..] audit: rate limit exceeded
01-06 06:32:05.727     0     0 I [1 T1430  ..] [schedu][0x31f46c736][06: 32:11.629757] wlan: [1430:I:OSIF] scan start scan id 41185
01-06 06:32:12.993   944   944 D HDMI    : [P]:AllocatedAddress=[]
01-06 06:32:07.315     0     0 I [2 T1430  ..] [schedu][0x31f5f000d][06: 32:13.217172] wlan: [1430:I:OSIF] vdev 0, scan id 41185 type COMPLETED(1) reason COMPLETED(1) scan found 78 bss
01-06 06:32:18.467   944  1068 D CompatibilityChangeReporter: Compat change id reported: 218533173; UID 10095; state: ENABLED
01-06 06:32:13.925     0     0 W [3 T23295 ..] audit: audit_lost=95819 audit_rate_limit=5 audit_backlog_limit=64
01-06 06:32:13.925     0     0 E [3 T23295 ..] audit: rate limit exceeded
01-06 06:32:35.096   944  1078 D ActivityManager: freezing 16279 com.disney.disneyplus
01-06 06:32:35.099   944  1078 D ActivityManager: Reschedule freeze for process 16279 com.disney.disneyplus (outstanding txns)
01-06 06:32:29.194     0     0 I [1 T1078  ..] binder: 944:1078 ioctl 400c620e 7992d7a5e8 returned -11
01-06 06:33:05.724     0     0 I [2 T1430  ..] [schedu][0x322da40bc][06: 33:11.626307] wlan: [1430:I:OSIF] scan start scan id 41186
01-06 06:33:13.001   944   944 D HDMI    : [P]:AllocatedAddress=[]
01-06 06:33:07.322     0     0 I [2 T1430  ..] [schedu][0x322f2a146][06: 33:13.223885] wlan: [1430:I:OSIF] vdev 0, scan id 41186 type COMPLETED(1) reason COMPLETED(1) scan found 71 bss
01-06 06:33:14.006     0     0 W [1 T23320 ..] audit: audit_lost=95919 audit_rate_limit=5 audit_backlog_limit=64
01-06 06:33:14.006     0     0 E [1 T23320 ..] audit: rate limit exceeded
01-06 06:33:33.731   944  1078 D ActivityManager: freezing 10241 com.android.keychain
01-06 06:34:05.726     0     0 I [1 T1430  ..] [schedu][0x3266dd119][06: 34:11.628703] wlan: [1430:I:OSIF] scan start scan id 41187
01-06 06:34:13.013   944   944 D HDMI    : [P]:AllocatedAddress=[]
01-06 06:34:07.328     0     0 I [3 T1430  ..] [schedu][0x326864137][06: 34:13.230270] wlan: [1430:I:OSIF] vdev 0, scan id 41187 type COMPLETED(1) reason COMPLETED(1) scan found 72 bss
01-06 06:34:14.100     0     0 W [0 T23348 ..] audit: audit_lost=96025 audit_rate_limit=5 audit_backlog_limit=64
01-06 06:34:14.100     0     0 E [0 T23348 ..] audit: rate limit exceeded
01-06 06:34:46.008   944   944 W ProcessStats: Tracking association SourceState{952b5a8 system/1000 BTopFgs #4280} whose proc state 2 is better than process ProcessState{a2bd69d com.sonos.connectivity/10082 pkg=com.sonos.connectivity} proc state 3 (41 skipped)
01-06 06:35:05.736     0     0 I [3 T1430  ..] [schedu][0x32a017ee1][06: 35:11.638632] wlan: [1430:I:OSIF] scan start scan id 41188
01-06 06:35:13.013   944   944 D HDMI    : [P]:AllocatedAddress=[]
01-06 06:35:07.339     0     0 I [4 T1430  ..] [schedu][0x32a19f1c6][06: 35:13.240910] wlan: [1430:I:OSIF] vdev 0, scan id 41188 type COMPLETED(1) reason COMPLETED(1) scan found 72 bss
01-06 06:35:14.198     0     0 W [0 T23373 ..] audit: audit_lost=96293 audit_rate_limit=5 audit_backlog_limit=64
01-06 06:35:14.198     0     0 E [0 T23373 ..] audit: rate limit exceeded
01-06 06:36:05.746     0     0 I [7 T1430  ..] [schedu][0x32d952bdf][06: 36:11.648358] wlan: [1430:I:OSIF] scan start scan id 41189
01-06 06:36:13.017   944   944 D HDMI    : [P]:AllocatedAddress=[]
01-06 06:36:07.345     0     0 I [6 T1430  ..] [schedu][0x32dad92d9][06: 36:13.247585] wlan: [1430:I:OSIF] vdev 0, scan id 41189 type COMPLETED(1) reason COMPLETED(1) scan found 82 bss
01-06 06:36:14.303     0     0 W [0 T23394 ..] audit: audit_lost=96417 audit_rate_limit=5 audit_backlog_limit=64
01-06 06:36:14.303     0     0 E [0 T23394 ..] audit: rate limit exceeded
01-06 06:36:34.141   944  1955 I ActivityManager: Background started FGS: Allowed [callingPackage: com.brdgwtr.metrics.service; callingUid: 10043; uidState: BTOP; intent: Intent { act=ACTION_START_FOREGROUND cmp=com.brdgwtr.metrics.service/androidx.work.impl.foreground.SystemForegroundService (has extras) }; code:PROC_STATE_BTOP; tempAllowListReason:<null>; targetSdkVersion:30; callerTargetSdkVersion:30; startForegroundCount:0; bindFromPackage:null]
01-06 06:36:34.147   944  1955 W ProcessStats: Tracking association SourceState{952b5a8 system/1000 BTopFgs #4289} whose proc state 2 is better than process ProcessState{a2bd69d com.sonos.connectivity/10082 pkg=com.sonos.connectivity} proc state 3 (3 skipped)
01-06 06:36:34.149   944  1955 W ActivityManager: Foreground service started from background can not have location/camera/microphone access: service com.brdgwtr.metrics.service/androidx.work.impl.foreground.SystemForegroundService
01-06 06:36:34.151   944   976 I ActivityManager: Deferring FGS notification in legacy app com.brdgwtr.metrics.service/u0a43 : Notification(channel=EventLogSyncWorker shortcut=null contentView=null vibrate=null sound=null defaults=0x0 flags=0x42 color=0x00000000 vis=PRIVATE)
01-06 06:37:05.743     0     0 I [7 T1430  ..] [schedu][0x33128a58f][06: 37:11.644950] wlan: [1430:I:OSIF] scan start scan id 41190
01-06 06:37:13.025   944   944 D HDMI    : [P]:AllocatedAddress=[]
01-06 06:37:07.351     0     0 I [6 T1430  ..] [schedu][0x331413228][06: 37:13.253808] wlan: [1430:I:OSIF] vdev 0, scan id 41190 type COMPLETED(1) reason COMPLETED(1) scan found 67 bss
01-06 06:37:14.380     0     0 W [1 T23417 ..] audit: audit_lost=96502 audit_rate_limit=5 audit_backlog_limit=64
01-06 06:37:14.380     0     0 E [1 T23417 ..] audit: rate limit exceeded
01-06 06:38:05.748     0     0 I [2 T1430  ..] [schedu][0x334bc4123][06: 38:11.650218] wlan: [1430:I:OSIF] scan start scan id 41191
01-06 06:38:13.017   944   944 D HDMI    : [P]:AllocatedAddress=[]
01-06 06:38:07.357     0     0 I [6 T1430  ..] [schedu][0x334d4ce07][06: 38:13.259150] wlan: [1430:I:OSIF] vdev 0, scan id 41191 type COMPLETED(1) reason COMPLETED(1) scan found 77 bss
01-06 06:38:14.479     0     0 W [0 T23446 ..] audit: audit_lost=96578 audit_rate_limit=5 audit_backlog_limit=64
01-06 06:38:14.479     0     0 E [0 T23446 ..] audit: rate limit exceeded
01-06 06:39:05.754     0     0 I [3 T1430  ..] [schedu][0x3384fdfaf][06: 39:11.656246] wlan: [1430:I:OSIF] scan start scan id 41192
01-06 06:39:13.021   944   944 D HDMI    : [P]:AllocatedAddress=[]
01-06 06:39:07.364     0     0 I [6 T1430  ..] [schedu][0x33868715a][06: 39:13.266402] wlan: [1430:I:OSIF] vdev 0, scan id 41192 type COMPLETED(1) reason COMPLETED(1) scan found 78 bss
01-06 06:39:14.555     0     0 W [0 T23472 ..] audit: audit_lost=96648 audit_rate_limit=5 audit_backlog_limit=64
01-06 06:39:14.555     0     0 E [0 T23472 ..] audit: rate limit exceeded
01-06 06:39:57.743   944 21047 W ProcessStats: Tracking association SourceState{3ece10a com.brdgwtr.publisherservice/10044 BTopFgs #4304} whose proc state 2 is better than process ProcessState{d13fea com.brdgwtr.dms/10050 pkg=com.brdgwtr.dms} proc state 3 (5 skipped)
01-06 06:40:05.759     0     0 I [3 T1430  ..] [schedu][0x33be37c32][06: 40:11.661753] wlan: [1430:I:OSIF] scan start scan id 41193
01-06 06:40:13.029   944   944 D HDMI    : [P]:AllocatedAddress=[]
01-06 06:40:07.368     0     0 I [0 T1430  ..] [schedu][0x33bfc093e][06: 40:13.270725] wlan: [1430:I:OSIF] vdev 0, scan id 41193 type COMPLETED(1) reason COMPLETED(1) scan found 80 bss
01-06 06:40:14.647     0     0 W [0 T23510 ..] audit: audit_lost=96916 audit_rate_limit=5 audit_backlog_limit=64
01-06 06:40:14.647     0     0 E [0 T23510 ..] audit: rate limit exceeded
01-06 06:41:05.763     0     0 I [3 T1430  ..] [schedu][0x33f7711de][06: 41:11.665509] wlan: [1430:I:OSIF] scan start scan id 41194
01-06 06:41:13.025   944   944 D HDMI    : [P]:AllocatedAddress=[]
01-06 06:41:07.375     0     0 I [2 T1430  ..] [schedu][0x33f8fab64][06: 41:13.277675] wlan: [1430:I:OSIF] vdev 0, scan id 41194 type COMPLETED(1) reason COMPLETED(1) scan found 79 bss
01-06 06:41:14.741     0     0 W [0 T23547 ..] audit: audit_lost=97046 audit_rate_limit=5 audit_backlog_limit=64
01-06 06:41:14.741     0     0 E [0 T23547 ..] audit: rate limit exceeded
01-06 06:42:08.034   944   999 V DisplayPowerController[0]: Brightness [0.05] reason changing to: 'manual [ dim ]', previous reason: 'manual'.
01-06 06:42:08.034   944   999 I DisplayPowerController[0]: BrightnessEvent: disp=0, physDisp=local:4633127902230889483, brt=0.05, initBrt=0.39763778, rcmdBrt=NaN, preBrt=NaN, lux=0.0, preLux=0.0, hbmMax=1.0, hbmMode=off, rbcStrength=0, powerFactor=1.0, thrmMax=1.0, wasShortTermModelActive=false, flags=, reason=manual [ dim ], autoBrightness=false
01-06 06:42:08.041   944  1206 E DisplayDeviceConfig: requesting nits when no mapping exists.
01-06 06:42:08.042   944  1206 E DisplayDeviceConfig: requesting nits when no mapping exists.
01-06 06:42:08.043   944   976 I DropBoxManagerService: add tag=system_server_wtf isTagEnabled=true flags=0x2
01-06 06:42:08.046   944   976 I DropBoxManagerService: add tag=system_server_wtf isTagEnabled=true flags=0x2
01-06 06:42:08.057   944  1206 E DisplayDeviceConfig: requesting nits when no mapping exists.
01-06 06:42:08.057   944  1206 E DisplayDeviceConfig: requesting nits when no mapping exists.
01-06 06:42:08.059   944   976 I DropBoxManagerService: add tag=system_server_wtf isTagEnabled=true flags=0x2
01-06 06:42:08.063   944   976 I DropBoxManagerService: add tag=system_server_wtf isTagEnabled=true flags=0x2
01-06 06:42:08.074   944  1206 E DisplayDeviceConfig: requesting nits when no mapping exists.
01-06 06:42:08.075   944  1206 E DisplayDeviceConfig: requesting nits when no mapping exists.
01-06 06:42:08.076   944   976 I DropBoxManagerService: add tag=system_server_wtf isTagEnabled=true flags=0x2
01-06 06:42:08.077   944   976 I DropBoxManagerService: add tag=system_server_wtf isTagEnabled=true flags=0x2
01-06 06:42:08.091   944  1206 E DisplayDeviceConfig: requesting nits when no mapping exists.
01-06 06:42:08.092   944  1206 E DisplayDeviceConfig: requesting nits when no mapping exists.
01-06 06:42:08.107   944  1206 E DisplayDeviceConfig: requesting nits when no mapping exists.
01-06 06:42:08.108   944  1206 E DisplayDeviceConfig: requesting nits when no mapping exists.
01-06 06:42:08.123   944  1206 E DisplayDeviceConfig: requesting nits when no mapping exists.
01-06 06:42:08.124   944  1206 E DisplayDeviceConfig: requesting nits when no mapping exists.
01-06 06:42:08.140   944  1206 E DisplayDeviceConfig: requesting nits when no mapping exists.
01-06 06:42:08.141   944  1206 E DisplayDeviceConfig: requesting nits when no mapping exists.
01-06 06:42:08.158   944  1206 E DisplayDeviceConfig: requesting nits when no mapping exists.
01-06 06:42:08.159   944  1206 E DisplayDeviceConfig: requesting nits when no mapping exists.
01-06 06:42:08.174   944  1206 E DisplayDeviceConfig: requesting nits when no mapping exists.
01-06 06:42:08.174   944  1206 E DisplayDeviceConfig: requesting nits when no mapping exists.
01-06 06:42:08.191   944  1206 E DisplayDeviceConfig: requesting nits when no mapping exists.
01-06 06:42:08.192   944  1206 E DisplayDeviceConfig: requesting nits when no mapping exists.
01-06 06:42:08.207   944  1206 E DisplayDeviceConfig: requesting nits when no mapping exists.
01-06 06:42:08.208   944  1206 E DisplayDeviceConfig: requesting nits when no mapping exists.
01-06 06:42:08.225   944  1206 E DisplayDeviceConfig: requesting nits when no mapping exists.
01-06 06:42:08.226   944  1206 E DisplayDeviceConfig: requesting nits when no mapping exists.
01-06 06:42:08.241   944  1206 E DisplayDeviceConfig: requesting nits when no mapping exists.
01-06 06:42:08.242   944  1206 E DisplayDeviceConfig: requesting nits when no mapping exists.
01-06 06:42:08.257   944  1206 E DisplayDeviceConfig: requesting nits when no mapping exists.
01-06 06:42:08.258   944  1206 E DisplayDeviceConfig: requesting nits when no mapping exists.
01-06 06:42:08.274   944  1206 E DisplayDeviceConfig: requesting nits when no mapping exists.
01-06 06:42:08.275   944  1206 E DisplayDeviceConfig: requesting nits when no mapping exists.
01-06 06:42:08.291   944  1206 E DisplayDeviceConfig: requesting nits when no mapping exists.
01-06 06:42:08.292   944  1206 E DisplayDeviceConfig: requesting nits when no mapping exists.
01-06 06:42:08.308   944  1206 E DisplayDeviceConfig: requesting nits when no mapping exists.
01-06 06:42:08.309   944  1206 E DisplayDeviceConfig: requesting nits when no mapping exists.
01-06 06:42:08.324   944  1206 E DisplayDeviceConfig: requesting nits when no mapping exists.
01-06 06:42:08.324   944  1206 E DisplayDeviceConfig: requesting nits when no mapping exists.
01-06 06:42:08.341   944  1206 E DisplayDeviceConfig: requesting nits when no mapping exists.
01-06 06:42:08.341   944  1206 E DisplayDeviceConfig: requesting nits when no mapping exists.
01-06 06:42:08.357   944  1206 E DisplayDeviceConfig: requesting nits when no mapping exists.
01-06 06:42:08.358   944  1206 E DisplayDeviceConfig: requesting nits when no mapping exists.
01-06 06:42:08.375   944  1206 E DisplayDeviceConfig: requesting nits when no mapping exists.
01-06 06:42:08.376   944  1206 E DisplayDeviceConfig: requesting nits when no mapping exists.
01-06 06:42:08.391   944  1206 E DisplayDeviceConfig: requesting nits when no mapping exists.
01-06 06:42:08.392   944  1206 E DisplayDeviceConfig: requesting nits when no mapping exists.
01-06 06:42:08.408   944  1206 E DisplayDeviceConfig: requesting nits when no mapping exists.
01-06 06:42:08.408   944  1206 E DisplayDeviceConfig: requesting nits when no mapping exists.
01-06 06:42:08.424   944  1206 E DisplayDeviceConfig: requesting nits when no mapping exists.
01-06 06:42:08.426   944  1206 E DisplayDeviceConfig: requesting nits when no mapping exists.
01-06 06:42:08.441   944  1206 E DisplayDeviceConfig: requesting nits when no mapping exists.
01-06 06:42:08.442   944  1206 E DisplayDeviceConfig: requesting nits when no mapping exists.
01-06 06:42:08.457   944  1206 E DisplayDeviceConfig: requesting nits when no mapping exists.
01-06 06:42:08.457   944  1206 E DisplayDeviceConfig: requesting nits when no mapping exists.
01-06 06:42:08.474   944  1206 E DisplayDeviceConfig: requesting nits when no mapping exists.
01-06 06:42:08.476   944  1206 E DisplayDeviceConfig: requesting nits when no mapping exists.
01-06 06:42:08.491   944  1206 E DisplayDeviceConfig: requesting nits when no mapping exists.
01-06 06:42:08.492   944  1206 E DisplayDeviceConfig: requesting nits when no mapping exists.
01-06 06:42:08.508   944  1206 E DisplayDeviceConfig: requesting nits when no mapping exists.
01-06 06:42:08.509   944  1206 E DisplayDeviceConfig: requesting nits when no mapping exists.
01-06 06:42:08.524   944  1206 E DisplayDeviceConfig: requesting nits when no mapping exists.
01-06 06:42:08.525   944  1206 E DisplayDeviceConfig: requesting nits when no mapping exists.
01-06 06:42:08.542   944  1206 E DisplayDeviceConfig: requesting nits when no mapping exists.
01-06 06:42:08.543   944  1206 E DisplayDeviceConfig: requesting nits when no mapping exists.
01-06 06:42:08.558   944  1206 E DisplayDeviceConfig: requesting nits when no mapping exists.
01-06 06:42:08.559   944  1206 E DisplayDeviceConfig: requesting nits when no mapping exists.
01-06 06:42:08.574   944  1206 E DisplayDeviceConfig: requesting nits when no mapping exists.
01-06 06:42:08.575   944  1206 E DisplayDeviceConfig: requesting nits when no mapping exists.
01-06 06:42:08.591   944  1206 E DisplayDeviceConfig: requesting nits when no mapping exists.
01-06 06:42:08.591   944  1206 E DisplayDeviceConfig: requesting nits when no mapping exists.
01-06 06:42:08.609   944  1206 E DisplayDeviceConfig: requesting nits when no mapping exists.
01-06 06:42:08.609   944  1206 E DisplayDeviceConfig: requesting nits when no mapping exists.
01-06 06:42:08.624   944  1206 E DisplayDeviceConfig: requesting nits when no mapping exists.
01-06 06:42:08.625   944  1206 E DisplayDeviceConfig: requesting nits when no mapping exists.
01-06 06:42:08.641   944  1206 E DisplayDeviceConfig: requesting nits when no mapping exists.
01-06 06:42:08.642   944  1206 E DisplayDeviceConfig: requesting nits when no mapping exists.
01-06 06:42:08.658   944  1206 E DisplayDeviceConfig: requesting nits when no mapping exists.
01-06 06:42:08.659   944  1206 E DisplayDeviceConfig: requesting nits when no mapping exists.
01-06 06:42:08.674   944   999 I DisplayPowerController[0]: BrightnessEvent: disp=0, physDisp=local:4633127902230889483, brt=0.05, initBrt=0.05, rcmdBrt=NaN, preBrt=NaN, lux=0.0, preLux=0.0, hbmMax=1.0, hbmMode=off, rbcStrength=0, powerFactor=1.0, thrmMax=1.0, wasShortTermModelActive=false, flags=, reason=manual [ dim ], autoBrightness=false
01-06 06:42:08.674   944  1206 E DisplayDeviceConfig: requesting nits when no mapping exists.
01-06 06:42:08.675   944  1206 E DisplayDeviceConfig: requesting nits when no mapping exists.
01-06 06:42:05.763     0     0 I [6 T1430  ..] [schedu][0x3430a9779][06: 42:11.665152] wlan: [1430:I:OSIF] scan start scan id 41195
01-06 06:42:13.049   944   944 D HDMI    : [P]:AllocatedAddress=[]
01-06 06:42:07.381     0     0 I [2 T1430  ..] [schedu][0x343234777][06: 42:13.283069] wlan: [1430:I:OSIF] vdev 0, scan id 41195 type COMPLETED(1) reason COMPLETED(1) scan found 68 bss
01-06 06:42:14.815     0     0 W [2 T23602 ..] audit: audit_lost=97155 audit_rate_limit=5 audit_backlog_limit=64
01-06 06:42:14.815     0     0 E [2 T23602 ..] audit: rate limit exceeded
01-06 06:42:22.131   944   999 V DisplayPowerController[0]: Brightness [0.39763778] reason changing to: 'manual', previous reason: 'manual [ dim ]'.
01-06 06:42:22.131   944   999 I DisplayPowerController[0]: BrightnessEvent: disp=0, physDisp=local:4633127902230889483, brt=0.39763778, initBrt=0.05, rcmdBrt=NaN, preBrt=NaN, lux=0.0, preLux=0.0, hbmMax=1.0, hbmMode=off, rbcStrength=0, powerFactor=1.0, thrmMax=1.0, wasShortTermModelActive=false, flags=, reason=manual, autoBrightness=false
01-06 06:42:22.154   944  1206 E DisplayDeviceConfig: requesting nits when no mapping exists.
01-06 06:42:22.155   944  1206 E DisplayDeviceConfig: requesting nits when no mapping exists.
01-06 06:42:16.267     0     0 I [7 T2871  ..] [snd-soc]: update audio atmos flag! audio_type = 0
01-06 06:42:22.170  1367  1599 W ContextImpl: Calling a method in the system process without a qualified user: android.app.ContextImpl.sendBroadcast:1189 android.content.ContextWrapper.sendBroadcast:500 com.droidlogic.audioservice.services.AudioSystemCmdService$1.onUEvent:184 com.droidlogic.UEventObserver$UEventThread.sendEvent:213 com.droidlogic.UEventObserver$UEventThread.run:190 
01-06 06:42:22.185   944  1206 E DisplayDeviceConfig: requesting nits when no mapping exists.
01-06 06:42:22.185   944  1206 E DisplayDeviceConfig: requesting nits when no mapping exists.
01-06 06:42:22.194   944  1206 E DisplayDeviceConfig: requesting nits when no mapping exists.
01-06 06:42:22.195   944  1206 E DisplayDeviceConfig: requesting nits when no mapping exists.
01-06 06:42:22.205   944  1206 E DisplayDeviceConfig: requesting nits when no mapping exists.
01-06 06:42:22.205   944  1206 E DisplayDeviceConfig: requesting nits when no mapping exists.
01-06 06:42:22.221   944  1206 E DisplayDeviceConfig: requesting nits when no mapping exists.
01-06 06:42:22.222   944  1206 E DisplayDeviceConfig: requesting nits when no mapping exists.
01-06 06:42:22.237   944  1206 E DisplayDeviceConfig: requesting nits when no mapping exists.
01-06 06:42:22.237   944  1206 E DisplayDeviceConfig: requesting nits when no mapping exists.
01-06 06:42:22.255   944  1206 E DisplayDeviceConfig: requesting nits when no mapping exists.
01-06 06:42:22.257   944  1206 E DisplayDeviceConfig: requesting nits when no mapping exists.
01-06 06:42:22.270   944  1206 E DisplayDeviceConfig: requesting nits when no mapping exists.
01-06 06:42:22.271   944  1206 E DisplayDeviceConfig: requesting nits when no mapping exists.
01-06 06:42:22.287   944  1206 E DisplayDeviceConfig: requesting nits when no mapping exists.
01-06 06:42:22.288   944  1206 E DisplayDeviceConfig: requesting nits when no mapping exists.
01-06 06:42:22.305   944  1206 E DisplayDeviceConfig: requesting nits when no mapping exists.
01-06 06:42:22.306   944  1206 E DisplayDeviceConfig: requesting nits when no mapping exists.
01-06 06:42:22.322   944  1206 E DisplayDeviceConfig: requesting nits when no mapping exists.
01-06 06:42:22.323   944  1206 E DisplayDeviceConfig: requesting nits when no mapping exists.
01-06 06:42:22.338   944  1206 E DisplayDeviceConfig: requesting nits when no mapping exists.
01-06 06:42:22.340   944  1206 E DisplayDeviceConfig: requesting nits when no mapping exists.
01-06 06:42:22.355   944  1206 E DisplayDeviceConfig: requesting nits when no mapping exists.
01-06 06:42:22.356   944  1206 E DisplayDeviceConfig: requesting nits when no mapping exists.
01-06 06:42:22.371   944  1206 E DisplayDeviceConfig: requesting nits when no mapping exists.
01-06 06:42:22.373   944  1206 E DisplayDeviceConfig: requesting nits when no mapping exists.
01-06 06:42:22.388   944  1206 E DisplayDeviceConfig: requesting nits when no mapping exists.
01-06 06:42:22.389   944  1206 E DisplayDeviceConfig: requesting nits when no mapping exists.
01-06 06:42:22.405   944  1206 E DisplayDeviceConfig: requesting nits when no mapping exists.
01-06 06:42:22.406   944  1206 E DisplayDeviceConfig: requesting nits when no mapping exists.
01-06 06:42:22.421   944  1206 E DisplayDeviceConfig: requesting nits when no mapping exists.
01-06 06:42:22.422   944  1206 E DisplayDeviceConfig: requesting nits when no mapping exists.
01-06 06:42:22.438   944  1206 E DisplayDeviceConfig: requesting nits when no mapping exists.
01-06 06:42:22.438   944  1206 E DisplayDeviceConfig: requesting nits when no mapping exists.
01-06 06:42:22.454   944  1206 E DisplayDeviceConfig: requesting nits when no mapping exists.
01-06 06:42:22.455   944  1206 E DisplayDeviceConfig: requesting nits when no mapping exists.
01-06 06:42:22.471   944  1206 E DisplayDeviceConfig: requesting nits when no mapping exists.
01-06 06:42:22.472   944  1206 E DisplayDeviceConfig: requesting nits when no mapping exists.
01-06 06:42:22.488   944  1206 E DisplayDeviceConfig: requesting nits when no mapping exists.
01-06 06:42:22.489   944  1206 E DisplayDeviceConfig: requesting nits when no mapping exists.
01-06 06:42:22.505   944  1206 E DisplayDeviceConfig: requesting nits when no mapping exists.
01-06 06:42:22.506   944  1206 E DisplayDeviceConfig: requesting nits when no mapping exists.
01-06 06:42:22.521   944  1206 E DisplayDeviceConfig: requesting nits when no mapping exists.
01-06 06:42:22.521   944  1206 E DisplayDeviceConfig: requesting nits when no mapping exists.
01-06 06:42:22.538   944  1206 E DisplayDeviceConfig: requesting nits when no mapping exists.
01-06 06:42:22.539   944  1206 E DisplayDeviceConfig: requesting nits when no mapping exists.
01-06 06:42:22.554   944  1206 E DisplayDeviceConfig: requesting nits when no mapping exists.
01-06 06:42:22.555   944  1206 E DisplayDeviceConfig: requesting nits when no mapping exists.
01-06 06:42:22.571   944  1206 E DisplayDeviceConfig: requesting nits when no mapping exists.
01-06 06:42:22.572   944  1206 E DisplayDeviceConfig: requesting nits when no mapping exists.
01-06 06:42:22.587   944  1206 E DisplayDeviceConfig: requesting nits when no mapping exists.
01-06 06:42:22.588   944  1206 E DisplayDeviceConfig: requesting nits when no mapping exists.
01-06 06:42:22.605   944  1206 E DisplayDeviceConfig: requesting nits when no mapping exists.
01-06 06:42:22.606   944  1206 E DisplayDeviceConfig: requesting nits when no mapping exists.
01-06 06:42:22.621   944  1206 E DisplayDeviceConfig: requesting nits when no mapping exists.
01-06 06:42:22.622   944  1206 E DisplayDeviceConfig: requesting nits when no mapping exists.
01-06 06:42:22.638   944  1206 E DisplayDeviceConfig: requesting nits when no mapping exists.
01-06 06:42:22.639   944  1206 E DisplayDeviceConfig: requesting nits when no mapping exists.
01-06 06:42:22.654   944  1206 E DisplayDeviceConfig: requesting nits when no mapping exists.
01-06 06:42:22.655   944  1206 E DisplayDeviceConfig: requesting nits when no mapping exists.
01-06 06:42:22.671   944  1206 E DisplayDeviceConfig: requesting nits when no mapping exists.
01-06 06:42:22.672   944  1206 E DisplayDeviceConfig: requesting nits when no mapping exists.
01-06 06:42:22.688   944  1206 E DisplayDeviceConfig: requesting nits when no mapping exists.
01-06 06:42:22.689   944  1206 E DisplayDeviceConfig: requesting nits when no mapping exists.
01-06 06:42:22.704   944  1206 E DisplayDeviceConfig: requesting nits when no mapping exists.
01-06 06:42:22.705   944  1206 E DisplayDeviceConfig: requesting nits when no mapping exists.
01-06 06:42:22.721   944  1206 E DisplayDeviceConfig: requesting nits when no mapping exists.
01-06 06:42:22.722   944  1206 E DisplayDeviceConfig: requesting nits when no mapping exists.
01-06 06:42:22.738   944  1206 E DisplayDeviceConfig: requesting nits when no mapping exists.
01-06 06:42:22.739   944  1206 E DisplayDeviceConfig: requesting nits when no mapping exists.
01-06 06:42:22.755   944  1206 E DisplayDeviceConfig: requesting nits when no mapping exists.
01-06 06:42:22.756   944  1206 E DisplayDeviceConfig: requesting nits when no mapping exists.
01-06 06:42:22.771   944   999 I DisplayPowerController[0]: BrightnessEvent: disp=0, physDisp=local:4633127902230889483, brt=0.39763778, initBrt=0.39763778, rcmdBrt=NaN, preBrt=NaN, lux=0.0, preLux=0.0, hbmMax=1.0, hbmMode=off, rbcStrength=0, powerFactor=1.0, thrmMax=1.0, wasShortTermModelActive=false, flags=, reason=manual, autoBrightness=false
01-06 06:42:22.772   944  1206 E DisplayDeviceConfig: requesting nits when no mapping exists.
01-06 06:42:22.773   944  1206 E DisplayDeviceConfig: requesting nits when no mapping exists.
01-06 06:42:16.929     0     0 I [6 T2871  ..] [snd-soc]: update audio atmos flag! audio_type = 0
01-06 06:42:22.831  1367  1599 W ContextImpl: Calling a method in the system process without a qualified user: android.app.ContextImpl.sendBroadcast:1189 android.content.ContextWrapper.sendBroadcast:500 com.droidlogic.audioservice.services.AudioSystemCmdService$1.onUEvent:184 com.droidlogic.UEventObserver$UEventThread.sendEvent:213 com.droidlogic.UEventObserver$UEventThread.run:190 
