01-07 03:34:17.036   929   929 V SystemServerTiming: OnBootPhase_550_com.android.server.biometrics.AuthService took to complete: 0ms
01-07 03:34:17.036   929   929 D SystemServerTiming: OnBootPhase_550_com.android.server.pm.ShortcutService$Lifecycle
01-07 03:34:17.036   929   929 V SystemServerTiming: OnBootPhase_550_com.android.server.pm.ShortcutService$Lifecycle took to complete: 0ms
01-07 03:34:17.036   929   929 D SystemServerTiming: OnBootPhase_550_com.android.server.pm.LauncherAppsService
01-07 03:34:17.036   929   929 V SystemServerTiming: OnBootPhase_550_com.android.server.pm.LauncherAppsService took to complete: 0ms
01-07 03:34:17.036   929   929 D SystemServerTiming: OnBootPhase_550_com.android.server.pm.CrossProfileAppsService
01-07 03:34:17.036   929   929 V SystemServerTiming: OnBootPhase_550_com.android.server.pm.CrossProfileAppsService took to complete: 0ms
01-07 03:34:17.037   929  1176 E UsbPortManager: port status enquiry failed
01-07 03:34:17.037   929   929 D SystemServerTiming: OnBootPhase_550_com.android.server.people.PeopleService
01-07 03:34:17.037   929   929 V SystemServerTiming: OnBootPhase_550_com.android.server.people.PeopleService took to complete: 0ms
01-07 03:34:17.037   929   929 D SystemServerTiming: OnBootPhase_550_com.android.server.media.metrics.MediaMetricsManagerService
01-07 03:34:17.037   929   929 V SystemServerTiming: OnBootPhase_550_com.android.server.media.metrics.MediaMetricsManagerService took to complete: 0ms
01-07 03:34:17.037   929   929 D SystemServerTiming: OnBootPhase_550_com.android.server.media.projection.MediaProjectionManagerService
01-07 03:34:17.037   929   929 V SystemServerTiming: OnBootPhase_550_com.android.server.media.projection.MediaProjectionManagerService took to complete: 0ms
01-07 03:34:17.037   929   929 D SystemServerTiming: OnBootPhase_550_com.android.server.slice.SliceManagerService$Lifecycle
01-07 03:34:17.037   929   929 V SystemServerTiming: OnBootPhase_550_com.android.server.slice.SliceManagerService$Lifecycle took to complete: 0ms
01-07 03:34:17.037   929   929 D SystemServerTiming: OnBootPhase_550_com.android.server.stats.StatsCompanion$Lifecycle
01-07 03:34:17.037   929   929 V SystemServerTiming: OnBootPhase_550_com.android.server.stats.StatsCompanion$Lifecycle took to complete: 0ms
01-07 03:34:17.037   929   929 D SystemServerTiming: OnBootPhase_550_com.android.server.scheduling.RebootReadinessManagerService$Lifecycle
01-07 03:34:17.037   929   929 V SystemServerTiming: OnBootPhase_550_com.android.server.scheduling.RebootReadinessManagerService$Lifecycle took to complete: 0ms
01-07 03:34:17.037   929   929 D SystemServerTiming: OnBootPhase_550_com.android.server.stats.pull.StatsPullAtomService
01-07 03:34:17.037   929   929 V SystemServerTiming: OnBootPhase_550_com.android.server.stats.pull.StatsPullAtomService took to complete: 0ms
01-07 03:34:17.037   929   929 D SystemServerTiming: OnBootPhase_550_com.android.server.stats.bootstrap.StatsBootstrapAtomService$Lifecycle
01-07 03:34:17.037   929   929 V SystemServerTiming: OnBootPhase_550_com.android.server.stats.bootstrap.StatsBootstrapAtomService$Lifecycle took to complete: 0ms
01-07 03:34:17.037   929   929 D SystemServerTiming: OnBootPhase_550_com.android.server.incident.IncidentCompanionService
01-07 03:34:17.037   929   929 V SystemServerTiming: OnBootPhase_550_com.android.server.incident.IncidentCompanionService took to complete: 0ms
01-07 03:34:17.037   929   929 D SystemServerTiming: OnBootPhase_550_com.android.server.sdksandbox.SdkSandboxManagerService$Lifecycle
01-07 03:34:17.037   929   929 V SystemServerTiming: OnBootPhase_550_com.android.server.sdksandbox.SdkSandboxManagerService$Lifecycle took to complete: 0ms
01-07 03:34:17.037   929   929 D SystemServerTiming: OnBootPhase_550_com.android.server.adservices.AdServicesManagerService$Lifecycle
01-07 03:34:17.037   929   929 V SystemServerTiming: OnBootPhase_550_com.android.server.adservices.AdServicesManagerService$Lifecycle took to complete: 0ms
01-07 03:34:17.037   929   929 D SystemServerTiming: OnBootPhase_550_com.android.server.autofill.AutofillManagerService
01-07 03:34:17.037   929   929 V SystemServerTiming: OnBootPhase_550_com.android.server.autofill.AutofillManagerService took to complete: 0ms
01-07 03:34:17.037   929   929 D SystemServerTiming: OnBootPhase_550_com.android.server.clipboard.ClipboardService
01-07 03:34:17.037   929   929 V SystemServerTiming: OnBootPhase_550_com.android.server.clipboard.ClipboardService took to complete: 0ms
01-07 03:34:17.037   929   929 D SystemServerTiming: OnBootPhase_550_com.android.server.appbinding.AppBindingService$Lifecycle
01-07 03:34:17.038   929   929 I AppBindingService: Updating constants with: null
01-07 03:34:17.038   929   929 V SystemServerTiming: OnBootPhase_550_com.android.server.appbinding.AppBindingService$Lifecycle took to complete: 0ms
01-07 03:34:17.038   929   929 D SystemServerTiming: OnBootPhase_550_com.android.server.tracing.TracingServiceProxy
01-07 03:34:17.038   929   929 V SystemServerTiming: OnBootPhase_550_com.android.server.tracing.TracingServiceProxy took to complete: 0ms
01-07 03:34:17.038   929   929 D SystemServerTiming: OnBootPhase_550_com.android.server.policy.PermissionPolicyService
01-07 03:34:17.039   929   929 D SystemServerTiming: Permission_grant_default_permissions-0
01-07 03:34:17.039   929   929 V SystemServerTiming: Permission_grant_default_permissions-0 took to complete: 0ms
01-07 03:34:17.039   929   929 D SystemServerTiming: Permission_synchronize_permissions-0
01-07 03:34:17.039   929   929 D SystemServerTiming: Permission_synchronize_addPackages-0
01-07 03:34:17.041   929  1168 D AudioService: updateHdmiAudioSystemClient false
01-07 03:34:17.041   929  1168 D AudioService: setHdmiSystemAudioSupported false
01-07 03:34:17.044   929   968 I ActivityManager: Start proc 1223:com.android.systemui/u0a70 for service {com.android.systemui/com.android.systemui.wallpapers.ImageWallpaper}
01-07 03:34:17.046   929  1168 D AudioService: No vibrator found
01-07 03:34:17.056   929   929 V SystemServerTiming: Permission_synchronize_addPackages-0 took to complete: 17ms
01-07 03:34:17.056   929   929 D SystemServerTiming: Permission_syncPackages-0
01-07 03:34:17.063   929   929 V SystemServerTiming: Permission_syncPackages-0 took to complete: 7ms
01-07 03:34:17.063   929   929 V SystemServerTiming: Permission_synchronize_permissions-0 took to complete: 24ms
01-07 03:34:17.063   929   929 D SystemServerTiming: Permission_onInitialized-0
01-07 03:34:17.063   929   929 I PackageManager: Permission ownership changed. Updating all permissions.
01-07 03:34:17.078   929  1210 D CompatibilityChangeReporter: Compat change id reported: 168419799; UID 10070; state: DISABLED
01-07 03:34:17.083   929   929 W PackageManager: Package android.ext.services is an APK in APEX, but has permission allowlist on the system image. Please bundle the allowlist in the com.android.extservices APEX instead.
01-07 03:34:17.083   929   929 W PackageManager: Package android.ext.services is an APK in APEX, but has permission allowlist on the system image. Please bundle the allowlist in the com.android.extservices APEX instead.
01-07 03:34:17.083   929   929 W PackageManager: Package android.ext.services is an APK in APEX, but has permission allowlist on the system image. Please bundle the allowlist in the com.android.extservices APEX instead.
01-07 03:34:17.083   929   929 W PackageManager: Package android.ext.services is an APK in APEX, but has permission allowlist on the system image. Please bundle the allowlist in the com.android.extservices APEX instead.
01-07 03:34:17.111     0     0 D [5 T87    ..] cnss: MHI status cb is called with reason MISSION_MODE(5)
01-07 03:34:17.111     0     0 D [4 T8     ..] cnss: MSI base data is 1
01-07 03:34:17.111     0     0 D [4 T520   ..] cnss: Completed event: REGISTER_DRIVER(7), state: 0x400010, ret: 0/0
01-07 03:34:17.112   520   520 E android.hardware.wifi@1.0-service.droidlogic: check loading wifi driver is ok...
01-07 03:34:17.121     0     0 D [7 T8     ..] cnss: WLFW server arriving: node 7 port 1
01-07 03:34:17.121     0     0 D [7 T8     ..] cnss: Posting event: SERVER_ARRIVE(0), state: 0x400010 flags: 0x0
01-07 03:34:17.121     0     0 D [7 T8     ..] cnss: Processing driver event: SERVER_ARRIVE(0), state: 0x400010
01-07 03:34:17.121     0     0 I [7 T8     ..] cnss: QMI WLFW service connected, state: 0x400011
01-07 03:34:17.121     0     0 D [7 T8     ..] cnss: Sending indication register message, state: 0x400011
01-07 03:34:17.122     0     0 D [5 T8     ..] cnss: Sending host capability message, state: 0x400011
01-07 03:34:17.122     0     0 D [5 T8     ..] cnss: Number of clients is 1
01-07 03:34:17.122     0     0 D [5 T8     ..] cnss: Assign MSI to user: WAKE, num_vectors: 1, user_base_data: 1, base_vector: 0
01-07 03:34:17.122     0     0 D [5 T8     ..] cnss: WAKE MSI base data is 1
01-07 03:34:17.122     0     0 D [5 T8     ..] cnss: Calibration done is 0
01-07 03:34:17.122     0     0 D [5 T8     ..] cnss: Sending feature list 0x0
01-07 03:34:17.122     0     0 D [4 T8     ..] cnss: Received QMI WLFW request memory indication
01-07 03:34:17.122     0     0 D [4 T8     ..] cnss: FW requests for memory, size: 0x6b0000, type: 1
01-07 03:34:17.122     0     0 D [4 T8     ..] cnss: FW requests for memory, size: 0x810000, type: 4
01-07 03:34:17.122     0     0 D [4 T8     ..] cnss: FW requests for memory, size: 0x10000, type: 10
01-07 03:34:17.123     0     0 D [4 T8     ..] cnss: Posting event: REQUEST_MEM(2), state: 0x400011 flags: 0x0
01-07 03:34:17.123     0     0 D [4 T8     ..] cnss: Processing driver event: REQUEST_MEM(2), state: 0x400011
01-07 03:34:17.125   929   929 W PackageManager: Package com.android.providers.media.module is an APK in APEX, but has permission allowlist on the system image. Please bundle the allowlist in the com.android.mediaprovider APEX instead.
01-07 03:34:17.125   929   929 W PackageManager: Package com.android.providers.media.module is an APK in APEX, but has permission allowlist on the system image. Please bundle the allowlist in the com.android.mediaprovider APEX instead.
01-07 03:34:17.125   929   929 W PackageManager: Package com.android.providers.media.module is an APK in APEX, but has permission allowlist on the system image. Please bundle the allowlist in the com.android.mediaprovider APEX instead.
01-07 03:34:17.125   929   929 W PackageManager: Package com.android.providers.media.module is an APK in APEX, but has permission allowlist on the system image. Please bundle the allowlist in the com.android.mediaprovider APEX instead.
01-07 03:34:17.126   929   929 W PackageManager: Package com.android.providers.media.module is an APK in APEX, but has permission allowlist on the system image. Please bundle the allowlist in the com.android.mediaprovider APEX instead.
01-07 03:34:17.126   929   929 W PackageManager: Package com.android.providers.media.module is an APK in APEX, but has permission allowlist on the system image. Please bundle the allowlist in the com.android.mediaprovider APEX instead.
01-07 03:34:17.126   929   929 W PackageManager: Package com.android.providers.media.module is an APK in APEX, but has permission allowlist on the system image. Please bundle the allowlist in the com.android.mediaprovider APEX instead.
01-07 03:34:17.126   929   929 W PackageManager: Package com.android.providers.media.module is an APK in APEX, but has permission allowlist on the system image. Please bundle the allowlist in the com.android.mediaprovider APEX instead.
01-07 03:34:17.127   929   929 W PackageManager: Package com.android.providers.media.module is an APK in APEX, but has permission allowlist on the system image. Please bundle the allowlist in the com.android.mediaprovider APEX instead.
01-07 03:34:17.127   929   929 W PackageManager: Package com.android.providers.media.module is an APK in APEX, but has permission allowlist on the system image. Please bundle the allowlist in the com.android.mediaprovider APEX instead.
01-07 03:34:17.127   929   929 W PackageManager: Package com.android.providers.media.module is an APK in APEX, but has permission allowlist on the system image. Please bundle the allowlist in the com.android.mediaprovider APEX instead.
01-07 03:34:17.127   929   929 W PackageManager: Package com.android.providers.media.module is an APK in APEX, but has permission allowlist on the system image. Please bundle the allowlist in the com.android.mediaprovider APEX instead.
01-07 03:34:17.128   929   929 W PackageManager: Package com.android.providers.media.module is an APK in APEX, but has permission allowlist on the system image. Please bundle the allowlist in the com.android.mediaprovider APEX instead.
01-07 03:34:17.133     0     0 E [7 T8     ..] cnss: remote mem vaddr=0x0000000042aa4424 size=6b0000
01-07 03:34:17.146   929   929 V SystemServerTiming: Permission_onInitialized-0 took to complete: 83ms
01-07 03:34:17.146   929   929 W SystemServiceManager: Service com.android.server.policy.PermissionPolicyService took 107 ms in onBootPhase
01-07 03:34:17.146   929   929 V SystemServerTiming: OnBootPhase_550_com.android.server.policy.PermissionPolicyService took to complete: 107ms
01-07 03:34:17.146   929   929 D SystemServerTiming: OnBootPhase_550_com.android.server.pm.StagingManager$Lifecycle
01-07 03:34:17.146   929   929 V SystemServerTiming: OnBootPhase_550_com.android.server.pm.StagingManager$Lifecycle took to complete: 0ms
01-07 03:34:17.146   929   929 D SystemServerTiming: OnBootPhase_550_com.android.server.app.GameManagerService$Lifecycle
01-07 03:34:17.146   929   929 V SystemServerTiming: OnBootPhase_550_com.android.server.app.GameManagerService$Lifecycle took to complete: 0ms
01-07 03:34:17.146   929   929 D SystemServerTiming: OnBootPhase_550_com.android.safetycenter.SafetyCenterService
01-07 03:34:17.146   929   929 V SystemServerTiming: OnBootPhase_550_com.android.safetycenter.SafetyCenterService took to complete: 0ms
01-07 03:34:17.146   929   929 D SystemServerTiming: OnBootPhase_550_com.android.server.appsearch.AppSearchModule$Lifecycle
01-07 03:34:17.146   929   929 V SystemServerTiming: OnBootPhase_550_com.android.server.appsearch.AppSearchModule$Lifecycle took to complete: 0ms
01-07 03:34:17.146   929   929 D SystemServerTiming: OnBootPhase_550_com.android.server.media.MediaCommunicationService
01-07 03:34:17.147   929   929 V SystemServerTiming: OnBootPhase_550_com.android.server.media.MediaCommunicationService took to complete: 0ms
01-07 03:34:17.148   929   929 D SystemServerTiming: OnBootPhase_550_com.android.server.compat.overrides.AppCompatOverridesService$Lifecycle
01-07 03:34:17.148   929   929 V SystemServerTiming: OnBootPhase_550_com.android.server.compat.overrides.AppCompatOverridesService$Lifecycle took to complete: 0ms
01-07 03:34:17.148   929   929 V SystemServerTiming: OnBootPhase_550 took to complete: 214ms
01-07 03:34:17.148   929   929 V SystemServerTiming: StartActivityManagerReadyPhase took to complete: 214ms
01-07 03:34:17.148   929   929 D SystemServerTiming: StartObservingNativeCrashes
01-07 03:34:17.148   929   929 V SystemServerTiming: StartObservingNativeCrashes took to complete: 0ms
01-07 03:34:17.148   929   929 D SystemServerTiming: RegisterAppOpsPolicy
01-07 03:34:17.152     0     0 D [3 T8     ..] cnss: Sending respond memory message, state: 0x400011
01-07 03:34:17.152     0     0 D [3 T8     ..] cnss: Memory for FW, va: 0x0000000000000000, pa: 0x00000000dcf00000, size: 0x6b0000, type: 1
01-07 03:34:17.152     0     0 D [3 T8     ..] cnss: Memory for FW, va: 0x0000000000000000, pa: 0x00000000dd600000, size: 0x810000, type: 4
01-07 03:34:17.152     0     0 D [3 T8     ..] cnss: Memory for FW, va: 0x0000000000000000, pa: 0x00000000dc090000, size: 0x10000, type: 10
01-07 03:34:17.155     0     0 D [5 T496   ..] cnss: Received QMI WLFW FW memory ready indication
01-07 03:34:17.155     0     0 D [5 T496   ..] cnss: Posting event: FW_MEM_READY(3), state: 0x400011 flags: 0x0
01-07 03:34:17.155     0     0 D [5 T496   ..] cnss: Processing driver event: FW_MEM_READY(3), state: 0x400011
01-07 03:34:17.155     0     0 D [5 T496   ..] cnss: Sending target capability message, state: 0x400013
01-07 03:34:17.156     0     0 D [5 T496   ..] cnss: Device frequency is 19200000 HZ
01-07 03:34:17.156     0     0 D [5 T496   ..] cnss: Device memory info[0]: start = 0x113000, size = 0x5000
01-07 03:34:17.156     0     0 D [5 T496   ..] cnss: Device memory info[1]: start = 0x0, size = 0x0
01-07 03:34:17.156     0     0 D [5 T496   ..] cnss: Device memory info[2]: start = 0x0, size = 0x0
01-07 03:34:17.156     0     0 D [5 T496   ..] cnss: Device memory info[3]: start = 0x0, size = 0x0
01-07 03:34:17.156     0     0 D [5 T496   ..] cnss: Target capability: chip_id: 0x2, chip_family: 0x4, board_id: 0xff, soc_id: 0x40170200, otp_version: 0x0
01-07 03:34:17.156     0     0 D [5 T496   ..] cnss: fw_version: 0x110effff, fw_build_timestamp: 2024-05-29 09:21, fw_build_id: QC_IMAGE_VERSION_STRING=WLAN.HMT.1.1-02730-QCAHMTSWPL_V1.0_V2.0_SILICONZ-1.69999.4
01-07 03:34:17.156     0     0 D [5 T496   ..] cnss: Sending BDF download message, state: 0x400013, type: 4
01-07 03:34:17.154   929   929 V SystemServerTiming: RegisterAppOpsPolicy took to complete: 6ms
01-07 03:34:17.154   929   929 D SystemServerTiming: MakeNetworkManagementServiceReady
01-07 03:34:17.154   929  1107 D SystemServerTimingAsync: InitThreadPoolExec:WebViewFactoryPreparation
01-07 03:34:17.154   929  1107 D SystemServerInitThreadPool: Started executing WebViewFactoryPreparation
01-07 03:34:17.154   929  1107 I SystemServer: WebViewFactoryPreparation
01-07 03:34:17.154   929  1107 D SystemServerTimingAsync: WebViewFactoryPreparation
01-07 03:34:17.158     0     0 D [7 T496   ..] cnss: Downloading BDF: regdb.bin, size: 24278
01-07 03:34:17.156   929   929 V SystemServerTiming: MakeNetworkManagementServiceReady took to complete: 2ms
01-07 03:34:17.156   929   929 D SystemServerTiming: MakeConnectivityServiceReady
01-07 03:34:17.161     0     0 D [1 T496   ..] cnss: Sending BDF download message, state: 0x400013, type: 1
01-07 03:34:17.163     0     0 D [5 T496   ..] cnss: Downloading BDF: bdwlan.elf, size: 88728
01-07 03:34:17.162   929  1107 E AppOps  : Bad call made by uid 1000. Package "android" does not belong to uid 1037.
01-07 03:34:17.165   929  1107 E AppOps  : checkOperation
01-07 03:34:17.165   929  1107 E AppOps  : java.lang.SecurityException: Specified package "android" under uid 1037 but it is not
01-07 03:34:17.165   929  1107 E AppOps  : 	at com.android.server.appop.AppOpsService.verifyAndGetBypass(AppOpsService.java:4700)
01-07 03:34:17.165   929  1107 E AppOps  : 	at com.android.server.appop.AppOpsService.verifyAndGetBypass(AppOpsService.java:4568)
01-07 03:34:17.165   929  1107 E AppOps  : 	at com.android.server.appop.AppOpsService.checkOperationUnchecked(AppOpsService.java:3253)
01-07 03:34:17.165   929  1107 E AppOps  : 	at com.android.server.appop.AppOpsService.checkOperationImpl(AppOpsService.java:3236)
01-07 03:34:17.165   929  1107 E AppOps  : 	at com.android.server.appop.AppOpsService.-$$Nest$mcheckOperationImpl(Unknown Source:0)
01-07 03:34:17.165   929  1107 E AppOps  : 	at com.android.server.appop.AppOpsService$CheckOpsDelegateDispatcher.lambda$checkOperation$0(AppOpsService.java:7630)
01-07 03:34:17.165   929  1107 E AppOps  : 	at com.android.server.appop.AppOpsService$CheckOpsDelegateDispatcher.$r8$lambda$KrwrxMLmGzFSEjEyo0aJ63o5J9E(Unknown Source:0)
01-07 03:34:17.165   929  1107 E AppOps  : 	at com.android.server.appop.AppOpsService$CheckOpsDelegateDispatcher$$ExternalSyntheticLambda9.apply(Unknown Source:24)
01-07 03:34:17.165   929  1107 E AppOps  : 	at com.android.server.policy.AppOpsPolicy.checkOperation(AppOpsPolicy.java:211)
01-07 03:34:17.165   929  1107 E AppOps  : 	at com.android.server.appop.AppOpsService$CheckOpsDelegateDispatcher.checkOperation(AppOpsService.java:7629)
01-07 03:34:17.165   929  1107 E AppOps  : 	at com.android.server.appop.AppOpsService.checkOperation(AppOpsService.java:3223)
01-07 03:34:17.165   929  1107 E AppOps  : 	at com.android.server.StorageManagerService$StorageManagerInternalImpl.hasExternalStorageAccess(StorageManagerService.java:4835)
01-07 03:34:17.165   929  1107 E AppOps  : 	at com.android.server.am.ProcessList.startProcessLocked(ProcessList.java:1690)
01-07 03:34:17.165   929  1107 E AppOps  : 	at com.android.server.am.ProcessList.startProcessLocked(ProcessList.java:2368)
01-07 03:34:17.165   929  1107 E AppOps  : 	at com.android.server.am.ProcessList.startProcessLocked(ProcessList.java:2508)
01-07 03:34:17.165   929  1107 E AppOps  : 	at com.android.server.am.ActivityManagerService.startIsolatedProcess(ActivityManagerService.java:2809)
01-07 03:34:17.165   929  1107 E AppOps  : 	at com.android.server.am.ActivityManagerService$LocalService.startIsolatedProcess(ActivityManagerService.java:16549)
01-07 03:34:17.165   929  1107 E AppOps  : 	at android.webkit.WebViewLibraryLoader.createRelroFile(WebViewLibraryLoader.java:126)
01-07 03:34:17.165   929  1107 E AppOps  : 	at android.webkit.WebViewLibraryLoader.createRelros(WebViewLibraryLoader.java:164)
01-07 03:34:17.165   929  1107 E AppOps  : 	at android.webkit.WebViewLibraryLoader.prepareNativeLibraries(WebViewLibraryLoader.java:152)
01-07 03:34:17.165   929  1107 E AppOps  : 	at android.webkit.WebViewFactory.onWebViewProviderChanged(WebViewFactory.java:555)
01-07 03:34:17.165   929  1107 E AppOps  : 	at com.android.server.webkit.SystemImpl.onWebViewProviderChanged(SystemImpl.java:174)
01-07 03:34:17.165   929  1107 E AppOps  : 	at com.android.server.webkit.WebViewUpdateServiceImpl.onWebViewProviderChanged(WebViewUpdateServiceImpl.java:351)
01-07 03:34:17.165   929  1107 E AppOps  : 	at com.android.server.webkit.WebViewUpdateServiceImpl.prepareWebViewInSystemServer(WebViewUpdateServiceImpl.java:182)
01-07 03:34:17.165   929  1107 E AppOps  : 	at com.android.server.webkit.WebViewUpdateService.prepareWebViewInSystemServer(WebViewUpdateService.java:129)
01-07 03:34:17.165   929  1107 E AppOps  : 	at com.android.server.SystemServer.lambda$startOtherServices$3(SystemServer.java:2828)
01-07 03:34:17.165   929  1107 E AppOps  : 	at com.android.server.SystemServer.$r8$lambda$nG7XwJlwV2eNiP3C-iTim-mbKmM(Unknown Source:0)
01-07 03:34:17.165   929  1107 E AppOps  : 	at com.android.server.SystemServer$$ExternalSyntheticLambda6.run(Unknown Source:2)
01-07 03:34:17.165   929  1107 E AppOps  : 	at com.android.server.SystemServerInitThreadPool.lambda$submitTask$0(SystemServerInitThreadPool.java:106)
01-07 03:34:17.165   929  1107 E AppOps  : 	at com.android.server.SystemServerInitThreadPool.$r8$lambda$aGlXt69ihU44Qi7EB_RNeu8pnrY(Unknown Source:0)
01-07 03:34:17.165   929  1107 E AppOps  : 	at com.android.server.SystemServerInitThreadPool$$ExternalSyntheticLambda0.run(Unknown Source:6)
01-07 03:34:17.165   929  1107 E AppOps  : 	at java.util.concurrent.Executors$RunnableAdapter.call(Executors.java:463)
01-07 03:34:17.165   929  1107 E AppOps  : 	at java.util.concurrent.FutureTask.run(FutureTask.java:264)
01-07 03:34:17.165   929  1107 E AppOps  : 	at java.util.concurrent.ThreadPoolExecutor.runWorker(ThreadPoolExecutor.java:1137)
01-07 03:34:17.165   929  1107 E AppOps  : 	at java.util.concurrent.ThreadPoolExecutor$Worker.run(ThreadPoolExecutor.java:637)
01-07 03:34:17.165   929  1107 E AppOps  : 	at com.android.internal.util.ConcurrentUtils$1$1.run(ConcurrentUtils.java:65)
01-07 03:34:17.165   929  1107 D CompatibilityChangeReporter: Compat change id reported: 135634846; UID 1000; state: DISABLED
01-07 03:34:17.165   929  1107 D CompatibilityChangeReporter: Compat change id reported: 177438394; UID 1000; state: DISABLED
01-07 03:34:17.166   929  1107 D CompatibilityChangeReporter: Compat change id reported: 135772972; UID 1000; state: DISABLED
01-07 03:34:17.167   929  1107 D CompatibilityChangeReporter: Compat change id reported: 178038272; UID 1000; state: DISABLED
01-07 03:34:17.170     0     0 W [6 T1242  d.] audit_log_start: 196 callbacks suppressed
01-07 03:34:17.170     0     0 W [6 T1242  ..] audit: audit_backlog=65 > audit_backlog_limit=64
01-07 03:34:17.170     0     0 W [6 T1242  ..] audit: audit_lost=69 audit_rate_limit=0 audit_backlog_limit=64
01-07 03:34:17.169   929  1107 E AppOps  : Bad call made by uid 1000. Package "android" does not belong to uid 1037.
01-07 03:34:17.170     0     0 E [6 T1242  ..] audit: backlog limit exceeded
01-07 03:34:17.170     0     0 W [6 T1242  ..] audit: audit_backlog=65 > audit_backlog_limit=64
01-07 03:34:17.170     0     0 W [6 T1242  ..] audit: audit_lost=70 audit_rate_limit=0 audit_backlog_limit=64
01-07 03:34:17.171     0     0 E [6 T1242  ..] audit: backlog limit exceeded
01-07 03:34:17.171     0     0 W [6 T1242  ..] audit: audit_backlog=65 > audit_backlog_limit=64
01-07 03:34:17.171     0     0 W [6 T1242  ..] audit: audit_lost=71 audit_rate_limit=0 audit_backlog_limit=64
01-07 03:34:17.171     0     0 E [6 T1242  ..] audit: backlog limit exceeded
01-07 03:34:17.170   929  1148 W NetworkPolicy: setRestrictBackgroundUL: already false
01-07 03:34:17.172   929  1107 E AppOps  : checkOperation
01-07 03:34:17.172   929  1107 E AppOps  : java.lang.SecurityException: Specified package "android" under uid 1037 but it is not
01-07 03:34:17.172   929  1107 E AppOps  : 	at com.android.server.appop.AppOpsService.verifyAndGetBypass(AppOpsService.java:4700)
01-07 03:34:17.172   929  1107 E AppOps  : 	at com.android.server.appop.AppOpsService.verifyAndGetBypass(AppOpsService.java:4568)
01-07 03:34:17.172   929  1107 E AppOps  : 	at com.android.server.appop.AppOpsService.checkOperationUnchecked(AppOpsService.java:3253)
01-07 03:34:17.172   929  1107 E AppOps  : 	at com.android.server.appop.AppOpsService.checkOperationImpl(AppOpsService.java:3236)
01-07 03:34:17.172   929  1107 E AppOps  : 	at com.android.server.appop.AppOpsService.-$$Nest$mcheckOperationImpl(Unknown Source:0)
01-07 03:34:17.172   929  1107 E AppOps  : 	at com.android.server.appop.AppOpsService$CheckOpsDelegateDispatcher.lambda$checkOperation$0(AppOpsService.java:7630)
01-07 03:34:17.172   929  1107 E AppOps  : 	at com.android.server.appop.AppOpsService$CheckOpsDelegateDispatcher.$r8$lambda$KrwrxMLmGzFSEjEyo0aJ63o5J9E(Unknown Source:0)
01-07 03:34:17.172   929  1107 E AppOps  : 	at com.android.server.appop.AppOpsService$CheckOpsDelegateDispatcher$$ExternalSyntheticLambda9.apply(Unknown Source:24)
01-07 03:34:17.172   929  1107 E AppOps  : 	at com.android.server.policy.AppOpsPolicy.checkOperation(AppOpsPolicy.java:211)
01-07 03:34:17.172   929  1107 E AppOps  : 	at com.android.server.appop.AppOpsService$CheckOpsDelegateDispatcher.checkOperation(AppOpsService.java:7629)
01-07 03:34:17.172   929  1107 E AppOps  : 	at com.android.server.appop.AppOpsService.checkOperation(AppOpsService.java:3223)
01-07 03:34:17.172   929  1107 E AppOps  : 	at com.android.server.StorageManagerService$StorageManagerInternalImpl.hasExternalStorageAccess(StorageManagerService.java:4835)
01-07 03:34:17.172   929  1107 E AppOps  : 	at com.android.server.am.ProcessList.startProcessLocked(ProcessList.java:1690)
01-07 03:34:17.172   929  1107 E AppOps  : 	at com.android.server.am.ProcessList.startProcessLocked(ProcessList.java:2368)
01-07 03:34:17.172   929  1107 E AppOps  : 	at com.android.server.am.ProcessList.startProcessLocked(ProcessList.java:2508)
01-07 03:34:17.172   929  1107 E AppOps  : 	at com.android.server.am.ActivityManagerService.startIsolatedProcess(ActivityManagerService.java:2809)
01-07 03:34:17.172   929  1107 E AppOps  : 	at com.android.server.am.ActivityManagerService$LocalService.startIsolatedProcess(ActivityManagerService.java:16549)
01-07 03:34:17.172   929  1107 E AppOps  : 	at android.webkit.WebViewLibraryLoader.createRelroFile(WebViewLibraryLoader.java:126)
01-07 03:34:17.172   929  1107 E AppOps  : 	at android.webkit.WebViewLibraryLoader.createRelros(WebViewLibraryLoader.java:170)
01-07 03:34:17.172   929  1107 E AppOps  : 	at android.webkit.WebViewLibraryLoader.prepareNativeLibraries(WebViewLibraryLoader.java:152)
01-07 03:34:17.172   929  1107 E AppOps  : 	at android.webkit.WebViewFactory.onWebViewProviderChanged(WebViewFactory.java:555)
01-07 03:34:17.172   929  1107 E AppOps  : 	at com.android.server.webkit.SystemImpl.onWebViewProviderChanged(SystemImpl.java:174)
01-07 03:34:17.172   929  1107 E AppOps  : 	at com.android.server.webkit.WebViewUpdateServiceImpl.onWebViewProviderChanged(WebViewUpdateServiceImpl.java:351)
01-07 03:34:17.172   929  1107 E AppOps  : 	at com.android.server.webkit.WebViewUpdateServiceImpl.prepareWebViewInSystemServer(WebViewUpdateServiceImpl.java:182)
01-07 03:34:17.172   929  1107 E AppOps  : 	at com.android.server.webkit.WebViewUpdateService.prepareWebViewInSystemServer(WebViewUpdateService.java:129)
01-07 03:34:17.172   929  1107 E AppOps  : 	at com.android.server.SystemServer.lambda$startOtherServices$3(SystemServer.java:2828)
01-07 03:34:17.172   929  1107 E AppOps  : 	at com.android.server.SystemServer.$r8$lambda$nG7XwJlwV2eNiP3C-iTim-mbKmM(Unknown Source:0)
01-07 03:34:17.172   929  1107 E AppOps  : 	at com.android.server.SystemServer$$ExternalSyntheticLambda6.run(Unknown Source:2)
01-07 03:34:17.172   929  1107 E AppOps  : 	at com.android.server.SystemServerInitThreadPool.lambda$submitTask$0(SystemServerInitThreadPool.java:106)
01-07 03:34:17.172   929  1107 E AppOps  : 	at com.android.server.SystemServerInitThreadPool.$r8$lambda$aGlXt69ihU44Qi7EB_RNeu8pnrY(Unknown Source:0)
01-07 03:34:17.172   929  1107 E AppOps  : 	at com.android.server.SystemServerInitThreadPool$$ExternalSyntheticLambda0.run(Unknown Source:6)
01-07 03:34:17.172   929  1107 E AppOps  : 	at java.util.concurrent.Executors$RunnableAdapter.call(Executors.java:463)
01-07 03:34:17.172   929  1107 E AppOps  : 	at java.util.concurrent.FutureTask.run(FutureTask.java:264)
01-07 03:34:17.172   929  1107 E AppOps  : 	at java.util.concurrent.ThreadPoolExecutor.runWorker(ThreadPoolExecutor.java:1137)
01-07 03:34:17.172   929  1107 E AppOps  : 	at java.util.concurrent.ThreadPoolExecutor$Worker.run(ThreadPoolExecutor.java:637)
01-07 03:34:17.172   929  1107 E AppOps  : 	at com.android.internal.util.ConcurrentUtils$1$1.run(ConcurrentUtils.java:65)
01-07 03:34:17.176   929  1107 V SystemServerTimingAsync: WebViewFactoryPreparation took to complete: 21ms
01-07 03:34:17.176   929  1107 D SystemServerInitThreadPool: Finished executing WebViewFactoryPreparation
01-07 03:34:17.176   929  1107 V SystemServerTimingAsync: InitThreadPoolExec:WebViewFactoryPreparation took to complete: 22ms
01-07 03:34:17.177     0     0 I [5 T496   ..] cnss: Host BDF config: HW_XPA: 1 CalDB: 0
01-07 03:34:17.186     0     0 D [1 T496   ..] cnss: Sending M3 information message, state: 0x400013
01-07 03:34:17.186     0     0 D [1 T496   ..] cnss: M3 memory, va: 0x0000000000000000, pa: 0x00000000dde80000, size: 0x4928c
01-07 03:34:17.186     0     0 D [1 T496   ..] cnss: Sending QDSS config download message, state: 0x400013
01-07 03:34:17.190     0     0 D [1 T496   ..] cnss: Downloading QDSS: qdss_trace_config_v2.cfg, size: 4911
01-07 03:34:17.196     0     0 D [2 T496   ..] cnss: Received QMI WLFW FW initialization done indication
01-07 03:34:17.196     0     0 D [2 T496   ..] cnss: Posting event: FW_READY(4), state: 0x400013 flags: 0x0
01-07 03:34:17.196     0     0 D [2 T496   ..] cnss: Processing driver event: FW_READY(4), state: 0x400013
01-07 03:34:17.196     0     0 D [2 T496   ..] cnss: Processing FW Init Done..
01-07 03:34:17.196     0     0 D [2 T496   ..] cnss: PCIE Gen speed not setup
01-07 03:34:17.196     0     0 E [2 T496   ..] cnss: DMS QMI connection not established
01-07 03:34:17.208   929   929 V SystemServerTiming: MakeConnectivityServiceReady took to complete: 51ms
01-07 03:34:17.208   929   929 D SystemServerTiming: MakeVpnManagerServiceReady
01-07 03:34:17.218   929   929 V SystemServerTiming: MakeVpnManagerServiceReady took to complete: 10ms
01-07 03:34:17.218   929   929 D SystemServerTiming: MakeVcnManagementServiceReady
01-07 03:34:17.236   929   929 V SystemServerTiming: MakeVcnManagementServiceReady took to complete: 18ms
01-07 03:34:17.236   929   929 D SystemServerTiming: MakeNetworkPolicyServiceReady
01-07 03:34:17.254   929   929 V SystemServerTiming: MakeNetworkPolicyServiceReady took to complete: 18ms
01-07 03:34:17.254   929   929 D SystemServerTiming: PhaseThirdPartyAppsCanStart
01-07 03:34:17.254   929   929 I SystemServiceManager: Starting phase 600
01-07 03:34:17.254   929   929 D SystemServerTiming: OnBootPhase_600
01-07 03:34:17.254   929   929 D SystemServerTiming: OnBootPhase_600_com.android.server.security.FileIntegrityService
01-07 03:34:17.254   929   929 V SystemServerTiming: OnBootPhase_600_com.android.server.security.FileIntegrityService took to complete: 0ms
01-07 03:34:17.254   929   929 D SystemServerTiming: OnBootPhase_600_com.android.server.pm.Installer
01-07 03:34:17.254   929   929 V SystemServerTiming: OnBootPhase_600_com.android.server.pm.Installer took to complete: 0ms
01-07 03:34:17.254   929   929 D SystemServerTiming: OnBootPhase_600_com.android.server.os.DeviceIdentifiersPolicyService
01-07 03:34:17.254   929   929 V SystemServerTiming: OnBootPhase_600_com.android.server.os.DeviceIdentifiersPolicyService took to complete: 0ms
01-07 03:34:17.254   929   929 D SystemServerTiming: OnBootPhase_600_com.android.server.uri.UriGrantsManagerService$Lifecycle
01-07 03:34:17.254   929   929 V SystemServerTiming: OnBootPhase_600_com.android.server.uri.UriGrantsManagerService$Lifecycle took to complete: 0ms
01-07 03:34:17.254   929   929 D SystemServerTiming: OnBootPhase_600_com.android.server.powerstats.PowerStatsService
01-07 03:34:17.254   929   929 V SystemServerTiming: OnBootPhase_600_com.android.server.powerstats.PowerStatsService took to complete: 0ms
01-07 03:34:17.254   929   929 D SystemServerTiming: OnBootPhase_600_com.android.server.wm.ActivityTaskManagerService$Lifecycle
01-07 03:34:17.254   929   929 V SystemServerTiming: OnBootPhase_600_com.android.server.wm.ActivityTaskManagerService$Lifecycle took to complete: 0ms
01-07 03:34:17.254   929   929 D SystemServerTiming: OnBootPhase_600_com.android.server.am.ActivityManagerService$Lifecycle
01-07 03:34:17.255   929   929 I ExplicitHealthCheckController: Explicit health checks enabled.
01-07 03:34:17.255   929   929 I PackageWatchdog: Syncing state, reason: health check state enabled
01-07 03:34:17.256   929   929 I PackageWatchdog: Not pruning observers, elapsed time: 0ms
01-07 03:34:17.256   929   929 I PackageWatchdog: Cancelling state sync, nothing to sync
01-07 03:34:17.256   929   929 V SystemServerTiming: OnBootPhase_600_com.android.server.am.ActivityManagerService$Lifecycle took to complete: 1ms
01-07 03:34:17.256   929   929 D SystemServerTiming: OnBootPhase_600_com.android.server.pm.DataLoaderManagerService
01-07 03:34:17.256   929   929 V SystemServerTiming: OnBootPhase_600_com.android.server.pm.DataLoaderManagerService took to complete: 0ms
01-07 03:34:17.256   929   929 D SystemServerTiming: OnBootPhase_600_com.android.server.power.PowerManagerService
01-07 03:34:17.257   929   966 I PackageWatchdog: Saving observer state to file
01-07 03:34:17.257   929   929 V SystemServerTiming: OnBootPhase_600_com.android.server.power.PowerManagerService took to complete: 2ms
01-07 03:34:17.258   929   929 D SystemServerTiming: OnBootPhase_600_com.android.server.power.ThermalManagerService
01-07 03:34:17.258   929   929 V SystemServerTiming: OnBootPhase_600_com.android.server.power.ThermalManagerService took to complete: 0ms
01-07 03:34:17.258   929   929 D SystemServerTiming: OnBootPhase_600_com.android.server.power.hint.HintManagerService
01-07 03:34:17.258   929   929 V SystemServerTiming: OnBootPhase_600_com.android.server.power.hint.HintManagerService took to complete: 0ms
01-07 03:34:17.258   929   929 D SystemServerTiming: OnBootPhase_600_com.android.server.recoverysystem.RecoverySystemService$Lifecycle
01-07 03:34:17.258   929   929 V SystemServerTiming: OnBootPhase_600_com.android.server.recoverysystem.RecoverySystemService$Lifecycle took to complete: 0ms
01-07 03:34:17.258   929   929 D SystemServerTiming: OnBootPhase_600_com.android.server.lights.LightsService
01-07 03:34:17.258   929   929 V SystemServerTiming: OnBootPhase_600_com.android.server.lights.LightsService took to complete: 0ms
01-07 03:34:17.258   929   929 D SystemServerTiming: OnBootPhase_600_com.android.server.display.DisplayManagerService
01-07 03:34:17.258   929   929 V SystemServerTiming: OnBootPhase_600_com.android.server.display.DisplayManagerService took to complete: 0ms
01-07 03:34:17.258   929   929 D SystemServerTiming: OnBootPhase_600_com.android.server.pm.verify.domain.DomainVerificationService
01-07 03:34:17.258   929   929 V SystemServerTiming: OnBootPhase_600_com.android.server.pm.verify.domain.DomainVerificationService took to complete: 0ms
01-07 03:34:17.258   929   929 D SystemServerTiming: OnBootPhase_600_com.android.server.pm.PackageInstallerService$Lifecycle
01-07 03:34:17.258   929   929 V SystemServerTiming: OnBootPhase_600_com.android.server.pm.PackageInstallerService$Lifecycle took to complete: 0ms
01-07 03:34:17.258   929   929 D SystemServerTiming: OnBootPhase_600_com.android.server.pm.UserManagerService$LifeCycle
01-07 03:34:17.258   929   929 V SystemServerTiming: OnBootPhase_600_com.android.server.pm.UserManagerService$LifeCycle took to complete: 0ms
01-07 03:34:17.258   929   929 D SystemServerTiming: OnBootPhase_600_com.android.server.om.OverlayManagerService
01-07 03:34:17.258   929   929 V SystemServerTiming: OnBootPhase_600_com.android.server.om.OverlayManagerService took to complete: 0ms
01-07 03:34:17.258   929   929 D SystemServerTiming: OnBootPhase_600_com.android.server.resources.ResourcesManagerService
01-07 03:34:17.258   929   929 V SystemServerTiming: OnBootPhase_600_com.android.server.resources.ResourcesManagerService took to complete: 0ms
01-07 03:34:17.258   929   929 D SystemServerTiming: OnBootPhase_600_com.android.server.sensorprivacy.SensorPrivacyService
01-07 03:34:17.258   929   929 V SystemServerTiming: OnBootPhase_600_com.android.server.sensorprivacy.SensorPrivacyService took to complete: 0ms
01-07 03:34:17.258   929   929 D SystemServerTiming: OnBootPhase_600_com.android.server.sensors.SensorService
01-07 03:34:17.258   929   929 V SystemServerTiming: OnBootPhase_600_com.android.server.sensors.SensorService took to complete: 0ms
01-07 03:34:17.258   929   929 D SystemServerTiming: OnBootPhase_600_com.android.server.SystemConfigService
01-07 03:34:17.258   929   929 V SystemServerTiming: OnBootPhase_600_com.android.server.SystemConfigService took to complete: 0ms
01-07 03:34:17.259   929   929 D SystemServerTiming: OnBootPhase_600_com.android.server.BatteryService
01-07 03:34:17.259   929   929 V SystemServerTiming: OnBootPhase_600_com.android.server.BatteryService took to complete: 0ms
01-07 03:34:17.259   929   929 D SystemServerTiming: OnBootPhase_600_com.android.server.usage.UsageStatsService
01-07 03:34:17.259   929   929 V SystemServerTiming: OnBootPhase_600_com.android.server.usage.UsageStatsService took to complete: 0ms
01-07 03:34:17.259   929   929 D SystemServerTiming: OnBootPhase_600_com.android.server.webkit.WebViewUpdateService
01-07 03:34:17.259   929   929 V SystemServerTiming: OnBootPhase_600_com.android.server.webkit.WebViewUpdateService took to complete: 0ms
01-07 03:34:17.259   929   929 D SystemServerTiming: OnBootPhase_600_com.android.server.CachedDeviceStateService
01-07 03:34:17.259   929   929 V SystemServerTiming: OnBootPhase_600_com.android.server.CachedDeviceStateService took to complete: 0ms
01-07 03:34:17.259   929   929 D SystemServerTiming: OnBootPhase_600_com.android.server.BinderCallsStatsService$LifeCycle
01-07 03:34:17.259   929   929 V SystemServerTiming: OnBootPhase_600_com.android.server.BinderCallsStatsService$LifeCycle took to complete: 0ms
01-07 03:34:17.259   929   929 D SystemServerTiming: OnBootPhase_600_com.android.server.LooperStatsService$Lifecycle
01-07 03:34:17.259   929   929 V SystemServerTiming: OnBootPhase_600_com.android.server.LooperStatsService$Lifecycle took to complete: 0ms
01-07 03:34:17.259   929   929 D SystemServerTiming: OnBootPhase_600_com.android.server.rollback.RollbackManagerService
01-07 03:34:17.259   929   929 V SystemServerTiming: OnBootPhase_600_com.android.server.rollback.RollbackManagerService took to complete: 0ms
01-07 03:34:17.259   929   929 D SystemServerTiming: OnBootPhase_600_com.android.server.os.NativeTombstoneManagerService
01-07 03:34:17.259   929   929 V SystemServerTiming: OnBootPhase_600_com.android.server.os.NativeTombstoneManagerService took to complete: 0ms
01-07 03:34:17.259   929   929 D SystemServerTiming: OnBootPhase_600_com.android.server.os.BugreportManagerService
01-07 03:34:17.259   929   929 V SystemServerTiming: OnBootPhase_600_com.android.server.os.BugreportManagerService took to complete: 0ms
01-07 03:34:17.259   929   929 D SystemServerTiming: OnBootPhase_600_com.android.server.gpu.GpuService
01-07 03:34:17.260   929   929 V SystemServerTiming: OnBootPhase_600_com.android.server.gpu.GpuService took to complete: 0ms
01-07 03:34:17.260   929   929 D SystemServerTiming: OnBootPhase_600_com.android.server.security.KeyChainSystemService
01-07 03:34:17.260   929   929 V SystemServerTiming: OnBootPhase_600_com.android.server.security.KeyChainSystemService took to complete: 0ms
01-07 03:34:17.260   929   929 D SystemServerTiming: OnBootPhase_600_com.android.server.BinaryTransparencyService
01-07 03:34:17.260   929   929 V SystemServerTiming: OnBootPhase_600_com.android.server.BinaryTransparencyService took to complete: 0ms
01-07 03:34:17.260   929   929 D SystemServerTiming: OnBootPhase_600_com.android.server.accounts.AccountManagerService$Lifecycle
01-07 03:34:17.260   929   929 V SystemServerTiming: OnBootPhase_600_com.android.server.accounts.AccountManagerService$Lifecycle took to complete: 0ms
01-07 03:34:17.260   929   929 D SystemServerTiming: OnBootPhase_600_com.android.server.content.ContentService$Lifecycle
01-07 03:34:17.260   929   929 V SystemServerTiming: OnBootPhase_600_com.android.server.content.ContentService$Lifecycle took to complete: 0ms
01-07 03:34:17.260   929   929 D SystemServerTiming: OnBootPhase_600_com.android.server.DropBoxManagerService
01-07 03:34:17.260   929   929 V SystemServerTiming: OnBootPhase_600_com.android.server.DropBoxManagerService took to complete: 0ms
01-07 03:34:17.260   929   929 D SystemServerTiming: OnBootPhase_600_com.android.role.RoleService
01-07 03:34:17.260   929   929 V SystemServerTiming: OnBootPhase_600_com.android.role.RoleService took to complete: 0ms
01-07 03:34:17.260   929   929 D SystemServerTiming: OnBootPhase_600_com.android.server.vibrator.VibratorManagerService$Lifecycle
01-07 03:34:17.260   929   929 V SystemServerTiming: OnBootPhase_600_com.android.server.vibrator.VibratorManagerService$Lifecycle took to complete: 0ms
01-07 03:34:17.260   929   929 D SystemServerTiming: OnBootPhase_600_com.android.server.tare.InternalResourceService
01-07 03:34:17.260   929   929 V SystemServerTiming: OnBootPhase_600_com.android.server.tare.InternalResourceService took to complete: 0ms
01-07 03:34:17.260   929   929 D SystemServerTiming: OnBootPhase_600_com.android.server.alarm.AlarmManagerService
01-07 03:34:17.260   929   929 V SystemServerTiming: OnBootPhase_600_com.android.server.alarm.AlarmManagerService took to complete: 0ms
01-07 03:34:17.260   929   929 D SystemServerTiming: OnBootPhase_600_com.android.server.devicestate.DeviceStateManagerService
01-07 03:34:17.260   929   929 V SystemServerTiming: OnBootPhase_600_com.android.server.devicestate.DeviceStateManagerService took to complete: 0ms
01-07 03:34:17.260   929   929 D SystemServerTiming: OnBootPhase_600_com.android.server.bluetooth.BluetoothService
01-07 03:34:17.260   929   929 V SystemServerTiming: OnBootPhase_600_com.android.server.bluetooth.BluetoothService took to complete: 0ms
01-07 03:34:17.261   929   929 D SystemServerTiming: OnBootPhase_600_com.android.server.connectivity.IpConnectivityMetrics
01-07 03:34:17.261   929   929 V SystemServerTiming: OnBootPhase_600_com.android.server.connectivity.IpConnectivityMetrics took to complete: 0ms
01-07 03:34:17.261   929   929 D SystemServerTiming: OnBootPhase_600_com.android.server.net.watchlist.NetworkWatchlistService$Lifecycle
01-07 03:34:17.261   929   929 V SystemServerTiming: OnBootPhase_600_com.android.server.net.watchlist.NetworkWatchlistService$Lifecycle took to complete: 0ms
01-07 03:34:17.261   929   929 D SystemServerTiming: OnBootPhase_600_com.android.server.PinnerService
01-07 03:34:17.261   929   929 V SystemServerTiming: OnBootPhase_600_com.android.server.PinnerService took to complete: 0ms
01-07 03:34:17.261   929   929 D SystemServerTiming: OnBootPhase_600_com.android.server.integrity.AppIntegrityManagerService
01-07 03:34:17.261   929   929 V SystemServerTiming: OnBootPhase_600_com.android.server.integrity.AppIntegrityManagerService took to complete: 0ms
01-07 03:34:17.261   929   929 D SystemServerTiming: OnBootPhase_600_com.android.server.logcat.LogcatManagerService
01-07 03:34:17.261   929   929 V SystemServerTiming: OnBootPhase_600_com.android.server.logcat.LogcatManagerService took to complete: 0ms
01-07 03:34:17.261   929   929 D SystemServerTiming: OnBootPhase_600_com.android.server.inputmethod.InputMethodManagerService$Lifecycle
01-07 03:34:17.261   929   929 V SystemServerTiming: OnBootPhase_600_com.android.server.inputmethod.InputMethodManagerService$Lifecycle took to complete: 0ms
01-07 03:34:17.261   929   929 D SystemServerTiming: OnBootPhase_600_com.android.server.accessibility.AccessibilityManagerService$Lifecycle
01-07 03:34:17.264   929   929 V SystemServerTiming: OnBootPhase_600_com.android.server.accessibility.AccessibilityManagerService$Lifecycle took to complete: 3ms
01-07 03:34:17.264   929   929 D SystemServerTiming: OnBootPhase_600_com.android.server.StorageManagerService$Lifecycle
01-07 03:34:17.266   929   929 V SystemServerTiming: OnBootPhase_600_com.android.server.StorageManagerService$Lifecycle took to complete: 0ms
01-07 03:34:17.266   929   929 D SystemServerTiming: OnBootPhase_600_com.android.server.usage.StorageStatsService$Lifecycle
01-07 03:34:17.266   929   929 V SystemServerTiming: OnBootPhase_600_com.android.server.usage.StorageStatsService$Lifecycle took to complete: 0ms
01-07 03:34:17.266   929   929 D SystemServerTiming: OnBootPhase_600_com.android.server.UiModeManagerService
01-07 03:34:17.266   929   929 V SystemServerTiming: OnBootPhase_600_com.android.server.UiModeManagerService took to complete: 0ms
01-07 03:34:17.266   929   929 D SystemServerTiming: OnBootPhase_600_com.android.server.locales.LocaleManagerService
01-07 03:34:17.267   929   929 V SystemServerTiming: OnBootPhase_600_com.android.server.locales.LocaleManagerService took to complete: 0ms
01-07 03:34:17.267   929   929 D SystemServerTiming: OnBootPhase_600_com.android.server.locksettings.LockSettingsService$Lifecycle
01-07 03:34:17.267   929   929 V SystemServerTiming: OnBootPhase_600_com.android.server.locksettings.LockSettingsService$Lifecycle took to complete: 0ms
01-07 03:34:17.267   929   929 D SystemServerTiming: OnBootPhase_600_com.android.server.PersistentDataBlockService
01-07 03:34:17.267   929   929 V SystemServerTiming: OnBootPhase_600_com.android.server.PersistentDataBlockService took to complete: 0ms
01-07 03:34:17.267   929   929 D SystemServerTiming: OnBootPhase_600_com.android.server.testharness.TestHarnessModeService
01-07 03:34:17.267   929   929 V SystemServerTiming: OnBootPhase_600_com.android.server.testharness.TestHarnessModeService took to complete: 0ms
01-07 03:34:17.267   929   929 D SystemServerTiming: OnBootPhase_600_com.android.server.oemlock.OemLockService
01-07 03:34:17.267   929   929 V SystemServerTiming: OnBootPhase_600_com.android.server.oemlock.OemLockService took to complete: 0ms
01-07 03:34:17.267   929   929 D SystemServerTiming: OnBootPhase_600_com.android.server.DeviceIdleController
01-07 03:34:17.267   929   929 V SystemServerTiming: OnBootPhase_600_com.android.server.DeviceIdleController took to complete: 0ms
01-07 03:34:17.267   929   929 D SystemServerTiming: OnBootPhase_600_com.android.server.devicepolicy.DevicePolicyManagerService$Lifecycle
01-07 03:34:17.267   929   929 V SystemServerTiming: OnBootPhase_600_com.android.server.devicepolicy.DevicePolicyManagerService$Lifecycle took to complete: 0ms
01-07 03:34:17.267   929   929 D SystemServerTiming: OnBootPhase_600_com.android.server.texttospeech.TextToSpeechManagerService
01-07 03:34:17.267   929   929 V SystemServerTiming: OnBootPhase_600_com.android.server.texttospeech.TextToSpeechManagerService took to complete: 0ms
01-07 03:34:17.267   929   929 D SystemServerTiming: OnBootPhase_600_com.android.server.ambientcontext.AmbientContextManagerService
01-07 03:34:17.267   929   929 V SystemServerTiming: OnBootPhase_600_com.android.server.ambientcontext.AmbientContextManagerService took to complete: 0ms
01-07 03:34:17.267   929   929 D SystemServerTiming: OnBootPhase_600_com.android.server.speech.SpeechRecognitionManagerService
01-07 03:34:17.268   929   929 V SystemServerTiming: OnBootPhase_600_com.android.server.speech.SpeechRecognitionManagerService took to complete: 0ms
01-07 03:34:17.269   929   929 D SystemServerTiming: OnBootPhase_600_com.android.server.searchui.SearchUiManagerService
01-07 03:34:17.270   929   929 V SystemServerTiming: OnBootPhase_600_com.android.server.searchui.SearchUiManagerService took to complete: 1ms
01-07 03:34:17.272   929   929 D SystemServerTiming: OnBootPhase_600_com.android.server.smartspace.SmartspaceManagerService
