01-06 03:27:48.693   944  1206 E DisplayDeviceConfig: requesting nits when no mapping exists.
01-06 03:27:48.710   944  1206 E DisplayDeviceConfig: requesting nits when no mapping exists.
01-06 03:27:48.711   944  1206 E DisplayDeviceConfig: requesting nits when no mapping exists.
01-06 03:27:48.726   944  1206 E DisplayDeviceConfig: requesting nits when no mapping exists.
01-06 03:27:48.727   944  1206 E DisplayDeviceConfig: requesting nits when no mapping exists.
01-06 03:27:48.743   944  1206 E DisplayDeviceConfig: requesting nits when no mapping exists.
01-06 03:27:48.744   944  1206 E DisplayDeviceConfig: requesting nits when no mapping exists.
01-06 03:27:48.759   944  1206 E DisplayDeviceConfig: requesting nits when no mapping exists.
01-06 03:27:48.760   944  1206 E DisplayDeviceConfig: requesting nits when no mapping exists.
01-06 03:27:48.777   944  1206 E DisplayDeviceConfig: requesting nits when no mapping exists.
01-06 03:27:48.778   944  1206 E DisplayDeviceConfig: requesting nits when no mapping exists.
01-06 03:27:48.793   944  1206 E DisplayDeviceConfig: requesting nits when no mapping exists.
01-06 03:27:48.794   944  1206 E DisplayDeviceConfig: requesting nits when no mapping exists.
01-06 03:27:48.811   944  1206 E DisplayDeviceConfig: requesting nits when no mapping exists.
01-06 03:27:48.812   944  1206 E DisplayDeviceConfig: requesting nits when no mapping exists.
01-06 03:27:48.826   944  1206 E DisplayDeviceConfig: requesting nits when no mapping exists.
01-06 03:27:48.827   944   999 I DisplayPowerController[0]: BrightnessEvent: disp=0, physDisp=local:4633127902230889483, brt=0.05, initBrt=0.05, rcmdBrt=NaN, preBrt=NaN, lux=0.0, preLux=0.0, hbmMax=1.0, hbmMode=off, rbcStrength=0, powerFactor=1.0, thrmMax=1.0, wasShortTermModelActive=false, flags=, reason=manual [ dim ], autoBrightness=false
01-06 03:27:48.827   944  1206 E DisplayDeviceConfig: requesting nits when no mapping exists.
01-06 03:28:01.731   944  7366 W ProcessStats: Tracking association SourceState{8d88922 system/1000 BTopFgs #1684} whose proc state 2 is better than process ProcessState{a2bd69d com.sonos.connectivity/10082 pkg=com.sonos.connectivity} proc state 3 (1 skipped)
01-06 03:28:04.991     0     0 I [4 T1430  ..] [schedu][0x8d3280d4][03: 28:10.892891] wlan: [1430:I:OSIF] scan start scan id 41001
01-06 03:28:06.595     0     0 I [2 T1430  ..] [schedu][0x8d4afa8e][03: 28:12.496917] wlan: [1430:I:OSIF] vdev 0, scan id 41001 type COMPLETED(1) reason COMPLETED(1) scan found 78 bss
01-06 03:28:12.625   944   944 D HDMI    : [P]:AllocatedAddress=[]
01-06 03:28:37.242     0     0 W [1 T8118  ..] audit: audit_lost=29190 audit_rate_limit=5 audit_backlog_limit=64
01-06 03:28:37.242     0     0 E [1 T8118  ..] audit: rate limit exceeded
01-06 03:28:45.826   944   999 V DisplayPowerController[0]: Brightness [0.39763778] reason changing to: 'manual', previous reason: 'manual [ dim ]'.
01-06 03:28:45.826   944   999 I DisplayPowerController[0]: BrightnessEvent: disp=0, physDisp=local:4633127902230889483, brt=0.39763778, initBrt=0.05, rcmdBrt=NaN, preBrt=NaN, lux=0.0, preLux=0.0, hbmMax=1.0, hbmMode=off, rbcStrength=0, powerFactor=1.0, thrmMax=1.0, wasShortTermModelActive=false, flags=, reason=manual, autoBrightness=false
01-06 03:28:45.832   944  1206 E DisplayDeviceConfig: requesting nits when no mapping exists.
01-06 03:28:45.835   944  1206 E DisplayDeviceConfig: requesting nits when no mapping exists.
01-06 03:28:45.850   944  1206 E DisplayDeviceConfig: requesting nits when no mapping exists.
01-06 03:28:45.851   944  1206 E DisplayDeviceConfig: requesting nits when no mapping exists.
01-06 03:28:45.866   944  1206 E DisplayDeviceConfig: requesting nits when no mapping exists.
01-06 03:28:45.867   944  1206 E DisplayDeviceConfig: requesting nits when no mapping exists.
01-06 03:28:45.883   944  1206 E DisplayDeviceConfig: requesting nits when no mapping exists.
01-06 03:28:45.884   944  1206 E DisplayDeviceConfig: requesting nits when no mapping exists.
01-06 03:28:45.900   944  1206 E DisplayDeviceConfig: requesting nits when no mapping exists.
01-06 03:28:45.900   944  1206 E DisplayDeviceConfig: requesting nits when no mapping exists.
01-06 03:28:45.916   944  1206 E DisplayDeviceConfig: requesting nits when no mapping exists.
01-06 03:28:45.917   944  1206 E DisplayDeviceConfig: requesting nits when no mapping exists.
01-06 03:28:45.933   944  1206 E DisplayDeviceConfig: requesting nits when no mapping exists.
01-06 03:28:45.934   944  1206 E DisplayDeviceConfig: requesting nits when no mapping exists.
01-06 03:28:45.950   944  1206 E DisplayDeviceConfig: requesting nits when no mapping exists.
01-06 03:28:45.951   944  1206 E DisplayDeviceConfig: requesting nits when no mapping exists.
01-06 03:28:45.967   944  1206 E DisplayDeviceConfig: requesting nits when no mapping exists.
01-06 03:28:45.969   944  1206 E DisplayDeviceConfig: requesting nits when no mapping exists.
01-06 03:28:45.984   944  1206 E DisplayDeviceConfig: requesting nits when no mapping exists.
01-06 03:28:45.984   944  1206 E DisplayDeviceConfig: requesting nits when no mapping exists.
01-06 03:28:46.000   944  1206 E DisplayDeviceConfig: requesting nits when no mapping exists.
01-06 03:28:46.001   944  1206 E DisplayDeviceConfig: requesting nits when no mapping exists.
01-06 03:28:46.017   944  1206 E DisplayDeviceConfig: requesting nits when no mapping exists.
01-06 03:28:46.017   944  1206 E DisplayDeviceConfig: requesting nits when no mapping exists.
01-06 03:28:46.034   944  1206 E DisplayDeviceConfig: requesting nits when no mapping exists.
01-06 03:28:46.035   944  1206 E DisplayDeviceConfig: requesting nits when no mapping exists.
01-06 03:28:46.051   944  1206 E DisplayDeviceConfig: requesting nits when no mapping exists.
01-06 03:28:46.052   944  1206 E DisplayDeviceConfig: requesting nits when no mapping exists.
01-06 03:28:46.068   944  1206 E DisplayDeviceConfig: requesting nits when no mapping exists.
01-06 03:28:46.068   944  1206 E DisplayDeviceConfig: requesting nits when no mapping exists.
01-06 03:28:46.084   944  1206 E DisplayDeviceConfig: requesting nits when no mapping exists.
01-06 03:28:46.085   944  1206 E DisplayDeviceConfig: requesting nits when no mapping exists.
01-06 03:28:46.101   944  1206 E DisplayDeviceConfig: requesting nits when no mapping exists.
01-06 03:28:46.101   944  1206 E DisplayDeviceConfig: requesting nits when no mapping exists.
01-06 03:28:46.117   944  1206 E DisplayDeviceConfig: requesting nits when no mapping exists.
01-06 03:28:46.118   944  1206 E DisplayDeviceConfig: requesting nits when no mapping exists.
01-06 03:28:46.135   944  1206 E DisplayDeviceConfig: requesting nits when no mapping exists.
01-06 03:28:46.136   944  1206 E DisplayDeviceConfig: requesting nits when no mapping exists.
01-06 03:28:46.151   944  1206 E DisplayDeviceConfig: requesting nits when no mapping exists.
01-06 03:28:46.152   944  1206 E DisplayDeviceConfig: requesting nits when no mapping exists.
01-06 03:28:46.168   944  1206 E DisplayDeviceConfig: requesting nits when no mapping exists.
01-06 03:28:46.169   944  1206 E DisplayDeviceConfig: requesting nits when no mapping exists.
01-06 03:28:46.184   944  1206 E DisplayDeviceConfig: requesting nits when no mapping exists.
01-06 03:28:46.185   944  1206 E DisplayDeviceConfig: requesting nits when no mapping exists.
01-06 03:28:46.201   944  1206 E DisplayDeviceConfig: requesting nits when no mapping exists.
01-06 03:28:46.202   944  1206 E DisplayDeviceConfig: requesting nits when no mapping exists.
01-06 03:28:46.218   944  1206 E DisplayDeviceConfig: requesting nits when no mapping exists.
01-06 03:28:46.219   944  1206 E DisplayDeviceConfig: requesting nits when no mapping exists.
01-06 03:28:46.234   944  1206 E DisplayDeviceConfig: requesting nits when no mapping exists.
01-06 03:28:46.235   944  1206 E DisplayDeviceConfig: requesting nits when no mapping exists.
01-06 03:28:46.251   944  1206 E DisplayDeviceConfig: requesting nits when no mapping exists.
01-06 03:28:46.252   944  1206 E DisplayDeviceConfig: requesting nits when no mapping exists.
01-06 03:28:46.267   944  1206 E DisplayDeviceConfig: requesting nits when no mapping exists.
01-06 03:28:46.267   944  1206 E DisplayDeviceConfig: requesting nits when no mapping exists.
01-06 03:28:46.284   944  1206 E DisplayDeviceConfig: requesting nits when no mapping exists.
01-06 03:28:46.284   944  1206 E DisplayDeviceConfig: requesting nits when no mapping exists.
01-06 03:28:46.301   944  1206 E DisplayDeviceConfig: requesting nits when no mapping exists.
01-06 03:28:46.301   944  1206 E DisplayDeviceConfig: requesting nits when no mapping exists.
01-06 03:28:46.318   944  1206 E DisplayDeviceConfig: requesting nits when no mapping exists.
01-06 03:28:46.319   944  1206 E DisplayDeviceConfig: requesting nits when no mapping exists.
01-06 03:28:46.334   944  1206 E DisplayDeviceConfig: requesting nits when no mapping exists.
01-06 03:28:46.335   944  1206 E DisplayDeviceConfig: requesting nits when no mapping exists.
01-06 03:28:46.351   944  1206 E DisplayDeviceConfig: requesting nits when no mapping exists.
01-06 03:28:46.352   944  1206 E DisplayDeviceConfig: requesting nits when no mapping exists.
01-06 03:28:46.367   944  1206 E DisplayDeviceConfig: requesting nits when no mapping exists.
01-06 03:28:46.368   944  1206 E DisplayDeviceConfig: requesting nits when no mapping exists.
01-06 03:28:46.384   944  1206 E DisplayDeviceConfig: requesting nits when no mapping exists.
01-06 03:28:46.384   944  1206 E DisplayDeviceConfig: requesting nits when no mapping exists.
01-06 03:28:46.401   944  1206 E DisplayDeviceConfig: requesting nits when no mapping exists.
01-06 03:28:46.402   944  1206 E DisplayDeviceConfig: requesting nits when no mapping exists.
01-06 03:28:46.418   944  1206 E DisplayDeviceConfig: requesting nits when no mapping exists.
01-06 03:28:46.419   944  1206 E DisplayDeviceConfig: requesting nits when no mapping exists.
01-06 03:28:46.434   944  1206 E DisplayDeviceConfig: requesting nits when no mapping exists.
01-06 03:28:46.434   944  1206 E DisplayDeviceConfig: requesting nits when no mapping exists.
01-06 03:28:46.451   944  1206 E DisplayDeviceConfig: requesting nits when no mapping exists.
01-06 03:28:46.451   944  1206 E DisplayDeviceConfig: requesting nits when no mapping exists.
01-06 03:28:46.468   944  1206 E DisplayDeviceConfig: requesting nits when no mapping exists.
01-06 03:28:46.468   944   999 I DisplayPowerController[0]: BrightnessEvent: disp=0, physDisp=local:4633127902230889483, brt=0.39763778, initBrt=0.39763778, rcmdBrt=NaN, preBrt=NaN, lux=0.0, preLux=0.0, hbmMax=1.0, hbmMode=off, rbcStrength=0, powerFactor=1.0, thrmMax=1.0, wasShortTermModelActive=false, flags=, reason=manual, autoBrightness=false
01-06 03:28:46.469   944  1206 E DisplayDeviceConfig: requesting nits when no mapping exists.
01-06 03:29:04.093   944   975 I UsageStatsService: User[0] Flushing usage stats to disk
01-06 03:29:04.491   944  7366 W ProcessStats: Tracking association SourceState{8d88922 system/1000 BTopFgs #1691} whose proc state 2 is better than process ProcessState{a2bd69d com.sonos.connectivity/10082 pkg=com.sonos.connectivity} proc state 3 (1 skipped)
01-06 03:29:04.991     0     0 I [2 T1430  ..] [schedu][0x90c60838][03: 29:10.892991] wlan: [1430:I:OSIF] scan start scan id 41002
01-06 03:29:06.604     0     0 I [5 T1430  ..] [schedu][0x90dea7b1][03: 29:12.506680] wlan: [1430:I:OSIF] vdev 0, scan id 41002 type COMPLETED(1) reason COMPLETED(1) scan found 71 bss
01-06 03:29:12.621   944   944 D HDMI    : [P]:AllocatedAddress=[]
01-06 03:29:23.555   944  1598 W ProcessStats: Tracking association SourceState{8d88922 system/1000 BTopFgs #1699} whose proc state 2 is better than process ProcessState{a2bd69d com.sonos.connectivity/10082 pkg=com.sonos.connectivity} proc state 3 (1 skipped)
01-06 03:29:37.322     0     0 W [1 T8300  ..] audit: audit_lost=29359 audit_rate_limit=5 audit_backlog_limit=64
01-06 03:29:37.322     0     0 E [1 T8300  ..] audit: rate limit exceeded
01-06 03:30:06.978   944  1511 W ProcessStats: Tracking association SourceState{8d88922 system/1000 BTopFgs #1721} whose proc state 2 is better than process ProcessState{a2bd69d com.sonos.connectivity/10082 pkg=com.sonos.connectivity} proc state 3 (13 skipped)
01-06 03:30:04.995     0     0 I [6 T1430  ..] [schedu][0x9459a1a0][03: 30:10.897703] wlan: [1430:I:OSIF] scan start scan id 41003
01-06 03:30:06.608     0     0 I [1 T1430  ..] [schedu][0x94723cbb][03: 30:12.510274] wlan: [1430:I:OSIF] vdev 0, scan id 41003 type COMPLETED(1) reason COMPLETED(1) scan found 73 bss
01-06 03:30:12.629   944   944 D HDMI    : [P]:AllocatedAddress=[]
01-06 03:30:37.428     0     0 W [1 T8447  ..] audit: audit_lost=29716 audit_rate_limit=5 audit_backlog_limit=64
01-06 03:30:37.428     0     0 E [1 T8447  ..] audit: rate limit exceeded
01-06 03:31:09.502   944  2869 W ProcessStats: Tracking association SourceState{8d88922 system/1000 BTopFgs #1728} whose proc state 2 is better than process ProcessState{a2bd69d com.sonos.connectivity/10082 pkg=com.sonos.connectivity} proc state 3 (1 skipped)
01-06 03:31:05.002     0     0 I [2 T1430  ..] [schedu][0x97ed42f2][03: 31:10.904441] wlan: [1430:I:OSIF] scan start scan id 41004
01-06 03:31:06.618     0     0 I [6 T1430  ..] [schedu][0x9805ea35][03: 31:12.520125] wlan: [1430:I:OSIF] vdev 0, scan id 41004 type COMPLETED(1) reason COMPLETED(1) scan found 75 bss
01-06 03:31:12.625   944   944 D HDMI    : [P]:AllocatedAddress=[]
01-06 03:31:37.524     0     0 W [2 T8568  ..] audit: audit_lost=29888 audit_rate_limit=5 audit_backlog_limit=64
01-06 03:31:37.524     0     0 E [2 T8568  ..] audit: rate limit exceeded
01-06 03:32:05.004     0     0 I [2 T1430  ..] [schedu][0x9b80d2c9][03: 32:10.906704] wlan: [1430:I:OSIF] scan start scan id 41005
01-06 03:32:06.626     0     0 I [6 T1430  ..] [schedu][0x9b999045][03: 32:12.528077] wlan: [1430:I:OSIF] vdev 0, scan id 41005 type COMPLETED(1) reason COMPLETED(1) scan found 68 bss
01-06 03:32:12.625   944   944 D HDMI    : [P]:AllocatedAddress=[]
01-06 03:32:37.600     0     0 W [3 T8728  ..] audit: audit_lost=30074 audit_rate_limit=5 audit_backlog_limit=64
01-06 03:32:37.600     0     0 E [3 T8728  ..] audit: rate limit exceeded
01-06 03:33:05.016     0     0 I [3 T1430  ..] [schedu][0x9f1487cd][03: 33:10.918484] wlan: [1430:I:OSIF] scan start scan id 41006
01-06 03:33:06.631     0     0 I [6 T1430  ..] [schedu][0x9f2d2aea][03: 33:12.533105] wlan: [1430:I:OSIF] vdev 0, scan id 41006 type COMPLETED(1) reason COMPLETED(1) scan found 80 bss
01-06 03:33:12.621   944   944 D HDMI    : [P]:AllocatedAddress=[]
01-06 03:33:37.692     0     0 W [0 T8860  ..] audit: audit_lost=30324 audit_rate_limit=5 audit_backlog_limit=64
01-06 03:33:37.692     0     0 E [0 T8860  ..] audit: rate limit exceeded
01-06 03:34:05.003     0     0 I [7 T1430  ..] [schedu][0xa2a7d964][03: 34:10.904811] wlan: [1430:I:OSIF] scan start scan id 41007
01-06 03:34:06.638     0     0 I [6 T1430  ..] [schedu][0xa2c0cc5c][03: 34:12.539876] wlan: [1430:I:OSIF] vdev 0, scan id 41007 type COMPLETED(1) reason COMPLETED(1) scan found 73 bss
01-06 03:34:12.633   944   944 D HDMI    : [P]:AllocatedAddress=[]
01-06 03:34:41.799   944   976 W ProcessStats: Tracking association SourceState{8d88922 system/1000 BTopFgs #1740} whose proc state 2 is better than process ProcessState{a2bd69d com.sonos.connectivity/10082 pkg=com.sonos.connectivity} proc state 3 (1 skipped)
01-06 03:34:42.262   944   967 D sysclock_state: set to SYNCED, reason: OK
01-06 03:34:37.793     0     0 W [1 T9028  ..] audit: audit_lost=30547 audit_rate_limit=5 audit_backlog_limit=64
01-06 03:34:37.793     0     0 E [1 T9028  ..] audit: rate limit exceeded
01-06 03:35:05.019     0     0 I [5 T1430  ..] [schedu][0xa63ba17d][03: 35:10.921477] wlan: [1430:I:OSIF] scan start scan id 41008
01-06 03:35:06.642     0     0 I [3 T1430  ..] [schedu][0xa6546338][03: 35:12.543935] wlan: [1430:I:OSIF] vdev 0, scan id 41008 type COMPLETED(1) reason COMPLETED(1) scan found 78 bss
01-06 03:35:12.633   944   944 D HDMI    : [P]:AllocatedAddress=[]
01-06 03:35:31.920   944   959 W ProcessStats: Tracking association SourceState{8d88922 system/1000 BTopFgs #1751} whose proc state 2 is better than process ProcessState{a2bd69d com.sonos.connectivity/10082 pkg=com.sonos.connectivity} proc state 3 (4 skipped)
01-06 03:35:37.884     0     0 W [1 T9074  ..] audit: audit_lost=30859 audit_rate_limit=5 audit_backlog_limit=64
01-06 03:35:37.884     0     0 E [1 T9074  ..] audit: rate limit exceeded
01-06 03:36:08.544   944   959 I ActivityManager: Background started FGS: Allowed [callingPackage: com.brdgwtr.metrics.service; callingUid: 10043; uidState: BTOP; intent: Intent { act=ACTION_START_FOREGROUND cmp=com.brdgwtr.metrics.service/androidx.work.impl.foreground.SystemForegroundService (has extras) }; code:PROC_STATE_BTOP; tempAllowListReason:<null>; targetSdkVersion:30; callerTargetSdkVersion:30; startForegroundCount:0; bindFromPackage:null]
01-06 03:36:08.548   944  6331 W ActivityManager: Foreground service started from background can not have location/camera/microphone access: service com.brdgwtr.metrics.service/androidx.work.impl.foreground.SystemForegroundService
01-06 03:36:08.551   944  1100 W ProcessStats: Tracking association SourceState{8d88922 system/1000 BTopFgs #1758} whose proc state 2 is better than process ProcessState{a2bd69d com.sonos.connectivity/10082 pkg=com.sonos.connectivity} proc state 3 (1 skipped)
01-06 03:36:08.551   944   976 I ActivityManager: Deferring FGS notification in legacy app com.brdgwtr.metrics.service/u0a43 : Notification(channel=EventLogSyncWorker shortcut=null contentView=null vibrate=null sound=null defaults=0x0 flags=0x42 color=0x00000000 vis=PRIVATE)
01-06 03:36:05.029     0     0 I [7 T1430  ..] [schedu][0xa9cf4ddc][03: 36:10.931043] wlan: [1430:I:OSIF] scan start scan id 41009
01-06 03:36:06.651     0     0 I [7 T1430  ..] [schedu][0xa9e80fa4][03: 36:12.553516] wlan: [1430:I:OSIF] vdev 0, scan id 41009 type COMPLETED(1) reason COMPLETED(1) scan found 74 bss
01-06 03:36:12.637   944   944 D HDMI    : [P]:AllocatedAddress=[]
01-06 03:36:37.980     0     0 W [1 T9119  ..] audit: audit_lost=31046 audit_rate_limit=5 audit_backlog_limit=64
01-06 03:36:37.980     0     0 E [1 T9119  ..] audit: rate limit exceeded
01-06 03:37:05.027     0     0 I [2 T1430  ..] [schedu][0xad62ce92][03: 37:10.929432] wlan: [1430:I:OSIF] scan start scan id 41010
01-06 03:37:06.654     0     0 I [2 T1430  ..] [schedu][0xad7ba088][03: 37:12.556047] wlan: [1430:I:OSIF] vdev 0, scan id 41010 type COMPLETED(1) reason COMPLETED(1) scan found 78 bss
01-06 03:37:12.629   944   944 D HDMI    : [P]:AllocatedAddress=[]
01-06 03:37:38.056     0     0 W [2 T9205  ..] audit: audit_lost=31176 audit_rate_limit=5 audit_backlog_limit=64
01-06 03:37:38.056     0     0 E [2 T9205  ..] audit: rate limit exceeded
01-06 03:37:43.626     0     0 I [0 T322   ..] logd: logdr: UID=2000 GID=2000 PID=9303 b tail=0 logMask=99 pid=0 start=0ns deadline=0ns
01-06 03:37:51.780   944  1100 W ProcessStats: Tracking association SourceState{58fbe86 system/1000 BTopFgs #1768} whose proc state 2 is better than process ProcessState{a2bd69d com.sonos.connectivity/10082 pkg=com.sonos.connectivity} proc state 3 (2 skipped)
01-06 03:37:45.882     0     0 E [3 T528   ..] [wifi@1][0xafd231f4][03: 37:51.783803] wlan: [528:E:OSIF] wlan_hdd_set_station_stats_request_pending: peer is null
01-06 03:37:51.788   944  1100 I ActivityManager: Force stopping io.appium.uiautomator2.server appid=10103 user=0: finished inst
01-06 03:37:51.788   944  1100 I ActivityManager: Killing 7278:io.appium.uiautomator2.server/u0a103 (adj 0): stop io.appium.uiautomator2.server due to finished inst
01-06 03:37:51.795   944   983 W BatteryExternalStatsWorker: error reading modem stats:ERROR_PHONE_NOT_AVAILABLE
01-06 03:37:45.943     0     0 I [5 T1100  ..] binder_alloc: 7278: binder_alloc_buf, no vma
01-06 03:37:45.943     0     0 I [5 T1100  ..] binder: 944:1100 transaction failed 29189/-3, size 4-0 line 3101
01-06 03:37:45.943     0     0 I [5 T1100  ..] binder: send failed reply for transaction 222329 to 7278:7299
01-06 03:37:45.945     0     0 I [4 T121   ..] binder: undelivered TRANSACTION_COMPLETE
01-06 03:37:45.945     0     0 I [4 T121   ..] binder: undelivered TRANSACTION_ERROR: 29189
01-06 03:37:51.847   944  1100 V ActivityManager: Got obituary of 7278:io.appium.uiautomator2.server
01-06 03:37:46.003     0     0 W [4 T9342  ..] audit: audit_lost=31288 audit_rate_limit=5 audit_backlog_limit=64
01-06 03:37:46.003     0     0 E [4 T9342  ..] audit: rate limit exceeded
01-06 03:37:52.646   944  1100 I ActivityManager: Force stopping io.appium.uiautomator2.server.test appid=10104 user=0: from pid 9348
01-06 03:37:53.154   944  1100 I ActivityManager: Force stopping io.appium.uiautomator2.server appid=10103 user=0: start instr
01-06 03:37:53.157   944  1100 D CompatibilityChangeReporter: Compat change id reported: 135634846; UID 10103; state: DISABLED
01-06 03:37:53.157   944  1100 D CompatibilityChangeReporter: Compat change id reported: 177438394; UID 10103; state: DISABLED
01-06 03:37:53.157   944  1100 D CompatibilityChangeReporter: Compat change id reported: 135772972; UID 10103; state: DISABLED
01-06 03:37:53.157   944  1100 D CompatibilityChangeReporter: Compat change id reported: 135754954; UID 10103; state: ENABLED
01-06 03:37:53.157   944   977 D CompatibilityChangeReporter: Compat change id reported: 143937733; UID 10103; state: ENABLED
01-06 03:37:53.172   944   977 I ActivityManager: Start proc 9366:io.appium.uiautomator2.server/u0a103 for added application io.appium.uiautomator2.server
01-06 03:37:47.379     0     0 W [0 T9384  ..] audit: audit_lost=31742 audit_rate_limit=5 audit_backlog_limit=64
01-06 03:37:47.379     0     0 E [0 T9384  ..] audit: rate limit exceeded
01-06 03:37:57.142   944   968 D HdmiControlService: Process pid: 944 is calling oneTouchPlay.
01-06 03:37:57.142   944   944 D HDMI    : oneTouchPlay com.android.server.hdmi.OneTouchPlayAction@abeef69
01-06 03:37:57.143   944   944 D HDMI    : setActiveSource logical:0x03 physical:0x2000 OneTouchPlayAction#broadcastActiveSource()
01-06 03:37:57.145   944   967 D AutofillManagerService: Close system dialogs
01-06 03:37:57.148   944   968 I ActivityTaskManager: START u0 {act=android.intent.action.MAIN cat=[android.intent.category.HOME] flg=0x10000100 cmp=com.sonos.tv.launcher/com.sonos.tv.contentguidelauncher.MainActivity (has extras)} from uid 0
01-06 03:37:57.370   944   944 D HDMI    : ActiveSourceHistoryRecord active source=(0x03, 0x2000) isActiveSource=true from=OneTouchPlayAction#broadcastActiveSource()
01-06 03:37:57.370   944   944 D HdmiCecActiveness: setState active mState:active
01-06 03:37:57.370   944   944 D HDMI    : setActiveSource logical:0x03 physical:0x2000 ActiveSourceAction
01-06 03:37:57.483   944   944 D HDMI    : ActiveSourceHistoryRecord active source=(0x03, 0x2000) isActiveSource=true from=ActiveSourceAction
01-06 03:37:57.483   944   944 D HdmiCecActiveness: setState active mState:active
01-06 03:37:57.483   944  1197 E HDMI    : [6]:Failed to send <Text View On> 30:0D with errorCode=1
01-06 03:37:57.483   944   944 D HDMI    : setLocalActivePort port:0 current:0
01-06 03:37:57.519   944   944 W Looper  : Slow dispatch took 377ms main h=android.os.Handler c=com.android.server.hdmi.WorkSourceUidPreservingRunnable@aa3728f m=0
01-06 03:37:57.519   944   944 W Looper  : Slow delivery took 374ms main h=android.app.ActivityThread$H c=android.app.LoadedApk$ReceiverDispatcher$Args$$ExternalSyntheticLambda0@e19891c m=0
01-06 03:37:57.520   944   944 I HdmiControlService: checkAndUpdateAbsoluteVolumeControlState() AudioDeviceAttributes: role:output type:hdmi addr: name: profiles:[] descriptors:[]Not in AVC_AUDIO_OUTPUT_DEVICES
01-06 03:37:57.526   944   944 I HdmiControlService: checkAndUpdateAbsoluteVolumeControlState() AudioDeviceAttributes: role:output type:hdmi addr: name: profiles:[] descriptors:[]Not in AVC_AUDIO_OUTPUT_DEVICES
01-06 03:37:57.527   944   944 W Looper  : Drained
01-06 03:37:57.618   944  1197 D HDMI    : [S]:<Active Source> 3F:82:20:00
01-06 03:37:57.961   944  1197 E HDMI    : [1]:Failed to send <Menu Status> 30:8E:00 with errorCode=1
01-06 03:37:58.301   944  1197 E HDMI    : [6]:Failed to send <Give Device Power Status> 30:8F with errorCode=1
01-06 03:37:59.519   944   944 D HDMI    : one touch play retry:1
01-06 03:38:01.519   944   944 D HDMI    : one touch play retry:2
01-06 03:38:03.520   944   944 D HDMI    : one touch play retry:3
01-06 03:38:05.520   944   944 D HDMI    : one touch play retry:4
01-06 03:38:07.381   944   976 W ProcessStats: Tracking association SourceState{8d88922 system/1000 BTopFgs #1794} whose proc state 2 is better than process ProcessState{a2bd69d com.sonos.connectivity/10082 pkg=com.sonos.connectivity} proc state 3 (27 skipped)
01-06 03:38:07.521   944   944 D HDMI    : one touch play retry:5
01-06 03:38:02.314     0     0 I [1 T322   ..] logd: logdr: UID=2000 GID=2000 PID=9531 n tail=0 logMask=99 pid=0 start=0ns deadline=0ns
01-06 03:38:09.016   944  1602 I ActivityManager: Force stopping io.appium.uiautomator2.server appid=10103 user=0: finished inst
01-06 03:38:09.017   944  1602 I ActivityManager: Killing 9366:io.appium.uiautomator2.server/u0a103 (adj 0): stop io.appium.uiautomator2.server due to finished inst
01-06 03:38:03.137     0     0 I [0 T1602  ..] binder_alloc: 9366: binder_alloc_buf, no vma
01-06 03:38:03.137     0     0 I [0 T1602  ..] binder: 944:1602 transaction failed 29189/-3, size 4-0 line 3101
01-06 03:38:03.137     0     0 I [0 T1602  ..] binder: send failed reply for transaction 229750 to 9366:9400
01-06 03:38:09.042   944  1602 V ActivityManager: Got obituary of 9366:io.appium.uiautomator2.server
01-06 03:38:03.139     0     0 I [2 T69    ..] binder: undelivered TRANSACTION_COMPLETE
01-06 03:38:03.139     0     0 I [2 T69    ..] binder: undelivered TRANSACTION_ERROR: 29189
01-06 03:38:03.189     0     0 W [2 T9569  ..] audit: audit_lost=32259 audit_rate_limit=5 audit_backlog_limit=64
01-06 03:38:03.189     0     0 E [2 T9569  ..] audit: rate limit exceeded
01-06 03:38:05.039     0     0 I [1 T1430  ..] [schedu][0xb0f68560][03: 38:10.941671] wlan: [1430:I:OSIF] scan start scan id 41011
01-06 03:38:06.662     0     0 I [2 T1430  ..] [schedu][0xb10f46b0][03: 38:12.564023] wlan: [1430:I:OSIF] vdev 0, scan id 41011 type COMPLETED(1) reason COMPLETED(1) scan found 77 bss
01-06 03:38:12.632   944   944 D HDMI    : [P]:AllocatedAddress=[]
01-06 03:38:45.891     0     0 E [5 T528   ..] [wifi@1][0xb365dc75][03: 38:51.792892] wlan: [528:E:OSIF] wlan_hdd_set_station_stats_request_pending: peer is null
01-06 03:39:03.379     0     0 W [0 T9584  ..] audit: audit_lost=32789 audit_rate_limit=5 audit_backlog_limit=64
01-06 03:39:03.379     0     0 E [0 T9584  ..] audit: rate limit exceeded
01-06 03:39:05.035     0     0 I [2 T1430  ..] [schedu][0xb489f99e][03: 39:10.936868] wlan: [1430:I:OSIF] scan start scan id 41012
01-06 03:39:06.663     0     0 I [2 T1430  ..] [schedu][0xb4a2d215][03: 39:12.565148] wlan: [1430:I:OSIF] vdev 0, scan id 41012 type COMPLETED(1) reason COMPLETED(1) scan found 70 bss
01-06 03:39:12.633   944   944 D HDMI    : [P]:AllocatedAddress=[]
01-06 03:39:25.177   944  9483 W ProcessStats: Tracking association SourceState{58fbe86 system/1000 BTopFgs #1815} whose proc state 2 is better than process ProcessState{a2bd69d com.sonos.connectivity/10082 pkg=com.sonos.connectivity} proc state 3 (13 skipped)
01-06 03:40:03.457     0     0 W [2 T9615  ..] audit: audit_lost=32952 audit_rate_limit=5 audit_backlog_limit=64
01-06 03:40:03.457     0     0 E [2 T9615  ..] audit: rate limit exceeded
01-06 03:40:05.046     0     0 I [3 T1430  ..] [schedu][0xb81dacb5][03: 40:10.948156] wlan: [1430:I:OSIF] scan start scan id 41013
01-06 03:40:06.674     0     0 I [2 T1430  ..] [schedu][0xb836863f][03: 40:12.576710] wlan: [1430:I:OSIF] vdev 0, scan id 41013 type COMPLETED(1) reason COMPLETED(1) scan found 74 bss
01-06 03:40:12.633   944   944 D HDMI    : [P]:AllocatedAddress=[]
01-06 03:40:11.228     0     0 I [0 T322   ..] logd: logdr: UID=2000 GID=2000 PID=9685 b tail=0 logMask=99 pid=0 start=0ns deadline=0ns
01-06 03:40:19.182   944  1602 I ActivityManager: Force stopping io.appium.uiautomator2.server.test appid=10104 user=0: from pid 9712
01-06 03:40:19.183   944  1602 W ProcessStats: Tracking association SourceState{90faa com.brdgwtr.dms:pdssService/10050 BTopFgs #1834} whose proc state 2 is better than process ProcessState{d13fea com.brdgwtr.dms/10050 pkg=com.brdgwtr.dms} proc state 3 (27 skipped)
01-06 03:40:19.697   944  1602 I ActivityManager: Force stopping io.appium.uiautomator2.server appid=10103 user=0: start instr
01-06 03:40:19.699   944  1602 D CompatibilityChangeReporter: Compat change id reported: 135634846; UID 10103; state: DISABLED
01-06 03:40:19.699   944  1602 D CompatibilityChangeReporter: Compat change id reported: 177438394; UID 10103; state: DISABLED
01-06 03:40:19.699   944  1602 D CompatibilityChangeReporter: Compat change id reported: 135772972; UID 10103; state: DISABLED
01-06 03:40:19.699   944  1602 D CompatibilityChangeReporter: Compat change id reported: 135754954; UID 10103; state: ENABLED
01-06 03:40:19.700   944   977 D CompatibilityChangeReporter: Compat change id reported: 143937733; UID 10103; state: ENABLED
01-06 03:40:19.712   944   977 I ActivityManager: Start proc 9730:io.appium.uiautomator2.server/u0a103 for added application io.appium.uiautomator2.server
01-06 03:40:13.912     0     0 W [6 T9745  ..] audit: audit_lost=33295 audit_rate_limit=5 audit_backlog_limit=64
01-06 03:40:13.912     0     0 E [6 T9745  ..] audit: rate limit exceeded
01-06 03:41:05.034     0     0 I [1 T1430  ..] [schedu][0xbbb106df][03: 41:10.936678] wlan: [1430:I:OSIF] scan start scan id 41014
01-06 03:41:06.665     0     0 I [3 T1430  ..] [schedu][0xbbc9ea52][03: 41:12.567768] wlan: [1430:I:OSIF] vdev 0, scan id 41014 type COMPLETED(1) reason COMPLETED(1) scan found 69 bss
01-06 03:41:12.629   944   944 D HDMI    : [P]:AllocatedAddress=[]
01-06 03:41:14.556     0     0 W [0 T9789  ..] audit: audit_lost=33851 audit_rate_limit=5 audit_backlog_limit=64
01-06 03:41:14.556     0     0 E [0 T9789  ..] audit: rate limit exceeded
01-06 03:42:05.060     0     0 I [1 T1430  ..] [schedu][0xbf44f041][03: 42:10.961864] wlan: [1430:I:OSIF] scan start scan id 41015
01-06 03:42:06.693     0     0 I [4 T1430  ..] [schedu][0xbf5ddbbe][03: 42:12.595014] wlan: [1430:I:OSIF] vdev 0, scan id 41015 type COMPLETED(1) reason COMPLETED(1) scan found 71 bss
01-06 03:42:12.629   944   944 D HDMI    : [P]:AllocatedAddress=[]
01-06 03:42:14.639     0     0 W [1 T9810  ..] audit: audit_lost=34173 audit_rate_limit=5 audit_backlog_limit=64
01-06 03:42:14.639     0     0 E [1 T9810  ..] audit: rate limit exceeded
01-06 03:43:05.056     0     0 I [1 T1430  ..] [schedu][0xc2d86963][03: 43:10.958314] wlan: [1430:I:OSIF] scan start scan id 41016
01-06 03:43:06.689     0     0 I [6 T1430  ..] [schedu][0xc2f15440][03: 43:12.591304] wlan: [1430:I:OSIF] vdev 0, scan id 41016 type COMPLETED(1) reason COMPLETED(1) scan found 66 bss
01-06 03:43:12.641   944   944 D HDMI    : [P]:AllocatedAddress=[]
01-06 03:43:14.729     0     0 W [1 T9835  ..] audit: audit_lost=34309 audit_rate_limit=5 audit_backlog_limit=64
01-06 03:43:14.729     0     0 E [1 T9835  ..] audit: rate limit exceeded
01-06 03:44:05.056     0     0 I [1 T1430  ..] [schedu][0xc66bf228][03: 44:10.958767] wlan: [1430:I:OSIF] scan start scan id 41017
01-06 03:44:06.690     0     0 I [6 T1430  ..] [schedu][0xc684e087][03: 44:12.592655] wlan: [1430:I:OSIF] vdev 0, scan id 41017 type COMPLETED(1) reason COMPLETED(1) scan found 67 bss
01-06 03:44:12.629   944   944 D HDMI    : [P]:AllocatedAddress=[]
01-06 03:44:14.817     0     0 W [0 T9903  ..] audit: audit_lost=34424 audit_rate_limit=5 audit_backlog_limit=64
01-06 03:44:14.817     0     0 E [0 T9903  ..] audit: rate limit exceeded
01-06 03:44:47.731   944  1099 I ActivityTaskManager: START u0 {act=android.intent.action.VIEW dat=https://api.ws.sonos.com/... pkg=com.sonos.tv.launcher cmp=com.sonos.tv.launcher/com.sonos.tv.contentguidelauncher.MainActivity (has extras)} from uid 10058
01-06 03:44:47.774   944   970 W ProcessStats: Tracking association SourceState{8d88922 system/1000 BTopFgs #1853} whose proc state 2 is better than process ProcessState{a2bd69d com.sonos.connectivity/10082 pkg=com.sonos.connectivity} proc state 3 (13 skipped)
01-06 03:45:05.058     0     0 I [7 T1430  ..] [schedu][0xc9ff7e54][03: 45:10.960091] wlan: [1430:I:OSIF] scan start scan id 41018
01-06 03:45:06.691     0     0 I [6 T1430  ..] [schedu][0xca186990][03: 45:12.593176] wlan: [1430:I:OSIF] vdev 0, scan id 41018 type COMPLETED(1) reason COMPLETED(1) scan found 70 bss
01-06 03:45:12.641   944   944 D HDMI    : [P]:AllocatedAddress=[]
01-06 03:45:14.900     0     0 W [3 T9987  ..] audit: audit_lost=34716 audit_rate_limit=5 audit_backlog_limit=64
01-06 03:45:14.900     0     0 E [3 T9987  ..] audit: rate limit exceeded
01-06 03:45:24.435   944   959 W ProcessStats: Tracking association SourceState{8d88922 system/1000 BTopFgs #1858} whose proc state 2 is better than process ProcessState{a2bd69d com.sonos.connectivity/10082 pkg=com.sonos.connectivity} proc state 3 (0 skipped)
01-06 03:45:25.281   944  1282 W JobScheduler: Job didn't exist in JobStore: 3f9f2d2 #u0a62/20 com.sonos.tv.appdirector/androidx.work.impl.background.systemjob.SystemJobService
01-06 03:45:31.800   944   968 D AutofillManagerService: onBackKeyPressed()
01-06 03:45:36.605   944  1511 W ProcessStats: Tracking association SourceState{58fbe86 system/1000 BTopFgs #1871} whose proc state 2 is better than process ProcessState{a2bd69d com.sonos.connectivity/10082 pkg=com.sonos.connectivity} proc state 3 (3 skipped)
01-06 03:45:30.705     0     0 E [4 T528   ..] [wifi@1][0xcb86d876][03: 45:36.607741] wlan: [528:E:OSIF] wlan_hdd_set_station_stats_request_pending: peer is null
01-06 03:45:36.610   944   959 I ActivityManager: Force stopping io.appium.uiautomator2.server appid=10103 user=0: finished inst
01-06 03:45:36.610   944   959 I ActivityManager: Killing 9730:io.appium.uiautomator2.server/u0a103 (adj 0): stop io.appium.uiautomator2.server due to finished inst
01-06 03:45:36.613   944   983 W BatteryExternalStatsWorker: error reading modem stats:ERROR_PHONE_NOT_AVAILABLE
01-06 03:45:36.656   944  7366 V ActivityManager: Got obituary of 9730:io.appium.uiautomator2.server
01-06 03:45:30.754     0     0 I [7 T62    ..] binder: undelivered TRANSACTION_COMPLETE
01-06 03:45:30.754     0     0 W [7 T62    d.] binder_cleanup_transaction: 37 callbacks suppressed
01-06 03:45:30.754     0     0 I [7 T62    ..] binder: undelivered transaction 254102, process died.
01-06 03:45:30.802     0     0 W [0 T10069 ..] audit: audit_lost=34951 audit_rate_limit=5 audit_backlog_limit=64
01-06 03:45:30.802     0     0 E [0 T10069 ..] audit: rate limit exceeded
01-06 03:45:34.534     0     0 I [0 T322   ..] logd: logdr: UID=2000 GID=2000 PID=10123 b tail=0 logMask=99 pid=0 start=0ns deadline=0ns
01-06 03:45:42.470   944  7366 I ActivityManager: Force stopping io.appium.uiautomator2.server.test appid=10104 user=0: from pid 10150
01-06 03:45:43.016   944  1511 I ActivityManager: Force stopping io.appium.uiautomator2.server appid=10103 user=0: start instr
01-06 03:45:43.019   944  1511 D CompatibilityChangeReporter: Compat change id reported: 135634846; UID 10103; state: DISABLED
01-06 03:45:43.019   944  1511 D CompatibilityChangeReporter: Compat change id reported: 177438394; UID 10103; state: DISABLED
01-06 03:45:43.019   944  1511 D CompatibilityChangeReporter: Compat change id reported: 135772972; UID 10103; state: DISABLED
01-06 03:45:43.019   944  1511 D CompatibilityChangeReporter: Compat change id reported: 135754954; UID 10103; state: ENABLED
01-06 03:45:43.020   944   977 D CompatibilityChangeReporter: Compat change id reported: 143937733; UID 10103; state: ENABLED
01-06 03:45:43.030   944   977 I ActivityManager: Start proc 10168:io.appium.uiautomator2.server/u0a103 for added application io.appium.uiautomator2.server
01-06 03:45:37.232     0     0 W [4 T10183 ..] audit: audit_lost=35420 audit_rate_limit=5 audit_backlog_limit=64
01-06 03:45:37.232     0     0 E [4 T10183 ..] audit: rate limit exceeded
01-06 03:45:48.517   944  1007 E PackageManager: ERROR: could not load root hash from incremental install
01-06 03:45:48.517   944  1007 E PackageManager: Required verifier is null
01-06 03:45:48.519   944   976 W ProcessStats: Tracking association SourceState{8d88922 system/1000 BTopFgs #1889} whose proc state 2 is better than process ProcessState{a2bd69d com.sonos.connectivity/10082 pkg=com.sonos.connectivity} proc state 3 (21 skipped)
01-06 03:45:48.524   944  1114 W PackageParsing: Ignoring duplicate uses-permissions/uses-permissions-sdk-m: com.android.providers.tv.permission.WRITE_EPG_DATA in package: com.future.HappyKids at: Binary XML file line #37
01-06 03:45:48.535   944  1114 W RuleEvaluation: Integrity rule files are not available.
01-06 03:45:48.535   944  1007 I PackageManager: Integrity check passed for file:///data/app/vmdl261544335.tmp
01-06 03:45:48.543   944  1007 W PackageParsing: Ignoring duplicate uses-permissions/uses-permissions-sdk-m: com.android.providers.tv.permission.WRITE_EPG_DATA in package: com.future.HappyKids at: Binary XML file line #37
01-06 03:45:42.693     0     0 I [0 T3036  ..] logd: start watching /data/system/packages.list ...
01-06 03:45:48.598   944  1007 D PackageManager: Instant App installer not found with android.intent.action.INSTALL_INSTANT_APP_PACKAGE
01-06 03:45:48.598   944  1007 D PackageManager: Clear ephemeral installer activity
01-06 03:45:42.694     0     0 I [0 T3036  ..] logd: ReadPackageList, total packages: 113
01-06 03:45:50.709   944  1007 V BackupManagerService: [UserID:0] restoreAtInstall pkg=com.future.HappyKids token=d restoreSet=0
01-06 03:45:50.710   944  1007 V BackupManagerService: [UserID:0] Finishing install immediately
01-06 03:45:50.710   944  1007 I AppsFilter: interaction: PackageSetting{ad9d75b io.appium.uiautomator2.server.test/10104} -> PackageSetting{f06e974 com.future.HappyKids/10105} BLOCKED
01-06 03:45:50.710   944  1007 I AppsFilter: interaction: PackageSetting{1580650 com.sonos.pinewood.tokenmanager.service/10056} -> PackageSetting{f06e974 com.future.HappyKids/10105} BLOCKED
01-06 03:45:50.710   944  1007 I AppsFilter: interaction: PackageSetting{362cd4e com.sonos.pinewood.ota.service/10046} -> PackageSetting{f06e974 com.future.HappyKids/10105} BLOCKED
01-06 03:45:50.710   944  1007 I AppsFilter: interaction: PackageSetting{3f35e6f com.sonos.pinewood.ota.test/10051} -> PackageSetting{f06e974 com.future.HappyKids/10105} BLOCKED
01-06 03:45:50.710   944  1007 I AppsFilter: interaction: PackageSetting{cb8fd7b io.appium.uiautomator2.server/10103} -> PackageSetting{f06e974 com.future.HappyKids/10105} BLOCKED
01-06 03:45:50.710   944  1007 I AppsFilter: interaction: PackageSetting{e1cd357 com.amazon.amazonvideo.livingroom.qa/10098} -> PackageSetting{f06e974 com.future.HappyKids/10105} BLOCKED
01-06 03:45:50.712   944  1007 D PackageInstallerSession: Marking session 261544335 as applied
01-06 03:45:50.715   944  1007 D CompatibilityChangeReporter: Compat change id reported: 168419799; UID 10105; state: DISABLED
01-06 03:45:50.732   944   975 W TextServicesManagerService: no available spell checker services found
01-06 03:45:50.741   944   944 V BackupManagerConstants: getFullBackupIntervalMilliseconds(...) returns 86400000
01-06 03:45:50.741   944   944 V BackupManagerConstants: getFullBackupRequiredNetworkType(...) returns 2
01-06 03:45:50.741   944   944 V BackupManagerConstants: getFullBackupRequireCharging(...) returns true
01-06 03:45:50.742   944   976 W BroadcastQueue: Background execution not allowed: receiving Intent { act=android.intent.action.PACKAGE_ADDED dat=package: flg=0x4000010 (has extras) } to com.android.packageinstaller/.PackageInstalledReceiver
01-06 03:45:50.742   944   976 W BroadcastQueue: Background execution not allowed: receiving Intent { act=android.intent.action.PACKAGE_ADDED dat=package: flg=0x4000010 (has extras) } to com.android.gallery3d/.app.PackagesMonitor
01-06 03:45:50.776   944  1602 D ActivityManager: sync unfroze 2847 com.android.providers.tv
01-06 03:45:50.788   944   975 W VoiceInteractionManager: no available voice recognition services found for user 0
01-06 03:45:50.818   944   944 I AppsFilter: interaction: PackageSetting{ad9d75b io.appium.uiautomator2.server.test/10104} -> PackageSetting{caa2233 com.future.HappyKids/10105} BLOCKED
01-06 03:45:50.818   944   944 I AppsFilter: interaction: PackageSetting{1580650 com.sonos.pinewood.tokenmanager.service/10056} -> PackageSetting{caa2233 com.future.HappyKids/10105} BLOCKED
01-06 03:45:50.818   944   944 I AppsFilter: interaction: PackageSetting{362cd4e com.sonos.pinewood.ota.service/10046} -> PackageSetting{caa2233 com.future.HappyKids/10105} BLOCKED
01-06 03:45:50.818   944   944 I AppsFilter: interaction: PackageSetting{3f35e6f com.sonos.pinewood.ota.test/10051} -> PackageSetting{caa2233 com.future.HappyKids/10105} BLOCKED
01-06 03:45:50.818   944   944 I AppsFilter: interaction: PackageSetting{cb8fd7b io.appium.uiautomator2.server/10103} -> PackageSetting{caa2233 com.future.HappyKids/10105} BLOCKED
01-06 03:45:50.818   944   944 I AppsFilter: interaction: PackageSetting{e1cd357 com.amazon.amazonvideo.livingroom.qa/10098} -> PackageSetting{caa2233 com.future.HappyKids/10105} BLOCKED
01-06 03:45:50.820   944   944 W JobScheduler: Job didn't exist in JobStore: be9b90d #u0a44/26 com.brdgwtr.publisherservice/androidx.work.impl.background.systemjob.SystemJobService
01-06 03:45:50.825   944  1068 D CompatibilityChangeReporter: Compat change id reported: 218533173; UID 10105; state: DISABLED
01-06 03:45:50.829   944  1741 W BackupTransportManager: Package com.future.HappyKids enabled setting: 0
01-06 03:45:50.830   944   976 D ActivityManager: sync unfroze 3611 com.android.gallery3d
01-06 03:45:50.837   944   975 W TextServicesManagerService: no available spell checker services found
01-06 03:45:50.866   944   975 W VoiceInteractionManager: no available voice recognition services found for user 0
01-06 03:45:55.085   944  1007 E PackageManager: ERROR: could not load root hash from incremental install
01-06 03:45:55.086   944  1007 E PackageManager: Required verifier is null
01-06 03:45:55.113   944  1114 W RuleEvaluation: Integrity rule files are not available.
01-06 03:45:55.113   944  1007 I PackageManager: Integrity check passed for file:///data/app/vmdl212590269.tmp
01-06 03:45:55.137   944   976 I ActivityManager: Force stopping com.philo.philo.google appid=10096 user=-1: installPackageLI
01-06 03:45:55.140   944  1007 I PackageManager: Update package com.philo.philo.google code path from /data/app/~~OjsibQLgkSczjlL7Md5Vwg==/com.philo.philo.google-z55ZDf2pqwd1ZIqNHMP7Gg== to /data/app/~~bMQBmuK5_VVKOOk1mFBNKQ==/com.philo.philo.google-MqpJTSwkepelFfOm5f1c6Q==; Retain data and using new
01-06 03:45:55.148   944  1007 I AppsFilter: interaction: PackageSetting{d150b86 io.appium.uiautomator2.server.test/10104} -> PackageSetting{b1cec47 com.philo.philo.google/10096} BLOCKED
01-06 03:45:55.148   944  1007 I AppsFilter: interaction: PackageSetting{1386c74 com.sonos.pinewood.tokenmanager.service/10056} -> PackageSetting{b1cec47 com.philo.philo.google/10096} BLOCKED
01-06 03:45:55.148   944  1007 I AppsFilter: interaction: PackageSetting{bc9b59d com.sonos.pinewood.ota.service/10046} -> PackageSetting{b1cec47 com.philo.philo.google/10096} BLOCKED
01-06 03:45:55.148   944  1007 I AppsFilter: interaction: PackageSetting{ea65a12 com.sonos.pinewood.ota.test/10051} -> PackageSetting{b1cec47 com.philo.philo.google/10096} BLOCKED
01-06 03:45:55.148   944  1007 I AppsFilter: interaction: PackageSetting{83205e3 io.appium.uiautomator2.server/10103} -> PackageSetting{b1cec47 com.philo.philo.google/10096} BLOCKED
01-06 03:45:55.148   944  1007 I AppsFilter: interaction: PackageSetting{ba9dbe0 com.amazon.amazonvideo.livingroom.qa/10098} -> PackageSetting{b1cec47 com.philo.philo.google/10096} BLOCKED
01-06 03:45:55.148   944  1007 I AppsFilter: interaction: PackageSetting{d150b86 io.appium.uiautomator2.server.test/10104} -> PackageSetting{7910e99 com.philo.philo.google/10096} BLOCKED
01-06 03:45:55.148   944  1007 I AppsFilter: interaction: PackageSetting{1386c74 com.sonos.pinewood.tokenmanager.service/10056} -> PackageSetting{7910e99 com.philo.philo.google/10096} BLOCKED
01-06 03:45:55.148   944  1007 I AppsFilter: interaction: PackageSetting{bc9b59d com.sonos.pinewood.ota.service/10046} -> PackageSetting{7910e99 com.philo.philo.google/10096} BLOCKED
01-06 03:45:55.149   944  1007 I AppsFilter: interaction: PackageSetting{ea65a12 com.sonos.pinewood.ota.test/10051} -> PackageSetting{7910e99 com.philo.philo.google/10096} BLOCKED
01-06 03:45:55.149   944  1007 I AppsFilter: interaction: PackageSetting{83205e3 io.appium.uiautomator2.server/10103} -> PackageSetting{7910e99 com.philo.philo.google/10096} BLOCKED
01-06 03:45:55.149   944  1007 I AppsFilter: interaction: PackageSetting{ba9dbe0 com.amazon.amazonvideo.livingroom.qa/10098} -> PackageSetting{7910e99 com.philo.philo.google/10096} BLOCKED
01-06 03:45:49.305     0     0 I [0 T3036  ..] logd: start watching /data/system/packages.list ...
01-06 03:45:55.210   944  1007 D PackageManager: Instant App installer not found with android.intent.action.INSTALL_INSTANT_APP_PACKAGE
01-06 03:45:55.210   944  1007 D PackageManager: Clear ephemeral installer activity
01-06 03:45:49.306     0     0 I [0 T3036  ..] logd: ReadPackageList, total packages: 113
01-06 03:45:58.459   944  1007 D ActivityManager: sync unfroze 2430 com.android.statementservice
01-06 03:45:58.466   944  1007 I AppsFilter: interaction: PackageSetting{d150b86 io.appium.uiautomator2.server.test/10104} -> PackageSetting{7910e99 com.philo.philo.google/10096} BLOCKED
01-06 03:45:58.466   944  1007 I AppsFilter: interaction: PackageSetting{1386c74 com.sonos.pinewood.tokenmanager.service/10056} -> PackageSetting{7910e99 com.philo.philo.google/10096} BLOCKED
01-06 03:45:58.466   944  1007 I AppsFilter: interaction: PackageSetting{bc9b59d com.sonos.pinewood.ota.service/10046} -> PackageSetting{7910e99 com.philo.philo.google/10096} BLOCKED
01-06 03:45:58.466   944  1007 I AppsFilter: interaction: PackageSetting{ea65a12 com.sonos.pinewood.ota.test/10051} -> PackageSetting{7910e99 com.philo.philo.google/10096} BLOCKED
01-06 03:45:58.466   944  1007 I AppsFilter: interaction: PackageSetting{83205e3 io.appium.uiautomator2.server/10103} -> PackageSetting{7910e99 com.philo.philo.google/10096} BLOCKED
01-06 03:45:58.466   944  1007 I AppsFilter: interaction: PackageSetting{ba9dbe0 com.amazon.amazonvideo.livingroom.qa/10098} -> PackageSetting{7910e99 com.philo.philo.google/10096} BLOCKED
01-06 03:45:58.487   944  1007 I ActivityManager: Force stopping com.philo.philo.google appid=10096 user=0: pkg removed
01-06 03:45:58.505   944   976 W BroadcastQueue: Background execution not allowed: receiving Intent { act=android.intent.action.PACKAGE_REMOVED dat=package: flg=0x4000010 (has extras) } to com.android.gallery3d/.app.PackagesMonitor
01-06 03:45:58.515   944  1007 I ActivityManager: Force stopping com.philo.philo.google appid=10096 user=0: pkg removed
01-06 03:45:58.521   944   970 W ProcessStats: Tracking association SourceState{8d88922 system/1000 BTopFgs #1939} whose proc state 2 is better than process ProcessState{a2bd69d com.sonos.connectivity/10082 pkg=com.sonos.connectivity} proc state 3 (36 skipped)
01-06 03:45:58.522   944  1007 D CompatibilityChangeReporter: Compat change id reported: 168419799; UID 10096; state: DISABLED
01-06 03:45:58.534   944   976 W BroadcastQueue: Background execution not allowed: receiving Intent { act=android.intent.action.PACKAGE_ADDED dat=package: flg=0x4000010 (has extras) } to com.android.packageinstaller/.PackageInstalledReceiver
01-06 03:45:58.534   944   976 W BroadcastQueue: Background execution not allowed: receiving Intent { act=android.intent.action.PACKAGE_ADDED dat=package: flg=0x4000010 (has extras) } to com.android.gallery3d/.app.PackagesMonitor
01-06 03:45:58.537   944   944 D CompatibilityChangeReporter: Compat change id reported: 135634846; UID 1000; state: DISABLED
01-06 03:45:58.537   944   944 D CompatibilityChangeReporter: Compat change id reported: 177438394; UID 1000; state: DISABLED
01-06 03:45:58.537   944   944 D CompatibilityChangeReporter: Compat change id reported: 135772972; UID 1000; state: DISABLED
01-06 03:45:58.538   944   944 D CompatibilityChangeReporter: Compat change id reported: 135754954; UID 1000; state: ENABLED
01-06 03:45:58.540   944   975 W TextServicesManagerService: no available spell checker services found
01-06 03:45:58.557   944   977 I ActivityManager: Start proc 10241:com.android.keychain/1000 for service {com.android.keychain/com.android.keychain.KeyChainService}
01-06 03:45:58.567   944  1007 D PackageInstallerSession: Marking session 212590269 as applied
01-06 03:45:58.577   944   975 W VoiceInteractionManager: no available voice recognition services found for user 0
01-06 03:45:58.585   944   944 V BackupManagerConstants: getFullBackupIntervalMilliseconds(...) returns 86400000
01-06 03:45:58.585   944   944 V BackupManagerConstants: getFullBackupRequiredNetworkType(...) returns 2
01-06 03:45:58.585   944   944 V BackupManagerConstants: getFullBackupRequireCharging(...) returns true
01-06 03:45:58.609   944   944 D CompatibilityChangeReporter: Compat change id reported: 171306433; UID 10096; state: ENABLED
