01-05 21:34:57.482   553   553 D SystemServerTiming: OnBootPhase_480_com.android.server.inputmethod.InputMethodManagerService$Lifecycle
01-05 21:34:57.482   553   553 D SystemServerTiming: OnBootPhase_480_com.android.server.accessibility.AccessibilityManagerService$Lifecycle
01-05 21:34:57.482   553   553 D SystemServerTiming: OnBootPhase_480_com.android.server.StorageManagerService$Lifecycle
01-05 21:34:57.482   553   553 D SystemServerTiming: OnBootPhase_480_com.android.server.usage.StorageStatsService$Lifecycle
01-05 21:34:57.482   553   553 D SystemServerTiming: OnBootPhase_480_com.android.server.UiModeManagerService
01-05 21:34:57.482   553   553 D SystemServerTiming: OnBootPhase_480_com.android.server.locales.LocaleManagerService
01-05 21:34:57.482   553   553 D SystemServerTiming: OnBootPhase_480_com.android.server.grammaticalinflection.GrammaticalInflectionService
01-05 21:34:57.482   553   553 D SystemServerTiming: OnBootPhase_480_com.android.server.apphibernation.AppHibernationService
01-05 21:34:57.483   553   553 D SystemServerTiming: OnBootPhase_480_com.android.server.locksettings.LockSettingsService$Lifecycle
01-05 21:34:57.483   553   553 D SystemServerTiming: OnBootPhase_480_com.android.server.testharness.TestHarnessModeService
01-05 21:34:57.483   553   553 D SystemServerTiming: OnBootPhase_480_com.android.server.DeviceIdleController
01-05 21:34:57.483   553   553 D SystemServerTiming: OnBootPhase_480_com.android.server.devicepolicy.DevicePolicyManagerService$Lifecycle
01-05 21:34:57.483   553   553 D SystemServerTiming: OnBootPhase_480_com.android.server.texttospeech.TextToSpeechManagerService
01-05 21:34:57.483   553   553 D SystemServerTiming: OnBootPhase_480_com.android.server.ambientcontext.AmbientContextManagerService
01-05 21:34:57.483   553   553 D SystemServerTiming: OnBootPhase_480_com.android.server.wearable.WearableSensingManagerService
01-05 21:34:57.483   553   553 D SystemServerTiming: OnBootPhase_480_com.android.server.speech.SpeechRecognitionManagerService
01-05 21:34:57.483   553   553 D SystemServerTiming: OnBootPhase_480_com.android.server.searchui.SearchUiManagerService
01-05 21:34:57.483   553   553 D SystemServerTiming: OnBootPhase_480_com.android.server.smartspace.SmartspaceManagerService
01-05 21:34:57.483   553   553 D SystemServerTiming: OnBootPhase_480_com.android.server.graphics.fonts.FontManagerService$Lifecycle
01-05 21:34:57.483   553   553 D SystemServerTiming: OnBootPhase_480_com.android.server.textservices.TextServicesManagerService$Lifecycle
01-05 21:34:57.483   553   553 D SystemServerTiming: OnBootPhase_480_com.android.server.textclassifier.TextClassificationManagerService$Lifecycle
01-05 21:34:57.483   553   553 D SystemServerTiming: OnBootPhase_480_com.android.server.NetworkScoreService$Lifecycle
01-05 21:34:57.483   553   553 D SystemServerTiming: OnBootPhase_480_com.android.server.NetworkStatsServiceInitializer
01-05 21:34:57.483   553   553 D SystemServerTiming: OnBootPhase_480_com.android.server.wifi.WifiService
01-05 21:34:57.483   553   553 D SystemServerTiming: OnBootPhase_480_com.android.server.wifi.scanner.WifiScanningService
01-05 21:34:57.484   553   553 D SystemServerTiming: OnBootPhase_480_com.android.server.wifi.p2p.WifiP2pService
01-05 21:34:57.484   553   553 D SystemServerTiming: OnBootPhase_480_com.android.server.ConnectivityServiceInitializer
01-05 21:34:57.484   553   553 D SystemServerTiming: OnBootPhase_480_com.android.server.notification.NotificationManagerService
01-05 21:34:57.484   553   553 D SystemServerTiming: OnBootPhase_480_com.android.server.storage.DeviceStorageMonitorService
01-05 21:34:57.484   553   553 D SystemServerTiming: OnBootPhase_480_com.android.server.timedetector.TimeDetectorService$Lifecycle
01-05 21:34:57.484   553   553 D SystemServerTiming: OnBootPhase_480_com.android.server.location.LocationManagerService$Lifecycle
01-05 21:34:57.484   553   553 D SystemServerTiming: OnBootPhase_480_com.android.server.timezonedetector.TimeZoneDetectorService$Lifecycle
01-05 21:34:57.484   553   553 D SystemServerTiming: OnBootPhase_480_com.android.server.location.altitude.AltitudeService$Lifecycle
01-05 21:34:57.484   553   553 D SystemServerTiming: OnBootPhase_480_com.android.server.timezonedetector.location.LocationTimeZoneManagerService$Lifecycle
01-05 21:34:57.484   553   553 D SystemServerTiming: OnBootPhase_480_com.android.server.search.SearchManagerService$Lifecycle
01-05 21:34:57.484   553   553 D SystemServerTiming: OnBootPhase_480_com.android.server.wallpaper.WallpaperManagerService$Lifecycle
01-05 21:34:57.485   553   553 D SystemServerTiming: OnBootPhase_480_com.android.server.wallpapereffectsgeneration.WallpaperEffectsGenerationManagerService
01-05 21:34:57.485   553   553 D SystemServerTiming: OnBootPhase_480_com.android.server.audio.AudioService$Lifecycle
01-05 21:34:57.485   553   553 D SystemServerTiming: OnBootPhase_480_com.android.server.soundtrigger_middleware.SoundTriggerMiddlewareService$Lifecycle
01-05 21:34:57.485   553   553 D SystemServerTiming: OnBootPhase_480_com.android.server.adb.AdbService$Lifecycle
01-05 21:34:57.485   553   553 D SystemServerTiming: OnBootPhase_480_com.android.server.usb.UsbService$Lifecycle
01-05 21:34:57.485   553   553 D SystemServerTiming: OnBootPhase_480_com.android.server.twilight.TwilightService
01-05 21:34:57.485   553   553 D SystemServerTiming: OnBootPhase_480_com.android.server.display.color.ColorDisplayService
01-05 21:34:57.485   553   553 D SystemServerTiming: OnBootPhase_480_com.android.server.job.JobSchedulerService
01-05 21:34:57.485   553   553 D SystemServerTiming: OnBootPhase_480_com.android.server.soundtrigger.SoundTriggerService
01-05 21:34:57.485   553   553 D SoundTriggerService: onBootPhase: 480 : false
01-05 21:34:57.486   553   553 D SystemServerTiming: OnBootPhase_480_com.android.server.trust.TrustManagerService
01-05 21:34:57.486   553   553 D SystemServerTiming: OnBootPhase_480_com.android.server.backup.BackupManagerService$Lifecycle
01-05 21:34:57.486   553   553 D SystemServerTiming: OnBootPhase_480_com.android.server.appwidget.AppWidgetService
01-05 21:34:57.486   553   553 D SystemServerTiming: OnBootPhase_480_com.android.server.voiceinteraction.VoiceInteractionManagerService
01-05 21:34:57.486   553   553 D SystemServerTiming: OnBootPhase_480_com.android.server.GestureLauncherService
01-05 21:34:57.486   553   553 D SystemServerTiming: OnBootPhase_480_com.android.server.SensorNotificationService
01-05 21:34:57.486   553   553 D SystemServerTiming: OnBootPhase_480_com.android.server.emergency.EmergencyAffordanceService
01-05 21:34:57.486   553   553 D SystemServerTiming: OnBootPhase_480_com.android.server.blob.BlobStoreManagerService
01-05 21:34:57.486   553   553 D SystemServerTiming: OnBootPhase_480_com.android.server.dreams.DreamManagerService
01-05 21:34:57.486   553   553 D SystemServerTiming: OnBootPhase_480_com.android.server.security.AttestationVerificationManagerService
01-05 21:34:57.486   553   553 D SystemServerTiming: OnBootPhase_480_com.android.server.restrictions.RestrictionsManagerService
01-05 21:34:57.486   553   553 D SystemServerTiming: OnBootPhase_480_com.android.server.media.MediaSessionService
01-05 21:34:57.486   553   553 D SystemServerTiming: OnBootPhase_480_com.android.server.tv.interactive.TvInteractiveAppManagerService
01-05 21:34:57.486   553   553 D SystemServerTiming: OnBootPhase_480_com.android.server.tv.TvInputManagerService
01-05 21:34:57.486   553   553 D SystemServerTiming: OnBootPhase_480_com.android.server.tv.TvRemoteService
01-05 21:34:57.486   553   553 D SystemServerTiming: OnBootPhase_480_com.android.server.biometrics.BiometricService
01-05 21:34:57.486   553   553 D SystemServerTiming: OnBootPhase_480_com.android.server.biometrics.AuthService
01-05 21:34:57.487   553   553 D SystemServerTiming: OnBootPhase_480_com.android.server.pm.ShortcutService$Lifecycle
01-05 21:34:57.488   553   553 D SystemServerTiming: OnBootPhase_480_com.android.server.pm.LauncherAppsService
01-05 21:34:57.488   553   553 D SystemServerTiming: OnBootPhase_480_com.android.server.pm.CrossProfileAppsService
01-05 21:34:57.488   553   553 D SystemServerTiming: OnBootPhase_480_com.android.server.people.PeopleService
01-05 21:34:57.488   553   553 D SystemServerTiming: OnBootPhase_480_com.android.server.media.metrics.MediaMetricsManagerService
01-05 21:34:57.488   553   553 D SystemServerTiming: OnBootPhase_480_com.android.server.pm.BackgroundInstallControlService
01-05 21:34:57.488   553   553 D SystemServerTiming: OnBootPhase_480_com.android.server.media.projection.MediaProjectionManagerService
01-05 21:34:57.488   553   553 D SystemServerTiming: OnBootPhase_480_com.android.server.slice.SliceManagerService$Lifecycle
01-05 21:34:57.488   553   553 D SystemServerTiming: OnBootPhase_480_com.android.server.stats.StatsCompanion$Lifecycle
01-05 21:34:57.489   553   553 D SystemServerTiming: OnBootPhase_480_com.android.server.scheduling.RebootReadinessManagerService$Lifecycle
01-05 21:34:57.489   553   553 D SystemServerTiming: OnBootPhase_480_com.android.server.stats.pull.StatsPullAtomService
01-05 21:34:57.489   553   553 D SystemServerTiming: OnBootPhase_480_com.android.server.stats.bootstrap.StatsBootstrapAtomService$Lifecycle
01-05 21:34:57.489   553   553 D SystemServerTiming: OnBootPhase_480_com.android.server.incident.IncidentCompanionService
01-05 21:34:57.489   553   553 D SystemServerTiming: OnBootPhase_480_com.android.server.sdksandbox.SdkSandboxManagerService$Lifecycle
01-05 21:34:57.489   553   553 D SystemServerTiming: OnBootPhase_480_com.android.server.adservices.AdServicesManagerService$Lifecycle
01-05 21:34:57.489   553   553 D SystemServerTiming: OnBootPhase_480_com.android.server.ondevicepersonalization.OnDevicePersonalizationSystemService$Lifecycle
01-05 21:34:57.489   553   553 D SystemServerTiming: OnBootPhase_480_com.android.server.autofill.AutofillManagerService
01-05 21:34:57.489   553   553 D SystemServerTiming: OnBootPhase_480_com.android.server.selectiontoolbar.SelectionToolbarManagerService
01-05 21:34:57.489   553   553 D SystemServerTiming: OnBootPhase_480_com.android.server.clipboard.ClipboardService
01-05 21:34:57.489   553   553 D SystemServerTiming: OnBootPhase_480_com.android.server.appbinding.AppBindingService$Lifecycle
01-05 21:34:57.489   553   553 D SystemServerTiming: OnBootPhase_480_com.android.server.tracing.TracingServiceProxy
01-05 21:34:57.489   553   553 D SystemServerTiming: StartBootPhaseSystemServicesReady
01-05 21:34:57.489   553   553 I SystemServiceManager: Starting phase 500
01-05 21:34:57.489   553   553 D SystemServerTiming: OnBootPhase_500
01-05 21:34:57.489   553   553 D SystemServerTiming: OnBootPhase_500_com.android.server.security.FileIntegrityService
01-05 21:34:57.489   553   553 D SystemServerTiming: OnBootPhase_500_com.android.server.pm.Installer
01-05 21:34:57.489   553   553 D SystemServerTiming: OnBootPhase_500_com.android.server.os.DeviceIdentifiersPolicyService
01-05 21:34:57.489   553   553 D SystemServerTiming: OnBootPhase_500_com.android.server.uri.UriGrantsManagerService$Lifecycle
01-05 21:34:57.489   553   553 D SystemServerTiming: OnBootPhase_500_com.android.server.powerstats.PowerStatsService
01-05 21:34:57.490   553   553 D SystemServerTiming: OnBootPhase_500_com.android.server.permission.access.AccessCheckingService
01-05 21:34:57.490   553   553 D SystemServerTiming: OnBootPhase_500_com.android.server.wm.ActivityTaskManagerService$Lifecycle
01-05 21:34:57.490   553   553 D SystemServerTiming: OnBootPhase_500_com.android.server.am.ActivityManagerService$Lifecycle
01-05 21:34:57.491   553   553 W BatteryStatsImpl: Unexpected per uid modem model name ()
01-05 21:34:57.494   346   350 I ServiceManagerCppClient: Waiting for service 'statscompanion' on '/dev/binder' successful after waiting 705ms
01-05 21:34:57.494   553   553 D ConnectivityService: requestNetwork for uid/pid:1000/553 activeRequest: null callbackRequest: 6 [NetworkRequest [ REQUEST id=7, [ Capabilities: INTERNET&NOT_RESTRICTED&TRUSTED&NOT_VCN_MANAGED Uid: 1000 RequestorUid: 1000 RequestorPkg: android UnderlyingNetworks: Null] ]] callback flags: 0 order: 2147483647
01-05 21:34:57.494   553   694 D ConnectivityService: NetReassign [no changes] [c 0] [a 0] [i 0]
01-05 21:34:57.495   553   553 D CompatibilityChangeReporter: Compat change id reported: 147600208; UID 1000; state: ENABLED
01-05 21:34:57.496   553   553 D SystemServerTiming: OnBootPhase_500_com.android.server.pm.DataLoaderManagerService
01-05 21:34:57.496   553   553 D SystemServerTiming: OnBootPhase_500_com.android.server.power.PowerManagerService
01-05 21:34:57.497   553   553 I AttentionDetector: readValuesFromDeviceConfig():
01-05 21:34:57.497   553   553 I AttentionDetector: mMaximumExtensionMillis=900000
01-05 21:34:57.497   553   553 I AttentionDetector: mPreDimCheckDurationMillis=2000
01-05 21:34:57.497   553   553 I AttentionDetector: mRequestedPostDimTimeoutMillis=0
01-05 21:34:57.506   553   553 W BrightnessThrottler: DeviceConfig ThermalBrightnessThrottlingData is null
01-05 21:34:57.507   553   553 E DisplayPowerController2[0]: failed to set up display white-balance: java.lang.IllegalStateException: cannot find light sensor
01-05 21:34:57.507   553   553 W DisplayPowerController2[0]: Screen brightness nits configuration is unavailable; falling back
01-05 21:34:57.509   382   382 I android.hardware.power-service.example: Power isBoostSupported: 0
01-05 21:34:57.517   553   553 E DeviceConfig: Parsing int failed for location_mode
01-05 21:34:57.518   553   553 I FaceDownDetector: readValuesFromDeviceConfig():
01-05 21:34:57.518   553   553 I FaceDownDetector: mAccelerationThreshold=0.2
01-05 21:34:57.518   553   553 I FaceDownDetector: mZAccelerationThreshold=-9.5
01-05 21:34:57.518   553   553 I FaceDownDetector: mTimeThreshold=PT1S
01-05 21:34:57.518   553   553 I FaceDownDetector: mIsEnabled=true
01-05 21:34:57.518   553   553 E SensorManager: sensor or listener is null
01-05 21:34:57.519   553   553 I ScreenUndimDetector: readValuesFromDeviceConfig():
01-05 21:34:57.519   553   553 I ScreenUndimDetector: mKeepScreenOnForMillis=600000
01-05 21:34:57.519   553   553 I ScreenUndimDetector: mKeepScreenOnNotificationEnabled=true
01-05 21:34:57.519   553   553 I ScreenUndimDetector: mUndimsRequired=2
01-05 21:34:57.520   553   601 W KeyguardServiceDelegate: onScreenTurningOn(): no keyguard service!
01-05 21:34:57.520   553   553 D SystemServerTiming: OnBootPhase_500_com.android.server.power.ThermalManagerService
01-05 21:34:57.520   553   553 D SystemServerTiming: OnBootPhase_500_com.android.server.power.hint.HintManagerService
01-05 21:34:57.520   553   553 V HintManagerService: Initializing HintManager service...
01-05 21:34:57.520   553   553 V HistoricalRegistry: Interaction before persistence initialized
01-05 21:34:57.520   553   601 I DisplayBrightnessStrategySelector: Changing the DisplayBrightnessStrategy from InvalidBrightnessStrategy toOverrideBrightnessStrategy for display 0
01-05 21:34:57.520   553   553 D SystemServerTiming: OnBootPhase_500_com.android.server.recoverysystem.RecoverySystemService$Lifecycle
01-05 21:34:57.520   553   553 D SystemServerTiming: OnBootPhase_500_com.android.server.lights.LightsService
01-05 21:34:57.520   553   553 D SystemServerTiming: OnBootPhase_500_com.android.server.display.DisplayManagerService
01-05 21:34:57.520   553   553 D SystemServerTiming: OnBootPhase_500_com.android.server.pm.verify.domain.DomainVerificationService
01-05 21:34:57.521   553   553 D SystemServerTiming: OnBootPhase_500_com.android.server.pm.PackageInstallerService$Lifecycle
01-05 21:34:57.521   553   553 D SystemServerTiming: OnBootPhase_500_com.android.server.pm.UserManagerService$LifeCycle
01-05 21:34:57.521   553   553 D SystemServerTiming: OnBootPhase_500_com.android.server.om.OverlayManagerService
01-05 21:34:57.521   553   553 D SystemServerTiming: OnBootPhase_500_com.android.server.resources.ResourcesManagerService
01-05 21:34:57.521   553   553 D SystemServerTiming: OnBootPhase_500_com.android.server.sensorprivacy.SensorPrivacyService
01-05 21:34:57.522   553   601 V DisplayPowerController2[0]: Brightness [0.39763778] reason changing to: 'override', previous reason: '0'.
01-05 21:34:57.522   553   601 I DisplayPowerController2[0]: BrightnessEvent: disp=0, physDisp=local:4619827259835644672, brt=0.39763778, initBrt=NaN, rcmdBrt=NaN, preBrt=NaN, lux=0.0, preLux=0.0, hbmMax=1.0, hbmMode=off, rbcStrength=0, thrmMax=1.0, powerFactor=1.0, wasShortTermModelActive=false, flags=, reason=override, autoBrightness=false, strategy=OverrideBrightnessStrategy
01-05 21:34:57.522   553   553 D CompatibilityChangeReporter: Compat change id reported: 157233955; UID 1000; state: ENABLED
01-05 21:34:57.522   382   382 I android.hardware.power-service.example: Power isModeSupported: 9
01-05 21:34:57.522   553   553 D SystemServerTiming: OnBootPhase_500_com.android.server.sensors.SensorService
01-05 21:34:57.522   553   553 D SystemServerTiming: OnBootPhase_500_com.android.server.SystemConfigService
01-05 21:34:57.523   553   553 D SystemServerTiming: OnBootPhase_500_com.android.server.BatteryService
01-05 21:34:57.523   553   553 D SystemServerTiming: OnBootPhase_500_com.android.server.usage.UsageStatsService
01-05 21:34:57.523   553   576 I DisplayDeviceRepository: Display device changed state: "Built-in Screen", ON
01-05 21:34:57.523   553   553 D AppStandbyController: Setting app idle enabled state
01-05 21:34:57.526   404   404 D SurfaceFlinger: Setting power mode 2 on display 4619827259835644672
01-05 21:34:57.526   553   576 I InputManager-JNI: Viewport [0] to add: local:4619827259835644672, isActive: true
01-05 21:34:57.527   553   650 I InputReader: Reconfiguring input devices, changes=DISPLAY_INFO
01-05 21:34:57.527   553   650 I InputReader: Touch device 'virtio_input_multi_touch_11' could not query the properties of its associated display.  The device will be inoperable until the display size becomes available.
01-05 21:34:57.527   553   650 I InputReader: Touch device 'virtio_input_multi_touch_10' could not query the properties of its associated display.  The device will be inoperable until the display size becomes available.
01-05 21:34:57.527   553   650 I InputReader: Touch device 'virtio_input_multi_touch_9' could not query the properties of its associated display.  The device will be inoperable until the display size becomes available.
01-05 21:34:57.527   553   650 I InputReader: Touch device 'virtio_input_multi_touch_8' could not query the properties of its associated display.  The device will be inoperable until the display size becomes available.
01-05 21:34:57.527   553   650 I InputReader: Touch device 'virtio_input_multi_touch_7' could not query the properties of its associated display.  The device will be inoperable until the display size becomes available.
01-05 21:34:57.527   553   650 I InputReader: Touch device 'virtio_input_multi_touch_6' could not query the properties of its associated display.  The device will be inoperable until the display size becomes available.
01-05 21:34:57.527   553   650 I InputReader: Touch device 'virtio_input_multi_touch_5' could not query the properties of its associated display.  The device will be inoperable until the display size becomes available.
01-05 21:34:57.527   553   650 I InputReader: Touch device 'virtio_input_multi_touch_4' could not query the properties of its associated display.  The device will be inoperable until the display size becomes available.
01-05 21:34:57.527   553   650 I InputReader: Touch device 'virtio_input_multi_touch_3' could not query the properties of its associated display.  The device will be inoperable until the display size becomes available.
01-05 21:34:57.527   553   650 I InputReader: Touch device 'virtio_input_multi_touch_2' could not query the properties of its associated display.  The device will be inoperable until the display size becomes available.
01-05 21:34:57.527   553   650 I InputReader: Device reconfigured: id=4, name='virtio_input_multi_touch_1', size 1280x720, orientation 0, mode 1, display id 0
01-05 21:34:57.533   553   576 I DisplayDeviceRepository: Display device changed state: "Built-in Screen", ON
01-05 21:34:57.533   381   381 I android.hardware.lights-service.example: Lights setting state for id=1 to color ff666666
01-05 21:34:57.534   553   583 E AppWidgetManager: Nofity service of inheritance info
01-05 21:34:57.534   553   583 E AppWidgetManager: java.lang.IllegalStateException: User 0 must be unlocked for widgets to be available
01-05 21:34:57.534   553   583 E AppWidgetManager: 	at com.android.server.appwidget.AppWidgetServiceImpl.ensureGroupStateLoadedLocked(AppWidgetServiceImpl.java:650)
01-05 21:34:57.534   553   583 E AppWidgetManager: 	at com.android.server.appwidget.AppWidgetServiceImpl.ensureGroupStateLoadedLocked(AppWidgetServiceImpl.java:644)
01-05 21:34:57.534   553   583 E AppWidgetManager: 	at com.android.server.appwidget.AppWidgetServiceImpl.getInstalledProvidersForProfile(AppWidgetServiceImpl.java:1708)
01-05 21:34:57.534   553   583 E AppWidgetManager: 	at android.appwidget.AppWidgetManager.getInstalledProvidersForProfile(AppWidgetManager.java:923)
01-05 21:34:57.534   553   583 E AppWidgetManager: 	at android.appwidget.AppWidgetManager.getInstalledProvidersForPackage(AppWidgetManager.java:857)
01-05 21:34:57.534   553   583 E AppWidgetManager: 	at android.appwidget.AppWidgetManager.lambda$new$3(AppWidgetManager.java:536)
01-05 21:34:57.534   553   583 E AppWidgetManager: 	at android.appwidget.AppWidgetManager.$r8$lambda$MnZCUjy90wcD58stsygv3SVPbu4(Unknown Source:0)
01-05 21:34:57.534   553   583 E AppWidgetManager: 	at android.appwidget.AppWidgetManager$$ExternalSyntheticLambda4.run(Unknown Source:2)
01-05 21:34:57.534   553   583 E AppWidgetManager: 	at android.os.Handler.handleCallback(Handler.java:958)
01-05 21:34:57.534   553   583 E AppWidgetManager: 	at android.os.Handler.dispatchMessage(Handler.java:99)
01-05 21:34:57.534   553   583 E AppWidgetManager: 	at android.os.Looper.loopOnce(Looper.java:205)
01-05 21:34:57.534   553   583 E AppWidgetManager: 	at android.os.Looper.loop(Looper.java:294)
01-05 21:34:57.534   553   583 E AppWidgetManager: 	at android.os.HandlerThread.run(HandlerThread.java:67)
01-05 21:34:57.538   553   553 V HistoricalRegistry: Interaction before persistence initialized
01-05 21:34:57.538   553   553 D SystemServerTiming: OnBootPhase_500_com.android.server.webkit.WebViewUpdateService
01-05 21:34:57.538   553   553 D SystemServerTiming: OnBootPhase_500_com.android.server.CachedDeviceStateService
01-05 21:34:57.538   553   553 D SystemServerTiming: OnBootPhase_500_com.android.server.BinderCallsStatsService$LifeCycle
01-05 21:34:57.539   553   553 D SystemServerTiming: OnBootPhase_500_com.android.server.LooperStatsService$Lifecycle
01-05 21:34:57.539   553   553 D SystemServerTiming: OnBootPhase_500_com.android.server.rollback.RollbackManagerService
01-05 21:34:57.539   553   553 D SystemServerTiming: OnBootPhase_500_com.android.server.os.NativeTombstoneManagerService
01-05 21:34:57.539   553   553 D SystemServerTiming: OnBootPhase_500_com.android.server.os.BugreportManagerService
01-05 21:34:57.539   553   553 D SystemServerTiming: OnBootPhase_500_com.android.server.gpu.GpuService
01-05 21:34:57.539   553   553 D SystemServerTiming: OnBootPhase_500_com.android.server.security.rkp.RemoteProvisioningService
01-05 21:34:57.539   553   553 D SystemServerTiming: OnBootPhase_500_com.android.server.security.KeyChainSystemService
01-05 21:34:57.539   553   553 D SystemServerTiming: OnBootPhase_500_com.android.server.BinaryTransparencyService
01-05 21:34:57.539   553   553 D SystemServerTiming: OnBootPhase_500_com.android.server.accounts.AccountManagerService$Lifecycle
01-05 21:34:57.539   553   553 D SystemServerTiming: OnBootPhase_500_com.android.server.content.ContentService$Lifecycle
01-05 21:34:57.539   553   553 D SystemServerTiming: OnBootPhase_500_com.android.server.deviceconfig.DeviceConfigInit$Lifecycle
01-05 21:34:57.539   553   553 D SystemServerTiming: OnBootPhase_500_com.android.server.DropBoxManagerService
01-05 21:34:57.540   553   553 D SystemServerTiming: OnBootPhase_500_com.android.role.RoleService
01-05 21:34:57.540   553   553 D SystemServerTiming: OnBootPhase_500_com.android.server.vibrator.VibratorManagerService$Lifecycle
01-05 21:34:57.540   553   553 V VibratorManagerService: Initializing VibratorManager service...
01-05 21:34:57.540   553   553 V HistoricalRegistry: Interaction before persistence initialized
01-05 21:34:57.541   553   553 V VibratorManagerService: VibratorManager service initialized
01-05 21:34:57.541   553   553 D SystemServerTiming: OnBootPhase_500_com.android.server.tare.InternalResourceService
01-05 21:34:57.543   553   553 D SystemServerTiming: OnBootPhase_500_com.android.server.alarm.AlarmManagerService
01-05 21:34:57.544   553   553 D SystemServerTiming: OnBootPhase_500_com.android.server.devicestate.DeviceStateManagerService
01-05 21:34:57.544   553   553 D SystemServerTiming: OnBootPhase_500_com.android.server.camera.CameraServiceProxy
01-05 21:34:57.544   553   553 D SystemServerTiming: OnBootPhase_500_com.android.server.bluetooth.BluetoothService
01-05 21:34:57.545   553   553 D SystemServerTiming: OnBootPhase_500_com.android.server.connectivity.IpConnectivityMetrics
01-05 21:34:57.546   553   694 D ConnectivityService: NetReassign [no changes] [c 0] [a 0] [i 0]
01-05 21:34:57.546   553   553 D SystemServerTiming: OnBootPhase_500_com.android.server.net.watchlist.NetworkWatchlistService$Lifecycle
01-05 21:34:57.546   553   553 D SystemServerTiming: OnBootPhase_500_com.android.server.PinnerService
01-05 21:34:57.546   553   553 D SystemServerTiming: OnBootPhase_500_com.android.server.integrity.AppIntegrityManagerService
01-05 21:34:57.547   553   553 D SystemServerTiming: OnBootPhase_500_com.android.server.logcat.LogcatManagerService
01-05 21:34:57.547   553   553 D SystemServerTiming: OnBootPhase_500_com.android.server.inputmethod.InputMethodManagerService$Lifecycle
01-05 21:34:57.547   553   553 D SystemServerTiming: OnBootPhase_500_com.android.server.accessibility.AccessibilityManagerService$Lifecycle
01-05 21:34:57.547   553   553 D SystemServerTiming: OnBootPhase_500_com.android.server.StorageManagerService$Lifecycle
01-05 21:34:57.548   553   553 D SystemServerTiming: OnBootPhase_500_com.android.server.usage.StorageStatsService$Lifecycle
01-05 21:34:57.548   553   553 D SystemServerTiming: OnBootPhase_500_com.android.server.UiModeManagerService
01-05 21:34:57.549   553   553 I ActivityTaskManager: Config changes=200 {1.0 ?mcc0mnc [en_US] ldltr sw541dp w962dp h541dp 213dpi lrg long land television night finger qwerty/v/v dpad/v winConfig={ mBounds=Rect(0, 0 - 1280, 720) mAppBounds=Rect(0, 0 - 1280, 720) mMaxBounds=Rect(0, 0 - 1280, 720) mDisplayRotation=ROTATION_0 mWindowingMode=fullscreen mDisplayWindowingMode=fullscreen mActivityType=undefined mAlwaysOnTop=undefined mRotation=ROTATION_0} s.6 ?fontWeightAdjustment}
01-05 21:34:57.549   553   553 I WindowManager: Override config changes=200 {1.0 ?mcc0mnc [en_US] ldltr sw541dp w962dp h541dp 213dpi lrg long land television night finger qwerty/v/v dpad/v winConfig={ mBounds=Rect(0, 0 - 1280, 720) mAppBounds=Rect(0, 0 - 1280, 720) mMaxBounds=Rect(0, 0 - 1280, 720) mDisplayRotation=ROTATION_0 mWindowingMode=fullscreen mDisplayWindowingMode=fullscreen mActivityType=undefined mAlwaysOnTop=undefined mRotation=ROTATION_0} s.6 ?fontWeightAdjustment} for displayId=0
01-05 21:34:57.550   553   553 D SystemServerTiming: OnBootPhase_500_com.android.server.locales.LocaleManagerService
01-05 21:34:57.550   553   553 D SystemServerTiming: OnBootPhase_500_com.android.server.grammaticalinflection.GrammaticalInflectionService
01-05 21:34:57.550   553   553 D SystemServerTiming: OnBootPhase_500_com.android.server.apphibernation.AppHibernationService
01-05 21:34:57.551   553   553 D SystemServerTiming: OnBootPhase_500_com.android.server.locksettings.LockSettingsService$Lifecycle
01-05 21:34:57.551   553   553 D SystemServerTiming: OnBootPhase_500_com.android.server.testharness.TestHarnessModeService
01-05 21:34:57.551   553   553 D TestHarnessModeService: Setting up test harness mode
01-05 21:34:57.552   553   553 D TestHarnessModeService: Getting PersistentDataBlockManagerInternal from LocalServices
01-05 21:34:57.552   553   553 E TestHarnessModeService: Failed to start Test Harness Mode; no implementation of PersistentDataBlockManagerInternal was bound!
01-05 21:34:57.552   553   553 D SystemServerTiming: OnBootPhase_500_com.android.server.DeviceIdleController
01-05 21:34:57.555   553   553 V HistoricalRegistry: Interaction before persistence initialized
01-05 21:34:57.556   553   553 D SystemServerTiming: OnBootPhase_500_com.android.server.devicepolicy.DevicePolicyManagerService$Lifecycle
01-05 21:34:57.556   553   553 D SystemServerTiming: OnBootPhase_500_com.android.server.texttospeech.TextToSpeechManagerService
01-05 21:34:57.556   553   553 D SystemServerTiming: OnBootPhase_500_com.android.server.ambientcontext.AmbientContextManagerService
01-05 21:34:57.559   553   553 D SystemServerTiming: OnBootPhase_500_com.android.server.wearable.WearableSensingManagerService
01-05 21:34:57.559   553   553 D SystemServerTiming: OnBootPhase_500_com.android.server.speech.SpeechRecognitionManagerService
01-05 21:34:57.559   553   553 D SystemServerTiming: OnBootPhase_500_com.android.server.searchui.SearchUiManagerService
01-05 21:34:57.559   553   553 D SystemServerTiming: OnBootPhase_500_com.android.server.smartspace.SmartspaceManagerService
01-05 21:34:57.559   553   553 D SystemServerTiming: OnBootPhase_500_com.android.server.graphics.fonts.FontManagerService$Lifecycle
01-05 21:34:57.559   553   553 D SystemServerTiming: OnBootPhase_500_com.android.server.textservices.TextServicesManagerService$Lifecycle
01-05 21:34:57.559   553   553 D SystemServerTiming: OnBootPhase_500_com.android.server.textclassifier.TextClassificationManagerService$Lifecycle
01-05 21:34:57.559   553   553 D SystemServerTiming: OnBootPhase_500_com.android.server.NetworkScoreService$Lifecycle
01-05 21:34:57.560   553   553 D SystemServerTiming: OnBootPhase_500_com.android.server.NetworkStatsServiceInitializer
01-05 21:34:57.560   553   553 D SystemServerTiming: OnBootPhase_500_com.android.server.wifi.WifiService
01-05 21:34:57.560   553   553 D SystemServerTiming: OnBootPhase_500_com.android.server.wifi.scanner.WifiScanningService
01-05 21:34:57.560   553   553 I WifiScanningService: Starting wifiscanner
01-05 21:34:57.561   553   553 D SystemServerTiming: OnBootPhase_500_com.android.server.wifi.p2p.WifiP2pService
01-05 21:34:57.563   553   553 D SystemServerTiming: OnBootPhase_500_com.android.server.ConnectivityServiceInitializer
01-05 21:34:57.563   553   553 I EthernetServiceImpl: Starting Ethernet service
01-05 21:34:57.563   553   684 W WifiXmlUtil: Ignoring unknown value name found: CaptivePortalNeverDetected
01-05 21:34:57.563   553   694 D ConnectivityService: Got NetworkProvider Messenger for EthernetNetworkFactory
01-05 21:34:57.564   553   690 I WifiContext: Got resolveInfos for com.android.server.wifi.intent.action.SERVICE_WIFI_RESOURCES_APK: [ResolveInfo{4eccf18 com.google.android.wifi.resources/android.app.Activity m=0x108000 userHandle=UserHandle{0}}]
01-05 21:34:57.564   553   690 I WifiContext: Found Wifi Resources APK at: com.google.android.wifi.resources
01-05 21:34:57.564   553   553 D SystemServerTiming: OnBootPhase_500_com.android.server.notification.NotificationManagerService
01-05 21:34:57.565   553   684 D WifiConfigStore: Reading from all stores completed in 5 ms.
01-05 21:34:57.566   553   686 I WifiContext: Got resolveInfos for com.android.server.wifi.intent.action.SERVICE_WIFI_RESOURCES_APK: [ResolveInfo{4f399a9 com.google.android.wifi.resources/android.app.Activity m=0x108000 userHandle=UserHandle{0}}]
01-05 21:34:57.566   553   686 I WifiContext: Found Wifi Resources APK at: com.google.android.wifi.resources
01-05 21:34:57.566   553   684 E WifiConfigManager: Cannot find network with networkId -1 or configKey "AndroidWifi"NONE or upgradable security type check
01-05 21:34:57.566   553   684 W BroadcastLoopers: Found previously unknown looper Thread[WifiHandlerThread,5,main]
01-05 21:34:57.567   553   693 I EthernetTracker: maybeTrackInterface: eth0
01-05 21:34:57.569   553   684 I WifiInjector: enableVerboseLogging false hal false
01-05 21:34:57.569   553   684 D WifiNative: enableVerboseLogging false hal false
01-05 21:34:57.569   553   684 E SupplicantStaIfaceHalAidlImpl: Can't call setDebugParams, ISupplicant is null
01-05 21:34:57.569   553   553 D SystemServerTiming: OnBootPhase_500_com.android.server.storage.DeviceStorageMonitorService
01-05 21:34:57.569   553   553 D SystemServerTiming: OnBootPhase_500_com.android.server.timedetector.TimeDetectorService$Lifecycle
01-05 21:34:57.569   553   553 D SystemServerTiming: OnBootPhase_500_com.android.server.location.LocationManagerService$Lifecycle
01-05 21:34:57.570   553   684 I WifiService: WifiService starting up with Wi-Fi enabled
01-05 21:34:57.571   553   553 V HistoricalRegistry: Interaction before persistence initialized
01-05 21:34:57.572   553   553 D SystemServerTiming: OnBootPhase_500_com.android.server.timezonedetector.TimeZoneDetectorService$Lifecycle
01-05 21:34:57.572   553   553 D SystemServerTiming: OnBootPhase_500_com.android.server.location.altitude.AltitudeService$Lifecycle
01-05 21:34:57.572   553   553 D SystemServerTiming: OnBootPhase_500_com.android.server.timezonedetector.location.LocationTimeZoneManagerService$Lifecycle
01-05 21:34:57.572   553   553 D SystemServerTiming: OnBootPhase_500_com.android.server.search.SearchManagerService$Lifecycle
01-05 21:34:57.572   553   553 D SystemServerTiming: OnBootPhase_500_com.android.server.wallpaper.WallpaperManagerService$Lifecycle
01-05 21:34:57.572   553   553 D SystemServerTiming: OnBootPhase_500_com.android.server.wallpapereffectsgeneration.WallpaperEffectsGenerationManagerService
01-05 21:34:57.572   553   553 D SystemServerTiming: OnBootPhase_500_com.android.server.audio.AudioService$Lifecycle
01-05 21:34:57.572   553   553 D SystemServerTiming: OnBootPhase_500_com.android.server.soundtrigger_middleware.SoundTriggerMiddlewareService$Lifecycle
01-05 21:34:57.572   553   553 D SystemServerTiming: OnBootPhase_500_com.android.server.adb.AdbService$Lifecycle
01-05 21:34:57.572   553   553 D SystemServerTiming: OnBootPhase_500_com.android.server.usb.UsbService$Lifecycle
01-05 21:34:57.572   553   553 D SystemServerTiming: OnBootPhase_500_com.android.server.twilight.TwilightService
01-05 21:34:57.573   553   553 D SystemServerTiming: OnBootPhase_500_com.android.server.display.color.ColorDisplayService
01-05 21:34:57.573   553   553 D SystemServerTiming: OnBootPhase_500_com.android.server.job.JobSchedulerService
01-05 21:34:57.574   553   693 D EthernetTracker: Tracking interface in client mode: eth0
01-05 21:34:57.574   553   693 D EthernetNetworkFactory: addInterface, iface: eth0, capabilities: [ Transports: ETHERNET Capabilities: NOT_METERED&INTERNET&NOT_RESTRICTED&TRUSTED&NOT_VPN&NOT_ROAMING&NOT_CONGESTED&NOT_SUSPENDED&NOT_VCN_MANAGED LinkUpBandwidth>=100000Kbps LinkDnBandwidth>=100000Kbps Specifier: <EthernetNetworkSpecifier (eth0)> UnderlyingNetworks: Null]
01-05 21:34:57.575   553   693 I EthernetTracker: interfaceLinkStateChanged, iface: eth0, up: true
01-05 21:34:57.575   553   693 D EthernetNetworkFactory: updateInterfaceLinkState, iface: eth0, up: true
01-05 21:34:57.577   553   694 D ConnectivityService: register offer from providerId 1 : NetworkOffer [ Provider Id (1) Score(Policies : EVER_EVALUATED&IS_UNMETERED&EVER_VALIDATED&IS_VALIDATED ; KeepConnected : 0) Caps [ Transports: ETHERNET Capabilities: NOT_METERED&INTERNET&NOT_RESTRICTED&TRUSTED&NOT_VPN&NOT_ROAMING&NOT_CONGESTED&NOT_SUSPENDED&NOT_VCN_MANAGED LinkUpBandwidth>=100000Kbps LinkDnBandwidth>=100000Kbps Specifier: <EthernetNetworkSpecifier (eth0)> UnderlyingNetworks: Null] Needed by []]
01-05 21:34:57.577   553   693 D EthernetNetworkFactory: eth0: onNetworkNeeded for request: NetworkRequest [ REQUEST id=1, [ Capabilities: INTERNET&NOT_RESTRICTED&TRUSTED&NOT_VPN&NOT_VCN_MANAGED RequestorUid: 1000 RequestorPkg: android UnderlyingNetworks: Null] ]
01-05 21:34:57.577   553   693 D EthernetNetworkFactory: Starting Ethernet IpClient(eth0)
01-05 21:34:57.579   553   684 D WifiController: isAirplaneModeOn = false, isWifiEnabled = true, isScanningAvailable = true, isLocationModeActive = true, isSatelliteModeOn = false
01-05 21:34:57.579   553   684 D WifiActiveModeWarden: Starting primary ClientModeManager in connect mode
01-05 21:34:57.582   553   684 I WifiHalAidlImpl: Obtained the IWifi binder. Local Version: 1
01-05 21:34:57.583   553   684 I WifiHalAidlImpl: Remote Version: 1
01-05 21:34:57.584   553   553 V HistoricalRegistry: Interaction before persistence initialized
01-05 21:34:57.585   553   553 D SystemServerTiming: OnBootPhase_500_com.android.server.soundtrigger.SoundTriggerService
01-05 21:34:57.585   553   553 D SoundTriggerService: onBootPhase: 500 : false
01-05 21:34:57.585   553   553 D SystemServerTiming: OnBootPhase_500_com.android.server.trust.TrustManagerService
01-05 21:34:57.586   553   553 D SystemServerTiming: OnBootPhase_500_com.android.server.backup.BackupManagerService$Lifecycle
01-05 21:34:57.586   553   553 D SystemServerTiming: OnBootPhase_500_com.android.server.appwidget.AppWidgetService
01-05 21:34:57.586   553   553 D SystemServerTiming: OnBootPhase_500_com.android.server.voiceinteraction.VoiceInteractionManagerService
01-05 21:34:57.586   553   553 D SystemServerTiming: OnBootPhase_500_com.android.server.GestureLauncherService
01-05 21:34:57.586   553   553 D SystemServerTiming: OnBootPhase_500_com.android.server.SensorNotificationService
01-05 21:34:57.586   553   553 D SystemServerTiming: OnBootPhase_500_com.android.server.emergency.EmergencyAffordanceService
01-05 21:34:57.586   553   553 D SystemServerTiming: OnBootPhase_500_com.android.server.blob.BlobStoreManagerService
01-05 21:34:57.587   553   553 D SystemServerTiming: OnBootPhase_500_com.android.server.dreams.DreamManagerService
01-05 21:34:57.587   553   553 D SystemServerTiming: OnBootPhase_500_com.android.server.security.AttestationVerificationManagerService
01-05 21:34:57.587   553   553 D SystemServerTiming: OnBootPhase_500_com.android.server.restrictions.RestrictionsManagerService
01-05 21:34:57.587   553   553 D SystemServerTiming: OnBootPhase_500_com.android.server.media.MediaSessionService
01-05 21:34:57.587   553   553 D SystemServerTiming: OnBootPhase_500_com.android.server.tv.interactive.TvInteractiveAppManagerService
01-05 21:34:57.587   553   553 D SystemServerTiming: OnBootPhase_500_com.android.server.tv.TvInputManagerService
01-05 21:34:57.588   553   684 I WifiHalAidlImpl: Initialization is complete
01-05 21:34:57.588   553   553 W TvInputHardwareManager: HdmiControlService is not available
01-05 21:34:57.589   371   403 W android.hardware.wifi-service: Duplicate death notification registration
01-05 21:34:57.589   553   553 D SystemServerTiming: OnBootPhase_500_com.android.server.tv.TvRemoteService
01-05 21:34:57.589   553   553 D SystemServerTiming: OnBootPhase_500_com.android.server.biometrics.BiometricService
01-05 21:34:57.589   553   553 D SystemServerTiming: OnBootPhase_500_com.android.server.biometrics.AuthService
01-05 21:34:57.589   553   553 D SystemServerTiming: OnBootPhase_500_com.android.server.pm.ShortcutService$Lifecycle
01-05 21:34:57.589   553   553 D SystemServerTiming: OnBootPhase_500_com.android.server.pm.LauncherAppsService
01-05 21:34:57.589   553   553 D SystemServerTiming: OnBootPhase_500_com.android.server.pm.CrossProfileAppsService
01-05 21:34:57.589   553   553 D SystemServerTiming: OnBootPhase_500_com.android.server.people.PeopleService
01-05 21:34:57.589   553   684 D WifiNl80211Manager: tearing down interfaces in wificond
01-05 21:34:57.590   553   553 D SystemServerTiming: OnBootPhase_500_com.android.server.media.metrics.MediaMetricsManagerService
01-05 21:34:57.590   553   553 D SystemServerTiming: OnBootPhase_500_com.android.server.pm.BackgroundInstallControlService
01-05 21:34:57.590   553   553 D SystemServerTiming: OnBootPhase_500_com.android.server.media.projection.MediaProjectionManagerService
01-05 21:34:57.590   553   553 D SystemServerTiming: OnBootPhase_500_com.android.server.slice.SliceManagerService$Lifecycle
01-05 21:34:57.590   553   553 D SystemServerTiming: OnBootPhase_500_com.android.server.stats.StatsCompanion$Lifecycle
01-05 21:34:57.590   553   553 D SystemServerTiming: OnBootPhase_500_com.android.server.scheduling.RebootReadinessManagerService$Lifecycle
01-05 21:34:57.590   553   553 D SystemServerTiming: OnBootPhase_500_com.android.server.stats.pull.StatsPullAtomService
01-05 21:34:57.590   553   553 D SystemServerTiming: OnBootPhase_500_com.android.server.stats.bootstrap.StatsBootstrapAtomService$Lifecycle
01-05 21:34:57.590   553   553 D SystemServerTiming: OnBootPhase_500_com.android.server.incident.IncidentCompanionService
01-05 21:34:57.590   553   553 D SystemServerTiming: OnBootPhase_500_com.android.server.sdksandbox.SdkSandboxManagerService$Lifecycle
01-05 21:34:57.590   553   553 D SystemServerTiming: OnBootPhase_500_com.android.server.adservices.AdServicesManagerService$Lifecycle
01-05 21:34:57.590   553   553 D SystemServerTiming: OnBootPhase_500_com.android.server.ondevicepersonalization.OnDevicePersonalizationSystemService$Lifecycle
01-05 21:34:57.590   553   553 D SystemServerTiming: OnBootPhase_500_com.android.server.autofill.AutofillManagerService
01-05 21:34:57.590   553   553 D SystemServerTiming: OnBootPhase_500_com.android.server.selectiontoolbar.SelectionToolbarManagerService
01-05 21:34:57.591   553   553 D SystemServerTiming: OnBootPhase_500_com.android.server.clipboard.ClipboardService
01-05 21:34:57.591   553   553 D SystemServerTiming: OnBootPhase_500_com.android.server.appbinding.AppBindingService$Lifecycle
01-05 21:34:57.591   553   684 D WifiAdaptConnObserver: Adaptive connectivity status initialized to: true
01-05 21:34:57.591   553   684 D WifiController: EnabledState.enter()
01-05 21:34:57.591   553   684 D WifiClientModeManager[15579:unknown]: entering IdleState
01-05 21:34:57.592   553   553 D SystemServerTiming: OnBootPhase_500_com.android.server.tracing.TracingServiceProxy
01-05 21:34:57.592   553   553 D SystemServerTiming: MakeWindowManagerServiceReady
01-05 21:34:57.594   553   684 I WifiHalAidlImpl: Service is already initialized
01-05 21:34:57.594   371   403 W libc    : Access denied finding property "persist.vendor.debug.wifi.hal.preset_interface_combination_idx"
01-05 21:34:57.595   371   403 I android.hardware.wifi-service: Wifi HAL started
01-05 21:34:57.596   158   158 I hwservicemanager: getTransport: Cannot find entry android.hardware.configstore@1.1::ISurfaceFlingerConfigs/default in either framework or device VINTF manifest.
01-05 21:34:57.597   158   158 I hwservicemanager: getTransport: Cannot find entry android.hardware.configstore@1.1::ISurfaceFlingerConfigs/default in either framework or device VINTF manifest.
01-05 21:34:57.592   371   371 W binder:371_1: type=1400 audit(0.0:7): avc:  denied  { read } for  name="u:object_r:persist_vendor_debug_wifi_prop:s0" dev="tmpfs" ino=252 scontext=u:r:hal_wifi_default:s0 tcontext=u:object_r:persist_vendor_debug_wifi_prop:s0 tclass=file permissive=0
01-05 21:34:57.597   553   553 D SystemServerTiming: RegisterLogMteState
01-05 21:34:57.598   553   583 I HealthServiceWrapperAidl: health: HealthServiceWrapper listening to AIDL HAL
01-05 21:34:57.598   553   684 E WifiChipAidlImpl: getMode failed with service-specific exception: android.os.ServiceSpecificException:  (code 5)
01-05 21:34:57.598   371   403 W android.hardware.wifi-service: No active wlan interfaces in use! Using default
01-05 21:34:57.598   371   403 E android.hardware.wifi-service: Unknown iface name: wlan0
01-05 21:34:57.598   371   403 E android.hardware.wifi-service: Unknown iface name: wlan0
01-05 21:34:57.599   553   583 D StatsPullAtomService: Registering pullers with statsd
01-05 21:34:57.599   553   684 I WifiVendorHal: Vendor Hal started successfully
01-05 21:34:57.601   553   553 D SystemServerTiming: StartPermissionPolicyService
01-05 21:34:57.602   553   553 I SystemServiceManager: Starting com.android.server.policy.PermissionPolicyService
01-05 21:34:57.602   553   583 I StatsPullAtomService: register thermal listener successfully
01-05 21:34:57.602   553   694 D ConnectivityService: NetReassign [no changes] [c 0] [a 0] [i 0]
01-05 21:34:57.602   553   684 E WifiChipAidlImpl: getMode failed with service-specific exception: android.os.ServiceSpecificException:  (code 5)
01-05 21:34:57.604   371   403 W android.hardware.wifi-service: No active wlan interfaces in use! Using default
01-05 21:34:57.604   371   403 E android.hardware.wifi-service: Unknown iface name: wlan0
01-05 21:34:57.604   371   403 E android.hardware.wifi-service: Unknown iface name: wlan0
01-05 21:34:57.605   553   684 I HalDevMgr: currentModeId=0, requestModeId=0, currentModeIdValid=false
01-05 21:34:57.606   553   553 D SystemServerTiming: MakePackageManagerServiceReady
01-05 21:34:57.606   371   403 I android.hardware.wifi-service: Adding interface handle for wlan0
01-05 21:34:57.606   371   403 W android.hardware.wifi-service: No active wlan interfaces in use! Using default
01-05 21:34:57.606   371   403 E android.hardware.wifi-service: Failed to register radio mode change callback
01-05 21:34:57.606   371   403 W android.hardware.wifi-service: No active wlan interfaces in use! Using default
01-05 21:34:57.608   371   403 E android.hardware.wifi-service: Failed to get SupportedIfaceCombinations matrix from legacy HAL: NOT_SUPPORTED
01-05 21:34:57.608   371   403 I android.hardware.wifi-service: Configured chip in mode 0
01-05 21:34:57.608   371   403 W android.hardware.wifi-service: No active wlan interfaces in use! Using default
01-05 21:34:57.609   371   403 W android.hardware.wifi-service: No active wlan interfaces in use! Using default
01-05 21:34:57.609   553   553 V HistoricalRegistry: Interaction before persistence initialized
01-05 21:34:57.609   553   553 V HistoricalRegistry: Interaction before persistence initialized
01-05 21:34:57.610   371   403 I android.hardware.wifi-service: Adding interface handle for wlan0
01-05 21:34:57.610   371   403 E android.hardware.wifi-service: Failed to set DFS flag; DFS channels may be unavailable.
01-05 21:34:57.612   553   684 D HalDevMgr: updateRttController: no one is interested in RTT controllers
01-05 21:34:57.615   371   403 E android.hardware.wifi-service: Failed to get chip capabilities from legacy HAL: NOT_SUPPORTED
01-05 21:34:57.615   553   684 E WifiChipAidlImpl: getWifiChipCapabilities failed with service-specific exception: android.os.ServiceSpecificException:  (code 4)
01-05 21:34:57.615   553   553 V UserDataPreparer: Found /data/user_de/0 with serial number 0
01-05 21:34:57.615   553   553 V UserDataPreparer: Found /data/user/0 with serial number 0
01-05 21:34:57.616   553   553 V UserDataPreparer: Found /data/system_de/0 with serial number 0
01-05 21:34:57.616   553   553 V UserDataPreparer: Found /data/system_ce/0 with serial number 0
01-05 21:34:57.616   553   553 V UserDataPreparer: Found /data/misc_ce/0 with serial number 0
01-05 21:34:57.616   553   684 D WifiNl80211Manager: Setting up interface for client mode: wlan0
01-05 21:34:57.616   553   553 I PermissionManager: Permission ownership changed. Updating all permissions.
01-05 21:34:57.617   453   453 I wificond: createClientInterface: wiphy_index 1 iface_name wlan0
01-05 21:34:57.619   453   453 I wificond: create scanner for interface with index: 16
01-05 21:34:57.619   453   453 I wificond: subscribe scan result for interface with index: 16
01-05 21:34:57.620   453   453 I wificond: add channel type 0 support at wiphy index: 1
01-05 21:34:57.620   453   453 I wificond: add channel type 1 support at wiphy index: 1
01-05 21:34:57.623   553   684 I WifiNative: Interface state changed on Iface:{Name=wlan0,Id=0,Type=STA_SCAN}, isUp=true
01-05 21:34:57.624   553   684 I WifiNative: Successfully setup Iface:{Name=wlan0,Id=0,Type=STA_SCAN}
01-05 21:34:57.624   553   684 E SupplicantStaIfaceHalAidlImpl: Can't call getKeyMgmtCapabilities, ISupplicantStaIface is null for iface=wlan0
01-05 21:34:57.629   371   403 E android.hardware.wifi-service: Failed to get SupportedRadioCombinations matrix from legacy HAL: NOT_SUPPORTED
01-05 21:34:57.629   553   684 E WifiChipAidlImpl: getSupportedRadioCombinations failed with service-specific exception: android.os.ServiceSpecificException:  (code 4)
01-05 21:34:57.629   553   684 E SupplicantStaIfaceHalAidlImpl: Can't call getWpaDriverCapabilities, ISupplicantStaIface is null for iface=wlan0
01-05 21:34:57.630   553   684 E WifiChipAidlImpl: getUsableChannels failed with service-specific exception: android.os.ServiceSpecificException:  (code 4)
01-05 21:34:57.634   553   684 E WifiChipAidlImpl: enableStaChannelForPeerNetwork failed with service-specific exception: android.os.ServiceSpecificException:  (code 4)
01-05 21:34:57.634   553   684 D WifiNative: setWifiNativeInterfaceEventCallback
01-05 21:34:57.634   553   684 D WifiClientModeManager[15579:wlan0]: entering StartedState
01-05 21:34:57.643   553   684 D WifiConfigStore: Writing to stores completed in 7 ms.
01-05 21:34:57.647   553   684 I SupplicantStaIfaceHalAidlImpl: Clearing internal state
01-05 21:34:57.670   553   606 E DefaultPermGrantPolicy: Package not found: com.google.android.tv.axel
01-05 21:34:57.670   553   606 W DefaultPermGrantPolicy: No such package:com.google.android.tv.axel
