01-07 03:34:19.911   929   967 V SystemServerTimingAsync: ssm.onUnlockingUser-0_com.android.server.adb.AdbService$Lifecycle took to complete: 0ms
01-07 03:34:19.911   929   967 D SystemServerTimingAsync: ssm.onUnlockingUser-0_com.android.server.usb.UsbService$Lifecycle
01-07 03:34:19.911   929  1105 I StorageManagerService: Mounting volume VolumeInfo{emulated;0}:
01-07 03:34:19.911   929  1105 I StorageManagerService:     type=EMULATED diskId=null partGuid= mountFlags=PRIMARY|VISIBLE_FOR_WRITE 
01-07 03:34:19.911   929  1105 I StorageManagerService:     mountUserId=0 state=UNMOUNTED 
01-07 03:34:19.911   929  1105 I StorageManagerService:     fsType=null fsUuid=null fsLabel=null 
01-07 03:34:19.911   929  1105 I StorageManagerService:     path=null internalPath=null 
01-07 03:34:19.912   929   967 V SystemServerTimingAsync: ssm.onUnlockingUser-0_com.android.server.usb.UsbService$Lifecycle took to complete: 1ms
01-07 03:34:19.912   929   958 W Looper  : Drained
01-07 03:34:19.912   929   967 D SystemServerTimingAsync: ssm.onUnlockingUser-0_com.android.server.twilight.TwilightService
01-07 03:34:19.912   929   967 V SystemServerTimingAsync: ssm.onUnlockingUser-0_com.android.server.twilight.TwilightService took to complete: 0ms
01-07 03:34:19.912   929   967 D SystemServerTimingAsync: ssm.onUnlockingUser-0_com.android.server.display.color.ColorDisplayService
01-07 03:34:19.912   929   967 V SystemServerTimingAsync: ssm.onUnlockingUser-0_com.android.server.display.color.ColorDisplayService took to complete: 0ms
01-07 03:34:19.912   929   967 D SystemServerTimingAsync: ssm.onUnlockingUser-0_com.android.server.job.JobSchedulerService
01-07 03:34:19.912   929   967 V SystemServerTimingAsync: ssm.onUnlockingUser-0_com.android.server.job.JobSchedulerService took to complete: 0ms
01-07 03:34:19.912   929   967 D SystemServerTimingAsync: ssm.onUnlockingUser-0_com.android.server.soundtrigger.SoundTriggerService
01-07 03:34:19.912   929   967 V SystemServerTimingAsync: ssm.onUnlockingUser-0_com.android.server.soundtrigger.SoundTriggerService took to complete: 0ms
01-07 03:34:19.912   929   967 D SystemServerTimingAsync: ssm.onUnlockingUser-0_com.android.server.trust.TrustManagerService
01-07 03:34:19.912   929   967 V SystemServerTimingAsync: ssm.onUnlockingUser-0_com.android.server.trust.TrustManagerService took to complete: 0ms
01-07 03:34:19.912   929   967 D SystemServerTimingAsync: ssm.onUnlockingUser-0_com.android.server.backup.BackupManagerService$Lifecycle
01-07 03:34:19.912   331   331 I vold    : Mounting emulated fuse volume
01-07 03:34:19.913     0     0 I [7 T1700  ..] capability: warning: `wpa_supplicant' uses 32-bit capabilities (legacy support in use)
01-07 03:34:19.912   929   967 V SystemServerTimingAsync: ssm.onUnlockingUser-0_com.android.server.backup.BackupManagerService$Lifecycle took to complete: 0ms
01-07 03:34:19.912   929   967 D SystemServerTimingAsync: ssm.onUnlockingUser-0_com.android.server.appwidget.AppWidgetService
01-07 03:34:19.912   929   967 V SystemServerTimingAsync: ssm.onUnlockingUser-0_com.android.server.appwidget.AppWidgetService took to complete: 0ms
01-07 03:34:19.912   929   967 D SystemServerTimingAsync: ssm.onUnlockingUser-0_com.android.server.voiceinteraction.VoiceInteractionManagerService
01-07 03:34:19.913   929  1178 I BackupManagerService: Starting service for user: 0
01-07 03:34:19.914   929  1178 V BackupManagerService: [UserID:0] Starting with transport com.android.localtransport/.LocalTransport
01-07 03:34:19.915   929  1112 D LockSettingsService: hide encryption notification, user: 0
01-07 03:34:19.917   929   967 W VoiceInteractionManager: no available voice recognition services found for user 0
01-07 03:34:19.922   929   967 D CompatibilityChangeReporter: Compat change id reported: 135634846; UID 10056; state: DISABLED
01-07 03:34:19.922   929   967 D CompatibilityChangeReporter: Compat change id reported: 177438394; UID 10056; state: DISABLED
01-07 03:34:19.922   929   967 D CompatibilityChangeReporter: Compat change id reported: 135772972; UID 10056; state: DISABLED
01-07 03:34:19.922   929   967 D CompatibilityChangeReporter: Compat change id reported: 135754954; UID 10056; state: ENABLED
01-07 03:34:19.922   331   331 I vold    : Bind mounting /data/media to /mnt/pass_through/0/emulated
01-07 03:34:19.923   929   968 D CompatibilityChangeReporter: Compat change id reported: 143937733; UID 10056; state: ENABLED
01-07 03:34:19.923   929   967 V SystemServerTimingAsync: ssm.onUnlockingUser-0_com.android.server.voiceinteraction.VoiceInteractionManagerService took to complete: 10ms
01-07 03:34:19.923   929   967 D SystemServerTimingAsync: ssm.onUnlockingUser-0_com.android.server.apphibernation.AppHibernationService
01-07 03:34:19.923   929  1178 D BackupManagerService: [UserID:0] Started thread backup-0
01-07 03:34:19.924   929   967 V SystemServerTimingAsync: ssm.onUnlockingUser-0_com.android.server.apphibernation.AppHibernationService took to complete: 1ms
01-07 03:34:19.924   929   967 D SystemServerTimingAsync: ssm.onUnlockingUser-0_com.android.server.GestureLauncherService
01-07 03:34:19.924   929   967 V SystemServerTimingAsync: ssm.onUnlockingUser-0_com.android.server.GestureLauncherService took to complete: 0ms
01-07 03:34:19.924   929   967 D SystemServerTimingAsync: ssm.onUnlockingUser-0_com.android.server.SensorNotificationService
01-07 03:34:19.924   929   967 V SystemServerTimingAsync: ssm.onUnlockingUser-0_com.android.server.SensorNotificationService took to complete: 0ms
01-07 03:34:19.924   929   967 D SystemServerTimingAsync: ssm.onUnlockingUser-0_com.android.server.emergency.EmergencyAffordanceService
01-07 03:34:19.924   929   967 V SystemServerTimingAsync: ssm.onUnlockingUser-0_com.android.server.emergency.EmergencyAffordanceService took to complete: 0ms
01-07 03:34:19.924   929   967 D SystemServerTimingAsync: ssm.onUnlockingUser-0_com.android.server.blob.BlobStoreManagerService
01-07 03:34:19.924   929   967 V SystemServerTimingAsync: ssm.onUnlockingUser-0_com.android.server.blob.BlobStoreManagerService took to complete: 0ms
01-07 03:34:19.924   929   967 D SystemServerTimingAsync: ssm.onUnlockingUser-0_com.android.server.dreams.DreamManagerService
01-07 03:34:19.924   929   967 V SystemServerTimingAsync: ssm.onUnlockingUser-0_com.android.server.dreams.DreamManagerService took to complete: 0ms
01-07 03:34:19.924   929   967 D SystemServerTimingAsync: ssm.onUnlockingUser-0_com.android.server.security.AttestationVerificationManagerService
01-07 03:34:19.924   929   967 V SystemServerTimingAsync: ssm.onUnlockingUser-0_com.android.server.security.AttestationVerificationManagerService took to complete: 0ms
01-07 03:34:19.924   929   967 D SystemServerTimingAsync: ssm.onUnlockingUser-0_com.android.server.restrictions.RestrictionsManagerService
01-07 03:34:19.924   929   967 V SystemServerTimingAsync: ssm.onUnlockingUser-0_com.android.server.restrictions.RestrictionsManagerService took to complete: 0ms
01-07 03:34:19.924   929   967 D SystemServerTimingAsync: ssm.onUnlockingUser-0_com.android.server.media.MediaSessionService
01-07 03:34:19.924   929  1653 I HibernationStateDiskStore: No hibernation file on disk for file /data/system_ce/0/hibernation/states
01-07 03:34:19.924   929   967 V SystemServerTimingAsync: ssm.onUnlockingUser-0_com.android.server.media.MediaSessionService took to complete: 0ms
01-07 03:34:19.924   929   967 D SystemServerTimingAsync: ssm.onUnlockingUser-0_com.android.server.hdmi.HdmiControlService
01-07 03:34:19.924   929   967 V SystemServerTimingAsync: ssm.onUnlockingUser-0_com.android.server.hdmi.HdmiControlService took to complete: 0ms
01-07 03:34:19.924   929   967 D SystemServerTimingAsync: ssm.onUnlockingUser-0_com.android.server.tv.interactive.TvInteractiveAppManagerService
01-07 03:34:19.924   929   967 V SystemServerTimingAsync: ssm.onUnlockingUser-0_com.android.server.tv.interactive.TvInteractiveAppManagerService took to complete: 0ms
01-07 03:34:19.924   929   967 D SystemServerTimingAsync: ssm.onUnlockingUser-0_com.android.server.tv.TvInputManagerService
01-07 03:34:19.925   929   967 V SystemServerTimingAsync: ssm.onUnlockingUser-0_com.android.server.tv.TvInputManagerService took to complete: 1ms
01-07 03:34:19.925   929   967 D SystemServerTimingAsync: ssm.onUnlockingUser-0_com.android.server.tv.TvRemoteService
01-07 03:34:19.925   929   967 V SystemServerTimingAsync: ssm.onUnlockingUser-0_com.android.server.tv.TvRemoteService took to complete: 0ms
01-07 03:34:19.925   929   967 D SystemServerTimingAsync: ssm.onUnlockingUser-0_com.android.server.biometrics.BiometricService
01-07 03:34:19.925   929   967 V SystemServerTimingAsync: ssm.onUnlockingUser-0_com.android.server.biometrics.BiometricService took to complete: 0ms
01-07 03:34:19.925   929   967 D SystemServerTimingAsync: ssm.onUnlockingUser-0_com.android.server.biometrics.AuthService
01-07 03:34:19.925   929   967 V SystemServerTimingAsync: ssm.onUnlockingUser-0_com.android.server.biometrics.AuthService took to complete: 0ms
01-07 03:34:19.925   929   967 D SystemServerTimingAsync: ssm.onUnlockingUser-0_com.android.server.pm.ShortcutService$Lifecycle
01-07 03:34:19.926   929   967 V SystemServerTimingAsync: ssm.onUnlockingUser-0_com.android.server.pm.ShortcutService$Lifecycle took to complete: 0ms
01-07 03:34:19.926   929   967 D SystemServerTimingAsync: ssm.onUnlockingUser-0_com.android.server.pm.LauncherAppsService
01-07 03:34:19.926   929   967 V SystemServerTimingAsync: ssm.onUnlockingUser-0_com.android.server.pm.LauncherAppsService took to complete: 0ms
01-07 03:34:19.926   929   967 D SystemServerTimingAsync: ssm.onUnlockingUser-0_com.android.server.pm.CrossProfileAppsService
01-07 03:34:19.926   929   967 V SystemServerTimingAsync: ssm.onUnlockingUser-0_com.android.server.pm.CrossProfileAppsService took to complete: 0ms
01-07 03:34:19.926   929   967 D SystemServerTimingAsync: ssm.onUnlockingUser-0_com.android.server.people.PeopleService
01-07 03:34:19.926   929   967 V SystemServerTimingAsync: ssm.onUnlockingUser-0_com.android.server.people.PeopleService took to complete: 0ms
01-07 03:34:19.926   929   967 D SystemServerTimingAsync: ssm.onUnlockingUser-0_com.android.server.media.metrics.MediaMetricsManagerService
01-07 03:34:19.926   929   967 V SystemServerTimingAsync: ssm.onUnlockingUser-0_com.android.server.media.metrics.MediaMetricsManagerService took to complete: 0ms
01-07 03:34:19.926   929   967 D SystemServerTimingAsync: ssm.onUnlockingUser-0_com.android.server.media.projection.MediaProjectionManagerService
01-07 03:34:19.926   929   967 V SystemServerTimingAsync: ssm.onUnlockingUser-0_com.android.server.media.projection.MediaProjectionManagerService took to complete: 0ms
01-07 03:34:19.926   929   967 D SystemServerTimingAsync: ssm.onUnlockingUser-0_com.android.server.slice.SliceManagerService$Lifecycle
01-07 03:34:19.926   929   967 V SystemServerTimingAsync: ssm.onUnlockingUser-0_com.android.server.slice.SliceManagerService$Lifecycle took to complete: 0ms
01-07 03:34:19.926   929   967 D SystemServerTimingAsync: ssm.onUnlockingUser-0_com.android.server.stats.StatsCompanion$Lifecycle
01-07 03:34:19.926   929   967 V SystemServerTimingAsync: ssm.onUnlockingUser-0_com.android.server.stats.StatsCompanion$Lifecycle took to complete: 0ms
01-07 03:34:19.926   929   967 D SystemServerTimingAsync: ssm.onUnlockingUser-0_com.android.server.scheduling.RebootReadinessManagerService$Lifecycle
01-07 03:34:19.926   929   967 V SystemServerTimingAsync: ssm.onUnlockingUser-0_com.android.server.scheduling.RebootReadinessManagerService$Lifecycle took to complete: 0ms
01-07 03:34:19.926   929   967 D SystemServerTimingAsync: ssm.onUnlockingUser-0_com.android.server.stats.pull.StatsPullAtomService
01-07 03:34:19.927   929   967 V SystemServerTimingAsync: ssm.onUnlockingUser-0_com.android.server.stats.pull.StatsPullAtomService took to complete: 0ms
01-07 03:34:19.927   929   967 D SystemServerTimingAsync: ssm.onUnlockingUser-0_com.android.server.stats.bootstrap.StatsBootstrapAtomService$Lifecycle
01-07 03:34:19.927   929   967 V SystemServerTimingAsync: ssm.onUnlockingUser-0_com.android.server.stats.bootstrap.StatsBootstrapAtomService$Lifecycle took to complete: 0ms
01-07 03:34:19.927   929   967 D SystemServerTimingAsync: ssm.onUnlockingUser-0_com.android.server.incident.IncidentCompanionService
01-07 03:34:19.927   929   967 V SystemServerTimingAsync: ssm.onUnlockingUser-0_com.android.server.incident.IncidentCompanionService took to complete: 0ms
01-07 03:34:19.927   929   967 D SystemServerTimingAsync: ssm.onUnlockingUser-0_com.android.server.sdksandbox.SdkSandboxManagerService$Lifecycle
01-07 03:34:19.927   929   967 V SystemServerTimingAsync: ssm.onUnlockingUser-0_com.android.server.sdksandbox.SdkSandboxManagerService$Lifecycle took to complete: 0ms
01-07 03:34:19.927   929  1105 I StorageSessionController: On volume mount VolumeInfo{emulated;0}:
01-07 03:34:19.927   929  1105 I StorageSessionController:     type=EMULATED diskId=null partGuid= mountFlags=PRIMARY|VISIBLE_FOR_WRITE 
01-07 03:34:19.927   929  1105 I StorageSessionController:     mountUserId=0 state=CHECKING 
01-07 03:34:19.927   929  1105 I StorageSessionController:     fsType=null fsUuid=null fsLabel=null 
01-07 03:34:19.927   929  1105 I StorageSessionController:     path=/storage/emulated internalPath=/data/media 
01-07 03:34:19.927   929   967 D SystemServerTimingAsync: ssm.onUnlockingUser-0_com.android.server.adservices.AdServicesManagerService$Lifecycle
01-07 03:34:19.927   929   967 V SystemServerTimingAsync: ssm.onUnlockingUser-0_com.android.server.adservices.AdServicesManagerService$Lifecycle took to complete: 0ms
01-07 03:34:19.927   929   967 D SystemServerTimingAsync: ssm.onUnlockingUser-0_com.android.server.autofill.AutofillManagerService
01-07 03:34:19.927   929   959 D AutofillUI: destroySaveUiUiThread(): already destroyed
01-07 03:34:19.927   929  1105 I StorageSessionController: Creating connection for user: 0
01-07 03:34:19.927   929   967 D AutofillManagerServiceImpl: Reset component for user 0:
01-07 03:34:19.928   929   967 D FieldClassificationStrategy: reset(): service is not bound. Do nothing.
01-07 03:34:19.928   929   967 V SystemServerTimingAsync: ssm.onUnlockingUser-0_com.android.server.autofill.AutofillManagerService took to complete: 1ms
01-07 03:34:19.928   929   967 D SystemServerTimingAsync: ssm.onUnlockingUser-0_com.android.server.clipboard.ClipboardService
01-07 03:34:19.928   929   967 V SystemServerTimingAsync: ssm.onUnlockingUser-0_com.android.server.clipboard.ClipboardService took to complete: 0ms
01-07 03:34:19.928   929   967 D SystemServerTimingAsync: ssm.onUnlockingUser-0_com.android.server.appbinding.AppBindingService$Lifecycle
01-07 03:34:19.929   929   967 W AppBindingService: [Default SMS app] u0 Target package not found
01-07 03:34:19.929   929   967 V SystemServerTimingAsync: ssm.onUnlockingUser-0_com.android.server.appbinding.AppBindingService$Lifecycle took to complete: 0ms
01-07 03:34:19.929   929   967 D SystemServerTimingAsync: ssm.onUnlockingUser-0_com.android.server.tracing.TracingServiceProxy
01-07 03:34:19.929   929   967 V SystemServerTimingAsync: ssm.onUnlockingUser-0_com.android.server.tracing.TracingServiceProxy took to complete: 0ms
01-07 03:34:19.929   929   967 D SystemServerTimingAsync: ssm.onUnlockingUser-0_com.android.server.policy.PermissionPolicyService
01-07 03:34:19.929   929   967 V SystemServerTimingAsync: ssm.onUnlockingUser-0_com.android.server.policy.PermissionPolicyService took to complete: 0ms
01-07 03:34:19.929   929   967 D SystemServerTimingAsync: ssm.onUnlockingUser-0_com.android.server.pm.StagingManager$Lifecycle
01-07 03:34:19.929   929   967 V SystemServerTimingAsync: ssm.onUnlockingUser-0_com.android.server.pm.StagingManager$Lifecycle took to complete: 0ms
01-07 03:34:19.929   929   967 D SystemServerTimingAsync: ssm.onUnlockingUser-0_com.android.server.app.GameManagerService$Lifecycle
01-07 03:34:19.929   929   967 V SystemServerTimingAsync: ssm.onUnlockingUser-0_com.android.server.app.GameManagerService$Lifecycle took to complete: 0ms
01-07 03:34:19.929   929   967 D SystemServerTimingAsync: ssm.onUnlockingUser-0_com.android.safetycenter.SafetyCenterService
01-07 03:34:19.929   929   967 V SystemServerTimingAsync: ssm.onUnlockingUser-0_com.android.safetycenter.SafetyCenterService took to complete: 0ms
01-07 03:34:19.929   929   967 D SystemServerTimingAsync: ssm.onUnlockingUser-0_com.android.server.appsearch.AppSearchModule$Lifecycle
01-07 03:34:19.930   929  1105 I StorageSessionController: Creating and starting session with id: emulated;0
01-07 03:34:19.931   929  1105 I StorageUserConnection: Binding to the ExternalStorageService for user 0
01-07 03:34:19.938   929   968 I ActivityManager: Start proc 1741:com.sonos.cinemascope/u0a56 for service {com.sonos.cinemascope/com.sonos.cinemascope.CinemascopeInteractionService}
01-07 03:34:19.939   929  1158 W ContextImpl: Calling a method in the system process without a qualified user: android.app.ContextImpl.sendStickyBroadcast:1586 com.android.server.ConnectivityService.sendStickyBroadcast:3074 com.android.server.ConnectivityService.sendGeneralBroadcast:3047 com.android.server.ConnectivityService.sendConnectedBroadcast:3020 com.android.server.ConnectivityService.sendLegacyNetworkBroadcast:9436 
01-07 03:34:19.945   929   967 V SystemServerTimingAsync: ssm.onUnlockingUser-0_com.android.server.appsearch.AppSearchModule$Lifecycle took to complete: 17ms
01-07 03:34:19.946   929   967 D SystemServerTimingAsync: ssm.onUnlockingUser-0_com.android.server.media.MediaCommunicationService
01-07 03:34:19.946   929   967 V SystemServerTimingAsync: ssm.onUnlockingUser-0_com.android.server.media.MediaCommunicationService took to complete: 0ms
01-07 03:34:19.946   929   967 D SystemServerTimingAsync: ssm.onUnlockingUser-0_com.android.server.compat.overrides.AppCompatOverridesService$Lifecycle
01-07 03:34:19.946   929   967 V SystemServerTimingAsync: ssm.onUnlockingUser-0_com.android.server.compat.overrides.AppCompatOverridesService$Lifecycle took to complete: 0ms
01-07 03:34:19.946   929   967 V SystemServerTimingAsync: ssm.UnlockingUser-0 took to complete: 51ms
01-07 03:34:19.946   929   967 W ActivityManager: UserLifecycleEvent 5 received without an active userJourneySession.
01-07 03:34:19.946   929   967 W ActivityManager: UserLifecycleEvent 6 received without an active userJourneySession.
01-07 03:34:19.946   929   967 D SystemServerTiming: finishUserUnlocked-0
01-07 03:34:19.946   929   967 I ActivityManager: User 0 state changed from RUNNING_UNLOCKING to RUNNING_UNLOCKED
01-07 03:34:19.952   929   967 V SystemServerTiming: SystemUserUnlock took to complete: 461ms
01-07 03:34:19.964   929  1178 E BackupPasswordManager: Unable to read backup pw version
01-07 03:34:19.964   929  1178 E BackupPasswordManager: Unable to read saved backup pw hash
01-07 03:34:19.965   929   929 W NotificationHistory: Attempted to add notif for locked/gone/disabled user 0
01-07 03:34:19.967   929   958 I ActivityTaskManager: Loading recents for user 0 into memory.
01-07 03:34:19.967   929   958 E TaskPersister: restoreTasksForUserLocked: Unable to list files from /data/system_ce/0/recent_tasks
01-07 03:34:19.968   929   958 V PackageConfigPersister: loadPackages: empty list files from /data/system_ce/0/package_configs
01-07 03:34:19.969   929   929 W NotificationHistory: Attempted to add notif for locked/gone/disabled user 0
01-07 03:34:19.971   929   929 W NotificationHistory: Attempted to add notif for locked/gone/disabled user 0
01-07 03:34:19.974   929  1105 D CompatibilityChangeReporter: Compat change id reported: 135634846; UID 10075; state: DISABLED
01-07 03:34:19.974   929  1105 D CompatibilityChangeReporter: Compat change id reported: 177438394; UID 10075; state: DISABLED
01-07 03:34:19.974   929  1105 D CompatibilityChangeReporter: Compat change id reported: 135772972; UID 10075; state: DISABLED
01-07 03:34:19.974   929  1105 D CompatibilityChangeReporter: Compat change id reported: 135754954; UID 10075; state: ENABLED
01-07 03:34:19.975   929  1105 I StorageUserConnection: Bound to the ExternalStorageService for user 0
01-07 03:34:19.975   929   968 D CompatibilityChangeReporter: Compat change id reported: 143937733; UID 10075; state: ENABLED
01-07 03:34:19.979   929   967 D CompatibilityChangeReporter: Compat change id reported: 135634846; UID 10067; state: DISABLED
01-07 03:34:19.979   929   967 D CompatibilityChangeReporter: Compat change id reported: 177438394; UID 10067; state: DISABLED
01-07 03:34:19.979   929   967 D CompatibilityChangeReporter: Compat change id reported: 135772972; UID 10067; state: DISABLED
01-07 03:34:19.979   929   967 D CompatibilityChangeReporter: Compat change id reported: 135754954; UID 10067; state: ENABLED
01-07 03:34:19.980  1223  1223 W Looper  : Drained
01-07 03:34:19.982   929   967 I ActivityManager: Posting BOOT_COMPLETED user #0
01-07 03:34:19.982   929   967 V SystemServerTiming: finishUserUnlocked-0 took to complete: 36ms
01-07 03:34:19.984   929   967 W BroadcastQueue: Target SDK mismatch: receiver ActivityInfo{646dc2b com.aml.dial.BootBroadcast} targets 31 but delivery restricted to [0, 23] broadcasting Intent { act=android.net.conn.CONNECTIVITY_CHANGE flg=0x4200010 (has extras) } from android (pid=929, uid=1000) to com.aml.dial/.BootBroadcast
01-07 03:34:19.986   929   967 D SystemServerTimingAsync: ssm.UnlockedUser-0
01-07 03:34:19.986   929   967 I SystemServiceManager: Calling onUnlockedUser 0
01-07 03:34:19.986   929   967 D SystemServerTimingAsync: ssm.onUnlockedUser-0_com.android.server.security.FileIntegrityService
01-07 03:34:19.986   929   967 V SystemServerTimingAsync: ssm.onUnlockedUser-0_com.android.server.security.FileIntegrityService took to complete: 0ms
01-07 03:34:19.986   929   958 D AppWidgetServiceImpl: Unable to load widget provider info from xml for ComponentInfo{com.android.gallery3d/com.android.gallery3d.gadget.PhotoAppWidgetProvider}
01-07 03:34:19.986   929   958 D AppWidgetServiceImpl: Unable to load widget provider info from xml for ComponentInfo{com.android.systemui/com.android.systemui.people.widget.PeopleSpaceWidgetProvider}
01-07 03:34:19.986   929   958 I AppWidgetServiceImpl: Processing of handleUserUnlocked u0 took 5 ms
01-07 03:34:19.988   929   929 I SyncManager: Loaded persisted syncs: 0 periodic syncs, 0 oneshot syncs, 12 total system server jobs, JobStats: FirstLoad: 4/3/0 LastSave: -1/-1/-1
01-07 03:34:19.989   929   967 D SystemServerTimingAsync: ssm.onUnlockedUser-0_com.android.server.pm.Installer
01-07 03:34:19.989   929   967 V SystemServerTimingAsync: ssm.onUnlockedUser-0_com.android.server.pm.Installer took to complete: 0ms
01-07 03:34:19.989   929   967 D SystemServerTimingAsync: ssm.onUnlockedUser-0_com.android.server.os.DeviceIdentifiersPolicyService
01-07 03:34:19.989   929   967 V SystemServerTimingAsync: ssm.onUnlockedUser-0_com.android.server.os.DeviceIdentifiersPolicyService took to complete: 0ms
01-07 03:34:19.989   929   967 D SystemServerTimingAsync: ssm.onUnlockedUser-0_com.android.server.uri.UriGrantsManagerService$Lifecycle
01-07 03:34:19.989   929   967 V SystemServerTimingAsync: ssm.onUnlockedUser-0_com.android.server.uri.UriGrantsManagerService$Lifecycle took to complete: 0ms
01-07 03:34:19.989   929   967 D SystemServerTimingAsync: ssm.onUnlockedUser-0_com.android.server.powerstats.PowerStatsService
01-07 03:34:19.989   929   967 V SystemServerTimingAsync: ssm.onUnlockedUser-0_com.android.server.powerstats.PowerStatsService took to complete: 0ms
01-07 03:34:19.989   929   967 D SystemServerTimingAsync: ssm.onUnlockedUser-0_com.android.server.wm.ActivityTaskManagerService$Lifecycle
01-07 03:34:19.992   929   967 I LaunchParamsPersister: Didn't find launch param folder for user 0
01-07 03:34:19.992   929   967 V SystemServerTimingAsync: ssm.onUnlockedUser-0_com.android.server.wm.ActivityTaskManagerService$Lifecycle took to complete: 3ms
01-07 03:34:19.992   929   967 D SystemServerTimingAsync: ssm.onUnlockedUser-0_com.android.server.am.ActivityManagerService$Lifecycle
01-07 03:34:19.992   929   967 V SystemServerTimingAsync: ssm.onUnlockedUser-0_com.android.server.am.ActivityManagerService$Lifecycle took to complete: 0ms
01-07 03:34:19.992   929   967 D SystemServerTimingAsync: ssm.onUnlockedUser-0_com.android.server.pm.DataLoaderManagerService
01-07 03:34:19.992   929   967 V SystemServerTimingAsync: ssm.onUnlockedUser-0_com.android.server.pm.DataLoaderManagerService took to complete: 0ms
01-07 03:34:19.992   929   967 D SystemServerTimingAsync: ssm.onUnlockedUser-0_com.android.server.power.PowerManagerService
01-07 03:34:19.992   929   967 V SystemServerTimingAsync: ssm.onUnlockedUser-0_com.android.server.power.PowerManagerService took to complete: 0ms
01-07 03:34:19.992   929   967 D SystemServerTimingAsync: ssm.onUnlockedUser-0_com.android.server.power.ThermalManagerService
01-07 03:34:19.992   929   967 V SystemServerTimingAsync: ssm.onUnlockedUser-0_com.android.server.power.ThermalManagerService took to complete: 0ms
01-07 03:34:19.992   929   967 D SystemServerTimingAsync: ssm.onUnlockedUser-0_com.android.server.power.hint.HintManagerService
01-07 03:34:19.992   929   967 V SystemServerTimingAsync: ssm.onUnlockedUser-0_com.android.server.power.hint.HintManagerService took to complete: 0ms
01-07 03:34:19.992   929   967 D SystemServerTimingAsync: ssm.onUnlockedUser-0_com.android.server.recoverysystem.RecoverySystemService$Lifecycle
01-07 03:34:19.992   929   967 V SystemServerTimingAsync: ssm.onUnlockedUser-0_com.android.server.recoverysystem.RecoverySystemService$Lifecycle took to complete: 0ms
01-07 03:34:19.992   929   967 D SystemServerTimingAsync: ssm.onUnlockedUser-0_com.android.server.lights.LightsService
01-07 03:34:19.992   929   967 V SystemServerTimingAsync: ssm.onUnlockedUser-0_com.android.server.lights.LightsService took to complete: 0ms
01-07 03:34:19.992   929   967 D SystemServerTimingAsync: ssm.onUnlockedUser-0_com.android.server.display.DisplayManagerService
01-07 03:34:19.992   929   967 V SystemServerTimingAsync: ssm.onUnlockedUser-0_com.android.server.display.DisplayManagerService took to complete: 0ms
01-07 03:34:19.992   929   967 D SystemServerTimingAsync: ssm.onUnlockedUser-0_com.android.server.pm.verify.domain.DomainVerificationService
01-07 03:34:19.992   929   967 V SystemServerTimingAsync: ssm.onUnlockedUser-0_com.android.server.pm.verify.domain.DomainVerificationService took to complete: 0ms
01-07 03:34:19.992   929   967 D SystemServerTimingAsync: ssm.onUnlockedUser-0_com.android.server.pm.PackageInstallerService$Lifecycle
01-07 03:34:19.992   929   967 V SystemServerTimingAsync: ssm.onUnlockedUser-0_com.android.server.pm.PackageInstallerService$Lifecycle took to complete: 0ms
01-07 03:34:19.992   929   967 D SystemServerTimingAsync: ssm.onUnlockedUser-0_com.android.server.pm.UserManagerService$LifeCycle
01-07 03:34:19.992   929   967 V SystemServerTimingAsync: ssm.onUnlockedUser-0_com.android.server.pm.UserManagerService$LifeCycle took to complete: 0ms
01-07 03:34:19.993   929   967 D SystemServerTimingAsync: ssm.onUnlockedUser-0_com.android.server.om.OverlayManagerService
01-07 03:34:19.993   929   967 V SystemServerTimingAsync: ssm.onUnlockedUser-0_com.android.server.om.OverlayManagerService took to complete: 0ms
01-07 03:34:19.993   929   967 D SystemServerTimingAsync: ssm.onUnlockedUser-0_com.android.server.resources.ResourcesManagerService
01-07 03:34:19.993   929   967 V SystemServerTimingAsync: ssm.onUnlockedUser-0_com.android.server.resources.ResourcesManagerService took to complete: 0ms
01-07 03:34:19.993   929   967 D SystemServerTimingAsync: ssm.onUnlockedUser-0_com.android.server.sensorprivacy.SensorPrivacyService
01-07 03:34:19.993   929   967 V SystemServerTimingAsync: ssm.onUnlockedUser-0_com.android.server.sensorprivacy.SensorPrivacyService took to complete: 0ms
01-07 03:34:19.993   929   967 D SystemServerTimingAsync: ssm.onUnlockedUser-0_com.android.server.sensors.SensorService
01-07 03:34:19.993   929   967 V SystemServerTimingAsync: ssm.onUnlockedUser-0_com.android.server.sensors.SensorService took to complete: 0ms
01-07 03:34:19.993   929   967 D SystemServerTimingAsync: ssm.onUnlockedUser-0_com.android.server.SystemConfigService
01-07 03:34:19.993   929   967 V SystemServerTimingAsync: ssm.onUnlockedUser-0_com.android.server.SystemConfigService took to complete: 0ms
01-07 03:34:19.993   929   967 D SystemServerTimingAsync: ssm.onUnlockedUser-0_com.android.server.BatteryService
01-07 03:34:19.993   929   967 V SystemServerTimingAsync: ssm.onUnlockedUser-0_com.android.server.BatteryService took to complete: 0ms
01-07 03:34:19.993   929   967 D SystemServerTimingAsync: ssm.onUnlockedUser-0_com.android.server.usage.UsageStatsService
01-07 03:34:19.993   929   967 V SystemServerTimingAsync: ssm.onUnlockedUser-0_com.android.server.usage.UsageStatsService took to complete: 0ms
01-07 03:34:19.993   929   967 D SystemServerTimingAsync: ssm.onUnlockedUser-0_com.android.server.webkit.WebViewUpdateService
01-07 03:34:19.993   929   967 V SystemServerTimingAsync: ssm.onUnlockedUser-0_com.android.server.webkit.WebViewUpdateService took to complete: 0ms
01-07 03:34:19.993   929   967 D SystemServerTimingAsync: ssm.onUnlockedUser-0_com.android.server.CachedDeviceStateService
01-07 03:34:19.993   929   967 V SystemServerTimingAsync: ssm.onUnlockedUser-0_com.android.server.CachedDeviceStateService took to complete: 0ms
01-07 03:34:19.993   929   967 D SystemServerTimingAsync: ssm.onUnlockedUser-0_com.android.server.BinderCallsStatsService$LifeCycle
01-07 03:34:19.993   929   967 V SystemServerTimingAsync: ssm.onUnlockedUser-0_com.android.server.BinderCallsStatsService$LifeCycle took to complete: 0ms
01-07 03:34:19.993   929   967 D SystemServerTimingAsync: ssm.onUnlockedUser-0_com.android.server.LooperStatsService$Lifecycle
01-07 03:34:19.993   929   967 V SystemServerTimingAsync: ssm.onUnlockedUser-0_com.android.server.LooperStatsService$Lifecycle took to complete: 0ms
01-07 03:34:19.993   929   967 D SystemServerTimingAsync: ssm.onUnlockedUser-0_com.android.server.rollback.RollbackManagerService
01-07 03:34:19.993   929   967 V SystemServerTimingAsync: ssm.onUnlockedUser-0_com.android.server.rollback.RollbackManagerService took to complete: 0ms
01-07 03:34:19.993   929   967 D SystemServerTimingAsync: ssm.onUnlockedUser-0_com.android.server.os.NativeTombstoneManagerService
01-07 03:34:19.993   929   967 V SystemServerTimingAsync: ssm.onUnlockedUser-0_com.android.server.os.NativeTombstoneManagerService took to complete: 0ms
01-07 03:34:19.993   929   967 D SystemServerTimingAsync: ssm.onUnlockedUser-0_com.android.server.os.BugreportManagerService
01-07 03:34:19.993   929   967 V SystemServerTimingAsync: ssm.onUnlockedUser-0_com.android.server.os.BugreportManagerService took to complete: 0ms
01-07 03:34:19.993   929   967 D SystemServerTimingAsync: ssm.onUnlockedUser-0_com.android.server.gpu.GpuService
01-07 03:34:19.993   929   967 V SystemServerTimingAsync: ssm.onUnlockedUser-0_com.android.server.gpu.GpuService took to complete: 0ms
01-07 03:34:19.993   929   967 D SystemServerTimingAsync: ssm.onUnlockedUser-0_com.android.server.security.KeyChainSystemService
01-07 03:34:19.993   929   967 V SystemServerTimingAsync: ssm.onUnlockedUser-0_com.android.server.security.KeyChainSystemService took to complete: 0ms
01-07 03:34:19.993   929   967 D SystemServerTimingAsync: ssm.onUnlockedUser-0_com.android.server.BinaryTransparencyService
01-07 03:34:19.993   929   967 V SystemServerTimingAsync: ssm.onUnlockedUser-0_com.android.server.BinaryTransparencyService took to complete: 0ms
01-07 03:34:19.993   929   967 D SystemServerTimingAsync: ssm.onUnlockedUser-0_com.android.server.accounts.AccountManagerService$Lifecycle
01-07 03:34:19.993   929   967 V SystemServerTimingAsync: ssm.onUnlockedUser-0_com.android.server.accounts.AccountManagerService$Lifecycle took to complete: 0ms
01-07 03:34:19.993   929   967 D SystemServerTimingAsync: ssm.onUnlockedUser-0_com.android.server.content.ContentService$Lifecycle
01-07 03:34:19.994   929   967 V SystemServerTimingAsync: ssm.onUnlockedUser-0_com.android.server.content.ContentService$Lifecycle took to complete: 0ms
01-07 03:34:19.994   929   967 D SystemServerTimingAsync: ssm.onUnlockedUser-0_com.android.server.DropBoxManagerService
01-07 03:34:19.994   929   967 V SystemServerTimingAsync: ssm.onUnlockedUser-0_com.android.server.DropBoxManagerService took to complete: 0ms
01-07 03:34:19.994   929   967 D SystemServerTimingAsync: ssm.onUnlockedUser-0_com.android.role.RoleService
01-07 03:34:19.994   929   967 V SystemServerTimingAsync: ssm.onUnlockedUser-0_com.android.role.RoleService took to complete: 0ms
01-07 03:34:19.994   929   967 D SystemServerTimingAsync: ssm.onUnlockedUser-0_com.android.server.vibrator.VibratorManagerService$Lifecycle
01-07 03:34:19.994   929   967 V SystemServerTimingAsync: ssm.onUnlockedUser-0_com.android.server.vibrator.VibratorManagerService$Lifecycle took to complete: 0ms
01-07 03:34:19.994   929   967 D SystemServerTimingAsync: ssm.onUnlockedUser-0_com.android.server.tare.InternalResourceService
01-07 03:34:19.994   929   967 V SystemServerTimingAsync: ssm.onUnlockedUser-0_com.android.server.tare.InternalResourceService took to complete: 0ms
01-07 03:34:19.994   929   967 D SystemServerTimingAsync: ssm.onUnlockedUser-0_com.android.server.alarm.AlarmManagerService
01-07 03:34:19.994   929   967 V SystemServerTimingAsync: ssm.onUnlockedUser-0_com.android.server.alarm.AlarmManagerService took to complete: 0ms
01-07 03:34:19.994   929   967 D SystemServerTimingAsync: ssm.onUnlockedUser-0_com.android.server.devicestate.DeviceStateManagerService
01-07 03:34:19.994   929   967 V SystemServerTimingAsync: ssm.onUnlockedUser-0_com.android.server.devicestate.DeviceStateManagerService took to complete: 0ms
01-07 03:34:19.994   929   967 D SystemServerTimingAsync: ssm.onUnlockedUser-0_com.android.server.bluetooth.BluetoothService
01-07 03:34:19.994   929   967 V SystemServerTimingAsync: ssm.onUnlockedUser-0_com.android.server.bluetooth.BluetoothService took to complete: 0ms
01-07 03:34:19.994   929   967 D SystemServerTimingAsync: ssm.onUnlockedUser-0_com.android.server.connectivity.IpConnectivityMetrics
01-07 03:34:19.994   929   967 V SystemServerTimingAsync: ssm.onUnlockedUser-0_com.android.server.connectivity.IpConnectivityMetrics took to complete: 0ms
01-07 03:34:19.994   929   967 D SystemServerTimingAsync: ssm.onUnlockedUser-0_com.android.server.net.watchlist.NetworkWatchlistService$Lifecycle
01-07 03:34:19.994   929   967 V SystemServerTimingAsync: ssm.onUnlockedUser-0_com.android.server.net.watchlist.NetworkWatchlistService$Lifecycle took to complete: 0ms
01-07 03:34:19.994   929   967 D SystemServerTimingAsync: ssm.onUnlockedUser-0_com.android.server.PinnerService
01-07 03:34:19.994   929   967 V SystemServerTimingAsync: ssm.onUnlockedUser-0_com.android.server.PinnerService took to complete: 0ms
01-07 03:34:19.994   929   967 D SystemServerTimingAsync: ssm.onUnlockedUser-0_com.android.server.integrity.AppIntegrityManagerService
01-07 03:34:19.994   929   967 V SystemServerTimingAsync: ssm.onUnlockedUser-0_com.android.server.integrity.AppIntegrityManagerService took to complete: 0ms
01-07 03:34:19.994   929   967 D SystemServerTimingAsync: ssm.onUnlockedUser-0_com.android.server.logcat.LogcatManagerService
01-07 03:34:19.994   929   967 V SystemServerTimingAsync: ssm.onUnlockedUser-0_com.android.server.logcat.LogcatManagerService took to complete: 0ms
01-07 03:34:19.994   929   967 D SystemServerTimingAsync: ssm.onUnlockedUser-0_com.android.server.inputmethod.InputMethodManagerService$Lifecycle
01-07 03:34:19.994   929   967 V SystemServerTimingAsync: ssm.onUnlockedUser-0_com.android.server.inputmethod.InputMethodManagerService$Lifecycle took to complete: 0ms
01-07 03:34:19.994   929   967 D SystemServerTimingAsync: ssm.onUnlockedUser-0_com.android.server.accessibility.AccessibilityManagerService$Lifecycle
01-07 03:34:19.994   929   967 V SystemServerTimingAsync: ssm.onUnlockedUser-0_com.android.server.accessibility.AccessibilityManagerService$Lifecycle took to complete: 0ms
01-07 03:34:19.994   929   967 D SystemServerTimingAsync: ssm.onUnlockedUser-0_com.android.server.StorageManagerService$Lifecycle
01-07 03:34:19.994   929   967 V SystemServerTimingAsync: ssm.onUnlockedUser-0_com.android.server.StorageManagerService$Lifecycle took to complete: 0ms
01-07 03:34:19.994   929   967 D SystemServerTimingAsync: ssm.onUnlockedUser-0_com.android.server.usage.StorageStatsService$Lifecycle
01-07 03:34:19.994   929   967 V SystemServerTimingAsync: ssm.onUnlockedUser-0_com.android.server.usage.StorageStatsService$Lifecycle took to complete: 0ms
01-07 03:34:19.994   929   967 D SystemServerTimingAsync: ssm.onUnlockedUser-0_com.android.server.UiModeManagerService
01-07 03:34:19.994   929   967 V SystemServerTimingAsync: ssm.onUnlockedUser-0_com.android.server.UiModeManagerService took to complete: 0ms
01-07 03:34:19.994   929   967 D SystemServerTimingAsync: ssm.onUnlockedUser-0_com.android.server.locales.LocaleManagerService
01-07 03:34:19.995   929   967 V SystemServerTimingAsync: ssm.onUnlockedUser-0_com.android.server.locales.LocaleManagerService took to complete: 0ms
01-07 03:34:19.995   929   967 D SystemServerTimingAsync: ssm.onUnlockedUser-0_com.android.server.locksettings.LockSettingsService$Lifecycle
01-07 03:34:19.995   929   967 V SystemServerTimingAsync: ssm.onUnlockedUser-0_com.android.server.locksettings.LockSettingsService$Lifecycle took to complete: 0ms
01-07 03:34:19.995   929   967 D SystemServerTimingAsync: ssm.onUnlockedUser-0_com.android.server.PersistentDataBlockService
01-07 03:34:19.995   929   967 V SystemServerTimingAsync: ssm.onUnlockedUser-0_com.android.server.PersistentDataBlockService took to complete: 0ms
01-07 03:34:19.995   929   967 D SystemServerTimingAsync: ssm.onUnlockedUser-0_com.android.server.testharness.TestHarnessModeService
01-07 03:34:19.995   929   967 V SystemServerTimingAsync: ssm.onUnlockedUser-0_com.android.server.testharness.TestHarnessModeService took to complete: 0ms
01-07 03:34:19.995   929   967 D SystemServerTimingAsync: ssm.onUnlockedUser-0_com.android.server.oemlock.OemLockService
01-07 03:34:19.995   929   967 V SystemServerTimingAsync: ssm.onUnlockedUser-0_com.android.server.oemlock.OemLockService took to complete: 0ms
01-07 03:34:19.995   929   967 D SystemServerTimingAsync: ssm.onUnlockedUser-0_com.android.server.DeviceIdleController
01-07 03:34:19.995   929   967 V SystemServerTimingAsync: ssm.onUnlockedUser-0_com.android.server.DeviceIdleController took to complete: 0ms
01-07 03:34:19.995   929   967 D SystemServerTimingAsync: ssm.onUnlockedUser-0_com.android.server.devicepolicy.DevicePolicyManagerService$Lifecycle
01-07 03:34:19.995   929   967 V SystemServerTimingAsync: ssm.onUnlockedUser-0_com.android.server.devicepolicy.DevicePolicyManagerService$Lifecycle took to complete: 0ms
01-07 03:34:19.995   929   967 D SystemServerTimingAsync: ssm.onUnlockedUser-0_com.android.server.texttospeech.TextToSpeechManagerService
01-07 03:34:19.995   929   967 V SystemServerTimingAsync: ssm.onUnlockedUser-0_com.android.server.texttospeech.TextToSpeechManagerService took to complete: 0ms
01-07 03:34:19.995   929   967 D SystemServerTimingAsync: ssm.onUnlockedUser-0_com.android.server.ambientcontext.AmbientContextManagerService
01-07 03:34:19.995   929   967 V SystemServerTimingAsync: ssm.onUnlockedUser-0_com.android.server.ambientcontext.AmbientContextManagerService took to complete: 0ms
01-07 03:34:19.995   929   967 D SystemServerTimingAsync: ssm.onUnlockedUser-0_com.android.server.speech.SpeechRecognitionManagerService
01-07 03:34:19.995   929   967 V SystemServerTimingAsync: ssm.onUnlockedUser-0_com.android.server.speech.SpeechRecognitionManagerService took to complete: 0ms
01-07 03:34:19.995   929   967 D SystemServerTimingAsync: ssm.onUnlockedUser-0_com.android.server.searchui.SearchUiManagerService
01-07 03:34:19.995   929   967 V SystemServerTimingAsync: ssm.onUnlockedUser-0_com.android.server.searchui.SearchUiManagerService took to complete: 0ms
01-07 03:34:19.995   929   967 D SystemServerTimingAsync: ssm.onUnlockedUser-0_com.android.server.smartspace.SmartspaceManagerService
01-07 03:34:19.995   929   967 V SystemServerTimingAsync: ssm.onUnlockedUser-0_com.android.server.smartspace.SmartspaceManagerService took to complete: 0ms
01-07 03:34:19.995   929   967 D SystemServerTimingAsync: ssm.onUnlockedUser-0_com.android.server.graphics.fonts.FontManagerService$Lifecycle
01-07 03:34:19.995   929   967 V SystemServerTimingAsync: ssm.onUnlockedUser-0_com.android.server.graphics.fonts.FontManagerService$Lifecycle took to complete: 0ms
01-07 03:34:19.995   929   967 D SystemServerTimingAsync: ssm.onUnlockedUser-0_com.android.server.textservices.TextServicesManagerService$Lifecycle
01-07 03:34:19.995   929   967 V SystemServerTimingAsync: ssm.onUnlockedUser-0_com.android.server.textservices.TextServicesManagerService$Lifecycle took to complete: 0ms
01-07 03:34:19.995   929   967 D SystemServerTimingAsync: ssm.onUnlockedUser-0_com.android.server.textclassifier.TextClassificationManagerService$Lifecycle
01-07 03:34:19.995   929   967 V SystemServerTimingAsync: ssm.onUnlockedUser-0_com.android.server.textclassifier.TextClassificationManagerService$Lifecycle took to complete: 0ms
01-07 03:34:19.995   929   967 D SystemServerTimingAsync: ssm.onUnlockedUser-0_com.android.server.NetworkScoreService$Lifecycle
01-07 03:34:19.995   929   967 V SystemServerTimingAsync: ssm.onUnlockedUser-0_com.android.server.NetworkScoreService$Lifecycle took to complete: 0ms
01-07 03:34:19.996   929   967 D SystemServerTimingAsync: ssm.onUnlockedUser-0_com.android.server.NetworkStatsServiceInitializer
01-07 03:34:19.996   929   967 V SystemServerTimingAsync: ssm.onUnlockedUser-0_com.android.server.NetworkStatsServiceInitializer took to complete: 0ms
01-07 03:34:19.996   929   967 D SystemServerTimingAsync: ssm.onUnlockedUser-0_com.android.server.wifi.WifiService
01-07 03:34:19.996   929   967 V SystemServerTimingAsync: ssm.onUnlockedUser-0_com.android.server.wifi.WifiService took to complete: 0ms
01-07 03:34:19.996   929   967 D SystemServerTimingAsync: ssm.onUnlockedUser-0_com.android.server.wifi.scanner.WifiScanningService
01-07 03:34:19.996   929   967 V SystemServerTimingAsync: ssm.onUnlockedUser-0_com.android.server.wifi.scanner.WifiScanningService took to complete: 0ms
01-07 03:34:19.996   929   967 D SystemServerTimingAsync: ssm.onUnlockedUser-0_com.android.server.wifi.p2p.WifiP2pService
01-07 03:34:19.996   929   967 V SystemServerTimingAsync: ssm.onUnlockedUser-0_com.android.server.wifi.p2p.WifiP2pService took to complete: 0ms
01-07 03:34:19.996   929   967 D SystemServerTimingAsync: ssm.onUnlockedUser-0_com.android.server.ConnectivityServiceInitializer
01-07 03:34:19.996   929   967 V SystemServerTimingAsync: ssm.onUnlockedUser-0_com.android.server.ConnectivityServiceInitializer took to complete: 0ms
01-07 03:34:19.996   929   967 D SystemServerTimingAsync: ssm.onUnlockedUser-0_com.android.server.notification.NotificationManagerService
01-07 03:34:19.996   929   967 V SystemServerTimingAsync: ssm.onUnlockedUser-0_com.android.server.notification.NotificationManagerService took to complete: 0ms
01-07 03:34:19.996   929   967 D SystemServerTimingAsync: ssm.onUnlockedUser-0_com.android.server.storage.DeviceStorageMonitorService
01-07 03:34:19.996   929   967 V SystemServerTimingAsync: ssm.onUnlockedUser-0_com.android.server.storage.DeviceStorageMonitorService took to complete: 0ms
01-07 03:34:19.996   929   967 D SystemServerTimingAsync: ssm.onUnlockedUser-0_com.android.server.location.LocationManagerService$Lifecycle
01-07 03:34:19.996   929   967 V SystemServerTimingAsync: ssm.onUnlockedUser-0_com.android.server.location.LocationManagerService$Lifecycle took to complete: 0ms
01-07 03:34:19.996   929   967 D SystemServerTimingAsync: ssm.onUnlockedUser-0_com.android.server.timedetector.TimeDetectorService$Lifecycle
01-07 03:34:19.996   929   967 V SystemServerTimingAsync: ssm.onUnlockedUser-0_com.android.server.timedetector.TimeDetectorService$Lifecycle took to complete: 0ms
01-07 03:34:19.996   929   967 D SystemServerTimingAsync: ssm.onUnlockedUser-0_com.android.server.timezonedetector.TimeZoneDetectorService$Lifecycle
01-07 03:34:19.996   929   967 V SystemServerTimingAsync: ssm.onUnlockedUser-0_com.android.server.timezonedetector.TimeZoneDetectorService$Lifecycle took to complete: 0ms
01-07 03:34:19.996   929   967 D SystemServerTimingAsync: ssm.onUnlockedUser-0_com.android.server.timezonedetector.location.LocationTimeZoneManagerService$Lifecycle
01-07 03:34:19.996   929   967 V SystemServerTimingAsync: ssm.onUnlockedUser-0_com.android.server.timezonedetector.location.LocationTimeZoneManagerService$Lifecycle took to complete: 0ms
01-07 03:34:19.996   929   967 D SystemServerTimingAsync: ssm.onUnlockedUser-0_com.android.server.search.SearchManagerService$Lifecycle
01-07 03:34:19.996   929   967 V SystemServerTimingAsync: ssm.onUnlockedUser-0_com.android.server.search.SearchManagerService$Lifecycle took to complete: 0ms
01-07 03:34:19.996   929   967 D SystemServerTimingAsync: ssm.onUnlockedUser-0_com.android.server.wallpaper.WallpaperManagerService$Lifecycle
01-07 03:34:19.997   929   967 V SystemServerTimingAsync: ssm.onUnlockedUser-0_com.android.server.wallpaper.WallpaperManagerService$Lifecycle took to complete: 0ms
01-07 03:34:19.997   929   967 D SystemServerTimingAsync: ssm.onUnlockedUser-0_com.android.server.wallpapereffectsgeneration.WallpaperEffectsGenerationManagerService
01-07 03:34:19.997   929   967 V SystemServerTimingAsync: ssm.onUnlockedUser-0_com.android.server.wallpapereffectsgeneration.WallpaperEffectsGenerationManagerService took to complete: 0ms
01-07 03:34:19.997   929   967 D SystemServerTimingAsync: ssm.onUnlockedUser-0_com.android.server.audio.AudioService$Lifecycle
01-07 03:34:19.997   929   967 V SystemServerTimingAsync: ssm.onUnlockedUser-0_com.android.server.audio.AudioService$Lifecycle took to complete: 0ms
01-07 03:34:19.997   929   967 D SystemServerTimingAsync: ssm.onUnlockedUser-0_com.android.server.soundtrigger_middleware.SoundTriggerMiddlewareService$Lifecycle
01-07 03:34:19.997   929   967 V SystemServerTimingAsync: ssm.onUnlockedUser-0_com.android.server.soundtrigger_middleware.SoundTriggerMiddlewareService$Lifecycle took to complete: 0ms
01-07 03:34:19.997   929   967 D SystemServerTimingAsync: ssm.onUnlockedUser-0_com.android.server.DockObserver
01-07 03:34:19.997   929   967 V SystemServerTimingAsync: ssm.onUnlockedUser-0_com.android.server.DockObserver took to complete: 0ms
01-07 03:34:19.997   929   967 D SystemServerTimingAsync: ssm.onUnlockedUser-0_com.android.server.adb.AdbService$Lifecycle
01-07 03:34:19.997   929   967 V SystemServerTimingAsync: ssm.onUnlockedUser-0_com.android.server.adb.AdbService$Lifecycle took to complete: 0ms
01-07 03:34:19.997   929   967 D SystemServerTimingAsync: ssm.onUnlockedUser-0_com.android.server.usb.UsbService$Lifecycle
01-07 03:34:19.997   929   967 V SystemServerTimingAsync: ssm.onUnlockedUser-0_com.android.server.usb.UsbService$Lifecycle took to complete: 0ms
01-07 03:34:19.997   929   967 D SystemServerTimingAsync: ssm.onUnlockedUser-0_com.android.server.twilight.TwilightService
01-07 03:34:19.997   929   967 V SystemServerTimingAsync: ssm.onUnlockedUser-0_com.android.server.twilight.TwilightService took to complete: 0ms
01-07 03:34:19.997   929   967 D SystemServerTimingAsync: ssm.onUnlockedUser-0_com.android.server.display.color.ColorDisplayService
01-07 03:34:19.997   929   967 V SystemServerTimingAsync: ssm.onUnlockedUser-0_com.android.server.display.color.ColorDisplayService took to complete: 0ms
01-07 03:34:19.997   929   967 D SystemServerTimingAsync: ssm.onUnlockedUser-0_com.android.server.job.JobSchedulerService
01-07 03:34:19.997   929   967 V SystemServerTimingAsync: ssm.onUnlockedUser-0_com.android.server.job.JobSchedulerService took to complete: 0ms
01-07 03:34:19.997   929   967 D SystemServerTimingAsync: ssm.onUnlockedUser-0_com.android.server.soundtrigger.SoundTriggerService
01-07 03:34:19.997   929   967 V SystemServerTimingAsync: ssm.onUnlockedUser-0_com.android.server.soundtrigger.SoundTriggerService took to complete: 0ms
01-07 03:34:19.997   929   967 D SystemServerTimingAsync: ssm.onUnlockedUser-0_com.android.server.trust.TrustManagerService
01-07 03:34:19.997   929   961 I ActivityTaskManager: START u0 {act=android.intent.action.MAIN cat=[android.intent.category.HOME] flg=0x10000100 cmp=com.sonos.tv.setup/.SetupActivity (has extras)} from uid 0
01-07 03:34:19.997   929   967 V SystemServerTimingAsync: ssm.onUnlockedUser-0_com.android.server.trust.TrustManagerService took to complete: 0ms
01-07 03:34:19.997   929   967 D SystemServerTimingAsync: ssm.onUnlockedUser-0_com.android.server.backup.BackupManagerService$Lifecycle
01-07 03:34:19.997   929   967 V SystemServerTimingAsync: ssm.onUnlockedUser-0_com.android.server.backup.BackupManagerService$Lifecycle took to complete: 0ms
01-07 03:34:19.997   929   967 D SystemServerTimingAsync: ssm.onUnlockedUser-0_com.android.server.appwidget.AppWidgetService
01-07 03:34:19.997   929   967 V SystemServerTimingAsync: ssm.onUnlockedUser-0_com.android.server.appwidget.AppWidgetService took to complete: 0ms
01-07 03:34:19.997   929   967 D SystemServerTimingAsync: ssm.onUnlockedUser-0_com.android.server.voiceinteraction.VoiceInteractionManagerService
01-07 03:34:19.997   929   967 V SystemServerTimingAsync: ssm.onUnlockedUser-0_com.android.server.voiceinteraction.VoiceInteractionManagerService took to complete: 0ms
