01-04 01:21:02.165   807   830 I DropBoxManagerService: add tag=system_server_strictmode isTagEnabled=true flags=0x2
01-04 01:21:02.165   807   830 I DropBoxManagerService: add tag=system_server_strictmode isTagEnabled=true flags=0x2
01-04 01:21:02.166   807   807 V SystemServerTiming: StartInputMethodManagerLifecycle took to complete: 4ms
01-04 01:21:02.166   807   830 I DropBoxManagerService: add tag=system_server_strictmode isTagEnabled=true flags=0x2
01-04 01:21:02.166   807   807 D SystemServerTiming: StartAccessibilityManagerService
01-04 01:21:02.166   807   807 I SystemServiceManager: Starting com.android.server.accessibility.AccessibilityManagerService$Lifecycle
01-04 01:21:02.167   807   830 I DropBoxManagerService: add tag=system_server_strictmode isTagEnabled=true flags=0x2
01-04 01:21:02.167   807   830 I DropBoxManagerService: add tag=system_server_strictmode isTagEnabled=true flags=0x2
01-04 01:21:02.172   807   807 V SystemServerTiming: StartAccessibilityManagerService took to complete: 6ms
01-04 01:21:02.172   807   807 D SystemServerTiming: MakeDisplayReady
01-04 01:21:02.175   807   807 I ActivityTaskManager: Config changes=20005df8 {1.0 ?mcc?mnc [en_US] ldltr sw540dp w960dp h540dp 320dpi lrg long land ?uimode ?night -touch -keyb/v/h dpad/v winConfig={ mBounds=Rect(0, 0 - 1920, 1080) mAppBounds=Rect(0, 0 - 1920, 1080) mMaxBounds=Rect(0, 0 - 1920, 1080) mDisplayRotation=ROTATION_0 mWindowingMode=fullscreen mDisplayWindowingMode=fullscreen mActivityType=undefined mAlwaysOnTop=undefined mRotation=ROTATION_0} s.2 ?fontWeightAdjustment}
01-04 01:21:02.177   807   807 I WindowManager: Override config changes=60007dfc {1.0 ?mcc?mnc [en_US] ldltr sw540dp w960dp h540dp 320dpi lrg long land ?uimode ?night -touch -keyb/v/h dpad/v winConfig={ mBounds=Rect(0, 0 - 1920, 1080) mAppBounds=Rect(0, 0 - 1920, 1080) mMaxBounds=Rect(0, 0 - 1920, 1080) mDisplayRotation=ROTATION_0 mWindowingMode=fullscreen mDisplayWindowingMode=fullscreen mActivityType=undefined mAlwaysOnTop=undefined mRotation=ROTATION_0} s.2 ?fontWeightAdjustment} for displayId=0
01-04 01:21:02.185   807   807 V SystemServerTiming: MakeDisplayReady took to complete: 13ms
01-04 01:21:02.185   807   807 D SystemServerTiming: StartStorageManagerService
01-04 01:21:02.185   807   807 I SystemServiceManager: Starting com.android.server.StorageManagerService$Lifecycle
01-04 01:21:02.194   807   952 D StorageManagerService: Thinking about init, mBootCompleted=false, mDaemonConnected=true
01-04 01:21:02.194   807   952 D StorageManagerService: Thinking about reset, mBootCompleted=false, mDaemonConnected=true
01-04 01:21:02.195   807   952 D StorageManagerService: Thinking about init, mBootCompleted=false, mDaemonConnected=true
01-04 01:21:02.195   807   952 D StorageManagerService: Thinking about reset, mBootCompleted=false, mDaemonConnected=true
01-04 01:21:02.195   807   807 V SystemServerTiming: StartStorageManagerService took to complete: 10ms
01-04 01:21:02.195   807   807 D SystemServerTiming: StartStorageStatsService
01-04 01:21:02.196   807   807 I SystemServiceManager: Starting com.android.server.usage.StorageStatsService$Lifecycle
01-04 01:21:02.204   807   807 V SystemServerTiming: StartStorageStatsService took to complete: 8ms
01-04 01:21:02.204   807   807 D SystemServerTiming: StartUiModeManager
01-04 01:21:02.204   807   807 I SystemServiceManager: Starting com.android.server.UiModeManagerService
01-04 01:21:02.205   807   953 D SystemServerTimingAsync: InitThreadPoolExec:UiModeManager.onStart
01-04 01:21:02.205   807   953 D SystemServerInitThreadPool: Started executing UiModeManager.onStart
01-04 01:21:02.205   807   807 V SystemServerTiming: StartUiModeManager took to complete: 1ms
01-04 01:21:02.205   807   807 D SystemServerTiming: StartLocaleManagerService
01-04 01:21:02.205   807   807 I SystemServiceManager: Starting com.android.server.locales.LocaleManagerService
01-04 01:21:02.208   807   807 V SystemServerTiming: StartLocaleManagerService took to complete: 3ms
01-04 01:21:02.208   807   807 D SystemServerTiming: UpdatePackagesIfNeeded
01-04 01:21:02.208   807   807 I Watchdog: Pausing HandlerChecker: main thread for reason: dexopt. Pause count: 1
01-04 01:21:02.209   807   807 I Watchdog: Resuming HandlerChecker: main thread for reason: dexopt. Pause count: 0
01-04 01:21:02.209   807   807 V SystemServerTiming: UpdatePackagesIfNeeded took to complete: 1ms
01-04 01:21:02.209   807   807 D SystemServerTiming: PerformFstrimIfNeeded
01-04 01:21:02.210   807   807 V SystemServerTiming: PerformFstrimIfNeeded took to complete: 1ms
01-04 01:21:02.210   807   807 D SystemServerTiming: StartLockSettingsService
01-04 01:21:02.210   807   807 I SystemServiceManager: Starting com.android.server.locksettings.LockSettingsService$Lifecycle
01-04 01:21:02.239   807   953 D SystemServerInitThreadPool: Finished executing UiModeManager.onStart
01-04 01:21:02.239   807   953 V SystemServerTimingAsync: InitThreadPoolExec:UiModeManager.onStart took to complete: 34ms
01-04 01:21:02.245   807   807 V SystemServerTiming: StartLockSettingsService took to complete: 34ms
01-04 01:21:02.245   807   807 D SystemServerTiming: StartPersistentDataBlock
01-04 01:21:02.245   807   807 I SystemServiceManager: Starting com.android.server.PersistentDataBlockService
01-04 01:21:02.245   807   807 V SystemServerTiming: StartPersistentDataBlock took to complete: 0ms
01-04 01:21:02.245   807   807 D SystemServerTiming: StartTestHarnessMode
01-04 01:21:02.245   807   807 I SystemServiceManager: Starting com.android.server.testharness.TestHarnessModeService
01-04 01:21:02.245   807   960 D SystemServerTimingAsync: InitThreadPoolExec:PersistentDataBlockService.onStart
01-04 01:21:02.246   807   960 D SystemServerInitThreadPool: Started executing PersistentDataBlockService.onStart
01-04 01:21:02.248   807   807 V SystemServerTiming: StartTestHarnessMode took to complete: 2ms
01-04 01:21:02.248   807   807 D SystemServerTiming: StartOemLockService
01-04 01:21:02.248   807   807 I SystemServiceManager: Starting com.android.server.oemlock.OemLockService
01-04 01:21:02.252   807   807 I OemLock : Using vendor lock via the HAL
01-04 01:21:02.252   807   807 V SystemServerTiming: StartOemLockService took to complete: 4ms
01-04 01:21:02.252   807   807 D SystemServerTiming: StartDeviceIdleController
01-04 01:21:02.252   807   807 I SystemServiceManager: Starting com.android.server.DeviceIdleController
01-04 01:21:02.258   807   807 V SystemServerTiming: StartDeviceIdleController took to complete: 6ms
01-04 01:21:02.258   807   807 D SystemServerTiming: StartDevicePolicyManager
01-04 01:21:02.258   807   807 I SystemServiceManager: Starting com.android.server.devicepolicy.DevicePolicyManagerService$Lifecycle
01-04 01:21:02.265   807   807 V SystemServerTiming: StartDevicePolicyManager took to complete: 7ms
01-04 01:21:02.265   807   807 D SystemServerTiming: StartStatusBarManagerService
01-04 01:21:02.267   807   807 V SystemServerTiming: StartStatusBarManagerService took to complete: 2ms
01-04 01:21:02.267   807   807 D SystemServer: MusicRecognitionManagerService not defined by OEM or disabled by flag
01-04 01:21:02.267   807   807 D SystemServer: ContentCaptureService disabled because resource is not overlaid
01-04 01:21:02.268   807   807 D SystemServer: AttentionService is not configured on this device
01-04 01:21:02.268   807   807 D SystemServer: RotationResolverService is not configured on this device
01-04 01:21:02.268   807   807 D SystemServer: SystemCaptionsManagerService disabled because resource is not overlaid
01-04 01:21:02.268   807   807 D SystemServerTiming: StartTextToSpeechManagerService
01-04 01:21:02.268   807   807 I SystemServiceManager: Starting com.android.server.texttospeech.TextToSpeechManagerService
01-04 01:21:02.269   807   807 V SystemServerTiming: StartTextToSpeechManagerService took to complete: 1ms
01-04 01:21:02.270   807   807 D SystemServerTiming: StartAmbientContextService
01-04 01:21:02.270   807   807 I SystemServiceManager: Starting com.android.server.ambientcontext.AmbientContextManagerService
01-04 01:21:02.272   807   807 V SystemServerTiming: StartAmbientContextService took to complete: 2ms
01-04 01:21:02.272   807   807 D SystemServerTiming: StartSpeechRecognitionManagerService
01-04 01:21:02.275   807   807 I SystemServiceManager: Starting com.android.server.speech.SpeechRecognitionManagerService
01-04 01:21:02.277   807   807 V SystemServerTiming: StartSpeechRecognitionManagerService took to complete: 5ms
01-04 01:21:02.277   807   807 D SystemServer: AppPredictionService not defined by OEM
01-04 01:21:02.277   807   807 D SystemServer: ContentSuggestionsService not defined by OEM
01-04 01:21:02.277   807   807 D SystemServerTiming: StartSearchUiService
01-04 01:21:02.277   807   807 I SystemServiceManager: Starting com.android.server.searchui.SearchUiManagerService
01-04 01:21:02.278   807   960 D SystemServerInitThreadPool: Finished executing PersistentDataBlockService.onStart
01-04 01:21:02.278   807   960 V SystemServerTimingAsync: InitThreadPoolExec:PersistentDataBlockService.onStart took to complete: 32ms
01-04 01:21:02.279   807   807 V SystemServerTiming: StartSearchUiService took to complete: 2ms
01-04 01:21:02.279   807   807 D SystemServerTiming: StartSmartspaceService
01-04 01:21:02.279   807   807 I SystemServiceManager: Starting com.android.server.smartspace.SmartspaceManagerService
01-04 01:21:02.280   807   807 V SystemServerTiming: StartSmartspaceService took to complete: 1ms
01-04 01:21:02.280   807   807 D SystemServerTiming: InitConnectivityModuleConnector
01-04 01:21:02.280   807   807 D ConnectivityModuleConnector: Network stack init
01-04 01:21:02.282   807   807 V SystemServerTiming: InitConnectivityModuleConnector took to complete: 2ms
01-04 01:21:02.282   807   807 D SystemServerTiming: InitNetworkStackClient
01-04 01:21:02.282   807   807 V SystemServerTiming: InitNetworkStackClient took to complete: 0ms
01-04 01:21:02.282   807   807 D SystemServerTiming: StartNetworkManagementService
01-04 01:21:02.285   807   807 V SystemServerTiming: StartNetworkManagementService took to complete: 3ms
01-04 01:21:02.285   807   807 D SystemServerTiming: StartFontManagerService
01-04 01:21:02.422   807   807 V SystemServerTiming: StartFontManagerService took to complete: 137ms
01-04 01:21:02.422   807   807 D SystemServerTiming: StartTextServicesManager
01-04 01:21:02.422   807   807 I SystemServiceManager: Starting com.android.server.textservices.TextServicesManagerService$Lifecycle
01-04 01:21:02.424   807   807 V SystemServerTiming: StartTextServicesManager took to complete: 1ms
01-04 01:21:02.424   807   807 D SystemServerTiming: StartTextClassificationManagerService
01-04 01:21:02.424   807   807 I SystemServiceManager: Starting com.android.server.textclassifier.TextClassificationManagerService$Lifecycle
01-04 01:21:02.426   807   807 V SystemServerTiming: StartTextClassificationManagerService took to complete: 2ms
01-04 01:21:02.426   807   807 D SystemServerTiming: StartNetworkScoreService
01-04 01:21:02.426   807   807 I SystemServiceManager: Starting com.android.server.NetworkScoreService$Lifecycle
01-04 01:21:02.428   807   807 V SystemServerTiming: StartNetworkScoreService took to complete: 2ms
01-04 01:21:02.428   807   807 D SystemServerTiming: StartNetworkStatsService
01-04 01:21:02.450   807   807 I SystemServiceManager: Starting com.android.server.NetworkStatsServiceInitializer
01-04 01:21:02.485   807   807 V SystemServerTiming: StartNetworkStatsService took to complete: 57ms
01-04 01:21:02.485   807   807 D SystemServerTiming: StartNetworkPolicyManagerService
01-04 01:21:02.488   807   807 V SystemServerTiming: StartNetworkPolicyManagerService took to complete: 3ms
01-04 01:21:02.488   807   807 D SystemServerTiming: StartWifi
01-04 01:21:02.519   807   807 I SystemServiceManager: Starting com.android.server.wifi.WifiService
01-04 01:21:02.621   612   612 I wificond: New wificond event callback registered
01-04 01:21:02.625   807   807 V HistoricalRegistry: Interaction before persistence initialized
01-04 01:21:02.628   807   807 V SystemServerTiming: StartWifi took to complete: 140ms
01-04 01:21:02.630   807   807 D SystemServerTiming: StartWifiScanning
01-04 01:21:02.630   807   807 I SystemServiceManager: Starting com.android.server.wifi.scanner.WifiScanningService
01-04 01:21:02.634   807   807 V SystemServerTiming: StartWifiScanning took to complete: 4ms
01-04 01:21:02.635   807   807 D SystemServerTiming: StartWifiP2P
01-04 01:21:02.635   807   807 I SystemServiceManager: Starting com.android.server.wifi.p2p.WifiP2pService
01-04 01:21:02.640   807   807 V SystemServerTiming: StartWifiP2P took to complete: 5ms
01-04 01:21:02.640   807   807 D SystemServerTiming: StartPacProxyService
01-04 01:21:02.642   807   807 V SystemServerTiming: StartPacProxyService took to complete: 2ms
01-04 01:21:02.642   807   807 D SystemServerTiming: StartConnectivityService
01-04 01:21:02.642   807   807 I SystemServiceManager: Starting com.android.server.ConnectivityServiceInitializer
01-04 01:21:02.671   807   807 D CompatibilityChangeReporter: Compat change id reported: 182478738; UID 1000; state: ENABLED
01-04 01:21:02.694   807   807 V SystemServerTiming: StartConnectivityService took to complete: 52ms
01-04 01:21:02.694   807   807 D SystemServerTiming: StartVpnManagerService
01-04 01:21:02.698   807   807 V SystemServerTiming: StartVpnManagerService took to complete: 4ms
01-04 01:21:02.698   807   807 D SystemServerTiming: StartVcnManagementService
01-04 01:21:02.701   807   807 V SystemServerTiming: StartVcnManagementService took to complete: 3ms
01-04 01:21:02.701   807   807 D SystemServerTiming: StartSystemUpdateManagerService
01-04 01:21:02.701   807   807 I SystemUpdateManagerService: No existing info file /data/system/system-update-info.xml
01-04 01:21:02.702   807   807 V SystemServerTiming: StartSystemUpdateManagerService took to complete: 1ms
01-04 01:21:02.702   807   807 D SystemServerTiming: StartUpdateLockService
01-04 01:21:02.703   807   807 V SystemServerTiming: StartUpdateLockService took to complete: 1ms
01-04 01:21:02.703   807   807 D SystemServerTiming: StartNotificationManager
01-04 01:21:02.703   807   807 I SystemServiceManager: Starting com.android.server.notification.NotificationManagerService
01-04 01:21:02.712   807   807 D ConditionProviders.SCP: new ScheduleConditionProvider()
01-04 01:21:02.727   807   807 I NotificationAssistants: Read notification assistant permissions from xml
01-04 01:21:02.728   807   807 I ConditionProviders: Read condition provider permissions from xml
01-04 01:21:02.728   807   807 I ConditionProviders: Read condition provider permissions from xml
01-04 01:21:02.728   807   807 D NotificationAssistants: Approving default notification assistant for user 0
01-04 01:21:02.728   807   807 I ConditionProviders:  Allowing condition provider android.ext.services/android.ext.services.notification.Assistant (userSet: true)
01-04 01:21:02.735   807   807 V SystemServerTiming: StartNotificationManager took to complete: 32ms
01-04 01:21:02.735   807   807 D SystemServerTiming: StartDeviceMonitor
01-04 01:21:02.735   807   807 I SystemServiceManager: Starting com.android.server.storage.DeviceStorageMonitorService
01-04 01:21:02.737   807   807 V SystemServerTiming: StartDeviceMonitor took to complete: 2ms
01-04 01:21:02.737   807   807 D SystemServerTiming: StartLocationManagerService
01-04 01:21:02.737   807   807 I SystemServiceManager: Starting com.android.server.location.LocationManagerService$Lifecycle
01-04 01:21:02.740   807   807 V SystemServerTiming: StartLocationManagerService took to complete: 3ms
01-04 01:21:02.740   807   807 D SystemServerTiming: StartCountryDetectorService
01-04 01:21:02.741   807   807 V SystemServerTiming: StartCountryDetectorService took to complete: 0ms
01-04 01:21:02.741   807   807 D SystemServerTiming: StartTimeDetectorService
01-04 01:21:02.741   807   807 I SystemServiceManager: Starting com.android.server.timedetector.TimeDetectorService$Lifecycle
01-04 01:21:02.742   807   807 V SystemServerTiming: StartTimeDetectorService took to complete: 1ms
01-04 01:21:02.742   807   807 D SystemServerTiming: StartTimeZoneDetectorService
01-04 01:21:02.742   807   807 I SystemServiceManager: Starting com.android.server.timezonedetector.TimeZoneDetectorService$Lifecycle
01-04 01:21:02.747   807   807 V SystemServerTiming: StartTimeZoneDetectorService took to complete: 5ms
01-04 01:21:02.747   807   807 D SystemServerTiming: StartLocationTimeZoneManagerService
01-04 01:21:02.747   807   807 I SystemServiceManager: Starting com.android.server.timezonedetector.location.LocationTimeZoneManagerService$Lifecycle
01-04 01:21:02.747   807   807 D LocationTZDetector: Geo time zone detection feature is disabled in config
01-04 01:21:02.747   807   807 V SystemServerTiming: StartLocationTimeZoneManagerService took to complete: 0ms
01-04 01:21:02.748   807   807 D SystemServerTiming: StartSearchManagerService
01-04 01:21:02.748   807   807 I SystemServiceManager: Starting com.android.server.search.SearchManagerService$Lifecycle
01-04 01:21:02.749   807   807 V SystemServerTiming: StartSearchManagerService took to complete: 1ms
01-04 01:21:02.749   807   807 D SystemServerTiming: StartWallpaperManagerService
01-04 01:21:02.749   807   807 I SystemServiceManager: Starting com.android.server.wallpaper.WallpaperManagerService$Lifecycle
01-04 01:21:02.750   807   807 V SystemServerTiming: StartWallpaperManagerService took to complete: 1ms
01-04 01:21:02.750   807   807 D SystemServerTiming: StartWallpaperEffectsGenerationService
01-04 01:21:02.750   807   807 I SystemServiceManager: Starting com.android.server.wallpapereffectsgeneration.WallpaperEffectsGenerationManagerService
01-04 01:21:02.751   807   807 V SystemServerTiming: StartWallpaperEffectsGenerationService took to complete: 1ms
01-04 01:21:02.751   807   807 D SystemServerTiming: StartAudioService
01-04 01:21:02.751   807   807 I SystemServiceManager: Starting com.android.server.audio.AudioService$Lifecycle
01-04 01:21:02.788   807   807 V SystemServerTiming: StartAudioService took to complete: 37ms
01-04 01:21:02.788   807   807 D SystemServerTiming: StartSoundTriggerMiddlewareService
01-04 01:21:02.788   807   807 I SystemServiceManager: Starting com.android.server.soundtrigger_middleware.SoundTriggerMiddlewareService$Lifecycle
01-04 01:21:02.790   807   807 V SystemServerTiming: StartSoundTriggerMiddlewareService took to complete: 2ms
01-04 01:21:02.791   807   807 D SystemServerTiming: StartDockObserver
01-04 01:21:02.791   807   807 I SystemServiceManager: Starting com.android.server.DockObserver
01-04 01:21:02.791   807   807 I DockObserver: No extcon dock device found in this kernel.
01-04 01:21:02.791   807   807 V SystemServerTiming: StartDockObserver took to complete: 0ms
01-04 01:21:02.791   807   807 D SystemServerTiming: StartWiredAccessoryManager
01-04 01:21:02.792   807   807 W WiredAccessoryManager: This kernel does not have wired headset support
01-04 01:21:02.792   807   807 W WiredAccessoryManager: This kernel does not have usb audio support
01-04 01:21:02.792   807   807 W WiredAccessoryManager: This kernel does not have HDMI audio support
01-04 01:21:02.792   807   807 V SystemServerTiming: StartWiredAccessoryManager took to complete: 0ms
01-04 01:21:02.792   807   807 D SystemServerTiming: StartAdbService
01-04 01:21:02.792   807   807 I SystemServiceManager: Starting com.android.server.adb.AdbService$Lifecycle
01-04 01:21:02.793   807   807 V SystemServerTiming: StartAdbService took to complete: 1ms
01-04 01:21:02.793   807   807 D SystemServerTiming: StartUsbService
01-04 01:21:02.793   807   807 I SystemServiceManager: Starting com.android.server.usb.UsbService$Lifecycle
01-04 01:21:02.793   807   807 V SystemServerTiming: StartUsbService took to complete: 0ms
01-04 01:21:02.793   807   835 D SystemServerTimingAsync: InitThreadPoolExec:UsbService$Lifecycle#onStart
01-04 01:21:02.793   807   807 D SystemServerTiming: StartSerialService
01-04 01:21:02.794   807   835 D SystemServerInitThreadPool: Started executing UsbService$Lifecycle#onStart
01-04 01:21:02.794   807   807 V SystemServerTiming: StartSerialService took to complete: 1ms
01-04 01:21:02.794   807   807 D SystemServerTiming: StartHardwarePropertiesManagerService
01-04 01:21:02.795   807   835 I UsbDeviceManager: failed to write to /sys/class/android_usb/android0/f_rndis/ethaddr
01-04 01:21:02.796   807   807 V SystemServerTiming: StartHardwarePropertiesManagerService took to complete: 2ms
01-04 01:21:02.796   807   807 D SystemServerTiming: StartTwilightService
01-04 01:21:02.796   807   807 I SystemServiceManager: Starting com.android.server.twilight.TwilightService
01-04 01:21:02.796   807   807 V SystemServerTiming: StartTwilightService took to complete: 0ms
01-04 01:21:02.796   807   807 D SystemServerTiming: StartColorDisplay
01-04 01:21:02.796   807   807 I SystemServiceManager: Starting com.android.server.display.color.ColorDisplayService
01-04 01:21:02.797   807   807 V SystemServerTiming: StartColorDisplay took to complete: 1ms
01-04 01:21:02.797   807   807 D SystemServerTiming: StartJobScheduler
01-04 01:21:02.798   807   807 I SystemServiceManager: Starting com.android.server.job.JobSchedulerService
01-04 01:21:02.801   807   835 W StorageManagerService: No primary storage defined yet; hacking together a stub
01-04 01:21:02.801   807   807 D JobStore: Start tag: job-info
01-01 00:00:21.084     0     0 I         : [2 T835   ..] read descriptors
01-01 00:00:21.084     0     0 I         : [2 T835   ..] read strings
01-01 00:00:21.084     0     0 I         : [2 T835   ..] read descriptors
01-01 00:00:21.084     0     0 I         : [2 T835   ..] read strings
01-04 01:21:02.802   807   807 W JobStore: Periodic job for uid='10097' persisted run-time is too big [62:39:10, 68:39:10]. Clamping to [6:00:20,12:00:20]
01-04 01:21:02.803   807   919 I UsbDeviceManager: Usb gadget hal service started android.hardware.usb.gadget@1.0::IUsbGadget default
01-04 01:21:02.804   807   807 W JobStore: Periodic job for uid='10080' persisted run-time is too big [409:18:40, 769:18:40]. Clamping to [360:00:20,720:00:20]
01-04 01:21:02.805   807   807 W JobStore: Periodic job for uid='1000' persisted run-time is too big [73:18:34, 97:18:34]. Clamping to [24:00:20,48:00:20]
01-04 01:21:02.805   807   807 I JobStore: Read 5 jobs
01-04 01:21:02.806   807   835 D UsbPortManager: Querying USB HAL version
01-04 01:21:02.807   807   828 I UsbDeviceManager: processing MSG_GET_CURRENT_USB_FUNCTIONS
01-04 01:21:02.807   807   828 I UsbDeviceManager: updating mCurrentFunctions
01-04 01:21:02.807   807   828 I UsbDeviceManager: mCurrentFunctions:0applied:1
01-04 01:21:02.810   807   835 I UsbPortManager: USB HAL HIDL present
01-04 01:21:02.812   807   807 V HistoricalRegistry: Interaction before persistence initialized
01-04 01:21:02.812   807  1005 I UsbPortManager: Usb hal service started android.hardware.usb@1.0::IUsb default
01-04 01:21:02.812   807   807 V HistoricalRegistry: Interaction before persistence initialized
01-04 01:21:02.813   807   835 D UsbPortManager: getInstance done
01-04 01:21:02.814   807   807 W JobScheduler: !!! RTC not yet good; tracking time updates for job scheduling
01-04 01:21:02.815   807   807 V SystemServerTiming: StartJobScheduler took to complete: 18ms
01-04 01:21:02.815   807   807 D SystemServerTiming: StartSoundTrigger
01-04 01:21:02.815   807   807 I SystemServiceManager: Starting com.android.server.soundtrigger.SoundTriggerService
01-04 01:21:02.816   807   835 D SystemServerInitThreadPool: Finished executing UsbService$Lifecycle#onStart
01-04 01:21:02.816   807   835 V SystemServerTimingAsync: InitThreadPoolExec:UsbService$Lifecycle#onStart took to complete: 23ms
01-04 01:21:02.816   807   807 V SystemServerTiming: StartSoundTrigger took to complete: 1ms
01-04 01:21:02.816   807   807 D SystemServerTiming: StartTrustManager
01-04 01:21:02.816   807   807 I SystemServiceManager: Starting com.android.server.trust.TrustManagerService
01-04 01:21:02.817   807   807 V SystemServerTiming: StartTrustManager took to complete: 1ms
01-04 01:21:02.817   807   807 D SystemServerTiming: StartBackupManager
01-04 01:21:02.818   807   807 I SystemServiceManager: Starting com.android.server.backup.BackupManagerService$Lifecycle
01-04 01:21:02.820   807   807 V SystemServerTiming: StartBackupManager took to complete: 3ms
01-04 01:21:02.820   807   807 D SystemServerTiming: StartAppWidgetService
01-04 01:21:02.820   807   807 I SystemServiceManager: Starting com.android.server.appwidget.AppWidgetService
01-04 01:21:02.823   807   807 V SystemServerTiming: StartAppWidgetService took to complete: 3ms
01-04 01:21:02.823   807   807 D SystemServerTiming: StartVoiceRecognitionManager
01-04 01:21:02.823   807   807 I SystemServiceManager: Starting com.android.server.voiceinteraction.VoiceInteractionManagerService
01-04 01:21:02.837   807   807 V SystemServerTiming: StartVoiceRecognitionManager took to complete: 14ms
01-04 01:21:02.837   807   807 D SystemServerTiming: StartAppHibernationService
01-04 01:21:02.837   807   807 I SystemServiceManager: Starting com.android.server.apphibernation.AppHibernationService
01-04 01:21:02.839   807   807 V SystemServerTiming: StartAppHibernationService took to complete: 2ms
01-04 01:21:02.840   807   807 D SystemServerTiming: StartGestureLauncher
01-04 01:21:02.840   807   807 I SystemServiceManager: Starting com.android.server.GestureLauncherService
01-04 01:21:02.840   807   807 V SystemServerTiming: StartGestureLauncher took to complete: 0ms
01-04 01:21:02.840   807   807 D SystemServerTiming: StartSensorNotification
01-04 01:21:02.840   807   807 I SystemServiceManager: Starting com.android.server.SensorNotificationService
01-04 01:21:02.840   807   807 V SystemServerTiming: StartSensorNotification took to complete: 0ms
01-04 01:21:02.840   807   807 D SystemServerTiming: StartDiskStatsService
01-04 01:21:02.841   807   807 D CompatibilityChangeReporter: Compat change id reported: 194532703; UID 1000; state: ENABLED
01-04 01:21:02.842   807   807 V SystemServerTiming: StartDiskStatsService took to complete: 2ms
01-04 01:21:02.842   807   807 D SystemServerTiming: RuntimeService
01-04 01:21:02.843   807   807 V SystemServerTiming: RuntimeService took to complete: 1ms
01-04 01:21:02.843   807   807 D SystemServerTiming: StartNetworkTimeUpdateService
01-04 01:21:02.844   807   807 V SystemServerTiming: StartNetworkTimeUpdateService took to complete: 1ms
01-04 01:21:02.844   807   807 D SystemServerTiming: CertBlacklister
01-04 01:21:02.844   807   807 V SystemServerTiming: CertBlacklister took to complete: 0ms
01-04 01:21:02.844   807   807 D SystemServerTiming: StartEmergencyAffordanceService
01-04 01:21:02.844   807   807 I SystemServiceManager: Starting com.android.server.emergency.EmergencyAffordanceService
01-04 01:21:02.845   807   807 V SystemServerTiming: StartEmergencyAffordanceService took to complete: 1ms
01-04 01:21:02.845   807   807 D SystemServerTiming: startBlobStoreManagerService
01-04 01:21:02.845   807   807 I SystemServiceManager: Starting com.android.server.blob.BlobStoreManagerService
01-04 01:21:02.849   807   807 V SystemServerTiming: startBlobStoreManagerService took to complete: 4ms
01-04 01:21:02.849   807   807 D SystemServerTiming: StartDreamManager
01-04 01:21:02.849   807   807 I SystemServiceManager: Starting com.android.server.dreams.DreamManagerService
01-04 01:21:02.850   807   807 V SystemServerTiming: StartDreamManager took to complete: 1ms
01-04 01:21:02.850   807   807 D SystemServerTiming: AddGraphicsStatsService
01-04 01:21:02.853   807   807 V SystemServerTiming: AddGraphicsStatsService took to complete: 3ms
01-04 01:21:02.853   807   807 D SystemServerTiming: StartAttestationVerificationService
01-04 01:21:02.853   807   807 I SystemServiceManager: Starting com.android.server.security.AttestationVerificationManagerService
01-04 01:21:02.854   807   807 D AVF     : Started
01-04 01:21:02.854   807   807 V SystemServerTiming: StartAttestationVerificationService took to complete: 1ms
01-04 01:21:02.854   807   807 D SystemServerTiming: StartRestrictionManager
01-04 01:21:02.855   807   807 I SystemServiceManager: Starting com.android.server.restrictions.RestrictionsManagerService
01-04 01:21:02.855   807   807 V SystemServerTiming: StartRestrictionManager took to complete: 0ms
01-04 01:21:02.855   807   807 D SystemServerTiming: StartMediaSessionService
01-04 01:21:02.856   807   807 I SystemServiceManager: Starting com.android.server.media.MediaSessionService
01-04 01:21:02.858   807   807 V SystemServerTiming: StartMediaSessionService took to complete: 3ms
01-04 01:21:02.858   807   807 D SystemServerTiming: StartHdmiControlService
01-04 01:21:02.860   807   807 I SystemServiceManager: Starting com.android.server.hdmi.HdmiControlService
01-04 01:21:02.863   807   807 D HdmiCecActiveness: setState inactive mState:null
01-04 01:21:02.865   807   807 D HDMI    : Getting CEC setting value 'hdmi_cec_enabled'.
01-04 01:21:02.865   807   807 D HDMI    : Reading 'hdmi_cec_enabled' shared preference.
01-04 01:21:02.865   807   807 D HDMI    : Getting CEC setting value 'volume_control_enabled'.
01-04 01:21:02.865   807   807 D HDMI    : Reading 'volume_control_enabled' shared preference.
01-04 01:21:02.873   807   807 D HDMI    : soundbar mode:true
01-04 01:21:02.875   807   807 E HDMI    : [1]:Couldn't connect to cec@1.1java.util.NoSuchElementException
01-04 01:21:02.875   807   807 W HDMI    : [1]:Couldn't get tv.cec service.
01-04 01:21:02.875   807   807 W HDMI    : [1]:Unable to use cec@1.1
01-04 01:21:02.879   807   807 I HdmiControlService: Device does not support MHL-control.
01-04 01:21:02.879   807   807 D HDMI    : Getting CEC setting value 'hdmi_cec_version'.
01-04 01:21:02.879   807   807 D HDMI    : Reading 'hdmi_cec_version' shared preference.
01-04 01:21:02.880   807   807 D HDMI    : setOption: [flag:3, enabled:true]
01-01 00:00:21.166     0     0 I [0 T518   ..] cec: CEC framework ctrl enabled
01-04 01:21:02.882   807   807 D HDMI    : initializeLocalDevices type 5
01-04 01:21:02.882   807   807 D HDMI    : initializeLocalDevices skipping 5 mCecAudioSystemEnabled is false
01-04 01:21:02.882   807   807 D HDMI    : initializeLocalDevices type 4
01-04 01:21:02.882   807   807 D HDMI    : initializeLocalDevices type is 4 mCecAudioSystemEnabled is false setting to 8
01-04 01:21:02.885   807   807 D HDMI    : Getting CEC setting value 'routing_control'.
01-04 01:21:02.885   807   807 D HDMI    : Reading 'routing_control' shared preference.
01-04 01:21:02.894   807   807 D HDMI    : initPortInfo port info:port_id: 3, type: HDMI_IN, address: 0x2300, cec: true, arc: false, mhl: false
01-04 01:21:02.895   807   807 D HDMI    : initPortInfo port info:port_id: 2, type: HDMI_IN, address: 0x2200, cec: true, arc: false, mhl: false
01-04 01:21:02.895   807   807 D HDMI    : initPortInfo port info:port_id: 1, type: HDMI_IN, address: 0x2100, cec: true, arc: false, mhl: false
01-04 01:21:02.895   807   807 D HDMI    : initPortInfo port info:port_id: 0, type: HDMI_OUT, address: 0x2000, cec: true, arc: true, mhl: false
01-04 01:21:02.897   807   807 I EarcController: initEarcState supported:true
01-04 01:21:02.898   807   807 D EarcController: initEarcState settings:true
01-04 01:21:02.898   807   807 D EarcController: setEarcMode true
01-04 01:21:02.900   807   807 D HDMI    : Getting CEC setting value 'system_audio_control'.
01-04 01:21:02.900   807   807 D HDMI    : Reading 'system_audio_control' shared preference.
01-04 01:21:02.900   807   807 D EarcController: initEarcState audio switch:true
01-04 01:21:02.900   807   807 D EarcController: setEarcHalSettings true
01-04 01:21:02.903   807   807 D EarcController: audioSystem get earc rx attended type hal_param_get_earcrx_attend_type=1
01-04 01:21:02.903   807   807 D HDMI    : Getting CEC setting value 'set_menu_language'.
01-04 01:21:02.903   807   807 D HDMI    : Reading 'set_menu_language' shared preference.
01-04 01:21:02.906   807   807 V SystemServerTiming: StartHdmiControlService took to complete: 47ms
01-04 01:21:02.906   807   807 D SystemServerTiming: StartTvInteractiveAppManager
01-04 01:21:02.906   807   807 I SystemServiceManager: Starting com.android.server.tv.interactive.TvInteractiveAppManagerService
01-04 01:21:02.907   807   807 V SystemServerTiming: StartTvInteractiveAppManager took to complete: 1ms
01-04 01:21:02.907   807   807 D SystemServerTiming: StartTvInputManager
01-04 01:21:02.907   807   807 I SystemServiceManager: Starting com.android.server.tv.TvInputManagerService
01-01 00:00:21.193     0     0 I [0 T445   ..] AidlLazyServiceRegistrar: Process has 1 (of 1 available) client(s) in use after notification apexservice has clients: 1
01-01 00:00:21.193     0     0 I [0 T445   ..] AidlLazyServiceRegistrar: Shutdown prevented by forcePersist override flag.
01-01 00:00:21.193     0     0 I [0 T445   ..] AidlLazyServiceRegistrar: Process has 0 (of 1 available) client(s) in use after notification apexservice has clients: 0
01-01 00:00:21.193     0     0 I [0 T445   ..] AidlLazyServiceRegistrar: Shutdown prevented by forcePersist override flag.
01-04 01:21:02.916   807   807 V SystemServerTiming: StartTvInputManager took to complete: 9ms
01-04 01:21:02.916   807   807 D SystemServerTiming: StartTvRemoteService
01-04 01:21:02.916   807   807 I SystemServiceManager: Starting com.android.server.tv.TvRemoteService
01-04 01:21:02.917   807   807 V SystemServerTiming: StartTvRemoteService took to complete: 1ms
01-04 01:21:02.917   807   807 D SystemServerTiming: StartMediaRouterService
01-04 01:21:02.917   807   807 V HistoricalRegistry: Interaction before persistence initialized
01-04 01:21:02.918   807   807 V SystemServerTiming: StartMediaRouterService took to complete: 1ms
01-04 01:21:02.918   807   807 D SystemServerTiming: StartBiometricService
01-04 01:21:02.918   807   807 I SystemServiceManager: Starting com.android.server.biometrics.BiometricService
01-04 01:21:02.922   807   807 V SystemServerTiming: StartBiometricService took to complete: 4ms
01-04 01:21:02.922   807   807 D SystemServerTiming: StartAuthService
01-04 01:21:02.922   807   807 I SystemServiceManager: Starting com.android.server.biometrics.AuthService
01-04 01:21:02.924   807   807 V SystemServerTiming: StartAuthService took to complete: 2ms
01-04 01:21:02.924   807   807 D SystemServerTiming: StartDynamicCodeLoggingService
01-04 01:21:02.925   807   807 V SystemServerTiming: StartDynamicCodeLoggingService took to complete: 1ms
01-04 01:21:02.925   807   807 D SystemServerTiming: StartPruneInstantAppsJobService
01-04 01:21:02.926   807   807 V SystemServerTiming: StartPruneInstantAppsJobService took to complete: 1ms
01-04 01:21:02.926   807   807 D SystemServerTiming: StartShortcutServiceLifecycle
01-04 01:21:02.926   807   807 I SystemServiceManager: Starting com.android.server.pm.ShortcutService$Lifecycle
01-04 01:21:02.927   807   807 V HistoricalRegistry: Interaction before persistence initialized
01-04 01:21:02.928   807   807 V SystemServerTiming: StartShortcutServiceLifecycle took to complete: 2ms
01-04 01:21:02.928   807   807 D SystemServerTiming: StartLauncherAppsService
01-04 01:21:02.928   807   807 I SystemServiceManager: Starting com.android.server.pm.LauncherAppsService
01-04 01:21:02.931   807   807 V SystemServerTiming: StartLauncherAppsService took to complete: 3ms
01-04 01:21:02.931   807   807 D SystemServerTiming: StartCrossProfileAppsService
01-04 01:21:02.931   807   807 I SystemServiceManager: Starting com.android.server.pm.CrossProfileAppsService
01-04 01:21:02.932   807   807 V SystemServerTiming: StartCrossProfileAppsService took to complete: 1ms
01-04 01:21:02.932   807   807 D SystemServerTiming: StartPeopleService
01-04 01:21:02.932   807   807 I SystemServiceManager: Starting com.android.server.people.PeopleService
01-04 01:21:02.933   807   807 V SystemServerTiming: StartPeopleService took to complete: 1ms
01-04 01:21:02.933   807   807 D SystemServerTiming: StartMediaMetricsManager
01-04 01:21:02.933   807   807 I SystemServiceManager: Starting com.android.server.media.metrics.MediaMetricsManagerService
01-04 01:21:02.935   807   807 V SystemServerTiming: StartMediaMetricsManager took to complete: 2ms
01-04 01:21:02.935   807   807 D SystemServerTiming: StartMediaProjectionManager
01-04 01:21:02.935   807   807 I SystemServiceManager: Starting com.android.server.media.projection.MediaProjectionManagerService
01-04 01:21:02.939   807   807 V SystemServerTiming: StartMediaProjectionManager took to complete: 4ms
01-04 01:21:02.939   807   807 D SystemServerTiming: StartSliceManagerService
01-04 01:21:02.939   807   807 I SystemServiceManager: Starting com.android.server.slice.SliceManagerService$Lifecycle
01-04 01:21:02.942   807   807 V SystemServerTiming: StartSliceManagerService took to complete: 3ms
01-04 01:21:02.942   807   807 D SystemServerTiming: StartStatsCompanion
01-04 01:21:02.985   807   807 I SystemServiceManager: Starting com.android.server.stats.StatsCompanion$Lifecycle
01-04 01:21:02.988   807   807 V SystemServerTiming: StartStatsCompanion took to complete: 46ms
01-04 01:21:02.988   807   807 D SystemServerTiming: StartRebootReadinessManagerService
01-04 01:21:02.988   807   807 I SystemServiceManager: Starting com.android.server.scheduling.RebootReadinessManagerService$Lifecycle
01-04 01:21:02.993   807   807 V SystemServerTiming: StartRebootReadinessManagerService took to complete: 5ms
01-04 01:21:02.993   807   807 D SystemServerTiming: StartStatsPullAtomService
01-04 01:21:02.994   807   807 I SystemServiceManager: Starting com.android.server.stats.pull.StatsPullAtomService
01-04 01:21:02.994   807   807 V SystemServerTiming: StartStatsPullAtomService took to complete: 1ms
01-04 01:21:02.994   807   807 D SystemServerTiming: StatsBootstrapAtomService
01-04 01:21:02.994   807   807 I SystemServiceManager: Starting com.android.server.stats.bootstrap.StatsBootstrapAtomService$Lifecycle
01-04 01:21:02.995   807   807 V SystemServerTiming: StatsBootstrapAtomService took to complete: 1ms
01-04 01:21:02.995   807   807 D SystemServerTiming: StartIncidentCompanionService
01-04 01:21:02.995   807   807 I SystemServiceManager: Starting com.android.server.incident.IncidentCompanionService
01-04 01:21:02.995   807   807 V SystemServerTiming: StartIncidentCompanionService took to complete: 0ms
01-04 01:21:02.995   807   807 D SystemServerTiming: StarSdkSandboxManagerService
01-04 01:21:02.996   807   807 I SystemServiceManager: Starting com.android.server.sdksandbox.SdkSandboxManagerService$Lifecycle
01-04 01:21:02.999   807   807 V SystemServerTiming: StarSdkSandboxManagerService took to complete: 4ms
01-04 01:21:02.999   807   807 D SystemServerTiming: StartAdServicesManagerService
01-04 01:21:02.999   807   807 I SystemServiceManager: Starting com.android.server.adservices.AdServicesManagerService$Lifecycle
01-04 01:21:03.000   807   807 V SystemServerTiming: StartAdServicesManagerService took to complete: 1ms
01-04 01:21:03.000   807   807 D SystemServerTiming: StartAutoFillService
01-04 01:21:03.000   807   807 I SystemServiceManager: Starting com.android.server.autofill.AutofillManagerService
01-04 01:21:03.001   807   807 D AutofillManagerService: setLogLevelFromSettings(): level=2, debug=true, verbose=false
01-04 01:21:03.001   807   807 D AutofillManagerService: setMaxPartitionsFromSettings(): 10
01-04 01:21:03.002   807   807 D AutofillManagerService: setMaxVisibleDatasetsFromSettings(): 0
01-04 01:21:03.002   807   807 D AutofillManagerServiceImpl: Reset component for user 0:
01-04 01:21:03.002   807   829 D AutofillUI: destroySaveUiUiThread(): already destroyed
01-04 01:21:03.004   807   807 V SystemServerTiming: StartAutoFillService took to complete: 4ms
01-04 01:21:03.004   807   807 D SystemServer: TranslationService not defined by OEM
01-04 01:21:03.004   807   807 D SystemServerTiming: StartClipboardService
01-04 01:21:03.004   807   807 I SystemServiceManager: Starting com.android.server.clipboard.ClipboardService
01-04 01:21:03.006   807   807 V SystemServerTiming: StartClipboardService took to complete: 2ms
01-04 01:21:03.006   807   807 D SystemServerTiming: AppServiceManager
01-04 01:21:03.006   807   807 I SystemServiceManager: Starting com.android.server.appbinding.AppBindingService$Lifecycle
01-04 01:21:03.007   807  1017 D HDMI    : New logical address for device [4]: [preferred:3, assigned:3]
01-04 01:21:03.007   807   807 V SystemServerTiming: AppServiceManager took to complete: 1ms
01-04 01:21:03.007   807   807 D SystemServerTiming: startTracingServiceProxy
01-04 01:21:03.007   807   807 I SystemServiceManager: Starting com.android.server.tracing.TracingServiceProxy
01-04 01:21:03.009   807   807 V SystemServerTiming: startTracingServiceProxy took to complete: 2ms
01-04 01:21:03.009   807   807 D SystemServerTiming: MakeLockSettingsServiceReady
01-04 01:21:03.016   807   807 I SyntheticPasswordManager: Device does not support weaver
01-04 01:21:03.017   807   807 I LockSettingsService: Device doesn't implement AuthSecret HAL
01-04 01:21:03.018   807   807 V SystemServerTiming: MakeLockSettingsServiceReady took to complete: 9ms
01-04 01:21:03.018   807   807 D SystemServerTiming: StartBootPhaseLockSettingsReady
01-04 01:21:03.018   807   807 I SystemServiceManager: Starting phase 480
01-04 01:21:03.018   807   807 D SystemServerTiming: OnBootPhase_480
01-04 01:21:03.018   807   807 D SystemServerTiming: OnBootPhase_480_com.android.server.security.FileIntegrityService
01-04 01:21:03.018   807   807 V SystemServerTiming: OnBootPhase_480_com.android.server.security.FileIntegrityService took to complete: 0ms
01-04 01:21:03.018   807   807 D SystemServerTiming: OnBootPhase_480_com.android.server.pm.Installer
01-04 01:21:03.018   807   807 V SystemServerTiming: OnBootPhase_480_com.android.server.pm.Installer took to complete: 0ms
01-04 01:21:03.018   807   807 D SystemServerTiming: OnBootPhase_480_com.android.server.os.DeviceIdentifiersPolicyService
01-04 01:21:03.018   807   807 V SystemServerTiming: OnBootPhase_480_com.android.server.os.DeviceIdentifiersPolicyService took to complete: 0ms
01-04 01:21:03.018   807   807 D SystemServerTiming: OnBootPhase_480_com.android.server.uri.UriGrantsManagerService$Lifecycle
01-04 01:21:03.018   807   807 V SystemServerTiming: OnBootPhase_480_com.android.server.uri.UriGrantsManagerService$Lifecycle took to complete: 0ms
01-04 01:21:03.018   807   807 D SystemServerTiming: OnBootPhase_480_com.android.server.powerstats.PowerStatsService
01-04 01:21:03.018   807   807 V SystemServerTiming: OnBootPhase_480_com.android.server.powerstats.PowerStatsService took to complete: 0ms
01-04 01:21:03.018   807   807 D SystemServerTiming: OnBootPhase_480_com.android.server.wm.ActivityTaskManagerService$Lifecycle
01-04 01:21:03.018   807   807 V SystemServerTiming: OnBootPhase_480_com.android.server.wm.ActivityTaskManagerService$Lifecycle took to complete: 0ms
01-04 01:21:03.018   807   807 D SystemServerTiming: OnBootPhase_480_com.android.server.am.ActivityManagerService$Lifecycle
01-04 01:21:03.018   807   807 V SystemServerTiming: OnBootPhase_480_com.android.server.am.ActivityManagerService$Lifecycle took to complete: 0ms
01-04 01:21:03.018   807   807 D SystemServerTiming: OnBootPhase_480_com.android.server.pm.DataLoaderManagerService
01-04 01:21:03.018   807   807 V SystemServerTiming: OnBootPhase_480_com.android.server.pm.DataLoaderManagerService took to complete: 0ms
01-04 01:21:03.018   807   807 D SystemServerTiming: OnBootPhase_480_com.android.server.power.PowerManagerService
01-04 01:21:03.018   807   807 V SystemServerTiming: OnBootPhase_480_com.android.server.power.PowerManagerService took to complete: 0ms
01-04 01:21:03.018   807   807 D SystemServerTiming: OnBootPhase_480_com.android.server.power.ThermalManagerService
01-04 01:21:03.018   807   807 V SystemServerTiming: OnBootPhase_480_com.android.server.power.ThermalManagerService took to complete: 0ms
01-04 01:21:03.018   807   807 D SystemServerTiming: OnBootPhase_480_com.android.server.power.hint.HintManagerService
01-04 01:21:03.018   807   807 V SystemServerTiming: OnBootPhase_480_com.android.server.power.hint.HintManagerService took to complete: 0ms
01-04 01:21:03.018   807   807 D SystemServerTiming: OnBootPhase_480_com.android.server.recoverysystem.RecoverySystemService$Lifecycle
01-04 01:21:03.018   807   807 V SystemServerTiming: OnBootPhase_480_com.android.server.recoverysystem.RecoverySystemService$Lifecycle took to complete: 0ms
01-04 01:21:03.018   807   807 D SystemServerTiming: OnBootPhase_480_com.android.server.lights.LightsService
01-04 01:21:03.018   807   807 V SystemServerTiming: OnBootPhase_480_com.android.server.lights.LightsService took to complete: 0ms
01-04 01:21:03.018   807   807 D SystemServerTiming: OnBootPhase_480_com.android.server.display.DisplayManagerService
01-04 01:21:03.019   807   807 V SystemServerTiming: OnBootPhase_480_com.android.server.display.DisplayManagerService took to complete: 0ms
01-04 01:21:03.019   807   807 D SystemServerTiming: OnBootPhase_480_com.android.server.pm.verify.domain.DomainVerificationService
01-04 01:21:03.019   807   807 V SystemServerTiming: OnBootPhase_480_com.android.server.pm.verify.domain.DomainVerificationService took to complete: 0ms
01-04 01:21:03.019   807   807 D SystemServerTiming: OnBootPhase_480_com.android.server.pm.PackageInstallerService$Lifecycle
01-04 01:21:03.019   807   807 V SystemServerTiming: OnBootPhase_480_com.android.server.pm.PackageInstallerService$Lifecycle took to complete: 0ms
01-04 01:21:03.019   807   807 D SystemServerTiming: OnBootPhase_480_com.android.server.pm.UserManagerService$LifeCycle
01-04 01:21:03.019   807   807 V SystemServerTiming: OnBootPhase_480_com.android.server.pm.UserManagerService$LifeCycle took to complete: 0ms
01-04 01:21:03.019   807   807 D SystemServerTiming: OnBootPhase_480_com.android.server.om.OverlayManagerService
01-04 01:21:03.019   807   807 V SystemServerTiming: OnBootPhase_480_com.android.server.om.OverlayManagerService took to complete: 0ms
01-04 01:21:03.019   807   807 D SystemServerTiming: OnBootPhase_480_com.android.server.resources.ResourcesManagerService
01-04 01:21:03.019   807   807 V SystemServerTiming: OnBootPhase_480_com.android.server.resources.ResourcesManagerService took to complete: 0ms
01-04 01:21:03.019   807   807 D SystemServerTiming: OnBootPhase_480_com.android.server.sensorprivacy.SensorPrivacyService
01-04 01:21:03.019   807   807 V SystemServerTiming: OnBootPhase_480_com.android.server.sensorprivacy.SensorPrivacyService took to complete: 0ms
01-04 01:21:03.019   807   807 D SystemServerTiming: OnBootPhase_480_com.android.server.sensors.SensorService
01-04 01:21:03.019   807   807 V SystemServerTiming: OnBootPhase_480_com.android.server.sensors.SensorService took to complete: 0ms
01-04 01:21:03.019   807   807 D SystemServerTiming: OnBootPhase_480_com.android.server.SystemConfigService
01-04 01:21:03.019   807   807 V SystemServerTiming: OnBootPhase_480_com.android.server.SystemConfigService took to complete: 0ms
01-04 01:21:03.019   807   807 D SystemServerTiming: OnBootPhase_480_com.android.server.BatteryService
01-04 01:21:03.019   807   807 V SystemServerTiming: OnBootPhase_480_com.android.server.BatteryService took to complete: 0ms
01-04 01:21:03.019   807   807 D SystemServerTiming: OnBootPhase_480_com.android.server.usage.UsageStatsService
01-04 01:21:03.019   807   807 V SystemServerTiming: OnBootPhase_480_com.android.server.usage.UsageStatsService took to complete: 0ms
01-04 01:21:03.019   807   807 D SystemServerTiming: OnBootPhase_480_com.android.server.webkit.WebViewUpdateService
01-04 01:21:03.019   807   807 V SystemServerTiming: OnBootPhase_480_com.android.server.webkit.WebViewUpdateService took to complete: 0ms
01-04 01:21:03.019   807   807 D SystemServerTiming: OnBootPhase_480_com.android.server.CachedDeviceStateService
01-04 01:21:03.019   807   807 V SystemServerTiming: OnBootPhase_480_com.android.server.CachedDeviceStateService took to complete: 0ms
01-04 01:21:03.019   807   807 D SystemServerTiming: OnBootPhase_480_com.android.server.BinderCallsStatsService$LifeCycle
01-04 01:21:03.019   807   807 V SystemServerTiming: OnBootPhase_480_com.android.server.BinderCallsStatsService$LifeCycle took to complete: 0ms
01-04 01:21:03.019   807   807 D SystemServerTiming: OnBootPhase_480_com.android.server.LooperStatsService$Lifecycle
01-04 01:21:03.019   807   807 V SystemServerTiming: OnBootPhase_480_com.android.server.LooperStatsService$Lifecycle took to complete: 0ms
01-04 01:21:03.019   807   807 D SystemServerTiming: OnBootPhase_480_com.android.server.rollback.RollbackManagerService
01-04 01:21:03.019   807   807 V SystemServerTiming: OnBootPhase_480_com.android.server.rollback.RollbackManagerService took to complete: 0ms
01-04 01:21:03.019   807   807 D SystemServerTiming: OnBootPhase_480_com.android.server.os.NativeTombstoneManagerService
01-04 01:21:03.019   807   807 V SystemServerTiming: OnBootPhase_480_com.android.server.os.NativeTombstoneManagerService took to complete: 0ms
01-04 01:21:03.019   807   807 D SystemServerTiming: OnBootPhase_480_com.android.server.os.BugreportManagerService
01-04 01:21:03.019   807   807 V SystemServerTiming: OnBootPhase_480_com.android.server.os.BugreportManagerService took to complete: 0ms
01-04 01:21:03.019   807   807 D SystemServerTiming: OnBootPhase_480_com.android.server.gpu.GpuService
01-04 01:21:03.020   807   807 V SystemServerTiming: OnBootPhase_480_com.android.server.gpu.GpuService took to complete: 0ms
