01-07 03:34:13.013     0     0 E [4 T1     ..] init: Control message: Could not find 'aidl/package_native' for ctl.interface_start from pid: 315 (/system/bin/servicemanager)
01-07 03:34:13.315   356   372 I keystore2: keystore2::watchdog: Watchdog thread idle -> terminating. Have a great day.
01-07 03:34:13.377     0     0 E [5 T1     ..] init: Control message: Could not find 'aidl/device_state' for ctl.interface_start from pid: 315 (/system/bin/servicemanager)
01-07 03:34:13.883   929  1002 I PackageParsing: Parse times for '/data/apex/active/com.sonos.player@4.apex': parse=1591ms, update_cache=2 ms
01-07 03:34:13.891   929   929 D CompatibilityChangeReporter: Compat change id reported: 143539591; UID -1; state: DISABLED
01-07 03:34:13.891   929   929 D CompatibilityChangeReporter: Compat change id reported: 168782947; UID -1; state: ENABLED
01-07 03:34:13.905   929   929 W PackageManager: Failed to parse /product/overlay/TvWifiOverlay.apk: /product/overlay/TvWifiOverlay.apk (at Binary XML file line #23): <overlay> priority must be between 0 and 9999
01-07 03:34:13.912   929   929 W PackageManager: Failed to parse /system/framework/oat: Missing base APK in /system/framework/oat
01-07 03:34:13.912   929   929 W PackageManager: Failed to parse /system/framework/arm: Missing base APK in /system/framework/arm
01-07 03:34:13.912   929   929 W PackageManager: Failed to parse /system/framework/arm64: Missing base APK in /system/framework/arm64
01-07 03:34:13.959   929   929 D CompatibilityChangeReporter: Compat change id reported: 168782947; UID -1; state: DISABLED
01-07 03:34:13.965   929   929 I PackageManager: /system/priv-app/NetworkStack changed; collecting certs
01-07 03:34:13.970   929   929 W PackageManager: Failed to scan /system/priv-app/NetworkStack: Application package com.android.networkstack already installed.  Skipping duplicate.
01-07 03:34:14.013     0     0 E [0 T1     ..] init: Control message: Could not find 'aidl/package_native' for ctl.interface_start from pid: 315 (/system/bin/servicemanager)
01-07 03:34:14.087     0     0 I [2 T442   ..] AidlLazyServiceRegistrar: Process has 1 (of 1 available) client(s) in use after notification apexservice has clients: 1
01-07 03:34:14.087     0     0 I [2 T442   ..] AidlLazyServiceRegistrar: Shutdown prevented by forcePersist override flag.
01-07 03:34:14.097   929   929 I ApexManager: Registering com.android.providers.media.module as apk-in-apex of com.android.mediaprovider
01-07 03:34:14.104   929   929 I ApexManager: Registering android.ext.services as apk-in-apex of com.android.extservices
01-07 03:34:14.109   929   929 I ApexManager: Registering com.android.wifi.resources as apk-in-apex of com.android.wifi
01-07 03:34:14.113   929   929 I ApexManager: Registering com.android.wifi.dialog as apk-in-apex of com.android.wifi
01-07 03:34:14.114   929   929 I ApexManager: Registering com.android.hotspot2.osulogin as apk-in-apex of com.android.wifi
01-07 03:34:14.118   929   929 I ApexManager: Registering com.android.safetycenter.resources as apk-in-apex of com.android.permission
01-07 03:34:14.124   929   929 I ApexManager: Registering com.android.permissioncontroller as apk-in-apex of com.android.permission
01-07 03:34:14.128   929   929 I ApexManager: Registering com.android.cts.priv.ctsshim as apk-in-apex of com.android.apex.cts.shim
01-07 03:34:14.130   929   929 I ApexManager: Registering com.android.cts.ctsshim as apk-in-apex of com.android.apex.cts.shim
01-07 03:34:14.140   929   929 I ApexManager: Registering com.android.bluetooth as apk-in-apex of com.android.btservices
01-07 03:34:14.144   929   929 I ApexManager: Registering com.android.ondevicepersonalization.services as apk-in-apex of com.android.ondevicepersonalization
01-07 03:34:14.163   929   929 I ApexManager: Registering com.sonos.connectivity as apk-in-apex of com.sonos.player
01-07 03:34:14.167   929   929 I ApexManager: Registering com.android.adservices.api as apk-in-apex of com.android.adservices
01-07 03:34:14.172   929   929 I ApexManager: Registering com.android.sdksandbox as apk-in-apex of com.android.adservices
01-07 03:34:14.178   929   929 I ApexManager: Registering com.android.connectivity.resources as apk-in-apex of com.android.tethering
01-07 03:34:14.180   929   929 I ApexManager: Registering com.android.networkstack.tethering as apk-in-apex of com.android.tethering
01-07 03:34:14.185   929   929 I ApexManager: Registering com.android.nearby.halfsheet as apk-in-apex of com.android.tethering
01-07 03:34:14.191   929   929 I ApexManager: Registering com.android.uwb.resources as apk-in-apex of com.android.uwb
01-07 03:34:14.201   929   929 I PackageManager: Finished scanning system apps. Time: 2001 ms, packageCount: 115 , timePerPackage: 17 , cached: 142
01-07 03:34:14.201   929   929 I PackageManager: Finished scanning non-system apps. Time: 0 ms, packageCount: 0 , timePerPackage: 0 , cached: 0
01-07 03:34:14.207   929   929 I PackageManager: Time to scan packages: 2.007 seconds
01-07 03:34:14.207   929   929 I PackageManager: Permission ownership changed. Updating all permissions.
01-07 03:34:14.216   929   929 W PackageManager: Package android.ext.services is an APK in APEX, but has permission allowlist on the system image. Please bundle the allowlist in the com.android.extservices APEX instead.
01-07 03:34:14.216   929   929 W PackageManager: Package android.ext.services is an APK in APEX, but has permission allowlist on the system image. Please bundle the allowlist in the com.android.extservices APEX instead.
01-07 03:34:14.216   929   929 W PackageManager: Package android.ext.services is an APK in APEX, but has permission allowlist on the system image. Please bundle the allowlist in the com.android.extservices APEX instead.
01-07 03:34:14.216   929   929 W PackageManager: Package android.ext.services is an APK in APEX, but has permission allowlist on the system image. Please bundle the allowlist in the com.android.extservices APEX instead.
01-07 03:34:14.227   929   929 W PackageManager: Package com.android.providers.media.module is an APK in APEX, but has permission allowlist on the system image. Please bundle the allowlist in the com.android.mediaprovider APEX instead.
01-07 03:34:14.227   929   929 W PackageManager: Package com.android.providers.media.module is an APK in APEX, but has permission allowlist on the system image. Please bundle the allowlist in the com.android.mediaprovider APEX instead.
01-07 03:34:14.227   929   929 W PackageManager: Package com.android.providers.media.module is an APK in APEX, but has permission allowlist on the system image. Please bundle the allowlist in the com.android.mediaprovider APEX instead.
01-07 03:34:14.227   929   929 W PackageManager: Package com.android.providers.media.module is an APK in APEX, but has permission allowlist on the system image. Please bundle the allowlist in the com.android.mediaprovider APEX instead.
01-07 03:34:14.227   929   929 W PackageManager: Package com.android.providers.media.module is an APK in APEX, but has permission allowlist on the system image. Please bundle the allowlist in the com.android.mediaprovider APEX instead.
01-07 03:34:14.227   929   929 W PackageManager: Package com.android.providers.media.module is an APK in APEX, but has permission allowlist on the system image. Please bundle the allowlist in the com.android.mediaprovider APEX instead.
01-07 03:34:14.227   929   929 W PackageManager: Package com.android.providers.media.module is an APK in APEX, but has permission allowlist on the system image. Please bundle the allowlist in the com.android.mediaprovider APEX instead.
01-07 03:34:14.227   929   929 W PackageManager: Package com.android.providers.media.module is an APK in APEX, but has permission allowlist on the system image. Please bundle the allowlist in the com.android.mediaprovider APEX instead.
01-07 03:34:14.227   929   929 W PackageManager: Package com.android.providers.media.module is an APK in APEX, but has permission allowlist on the system image. Please bundle the allowlist in the com.android.mediaprovider APEX instead.
01-07 03:34:14.227   929   929 W PackageManager: Package com.android.providers.media.module is an APK in APEX, but has permission allowlist on the system image. Please bundle the allowlist in the com.android.mediaprovider APEX instead.
01-07 03:34:14.227   929   929 W PackageManager: Package com.android.providers.media.module is an APK in APEX, but has permission allowlist on the system image. Please bundle the allowlist in the com.android.mediaprovider APEX instead.
01-07 03:34:14.227   929   929 W PackageManager: Package com.android.providers.media.module is an APK in APEX, but has permission allowlist on the system image. Please bundle the allowlist in the com.android.mediaprovider APEX instead.
01-07 03:34:14.227   929   929 W PackageManager: Package com.android.providers.media.module is an APK in APEX, but has permission allowlist on the system image. Please bundle the allowlist in the com.android.mediaprovider APEX instead.
01-07 03:34:14.232   929   929 V PackageManager: reconcileAppsData for null u0 0x1 migrateAppData=true
01-07 03:34:14.302   929   929 V PackageManager: reconcileAppsData finished 16 packages
01-07 03:34:14.302   929   929 D PackageManagerTiming: write settings
01-07 03:34:14.303   929  1045 D SystemServerTimingAsync: InitThreadPoolExec:prepareAppData
01-07 03:34:14.303   929  1045 D SystemServerInitThreadPool: Started executing prepareAppData
01-07 03:34:14.332   929   929 V PackageManagerTiming: write settings took to complete: 31ms
01-07 03:34:14.333   929   929 W PackageManager: Domain verification agent not found
01-07 03:34:14.336   929   929 D PackageManager: Ephemeral resolver NOT found; no matching intent filters
01-07 03:34:14.336   929   929 D PackageManager: Instant App installer not found with android.intent.action.INSTALL_INSTANT_APP_PACKAGE
01-07 03:34:14.336   929   929 D PackageManager: Clear ephemeral installer activity
01-07 03:34:14.339   929   929 D PackageManagerTiming: GC
01-07 03:34:14.339   929   929 V PackageManagerTiming: GC took to complete: 0ms
01-07 03:34:14.340   929   929 I PackageManager: Fix for b/169414761 is applied
01-07 03:34:14.340   929   929 V PackageManagerTiming: create package manager took to complete: 2341ms
01-07 03:34:14.340   929   929 V UserSystemPackageInstaller: Checking that all system packages are whitelisted.
01-07 03:34:14.345   929   929 V UserSystemPackageInstaller: checkWhitelistedSystemPackages(mode=d) has no warnings
01-07 03:34:14.347   929   929 I Watchdog: Resuming HandlerChecker: main thread for reason: packagemanagermain. Pause count: 0
01-07 03:34:14.347   929   929 I SystemServerDexLoadReporter: Configuring system server dex reporter
01-07 03:34:14.348   929   929 V SystemServerTiming: StartPackageManagerService took to complete: 2357ms
01-07 03:34:14.349   929   929 D SystemServerTiming: StartOtaDexOptService
01-07 03:34:14.349   929   929 I Watchdog: Pausing HandlerChecker: main thread for reason: moveab. Pause count: 1
01-07 03:34:14.349   929   929 D OTADexopt: No upgrade, skipping A/B artifacts check.
01-07 03:34:14.349   929   929 I Watchdog: Resuming HandlerChecker: main thread for reason: moveab. Pause count: 0
01-07 03:34:14.349   929   929 V SystemServerTiming: StartOtaDexOptService took to complete: 1ms
01-07 03:34:14.349   929   929 D SystemServerTiming: StartUserManagerService
01-07 03:34:14.349   929   929 I SystemServiceManager: Starting com.android.server.pm.UserManagerService$LifeCycle
01-07 03:34:14.350   929   929 V SystemServerTiming: StartUserManagerService took to complete: 0ms
01-07 03:34:14.350   929   929 D SystemServerTiming: InitAttributerCache
01-07 03:34:14.350   929   929 V SystemServerTiming: InitAttributerCache took to complete: 0ms
01-07 03:34:14.350   929   929 D SystemServerTiming: SetSystemProcess
01-07 03:34:14.357   929   969 I ActivityManager: Connection with lmkd established
01-07 03:34:14.359   929   929 V SystemServerTiming: SetSystemProcess took to complete: 9ms
01-07 03:34:14.360   929   929 D CompatibilityChangeReporter: Compat change id reported: 161145287; UID 1000; state: DISABLED
01-07 03:34:14.361   929   929 D SystemServerTiming: InitWatchdog
01-07 03:34:14.361   929   929 V SystemServerTiming: InitWatchdog took to complete: 0ms
01-07 03:34:14.368   929   945 V HistoricalRegistry: Interaction before persistence initialized
01-07 03:34:14.377   929   929 D SystemServerTiming: StartOverlayManagerService
01-07 03:34:14.382     0     0 E [7 T1     ..] init: Control message: Could not find 'aidl/device_state' for ctl.interface_start from pid: 315 (/system/bin/servicemanager)
01-07 03:34:14.442   929   929 V SystemServerTiming: StartOverlayManagerService took to complete: 65ms
01-07 03:34:14.443   929   929 D SystemServerTiming: StartResourcesManagerService
01-07 03:34:14.443   929   929 V SystemServerTiming: StartResourcesManagerService took to complete: 0ms
01-07 03:34:14.443   929   929 D SystemServerTiming: StartSensorPrivacyService
01-07 03:34:14.445   929   958 W ActivityTaskManager: Skip updateConfiguration because mWindowManager isn't set
01-07 03:34:14.447   929   929 V SystemServerTiming: StartSensorPrivacyService took to complete: 3ms
01-07 03:34:14.447   929   929 D SystemServerTiming: StartSensorService
01-07 03:34:14.447   929   929 I SystemServiceManager: Starting com.android.server.sensors.SensorService
01-07 03:34:14.447   929   929 V SystemServerTiming: StartSensorService took to complete: 0ms
01-07 03:34:14.447   929   929 V SystemServerTiming: startBootstrapServices took to complete: 2842ms
01-07 03:34:14.447   929   929 D SystemServerTiming: startCoreServices
01-07 03:34:14.448   929   929 D SystemServerTiming: StartSystemConfigService
01-07 03:34:14.448   929   929 I SystemServiceManager: Starting com.android.server.SystemConfigService
01-07 03:34:14.448   929  1051 D SystemServerTimingAsync: InitThreadPoolExec:StartNativeSensorService
01-07 03:34:14.448   929  1051 D SystemServerInitThreadPool: Started executing StartNativeSensorService
01-07 03:34:14.448   929  1051 D SystemServerTimingAsync: StartNativeSensorService
01-07 03:34:14.448   929   929 V SystemServerTiming: StartSystemConfigService took to complete: 1ms
01-07 03:34:14.449   929   929 D SystemServerTiming: StartBatteryService
01-07 03:34:14.449   929   929 I SystemServiceManager: Starting com.android.server.BatteryService
01-07 03:34:14.452   929   929 I HealthServiceWrapperAidl: health: HealthServiceWrapper listening to AIDL HAL
01-07 03:34:14.452   929   929 I BatteryService: health: Waited 0ms and received the update.
01-07 03:34:14.455     0     0 W [3 T509   ..] healthd: battery none chg=
01-07 03:34:14.453   929  1051 V SystemServerTimingAsync: StartNativeSensorService took to complete: 5ms
01-07 03:34:14.453   929  1051 D SystemServerInitThreadPool: Finished executing StartNativeSensorService
01-07 03:34:14.453   929  1051 V SystemServerTimingAsync: InitThreadPoolExec:StartNativeSensorService took to complete: 5ms
01-07 03:34:14.453   929   929 V SystemServerTiming: StartBatteryService took to complete: 5ms
01-07 03:34:14.454   929   929 D SystemServerTiming: StartUsageService
01-07 03:34:14.454   929   929 I SystemServiceManager: Starting com.android.server.usage.UsageStatsService
01-07 03:34:14.459   929   929 V SystemServerTiming: StartUsageService took to complete: 5ms
01-07 03:34:14.459   929   929 D SystemServerTiming: StartWebViewUpdateService
01-07 03:34:14.459   929   929 I SystemServiceManager: Starting com.android.server.webkit.WebViewUpdateService
01-07 03:34:14.460   929   929 V SystemServerTiming: StartWebViewUpdateService took to complete: 1ms
01-07 03:34:14.460   929   929 D SystemServerTiming: StartCachedDeviceStateService
01-07 03:34:14.460   929   929 I SystemServiceManager: Starting com.android.server.CachedDeviceStateService
01-07 03:34:14.460   929   929 V SystemServerTiming: StartCachedDeviceStateService took to complete: 0ms
01-07 03:34:14.460   929   929 D SystemServerTiming: StartBinderCallsStatsService
01-07 03:34:14.460   929   929 I SystemServiceManager: Starting com.android.server.BinderCallsStatsService$LifeCycle
01-07 03:34:14.461   929   929 V SystemServerTiming: StartBinderCallsStatsService took to complete: 1ms
01-07 03:34:14.461   929   929 D SystemServerTiming: StartLooperStatsService
01-07 03:34:14.461   929   929 I SystemServiceManager: Starting com.android.server.LooperStatsService$Lifecycle
01-07 03:34:14.462   929   929 V SystemServerTiming: StartLooperStatsService took to complete: 1ms
01-07 03:34:14.462   929   929 D SystemServerTiming: StartRollbackManagerService
01-07 03:34:14.462   929   929 I SystemServiceManager: Starting com.android.server.rollback.RollbackManagerService
01-07 03:34:14.467   929   929 I PackageWatchdog: Syncing state, reason: added new observer
01-07 03:34:14.467   929   929 I PackageWatchdog: Not pruning observers, elapsed time: 0ms
01-07 03:34:14.467   929   929 I PackageWatchdog: Cancelling state sync, nothing to sync
01-07 03:34:14.467   929   966 I PackageWatchdog: Saving observer state to file
01-07 03:34:14.469   929   929 V SystemServerTiming: StartRollbackManagerService took to complete: 7ms
01-07 03:34:14.469   929   929 D SystemServerTiming: StartNativeTombstoneManagerService
01-07 03:34:14.469   929   929 I SystemServiceManager: Starting com.android.server.os.NativeTombstoneManagerService
01-07 03:34:14.470   929   929 V SystemServerTiming: StartNativeTombstoneManagerService took to complete: 1ms
01-07 03:34:14.470   929   929 D SystemServerTiming: StartBugreportManagerService
01-07 03:34:14.470   929   929 I SystemServiceManager: Starting com.android.server.os.BugreportManagerService
01-07 03:34:14.470   929   929 V SystemServerTiming: StartBugreportManagerService took to complete: 1ms
01-07 03:34:14.471   929   929 D SystemServerTiming: GpuService
01-07 03:34:14.471   929   929 I SystemServiceManager: Starting com.android.server.gpu.GpuService
01-07 03:34:14.471   929   929 V SystemServerTiming: GpuService took to complete: 0ms
01-07 03:34:14.471   929   929 V SystemServerTiming: startCoreServices took to complete: 23ms
01-07 03:34:14.471   929   929 D SystemServerTiming: startOtherServices
01-07 03:34:14.471   929   929 D SystemServerTiming: StartKeyAttestationApplicationIdProviderService
01-07 03:34:14.471   929  1061 D SystemServerTimingAsync: InitThreadPoolExec:SecondaryZygotePreload
01-07 03:34:14.471   929  1061 D SystemServerInitThreadPool: Started executing SecondaryZygotePreload
01-07 03:34:14.471   929  1061 I SystemServer: SecondaryZygotePreload
01-07 03:34:14.471   929  1061 D SystemServerTimingAsync: SecondaryZygotePreload
01-07 03:34:14.472   929   929 V SystemServerTiming: StartKeyAttestationApplicationIdProviderService took to complete: 1ms
01-07 03:34:14.472   929   929 D SystemServerTiming: StartKeyChainSystemService
01-07 03:34:14.472   929   929 I SystemServiceManager: Starting com.android.server.security.KeyChainSystemService
01-07 03:34:14.472   929   929 V SystemServerTiming: StartKeyChainSystemService took to complete: 0ms
01-07 03:34:14.472   929   929 D SystemServerTiming: StartBinaryTransparencyService
01-07 03:34:14.472   929   929 I SystemServiceManager: Starting com.android.server.BinaryTransparencyService
01-07 03:34:14.473   929  1045 V SystemServerTimingAsync: AppDataFixup took to complete: 170ms
01-07 03:34:14.473   929   929 I TransparencyService: Started BinaryTransparencyService
01-07 03:34:14.473   929   929 V SystemServerTiming: StartBinaryTransparencyService took to complete: 1ms
01-07 03:34:14.473   929   929 D SystemServerTiming: StartSchedulingPolicyService
01-07 03:34:14.474   929  1045 W PackageManager: Skipping preparing app data for com.android.sdksandbox
01-07 03:34:14.474   929  1062 D SystemServerTimingAsync: InitThreadPoolExec:SchedulingPolicyService.<init>
01-07 03:34:14.474   929  1062 D SystemServerInitThreadPool: Started executing SchedulingPolicyService.<init>
01-07 03:34:14.474   929   929 V SystemServerTiming: StartSchedulingPolicyService took to complete: 1ms
01-07 03:34:14.474   929   929 D SystemServerTiming: StartTelephonyRegistry
01-07 03:34:14.475   929   929 V SystemServerTiming: StartTelephonyRegistry took to complete: 1ms
01-07 03:34:14.475   929   929 D SystemServerTiming: StartEntropyMixer
01-07 03:34:14.476   929   929 I EntropyMixer: Loaded existing seed file
01-07 03:34:14.477   929   929 I EntropyMixer: Updated seed file
01-07 03:34:14.478   929   929 V SystemServerTiming: StartEntropyMixer took to complete: 3ms
01-07 03:34:14.478   929   929 D SystemServerTiming: StartAccountManagerService
01-07 03:34:14.478   929   929 I SystemServiceManager: Starting com.android.server.accounts.AccountManagerService$Lifecycle
01-07 03:34:14.484   929   929 V SystemServerTiming: StartAccountManagerService took to complete: 6ms
01-07 03:34:14.484   929   929 D SystemServerTiming: StartContentService
01-07 03:34:14.484   929   929 I SystemServiceManager: Starting com.android.server.content.ContentService$Lifecycle
01-07 03:34:14.486   929   929 V SystemServerTiming: StartContentService took to complete: 2ms
01-07 03:34:14.486   929   929 D SystemServerTiming: InstallSystemProviders
01-07 03:34:14.487   929  1062 D SystemServerInitThreadPool: Finished executing SchedulingPolicyService.<init>
01-07 03:34:14.487   929  1062 V SystemServerTimingAsync: InitThreadPoolExec:SchedulingPolicyService.<init> took to complete: 13ms
01-07 03:34:14.545   929   967 D ActivityManager: Freezer enabled
01-07 03:34:14.545   929   929 V SystemServerTiming: InstallSystemProviders took to complete: 59ms
01-07 03:34:14.545   929   929 D SystemServerTiming: UpdateWatchdogTimeout
01-07 03:34:14.545   929   967 D ActivityManager: freezer override set to false
01-07 03:34:14.546   929   929 I Watchdog: Watchdog timeout updated to 60000 millis
01-07 03:34:14.546   929   929 V SystemServerTiming: UpdateWatchdogTimeout took to complete: 0ms
01-07 03:34:14.547   929   929 D SystemServerTiming: StartDropBoxManager
01-07 03:34:14.547   929   929 I SystemServiceManager: Starting com.android.server.DropBoxManagerService
01-07 03:34:14.548   929   929 V SystemServerTiming: StartDropBoxManager took to complete: 1ms
01-07 03:34:14.548   929   929 D SystemServerTiming: StartRoleManagerService
01-07 03:34:14.549   929   929 I SystemServiceManager: Starting com.android.role.RoleService
01-07 03:34:14.562   492   492 V ZygoteInitTiming_lazy: BeginPreload took to complete: 88ms
01-07 03:34:14.578   929   929 V SystemServerTiming: StartRoleManagerService took to complete: 30ms
01-07 03:34:14.578   929   929 D SystemServerTiming: StartVibratorManagerService
01-07 03:34:14.578   929   929 I SystemServiceManager: Starting com.android.server.vibrator.VibratorManagerService$Lifecycle
01-07 03:34:14.584   929   929 V SystemServerTiming: StartVibratorManagerService took to complete: 6ms
01-07 03:34:14.584   929   929 D SystemServerTiming: StartDynamicSystemService
01-07 03:34:14.585   929   929 V SystemServerTiming: StartDynamicSystemService took to complete: 1ms
01-07 03:34:14.585   929   929 D SystemServerTiming: StartConsumerIrService
01-07 03:34:14.586   929   929 V SystemServerTiming: StartConsumerIrService took to complete: 1ms
01-07 03:34:14.586   929   929 D SystemServerTiming: StartResourceEconomy
01-07 03:34:14.588   929   929 I SystemServiceManager: Starting com.android.server.tare.InternalResourceService
01-07 03:34:14.593   929   929 V SystemServerTiming: StartResourceEconomy took to complete: 7ms
01-07 03:34:14.593   929   929 D SystemServerTiming: StartAlarmManagerService
01-07 03:34:14.594   929   929 I SystemServiceManager: Starting com.android.server.alarm.AlarmManagerService
01-07 03:34:14.601   929   929 V SystemServerTiming: StartAlarmManagerService took to complete: 8ms
01-07 03:34:14.601   929   929 D SystemServerTiming: StartInputManagerService
01-07 03:34:14.609   929   929 I InputManager: Initializing input manager, mUseDevInputEventForAudioJack=false
01-07 03:34:14.609   929   929 V SystemServerTiming: StartInputManagerService took to complete: 8ms
01-07 03:34:14.609   929   929 D SystemServerTiming: DeviceStateManagerService
01-07 03:34:14.609   929   929 I SystemServiceManager: Starting com.android.server.devicestate.DeviceStateManagerService
01-07 03:34:14.614   929   929 V SystemServerTiming: DeviceStateManagerService took to complete: 5ms
01-07 03:34:14.614   929   929 D SystemServerTiming: StartWindowManagerService
01-07 03:34:14.614   929   929 I SystemServiceManager: Starting phase 200
01-07 03:34:14.614   929   929 D SystemServerTiming: OnBootPhase_200
01-07 03:34:14.614   929   929 D SystemServerTiming: OnBootPhase_200_com.android.server.security.FileIntegrityService
01-07 03:34:14.614   929   929 V SystemServerTiming: OnBootPhase_200_com.android.server.security.FileIntegrityService took to complete: 0ms
01-07 03:34:14.614   929   929 D SystemServerTiming: OnBootPhase_200_com.android.server.pm.Installer
01-07 03:34:14.614   929   929 V SystemServerTiming: OnBootPhase_200_com.android.server.pm.Installer took to complete: 0ms
01-07 03:34:14.614   929   929 D SystemServerTiming: OnBootPhase_200_com.android.server.os.DeviceIdentifiersPolicyService
01-07 03:34:14.614   929   929 V SystemServerTiming: OnBootPhase_200_com.android.server.os.DeviceIdentifiersPolicyService took to complete: 0ms
01-07 03:34:14.614   929   929 D SystemServerTiming: OnBootPhase_200_com.android.server.uri.UriGrantsManagerService$Lifecycle
01-07 03:34:14.614   929   929 V SystemServerTiming: OnBootPhase_200_com.android.server.uri.UriGrantsManagerService$Lifecycle took to complete: 1ms
01-07 03:34:14.614   929   929 D SystemServerTiming: OnBootPhase_200_com.android.server.powerstats.PowerStatsService
01-07 03:34:14.614   929   929 V SystemServerTiming: OnBootPhase_200_com.android.server.powerstats.PowerStatsService took to complete: 0ms
01-07 03:34:14.614   929   929 D SystemServerTiming: OnBootPhase_200_com.android.server.wm.ActivityTaskManagerService$Lifecycle
01-07 03:34:14.615   929   929 V SystemServerTiming: OnBootPhase_200_com.android.server.wm.ActivityTaskManagerService$Lifecycle took to complete: 0ms
01-07 03:34:14.615   929   929 D SystemServerTiming: OnBootPhase_200_com.android.server.am.ActivityManagerService$Lifecycle
01-07 03:34:14.615   929   929 V SystemServerTiming: OnBootPhase_200_com.android.server.am.ActivityManagerService$Lifecycle took to complete: 0ms
01-07 03:34:14.615   929   929 D SystemServerTiming: OnBootPhase_200_com.android.server.pm.DataLoaderManagerService
01-07 03:34:14.615   929   929 V SystemServerTiming: OnBootPhase_200_com.android.server.pm.DataLoaderManagerService took to complete: 0ms
01-07 03:34:14.615   929   929 D SystemServerTiming: OnBootPhase_200_com.android.server.power.PowerManagerService
01-07 03:34:14.615   929   929 V SystemServerTiming: OnBootPhase_200_com.android.server.power.PowerManagerService took to complete: 0ms
01-07 03:34:14.615   929   929 D SystemServerTiming: OnBootPhase_200_com.android.server.power.ThermalManagerService
01-07 03:34:14.615   929   929 V SystemServerTiming: OnBootPhase_200_com.android.server.power.ThermalManagerService took to complete: 0ms
01-07 03:34:14.615   929   929 D SystemServerTiming: OnBootPhase_200_com.android.server.power.hint.HintManagerService
01-07 03:34:14.615   929   929 V SystemServerTiming: OnBootPhase_200_com.android.server.power.hint.HintManagerService took to complete: 0ms
01-07 03:34:14.615   929   929 D SystemServerTiming: OnBootPhase_200_com.android.server.recoverysystem.RecoverySystemService$Lifecycle
01-07 03:34:14.615   929   929 V SystemServerTiming: OnBootPhase_200_com.android.server.recoverysystem.RecoverySystemService$Lifecycle took to complete: 0ms
01-07 03:34:14.615   929   929 D SystemServerTiming: OnBootPhase_200_com.android.server.lights.LightsService
01-07 03:34:14.615   929   929 V SystemServerTiming: OnBootPhase_200_com.android.server.lights.LightsService took to complete: 0ms
01-07 03:34:14.615   929   929 D SystemServerTiming: OnBootPhase_200_com.android.server.display.DisplayManagerService
01-07 03:34:14.615   929   929 V SystemServerTiming: OnBootPhase_200_com.android.server.display.DisplayManagerService took to complete: 0ms
01-07 03:34:14.615   929   929 D SystemServerTiming: OnBootPhase_200_com.android.server.pm.verify.domain.DomainVerificationService
01-07 03:34:14.615   929   929 V SystemServerTiming: OnBootPhase_200_com.android.server.pm.verify.domain.DomainVerificationService took to complete: 0ms
01-07 03:34:14.615   929   929 D SystemServerTiming: OnBootPhase_200_com.android.server.pm.PackageInstallerService$Lifecycle
01-07 03:34:14.615   929   929 V SystemServerTiming: OnBootPhase_200_com.android.server.pm.PackageInstallerService$Lifecycle took to complete: 0ms
01-07 03:34:14.615   929   929 D SystemServerTiming: OnBootPhase_200_com.android.server.pm.UserManagerService$LifeCycle
01-07 03:34:14.615   929   929 V SystemServerTiming: OnBootPhase_200_com.android.server.pm.UserManagerService$LifeCycle took to complete: 0ms
01-07 03:34:14.615   929   929 D SystemServerTiming: OnBootPhase_200_com.android.server.om.OverlayManagerService
01-07 03:34:14.615   929   929 V SystemServerTiming: OnBootPhase_200_com.android.server.om.OverlayManagerService took to complete: 0ms
01-07 03:34:14.615   929   929 D SystemServerTiming: OnBootPhase_200_com.android.server.resources.ResourcesManagerService
01-07 03:34:14.615   929   929 V SystemServerTiming: OnBootPhase_200_com.android.server.resources.ResourcesManagerService took to complete: 0ms
01-07 03:34:14.615   929   929 D SystemServerTiming: OnBootPhase_200_com.android.server.sensorprivacy.SensorPrivacyService
01-07 03:34:14.615   929   929 V SystemServerTiming: OnBootPhase_200_com.android.server.sensorprivacy.SensorPrivacyService took to complete: 0ms
01-07 03:34:14.615   929   929 D SystemServerTiming: OnBootPhase_200_com.android.server.sensors.SensorService
01-07 03:34:14.615   929   929 V SystemServerTiming: OnBootPhase_200_com.android.server.sensors.SensorService took to complete: 0ms
01-07 03:34:14.615   929   929 D SystemServerTiming: OnBootPhase_200_com.android.server.SystemConfigService
01-07 03:34:14.615   929   929 V SystemServerTiming: OnBootPhase_200_com.android.server.SystemConfigService took to complete: 0ms
01-07 03:34:14.616   929   929 D SystemServerTiming: OnBootPhase_200_com.android.server.BatteryService
01-07 03:34:14.616   929   929 V SystemServerTiming: OnBootPhase_200_com.android.server.BatteryService took to complete: 0ms
01-07 03:34:14.616   929   929 D SystemServerTiming: OnBootPhase_200_com.android.server.usage.UsageStatsService
01-07 03:34:14.616   929   929 V SystemServerTiming: OnBootPhase_200_com.android.server.usage.UsageStatsService took to complete: 0ms
01-07 03:34:14.616   929   929 D SystemServerTiming: OnBootPhase_200_com.android.server.webkit.WebViewUpdateService
01-07 03:34:14.616   929   929 V SystemServerTiming: OnBootPhase_200_com.android.server.webkit.WebViewUpdateService took to complete: 0ms
01-07 03:34:14.616   929   929 D SystemServerTiming: OnBootPhase_200_com.android.server.CachedDeviceStateService
01-07 03:34:14.616   929   929 V SystemServerTiming: OnBootPhase_200_com.android.server.CachedDeviceStateService took to complete: 0ms
01-07 03:34:14.616   929   929 D SystemServerTiming: OnBootPhase_200_com.android.server.BinderCallsStatsService$LifeCycle
01-07 03:34:14.616   929   929 V SystemServerTiming: OnBootPhase_200_com.android.server.BinderCallsStatsService$LifeCycle took to complete: 0ms
01-07 03:34:14.616   929   929 D SystemServerTiming: OnBootPhase_200_com.android.server.LooperStatsService$Lifecycle
01-07 03:34:14.616   929   929 V SystemServerTiming: OnBootPhase_200_com.android.server.LooperStatsService$Lifecycle took to complete: 0ms
01-07 03:34:14.616   929   929 D SystemServerTiming: OnBootPhase_200_com.android.server.rollback.RollbackManagerService
01-07 03:34:14.616   929   929 V SystemServerTiming: OnBootPhase_200_com.android.server.rollback.RollbackManagerService took to complete: 0ms
01-07 03:34:14.616   929   929 D SystemServerTiming: OnBootPhase_200_com.android.server.os.NativeTombstoneManagerService
01-07 03:34:14.616   929   929 V SystemServerTiming: OnBootPhase_200_com.android.server.os.NativeTombstoneManagerService took to complete: 0ms
01-07 03:34:14.616   929   929 D SystemServerTiming: OnBootPhase_200_com.android.server.os.BugreportManagerService
01-07 03:34:14.616   929   929 V SystemServerTiming: OnBootPhase_200_com.android.server.os.BugreportManagerService took to complete: 0ms
01-07 03:34:14.616   929   929 D SystemServerTiming: OnBootPhase_200_com.android.server.gpu.GpuService
01-07 03:34:14.616   929   929 V SystemServerTiming: OnBootPhase_200_com.android.server.gpu.GpuService took to complete: 0ms
01-07 03:34:14.616   929   929 D SystemServerTiming: OnBootPhase_200_com.android.server.security.KeyChainSystemService
01-07 03:34:14.616   929   929 V SystemServerTiming: OnBootPhase_200_com.android.server.security.KeyChainSystemService took to complete: 0ms
01-07 03:34:14.616   929   929 D SystemServerTiming: OnBootPhase_200_com.android.server.BinaryTransparencyService
01-07 03:34:14.616   929   929 V SystemServerTiming: OnBootPhase_200_com.android.server.BinaryTransparencyService took to complete: 0ms
01-07 03:34:14.616   929   929 D SystemServerTiming: OnBootPhase_200_com.android.server.accounts.AccountManagerService$Lifecycle
01-07 03:34:14.616   929   929 V SystemServerTiming: OnBootPhase_200_com.android.server.accounts.AccountManagerService$Lifecycle took to complete: 0ms
01-07 03:34:14.616   929   929 D SystemServerTiming: OnBootPhase_200_com.android.server.content.ContentService$Lifecycle
01-07 03:34:14.616   929   929 V SystemServerTiming: OnBootPhase_200_com.android.server.content.ContentService$Lifecycle took to complete: 0ms
01-07 03:34:14.616   929   929 D SystemServerTiming: OnBootPhase_200_com.android.server.DropBoxManagerService
01-07 03:34:14.616   929   929 V SystemServerTiming: OnBootPhase_200_com.android.server.DropBoxManagerService took to complete: 0ms
01-07 03:34:14.616   929   929 D SystemServerTiming: OnBootPhase_200_com.android.role.RoleService
01-07 03:34:14.616   929   929 V SystemServerTiming: OnBootPhase_200_com.android.role.RoleService took to complete: 0ms
01-07 03:34:14.618   929   929 D SystemServerTiming: OnBootPhase_200_com.android.server.vibrator.VibratorManagerService$Lifecycle
01-07 03:34:14.618   929   929 V SystemServerTiming: OnBootPhase_200_com.android.server.vibrator.VibratorManagerService$Lifecycle took to complete: 0ms
01-07 03:34:14.618   929   929 D SystemServerTiming: OnBootPhase_200_com.android.server.tare.InternalResourceService
01-07 03:34:14.618   929   929 V SystemServerTiming: OnBootPhase_200_com.android.server.tare.InternalResourceService took to complete: 0ms
01-07 03:34:14.618   929   929 D SystemServerTiming: OnBootPhase_200_com.android.server.alarm.AlarmManagerService
01-07 03:34:14.618   929   929 V SystemServerTiming: OnBootPhase_200_com.android.server.alarm.AlarmManagerService took to complete: 0ms
01-07 03:34:14.618   929   929 D SystemServerTiming: OnBootPhase_200_com.android.server.devicestate.DeviceStateManagerService
01-07 03:34:14.618   929   929 V SystemServerTiming: OnBootPhase_200_com.android.server.devicestate.DeviceStateManagerService took to complete: 0ms
01-07 03:34:14.618   929   929 V SystemServerTiming: OnBootPhase_200 took to complete: 4ms
01-07 03:34:14.619   929   929 I WindowManager: No existing display settings, starting empty
01-07 03:34:14.620   929   929 I WindowManager: No existing display settings, starting empty
01-07 03:34:14.630   929   961 E WindowManager: Error reading from LetterboxConfigurationPersister. Using default values!
01-07 03:34:14.630   929   961 E WindowManager: java.io.FileNotFoundException: /data/system/letterbox_config: open failed: ENOENT (No such file or directory)
01-07 03:34:14.630   929   961 E WindowManager: 	at libcore.io.IoBridge.open(IoBridge.java:574)
01-07 03:34:14.630   929   961 E WindowManager: 	at java.io.FileInputStream.<init>(FileInputStream.java:160)
01-07 03:34:14.630   929   961 E WindowManager: 	at android.util.AtomicFile.openRead(AtomicFile.java:260)
01-07 03:34:14.630   929   961 E WindowManager: 	at com.android.server.wm.LetterboxConfigurationPersister.readCurrentConfiguration(LetterboxConfigurationPersister.java:221)
01-07 03:34:14.630   929   961 E WindowManager: 	at com.android.server.wm.LetterboxConfigurationPersister.<init>(LetterboxConfigurationPersister.java:128)
01-07 03:34:14.630   929   961 E WindowManager: 	at com.android.server.wm.LetterboxConfigurationPersister.<init>(LetterboxConfigurationPersister.java:101)
01-07 03:34:14.630   929   961 E WindowManager: 	at com.android.server.wm.LetterboxConfiguration.<init>(LetterboxConfiguration.java:242)
01-07 03:34:14.630   929   961 E WindowManager: 	at com.android.server.wm.WindowManagerService.<init>(WindowManagerService.java:1224)
01-07 03:34:14.630   929   961 E WindowManager: 	at com.android.server.wm.WindowManagerService.lambda$main$1(WindowManagerService.java:1168)
01-07 03:34:14.630   929   961 E WindowManager: 	at com.android.server.wm.WindowManagerService.$r8$lambda$mdM6IEP25omWg9Thw5NvWNLhRLE(Unknown Source:0)
01-07 03:34:14.630   929   961 E WindowManager: 	at com.android.server.wm.WindowManagerService$$ExternalSyntheticLambda3.run(Unknown Source:20)
01-07 03:34:14.630   929   961 E WindowManager: 	at android.os.Handler$BlockingRunnable.run(Handler.java:965)
01-07 03:34:14.630   929   961 E WindowManager: 	at android.os.Handler.handleCallback(Handler.java:942)
01-07 03:34:14.630   929   961 E WindowManager: 	at android.os.Handler.dispatchMessage(Handler.java:99)
01-07 03:34:14.630   929   961 E WindowManager: 	at android.os.Looper.loopOnce(Looper.java:201)
01-07 03:34:14.630   929   961 E WindowManager: 	at android.os.Looper.loop(Looper.java:288)
01-07 03:34:14.630   929   961 E WindowManager: 	at android.os.HandlerThread.run(HandlerThread.java:67)
01-07 03:34:14.630   929   961 E WindowManager: 	at com.android.server.ServiceThread.run(ServiceThread.java:44)
01-07 03:34:14.630   929   961 E WindowManager: Caused by: android.system.ErrnoException: open failed: ENOENT (No such file or directory)
01-07 03:34:14.630   929   961 E WindowManager: 	at libcore.io.Linux.open(Native Method)
01-07 03:34:14.630   929   961 E WindowManager: 	at libcore.io.ForwardingOs.open(ForwardingOs.java:563)
01-07 03:34:14.630   929   961 E WindowManager: 	at libcore.io.BlockGuardOs.open(BlockGuardOs.java:274)
01-07 03:34:14.630   929   961 E WindowManager: 	at libcore.io.IoBridge.open(IoBridge.java:560)
01-07 03:34:14.630   929   961 E WindowManager: 	... 17 more
01-07 03:34:14.648   929   929 V SystemServerTiming: StartWindowManagerService took to complete: 34ms
01-07 03:34:14.648   929   929 D SystemServerTiming: SetWindowManagerService
01-07 03:34:14.649   929   960 I DropBoxManagerService: add tag=system_server_strictmode isTagEnabled=true flags=0x2
01-07 03:34:14.654   929   960 I DropBoxManagerService: add tag=system_server_strictmode isTagEnabled=true flags=0x2
01-07 03:34:14.655   929   960 I DropBoxManagerService: add tag=system_server_strictmode isTagEnabled=true flags=0x2
01-07 03:34:14.682   929   929 I ActivityTaskManager: Loaded persisted task ids for user 0
01-07 03:34:14.684   929   929 V SystemServerTiming: SetWindowManagerService took to complete: 36ms
01-07 03:34:14.685   929   929 D SystemServerTiming: WindowManagerServiceOnInitReady
01-07 03:34:14.699   929   929 V SystemServerTiming: WindowManagerServiceOnInitReady took to complete: 14ms
01-07 03:34:14.700   929   929 D SystemServerTiming: StartInputManager
01-07 03:34:14.700   929   929 I InputManager: Starting input manager
01-07 03:34:14.702   929  1083 D SystemServerTimingAsync: InitThreadPoolExec:StartHidlServices
01-07 03:34:14.702   929  1083 D SystemServerInitThreadPool: Started executing StartHidlServices
01-07 03:34:14.702   929  1083 D SystemServerTimingAsync: StartHidlServices
01-07 03:34:14.704   929  1083 V SystemServerTimingAsync: StartHidlServices took to complete: 2ms
01-07 03:34:14.704   929  1083 D SystemServerInitThreadPool: Finished executing StartHidlServices
01-07 03:34:14.704   929  1083 V SystemServerTimingAsync: InitThreadPoolExec:StartHidlServices took to complete: 2ms
01-07 03:34:14.705   929   929 V SystemServerTiming: StartInputManager took to complete: 5ms
01-07 03:34:14.705   929   929 D SystemServerTiming: DisplayManagerWindowManagerAndInputReady
01-07 03:34:14.705   929   929 V SystemServerTiming: DisplayManagerWindowManagerAndInputReady took to complete: 0ms
01-07 03:34:14.705   929   929 D SystemServerTiming: StartBluetoothService
01-07 03:34:14.705   929   961 I LogicalDisplayMapper: Requesting Transition to state: 0, from state=-1, interactive=true, mBootCompleted=false
01-07 03:34:14.705   929   961 I LogicalDisplayMapper: Applying layout: [{addr: {port=11, model=0x404c2d479b6c44}, dispId: 0(ON)}], Previous layout: [{addr: {port=11, model=0x404c2d479b6c44}, dispId: 0(ON)}]
01-07 03:34:14.709     0     0 E [6 T1     ..] init: Control message: Could not find 'aidl/clipboard' for ctl.interface_start from pid: 315 (/system/bin/servicemanager)
01-07 03:34:14.718   929   929 I SystemServiceManager: Starting com.android.server.bluetooth.BluetoothService
01-07 03:34:14.721   929  1045 V SystemServerTimingAsync: AppDataPrepare took to complete: 248ms
01-07 03:34:14.721   929  1045 I PackageManager: Deferred reconcileAppsData finished 99 packages
01-07 03:34:14.721   929  1045 D SystemServerInitThreadPool: Finished executing prepareAppData
01-07 03:34:14.721   929  1045 V SystemServerTimingAsync: InitThreadPoolExec:prepareAppData took to complete: 418ms
01-07 03:34:14.726   929   929 V SystemServerTiming: StartBluetoothService took to complete: 21ms
01-07 03:34:14.726   929   929 D SystemServerTiming: IpConnectivityMetrics
01-07 03:34:14.726   929   929 I SystemServiceManager: Starting com.android.server.connectivity.IpConnectivityMetrics
01-07 03:34:14.727   929   929 V SystemServerTiming: IpConnectivityMetrics took to complete: 1ms
01-07 03:34:14.727   929   929 D SystemServerTiming: NetworkWatchlistService
01-07 03:34:14.727   929   929 I SystemServiceManager: Starting com.android.server.net.watchlist.NetworkWatchlistService$Lifecycle
01-07 03:34:14.731   929   929 I WatchlistSettings: Reload watchlist settings done
01-07 03:34:14.731   929  1095 I WatchlistLoggingHandler: No need to aggregate record yet.
01-07 03:34:14.731   929  1095 I WatchlistLoggingHandler: Milliseconds spent on tryAggregateRecords(): 0
01-07 03:34:14.731   929   929 V SystemServerTiming: NetworkWatchlistService took to complete: 4ms
01-07 03:34:14.731   929   929 D SystemServerTiming: PinnerService
01-07 03:34:14.731   929   929 I SystemServiceManager: Starting com.android.server.PinnerService
01-07 03:34:14.732   929   929 V HistoricalRegistry: Interaction before persistence initialized
01-07 03:34:14.733   929   929 V SystemServerTiming: PinnerService took to complete: 1ms
01-07 03:34:14.733   929   966 D PinnerService: pinRangeStream: null
01-07 03:34:14.734   929   929 D SystemServerTiming: SignedConfigService
01-07 03:34:14.734   929   929 V SystemServerTiming: SignedConfigService took to complete: 0ms
01-07 03:34:14.734   929   929 D SystemServerTiming: AppIntegrityService
01-07 03:34:14.734   929   929 I SystemServiceManager: Starting com.android.server.integrity.AppIntegrityManagerService
01-07 03:34:14.739   929   929 E IntegrityFileManager: Error creating staging and rules directory
01-07 03:34:14.739   929   966 D PinnerService: pinRangeStream: null
01-07 03:34:14.740   929   966 E PinnerService: Could not pin file /system/bin/logd
01-07 03:34:14.740   929   966 E PinnerService: android.system.ErrnoException: open failed: EACCES (Permission denied)
01-07 03:34:14.740   929   966 E PinnerService: 	at libcore.io.Linux.open(Native Method)
01-07 03:34:14.740   929   966 E PinnerService: 	at libcore.io.ForwardingOs.open(ForwardingOs.java:563)
01-07 03:34:14.740   929   966 E PinnerService: 	at libcore.io.BlockGuardOs.open(BlockGuardOs.java:274)
01-07 03:34:14.740   929   966 E PinnerService: 	at android.system.Os.open(Os.java:494)
01-07 03:34:14.740   929   966 E PinnerService: 	at com.android.server.PinnerService.pinFileRanges(PinnerService.java:975)
01-07 03:34:14.740   929   966 E PinnerService: 	at com.android.server.PinnerService.pinFile(PinnerService.java:850)
01-07 03:34:14.740   929   966 E PinnerService: 	at com.android.server.PinnerService.handlePinOnStart(PinnerService.java:305)
01-07 03:34:14.740   929   966 E PinnerService: 	at com.android.server.PinnerService.-$$Nest$mhandlePinOnStart(Unknown Source:0)
01-07 03:34:14.740   929   966 E PinnerService: 	at com.android.server.PinnerService$PinnerHandler.handleMessage(PinnerService.java:1219)
01-07 03:34:14.740   929   966 E PinnerService: 	at android.os.Handler.dispatchMessage(Handler.java:106)
01-07 03:34:14.740   929   966 E PinnerService: 	at android.os.Looper.loopOnce(Looper.java:201)
01-07 03:34:14.740   929   966 E PinnerService: 	at android.os.Looper.loop(Looper.java:288)
01-07 03:34:14.740   929   966 E PinnerService: 	at android.os.HandlerThread.run(HandlerThread.java:67)
01-07 03:34:14.741   929   966 E PinnerService: Failed to pin file = /system/bin/logd
01-07 03:34:14.741   929   966 D PinnerService: pinRangeStream: null
01-07 03:34:14.741   929   966 E PinnerService: Could not pin file /system/lib/libjavacrypto.so
01-07 03:34:14.741   929   966 E PinnerService: android.system.ErrnoException: open failed: ENOENT (No such file or directory)
01-07 03:34:14.741   929   966 E PinnerService: 	at libcore.io.Linux.open(Native Method)
01-07 03:34:14.741   929   966 E PinnerService: 	at libcore.io.ForwardingOs.open(ForwardingOs.java:563)
01-07 03:34:14.741   929   966 E PinnerService: 	at libcore.io.BlockGuardOs.open(BlockGuardOs.java:274)
01-07 03:34:14.741   929   966 E PinnerService: 	at android.system.Os.open(Os.java:494)
01-07 03:34:14.741   929   966 E PinnerService: 	at com.android.server.PinnerService.pinFileRanges(PinnerService.java:975)
01-07 03:34:14.741   929   966 E PinnerService: 	at com.android.server.PinnerService.pinFile(PinnerService.java:850)
01-07 03:34:14.741   929   966 E PinnerService: 	at com.android.server.PinnerService.handlePinOnStart(PinnerService.java:305)
01-07 03:34:14.741   929   966 E PinnerService: 	at com.android.server.PinnerService.-$$Nest$mhandlePinOnStart(Unknown Source:0)
01-07 03:34:14.741   929   966 E PinnerService: 	at com.android.server.PinnerService$PinnerHandler.handleMessage(PinnerService.java:1219)
01-07 03:34:14.741   929   966 E PinnerService: 	at android.os.Handler.dispatchMessage(Handler.java:106)
01-07 03:34:14.741   929   966 E PinnerService: 	at android.os.Looper.loopOnce(Looper.java:201)
01-07 03:34:14.741   929   966 E PinnerService: 	at android.os.Looper.loop(Looper.java:288)
01-07 03:34:14.741   929   966 E PinnerService: 	at android.os.HandlerThread.run(HandlerThread.java:67)
01-07 03:34:14.741   929   966 E PinnerService: Failed to pin file = /system/lib/libjavacrypto.so
01-07 03:34:14.741   929   966 D PinnerService: pinRangeStream: null
01-07 03:34:14.742   929   929 V SystemServerTiming: AppIntegrityService took to complete: 8ms
01-07 03:34:14.742   929   929 D SystemServerTiming: StartLogcatManager
01-07 03:34:14.742   929   929 I SystemServiceManager: Starting com.android.server.logcat.LogcatManagerService
01-07 03:34:14.746   929   929 V SystemServerTiming: StartLogcatManager took to complete: 4ms
01-07 03:34:14.746   929   929 I WindowManager: SAFE MODE not enabled
01-07 03:34:14.746   929   929 D SystemServerTiming: StartInputMethodManagerLifecycle
01-07 03:34:14.746   929   929 I SystemServiceManager: Starting com.android.server.inputmethod.InputMethodManagerService$Lifecycle
01-07 03:34:14.750   929   929 V SystemServerTiming: StartInputMethodManagerLifecycle took to complete: 3ms
01-07 03:34:14.750   929   929 D SystemServerTiming: StartAccessibilityManagerService
01-07 03:34:14.750   929   929 I SystemServiceManager: Starting com.android.server.accessibility.AccessibilityManagerService$Lifecycle
01-07 03:34:14.756   929   929 V SystemServerTiming: StartAccessibilityManagerService took to complete: 6ms
01-07 03:34:14.756   929   929 D SystemServerTiming: MakeDisplayReady
01-07 03:34:14.760   929   929 I ActivityTaskManager: Config changes=20005df8 {1.0 ?mcc?mnc [en_US] ldltr sw540dp w960dp h540dp 320dpi lrg long land ?uimode ?night -touch -keyb/v/h dpad/v winConfig={ mBounds=Rect(0, 0 - 1920, 1080) mAppBounds=Rect(0, 0 - 1920, 1080) mMaxBounds=Rect(0, 0 - 1920, 1080) mDisplayRotation=ROTATION_0 mWindowingMode=fullscreen mDisplayWindowingMode=fullscreen mActivityType=undefined mAlwaysOnTop=undefined mRotation=ROTATION_0} s.2 ?fontWeightAdjustment}
01-07 03:34:14.763   929   929 I WindowManager: Override config changes=60007dfc {1.0 ?mcc?mnc [en_US] ldltr sw540dp w960dp h540dp 320dpi lrg long land ?uimode ?night -touch -keyb/v/h dpad/v winConfig={ mBounds=Rect(0, 0 - 1920, 1080) mAppBounds=Rect(0, 0 - 1920, 1080) mMaxBounds=Rect(0, 0 - 1920, 1080) mDisplayRotation=ROTATION_0 mWindowingMode=fullscreen mDisplayWindowingMode=fullscreen mActivityType=undefined mAlwaysOnTop=undefined mRotation=ROTATION_0} s.2 ?fontWeightAdjustment} for displayId=0
01-07 03:34:14.769   929   929 V SystemServerTiming: MakeDisplayReady took to complete: 13ms
01-07 03:34:14.769   929   929 D SystemServerTiming: StartStorageManagerService
01-07 03:34:14.769   929   929 I SystemServiceManager: Starting com.android.server.StorageManagerService$Lifecycle
