01-07 07:25:09.913   939   939 I ActivityTaskManager: Config changes=20005df8 {1.0 ?mcc?mnc [en_US] ldltr sw540dp w960dp h540dp 320dpi lrg long land ?uimode ?night -touch -keyb/v/h dpad/v winConfig={ mBounds=Rect(0, 0 - 1920, 1080) mAppBounds=Rect(0, 0 - 1920, 1080) mMaxBounds=Rect(0, 0 - 1920, 1080) mDisplayRotation=ROTATION_0 mWindowingMode=fullscreen mDisplayWindowingMode=fullscreen mActivityType=undefined mAlwaysOnTop=undefined mRotation=ROTATION_0} s.2 ?fontWeightAdjustment}
01-07 07:25:09.914   939   939 I WindowManager: Override config changes=60007dfc {1.0 ?mcc?mnc [en_US] ldltr sw540dp w960dp h540dp 320dpi lrg long land ?uimode ?night -touch -keyb/v/h dpad/v winConfig={ mBounds=Rect(0, 0 - 1920, 1080) mAppBounds=Rect(0, 0 - 1920, 1080) mMaxBounds=Rect(0, 0 - 1920, 1080) mDisplayRotation=ROTATION_0 mWindowingMode=fullscreen mDisplayWindowingMode=fullscreen mActivityType=undefined mAlwaysOnTop=undefined mRotation=ROTATION_0} s.2 ?fontWeightAdjustment} for displayId=0
01-07 07:25:09.921   939   939 V SystemServerTiming: MakeDisplayReady took to complete: 11ms
01-07 07:25:09.921   939   939 D SystemServerTiming: StartStorageManagerService
01-07 07:25:09.921   939   939 I SystemServiceManager: Starting com.android.server.StorageManagerService$Lifecycle
01-07 07:25:09.929   939  1116 D StorageManagerService: Thinking about init, mBootCompleted=false, mDaemonConnected=true
01-07 07:25:09.929   939  1116 D StorageManagerService: Thinking about reset, mBootCompleted=false, mDaemonConnected=true
01-07 07:25:09.930   939  1116 D StorageManagerService: Thinking about init, mBootCompleted=false, mDaemonConnected=true
01-07 07:25:09.930   939  1116 D StorageManagerService: Thinking about reset, mBootCompleted=false, mDaemonConnected=true
01-07 07:25:09.930   939   939 V SystemServerTiming: StartStorageManagerService took to complete: 9ms
01-07 07:25:09.930   939   939 D SystemServerTiming: StartStorageStatsService
01-07 07:25:09.930   939   939 I SystemServiceManager: Starting com.android.server.usage.StorageStatsService$Lifecycle
01-07 07:25:09.938   939   939 V SystemServerTiming: StartStorageStatsService took to complete: 8ms
01-07 07:25:09.938   939   939 D SystemServerTiming: StartUiModeManager
01-07 07:25:09.938   939   939 I SystemServiceManager: Starting com.android.server.UiModeManagerService
01-07 07:25:09.939   939  1118 D SystemServerTimingAsync: InitThreadPoolExec:UiModeManager.onStart
01-07 07:25:09.939   939  1118 D SystemServerInitThreadPool: Started executing UiModeManager.onStart
01-07 07:25:09.939   939   939 V SystemServerTiming: StartUiModeManager took to complete: 1ms
01-07 07:25:09.939   939   939 D SystemServerTiming: StartLocaleManagerService
01-07 07:25:09.939   939   939 I SystemServiceManager: Starting com.android.server.locales.LocaleManagerService
01-07 07:25:09.941   939  1118 D SystemServerInitThreadPool: Finished executing UiModeManager.onStart
01-07 07:25:09.941   939  1118 V SystemServerTimingAsync: InitThreadPoolExec:UiModeManager.onStart took to complete: 2ms
01-07 07:25:09.944   939   939 V SystemServerTiming: StartLocaleManagerService took to complete: 5ms
01-07 07:25:09.944   939   939 D SystemServerTiming: UpdatePackagesIfNeeded
01-07 07:25:09.944   939   939 I Watchdog: Pausing HandlerChecker: main thread for reason: dexopt. Pause count: 1
01-07 07:25:09.945   939   939 I Watchdog: Resuming HandlerChecker: main thread for reason: dexopt. Pause count: 0
01-07 07:25:09.945   939   939 V SystemServerTiming: UpdatePackagesIfNeeded took to complete: 1ms
01-07 07:25:09.945   939   939 D SystemServerTiming: PerformFstrimIfNeeded
01-07 07:25:09.946   939   939 V SystemServerTiming: PerformFstrimIfNeeded took to complete: 0ms
01-07 07:25:09.946   939   939 D SystemServerTiming: StartLockSettingsService
01-07 07:25:09.946   939   939 I SystemServiceManager: Starting com.android.server.locksettings.LockSettingsService$Lifecycle
01-07 07:25:09.961   939   939 V SystemServerTiming: StartLockSettingsService took to complete: 15ms
01-07 07:25:09.962   939   939 D SystemServerTiming: StartPersistentDataBlock
01-07 07:25:09.962   939   939 I SystemServiceManager: Starting com.android.server.PersistentDataBlockService
01-07 07:25:09.962   939   939 V SystemServerTiming: StartPersistentDataBlock took to complete: 0ms
01-07 07:25:09.962   939   939 D SystemServerTiming: StartTestHarnessMode
01-07 07:25:09.962   939   939 I SystemServiceManager: Starting com.android.server.testharness.TestHarnessModeService
01-07 07:25:09.962   939  1124 D SystemServerTimingAsync: InitThreadPoolExec:PersistentDataBlockService.onStart
01-07 07:25:09.962   939  1124 D SystemServerInitThreadPool: Started executing PersistentDataBlockService.onStart
01-07 07:25:09.963   939   939 V SystemServerTiming: StartTestHarnessMode took to complete: 1ms
01-07 07:25:09.963   939   939 D SystemServerTiming: StartOemLockService
01-07 07:25:09.963   939   939 I SystemServiceManager: Starting com.android.server.oemlock.OemLockService
01-07 07:25:09.965   939   939 I OemLock : Using vendor lock via the HAL
01-07 07:25:09.965   939   939 V SystemServerTiming: StartOemLockService took to complete: 2ms
01-07 07:25:09.965   939   939 D SystemServerTiming: StartDeviceIdleController
01-07 07:25:09.965   939   939 I SystemServiceManager: Starting com.android.server.DeviceIdleController
01-07 07:25:09.969   939   939 V SystemServerTiming: StartDeviceIdleController took to complete: 3ms
01-07 07:25:09.969   939   939 D SystemServerTiming: StartDevicePolicyManager
01-07 07:25:09.969   939   939 I SystemServiceManager: Starting com.android.server.devicepolicy.DevicePolicyManagerService$Lifecycle
01-07 07:25:09.977   939   939 V SystemServerTiming: StartDevicePolicyManager took to complete: 8ms
01-07 07:25:09.977   939   939 D SystemServerTiming: StartStatusBarManagerService
01-07 07:25:09.978   939   939 V SystemServerTiming: StartStatusBarManagerService took to complete: 1ms
01-07 07:25:09.978   939   939 D SystemServer: MusicRecognitionManagerService not defined by OEM or disabled by flag
01-07 07:25:09.979   939   939 D SystemServer: ContentCaptureService disabled because resource is not overlaid
01-07 07:25:09.979   939   939 D SystemServer: AttentionService is not configured on this device
01-07 07:25:09.979   939   939 D SystemServer: RotationResolverService is not configured on this device
01-07 07:25:09.979   939   939 D SystemServer: SystemCaptionsManagerService disabled because resource is not overlaid
01-07 07:25:09.979   939   939 D SystemServerTiming: StartTextToSpeechManagerService
01-07 07:25:09.979   939   939 I SystemServiceManager: Starting com.android.server.texttospeech.TextToSpeechManagerService
01-07 07:25:09.980   939   939 V SystemServerTiming: StartTextToSpeechManagerService took to complete: 1ms
01-07 07:25:09.980   939   939 D SystemServerTiming: StartAmbientContextService
01-07 07:25:09.980   939   939 I SystemServiceManager: Starting com.android.server.ambientcontext.AmbientContextManagerService
01-07 07:25:09.986   939   939 V SystemServerTiming: StartAmbientContextService took to complete: 6ms
01-07 07:25:09.986   939   939 D SystemServerTiming: StartSpeechRecognitionManagerService
01-07 07:25:09.989   939   939 I SystemServiceManager: Starting com.android.server.speech.SpeechRecognitionManagerService
01-07 07:25:09.993   939   939 V SystemServerTiming: StartSpeechRecognitionManagerService took to complete: 6ms
01-07 07:25:09.993   939   939 D SystemServer: AppPredictionService not defined by OEM
01-07 07:25:09.993   939   939 D SystemServer: ContentSuggestionsService not defined by OEM
01-07 07:25:09.993   939   939 D SystemServerTiming: StartSearchUiService
01-07 07:25:09.993   939   939 I SystemServiceManager: Starting com.android.server.searchui.SearchUiManagerService
01-07 07:25:09.994   939   939 V SystemServerTiming: StartSearchUiService took to complete: 1ms
01-07 07:25:09.994   939   939 D SystemServerTiming: StartSmartspaceService
01-07 07:25:09.995   939   939 I SystemServiceManager: Starting com.android.server.smartspace.SmartspaceManagerService
01-07 07:25:09.996   939   939 V SystemServerTiming: StartSmartspaceService took to complete: 2ms
01-07 07:25:09.996   939   939 D SystemServerTiming: InitConnectivityModuleConnector
01-07 07:25:09.996   939   939 D ConnectivityModuleConnector: Network stack init
01-07 07:25:09.997   939   939 V SystemServerTiming: InitConnectivityModuleConnector took to complete: 1ms
01-07 07:25:09.997   939   939 D SystemServerTiming: InitNetworkStackClient
01-07 07:25:09.998   939   939 V SystemServerTiming: InitNetworkStackClient took to complete: 1ms
01-07 07:25:09.998   939   939 D SystemServerTiming: StartNetworkManagementService
01-07 07:25:10.000   939  1124 D SystemServerInitThreadPool: Finished executing PersistentDataBlockService.onStart
01-07 07:25:10.000   939  1124 V SystemServerTimingAsync: InitThreadPoolExec:PersistentDataBlockService.onStart took to complete: 38ms
01-07 07:25:10.000   939   939 V SystemServerTiming: StartNetworkManagementService took to complete: 2ms
01-07 07:25:10.000   939   939 D SystemServerTiming: StartFontManagerService
01-07 07:25:10.198   939   939 V SystemServerTiming: StartFontManagerService took to complete: 198ms
01-07 07:25:10.198   939   939 D SystemServerTiming: StartTextServicesManager
01-07 07:25:10.198   939   939 I SystemServiceManager: Starting com.android.server.textservices.TextServicesManagerService$Lifecycle
01-07 07:25:10.199   939   939 V SystemServerTiming: StartTextServicesManager took to complete: 1ms
01-07 07:25:10.199   939   939 D SystemServerTiming: StartTextClassificationManagerService
01-07 07:25:10.199   939   939 I SystemServiceManager: Starting com.android.server.textclassifier.TextClassificationManagerService$Lifecycle
01-07 07:25:10.204   939   939 V SystemServerTiming: StartTextClassificationManagerService took to complete: 5ms
01-07 07:25:10.204   939   939 D SystemServerTiming: StartNetworkScoreService
01-07 07:25:10.204   939   939 I SystemServiceManager: Starting com.android.server.NetworkScoreService$Lifecycle
01-07 07:25:10.206   939   939 V SystemServerTiming: StartNetworkScoreService took to complete: 2ms
01-07 07:25:10.206   939   939 D SystemServerTiming: StartNetworkStatsService
01-07 07:25:10.238   939   939 I SystemServiceManager: Starting com.android.server.NetworkStatsServiceInitializer
01-07 07:25:10.295   939   939 V SystemServerTiming: StartNetworkStatsService took to complete: 89ms
01-07 07:25:10.295   939   939 D SystemServerTiming: StartNetworkPolicyManagerService
01-07 07:25:10.298   939   939 V SystemServerTiming: StartNetworkPolicyManagerService took to complete: 3ms
01-07 07:25:10.298   939   939 D SystemServerTiming: StartWifi
01-07 07:25:10.331   939   939 I SystemServiceManager: Starting com.android.server.wifi.WifiService
01-07 07:25:10.451   604   604 I wificond: New wificond event callback registered
01-07 07:25:10.458   939   939 V HistoricalRegistry: Interaction before persistence initialized
01-07 07:25:10.463   939   939 V SystemServerTiming: StartWifi took to complete: 165ms
01-07 07:25:10.464   939   939 D SystemServerTiming: StartWifiScanning
01-07 07:25:10.464   939   939 I SystemServiceManager: Starting com.android.server.wifi.scanner.WifiScanningService
01-07 07:25:10.471   939   939 V SystemServerTiming: StartWifiScanning took to complete: 8ms
01-07 07:25:10.471   939   939 D SystemServerTiming: StartWifiP2P
01-07 07:25:10.471   939   939 I SystemServiceManager: Starting com.android.server.wifi.p2p.WifiP2pService
01-07 07:25:10.478   939   939 V SystemServerTiming: StartWifiP2P took to complete: 7ms
01-07 07:25:10.478   939   939 D SystemServerTiming: StartPacProxyService
01-07 07:25:10.481   939   939 V SystemServerTiming: StartPacProxyService took to complete: 2ms
01-07 07:25:10.481   939   939 D SystemServerTiming: StartConnectivityService
01-07 07:25:10.481   939   939 I SystemServiceManager: Starting com.android.server.ConnectivityServiceInitializer
01-07 07:25:10.520   939   939 D CompatibilityChangeReporter: Compat change id reported: 182478738; UID 1000; state: ENABLED
01-07 07:25:10.551   939   939 V SystemServerTiming: StartConnectivityService took to complete: 70ms
01-07 07:25:10.551   939   939 D SystemServerTiming: StartVpnManagerService
01-07 07:25:10.554   939   939 V SystemServerTiming: StartVpnManagerService took to complete: 3ms
01-07 07:25:10.554   939   939 D SystemServerTiming: StartVcnManagementService
01-07 07:25:10.557   939   939 V SystemServerTiming: StartVcnManagementService took to complete: 3ms
01-07 07:25:10.558   939   939 D SystemServerTiming: StartSystemUpdateManagerService
01-07 07:25:10.558   939   939 I SystemUpdateManagerService: No existing info file /data/system/system-update-info.xml
01-07 07:25:10.558   939   939 V SystemServerTiming: StartSystemUpdateManagerService took to complete: 1ms
01-07 07:25:10.558   939   939 D SystemServerTiming: StartUpdateLockService
01-07 07:25:10.559   939   939 V SystemServerTiming: StartUpdateLockService took to complete: 1ms
01-07 07:25:10.559   939   939 D SystemServerTiming: StartNotificationManager
01-07 07:25:10.559   939   939 I SystemServiceManager: Starting com.android.server.notification.NotificationManagerService
01-07 07:25:10.569   939   939 D ConditionProviders.SCP: new ScheduleConditionProvider()
01-07 07:25:10.592   939   939 I NotificationAssistants: Read notification assistant permissions from xml
01-07 07:25:10.592   939   939 I ConditionProviders: Read condition provider permissions from xml
01-07 07:25:10.592   939   939 I ConditionProviders: Read condition provider permissions from xml
01-07 07:25:10.593   939   939 D NotificationAssistants: Approving default notification assistant for user 0
01-07 07:25:10.593   939   939 I ConditionProviders:  Allowing condition provider android.ext.services/android.ext.services.notification.Assistant (userSet: true)
01-07 07:25:10.601   939   939 V SystemServerTiming: StartNotificationManager took to complete: 42ms
01-07 07:25:10.601   939   939 D SystemServerTiming: StartDeviceMonitor
01-07 07:25:10.601   939   939 I SystemServiceManager: Starting com.android.server.storage.DeviceStorageMonitorService
01-07 07:25:10.603   939   939 V SystemServerTiming: StartDeviceMonitor took to complete: 2ms
01-07 07:25:10.603   939   939 D SystemServerTiming: StartLocationManagerService
01-07 07:25:10.603   939   939 I SystemServiceManager: Starting com.android.server.location.LocationManagerService$Lifecycle
01-07 07:25:10.609   939   939 V SystemServerTiming: StartLocationManagerService took to complete: 6ms
01-07 07:25:10.609   939   939 D SystemServerTiming: StartCountryDetectorService
01-07 07:25:10.610   939   939 V SystemServerTiming: StartCountryDetectorService took to complete: 0ms
01-07 07:25:10.610   939   939 D SystemServerTiming: StartTimeDetectorService
01-07 07:25:10.610   939   939 I SystemServiceManager: Starting com.android.server.timedetector.TimeDetectorService$Lifecycle
01-07 07:25:10.611   939   939 V SystemServerTiming: StartTimeDetectorService took to complete: 1ms
01-07 07:25:10.612   939   939 D SystemServerTiming: StartTimeZoneDetectorService
01-07 07:25:10.612   939   939 I SystemServiceManager: Starting com.android.server.timezonedetector.TimeZoneDetectorService$Lifecycle
01-07 07:25:10.615   939   939 V SystemServerTiming: StartTimeZoneDetectorService took to complete: 3ms
01-07 07:25:10.615   939   939 D SystemServerTiming: StartLocationTimeZoneManagerService
01-07 07:25:10.615   939   939 I SystemServiceManager: Starting com.android.server.timezonedetector.location.LocationTimeZoneManagerService$Lifecycle
01-07 07:25:10.615   939   939 D LocationTZDetector: Geo time zone detection feature is disabled in config
01-07 07:25:10.615   939   939 V SystemServerTiming: StartLocationTimeZoneManagerService took to complete: 0ms
01-07 07:25:10.615   939   939 D SystemServerTiming: StartSearchManagerService
01-07 07:25:10.615   939   939 I SystemServiceManager: Starting com.android.server.search.SearchManagerService$Lifecycle
01-07 07:25:10.616   939   939 V SystemServerTiming: StartSearchManagerService took to complete: 1ms
01-07 07:25:10.617   939   939 D SystemServerTiming: StartWallpaperManagerService
01-07 07:25:10.617   939   939 I SystemServiceManager: Starting com.android.server.wallpaper.WallpaperManagerService$Lifecycle
01-07 07:25:10.619   939   939 V SystemServerTiming: StartWallpaperManagerService took to complete: 2ms
01-07 07:25:10.619   939   939 D SystemServerTiming: StartWallpaperEffectsGenerationService
01-07 07:25:10.619   939   939 I SystemServiceManager: Starting com.android.server.wallpapereffectsgeneration.WallpaperEffectsGenerationManagerService
01-07 07:25:10.622   939   939 V SystemServerTiming: StartWallpaperEffectsGenerationService took to complete: 3ms
01-07 07:25:10.622   939   939 D SystemServerTiming: StartAudioService
01-07 07:25:10.622   939   939 I SystemServiceManager: Starting com.android.server.audio.AudioService$Lifecycle
01-07 07:25:10.668   939   939 V SystemServerTiming: StartAudioService took to complete: 46ms
01-07 07:25:10.668   939   939 D SystemServerTiming: StartSoundTriggerMiddlewareService
01-07 07:25:10.669   939   939 I SystemServiceManager: Starting com.android.server.soundtrigger_middleware.SoundTriggerMiddlewareService$Lifecycle
01-07 07:25:10.671   939   939 V SystemServerTiming: StartSoundTriggerMiddlewareService took to complete: 3ms
01-07 07:25:10.672   939   939 D SystemServerTiming: StartDockObserver
01-07 07:25:10.672   939   939 I SystemServiceManager: Starting com.android.server.DockObserver
01-07 07:25:10.672   939   939 I DockObserver: No extcon dock device found in this kernel.
01-07 07:25:10.673   939   939 V SystemServerTiming: StartDockObserver took to complete: 1ms
01-07 07:25:10.673   939   939 D SystemServerTiming: StartWiredAccessoryManager
01-07 07:25:10.674   939   939 W WiredAccessoryManager: This kernel does not have wired headset support
01-07 07:25:10.675   939   939 W WiredAccessoryManager: This kernel does not have usb audio support
01-07 07:25:10.675   939   939 W WiredAccessoryManager: This kernel does not have HDMI audio support
01-07 07:25:10.676   939   939 V SystemServerTiming: StartWiredAccessoryManager took to complete: 3ms
01-07 07:25:10.676   939   939 D SystemServerTiming: StartAdbService
01-07 07:25:10.676   939   939 I SystemServiceManager: Starting com.android.server.adb.AdbService$Lifecycle
01-07 07:25:10.678   939   939 V SystemServerTiming: StartAdbService took to complete: 2ms
01-07 07:25:10.678   939   939 D SystemServerTiming: StartUsbService
01-07 07:25:10.678   939   939 I SystemServiceManager: Starting com.android.server.usb.UsbService$Lifecycle
01-07 07:25:10.678   939   939 V SystemServerTiming: StartUsbService took to complete: 0ms
01-07 07:25:10.678   939   939 D SystemServerTiming: StartSerialService
01-07 07:25:10.678   939   975 D SystemServerTimingAsync: InitThreadPoolExec:UsbService$Lifecycle#onStart
01-07 07:25:10.678   939   975 D SystemServerInitThreadPool: Started executing UsbService$Lifecycle#onStart
01-07 07:25:10.679   939   939 V SystemServerTiming: StartSerialService took to complete: 1ms
01-07 07:25:10.679   939   939 D SystemServerTiming: StartHardwarePropertiesManagerService
01-07 07:25:10.679   939   975 I UsbDeviceManager: failed to write to /sys/class/android_usb/android0/f_rndis/ethaddr
01-07 07:25:10.686   939   939 V SystemServerTiming: StartHardwarePropertiesManagerService took to complete: 7ms
01-07 07:25:10.686   939   939 D SystemServerTiming: StartTwilightService
01-07 07:25:10.686   939   939 I SystemServiceManager: Starting com.android.server.twilight.TwilightService
01-07 07:25:10.686   939   939 V SystemServerTiming: StartTwilightService took to complete: 0ms
01-07 07:25:10.686   939   939 D SystemServerTiming: StartColorDisplay
01-07 07:25:10.686   939   939 I SystemServiceManager: Starting com.android.server.display.color.ColorDisplayService
01-07 07:25:10.686   939   975 W StorageManagerService: No primary storage defined yet; hacking together a stub
01-07 07:25:10.687   939   939 V SystemServerTiming: StartColorDisplay took to complete: 1ms
01-07 07:25:10.689     0     0 I         : [6 T975   ..] read descriptors
01-07 07:25:10.688   939   939 D SystemServerTiming: StartJobScheduler
01-07 07:25:10.689     0     0 I         : [6 T975   ..] read strings
01-07 07:25:10.689     0     0 I         : [6 T975   ..] read descriptors
01-07 07:25:10.689     0     0 I         : [6 T975   ..] read strings
01-07 07:25:10.688   939   939 I SystemServiceManager: Starting com.android.server.job.JobSchedulerService
01-07 07:25:10.689   939  1063 I UsbDeviceManager: Usb gadget hal service started android.hardware.usb.gadget@1.0::IUsbGadget default
01-07 07:25:10.691   939   939 D JobStore: Start tag: job-info
01-07 07:25:10.692   939   968 I UsbDeviceManager: processing MSG_GET_CURRENT_USB_FUNCTIONS
01-07 07:25:10.692   939   968 I UsbDeviceManager: updating mCurrentFunctions
01-07 07:25:10.692   939   975 D UsbPortManager: Querying USB HAL version
01-07 07:25:10.692   939   968 I UsbDeviceManager: mCurrentFunctions:0applied:1
01-07 07:25:10.694   939   939 I JobStore: Read 4 jobs
01-07 07:25:10.697   939   975 I UsbPortManager: USB HAL HIDL present
01-07 07:25:10.699   939   939 V HistoricalRegistry: Interaction before persistence initialized
01-07 07:25:10.699   939   939 V HistoricalRegistry: Interaction before persistence initialized
01-07 07:25:10.700   939  1177 I UsbPortManager: Usb hal service started android.hardware.usb@1.0::IUsb default
01-07 07:25:10.700   939   939 V SystemServerTiming: StartJobScheduler took to complete: 12ms
01-07 07:25:10.700   939   939 D SystemServerTiming: StartSoundTrigger
01-07 07:25:10.700   939   939 I SystemServiceManager: Starting com.android.server.soundtrigger.SoundTriggerService
01-07 07:25:10.701   939   939 V SystemServerTiming: StartSoundTrigger took to complete: 1ms
01-07 07:25:10.701   939   939 D SystemServerTiming: StartTrustManager
01-07 07:25:10.701   939   939 I SystemServiceManager: Starting com.android.server.trust.TrustManagerService
01-07 07:25:10.701   939   975 D UsbPortManager: getInstance done
01-07 07:25:10.703   939   939 V SystemServerTiming: StartTrustManager took to complete: 2ms
01-07 07:25:10.703   939   939 D SystemServerTiming: StartBackupManager
01-07 07:25:10.703   939   939 I SystemServiceManager: Starting com.android.server.backup.BackupManagerService$Lifecycle
01-07 07:25:10.704   939   975 D SystemServerInitThreadPool: Finished executing UsbService$Lifecycle#onStart
01-07 07:25:10.704   939   975 V SystemServerTimingAsync: InitThreadPoolExec:UsbService$Lifecycle#onStart took to complete: 26ms
01-07 07:25:10.707   939   939 V SystemServerTiming: StartBackupManager took to complete: 4ms
01-07 07:25:10.707   939   939 D SystemServerTiming: StartAppWidgetService
01-07 07:25:10.707   939   939 I SystemServiceManager: Starting com.android.server.appwidget.AppWidgetService
01-07 07:25:10.710   939   939 V SystemServerTiming: StartAppWidgetService took to complete: 3ms
01-07 07:25:10.710   939   939 D SystemServerTiming: StartVoiceRecognitionManager
01-07 07:25:10.710   939   939 I SystemServiceManager: Starting com.android.server.voiceinteraction.VoiceInteractionManagerService
01-07 07:25:10.727   939   939 V SystemServerTiming: StartVoiceRecognitionManager took to complete: 17ms
01-07 07:25:10.727   939   939 D SystemServerTiming: StartAppHibernationService
01-07 07:25:10.727   939   939 I SystemServiceManager: Starting com.android.server.apphibernation.AppHibernationService
01-07 07:25:10.729   939   939 V SystemServerTiming: StartAppHibernationService took to complete: 2ms
01-07 07:25:10.729   939   939 D SystemServerTiming: StartGestureLauncher
01-07 07:25:10.730   939   939 I SystemServiceManager: Starting com.android.server.GestureLauncherService
01-07 07:25:10.730   939   939 V SystemServerTiming: StartGestureLauncher took to complete: 1ms
01-07 07:25:10.730   939   939 D SystemServerTiming: StartSensorNotification
01-07 07:25:10.730   939   939 I SystemServiceManager: Starting com.android.server.SensorNotificationService
01-07 07:25:10.730   939   939 V SystemServerTiming: StartSensorNotification took to complete: 0ms
01-07 07:25:10.730   939   939 D SystemServerTiming: StartDiskStatsService
01-07 07:25:10.731   939   939 D CompatibilityChangeReporter: Compat change id reported: 194532703; UID 1000; state: ENABLED
01-07 07:25:10.733   939   939 V SystemServerTiming: StartDiskStatsService took to complete: 3ms
01-07 07:25:10.733   939   939 D SystemServerTiming: RuntimeService
01-07 07:25:10.733   939   939 V SystemServerTiming: RuntimeService took to complete: 0ms
01-07 07:25:10.734   939   939 D SystemServerTiming: StartNetworkTimeUpdateService
01-07 07:25:10.737   939   939 V SystemServerTiming: StartNetworkTimeUpdateService took to complete: 3ms
01-07 07:25:10.737   939   939 D SystemServerTiming: CertBlacklister
01-07 07:25:10.741   939   939 V SystemServerTiming: CertBlacklister took to complete: 4ms
01-07 07:25:10.741   939   939 D SystemServerTiming: StartEmergencyAffordanceService
01-07 07:25:10.741   939   939 I SystemServiceManager: Starting com.android.server.emergency.EmergencyAffordanceService
01-07 07:25:10.742   939   939 V SystemServerTiming: StartEmergencyAffordanceService took to complete: 1ms
01-07 07:25:10.742   939   939 D SystemServerTiming: startBlobStoreManagerService
01-07 07:25:10.742   939   939 I SystemServiceManager: Starting com.android.server.blob.BlobStoreManagerService
01-07 07:25:10.746   939   939 V SystemServerTiming: startBlobStoreManagerService took to complete: 3ms
01-07 07:25:10.746   939   939 D SystemServerTiming: StartDreamManager
01-07 07:25:10.746   939   939 I SystemServiceManager: Starting com.android.server.dreams.DreamManagerService
01-07 07:25:10.747   939   939 V SystemServerTiming: StartDreamManager took to complete: 1ms
01-07 07:25:10.747   939   939 D SystemServerTiming: AddGraphicsStatsService
01-07 07:25:10.750   939   939 V SystemServerTiming: AddGraphicsStatsService took to complete: 3ms
01-07 07:25:10.750   939   939 D SystemServerTiming: StartAttestationVerificationService
01-07 07:25:10.750   939   939 I SystemServiceManager: Starting com.android.server.security.AttestationVerificationManagerService
01-07 07:25:10.751   939   939 D AVF     : Started
01-07 07:25:10.752   939   939 V SystemServerTiming: StartAttestationVerificationService took to complete: 1ms
01-07 07:25:10.752   939   939 D SystemServerTiming: StartRestrictionManager
01-07 07:25:10.752   939   939 I SystemServiceManager: Starting com.android.server.restrictions.RestrictionsManagerService
01-07 07:25:10.753   939   939 V SystemServerTiming: StartRestrictionManager took to complete: 1ms
01-07 07:25:10.753   939   939 D SystemServerTiming: StartMediaSessionService
01-07 07:25:10.755   939   939 I SystemServiceManager: Starting com.android.server.media.MediaSessionService
01-07 07:25:10.758   939   939 V SystemServerTiming: StartMediaSessionService took to complete: 5ms
01-07 07:25:10.759   939   939 D SystemServerTiming: StartHdmiControlService
01-07 07:25:10.760   939   939 I SystemServiceManager: Starting com.android.server.hdmi.HdmiControlService
01-07 07:25:10.764   939   939 D HdmiCecActiveness: setState inactive mState:null
01-07 07:25:10.766   939   939 D HDMI    : Getting CEC setting value 'hdmi_cec_enabled'.
01-07 07:25:10.766   939   939 D HDMI    : Reading 'hdmi_cec_enabled' shared preference.
01-07 07:25:10.766   939   939 D HDMI    : Getting CEC setting value 'volume_control_enabled'.
01-07 07:25:10.766   939   939 D HDMI    : Reading 'volume_control_enabled' shared preference.
01-07 07:25:10.768   939   939 D HDMI    : soundbar mode:true
01-07 07:25:10.770   939   939 E HDMI    : [1]:Couldn't connect to cec@1.1java.util.NoSuchElementException
01-07 07:25:10.770   939   939 W HDMI    : [1]:Couldn't get tv.cec service.
01-07 07:25:10.771   939   939 W HDMI    : [1]:Unable to use cec@1.1
01-07 07:25:10.780   939   939 I HdmiControlService: Device does not support MHL-control.
01-07 07:25:10.782   939   939 D HDMI    : Getting CEC setting value 'hdmi_cec_version'.
01-07 07:25:10.782   939   939 D HDMI    : Reading 'hdmi_cec_version' shared preference.
01-07 07:25:10.783   939   939 D HDMI    : setOption: [flag:3, enabled:true]
01-07 07:25:10.788     0     0 I [3 T521   ..] cec: CEC framework ctrl enabled
01-07 07:25:10.784   939   939 D HDMI    : initializeLocalDevices type 5
01-07 07:25:10.784   939   939 D HDMI    : initializeLocalDevices skipping 5 mCecAudioSystemEnabled is false
01-07 07:25:10.784   939   939 D HDMI    : initializeLocalDevices type 4
01-07 07:25:10.785   939   939 D HDMI    : initializeLocalDevices type is 4 mCecAudioSystemEnabled is false setting to 8
01-07 07:25:10.790   939   939 D HDMI    : Getting CEC setting value 'routing_control'.
01-07 07:25:10.790   939   939 D HDMI    : Reading 'routing_control' shared preference.
01-07 07:25:10.868     0     0 E [5 T1     ..] init: Control message: Could not find 'aidl/clipboard' for ctl.interface_start from pid: 314 (/system/bin/servicemanager)
01-07 07:25:10.905   939  1189 D HDMI    : New logical address for device [4]: [preferred:3, assigned:3]
01-07 07:25:10.909   939   939 D HDMI    : initPortInfo port info:port_id: 3, type: HDMI_IN, address: 0x2300, cec: true, arc: false, mhl: false
01-07 07:25:10.910   939   939 D HDMI    : initPortInfo port info:port_id: 2, type: HDMI_IN, address: 0x2200, cec: true, arc: false, mhl: false
01-07 07:25:10.911   939   939 D HDMI    : initPortInfo port info:port_id: 1, type: HDMI_IN, address: 0x2100, cec: true, arc: false, mhl: false
01-07 07:25:10.911   939   939 D HDMI    : initPortInfo port info:port_id: 0, type: HDMI_OUT, address: 0x2000, cec: true, arc: true, mhl: false
01-07 07:25:10.912   939   939 I EarcController: initEarcState supported:true
01-07 07:25:10.912   939   939 D EarcController: initEarcState settings:true
01-07 07:25:10.912   939   939 D EarcController: setEarcMode true
01-07 07:25:10.915   939   939 D HDMI    : Getting CEC setting value 'system_audio_control'.
01-07 07:25:10.915   939   939 D HDMI    : Reading 'system_audio_control' shared preference.
01-07 07:25:10.915   939   939 D EarcController: initEarcState audio switch:true
01-07 07:25:10.915   939   939 D EarcController: setEarcHalSettings true
01-07 07:25:10.918   939   939 D EarcController: audioSystem get earc rx attended type hal_param_get_earcrx_attend_type=1
01-07 07:25:10.919   939   939 D HDMI    : Getting CEC setting value 'set_menu_language'.
01-07 07:25:10.919   939   939 D HDMI    : Reading 'set_menu_language' shared preference.
01-07 07:25:10.925   939   939 W SystemServiceManager: Service com.android.server.hdmi.HdmiControlService took 159 ms in onStart
01-07 07:25:10.925   939   939 V SystemServerTiming: StartHdmiControlService took to complete: 166ms
01-07 07:25:10.925   939   939 D SystemServerTiming: StartTvInteractiveAppManager
01-07 07:25:10.925   939   939 I SystemServiceManager: Starting com.android.server.tv.interactive.TvInteractiveAppManagerService
01-07 07:25:10.926   939   939 V SystemServerTiming: StartTvInteractiveAppManager took to complete: 1ms
01-07 07:25:10.927   939   939 D SystemServerTiming: StartTvInputManager
01-07 07:25:10.927   939   939 I SystemServiceManager: Starting com.android.server.tv.TvInputManagerService
01-07 07:25:10.935   939   939 V SystemServerTiming: StartTvInputManager took to complete: 8ms
01-07 07:25:10.935   939   939 D SystemServerTiming: StartTvRemoteService
01-07 07:25:10.936   939   939 I SystemServiceManager: Starting com.android.server.tv.TvRemoteService
01-07 07:25:10.936   939   939 V SystemServerTiming: StartTvRemoteService took to complete: 1ms
01-07 07:25:10.937   939   939 D SystemServerTiming: StartMediaRouterService
01-07 07:25:10.937   939   939 V HistoricalRegistry: Interaction before persistence initialized
01-07 07:25:10.939   939   939 V SystemServerTiming: StartMediaRouterService took to complete: 2ms
01-07 07:25:10.939   939   939 D SystemServerTiming: StartBiometricService
01-07 07:25:10.939   939   939 I SystemServiceManager: Starting com.android.server.biometrics.BiometricService
01-07 07:25:10.943   939   939 V SystemServerTiming: StartBiometricService took to complete: 4ms
01-07 07:25:10.944   939   939 D SystemServerTiming: StartAuthService
01-07 07:25:10.944   939   939 I SystemServiceManager: Starting com.android.server.biometrics.AuthService
01-07 07:25:10.946   939   939 V SystemServerTiming: StartAuthService took to complete: 2ms
01-07 07:25:10.946   939   939 D SystemServerTiming: StartDynamicCodeLoggingService
01-07 07:25:10.947   939   939 V SystemServerTiming: StartDynamicCodeLoggingService took to complete: 1ms
01-07 07:25:10.948   939   939 D SystemServerTiming: StartPruneInstantAppsJobService
01-07 07:25:10.948   939   939 V SystemServerTiming: StartPruneInstantAppsJobService took to complete: 1ms
01-07 07:25:10.948   939   939 D SystemServerTiming: StartShortcutServiceLifecycle
01-07 07:25:10.948   939   939 I SystemServiceManager: Starting com.android.server.pm.ShortcutService$Lifecycle
01-07 07:25:10.950   939   939 V HistoricalRegistry: Interaction before persistence initialized
01-07 07:25:10.951   939   939 V SystemServerTiming: StartShortcutServiceLifecycle took to complete: 2ms
01-07 07:25:10.951   939   939 D SystemServerTiming: StartLauncherAppsService
01-07 07:25:10.951   939   939 I SystemServiceManager: Starting com.android.server.pm.LauncherAppsService
01-07 07:25:10.953   939   939 V SystemServerTiming: StartLauncherAppsService took to complete: 2ms
01-07 07:25:10.953   939   939 D SystemServerTiming: StartCrossProfileAppsService
01-07 07:25:10.953   939   939 I SystemServiceManager: Starting com.android.server.pm.CrossProfileAppsService
01-07 07:25:10.954   939   939 V SystemServerTiming: StartCrossProfileAppsService took to complete: 1ms
01-07 07:25:10.954   939   939 D SystemServerTiming: StartPeopleService
01-07 07:25:10.954   939   939 I SystemServiceManager: Starting com.android.server.people.PeopleService
01-07 07:25:10.955   939   939 V SystemServerTiming: StartPeopleService took to complete: 0ms
01-07 07:25:10.955   939   939 D SystemServerTiming: StartMediaMetricsManager
01-07 07:25:10.955   939   939 I SystemServiceManager: Starting com.android.server.media.metrics.MediaMetricsManagerService
01-07 07:25:10.956   939   939 V SystemServerTiming: StartMediaMetricsManager took to complete: 1ms
01-07 07:25:10.956   939   939 D SystemServerTiming: StartMediaProjectionManager
01-07 07:25:10.956   939   939 I SystemServiceManager: Starting com.android.server.media.projection.MediaProjectionManagerService
01-07 07:25:10.960   939   939 V SystemServerTiming: StartMediaProjectionManager took to complete: 4ms
01-07 07:25:10.960   939   939 D SystemServerTiming: StartSliceManagerService
01-07 07:25:10.960   939   939 I SystemServiceManager: Starting com.android.server.slice.SliceManagerService$Lifecycle
01-07 07:25:10.963   939   939 V SystemServerTiming: StartSliceManagerService took to complete: 3ms
01-07 07:25:10.963   939   939 D SystemServerTiming: StartStatsCompanion
01-07 07:25:10.964   939   939 I SystemServiceManager: Starting com.android.server.stats.StatsCompanion$Lifecycle
01-07 07:25:10.967   939   939 V SystemServerTiming: StartStatsCompanion took to complete: 4ms
01-07 07:25:10.967   939   939 D SystemServerTiming: StartRebootReadinessManagerService
01-07 07:25:10.968   939   939 I SystemServiceManager: Starting com.android.server.scheduling.RebootReadinessManagerService$Lifecycle
01-07 07:25:10.974   939   939 V SystemServerTiming: StartRebootReadinessManagerService took to complete: 7ms
01-07 07:25:10.974   939   939 D SystemServerTiming: StartStatsPullAtomService
01-07 07:25:10.974   939   939 I SystemServiceManager: Starting com.android.server.stats.pull.StatsPullAtomService
01-07 07:25:10.974   939   939 V SystemServerTiming: StartStatsPullAtomService took to complete: 0ms
01-07 07:25:10.974   939   939 D SystemServerTiming: StatsBootstrapAtomService
01-07 07:25:10.974   939   939 I SystemServiceManager: Starting com.android.server.stats.bootstrap.StatsBootstrapAtomService$Lifecycle
01-07 07:25:10.975   939   939 V SystemServerTiming: StatsBootstrapAtomService took to complete: 1ms
01-07 07:25:10.976   939   939 D SystemServerTiming: StartIncidentCompanionService
01-07 07:25:10.976   939   939 I SystemServiceManager: Starting com.android.server.incident.IncidentCompanionService
01-07 07:25:10.976   939   939 V SystemServerTiming: StartIncidentCompanionService took to complete: 0ms
01-07 07:25:10.976   939   939 D SystemServerTiming: StarSdkSandboxManagerService
01-07 07:25:10.977   939   939 I SystemServiceManager: Starting com.android.server.sdksandbox.SdkSandboxManagerService$Lifecycle
01-07 07:25:10.980   939   939 V SystemServerTiming: StarSdkSandboxManagerService took to complete: 4ms
01-07 07:25:10.980   939   939 D SystemServerTiming: StartAdServicesManagerService
01-07 07:25:10.981   939   939 I SystemServiceManager: Starting com.android.server.adservices.AdServicesManagerService$Lifecycle
01-07 07:25:10.981   939   939 V SystemServerTiming: StartAdServicesManagerService took to complete: 1ms
01-07 07:25:10.982   939   939 D SystemServerTiming: StartAutoFillService
01-07 07:25:10.982   939   939 I SystemServiceManager: Starting com.android.server.autofill.AutofillManagerService
01-07 07:25:10.983   498   498 V ZygoteInitTiming_lazy: PreloadClasses took to complete: 1230ms
01-07 07:25:10.983   939   939 D AutofillManagerService: setLogLevelFromSettings(): level=2, debug=true, verbose=false
01-07 07:25:10.984   939   939 D AutofillManagerService: setMaxPartitionsFromSettings(): 10
01-07 07:25:10.984   939   939 D AutofillManagerService: setMaxVisibleDatasetsFromSettings(): 0
01-07 07:25:10.985   939   939 D AutofillManagerServiceImpl: Reset component for user 0:
01-07 07:25:10.985   939   969 D AutofillUI: destroySaveUiUiThread(): already destroyed
01-07 07:25:10.986   939   939 V SystemServerTiming: StartAutoFillService took to complete: 4ms
01-07 07:25:10.986   939   939 D SystemServer: TranslationService not defined by OEM
01-07 07:25:10.986   939   939 D SystemServerTiming: StartClipboardService
01-07 07:25:10.986   939   939 I SystemServiceManager: Starting com.android.server.clipboard.ClipboardService
01-07 07:25:10.989   939   939 V SystemServerTiming: StartClipboardService took to complete: 3ms
01-07 07:25:10.989   939   939 D SystemServerTiming: AppServiceManager
01-07 07:25:10.989   939   939 I SystemServiceManager: Starting com.android.server.appbinding.AppBindingService$Lifecycle
01-07 07:25:10.990   939   939 V SystemServerTiming: AppServiceManager took to complete: 1ms
01-07 07:25:10.990   939   939 D SystemServerTiming: startTracingServiceProxy
01-07 07:25:10.990   939   939 I SystemServiceManager: Starting com.android.server.tracing.TracingServiceProxy
01-07 07:25:10.991   939  1065 V HistoricalRegistry: Interaction before persistence initialized
01-07 07:25:10.993   939   939 V SystemServerTiming: startTracingServiceProxy took to complete: 3ms
01-07 07:25:10.993   939   939 D SystemServerTiming: MakeLockSettingsServiceReady
01-07 07:25:11.003   939   939 I SyntheticPasswordManager: Device does not support weaver
01-07 07:25:11.003   939   939 I LockSettingsService: Device doesn't implement AuthSecret HAL
01-07 07:25:11.004   498   498 V ZygoteInitTiming_lazy: CacheNonBootClasspathClassLoaders took to complete: 20ms
01-07 07:25:11.004   939   939 I LockSettingsService: FRP credential disabled, reporting device setup complete to Gatekeeper immediately
01-07 07:25:11.010   939   939 V SystemServerTiming: MakeLockSettingsServiceReady took to complete: 16ms
01-07 07:25:11.010   939   939 D SystemServerTiming: StartBootPhaseLockSettingsReady
01-07 07:25:11.010   939   939 I SystemServiceManager: Starting phase 480
01-07 07:25:11.010   939   939 D SystemServerTiming: OnBootPhase_480
01-07 07:25:11.010   939   939 D SystemServerTiming: OnBootPhase_480_com.android.server.security.FileIntegrityService
01-07 07:25:11.010   939   939 V SystemServerTiming: OnBootPhase_480_com.android.server.security.FileIntegrityService took to complete: 0ms
01-07 07:25:11.010   939   939 D SystemServerTiming: OnBootPhase_480_com.android.server.pm.Installer
01-07 07:25:11.010   939   939 V SystemServerTiming: OnBootPhase_480_com.android.server.pm.Installer took to complete: 0ms
01-07 07:25:11.010   939   939 D SystemServerTiming: OnBootPhase_480_com.android.server.os.DeviceIdentifiersPolicyService
01-07 07:25:11.010   939   939 V SystemServerTiming: OnBootPhase_480_com.android.server.os.DeviceIdentifiersPolicyService took to complete: 0ms
01-07 07:25:11.010   939   939 D SystemServerTiming: OnBootPhase_480_com.android.server.uri.UriGrantsManagerService$Lifecycle
01-07 07:25:11.010   939   939 V SystemServerTiming: OnBootPhase_480_com.android.server.uri.UriGrantsManagerService$Lifecycle took to complete: 0ms
01-07 07:25:11.010   939   939 D SystemServerTiming: OnBootPhase_480_com.android.server.powerstats.PowerStatsService
01-07 07:25:11.010   939   939 V SystemServerTiming: OnBootPhase_480_com.android.server.powerstats.PowerStatsService took to complete: 0ms
01-07 07:25:11.010   939   939 D SystemServerTiming: OnBootPhase_480_com.android.server.wm.ActivityTaskManagerService$Lifecycle
01-07 07:25:11.010   939   939 V SystemServerTiming: OnBootPhase_480_com.android.server.wm.ActivityTaskManagerService$Lifecycle took to complete: 0ms
01-07 07:25:11.010   939   939 D SystemServerTiming: OnBootPhase_480_com.android.server.am.ActivityManagerService$Lifecycle
01-07 07:25:11.010   939   939 V SystemServerTiming: OnBootPhase_480_com.android.server.am.ActivityManagerService$Lifecycle took to complete: 0ms
01-07 07:25:11.010   939   939 D SystemServerTiming: OnBootPhase_480_com.android.server.pm.DataLoaderManagerService
01-07 07:25:11.010   939   939 V SystemServerTiming: OnBootPhase_480_com.android.server.pm.DataLoaderManagerService took to complete: 0ms
01-07 07:25:11.010   939   939 D SystemServerTiming: OnBootPhase_480_com.android.server.power.PowerManagerService
01-07 07:25:11.010   939   939 V SystemServerTiming: OnBootPhase_480_com.android.server.power.PowerManagerService took to complete: 0ms
01-07 07:25:11.010   939   939 D SystemServerTiming: OnBootPhase_480_com.android.server.power.ThermalManagerService
01-07 07:25:11.010   939   939 V SystemServerTiming: OnBootPhase_480_com.android.server.power.ThermalManagerService took to complete: 0ms
01-07 07:25:11.010   939   939 D SystemServerTiming: OnBootPhase_480_com.android.server.power.hint.HintManagerService
01-07 07:25:11.010   939   939 V SystemServerTiming: OnBootPhase_480_com.android.server.power.hint.HintManagerService took to complete: 0ms
01-07 07:25:11.010   939   939 D SystemServerTiming: OnBootPhase_480_com.android.server.recoverysystem.RecoverySystemService$Lifecycle
01-07 07:25:11.010   939   939 V SystemServerTiming: OnBootPhase_480_com.android.server.recoverysystem.RecoverySystemService$Lifecycle took to complete: 0ms
01-07 07:25:11.010   939   939 D SystemServerTiming: OnBootPhase_480_com.android.server.lights.LightsService
01-07 07:25:11.010   939   939 V SystemServerTiming: OnBootPhase_480_com.android.server.lights.LightsService took to complete: 0ms
01-07 07:25:11.010   939   939 D SystemServerTiming: OnBootPhase_480_com.android.server.display.DisplayManagerService
01-07 07:25:11.010   939   939 V SystemServerTiming: OnBootPhase_480_com.android.server.display.DisplayManagerService took to complete: 0ms
01-07 07:25:11.010   939   939 D SystemServerTiming: OnBootPhase_480_com.android.server.pm.verify.domain.DomainVerificationService
01-07 07:25:11.010   939   939 V SystemServerTiming: OnBootPhase_480_com.android.server.pm.verify.domain.DomainVerificationService took to complete: 0ms
01-07 07:25:11.011   939   939 D SystemServerTiming: OnBootPhase_480_com.android.server.pm.PackageInstallerService$Lifecycle
01-07 07:25:11.011   939   939 V SystemServerTiming: OnBootPhase_480_com.android.server.pm.PackageInstallerService$Lifecycle took to complete: 0ms
01-07 07:25:11.011   939   939 D SystemServerTiming: OnBootPhase_480_com.android.server.pm.UserManagerService$LifeCycle
01-07 07:25:11.011   939   939 V SystemServerTiming: OnBootPhase_480_com.android.server.pm.UserManagerService$LifeCycle took to complete: 0ms
01-07 07:25:11.011   939   939 D SystemServerTiming: OnBootPhase_480_com.android.server.om.OverlayManagerService
01-07 07:25:11.011   939   939 V SystemServerTiming: OnBootPhase_480_com.android.server.om.OverlayManagerService took to complete: 0ms
01-07 07:25:11.011   939   939 D SystemServerTiming: OnBootPhase_480_com.android.server.resources.ResourcesManagerService
01-07 07:25:11.011   939   939 V SystemServerTiming: OnBootPhase_480_com.android.server.resources.ResourcesManagerService took to complete: 0ms
01-07 07:25:11.011   939   939 D SystemServerTiming: OnBootPhase_480_com.android.server.sensorprivacy.SensorPrivacyService
01-07 07:25:11.011   939   939 V SystemServerTiming: OnBootPhase_480_com.android.server.sensorprivacy.SensorPrivacyService took to complete: 0ms
01-07 07:25:11.011   939   939 D SystemServerTiming: OnBootPhase_480_com.android.server.sensors.SensorService
01-07 07:25:11.011   939   939 V SystemServerTiming: OnBootPhase_480_com.android.server.sensors.SensorService took to complete: 0ms
01-07 07:25:11.011   939   939 D SystemServerTiming: OnBootPhase_480_com.android.server.SystemConfigService
01-07 07:25:11.011   939   939 V SystemServerTiming: OnBootPhase_480_com.android.server.SystemConfigService took to complete: 0ms
01-07 07:25:11.011   939   939 D SystemServerTiming: OnBootPhase_480_com.android.server.BatteryService
01-07 07:25:11.011   939   939 V SystemServerTiming: OnBootPhase_480_com.android.server.BatteryService took to complete: 0ms
01-07 07:25:11.011   939   939 D SystemServerTiming: OnBootPhase_480_com.android.server.usage.UsageStatsService
01-07 07:25:11.011   939   939 V SystemServerTiming: OnBootPhase_480_com.android.server.usage.UsageStatsService took to complete: 0ms
01-07 07:25:11.011   939   939 D SystemServerTiming: OnBootPhase_480_com.android.server.webkit.WebViewUpdateService
01-07 07:25:11.011   939   939 V SystemServerTiming: OnBootPhase_480_com.android.server.webkit.WebViewUpdateService took to complete: 0ms
01-07 07:25:11.011   939   939 D SystemServerTiming: OnBootPhase_480_com.android.server.CachedDeviceStateService
01-07 07:25:11.011   939   939 V SystemServerTiming: OnBootPhase_480_com.android.server.CachedDeviceStateService took to complete: 0ms
01-07 07:25:11.011   939   939 D SystemServerTiming: OnBootPhase_480_com.android.server.BinderCallsStatsService$LifeCycle
01-07 07:25:11.011   939   939 V SystemServerTiming: OnBootPhase_480_com.android.server.BinderCallsStatsService$LifeCycle took to complete: 0ms
01-07 07:25:11.011   939   939 D SystemServerTiming: OnBootPhase_480_com.android.server.LooperStatsService$Lifecycle
01-07 07:25:11.011   939   939 V SystemServerTiming: OnBootPhase_480_com.android.server.LooperStatsService$Lifecycle took to complete: 0ms
01-07 07:25:11.011   939   939 D SystemServerTiming: OnBootPhase_480_com.android.server.rollback.RollbackManagerService
01-07 07:25:11.011   939   939 V SystemServerTiming: OnBootPhase_480_com.android.server.rollback.RollbackManagerService took to complete: 0ms
01-07 07:25:11.011   939   939 D SystemServerTiming: OnBootPhase_480_com.android.server.os.NativeTombstoneManagerService
01-07 07:25:11.011   939   939 V SystemServerTiming: OnBootPhase_480_com.android.server.os.NativeTombstoneManagerService took to complete: 0ms
01-07 07:25:11.011   939   939 D SystemServerTiming: OnBootPhase_480_com.android.server.os.BugreportManagerService
01-07 07:25:11.011   939   939 V SystemServerTiming: OnBootPhase_480_com.android.server.os.BugreportManagerService took to complete: 0ms
01-07 07:25:11.011   939   939 D SystemServerTiming: OnBootPhase_480_com.android.server.gpu.GpuService
01-07 07:25:11.011   939   939 V SystemServerTiming: OnBootPhase_480_com.android.server.gpu.GpuService took to complete: 0ms
01-07 07:25:11.011   939   939 D SystemServerTiming: OnBootPhase_480_com.android.server.security.KeyChainSystemService
01-07 07:25:11.011   939   939 V SystemServerTiming: OnBootPhase_480_com.android.server.security.KeyChainSystemService took to complete: 0ms
01-07 07:25:11.011   939   939 D SystemServerTiming: OnBootPhase_480_com.android.server.BinaryTransparencyService
01-07 07:25:11.011   939   939 V SystemServerTiming: OnBootPhase_480_com.android.server.BinaryTransparencyService took to complete: 0ms
01-07 07:25:11.011   939   939 D SystemServerTiming: OnBootPhase_480_com.android.server.accounts.AccountManagerService$Lifecycle
01-07 07:25:11.012   939   939 V SystemServerTiming: OnBootPhase_480_com.android.server.accounts.AccountManagerService$Lifecycle took to complete: 0ms
01-07 07:25:11.012   939   939 D SystemServerTiming: OnBootPhase_480_com.android.server.content.ContentService$Lifecycle
01-07 07:25:11.012   939   939 V SystemServerTiming: OnBootPhase_480_com.android.server.content.ContentService$Lifecycle took to complete: 0ms
01-07 07:25:11.012   939   939 D SystemServerTiming: OnBootPhase_480_com.android.server.DropBoxManagerService
01-07 07:25:11.012   939   939 V SystemServerTiming: OnBootPhase_480_com.android.server.DropBoxManagerService took to complete: 0ms
01-07 07:25:11.012   939   939 D SystemServerTiming: OnBootPhase_480_com.android.role.RoleService
01-07 07:25:11.012   939   939 V SystemServerTiming: OnBootPhase_480_com.android.role.RoleService took to complete: 0ms
