01-01 00:00:19.464   935   935 I PackageManager: Finished scanning system apps. Time: 360 ms, packageCount: 115 , timePerPackage: 3 , cached: 144
01-01 00:00:19.477   935  1010 W PackageParsing: No actions in intent-filter at /data/app/~~J5l7BPCzf-b3WaV4-obTaQ==/com.hulu.livingroomplus-aDkFv-BZGEwZJ4njmGTRoA==/base.apk Binary XML file line #57
01-01 00:00:19.480   935   935 D CompatibilityChangeReporter: Compat change id reported: 133396946; UID -1; state: ENABLED
01-01 00:00:19.503   935  1008 W PackageParsing: Ignoring duplicate uses-permissions/uses-permissions-sdk-m: com.android.providers.tv.permission.WRITE_EPG_DATA in package: com.future.filmrise at: Binary XML file line #37
01-01 00:00:19.505   935  1009 W PackageParsing: Ignoring duplicate uses-permissions/uses-permissions-sdk-m: com.android.providers.tv.permission.WRITE_EPG_DATA in package: com.ifood.tv at: Binary XML file line #37
01-01 00:00:19.517   935  1010 W PackageParsing: Ignoring duplicate uses-permissions/uses-permissions-sdk-m: com.android.providers.tv.permission.WRITE_EPG_DATA in package: com.future.HappyKids at: Binary XML file line #37
01-01 00:00:19.595   935  1007 D CompatibilityChangeReporter: Compat change id reported: 150232615; UID -1; state: DISABLED
01-01 00:00:19.598   935   935 D CompatibilityChangeReporter: Compat change id reported: 133396946; UID -1; state: DISABLED
01-01 00:00:19.613   935  1008 W PackageParsing: Unknown element under <application>: enable-feature at /data/app/~~ZqhCs2QZj1xU2ipQg5seuA==/com.cbs.ttd-GF5zo7aILBGURhAmSHFAtg==/base.apk Binary XML file line #210
01-01 00:00:19.661   935  1008 W PackageParsing: Ignoring duplicate uses-permissions/uses-permissions-sdk-m: com.android.providers.tv.permission.WRITE_EPG_DATA in package: com.future.moviesByFawesomeAndroidTV at: Binary XML file line #37
01-01 00:00:19.675   935  1010 I PackageParsing: Parse times for '/data/app/~~Ck9JsjMNKE2LGoSFaIPf1Q==': parse=146ms, update_cache=2 ms
01-01 00:00:19.733     0     0 E [2 T1     ..] init: Control message: Could not find 'aidl/device_state' for ctl.interface_start from pid: 320 (/system/bin/servicemanager)
01-01 00:00:19.819   935  1009 I PackageParsing: Parse times for '/data/app/~~LgFMvtN556WHbLn4qCLoFQ==': parse=303ms, update_cache=1 ms
01-01 00:00:19.822   935   935 I PackageManager: Finished scanning non-system apps. Time: 357 ms, packageCount: 17 , timePerPackage: 21 , cached: 0
01-01 00:00:19.825   935   935 I PackageManager: Time to scan packages: 0.721 seconds
01-01 00:00:19.825   935   935 I PackageManager: Permission ownership changed. Updating all permissions.
01-01 00:00:19.835   935   935 W PackageManager: Package android.ext.services is an APK in APEX, but has permission allowlist on the system image. Please bundle the allowlist in the com.android.extservices APEX instead.
01-01 00:00:19.835   935   935 W PackageManager: Package android.ext.services is an APK in APEX, but has permission allowlist on the system image. Please bundle the allowlist in the com.android.extservices APEX instead.
01-01 00:00:19.835   935   935 W PackageManager: Package android.ext.services is an APK in APEX, but has permission allowlist on the system image. Please bundle the allowlist in the com.android.extservices APEX instead.
01-01 00:00:19.835   935   935 W PackageManager: Package android.ext.services is an APK in APEX, but has permission allowlist on the system image. Please bundle the allowlist in the com.android.extservices APEX instead.
01-01 00:00:19.844   935   935 W PackageManager: Package com.android.providers.media.module is an APK in APEX, but has permission allowlist on the system image. Please bundle the allowlist in the com.android.mediaprovider APEX instead.
01-01 00:00:19.844   935   935 W PackageManager: Package com.android.providers.media.module is an APK in APEX, but has permission allowlist on the system image. Please bundle the allowlist in the com.android.mediaprovider APEX instead.
01-01 00:00:19.844   935   935 W PackageManager: Package com.android.providers.media.module is an APK in APEX, but has permission allowlist on the system image. Please bundle the allowlist in the com.android.mediaprovider APEX instead.
01-01 00:00:19.844   935   935 W PackageManager: Package com.android.providers.media.module is an APK in APEX, but has permission allowlist on the system image. Please bundle the allowlist in the com.android.mediaprovider APEX instead.
01-01 00:00:19.844   935   935 W PackageManager: Package com.android.providers.media.module is an APK in APEX, but has permission allowlist on the system image. Please bundle the allowlist in the com.android.mediaprovider APEX instead.
01-01 00:00:19.844   935   935 W PackageManager: Package com.android.providers.media.module is an APK in APEX, but has permission allowlist on the system image. Please bundle the allowlist in the com.android.mediaprovider APEX instead.
01-01 00:00:19.844   935   935 W PackageManager: Package com.android.providers.media.module is an APK in APEX, but has permission allowlist on the system image. Please bundle the allowlist in the com.android.mediaprovider APEX instead.
01-01 00:00:19.845   935   935 W PackageManager: Package com.android.providers.media.module is an APK in APEX, but has permission allowlist on the system image. Please bundle the allowlist in the com.android.mediaprovider APEX instead.
01-01 00:00:19.845   935   935 W PackageManager: Package com.android.providers.media.module is an APK in APEX, but has permission allowlist on the system image. Please bundle the allowlist in the com.android.mediaprovider APEX instead.
01-01 00:00:19.845   935   935 W PackageManager: Package com.android.providers.media.module is an APK in APEX, but has permission allowlist on the system image. Please bundle the allowlist in the com.android.mediaprovider APEX instead.
01-01 00:00:19.845   935   935 W PackageManager: Package com.android.providers.media.module is an APK in APEX, but has permission allowlist on the system image. Please bundle the allowlist in the com.android.mediaprovider APEX instead.
01-01 00:00:19.845   935   935 W PackageManager: Package com.android.providers.media.module is an APK in APEX, but has permission allowlist on the system image. Please bundle the allowlist in the com.android.mediaprovider APEX instead.
01-01 00:00:19.845   935   935 W PackageManager: Package com.android.providers.media.module is an APK in APEX, but has permission allowlist on the system image. Please bundle the allowlist in the com.android.mediaprovider APEX instead.
01-01 00:00:19.850   935   935 V PackageManager: reconcileAppsData for null u0 0x1 migrateAppData=true
01-01 00:00:19.868     0     0 E [4 T1     ..] init: Control message: Could not find 'aidl/package_native' for ctl.interface_start from pid: 320 (/system/bin/servicemanager)
01-01 00:00:19.949   935   935 V PackageManager: reconcileAppsData finished 16 packages
01-01 00:00:19.949   935   935 D PackageManagerTiming: write settings
01-01 00:00:19.950   935  1046 D SystemServerTimingAsync: InitThreadPoolExec:prepareAppData
01-01 00:00:19.950   935  1046 D SystemServerInitThreadPool: Started executing prepareAppData
01-01 00:00:19.983   935   935 V PackageManagerTiming: write settings took to complete: 34ms
01-01 00:00:19.984   935   935 W PackageManager: Domain verification agent not found
01-01 00:00:19.986   935   935 D PackageManager: Ephemeral resolver NOT found; no matching intent filters
01-01 00:00:19.986   935   935 D PackageManager: Instant App installer not found with android.intent.action.INSTALL_INSTANT_APP_PACKAGE
01-01 00:00:19.986   935   935 D PackageManager: Clear ephemeral installer activity
01-01 00:00:19.991   935   935 D PackageManagerTiming: GC
01-01 00:00:19.991   935   935 V PackageManagerTiming: GC took to complete: 0ms
01-01 00:00:19.991   935   935 I PackageManager: Fix for b/169414761 is applied
01-01 00:00:19.991   935   935 V PackageManagerTiming: create package manager took to complete: 1083ms
01-01 00:00:19.991   935   935 V UserSystemPackageInstaller: Checking that all system packages are whitelisted.
01-01 00:00:19.995   935   935 V UserSystemPackageInstaller: checkWhitelistedSystemPackages(mode=d) has no warnings
01-01 00:00:19.995   935   935 I Watchdog: Resuming HandlerChecker: main thread for reason: packagemanagermain. Pause count: 0
01-01 00:00:19.996   935   935 I SystemServerDexLoadReporter: Configuring system server dex reporter
01-01 00:00:19.998   935   935 V SystemServerTiming: StartPackageManagerService took to complete: 1095ms
01-01 00:00:20.001   935   935 D SystemServerTiming: StartOtaDexOptService
01-01 00:00:20.002   935   935 I Watchdog: Pausing HandlerChecker: main thread for reason: moveab. Pause count: 1
01-01 00:00:20.006   935   935 D OTADexopt: No upgrade, skipping A/B artifacts check.
01-01 00:00:20.006   935   935 I Watchdog: Resuming HandlerChecker: main thread for reason: moveab. Pause count: 0
01-01 00:00:20.006   935   935 V SystemServerTiming: StartOtaDexOptService took to complete: 4ms
01-01 00:00:20.006   935   935 D SystemServerTiming: StartUserManagerService
01-01 00:00:20.006   935   935 I SystemServiceManager: Starting com.android.server.pm.UserManagerService$LifeCycle
01-01 00:00:20.007   935   935 V SystemServerTiming: StartUserManagerService took to complete: 1ms
01-01 00:00:20.007   935   935 D SystemServerTiming: InitAttributerCache
01-01 00:00:20.007   935   935 V SystemServerTiming: InitAttributerCache took to complete: 0ms
01-01 00:00:20.007   935   935 D SystemServerTiming: SetSystemProcess
01-01 00:00:20.011   935   972 I ActivityManager: Connection with lmkd established
01-01 00:00:20.012   935   935 V SystemServerTiming: SetSystemProcess took to complete: 5ms
01-01 00:00:20.013   935   935 D CompatibilityChangeReporter: Compat change id reported: 161145287; UID 1000; state: DISABLED
01-01 00:00:20.014   935   935 D SystemServerTiming: InitWatchdog
01-01 00:00:20.014   935   935 V SystemServerTiming: InitWatchdog took to complete: 1ms
01-01 00:00:20.021   935   950 V HistoricalRegistry: Interaction before persistence initialized
01-01 00:00:20.057   935   935 D SystemServerTiming: StartOverlayManagerService
01-01 00:00:20.117   361   377 I keystore2: keystore2::watchdog: Watchdog thread idle -> terminating. Have a great day.
01-01 00:00:20.143   935   935 V SystemServerTiming: StartOverlayManagerService took to complete: 85ms
01-01 00:00:20.143   935   935 D SystemServerTiming: StartResourcesManagerService
01-01 00:00:20.144   935   935 V SystemServerTiming: StartResourcesManagerService took to complete: 1ms
01-01 00:00:20.144   935   935 D SystemServerTiming: StartSensorPrivacyService
01-01 00:00:20.145   935   961 W ActivityTaskManager: Skip updateConfiguration because mWindowManager isn't set
01-01 00:00:20.150   935   935 V SystemServerTiming: StartSensorPrivacyService took to complete: 6ms
01-01 00:00:20.150   935   935 D SystemServerTiming: StartSensorService
01-01 00:00:20.150   935   935 I SystemServiceManager: Starting com.android.server.sensors.SensorService
01-01 00:00:20.150   935   935 V SystemServerTiming: StartSensorService took to complete: 0ms
01-01 00:00:20.150   935   935 V SystemServerTiming: startBootstrapServices took to complete: 1671ms
01-01 00:00:20.150   935   935 D SystemServerTiming: startCoreServices
01-01 00:00:20.150   935   935 D SystemServerTiming: StartSystemConfigService
01-01 00:00:20.150   935   935 I SystemServiceManager: Starting com.android.server.SystemConfigService
01-01 00:00:20.151   935  1050 D SystemServerTimingAsync: InitThreadPoolExec:StartNativeSensorService
01-01 00:00:20.151   935  1050 D SystemServerInitThreadPool: Started executing StartNativeSensorService
01-01 00:00:20.151   935  1050 D SystemServerTimingAsync: StartNativeSensorService
01-01 00:00:20.151   935   935 V SystemServerTiming: StartSystemConfigService took to complete: 1ms
01-01 00:00:20.151   935   935 D SystemServerTiming: StartBatteryService
01-01 00:00:20.151   935   935 I SystemServiceManager: Starting com.android.server.BatteryService
01-01 00:00:20.155   935   935 I HealthServiceWrapperAidl: health: HealthServiceWrapper listening to AIDL HAL
01-01 00:00:20.155   935   935 I BatteryService: health: Waited 0ms and received the update.
01-01 00:00:20.157   935  1050 V SystemServerTimingAsync: StartNativeSensorService took to complete: 6ms
01-01 00:00:20.157   935  1050 D SystemServerInitThreadPool: Finished executing StartNativeSensorService
01-01 00:00:20.157   935   935 V SystemServerTiming: StartBatteryService took to complete: 6ms
01-01 00:00:20.157   935  1050 V SystemServerTimingAsync: InitThreadPoolExec:StartNativeSensorService took to complete: 7ms
01-01 00:00:20.157   935   935 D SystemServerTiming: StartUsageService
01-01 00:00:20.157   935   935 I SystemServiceManager: Starting com.android.server.usage.UsageStatsService
01-01 00:00:20.157     0     0 W [7 T515   ..] healthd: battery none chg=
01-01 00:00:20.160   935  1046 V SystemServerTimingAsync: AppDataFixup took to complete: 210ms
01-01 00:00:20.161   935  1046 W PackageManager: Skipping preparing app data for com.android.sdksandbox
01-01 00:00:20.162   935   935 V SystemServerTiming: StartUsageService took to complete: 4ms
01-01 00:00:20.162   935   935 D SystemServerTiming: StartWebViewUpdateService
01-01 00:00:20.162   935   935 I SystemServiceManager: Starting com.android.server.webkit.WebViewUpdateService
01-01 00:00:20.163   935   935 V SystemServerTiming: StartWebViewUpdateService took to complete: 1ms
01-01 00:00:20.163   935   935 D SystemServerTiming: StartCachedDeviceStateService
01-01 00:00:20.163   935   935 I SystemServiceManager: Starting com.android.server.CachedDeviceStateService
01-01 00:00:20.163   935   935 V SystemServerTiming: StartCachedDeviceStateService took to complete: 0ms
01-01 00:00:20.163   935   935 D SystemServerTiming: StartBinderCallsStatsService
01-01 00:00:20.163   935   935 I SystemServiceManager: Starting com.android.server.BinderCallsStatsService$LifeCycle
01-01 00:00:20.164   935   935 V SystemServerTiming: StartBinderCallsStatsService took to complete: 1ms
01-01 00:00:20.164   935   935 D SystemServerTiming: StartLooperStatsService
01-01 00:00:20.164   935   935 I SystemServiceManager: Starting com.android.server.LooperStatsService$Lifecycle
01-01 00:00:20.165   935   935 V SystemServerTiming: StartLooperStatsService took to complete: 0ms
01-01 00:00:20.165   935   935 D SystemServerTiming: StartRollbackManagerService
01-01 00:00:20.165   935   935 I SystemServiceManager: Starting com.android.server.rollback.RollbackManagerService
01-01 00:00:20.169   935   935 I PackageWatchdog: Syncing state, reason: added new observer
01-01 00:00:20.169   935   935 I PackageWatchdog: Not pruning observers, elapsed time: 0ms
01-01 00:00:20.169   935   935 I PackageWatchdog: Cancelling state sync, nothing to sync
01-01 00:00:20.169   935   969 I PackageWatchdog: Saving observer state to file
01-01 00:00:20.173   935   935 V SystemServerTiming: StartRollbackManagerService took to complete: 8ms
01-01 00:00:20.173   935   935 D SystemServerTiming: StartNativeTombstoneManagerService
01-01 00:00:20.173   935   935 I SystemServiceManager: Starting com.android.server.os.NativeTombstoneManagerService
01-01 00:00:20.173   935   935 V SystemServerTiming: StartNativeTombstoneManagerService took to complete: 1ms
01-01 00:00:20.174   935   935 D SystemServerTiming: StartBugreportManagerService
01-01 00:00:20.174   935   935 I SystemServiceManager: Starting com.android.server.os.BugreportManagerService
01-01 00:00:20.174   935   935 V SystemServerTiming: StartBugreportManagerService took to complete: 1ms
01-01 00:00:20.174   935   935 D SystemServerTiming: GpuService
01-01 00:00:20.174   935   935 I SystemServiceManager: Starting com.android.server.gpu.GpuService
01-01 00:00:20.174   935   935 V SystemServerTiming: GpuService took to complete: 0ms
01-01 00:00:20.174   935   935 V SystemServerTiming: startCoreServices took to complete: 24ms
01-01 00:00:20.174   935   935 D SystemServerTiming: startOtherServices
01-01 00:00:20.175   935   935 D SystemServerTiming: StartKeyAttestationApplicationIdProviderService
01-01 00:00:20.175   935  1058 D SystemServerTimingAsync: InitThreadPoolExec:SecondaryZygotePreload
01-01 00:00:20.175   935  1058 D SystemServerInitThreadPool: Started executing SecondaryZygotePreload
01-01 00:00:20.175   935  1058 I SystemServer: SecondaryZygotePreload
01-01 00:00:20.175   935  1058 D SystemServerTimingAsync: SecondaryZygotePreload
01-01 00:00:20.175   935   935 V SystemServerTiming: StartKeyAttestationApplicationIdProviderService took to complete: 1ms
01-01 00:00:20.175   935   935 D SystemServerTiming: StartKeyChainSystemService
01-01 00:00:20.175   935   935 I SystemServiceManager: Starting com.android.server.security.KeyChainSystemService
01-01 00:00:20.176   935   935 V SystemServerTiming: StartKeyChainSystemService took to complete: 0ms
01-01 00:00:20.176   935   935 D SystemServerTiming: StartBinaryTransparencyService
01-01 00:00:20.176   935   935 I SystemServiceManager: Starting com.android.server.BinaryTransparencyService
01-01 00:00:20.177   935   935 I TransparencyService: Started BinaryTransparencyService
01-01 00:00:20.177   935   935 V SystemServerTiming: StartBinaryTransparencyService took to complete: 1ms
01-01 00:00:20.177   935   935 D SystemServerTiming: StartSchedulingPolicyService
01-01 00:00:20.177   935  1059 D SystemServerTimingAsync: InitThreadPoolExec:SchedulingPolicyService.<init>
01-01 00:00:20.177   935  1059 D SystemServerInitThreadPool: Started executing SchedulingPolicyService.<init>
01-01 00:00:20.178   935   935 V SystemServerTiming: StartSchedulingPolicyService took to complete: 1ms
01-01 00:00:20.178   935   935 D SystemServerTiming: StartTelephonyRegistry
01-01 00:00:20.179   935   935 V SystemServerTiming: StartTelephonyRegistry took to complete: 1ms
01-01 00:00:20.179   935   935 D SystemServerTiming: StartEntropyMixer
01-01 00:00:20.180   935   935 I EntropyMixer: Loaded existing seed file
01-01 00:00:20.181   935   935 I EntropyMixer: Updated seed file
01-01 00:00:20.182   935   935 V SystemServerTiming: StartEntropyMixer took to complete: 2ms
01-01 00:00:20.182   935   935 D SystemServerTiming: StartAccountManagerService
01-01 00:00:20.182   935   935 I SystemServiceManager: Starting com.android.server.accounts.AccountManagerService$Lifecycle
01-01 00:00:20.187   935   935 V SystemServerTiming: StartAccountManagerService took to complete: 5ms
01-01 00:00:20.187   935   935 D SystemServerTiming: StartContentService
01-01 00:00:20.187   935   935 I SystemServiceManager: Starting com.android.server.content.ContentService$Lifecycle
01-01 00:00:20.189   935   935 V SystemServerTiming: StartContentService took to complete: 2ms
01-01 00:00:20.189   935   935 D SystemServerTiming: InstallSystemProviders
01-01 00:00:20.191   935  1059 D SystemServerInitThreadPool: Finished executing SchedulingPolicyService.<init>
01-01 00:00:20.191   935  1059 V SystemServerTimingAsync: InitThreadPoolExec:SchedulingPolicyService.<init> took to complete: 14ms
01-01 00:00:20.253   935   970 D ActivityManager: Freezer enabled
01-01 00:00:20.253   935   970 D ActivityManager: freezer override set to false
01-01 00:00:20.253   935   935 V SystemServerTiming: InstallSystemProviders took to complete: 64ms
01-01 00:00:20.253   935   935 D SystemServerTiming: UpdateWatchdogTimeout
01-01 00:00:20.253   935   935 I Watchdog: Watchdog timeout updated to 60000 millis
01-01 00:00:20.254   935   935 V SystemServerTiming: UpdateWatchdogTimeout took to complete: 0ms
01-01 00:00:20.254   935   935 D SystemServerTiming: StartDropBoxManager
01-01 00:00:20.254   935   935 I SystemServiceManager: Starting com.android.server.DropBoxManagerService
01-01 00:00:20.254   935   935 V SystemServerTiming: StartDropBoxManager took to complete: 1ms
01-01 00:00:20.254   935   935 D SystemServerTiming: StartRoleManagerService
01-01 00:00:20.255   935   935 I SystemServiceManager: Starting com.android.role.RoleService
01-01 00:00:20.257   499   499 V ZygoteInitTiming_lazy: BeginPreload took to complete: 79ms
01-01 00:00:20.301   935   935 V SystemServerTiming: StartRoleManagerService took to complete: 47ms
01-01 00:00:20.301   935   935 D SystemServerTiming: StartVibratorManagerService
01-01 00:00:20.301   935   935 I SystemServiceManager: Starting com.android.server.vibrator.VibratorManagerService$Lifecycle
01-01 00:00:20.307   935   935 V SystemServerTiming: StartVibratorManagerService took to complete: 5ms
01-01 00:00:20.307   935   935 D SystemServerTiming: StartDynamicSystemService
01-01 00:00:20.308   935   935 V SystemServerTiming: StartDynamicSystemService took to complete: 0ms
01-01 00:00:20.308   935   935 D SystemServerTiming: StartConsumerIrService
01-01 00:00:20.309   935   935 V SystemServerTiming: StartConsumerIrService took to complete: 2ms
01-01 00:00:20.309   935   935 D SystemServerTiming: StartResourceEconomy
01-01 00:00:20.313   935   935 I SystemServiceManager: Starting com.android.server.tare.InternalResourceService
01-01 00:00:20.318   935   935 V SystemServerTiming: StartResourceEconomy took to complete: 8ms
01-01 00:00:20.318   935   935 D SystemServerTiming: StartAlarmManagerService
01-01 00:00:20.319   935   935 I SystemServiceManager: Starting com.android.server.alarm.AlarmManagerService
01-01 00:00:20.324   935   935 I AlarmManager: Current time only 20324, advancing to build time 1736212870000
01-07 01:21:10.002   935   935 V SystemServerTiming: StartAlarmManagerService took to complete: 9ms
01-07 01:21:10.002   935   935 D SystemServerTiming: StartInputManagerService
01-07 01:21:10.010   935   935 I InputManager: Initializing input manager, mUseDevInputEventForAudioJack=false
01-07 01:21:10.010   935   935 V SystemServerTiming: StartInputManagerService took to complete: 7ms
01-07 01:21:10.010   935   935 D SystemServerTiming: DeviceStateManagerService
01-07 01:21:10.010   935   935 I SystemServiceManager: Starting com.android.server.devicestate.DeviceStateManagerService
01-07 01:21:10.018   935   935 V SystemServerTiming: DeviceStateManagerService took to complete: 8ms
01-07 01:21:10.018   935   935 D SystemServerTiming: StartWindowManagerService
01-07 01:21:10.018   935   935 I SystemServiceManager: Starting phase 200
01-07 01:21:10.018   935   935 D SystemServerTiming: OnBootPhase_200
01-07 01:21:10.018   935   935 D SystemServerTiming: OnBootPhase_200_com.android.server.security.FileIntegrityService
01-07 01:21:10.018   935   935 V SystemServerTiming: OnBootPhase_200_com.android.server.security.FileIntegrityService took to complete: 0ms
01-07 01:21:10.018   935   935 D SystemServerTiming: OnBootPhase_200_com.android.server.pm.Installer
01-07 01:21:10.018   935   935 V SystemServerTiming: OnBootPhase_200_com.android.server.pm.Installer took to complete: 0ms
01-07 01:21:10.018   935   935 D SystemServerTiming: OnBootPhase_200_com.android.server.os.DeviceIdentifiersPolicyService
01-07 01:21:10.018   935   935 V SystemServerTiming: OnBootPhase_200_com.android.server.os.DeviceIdentifiersPolicyService took to complete: 0ms
01-07 01:21:10.018   935   935 D SystemServerTiming: OnBootPhase_200_com.android.server.uri.UriGrantsManagerService$Lifecycle
01-07 01:21:10.018   935   935 V SystemServerTiming: OnBootPhase_200_com.android.server.uri.UriGrantsManagerService$Lifecycle took to complete: 0ms
01-07 01:21:10.018   935   935 D SystemServerTiming: OnBootPhase_200_com.android.server.powerstats.PowerStatsService
01-07 01:21:10.018   935   935 V SystemServerTiming: OnBootPhase_200_com.android.server.powerstats.PowerStatsService took to complete: 0ms
01-07 01:21:10.018   935   935 D SystemServerTiming: OnBootPhase_200_com.android.server.wm.ActivityTaskManagerService$Lifecycle
01-07 01:21:10.018   935   935 V SystemServerTiming: OnBootPhase_200_com.android.server.wm.ActivityTaskManagerService$Lifecycle took to complete: 0ms
01-07 01:21:10.018   935   935 D SystemServerTiming: OnBootPhase_200_com.android.server.am.ActivityManagerService$Lifecycle
01-07 01:21:10.018   935   935 V SystemServerTiming: OnBootPhase_200_com.android.server.am.ActivityManagerService$Lifecycle took to complete: 0ms
01-07 01:21:10.018   935   935 D SystemServerTiming: OnBootPhase_200_com.android.server.pm.DataLoaderManagerService
01-07 01:21:10.018   935   935 V SystemServerTiming: OnBootPhase_200_com.android.server.pm.DataLoaderManagerService took to complete: 0ms
01-07 01:21:10.018   935   935 D SystemServerTiming: OnBootPhase_200_com.android.server.power.PowerManagerService
01-07 01:21:10.019   935   935 V SystemServerTiming: OnBootPhase_200_com.android.server.power.PowerManagerService took to complete: 0ms
01-07 01:21:10.019   935   935 D SystemServerTiming: OnBootPhase_200_com.android.server.power.ThermalManagerService
01-07 01:21:10.019   935   935 V SystemServerTiming: OnBootPhase_200_com.android.server.power.ThermalManagerService took to complete: 0ms
01-07 01:21:10.019   935   935 D SystemServerTiming: OnBootPhase_200_com.android.server.power.hint.HintManagerService
01-07 01:21:10.019   935   935 V SystemServerTiming: OnBootPhase_200_com.android.server.power.hint.HintManagerService took to complete: 0ms
01-07 01:21:10.019   935   935 D SystemServerTiming: OnBootPhase_200_com.android.server.recoverysystem.RecoverySystemService$Lifecycle
01-07 01:21:10.019   935   935 V SystemServerTiming: OnBootPhase_200_com.android.server.recoverysystem.RecoverySystemService$Lifecycle took to complete: 0ms
01-07 01:21:10.019   935   935 D SystemServerTiming: OnBootPhase_200_com.android.server.lights.LightsService
01-07 01:21:10.019   935   935 V SystemServerTiming: OnBootPhase_200_com.android.server.lights.LightsService took to complete: 0ms
01-07 01:21:10.019   935   935 D SystemServerTiming: OnBootPhase_200_com.android.server.display.DisplayManagerService
01-07 01:21:10.019   935   935 V SystemServerTiming: OnBootPhase_200_com.android.server.display.DisplayManagerService took to complete: 0ms
01-07 01:21:10.019   935   935 D SystemServerTiming: OnBootPhase_200_com.android.server.pm.verify.domain.DomainVerificationService
01-07 01:21:10.019   935   935 V SystemServerTiming: OnBootPhase_200_com.android.server.pm.verify.domain.DomainVerificationService took to complete: 0ms
01-07 01:21:10.019   935   935 D SystemServerTiming: OnBootPhase_200_com.android.server.pm.PackageInstallerService$Lifecycle
01-07 01:21:10.019   935   935 V SystemServerTiming: OnBootPhase_200_com.android.server.pm.PackageInstallerService$Lifecycle took to complete: 0ms
01-07 01:21:10.019   935   935 D SystemServerTiming: OnBootPhase_200_com.android.server.pm.UserManagerService$LifeCycle
01-07 01:21:10.019   935   935 V SystemServerTiming: OnBootPhase_200_com.android.server.pm.UserManagerService$LifeCycle took to complete: 0ms
01-07 01:21:10.019   935   935 D SystemServerTiming: OnBootPhase_200_com.android.server.om.OverlayManagerService
01-07 01:21:10.019   935   935 V SystemServerTiming: OnBootPhase_200_com.android.server.om.OverlayManagerService took to complete: 0ms
01-07 01:21:10.019   935   935 D SystemServerTiming: OnBootPhase_200_com.android.server.resources.ResourcesManagerService
01-07 01:21:10.019   935   935 V SystemServerTiming: OnBootPhase_200_com.android.server.resources.ResourcesManagerService took to complete: 0ms
01-07 01:21:10.019   935   935 D SystemServerTiming: OnBootPhase_200_com.android.server.sensorprivacy.SensorPrivacyService
01-07 01:21:10.019   935   935 V SystemServerTiming: OnBootPhase_200_com.android.server.sensorprivacy.SensorPrivacyService took to complete: 0ms
01-07 01:21:10.019   935   935 D SystemServerTiming: OnBootPhase_200_com.android.server.sensors.SensorService
01-07 01:21:10.019   935   935 V SystemServerTiming: OnBootPhase_200_com.android.server.sensors.SensorService took to complete: 0ms
01-07 01:21:10.019   935   935 D SystemServerTiming: OnBootPhase_200_com.android.server.SystemConfigService
01-07 01:21:10.019   935   935 V SystemServerTiming: OnBootPhase_200_com.android.server.SystemConfigService took to complete: 0ms
01-07 01:21:10.019   935   935 D SystemServerTiming: OnBootPhase_200_com.android.server.BatteryService
01-07 01:21:10.019   935   935 V SystemServerTiming: OnBootPhase_200_com.android.server.BatteryService took to complete: 0ms
01-07 01:21:10.019   935   935 D SystemServerTiming: OnBootPhase_200_com.android.server.usage.UsageStatsService
01-07 01:21:10.019   935   935 V SystemServerTiming: OnBootPhase_200_com.android.server.usage.UsageStatsService took to complete: 0ms
01-07 01:21:10.019   935   935 D SystemServerTiming: OnBootPhase_200_com.android.server.webkit.WebViewUpdateService
01-07 01:21:10.019   935   935 V SystemServerTiming: OnBootPhase_200_com.android.server.webkit.WebViewUpdateService took to complete: 0ms
01-07 01:21:10.020   935   935 D SystemServerTiming: OnBootPhase_200_com.android.server.CachedDeviceStateService
01-07 01:21:10.020   935   935 V SystemServerTiming: OnBootPhase_200_com.android.server.CachedDeviceStateService took to complete: 0ms
01-07 01:21:10.020   935   935 D SystemServerTiming: OnBootPhase_200_com.android.server.BinderCallsStatsService$LifeCycle
01-07 01:21:10.020   935   935 V SystemServerTiming: OnBootPhase_200_com.android.server.BinderCallsStatsService$LifeCycle took to complete: 0ms
01-07 01:21:10.020   935   935 D SystemServerTiming: OnBootPhase_200_com.android.server.LooperStatsService$Lifecycle
01-07 01:21:10.020   935   935 V SystemServerTiming: OnBootPhase_200_com.android.server.LooperStatsService$Lifecycle took to complete: 0ms
01-07 01:21:10.020   935   935 D SystemServerTiming: OnBootPhase_200_com.android.server.rollback.RollbackManagerService
01-07 01:21:10.020   935   935 V SystemServerTiming: OnBootPhase_200_com.android.server.rollback.RollbackManagerService took to complete: 0ms
01-07 01:21:10.020   935   935 D SystemServerTiming: OnBootPhase_200_com.android.server.os.NativeTombstoneManagerService
01-07 01:21:10.020   935   935 V SystemServerTiming: OnBootPhase_200_com.android.server.os.NativeTombstoneManagerService took to complete: 0ms
01-07 01:21:10.020   935   935 D SystemServerTiming: OnBootPhase_200_com.android.server.os.BugreportManagerService
01-07 01:21:10.020   935   935 V SystemServerTiming: OnBootPhase_200_com.android.server.os.BugreportManagerService took to complete: 0ms
01-07 01:21:10.020   935   935 D SystemServerTiming: OnBootPhase_200_com.android.server.gpu.GpuService
01-07 01:21:10.020   935   935 V SystemServerTiming: OnBootPhase_200_com.android.server.gpu.GpuService took to complete: 0ms
01-07 01:21:10.020   935   935 D SystemServerTiming: OnBootPhase_200_com.android.server.security.KeyChainSystemService
01-07 01:21:10.020   935   935 V SystemServerTiming: OnBootPhase_200_com.android.server.security.KeyChainSystemService took to complete: 0ms
01-07 01:21:10.020   935   935 D SystemServerTiming: OnBootPhase_200_com.android.server.BinaryTransparencyService
01-07 01:21:10.020   935   935 V SystemServerTiming: OnBootPhase_200_com.android.server.BinaryTransparencyService took to complete: 0ms
01-07 01:21:10.020   935   935 D SystemServerTiming: OnBootPhase_200_com.android.server.accounts.AccountManagerService$Lifecycle
01-07 01:21:10.020   935   935 V SystemServerTiming: OnBootPhase_200_com.android.server.accounts.AccountManagerService$Lifecycle took to complete: 0ms
01-07 01:21:10.020   935   935 D SystemServerTiming: OnBootPhase_200_com.android.server.content.ContentService$Lifecycle
01-07 01:21:10.020   935   935 V SystemServerTiming: OnBootPhase_200_com.android.server.content.ContentService$Lifecycle took to complete: 0ms
01-07 01:21:10.020   935   935 D SystemServerTiming: OnBootPhase_200_com.android.server.DropBoxManagerService
01-07 01:21:10.020   935   935 V SystemServerTiming: OnBootPhase_200_com.android.server.DropBoxManagerService took to complete: 0ms
01-07 01:21:10.020   935   935 D SystemServerTiming: OnBootPhase_200_com.android.role.RoleService
01-07 01:21:10.020   935   935 V SystemServerTiming: OnBootPhase_200_com.android.role.RoleService took to complete: 0ms
01-07 01:21:10.020   935   935 D SystemServerTiming: OnBootPhase_200_com.android.server.vibrator.VibratorManagerService$Lifecycle
01-07 01:21:10.020   935   935 V SystemServerTiming: OnBootPhase_200_com.android.server.vibrator.VibratorManagerService$Lifecycle took to complete: 0ms
01-07 01:21:10.020   935   935 D SystemServerTiming: OnBootPhase_200_com.android.server.tare.InternalResourceService
01-07 01:21:10.020   935   935 V SystemServerTiming: OnBootPhase_200_com.android.server.tare.InternalResourceService took to complete: 0ms
01-07 01:21:10.020   935   935 D SystemServerTiming: OnBootPhase_200_com.android.server.alarm.AlarmManagerService
01-07 01:21:10.020   935   935 V SystemServerTiming: OnBootPhase_200_com.android.server.alarm.AlarmManagerService took to complete: 0ms
01-07 01:21:10.020   935   935 D SystemServerTiming: OnBootPhase_200_com.android.server.devicestate.DeviceStateManagerService
01-07 01:21:10.020   935   935 V SystemServerTiming: OnBootPhase_200_com.android.server.devicestate.DeviceStateManagerService took to complete: 0ms
01-07 01:21:10.020   935   935 V SystemServerTiming: OnBootPhase_200 took to complete: 3ms
01-07 01:21:10.022   935   935 I WindowManager: No existing display settings, starting empty
01-07 01:21:10.022   935   935 I WindowManager: No existing display settings, starting empty
01-07 01:21:10.026   935   964 E WindowManager: Error reading from LetterboxConfigurationPersister. Using default values!
01-07 01:21:10.026   935   964 E WindowManager: java.io.FileNotFoundException: /data/system/letterbox_config: open failed: ENOENT (No such file or directory)
01-07 01:21:10.026   935   964 E WindowManager: 	at libcore.io.IoBridge.open(IoBridge.java:574)
01-07 01:21:10.026   935   964 E WindowManager: 	at java.io.FileInputStream.<init>(FileInputStream.java:160)
01-07 01:21:10.026   935   964 E WindowManager: 	at android.util.AtomicFile.openRead(AtomicFile.java:260)
01-07 01:21:10.026   935   964 E WindowManager: 	at com.android.server.wm.LetterboxConfigurationPersister.readCurrentConfiguration(LetterboxConfigurationPersister.java:221)
01-07 01:21:10.026   935   964 E WindowManager: 	at com.android.server.wm.LetterboxConfigurationPersister.<init>(LetterboxConfigurationPersister.java:128)
01-07 01:21:10.026   935   964 E WindowManager: 	at com.android.server.wm.LetterboxConfigurationPersister.<init>(LetterboxConfigurationPersister.java:101)
01-07 01:21:10.026   935   964 E WindowManager: 	at com.android.server.wm.LetterboxConfiguration.<init>(LetterboxConfiguration.java:242)
01-07 01:21:10.026   935   964 E WindowManager: 	at com.android.server.wm.WindowManagerService.<init>(WindowManagerService.java:1224)
01-07 01:21:10.026   935   964 E WindowManager: 	at com.android.server.wm.WindowManagerService.lambda$main$1(WindowManagerService.java:1168)
01-07 01:21:10.026   935   964 E WindowManager: 	at com.android.server.wm.WindowManagerService.$r8$lambda$mdM6IEP25omWg9Thw5NvWNLhRLE(Unknown Source:0)
01-07 01:21:10.026   935   964 E WindowManager: 	at com.android.server.wm.WindowManagerService$$ExternalSyntheticLambda3.run(Unknown Source:20)
01-07 01:21:10.026   935   964 E WindowManager: 	at android.os.Handler$BlockingRunnable.run(Handler.java:965)
01-07 01:21:10.026   935   964 E WindowManager: 	at android.os.Handler.handleCallback(Handler.java:942)
01-07 01:21:10.026   935   964 E WindowManager: 	at android.os.Handler.dispatchMessage(Handler.java:99)
01-07 01:21:10.026   935   964 E WindowManager: 	at android.os.Looper.loopOnce(Looper.java:201)
01-07 01:21:10.026   935   964 E WindowManager: 	at android.os.Looper.loop(Looper.java:288)
01-07 01:21:10.026   935   964 E WindowManager: 	at android.os.HandlerThread.run(HandlerThread.java:67)
01-07 01:21:10.026   935   964 E WindowManager: 	at com.android.server.ServiceThread.run(ServiceThread.java:44)
01-07 01:21:10.026   935   964 E WindowManager: Caused by: android.system.ErrnoException: open failed: ENOENT (No such file or directory)
01-07 01:21:10.026   935   964 E WindowManager: 	at libcore.io.Linux.open(Native Method)
01-07 01:21:10.026   935   964 E WindowManager: 	at libcore.io.ForwardingOs.open(ForwardingOs.java:563)
01-07 01:21:10.026   935   964 E WindowManager: 	at libcore.io.BlockGuardOs.open(BlockGuardOs.java:274)
01-07 01:21:10.026   935   964 E WindowManager: 	at libcore.io.IoBridge.open(IoBridge.java:560)
01-07 01:21:10.026   935   964 E WindowManager: 	... 17 more
01-07 01:21:10.039   935   935 V SystemServerTiming: StartWindowManagerService took to complete: 21ms
01-07 01:21:10.039   935   935 D SystemServerTiming: SetWindowManagerService
01-07 01:21:10.039   935   963 I DropBoxManagerService: add tag=system_server_strictmode isTagEnabled=true flags=0x2
01-07 01:21:10.062   935   963 I DropBoxManagerService: add tag=system_server_strictmode isTagEnabled=true flags=0x2
01-07 01:21:10.063   935   963 I DropBoxManagerService: add tag=system_server_strictmode isTagEnabled=true flags=0x2
01-07 01:21:10.079   935   935 I ActivityTaskManager: Loaded persisted task ids for user 0
01-07 01:21:10.081   935   935 V SystemServerTiming: SetWindowManagerService took to complete: 42ms
01-07 01:21:10.081   935   935 D SystemServerTiming: WindowManagerServiceOnInitReady
01-07 01:21:10.093   935   935 V SystemServerTiming: WindowManagerServiceOnInitReady took to complete: 12ms
01-07 01:21:10.093   935   935 D SystemServerTiming: StartInputManager
01-07 01:21:10.093   935   935 I InputManager: Starting input manager
01-07 01:21:10.093   935  1081 D SystemServerTimingAsync: InitThreadPoolExec:StartHidlServices
01-07 01:21:10.094   935  1081 D SystemServerInitThreadPool: Started executing StartHidlServices
01-07 01:21:10.094   935  1081 D SystemServerTimingAsync: StartHidlServices
01-07 01:21:10.095   935  1046 V SystemServerTimingAsync: AppDataPrepare took to complete: 259ms
01-07 01:21:10.095   935  1046 I PackageManager: Deferred reconcileAppsData finished 116 packages
01-07 01:21:10.095   935  1046 D SystemServerInitThreadPool: Finished executing prepareAppData
01-07 01:21:10.095   935  1046 V SystemServerTimingAsync: InitThreadPoolExec:prepareAppData took to complete: 471ms
01-07 01:21:10.096   935  1081 V SystemServerTimingAsync: StartHidlServices took to complete: 2ms
01-07 01:21:10.096   935  1081 D SystemServerInitThreadPool: Finished executing StartHidlServices
01-07 01:21:10.096   935  1081 V SystemServerTimingAsync: InitThreadPoolExec:StartHidlServices took to complete: 2ms
01-07 01:21:10.096   935   935 V SystemServerTiming: StartInputManager took to complete: 3ms
01-07 01:21:10.096   935   935 D SystemServerTiming: DisplayManagerWindowManagerAndInputReady
01-07 01:21:10.096   935   935 V SystemServerTiming: DisplayManagerWindowManagerAndInputReady took to complete: 0ms
01-07 01:21:10.097   935   935 D SystemServerTiming: StartBluetoothService
01-07 01:21:10.098   935   964 I LogicalDisplayMapper: Requesting Transition to state: 0, from state=-1, interactive=true, mBootCompleted=false
01-07 01:21:10.098   935   964 I LogicalDisplayMapper: Applying layout: [{addr: {port=15, model=0x4031d87fca1678}, dispId: 0(ON)}], Previous layout: [{addr: {port=15, model=0x4031d87fca1678}, dispId: 0(ON)}]
01-01 00:00:20.431     0     0 E [1 T1     ..] init: Control message: Could not find 'aidl/clipboard' for ctl.interface_start from pid: 320 (/system/bin/servicemanager)
01-07 01:21:10.108   935   935 I SystemServiceManager: Starting com.android.server.bluetooth.BluetoothService
01-07 01:21:10.115   935   935 V SystemServerTiming: StartBluetoothService took to complete: 18ms
01-07 01:21:10.115   935   935 D SystemServerTiming: IpConnectivityMetrics
01-07 01:21:10.115   935   935 I SystemServiceManager: Starting com.android.server.connectivity.IpConnectivityMetrics
01-07 01:21:10.115   935   935 V SystemServerTiming: IpConnectivityMetrics took to complete: 0ms
01-07 01:21:10.115   935   935 D SystemServerTiming: NetworkWatchlistService
01-07 01:21:10.115   935   935 I SystemServiceManager: Starting com.android.server.net.watchlist.NetworkWatchlistService$Lifecycle
01-07 01:21:10.121   935   935 I WatchlistSettings: Reload watchlist settings done
01-07 01:21:10.122   935  1094 I WatchlistLoggingHandler: No need to aggregate record yet.
01-07 01:21:10.122   935  1094 I WatchlistLoggingHandler: Milliseconds spent on tryAggregateRecords(): 0
01-07 01:21:10.122   935   935 V SystemServerTiming: NetworkWatchlistService took to complete: 7ms
01-07 01:21:10.122   935   935 D SystemServerTiming: PinnerService
01-07 01:21:10.122   935   935 I SystemServiceManager: Starting com.android.server.PinnerService
01-07 01:21:10.123   935   935 V HistoricalRegistry: Interaction before persistence initialized
01-07 01:21:10.125   935   935 V SystemServerTiming: PinnerService took to complete: 3ms
01-07 01:21:10.125   935   969 D PinnerService: pinRangeStream: null
01-07 01:21:10.125   935   935 D SystemServerTiming: SignedConfigService
01-07 01:21:10.126   935   935 V SystemServerTiming: SignedConfigService took to complete: 1ms
01-07 01:21:10.126   935   935 D SystemServerTiming: AppIntegrityService
01-07 01:21:10.126   935   935 I SystemServiceManager: Starting com.android.server.integrity.AppIntegrityManagerService
01-07 01:21:10.130   935   935 E IntegrityFileManager: Error creating staging and rules directory
01-07 01:21:10.131   935   969 D PinnerService: pinRangeStream: null
01-07 01:21:10.132   935   969 E PinnerService: Could not pin file /system/bin/logd
01-07 01:21:10.132   935   969 E PinnerService: android.system.ErrnoException: open failed: EACCES (Permission denied)
01-07 01:21:10.132   935   969 E PinnerService: 	at libcore.io.Linux.open(Native Method)
01-07 01:21:10.132   935   969 E PinnerService: 	at libcore.io.ForwardingOs.open(ForwardingOs.java:563)
01-07 01:21:10.132   935   969 E PinnerService: 	at libcore.io.BlockGuardOs.open(BlockGuardOs.java:274)
01-07 01:21:10.132   935   969 E PinnerService: 	at android.system.Os.open(Os.java:494)
01-07 01:21:10.132   935   969 E PinnerService: 	at com.android.server.PinnerService.pinFileRanges(PinnerService.java:975)
01-07 01:21:10.132   935   969 E PinnerService: 	at com.android.server.PinnerService.pinFile(PinnerService.java:850)
01-07 01:21:10.132   935   969 E PinnerService: 	at com.android.server.PinnerService.handlePinOnStart(PinnerService.java:305)
01-07 01:21:10.132   935   969 E PinnerService: 	at com.android.server.PinnerService.-$$Nest$mhandlePinOnStart(Unknown Source:0)
01-07 01:21:10.132   935   969 E PinnerService: 	at com.android.server.PinnerService$PinnerHandler.handleMessage(PinnerService.java:1219)
01-07 01:21:10.132   935   969 E PinnerService: 	at android.os.Handler.dispatchMessage(Handler.java:106)
01-07 01:21:10.132   935   969 E PinnerService: 	at android.os.Looper.loopOnce(Looper.java:201)
01-07 01:21:10.132   935   969 E PinnerService: 	at android.os.Looper.loop(Looper.java:288)
01-07 01:21:10.132   935   969 E PinnerService: 	at android.os.HandlerThread.run(HandlerThread.java:67)
01-07 01:21:10.132   935   969 E PinnerService: Failed to pin file = /system/bin/logd
01-07 01:21:10.132   935   969 D PinnerService: pinRangeStream: null
01-07 01:21:10.132   935   969 E PinnerService: Could not pin file /system/lib/libjavacrypto.so
01-07 01:21:10.132   935   969 E PinnerService: android.system.ErrnoException: open failed: ENOENT (No such file or directory)
01-07 01:21:10.132   935   969 E PinnerService: 	at libcore.io.Linux.open(Native Method)
01-07 01:21:10.132   935   969 E PinnerService: 	at libcore.io.ForwardingOs.open(ForwardingOs.java:563)
01-07 01:21:10.132   935   969 E PinnerService: 	at libcore.io.BlockGuardOs.open(BlockGuardOs.java:274)
01-07 01:21:10.132   935   969 E PinnerService: 	at android.system.Os.open(Os.java:494)
01-07 01:21:10.132   935   969 E PinnerService: 	at com.android.server.PinnerService.pinFileRanges(PinnerService.java:975)
01-07 01:21:10.132   935   969 E PinnerService: 	at com.android.server.PinnerService.pinFile(PinnerService.java:850)
01-07 01:21:10.132   935   969 E PinnerService: 	at com.android.server.PinnerService.handlePinOnStart(PinnerService.java:305)
01-07 01:21:10.132   935   969 E PinnerService: 	at com.android.server.PinnerService.-$$Nest$mhandlePinOnStart(Unknown Source:0)
01-07 01:21:10.132   935   969 E PinnerService: 	at com.android.server.PinnerService$PinnerHandler.handleMessage(PinnerService.java:1219)
01-07 01:21:10.132   935   969 E PinnerService: 	at android.os.Handler.dispatchMessage(Handler.java:106)
01-07 01:21:10.132   935   969 E PinnerService: 	at android.os.Looper.loopOnce(Looper.java:201)
01-07 01:21:10.132   935   969 E PinnerService: 	at android.os.Looper.loop(Looper.java:288)
01-07 01:21:10.132   935   969 E PinnerService: 	at android.os.HandlerThread.run(HandlerThread.java:67)
01-07 01:21:10.132   935   969 E PinnerService: Failed to pin file = /system/lib/libjavacrypto.so
01-07 01:21:10.132   935   969 D PinnerService: pinRangeStream: null
01-07 01:21:10.135   935   935 V SystemServerTiming: AppIntegrityService took to complete: 9ms
01-07 01:21:10.135   935   935 D SystemServerTiming: StartLogcatManager
01-07 01:21:10.135   935   935 I SystemServiceManager: Starting com.android.server.logcat.LogcatManagerService
01-07 01:21:10.138   935   935 V SystemServerTiming: StartLogcatManager took to complete: 3ms
01-07 01:21:10.141   935   935 I WindowManager: SAFE MODE not enabled
01-07 01:21:10.141   935   935 D SystemServerTiming: StartInputMethodManagerLifecycle
01-07 01:21:10.141   935   935 I SystemServiceManager: Starting com.android.server.inputmethod.InputMethodManagerService$Lifecycle
01-07 01:21:10.145   935   935 V SystemServerTiming: StartInputMethodManagerLifecycle took to complete: 4ms
01-07 01:21:10.145   935   935 D SystemServerTiming: StartAccessibilityManagerService
01-07 01:21:10.145   935   935 I SystemServiceManager: Starting com.android.server.accessibility.AccessibilityManagerService$Lifecycle
01-07 01:21:10.151   935   935 V SystemServerTiming: StartAccessibilityManagerService took to complete: 6ms
01-07 01:21:10.151   935   935 D SystemServerTiming: MakeDisplayReady
01-07 01:21:10.155   935   935 I ActivityTaskManager: Config changes=20005df8 {1.0 ?mcc?mnc [en_US] ldltr sw540dp w960dp h540dp 320dpi lrg long land ?uimode ?night -touch -keyb/v/h dpad/v winConfig={ mBounds=Rect(0, 0 - 1920, 1080) mAppBounds=Rect(0, 0 - 1920, 1080) mMaxBounds=Rect(0, 0 - 1920, 1080) mDisplayRotation=ROTATION_0 mWindowingMode=fullscreen mDisplayWindowingMode=fullscreen mActivityType=undefined mAlwaysOnTop=undefined mRotation=ROTATION_0} s.2 ?fontWeightAdjustment}
01-07 01:21:10.156   935   935 I WindowManager: Override config changes=60007dfc {1.0 ?mcc?mnc [en_US] ldltr sw540dp w960dp h540dp 320dpi lrg long land ?uimode ?night -touch -keyb/v/h dpad/v winConfig={ mBounds=Rect(0, 0 - 1920, 1080) mAppBounds=Rect(0, 0 - 1920, 1080) mMaxBounds=Rect(0, 0 - 1920, 1080) mDisplayRotation=ROTATION_0 mWindowingMode=fullscreen mDisplayWindowingMode=fullscreen mActivityType=undefined mAlwaysOnTop=undefined mRotation=ROTATION_0} s.2 ?fontWeightAdjustment} for displayId=0
01-07 01:21:10.161   935   935 V SystemServerTiming: MakeDisplayReady took to complete: 10ms
01-07 01:21:10.161   935   935 D SystemServerTiming: StartStorageManagerService
01-07 01:21:10.161   935   935 I SystemServiceManager: Starting com.android.server.StorageManagerService$Lifecycle
01-07 01:21:10.168   935  1103 D StorageManagerService: Thinking about init, mBootCompleted=false, mDaemonConnected=true
01-07 01:21:10.168   935  1103 D StorageManagerService: Thinking about reset, mBootCompleted=false, mDaemonConnected=true
01-07 01:21:10.168   935  1103 D StorageManagerService: Thinking about init, mBootCompleted=false, mDaemonConnected=true
01-07 01:21:10.168   935  1103 D StorageManagerService: Thinking about reset, mBootCompleted=false, mDaemonConnected=true
01-07 01:21:10.169   935   935 V SystemServerTiming: StartStorageManagerService took to complete: 8ms
01-07 01:21:10.169   935   935 D SystemServerTiming: StartStorageStatsService
01-07 01:21:10.169   935   935 I SystemServiceManager: Starting com.android.server.usage.StorageStatsService$Lifecycle
01-07 01:21:10.176   935   935 V SystemServerTiming: StartStorageStatsService took to complete: 7ms
01-07 01:21:10.176   935   935 D SystemServerTiming: StartUiModeManager
01-07 01:21:10.176   935   935 I SystemServiceManager: Starting com.android.server.UiModeManagerService
01-07 01:21:10.177   935  1107 D SystemServerTimingAsync: InitThreadPoolExec:UiModeManager.onStart
01-07 01:21:10.177   935  1107 D SystemServerInitThreadPool: Started executing UiModeManager.onStart
01-07 01:21:10.177   935   935 V SystemServerTiming: StartUiModeManager took to complete: 1ms
01-07 01:21:10.177   935   935 D SystemServerTiming: StartLocaleManagerService
01-07 01:21:10.177   935   935 I SystemServiceManager: Starting com.android.server.locales.LocaleManagerService
01-07 01:21:10.179   935   935 V SystemServerTiming: StartLocaleManagerService took to complete: 2ms
01-07 01:21:10.179   935   935 D SystemServerTiming: UpdatePackagesIfNeeded
01-07 01:21:10.179   935   935 I Watchdog: Pausing HandlerChecker: main thread for reason: dexopt. Pause count: 1
01-07 01:21:10.180   935   935 I Watchdog: Resuming HandlerChecker: main thread for reason: dexopt. Pause count: 0
01-07 01:21:10.180   935   935 V SystemServerTiming: UpdatePackagesIfNeeded took to complete: 1ms
01-07 01:21:10.180   935   935 D SystemServerTiming: PerformFstrimIfNeeded
01-07 01:21:10.181   935   935 V SystemServerTiming: PerformFstrimIfNeeded took to complete: 1ms
01-07 01:21:10.181   935   935 D SystemServerTiming: StartLockSettingsService
