01-06 02:49:03.094   944   970 V ActivityManagerTiming: OnBootPhase_1000_com.android.server.clipboard.ClipboardService took to complete: 0ms
01-06 02:49:03.094   944   970 D ActivityManagerTiming: OnBootPhase_1000_com.android.server.appbinding.AppBindingService$Lifecycle
01-06 02:49:03.094   944   970 V ActivityManagerTiming: OnBootPhase_1000_com.android.server.appbinding.AppBindingService$Lifecycle took to complete: 0ms
01-06 02:49:03.094   944   970 D ActivityManagerTiming: OnBootPhase_1000_com.android.server.tracing.TracingServiceProxy
01-06 02:49:03.094   944   970 V ActivityManagerTiming: OnBootPhase_1000_com.android.server.tracing.TracingServiceProxy took to complete: 0ms
01-06 02:49:03.094   944   970 D ActivityManagerTiming: OnBootPhase_1000_com.android.server.policy.PermissionPolicyService
01-06 02:49:03.094   944   970 V ActivityManagerTiming: OnBootPhase_1000_com.android.server.policy.PermissionPolicyService took to complete: 0ms
01-06 02:49:03.094   944   970 D ActivityManagerTiming: OnBootPhase_1000_com.android.server.pm.StagingManager$Lifecycle
01-06 02:49:03.099   611   611 I wificond: Receive notifyCountryCodeChanged
01-06 02:49:03.099   611   611 I wificond: UpdateBandInfo
01-06 02:49:03.101     0     0 E [6 T1430  ..] [schedu][0x19c1b51][02: 49:03.097909] wlan: [1430:E:REGULATORY] reg_fill_chan320mhz_seg0_center: Cannot find 160Mhz centers for freq 7075
01-06 02:49:03.102     0     0 E [6 T1430  ..] [schedu][0x19c203a][02: 49:03.099166] wlan: [1430:E:REGULATORY] reg_fill_chan320mhz_seg0_center: Cannot find 160Mhz centers for freq 7095
01-06 02:49:03.104     0     0 E [6 T1430  ..] [schedu][0x19c26ed][02: 49:03.100881] wlan: [1430:E:REGULATORY] reg_fill_chan320mhz_seg0_center: Cannot find 160Mhz centers for freq 7115
01-06 02:49:03.103   611   611 I wificond: 2.4Ghz frequencies: 2412 2417 2422 2427 2432 2437 2442 2447 2452 2457 2462
01-06 02:49:03.103   611   611 I wificond: 5Ghz non-DFS frequencies: 5180 5200 5220 5240 5745 5765 5785 5805 5825
01-06 02:49:03.103   611   611 I wificond: 5Ghz DFS frequencies: 5260 5280 5300 5320 5500 5520 5540 5560 5580 5600 5620 5640 5660 5680 5700 5720
01-06 02:49:03.103   611   611 I wificond: 6Ghz frequencies: 5955 5975 5995 6015 6035 6055 6075 6095 6115 6135 6155 6175 6195 6215 6235 6255 6275 6295 6315 6335 6355 6375 6395 6415 6435 6455 6475 6495 6515 6535 6555 6575 6595 6615 6635 6655 6675 6695 6715 6735 6755 6775 6795 6815 6835 6855 6875 6895 6915 6935 6955 6975 6995 7015 7035 7055 7075 7095 7115
01-06 02:49:03.103   611   611 I wificond: 60Ghz frequencies:
01-06 02:49:03.103   611   611 I wificond: Regulatory domain changed to country: US on wiphy_index: 0
01-06 02:49:03.103   611   611 I wificond: UpdateBandInfo
01-06 02:49:03.107   611   611 I wificond: 2.4Ghz frequencies: 2412 2417 2422 2427 2432 2437 2442 2447 2452 2457 2462
01-06 02:49:03.107   611   611 I wificond: 5Ghz non-DFS frequencies: 5180 5200 5220 5240 5745 5765 5785 5805 5825
01-06 02:49:03.107   611   611 I wificond: 5Ghz DFS frequencies: 5260 5280 5300 5320 5500 5520 5540 5560 5580 5600 5620 5640 5660 5680 5700 5720
01-06 02:49:03.107   611   611 I wificond: 6Ghz frequencies: 5955 5975 5995 6015 6035 6055 6075 6095 6115 6135 6155 6175 6195 6215 6235 6255 6275 6295 6315 6335 6355 6375 6395 6415 6435 6455 6475 6495 6515 6535 6555 6575 6595 6615 6635 6655 6675 6695 6715 6735 6755 6775 6795 6815 6835 6855 6875 6895 6915 6935 6955 6975 6995 7015 7035 7055 7075 7095 7115
01-06 02:49:03.107   611   611 I wificond: 60Ghz frequencies:
01-06 02:49:03.109   944   970 V ActivityManagerTiming: OnBootPhase_1000_com.android.server.pm.StagingManager$Lifecycle took to complete: 15ms
01-06 02:49:03.109   944   970 D ActivityManagerTiming: OnBootPhase_1000_com.android.server.app.GameManagerService$Lifecycle
01-06 02:49:03.109   944   970 D GameManagerService: onBootCompleted
01-06 02:49:03.109   944   970 V ActivityManagerTiming: OnBootPhase_1000_com.android.server.app.GameManagerService$Lifecycle took to complete: 0ms
01-06 02:49:03.109   944   970 D ActivityManagerTiming: OnBootPhase_1000_com.android.safetycenter.SafetyCenterService
01-06 02:49:03.109   944   970 V ActivityManagerTiming: OnBootPhase_1000_com.android.safetycenter.SafetyCenterService took to complete: 0ms
01-06 02:49:03.110   944   970 D ActivityManagerTiming: OnBootPhase_1000_com.android.server.appsearch.AppSearchModule$Lifecycle
01-06 02:49:03.110   944   970 V ActivityManagerTiming: OnBootPhase_1000_com.android.server.appsearch.AppSearchModule$Lifecycle took to complete: 1ms
01-06 02:49:03.110   944   970 D ActivityManagerTiming: OnBootPhase_1000_com.android.server.media.MediaCommunicationService
01-06 02:49:03.110   944   970 V ActivityManagerTiming: OnBootPhase_1000_com.android.server.media.MediaCommunicationService took to complete: 0ms
01-06 02:49:03.110   944   970 D ActivityManagerTiming: OnBootPhase_1000_com.android.server.compat.overrides.AppCompatOverridesService$Lifecycle
01-06 02:49:03.110   944   970 V ActivityManagerTiming: OnBootPhase_1000_com.android.server.compat.overrides.AppCompatOverridesService$Lifecycle took to complete: 0ms
01-06 02:49:03.110   944   970 V ActivityManagerTiming: OnBootPhase_1000 took to complete: 120ms
01-06 02:49:03.110   944   970 V ActivityManagerTiming: TotalBootTime took to complete: 9399ms
01-06 02:49:03.110   944   970 D SystemServerInitThreadPool: Shutdown requested
01-06 02:49:03.110   944   970 D SystemServerTiming: WaitInitThreadPoolShutdown
01-06 02:49:03.112   944  1511 D CoreBackPreview: Window{b5eb88f u0 ShellDropTarget}: Setting back callback OnBackInvokedCallbackInfo{mCallback=android.window.IOnBackInvokedCallback$Stub$Proxy@e58a8fa, mPriority=0}
01-06 02:49:03.114   944   970 D SystemServerInitThreadPool: Shutdown successful
01-06 02:49:03.114   944   970 V SystemServerTiming: WaitInitThreadPoolShutdown took to complete: 4ms
01-06 02:49:03.118   944   970 I ActivityManager: User 0 state changed from BOOTING to RUNNING_LOCKED
01-06 02:49:03.118   944   970 W ActivityManager: UserLifecycleEvent 4 received without an active userJourneySession.
01-06 02:49:03.121   944  1511 D CompatibilityChangeReporter: Compat change id reported: 197654537; UID 1000; state: ENABLED
01-06 02:49:03.122   944   970 D StorageManagerService: unlockUserKey: 0 isFileEncryptedNativeOrEmulated: true hasSecret: false
01-06 02:49:03.123   332   332 D vold    : fscrypt_unlock_user_key 0 serial=0
01-06 02:49:03.123   332   332 D vold    : Trying user CE key /data/misc/vold/user_keys/ce/0/current
01-06 02:49:03.132   332   332 D vold    : Successfully retrieved key
01-06 02:49:03.132   332   332 D vold    : Installed fscrypt key with ref 0a79202799624b2d24f3cee3d788d424 to /data
01-06 02:49:03.133   332   332 D vold    : Added fscrypt-provisioning key for 0a79202799624b2d24f3cee3d788d424 to session keyring
01-06 02:49:03.133   332   332 D vold    : Installed ce key for user 0
01-06 02:49:03.135   944   970 D SystemServerTiming: finishUserUnlocking-0
01-06 02:49:03.135   944   970 W ActivityManager: UserLifecycleEvent 5 received without an active userJourneySession.
01-06 02:49:03.135   944   970 D ActivityManager: Started unlocking user 0
01-06 02:49:03.135   944   970 D ActivityManager: Unlocking user 0 progress 0
01-06 02:49:03.135   944   970 D ActivityManager: Unlocking user 0 progress 5
01-06 02:49:03.135   944   970 V SystemServerTiming: finishUserUnlocking-0 took to complete: 0ms
01-06 02:49:03.135   944   967 D SystemServerTiming: UM.onBeforeUnlockUser-0
01-06 02:49:03.136   944   967 D SystemServerTiming: prepareUserData-0
01-06 02:49:03.136   332   332 D vold    : fscrypt_prepare_user_storage for volume null, user 0, serial 0, flags 2
01-06 02:49:03.136   332   332 D vold    : Preparing: /data/system_ce/0
01-06 02:49:03.136   332   332 D vold    : Preparing: /data/vendor_ce/0
01-06 02:49:03.136   332   332 D vold    : Preparing: /data/media/0
01-06 02:49:03.137   332   332 D vold    : Preparing: /data/misc_ce/0
01-06 02:49:03.137   332   332 D vold    : Preparing: /data/data
01-06 02:49:03.137   332   332 I vold    : Verified that /data/system_ce/0 has the encryption policy 0a79202799624b2d24f3cee3d788d424 v2 modes 1/4 flags 0x2
01-06 02:49:03.137   332   332 I vold    : Verified that /data/vendor_ce/0 has the encryption policy 0a79202799624b2d24f3cee3d788d424 v2 modes 1/4 flags 0x2
01-06 02:49:03.138   944   970 V ActivityManagerTiming: FinishBooting took to complete: 301ms
01-06 02:49:03.138   332   332 I vold    : Verified that /data/media/0 has the encryption policy 0a79202799624b2d24f3cee3d788d424 v2 modes 1/4 flags 0x2
01-06 02:49:03.138   332   332 I vold    : Verified that /data/misc_ce/0 has the encryption policy 0a79202799624b2d24f3cee3d788d424 v2 modes 1/4 flags 0x2
01-06 02:49:03.138   332   332 I vold    : Verified that /data/data has the encryption policy 0a79202799624b2d24f3cee3d788d424 v2 modes 1/4 flags 0x2
01-06 02:49:03.138   332   332 D vold    : Starting restorecon of /data/system_ce/0
01-06 02:49:03.140   944   969 I DropBoxManagerService: add tag=system_server_strictmode isTagEnabled=true flags=0x2
01-06 02:49:03.140   944   969 I DropBoxManagerService: add tag=system_server_strictmode isTagEnabled=true flags=0x2
01-06 02:49:03.141   944   970 D ColorDisplayService: setUp: currentUser=0
01-06 02:49:03.143   944   969 I DropBoxManagerService: add tag=system_server_strictmode isTagEnabled=true flags=0x2
01-06 02:49:03.144   332   332 D vold    : Finished restorecon of /data/system_ce/0
01-06 02:49:03.144   332   332 D vold    : Starting restorecon of /data/vendor_ce/0
01-06 02:49:03.144   944   969 I DropBoxManagerService: add tag=system_server_strictmode isTagEnabled=true flags=0x2
01-06 02:49:03.147     0     0 I [5 T1711  ..] selinux: SELinux: Skipping restorecon on directory(/data/system_ce/0)
01-06 02:49:03.147     0     0 I [5 T1711  ..] selinux:  
01-06 02:49:03.149     0     0 I [2 T1712  ..] selinux: SELinux: Skipping restorecon on directory(/data/vendor_ce/0)
01-06 02:49:03.149     0     0 I [2 T1712  ..] selinux:  
01-06 02:49:03.146   332   332 D vold    : Finished restorecon of /data/vendor_ce/0
01-06 02:49:03.146   332   332 D vold    : Starting restorecon of /data/misc_ce/0
01-06 02:49:03.151   332   332 D vold    : Finished restorecon of /data/misc_ce/0
01-06 02:49:03.151   332   332 D vold    : /system/bin/vold_prepare_subdirs
01-06 02:49:03.151   332   332 D vold    :     prepare
01-06 02:49:03.151   332   332 D vold    :     
01-06 02:49:03.151   332   332 D vold    :     0
01-06 02:49:03.151   332   332 D vold    :     2
01-06 02:49:03.154     0     0 I [0 T1713  ..] selinux: SELinux: Skipping restorecon on directory(/data/misc_ce/0)
01-06 02:49:03.154     0     0 I [0 T1713  ..] selinux:  
01-06 02:49:03.209   944   960 E SystemServiceRegistry: Manager wrapper not available: tv_tuner_resource_mgr
01-06 02:49:03.212   944   976 I DropBoxManagerService: add tag=system_server_wtf isTagEnabled=true flags=0x2
01-06 02:49:03.244   944   967 V UserDataPreparer: Found /data/user/0 with serial number 0
01-06 02:49:03.244   944   967 V UserDataPreparer: Found /data/system_ce/0 with serial number 0
01-06 02:49:03.245   944   967 D UserDataPreparer: Setting property: sys.user.0.ce_available=true
01-06 02:49:03.246   944   967 V SystemServerTiming: prepareUserData-0 took to complete: 110ms
01-06 02:49:03.246   944   967 D SystemServerTiming: reconcileAppsData-0
01-06 02:49:03.246   944   967 V PackageManager: reconcileAppsData for null u0 0x2 migrateAppData=false
01-06 02:49:03.249   944  1219 D TvInputHardwareManager: deviceId =5, tvinputinfo = TvInputInfo{id=com.droidlogic.tvinput/.services.Hdmi1InputService/HW5, pkg=com.droidlogic.tvinput, service=com.droidlogic.tvinput.services.Hdmi1InputService}
01-06 02:49:03.252   944   967 W PackageManager: Skipping preparing app data for com.android.sdksandbox
01-06 02:49:03.262   944   960 D CompatibilityChangeReporter: Compat change id reported: 168419799; UID 1000; state: DISABLED
01-06 02:49:03.265   944   944 I HdmiCecLocalDevicePlaybackSwitch: onInputAdded: com.droidlogic.tvinput/.services.Hdmi1InputService/HW5
01-06 02:49:03.265   944   944 I HdmiCecLocalDevicePlaybackSwitch: addOrUpdateTvInput: return HdmiDeviceInfo null
01-06 02:49:03.269   944  1607 E SystemServiceRegistry: Manager wrapper not available: tv_tuner_resource_mgr
01-06 02:49:03.272   944   960 D TvInputHardwareManager: deviceId =6, tvinputinfo = TvInputInfo{id=com.droidlogic.tvinput/.services.Hdmi2InputService/HW6, pkg=com.droidlogic.tvinput, service=com.droidlogic.tvinput.services.Hdmi2InputService}
01-06 02:49:03.273   944   986 I BroadcastQueue: BOOT_COMPLETED_BROADCAST_COMPLETION_LATENCY_REPORTED action:android.intent.action.LOCKED_BOOT_COMPLETED dispatchLatency:15 completeLatency:151 dispatchRealLatency:15 completeRealLatency:151 receiversSize:3 userId:0 userType:android.os.usertype.full.SYSTEM
01-06 02:49:03.179     0     0 I         : [4 T186   ..] Use customer defined vdec size 1000000
01-06 02:49:03.280   944   944 I HdmiCecLocalDevicePlaybackSwitch: onInputAdded: com.droidlogic.tvinput/.services.Hdmi2InputService/HW6
01-06 02:49:03.285     0     0 I [2 T1691  ..] [snd-soc]: update audio atmos flag! audio_type = 0
01-06 02:49:03.280   944   944 I HdmiCecLocalDevicePlaybackSwitch: addOrUpdateTvInput: return HdmiDeviceInfo null
01-06 02:49:03.281   944   960 E SystemServiceRegistry: Manager wrapper not available: tv_tuner_resource_mgr
01-06 02:49:03.282  1367  1599 W ContextImpl: Calling a method in the system process without a qualified user: android.app.ContextImpl.sendBroadcast:1189 android.content.ContextWrapper.sendBroadcast:500 com.droidlogic.audioservice.services.AudioSystemCmdService$1.onUEvent:184 com.droidlogic.UEventObserver$UEventThread.sendEvent:213 com.droidlogic.UEventObserver$UEventThread.run:190 
01-06 02:49:03.283   944   960 D TvInputHardwareManager: deviceId =7, tvinputinfo = TvInputInfo{id=com.droidlogic.tvinput/.services.Hdmi3InputService/HW7, pkg=com.droidlogic.tvinput, service=com.droidlogic.tvinput.services.Hdmi3InputService}
01-06 02:49:03.291   944   944 W NotificationHistory: Attempted to add notif for locked/gone/disabled user 0
01-06 02:49:03.291   944   944 I HdmiCecLocalDevicePlaybackSwitch: onInputAdded: com.droidlogic.tvinput/.services.Hdmi3InputService/HW7
01-06 02:49:03.291   944   944 I HdmiCecLocalDevicePlaybackSwitch: addOrUpdateTvInput: return HdmiDeviceInfo null
01-06 02:49:03.305   944  1219 E SystemServiceRegistry: Manager wrapper not available: tv_tuner_resource_mgr
01-06 02:49:03.305     0     0 E [7 T528   ..] [wifi@1][0x19f3763][02: 49:03.301702] wlan: [528:E:OSIF] wlan_hdd_set_station_stats_request_pending: peer is null
01-06 02:49:03.308   944  1219 D TvInputHardwareManager: deviceId =18, tvinputinfo = TvInputInfo{id=com.droidlogic.tvinput/.services.ArcInputService/HW18, pkg=com.droidlogic.tvinput, service=com.droidlogic.tvinput.services.ArcInputService}
01-06 02:49:03.309   944   944 I HdmiCecLocalDevicePlaybackSwitch: onInputAdded: com.droidlogic.tvinput/.services.ArcInputService/HW18
01-06 02:49:03.310   944   944 I HdmiCecLocalDevicePlaybackSwitch: addOrUpdateTvInput: return HdmiDeviceInfo null
01-06 02:49:03.319     0     0 E [2 T528   ..] [wifi@1][0x19f6cd2][02: 49:03.315382] wlan: [528:E:OSIF] wlan_hdd_set_station_stats_request_pending: peer is null
01-06 02:49:03.324   944   983 W BatteryExternalStatsWorker: error reading modem stats:ERROR_PHONE_NOT_AVAILABLE
01-06 02:49:03.325   944   983 W BatteryExternalStatsWorker: wifi info is invalid: WifiActivityEnergyInfo{ mTimeSinceBootMillis=27230 mStackState=3 mControllerTxDurationMillis=0 mControllerRxDurationMillis=4 mControllerScanDurationMillis=0 mControllerIdleDurationMillis=-4 mControllerEnergyUsedMicroJoules=0 }
01-06 02:49:03.332     0     0 E [3 T528   ..] [wifi@1][0x19f9f33][02: 49:03.328279] wlan: [528:E:OSIF] wlan_hdd_set_station_stats_request_pending: peer is null
01-06 02:49:03.342   944   944 W NotificationHistory: Attempted to add notif for locked/gone/disabled user 0
01-06 02:49:03.361     0     0 I [1 T1430  ..] [schedu][0x1a01207][02: 49:03.357675] wlan: [1430:I:OSIF] scan start scan id 40961
01-06 02:49:03.375   944   983 W BatteryExternalStatsWorker: error reading modem stats:ERROR_PHONE_NOT_AVAILABLE
01-06 02:49:03.376   944  1608 W BatteryExternalStatsWorker: error reading Bluetooth stats: 11
01-06 02:49:03.379   944   983 W KernelCpuProcStringReader: File not found. It's normal if not implemented: /proc/uid_concurrent_policy_time
01-06 02:49:03.406   944   967 V PackageManager: reconcileAppsData finished 117 packages
01-06 02:49:03.406   944   967 V SystemServerTiming: reconcileAppsData-0 took to complete: 160ms
01-06 02:49:03.406   944   967 V SystemServerTiming: UM.onBeforeUnlockUser-0 took to complete: 271ms
01-06 02:49:03.406   944   967 I ActivityManager: User 0 state changed from RUNNING_LOCKED to RUNNING_UNLOCKING
01-06 02:49:03.408   944   967 D ActivityManager: Unlocking user 0 progress 20
01-06 02:49:03.409   944   967 W Looper  : Slow dispatch took 274ms android.fg h=android.os.Handler c=com.android.server.am.UserController$$ExternalSyntheticLambda7@7e142a5 m=0
01-06 02:49:03.409   944   967 W Looper  : Slow delivery took 273ms android.fg h=android.os.Handler c=com.android.server.am.UserController$$ExternalSyntheticLambda4@dd5d67a m=0
01-06 02:49:03.409   944   976 D SystemServerTimingAsync: ssm.UnlockingUser-0
01-06 02:49:03.409   944   976 I SystemServiceManager: Calling onUnlockingUser 0
01-06 02:49:03.409   944   976 D SystemServerTimingAsync: ssm.onUnlockingUser-0_com.android.server.security.FileIntegrityService
01-06 02:49:03.409   944   976 V SystemServerTimingAsync: ssm.onUnlockingUser-0_com.android.server.security.FileIntegrityService took to complete: 0ms
01-06 02:49:03.409   944   976 D SystemServerTimingAsync: ssm.onUnlockingUser-0_com.android.server.pm.Installer
01-06 02:49:03.409   944   976 V SystemServerTimingAsync: ssm.onUnlockingUser-0_com.android.server.pm.Installer took to complete: 0ms
01-06 02:49:03.409   944   976 D SystemServerTimingAsync: ssm.onUnlockingUser-0_com.android.server.os.DeviceIdentifiersPolicyService
01-06 02:49:03.409   944   976 V SystemServerTimingAsync: ssm.onUnlockingUser-0_com.android.server.os.DeviceIdentifiersPolicyService took to complete: 0ms
01-06 02:49:03.409   944   976 D SystemServerTimingAsync: ssm.onUnlockingUser-0_com.android.server.uri.UriGrantsManagerService$Lifecycle
01-06 02:49:03.409   944   976 V SystemServerTimingAsync: ssm.onUnlockingUser-0_com.android.server.uri.UriGrantsManagerService$Lifecycle took to complete: 0ms
01-06 02:49:03.409   944   976 D SystemServerTimingAsync: ssm.onUnlockingUser-0_com.android.server.powerstats.PowerStatsService
01-06 02:49:03.409   944   976 V SystemServerTimingAsync: ssm.onUnlockingUser-0_com.android.server.powerstats.PowerStatsService took to complete: 0ms
01-06 02:49:03.409   944   976 D SystemServerTimingAsync: ssm.onUnlockingUser-0_com.android.server.wm.ActivityTaskManagerService$Lifecycle
01-06 02:49:03.409   944   976 V SystemServerTimingAsync: ssm.onUnlockingUser-0_com.android.server.wm.ActivityTaskManagerService$Lifecycle took to complete: 0ms
01-06 02:49:03.410   944   976 D SystemServerTimingAsync: ssm.onUnlockingUser-0_com.android.server.am.ActivityManagerService$Lifecycle
01-06 02:49:03.410   944   976 V SystemServerTimingAsync: ssm.onUnlockingUser-0_com.android.server.am.ActivityManagerService$Lifecycle took to complete: 0ms
01-06 02:49:03.410   944   976 D SystemServerTimingAsync: ssm.onUnlockingUser-0_com.android.server.pm.DataLoaderManagerService
01-06 02:49:03.410   944   976 V SystemServerTimingAsync: ssm.onUnlockingUser-0_com.android.server.pm.DataLoaderManagerService took to complete: 0ms
01-06 02:49:03.410   944   976 D SystemServerTimingAsync: ssm.onUnlockingUser-0_com.android.server.power.PowerManagerService
01-06 02:49:03.410   944   976 V SystemServerTimingAsync: ssm.onUnlockingUser-0_com.android.server.power.PowerManagerService took to complete: 0ms
01-06 02:49:03.410   944   976 D SystemServerTimingAsync: ssm.onUnlockingUser-0_com.android.server.power.ThermalManagerService
01-06 02:49:03.410   944   976 V SystemServerTimingAsync: ssm.onUnlockingUser-0_com.android.server.power.ThermalManagerService took to complete: 0ms
01-06 02:49:03.410   944   976 D SystemServerTimingAsync: ssm.onUnlockingUser-0_com.android.server.power.hint.HintManagerService
01-06 02:49:03.410   944   976 V SystemServerTimingAsync: ssm.onUnlockingUser-0_com.android.server.power.hint.HintManagerService took to complete: 0ms
01-06 02:49:03.410   944   976 D SystemServerTimingAsync: ssm.onUnlockingUser-0_com.android.server.recoverysystem.RecoverySystemService$Lifecycle
01-06 02:49:03.410   944   976 V SystemServerTimingAsync: ssm.onUnlockingUser-0_com.android.server.recoverysystem.RecoverySystemService$Lifecycle took to complete: 0ms
01-06 02:49:03.411   944   976 D SystemServerTimingAsync: ssm.onUnlockingUser-0_com.android.server.lights.LightsService
01-06 02:49:03.411   944   976 V SystemServerTimingAsync: ssm.onUnlockingUser-0_com.android.server.lights.LightsService took to complete: 0ms
01-06 02:49:03.411   944   976 D SystemServerTimingAsync: ssm.onUnlockingUser-0_com.android.server.display.DisplayManagerService
01-06 02:49:03.411   944   976 V SystemServerTimingAsync: ssm.onUnlockingUser-0_com.android.server.display.DisplayManagerService took to complete: 0ms
01-06 02:49:03.411   944   976 D SystemServerTimingAsync: ssm.onUnlockingUser-0_com.android.server.pm.verify.domain.DomainVerificationService
01-06 02:49:03.411   944   976 V SystemServerTimingAsync: ssm.onUnlockingUser-0_com.android.server.pm.verify.domain.DomainVerificationService took to complete: 0ms
01-06 02:49:03.411   944   976 D SystemServerTimingAsync: ssm.onUnlockingUser-0_com.android.server.pm.PackageInstallerService$Lifecycle
01-06 02:49:03.411   944   976 V SystemServerTimingAsync: ssm.onUnlockingUser-0_com.android.server.pm.PackageInstallerService$Lifecycle took to complete: 0ms
01-06 02:49:03.411   944   976 D SystemServerTimingAsync: ssm.onUnlockingUser-0_com.android.server.pm.UserManagerService$LifeCycle
01-06 02:49:03.411   944   976 V SystemServerTimingAsync: ssm.onUnlockingUser-0_com.android.server.pm.UserManagerService$LifeCycle took to complete: 0ms
01-06 02:49:03.411   944   976 D SystemServerTimingAsync: ssm.onUnlockingUser-0_com.android.server.om.OverlayManagerService
01-06 02:49:03.411   944   976 V SystemServerTimingAsync: ssm.onUnlockingUser-0_com.android.server.om.OverlayManagerService took to complete: 0ms
01-06 02:49:03.411   944   976 D SystemServerTimingAsync: ssm.onUnlockingUser-0_com.android.server.resources.ResourcesManagerService
01-06 02:49:03.411   944   976 V SystemServerTimingAsync: ssm.onUnlockingUser-0_com.android.server.resources.ResourcesManagerService took to complete: 0ms
01-06 02:49:03.411   944   976 D SystemServerTimingAsync: ssm.onUnlockingUser-0_com.android.server.sensorprivacy.SensorPrivacyService
01-06 02:49:03.411   944   976 V SystemServerTimingAsync: ssm.onUnlockingUser-0_com.android.server.sensorprivacy.SensorPrivacyService took to complete: 0ms
01-06 02:49:03.411   944   976 D SystemServerTimingAsync: ssm.onUnlockingUser-0_com.android.server.sensors.SensorService
01-06 02:49:03.411   944   976 V SystemServerTimingAsync: ssm.onUnlockingUser-0_com.android.server.sensors.SensorService took to complete: 0ms
01-06 02:49:03.411   944   976 D SystemServerTimingAsync: ssm.onUnlockingUser-0_com.android.server.SystemConfigService
01-06 02:49:03.411   944   976 V SystemServerTimingAsync: ssm.onUnlockingUser-0_com.android.server.SystemConfigService took to complete: 0ms
01-06 02:49:03.411   944   976 D SystemServerTimingAsync: ssm.onUnlockingUser-0_com.android.server.BatteryService
01-06 02:49:03.411   944   976 V SystemServerTimingAsync: ssm.onUnlockingUser-0_com.android.server.BatteryService took to complete: 0ms
01-06 02:49:03.411   944   976 D SystemServerTimingAsync: ssm.onUnlockingUser-0_com.android.server.usage.UsageStatsService
01-06 02:49:03.412   944   976 V SystemServerTimingAsync: ssm.onUnlockingUser-0_com.android.server.usage.UsageStatsService took to complete: 0ms
01-06 02:49:03.412   944   976 D SystemServerTimingAsync: ssm.onUnlockingUser-0_com.android.server.webkit.WebViewUpdateService
01-06 02:49:03.412   944   976 V SystemServerTimingAsync: ssm.onUnlockingUser-0_com.android.server.webkit.WebViewUpdateService took to complete: 0ms
01-06 02:49:03.412   944   976 D SystemServerTimingAsync: ssm.onUnlockingUser-0_com.android.server.CachedDeviceStateService
01-06 02:49:03.412   944   976 V SystemServerTimingAsync: ssm.onUnlockingUser-0_com.android.server.CachedDeviceStateService took to complete: 0ms
01-06 02:49:03.412   944   976 D SystemServerTimingAsync: ssm.onUnlockingUser-0_com.android.server.BinderCallsStatsService$LifeCycle
01-06 02:49:03.412   944   976 V SystemServerTimingAsync: ssm.onUnlockingUser-0_com.android.server.BinderCallsStatsService$LifeCycle took to complete: 0ms
01-06 02:49:03.412   944   976 D SystemServerTimingAsync: ssm.onUnlockingUser-0_com.android.server.LooperStatsService$Lifecycle
01-06 02:49:03.412   944   976 V SystemServerTimingAsync: ssm.onUnlockingUser-0_com.android.server.LooperStatsService$Lifecycle took to complete: 0ms
01-06 02:49:03.412   944   976 D SystemServerTimingAsync: ssm.onUnlockingUser-0_com.android.server.rollback.RollbackManagerService
01-06 02:49:03.413   944   976 V SystemServerTimingAsync: ssm.onUnlockingUser-0_com.android.server.rollback.RollbackManagerService took to complete: 1ms
01-06 02:49:03.413   944   976 D SystemServerTimingAsync: ssm.onUnlockingUser-0_com.android.server.os.NativeTombstoneManagerService
01-06 02:49:03.414   944   976 V SystemServerTimingAsync: ssm.onUnlockingUser-0_com.android.server.os.NativeTombstoneManagerService took to complete: 0ms
01-06 02:49:03.414   944   976 D SystemServerTimingAsync: ssm.onUnlockingUser-0_com.android.server.os.BugreportManagerService
01-06 02:49:03.414   944   976 V SystemServerTimingAsync: ssm.onUnlockingUser-0_com.android.server.os.BugreportManagerService took to complete: 0ms
01-06 02:49:03.414   944   976 D SystemServerTimingAsync: ssm.onUnlockingUser-0_com.android.server.gpu.GpuService
01-06 02:49:03.414   944   976 V SystemServerTimingAsync: ssm.onUnlockingUser-0_com.android.server.gpu.GpuService took to complete: 0ms
01-06 02:49:03.414   944   976 D SystemServerTimingAsync: ssm.onUnlockingUser-0_com.android.server.security.KeyChainSystemService
01-06 02:49:03.414   944   976 V SystemServerTimingAsync: ssm.onUnlockingUser-0_com.android.server.security.KeyChainSystemService took to complete: 0ms
01-06 02:49:03.414   944   976 D SystemServerTimingAsync: ssm.onUnlockingUser-0_com.android.server.BinaryTransparencyService
01-06 02:49:03.414   944   976 V SystemServerTimingAsync: ssm.onUnlockingUser-0_com.android.server.BinaryTransparencyService took to complete: 0ms
01-06 02:49:03.414   944   976 D SystemServerTimingAsync: ssm.onUnlockingUser-0_com.android.server.accounts.AccountManagerService$Lifecycle
01-06 02:49:03.414   944   976 V SystemServerTimingAsync: ssm.onUnlockingUser-0_com.android.server.accounts.AccountManagerService$Lifecycle took to complete: 0ms
01-06 02:49:03.414   944   976 D SystemServerTimingAsync: ssm.onUnlockingUser-0_com.android.server.content.ContentService$Lifecycle
01-06 02:49:03.414   944   976 V SystemServerTimingAsync: ssm.onUnlockingUser-0_com.android.server.content.ContentService$Lifecycle took to complete: 0ms
01-06 02:49:03.414   944   976 D SystemServerTimingAsync: ssm.onUnlockingUser-0_com.android.server.DropBoxManagerService
01-06 02:49:03.414   944   976 V SystemServerTimingAsync: ssm.onUnlockingUser-0_com.android.server.DropBoxManagerService took to complete: 0ms
01-06 02:49:03.414   944   976 D SystemServerTimingAsync: ssm.onUnlockingUser-0_com.android.role.RoleService
01-06 02:49:03.414   944   976 V SystemServerTimingAsync: ssm.onUnlockingUser-0_com.android.role.RoleService took to complete: 0ms
01-06 02:49:03.414   944   976 D SystemServerTimingAsync: ssm.onUnlockingUser-0_com.android.server.vibrator.VibratorManagerService$Lifecycle
01-06 02:49:03.414   944   976 V SystemServerTimingAsync: ssm.onUnlockingUser-0_com.android.server.vibrator.VibratorManagerService$Lifecycle took to complete: 0ms
01-06 02:49:03.415   944   976 D SystemServerTimingAsync: ssm.onUnlockingUser-0_com.android.server.tare.InternalResourceService
01-06 02:49:03.415   944   976 V SystemServerTimingAsync: ssm.onUnlockingUser-0_com.android.server.tare.InternalResourceService took to complete: 0ms
01-06 02:49:03.415   944   976 D SystemServerTimingAsync: ssm.onUnlockingUser-0_com.android.server.alarm.AlarmManagerService
01-06 02:49:03.415   944   976 V SystemServerTimingAsync: ssm.onUnlockingUser-0_com.android.server.alarm.AlarmManagerService took to complete: 0ms
01-06 02:49:03.415   944   976 D SystemServerTimingAsync: ssm.onUnlockingUser-0_com.android.server.devicestate.DeviceStateManagerService
01-06 02:49:03.415   944   976 V SystemServerTimingAsync: ssm.onUnlockingUser-0_com.android.server.devicestate.DeviceStateManagerService took to complete: 0ms
01-06 02:49:03.415   944   976 D SystemServerTimingAsync: ssm.onUnlockingUser-0_com.android.server.bluetooth.BluetoothService
01-06 02:49:03.415   944   976 V SystemServerTimingAsync: ssm.onUnlockingUser-0_com.android.server.bluetooth.BluetoothService took to complete: 0ms
01-06 02:49:03.415   944   976 D SystemServerTimingAsync: ssm.onUnlockingUser-0_com.android.server.connectivity.IpConnectivityMetrics
01-06 02:49:03.415   944   976 V SystemServerTimingAsync: ssm.onUnlockingUser-0_com.android.server.connectivity.IpConnectivityMetrics took to complete: 0ms
01-06 02:49:03.415   944   976 D SystemServerTimingAsync: ssm.onUnlockingUser-0_com.android.server.net.watchlist.NetworkWatchlistService$Lifecycle
01-06 02:49:03.415   944   976 V SystemServerTimingAsync: ssm.onUnlockingUser-0_com.android.server.net.watchlist.NetworkWatchlistService$Lifecycle took to complete: 0ms
01-06 02:49:03.415   944   976 D SystemServerTimingAsync: ssm.onUnlockingUser-0_com.android.server.PinnerService
01-06 02:49:03.416   944   976 V SystemServerTimingAsync: ssm.onUnlockingUser-0_com.android.server.PinnerService took to complete: 0ms
01-06 02:49:03.416   944   976 D SystemServerTimingAsync: ssm.onUnlockingUser-0_com.android.server.integrity.AppIntegrityManagerService
01-06 02:49:03.416   944   976 V SystemServerTimingAsync: ssm.onUnlockingUser-0_com.android.server.integrity.AppIntegrityManagerService took to complete: 0ms
01-06 02:49:03.416   944   976 D SystemServerTimingAsync: ssm.onUnlockingUser-0_com.android.server.logcat.LogcatManagerService
01-06 02:49:03.416   944   976 V SystemServerTimingAsync: ssm.onUnlockingUser-0_com.android.server.logcat.LogcatManagerService took to complete: 0ms
01-06 02:49:03.416   944   976 D SystemServerTimingAsync: ssm.onUnlockingUser-0_com.android.server.inputmethod.InputMethodManagerService$Lifecycle
01-06 02:49:03.416   944   976 V SystemServerTimingAsync: ssm.onUnlockingUser-0_com.android.server.inputmethod.InputMethodManagerService$Lifecycle took to complete: 0ms
01-06 02:49:03.416   944   976 D SystemServerTimingAsync: ssm.onUnlockingUser-0_com.android.server.accessibility.AccessibilityManagerService$Lifecycle
01-06 02:49:03.416   944   976 V SystemServerTimingAsync: ssm.onUnlockingUser-0_com.android.server.accessibility.AccessibilityManagerService$Lifecycle took to complete: 0ms
01-06 02:49:03.416   944   976 D SystemServerTimingAsync: ssm.onUnlockingUser-0_com.android.server.StorageManagerService$Lifecycle
01-06 02:49:03.416   944   976 D StorageManagerService: onUnlockUser 0
01-06 02:49:03.416   944   976 I StorageSessionController: On user unlock 0
01-06 02:49:03.416   944   976 I StorageSessionController: Initialialising...
01-06 02:49:03.416   332   332 I vold    : onUserStarted: 0
01-06 02:49:03.418   944   976 V SystemServerTimingAsync: ssm.onUnlockingUser-0_com.android.server.StorageManagerService$Lifecycle took to complete: 2ms
01-06 02:49:03.418   944   976 D SystemServerTimingAsync: ssm.onUnlockingUser-0_com.android.server.usage.StorageStatsService$Lifecycle
01-06 02:49:03.418   944   976 V SystemServerTimingAsync: ssm.onUnlockingUser-0_com.android.server.usage.StorageStatsService$Lifecycle took to complete: 0ms
01-06 02:49:03.418   944   976 D SystemServerTimingAsync: ssm.onUnlockingUser-0_com.android.server.UiModeManagerService
01-06 02:49:03.418   944   976 V SystemServerTimingAsync: ssm.onUnlockingUser-0_com.android.server.UiModeManagerService took to complete: 0ms
01-06 02:49:03.418   944   976 D SystemServerTimingAsync: ssm.onUnlockingUser-0_com.android.server.locales.LocaleManagerService
01-06 02:49:03.418   944   976 V SystemServerTimingAsync: ssm.onUnlockingUser-0_com.android.server.locales.LocaleManagerService took to complete: 0ms
01-06 02:49:03.418   944   976 D SystemServerTimingAsync: ssm.onUnlockingUser-0_com.android.server.locksettings.LockSettingsService$Lifecycle
01-06 02:49:03.419   944   976 V SystemServerTimingAsync: ssm.onUnlockingUser-0_com.android.server.locksettings.LockSettingsService$Lifecycle took to complete: 0ms
01-06 02:49:03.419   944   976 D SystemServerTimingAsync: ssm.onUnlockingUser-0_com.android.server.PersistentDataBlockService
01-06 02:49:03.419   944   976 V SystemServerTimingAsync: ssm.onUnlockingUser-0_com.android.server.PersistentDataBlockService took to complete: 0ms
01-06 02:49:03.419   944   976 D SystemServerTimingAsync: ssm.onUnlockingUser-0_com.android.server.testharness.TestHarnessModeService
01-06 02:49:03.419   944   976 V SystemServerTimingAsync: ssm.onUnlockingUser-0_com.android.server.testharness.TestHarnessModeService took to complete: 0ms
01-06 02:49:03.419   944   976 D SystemServerTimingAsync: ssm.onUnlockingUser-0_com.android.server.oemlock.OemLockService
01-06 02:49:03.419   944   976 V SystemServerTimingAsync: ssm.onUnlockingUser-0_com.android.server.oemlock.OemLockService took to complete: 0ms
01-06 02:49:03.419   944   976 D SystemServerTimingAsync: ssm.onUnlockingUser-0_com.android.server.DeviceIdleController
01-06 02:49:03.419   944   976 V SystemServerTimingAsync: ssm.onUnlockingUser-0_com.android.server.DeviceIdleController took to complete: 0ms
01-06 02:49:03.419   944   976 D SystemServerTimingAsync: ssm.onUnlockingUser-0_com.android.server.devicepolicy.DevicePolicyManagerService$Lifecycle
01-06 02:49:03.419   944  1608 V StorageManagerService: Found primary storage at VolumeInfo{emulated;0}:
01-06 02:49:03.419   944  1608 V StorageManagerService:     type=EMULATED diskId=null partGuid= mountFlags=0 mountUserId=0 
01-06 02:49:03.419   944  1608 V StorageManagerService:     state=UNMOUNTED 
01-06 02:49:03.419   944  1608 V StorageManagerService:     fsType=null fsUuid=null fsLabel=null 
01-06 02:49:03.419   944  1608 V StorageManagerService:     path=null internalPath=null 
01-06 02:49:03.419   944   976 V SystemServerTimingAsync: ssm.onUnlockingUser-0_com.android.server.devicepolicy.DevicePolicyManagerService$Lifecycle took to complete: 0ms
01-06 02:49:03.419   944   976 D SystemServerTimingAsync: ssm.onUnlockingUser-0_com.android.server.texttospeech.TextToSpeechManagerService
01-06 02:49:03.419   944   976 V SystemServerTimingAsync: ssm.onUnlockingUser-0_com.android.server.texttospeech.TextToSpeechManagerService took to complete: 0ms
01-06 02:49:03.419   944   976 D SystemServerTimingAsync: ssm.onUnlockingUser-0_com.android.server.ambientcontext.AmbientContextManagerService
01-06 02:49:03.419   944  1126 I StorageManagerService: Mounting volume VolumeInfo{emulated;0}:
01-06 02:49:03.419   944  1126 I StorageManagerService:     type=EMULATED diskId=null partGuid= mountFlags=PRIMARY|VISIBLE_FOR_WRITE 
01-06 02:49:03.419   944  1126 I StorageManagerService:     mountUserId=0 state=UNMOUNTED 
01-06 02:49:03.419   944  1126 I StorageManagerService:     fsType=null fsUuid=null fsLabel=null 
01-06 02:49:03.419   944  1126 I StorageManagerService:     path=null internalPath=null 
01-06 02:49:03.419   944   976 D AmbientContextManagerService: onServiceRemoved
01-06 02:49:03.420   944   976 D AmbientContextManagerPerUserService: Trying to cancel the remote request. Reason: Service destroyed.
01-06 02:49:03.420   944   976 V SystemServerTimingAsync: ssm.onUnlockingUser-0_com.android.server.ambientcontext.AmbientContextManagerService took to complete: 0ms
01-06 02:49:03.420   944   976 D SystemServerTimingAsync: ssm.onUnlockingUser-0_com.android.server.speech.SpeechRecognitionManagerService
01-06 02:49:03.420   944   976 V SystemServerTimingAsync: ssm.onUnlockingUser-0_com.android.server.speech.SpeechRecognitionManagerService took to complete: 0ms
01-06 02:49:03.420   944   976 D SystemServerTimingAsync: ssm.onUnlockingUser-0_com.android.server.searchui.SearchUiManagerService
01-06 02:49:03.420   944   976 V SystemServerTimingAsync: ssm.onUnlockingUser-0_com.android.server.searchui.SearchUiManagerService took to complete: 0ms
01-06 02:49:03.420   944   976 D SystemServerTimingAsync: ssm.onUnlockingUser-0_com.android.server.smartspace.SmartspaceManagerService
01-06 02:49:03.420   944   976 V SystemServerTimingAsync: ssm.onUnlockingUser-0_com.android.server.smartspace.SmartspaceManagerService took to complete: 0ms
01-06 02:49:03.420   944   976 D SystemServerTimingAsync: ssm.onUnlockingUser-0_com.android.server.graphics.fonts.FontManagerService$Lifecycle
01-06 02:49:03.420   944   976 V SystemServerTimingAsync: ssm.onUnlockingUser-0_com.android.server.graphics.fonts.FontManagerService$Lifecycle took to complete: 0ms
01-06 02:49:03.420   944   976 D SystemServerTimingAsync: ssm.onUnlockingUser-0_com.android.server.textservices.TextServicesManagerService$Lifecycle
01-06 02:49:03.420   332   332 I vold    : Mounting emulated fuse volume
01-06 02:49:03.420   944   976 W TextServicesManagerService: no available spell checker services found
01-06 02:49:03.421   944   976 V SystemServerTimingAsync: ssm.onUnlockingUser-0_com.android.server.textservices.TextServicesManagerService$Lifecycle took to complete: 1ms
01-06 02:49:03.421   944   976 D SystemServerTimingAsync: ssm.onUnlockingUser-0_com.android.server.textclassifier.TextClassificationManagerService$Lifecycle
01-06 02:49:03.421   944   976 V SystemServerTimingAsync: ssm.onUnlockingUser-0_com.android.server.textclassifier.TextClassificationManagerService$Lifecycle took to complete: 0ms
01-06 02:49:03.421   944   976 D SystemServerTimingAsync: ssm.onUnlockingUser-0_com.android.server.NetworkScoreService$Lifecycle
01-06 02:49:03.421   944   976 V SystemServerTimingAsync: ssm.onUnlockingUser-0_com.android.server.NetworkScoreService$Lifecycle took to complete: 0ms
01-06 02:49:03.421   944   976 D SystemServerTimingAsync: ssm.onUnlockingUser-0_com.android.server.NetworkStatsServiceInitializer
01-06 02:49:03.421   944   976 V SystemServerTimingAsync: ssm.onUnlockingUser-0_com.android.server.NetworkStatsServiceInitializer took to complete: 0ms
01-06 02:49:03.421   944   976 D SystemServerTimingAsync: ssm.onUnlockingUser-0_com.android.server.wifi.WifiService
01-06 02:49:03.422   944   976 V SystemServerTimingAsync: ssm.onUnlockingUser-0_com.android.server.wifi.WifiService took to complete: 1ms
01-06 02:49:03.422   944   976 D SystemServerTimingAsync: ssm.onUnlockingUser-0_com.android.server.wifi.scanner.WifiScanningService
01-06 02:49:03.422   944   976 V SystemServerTimingAsync: ssm.onUnlockingUser-0_com.android.server.wifi.scanner.WifiScanningService took to complete: 0ms
01-06 02:49:03.422   944   976 D SystemServerTimingAsync: ssm.onUnlockingUser-0_com.android.server.wifi.p2p.WifiP2pService
01-06 02:49:03.422   944   976 V SystemServerTimingAsync: ssm.onUnlockingUser-0_com.android.server.wifi.p2p.WifiP2pService took to complete: 0ms
01-06 02:49:03.422   944   976 D SystemServerTimingAsync: ssm.onUnlockingUser-0_com.android.server.ConnectivityServiceInitializer
01-06 02:49:03.422   944   976 V SystemServerTimingAsync: ssm.onUnlockingUser-0_com.android.server.ConnectivityServiceInitializer took to complete: 0ms
01-06 02:49:03.422   944   976 D SystemServerTimingAsync: ssm.onUnlockingUser-0_com.android.server.notification.NotificationManagerService
01-06 02:49:03.422   944   976 V SystemServerTimingAsync: ssm.onUnlockingUser-0_com.android.server.notification.NotificationManagerService took to complete: 0ms
01-06 02:49:03.422   944   976 D SystemServerTimingAsync: ssm.onUnlockingUser-0_com.android.server.storage.DeviceStorageMonitorService
01-06 02:49:03.422   944   976 V SystemServerTimingAsync: ssm.onUnlockingUser-0_com.android.server.storage.DeviceStorageMonitorService took to complete: 0ms
01-06 02:49:03.422   944   976 D SystemServerTimingAsync: ssm.onUnlockingUser-0_com.android.server.location.LocationManagerService$Lifecycle
01-06 02:49:03.422   944   976 V SystemServerTimingAsync: ssm.onUnlockingUser-0_com.android.server.location.LocationManagerService$Lifecycle took to complete: 0ms
01-06 02:49:03.422   944   976 D SystemServerTimingAsync: ssm.onUnlockingUser-0_com.android.server.timedetector.TimeDetectorService$Lifecycle
01-06 02:49:03.422   944   976 V SystemServerTimingAsync: ssm.onUnlockingUser-0_com.android.server.timedetector.TimeDetectorService$Lifecycle took to complete: 0ms
01-06 02:49:03.422   944   976 D SystemServerTimingAsync: ssm.onUnlockingUser-0_com.android.server.timezonedetector.TimeZoneDetectorService$Lifecycle
01-06 02:49:03.422   944   976 V SystemServerTimingAsync: ssm.onUnlockingUser-0_com.android.server.timezonedetector.TimeZoneDetectorService$Lifecycle took to complete: 0ms
01-06 02:49:03.422   944   976 D SystemServerTimingAsync: ssm.onUnlockingUser-0_com.android.server.timezonedetector.location.LocationTimeZoneManagerService$Lifecycle
01-06 02:49:03.422   944   976 V SystemServerTimingAsync: ssm.onUnlockingUser-0_com.android.server.timezonedetector.location.LocationTimeZoneManagerService$Lifecycle took to complete: 0ms
01-06 02:49:03.422   944   976 D SystemServerTimingAsync: ssm.onUnlockingUser-0_com.android.server.search.SearchManagerService$Lifecycle
01-06 02:49:03.422   944   976 V SystemServerTimingAsync: ssm.onUnlockingUser-0_com.android.server.search.SearchManagerService$Lifecycle took to complete: 0ms
01-06 02:49:03.422   944   976 D SystemServerTimingAsync: ssm.onUnlockingUser-0_com.android.server.wallpaper.WallpaperManagerService$Lifecycle
01-06 02:49:03.423   944   976 V SystemServerTimingAsync: ssm.onUnlockingUser-0_com.android.server.wallpaper.WallpaperManagerService$Lifecycle took to complete: 0ms
01-06 02:49:03.423   944   976 D SystemServerTimingAsync: ssm.onUnlockingUser-0_com.android.server.wallpapereffectsgeneration.WallpaperEffectsGenerationManagerService
01-06 02:49:03.423   944   976 V SystemServerTimingAsync: ssm.onUnlockingUser-0_com.android.server.wallpapereffectsgeneration.WallpaperEffectsGenerationManagerService took to complete: 1ms
01-06 02:49:03.423   944   976 D SystemServerTimingAsync: ssm.onUnlockingUser-0_com.android.server.audio.AudioService$Lifecycle
01-06 02:49:03.423   944   976 V SystemServerTimingAsync: ssm.onUnlockingUser-0_com.android.server.audio.AudioService$Lifecycle took to complete: 0ms
01-06 02:49:03.423   944   976 D SystemServerTimingAsync: ssm.onUnlockingUser-0_com.android.server.soundtrigger_middleware.SoundTriggerMiddlewareService$Lifecycle
01-06 02:49:03.423   944   976 V SystemServerTimingAsync: ssm.onUnlockingUser-0_com.android.server.soundtrigger_middleware.SoundTriggerMiddlewareService$Lifecycle took to complete: 0ms
01-06 02:49:03.423   944   976 D SystemServerTimingAsync: ssm.onUnlockingUser-0_com.android.server.DockObserver
01-06 02:49:03.423   944   976 V SystemServerTimingAsync: ssm.onUnlockingUser-0_com.android.server.DockObserver took to complete: 0ms
01-06 02:49:03.423   944   976 D SystemServerTimingAsync: ssm.onUnlockingUser-0_com.android.server.adb.AdbService$Lifecycle
01-06 02:49:03.423   944   976 V SystemServerTimingAsync: ssm.onUnlockingUser-0_com.android.server.adb.AdbService$Lifecycle took to complete: 0ms
01-06 02:49:03.423   944   976 D SystemServerTimingAsync: ssm.onUnlockingUser-0_com.android.server.usb.UsbService$Lifecycle
01-06 02:49:03.424   944  1133 D LockSettingsService: hide encryption notification, user: 0
01-06 02:49:03.435     0     0 I [7 T1430  ..] [schedu][0x1a133ed][02: 49:03.431888] wlan: [1430:I:PE] lim_process_action_frame_no_session: Unhandled public action frame: 22
01-06 02:49:03.433   944   976 V SystemServerTimingAsync: ssm.onUnlockingUser-0_com.android.server.usb.UsbService$Lifecycle took to complete: 10ms
01-06 02:49:03.433   944   976 D SystemServerTimingAsync: ssm.onUnlockingUser-0_com.android.server.twilight.TwilightService
01-06 02:49:03.433   944   976 V SystemServerTimingAsync: ssm.onUnlockingUser-0_com.android.server.twilight.TwilightService took to complete: 0ms
01-06 02:49:03.433   944   976 D SystemServerTimingAsync: ssm.onUnlockingUser-0_com.android.server.display.color.ColorDisplayService
01-06 02:49:03.433   944   976 V SystemServerTimingAsync: ssm.onUnlockingUser-0_com.android.server.display.color.ColorDisplayService took to complete: 0ms
01-06 02:49:03.434   944   976 D SystemServerTimingAsync: ssm.onUnlockingUser-0_com.android.server.job.JobSchedulerService
01-06 02:49:03.434   944   976 V SystemServerTimingAsync: ssm.onUnlockingUser-0_com.android.server.job.JobSchedulerService took to complete: 0ms
01-06 02:49:03.434   944   976 D SystemServerTimingAsync: ssm.onUnlockingUser-0_com.android.server.soundtrigger.SoundTriggerService
01-06 02:49:03.434   944   976 V SystemServerTimingAsync: ssm.onUnlockingUser-0_com.android.server.soundtrigger.SoundTriggerService took to complete: 0ms
01-06 02:49:03.434   944   976 D SystemServerTimingAsync: ssm.onUnlockingUser-0_com.android.server.trust.TrustManagerService
01-06 02:49:03.434   944   967 W Looper  : Drained
01-06 02:49:03.434   944   976 V SystemServerTimingAsync: ssm.onUnlockingUser-0_com.android.server.trust.TrustManagerService took to complete: 0ms
01-06 02:49:03.434   944   976 D SystemServerTimingAsync: ssm.onUnlockingUser-0_com.android.server.backup.BackupManagerService$Lifecycle
01-06 02:49:03.434   944   976 V SystemServerTimingAsync: ssm.onUnlockingUser-0_com.android.server.backup.BackupManagerService$Lifecycle took to complete: 0ms
01-06 02:49:03.434   944   976 D SystemServerTimingAsync: ssm.onUnlockingUser-0_com.android.server.appwidget.AppWidgetService
01-06 02:49:03.434   944   976 V SystemServerTimingAsync: ssm.onUnlockingUser-0_com.android.server.appwidget.AppWidgetService took to complete: 0ms
01-06 02:49:03.434   944   976 D SystemServerTimingAsync: ssm.onUnlockingUser-0_com.android.server.voiceinteraction.VoiceInteractionManagerService
01-06 02:49:03.435   944  1188 I BackupManagerService: Starting service for user: 0
01-06 02:49:03.436   944  1188 V BackupManagerService: [UserID:0] Starting with transport com.android.localtransport/.LocalTransport
01-06 02:49:03.437   944  1188 D BackupManagerService: [UserID:0] Started thread backup-0
01-06 02:49:03.439   332   332 I vold    : Bind mounting /data/media to /mnt/pass_through/0/emulated
01-06 02:49:03.440   944  1126 I StorageSessionController: On volume mount VolumeInfo{emulated;0}:
01-06 02:49:03.440   944  1126 I StorageSessionController:     type=EMULATED diskId=null partGuid= mountFlags=PRIMARY|VISIBLE_FOR_WRITE 
01-06 02:49:03.440   944  1126 I StorageSessionController:     mountUserId=0 state=CHECKING 
01-06 02:49:03.440   944  1126 I StorageSessionController:     fsType=null fsUuid=null fsLabel=null 
01-06 02:49:03.440   944  1126 I StorageSessionController:     path=/storage/emulated internalPath=/data/media 
01-06 02:49:03.441   944  1126 I StorageSessionController: Creating connection for user: 0
01-06 02:49:03.442   944  1126 I StorageSessionController: Creating and starting session with id: emulated;0
01-06 02:49:03.442   944  1126 I StorageUserConnection: Binding to the ExternalStorageService for user 0
01-06 02:49:03.443   944   976 W VoiceInteractionManager: no available voice recognition services found for user 0
01-06 02:49:03.454     0     0 I         : [5 T71    ..] meson8b-dwmac fdc00000.ethernet eth0: Link is Up - 1Gbps/Full - flow control rx/tx
01-06 02:49:03.454     0     0 I [5 T71    ..] IPv6: ADDRCONF(NETDEV_CHANGE): eth0: link becomes ready
01-06 02:49:03.445   944  1126 D CompatibilityChangeReporter: Compat change id reported: 135634846; UID 10089; state: DISABLED
01-06 02:49:03.445   944  1126 D CompatibilityChangeReporter: Compat change id reported: 177438394; UID 10089; state: DISABLED
01-06 02:49:03.445   944  1126 D CompatibilityChangeReporter: Compat change id reported: 135772972; UID 10089; state: DISABLED
01-06 02:49:03.446   944  1126 D CompatibilityChangeReporter: Compat change id reported: 135754954; UID 10089; state: ENABLED
01-06 02:49:03.447   944   977 D CompatibilityChangeReporter: Compat change id reported: 143937733; UID 10089; state: ENABLED
01-06 02:49:03.448   944  1126 I StorageUserConnection: Bound to the ExternalStorageService for user 0
01-06 02:49:03.450   944   976 D CompatibilityChangeReporter: Compat change id reported: 135634846; UID 10060; state: DISABLED
01-06 02:49:03.450   944   976 D CompatibilityChangeReporter: Compat change id reported: 177438394; UID 10060; state: DISABLED
01-06 02:49:03.456   944   976 D CompatibilityChangeReporter: Compat change id reported: 135772972; UID 10060; state: DISABLED
01-06 02:49:03.457   944  1188 E BackupPasswordManager: Unable to read backup pw version
01-06 02:49:03.458   944  1188 E BackupPasswordManager: Unable to read saved backup pw hash
01-06 02:49:03.458   944   976 D CompatibilityChangeReporter: Compat change id reported: 135754954; UID 10060; state: ENABLED
