01-04 01:21:03.172   807   807 V SystemServerTiming: OnBootPhase_500_com.android.server.smartspace.SmartspaceManagerService took to complete: 0ms
01-04 01:21:03.172   807   807 D SystemServerTiming: OnBootPhase_500_com.android.server.graphics.fonts.FontManagerService$Lifecycle
01-04 01:21:03.172   807   807 V SystemServerTiming: OnBootPhase_500_com.android.server.graphics.fonts.FontManagerService$Lifecycle took to complete: 0ms
01-04 01:21:03.172   807   807 D SystemServerTiming: OnBootPhase_500_com.android.server.textservices.TextServicesManagerService$Lifecycle
01-04 01:21:03.172   807   807 V SystemServerTiming: OnBootPhase_500_com.android.server.textservices.TextServicesManagerService$Lifecycle took to complete: 0ms
01-04 01:21:03.172   807   807 D SystemServerTiming: OnBootPhase_500_com.android.server.textclassifier.TextClassificationManagerService$Lifecycle
01-04 01:21:03.172   807   807 V SystemServerTiming: OnBootPhase_500_com.android.server.textclassifier.TextClassificationManagerService$Lifecycle took to complete: 0ms
01-04 01:21:03.172   807   807 D SystemServerTiming: OnBootPhase_500_com.android.server.NetworkScoreService$Lifecycle
01-04 01:21:03.172   807   807 V SystemServerTiming: OnBootPhase_500_com.android.server.NetworkScoreService$Lifecycle took to complete: 0ms
01-04 01:21:03.172   807   807 D SystemServerTiming: OnBootPhase_500_com.android.server.NetworkStatsServiceInitializer
01-04 01:21:03.172   807   807 V SystemServerTiming: OnBootPhase_500_com.android.server.NetworkStatsServiceInitializer took to complete: 0ms
01-04 01:21:03.172   807   807 D SystemServerTiming: OnBootPhase_500_com.android.server.wifi.WifiService
01-04 01:21:03.173   807   807 V SystemServerTiming: OnBootPhase_500_com.android.server.wifi.WifiService took to complete: 1ms
01-04 01:21:03.173   807   807 D SystemServerTiming: OnBootPhase_500_com.android.server.wifi.scanner.WifiScanningService
01-04 01:21:03.173   807   807 V SystemServerTiming: OnBootPhase_500_com.android.server.wifi.scanner.WifiScanningService took to complete: 0ms
01-04 01:21:03.173   807   807 D SystemServerTiming: OnBootPhase_500_com.android.server.wifi.p2p.WifiP2pService
01-04 01:21:03.174   807   807 V SystemServerTiming: OnBootPhase_500_com.android.server.wifi.p2p.WifiP2pService took to complete: 1ms
01-04 01:21:03.174   807   807 D SystemServerTiming: OnBootPhase_500_com.android.server.ConnectivityServiceInitializer
01-04 01:21:03.176   807   807 V SystemServerTiming: OnBootPhase_500_com.android.server.ConnectivityServiceInitializer took to complete: 2ms
01-04 01:21:03.176   807   807 D SystemServerTiming: OnBootPhase_500_com.android.server.notification.NotificationManagerService
01-01 00:00:21.482     0     0 I         : [7 T651   ..] Airoha AN8801R 0.0:07: Disable CLKOUT !
01-01 00:00:21.485     0     0 I         : [7 T651   ..] Airoha AN8801R 0.0:07: Rxdelay align
01-01 00:00:21.487     0     0 I         : [6 T651   ..] Airoha AN8801R 0.0:07: Force rxdelay = 0(0x1000010)
01-01 00:00:21.489     0     0 I         : [2 T651   ..] Airoha AN8801R 0.0:07: Force txdelay = 4(0x1000004)
01-04 01:21:03.208   522   522 W android.hardware.wifi@1.0-service.droidlogic: --------------------------------
01-04 01:21:03.208   522   522 W android.hardware.wifi@1.0-service.droidlogic: Wi-Fi Hal(Amlogic multi-wifi so library) build info:
01-04 01:21:03.208   522   522 W android.hardware.wifi@1.0-service.droidlogic: Author: ShenZhen wifi platform team
01-04 01:21:03.208   522   522 W android.hardware.wifi@1.0-service.droidlogic: Branch name: s-amlogic
01-04 01:21:03.208   522   522 W android.hardware.wifi@1.0-service.droidlogic: Last Commit Info:
01-04 01:21:03.208   522   522 W android.hardware.wifi@1.0-service.droidlogic:   commit 18393865517c254040093ebc64f24da046b7159e
01-04 01:21:03.208   522   522 W android.hardware.wifi@1.0-service.droidlogic:   Author: libo <bo.li@amlogic.com>
01-04 01:21:03.208   522   522 W android.hardware.wifi@1.0-service.droidlogic:   Date: 2022-10-20 21:53:52 +0800
01-04 01:21:03.208   522   522 W android.hardware.wifi@1.0-service.droidlogic:   PD#SWPL-96954
01-04 01:21:03.208   522   522 W android.hardware.wifi@1.0-service.droidlogic:   Change-Id: Ic74e60dc4d86b64fa34d52b849d0229f8041c1b9
01-04 01:21:03.208   522   522 W android.hardware.wifi@1.0-service.droidlogic:   uncommit file num: 0
01-04 01:21:03.208   522   522 W android.hardware.wifi@1.0-service.droidlogic: Build name: bo.li
01-04 01:21:03.208   522   522 W android.hardware.wifi@1.0-service.droidlogic: Build time: 2022-11-17 17:15:52 +0800
01-04 01:21:03.208   522   522 W android.hardware.wifi@1.0-service.droidlogic: Build type: userdebug
01-04 01:21:03.208   522   522 W android.hardware.wifi@1.0-service.droidlogic: Build arch: arm64
01-04 01:21:03.208   522   522 W android.hardware.wifi@1.0-service.droidlogic: Build use wifi_info so library: true
01-04 01:21:03.208   522   522 W android.hardware.wifi@1.0-service.droidlogic: --------------------------------
01-04 01:21:03.208   522   522 E android.hardware.wifi@1.0-service.droidlogic: use wifi info
01-04 01:21:03.208   522   522 E android.hardware.wifi@1.0-service.droidlogic: pci class id: 0xabcd
01-04 01:21:03.209   522   522 E android.hardware.wifi@1.0-service.droidlogic: pci class id: 0x1107
01-04 01:21:03.210   522   522 E android.hardware.wifi@1.0-service.droidlogic: found the match  wifi is: qcc2076
01-04 01:21:03.210   522   522 E android.hardware.wifi@1.0-service.droidlogic: insmod driver: /vendor/lib/modules/wlan_cnss_core_pcie.ko
01-04 01:21:03.216   807   807 V SystemServerTiming: OnBootPhase_500_com.android.server.notification.NotificationManagerService took to complete: 40ms
01-04 01:21:03.216   807   807 D SystemServerTiming: OnBootPhase_500_com.android.server.storage.DeviceStorageMonitorService
01-04 01:21:03.216   807   807 V SystemServerTiming: OnBootPhase_500_com.android.server.storage.DeviceStorageMonitorService took to complete: 0ms
01-04 01:21:03.216   807   807 D SystemServerTiming: OnBootPhase_500_com.android.server.location.LocationManagerService$Lifecycle
01-04 01:21:03.217   807   807 V HistoricalRegistry: Interaction before persistence initialized
01-04 01:21:03.219   807   807 V SystemServerTiming: OnBootPhase_500_com.android.server.location.LocationManagerService$Lifecycle took to complete: 3ms
01-04 01:21:03.219   807   807 D SystemServerTiming: OnBootPhase_500_com.android.server.timedetector.TimeDetectorService$Lifecycle
01-04 01:21:03.219   807   807 V SystemServerTiming: OnBootPhase_500_com.android.server.timedetector.TimeDetectorService$Lifecycle took to complete: 0ms
01-04 01:21:03.219   807   807 D SystemServerTiming: OnBootPhase_500_com.android.server.timezonedetector.TimeZoneDetectorService$Lifecycle
01-04 01:21:03.219   807   807 V SystemServerTiming: OnBootPhase_500_com.android.server.timezonedetector.TimeZoneDetectorService$Lifecycle took to complete: 0ms
01-04 01:21:03.219   807   807 D SystemServerTiming: OnBootPhase_500_com.android.server.timezonedetector.location.LocationTimeZoneManagerService$Lifecycle
01-04 01:21:03.219   807   807 V SystemServerTiming: OnBootPhase_500_com.android.server.timezonedetector.location.LocationTimeZoneManagerService$Lifecycle took to complete: 0ms
01-04 01:21:03.219   807   807 D SystemServerTiming: OnBootPhase_500_com.android.server.search.SearchManagerService$Lifecycle
01-04 01:21:03.219   807   807 V SystemServerTiming: OnBootPhase_500_com.android.server.search.SearchManagerService$Lifecycle took to complete: 0ms
01-04 01:21:03.220   807   807 D SystemServerTiming: OnBootPhase_500_com.android.server.wallpaper.WallpaperManagerService$Lifecycle
01-04 01:21:03.220   807   807 V SystemServerTiming: OnBootPhase_500_com.android.server.wallpaper.WallpaperManagerService$Lifecycle took to complete: 0ms
01-04 01:21:03.220   807   807 D SystemServerTiming: OnBootPhase_500_com.android.server.wallpapereffectsgeneration.WallpaperEffectsGenerationManagerService
01-04 01:21:03.220   807   807 V SystemServerTiming: OnBootPhase_500_com.android.server.wallpapereffectsgeneration.WallpaperEffectsGenerationManagerService took to complete: 0ms
01-04 01:21:03.220   807   807 D SystemServerTiming: OnBootPhase_500_com.android.server.audio.AudioService$Lifecycle
01-04 01:21:03.220   807   807 V SystemServerTiming: OnBootPhase_500_com.android.server.audio.AudioService$Lifecycle took to complete: 0ms
01-04 01:21:03.220   807   807 D SystemServerTiming: OnBootPhase_500_com.android.server.soundtrigger_middleware.SoundTriggerMiddlewareService$Lifecycle
01-04 01:21:03.220   807   807 V SystemServerTiming: OnBootPhase_500_com.android.server.soundtrigger_middleware.SoundTriggerMiddlewareService$Lifecycle took to complete: 0ms
01-04 01:21:03.220   807   807 D SystemServerTiming: OnBootPhase_500_com.android.server.DockObserver
01-04 01:21:03.220   807   807 V SystemServerTiming: OnBootPhase_500_com.android.server.DockObserver took to complete: 0ms
01-04 01:21:03.220   807   807 D SystemServerTiming: OnBootPhase_500_com.android.server.adb.AdbService$Lifecycle
01-04 01:21:03.220   807   807 V SystemServerTiming: OnBootPhase_500_com.android.server.adb.AdbService$Lifecycle took to complete: 0ms
01-04 01:21:03.220   807   807 D SystemServerTiming: OnBootPhase_500_com.android.server.usb.UsbService$Lifecycle
01-04 01:21:03.220   807   807 V SystemServerTiming: OnBootPhase_500_com.android.server.usb.UsbService$Lifecycle took to complete: 0ms
01-04 01:21:03.220   807   807 D SystemServerTiming: OnBootPhase_500_com.android.server.twilight.TwilightService
01-04 01:21:03.220   807   807 V SystemServerTiming: OnBootPhase_500_com.android.server.twilight.TwilightService took to complete: 0ms
01-04 01:21:03.220   807   807 D SystemServerTiming: OnBootPhase_500_com.android.server.display.color.ColorDisplayService
01-04 01:21:03.220   807   807 V SystemServerTiming: OnBootPhase_500_com.android.server.display.color.ColorDisplayService took to complete: 0ms
01-04 01:21:03.220   807   807 D SystemServerTiming: OnBootPhase_500_com.android.server.job.JobSchedulerService
01-04 01:21:03.227   807   807 V HistoricalRegistry: Interaction before persistence initialized
01-04 01:21:03.228   807   807 V SystemServerTiming: OnBootPhase_500_com.android.server.job.JobSchedulerService took to complete: 8ms
01-04 01:21:03.228   807   807 D SystemServerTiming: OnBootPhase_500_com.android.server.soundtrigger.SoundTriggerService
01-04 01:21:03.229   807   807 D SoundTriggerService: onBootPhase: 500 : false
01-04 01:21:03.229   807   807 V SystemServerTiming: OnBootPhase_500_com.android.server.soundtrigger.SoundTriggerService took to complete: 0ms
01-04 01:21:03.229   807   807 D SystemServerTiming: OnBootPhase_500_com.android.server.trust.TrustManagerService
01-04 01:21:03.232   807   807 V SystemServerTiming: OnBootPhase_500_com.android.server.trust.TrustManagerService took to complete: 3ms
01-04 01:21:03.232   807   807 D SystemServerTiming: OnBootPhase_500_com.android.server.backup.BackupManagerService$Lifecycle
01-04 01:21:03.232   807   807 V SystemServerTiming: OnBootPhase_500_com.android.server.backup.BackupManagerService$Lifecycle took to complete: 0ms
01-04 01:21:03.232   807   807 D SystemServerTiming: OnBootPhase_500_com.android.server.appwidget.AppWidgetService
01-04 01:21:03.232   807   807 V SystemServerTiming: OnBootPhase_500_com.android.server.appwidget.AppWidgetService took to complete: 0ms
01-04 01:21:03.232   807   807 D SystemServerTiming: OnBootPhase_500_com.android.server.voiceinteraction.VoiceInteractionManagerService
01-04 01:21:03.232   807   807 V SystemServerTiming: OnBootPhase_500_com.android.server.voiceinteraction.VoiceInteractionManagerService took to complete: 0ms
01-04 01:21:03.232   807   807 D SystemServerTiming: OnBootPhase_500_com.android.server.apphibernation.AppHibernationService
01-01 00:00:21.518     0     0 I         : [2 T651   ..] Airoha AN8801R 0.0:07: LED initialize OK !
01-01 00:00:21.518     0     0 I         : [2 T651   ..] Airoha AN8801R 0.0:07: Initialize OK ! (1.0.8)
01-01 00:00:21.518     0     0 I         : [2 T651   ..] meson8b-dwmac fdc00000.ethernet eth0: PHY [0.0:07] driver [Airoha AN8801R] (irq=POLL)
01-04 01:21:03.234   807   807 V SystemServerTiming: OnBootPhase_500_com.android.server.apphibernation.AppHibernationService took to complete: 2ms
01-04 01:21:03.234   807   807 D SystemServerTiming: OnBootPhase_500_com.android.server.GestureLauncherService
01-04 01:21:03.234   807   807 V SystemServerTiming: OnBootPhase_500_com.android.server.GestureLauncherService took to complete: 0ms
01-04 01:21:03.234   807   807 D SystemServerTiming: OnBootPhase_500_com.android.server.SensorNotificationService
01-04 01:21:03.234   807   807 V SystemServerTiming: OnBootPhase_500_com.android.server.SensorNotificationService took to complete: 0ms
01-04 01:21:03.234   807   807 D SystemServerTiming: OnBootPhase_500_com.android.server.emergency.EmergencyAffordanceService
01-04 01:21:03.234   807   807 V SystemServerTiming: OnBootPhase_500_com.android.server.emergency.EmergencyAffordanceService took to complete: 0ms
01-04 01:21:03.234   807   807 D SystemServerTiming: OnBootPhase_500_com.android.server.blob.BlobStoreManagerService
01-04 01:21:03.234   807   807 V SystemServerTiming: OnBootPhase_500_com.android.server.blob.BlobStoreManagerService took to complete: 0ms
01-04 01:21:03.234   807   807 D SystemServerTiming: OnBootPhase_500_com.android.server.dreams.DreamManagerService
01-04 01:21:03.234   807   807 V SystemServerTiming: OnBootPhase_500_com.android.server.dreams.DreamManagerService took to complete: 0ms
01-04 01:21:03.234   807   807 D SystemServerTiming: OnBootPhase_500_com.android.server.security.AttestationVerificationManagerService
01-04 01:21:03.235   807   807 V SystemServerTiming: OnBootPhase_500_com.android.server.security.AttestationVerificationManagerService took to complete: 0ms
01-04 01:21:03.235   807   807 D SystemServerTiming: OnBootPhase_500_com.android.server.restrictions.RestrictionsManagerService
01-04 01:21:03.235   807   807 V SystemServerTiming: OnBootPhase_500_com.android.server.restrictions.RestrictionsManagerService took to complete: 0ms
01-04 01:21:03.235   807   807 D SystemServerTiming: OnBootPhase_500_com.android.server.media.MediaSessionService
01-04 01:21:03.235   807   807 V SystemServerTiming: OnBootPhase_500_com.android.server.media.MediaSessionService took to complete: 0ms
01-04 01:21:03.235   807   807 D SystemServerTiming: OnBootPhase_500_com.android.server.hdmi.HdmiControlService
01-04 01:21:03.238   807   807 V SystemServerTiming: OnBootPhase_500_com.android.server.hdmi.HdmiControlService took to complete: 2ms
01-01 00:00:21.519     0     0 I         : [4 T651   ..] meson8b-dwmac fdc00000.ethernet eth0: Register MEM_TYPE_PAGE_POOL RxQ-0
01-04 01:21:03.238   807   807 D SystemServerTiming: OnBootPhase_500_com.android.server.tv.interactive.TvInteractiveAppManagerService
01-04 01:21:03.238   807   807 V SystemServerTiming: OnBootPhase_500_com.android.server.tv.interactive.TvInteractiveAppManagerService took to complete: 0ms
01-04 01:21:03.238   807   807 D SystemServerTiming: OnBootPhase_500_com.android.server.tv.TvInputManagerService
01-01 00:00:21.526     0     0 I [7 T522   ..] NET: Registered PF_QIPCRTR protocol family
01-01 00:00:21.526     0     0 E [7 T522   ..] cnss: PCI device not probed yet
01-01 00:00:21.527     0     0 W         : [7 T522   ..] Failed to set up IOMMU for device 0000:01:00.0; retaining platform DMA ops
01-01 00:00:21.527     0     0 D [7 T522   ..] cnss: PCI is probing, vendor ID: 0x17cb, device ID: 0x1107
01-01 00:00:21.527     0     0 E [7 T522   ..] cnss: Failed to init reserved mem device, err = -22
01-01 00:00:21.527     0     0 I         : [5 T651   ..] meson8b-dwmac fdc00000.ethernet eth0: No Safety Features support found
01-01 00:00:21.527     0     0 I         : [5 T651   ..] meson8b-dwmac fdc00000.ethernet eth0: IEEE 1588-2008 Advanced Timestamp supported
01-01 00:00:21.527     0     0 D [7 T522   ..] cnss: Ramdump size 0x780000
01-01 00:00:21.527     0     0 I         : [7 T522   ..] cnss_pci 0000:01:00.0: BAR 0: assigned [mem 0xf5800000-0xf59fffff 64bit]
01-01 00:00:21.527     0     0 I         : [7 T522   ..] cnss_pci 0000:01:00.0: enabling device (0000 -> 0002)
01-01 00:00:21.527     0     0 D [7 T522   ..] cnss: Set PCI DMA MASK (0xfffffffff)
01-01 00:00:21.527     0     0 I         : [3 T651   ..] meson8b-dwmac fdc00000.ethernet eth0: registered PTP clock
01-01 00:00:21.529     0     0 D [7 T522   ..] cnss: request MSI one vector
01-01 00:00:21.529     0     0 D [7 T522   ..] cnss: MSI base data is 1
01-01 00:00:21.529     0     0 D [7 T522   ..] cnss: BAR starts at 0x00000000f5800000, length is 200000
01-01 00:00:21.529     0     0 D [7 T522   ..] cnss: Assign MSI to user: MHI, num_vectors: 1, user_base_data: 1, base_vector: 0
01-01 00:00:21.529     0     0 D [7 T522   ..] cnss: Number of assigned MSI for MHI is 3, base vector is 0
01-01 00:00:21.529     0     0 D [7 T522   ..] cnss: Get IRQ number 101 for vector index 0
01-01 00:00:21.529     0     0 D [7 T522   ..] cnss: Get IRQ number 101 for vector index 0
01-01 00:00:21.529     0     0 D [7 T522   ..] cnss: Get IRQ number 101 for vector index 0
01-01 00:00:21.529     0     0 I         : [3 T651   ..] meson8b-dwmac fdc00000.ethernet eth0: configuring for phy/rgmii-id link mode
01-01 00:00:21.530     0     0 D [5 T522   ..] cnss: Get device version info, family number: 0x4, device number: 0x17, major version: 0x2, minor version: 0x0
01-01 00:00:21.530     0     0 D [5 T522   ..] cnss: FW name is amss20.bin, FW fallback name is amss20.bin
01-04 01:21:03.246   522   522 E android.hardware.wifi@1.0-service.droidlogic: insmod driver: /vendor/lib/modules/wlan.ko
01-01 00:00:21.530     0     0 D [5 T522   ..] cnss: Get PCI link status register: 4114
01-01 00:00:21.530     0     0 D [5 T522   ..] cnss: Default PCI link speed is 0x2, link width is 0x1
01-01 00:00:21.530     0     0 D [5 T522   ..] cnss: pci link_ctl 0x0040
01-01 00:00:21.530     0     0 I [5 T522   ..] cnss: Platform driver probed successfully.
01-01 00:00:21.531     0     0 I [5 T522   ..] cnss_prealloc: created mempool cnss-pool-8k of min size 22 * 8192
01-01 00:00:21.531     0     0 I [5 T522   ..] cnss_prealloc: created mempool cnss-pool-16k of min size 16 * 16384
01-01 00:00:21.531     0     0 I [5 T522   ..] cnss_prealloc: created mempool cnss-pool-32k of min size 6 * 32768
01-01 00:00:21.531     0     0 I [5 T522   ..] cnss_prealloc: created mempool cnss-pool-64k of min size 8 * 65536
01-01 00:00:21.531     0     0 I [5 T522   ..] cnss_prealloc: created mempool cnss-pool-128k of min size 2 * 131072
01-04 01:21:03.252   807   807 V SystemServerTiming: OnBootPhase_500_com.android.server.tv.TvInputManagerService took to complete: 14ms
01-04 01:21:03.252   807   807 D SystemServerTiming: OnBootPhase_500_com.android.server.tv.TvRemoteService
01-04 01:21:03.252   807   807 V SystemServerTiming: OnBootPhase_500_com.android.server.tv.TvRemoteService took to complete: 0ms
01-04 01:21:03.252   807   807 D SystemServerTiming: OnBootPhase_500_com.android.server.biometrics.BiometricService
01-04 01:21:03.252   807   807 V SystemServerTiming: OnBootPhase_500_com.android.server.biometrics.BiometricService took to complete: 0ms
01-04 01:21:03.252   807   807 D SystemServerTiming: OnBootPhase_500_com.android.server.biometrics.AuthService
01-04 01:21:03.252   807   807 V SystemServerTiming: OnBootPhase_500_com.android.server.biometrics.AuthService took to complete: 0ms
01-04 01:21:03.252   807   807 D SystemServerTiming: OnBootPhase_500_com.android.server.pm.ShortcutService$Lifecycle
01-04 01:21:03.252   807   807 V SystemServerTiming: OnBootPhase_500_com.android.server.pm.ShortcutService$Lifecycle took to complete: 0ms
01-04 01:21:03.252   807   807 D SystemServerTiming: OnBootPhase_500_com.android.server.pm.LauncherAppsService
01-04 01:21:03.253   807   807 V SystemServerTiming: OnBootPhase_500_com.android.server.pm.LauncherAppsService took to complete: 0ms
01-04 01:21:03.253   807   807 D SystemServerTiming: OnBootPhase_500_com.android.server.pm.CrossProfileAppsService
01-04 01:21:03.253   807   807 V SystemServerTiming: OnBootPhase_500_com.android.server.pm.CrossProfileAppsService took to complete: 0ms
01-04 01:21:03.253   807   807 D SystemServerTiming: OnBootPhase_500_com.android.server.people.PeopleService
01-04 01:21:03.253   807   807 V SystemServerTiming: OnBootPhase_500_com.android.server.people.PeopleService took to complete: 0ms
01-04 01:21:03.253   807   807 D SystemServerTiming: OnBootPhase_500_com.android.server.media.metrics.MediaMetricsManagerService
01-04 01:21:03.253   807   807 V SystemServerTiming: OnBootPhase_500_com.android.server.media.metrics.MediaMetricsManagerService took to complete: 0ms
01-04 01:21:03.253   807   807 D SystemServerTiming: OnBootPhase_500_com.android.server.media.projection.MediaProjectionManagerService
01-04 01:21:03.253   807   807 V SystemServerTiming: OnBootPhase_500_com.android.server.media.projection.MediaProjectionManagerService took to complete: 0ms
01-04 01:21:03.253   807   807 D SystemServerTiming: OnBootPhase_500_com.android.server.slice.SliceManagerService$Lifecycle
01-04 01:21:03.253   807   807 V SystemServerTiming: OnBootPhase_500_com.android.server.slice.SliceManagerService$Lifecycle took to complete: 0ms
01-04 01:21:03.253   807   807 D SystemServerTiming: OnBootPhase_500_com.android.server.stats.StatsCompanion$Lifecycle
01-04 01:21:03.253   807   807 V SystemServerTiming: OnBootPhase_500_com.android.server.stats.StatsCompanion$Lifecycle took to complete: 0ms
01-04 01:21:03.253   807   807 D SystemServerTiming: OnBootPhase_500_com.android.server.scheduling.RebootReadinessManagerService$Lifecycle
01-04 01:21:03.253   807   807 V SystemServerTiming: OnBootPhase_500_com.android.server.scheduling.RebootReadinessManagerService$Lifecycle took to complete: 0ms
01-04 01:21:03.253   807   807 D SystemServerTiming: OnBootPhase_500_com.android.server.stats.pull.StatsPullAtomService
01-04 01:21:03.253   807   807 V SystemServerTiming: OnBootPhase_500_com.android.server.stats.pull.StatsPullAtomService took to complete: 0ms
01-04 01:21:03.254   807   807 D SystemServerTiming: OnBootPhase_500_com.android.server.stats.bootstrap.StatsBootstrapAtomService$Lifecycle
01-04 01:21:03.254   807   807 V SystemServerTiming: OnBootPhase_500_com.android.server.stats.bootstrap.StatsBootstrapAtomService$Lifecycle took to complete: 0ms
01-04 01:21:03.254   807   807 D SystemServerTiming: OnBootPhase_500_com.android.server.incident.IncidentCompanionService
01-04 01:21:03.254   807   807 V SystemServerTiming: OnBootPhase_500_com.android.server.incident.IncidentCompanionService took to complete: 0ms
01-04 01:21:03.254   807   807 D SystemServerTiming: OnBootPhase_500_com.android.server.sdksandbox.SdkSandboxManagerService$Lifecycle
01-04 01:21:03.254   807   807 V SystemServerTiming: OnBootPhase_500_com.android.server.sdksandbox.SdkSandboxManagerService$Lifecycle took to complete: 0ms
01-04 01:21:03.254   807   807 D SystemServerTiming: OnBootPhase_500_com.android.server.adservices.AdServicesManagerService$Lifecycle
01-04 01:21:03.254   807   807 V SystemServerTiming: OnBootPhase_500_com.android.server.adservices.AdServicesManagerService$Lifecycle took to complete: 0ms
01-04 01:21:03.254   807   807 D SystemServerTiming: OnBootPhase_500_com.android.server.autofill.AutofillManagerService
01-04 01:21:03.254   807   807 V SystemServerTiming: OnBootPhase_500_com.android.server.autofill.AutofillManagerService took to complete: 0ms
01-04 01:21:03.254   807   807 D SystemServerTiming: OnBootPhase_500_com.android.server.clipboard.ClipboardService
01-04 01:21:03.254   807   807 V SystemServerTiming: OnBootPhase_500_com.android.server.clipboard.ClipboardService took to complete: 0ms
01-04 01:21:03.254   807   807 D SystemServerTiming: OnBootPhase_500_com.android.server.appbinding.AppBindingService$Lifecycle
01-04 01:21:03.254   807   807 V SystemServerTiming: OnBootPhase_500_com.android.server.appbinding.AppBindingService$Lifecycle took to complete: 0ms
01-04 01:21:03.254   807   807 D SystemServerTiming: OnBootPhase_500_com.android.server.tracing.TracingServiceProxy
01-04 01:21:03.254   807   807 V SystemServerTiming: OnBootPhase_500_com.android.server.tracing.TracingServiceProxy took to complete: 0ms
01-04 01:21:03.254   807   807 V SystemServerTiming: OnBootPhase_500 took to complete: 226ms
01-04 01:21:03.254   807   807 V SystemServerTiming: StartBootPhaseSystemServicesReady took to complete: 226ms
01-04 01:21:03.254   807   807 D SystemServerTiming: MakeWindowManagerServiceReady
01-04 01:21:03.258   807   807 V SystemServerTiming: MakeWindowManagerServiceReady took to complete: 4ms
01-04 01:21:03.258   807   836 I HealthServiceWrapperAidl: health: HealthServiceWrapper listening to AIDL HAL
01-04 01:21:03.260   807   836 D StatsPullAtomService: Registering pullers with statsd
01-04 01:21:03.262   807   807 D SystemServerTiming: StartPermissionPolicyService
01-04 01:21:03.262   807   807 I SystemServiceManager: Starting com.android.server.policy.PermissionPolicyService
01-04 01:21:03.262   807   836 I StatsPullAtomService: register thermal listener successfully
01-04 01:21:03.265   807   807 V SystemServerTiming: StartPermissionPolicyService took to complete: 3ms
01-04 01:21:03.265   807   807 D SystemServerTiming: MakePackageManagerServiceReady
01-04 01:21:03.279   807   807 V UserDataPreparer: Found /data/user_de/0 with serial number 0
01-04 01:21:03.280   807   807 V UserDataPreparer: Found /data/user/0 with serial number 0
01-04 01:21:03.280   807   807 V UserDataPreparer: Found /data/system_de/0 with serial number 0
01-04 01:21:03.280   807   807 V UserDataPreparer: Found /data/system_ce/0 with serial number 0
01-04 01:21:03.280   807   807 V UserDataPreparer: Found /data/misc_ce/0 with serial number 0
01-04 01:21:03.281   807   807 I PackageManager: Permission ownership changed. Updating all permissions.
01-04 01:21:03.293   807   807 W PackageManager: Package android.ext.services is an APK in APEX, but has permission allowlist on the system image. Please bundle the allowlist in the com.android.extservices APEX instead.
01-04 01:21:03.293   807   807 W PackageManager: Package android.ext.services is an APK in APEX, but has permission allowlist on the system image. Please bundle the allowlist in the com.android.extservices APEX instead.
01-04 01:21:03.293   807   807 W PackageManager: Package android.ext.services is an APK in APEX, but has permission allowlist on the system image. Please bundle the allowlist in the com.android.extservices APEX instead.
01-04 01:21:03.293   807   807 W PackageManager: Package android.ext.services is an APK in APEX, but has permission allowlist on the system image. Please bundle the allowlist in the com.android.extservices APEX instead.
01-04 01:21:03.305   807   807 W PackageManager: Package com.android.providers.media.module is an APK in APEX, but has permission allowlist on the system image. Please bundle the allowlist in the com.android.mediaprovider APEX instead.
01-04 01:21:03.305   807   807 W PackageManager: Package com.android.providers.media.module is an APK in APEX, but has permission allowlist on the system image. Please bundle the allowlist in the com.android.mediaprovider APEX instead.
01-04 01:21:03.305   807   807 W PackageManager: Package com.android.providers.media.module is an APK in APEX, but has permission allowlist on the system image. Please bundle the allowlist in the com.android.mediaprovider APEX instead.
01-04 01:21:03.305   807   807 W PackageManager: Package com.android.providers.media.module is an APK in APEX, but has permission allowlist on the system image. Please bundle the allowlist in the com.android.mediaprovider APEX instead.
01-04 01:21:03.305   807   807 W PackageManager: Package com.android.providers.media.module is an APK in APEX, but has permission allowlist on the system image. Please bundle the allowlist in the com.android.mediaprovider APEX instead.
01-04 01:21:03.305   807   807 W PackageManager: Package com.android.providers.media.module is an APK in APEX, but has permission allowlist on the system image. Please bundle the allowlist in the com.android.mediaprovider APEX instead.
01-04 01:21:03.305   807   807 W PackageManager: Package com.android.providers.media.module is an APK in APEX, but has permission allowlist on the system image. Please bundle the allowlist in the com.android.mediaprovider APEX instead.
01-04 01:21:03.305   807   807 W PackageManager: Package com.android.providers.media.module is an APK in APEX, but has permission allowlist on the system image. Please bundle the allowlist in the com.android.mediaprovider APEX instead.
01-04 01:21:03.305   807   807 W PackageManager: Package com.android.providers.media.module is an APK in APEX, but has permission allowlist on the system image. Please bundle the allowlist in the com.android.mediaprovider APEX instead.
01-04 01:21:03.305   807   807 W PackageManager: Package com.android.providers.media.module is an APK in APEX, but has permission allowlist on the system image. Please bundle the allowlist in the com.android.mediaprovider APEX instead.
01-04 01:21:03.305   807   807 W PackageManager: Package com.android.providers.media.module is an APK in APEX, but has permission allowlist on the system image. Please bundle the allowlist in the com.android.mediaprovider APEX instead.
01-04 01:21:03.306   807   807 W PackageManager: Package com.android.providers.media.module is an APK in APEX, but has permission allowlist on the system image. Please bundle the allowlist in the com.android.mediaprovider APEX instead.
01-04 01:21:03.306   807   807 W PackageManager: Package com.android.providers.media.module is an APK in APEX, but has permission allowlist on the system image. Please bundle the allowlist in the com.android.mediaprovider APEX instead.
01-04 01:21:03.320   807   807 V StagingManagerTiming: restoreSessions took to complete: 2ms
01-04 01:21:03.321   807   807 V SystemServerTiming: MakePackageManagerServiceReady took to complete: 56ms
01-04 01:21:03.321   807   807 D SystemServerTiming: MakeDisplayManagerServiceReady
01-04 01:21:03.322   807   831 E DisplayModeDirector: Asked about unknown display, returning empty display mode specs!(id=0)
01-04 01:21:03.322   807   831 E DisplayModeDirector: Asked about unknown display, returning empty display mode specs!(id=0)
01-04 01:21:03.324   807   807 I BrightnessSynchronizer: Initial brightness readings: 102(int), 0.39763778(float)
01-04 01:21:03.325   807   807 V SystemServerTiming: MakeDisplayManagerServiceReady took to complete: 4ms
01-04 01:21:03.325   807   807 D SystemServerTiming: StartDeviceSpecificServices
01-04 01:21:03.325   807   807 V SystemServerTiming: StartDeviceSpecificServices took to complete: 0ms
01-04 01:21:03.325   807   807 D SystemServerTiming: GameManagerService
01-04 01:21:03.325   807   807 I SystemServiceManager: Starting com.android.server.app.GameManagerService$Lifecycle
01-04 01:21:03.332   807   807 V SystemServerTiming: GameManagerService took to complete: 7ms
01-04 01:21:03.332   807   807 D SystemServerTiming: ArtManagerLocal
01-04 01:21:03.333   807   807 V SystemServerTiming: ArtManagerLocal took to complete: 1ms
01-04 01:21:03.333   807   807 D SystemServerTiming: StartBootPhaseDeviceSpecificServicesReady
01-04 01:21:03.333   807   807 I SystemServiceManager: Starting phase 520
01-04 01:21:03.333   807   807 D SystemServerTiming: OnBootPhase_520
01-04 01:21:03.333   807   807 D SystemServerTiming: OnBootPhase_520_com.android.server.security.FileIntegrityService
01-04 01:21:03.333   807   807 V SystemServerTiming: OnBootPhase_520_com.android.server.security.FileIntegrityService took to complete: 0ms
01-04 01:21:03.333   807   807 D SystemServerTiming: OnBootPhase_520_com.android.server.pm.Installer
01-04 01:21:03.333   807   807 V SystemServerTiming: OnBootPhase_520_com.android.server.pm.Installer took to complete: 0ms
01-04 01:21:03.333   807   807 D SystemServerTiming: OnBootPhase_520_com.android.server.os.DeviceIdentifiersPolicyService
01-04 01:21:03.333   807   807 V SystemServerTiming: OnBootPhase_520_com.android.server.os.DeviceIdentifiersPolicyService took to complete: 0ms
01-04 01:21:03.333   807   807 D SystemServerTiming: OnBootPhase_520_com.android.server.uri.UriGrantsManagerService$Lifecycle
01-04 01:21:03.333   807   807 V SystemServerTiming: OnBootPhase_520_com.android.server.uri.UriGrantsManagerService$Lifecycle took to complete: 0ms
01-04 01:21:03.333   807   807 D SystemServerTiming: OnBootPhase_520_com.android.server.powerstats.PowerStatsService
01-04 01:21:03.333   807   807 V SystemServerTiming: OnBootPhase_520_com.android.server.powerstats.PowerStatsService took to complete: 0ms
01-04 01:21:03.333   807   807 D SystemServerTiming: OnBootPhase_520_com.android.server.wm.ActivityTaskManagerService$Lifecycle
01-04 01:21:03.333   807   807 V SystemServerTiming: OnBootPhase_520_com.android.server.wm.ActivityTaskManagerService$Lifecycle took to complete: 0ms
01-04 01:21:03.333   807   807 D SystemServerTiming: OnBootPhase_520_com.android.server.am.ActivityManagerService$Lifecycle
01-04 01:21:03.333   807   807 V SystemServerTiming: OnBootPhase_520_com.android.server.am.ActivityManagerService$Lifecycle took to complete: 0ms
01-04 01:21:03.333   807   807 D SystemServerTiming: OnBootPhase_520_com.android.server.pm.DataLoaderManagerService
01-04 01:21:03.333   807   807 V SystemServerTiming: OnBootPhase_520_com.android.server.pm.DataLoaderManagerService took to complete: 0ms
01-04 01:21:03.334   807   807 D SystemServerTiming: OnBootPhase_520_com.android.server.power.PowerManagerService
01-04 01:21:03.334   807   807 V SystemServerTiming: OnBootPhase_520_com.android.server.power.PowerManagerService took to complete: 0ms
01-04 01:21:03.334   807   807 D SystemServerTiming: OnBootPhase_520_com.android.server.power.ThermalManagerService
01-04 01:21:03.334   807   807 V SystemServerTiming: OnBootPhase_520_com.android.server.power.ThermalManagerService took to complete: 0ms
01-04 01:21:03.334   807   807 D SystemServerTiming: OnBootPhase_520_com.android.server.power.hint.HintManagerService
01-04 01:21:03.334   807   807 V SystemServerTiming: OnBootPhase_520_com.android.server.power.hint.HintManagerService took to complete: 0ms
01-04 01:21:03.334   807   807 D SystemServerTiming: OnBootPhase_520_com.android.server.recoverysystem.RecoverySystemService$Lifecycle
01-04 01:21:03.334   807   807 V SystemServerTiming: OnBootPhase_520_com.android.server.recoverysystem.RecoverySystemService$Lifecycle took to complete: 0ms
01-04 01:21:03.334   807   807 D SystemServerTiming: OnBootPhase_520_com.android.server.lights.LightsService
01-04 01:21:03.334   807   807 V SystemServerTiming: OnBootPhase_520_com.android.server.lights.LightsService took to complete: 0ms
01-04 01:21:03.334   807   807 D SystemServerTiming: OnBootPhase_520_com.android.server.display.DisplayManagerService
01-04 01:21:03.334   807   807 V SystemServerTiming: OnBootPhase_520_com.android.server.display.DisplayManagerService took to complete: 0ms
01-04 01:21:03.334   807   807 D SystemServerTiming: OnBootPhase_520_com.android.server.pm.verify.domain.DomainVerificationService
01-04 01:21:03.334   807   807 V SystemServerTiming: OnBootPhase_520_com.android.server.pm.verify.domain.DomainVerificationService took to complete: 0ms
01-04 01:21:03.334   807   807 D SystemServerTiming: OnBootPhase_520_com.android.server.pm.PackageInstallerService$Lifecycle
01-04 01:21:03.334   807   807 V SystemServerTiming: OnBootPhase_520_com.android.server.pm.PackageInstallerService$Lifecycle took to complete: 0ms
01-04 01:21:03.334   807   807 D SystemServerTiming: OnBootPhase_520_com.android.server.pm.UserManagerService$LifeCycle
01-04 01:21:03.334   807   807 V SystemServerTiming: OnBootPhase_520_com.android.server.pm.UserManagerService$LifeCycle took to complete: 0ms
01-04 01:21:03.334   807   807 D SystemServerTiming: OnBootPhase_520_com.android.server.om.OverlayManagerService
01-04 01:21:03.334   807   807 V SystemServerTiming: OnBootPhase_520_com.android.server.om.OverlayManagerService took to complete: 0ms
01-04 01:21:03.334   807   807 D SystemServerTiming: OnBootPhase_520_com.android.server.resources.ResourcesManagerService
01-04 01:21:03.334   807   807 V SystemServerTiming: OnBootPhase_520_com.android.server.resources.ResourcesManagerService took to complete: 0ms
01-04 01:21:03.334   807   807 D SystemServerTiming: OnBootPhase_520_com.android.server.sensorprivacy.SensorPrivacyService
01-04 01:21:03.334   807   807 V SystemServerTiming: OnBootPhase_520_com.android.server.sensorprivacy.SensorPrivacyService took to complete: 0ms
01-04 01:21:03.334   807   807 D SystemServerTiming: OnBootPhase_520_com.android.server.sensors.SensorService
01-04 01:21:03.334   807   807 V SystemServerTiming: OnBootPhase_520_com.android.server.sensors.SensorService took to complete: 0ms
01-04 01:21:03.334   807   807 D SystemServerTiming: OnBootPhase_520_com.android.server.SystemConfigService
01-04 01:21:03.334   807   807 V SystemServerTiming: OnBootPhase_520_com.android.server.SystemConfigService took to complete: 0ms
01-04 01:21:03.334   807   807 D SystemServerTiming: OnBootPhase_520_com.android.server.BatteryService
01-04 01:21:03.334   807   807 V SystemServerTiming: OnBootPhase_520_com.android.server.BatteryService took to complete: 0ms
01-04 01:21:03.334   807   807 D SystemServerTiming: OnBootPhase_520_com.android.server.usage.UsageStatsService
01-04 01:21:03.334   807   928 V SystemServerTimingAsync: SecondaryZygotePreload took to complete: 1480ms
01-04 01:21:03.334   807   807 V SystemServerTiming: OnBootPhase_520_com.android.server.usage.UsageStatsService took to complete: 0ms
01-04 01:21:03.335   807   807 D SystemServerTiming: OnBootPhase_520_com.android.server.webkit.WebViewUpdateService
01-04 01:21:03.335   807   928 D SystemServerInitThreadPool: Finished executing SecondaryZygotePreload
01-04 01:21:03.335   807   807 V SystemServerTiming: OnBootPhase_520_com.android.server.webkit.WebViewUpdateService took to complete: 0ms
01-04 01:21:03.335   807   928 V SystemServerTimingAsync: InitThreadPoolExec:SecondaryZygotePreload took to complete: 1481ms
01-04 01:21:03.335   807   807 D SystemServerTiming: OnBootPhase_520_com.android.server.CachedDeviceStateService
01-04 01:21:03.335   807   807 V SystemServerTiming: OnBootPhase_520_com.android.server.CachedDeviceStateService took to complete: 0ms
01-04 01:21:03.335   807   807 D SystemServerTiming: OnBootPhase_520_com.android.server.BinderCallsStatsService$LifeCycle
01-04 01:21:03.335   807   807 V SystemServerTiming: OnBootPhase_520_com.android.server.BinderCallsStatsService$LifeCycle took to complete: 0ms
01-04 01:21:03.335   807   807 D SystemServerTiming: OnBootPhase_520_com.android.server.LooperStatsService$Lifecycle
01-04 01:21:03.335   807   807 V SystemServerTiming: OnBootPhase_520_com.android.server.LooperStatsService$Lifecycle took to complete: 0ms
01-04 01:21:03.335   807   807 D SystemServerTiming: OnBootPhase_520_com.android.server.rollback.RollbackManagerService
01-04 01:21:03.335   807   807 V SystemServerTiming: OnBootPhase_520_com.android.server.rollback.RollbackManagerService took to complete: 0ms
01-04 01:21:03.335   807   807 D SystemServerTiming: OnBootPhase_520_com.android.server.os.NativeTombstoneManagerService
01-04 01:21:03.335   807   807 V SystemServerTiming: OnBootPhase_520_com.android.server.os.NativeTombstoneManagerService took to complete: 0ms
01-04 01:21:03.335   807   807 D SystemServerTiming: OnBootPhase_520_com.android.server.os.BugreportManagerService
01-04 01:21:03.335   807   807 V SystemServerTiming: OnBootPhase_520_com.android.server.os.BugreportManagerService took to complete: 0ms
01-04 01:21:03.335   807   807 D SystemServerTiming: OnBootPhase_520_com.android.server.gpu.GpuService
01-04 01:21:03.335   807   807 V SystemServerTiming: OnBootPhase_520_com.android.server.gpu.GpuService took to complete: 0ms
01-04 01:21:03.335   807   807 D SystemServerTiming: OnBootPhase_520_com.android.server.security.KeyChainSystemService
01-04 01:21:03.335   807   807 V SystemServerTiming: OnBootPhase_520_com.android.server.security.KeyChainSystemService took to complete: 0ms
01-04 01:21:03.335   807   807 D SystemServerTiming: OnBootPhase_520_com.android.server.BinaryTransparencyService
01-04 01:21:03.335   807   807 V SystemServerTiming: OnBootPhase_520_com.android.server.BinaryTransparencyService took to complete: 0ms
01-04 01:21:03.335   807   807 D SystemServerTiming: OnBootPhase_520_com.android.server.accounts.AccountManagerService$Lifecycle
01-04 01:21:03.335   807   807 V SystemServerTiming: OnBootPhase_520_com.android.server.accounts.AccountManagerService$Lifecycle took to complete: 0ms
01-04 01:21:03.335   807   807 D SystemServerTiming: OnBootPhase_520_com.android.server.content.ContentService$Lifecycle
01-04 01:21:03.335   807   807 V SystemServerTiming: OnBootPhase_520_com.android.server.content.ContentService$Lifecycle took to complete: 0ms
01-04 01:21:03.335   807   807 D SystemServerTiming: OnBootPhase_520_com.android.server.DropBoxManagerService
01-04 01:21:03.335   807   807 V SystemServerTiming: OnBootPhase_520_com.android.server.DropBoxManagerService took to complete: 0ms
01-04 01:21:03.335   807   807 D SystemServerTiming: OnBootPhase_520_com.android.role.RoleService
01-04 01:21:03.335   807   807 V SystemServerTiming: OnBootPhase_520_com.android.role.RoleService took to complete: 0ms
01-04 01:21:03.335   807   807 D SystemServerTiming: OnBootPhase_520_com.android.server.vibrator.VibratorManagerService$Lifecycle
01-04 01:21:03.335   807   807 V SystemServerTiming: OnBootPhase_520_com.android.server.vibrator.VibratorManagerService$Lifecycle took to complete: 0ms
01-04 01:21:03.335   807   807 D SystemServerTiming: OnBootPhase_520_com.android.server.tare.InternalResourceService
01-04 01:21:03.335   807   807 V SystemServerTiming: OnBootPhase_520_com.android.server.tare.InternalResourceService took to complete: 0ms
01-04 01:21:03.335   807   807 D SystemServerTiming: OnBootPhase_520_com.android.server.alarm.AlarmManagerService
01-04 01:21:03.336   807   807 V SystemServerTiming: OnBootPhase_520_com.android.server.alarm.AlarmManagerService took to complete: 0ms
01-04 01:21:03.336   807   807 D SystemServerTiming: OnBootPhase_520_com.android.server.devicestate.DeviceStateManagerService
01-04 01:21:03.336   807   807 V SystemServerTiming: OnBootPhase_520_com.android.server.devicestate.DeviceStateManagerService took to complete: 0ms
01-04 01:21:03.336   807   807 D SystemServerTiming: OnBootPhase_520_com.android.server.bluetooth.BluetoothService
01-04 01:21:03.336   807   807 V SystemServerTiming: OnBootPhase_520_com.android.server.bluetooth.BluetoothService took to complete: 0ms
01-04 01:21:03.336   807   807 D SystemServerTiming: OnBootPhase_520_com.android.server.connectivity.IpConnectivityMetrics
01-04 01:21:03.336   807   807 V SystemServerTiming: OnBootPhase_520_com.android.server.connectivity.IpConnectivityMetrics took to complete: 0ms
01-04 01:21:03.336   807   807 D SystemServerTiming: OnBootPhase_520_com.android.server.net.watchlist.NetworkWatchlistService$Lifecycle
01-04 01:21:03.336   807   807 V SystemServerTiming: OnBootPhase_520_com.android.server.net.watchlist.NetworkWatchlistService$Lifecycle took to complete: 0ms
01-04 01:21:03.336   807   807 D SystemServerTiming: OnBootPhase_520_com.android.server.PinnerService
01-04 01:21:03.336   807   807 V SystemServerTiming: OnBootPhase_520_com.android.server.PinnerService took to complete: 0ms
01-04 01:21:03.336   807   807 D SystemServerTiming: OnBootPhase_520_com.android.server.integrity.AppIntegrityManagerService
01-04 01:21:03.336   807   807 V SystemServerTiming: OnBootPhase_520_com.android.server.integrity.AppIntegrityManagerService took to complete: 0ms
01-04 01:21:03.336   807   807 D SystemServerTiming: OnBootPhase_520_com.android.server.logcat.LogcatManagerService
01-04 01:21:03.336   807   807 V SystemServerTiming: OnBootPhase_520_com.android.server.logcat.LogcatManagerService took to complete: 0ms
01-04 01:21:03.336   807   807 D SystemServerTiming: OnBootPhase_520_com.android.server.inputmethod.InputMethodManagerService$Lifecycle
01-04 01:21:03.336   807   807 V SystemServerTiming: OnBootPhase_520_com.android.server.inputmethod.InputMethodManagerService$Lifecycle took to complete: 0ms
01-04 01:21:03.336   807   807 D SystemServerTiming: OnBootPhase_520_com.android.server.accessibility.AccessibilityManagerService$Lifecycle
01-04 01:21:03.336   807   807 V SystemServerTiming: OnBootPhase_520_com.android.server.accessibility.AccessibilityManagerService$Lifecycle took to complete: 0ms
01-04 01:21:03.336   807   807 D SystemServerTiming: OnBootPhase_520_com.android.server.StorageManagerService$Lifecycle
01-04 01:21:03.336   807   807 V SystemServerTiming: OnBootPhase_520_com.android.server.StorageManagerService$Lifecycle took to complete: 0ms
01-04 01:21:03.336   807   807 D SystemServerTiming: OnBootPhase_520_com.android.server.usage.StorageStatsService$Lifecycle
01-04 01:21:03.336   807   807 V SystemServerTiming: OnBootPhase_520_com.android.server.usage.StorageStatsService$Lifecycle took to complete: 0ms
01-04 01:21:03.336   807   807 D SystemServerTiming: OnBootPhase_520_com.android.server.UiModeManagerService
01-04 01:21:03.336   807   807 V SystemServerTiming: OnBootPhase_520_com.android.server.UiModeManagerService took to complete: 0ms
01-04 01:21:03.336   807   807 D SystemServerTiming: OnBootPhase_520_com.android.server.locales.LocaleManagerService
01-04 01:21:03.336   807   807 V SystemServerTiming: OnBootPhase_520_com.android.server.locales.LocaleManagerService took to complete: 0ms
01-04 01:21:03.336   807   807 D SystemServerTiming: OnBootPhase_520_com.android.server.locksettings.LockSettingsService$Lifecycle
01-04 01:21:03.336   807   807 V SystemServerTiming: OnBootPhase_520_com.android.server.locksettings.LockSettingsService$Lifecycle took to complete: 0ms
01-04 01:21:03.336   807   807 D SystemServerTiming: OnBootPhase_520_com.android.server.PersistentDataBlockService
01-04 01:21:03.336   807   807 V SystemServerTiming: OnBootPhase_520_com.android.server.PersistentDataBlockService took to complete: 0ms
01-04 01:21:03.336   807   807 D SystemServerTiming: OnBootPhase_520_com.android.server.testharness.TestHarnessModeService
01-04 01:21:03.336   807   807 V SystemServerTiming: OnBootPhase_520_com.android.server.testharness.TestHarnessModeService took to complete: 0ms
01-04 01:21:03.336   807   807 D SystemServerTiming: OnBootPhase_520_com.android.server.oemlock.OemLockService
01-04 01:21:03.336   807   807 V SystemServerTiming: OnBootPhase_520_com.android.server.oemlock.OemLockService took to complete: 0ms
01-04 01:21:03.336   807   807 D SystemServerTiming: OnBootPhase_520_com.android.server.DeviceIdleController
01-04 01:21:03.337   807   807 V SystemServerTiming: OnBootPhase_520_com.android.server.DeviceIdleController took to complete: 0ms
01-04 01:21:03.337   807   807 D SystemServerTiming: OnBootPhase_520_com.android.server.devicepolicy.DevicePolicyManagerService$Lifecycle
01-04 01:21:03.337   807   807 V SystemServerTiming: OnBootPhase_520_com.android.server.devicepolicy.DevicePolicyManagerService$Lifecycle took to complete: 0ms
01-04 01:21:03.337   807   807 D SystemServerTiming: OnBootPhase_520_com.android.server.texttospeech.TextToSpeechManagerService
01-04 01:21:03.337   807   807 V SystemServerTiming: OnBootPhase_520_com.android.server.texttospeech.TextToSpeechManagerService took to complete: 0ms
01-04 01:21:03.337   807   807 D SystemServerTiming: OnBootPhase_520_com.android.server.ambientcontext.AmbientContextManagerService
01-04 01:21:03.337   807   807 V SystemServerTiming: OnBootPhase_520_com.android.server.ambientcontext.AmbientContextManagerService took to complete: 0ms
01-04 01:21:03.337   807   807 D SystemServerTiming: OnBootPhase_520_com.android.server.speech.SpeechRecognitionManagerService
01-04 01:21:03.337   807   807 V SystemServerTiming: OnBootPhase_520_com.android.server.speech.SpeechRecognitionManagerService took to complete: 0ms
01-04 01:21:03.337   807   807 D SystemServerTiming: OnBootPhase_520_com.android.server.searchui.SearchUiManagerService
01-04 01:21:03.337   807   807 V SystemServerTiming: OnBootPhase_520_com.android.server.searchui.SearchUiManagerService took to complete: 0ms
01-04 01:21:03.337   807   807 D SystemServerTiming: OnBootPhase_520_com.android.server.smartspace.SmartspaceManagerService
01-04 01:21:03.337   807   807 V SystemServerTiming: OnBootPhase_520_com.android.server.smartspace.SmartspaceManagerService took to complete: 0ms
01-04 01:21:03.337   807   807 D SystemServerTiming: OnBootPhase_520_com.android.server.graphics.fonts.FontManagerService$Lifecycle
01-04 01:21:03.337   807   807 V SystemServerTiming: OnBootPhase_520_com.android.server.graphics.fonts.FontManagerService$Lifecycle took to complete: 0ms
01-04 01:21:03.337   807   807 D SystemServerTiming: OnBootPhase_520_com.android.server.textservices.TextServicesManagerService$Lifecycle
01-04 01:21:03.337   807   807 V SystemServerTiming: OnBootPhase_520_com.android.server.textservices.TextServicesManagerService$Lifecycle took to complete: 0ms
01-04 01:21:03.337   807   807 D SystemServerTiming: OnBootPhase_520_com.android.server.textclassifier.TextClassificationManagerService$Lifecycle
01-04 01:21:03.337   807   807 V SystemServerTiming: OnBootPhase_520_com.android.server.textclassifier.TextClassificationManagerService$Lifecycle took to complete: 0ms
01-04 01:21:03.337   807   807 D SystemServerTiming: OnBootPhase_520_com.android.server.NetworkScoreService$Lifecycle
