01-07 03:34:17.893   929  1055 D CompatibilityChangeReporter: Compat change id reported: 218533173; UID 10009; state: ENABLED
01-07 03:34:17.893   929  1055 D CompatibilityChangeReporter: Compat change id reported: 218533173; UID 10078; state: ENABLED
01-07 03:34:17.893   929  1055 D CompatibilityChangeReporter: Compat change id reported: 218533173; UID 10070; state: ENABLED
01-07 03:34:17.894  1223  1223 V WindowManagerShell: Adding init callback for FullscreenTaskListener
01-07 03:34:17.894   929  1055 D CompatibilityChangeReporter: Compat change id reported: 218533173; UID 10064; state: ENABLED
01-07 03:34:17.894   929  1055 D CompatibilityChangeReporter: Compat change id reported: 218533173; UID 10069; state: DISABLED
01-07 03:34:17.895   929  1055 D CompatibilityChangeReporter: Compat change id reported: 218533173; UID 10012; state: ENABLED
01-07 03:34:17.895   929  1055 D CompatibilityChangeReporter: Compat change id reported: 218533173; UID 10080; state: DISABLED
01-07 03:34:17.896   929  1055 D CompatibilityChangeReporter: Compat change id reported: 218533173; UID 10039; state: ENABLED
01-07 03:34:17.896   929  1055 D CompatibilityChangeReporter: Compat change id reported: 218533173; UID 10000; state: ENABLED
01-07 03:34:17.897   929  1055 D CompatibilityChangeReporter: Compat change id reported: 218533173; UID 10085; state: ENABLED
01-07 03:34:17.898   929  1055 D CompatibilityChangeReporter: Compat change id reported: 218533173; UID 10046; state: ENABLED
01-07 03:34:17.899   929  1055 D CompatibilityChangeReporter: Compat change id reported: 218533173; UID 10030; state: ENABLED
01-07 03:34:17.900   929  1055 D CompatibilityChangeReporter: Compat change id reported: 218533173; UID 10003; state: ENABLED
01-07 03:34:17.901   929  1055 D CompatibilityChangeReporter: Compat change id reported: 218533173; UID 10004; state: ENABLED
01-07 03:34:17.902   929  1055 D CompatibilityChangeReporter: Compat change id reported: 218533173; UID 10065; state: ENABLED
01-07 03:34:17.904   929   968 W ActivityManager: Slow operation: 736ms so far, now at startProcess: returned from zygote!
01-07 03:34:17.905   929   968 W ActivityManager: Slow operation: 737ms so far, now at startProcess: done updating battery stats
01-07 03:34:17.905   929   968 W ActivityManager: Slow operation: 737ms so far, now at startProcess: building log message
01-07 03:34:17.905   929   968 I ActivityManager: Start proc 1289:WebViewLoader-arm64-v8a/1037 [android.webkit.WebViewLibraryLoader$RelroFileCreator] for 
01-07 03:34:17.905   929   968 W ActivityManager: Slow operation: 737ms so far, now at startProcess: starting to update pids map
01-07 03:34:17.906   929   968 W ActivityManager: Slow operation: 738ms so far, now at startProcess: done updating pids map
01-07 03:34:17.906   929   968 W ActivityManager: Slow operation: 536ms so far, now at startProcess: asking zygote to start proc
01-07 03:34:17.906   929   968 D CompatibilityChangeReporter: Compat change id reported: 143937733; UID 10041; state: ENABLED
01-07 03:34:17.917   929   968 W ActivityManager: Slow operation: 547ms so far, now at startProcess: returned from zygote!
01-07 03:34:17.918   929   968 W ActivityManager: Slow operation: 548ms so far, now at startProcess: done updating battery stats
01-07 03:34:17.918   929   968 W ActivityManager: Slow operation: 548ms so far, now at startProcess: building log message
01-07 03:34:17.918   929   968 I ActivityManager: Start proc 1297:com.droidlogic.tvinput/u0a41 for service {com.droidlogic.tvinput/com.droidlogic.tvinput.services.Hdmi1InputService}
01-07 03:34:17.918   929   968 W ActivityManager: Slow operation: 548ms so far, now at startProcess: starting to update pids map
01-07 03:34:17.918   929   968 W ActivityManager: Slow operation: 548ms so far, now at startProcess: done updating pids map
01-07 03:34:17.918   929   968 W ActivityManager: Slow operation: 489ms so far, now at startProcess: asking zygote to start proc
01-07 03:34:17.919   520   520 E android.hardware.wifi@1.0-service.droidlogic: driver not ok ,wait
01-07 03:34:17.920  1223  1223 V WindowManagerShell: Adding init callback for StartingWindowController
01-07 03:34:17.920  1223  1223 V WindowManagerShell: Adding init callback for ProtoLogController
01-07 03:34:17.929  1223  1223 V WindowManagerShell: Adding init callback for BackAnimationController
01-07 03:34:17.930  1223  1223 V WindowManagerShell: Initializing Shell Components: 15
01-07 03:34:17.934   929   968 W ActivityManager: Slow operation: 505ms so far, now at startProcess: returned from zygote!
01-07 03:34:17.935  1223  1223 V WindowManagerShell: 	DisplayChangeController init took 4ms
01-07 03:34:17.935   929   968 W ActivityManager: Slow operation: 506ms so far, now at startProcess: done updating battery stats
01-07 03:34:17.935   929   968 W ActivityManager: Slow operation: 506ms so far, now at startProcess: building log message
01-07 03:34:17.935   929   968 I ActivityManager: Start proc 1310:com.android.networkstack.process/1073 for service {com.android.networkstack/com.android.server.NetworkStackService}
01-07 03:34:17.935   929   968 W ActivityManager: Slow operation: 507ms so far, now at startProcess: starting to update pids map
01-07 03:34:17.936   929   968 W ActivityManager: Slow operation: 507ms so far, now at startProcess: done updating pids map
01-07 03:34:17.936   929   968 W ActivityManager: Slow operation: 378ms so far, now at startProcess: asking zygote to start proc
01-07 03:34:17.938  1223  1223 V WindowManagerShell: 	DisplayController init took 3ms
01-07 03:34:17.943  1223  1223 V WindowManagerShell: 	DisplayInsetsController init took 5ms
01-07 03:34:17.943  1223  1223 V WindowManagerShell: 	DisplayImeController init took 0ms
01-07 03:34:17.946  1223  1223 V WindowManagerShell: Adding dump callback for ShellController
01-07 03:34:17.946  1223  1223 V WindowManagerShell: 	ShellController init took 0ms
01-07 03:34:17.946  1223  1223 V WindowManagerShell: 	DragAndDropController init took 0ms
01-07 03:34:17.946  1223  1223 V WindowManagerShell: 	CompatUIController init took 0ms
01-07 03:34:17.947  1223  1223 V WindowManagerShell: Adding dump callback for ShellTaskOrganizer
01-07 03:34:17.951  1223  1223 V WindowManagerShell: 	ShellTaskOrganizer init took 4ms
01-07 03:34:17.958   929   968 W ActivityManager: Slow operation: 400ms so far, now at startProcess: returned from zygote!
01-07 03:34:17.959   929   968 W ActivityManager: Slow operation: 401ms so far, now at startProcess: done updating battery stats
01-07 03:34:17.959   929   968 W ActivityManager: Slow operation: 401ms so far, now at startProcess: building log message
01-07 03:34:17.959   929   968 I ActivityManager: Start proc 1326:com.android.bluetooth/1002 for service {com.android.bluetooth/com.android.bluetooth.btservice.AdapterService}
01-07 03:34:17.959   929   968 W ActivityManager: Slow operation: 402ms so far, now at startProcess: starting to update pids map
01-07 03:34:17.960   929   968 W ActivityManager: Slow operation: 402ms so far, now at startProcess: done updating pids map
01-07 03:34:17.960   929   968 W ActivityManager: Slow operation: 370ms so far, now at startProcess: asking zygote to start proc
01-07 03:34:17.971   929   968 W ActivityManager: Slow operation: 381ms so far, now at startProcess: returned from zygote!
01-07 03:34:17.971   929   968 W ActivityManager: Slow operation: 381ms so far, now at startProcess: done updating battery stats
01-07 03:34:17.971   929   968 W ActivityManager: Slow operation: 382ms so far, now at startProcess: building log message
01-07 03:34:17.972   929   968 I ActivityManager: Start proc 1336:com.droidlogic/1000 for added application com.droidlogic
01-07 03:34:17.972   929   968 W ActivityManager: Slow operation: 382ms so far, now at startProcess: starting to update pids map
01-07 03:34:17.972   929   968 W ActivityManager: Slow operation: 382ms so far, now at startProcess: done updating pids map
01-07 03:34:17.972   929   968 W ActivityManager: Slow operation: 380ms so far, now at startProcess: asking zygote to start proc
01-07 03:34:17.979  1223  1223 V WindowManagerShell: 	DefaultTransitionHandler init took 27ms
01-07 03:34:17.979  1223  1223 V WindowManagerShell: Adding external interface from Transitions with key extra_shell_shell_transitions
01-07 03:34:17.999   929   968 W ActivityManager: Slow operation: 407ms so far, now at startProcess: returned from zygote!
01-07 03:34:18.000   929   968 W ActivityManager: Slow operation: 408ms so far, now at startProcess: done updating battery stats
01-07 03:34:18.001   929   968 W ActivityManager: Slow operation: 409ms so far, now at startProcess: building log message
01-07 03:34:18.001   929   968 I ActivityManager: Start proc 1357:com.android.se/1068 for added application com.android.se
01-07 03:34:18.001   929   968 W ActivityManager: Slow operation: 409ms so far, now at startProcess: starting to update pids map
01-07 03:34:18.002   929   968 W ActivityManager: Slow operation: 410ms so far, now at startProcess: done updating pids map
01-07 03:34:18.003   929   968 W ActivityManager: Slow operation: 196ms so far, now at startProcess: asking zygote to start proc
01-07 03:34:18.005  1223  1223 V WindowManagerShell: 	Transitions init took 26ms
01-07 03:34:18.012  1223  1223 V WindowManagerShell: 	TvPipController init took 7ms
01-07 03:34:18.012   929  1188 D HDMI    : [S]:<Report Physical Address> 3F:84:20:00:03
01-07 03:34:18.017   929   944 D CompatibilityChangeReporter: Compat change id reported: 168419799; UID 1002; state: DISABLED
01-07 03:34:18.027  1223  1223 V WindowManagerShell: 	FullscreenTaskListener init took 15ms
01-07 03:34:18.028  1223  1223 V WindowManagerShell: Adding external interface from StartingWindowController with key extra_shell_starting_window
01-07 03:34:18.028  1223  1223 V WindowManagerShell: 	StartingWindowController init took 1ms
01-07 03:34:18.028  1223  1223 V WindowManagerShell: Adding command class protolog for ProtoLogController
01-07 03:34:18.028  1223  1223 V WindowManagerShell: 	ProtoLogController init took 0ms
01-07 03:34:18.039   929   945 D CompatibilityChangeReporter: Compat change id reported: 181136395; UID 1000; state: DISABLED
01-07 03:34:18.039   929   945 D CompatibilityChangeReporter: Compat change id reported: 174042936; UID 1000; state: DISABLED
01-07 03:34:18.040  1223  1223 D ShellBackPreview: Back animation enabled=false
01-07 03:34:18.041   929   945 D CompatibilityChangeReporter: Compat change id reported: 174042980; UID 1000; state: DISABLED
01-07 03:34:18.045  1223  1223 V WindowManagerShell: Adding external interface from BackAnimationController with key extra_shell_back_animation
01-07 03:34:18.045  1223  1223 V WindowManagerShell: 	BackAnimationController init took 17ms
01-07 03:34:18.049   929  1267 D CompatibilityChangeReporter: Compat change id reported: 168419799; UID 10041; state: DISABLED
01-07 03:34:18.083   929   944 D CompatibilityChangeReporter: Compat change id reported: 168419799; UID 1073; state: DISABLED
01-07 03:34:18.097   929   968 W ActivityManager: Slow operation: 290ms so far, now at startProcess: returned from zygote!
01-07 03:34:18.100   929   944 D CompatibilityChangeReporter: Compat change id reported: 168419799; UID 1073; state: DISABLED
01-07 03:34:18.108   929   968 W ActivityManager: Slow operation: 301ms so far, now at startProcess: done updating battery stats
01-07 03:34:18.109   929   968 W ActivityManager: Slow operation: 302ms so far, now at startProcess: building log message
01-07 03:34:18.109   929   968 I ActivityManager: Start proc 1398:com.android.tv.settings/1000 for top-activity {com.android.tv.settings/com.android.tv.settings.system.FallbackHome}
01-07 03:34:18.109   929   968 W ActivityManager: Slow operation: 302ms so far, now at startProcess: starting to update pids map
01-07 03:34:18.109   929   968 W ActivityManager: Slow operation: 302ms so far, now at startProcess: done updating pids map
01-07 03:34:18.109   929   968 W ActivityManager: Slow operation: 239ms so far, now at startProcess: asking zygote to start proc
01-07 03:34:18.110   929   968 D CompatibilityChangeReporter: Compat change id reported: 143937733; UID 10084; state: ENABLED
01-07 03:34:18.112   929  1054 W PackageManager: Loading a package that does not exist for the calling user. package=null, user=0
01-07 03:34:18.119   520   520 E android.hardware.wifi@1.0-service.droidlogic: driver not ok ,wait
01-07 03:34:18.123   929   944 D CompatibilityChangeReporter: Compat change id reported: 168419799; UID 1068; state: DISABLED
01-07 03:34:18.129   929  1267 D CompatibilityChangeReporter: Compat change id reported: 168419799; UID 1000; state: DISABLED
01-07 03:34:18.134   929   968 W ActivityManager: Slow operation: 264ms so far, now at startProcess: returned from zygote!
01-07 03:34:18.135   929   968 W ActivityManager: Slow operation: 265ms so far, now at startProcess: done updating battery stats
01-07 03:34:18.135   929   968 W ActivityManager: Slow operation: 266ms so far, now at startProcess: building log message
01-07 03:34:18.135   929   968 I ActivityManager: Start proc 1410:android.ext.services/u0a84 for service {android.ext.services/android.ext.services.autofill.InlineSuggestionRenderServiceImpl}
01-07 03:34:18.136   929   968 W ActivityManager: Slow operation: 266ms so far, now at startProcess: starting to update pids map
01-07 03:34:18.136   929   968 W ActivityManager: Slow operation: 266ms so far, now at startProcess: done updating pids map
01-07 03:34:18.143   929   960 I DropBoxManagerService: add tag=system_server_strictmode isTagEnabled=true flags=0x2
01-07 03:34:18.150   929  1267 D CompatibilityChangeReporter: Compat change id reported: 168419799; UID 1000; state: DISABLED
01-07 03:34:18.158   929   945 W PackageManager: Loading a package that does not exist for the calling user. package=null, user=0
01-07 03:34:18.169   929  1188 D HDMI    : [S]:<Device Vendor Id> 3F:87:1C:A4:10
01-07 03:34:18.171   929   929 W Looper  : Slow dispatch took 294ms main h=android.os.Handler c=com.android.server.hdmi.WorkSourceUidPreservingRunnable@bc18392 m=0
01-07 03:34:18.171   929   929 D HDMI    : receive android.intent.action.CONFIGURATION_CHANGED
01-07 03:34:18.172   929   929 I HdmiCecLocalDeviceSource: queryDisplayStatus already in progress
01-07 03:34:18.173   929   929 I PackageWatchdog: Syncing health check requests for packages: {}
01-07 03:34:18.173   929   929 I ExplicitHealthCheckController: Service not ready to get health check supported packages. Binding...
01-07 03:34:18.176   929  1248 E WebViewUpdateServiceImpl: Timed out waiting for relro creation, relros started 2 relros finished 0 package dirty? false
01-07 03:34:18.176   929  1248 W WebViewUpdateServiceImpl: creating relro file timed out
01-07 03:34:18.177   929   929 I ExplicitHealthCheckController: Explicit health check service is bound
01-07 03:34:18.178   929  1248 D CompatibilityChangeReporter: Compat change id reported: 135634846; UID 10064; state: DISABLED
01-07 03:34:18.178   929  1248 D CompatibilityChangeReporter: Compat change id reported: 177438394; UID 10064; state: DISABLED
01-07 03:34:18.178   929  1248 D CompatibilityChangeReporter: Compat change id reported: 135772972; UID 10064; state: DISABLED
01-07 03:34:18.178   929  1248 D CompatibilityChangeReporter: Compat change id reported: 135754954; UID 10064; state: ENABLED
01-07 03:34:18.179   929  1248 D CompatibilityChangeReporter: Compat change id reported: 207557677; UID 10064; state: ENABLED
01-07 03:34:18.274   929  1054 D CompatibilityChangeReporter: Compat change id reported: 168419799; UID 10084; state: DISABLED
01-07 03:34:18.290   929   929 W Looper  : Slow dispatch took 110ms main h=android.app.ActivityThread$H c=null m=114
01-07 03:34:18.294   929   929 D CompatibilityChangeReporter: Compat change id reported: 161145287; UID 1000; state: DISABLED
01-07 03:34:18.315   929   929 D AccessibilityManagerService: Ignoring non-encryption-aware service ComponentInfo{com.sonos.connectivity/com.sonos.connectivity.mediacontroller.MediaControllerService}
01-07 03:34:18.317   929   929 D SystemServerTiming: ManagedServices.unbindOtherUserServices_current0
01-07 03:34:18.317   929   929 V SystemServerTiming: ManagedServices.unbindOtherUserServices_current0 took to complete: 0ms
01-07 03:34:18.318   929   929 D SystemServerTiming: ManagedServices.unbindOtherUserServices_current0
01-07 03:34:18.318   929   929 V SystemServerTiming: ManagedServices.unbindOtherUserServices_current0 took to complete: 0ms
01-07 03:34:18.318   929   929 D SystemServerTiming: ManagedServices.unbindOtherUserServices_current0
01-07 03:34:18.318   929   929 V SystemServerTiming: ManagedServices.unbindOtherUserServices_current0 took to complete: 1ms
01-07 03:34:18.319   929   929 V NotificationAssistants: enabling notification assistant for 0: ComponentInfo{android.ext.services/android.ext.services.notification.Assistant}
01-07 03:34:18.319   929   929 V NotificationAssistants: binding: Intent { act=android.service.notification.NotificationAssistantService cmp=android.ext.services/.notification.Assistant (has extras) }
01-07 03:34:18.320   520   520 E android.hardware.wifi@1.0-service.droidlogic: driver not ok ,wait
01-07 03:34:18.381   929   945 D CompatibilityChangeReporter: Compat change id reported: 194532703; UID 1073; state: ENABLED
01-07 03:34:18.406   929  1054 D CompatibilityChangeReporter: Compat change id reported: 161145287; UID 1068; state: DISABLED
01-07 03:34:18.406   929   960 I DropBoxManagerService: add tag=system_app_strictmode isTagEnabled=true flags=0x2
01-07 03:34:18.409   929   960 I DropBoxManagerService: add tag=system_app_strictmode isTagEnabled=true flags=0x2
01-07 03:34:18.411   929   960 I DropBoxManagerService: add tag=system_app_strictmode isTagEnabled=true flags=0x2
01-07 03:34:18.414   929   960 I DropBoxManagerService: add tag=system_app_strictmode isTagEnabled=true flags=0x2
01-07 03:34:18.429   929  1374 I ActivityManager: Process WebViewLoader-armeabi-v7a (pid 1287) has died: psvc PER 
01-07 03:34:18.520   520   520 E android.hardware.wifi@1.0-service.droidlogic: driver not ok ,wait
01-07 03:34:18.522   929  1188 E HDMI    : [1]:Failed to send <Give Device Vendor Id> 30:8C with errorCode=1
01-07 03:34:18.536   929  1374 D CompatibilityChangeReporter: Compat change id reported: 157233955; UID 10070; state: ENABLED
01-07 03:34:18.556     0     0 D [7 T496   ..] cnss: Sending ini sync request, state: 0x400017, fw_log_mode: 1
01-07 03:34:18.557     0     0 I [3 T496   ..] [kworke][0x17eb2d2][03: 34:18.553435] wlan: [496:I:HIF] hif_latency_detect_init: tasklet mask is 0x84
01-07 03:34:18.557     0     0 I [3 T496   ..] [kworke][0x17eb2e5][03: 34:18.553454] wlan: [496:I:HIF] hif_latency_detect_timer_init: timer timeout 4000, latency threshold 3900
01-07 03:34:18.557     0     0 I [3 T496   ..] [kworke][0x17eb2f3][03: 34:18.553468] wlan: [496:I:HIF] hif_pci_enable_bus: con_mode = 0x0, WLAN_SOC_device_id = 0x1107
01-07 03:34:18.557     0     0 I [3 T496   ..] [kworke][0x17eb2fc][03: 34:18.553477] wlan: [496:I:HIF] hif_pci_get_soc_info_pld: hif_pci_get_soc_info_pld: fam num 4 dev ver 23 maj ver 2 min ver 0
01-07 03:34:18.557     0     0 I         : [3 T496   ..]
01-07 03:34:18.557     0     0 I [3 T496   ..] [kworke][0x17eb302][03: 34:18.553483] wlan: [496:I:HIF] hif_pci_enable_bus: hif_enable_pci done
01-07 03:34:18.557     0     0 I [3 T496   ..] [kworke][0x17eb319][03: 34:18.553506] wlan: [496:I:HIF] hif_get_device_type:  *********** KIWI *************
01-07 03:34:18.557     0     0 I [3 T496   ..] [kworke][0x17eb31e][03: 34:18.553511] wlan: [496:I:HIF] hif_pci_enable_bus: hif_type = 0x1a, target_type = 0x1f
01-07 03:34:18.557     0     0 I [3 T496   ..] [kworke][0x17eb324][03: 34:18.553517] wlan: [496:I:HIF] hif_register_tbl_attach: HIF_TYPE_KIWI
01-07 03:34:18.557     0     0 I [3 T496   ..] [kworke][0x17eb329][03: 34:18.553522] wlan: [496:I:HIF] hif_target_register_tbl_attach: TARGET_TYPE_KIWI
01-07 03:34:18.557     0     0 I [3 T496   ..] [kworke][0x17eb32e][03: 34:18.553527] wlan: [496:I:HIF] hif_pci_enable_bus: Skip tgt_wake up for srng devices
01-07 03:34:18.559   929   960 I DropBoxManagerService: add tag=system_app_strictmode isTagEnabled=true flags=0x2
01-07 03:34:18.563     0     0 D [1 T496   ..] cnss: Assign MSI to user: CE, num_vectors: 1, user_base_data: 1, base_vector: 0
01-07 03:34:18.563     0     0 E [1 T496   ..] [kworke][0x17ecaff][03: 34:18.559625] wlan: [496:E:HIF] hif_print_hal_shadow_register_cfg: v3: num_config 36
01-07 03:34:18.564     0     0 E [1 T496   ..] [kworke][0x17ece28][03: 34:18.560433] wlan: [496:E:HIF] hif_print_hal_shadow_register_cfg: i 0, val a3b04c
01-07 03:34:18.566     0     0 E [1 T496   ..] [kworke][0x17ed4c1][03: 34:18.562123] wlan: [496:E:HIF] hif_print_hal_shadow_register_cfg: i 1, val a3b054
01-07 03:34:18.567     0     0 E [1 T496   ..] [kworke][0x17edaad][03: 34:18.563639] wlan: [496:E:HIF] hif_print_hal_shadow_register_cfg: i 2, val a3b05c
01-07 03:34:18.565  1336  1336 W ContextImpl: Calling a method in the system process without a qualified user: android.app.ContextImpl.startService:1863 android.content.ContextWrapper.startService:817 com.droidlogic.DroidlogicApplication.startDroidLogicServices:179 com.droidlogic.DroidlogicApplication.initAudio:101 com.droidlogic.DroidlogicApplication.-$$Nest$minitAudio:0 
01-07 03:34:18.569     0     0 E [1 T496   ..] [kworke][0x17ee0fc][03: 34:18.565253] wlan: [496:E:HIF] hif_print_hal_shadow_register_cfg: i 3, val a3b064
01-07 03:34:18.570     0     0 E [1 T496   ..] [kworke][0x17ee504][03: 34:18.566285] wlan: [496:E:HIF] hif_print_hal_shadow_register_cfg: i 4, val a3b06c
01-07 03:34:18.571     0     0 E [1 T496   ..] [kworke][0x17eeab5][03: 34:18.567742] wlan: [496:E:HIF] hif_print_hal_shadow_register_cfg: i 5, val a3b074
01-07 03:34:18.573     0     0 E [1 T496   ..] [kworke][0x17ef0dc][03: 34:18.569317] wlan: [496:E:HIF] hif_print_hal_shadow_register_cfg: i 6, val a3b07c
01-07 03:34:18.569   929  1457 D CompatibilityChangeReporter: Compat change id reported: 161145287; UID 1073; state: DISABLED
01-07 03:34:18.571   929  1267 I ActivityManager: Process WebViewLoader-arm64-v8a (pid 1289) has died: psvc PER 
01-07 03:34:18.574     0     0 E [1 T496   ..] [kworke][0x17ef626][03: 34:18.570671] wlan: [496:E:HIF] hif_print_hal_shadow_register_cfg: i 7, val a3b084
01-07 03:34:18.576     0     0 E [1 T496   ..] [kworke][0x17efbd7][03: 34:18.572128] wlan: [496:E:HIF] hif_print_hal_shadow_register_cfg: i 8, val a3b08c
01-07 03:34:18.577     0     0 E [1 T496   ..] [kworke][0x17f01a8][03: 34:18.573617] wlan: [496:E:HIF] hif_print_hal_shadow_register_cfg: i 9, val a3b028
01-07 03:34:18.574  1336  1336 W ContextImpl: Calling a method in the system process without a qualified user: android.app.ContextImpl.startService:1863 android.content.ContextWrapper.startService:817 com.droidlogic.DroidlogicApplication.startDroidLogicServices:179 com.droidlogic.DroidlogicApplication.initAudio:102 com.droidlogic.DroidlogicApplication.-$$Nest$minitAudio:0 
01-07 03:34:18.579     0     0 E [1 T496   ..] [kworke][0x17f0b54][03: 34:18.576094] wlan: [496:E:HIF] hif_print_hal_shadow_register_cfg: i 10, val a3b020
01-07 03:34:18.576   929   960 I DropBoxManagerService: add tag=system_app_strictmode isTagEnabled=true flags=0x2
01-07 03:34:18.581     0     0 E [1 T496   ..] [kworke][0x17f0f8b][03: 34:18.577172] wlan: [496:E:HIF] hif_print_hal_shadow_register_cfg: i 11, val a3b0ac
01-07 03:34:18.582     0     0 E [1 T496   ..] [kworke][0x17f1542][03: 34:18.578636] wlan: [496:E:HIF] hif_print_hal_shadow_register_cfg: i 12, val a46000
01-07 03:34:18.582   929  1374 D CompatibilityChangeReporter: Compat change id reported: 171306433; UID 1000; state: ENABLED
01-07 03:34:18.582   929  1374 D CompatibilityChangeReporter: Compat change id reported: 218533173; UID 1000; state: ENABLED
01-07 03:34:18.585     0     0 E [1 T496   ..] [kworke][0x17f2101][03: 34:18.581642] wlan: [496:E:HIF] hif_print_hal_shadow_register_cfg: i 13, val a46008
01-07 03:34:18.587     0     0 E [1 T496   ..] [kworke][0x17f280e][03: 34:18.583447] wlan: [496:E:HIF] hif_print_hal_shadow_register_cfg: i 14, val a46010
01-07 03:34:18.590     0     0 E [1 T496   ..] [kworke][0x17f33e0][03: 34:18.586473] wlan: [496:E:HIF] hif_print_hal_shadow_register_cfg: i 15, val a46018
01-07 03:34:18.591     0     0 E [1 T496   ..] [kworke][0x17f3711][03: 34:18.587290] wlan: [496:E:HIF] hif_print_hal_shadow_register_cfg: i 16, val a46020
01-07 03:34:18.592     0     0 E [1 T496   ..] [kworke][0x17f3cd5][03: 34:18.588766] wlan: [496:E:HIF] hif_print_hal_shadow_register_cfg: i 17, val a370b8
01-07 03:34:18.591   929   945 D CompatibilityChangeReporter: Compat change id reported: 161145287; UID 10084; state: DISABLED
01-07 03:34:18.595     0     0 E [1 T496   ..] [kworke][0x17f47cb][03: 34:18.591572] wlan: [496:E:HIF] hif_print_hal_shadow_register_cfg: i 18, val a37010
01-07 03:34:18.596     0     0 E [1 T496   ..] [kworke][0x17f4c46][03: 34:18.592719] wlan: [496:E:HIF] hif_print_hal_shadow_register_cfg: i 19, val a370cc
01-07 03:34:18.598     0     0 E [1 T496   ..] [kworke][0x17f54be][03: 34:18.594887] wlan: [496:E:HIF] hif_print_hal_shadow_register_cfg: i 20, val a370d4
01-07 03:34:18.596   929   960 I DropBoxManagerService: add tag=system_app_strictmode isTagEnabled=true flags=0x2
01-07 03:34:18.596   929  1054 D CoreBackPreview: Window{427b3d u0 com.android.tv.settings/com.android.tv.settings.system.FallbackHome}: Setting back callback OnBackInvokedCallbackInfo{mCallback=android.window.IOnBackInvokedCallback$Stub$Proxy@a16b5df, mPriority=0}
01-07 03:34:18.600     0     0 E [1 T496   ..] [kworke][0x17f5c12][03: 34:18.596764] wlan: [496:E:HIF] hif_print_hal_shadow_register_cfg: i 21, val a370dc
01-07 03:34:18.601     0     0 E [1 T496   ..] [kworke][0x17f601b][03: 34:18.597796] wlan: [496:E:HIF] hif_print_hal_shadow_register_cfg: i 22, val a370e4
01-07 03:34:18.602     0     0 E [1 T496   ..] [kworke][0x17f6516][03: 34:18.599071] wlan: [496:E:HIF] hif_print_hal_shadow_register_cfg: i 23, val a370ec
01-07 03:34:18.604     0     0 E [1 T496   ..] [kworke][0x17f6bd5][03: 34:18.600798] wlan: [496:E:HIF] hif_print_hal_shadow_register_cfg: i 24, val a370f4
01-07 03:34:18.606     0     0 E [1 T496   ..] [kworke][0x17f710f][03: 34:18.602136] wlan: [496:E:HIF] hif_print_hal_shadow_register_cfg: i 25, val a370fc
01-07 03:34:18.607     0     0 E [1 T496   ..] [kworke][0x17f7648][03: 34:18.603473] wlan: [496:E:HIF] hif_print_hal_shadow_register_cfg: i 26, val a37104
01-07 03:34:18.608     0     0 E [1 T496   ..] [kworke][0x17f7c4f][03: 34:18.605016] wlan: [496:E:HIF] hif_print_hal_shadow_register_cfg: i 27, val 1b80400
01-07 03:34:18.606   929  1169 D AudioService: setWiredDeviceConnectionState( type:400 state:DEVICE_STATE_AVAILABLE addr: name:) from com.droidlogic
01-07 03:34:18.606   929  1169 I AS.AudioDeviceInventory: handleDeviceConnection(true dev:400 address: name:)
01-07 03:34:18.606   929  1169 I AS.AudioDeviceInventory: deviceKey:0x400:
01-07 03:34:18.606   929  1169 I AS.AudioDeviceInventory: deviceInfo:null is(already)Connected:false
01-07 03:34:18.610     0     0 E [1 T496   ..] [kworke][0x17f81cc][03: 34:18.606421] wlan: [496:E:HIF] hif_print_hal_shadow_register_cfg: i 28, val 1b83400
01-07 03:34:18.611     0     0 E [1 T496   ..] [kworke][0x17f87cb][03: 34:18.607956] wlan: [496:E:HIF] hif_print_hal_shadow_register_cfg: i 29, val 1b8340c
01-07 03:34:18.613     0     0 E [1 T496   ..] [kworke][0x17f8e0b][03: 34:18.609556] wlan: [496:E:HIF] hif_print_hal_shadow_register_cfg: i 30, val 1b85400
01-07 03:34:18.614     0     0 E [1 T496   ..] [kworke][0x17f9382][03: 34:18.610956] wlan: [496:E:HIF] hif_print_hal_shadow_register_cfg: i 31, val 1b8540c
01-07 03:34:18.620     0     0 E [1 T496   ..] [kworke][0x17faa94][03: 34:18.616861] wlan: [496:E:HIF] hif_print_hal_shadow_register_cfg: i 32, val 1b86400
01-07 03:34:18.621     0     0 E [1 T496   ..] [kworke][0x17faf09][03: 34:18.618002] wlan: [496:E:HIF] hif_print_hal_shadow_register_cfg: i 33, val 1b88400
01-07 03:34:18.623     0     0 E [1 T496   ..] [kworke][0x17fb390][03: 34:18.619161] wlan: [496:E:HIF] hif_print_hal_shadow_register_cfg: i 34, val 1b8f400
01-07 03:34:18.624     0     0 E [1 T496   ..] [kworke][0x17fb958][03: 34:18.620641] wlan: [496:E:HIF] hif_print_hal_shadow_register_cfg: i 35, val 1b8f40c
01-07 03:34:18.626     0     0 D [1 T496   ..] cnss: Mode: 0, config: 0000000000000000, host_version: 5.2.1.62C.010
01-07 03:34:18.626     0     0 D [1 T496   ..] cnss: Sending WLAN config message, state: 0x400017
01-07 03:34:18.626     0     0 D [1 T496   ..] cnss: Shadow reg v3 len: 36
01-07 03:34:18.623   929   960 I DropBoxManagerService: add tag=system_app_strictmode isTagEnabled=true flags=0x2
01-07 03:34:18.626     0     0 D [5 T496   ..] cnss: Sending mode message, mode: MISSION(0), state: 0x400017
01-07 03:34:18.641     0     0 I [6 T740   ..] [snd-soc]: dts_dec_control/0x0
01-07 03:34:18.662     0     0 D [7 T8     ..] cnss: Received QMI WLFW pin connect result indication
01-07 03:34:18.662     0     0 D [7 T8     ..] cnss: Pin connect Result: pwr_pin: 0x1 phy_io_pin: 0x0 rf_io_pin: 0x0
01-07 03:34:18.662     0     0 D [6 T496   ..] cnss: Assign MSI to user: CE, num_vectors: 1, user_base_data: 1, base_vector: 0
01-07 03:34:18.662     0     0 D [6 T496   ..] cnss: Get MSI low addr = 0x81000, high addr = 0x0
01-07 03:34:18.662     0     0 I [6 T496   ..] [kworke][0x1804e5c][03: 34:18.658789] wlan: [496:I:HAL] hal_srng_update_high_wm_thresholds: ring_id: 64, wm_thresh- <50:0, 50-60:8, 60-70:9, 70-80:11, 80-90:12, 90-100:14
01-07 03:34:18.662     0     0 D [6 T496   ..] cnss: Assign MSI to user: CE, num_vectors: 1, user_base_data: 1, base_vector: 0
01-07 03:34:18.662     0     0 D [6 T496   ..] cnss: Get MSI low addr = 0x81000, high addr = 0x0
01-07 03:34:18.662     0     0 I [6 T496   ..] [kworke][0x1804ed5][03: 34:18.658910] wlan: [496:I:HAL] hal_srng_update_high_wm_thresholds: ring_id: 82, wm_thresh- <50:0, 50-60:256, 60-70:307, 70-80:358, 80-90:409, 90-100:460
01-07 03:34:18.662     0     0 D [6 T496   ..] cnss: Assign MSI to user: CE, num_vectors: 1, user_base_data: 1, base_vector: 0
01-07 03:34:18.662     0     0 D [6 T496   ..] cnss: Get MSI low addr = 0x81000, high addr = 0x0
01-07 03:34:18.663   929  1457 D CompatibilityChangeReporter: Compat change id reported: 182478738; UID 1073; state: ENABLED
01-07 03:34:18.662     0     0 I [6 T496   ..] [kworke][0x1804f4d][03: 34:18.659030] wlan: [496:I:HAL] hal_srng_update_high_wm_thresholds: ring_id: 101, wm_thresh- <50:0, 50-60:256, 60-70:307, 70-80:358, 80-90:409, 90-100:460
01-07 03:34:18.666     0     0 D [1 T496   ..] cnss: Assign MSI to user: CE, num_vectors: 1, user_base_data: 1, base_vector: 0
01-07 03:34:18.666     0     0 D [1 T496   ..] cnss: Get MSI low addr = 0x81000, high addr = 0x0
01-07 03:34:18.666     0     0 I [1 T496   ..] [kworke][0x1805e5c][03: 34:18.662885] wlan: [496:I:HAL] hal_srng_update_high_wm_thresholds: ring_id: 83, wm_thresh- <50:0, 50-60:128, 60-70:153, 70-80:179, 80-90:204, 90-100:230
01-07 03:34:18.669     0     0 D [1 T496   ..] cnss: Assign MSI to user: CE, num_vectors: 1, user_base_data: 1, base_vector: 0
01-07 03:34:18.669     0     0 D [1 T496   ..] cnss: Get MSI low addr = 0x81000, high addr = 0x0
01-07 03:34:18.669     0     0 I [1 T496   ..] [kworke][0x1806780][03: 34:18.665225] wlan: [496:I:HAL] hal_srng_update_high_wm_thresholds: ring_id: 102, wm_thresh- <50:0, 50-60:128, 60-70:153, 70-80:179, 80-90:204, 90-100:230
01-07 03:34:18.669     0     0 D [1 T496   ..] cnss: Assign MSI to user: CE, num_vectors: 1, user_base_data: 1, base_vector: 0
01-07 03:34:18.669     0     0 D [1 T496   ..] cnss: Get MSI low addr = 0x81000, high addr = 0x0
01-07 03:34:18.669     0     0 I [1 T496   ..] [kworke][0x18067f0][03: 34:18.665337] wlan: [496:I:HAL] hal_srng_update_high_wm_thresholds: ring_id: 67, wm_thresh- <50:0, 50-60:16, 60-70:19, 70-80:22, 80-90:25, 90-100:28
01-07 03:34:18.675     0     0 D [1 T496   ..] cnss: Assign MSI to user: CE, num_vectors: 1, user_base_data: 1, base_vector: 0
01-07 03:34:18.675     0     0 D [1 T496   ..] cnss: Get MSI low addr = 0x81000, high addr = 0x0
01-07 03:34:18.675     0     0 I [1 T496   ..] [kworke][0x18081e7][03: 34:18.671984] wlan: [496:I:HAL] hal_srng_update_high_wm_thresholds: ring_id: 68, wm_thresh- <50:0, 50-60:128, 60-70:153, 70-80:179, 80-90:204, 90-100:230
01-07 03:34:18.675     0     0 D [1 T496   ..] cnss: Assign MSI to user: CE, num_vectors: 1, user_base_data: 1, base_vector: 0
01-07 03:34:18.675     0     0 D [1 T496   ..] cnss: Get MSI low addr = 0x81000, high addr = 0x0
01-07 03:34:18.675     0     0 I [1 T496   ..] [kworke][0x180824d][03: 34:18.672086] wlan: [496:I:HAL] hal_srng_update_high_wm_thresholds: ring_id: 88, wm_thresh- <50:0, 50-60:16, 60-70:19, 70-80:22, 80-90:25, 90-100:28
01-07 03:34:18.676     0     0 D [1 T496   ..] cnss: Assign MSI to user: CE, num_vectors: 1, user_base_data: 1, base_vector: 0
01-07 03:34:18.676     0     0 D [1 T496   ..] cnss: Get MSI low addr = 0x81000, high addr = 0x0
01-07 03:34:18.676     0     0 I [1 T496   ..] [kworke][0x18082ba][03: 34:18.672195] wlan: [496:I:HAL] hal_srng_update_high_wm_thresholds: ring_id: 107, wm_thresh- <50:0, 50-60:16, 60-70:19, 70-80:22, 80-90:25, 90-100:28
01-07 03:34:18.676     0     0 I [1 T496   ..] [kworke][0x1808305][03: 34:18.672270] wlan: [496:I:HIF] hif_configure_irq: E
01-07 03:34:18.676     0     0 D [1 T496   ..] cnss: Assign MSI to user: CE, num_vectors: 1, user_base_data: 1, base_vector: 0
01-07 03:34:18.676     0     0 D [1 T496   ..] cnss: Assign MSI to user: CE, num_vectors: 1, user_base_data: 1, base_vector: 0
01-07 03:34:18.676     0     0 D [1 T496   ..] cnss: Get IRQ number 101 for vector index 0
01-07 03:34:18.676     0     0 D [1 T496   ..] cnss: Assign MSI to user: CE, num_vectors: 1, user_base_data: 1, base_vector: 0
01-07 03:34:18.676     0     0 D [1 T496   ..] cnss: Get IRQ number 101 for vector index 0
01-07 03:34:18.676     0     0 D [1 T496   ..] cnss: Assign MSI to user: CE, num_vectors: 1, user_base_data: 1, base_vector: 0
01-07 03:34:18.676     0     0 D [1 T496   ..] cnss: Get IRQ number 101 for vector index 0
01-07 03:34:18.676     0     0 D [1 T496   ..] cnss: Assign MSI to user: CE, num_vectors: 1, user_base_data: 1, base_vector: 0
01-07 03:34:18.676     0     0 D [1 T496   ..] cnss: Get IRQ number 101 for vector index 0
01-07 03:34:18.676     0     0 D [1 T496   ..] cnss: Assign MSI to user: CE, num_vectors: 1, user_base_data: 1, base_vector: 0
01-07 03:34:18.676     0     0 D [1 T496   ..] cnss: Get IRQ number 101 for vector index 0
01-07 03:34:18.676     0     0 D [1 T496   ..] cnss: Assign MSI to user: CE, num_vectors: 1, user_base_data: 1, base_vector: 0
01-07 03:34:18.676     0     0 D [1 T496   ..] cnss: Get IRQ number 101 for vector index 0
01-07 03:34:18.676     0     0 D [1 T496   ..] cnss: Assign MSI to user: CE, num_vectors: 1, user_base_data: 1, base_vector: 0
01-07 03:34:18.676     0     0 D [1 T496   ..] cnss: Get IRQ number 101 for vector index 0
01-07 03:34:18.676     0     0 D [1 T496   ..] cnss: Assign MSI to user: CE, num_vectors: 1, user_base_data: 1, base_vector: 0
01-07 03:34:18.676     0     0 D [1 T496   ..] cnss: Get IRQ number 101 for vector index 0
01-07 03:34:18.676     0     0 D [1 T496   ..] cnss: Assign MSI to user: CE, num_vectors: 1, user_base_data: 1, base_vector: 0
01-07 03:34:18.676     0     0 D [1 T496   ..] cnss: Get IRQ number 101 for vector index 0
01-07 03:34:18.676     0     0 E [1 T496   ..] wlan_pld: pld_is_ipa_offload_disabled:3449:: Not supported on type 0
01-07 03:34:18.676     0     0 E [1 T496   ..] [kworke][0x1808563][03: 34:18.672876] wlan: [496:E:POLICY_MGR] policy_mgr_init_cfg: max_conc_cxns 4 non-nan
01-07 03:34:18.678     0     0 D [1 T496   ..] cnss: Platform cap_flag is 0x0
01-07 03:34:18.679     0     0 E [1 T496   ..] [kworke][0x1808ef6][03: 34:18.675327] wlan: [496:E:QDF] __cds_get_context: Module ID 66 context is Null (via hdd_update_ol_config)
01-07 03:34:18.687     0     0 E [1 T496   ..] [kworke][0x180af39][03: 34:18.683586] wlan: [496:E:QDF] __cds_get_context: Module ID 66 context is Null (via cds_open)
01-07 03:34:18.690     0     0 F [1 T496   ..] [kworke][0x180bcb4][03: 34:18.687037] wlan: [496:F:WMA] WMA --> wmi_unified_attach - success
01-07 03:34:18.695     0     0 E [1 T496   ..] [kworke][0x180d067][03: 34:18.692080] wlan: [496:E:QDF] htc_wait_target: Target Ready! TX resource : 1 size:2176, MaxMsgsPerHTCBundle = 1
01-07 03:34:18.697     0     0 E [1 T496   ..] [kworke][0x180d555][03: 34:18.693342] wlan: [496:E:QDF] htc_setup_target_buffer_assignments: SVS Index : 1 TX : 0x100 : alloc:1
01-07 03:34:18.720   520   520 E android.hardware.wifi@1.0-service.droidlogic: driver not ok ,wait
01-07 03:34:18.756   929   961 D ActivityManagerTiming: FinishBooting
01-07 03:34:18.756   929  1210 D CompatibilityChangeReporter: Compat change id reported: 161145287; UID 10041; state: DISABLED
01-07 03:34:18.757   929   961 D WindowManager: updateCecScreenStatus 0
01-07 03:34:18.757   929   961 D HDMI    : setCecSettingIntValue name:cec_screen_state, value:0
01-07 03:34:18.794   929  1457 D CompatibilityChangeReporter: Compat change id reported: 161145287; UID 1002; state: DISABLED
01-07 03:34:18.852     0     0 I [3 T496   ..] [kworke][0x1833429][03: 34:18.848690] wlan: [496:I:DP] dp_soc_tx_desc_sw_pools_alloc Tx Desc Alloc num_pool = 6, descs = 8192
01-07 03:34:18.857  1326  1326 W ActivityThread: Failed to find provider info for bluetooth_legacy.provider (user not unlocked)
01-07 03:34:18.862   929  1188 E HDMI    : [1]:Failed to send <Get Menu Language> 30:91 with errorCode=1
01-07 03:34:18.921   520   520 E android.hardware.wifi@1.0-service.droidlogic: driver not ok ,wait
01-07 03:34:18.965     0     0 I [4 T740   ..] [snd-soc]: drc high cut scale set to 0%
01-07 03:34:18.965     0     0 I [2 T740   ..] [snd-soc]: drc low boost scale set to 0%
01-07 03:34:18.967     0     0 I [2 T740   ..] [snd-soc]: drc mode set to RF
01-07 03:34:19.017     0     0 D [3 T496   ..] cnss: Assign MSI to user: DP, num_vectors: 1, user_base_data: 1, base_vector: 0
01-07 03:34:19.018     0     0 D [3 T496   ..] cnss: Assign MSI to user: DP, num_vectors: 1, user_base_data: 1, base_vector: 0
01-07 03:34:19.018     0     0 D [3 T496   ..] cnss: Assign MSI to user: DP, num_vectors: 1, user_base_data: 1, base_vector: 0
01-07 03:34:19.018     0     0 I [3 T496   ..] [kworke][0x185bd4b][03: 34:19.014868] wlan: [496:I:HAL] hal_srng_update_high_wm_thresholds: ring_id: 120, wm_thresh- <50:0, 50-60:16384, 60-70:19660, 70-80:22937, 80-90:26214, 90-100:29491
01-07 03:34:19.019     0     0 D [3 T496   ..] cnss: Assign MSI to user: DP, num_vectors: 1, user_base_data: 1, base_vector: 0
01-07 03:34:19.019     0     0 I [3 T496   ..] [kworke][0x185c177][03: 34:19.015936] wlan: [496:I:HAL] hal_srng_update_high_wm_thresholds: ring_id: 121, wm_thresh- <50:0, 50-60:512, 60-70:614, 70-80:716, 80-90:819, 90-100:921
01-07 03:34:19.019     0     0 D [3 T496   ..] cnss: Assign MSI to user: DP, num_vectors: 1, user_base_data: 1, base_vector: 0
01-07 03:34:19.019     0     0 I [3 T496   ..] [kworke][0x185c1be][03: 34:19.016007] wlan: [496:I:HAL] hal_srng_update_high_wm_thresholds: ring_id: 16, wm_thresh- <50:0, 50-60:64, 60-70:76, 70-80:89, 80-90:102, 90-100:115
01-07 03:34:19.019     0     0 D [3 T496   ..] cnss: Assign MSI to user: DP, num_vectors: 1, user_base_data: 1, base_vector: 0
01-07 03:34:19.019     0     0 D [3 T496   ..] cnss: Get MSI low addr = 0x81000, high addr = 0x0
01-07 03:34:19.019     0     0 D [3 T496   ..] cnss: Assign MSI to user: DP, num_vectors: 1, user_base_data: 1, base_vector: 0
01-07 03:34:19.020     0     0 I [3 T496   ..] [kworke][0x185c22a][03: 34:19.016115] wlan: [496:I:HAL] hal_srng_update_high_wm_thresholds: ring_id: 131, wm_thresh- <50:0, 50-60:512, 60-70:614, 70-80:716, 80-90:819, 90-100:921
01-07 03:34:19.020     0     0 D [3 T496   ..] cnss: Assign MSI to user: DP, num_vectors: 1, user_base_data: 1, base_vector: 0
01-07 03:34:19.020     0     0 D [3 T496   ..] cnss: Get MSI low addr = 0x81000, high addr = 0x0
01-07 03:34:19.020     0     0 I [3 T496   ..] [kworke][0x185c286][03: 34:19.016207] wlan: [496:I:HAL] hal_srng_update_high_wm_thresholds: ring_id: 0, wm_thresh- <50:0, 50-60:128, 60-70:153, 70-80:179, 80-90:204, 90-100:230
01-07 03:34:19.020     0     0 D [3 T496   ..] cnss: Assign MSI to user: DP, num_vectors: 1, user_base_data: 1, base_vector: 0
01-07 03:34:19.020     0     0 I [3 T496   ..] [kworke][0x185c2c9][03: 34:19.016274] wlan: [496:I:HAL] hal_srng_update_high_wm_thresholds: ring_id: 20, wm_thresh- <50:0, 50-60:64, 60-70:76, 70-80:89, 80-90:102, 90-100:115
01-07 03:34:19.020     0     0 D [3 T496   ..] cnss: Assign MSI to user: DP, num_vectors: 1, user_base_data: 1, base_vector: 0
01-07 03:34:19.020     0     0 D [3 T496   ..] cnss: Get MSI low addr = 0x81000, high addr = 0x0
01-07 03:34:19.020     0     0 I [3 T496   ..] [kworke][0x185c321][03: 34:19.016362] wlan: [496:I:HAL] hal_srng_update_high_wm_thresholds: ring_id: 21, wm_thresh- <50:0, 50-60:128, 60-70:153, 70-80:179, 80-90:204, 90-100:230
01-07 03:34:19.020     0     0 D [3 T496   ..] cnss: Assign MSI to user: DP, num_vectors: 1, user_base_data: 1, base_vector: 0
01-07 03:34:19.020     0     0 I [3 T496   ..] [kworke][0x185c37f][03: 34:19.016456] wlan: [496:I:HAL] hal_srng_update_high_wm_thresholds: ring_id: 24, wm_thresh- <50:0, 50-60:2560, 60-70:3072, 70-80:3584, 80-90:4096, 90-100:4608
01-07 03:34:19.020     0     0 D [3 T496   ..] cnss: Assign MSI to user: DP, num_vectors: 1, user_base_data: 1, base_vector: 0
01-07 03:34:19.020     0     0 D [3 T496   ..] cnss: Get MSI low addr = 0x81000, high addr = 0x0
01-07 03:34:19.020     0     0 D [3 T496   ..] cnss: Assign MSI to user: DP, num_vectors: 1, user_base_data: 1, base_vector: 0
01-07 03:34:19.020     0     0 D [3 T496   ..] cnss: Get MSI low addr = 0x81000, high addr = 0x0
01-07 03:34:19.020     0     0 I [3 T496   ..] [kworke][0x185c3f6][03: 34:19.016575] wlan: [496:I:HAL] hal_srng_update_high_wm_thresholds: ring_id: 128, wm_thresh- <50:0, 50-60:4096, 60-70:4915, 70-80:5734, 80-90:6553, 90-100:7372
01-07 03:34:19.020     0     0 D [3 T496   ..] cnss: Assign MSI to user: DP, num_vectors: 1, user_base_data: 1, base_vector: 0
01-07 03:34:19.020     0     0 I [3 T496   ..] [kworke][0x185c478][03: 34:19.016705] wlan: [496:I:HAL] hal_srng_update_high_wm_thresholds: ring_id: 25, wm_thresh- <50:0, 50-60:2560, 60-70:3072, 70-80:3584, 80-90:4096, 90-100:4608
01-07 03:34:19.020     0     0 D [3 T496   ..] cnss: Assign MSI to user: DP, num_vectors: 1, user_base_data: 1, base_vector: 0
01-07 03:34:19.020     0     0 D [3 T496   ..] cnss: Get MSI low addr = 0x81000, high addr = 0x0
01-07 03:34:19.020     0     0 D [3 T496   ..] cnss: Assign MSI to user: DP, num_vectors: 1, user_base_data: 1, base_vector: 0
01-07 03:34:19.020     0     0 D [3 T496   ..] cnss: Get MSI low addr = 0x81000, high addr = 0x0
01-07 03:34:19.020     0     0 I [3 T496   ..] [kworke][0x185c4f2][03: 34:19.016827] wlan: [496:I:HAL] hal_srng_update_high_wm_thresholds: ring_id: 132, wm_thresh- <50:0, 50-60:4096, 60-70:4915, 70-80:5734, 80-90:6553, 90-100:7372
01-07 03:34:19.020     0     0 D [3 T496   ..] cnss: Assign MSI to user: DP, num_vectors: 1, user_base_data: 1, base_vector: 0
01-07 03:34:19.020     0     0 I [3 T496   ..] [kworke][0x185c5d2][03: 34:19.017051] wlan: [496:I:HAL] hal_srng_update_high_wm_thresholds: ring_id: 26, wm_thresh- <50:0, 50-60:2560, 60-70:3072, 70-80:3584, 80-90:4096, 90-100:4608
01-07 03:34:19.021     0     0 D [3 T496   ..] cnss: Assign MSI to user: DP, num_vectors: 1, user_base_data: 1, base_vector: 0
01-07 03:34:19.021     0     0 D [3 T496   ..] cnss: Get MSI low addr = 0x81000, high addr = 0x0
01-07 03:34:19.021     0     0 D [3 T496   ..] cnss: Assign MSI to user: DP, num_vectors: 1, user_base_data: 1, base_vector: 0
01-07 03:34:19.021     0     0 D [3 T496   ..] cnss: Get MSI low addr = 0x81000, high addr = 0x0
01-07 03:34:19.021     0     0 I [3 T496   ..] [kworke][0x185c653][03: 34:19.017180] wlan: [496:I:HAL] hal_srng_update_high_wm_thresholds: ring_id: 130, wm_thresh- <50:0, 50-60:4096, 60-70:4915, 70-80:5734, 80-90:6553, 90-100:7372
01-07 03:34:19.021     0     0 D [3 T496   ..] cnss: Assign MSI to user: DP, num_vectors: 1, user_base_data: 1, base_vector: 0
01-07 03:34:19.021     0     0 D [3 T496   ..] cnss: Get MSI low addr = 0x81000, high addr = 0x0
01-07 03:34:19.021     0     0 D [3 T496   ..] cnss: Assign MSI to user: DP, num_vectors: 1, user_base_data: 1, base_vector: 0
01-07 03:34:19.021     0     0 D [3 T496   ..] cnss: Get MSI low addr = 0x81000, high addr = 0x0
01-07 03:34:19.021     0     0 I [3 T496   ..] [kworke][0x185c77f][03: 34:19.017480] wlan: [496:I:HAL] hal_srng_update_high_wm_thresholds: ring_id: 1, wm_thresh- <50:0, 50-60:3072, 60-70:3686, 70-80:4300, 80-90:4915, 90-100:5529
01-07 03:34:19.021     0     0 D [3 T496   ..] cnss: Assign MSI to user: DP, num_vectors: 1, user_base_data: 1, base_vector: 0
01-07 03:34:19.021     0     0 D [3 T496   ..] cnss: Get MSI low addr = 0x81000, high addr = 0x0
01-07 03:34:19.021     0     0 D [3 T496   ..] cnss: Assign MSI to user: DP, num_vectors: 1, user_base_data: 1, base_vector: 0
01-07 03:34:19.021     0     0 D [3 T496   ..] cnss: Get MSI low addr = 0x81000, high addr = 0x0
01-07 03:34:19.021     0     0 I [3 T496   ..] [kworke][0x185c808][03: 34:19.017617] wlan: [496:I:HAL] hal_srng_update_high_wm_thresholds: ring_id: 2, wm_thresh- <50:0, 50-60:3072, 60-70:3686, 70-80:4300, 80-90:4915, 90-100:5529
01-07 03:34:19.021     0     0 D [3 T496   ..] cnss: Assign MSI to user: DP, num_vectors: 1, user_base_data: 1, base_vector: 0
01-07 03:34:19.021     0     0 D [3 T496   ..] cnss: Get MSI low addr = 0x81000, high addr = 0x0
01-07 03:34:19.021     0     0 D [3 T496   ..] cnss: Assign MSI to user: DP, num_vectors: 1, user_base_data: 1, base_vector: 0
01-07 03:34:19.021     0     0 D [3 T496   ..] cnss: Get MSI low addr = 0x81000, high addr = 0x0
01-07 03:34:19.021     0     0 I [3 T496   ..] [kworke][0x185c88d][03: 34:19.017750] wlan: [496:I:HAL] hal_srng_update_high_wm_thresholds: ring_id: 3, wm_thresh- <50:0, 50-60:3072, 60-70:3686, 70-80:4300, 80-90:4915, 90-100:5529
01-07 03:34:19.021     0     0 D [3 T496   ..] cnss: Assign MSI to user: DP, num_vectors: 1, user_base_data: 1, base_vector: 0
01-07 03:34:19.021     0     0 D [3 T496   ..] cnss: Get MSI low addr = 0x81000, high addr = 0x0
01-07 03:34:19.021     0     0 D [3 T496   ..] cnss: Assign MSI to user: DP, num_vectors: 1, user_base_data: 1, base_vector: 0
01-07 03:34:19.021     0     0 D [3 T496   ..] cnss: Get MSI low addr = 0x81000, high addr = 0x0
01-07 03:34:19.021     0     0 I [3 T496   ..] [kworke][0x185c911][03: 34:19.017882] wlan: [496:I:HAL] hal_srng_update_high_wm_thresholds: ring_id: 4, wm_thresh- <50:0, 50-60:3072, 60-70:3686, 70-80:4300, 80-90:4915, 90-100:5529
01-07 03:34:19.021     0     0 D [3 T496   ..] cnss: Assign MSI to user: DP, num_vectors: 1, user_base_data: 1, base_vector: 0
01-07 03:34:19.021     0     0 D [3 T496   ..] cnss: Get MSI low addr = 0x81000, high addr = 0x0
01-07 03:34:19.021     0     0 D [3 T496   ..] cnss: Assign MSI to user: DP, num_vectors: 1, user_base_data: 1, base_vector: 0
01-07 03:34:19.021     0     0 I [3 T496   ..] [kworke][0x185c999][03: 34:19.018018] wlan: [496:I:HAL] hal_srng_update_high_wm_thresholds: ring_id: 5, wm_thresh- <50:0, 50-60:3072, 60-70:3686, 70-80:4300, 80-90:4915, 90-100:5529
01-07 03:34:19.022     0     0 D [3 T496   ..] cnss: Assign MSI to user: DP, num_vectors: 1, user_base_data: 1, base_vector: 0
01-07 03:34:19.022     0     0 D [3 T496   ..] cnss: Get MSI low addr = 0x81000, high addr = 0x0
01-07 03:34:19.022     0     0 D [3 T496   ..] cnss: Assign MSI to user: DP, num_vectors: 1, user_base_data: 1, base_vector: 0
01-07 03:34:19.022     0     0 I [3 T496   ..] [kworke][0x185ca0e][03: 34:19.018135] wlan: [496:I:HAL] hal_srng_update_high_wm_thresholds: ring_id: 6, wm_thresh- <50:0, 50-60:3072, 60-70:3686, 70-80:4300, 80-90:4915, 90-100:5529
01-07 03:34:19.022     0     0 D [3 T496   ..] cnss: Assign MSI to user: DP, num_vectors: 1, user_base_data: 1, base_vector: 0
01-07 03:34:19.022     0     0 D [3 T496   ..] cnss: Get MSI low addr = 0x81000, high addr = 0x0
01-07 03:34:19.022     0     0 D [3 T496   ..] cnss: Assign MSI to user: DP, num_vectors: 1, user_base_data: 1, base_vector: 0
01-07 03:34:19.022     0     0 I [3 T496   ..] [kworke][0x185ca83][03: 34:19.018252] wlan: [496:I:HAL] hal_srng_update_high_wm_thresholds: ring_id: 7, wm_thresh- <50:0, 50-60:3072, 60-70:3686, 70-80:4300, 80-90:4915, 90-100:5529
01-07 03:34:19.022     0     0 D [3 T496   ..] cnss: Assign MSI to user: DP, num_vectors: 1, user_base_data: 1, base_vector: 0
01-07 03:34:19.022     0     0 D [3 T496   ..] cnss: Get MSI low addr = 0x81000, high addr = 0x0
01-07 03:34:19.022     0     0 D [3 T496   ..] cnss: Assign MSI to user: DP, num_vectors: 1, user_base_data: 1, base_vector: 0
01-07 03:34:19.022     0     0 I [3 T496   ..] [kworke][0x185cafa][03: 34:19.018371] wlan: [496:I:HAL] hal_srng_update_high_wm_thresholds: ring_id: 8, wm_thresh- <50:0, 50-60:3072, 60-70:3686, 70-80:4300, 80-90:4915, 90-100:5529
01-07 03:34:19.026     0     0 I [3 T496   ..] [kworke][0x185dc26][03: 34:19.022767] wlan: [496:I:scan] scm_channel_list_db_init: min_freq 5935 max_freq 7115
01-07 03:34:19.027     0     0 D [3 T496   ..] cnss: Assign MSI to user: DP, num_vectors: 1, user_base_data: 1, base_vector: 0
01-07 03:34:19.027     0     0 I [3 T496   ..] [kworke][0x185de06][03: 34:19.023247] wlan: [496:I:HAL] hal_srng_update_high_wm_thresholds: ring_id: 184, wm_thresh- <50:0, 50-60:8192, 60-70:9830, 70-80:11468, 80-90:13107, 90-100:14745
