01-05 12:52:14.176   553   553 D SystemServerTiming: OnBootPhase_480_com.android.server.NetworkStatsServiceInitializer
01-05 12:52:14.176   553   553 D SystemServerTiming: OnBootPhase_480_com.android.server.wifi.WifiService
01-05 12:52:14.176   553   553 D SystemServerTiming: OnBootPhase_480_com.android.server.wifi.scanner.WifiScanningService
01-05 12:52:14.177   553   553 D SystemServerTiming: OnBootPhase_480_com.android.server.wifi.p2p.WifiP2pService
01-05 12:52:14.178   553   553 D SystemServerTiming: OnBootPhase_480_com.android.server.ConnectivityServiceInitializer
01-05 12:52:14.178   553   553 D SystemServerTiming: OnBootPhase_480_com.android.server.notification.NotificationManagerService
01-05 12:52:14.180   553   553 D SystemServerTiming: OnBootPhase_480_com.android.server.storage.DeviceStorageMonitorService
01-05 12:52:14.184   553   553 D SystemServerTiming: OnBootPhase_480_com.android.server.timedetector.TimeDetectorService$Lifecycle
01-05 12:52:14.184   553   553 D SystemServerTiming: OnBootPhase_480_com.android.server.location.LocationManagerService$Lifecycle
01-05 12:52:14.184   553   553 D SystemServerTiming: OnBootPhase_480_com.android.server.timezonedetector.TimeZoneDetectorService$Lifecycle
01-05 12:52:14.184   553   553 D SystemServerTiming: OnBootPhase_480_com.android.server.location.altitude.AltitudeService$Lifecycle
01-05 12:52:14.184   553   553 D SystemServerTiming: OnBootPhase_480_com.android.server.timezonedetector.location.LocationTimeZoneManagerService$Lifecycle
01-05 12:52:14.184   553   553 D SystemServerTiming: OnBootPhase_480_com.android.server.search.SearchManagerService$Lifecycle
01-05 12:52:14.184   553   553 D SystemServerTiming: OnBootPhase_480_com.android.server.wallpaper.WallpaperManagerService$Lifecycle
01-05 12:52:14.185   553   553 D SystemServerTiming: OnBootPhase_480_com.android.server.wallpapereffectsgeneration.WallpaperEffectsGenerationManagerService
01-05 12:52:14.185   553   553 D SystemServerTiming: OnBootPhase_480_com.android.server.audio.AudioService$Lifecycle
01-05 12:52:14.185   553   553 D SystemServerTiming: OnBootPhase_480_com.android.server.soundtrigger_middleware.SoundTriggerMiddlewareService$Lifecycle
01-05 12:52:14.185   553   553 D SystemServerTiming: OnBootPhase_480_com.android.server.adb.AdbService$Lifecycle
01-05 12:52:14.185   553   553 D SystemServerTiming: OnBootPhase_480_com.android.server.usb.UsbService$Lifecycle
01-05 12:52:14.185   553   553 D SystemServerTiming: OnBootPhase_480_com.android.server.twilight.TwilightService
01-05 12:52:14.185   553   553 D SystemServerTiming: OnBootPhase_480_com.android.server.display.color.ColorDisplayService
01-05 12:52:14.185   553   553 D SystemServerTiming: OnBootPhase_480_com.android.server.job.JobSchedulerService
01-05 12:52:14.185   553   553 D SystemServerTiming: OnBootPhase_480_com.android.server.soundtrigger.SoundTriggerService
01-05 12:52:14.185   553   553 D SoundTriggerService: onBootPhase: 480 : false
01-05 12:52:14.186   553   553 D SystemServerTiming: OnBootPhase_480_com.android.server.trust.TrustManagerService
01-05 12:52:14.186   553   553 D SystemServerTiming: OnBootPhase_480_com.android.server.backup.BackupManagerService$Lifecycle
01-05 12:52:14.186   553   553 D SystemServerTiming: OnBootPhase_480_com.android.server.appwidget.AppWidgetService
01-05 12:52:14.186   553   553 D SystemServerTiming: OnBootPhase_480_com.android.server.voiceinteraction.VoiceInteractionManagerService
01-05 12:52:14.186   553   553 D SystemServerTiming: OnBootPhase_480_com.android.server.GestureLauncherService
01-05 12:52:14.186   553   553 D SystemServerTiming: OnBootPhase_480_com.android.server.SensorNotificationService
01-05 12:52:14.186   553   553 D SystemServerTiming: OnBootPhase_480_com.android.server.emergency.EmergencyAffordanceService
01-05 12:52:14.186   553   553 D SystemServerTiming: OnBootPhase_480_com.android.server.blob.BlobStoreManagerService
01-05 12:52:14.186   553   553 D SystemServerTiming: OnBootPhase_480_com.android.server.dreams.DreamManagerService
01-05 12:52:14.186   553   553 D SystemServerTiming: OnBootPhase_480_com.android.server.security.AttestationVerificationManagerService
01-05 12:52:14.186   553   553 D SystemServerTiming: OnBootPhase_480_com.android.server.restrictions.RestrictionsManagerService
01-05 12:52:14.186   553   553 D SystemServerTiming: OnBootPhase_480_com.android.server.media.MediaSessionService
01-05 12:52:14.186   553   553 D SystemServerTiming: OnBootPhase_480_com.android.server.tv.interactive.TvInteractiveAppManagerService
01-05 12:52:14.187   553   553 D SystemServerTiming: OnBootPhase_480_com.android.server.tv.TvInputManagerService
01-05 12:52:14.187   553   553 D SystemServerTiming: OnBootPhase_480_com.android.server.tv.TvRemoteService
01-05 12:52:14.187   553   553 D SystemServerTiming: OnBootPhase_480_com.android.server.biometrics.BiometricService
01-05 12:52:14.187   553   553 D SystemServerTiming: OnBootPhase_480_com.android.server.biometrics.AuthService
01-05 12:52:14.187   553   553 D SystemServerTiming: OnBootPhase_480_com.android.server.pm.ShortcutService$Lifecycle
01-05 12:52:14.193   553   553 D SystemServerTiming: OnBootPhase_480_com.android.server.pm.LauncherAppsService
01-05 12:52:14.193   553   553 D SystemServerTiming: OnBootPhase_480_com.android.server.pm.CrossProfileAppsService
01-05 12:52:14.193   553   553 D SystemServerTiming: OnBootPhase_480_com.android.server.people.PeopleService
01-05 12:52:14.193   553   553 D SystemServerTiming: OnBootPhase_480_com.android.server.media.metrics.MediaMetricsManagerService
01-05 12:52:14.193   553   553 D SystemServerTiming: OnBootPhase_480_com.android.server.pm.BackgroundInstallControlService
01-05 12:52:14.193   553   553 D SystemServerTiming: OnBootPhase_480_com.android.server.media.projection.MediaProjectionManagerService
01-05 12:52:14.193   553   553 D SystemServerTiming: OnBootPhase_480_com.android.server.slice.SliceManagerService$Lifecycle
01-05 12:52:14.193   553   553 D SystemServerTiming: OnBootPhase_480_com.android.server.stats.StatsCompanion$Lifecycle
01-05 12:52:14.193   553   553 D SystemServerTiming: OnBootPhase_480_com.android.server.scheduling.RebootReadinessManagerService$Lifecycle
01-05 12:52:14.193   553   553 D SystemServerTiming: OnBootPhase_480_com.android.server.stats.pull.StatsPullAtomService
01-05 12:52:14.193   553   553 D SystemServerTiming: OnBootPhase_480_com.android.server.stats.bootstrap.StatsBootstrapAtomService$Lifecycle
01-05 12:52:14.193   553   553 D SystemServerTiming: OnBootPhase_480_com.android.server.incident.IncidentCompanionService
01-05 12:52:14.194   553   553 D SystemServerTiming: OnBootPhase_480_com.android.server.sdksandbox.SdkSandboxManagerService$Lifecycle
01-05 12:52:14.195   553   553 D SystemServerTiming: OnBootPhase_480_com.android.server.adservices.AdServicesManagerService$Lifecycle
01-05 12:52:14.195   553   553 D SystemServerTiming: OnBootPhase_480_com.android.server.ondevicepersonalization.OnDevicePersonalizationSystemService$Lifecycle
01-05 12:52:14.195   553   553 D SystemServerTiming: OnBootPhase_480_com.android.server.autofill.AutofillManagerService
01-05 12:52:14.195   553   553 D SystemServerTiming: OnBootPhase_480_com.android.server.selectiontoolbar.SelectionToolbarManagerService
01-05 12:52:14.195   553   553 D SystemServerTiming: OnBootPhase_480_com.android.server.clipboard.ClipboardService
01-05 12:52:14.198   553   553 D SystemServerTiming: OnBootPhase_480_com.android.server.appbinding.AppBindingService$Lifecycle
01-05 12:52:14.198   553   553 D SystemServerTiming: OnBootPhase_480_com.android.server.tracing.TracingServiceProxy
01-05 12:52:14.198   553   553 D SystemServerTiming: StartBootPhaseSystemServicesReady
01-05 12:52:14.199   553   553 I SystemServiceManager: Starting phase 500
01-05 12:52:14.199   553   553 D SystemServerTiming: OnBootPhase_500
01-05 12:52:14.199   553   553 D SystemServerTiming: OnBootPhase_500_com.android.server.security.FileIntegrityService
01-05 12:52:14.199   553   553 D SystemServerTiming: OnBootPhase_500_com.android.server.pm.Installer
01-05 12:52:14.199   553   553 D SystemServerTiming: OnBootPhase_500_com.android.server.os.DeviceIdentifiersPolicyService
01-05 12:52:14.199   553   553 D SystemServerTiming: OnBootPhase_500_com.android.server.uri.UriGrantsManagerService$Lifecycle
01-05 12:52:14.199   553   553 D SystemServerTiming: OnBootPhase_500_com.android.server.powerstats.PowerStatsService
01-05 12:52:14.202   553   553 D SystemServerTiming: OnBootPhase_500_com.android.server.permission.access.AccessCheckingService
01-05 12:52:14.202   553   553 D SystemServerTiming: OnBootPhase_500_com.android.server.wm.ActivityTaskManagerService$Lifecycle
01-05 12:52:14.202   553   553 D SystemServerTiming: OnBootPhase_500_com.android.server.am.ActivityManagerService$Lifecycle
01-05 12:52:14.203   553   553 W BatteryStatsImpl: Unexpected per uid modem model name ()
01-05 12:52:14.206   553   553 D ConnectivityService: requestNetwork for uid/pid:1000/553 activeRequest: null callbackRequest: 6 [NetworkRequest [ REQUEST id=7, [ Capabilities: INTERNET&NOT_RESTRICTED&TRUSTED&NOT_VCN_MANAGED Uid: 1000 RequestorUid: 1000 RequestorPkg: android UnderlyingNetworks: Null] ]] callback flags: 0 order: 2147483647
01-05 12:52:14.207   553   704 D ConnectivityService: NetReassign [no changes] [c 0] [a 0] [i 0]
01-05 12:52:14.208   553   553 D CompatibilityChangeReporter: Compat change id reported: 147600208; UID 1000; state: ENABLED
01-05 12:52:14.210   553   553 D SystemServerTiming: OnBootPhase_500_com.android.server.pm.DataLoaderManagerService
01-05 12:52:14.210   553   553 D SystemServerTiming: OnBootPhase_500_com.android.server.power.PowerManagerService
01-05 12:52:14.211   553   553 I AttentionDetector: readValuesFromDeviceConfig():
01-05 12:52:14.211   553   553 I AttentionDetector: mMaximumExtensionMillis=900000
01-05 12:52:14.211   553   553 I AttentionDetector: mPreDimCheckDurationMillis=2000
01-05 12:52:14.211   553   553 I AttentionDetector: mRequestedPostDimTimeoutMillis=0
01-05 12:52:14.221   553   553 W BrightnessThrottler: DeviceConfig ThermalBrightnessThrottlingData is null
01-05 12:52:14.223   553   553 E DisplayPowerController2[0]: failed to set up display white-balance: java.lang.IllegalStateException: cannot find light sensor
01-05 12:52:14.223   553   553 W DisplayPowerController2[0]: Screen brightness nits configuration is unavailable; falling back
01-05 12:52:14.226   394   394 I android.hardware.power-service.example: Power isBoostSupported: 0
01-05 12:52:14.229   553   553 E DeviceConfig: Parsing int failed for location_mode
01-05 12:52:14.230   553   553 I FaceDownDetector: readValuesFromDeviceConfig():
01-05 12:52:14.230   553   553 I FaceDownDetector: mAccelerationThreshold=0.2
01-05 12:52:14.230   553   553 I FaceDownDetector: mZAccelerationThreshold=-9.5
01-05 12:52:14.230   553   553 I FaceDownDetector: mTimeThreshold=PT1S
01-05 12:52:14.230   553   553 I FaceDownDetector: mIsEnabled=true
01-05 12:52:14.230   553   553 E SensorManager: sensor or listener is null
01-05 12:52:14.230   553   553 I ScreenUndimDetector: readValuesFromDeviceConfig():
01-05 12:52:14.230   553   553 I ScreenUndimDetector: mKeepScreenOnForMillis=600000
01-05 12:52:14.230   553   553 I ScreenUndimDetector: mKeepScreenOnNotificationEnabled=true
01-05 12:52:14.230   553   553 I ScreenUndimDetector: mUndimsRequired=2
01-05 12:52:14.231   553   612 W KeyguardServiceDelegate: onScreenTurningOn(): no keyguard service!
01-05 12:52:14.232   553   612 I DisplayBrightnessStrategySelector: Changing the DisplayBrightnessStrategy from InvalidBrightnessStrategy toOverrideBrightnessStrategy for display 0
01-05 12:52:14.232   553   602 W KernelCpuProcStringReader: File not found. It's normal if not implemented: /proc/uid_concurrent_policy_time
01-05 12:52:14.233   553   612 V DisplayPowerController2[0]: Brightness [0.39763778] reason changing to: 'override', previous reason: '0'.
01-05 12:52:14.234   553   612 I DisplayPowerController2[0]: BrightnessEvent: disp=0, physDisp=local:4619827259835644672, brt=0.39763778, initBrt=NaN, rcmdBrt=NaN, preBrt=NaN, lux=0.0, preLux=0.0, hbmMax=1.0, hbmMode=off, rbcStrength=0, thrmMax=1.0, powerFactor=1.0, wasShortTermModelActive=false, flags=, reason=override, autoBrightness=false, strategy=OverrideBrightnessStrategy
01-05 12:52:14.234   553   553 D SystemServerTiming: OnBootPhase_500_com.android.server.power.ThermalManagerService
01-05 12:52:14.234   553   553 D SystemServerTiming: OnBootPhase_500_com.android.server.power.hint.HintManagerService
01-05 12:52:14.234   553   553 V HintManagerService: Initializing HintManager service...
01-05 12:52:14.234   553   553 V HistoricalRegistry: Interaction before persistence initialized
01-05 12:52:14.235   553   553 D SystemServerTiming: OnBootPhase_500_com.android.server.recoverysystem.RecoverySystemService$Lifecycle
01-05 12:52:14.235   394   394 I android.hardware.power-service.example: Power isModeSupported: 9
01-05 12:52:14.235   553   553 D SystemServerTiming: OnBootPhase_500_com.android.server.lights.LightsService
01-05 12:52:14.235   553   553 D SystemServerTiming: OnBootPhase_500_com.android.server.display.DisplayManagerService
01-05 12:52:14.235   553   553 D SystemServerTiming: OnBootPhase_500_com.android.server.pm.verify.domain.DomainVerificationService
01-05 12:52:14.235   553   553 D SystemServerTiming: OnBootPhase_500_com.android.server.pm.PackageInstallerService$Lifecycle
01-05 12:52:14.235   553   553 D SystemServerTiming: OnBootPhase_500_com.android.server.pm.UserManagerService$LifeCycle
01-05 12:52:14.235   553   553 D SystemServerTiming: OnBootPhase_500_com.android.server.om.OverlayManagerService
01-05 12:52:14.235   553   553 D SystemServerTiming: OnBootPhase_500_com.android.server.resources.ResourcesManagerService
01-05 12:52:14.235   553   553 D SystemServerTiming: OnBootPhase_500_com.android.server.sensorprivacy.SensorPrivacyService
01-05 12:52:14.236   553   586 I DisplayDeviceRepository: Display device changed state: "Built-in Screen", ON
01-05 12:52:14.236   410   410 D SurfaceFlinger: Setting power mode 2 on display 4619827259835644672
01-05 12:52:14.237   553   553 D CompatibilityChangeReporter: Compat change id reported: 157233955; UID 1000; state: ENABLED
01-05 12:52:14.237   553   553 D SystemServerTiming: OnBootPhase_500_com.android.server.sensors.SensorService
01-05 12:52:14.237   553   553 D SystemServerTiming: OnBootPhase_500_com.android.server.SystemConfigService
01-05 12:52:14.237   553   553 D SystemServerTiming: OnBootPhase_500_com.android.server.BatteryService
01-05 12:52:14.237   553   553 D SystemServerTiming: OnBootPhase_500_com.android.server.usage.UsageStatsService
01-05 12:52:14.238   553   586 I InputManager-JNI: Viewport [0] to add: local:4619827259835644672, isActive: true
01-05 12:52:14.239   553   666 I InputReader: Reconfiguring input devices, changes=DISPLAY_INFO
01-05 12:52:14.239   553   553 D AppStandbyController: Setting app idle enabled state
01-05 12:52:14.239   553   666 I InputReader: Touch device 'virtio_input_multi_touch_11' could not query the properties of its associated display.  The device will be inoperable until the display size becomes available.
01-05 12:52:14.239   553   666 I InputReader: Touch device 'virtio_input_multi_touch_10' could not query the properties of its associated display.  The device will be inoperable until the display size becomes available.
01-05 12:52:14.239   553   666 I InputReader: Touch device 'virtio_input_multi_touch_9' could not query the properties of its associated display.  The device will be inoperable until the display size becomes available.
01-05 12:52:14.239   553   666 I InputReader: Touch device 'virtio_input_multi_touch_8' could not query the properties of its associated display.  The device will be inoperable until the display size becomes available.
01-05 12:52:14.239   553   666 I InputReader: Touch device 'virtio_input_multi_touch_7' could not query the properties of its associated display.  The device will be inoperable until the display size becomes available.
01-05 12:52:14.239   553   666 I InputReader: Touch device 'virtio_input_multi_touch_6' could not query the properties of its associated display.  The device will be inoperable until the display size becomes available.
01-05 12:52:14.239   553   666 I InputReader: Touch device 'virtio_input_multi_touch_5' could not query the properties of its associated display.  The device will be inoperable until the display size becomes available.
01-05 12:52:14.239   553   666 I InputReader: Touch device 'virtio_input_multi_touch_4' could not query the properties of its associated display.  The device will be inoperable until the display size becomes available.
01-05 12:52:14.239   553   666 I InputReader: Touch device 'virtio_input_multi_touch_3' could not query the properties of its associated display.  The device will be inoperable until the display size becomes available.
01-05 12:52:14.239   553   666 I InputReader: Touch device 'virtio_input_multi_touch_2' could not query the properties of its associated display.  The device will be inoperable until the display size becomes available.
01-05 12:52:14.239   553   666 I InputReader: Device reconfigured: id=4, name='virtio_input_multi_touch_1', size 1280x720, orientation 0, mode 1, display id 0
01-05 12:52:14.246   553   553 V HistoricalRegistry: Interaction before persistence initialized
01-05 12:52:14.247   553   553 D SystemServerTiming: OnBootPhase_500_com.android.server.webkit.WebViewUpdateService
01-05 12:52:14.247   553   553 D SystemServerTiming: OnBootPhase_500_com.android.server.CachedDeviceStateService
01-05 12:52:14.247   553   553 D SystemServerTiming: OnBootPhase_500_com.android.server.BinderCallsStatsService$LifeCycle
01-05 12:52:14.249   553   553 D SystemServerTiming: OnBootPhase_500_com.android.server.LooperStatsService$Lifecycle
01-05 12:52:14.250   553   553 D SystemServerTiming: OnBootPhase_500_com.android.server.rollback.RollbackManagerService
01-05 12:52:14.250   553   553 D SystemServerTiming: OnBootPhase_500_com.android.server.os.NativeTombstoneManagerService
01-05 12:52:14.250   553   553 D SystemServerTiming: OnBootPhase_500_com.android.server.os.BugreportManagerService
01-05 12:52:14.250   553   553 D SystemServerTiming: OnBootPhase_500_com.android.server.gpu.GpuService
01-05 12:52:14.250   553   586 I DisplayDeviceRepository: Display device changed state: "Built-in Screen", ON
01-05 12:52:14.250   553   553 D SystemServerTiming: OnBootPhase_500_com.android.server.security.rkp.RemoteProvisioningService
01-05 12:52:14.250   553   553 D SystemServerTiming: OnBootPhase_500_com.android.server.security.KeyChainSystemService
01-05 12:52:14.250   553   553 D SystemServerTiming: OnBootPhase_500_com.android.server.BinaryTransparencyService
01-05 12:52:14.250   553   553 D SystemServerTiming: OnBootPhase_500_com.android.server.accounts.AccountManagerService$Lifecycle
01-05 12:52:14.251   553   553 D SystemServerTiming: OnBootPhase_500_com.android.server.content.ContentService$Lifecycle
01-05 12:52:14.251   553   553 D SystemServerTiming: OnBootPhase_500_com.android.server.deviceconfig.DeviceConfigInit$Lifecycle
01-05 12:52:14.251   553   553 D SystemServerTiming: OnBootPhase_500_com.android.server.DropBoxManagerService
01-05 12:52:14.252   553   594 E AppWidgetManager: Nofity service of inheritance info
01-05 12:52:14.252   553   594 E AppWidgetManager: java.lang.IllegalStateException: User 0 must be unlocked for widgets to be available
01-05 12:52:14.252   553   594 E AppWidgetManager: 	at com.android.server.appwidget.AppWidgetServiceImpl.ensureGroupStateLoadedLocked(AppWidgetServiceImpl.java:650)
01-05 12:52:14.252   553   594 E AppWidgetManager: 	at com.android.server.appwidget.AppWidgetServiceImpl.ensureGroupStateLoadedLocked(AppWidgetServiceImpl.java:644)
01-05 12:52:14.252   553   594 E AppWidgetManager: 	at com.android.server.appwidget.AppWidgetServiceImpl.getInstalledProvidersForProfile(AppWidgetServiceImpl.java:1708)
01-05 12:52:14.252   553   594 E AppWidgetManager: 	at android.appwidget.AppWidgetManager.getInstalledProvidersForProfile(AppWidgetManager.java:923)
01-05 12:52:14.252   553   594 E AppWidgetManager: 	at android.appwidget.AppWidgetManager.getInstalledProvidersForPackage(AppWidgetManager.java:857)
01-05 12:52:14.252   553   594 E AppWidgetManager: 	at android.appwidget.AppWidgetManager.lambda$new$3(AppWidgetManager.java:536)
01-05 12:52:14.252   553   594 E AppWidgetManager: 	at android.appwidget.AppWidgetManager.$r8$lambda$MnZCUjy90wcD58stsygv3SVPbu4(Unknown Source:0)
01-05 12:52:14.252   553   594 E AppWidgetManager: 	at android.appwidget.AppWidgetManager$$ExternalSyntheticLambda4.run(Unknown Source:2)
01-05 12:52:14.252   553   594 E AppWidgetManager: 	at android.os.Handler.handleCallback(Handler.java:958)
01-05 12:52:14.252   553   594 E AppWidgetManager: 	at android.os.Handler.dispatchMessage(Handler.java:99)
01-05 12:52:14.252   553   594 E AppWidgetManager: 	at android.os.Looper.loopOnce(Looper.java:205)
01-05 12:52:14.252   553   594 E AppWidgetManager: 	at android.os.Looper.loop(Looper.java:294)
01-05 12:52:14.252   553   594 E AppWidgetManager: 	at android.os.HandlerThread.run(HandlerThread.java:67)
01-05 12:52:14.253   391   391 I android.hardware.lights-service.example: Lights setting state for id=1 to color ff666666
01-05 12:52:14.255   553   553 D SystemServerTiming: OnBootPhase_500_com.android.role.RoleService
01-05 12:52:14.255   553   553 D SystemServerTiming: OnBootPhase_500_com.android.server.vibrator.VibratorManagerService$Lifecycle
01-05 12:52:14.255   553   553 V VibratorManagerService: Initializing VibratorManager service...
01-05 12:52:14.273   553   553 V HistoricalRegistry: Interaction before persistence initialized
01-05 12:52:14.295   553   553 V VibratorManagerService: VibratorManager service initialized
01-05 12:52:14.295   553   553 D SystemServerTiming: OnBootPhase_500_com.android.server.tare.InternalResourceService
01-05 12:52:14.299   553   553 D SystemServerTiming: OnBootPhase_500_com.android.server.alarm.AlarmManagerService
01-05 12:52:14.304   553   553 D SystemServerTiming: OnBootPhase_500_com.android.server.devicestate.DeviceStateManagerService
01-05 12:52:14.304   553   553 D SystemServerTiming: OnBootPhase_500_com.android.server.camera.CameraServiceProxy
01-05 12:52:14.304   553   553 D SystemServerTiming: OnBootPhase_500_com.android.server.bluetooth.BluetoothService
01-05 12:52:14.305   553   553 D SystemServerTiming: OnBootPhase_500_com.android.server.connectivity.IpConnectivityMetrics
01-05 12:52:14.306   553   704 D ConnectivityService: NetReassign [no changes] [c 0] [a 0] [i 0]
01-05 12:52:14.307   553   553 D SystemServerTiming: OnBootPhase_500_com.android.server.net.watchlist.NetworkWatchlistService$Lifecycle
01-05 12:52:14.307   553   553 D SystemServerTiming: OnBootPhase_500_com.android.server.PinnerService
01-05 12:52:14.307   553   553 D SystemServerTiming: OnBootPhase_500_com.android.server.integrity.AppIntegrityManagerService
01-05 12:52:14.307   553   553 D SystemServerTiming: OnBootPhase_500_com.android.server.logcat.LogcatManagerService
01-05 12:52:14.307   553   553 D SystemServerTiming: OnBootPhase_500_com.android.server.inputmethod.InputMethodManagerService$Lifecycle
01-05 12:52:14.307   553   553 D SystemServerTiming: OnBootPhase_500_com.android.server.accessibility.AccessibilityManagerService$Lifecycle
01-05 12:52:14.307   553   553 D SystemServerTiming: OnBootPhase_500_com.android.server.StorageManagerService$Lifecycle
01-05 12:52:14.308   553   553 D SystemServerTiming: OnBootPhase_500_com.android.server.usage.StorageStatsService$Lifecycle
01-05 12:52:14.308   553   553 D SystemServerTiming: OnBootPhase_500_com.android.server.UiModeManagerService
01-05 12:52:14.310   553   553 I ActivityTaskManager: Config changes=200 {1.0 ?mcc0mnc [en_US] ldltr sw541dp w962dp h541dp 213dpi lrg long land television night finger qwerty/v/v dpad/v winConfig={ mBounds=Rect(0, 0 - 1280, 720) mAppBounds=Rect(0, 0 - 1280, 720) mMaxBounds=Rect(0, 0 - 1280, 720) mDisplayRotation=ROTATION_0 mWindowingMode=fullscreen mDisplayWindowingMode=fullscreen mActivityType=undefined mAlwaysOnTop=undefined mRotation=ROTATION_0} s.6 ?fontWeightAdjustment}
01-05 12:52:14.310   553   553 I WindowManager: Override config changes=200 {1.0 ?mcc0mnc [en_US] ldltr sw541dp w962dp h541dp 213dpi lrg long land television night finger qwerty/v/v dpad/v winConfig={ mBounds=Rect(0, 0 - 1280, 720) mAppBounds=Rect(0, 0 - 1280, 720) mMaxBounds=Rect(0, 0 - 1280, 720) mDisplayRotation=ROTATION_0 mWindowingMode=fullscreen mDisplayWindowingMode=fullscreen mActivityType=undefined mAlwaysOnTop=undefined mRotation=ROTATION_0} s.6 ?fontWeightAdjustment} for displayId=0
01-05 12:52:14.314   553   553 D SystemServerTiming: OnBootPhase_500_com.android.server.locales.LocaleManagerService
01-05 12:52:14.314   553   553 D SystemServerTiming: OnBootPhase_500_com.android.server.grammaticalinflection.GrammaticalInflectionService
01-05 12:52:14.314   553   553 D SystemServerTiming: OnBootPhase_500_com.android.server.apphibernation.AppHibernationService
01-05 12:52:14.315   553   553 D SystemServerTiming: OnBootPhase_500_com.android.server.locksettings.LockSettingsService$Lifecycle
01-05 12:52:14.315   553   553 D SystemServerTiming: OnBootPhase_500_com.android.server.testharness.TestHarnessModeService
01-05 12:52:14.315   553   553 D TestHarnessModeService: Setting up test harness mode
01-05 12:52:14.315   553   553 D TestHarnessModeService: Getting PersistentDataBlockManagerInternal from LocalServices
01-05 12:52:14.315   553   553 E TestHarnessModeService: Failed to start Test Harness Mode; no implementation of PersistentDataBlockManagerInternal was bound!
01-05 12:52:14.315   553   553 D SystemServerTiming: OnBootPhase_500_com.android.server.DeviceIdleController
01-05 12:52:14.318   553   553 V HistoricalRegistry: Interaction before persistence initialized
01-05 12:52:14.321   553   553 D SystemServerTiming: OnBootPhase_500_com.android.server.devicepolicy.DevicePolicyManagerService$Lifecycle
01-05 12:52:14.321   553   553 D SystemServerTiming: OnBootPhase_500_com.android.server.texttospeech.TextToSpeechManagerService
01-05 12:52:14.321   553   553 D SystemServerTiming: OnBootPhase_500_com.android.server.ambientcontext.AmbientContextManagerService
01-05 12:52:14.322   553   553 D SystemServerTiming: OnBootPhase_500_com.android.server.wearable.WearableSensingManagerService
01-05 12:52:14.323   553   553 D SystemServerTiming: OnBootPhase_500_com.android.server.speech.SpeechRecognitionManagerService
01-05 12:52:14.323   553   553 D SystemServerTiming: OnBootPhase_500_com.android.server.searchui.SearchUiManagerService
01-05 12:52:14.323   553   553 D SystemServerTiming: OnBootPhase_500_com.android.server.smartspace.SmartspaceManagerService
01-05 12:52:14.323   553   553 D SystemServerTiming: OnBootPhase_500_com.android.server.graphics.fonts.FontManagerService$Lifecycle
01-05 12:52:14.323   553   553 D SystemServerTiming: OnBootPhase_500_com.android.server.textservices.TextServicesManagerService$Lifecycle
01-05 12:52:14.323   553   553 D SystemServerTiming: OnBootPhase_500_com.android.server.textclassifier.TextClassificationManagerService$Lifecycle
01-05 12:52:14.323   553   553 D SystemServerTiming: OnBootPhase_500_com.android.server.NetworkScoreService$Lifecycle
01-05 12:52:14.323   553   553 D SystemServerTiming: OnBootPhase_500_com.android.server.NetworkStatsServiceInitializer
01-05 12:52:14.323   553   553 D SystemServerTiming: OnBootPhase_500_com.android.server.wifi.WifiService
01-05 12:52:14.323   553   553 D SystemServerTiming: OnBootPhase_500_com.android.server.wifi.scanner.WifiScanningService
01-05 12:52:14.323   553   553 I WifiScanningService: Starting wifiscanner
01-05 12:52:14.324   553   553 D SystemServerTiming: OnBootPhase_500_com.android.server.wifi.p2p.WifiP2pService
01-05 12:52:14.325   553   553 D SystemServerTiming: OnBootPhase_500_com.android.server.ConnectivityServiceInitializer
01-05 12:52:14.325   553   553 I EthernetServiceImpl: Starting Ethernet service
01-05 12:52:14.325   553   704 D ConnectivityService: Got NetworkProvider Messenger for EthernetNetworkFactory
01-05 12:52:14.326   553   700 I WifiContext: Got resolveInfos for com.android.server.wifi.intent.action.SERVICE_WIFI_RESOURCES_APK: [ResolveInfo{c9d5872 com.google.android.wifi.resources/android.app.Activity m=0x108000 userHandle=UserHandle{0}}]
01-05 12:52:14.326   553   700 I WifiContext: Found Wifi Resources APK at: com.google.android.wifi.resources
01-05 12:52:14.326   553   553 D SystemServerTiming: OnBootPhase_500_com.android.server.notification.NotificationManagerService
01-05 12:52:14.328   553   696 W WifiXmlUtil: Ignoring unknown value name found: CaptivePortalNeverDetected
01-05 12:52:14.329   553   553 D SystemServerTiming: OnBootPhase_500_com.android.server.storage.DeviceStorageMonitorService
01-05 12:52:14.329   553   553 D SystemServerTiming: OnBootPhase_500_com.android.server.timedetector.TimeDetectorService$Lifecycle
01-05 12:52:14.329   553   553 D SystemServerTiming: OnBootPhase_500_com.android.server.location.LocationManagerService$Lifecycle
01-05 12:52:14.329   553   698 I WifiContext: Got resolveInfos for com.android.server.wifi.intent.action.SERVICE_WIFI_RESOURCES_APK: [ResolveInfo{17d34b3 com.google.android.wifi.resources/android.app.Activity m=0x108000 userHandle=UserHandle{0}}]
01-05 12:52:14.329   553   698 I WifiContext: Found Wifi Resources APK at: com.google.android.wifi.resources
01-05 12:52:14.329   553   696 D WifiConfigStore: Reading from all stores completed in 5 ms.
01-05 12:52:14.330   553   696 E WifiConfigManager: Cannot find network with networkId -1 or configKey "AndroidWifi"NONE or upgradable security type check
01-05 12:52:14.330   553   553 V HistoricalRegistry: Interaction before persistence initialized
01-05 12:52:14.330   553   696 W BroadcastLoopers: Found previously unknown looper Thread[WifiHandlerThread,5,main]
01-05 12:52:14.330   553   553 D SystemServerTiming: OnBootPhase_500_com.android.server.timezonedetector.TimeZoneDetectorService$Lifecycle
01-05 12:52:14.330   553   553 D SystemServerTiming: OnBootPhase_500_com.android.server.location.altitude.AltitudeService$Lifecycle
01-05 12:52:14.330   553   553 D SystemServerTiming: OnBootPhase_500_com.android.server.timezonedetector.location.LocationTimeZoneManagerService$Lifecycle
01-05 12:52:14.330   553   553 D SystemServerTiming: OnBootPhase_500_com.android.server.search.SearchManagerService$Lifecycle
01-05 12:52:14.330   553   553 D SystemServerTiming: OnBootPhase_500_com.android.server.wallpaper.WallpaperManagerService$Lifecycle
01-05 12:52:14.330   553   553 D SystemServerTiming: OnBootPhase_500_com.android.server.wallpapereffectsgeneration.WallpaperEffectsGenerationManagerService
01-05 12:52:14.330   553   553 D SystemServerTiming: OnBootPhase_500_com.android.server.audio.AudioService$Lifecycle
01-05 12:52:14.330   553   553 D SystemServerTiming: OnBootPhase_500_com.android.server.soundtrigger_middleware.SoundTriggerMiddlewareService$Lifecycle
01-05 12:52:14.330   553   553 D SystemServerTiming: OnBootPhase_500_com.android.server.adb.AdbService$Lifecycle
01-05 12:52:14.331   553   553 D SystemServerTiming: OnBootPhase_500_com.android.server.usb.UsbService$Lifecycle
01-05 12:52:14.331   553   553 D SystemServerTiming: OnBootPhase_500_com.android.server.twilight.TwilightService
01-05 12:52:14.331   553   553 D SystemServerTiming: OnBootPhase_500_com.android.server.display.color.ColorDisplayService
01-05 12:52:14.331   553   553 D SystemServerTiming: OnBootPhase_500_com.android.server.job.JobSchedulerService
01-05 12:52:14.331   553   696 I WifiInjector: enableVerboseLogging false hal false
01-05 12:52:14.331   553   696 D WifiNative: enableVerboseLogging false hal false
01-05 12:52:14.331   553   696 E SupplicantStaIfaceHalAidlImpl: Can't call setDebugParams, ISupplicant is null
01-05 12:52:14.332   553   696 I WifiService: WifiService starting up with Wi-Fi enabled
01-05 12:52:14.333   553   703 I EthernetTracker: maybeTrackInterface: eth0
01-05 12:52:14.338   553   553 V HistoricalRegistry: Interaction before persistence initialized
01-05 12:52:14.339   553   703 D EthernetTracker: Tracking interface in client mode: eth0
01-05 12:52:14.340   553   703 D EthernetNetworkFactory: addInterface, iface: eth0, capabilities: [ Transports: ETHERNET Capabilities: NOT_METERED&INTERNET&NOT_RESTRICTED&TRUSTED&NOT_VPN&NOT_ROAMING&NOT_CONGESTED&NOT_SUSPENDED&NOT_VCN_MANAGED LinkUpBandwidth>=100000Kbps LinkDnBandwidth>=100000Kbps Specifier: <EthernetNetworkSpecifier (eth0)> UnderlyingNetworks: Null]
01-05 12:52:14.340   553   553 D SystemServerTiming: OnBootPhase_500_com.android.server.soundtrigger.SoundTriggerService
01-05 12:52:14.340   553   553 D SoundTriggerService: onBootPhase: 500 : false
01-05 12:52:14.340   553   703 I EthernetTracker: interfaceLinkStateChanged, iface: eth0, up: true
01-05 12:52:14.341   553   553 D SystemServerTiming: OnBootPhase_500_com.android.server.trust.TrustManagerService
01-05 12:52:14.341   553   703 D EthernetNetworkFactory: updateInterfaceLinkState, iface: eth0, up: true
01-05 12:52:14.341   553   553 D SystemServerTiming: OnBootPhase_500_com.android.server.backup.BackupManagerService$Lifecycle
01-05 12:52:14.341   553   553 D SystemServerTiming: OnBootPhase_500_com.android.server.appwidget.AppWidgetService
01-05 12:52:14.341   553   553 D SystemServerTiming: OnBootPhase_500_com.android.server.voiceinteraction.VoiceInteractionManagerService
01-05 12:52:14.341   553   704 D ConnectivityService: register offer from providerId 1 : NetworkOffer [ Provider Id (1) Score(Policies : EVER_EVALUATED&IS_UNMETERED&EVER_VALIDATED&IS_VALIDATED ; KeepConnected : 0) Caps [ Transports: ETHERNET Capabilities: NOT_METERED&INTERNET&NOT_RESTRICTED&TRUSTED&NOT_VPN&NOT_ROAMING&NOT_CONGESTED&NOT_SUSPENDED&NOT_VCN_MANAGED LinkUpBandwidth>=100000Kbps LinkDnBandwidth>=100000Kbps Specifier: <EthernetNetworkSpecifier (eth0)> UnderlyingNetworks: Null] Needed by []]
01-05 12:52:14.341   553   553 D SystemServerTiming: OnBootPhase_500_com.android.server.GestureLauncherService
01-05 12:52:14.342   553   553 D SystemServerTiming: OnBootPhase_500_com.android.server.SensorNotificationService
01-05 12:52:14.342   553   553 D SystemServerTiming: OnBootPhase_500_com.android.server.emergency.EmergencyAffordanceService
01-05 12:52:14.342   553   703 D EthernetNetworkFactory: eth0: onNetworkNeeded for request: NetworkRequest [ REQUEST id=1, [ Capabilities: INTERNET&NOT_RESTRICTED&TRUSTED&NOT_VPN&NOT_VCN_MANAGED RequestorUid: 1000 RequestorPkg: android UnderlyingNetworks: Null] ]
01-05 12:52:14.342   553   703 D EthernetNetworkFactory: Starting Ethernet IpClient(eth0)
01-05 12:52:14.342   553   553 D SystemServerTiming: OnBootPhase_500_com.android.server.blob.BlobStoreManagerService
01-05 12:52:14.342   553   553 D SystemServerTiming: OnBootPhase_500_com.android.server.dreams.DreamManagerService
01-05 12:52:14.342   553   553 D SystemServerTiming: OnBootPhase_500_com.android.server.security.AttestationVerificationManagerService
01-05 12:52:14.343   553   553 D SystemServerTiming: OnBootPhase_500_com.android.server.restrictions.RestrictionsManagerService
01-05 12:52:14.343   553   553 D SystemServerTiming: OnBootPhase_500_com.android.server.media.MediaSessionService
01-05 12:52:14.343   553   553 D SystemServerTiming: OnBootPhase_500_com.android.server.tv.interactive.TvInteractiveAppManagerService
01-05 12:52:14.344   553   553 D SystemServerTiming: OnBootPhase_500_com.android.server.tv.TvInputManagerService
01-05 12:52:14.345   553   696 D WifiController: isAirplaneModeOn = false, isWifiEnabled = true, isScanningAvailable = true, isLocationModeActive = true, isSatelliteModeOn = false
01-05 12:52:14.345   553   696 D WifiActiveModeWarden: Starting primary ClientModeManager in connect mode
01-05 12:52:14.345   553   553 W TvInputHardwareManager: HdmiControlService is not available
01-05 12:52:14.346   553   553 D SystemServerTiming: OnBootPhase_500_com.android.server.tv.TvRemoteService
01-05 12:52:14.346   553   553 D SystemServerTiming: OnBootPhase_500_com.android.server.biometrics.BiometricService
01-05 12:52:14.346   553   553 D SystemServerTiming: OnBootPhase_500_com.android.server.biometrics.AuthService
01-05 12:52:14.346   553   553 D SystemServerTiming: OnBootPhase_500_com.android.server.pm.ShortcutService$Lifecycle
01-05 12:52:14.346   553   553 D SystemServerTiming: OnBootPhase_500_com.android.server.pm.LauncherAppsService
01-05 12:52:14.346   553   553 D SystemServerTiming: OnBootPhase_500_com.android.server.pm.CrossProfileAppsService
01-05 12:52:14.346   553   553 D SystemServerTiming: OnBootPhase_500_com.android.server.people.PeopleService
01-05 12:52:14.346   553   553 D SystemServerTiming: OnBootPhase_500_com.android.server.media.metrics.MediaMetricsManagerService
01-05 12:52:14.346   553   553 D SystemServerTiming: OnBootPhase_500_com.android.server.pm.BackgroundInstallControlService
01-05 12:52:14.346   553   553 D SystemServerTiming: OnBootPhase_500_com.android.server.media.projection.MediaProjectionManagerService
01-05 12:52:14.346   553   553 D SystemServerTiming: OnBootPhase_500_com.android.server.slice.SliceManagerService$Lifecycle
01-05 12:52:14.346   553   553 D SystemServerTiming: OnBootPhase_500_com.android.server.stats.StatsCompanion$Lifecycle
01-05 12:52:14.347   553   553 D SystemServerTiming: OnBootPhase_500_com.android.server.scheduling.RebootReadinessManagerService$Lifecycle
01-05 12:52:14.347   553   553 D SystemServerTiming: OnBootPhase_500_com.android.server.stats.pull.StatsPullAtomService
01-05 12:52:14.347   553   553 D SystemServerTiming: OnBootPhase_500_com.android.server.stats.bootstrap.StatsBootstrapAtomService$Lifecycle
01-05 12:52:14.347   553   553 D SystemServerTiming: OnBootPhase_500_com.android.server.incident.IncidentCompanionService
01-05 12:52:14.347   553   553 D SystemServerTiming: OnBootPhase_500_com.android.server.sdksandbox.SdkSandboxManagerService$Lifecycle
01-05 12:52:14.347   553   553 D SystemServerTiming: OnBootPhase_500_com.android.server.adservices.AdServicesManagerService$Lifecycle
01-05 12:52:14.347   553   553 D SystemServerTiming: OnBootPhase_500_com.android.server.ondevicepersonalization.OnDevicePersonalizationSystemService$Lifecycle
01-05 12:52:14.347   553   553 D SystemServerTiming: OnBootPhase_500_com.android.server.autofill.AutofillManagerService
01-05 12:52:14.347   553   553 D SystemServerTiming: OnBootPhase_500_com.android.server.selectiontoolbar.SelectionToolbarManagerService
01-05 12:52:14.347   553   553 D SystemServerTiming: OnBootPhase_500_com.android.server.clipboard.ClipboardService
01-05 12:52:14.347   553   553 D SystemServerTiming: OnBootPhase_500_com.android.server.appbinding.AppBindingService$Lifecycle
01-05 12:52:14.347   553   553 D SystemServerTiming: OnBootPhase_500_com.android.server.tracing.TracingServiceProxy
01-05 12:52:14.347   553   553 D SystemServerTiming: MakeWindowManagerServiceReady
01-05 12:52:14.349   158   158 I hwservicemanager: getTransport: Cannot find entry android.hardware.configstore@1.1::ISurfaceFlingerConfigs/default in either framework or device VINTF manifest.
01-05 12:52:14.349   158   158 I hwservicemanager: getTransport: Cannot find entry android.hardware.configstore@1.1::ISurfaceFlingerConfigs/default in either framework or device VINTF manifest.
01-05 12:52:14.350   553   696 I WifiHalAidlImpl: Obtained the IWifi binder. Local Version: 1
01-05 12:52:14.350   553   553 D SystemServerTiming: RegisterLogMteState
01-05 12:52:14.351   553   696 I WifiHalAidlImpl: Remote Version: 1
01-05 12:52:14.351   553   594 I HealthServiceWrapperAidl: health: HealthServiceWrapper listening to AIDL HAL
01-05 12:52:14.352   553   696 I WifiHalAidlImpl: Initialization is complete
01-05 12:52:14.352   553   594 D StatsPullAtomService: Registering pullers with statsd
01-05 12:52:14.353   374   397 W android.hardware.wifi-service: Duplicate death notification registration
01-05 12:52:14.353   553   696 D WifiNl80211Manager: tearing down interfaces in wificond
01-05 12:52:14.353   553   553 D SystemServerTiming: StartPermissionPolicyService
01-05 12:52:14.353   553   553 I SystemServiceManager: Starting com.android.server.policy.PermissionPolicyService
01-05 12:52:14.353   553   704 D ConnectivityService: NetReassign [no changes] [c 0] [a 0] [i 0]
01-05 12:52:14.354   553   594 I StatsPullAtomService: register thermal listener successfully
01-05 12:52:14.354   553   696 D WifiAdaptConnObserver: Adaptive connectivity status initialized to: true
01-05 12:52:14.354   553   696 D WifiController: EnabledState.enter()
01-05 12:52:14.355   553   696 D WifiClientModeManager[17345:unknown]: entering IdleState
01-05 12:52:14.356   553   696 I WifiHalAidlImpl: Service is already initialized
01-05 12:52:14.357   553   553 D SystemServerTiming: MakePackageManagerServiceReady
01-05 12:52:14.357   374   397 W libc    : Access denied finding property "persist.vendor.debug.wifi.hal.preset_interface_combination_idx"
01-05 12:52:14.358   374   397 I android.hardware.wifi-service: Wifi HAL started
01-05 12:52:14.356   374   374 W binder:374_1: type=1400 audit(0.0:7): avc:  denied  { read } for  name="u:object_r:persist_vendor_debug_wifi_prop:s0" dev="tmpfs" ino=252 scontext=u:r:hal_wifi_default:s0 tcontext=u:object_r:persist_vendor_debug_wifi_prop:s0 tclass=file permissive=0
01-05 12:52:14.361   553   553 V HistoricalRegistry: Interaction before persistence initialized
01-05 12:52:14.361   553   553 V HistoricalRegistry: Interaction before persistence initialized
01-05 12:52:14.363   553   696 E WifiChipAidlImpl: getMode failed with service-specific exception: android.os.ServiceSpecificException:  (code 5)
01-05 12:52:14.363   374   397 W android.hardware.wifi-service: No active wlan interfaces in use! Using default
01-05 12:52:14.363   374   397 E android.hardware.wifi-service: Unknown iface name: wlan0
01-05 12:52:14.363   374   397 E android.hardware.wifi-service: Unknown iface name: wlan0
01-05 12:52:14.366   553   696 I WifiVendorHal: Vendor Hal started successfully
01-05 12:52:14.368   553   553 V UserDataPreparer: Found /data/user_de/0 with serial number 0
01-05 12:52:14.368   553   553 V UserDataPreparer: Found /data/user/0 with serial number 0
01-05 12:52:14.368   553   553 V UserDataPreparer: Found /data/system_de/0 with serial number 0
01-05 12:52:14.368   553   553 V UserDataPreparer: Found /data/system_ce/0 with serial number 0
01-05 12:52:14.368   553   553 V UserDataPreparer: Found /data/misc_ce/0 with serial number 0
01-05 12:52:14.369   553   553 I PermissionManager: Permission ownership changed. Updating all permissions.
01-05 12:52:14.369   553   696 E WifiChipAidlImpl: getMode failed with service-specific exception: android.os.ServiceSpecificException:  (code 5)
01-05 12:52:14.370   374   397 W android.hardware.wifi-service: No active wlan interfaces in use! Using default
01-05 12:52:14.370   374   397 E android.hardware.wifi-service: Unknown iface name: wlan0
01-05 12:52:14.370   374   397 E android.hardware.wifi-service: Unknown iface name: wlan0
01-05 12:52:14.371   553   696 I HalDevMgr: currentModeId=0, requestModeId=0, currentModeIdValid=false
01-05 12:52:14.372   374   397 I android.hardware.wifi-service: Adding interface handle for wlan0
01-05 12:52:14.372   374   397 W android.hardware.wifi-service: No active wlan interfaces in use! Using default
01-05 12:52:14.372   374   397 E android.hardware.wifi-service: Failed to register radio mode change callback
01-05 12:52:14.372   374   397 W android.hardware.wifi-service: No active wlan interfaces in use! Using default
01-05 12:52:14.374   374   397 E android.hardware.wifi-service: Failed to get SupportedIfaceCombinations matrix from legacy HAL: NOT_SUPPORTED
01-05 12:52:14.374   374   397 I android.hardware.wifi-service: Configured chip in mode 0
01-05 12:52:14.374   374   397 W android.hardware.wifi-service: No active wlan interfaces in use! Using default
01-05 12:52:14.376   374   397 W android.hardware.wifi-service: No active wlan interfaces in use! Using default
01-05 12:52:14.378   374   397 I android.hardware.wifi-service: Adding interface handle for wlan0
01-05 12:52:14.378   374   397 E android.hardware.wifi-service: Failed to set DFS flag; DFS channels may be unavailable.
01-05 12:52:14.380   553   696 D HalDevMgr: updateRttController: no one is interested in RTT controllers
01-05 12:52:14.383   374   397 E android.hardware.wifi-service: Failed to get chip capabilities from legacy HAL: NOT_SUPPORTED
01-05 12:52:14.384   553   696 E WifiChipAidlImpl: getWifiChipCapabilities failed with service-specific exception: android.os.ServiceSpecificException:  (code 4)
01-05 12:52:14.385   553   696 D WifiNl80211Manager: Setting up interface for client mode: wlan0
01-05 12:52:14.386   456   456 I wificond: createClientInterface: wiphy_index 1 iface_name wlan0
01-05 12:52:14.387   456   456 I wificond: create scanner for interface with index: 16
01-05 12:52:14.387   456   456 I wificond: subscribe scan result for interface with index: 16
01-05 12:52:14.389   456   456 I wificond: add channel type 0 support at wiphy index: 1
01-05 12:52:14.389   456   456 I wificond: add channel type 1 support at wiphy index: 1
01-05 12:52:14.390   553   696 I WifiNative: Interface state changed on Iface:{Name=wlan0,Id=0,Type=STA_SCAN}, isUp=true
01-05 12:52:14.391   553   696 I WifiNative: Successfully setup Iface:{Name=wlan0,Id=0,Type=STA_SCAN}
01-05 12:52:14.391   553   696 E SupplicantStaIfaceHalAidlImpl: Can't call getKeyMgmtCapabilities, ISupplicantStaIface is null for iface=wlan0
01-05 12:52:14.397   374   397 E android.hardware.wifi-service: Failed to get SupportedRadioCombinations matrix from legacy HAL: NOT_SUPPORTED
01-05 12:52:14.397   553   696 E WifiChipAidlImpl: getSupportedRadioCombinations failed with service-specific exception: android.os.ServiceSpecificException:  (code 4)
01-05 12:52:14.397   553   696 E SupplicantStaIfaceHalAidlImpl: Can't call getWpaDriverCapabilities, ISupplicantStaIface is null for iface=wlan0
01-05 12:52:14.398   553   696 E WifiChipAidlImpl: getUsableChannels failed with service-specific exception: android.os.ServiceSpecificException:  (code 4)
01-05 12:52:14.403   553   696 E WifiChipAidlImpl: enableStaChannelForPeerNetwork failed with service-specific exception: android.os.ServiceSpecificException:  (code 4)
01-05 12:52:14.403   553   696 D WifiNative: setWifiNativeInterfaceEventCallback
01-05 12:52:14.403   553   696 D WifiClientModeManager[17345:wlan0]: entering StartedState
01-05 12:52:14.408   553   696 D WifiConfigStore: Writing to stores completed in 3 ms.
01-05 12:52:14.414   553   696 I SupplicantStaIfaceHalAidlImpl: Clearing internal state
01-05 12:52:14.423   553   617 E DefaultPermGrantPolicy: Package not found: com.google.android.tv.axel
01-05 12:52:14.423   553   617 W DefaultPermGrantPolicy: No such package:com.google.android.tv.axel
01-05 12:52:14.423   553   617 E DefaultPermGrantPolicy: Package not found: com.google.android.tungsten.setupwraith
01-05 12:52:14.423   553   617 W DefaultPermGrantPolicy: No such package:com.google.android.tungsten.setupwraith
01-05 12:52:14.423   553   617 E DefaultPermGrantPolicy: Package not found: com.google.android.tv.dfuservice
01-05 12:52:14.423   553   617 W DefaultPermGrantPolicy: No such package:com.google.android.tv.dfuservice
01-05 12:52:14.431   553   553 D SystemServerTiming: MakeDisplayManagerServiceReady
01-05 12:52:14.433   553   586 E DisplayModeDirector: Asked about unknown display, returning empty display mode specs!(id=0)
01-05 12:52:14.436   553   553 I BrightnessSynchronizer: Initial brightness readings: 102(int), 0.39763778(float)
01-05 12:52:14.436   553   553 D SystemServerTiming: StartDeviceSpecificServices
01-05 12:52:14.436   553   553 D SystemServerTiming: GameManagerService
01-05 12:52:14.436   410   410 I RefreshRateSelector: Display 4619827259835644672 policy changed
01-05 12:52:14.436   410   410 I RefreshRateSelector: Previous: {defaultModeId=0, allowGroupSwitching=false, primaryRanges={physical=[0.00 Hz, 340282346638528859811704183484516925440.00 Hz], render=[0.00 Hz, 340282346638528859811704183484516925440.00 Hz]}, appRequestRanges={physical=[0.00 Hz, 340282346638528859811704183484516925440.00 Hz], render=[0.00 Hz, 340282346638528859811704183484516925440.00 Hz]}}
01-05 12:52:14.436   410   410 I RefreshRateSelector: Current:  DisplayManagerPolicy{defaultModeId=0, allowGroupSwitching=false, primaryRanges={physical=[0.00 Hz, inf Hz], render=[0.00 Hz, 60.00 Hz]}, appRequestRanges={physical=[0.00 Hz, inf Hz], render=[0.00 Hz, inf Hz]}}
01-05 12:52:14.436   410   410 I RefreshRateSelector: 0 mode changes were performed under the previous policy
01-05 12:52:14.436   553   553 I SystemServiceManager: Starting com.android.server.app.GameManagerService$Lifecycle
01-05 12:52:14.437   553   553 V HistoricalRegistry: Interaction before persistence initialized
01-05 12:52:14.439   553   553 D SystemServerTiming: StartBootPhaseDeviceSpecificServicesReady
01-05 12:52:14.439   553   553 I SystemServiceManager: Starting phase 520
01-05 12:52:14.439   553   553 D SystemServerTiming: OnBootPhase_520
01-05 12:52:14.439   553   553 D SystemServerTiming: OnBootPhase_520_com.android.server.security.FileIntegrityService
01-05 12:52:14.439   553   553 D SystemServerTiming: OnBootPhase_520_com.android.server.pm.Installer
01-05 12:52:14.439   553   553 D SystemServerTiming: OnBootPhase_520_com.android.server.os.DeviceIdentifiersPolicyService
01-05 12:52:14.439   553   553 D SystemServerTiming: OnBootPhase_520_com.android.server.uri.UriGrantsManagerService$Lifecycle
