01-07 03:34:17.547   929   929 D SystemServerTiming: ssm.onStartUser-0_com.android.server.StorageManagerService$Lifecycle
01-07 03:34:17.552   929   929 V StorageManagerService: Package com.brdgwtr.dms does not have legacy storage
01-07 03:34:17.552   929   929 V StorageManagerService: Package com.droidlogic.tvinput does not have legacy storage
01-07 03:34:17.552   929   929 V StorageManagerService: Package com.android.cts.priv.ctsshim does not have legacy storage
01-07 03:34:17.552   929   929 V StorageManagerService: Package com.android.uwb.resources does not have legacy storage
01-07 03:34:17.553   929   929 V StorageManagerService: Package com.android.adservices.api does not have legacy storage
01-07 03:34:17.553   929   929 V StorageManagerService: Package com.android.dynsystem does not have legacy storage
01-07 03:34:17.553   929   929 V StorageManagerService: Package com.android.providers.calendar does not have legacy storage
01-07 03:34:17.553   929   929 V StorageManagerService: Package com.android.tv.settings does not have legacy storage
01-07 03:34:17.553   929   929 V StorageManagerService: Package com.android.providers.media does not have legacy storage
01-07 03:34:17.553   929   929 V StorageManagerService: Package com.android.systemui.statusbar.tv.TvStatusBar does not have legacy storage
01-07 03:34:17.553   929   929 V StorageManagerService: Package com.brdgwtr.CentralMessageService does not have legacy storage
01-07 03:34:17.553   929   929 V StorageManagerService: Package com.android.externalstorage does not have legacy storage
01-07 03:34:17.553   929   929 V StorageManagerService: Package com.android.htmlviewer does not have legacy storage
01-07 03:34:17.554   929   929 V StorageManagerService: Package com.android.companiondevicemanager does not have legacy storage
01-07 03:34:17.554   929   929 V StorageManagerService: Package com.android.providers.downloads does not have legacy storage
01-07 03:34:17.554   929   929 V StorageManagerService: Package com.android.providers.tv does not have legacy storage
01-07 03:34:17.554   929   929 V StorageManagerService: Package com.android.tv.frameworkpackagestubs does not have legacy storage
01-07 03:34:17.554   929   929 V StorageManagerService: Package com.droidlogic.mediacenter does not have legacy storage
01-07 03:34:17.554   929   929 V StorageManagerService: Package com.droidlogic.updater does not have legacy storage
01-07 03:34:17.554   929   929 V StorageManagerService: Package com.droidlogic does not have legacy storage
01-07 03:34:17.554   929   929 V StorageManagerService: Package com.brdgwtr.settings.export does not have legacy storage
01-07 03:34:17.554   929   929 V StorageManagerService: Package com.droidlogic.tv.settings does not have legacy storage
01-07 03:34:17.555   929   929 V StorageManagerService: Package com.sonos.tv.launcher does not have legacy storage
01-07 03:34:17.555   929   929 V StorageManagerService: Package com.sonos.platform does not have legacy storage
01-07 03:34:17.555   929   929 V StorageManagerService: Package com.brdgwtr.mediasession does not have legacy storage
01-07 03:34:17.555   929   929 V StorageManagerService: Package com.android.tv.overlay.settingsprovider does not have legacy storage
01-07 03:34:17.555   929   929 V StorageManagerService: Package com.android.safetycenter.resources does not have legacy storage
01-07 03:34:17.555   929   929 V StorageManagerService: Package com.android.pacprocessor does not have legacy storage
01-07 03:34:17.555   929   929 V StorageManagerService: Package com.sonos.tv.ble.remote does not have legacy storage
01-07 03:34:17.555   929   929 V StorageManagerService: Package com.android.networkstack does not have legacy storage
01-07 03:34:17.555   929   929 V StorageManagerService: Package com.android.connectivity.resources does not have legacy storage
01-07 03:34:17.555   929   929 V StorageManagerService: Package com.sonos.tv.sonosscreensaver does not have legacy storage
01-07 03:34:17.555   929   929 V StorageManagerService: Package com.sonos.pinewood.ota.test does not have legacy storage
01-07 03:34:17.556   929   929 V StorageManagerService: Package com.android.modulemetadata does not have legacy storage
01-07 03:34:17.556   929   929 V StorageManagerService: Package com.android.certinstaller does not have legacy storage
01-07 03:34:17.556   929   929 V StorageManagerService: Package com.caavo.pw.ceccontroller does not have legacy storage
01-07 03:34:17.556   929   929 V StorageManagerService: Package com.android.wifi.dialog does not have legacy storage
01-07 03:34:17.556   929   929 V StorageManagerService: Package android does not have legacy storage
01-07 03:34:17.556   929   929 V StorageManagerService: Package com.aml.dial does not have legacy storage
01-07 03:34:17.556   929   929 V StorageManagerService: Package com.android.mtp does not have legacy storage
01-07 03:34:17.556   929   929 V StorageManagerService: Package com.android.backupconfirm does not have legacy storage
01-07 03:34:17.557   929   929 V StorageManagerService: Package com.droidlogic.FileBrower has legacy storage
01-07 03:34:17.557   929   929 V StorageManagerService: Package com.android.statementservice does not have legacy storage
01-07 03:34:17.557   929   929 V StorageManagerService: Package com.brdgwtr.publisherservice does not have legacy storage
01-07 03:34:17.557   929   929 V StorageManagerService: Package com.brdgwtr.keyboard.ime.pinewood does not have legacy storage
01-07 03:34:17.557   929   929 V StorageManagerService: Package com.sonos.pinewood.overlay.assistant does not have legacy storage
01-07 03:34:17.557   929   929 V StorageManagerService: Package com.android.providers.settings does not have legacy storage
01-07 03:34:17.557   929   929 V StorageManagerService: Package com.android.sharedstoragebackup does not have legacy storage
01-07 03:34:17.558   929   929 V StorageManagerService: Package com.android.printspooler does not have legacy storage
01-07 03:34:17.558   929   929 V StorageManagerService: Package com.android.se does not have legacy storage
01-07 03:34:17.558   929   929 V StorageManagerService: Package com.android.inputdevices does not have legacy storage
01-07 03:34:17.558   929   929 V StorageManagerService: Package com.sonos.cinemascope does not have legacy storage
01-07 03:34:17.558   929   929 V StorageManagerService: Package com.sonos.connectivity does not have legacy storage
01-07 03:34:17.558   929   929 V StorageManagerService: Package com.android.musicfx does not have legacy storage
01-07 03:34:17.558   929   929 V StorageManagerService: Package android.ext.shared does not have legacy storage
01-07 03:34:17.558   929   929 V StorageManagerService: Package com.android.keychain does not have legacy storage
01-07 03:34:17.558   929   929 V StorageManagerService: Package com.android.gallery3d has legacy storage
01-07 03:34:17.558   929   929 V StorageManagerService: Package android.ext.services does not have legacy storage
01-07 03:34:17.558   929   929 V StorageManagerService: Package com.android.wifi.resources does not have legacy storage
01-07 03:34:17.558   929   929 V StorageManagerService: Package com.android.localtransport does not have legacy storage
01-07 03:34:17.558   929   929 V StorageManagerService: Package com.android.networkstack.tethering.droidlogic does not have legacy storage
01-07 03:34:17.560   929  1094 D CompatibilityChangeReporter: Compat change id reported: 135634846; UID 1002; state: DISABLED
01-07 03:34:17.560   929   929 V StorageManagerService: Package com.android.packageinstaller does not have legacy storage
01-07 03:34:17.562   929   929 V StorageManagerService: Package com.sonos.tv.music does not have legacy storage
01-07 03:34:17.562   929   929 V StorageManagerService: Package com.sonos.tv.setup does not have legacy storage
01-07 03:34:17.563   929   929 V StorageManagerService: Package com.pinewood.adb does not have legacy storage
01-07 03:34:17.563   929   929 V StorageManagerService: Package com.android.proxyhandler does not have legacy storage
01-07 03:34:17.563   929   929 V StorageManagerService: Package com.android.intentresolver does not have legacy storage
01-07 03:34:17.563   929   929 V StorageManagerService: Package com.android.nearby.halfsheet does not have legacy storage
01-07 03:34:17.563   929   929 V StorageManagerService: Package com.droidlogic.tv.settings.resoverlay does not have legacy storage
01-07 03:34:17.563   929   929 V StorageManagerService: Package org.chromium.webview_shell does not have legacy storage
01-07 03:34:17.563   929   929 V StorageManagerService: Package com.android.managedprovisioning does not have legacy storage
01-07 03:34:17.563   929   929 V StorageManagerService: Package com.droidlogic.exoplayer2.demo does not have legacy storage
01-07 03:34:17.563   929   929 V StorageManagerService: Package com.sonos.pinewood.ota.service does not have legacy storage
01-07 03:34:17.565   929   929 V StorageManagerService: Package com.android.networkstack.tethering does not have legacy storage
01-07 03:34:17.565   929   929 V StorageManagerService: Package com.android.soundpicker does not have legacy storage
01-07 03:34:17.565   929   929 V StorageManagerService: Package com.sonos.pinewood.tokenmanager.service does not have legacy storage
01-07 03:34:17.565   929   929 V StorageManagerService: Package com.droidlogic.miracast does not have legacy storage
01-07 03:34:17.565   929   929 V StorageManagerService: Package com.sonos.tv.appdirector does not have legacy storage
01-07 03:34:17.565   929   929 V StorageManagerService: Package com.droidlogic.wifitetheringoverlay does not have legacy storage
01-07 03:34:17.565   929   929 V StorageManagerService: Package com.sonos.tv.settings.overlay does not have legacy storage
01-07 03:34:17.565   929   929 V StorageManagerService: Package com.android.networkstack.tethering.inprocess.droidlogic does not have legacy storage
01-07 03:34:17.565   929   929 V StorageManagerService: Package com.brdgwtr.metrics.service does not have legacy storage
01-07 03:34:17.565   929   929 V StorageManagerService: Package com.sonos.pinewood.overlay.settingsprovider does not have legacy storage
01-07 03:34:17.565   929   929 V StorageManagerService: Package com.netflix.tokenmanager does not have legacy storage
01-07 03:34:17.565   929   929 V StorageManagerService: Package com.android.cts.ctsshim does not have legacy storage
01-07 03:34:17.565   929   929 V StorageManagerService: Package com.android.remoteprovisioner does not have legacy storage
01-07 03:34:17.565   929   929 V StorageManagerService: Package com.droidlogic.wifion does not have legacy storage
01-07 03:34:17.566   929   929 V StorageManagerService: Package com.sonos.pinewood.overlay.tvremoteprovider does not have legacy storage
01-07 03:34:17.566   929   929 V StorageManagerService: Package com.droidlogic.imageplayer does not have legacy storage
01-07 03:34:17.566   929   929 V StorageManagerService: Package com.android.vpndialogs does not have legacy storage
01-07 03:34:17.566   929   929 V StorageManagerService: Package com.sonos.tv.settings does not have legacy storage
01-07 03:34:17.566   929   929 V StorageManagerService: Package com.android.music does not have legacy storage
01-07 03:34:17.566   929   929 V StorageManagerService: Package com.android.shell does not have legacy storage
01-07 03:34:17.566   929   929 V StorageManagerService: Package com.android.sdksandbox does not have legacy storage
01-07 03:34:17.566   929   929 V StorageManagerService: Package com.android.wallpaperbackup does not have legacy storage
01-07 03:34:17.566   929   929 V StorageManagerService: Package com.android.providers.userdictionary does not have legacy storage
01-07 03:34:17.566   929   929 V StorageManagerService: Package com.android.providers.media.module does not have legacy storage
01-07 03:34:17.566   929   929 V StorageManagerService: Package com.bds.framework.overlay does not have legacy storage
01-07 03:34:17.566   929   929 V StorageManagerService: Package com.android.hotspot2.osulogin does not have legacy storage
01-07 03:34:17.566   929   929 V StorageManagerService: Package com.android.location.fused does not have legacy storage
01-07 03:34:17.566   929   929 V StorageManagerService: Package com.android.systemui does not have legacy storage
01-07 03:34:17.566   929   929 V StorageManagerService: Package com.brdgwtr.android.webview does not have legacy storage
01-07 03:34:17.567   929   929 V StorageManagerService: Package com.sonos.livetv does not have legacy storage
01-07 03:34:17.567   929   929 V StorageManagerService: Package com.android.tv.overlay.framework does not have legacy storage
01-07 03:34:17.567   929   929 V StorageManagerService: Package com.android.permissioncontroller does not have legacy storage
01-07 03:34:17.567   929   929 V StorageManagerService: Package com.droidlogic.appinstall does not have legacy storage
01-07 03:34:17.567   929   929 V StorageManagerService: Package android.auto_generated_rro_product__ does not have legacy storage
01-07 03:34:17.567   929   929 V StorageManagerService: Package com.android.ondevicepersonalization.services does not have legacy storage
01-07 03:34:17.567   929   929 V StorageManagerService: Package com.netflix.ninja does not have legacy storage
01-07 03:34:17.567   929   929 V StorageManagerService: Package com.android.bluetooth does not have legacy storage
01-07 03:34:17.567   929   929 V StorageManagerService: Package com.android.providers.contacts does not have legacy storage
01-07 03:34:17.567   929   929 V StorageManagerService: Package com.android.captiveportallogin does not have legacy storage
01-07 03:34:17.567   929   929 V StorageManagerService: Package com.sonos.hdmicecoverlay does not have legacy storage
01-07 03:34:17.567   929   929 V StorageManagerService: Package com.droidlogic.overlay does not have legacy storage
01-07 03:34:17.567   929   929 V StorageManagerService: Package com.sonos.pinewoodirapp does not have legacy storage
01-07 03:34:17.568   929   929 V SystemServerTiming: ssm.onStartUser-0_com.android.server.StorageManagerService$Lifecycle took to complete: 21ms
01-07 03:34:17.568   929   929 D SystemServerTiming: ssm.onStartUser-0_com.android.server.usage.StorageStatsService$Lifecycle
01-07 03:34:17.568   929   929 V SystemServerTiming: ssm.onStartUser-0_com.android.server.usage.StorageStatsService$Lifecycle took to complete: 0ms
01-07 03:34:17.568   929   929 D SystemServerTiming: ssm.onStartUser-0_com.android.server.UiModeManagerService
01-07 03:34:17.568   929   929 V SystemServerTiming: ssm.onStartUser-0_com.android.server.UiModeManagerService took to complete: 0ms
01-07 03:34:17.568   929   929 D SystemServerTiming: ssm.onStartUser-0_com.android.server.locales.LocaleManagerService
01-07 03:34:17.568   929   929 V SystemServerTiming: ssm.onStartUser-0_com.android.server.locales.LocaleManagerService took to complete: 0ms
01-07 03:34:17.568   929   929 D SystemServerTiming: ssm.onStartUser-0_com.android.server.locksettings.LockSettingsService$Lifecycle
01-07 03:34:17.568   929   929 V SystemServerTiming: ssm.onStartUser-0_com.android.server.locksettings.LockSettingsService$Lifecycle took to complete: 0ms
01-07 03:34:17.568   929   929 D SystemServerTiming: ssm.onStartUser-0_com.android.server.PersistentDataBlockService
01-07 03:34:17.568   929   929 V SystemServerTiming: ssm.onStartUser-0_com.android.server.PersistentDataBlockService took to complete: 0ms
01-07 03:34:17.568   929   929 D SystemServerTiming: ssm.onStartUser-0_com.android.server.testharness.TestHarnessModeService
01-07 03:34:17.568   929   929 V SystemServerTiming: ssm.onStartUser-0_com.android.server.testharness.TestHarnessModeService took to complete: 0ms
01-07 03:34:17.568   929   929 D SystemServerTiming: ssm.onStartUser-0_com.android.server.oemlock.OemLockService
01-07 03:34:17.568   929   929 V SystemServerTiming: ssm.onStartUser-0_com.android.server.oemlock.OemLockService took to complete: 0ms
01-07 03:34:17.568   929   929 D SystemServerTiming: ssm.onStartUser-0_com.android.server.DeviceIdleController
01-07 03:34:17.568   929   929 V SystemServerTiming: ssm.onStartUser-0_com.android.server.DeviceIdleController took to complete: 0ms
01-07 03:34:17.569   929   929 D SystemServerTiming: ssm.onStartUser-0_com.android.server.devicepolicy.DevicePolicyManagerService$Lifecycle
01-07 03:34:17.573   929   929 V SystemServerTiming: ssm.onStartUser-0_com.android.server.devicepolicy.DevicePolicyManagerService$Lifecycle took to complete: 4ms
01-07 03:34:17.574   929   929 D SystemServerTiming: ssm.onStartUser-0_com.android.server.texttospeech.TextToSpeechManagerService
01-07 03:34:17.574   929   929 V SystemServerTiming: ssm.onStartUser-0_com.android.server.texttospeech.TextToSpeechManagerService took to complete: 0ms
01-07 03:34:17.574   929   929 D SystemServerTiming: ssm.onStartUser-0_com.android.server.ambientcontext.AmbientContextManagerService
01-07 03:34:17.574   929   929 V SystemServerTiming: ssm.onStartUser-0_com.android.server.ambientcontext.AmbientContextManagerService took to complete: 0ms
01-07 03:34:17.574   929   929 D SystemServerTiming: ssm.onStartUser-0_com.android.server.speech.SpeechRecognitionManagerService
01-07 03:34:17.574   929   929 V SystemServerTiming: ssm.onStartUser-0_com.android.server.speech.SpeechRecognitionManagerService took to complete: 0ms
01-07 03:34:17.574   929   929 D SystemServerTiming: ssm.onStartUser-0_com.android.server.searchui.SearchUiManagerService
01-07 03:34:17.574   929   929 V SystemServerTiming: ssm.onStartUser-0_com.android.server.searchui.SearchUiManagerService took to complete: 0ms
01-07 03:34:17.574   929   929 D SystemServerTiming: ssm.onStartUser-0_com.android.server.smartspace.SmartspaceManagerService
01-07 03:34:17.574   929   929 V SystemServerTiming: ssm.onStartUser-0_com.android.server.smartspace.SmartspaceManagerService took to complete: 0ms
01-07 03:34:17.574   929   929 D SystemServerTiming: ssm.onStartUser-0_com.android.server.graphics.fonts.FontManagerService$Lifecycle
01-07 03:34:17.574   929   929 V SystemServerTiming: ssm.onStartUser-0_com.android.server.graphics.fonts.FontManagerService$Lifecycle took to complete: 0ms
01-07 03:34:17.574   929   929 D SystemServerTiming: ssm.onStartUser-0_com.android.server.textservices.TextServicesManagerService$Lifecycle
01-07 03:34:17.574   929   929 V SystemServerTiming: ssm.onStartUser-0_com.android.server.textservices.TextServicesManagerService$Lifecycle took to complete: 0ms
01-07 03:34:17.574   929   929 D SystemServerTiming: ssm.onStartUser-0_com.android.server.textclassifier.TextClassificationManagerService$Lifecycle
01-07 03:34:17.575   929   929 V SystemServerTiming: ssm.onStartUser-0_com.android.server.textclassifier.TextClassificationManagerService$Lifecycle took to complete: 1ms
01-07 03:34:17.575   929   929 D SystemServerTiming: ssm.onStartUser-0_com.android.server.NetworkScoreService$Lifecycle
01-07 03:34:17.575   929   929 V SystemServerTiming: ssm.onStartUser-0_com.android.server.NetworkScoreService$Lifecycle took to complete: 0ms
01-07 03:34:17.575   929   929 D SystemServerTiming: ssm.onStartUser-0_com.android.server.NetworkStatsServiceInitializer
01-07 03:34:17.575   929   929 V SystemServerTiming: ssm.onStartUser-0_com.android.server.NetworkStatsServiceInitializer took to complete: 0ms
01-07 03:34:17.575   929   929 D SystemServerTiming: ssm.onStartUser-0_com.android.server.wifi.WifiService
01-07 03:34:17.575   929   929 V SystemServerTiming: ssm.onStartUser-0_com.android.server.wifi.WifiService took to complete: 0ms
01-07 03:34:17.575   929   929 D SystemServerTiming: ssm.onStartUser-0_com.android.server.wifi.scanner.WifiScanningService
01-07 03:34:17.575   929   929 V SystemServerTiming: ssm.onStartUser-0_com.android.server.wifi.scanner.WifiScanningService took to complete: 0ms
01-07 03:34:17.575   929   929 D SystemServerTiming: ssm.onStartUser-0_com.android.server.wifi.p2p.WifiP2pService
01-07 03:34:17.575   929   929 V SystemServerTiming: ssm.onStartUser-0_com.android.server.wifi.p2p.WifiP2pService took to complete: 0ms
01-07 03:34:17.575   929   929 D SystemServerTiming: ssm.onStartUser-0_com.android.server.ConnectivityServiceInitializer
01-07 03:34:17.575   929   929 V SystemServerTiming: ssm.onStartUser-0_com.android.server.ConnectivityServiceInitializer took to complete: 0ms
01-07 03:34:17.575   929   929 D SystemServerTiming: ssm.onStartUser-0_com.android.server.notification.NotificationManagerService
01-07 03:34:17.575   929   929 V SystemServerTiming: ssm.onStartUser-0_com.android.server.notification.NotificationManagerService took to complete: 0ms
01-07 03:34:17.575   929   929 D SystemServerTiming: ssm.onStartUser-0_com.android.server.storage.DeviceStorageMonitorService
01-07 03:34:17.575   929   929 V SystemServerTiming: ssm.onStartUser-0_com.android.server.storage.DeviceStorageMonitorService took to complete: 0ms
01-07 03:34:17.575   929   929 D SystemServerTiming: ssm.onStartUser-0_com.android.server.location.LocationManagerService$Lifecycle
01-07 03:34:17.575   929   929 V SystemServerTiming: ssm.onStartUser-0_com.android.server.location.LocationManagerService$Lifecycle took to complete: 1ms
01-07 03:34:17.576   929   929 D SystemServerTiming: ssm.onStartUser-0_com.android.server.timedetector.TimeDetectorService$Lifecycle
01-07 03:34:17.576   929   929 V SystemServerTiming: ssm.onStartUser-0_com.android.server.timedetector.TimeDetectorService$Lifecycle took to complete: 0ms
01-07 03:34:17.576   929   929 D SystemServerTiming: ssm.onStartUser-0_com.android.server.timezonedetector.TimeZoneDetectorService$Lifecycle
01-07 03:34:17.576   929   929 V SystemServerTiming: ssm.onStartUser-0_com.android.server.timezonedetector.TimeZoneDetectorService$Lifecycle took to complete: 0ms
01-07 03:34:17.576   929   929 D SystemServerTiming: ssm.onStartUser-0_com.android.server.timezonedetector.location.LocationTimeZoneManagerService$Lifecycle
01-07 03:34:17.576   929   929 V SystemServerTiming: ssm.onStartUser-0_com.android.server.timezonedetector.location.LocationTimeZoneManagerService$Lifecycle took to complete: 0ms
01-07 03:34:17.576   929   929 D SystemServerTiming: ssm.onStartUser-0_com.android.server.search.SearchManagerService$Lifecycle
01-07 03:34:17.576   929   929 V SystemServerTiming: ssm.onStartUser-0_com.android.server.search.SearchManagerService$Lifecycle took to complete: 0ms
01-07 03:34:17.576   929   929 D SystemServerTiming: ssm.onStartUser-0_com.android.server.wallpaper.WallpaperManagerService$Lifecycle
01-07 03:34:17.576   929   929 V SystemServerTiming: ssm.onStartUser-0_com.android.server.wallpaper.WallpaperManagerService$Lifecycle took to complete: 0ms
01-07 03:34:17.576   929   929 D SystemServerTiming: ssm.onStartUser-0_com.android.server.wallpapereffectsgeneration.WallpaperEffectsGenerationManagerService
01-07 03:34:17.576   929   929 V SystemServerTiming: ssm.onStartUser-0_com.android.server.wallpapereffectsgeneration.WallpaperEffectsGenerationManagerService took to complete: 0ms
01-07 03:34:17.576   929   929 D SystemServerTiming: ssm.onStartUser-0_com.android.server.audio.AudioService$Lifecycle
01-07 03:34:17.576   929   929 V SystemServerTiming: ssm.onStartUser-0_com.android.server.audio.AudioService$Lifecycle took to complete: 0ms
01-07 03:34:17.576   929   929 D SystemServerTiming: ssm.onStartUser-0_com.android.server.soundtrigger_middleware.SoundTriggerMiddlewareService$Lifecycle
01-07 03:34:17.576   929   929 V SystemServerTiming: ssm.onStartUser-0_com.android.server.soundtrigger_middleware.SoundTriggerMiddlewareService$Lifecycle took to complete: 0ms
01-07 03:34:17.576   929   929 D SystemServerTiming: ssm.onStartUser-0_com.android.server.DockObserver
01-07 03:34:17.576   929   929 V SystemServerTiming: ssm.onStartUser-0_com.android.server.DockObserver took to complete: 0ms
01-07 03:34:17.576   929   929 D SystemServerTiming: ssm.onStartUser-0_com.android.server.adb.AdbService$Lifecycle
01-07 03:34:17.576   929   929 V SystemServerTiming: ssm.onStartUser-0_com.android.server.adb.AdbService$Lifecycle took to complete: 0ms
01-07 03:34:17.576   929   929 D SystemServerTiming: ssm.onStartUser-0_com.android.server.usb.UsbService$Lifecycle
01-07 03:34:17.576   929   929 V SystemServerTiming: ssm.onStartUser-0_com.android.server.usb.UsbService$Lifecycle took to complete: 0ms
01-07 03:34:17.576   929   929 D SystemServerTiming: ssm.onStartUser-0_com.android.server.twilight.TwilightService
01-07 03:34:17.577   929   929 V SystemServerTiming: ssm.onStartUser-0_com.android.server.twilight.TwilightService took to complete: 0ms
01-07 03:34:17.577   929   929 D SystemServerTiming: ssm.onStartUser-0_com.android.server.display.color.ColorDisplayService
01-07 03:34:17.577   929   929 V SystemServerTiming: ssm.onStartUser-0_com.android.server.display.color.ColorDisplayService took to complete: 0ms
01-07 03:34:17.577   929   929 D SystemServerTiming: ssm.onStartUser-0_com.android.server.job.JobSchedulerService
01-07 03:34:17.577   929   929 V SystemServerTiming: ssm.onStartUser-0_com.android.server.job.JobSchedulerService took to complete: 0ms
01-07 03:34:17.578   929   929 D SystemServerTiming: ssm.onStartUser-0_com.android.server.soundtrigger.SoundTriggerService
01-07 03:34:17.578   929   929 V SystemServerTiming: ssm.onStartUser-0_com.android.server.soundtrigger.SoundTriggerService took to complete: 0ms
01-07 03:34:17.578   929   929 D SystemServerTiming: ssm.onStartUser-0_com.android.server.trust.TrustManagerService
01-07 03:34:17.578   929   929 V SystemServerTiming: ssm.onStartUser-0_com.android.server.trust.TrustManagerService took to complete: 0ms
01-07 03:34:17.578   929   929 D SystemServerTiming: ssm.onStartUser-0_com.android.server.backup.BackupManagerService$Lifecycle
01-07 03:34:17.578   929   929 V SystemServerTiming: ssm.onStartUser-0_com.android.server.backup.BackupManagerService$Lifecycle took to complete: 0ms
01-07 03:34:17.578   929   929 D SystemServerTiming: ssm.onStartUser-0_com.android.server.appwidget.AppWidgetService
01-07 03:34:17.578   929   929 V SystemServerTiming: ssm.onStartUser-0_com.android.server.appwidget.AppWidgetService took to complete: 0ms
01-07 03:34:17.578   929   929 D SystemServerTiming: ssm.onStartUser-0_com.android.server.voiceinteraction.VoiceInteractionManagerService
01-07 03:34:17.583   929   929 W VoiceInteractionManager: no available voice recognition services found for user 0
01-07 03:34:17.583   929   929 V SystemServerTiming: ssm.onStartUser-0_com.android.server.voiceinteraction.VoiceInteractionManagerService took to complete: 5ms
01-07 03:34:17.583   929   929 D SystemServerTiming: ssm.onStartUser-0_com.android.server.apphibernation.AppHibernationService
01-07 03:34:17.583   929   929 V SystemServerTiming: ssm.onStartUser-0_com.android.server.apphibernation.AppHibernationService took to complete: 0ms
01-07 03:34:17.583   929   929 D SystemServerTiming: ssm.onStartUser-0_com.android.server.GestureLauncherService
01-07 03:34:17.583   929   929 V SystemServerTiming: ssm.onStartUser-0_com.android.server.GestureLauncherService took to complete: 0ms
01-07 03:34:17.583   929   929 D SystemServerTiming: ssm.onStartUser-0_com.android.server.SensorNotificationService
01-07 03:34:17.584   929   929 V SystemServerTiming: ssm.onStartUser-0_com.android.server.SensorNotificationService took to complete: 0ms
01-07 03:34:17.584   929   929 D SystemServerTiming: ssm.onStartUser-0_com.android.server.emergency.EmergencyAffordanceService
01-07 03:34:17.584   929   929 V SystemServerTiming: ssm.onStartUser-0_com.android.server.emergency.EmergencyAffordanceService took to complete: 0ms
01-07 03:34:17.584   929   929 D SystemServerTiming: ssm.onStartUser-0_com.android.server.blob.BlobStoreManagerService
01-07 03:34:17.584   929   929 V SystemServerTiming: ssm.onStartUser-0_com.android.server.blob.BlobStoreManagerService took to complete: 0ms
01-07 03:34:17.584   929   929 D SystemServerTiming: ssm.onStartUser-0_com.android.server.dreams.DreamManagerService
01-07 03:34:17.584   929   929 V SystemServerTiming: ssm.onStartUser-0_com.android.server.dreams.DreamManagerService took to complete: 0ms
01-07 03:34:17.584   929   929 D SystemServerTiming: ssm.onStartUser-0_com.android.server.security.AttestationVerificationManagerService
01-07 03:34:17.584   929   929 V SystemServerTiming: ssm.onStartUser-0_com.android.server.security.AttestationVerificationManagerService took to complete: 0ms
01-07 03:34:17.584   929   929 D SystemServerTiming: ssm.onStartUser-0_com.android.server.restrictions.RestrictionsManagerService
01-07 03:34:17.584   929   929 V SystemServerTiming: ssm.onStartUser-0_com.android.server.restrictions.RestrictionsManagerService took to complete: 0ms
01-07 03:34:17.584   929   929 D SystemServerTiming: ssm.onStartUser-0_com.android.server.media.MediaSessionService
01-07 03:34:17.584   929   929 V SystemServerTiming: ssm.onStartUser-0_com.android.server.media.MediaSessionService took to complete: 0ms
01-07 03:34:17.584   929   929 D SystemServerTiming: ssm.onStartUser-0_com.android.server.hdmi.HdmiControlService
01-07 03:34:17.584   929   929 V SystemServerTiming: ssm.onStartUser-0_com.android.server.hdmi.HdmiControlService took to complete: 0ms
01-07 03:34:17.584   929   929 D SystemServerTiming: ssm.onStartUser-0_com.android.server.tv.interactive.TvInteractiveAppManagerService
01-07 03:34:17.584   929   929 V SystemServerTiming: ssm.onStartUser-0_com.android.server.tv.interactive.TvInteractiveAppManagerService took to complete: 0ms
01-07 03:34:17.584   929   929 D SystemServerTiming: ssm.onStartUser-0_com.android.server.tv.TvInputManagerService
01-07 03:34:17.584   929   929 V SystemServerTiming: ssm.onStartUser-0_com.android.server.tv.TvInputManagerService took to complete: 0ms
01-07 03:34:17.584   929   929 D SystemServerTiming: ssm.onStartUser-0_com.android.server.tv.TvRemoteService
01-07 03:34:17.584   929   929 V SystemServerTiming: ssm.onStartUser-0_com.android.server.tv.TvRemoteService took to complete: 0ms
01-07 03:34:17.584   929   929 D SystemServerTiming: ssm.onStartUser-0_com.android.server.biometrics.BiometricService
01-07 03:34:17.585   929   929 V SystemServerTiming: ssm.onStartUser-0_com.android.server.biometrics.BiometricService took to complete: 0ms
01-07 03:34:17.585   929   929 D SystemServerTiming: ssm.onStartUser-0_com.android.server.biometrics.AuthService
01-07 03:34:17.585   929   929 V SystemServerTiming: ssm.onStartUser-0_com.android.server.biometrics.AuthService took to complete: 0ms
01-07 03:34:17.585   929   929 D SystemServerTiming: ssm.onStartUser-0_com.android.server.pm.ShortcutService$Lifecycle
01-07 03:34:17.585   929   929 V SystemServerTiming: ssm.onStartUser-0_com.android.server.pm.ShortcutService$Lifecycle took to complete: 0ms
01-07 03:34:17.585   929   929 D SystemServerTiming: ssm.onStartUser-0_com.android.server.pm.LauncherAppsService
01-07 03:34:17.585   929   929 V SystemServerTiming: ssm.onStartUser-0_com.android.server.pm.LauncherAppsService took to complete: 0ms
01-07 03:34:17.585   929   929 D SystemServerTiming: ssm.onStartUser-0_com.android.server.pm.CrossProfileAppsService
01-07 03:34:17.585   929   929 V SystemServerTiming: ssm.onStartUser-0_com.android.server.pm.CrossProfileAppsService took to complete: 0ms
01-07 03:34:17.586   929   929 D SystemServerTiming: ssm.onStartUser-0_com.android.server.people.PeopleService
01-07 03:34:17.586   929   929 V SystemServerTiming: ssm.onStartUser-0_com.android.server.people.PeopleService took to complete: 0ms
01-07 03:34:17.586   929   929 D SystemServerTiming: ssm.onStartUser-0_com.android.server.media.metrics.MediaMetricsManagerService
01-07 03:34:17.586   929   929 V SystemServerTiming: ssm.onStartUser-0_com.android.server.media.metrics.MediaMetricsManagerService took to complete: 0ms
01-07 03:34:17.586   929   929 D SystemServerTiming: ssm.onStartUser-0_com.android.server.media.projection.MediaProjectionManagerService
01-07 03:34:17.586   929   929 V SystemServerTiming: ssm.onStartUser-0_com.android.server.media.projection.MediaProjectionManagerService took to complete: 0ms
01-07 03:34:17.586   929   929 D SystemServerTiming: ssm.onStartUser-0_com.android.server.slice.SliceManagerService$Lifecycle
01-07 03:34:17.586   929   929 V SystemServerTiming: ssm.onStartUser-0_com.android.server.slice.SliceManagerService$Lifecycle took to complete: 0ms
01-07 03:34:17.586   929   929 D SystemServerTiming: ssm.onStartUser-0_com.android.server.stats.StatsCompanion$Lifecycle
01-07 03:34:17.586   929   929 V SystemServerTiming: ssm.onStartUser-0_com.android.server.stats.StatsCompanion$Lifecycle took to complete: 0ms
01-07 03:34:17.586   929   929 D SystemServerTiming: ssm.onStartUser-0_com.android.server.scheduling.RebootReadinessManagerService$Lifecycle
01-07 03:34:17.586   929   929 V SystemServerTiming: ssm.onStartUser-0_com.android.server.scheduling.RebootReadinessManagerService$Lifecycle took to complete: 0ms
01-07 03:34:17.586   929   929 D SystemServerTiming: ssm.onStartUser-0_com.android.server.stats.pull.StatsPullAtomService
01-07 03:34:17.586   929   929 V SystemServerTiming: ssm.onStartUser-0_com.android.server.stats.pull.StatsPullAtomService took to complete: 0ms
01-07 03:34:17.586   929   929 D SystemServerTiming: ssm.onStartUser-0_com.android.server.stats.bootstrap.StatsBootstrapAtomService$Lifecycle
01-07 03:34:17.587   929   929 V SystemServerTiming: ssm.onStartUser-0_com.android.server.stats.bootstrap.StatsBootstrapAtomService$Lifecycle took to complete: 0ms
01-07 03:34:17.587   929   929 D SystemServerTiming: ssm.onStartUser-0_com.android.server.incident.IncidentCompanionService
01-07 03:34:17.587   929   929 V SystemServerTiming: ssm.onStartUser-0_com.android.server.incident.IncidentCompanionService took to complete: 0ms
01-07 03:34:17.587   929   929 D SystemServerTiming: ssm.onStartUser-0_com.android.server.sdksandbox.SdkSandboxManagerService$Lifecycle
01-07 03:34:17.587   929   929 V SystemServerTiming: ssm.onStartUser-0_com.android.server.sdksandbox.SdkSandboxManagerService$Lifecycle took to complete: 0ms
01-07 03:34:17.587   929   929 D SystemServerTiming: ssm.onStartUser-0_com.android.server.adservices.AdServicesManagerService$Lifecycle
01-07 03:34:17.587   929   929 V SystemServerTiming: ssm.onStartUser-0_com.android.server.adservices.AdServicesManagerService$Lifecycle took to complete: 0ms
01-07 03:34:17.587   929   929 D SystemServerTiming: ssm.onStartUser-0_com.android.server.autofill.AutofillManagerService
01-07 03:34:17.587   929   929 V SystemServerTiming: ssm.onStartUser-0_com.android.server.autofill.AutofillManagerService took to complete: 0ms
01-07 03:34:17.587   929   929 D SystemServerTiming: ssm.onStartUser-0_com.android.server.clipboard.ClipboardService
01-07 03:34:17.587   929   929 V SystemServerTiming: ssm.onStartUser-0_com.android.server.clipboard.ClipboardService took to complete: 0ms
01-07 03:34:17.587   929   929 D SystemServerTiming: ssm.onStartUser-0_com.android.server.appbinding.AppBindingService$Lifecycle
01-07 03:34:17.587   929   929 W AppBindingService: [Default SMS app] u0 Target package not found
01-07 03:34:17.587   929   929 V SystemServerTiming: ssm.onStartUser-0_com.android.server.appbinding.AppBindingService$Lifecycle took to complete: 0ms
01-07 03:34:17.587   929   929 D SystemServerTiming: ssm.onStartUser-0_com.android.server.tracing.TracingServiceProxy
01-07 03:34:17.587   929   929 V SystemServerTiming: ssm.onStartUser-0_com.android.server.tracing.TracingServiceProxy took to complete: 0ms
01-07 03:34:17.587   929   929 D SystemServerTiming: ssm.onStartUser-0_com.android.server.policy.PermissionPolicyService
01-07 03:34:17.587   929   929 V SystemServerTiming: ssm.onStartUser-0_com.android.server.policy.PermissionPolicyService took to complete: 1ms
01-07 03:34:17.587   929   929 D SystemServerTiming: ssm.onStartUser-0_com.android.server.pm.StagingManager$Lifecycle
01-07 03:34:17.587   929   929 V SystemServerTiming: ssm.onStartUser-0_com.android.server.pm.StagingManager$Lifecycle took to complete: 0ms
01-07 03:34:17.588   929   929 D SystemServerTiming: ssm.onStartUser-0_com.android.server.app.GameManagerService$Lifecycle
01-07 03:34:17.589   929   929 V GameManagerService: Settings file doesn't exists, skip reading
01-07 03:34:17.589   929   929 V SystemServerTiming: ssm.onStartUser-0_com.android.server.app.GameManagerService$Lifecycle took to complete: 1ms
01-07 03:34:17.589   929   929 D SystemServerTiming: ssm.onStartUser-0_com.android.safetycenter.SafetyCenterService
01-07 03:34:17.589   929   929 V SystemServerTiming: ssm.onStartUser-0_com.android.safetycenter.SafetyCenterService took to complete: 0ms
01-07 03:34:17.589   929   929 D SystemServerTiming: ssm.onStartUser-0_com.android.server.appsearch.AppSearchModule$Lifecycle
01-07 03:34:17.589   929   929 V SystemServerTiming: ssm.onStartUser-0_com.android.server.appsearch.AppSearchModule$Lifecycle took to complete: 0ms
01-07 03:34:17.589   929   929 D SystemServerTiming: ssm.onStartUser-0_com.android.server.media.MediaCommunicationService
01-07 03:34:17.589   929   929 V SystemServerTiming: ssm.onStartUser-0_com.android.server.media.MediaCommunicationService took to complete: 0ms
01-07 03:34:17.589   929   929 D SystemServerTiming: ssm.onStartUser-0_com.android.server.compat.overrides.AppCompatOverridesService$Lifecycle
01-07 03:34:17.589   929   929 V SystemServerTiming: ssm.onStartUser-0_com.android.server.compat.overrides.AppCompatOverridesService$Lifecycle took to complete: 0ms
01-07 03:34:17.589   929   929 V SystemServerTiming: ssm.StartUser-0 took to complete: 64ms
01-07 03:34:17.589   929   929 D SystemServerTiming: startPersistentApps
01-07 03:34:17.591   929   929 D CompatibilityChangeReporter: Compat change id reported: 135754954; UID 1000; state: ENABLED
01-07 03:34:17.592   929   929 D CompatibilityChangeReporter: Compat change id reported: 135634846; UID 1068; state: DISABLED
01-07 03:34:17.593   929   929 V SystemServerTiming: startPersistentApps took to complete: 4ms
01-07 03:34:17.593   929   929 D SystemServerTiming: startHomeOnAllDisplays
01-07 03:34:17.594   929   929 I ActivityTaskManager: START u0 {act=android.intent.action.MAIN cat=[android.intent.category.HOME] flg=0x10000100 cmp=com.android.tv.settings/.system.FallbackHome (has extras)} from uid 0
01-07 03:34:17.656   929  1210 W StorageManagerService: No primary storage defined yet; hacking together a stub
01-07 03:34:17.702   929   929 D CompatibilityChangeReporter: Compat change id reported: 174042980; UID 1000; state: DISABLED
01-07 03:34:17.703   929   929 D CompatibilityChangeReporter: Compat change id reported: 194480991; UID 1000; state: ENABLED
01-07 03:34:17.711   929   929 D CompatibilityChangeReporter: Compat change id reported: 197654537; UID 1000; state: ENABLED
01-07 03:34:17.715   929   929 V SystemServerTiming: startHomeOnAllDisplays took to complete: 122ms
01-07 03:34:17.715   929   929 D SystemServerTiming: showSystemReadyErrorDialogs
01-07 03:34:17.719   520   520 E android.hardware.wifi@1.0-service.droidlogic: driver not ok ,wait
01-07 03:34:17.751   929   966 D CountryDetector: Using custom country detector class: com.android.server.location.ComprehensiveCountryDetector
01-07 03:34:17.751   929   966 E CountryDetector: Could not instantiate the custom country detector class
01-07 03:34:17.751   929   966 D CountryDetector: Using default country detector
01-07 03:34:17.803   929   929 E Build   : Vendor interface is incompatible, error=1
01-07 03:34:17.803   929   929 E ActivityTaskManager: Build fingerprint is not consistent, warning user
01-07 03:34:17.803   929   929 V SystemServerTiming: showSystemReadyErrorDialogs took to complete: 89ms
01-07 03:34:17.803   929   929 D SystemServerTiming: sendUserStartBroadcast
01-07 03:34:17.804   929   929 V SystemServerTiming: sendUserStartBroadcast took to complete: 0ms
01-07 03:34:17.804   929   929 D SystemServerTiming: resumeTopActivities
01-07 03:34:17.804   929   929 V SystemServerTiming: resumeTopActivities took to complete: 0ms
01-07 03:34:17.804   929   929 D SystemServerTiming: sendUserSwitchBroadcasts
01-07 03:34:17.805   929   929 V SystemServerTiming: sendUserSwitchBroadcasts took to complete: 0ms
01-07 03:34:17.805   929   929 D SystemServerTiming: setBinderProxies
01-07 03:34:17.805   929   929 V SystemServerTiming: setBinderProxies took to complete: 0ms
01-07 03:34:17.805   929   929 V SystemServerTiming: ActivityManagerStartApps took to complete: 280ms
01-07 03:34:17.805   929   929 D SystemServerTiming: componentAlias
01-07 03:34:17.806   929   929 D ComponentAliasResolver: Compat listener set.
01-07 03:34:17.806   929   929 D CompatibilityChangeReporter: Compat change id reported: 196254758; UID 1000; state: DISABLED
01-07 03:34:17.806   929   929 V SystemServerTiming: componentAlias took to complete: 1ms
01-07 03:34:17.806   929   929 V SystemServerTiming: PhaseActivityManagerReady took to complete: 905ms
01-07 03:34:17.806   929   929 D SystemServerTiming: StartSystemUI
01-07 03:34:17.810  1223  1223 V WindowManagerShell: Adding init callback for DisplayChangeController
01-07 03:34:17.811  1223  1223 V WindowManagerShell: Adding init callback for DisplayController
01-07 03:34:17.812  1223  1223 V WindowManagerShell: Adding init callback for DisplayInsetsController
01-07 03:34:17.815  1223  1223 V WindowManagerShell: Adding init callback for DisplayImeController
01-07 03:34:17.816  1223  1223 V WindowManagerShell: Adding init callback for ShellController
01-07 03:34:17.820  1223  1223 V WindowManagerShell: Adding init callback for DragAndDropController
01-07 03:34:17.820   929   929 W ActivityManager: Unable to start service Intent { flg=0x100 cmp=com.android.systemui/.keyguard.KeyguardService } U=0: not found
01-07 03:34:17.820   929   929 V SystemServerTiming: StartSystemUI took to complete: 14ms
01-07 03:34:17.820   929   929 V SystemServerTiming: startOtherServices took to complete: 3349ms
01-07 03:34:17.820   929   929 D SystemServerTiming: startApexServices
01-07 03:34:17.820   929   929 D SystemServerTiming: starting com.android.server.scheduling.RebootReadinessManagerService$Lifecycle
01-07 03:34:17.820   929   929 I SystemServiceManager: Starting com.android.server.scheduling.RebootReadinessManagerService$Lifecycle
01-07 03:34:17.821   929   929 I SystemServiceManager: Not starting an already started service com.android.server.scheduling.RebootReadinessManagerService$Lifecycle
01-07 03:34:17.821   929   929 V SystemServerTiming: starting com.android.server.scheduling.RebootReadinessManagerService$Lifecycle took to complete: 1ms
01-07 03:34:17.821   929   929 V SystemServerTiming: startApexServices took to complete: 1ms
01-07 03:34:17.821   929   929 V SystemServerTiming: StartServices took to complete: 6215ms
01-07 03:34:17.823   929   929 W Looper  : Slow delivery took 5756ms main h=android.app.PropertyInvalidatedCache$AutoCorker$1 c=null m=0
01-07 03:34:17.823  1223  1223 V WindowManagerShell: Adding init callback for CompatUIController
01-07 03:34:17.826   929  1055 D CompatibilityChangeReporter: Compat change id reported: 218533173; UID 10044; state: DISABLED
01-07 03:34:17.828   929  1055 D CompatibilityChangeReporter: Compat change id reported: 218533173; UID 10041; state: ENABLED
01-07 03:34:17.829   929  1055 D CompatibilityChangeReporter: Compat change id reported: 218533173; UID 10086; state: DISABLED
01-07 03:34:17.831   929  1055 D CompatibilityChangeReporter: Compat change id reported: 218533173; UID 10083; state: ENABLED
01-07 03:34:17.833   929  1055 D CompatibilityChangeReporter: Compat change id reported: 218533173; UID 10089; state: ENABLED
01-07 03:34:17.834   929  1055 D CompatibilityChangeReporter: Compat change id reported: 218533173; UID 10021; state: ENABLED
01-07 03:34:17.835   929  1055 D CompatibilityChangeReporter: Compat change id reported: 218533173; UID 10018; state: ENABLED
01-07 03:34:17.835   929  1055 D CompatibilityChangeReporter: Compat change id reported: 218533173; UID 10002; state: ENABLED
01-07 03:34:17.836   929  1055 D CompatibilityChangeReporter: Compat change id reported: 218533173; UID 10047; state: ENABLED
01-07 03:34:17.836   929  1055 D CompatibilityChangeReporter: Compat change id reported: 218533173; UID 10026; state: ENABLED
01-07 03:34:17.837   929  1055 D CompatibilityChangeReporter: Compat change id reported: 218533173; UID 10033; state: ENABLED
01-07 03:34:17.838   929  1055 D CompatibilityChangeReporter: Compat change id reported: 218533173; UID 10038; state: ENABLED
01-07 03:34:17.839   929  1055 D CompatibilityChangeReporter: Compat change id reported: 218533173; UID 10028; state: ENABLED
01-07 03:34:17.840   929  1055 D CompatibilityChangeReporter: Compat change id reported: 218533173; UID 10074; state: ENABLED
01-07 03:34:17.842   929   929 D ConditionProviders.SCP: onConnected
01-07 03:34:17.842   929  1055 D CompatibilityChangeReporter: Compat change id reported: 218533173; UID 10062; state: ENABLED
01-07 03:34:17.843   929  1055 D CompatibilityChangeReporter: Compat change id reported: 218533173; UID 10045; state: DISABLED
01-07 03:34:17.844   929   929 D ConditionProviders: Subscribing to condition://android/event?userId=-10000&calendar=&reply=1 with ComponentInfo{android/com.android.server.notification.EventConditionProvider}
01-07 03:34:17.844   929  1055 D CompatibilityChangeReporter: Compat change id reported: 218533173; UID 10052; state: ENABLED
01-07 03:34:17.844   929   929 D ConditionProviders: Subscribing to condition://android/schedule?days=1.2.3.4.5.6.7&start=22.0&end=7.0&exitAtAlarm=true with ComponentInfo{android/com.android.server.notification.ScheduleConditionProvider}
01-07 03:34:17.845   929  1055 D CompatibilityChangeReporter: Compat change id reported: 218533173; UID 10071; state: ENABLED
01-07 03:34:17.845   929   929 I HdmiControlService: checkAndUpdateAbsoluteVolumeControlState() AudioDeviceAttributes: role:output type:hdmi addr: name: profiles:[] descriptors:[]Not in AVC_AUDIO_OUTPUT_DEVICES
01-07 03:34:17.845  1223  1223 V WindowManagerShell: Adding init callback for ShellTaskOrganizer
01-07 03:34:17.846   929  1055 D CompatibilityChangeReporter: Compat change id reported: 218533173; UID 10042; state: DISABLED
01-07 03:34:17.847   929  1055 D CompatibilityChangeReporter: Compat change id reported: 218533173; UID 10010; state: ENABLED
01-07 03:34:17.848   929  1055 D CompatibilityChangeReporter: Compat change id reported: 218533173; UID 10079; state: DISABLED
01-07 03:34:17.848   929   929 D HDMI    : onInitializeCecComplete 1
01-07 03:34:17.849   929  1055 D CompatibilityChangeReporter: Compat change id reported: 218533173; UID 10035; state: ENABLED
01-07 03:34:17.850   929   929 D HDMI    : onInitializeCecComplete for playback with scene:1
01-07 03:34:17.850   929   929 D HDMI    : Boot queryDisplayStatus
01-07 03:34:17.851   929  1055 D CompatibilityChangeReporter: Compat change id reported: 218533173; UID 10081; state: ENABLED
01-07 03:34:17.851   929   929 D HdmiControlService: Local device is under address allocation. Queue display callback for later process.
01-07 03:34:17.852   929  1055 D CompatibilityChangeReporter: Compat change id reported: 218533173; UID 10034; state: ENABLED
01-07 03:34:17.852   929   929 D HDMI    : onAddressAllocated address:3 reason:1
01-07 03:34:17.853   929  1055 D CompatibilityChangeReporter: Compat change id reported: 218533173; UID 10048; state: ENABLED
01-07 03:34:17.854   929  1055 D CompatibilityChangeReporter: Compat change id reported: 218533173; UID 10055; state: DISABLED
01-07 03:34:17.855   929  1055 D CompatibilityChangeReporter: Compat change id reported: 218533173; UID 10037; state: ENABLED
01-07 03:34:17.856   929  1210 D CompatibilityChangeReporter: Compat change id reported: 161145287; UID 10070; state: DISABLED
01-07 03:34:17.856   929  1055 D CompatibilityChangeReporter: Compat change id reported: 218533173; UID 10067; state: ENABLED
01-07 03:34:17.857   929  1055 D CompatibilityChangeReporter: Compat change id reported: 218533173; UID 10077; state: ENABLED
01-07 03:34:17.858   929   929 D HDMI    : Launch discovery from playback
01-07 03:34:17.858   929  1055 D CompatibilityChangeReporter: Compat change id reported: 218533173; UID 10068; state: DISABLED
01-07 03:34:17.859   929   929 D HDMI    : DeviceDiscoveryAction start com.android.server.hdmi.DeviceDiscoveryAction@bee8e0e
01-07 03:34:17.859   929  1055 D CompatibilityChangeReporter: Compat change id reported: 218533173; UID 10023; state: ENABLED
01-07 03:34:17.860   929  1055 D CompatibilityChangeReporter: Compat change id reported: 218533173; UID 10040; state: DISABLED
01-07 03:34:17.860   929  1055 D CompatibilityChangeReporter: Compat change id reported: 218533173; UID 10024; state: DISABLED
01-07 03:34:17.860   929  1055 D CompatibilityChangeReporter: Compat change id reported: 218533173; UID 10051; state: ENABLED
01-07 03:34:17.861   929  1055 D CompatibilityChangeReporter: Compat change id reported: 218533173; UID 10050; state: ENABLED
01-07 03:34:17.861   929  1055 D CompatibilityChangeReporter: Compat change id reported: 218533173; UID 10011; state: ENABLED
01-07 03:34:17.862   929  1055 D CompatibilityChangeReporter: Compat change id reported: 218533173; UID 10027; state: ENABLED
01-07 03:34:17.864   929  1055 D CompatibilityChangeReporter: Compat change id reported: 218533173; UID 10031; state: ENABLED
01-07 03:34:17.865   929  1055 D CompatibilityChangeReporter: Compat change id reported: 218533173; UID 10056; state: ENABLED
01-07 03:34:17.865   929  1055 D CompatibilityChangeReporter: Compat change id reported: 218533173; UID 10088; state: ENABLED
01-07 03:34:17.866   929  1055 D CompatibilityChangeReporter: Compat change id reported: 218533173; UID 10016; state: ENABLED
