01-06 09:52:16.178   935   935 I ActivityTaskManager: Config changes=20005df8 {1.0 ?mcc?mnc [en_US] ldltr sw540dp w960dp h540dp 320dpi lrg long land ?uimode ?night -touch -keyb/v/h dpad/v winConfig={ mBounds=Rect(0, 0 - 1920, 1080) mAppBounds=Rect(0, 0 - 1920, 1080) mMaxBounds=Rect(0, 0 - 1920, 1080) mDisplayRotation=ROTATION_0 mWindowingMode=fullscreen mDisplayWindowingMode=fullscreen mActivityType=undefined mAlwaysOnTop=undefined mRotation=ROTATION_0} s.2 ?fontWeightAdjustment}
01-06 09:52:16.180   935   935 I WindowManager: Override config changes=60007dfc {1.0 ?mcc?mnc [en_US] ldltr sw540dp w960dp h540dp 320dpi lrg long land ?uimode ?night -touch -keyb/v/h dpad/v winConfig={ mBounds=Rect(0, 0 - 1920, 1080) mAppBounds=Rect(0, 0 - 1920, 1080) mMaxBounds=Rect(0, 0 - 1920, 1080) mDisplayRotation=ROTATION_0 mWindowingMode=fullscreen mDisplayWindowingMode=fullscreen mActivityType=undefined mAlwaysOnTop=undefined mRotation=ROTATION_0} s.2 ?fontWeightAdjustment} for displayId=0
01-06 09:52:16.191   935   935 V SystemServerTiming: MakeDisplayReady took to complete: 16ms
01-06 09:52:16.192   935   935 D SystemServerTiming: StartStorageManagerService
01-06 09:52:16.192   935   935 I SystemServiceManager: Starting com.android.server.StorageManagerService$Lifecycle
01-06 09:52:16.201   935  1106 D StorageManagerService: Thinking about init, mBootCompleted=false, mDaemonConnected=true
01-06 09:52:16.201   935  1106 D StorageManagerService: Thinking about reset, mBootCompleted=false, mDaemonConnected=true
01-06 09:52:16.202   935  1106 D StorageManagerService: Thinking about init, mBootCompleted=false, mDaemonConnected=true
01-06 09:52:16.202   935  1106 D StorageManagerService: Thinking about reset, mBootCompleted=false, mDaemonConnected=true
01-06 09:52:16.202   935   935 V SystemServerTiming: StartStorageManagerService took to complete: 10ms
01-06 09:52:16.202   935   935 D SystemServerTiming: StartStorageStatsService
01-06 09:52:16.202   935   935 I SystemServiceManager: Starting com.android.server.usage.StorageStatsService$Lifecycle
01-06 09:52:16.212   935   935 V SystemServerTiming: StartStorageStatsService took to complete: 10ms
01-06 09:52:16.212   935   935 D SystemServerTiming: StartUiModeManager
01-06 09:52:16.212   935   935 I SystemServiceManager: Starting com.android.server.UiModeManagerService
01-06 09:52:16.213   935  1110 D SystemServerTimingAsync: InitThreadPoolExec:UiModeManager.onStart
01-06 09:52:16.213   935  1110 D SystemServerInitThreadPool: Started executing UiModeManager.onStart
01-06 09:52:16.214   935   935 V SystemServerTiming: StartUiModeManager took to complete: 2ms
01-06 09:52:16.214   935   935 D SystemServerTiming: StartLocaleManagerService
01-06 09:52:16.214   935   935 I SystemServiceManager: Starting com.android.server.locales.LocaleManagerService
01-06 09:52:16.220   935   935 V SystemServerTiming: StartLocaleManagerService took to complete: 6ms
01-06 09:52:16.220   935   935 D SystemServerTiming: UpdatePackagesIfNeeded
01-06 09:52:16.220   935   935 I Watchdog: Pausing HandlerChecker: main thread for reason: dexopt. Pause count: 1
01-06 09:52:16.221   935   935 I Watchdog: Resuming HandlerChecker: main thread for reason: dexopt. Pause count: 0
01-06 09:52:16.221   935   935 V SystemServerTiming: UpdatePackagesIfNeeded took to complete: 1ms
01-06 09:52:16.221   935   935 D SystemServerTiming: PerformFstrimIfNeeded
01-06 09:52:16.222   935   935 V SystemServerTiming: PerformFstrimIfNeeded took to complete: 1ms
01-06 09:52:16.222   935   935 D SystemServerTiming: StartLockSettingsService
01-06 09:52:16.222   935   935 I SystemServiceManager: Starting com.android.server.locksettings.LockSettingsService$Lifecycle
01-06 09:52:16.228   935  1110 D SystemServerInitThreadPool: Finished executing UiModeManager.onStart
01-06 09:52:16.228   935  1110 V SystemServerTimingAsync: InitThreadPoolExec:UiModeManager.onStart took to complete: 15ms
01-06 09:52:16.234   935  1043 V SystemServerTimingAsync: AppDataPrepare took to complete: 332ms
01-06 09:52:16.234   935  1043 I PackageManager: Deferred reconcileAppsData finished 116 packages
01-06 09:52:16.234   935  1043 D SystemServerInitThreadPool: Finished executing prepareAppData
01-06 09:52:16.234   935  1043 V SystemServerTimingAsync: InitThreadPoolExec:prepareAppData took to complete: 560ms
01-06 09:52:16.240   935   935 V SystemServerTiming: StartLockSettingsService took to complete: 17ms
01-06 09:52:16.240   935   935 D SystemServerTiming: StartPersistentDataBlock
01-06 09:52:16.240   935   935 I SystemServiceManager: Starting com.android.server.PersistentDataBlockService
01-06 09:52:16.240   935   935 V SystemServerTiming: StartPersistentDataBlock took to complete: 0ms
01-06 09:52:16.240   935   935 D SystemServerTiming: StartTestHarnessMode
01-06 09:52:16.240   935   935 I SystemServiceManager: Starting com.android.server.testharness.TestHarnessModeService
01-06 09:52:16.240   935  1116 D SystemServerTimingAsync: InitThreadPoolExec:PersistentDataBlockService.onStart
01-06 09:52:16.240   935  1116 D SystemServerInitThreadPool: Started executing PersistentDataBlockService.onStart
01-06 09:52:16.241   935   935 V SystemServerTiming: StartTestHarnessMode took to complete: 1ms
01-06 09:52:16.241   935   935 D SystemServerTiming: StartOemLockService
01-06 09:52:16.241   935   935 I SystemServiceManager: Starting com.android.server.oemlock.OemLockService
01-06 09:52:16.244   935   935 I OemLock : Using vendor lock via the HAL
01-06 09:52:16.244   935   935 V SystemServerTiming: StartOemLockService took to complete: 3ms
01-06 09:52:16.245   935   935 D SystemServerTiming: StartDeviceIdleController
01-06 09:52:16.245   935   935 I SystemServiceManager: Starting com.android.server.DeviceIdleController
01-06 09:52:16.249   935   935 V SystemServerTiming: StartDeviceIdleController took to complete: 4ms
01-06 09:52:16.250   935   935 D SystemServerTiming: StartDevicePolicyManager
01-06 09:52:16.250   935   935 I SystemServiceManager: Starting com.android.server.devicepolicy.DevicePolicyManagerService$Lifecycle
01-06 09:52:16.257   935   935 V SystemServerTiming: StartDevicePolicyManager took to complete: 7ms
01-06 09:52:16.257   935   935 D SystemServerTiming: StartStatusBarManagerService
01-06 09:52:16.258   935   935 V SystemServerTiming: StartStatusBarManagerService took to complete: 1ms
01-06 09:52:16.259   935   935 D SystemServer: MusicRecognitionManagerService not defined by OEM or disabled by flag
01-06 09:52:16.259   935   935 D SystemServer: ContentCaptureService disabled because resource is not overlaid
01-06 09:52:16.259   935   935 D SystemServer: AttentionService is not configured on this device
01-06 09:52:16.259   935   935 D SystemServer: RotationResolverService is not configured on this device
01-06 09:52:16.259   935   935 D SystemServer: SystemCaptionsManagerService disabled because resource is not overlaid
01-06 09:52:16.259   935   935 D SystemServerTiming: StartTextToSpeechManagerService
01-06 09:52:16.259   935   935 I SystemServiceManager: Starting com.android.server.texttospeech.TextToSpeechManagerService
01-06 09:52:16.261   935   935 V SystemServerTiming: StartTextToSpeechManagerService took to complete: 2ms
01-06 09:52:16.261   935   935 D SystemServerTiming: StartAmbientContextService
01-06 09:52:16.261   935   935 I SystemServiceManager: Starting com.android.server.ambientcontext.AmbientContextManagerService
01-06 09:52:16.263   935   935 V SystemServerTiming: StartAmbientContextService took to complete: 2ms
01-06 09:52:16.263   935   935 D SystemServerTiming: StartSpeechRecognitionManagerService
01-06 09:52:16.265   935   935 I SystemServiceManager: Starting com.android.server.speech.SpeechRecognitionManagerService
01-06 09:52:16.267   935   935 V SystemServerTiming: StartSpeechRecognitionManagerService took to complete: 4ms
01-06 09:52:16.267   935   935 D SystemServer: AppPredictionService not defined by OEM
01-06 09:52:16.268   935   935 D SystemServer: ContentSuggestionsService not defined by OEM
01-06 09:52:16.268   935   935 D SystemServerTiming: StartSearchUiService
01-06 09:52:16.268   935   935 I SystemServiceManager: Starting com.android.server.searchui.SearchUiManagerService
01-06 09:52:16.270   935   935 V SystemServerTiming: StartSearchUiService took to complete: 2ms
01-06 09:52:16.270   935   935 D SystemServerTiming: StartSmartspaceService
01-06 09:52:16.270   935   935 I SystemServiceManager: Starting com.android.server.smartspace.SmartspaceManagerService
01-06 09:52:16.271   935   935 V SystemServerTiming: StartSmartspaceService took to complete: 1ms
01-06 09:52:16.271   935   935 D SystemServerTiming: InitConnectivityModuleConnector
01-06 09:52:16.271   935   935 D ConnectivityModuleConnector: Network stack init
01-06 09:52:16.273   935   935 V SystemServerTiming: InitConnectivityModuleConnector took to complete: 2ms
01-06 09:52:16.273   935   935 D SystemServerTiming: InitNetworkStackClient
01-06 09:52:16.273   935   935 V SystemServerTiming: InitNetworkStackClient took to complete: 0ms
01-06 09:52:16.273   935   935 D SystemServerTiming: StartNetworkManagementService
01-06 09:52:16.275   935   935 V SystemServerTiming: StartNetworkManagementService took to complete: 2ms
01-06 09:52:16.275   935   935 D SystemServerTiming: StartFontManagerService
01-06 09:52:16.277   935  1116 D SystemServerInitThreadPool: Finished executing PersistentDataBlockService.onStart
01-06 09:52:16.277   935  1116 V SystemServerTimingAsync: InitThreadPoolExec:PersistentDataBlockService.onStart took to complete: 37ms
01-06 09:52:16.449   935   935 V SystemServerTiming: StartFontManagerService took to complete: 174ms
01-06 09:52:16.449   935   935 D SystemServerTiming: StartTextServicesManager
01-06 09:52:16.449   935   935 I SystemServiceManager: Starting com.android.server.textservices.TextServicesManagerService$Lifecycle
01-06 09:52:16.451   935   935 V SystemServerTiming: StartTextServicesManager took to complete: 2ms
01-06 09:52:16.451   935   935 D SystemServerTiming: StartTextClassificationManagerService
01-06 09:52:16.451   935   935 I SystemServiceManager: Starting com.android.server.textclassifier.TextClassificationManagerService$Lifecycle
01-06 09:52:16.453   935   935 V SystemServerTiming: StartTextClassificationManagerService took to complete: 2ms
01-06 09:52:16.453   935   935 D SystemServerTiming: StartNetworkScoreService
01-06 09:52:16.453   935   935 I SystemServiceManager: Starting com.android.server.NetworkScoreService$Lifecycle
01-06 09:52:16.455   935   935 V SystemServerTiming: StartNetworkScoreService took to complete: 2ms
01-06 09:52:16.455   935   935 D SystemServerTiming: StartNetworkStatsService
01-06 09:52:16.492   935   935 I SystemServiceManager: Starting com.android.server.NetworkStatsServiceInitializer
01-06 09:52:16.545   935   935 V SystemServerTiming: StartNetworkStatsService took to complete: 90ms
01-06 09:52:16.546   935   935 D SystemServerTiming: StartNetworkPolicyManagerService
01-06 09:52:16.549   935   935 V SystemServerTiming: StartNetworkPolicyManagerService took to complete: 3ms
01-06 09:52:16.550   935   935 D SystemServerTiming: StartWifi
01-06 09:52:16.585   935   935 I SystemServiceManager: Starting com.android.server.wifi.WifiService
01-06 09:52:16.712   606   606 I wificond: New wificond event callback registered
01-06 09:52:16.722   935   935 V HistoricalRegistry: Interaction before persistence initialized
01-06 09:52:16.726   935   935 V SystemServerTiming: StartWifi took to complete: 176ms
01-06 09:52:16.727   935   935 D SystemServerTiming: StartWifiScanning
01-06 09:52:16.727   935   935 I SystemServiceManager: Starting com.android.server.wifi.scanner.WifiScanningService
01-06 09:52:16.732   935   935 V SystemServerTiming: StartWifiScanning took to complete: 5ms
01-06 09:52:16.732   935   935 D SystemServerTiming: StartWifiP2P
01-06 09:52:16.732   935   935 I SystemServiceManager: Starting com.android.server.wifi.p2p.WifiP2pService
01-06 09:52:16.743   935   935 V SystemServerTiming: StartWifiP2P took to complete: 11ms
01-06 09:52:16.743   935   935 D SystemServerTiming: StartPacProxyService
01-06 09:52:16.746   935   935 V SystemServerTiming: StartPacProxyService took to complete: 3ms
01-06 09:52:16.746   935   935 D SystemServerTiming: StartConnectivityService
01-06 09:52:16.746   935   935 I SystemServiceManager: Starting com.android.server.ConnectivityServiceInitializer
01-06 09:52:16.794   935   935 D CompatibilityChangeReporter: Compat change id reported: 182478738; UID 1000; state: ENABLED
01-06 09:52:16.829   935   935 V SystemServerTiming: StartConnectivityService took to complete: 83ms
01-06 09:52:16.829   935   935 D SystemServerTiming: StartVpnManagerService
01-06 09:52:16.832   935   935 V SystemServerTiming: StartVpnManagerService took to complete: 3ms
01-06 09:52:16.832   935   935 D SystemServerTiming: StartVcnManagementService
01-06 09:52:16.837   935   935 V SystemServerTiming: StartVcnManagementService took to complete: 4ms
01-06 09:52:16.837   935   935 D SystemServerTiming: StartSystemUpdateManagerService
01-06 09:52:16.837   935   935 I SystemUpdateManagerService: No existing info file /data/system/system-update-info.xml
01-06 09:52:16.838   935   935 V SystemServerTiming: StartSystemUpdateManagerService took to complete: 1ms
01-06 09:52:16.838   935   935 D SystemServerTiming: StartUpdateLockService
01-06 09:52:16.839   935   935 V SystemServerTiming: StartUpdateLockService took to complete: 1ms
01-06 09:52:16.839   935   935 D SystemServerTiming: StartNotificationManager
01-06 09:52:16.839   935   935 I SystemServiceManager: Starting com.android.server.notification.NotificationManagerService
01-06 09:52:16.848   935   935 D ConditionProviders.SCP: new ScheduleConditionProvider()
01-06 09:52:16.872   935   935 I NotificationAssistants: Read notification assistant permissions from xml
01-06 09:52:16.873   935   935 I ConditionProviders: Read condition provider permissions from xml
01-06 09:52:16.873   935   935 I ConditionProviders: Read condition provider permissions from xml
01-06 09:52:16.873   935   935 D NotificationAssistants: Approving default notification assistant for user 0
01-06 09:52:16.873   935   935 I ConditionProviders:  Allowing condition provider android.ext.services/android.ext.services.notification.Assistant (userSet: true)
01-06 09:52:16.881   935   935 V SystemServerTiming: StartNotificationManager took to complete: 42ms
01-06 09:52:16.881   935   935 D SystemServerTiming: StartDeviceMonitor
01-06 09:52:16.881   935   935 I SystemServiceManager: Starting com.android.server.storage.DeviceStorageMonitorService
01-06 09:52:16.883   935   935 V SystemServerTiming: StartDeviceMonitor took to complete: 2ms
01-06 09:52:16.883   935   935 D SystemServerTiming: StartLocationManagerService
01-06 09:52:16.883   935   935 I SystemServiceManager: Starting com.android.server.location.LocationManagerService$Lifecycle
01-06 09:52:16.890   935   935 V SystemServerTiming: StartLocationManagerService took to complete: 7ms
01-06 09:52:16.890   935   935 D SystemServerTiming: StartCountryDetectorService
01-06 09:52:16.891   935   935 V SystemServerTiming: StartCountryDetectorService took to complete: 1ms
01-06 09:52:16.891   935   935 D SystemServerTiming: StartTimeDetectorService
01-06 09:52:16.891   935   935 I SystemServiceManager: Starting com.android.server.timedetector.TimeDetectorService$Lifecycle
01-06 09:52:16.892   935   935 V SystemServerTiming: StartTimeDetectorService took to complete: 1ms
01-06 09:52:16.892   935   935 D SystemServerTiming: StartTimeZoneDetectorService
01-06 09:52:16.892   935   935 I SystemServiceManager: Starting com.android.server.timezonedetector.TimeZoneDetectorService$Lifecycle
01-06 09:52:16.896   935   935 V SystemServerTiming: StartTimeZoneDetectorService took to complete: 4ms
01-06 09:52:16.896   935   935 D SystemServerTiming: StartLocationTimeZoneManagerService
01-06 09:52:16.896   935   935 I SystemServiceManager: Starting com.android.server.timezonedetector.location.LocationTimeZoneManagerService$Lifecycle
01-06 09:52:16.896   935   935 D LocationTZDetector: Geo time zone detection feature is disabled in config
01-06 09:52:16.896   935   935 V SystemServerTiming: StartLocationTimeZoneManagerService took to complete: 0ms
01-06 09:52:16.896   935   935 D SystemServerTiming: StartSearchManagerService
01-06 09:52:16.896   935   935 I SystemServiceManager: Starting com.android.server.search.SearchManagerService$Lifecycle
01-06 09:52:16.897   935   935 V SystemServerTiming: StartSearchManagerService took to complete: 1ms
01-06 09:52:16.897   935   935 D SystemServerTiming: StartWallpaperManagerService
01-06 09:52:16.897   935   935 I SystemServiceManager: Starting com.android.server.wallpaper.WallpaperManagerService$Lifecycle
01-06 09:52:16.898   935   935 V SystemServerTiming: StartWallpaperManagerService took to complete: 1ms
01-06 09:52:16.898   935   935 D SystemServerTiming: StartWallpaperEffectsGenerationService
01-06 09:52:16.898   935   935 I SystemServiceManager: Starting com.android.server.wallpapereffectsgeneration.WallpaperEffectsGenerationManagerService
01-06 09:52:16.902   935   935 V SystemServerTiming: StartWallpaperEffectsGenerationService took to complete: 4ms
01-06 09:52:16.902   935   935 D SystemServerTiming: StartAudioService
01-06 09:52:16.902   935   935 I SystemServiceManager: Starting com.android.server.audio.AudioService$Lifecycle
01-06 09:52:16.950   935   935 V SystemServerTiming: StartAudioService took to complete: 48ms
01-06 09:52:16.950   935   935 D SystemServerTiming: StartSoundTriggerMiddlewareService
01-06 09:52:16.950   935   935 I SystemServiceManager: Starting com.android.server.soundtrigger_middleware.SoundTriggerMiddlewareService$Lifecycle
01-06 09:52:16.957   935   935 V SystemServerTiming: StartSoundTriggerMiddlewareService took to complete: 7ms
01-06 09:52:16.957   935   935 D SystemServerTiming: StartDockObserver
01-06 09:52:16.957   935   935 I SystemServiceManager: Starting com.android.server.DockObserver
01-06 09:52:16.957   935   935 I DockObserver: No extcon dock device found in this kernel.
01-06 09:52:16.958   935   935 V SystemServerTiming: StartDockObserver took to complete: 1ms
01-06 09:52:16.958   935   935 D SystemServerTiming: StartWiredAccessoryManager
01-06 09:52:16.959   935   935 W WiredAccessoryManager: This kernel does not have wired headset support
01-06 09:52:16.959   935   935 W WiredAccessoryManager: This kernel does not have usb audio support
01-06 09:52:16.959   935   935 W WiredAccessoryManager: This kernel does not have HDMI audio support
01-06 09:52:16.959   935   935 V SystemServerTiming: StartWiredAccessoryManager took to complete: 1ms
01-06 09:52:16.959   935   935 D SystemServerTiming: StartAdbService
01-06 09:52:16.959   935   935 I SystemServiceManager: Starting com.android.server.adb.AdbService$Lifecycle
01-06 09:52:16.960   935   935 V SystemServerTiming: StartAdbService took to complete: 1ms
01-06 09:52:16.961   935   935 D SystemServerTiming: StartUsbService
01-06 09:52:16.961   935   935 I SystemServiceManager: Starting com.android.server.usb.UsbService$Lifecycle
01-06 09:52:16.961   935   935 V SystemServerTiming: StartUsbService took to complete: 0ms
01-06 09:52:16.961   935   966 D SystemServerTimingAsync: InitThreadPoolExec:UsbService$Lifecycle#onStart
01-06 09:52:16.961   935   966 D SystemServerInitThreadPool: Started executing UsbService$Lifecycle#onStart
01-06 09:52:16.961   935   935 D SystemServerTiming: StartSerialService
01-06 09:52:16.962   935   935 V SystemServerTiming: StartSerialService took to complete: 1ms
01-06 09:52:16.962   935   935 D SystemServerTiming: StartHardwarePropertiesManagerService
01-06 09:52:16.962   935   966 I UsbDeviceManager: failed to write to /sys/class/android_usb/android0/f_rndis/ethaddr
01-06 09:52:16.964   935   935 V SystemServerTiming: StartHardwarePropertiesManagerService took to complete: 2ms
01-06 09:52:16.964   935   935 D SystemServerTiming: StartTwilightService
01-06 09:52:16.964   935   935 I SystemServiceManager: Starting com.android.server.twilight.TwilightService
01-06 09:52:16.965   935   935 V SystemServerTiming: StartTwilightService took to complete: 1ms
01-06 09:52:16.965   935   935 D SystemServerTiming: StartColorDisplay
01-06 09:52:16.965   935   935 I SystemServiceManager: Starting com.android.server.display.color.ColorDisplayService
01-06 09:52:16.967   935   935 V SystemServerTiming: StartColorDisplay took to complete: 2ms
01-06 09:52:16.967   935   935 D SystemServerTiming: StartJobScheduler
01-06 09:52:16.967   935   935 I SystemServiceManager: Starting com.android.server.job.JobSchedulerService
01-06 09:52:16.970     0     0 I         : [6 T966   ..] read descriptors
01-06 09:52:16.970     0     0 I         : [6 T966   ..] read strings
01-06 09:52:16.970     0     0 I         : [6 T966   ..] read descriptors
01-06 09:52:16.970     0     0 I         : [6 T966   ..] read strings
01-06 09:52:16.968   935   966 W StorageManagerService: No primary storage defined yet; hacking together a stub
01-06 09:52:16.972   935  1049 I UsbDeviceManager: Usb gadget hal service started android.hardware.usb.gadget@1.0::IUsbGadget default
01-06 09:52:16.975   935   935 D JobStore: Start tag: job-info
01-06 09:52:16.976   935   966 D UsbPortManager: Querying USB HAL version
01-06 09:52:16.977   935   959 I UsbDeviceManager: processing MSG_GET_CURRENT_USB_FUNCTIONS
01-06 09:52:16.978   935   959 I UsbDeviceManager: updating mCurrentFunctions
01-06 09:52:16.978   935   959 I UsbDeviceManager: mCurrentFunctions:0applied:1
01-06 09:52:16.978   935   935 I JobStore: Read 4 jobs
01-06 09:52:16.980   935   966 I UsbPortManager: USB HAL HIDL present
01-06 09:52:16.984   935  1180 I UsbPortManager: Usb hal service started android.hardware.usb@1.0::IUsb default
01-06 09:52:16.984   935   935 V HistoricalRegistry: Interaction before persistence initialized
01-06 09:52:16.984   935   935 V HistoricalRegistry: Interaction before persistence initialized
01-06 09:52:16.985   935   966 D UsbPortManager: getInstance done
01-06 09:52:16.985   935   935 V SystemServerTiming: StartJobScheduler took to complete: 18ms
01-06 09:52:16.985   935   935 D SystemServerTiming: StartSoundTrigger
01-06 09:52:16.986   935   935 I SystemServiceManager: Starting com.android.server.soundtrigger.SoundTriggerService
01-06 09:52:16.986   935   935 V SystemServerTiming: StartSoundTrigger took to complete: 1ms
01-06 09:52:16.987   935   935 D SystemServerTiming: StartTrustManager
01-06 09:52:16.987   935   935 I SystemServiceManager: Starting com.android.server.trust.TrustManagerService
01-06 09:52:16.988   935   966 D SystemServerInitThreadPool: Finished executing UsbService$Lifecycle#onStart
01-06 09:52:16.988   935   966 V SystemServerTimingAsync: InitThreadPoolExec:UsbService$Lifecycle#onStart took to complete: 27ms
01-06 09:52:16.988   935   935 V SystemServerTiming: StartTrustManager took to complete: 2ms
01-06 09:52:16.988   935   935 D SystemServerTiming: StartBackupManager
01-06 09:52:16.988   935   935 I SystemServiceManager: Starting com.android.server.backup.BackupManagerService$Lifecycle
01-06 09:52:16.991   935   935 V SystemServerTiming: StartBackupManager took to complete: 3ms
01-06 09:52:16.992   935   935 D SystemServerTiming: StartAppWidgetService
01-06 09:52:16.992   935   935 I SystemServiceManager: Starting com.android.server.appwidget.AppWidgetService
01-06 09:52:16.994   935   935 V SystemServerTiming: StartAppWidgetService took to complete: 3ms
01-06 09:52:16.994   935   935 D SystemServerTiming: StartVoiceRecognitionManager
01-06 09:52:16.994   935   935 I SystemServiceManager: Starting com.android.server.voiceinteraction.VoiceInteractionManagerService
01-06 09:52:17.012   935   935 V SystemServerTiming: StartVoiceRecognitionManager took to complete: 18ms
01-06 09:52:17.013   935   935 D SystemServerTiming: StartAppHibernationService
01-06 09:52:17.013   935   935 I SystemServiceManager: Starting com.android.server.apphibernation.AppHibernationService
01-06 09:52:17.015   935   935 V SystemServerTiming: StartAppHibernationService took to complete: 2ms
01-06 09:52:17.015   935   935 D SystemServerTiming: StartGestureLauncher
01-06 09:52:17.015   935   935 I SystemServiceManager: Starting com.android.server.GestureLauncherService
01-06 09:52:17.015   935   935 V SystemServerTiming: StartGestureLauncher took to complete: 0ms
01-06 09:52:17.015   935   935 D SystemServerTiming: StartSensorNotification
01-06 09:52:17.015   935   935 I SystemServiceManager: Starting com.android.server.SensorNotificationService
01-06 09:52:17.015   935   935 V SystemServerTiming: StartSensorNotification took to complete: 0ms
01-06 09:52:17.015   935   935 D SystemServerTiming: StartDiskStatsService
01-06 09:52:17.017   935   935 D CompatibilityChangeReporter: Compat change id reported: 194532703; UID 1000; state: ENABLED
01-06 09:52:17.019   935   935 V SystemServerTiming: StartDiskStatsService took to complete: 4ms
01-06 09:52:17.019   935   935 D SystemServerTiming: RuntimeService
01-06 09:52:17.020   935   935 V SystemServerTiming: RuntimeService took to complete: 1ms
01-06 09:52:17.020   935   935 D SystemServerTiming: StartNetworkTimeUpdateService
01-06 09:52:17.021   935   935 V SystemServerTiming: StartNetworkTimeUpdateService took to complete: 1ms
01-06 09:52:17.021   935   935 D SystemServerTiming: CertBlacklister
01-06 09:52:17.022   935   935 V SystemServerTiming: CertBlacklister took to complete: 1ms
01-06 09:52:17.022   935   935 D SystemServerTiming: StartEmergencyAffordanceService
01-06 09:52:17.022   935   935 I SystemServiceManager: Starting com.android.server.emergency.EmergencyAffordanceService
01-06 09:52:17.023   935   935 V SystemServerTiming: StartEmergencyAffordanceService took to complete: 1ms
01-06 09:52:17.023   935   935 D SystemServerTiming: startBlobStoreManagerService
01-06 09:52:17.023   935   935 I SystemServiceManager: Starting com.android.server.blob.BlobStoreManagerService
01-06 09:52:17.026   935   935 V SystemServerTiming: startBlobStoreManagerService took to complete: 3ms
01-06 09:52:17.026   935   935 D SystemServerTiming: StartDreamManager
01-06 09:52:17.026   935   935 I SystemServiceManager: Starting com.android.server.dreams.DreamManagerService
01-06 09:52:17.028   935   935 V SystemServerTiming: StartDreamManager took to complete: 2ms
01-06 09:52:17.028   935   935 D SystemServerTiming: AddGraphicsStatsService
01-06 09:52:17.031   935   935 V SystemServerTiming: AddGraphicsStatsService took to complete: 2ms
01-06 09:52:17.031   935   935 D SystemServerTiming: StartAttestationVerificationService
01-06 09:52:17.031   935   935 I SystemServiceManager: Starting com.android.server.security.AttestationVerificationManagerService
01-06 09:52:17.033   935   935 D AVF     : Started
01-06 09:52:17.033   935   935 V SystemServerTiming: StartAttestationVerificationService took to complete: 2ms
01-06 09:52:17.034   935   935 D SystemServerTiming: StartRestrictionManager
01-06 09:52:17.034   935   935 I SystemServiceManager: Starting com.android.server.restrictions.RestrictionsManagerService
01-06 09:52:17.035   935   935 V SystemServerTiming: StartRestrictionManager took to complete: 1ms
01-06 09:52:17.035   935   935 D SystemServerTiming: StartMediaSessionService
01-06 09:52:17.036   935   935 I SystemServiceManager: Starting com.android.server.media.MediaSessionService
01-06 09:52:17.039   935   935 V SystemServerTiming: StartMediaSessionService took to complete: 4ms
01-06 09:52:17.039   935   935 D SystemServerTiming: StartHdmiControlService
01-06 09:52:17.041   935   935 I SystemServiceManager: Starting com.android.server.hdmi.HdmiControlService
01-06 09:52:17.045   935   935 D HdmiCecActiveness: setState inactive mState:null
01-06 09:52:17.046   935   935 D HDMI    : Getting CEC setting value 'hdmi_cec_enabled'.
01-06 09:52:17.047   935   935 D HDMI    : Reading 'hdmi_cec_enabled' shared preference.
01-06 09:52:17.047   935   935 D HDMI    : Getting CEC setting value 'volume_control_enabled'.
01-06 09:52:17.047   935   935 D HDMI    : Reading 'volume_control_enabled' shared preference.
01-06 09:52:17.055   935   935 D HDMI    : soundbar mode:true
01-06 09:52:17.057   935   935 E HDMI    : [1]:Couldn't connect to cec@1.1java.util.NoSuchElementException
01-06 09:52:17.057   935   935 W HDMI    : [1]:Couldn't get tv.cec service.
01-06 09:52:17.057   935   935 W HDMI    : [1]:Unable to use cec@1.1
01-06 09:52:17.061   935   935 I HdmiControlService: Device does not support MHL-control.
01-06 09:52:17.062   935   935 D HDMI    : Getting CEC setting value 'hdmi_cec_version'.
01-06 09:52:17.062   935   935 D HDMI    : Reading 'hdmi_cec_version' shared preference.
01-06 09:52:17.062   935   935 D HDMI    : setOption: [flag:3, enabled:true]
01-06 09:52:17.063   935   935 D HDMI    : initializeLocalDevices type 5
01-06 09:52:17.063   935   935 D HDMI    : initializeLocalDevices skipping 5 mCecAudioSystemEnabled is false
01-06 09:52:17.063   935   935 D HDMI    : initializeLocalDevices type 4
01-06 09:52:17.063   935   935 D HDMI    : initializeLocalDevices type is 4 mCecAudioSystemEnabled is false setting to 8
01-06 09:52:17.066     0     0 I [0 T517   ..] cec: CEC framework ctrl enabled
01-06 09:52:17.066   935   935 D HDMI    : Getting CEC setting value 'routing_control'.
01-06 09:52:17.066   935   935 D HDMI    : Reading 'routing_control' shared preference.
01-06 09:52:17.080   935   935 D HDMI    : initPortInfo port info:port_id: 3, type: HDMI_IN, address: 0x2300, cec: true, arc: false, mhl: false
01-06 09:52:17.081   935   935 D HDMI    : initPortInfo port info:port_id: 2, type: HDMI_IN, address: 0x2200, cec: true, arc: false, mhl: false
01-06 09:52:17.081   935   935 D HDMI    : initPortInfo port info:port_id: 1, type: HDMI_IN, address: 0x2100, cec: true, arc: false, mhl: false
01-06 09:52:17.081   935   935 D HDMI    : initPortInfo port info:port_id: 0, type: HDMI_OUT, address: 0x2000, cec: true, arc: true, mhl: false
01-06 09:52:17.083   935   935 I EarcController: initEarcState supported:true
01-06 09:52:17.083   935   935 D EarcController: initEarcState settings:true
01-06 09:52:17.083   935   935 D EarcController: setEarcMode true
01-06 09:52:17.086   935   935 D HDMI    : Getting CEC setting value 'system_audio_control'.
01-06 09:52:17.086   935   935 D HDMI    : Reading 'system_audio_control' shared preference.
01-06 09:52:17.086   935   935 D EarcController: initEarcState audio switch:true
01-06 09:52:17.086   935   935 D EarcController: setEarcHalSettings true
01-06 09:52:17.089   935   935 D EarcController: audioSystem get earc rx attended type hal_param_get_earcrx_attend_type=1
01-06 09:52:17.090   935   935 D HDMI    : Getting CEC setting value 'set_menu_language'.
01-06 09:52:17.090   935   935 D HDMI    : Reading 'set_menu_language' shared preference.
01-06 09:52:17.093   935   935 V SystemServerTiming: StartHdmiControlService took to complete: 54ms
01-06 09:52:17.093   935   935 D SystemServerTiming: StartTvInteractiveAppManager
01-06 09:52:17.093   935   935 I SystemServiceManager: Starting com.android.server.tv.interactive.TvInteractiveAppManagerService
01-06 09:52:17.094   935   935 V SystemServerTiming: StartTvInteractiveAppManager took to complete: 1ms
01-06 09:52:17.094   935   935 D SystemServerTiming: StartTvInputManager
01-06 09:52:17.095   935   935 I SystemServiceManager: Starting com.android.server.tv.TvInputManagerService
01-06 09:52:17.104   935   935 V SystemServerTiming: StartTvInputManager took to complete: 10ms
01-06 09:52:17.104   935   935 D SystemServerTiming: StartTvRemoteService
01-06 09:52:17.104   935   935 I SystemServiceManager: Starting com.android.server.tv.TvRemoteService
01-06 09:52:17.105   935   935 V SystemServerTiming: StartTvRemoteService took to complete: 1ms
01-06 09:52:17.105   935   935 D SystemServerTiming: StartMediaRouterService
01-06 09:52:17.105   935   935 V HistoricalRegistry: Interaction before persistence initialized
01-06 09:52:17.107   935   935 V SystemServerTiming: StartMediaRouterService took to complete: 2ms
01-06 09:52:17.107   935   935 D SystemServerTiming: StartBiometricService
01-06 09:52:17.107   935   935 I SystemServiceManager: Starting com.android.server.biometrics.BiometricService
01-06 09:52:17.111   935   935 V SystemServerTiming: StartBiometricService took to complete: 4ms
01-06 09:52:17.112   935   935 D SystemServerTiming: StartAuthService
01-06 09:52:17.112   935   935 I SystemServiceManager: Starting com.android.server.biometrics.AuthService
01-06 09:52:17.114   935   935 V SystemServerTiming: StartAuthService took to complete: 2ms
01-06 09:52:17.115   935   935 D SystemServerTiming: StartDynamicCodeLoggingService
01-06 09:52:17.116   935   935 V SystemServerTiming: StartDynamicCodeLoggingService took to complete: 1ms
01-06 09:52:17.116   935   935 D SystemServerTiming: StartPruneInstantAppsJobService
01-06 09:52:17.118   935   935 V SystemServerTiming: StartPruneInstantAppsJobService took to complete: 2ms
01-06 09:52:17.118   935   935 D SystemServerTiming: StartShortcutServiceLifecycle
01-06 09:52:17.118   935   935 I SystemServiceManager: Starting com.android.server.pm.ShortcutService$Lifecycle
01-06 09:52:17.119     0     0 E [5 T1     ..] init: Control message: Could not find 'aidl/clipboard' for ctl.interface_start from pid: 317 (/system/bin/servicemanager)
01-06 09:52:17.122   935   935 V HistoricalRegistry: Interaction before persistence initialized
01-06 09:52:17.123   935   935 V SystemServerTiming: StartShortcutServiceLifecycle took to complete: 4ms
01-06 09:52:17.123   935   935 D SystemServerTiming: StartLauncherAppsService
01-06 09:52:17.123   935   935 I SystemServiceManager: Starting com.android.server.pm.LauncherAppsService
01-06 09:52:17.125   935   935 V SystemServerTiming: StartLauncherAppsService took to complete: 2ms
01-06 09:52:17.125   935   935 D SystemServerTiming: StartCrossProfileAppsService
01-06 09:52:17.125   935   935 I SystemServiceManager: Starting com.android.server.pm.CrossProfileAppsService
01-06 09:52:17.126   935   935 V SystemServerTiming: StartCrossProfileAppsService took to complete: 1ms
01-06 09:52:17.126   935   935 D SystemServerTiming: StartPeopleService
01-06 09:52:17.126   935   935 I SystemServiceManager: Starting com.android.server.people.PeopleService
01-06 09:52:17.127   935   935 V SystemServerTiming: StartPeopleService took to complete: 0ms
01-06 09:52:17.127   935   935 D SystemServerTiming: StartMediaMetricsManager
01-06 09:52:17.127   935   935 I SystemServiceManager: Starting com.android.server.media.metrics.MediaMetricsManagerService
01-06 09:52:17.128   935   935 V SystemServerTiming: StartMediaMetricsManager took to complete: 0ms
01-06 09:52:17.128   935   935 D SystemServerTiming: StartMediaProjectionManager
01-06 09:52:17.128   935   935 I SystemServiceManager: Starting com.android.server.media.projection.MediaProjectionManagerService
01-06 09:52:17.131   935   935 V SystemServerTiming: StartMediaProjectionManager took to complete: 3ms
01-06 09:52:17.131   935   935 D SystemServerTiming: StartSliceManagerService
01-06 09:52:17.131   935   935 I SystemServiceManager: Starting com.android.server.slice.SliceManagerService$Lifecycle
01-06 09:52:17.135   935   935 V SystemServerTiming: StartSliceManagerService took to complete: 3ms
01-06 09:52:17.135   935   935 D SystemServerTiming: StartStatsCompanion
01-06 09:52:17.135   935   935 I SystemServiceManager: Starting com.android.server.stats.StatsCompanion$Lifecycle
01-06 09:52:17.139   935   935 V SystemServerTiming: StartStatsCompanion took to complete: 4ms
01-06 09:52:17.139   935   935 D SystemServerTiming: StartRebootReadinessManagerService
01-06 09:52:17.140   935   935 I SystemServiceManager: Starting com.android.server.scheduling.RebootReadinessManagerService$Lifecycle
01-06 09:52:17.140     0     0 I [7 T445   ..] AidlLazyServiceRegistrar: Process has 1 (of 1 available) client(s) in use after notification apexservice has clients: 1
01-06 09:52:17.140     0     0 I [7 T445   ..] AidlLazyServiceRegistrar: Shutdown prevented by forcePersist override flag.
01-06 09:52:17.141     0     0 I [7 T445   ..] AidlLazyServiceRegistrar: Process has 0 (of 1 available) client(s) in use after notification apexservice has clients: 0
01-06 09:52:17.141     0     0 I [7 T445   ..] AidlLazyServiceRegistrar: Shutdown prevented by forcePersist override flag.
01-06 09:52:17.146   935   935 V SystemServerTiming: StartRebootReadinessManagerService took to complete: 7ms
01-06 09:52:17.146   935   935 D SystemServerTiming: StartStatsPullAtomService
01-06 09:52:17.146   935   935 I SystemServiceManager: Starting com.android.server.stats.pull.StatsPullAtomService
01-06 09:52:17.146   935   935 V SystemServerTiming: StartStatsPullAtomService took to complete: 0ms
01-06 09:52:17.146   935   935 D SystemServerTiming: StatsBootstrapAtomService
01-06 09:52:17.146   935   935 I SystemServiceManager: Starting com.android.server.stats.bootstrap.StatsBootstrapAtomService$Lifecycle
01-06 09:52:17.147   935   935 V SystemServerTiming: StatsBootstrapAtomService took to complete: 1ms
01-06 09:52:17.147   935   935 D SystemServerTiming: StartIncidentCompanionService
01-06 09:52:17.147   935   935 I SystemServiceManager: Starting com.android.server.incident.IncidentCompanionService
01-06 09:52:17.148   935   935 V SystemServerTiming: StartIncidentCompanionService took to complete: 1ms
01-06 09:52:17.148   935   935 D SystemServerTiming: StarSdkSandboxManagerService
01-06 09:52:17.149   935   935 I SystemServiceManager: Starting com.android.server.sdksandbox.SdkSandboxManagerService$Lifecycle
01-06 09:52:17.154   935   935 V SystemServerTiming: StarSdkSandboxManagerService took to complete: 6ms
01-06 09:52:17.154   935   935 D SystemServerTiming: StartAdServicesManagerService
01-06 09:52:17.155   935   935 I SystemServiceManager: Starting com.android.server.adservices.AdServicesManagerService$Lifecycle
01-06 09:52:17.155   935   935 V SystemServerTiming: StartAdServicesManagerService took to complete: 1ms
01-06 09:52:17.155   935   935 D SystemServerTiming: StartAutoFillService
01-06 09:52:17.155   935   935 I SystemServiceManager: Starting com.android.server.autofill.AutofillManagerService
01-06 09:52:17.157   935   935 D AutofillManagerService: setLogLevelFromSettings(): level=2, debug=true, verbose=false
01-06 09:52:17.157   935   935 D AutofillManagerService: setMaxPartitionsFromSettings(): 10
01-06 09:52:17.157   935   935 D AutofillManagerService: setMaxVisibleDatasetsFromSettings(): 0
01-06 09:52:17.158   935   935 D AutofillManagerServiceImpl: Reset component for user 0:
01-06 09:52:17.158   935   960 D AutofillUI: destroySaveUiUiThread(): already destroyed
01-06 09:52:17.162   935   935 V SystemServerTiming: StartAutoFillService took to complete: 7ms
01-06 09:52:17.162   935   935 D SystemServer: TranslationService not defined by OEM
01-06 09:52:17.162   935   935 D SystemServerTiming: StartClipboardService
01-06 09:52:17.162   935   935 I SystemServiceManager: Starting com.android.server.clipboard.ClipboardService
01-06 09:52:17.164   935   935 V SystemServerTiming: StartClipboardService took to complete: 2ms
01-06 09:52:17.164   935   935 D SystemServerTiming: AppServiceManager
01-06 09:52:17.164   935   935 I SystemServiceManager: Starting com.android.server.appbinding.AppBindingService$Lifecycle
01-06 09:52:17.165   935   935 V SystemServerTiming: AppServiceManager took to complete: 1ms
01-06 09:52:17.165   935   935 D SystemServerTiming: startTracingServiceProxy
01-06 09:52:17.165   935   935 I SystemServiceManager: Starting com.android.server.tracing.TracingServiceProxy
01-06 09:52:17.167   935  1050 V HistoricalRegistry: Interaction before persistence initialized
01-06 09:52:17.172   935   935 V SystemServerTiming: startTracingServiceProxy took to complete: 7ms
01-06 09:52:17.172   935   935 D SystemServerTiming: MakeLockSettingsServiceReady
01-06 09:52:17.174   935  1199 V HistoricalRegistry: Interaction before persistence initialized
01-06 09:52:17.174   935  1050 V HistoricalRegistry: Interaction before persistence initialized
01-06 09:52:17.179   935   935 I SyntheticPasswordManager: Device does not support weaver
01-06 09:52:17.179   935   935 I LockSettingsService: Device doesn't implement AuthSecret HAL
01-06 09:52:17.181   935   935 V SystemServerTiming: MakeLockSettingsServiceReady took to complete: 8ms
01-06 09:52:17.181   935   935 D SystemServerTiming: StartBootPhaseLockSettingsReady
01-06 09:52:17.181   935   935 I SystemServiceManager: Starting phase 480
01-06 09:52:17.181   935   935 D SystemServerTiming: OnBootPhase_480
01-06 09:52:17.181   935   935 D SystemServerTiming: OnBootPhase_480_com.android.server.security.FileIntegrityService
01-06 09:52:17.181   935   935 V SystemServerTiming: OnBootPhase_480_com.android.server.security.FileIntegrityService took to complete: 0ms
01-06 09:52:17.181   935   935 D SystemServerTiming: OnBootPhase_480_com.android.server.pm.Installer
01-06 09:52:17.181   935   935 V SystemServerTiming: OnBootPhase_480_com.android.server.pm.Installer took to complete: 0ms
01-06 09:52:17.181   935   935 D SystemServerTiming: OnBootPhase_480_com.android.server.os.DeviceIdentifiersPolicyService
01-06 09:52:17.181   935   935 V SystemServerTiming: OnBootPhase_480_com.android.server.os.DeviceIdentifiersPolicyService took to complete: 0ms
01-06 09:52:17.181   935   935 D SystemServerTiming: OnBootPhase_480_com.android.server.uri.UriGrantsManagerService$Lifecycle
01-06 09:52:17.181   935   935 V SystemServerTiming: OnBootPhase_480_com.android.server.uri.UriGrantsManagerService$Lifecycle took to complete: 0ms
01-06 09:52:17.181   935   935 D SystemServerTiming: OnBootPhase_480_com.android.server.powerstats.PowerStatsService
01-06 09:52:17.181   935   935 V SystemServerTiming: OnBootPhase_480_com.android.server.powerstats.PowerStatsService took to complete: 0ms
01-06 09:52:17.181   935   935 D SystemServerTiming: OnBootPhase_480_com.android.server.wm.ActivityTaskManagerService$Lifecycle
01-06 09:52:17.181   935   935 V SystemServerTiming: OnBootPhase_480_com.android.server.wm.ActivityTaskManagerService$Lifecycle took to complete: 0ms
01-06 09:52:17.181   935   935 D SystemServerTiming: OnBootPhase_480_com.android.server.am.ActivityManagerService$Lifecycle
01-06 09:52:17.181   935   935 V SystemServerTiming: OnBootPhase_480_com.android.server.am.ActivityManagerService$Lifecycle took to complete: 0ms
01-06 09:52:17.181   935   935 D SystemServerTiming: OnBootPhase_480_com.android.server.pm.DataLoaderManagerService
01-06 09:52:17.181   935   935 V SystemServerTiming: OnBootPhase_480_com.android.server.pm.DataLoaderManagerService took to complete: 0ms
01-06 09:52:17.181   935   935 D SystemServerTiming: OnBootPhase_480_com.android.server.power.PowerManagerService
01-06 09:52:17.181   935   935 V SystemServerTiming: OnBootPhase_480_com.android.server.power.PowerManagerService took to complete: 0ms
01-06 09:52:17.181   935   935 D SystemServerTiming: OnBootPhase_480_com.android.server.power.ThermalManagerService
01-06 09:52:17.181   935   935 V SystemServerTiming: OnBootPhase_480_com.android.server.power.ThermalManagerService took to complete: 0ms
01-06 09:52:17.181   935   935 D SystemServerTiming: OnBootPhase_480_com.android.server.power.hint.HintManagerService
01-06 09:52:17.181   935   935 V SystemServerTiming: OnBootPhase_480_com.android.server.power.hint.HintManagerService took to complete: 0ms
01-06 09:52:17.181   935   935 D SystemServerTiming: OnBootPhase_480_com.android.server.recoverysystem.RecoverySystemService$Lifecycle
01-06 09:52:17.181   935   935 V SystemServerTiming: OnBootPhase_480_com.android.server.recoverysystem.RecoverySystemService$Lifecycle took to complete: 0ms
01-06 09:52:17.181   935   935 D SystemServerTiming: OnBootPhase_480_com.android.server.lights.LightsService
01-06 09:52:17.181   935   935 V SystemServerTiming: OnBootPhase_480_com.android.server.lights.LightsService took to complete: 0ms
01-06 09:52:17.181   935   935 D SystemServerTiming: OnBootPhase_480_com.android.server.display.DisplayManagerService
01-06 09:52:17.182   935   935 V SystemServerTiming: OnBootPhase_480_com.android.server.display.DisplayManagerService took to complete: 0ms
01-06 09:52:17.182   935   935 D SystemServerTiming: OnBootPhase_480_com.android.server.pm.verify.domain.DomainVerificationService
01-06 09:52:17.182   935   935 V SystemServerTiming: OnBootPhase_480_com.android.server.pm.verify.domain.DomainVerificationService took to complete: 0ms
01-06 09:52:17.182   935   935 D SystemServerTiming: OnBootPhase_480_com.android.server.pm.PackageInstallerService$Lifecycle
01-06 09:52:17.182   935   935 V SystemServerTiming: OnBootPhase_480_com.android.server.pm.PackageInstallerService$Lifecycle took to complete: 0ms
01-06 09:52:17.182   935   935 D SystemServerTiming: OnBootPhase_480_com.android.server.pm.UserManagerService$LifeCycle
01-06 09:52:17.182   935   935 V SystemServerTiming: OnBootPhase_480_com.android.server.pm.UserManagerService$LifeCycle took to complete: 0ms
01-06 09:52:17.182   935   935 D SystemServerTiming: OnBootPhase_480_com.android.server.om.OverlayManagerService
01-06 09:52:17.182   935   935 V SystemServerTiming: OnBootPhase_480_com.android.server.om.OverlayManagerService took to complete: 0ms
01-06 09:52:17.182   935   935 D SystemServerTiming: OnBootPhase_480_com.android.server.resources.ResourcesManagerService
01-06 09:52:17.182   935   935 V SystemServerTiming: OnBootPhase_480_com.android.server.resources.ResourcesManagerService took to complete: 0ms
01-06 09:52:17.182   935   935 D SystemServerTiming: OnBootPhase_480_com.android.server.sensorprivacy.SensorPrivacyService
01-06 09:52:17.182   935   935 V SystemServerTiming: OnBootPhase_480_com.android.server.sensorprivacy.SensorPrivacyService took to complete: 0ms
01-06 09:52:17.182   935   935 D SystemServerTiming: OnBootPhase_480_com.android.server.sensors.SensorService
01-06 09:52:17.182   935   935 V SystemServerTiming: OnBootPhase_480_com.android.server.sensors.SensorService took to complete: 0ms
01-06 09:52:17.182   935   935 D SystemServerTiming: OnBootPhase_480_com.android.server.SystemConfigService
01-06 09:52:17.182   935   935 V SystemServerTiming: OnBootPhase_480_com.android.server.SystemConfigService took to complete: 0ms
01-06 09:52:17.182   935   935 D SystemServerTiming: OnBootPhase_480_com.android.server.BatteryService
01-06 09:52:17.182   935   935 V SystemServerTiming: OnBootPhase_480_com.android.server.BatteryService took to complete: 0ms
01-06 09:52:17.182   935   935 D SystemServerTiming: OnBootPhase_480_com.android.server.usage.UsageStatsService
01-06 09:52:17.182   935   935 V SystemServerTiming: OnBootPhase_480_com.android.server.usage.UsageStatsService took to complete: 0ms
01-06 09:52:17.182   935   935 D SystemServerTiming: OnBootPhase_480_com.android.server.webkit.WebViewUpdateService
01-06 09:52:17.182   935   935 V SystemServerTiming: OnBootPhase_480_com.android.server.webkit.WebViewUpdateService took to complete: 0ms
01-06 09:52:17.182   935   935 D SystemServerTiming: OnBootPhase_480_com.android.server.CachedDeviceStateService
01-06 09:52:17.182   935   935 V SystemServerTiming: OnBootPhase_480_com.android.server.CachedDeviceStateService took to complete: 0ms
01-06 09:52:17.182   935   935 D SystemServerTiming: OnBootPhase_480_com.android.server.BinderCallsStatsService$LifeCycle
01-06 09:52:17.182   935   935 V SystemServerTiming: OnBootPhase_480_com.android.server.BinderCallsStatsService$LifeCycle took to complete: 0ms
01-06 09:52:17.182   935   935 D SystemServerTiming: OnBootPhase_480_com.android.server.LooperStatsService$Lifecycle
01-06 09:52:17.182   935   935 V SystemServerTiming: OnBootPhase_480_com.android.server.LooperStatsService$Lifecycle took to complete: 0ms
01-06 09:52:17.182   935   935 D SystemServerTiming: OnBootPhase_480_com.android.server.rollback.RollbackManagerService
01-06 09:52:17.182   935   935 V SystemServerTiming: OnBootPhase_480_com.android.server.rollback.RollbackManagerService took to complete: 0ms
01-06 09:52:17.182   935   935 D SystemServerTiming: OnBootPhase_480_com.android.server.os.NativeTombstoneManagerService
01-06 09:52:17.182   935   935 V SystemServerTiming: OnBootPhase_480_com.android.server.os.NativeTombstoneManagerService took to complete: 0ms
01-06 09:52:17.182   935   935 D SystemServerTiming: OnBootPhase_480_com.android.server.os.BugreportManagerService
01-06 09:52:17.183   935   935 V SystemServerTiming: OnBootPhase_480_com.android.server.os.BugreportManagerService took to complete: 0ms
01-06 09:52:17.183   935   935 D SystemServerTiming: OnBootPhase_480_com.android.server.gpu.GpuService
01-06 09:52:17.183   935   935 V SystemServerTiming: OnBootPhase_480_com.android.server.gpu.GpuService took to complete: 1ms
01-06 09:52:17.183   935   935 D SystemServerTiming: OnBootPhase_480_com.android.server.security.KeyChainSystemService
01-06 09:52:17.183   935   935 V SystemServerTiming: OnBootPhase_480_com.android.server.security.KeyChainSystemService took to complete: 0ms
01-06 09:52:17.183   935   935 D SystemServerTiming: OnBootPhase_480_com.android.server.BinaryTransparencyService
01-06 09:52:17.183   935   935 V SystemServerTiming: OnBootPhase_480_com.android.server.BinaryTransparencyService took to complete: 0ms
01-06 09:52:17.183   935   935 D SystemServerTiming: OnBootPhase_480_com.android.server.accounts.AccountManagerService$Lifecycle
01-06 09:52:17.183   935   935 V SystemServerTiming: OnBootPhase_480_com.android.server.accounts.AccountManagerService$Lifecycle took to complete: 0ms
01-06 09:52:17.183   935   935 D SystemServerTiming: OnBootPhase_480_com.android.server.content.ContentService$Lifecycle
