01-05 21:34:56.330   553   553 W PackageManager: Relax SCAN_REQUIRE_KNOWN requirement for package com.google.android.marvin.talkback
01-05 21:34:56.332   553   553 W PackageManager: Relax SCAN_REQUIRE_KNOWN requirement for package com.google.android.webview
01-05 21:34:56.334   553   553 W PackageManager: Relax SCAN_REQUIRE_KNOWN requirement for package com.google.android.play.games
01-05 21:34:56.336   553   553 W PackageManager: Relax SCAN_REQUIRE_KNOWN requirement for package com.google.android.youtube.tv
01-05 21:34:56.337   553   553 I PackageManager: Finished scanning non-system apps. Time: 46 ms, packageCount: 17 , timePerPackage: 2 , cached: 16
01-05 21:34:56.338   553   553 W PackageManager: Missing required system package: .
01-05 21:34:56.338   553   553 W PackageManager: Missing required system package: com.android.launcher3.
01-05 21:34:56.344   553   553 I PackageManager: Time to scan packages: 0.413 seconds
01-05 21:34:56.344   553   553 I PermissionManager: Permission ownership changed. Updating all permissions.
01-05 21:34:56.352   488   539 D EGL_emulation: app_time_stats: avg=14.97ms min=2.40ms max=23.40ms count=58
01-05 21:34:56.392   553   553 V PackageManager: reconcileAppsData for null u0 0x1 migrateAppData=true
01-05 21:34:56.396   448   459 I SELinux : SELinux: Loaded file context from:
01-05 21:34:56.396   448   459 I SELinux : 		/system/etc/selinux/plat_file_contexts
01-05 21:34:56.396   448   459 I SELinux : 		/system_ext/etc/selinux/system_ext_file_contexts
01-05 21:34:56.396   448   459 I SELinux : 		/product/etc/selinux/product_file_contexts
01-05 21:34:56.396   448   459 I SELinux : 		/vendor/etc/selinux/vendor_file_contexts
01-05 21:34:56.416   553   553 V PackageManager: reconcileAppsData finished 17 packages
01-05 21:34:56.416   553   553 D PackageManagerTiming: write settings
01-05 21:34:56.416   553   616 D SystemServerTimingAsync: InitThreadPoolExec:prepareAppData
01-05 21:34:56.441   553   553 I SELinux : SELinux: Loaded file context from:
01-05 21:34:56.441   553   553 I SELinux : 		/system/etc/selinux/plat_file_contexts
01-05 21:34:56.441   553   553 I SELinux : 		/system_ext/etc/selinux/system_ext_file_contexts
01-05 21:34:56.441   553   553 I SELinux : 		/product/etc/selinux/product_file_contexts
01-05 21:34:56.441   553   553 I SELinux : 		/vendor/etc/selinux/vendor_file_contexts
01-05 21:34:56.457   553   553 D PackageManagerTiming: GC
01-05 21:34:56.458   553   553 I PackageManager: Fix for b/169414761 is applied
01-05 21:34:56.458   553   553 V UserSystemPackageInstaller: Checking that all system packages are whitelisted.
01-05 21:34:56.459   553   553 W UserSystemPackageInstaller: checkWhitelistedSystemPackages(mode=d) has 2 warnings:
01-05 21:34:56.459   553   553 W UserSystemPackageInstaller: com.android.settings is allowlisted but not present.
01-05 21:34:56.459   553   553 W UserSystemPackageInstaller: com.android.bluetooth is allowlisted but not present.
01-05 21:34:56.462   553   553 I Watchdog: Resuming HandlerChecker: main thread for reason: packagemanagermain. Pause count: 0
01-05 21:34:56.463   553   553 D SystemServerTiming: DexUseManagerLocal
01-05 21:34:56.478   553   553 D SystemServerTiming: StartOtaDexOptService
01-05 21:34:56.478   553   553 I Watchdog: Pausing HandlerChecker: main thread for reason: moveab. Pause count: 1
01-05 21:34:56.478   553   553 D OTADexopt: No upgrade, skipping A/B artifacts check.
01-05 21:34:56.478   553   553 I Watchdog: Resuming HandlerChecker: main thread for reason: moveab. Pause count: 0
01-05 21:34:56.478   553   553 D SystemServerTiming: StartUserManagerService
01-05 21:34:56.478   553   553 I SystemServiceManager: Starting com.android.server.pm.UserManagerService$LifeCycle
01-05 21:34:56.478   553   553 D SystemServerTiming: InitAttributerCache
01-05 21:34:56.478   553   553 D SystemServerTiming: SetSystemProcess
01-05 21:34:56.481   553   566 V HistoricalRegistry: Interaction before persistence initialized
01-05 21:34:56.482   553   567 V HistoricalRegistry: Interaction before persistence initialized
01-05 21:34:56.483   553   566 V HistoricalRegistry: Interaction before persistence initialized
01-05 21:34:56.484   397   397 I audioserver: Waiting for sensor privacy service
01-05 21:34:56.485   156   156 I lowmemorykiller: lmkd data connection established
01-05 21:34:56.487   553   586 I ActivityManager: Connection with lmkd established
01-05 21:34:56.488   448   459 W installd: Ignoring /data/data/EcAEACgAIAKFzTb5oO2R4TEcrR7n2SbEELE-eAlRF7-Kq5AZRRnUJzSMeTI7Ksy8i0zGWKgRRKc/RGEFABgAEALTQ_ssMZSIMuI9ErT5Lf8e with unexpected GID 0 instead of 10076
01-05 21:34:56.490   553   553 D CompatibilityChangeReporter: Compat change id reported: 161145287; UID 1000; state: ENABLED
01-05 21:34:56.491   553   553 D SystemServerTiming: InitWatchdog
01-05 21:34:56.494   452   452 I ServiceManagerCppClient: Waiting for service 'package_native' on '/dev/binder' successful after waiting 3633ms
01-05 21:34:56.496   452   452 W BpBinder: Linking to death on android.hardware.health.IHealth but there are no threads (yet?) listening to incoming transactions. See ProcessState::startThreadPool and ProcessState::setThreadPoolMaxThreadCount. Generally you should setup the binder threadpool before other initialization steps.
01-05 21:34:56.496   452   622 I storaged: storaged: Start
01-05 21:34:56.506   448   459 W installd: Ignoring /data/data/g8AEACgAIAJXO_9r_XjDAokI9El4Xy39mQHFH7h3aWAijo70Zlu9Pw/oeEEANAOIAJhYatLSLoi67dzBWEx7RUg with unexpected GID 0 instead of 10085
01-05 21:34:56.508   448   459 W installd: Ignoring /data/data/j8AEABgAEAKFzTb5oO2R4TEcrR7n2SbEf_9nWbJt7NFuEaxG38L7cfnRIXZMOFCLPF8iTtb_Fo4/AAAAAAAAAAB9zC5oI691fsHUQn9jfLFL with unexpected GID 0 instead of 10095
01-05 21:34:56.514   448   459 W installd: Ignoring /data/data/wsAEACgAIAJRzm6FWhBRQIDtBtZ9Xw5RzwlvgWjRhwH5Ys18GlzAqA/AAAAAAAAAABrBKD_OfmmGHaP3owH9w1- with unexpected GID 0 instead of 10071
01-05 21:34:56.514   450   468 I ServiceManagerCppClient: Waiting for service 'package_native' on '/dev/binder' successful after waiting 3732ms
01-05 21:34:56.527   448   459 W installd: Ignoring /data/data/AcEEACgAIAITjQPpgAK1qHTF1fPcOazqhc02-aDtkeExHK0e59kmxA/k-QEABgAEAKE8t66h9uawgsakFvvnXht with unexpected GID 0 instead of 10093
01-05 21:34:56.528   553   553 D SystemServerTiming: StartOverlayManagerService
01-05 21:34:56.535   448   459 W installd: Ignoring /data/data/P8EEADgAMAKFzTb5oO2R4TEcrR7n2SbESvn9VMaawjVx3H3aFSD6yQpxfC8U_AL2pjjehX_kLgs/AAAAAAAAAABow01NumNtzykRjoTAHTx6 with unexpected GID 0 instead of 10087
01-05 21:34:56.538   448   459 W installd: Ignoring /data/data/TsEEADgAMAJZhm6ndag5cM-yv9a_TNRn0hrLOT4jlPj_-QQm5gT8ZF-WZ-hPHDM07GKw3WOaQ18/AAAAAAAAAACVwcjx2K1PlUkCZltDSwK5 with unexpected GID 0 instead of 1000
01-05 21:34:56.542   553   564 W System  : A resource was acquired at attached stack trace but never released. See java.io.Closeable for information on avoiding resource leaks.
01-05 21:34:56.544   553   564 W System  : java.lang.Throwable: Explicit termination method 'close' not called
01-05 21:34:56.544   553   564 W System  : 	at dalvik.system.CloseGuard.openWithCallSite(CloseGuard.java:288)
01-05 21:34:56.544   553   564 W System  : 	at dalvik.system.CloseGuard.open(CloseGuard.java:257)
01-05 21:34:56.544   553   564 W System  : 	at java.io.FileInputStream.<init>(FileInputStream.java:176)
01-05 21:34:56.544   553   564 W System  : 	at android.util.AtomicFile.openRead(AtomicFile.java:260)
01-05 21:34:56.544   553   564 W System  : 	at com.android.server.appop.AppOpsCheckingServiceImpl.readState(AppOpsCheckingServiceImpl.java:839)
01-05 21:34:56.544   553   564 W System  : 	at com.android.server.appop.AppOpsCheckingServiceTracingDecorator.readState(AppOpsCheckingServiceTracingDecorator.java:59)
01-05 21:34:56.544   553   564 W System  : 	at com.android.server.appop.AppOpsService.<init>(AppOpsService.java:954)
01-05 21:34:56.544   553   564 W System  : 	at com.android.server.am.ActivityManagerService$Injector.getAppOpsService(ActivityManagerService.java:19577)
01-05 21:34:56.544   553   564 W System  : 	at com.android.server.am.ActivityManagerService.<init>(ActivityManagerService.java:2524)
01-05 21:34:56.544   553   564 W System  : 	at com.android.server.am.ActivityManagerService$Lifecycle.<init>(ActivityManagerService.java:2205)
01-05 21:34:56.544   553   564 W System  : 	at java.lang.reflect.Constructor.newInstance0(Native Method)
01-05 21:34:56.544   553   564 W System  : 	at java.lang.reflect.Constructor.newInstance(Constructor.java:343)
01-05 21:34:56.544   553   564 W System  : 	at com.android.server.SystemServiceManager.startService(SystemServiceManager.java:218)
01-05 21:34:56.544   553   564 W System  : 	at com.android.server.am.ActivityManagerService$Lifecycle.startService(ActivityManagerService.java:2211)
01-05 21:34:56.544   553   564 W System  : 	at com.android.server.SystemServer.startBootstrapServices(SystemServer.java:1144)
01-05 21:34:56.544   553   564 W System  : 	at com.android.server.SystemServer.run(SystemServer.java:940)
01-05 21:34:56.544   553   564 W System  : 	at com.android.server.SystemServer.main(SystemServer.java:664)
01-05 21:34:56.544   553   564 W System  : 	at java.lang.reflect.Method.invoke(Native Method)
01-05 21:34:56.544   553   564 W System  : 	at com.android.internal.os.RuntimeInit$MethodAndArgsCaller.run(RuntimeInit.java:552)
01-05 21:34:56.544   553   564 W System  : 	at com.android.internal.os.ZygoteInit.main(ZygoteInit.java:949)
01-05 21:34:56.545   448   459 W installd: Ignoring /data/data/fMEEADgAMAJpe_d_x6-5JG1NRnhEruR7hc02-aDtkeExHK0e59kmxA/rkz1Pjb7F1E4MCTydjZK0JNtkoB6ds_a with unexpected GID 0 instead of 10094
01-05 21:34:56.551   448   459 W installd: Ignoring /data/data/qcEEADgAMAKFzTb5oO2R4TEcrR7n2SbENu4BMmvRzv3hA0pj061MjVT_NdgQWAKHZw02Tp0MDc8/bMMEAFgPEAIo5riS4ERIy7SPrqspmdiB with unexpected GID 0 instead of 10092
01-05 21:34:56.554   448   459 W installd: Ignoring /data/data/jucEACgAIAJJCMyEdzFilDyh-ywPSvoWKu3ifLLAVjPKJ8Io4E-F5g/duYEABgAEALuucp6ZaWBP2vul38ToEZ- with unexpected GID 0 instead of 10125
01-05 21:34:56.555   448   459 W installd: Ignoring /data/data/UOQEACgAIAIP2nSDRRiT07OVF6bK1vtu_WSwHb3wDA0jCNqPQq-G8w/zeUEABgAEAKWHrFA111xSljDy1do_cqk with unexpected GID 0 instead of 10126
01-05 21:34:56.556   448   459 W installd: Ignoring /data/data/CGAFACgAIAJkgUec1JLdqIXFBNAz0JgjTfKEhqYr2LgUtq4bwagukA/XuUEABgAEAKE558t-zVWb84X9PvnjcuL with unexpected GID 0 instead of 10127
01-05 21:34:56.559   448   459 W installd: Ignoring /data/data/NSZ5kR8OL8GFzTb5oO2R4TEcrR7n2SbETs2hnjKudTae_XM9pDvClApxfC8U_AL2pjjehX_kLgs/AAAAAAAAAADjB5vLJi00nPYM7l5LSWvO with unexpected GID 0 instead of 10130
01-05 21:34:56.596   439   457 W idmap2d : failed to parse idmap header of '/data/resource-cache/vendor@overlay@SystemUI__auto_generated_rro_vendor.apk@idmap'
01-05 21:34:56.602   439   457 W idmap2d : failed to find resource 'bool/config_show4GForLTE'
01-05 21:34:56.602   439   457 E idmap2d : no resources were overlaid
01-05 21:34:56.606   553   616 W PackageManager: Skipping preparing app data for com.google.android.devicelock
01-05 21:34:56.606   553   616 W PackageManager: Skipping preparing app data for com.google.android.tzdata5
01-05 21:34:56.606   553   616 W PackageManager: Skipping preparing app data for com.google.android.ondevicepersonalization
01-05 21:34:56.606   553   616 W PackageManager: Skipping preparing app data for com.google.android.media.swcodec
01-05 21:34:56.606   553   616 W PackageManager: Skipping preparing app data for com.google.android.os.statsd
01-05 21:34:56.606   553   616 W PackageManager: Skipping preparing app data for com.google.mainline.primary.libs
01-05 21:34:56.606   553   616 W PackageManager: Skipping preparing app data for com.google.android.extservices
01-05 21:34:56.606   553   616 W PackageManager: Skipping preparing app data for com.google.android.sdksandbox
01-05 21:34:56.606   553   616 W PackageManager: Skipping preparing app data for com.google.android.healthfitness
01-05 21:34:56.606   553   616 W PackageManager: Skipping preparing app data for com.google.android.ipsec
01-05 21:34:56.606   553   616 W PackageManager: Skipping preparing app data for com.google.android.media
01-05 21:34:56.606   553   616 W PackageManager: Skipping preparing app data for com.android.i18n
01-05 21:34:56.606   553   616 W PackageManager: Skipping preparing app data for com.android.virt
01-05 21:34:56.606   553   616 W PackageManager: Skipping preparing app data for com.google.android.appsearch
01-05 21:34:56.606   553   616 W PackageManager: Skipping preparing app data for com.google.android.configinfrastructure
01-05 21:34:56.606   553   616 W PackageManager: Skipping preparing app data for com.android.apex.cts.shim
01-05 21:34:56.606   553   616 W PackageManager: Skipping preparing app data for com.google.android.resolv
01-05 21:34:56.606   553   616 W PackageManager: Skipping preparing app data for com.google.android.sdkext
01-05 21:34:56.606   553   616 W PackageManager: Skipping preparing app data for com.google.android.art
01-05 21:34:56.607   553   616 W PackageManager: Skipping preparing app data for com.google.android.uwb
01-05 21:34:56.607   553   616 W PackageManager: Skipping preparing app data for com.google.android.runtime
01-05 21:34:56.607   553   616 W PackageManager: Skipping preparing app data for com.google.android.adservices
01-05 21:34:56.607   553   616 W PackageManager: Skipping preparing app data for com.google.android.scheduling
01-05 21:34:56.607   553   616 W PackageManager: Skipping preparing app data for com.google.android.mediaprovider
01-05 21:34:56.607   553   616 W PackageManager: Skipping preparing app data for com.google.android.permission
01-05 21:34:56.607   553   616 W PackageManager: Skipping preparing app data for com.google.android.neuralnetworks
01-05 21:34:56.607   553   616 W PackageManager: Skipping preparing app data for com.google.android.tethering
01-05 21:34:56.607   553   616 W PackageManager: Skipping preparing app data for com.google.android.btservices
01-05 21:34:56.607   553   616 W PackageManager: Skipping preparing app data for com.google.android.adbd
01-05 21:34:56.607   553   616 W PackageManager: Skipping preparing app data for com.google.android.rkpd
01-05 21:34:56.607   553   616 W PackageManager: Skipping preparing app data for com.google.android.wifi
01-05 21:34:56.607   553   616 W PackageManager: Skipping preparing app data for com.google.android.conscrypt
01-05 21:34:56.607   553   616 W PackageManager: Skipping preparing app data for com.google.android.vndk.v34
01-05 21:34:56.622   448   459 W cutils  : Expected path /data/user_de/0/com.google.android.gms with mode 700 but found 711
01-05 21:34:56.630   553   616 I PackageManager: Deferred reconcileAppsData finished 165 packages
01-05 21:34:56.654   553   553 D SystemServerTiming: StartResourcesManagerService
01-05 21:34:56.655   553   553 D SystemServerTiming: StartSensorPrivacyService
01-05 21:34:56.657   553   573 W ActivityTaskManager: Skip updateConfiguration because mWindowManager isn't set
01-05 21:34:56.658   553   573 W BroadcastLoopers: Found previously unknown looper Thread[android.fg,5,main]
01-05 21:34:56.660   553   553 D SystemServerTiming: StartSensorService
01-05 21:34:56.661   553   553 I SystemServiceManager: Starting com.android.server.sensors.SensorService
01-05 21:34:56.661   553   629 D SystemServerTimingAsync: InitThreadPoolExec:StartNativeSensorService
01-05 21:34:56.661   553   553 D SystemServerTiming: startCoreServices
01-05 21:34:56.661   553   629 D SystemServerTimingAsync: StartNativeSensorService
01-05 21:34:56.661   553   553 D SystemServerTiming: StartSystemConfigService
01-05 21:34:56.662   553   553 I SystemServiceManager: Starting com.android.server.SystemConfigService
01-05 21:34:56.662   553   629 D SensorService: nuSensorService starting...
01-05 21:34:56.662   553   553 D SystemServerTiming: StartBatteryService
01-05 21:34:56.662   553   553 I SystemServiceManager: Starting com.android.server.BatteryService
01-05 21:34:56.665   158   158 I hwservicemanager: getTransport: Cannot find entry android.hardware.sensors@2.1::ISensors/default in either framework or device VINTF manifest.
01-05 21:34:56.665   397   397 D audioserver: main: AudioPolicy created
01-05 21:34:56.665   158   158 I hwservicemanager: getTransport: Cannot find entry android.hardware.sensors@2.0::ISensors/default in either framework or device VINTF manifest.
01-05 21:34:56.665   450   450 W AudioAnalytics: onAudioServerStart: (key=audio.policy) AudioPolicy ctor, loadTimeMs:3840.149414
01-05 21:34:56.666   158   158 I hwservicemanager: getTransport: Cannot find entry android.hardware.sensors@1.0::ISensors/default in either framework or device VINTF manifest.
01-05 21:34:56.666   397   397 D audioserver: main: Do not init aaudio service, status 0, policy info size 1
01-05 21:34:56.666   397   397 I audioserver: main: initialization done in 4255.271 ms, joining thread pool
01-05 21:34:56.670   553   553 I HealthServiceWrapperAidl: health: HealthServiceWrapper listening to AIDL HAL
01-05 21:34:56.671   553   553 I BatteryService: health: Waited 1ms and received the update.
01-05 21:34:56.672   553   553 D SystemServerTiming: StartUsageService
01-05 21:34:56.672   553   553 I SystemServiceManager: Starting com.android.server.usage.UsageStatsService
01-05 21:34:56.677   553   553 D SystemServerTiming: StartWebViewUpdateService
01-05 21:34:56.677   553   553 I SystemServiceManager: Starting com.android.server.webkit.WebViewUpdateService
01-05 21:34:56.678   553   553 D SystemServerTiming: StartCachedDeviceStateService
01-05 21:34:56.678   553   553 I SystemServiceManager: Starting com.android.server.CachedDeviceStateService
01-05 21:34:56.678   553   553 D SystemServerTiming: StartBinderCallsStatsService
01-05 21:34:56.678   553   553 I SystemServiceManager: Starting com.android.server.BinderCallsStatsService$LifeCycle
01-05 21:34:56.678   553   553 D SystemServerTiming: StartLooperStatsService
01-05 21:34:56.679   553   553 I SystemServiceManager: Starting com.android.server.LooperStatsService$Lifecycle
01-05 21:34:56.679   553   553 D SystemServerTiming: StartRollbackManagerService
01-05 21:34:56.679   553   553 I SystemServiceManager: Starting com.android.server.rollback.RollbackManagerService
01-05 21:34:56.680   448   459 D installd: Found quota mount /dev/block/dm-38 at /data
01-05 21:34:56.680   448   459 D installd: Found quota mount /dev/block/dm-38 at /data/user/0
01-05 21:34:56.681   553   553 I PackageWatchdog: Syncing state, reason: added new observer
01-05 21:34:56.681   553   553 I PackageWatchdog: Not pruning observers, elapsed time: 0ms
01-05 21:34:56.682   553   583 I PackageWatchdog: Saving observer state to file
01-05 21:34:56.686   553   553 D SystemServerTiming: StartNativeTombstoneManagerService
01-05 21:34:56.686   553   553 I SystemServiceManager: Starting com.android.server.os.NativeTombstoneManagerService
01-05 21:34:56.687   553   553 D SystemServerTiming: StartBugreportManagerService
01-05 21:34:56.687   553   553 I SystemServiceManager: Starting com.android.server.os.BugreportManagerService
01-05 21:34:56.687   553   553 D SystemServerTiming: GpuService
01-05 21:34:56.687   553   553 I SystemServiceManager: Starting com.android.server.gpu.GpuService
01-05 21:34:56.687   553   553 D SystemServerTiming: StartRemoteProvisioningService
01-05 21:34:56.688   553   553 I SystemServiceManager: Starting com.android.server.security.rkp.RemoteProvisioningService
01-05 21:34:56.688   553   553 D SystemServerTiming: startOtherServices
01-05 21:34:56.688   553   553 D SystemServerTiming: StartKeyAttestationApplicationIdProviderService
01-05 21:34:56.688   553   636 D SystemServerTimingAsync: InitThreadPoolExec:SecondaryZygotePreload
01-05 21:34:56.689   553   636 I SystemServer: SecondaryZygotePreload
01-05 21:34:56.689   553   636 D SystemServerTimingAsync: SecondaryZygotePreload
01-05 21:34:56.689   553   553 D SystemServerTiming: StartKeyChainSystemService
01-05 21:34:56.689   553   553 I SystemServiceManager: Starting com.android.server.security.KeyChainSystemService
01-05 21:34:56.689   553   553 D SystemServerTiming: StartBinaryTransparencyService
01-05 21:34:56.689   553   553 I SystemServiceManager: Starting com.android.server.BinaryTransparencyService
01-05 21:34:56.689   553   636 E SystemServer: Unable to preload default resources for secondary
01-05 21:34:56.690   553   553 I TransparencyService: Started BinaryTransparencyService
01-05 21:34:56.690   553   553 D SystemServerTiming: StartSchedulingPolicyService
01-05 21:34:56.690   553   580 D SystemServerTimingAsync: InitThreadPoolExec:SchedulingPolicyService.<init>
01-05 21:34:56.692   553   553 D SystemServerTiming: StartTelephonyRegistry
01-05 21:34:56.693   553   580 I SchedulingPolicyService: Moving 462 back to group default
01-05 21:34:56.693   553   553 D SystemServerTiming: StartEntropyMixer
01-05 21:34:56.694   553   553 I EntropyMixer: Loaded existing seed file
01-05 21:34:56.697   553   553 I EntropyMixer: Updated seed file
01-05 21:34:56.697   553   553 D SystemServerTiming: StartAccountManagerService
01-05 21:34:56.697   553   553 I SystemServiceManager: Starting com.android.server.accounts.AccountManagerService$Lifecycle
01-05 21:34:56.700   553   553 D CompatibilityChangeReporter: Compat change id reported: 148180766; UID 1000; state: ENABLED
01-05 21:34:56.701   553   553 D SystemServerTiming: StartContentService
01-05 21:34:56.701   553   553 I SystemServiceManager: Starting com.android.server.content.ContentService$Lifecycle
01-05 21:34:56.702   553   553 D SystemServerTiming: InstallSystemProviders
01-05 21:34:56.712   553   553 D nativeloader: Configuring clns-shared-14 for other apk /system/priv-app/SettingsProvider/SettingsProvider.apk. target_sdk_version=34, uses_libraries=, library_path=/system/priv-app/SettingsProvider/lib/x86:/system/priv-app/SettingsProvider/SettingsProvider.apk!/lib/x86:/system/lib:/system_ext/lib, permitted_path=/data:/mnt/expand:/data/user_de/0/com.android.providers.settings:/system/priv-app/SettingsProvider:/system/lib:/system_ext/lib
01-05 21:34:56.760   553   553 D ActivityManager: Checking cgroup freezer: /sys/fs/cgroup/uid_0/pid_348/cgroup.freeze
01-05 21:34:56.760   553   553 D ActivityManager: Checking binder freezer ioctl
01-05 21:34:56.761   553   553 D ActivityManager: Checking freezer profiles
01-05 21:34:56.761   553   553 D ActivityManager: Freezer supported: true
01-05 21:34:56.761   553   553 D ActivityManager: Freezer timeout set to 10000
01-05 21:34:56.761   553   553 D ActivityManager: Freezer exemption set to true
01-05 21:34:56.761   553   584 D ActivityManager: Freezer enabled
01-05 21:34:56.761   553   584 D ActivityManager: freezer override set to false
01-05 21:34:56.761   553   553 I SystemServiceManager: Starting com.android.server.deviceconfig.DeviceConfigInit$Lifecycle
01-05 21:34:56.761   553   553 D SystemServerTiming: StartDropBoxManager
01-05 21:34:56.761   553   553 I SystemServiceManager: Starting com.android.server.DropBoxManagerService
01-05 21:34:56.762   553   553 D SystemServerTiming: StartRoleManagerService
01-05 21:34:56.762   553   553 I SystemServiceManager: Starting com.android.role.RoleService
01-05 21:34:56.765   553   553 D SystemServerTiming: StartVibratorManagerService
01-05 21:34:56.765   553   553 I SystemServiceManager: Starting com.android.server.vibrator.VibratorManagerService$Lifecycle
01-05 21:34:56.770   396   396 I android.hardware.vibrator-service.example: Vibrator manager reporting capabilities
01-05 21:34:56.770   396   396 I android.hardware.vibrator-service.example: Vibrator manager getting vibrator ids
01-05 21:34:56.770   396   396 I android.hardware.vibrator-service.example: Vibrator manager getting vibrator 1
01-05 21:34:56.774   396   396 I android.hardware.vibrator-service.example: Vibrator Manager cancel synced
01-05 21:34:56.774   396   396 I android.hardware.vibrator-service.example: Vibrator manager getting vibrator 1
01-05 21:34:56.775   553   553 D SystemServerTiming: StartDynamicSystemService
01-05 21:34:56.775   553   553 D SystemServerTiming: StartResourceEconomy
01-05 21:34:56.776   553   553 I SystemServiceManager: Starting com.android.server.tare.InternalResourceService
01-05 21:34:56.780   553   553 D SystemServerTiming: StartAlarmManagerService
01-05 21:34:56.780   553   553 I SystemServiceManager: Starting com.android.server.alarm.AlarmManagerService
01-05 21:34:56.786   553   553 D CompatibilityChangeReporter: Compat change id reported: 160794467; UID 1000; state: ENABLED
01-05 21:34:56.787   553   553 D SystemServerTiming: StartInputManagerService
01-05 21:34:56.789   346   350 I ServiceManagerCppClient: Waiting for service 'statscompanion' on '/dev/binder'...
01-05 21:34:56.795   553   553 I InputManager: Initializing input manager, mUseDevInputEventForAudioJack=true
01-05 21:34:56.796   553   553 D SystemServerTiming: DeviceStateManagerService
01-05 21:34:56.796   553   553 I SystemServiceManager: Starting com.android.server.devicestate.DeviceStateManagerService
01-05 21:34:56.798   553   553 E DeviceStateManagerService: Cannot notify device state info change before the initial state has been committed.
01-05 21:34:56.799   553   553 I DeviceStateManagerService: Cannot notify device state info change when pending state is present.
01-05 21:34:56.800   553   553 D SystemServerTiming: StartCameraServiceProxy
01-05 21:34:56.800   553   553 I SystemServiceManager: Starting com.android.server.camera.CameraServiceProxy
01-05 21:34:56.801   553   553 D SystemServerTiming: StartWindowManagerService
01-05 21:34:56.801   553   553 I SystemServiceManager: Starting phase 200
01-05 21:34:56.801   553   553 D SystemServerTiming: OnBootPhase_200
01-05 21:34:56.801   553   553 D SystemServerTiming: OnBootPhase_200_com.android.server.security.FileIntegrityService
01-05 21:34:56.801   553   553 D SystemServerTiming: OnBootPhase_200_com.android.server.pm.Installer
01-05 21:34:56.801   553   553 D SystemServerTiming: OnBootPhase_200_com.android.server.os.DeviceIdentifiersPolicyService
01-05 21:34:56.801   553   553 D SystemServerTiming: OnBootPhase_200_com.android.server.uri.UriGrantsManagerService$Lifecycle
01-05 21:34:56.801   553   553 D SystemServerTiming: OnBootPhase_200_com.android.server.powerstats.PowerStatsService
01-05 21:34:56.802   553   553 D SystemServerTiming: OnBootPhase_200_com.android.server.permission.access.AccessCheckingService
01-05 21:34:56.802   553   553 D SystemServerTiming: OnBootPhase_200_com.android.server.wm.ActivityTaskManagerService$Lifecycle
01-05 21:34:56.802   553   553 D SystemServerTiming: OnBootPhase_200_com.android.server.am.ActivityManagerService$Lifecycle
01-05 21:34:56.802   553   553 D SystemServerTiming: OnBootPhase_200_com.android.server.pm.DataLoaderManagerService
01-05 21:34:56.802   553   553 D SystemServerTiming: OnBootPhase_200_com.android.server.power.PowerManagerService
01-05 21:34:56.802   553   553 D SystemServerTiming: OnBootPhase_200_com.android.server.power.ThermalManagerService
01-05 21:34:56.802   553   553 D SystemServerTiming: OnBootPhase_200_com.android.server.power.hint.HintManagerService
01-05 21:34:56.802   553   553 D SystemServerTiming: OnBootPhase_200_com.android.server.recoverysystem.RecoverySystemService$Lifecycle
01-05 21:34:56.802   553   553 D SystemServerTiming: OnBootPhase_200_com.android.server.lights.LightsService
01-05 21:34:56.802   553   553 D SystemServerTiming: OnBootPhase_200_com.android.server.display.DisplayManagerService
01-05 21:34:56.802   553   553 D SystemServerTiming: OnBootPhase_200_com.android.server.pm.verify.domain.DomainVerificationService
01-05 21:34:56.802   553   553 D SystemServerTiming: OnBootPhase_200_com.android.server.pm.PackageInstallerService$Lifecycle
01-05 21:34:56.802   553   553 D SystemServerTiming: OnBootPhase_200_com.android.server.pm.UserManagerService$LifeCycle
01-05 21:34:56.802   553   553 D SystemServerTiming: OnBootPhase_200_com.android.server.om.OverlayManagerService
01-05 21:34:56.802   553   553 D SystemServerTiming: OnBootPhase_200_com.android.server.resources.ResourcesManagerService
01-05 21:34:56.802   553   553 D SystemServerTiming: OnBootPhase_200_com.android.server.sensorprivacy.SensorPrivacyService
01-05 21:34:56.802   553   553 D SystemServerTiming: OnBootPhase_200_com.android.server.sensors.SensorService
01-05 21:34:56.802   553   553 D SystemServerTiming: OnBootPhase_200_com.android.server.SystemConfigService
01-05 21:34:56.803   553   553 D SystemServerTiming: OnBootPhase_200_com.android.server.BatteryService
01-05 21:34:56.803   553   553 D SystemServerTiming: OnBootPhase_200_com.android.server.usage.UsageStatsService
01-05 21:34:56.803   553   553 D SystemServerTiming: OnBootPhase_200_com.android.server.webkit.WebViewUpdateService
01-05 21:34:56.803   553   553 D SystemServerTiming: OnBootPhase_200_com.android.server.CachedDeviceStateService
01-05 21:34:56.803   553   553 D SystemServerTiming: OnBootPhase_200_com.android.server.BinderCallsStatsService$LifeCycle
01-05 21:34:56.803   553   553 D SystemServerTiming: OnBootPhase_200_com.android.server.LooperStatsService$Lifecycle
01-05 21:34:56.803   553   553 D SystemServerTiming: OnBootPhase_200_com.android.server.rollback.RollbackManagerService
01-05 21:34:56.803   553   553 D SystemServerTiming: OnBootPhase_200_com.android.server.os.NativeTombstoneManagerService
01-05 21:34:56.803   553   553 D SystemServerTiming: OnBootPhase_200_com.android.server.os.BugreportManagerService
01-05 21:34:56.803   553   553 D SystemServerTiming: OnBootPhase_200_com.android.server.gpu.GpuService
01-05 21:34:56.803   553   553 D SystemServerTiming: OnBootPhase_200_com.android.server.security.rkp.RemoteProvisioningService
01-05 21:34:56.803   553   553 D SystemServerTiming: OnBootPhase_200_com.android.server.security.KeyChainSystemService
01-05 21:34:56.803   553   553 D SystemServerTiming: OnBootPhase_200_com.android.server.BinaryTransparencyService
01-05 21:34:56.803   553   553 D SystemServerTiming: OnBootPhase_200_com.android.server.accounts.AccountManagerService$Lifecycle
01-05 21:34:56.803   553   553 D SystemServerTiming: OnBootPhase_200_com.android.server.content.ContentService$Lifecycle
01-05 21:34:56.803   553   553 D SystemServerTiming: OnBootPhase_200_com.android.server.deviceconfig.DeviceConfigInit$Lifecycle
01-05 21:34:56.803   553   553 D SystemServerTiming: OnBootPhase_200_com.android.server.DropBoxManagerService
01-05 21:34:56.803   553   553 D SystemServerTiming: OnBootPhase_200_com.android.role.RoleService
01-05 21:34:56.803   553   553 D SystemServerTiming: OnBootPhase_200_com.android.server.vibrator.VibratorManagerService$Lifecycle
01-05 21:34:56.803   553   553 D SystemServerTiming: OnBootPhase_200_com.android.server.tare.InternalResourceService
01-05 21:34:56.804   553   553 D SystemServerTiming: OnBootPhase_200_com.android.server.alarm.AlarmManagerService
01-05 21:34:56.804   553   553 D SystemServerTiming: OnBootPhase_200_com.android.server.devicestate.DeviceStateManagerService
01-05 21:34:56.804   553   553 D SystemServerTiming: OnBootPhase_200_com.android.server.camera.CameraServiceProxy
01-05 21:34:56.806   553   553 I WindowManager: No existing display settings, starting empty
01-05 21:34:56.816   553   576 I WindowTracing: Setting window tracing log level to 1
01-05 21:34:56.816   553   576 I WindowTracing: Setting window tracing buffer capacity to 10485760bytes
01-05 21:34:56.823   553   553 D SystemServerTiming: SetWindowManagerService
01-05 21:34:56.860   553   553 I ActivityTaskManager: Loaded persisted task ids for user 0
01-05 21:34:56.862   553   553 D SystemServerTiming: WindowManagerServiceOnInitReady
01-05 21:34:56.870   553   574 W BroadcastLoopers: Found previously unknown looper Thread[android.ui,5,main]
01-05 21:34:56.872   553   616 D SystemServerTimingAsync: InitThreadPoolExec:StartISensorManagerService
01-05 21:34:56.872   553   629 D SystemServerTimingAsync: InitThreadPoolExec:StartHidlServices
01-05 21:34:56.872   553   629 D SystemServerTimingAsync: StartHidlServices
01-05 21:34:56.872   553   553 D SystemServerTiming: StartInputManager
01-05 21:34:56.872   553   553 I InputManager: Starting input manager
01-05 21:34:56.872   553   616 D SystemServerTimingAsync: StartISensorManagerService
01-05 21:34:56.873   158   158 I hwservicemanager: getTransport: Cannot find entry android.frameworks.schedulerservice@1.0::ISchedulingPolicyService/default in either framework or device VINTF manifest.
01-05 21:34:56.873   553   629 W system_server: android.frameworks.schedulerservice@1.0::ISchedulingPolicyService is deprecated. Skipping registration.
01-05 21:34:56.873   553   553 D SystemServerTiming: DisplayManagerWindowManagerAndInputReady
01-05 21:34:56.873   553   553 V HistoricalRegistry: Interaction before persistence initialized
01-05 21:34:56.873   553   616 I HidlServiceManagement: Registered android.frameworks.sensorservice@1.0::ISensorManager/default
01-05 21:34:56.873   553   553 D SystemServerTiming: StartBluetoothService
01-05 21:34:56.875   553   553 I SystemServiceManager: Starting com.android.server.bluetooth.BluetoothService
01-05 21:34:56.877   553   553 D BluetoothManagerService: Loading stored name and address
01-05 21:34:56.877   553   553 D BluetoothManagerService: Stored bluetooth Name=AOSP TV on x86,Address=DA:4C:10:DE:17:00
01-05 21:34:56.877   553   553 D BluetoothManagerService: Bluetooth persisted state: 1
01-05 21:34:56.877   553   553 D BluetoothManagerService: Startup: Bluetooth persisted state is ON.
01-05 21:34:56.877   553   553 D BluetoothManagerService: Detected SystemUiUid: 10097
01-05 21:34:56.877   553   553 D BluetoothSatelliteModeListener:  BluetoothSatelliteModeListener
01-05 21:34:56.878   553   553 D SystemServerTiming: IpConnectivityMetrics
01-05 21:34:56.878   553   553 I SystemServiceManager: Starting com.android.server.connectivity.IpConnectivityMetrics
01-05 21:34:56.878   553   553 D SystemServerTiming: NetworkWatchlistService
01-05 21:34:56.878   553   553 I SystemServiceManager: Starting com.android.server.net.watchlist.NetworkWatchlistService$Lifecycle
01-05 21:34:56.881   553   553 I WatchlistSettings: Reload watchlist settings done
01-05 21:34:56.882   553   650 I EventHub: usingClockIoctl=true
01-05 21:34:56.882   553   650 I EventHub: New device: id=1, fd=198, path='/dev/input/event13', name='qwerty2', classes=KEYBOARD | ALPHAKEY | DPAD, configuration='/vendor/usr/idc/qwerty2.idc', keyLayout='/vendor/usr/keylayout/qwerty.kl', keyCharacterMap='/system/usr/keychars/qwerty2.kcm', builtinKeyboard=true, 
01-05 21:34:56.882   553   553 D SystemServerTiming: PinnerService
01-05 21:34:56.882   553   553 I SystemServiceManager: Starting com.android.server.PinnerService
01-05 21:34:56.883   553   652 I WatchlistLoggingHandler: No need to aggregate record yet.
01-05 21:34:56.883   553   652 I WatchlistLoggingHandler: Milliseconds spent on tryAggregateRecords(): 1
01-05 21:34:56.883   553   553 V HistoricalRegistry: Interaction before persistence initialized
01-05 21:34:56.884   553   553 D SystemServerTiming: SignedConfigService
01-05 21:34:56.884   553   553 D SystemServerTiming: AppIntegrityService
01-05 21:34:56.884   553   553 I SystemServiceManager: Starting com.android.server.integrity.AppIntegrityManagerService
01-05 21:34:56.885   553   553 E IntegrityFileManager: Error creating staging and rules directory
01-05 21:34:56.886   553   650 W EventHub: Unable to disable kernel key repeat for /dev/input/event12: Function not implemented
01-05 21:34:56.886   553   650 I EventHub: usingClockIoctl=true
01-05 21:34:56.886   553   650 I EventHub: New device: id=2, fd=203, path='/dev/input/event12', name='virtio_input_multi_touch_11', classes=KEYBOARD | TOUCH | TOUCH_MT | SWITCH, configuration='/vendor/usr/idc/virtio_input_multi_touch_11.idc', keyLayout='/system/usr/keylayout/Generic.kl', keyCharacterMap='/system/usr/keychars/Generic.kcm', builtinKeyboard=false, 
01-05 21:34:56.886   553   553 D SystemServerTiming: StartLogcatManager
01-05 21:34:56.887   553   553 I SystemServiceManager: Starting com.android.server.logcat.LogcatManagerService
01-05 21:34:56.888   553   650 W EventHub: Unable to disable kernel key repeat for /dev/input/event11: Function not implemented
01-05 21:34:56.888   553   650 I EventHub: usingClockIoctl=true
01-05 21:34:56.888   553   650 I EventHub: New device: id=3, fd=208, path='/dev/input/event11', name='virtio_input_multi_touch_10', classes=KEYBOARD | TOUCH | TOUCH_MT | SWITCH, configuration='/vendor/usr/idc/virtio_input_multi_touch_10.idc', keyLayout='/system/usr/keylayout/Generic.kl', keyCharacterMap='/system/usr/keychars/Generic.kcm', builtinKeyboard=false, 
01-05 21:34:56.889   553   650 W EventHub: Unable to disable kernel key repeat for /dev/input/event10: Function not implemented
01-05 21:34:56.889   553   650 I EventHub: usingClockIoctl=true
01-05 21:34:56.889   553   650 I EventHub: New device: id=4, fd=209, path='/dev/input/event10', name='virtio_input_multi_touch_9', classes=KEYBOARD | TOUCH | TOUCH_MT | SWITCH, configuration='/vendor/usr/idc/virtio_input_multi_touch_9.idc', keyLayout='/system/usr/keylayout/Generic.kl', keyCharacterMap='/system/usr/keychars/Generic.kcm', builtinKeyboard=false, 
01-05 21:34:56.890   553   650 W EventHub: Unable to disable kernel key repeat for /dev/input/event9: Function not implemented
01-05 21:34:56.890   553   650 I EventHub: usingClockIoctl=true
01-05 21:34:56.890   553   650 I EventHub: New device: id=5, fd=210, path='/dev/input/event9', name='virtio_input_multi_touch_8', classes=KEYBOARD | TOUCH | TOUCH_MT | SWITCH, configuration='/vendor/usr/idc/virtio_input_multi_touch_8.idc', keyLayout='/system/usr/keylayout/Generic.kl', keyCharacterMap='/system/usr/keychars/Generic.kcm', builtinKeyboard=false, 
01-05 21:34:56.892   553   650 W EventHub: Unable to disable kernel key repeat for /dev/input/event8: Function not implemented
01-05 21:34:56.893   553   650 I EventHub: usingClockIoctl=true
01-05 21:34:56.893   553   650 I EventHub: New device: id=6, fd=211, path='/dev/input/event8', name='virtio_input_multi_touch_7', classes=KEYBOARD | TOUCH | TOUCH_MT | SWITCH, configuration='/vendor/usr/idc/virtio_input_multi_touch_7.idc', keyLayout='/system/usr/keylayout/Generic.kl', keyCharacterMap='/system/usr/keychars/Generic.kcm', builtinKeyboard=false, 
01-05 21:34:56.893   553   650 W EventHub: Unable to disable kernel key repeat for /dev/input/event7: Function not implemented
01-05 21:34:56.893   553   650 I EventHub: usingClockIoctl=true
01-05 21:34:56.893   553   650 I EventHub: New device: id=7, fd=212, path='/dev/input/event7', name='virtio_input_multi_touch_6', classes=KEYBOARD | TOUCH | TOUCH_MT | SWITCH, configuration='/vendor/usr/idc/virtio_input_multi_touch_6.idc', keyLayout='/system/usr/keylayout/Generic.kl', keyCharacterMap='/system/usr/keychars/Generic.kcm', builtinKeyboard=false, 
01-05 21:34:56.894   553   650 W EventHub: Unable to disable kernel key repeat for /dev/input/event6: Function not implemented
01-05 21:34:56.894   553   650 I EventHub: usingClockIoctl=true
01-05 21:34:56.894   553   650 I EventHub: New device: id=8, fd=213, path='/dev/input/event6', name='virtio_input_multi_touch_5', classes=KEYBOARD | TOUCH | TOUCH_MT | SWITCH, configuration='/vendor/usr/idc/virtio_input_multi_touch_5.idc', keyLayout='/system/usr/keylayout/Generic.kl', keyCharacterMap='/system/usr/keychars/Generic.kcm', builtinKeyboard=false, 
01-05 21:34:56.895   553   650 W EventHub: Unable to disable kernel key repeat for /dev/input/event5: Function not implemented
01-05 21:34:56.895   553   650 I EventHub: usingClockIoctl=true
01-05 21:34:56.895   553   650 I EventHub: New device: id=9, fd=214, path='/dev/input/event5', name='virtio_input_multi_touch_4', classes=KEYBOARD | TOUCH | TOUCH_MT | SWITCH, configuration='/vendor/usr/idc/virtio_input_multi_touch_4.idc', keyLayout='/system/usr/keylayout/Generic.kl', keyCharacterMap='/system/usr/keychars/Generic.kcm', builtinKeyboard=false, 
01-05 21:34:56.897   553   650 W EventHub: Unable to disable kernel key repeat for /dev/input/event4: Function not implemented
01-05 21:34:56.897   553   650 I EventHub: usingClockIoctl=true
01-05 21:34:56.897   553   650 I EventHub: New device: id=10, fd=215, path='/dev/input/event4', name='virtio_input_multi_touch_3', classes=KEYBOARD | TOUCH | TOUCH_MT | SWITCH, configuration='/vendor/usr/idc/virtio_input_multi_touch_3.idc', keyLayout='/system/usr/keylayout/Generic.kl', keyCharacterMap='/system/usr/keychars/Generic.kcm', builtinKeyboard=false, 
01-05 21:34:56.899   553   650 W EventHub: Unable to disable kernel key repeat for /dev/input/event3: Function not implemented
01-05 21:34:56.899   553   650 I EventHub: usingClockIoctl=true
01-05 21:34:56.899   553   650 I EventHub: New device: id=11, fd=216, path='/dev/input/event3', name='virtio_input_multi_touch_2', classes=KEYBOARD | TOUCH | TOUCH_MT | SWITCH, configuration='/vendor/usr/idc/virtio_input_multi_touch_2.idc', keyLayout='/system/usr/keylayout/Generic.kl', keyCharacterMap='/system/usr/keychars/Generic.kcm', builtinKeyboard=false, 
01-05 21:34:56.900   553   650 W EventHub: Unable to disable kernel key repeat for /dev/input/event2: Function not implemented
01-05 21:34:56.900   553   650 I EventHub: usingClockIoctl=true
01-05 21:34:56.900   553   650 I EventHub: New device: id=12, fd=217, path='/dev/input/event2', name='virtio_input_multi_touch_1', classes=KEYBOARD | TOUCH | TOUCH_MT | SWITCH, configuration='/vendor/usr/idc/virtio_input_multi_touch_1.idc', keyLayout='/system/usr/keylayout/Generic.kl', keyCharacterMap='/system/usr/keychars/Generic.kcm', builtinKeyboard=false, 
01-05 21:34:56.901   553   650 D EventHub: No input device configuration file found for device 'Power Button'.
01-05 21:34:56.901   553   650 W EventHub: Unable to disable kernel key repeat for /dev/input/event0: Function not implemented
01-05 21:34:56.901   553   650 I EventHub: usingClockIoctl=true
01-05 21:34:56.901   553   650 I EventHub: New device: id=13, fd=218, path='/dev/input/event0', name='Power Button', classes=KEYBOARD, configuration='', keyLayout='/system/usr/keylayout/Generic.kl', keyCharacterMap='/system/usr/keychars/Generic.kcm', builtinKeyboard=false, 
01-05 21:34:56.902   553   650 D EventHub: No input device configuration file found for device 'AT Translated Set 2 keyboard'.
01-05 21:34:56.902   553   650 I EventHub: usingClockIoctl=true
01-05 21:34:56.902   553   650 I EventHub: New device: id=14, fd=219, path='/dev/input/event1', name='AT Translated Set 2 keyboard', classes=KEYBOARD | ALPHAKEY | EXTERNAL_STYLUS, configuration='', keyLayout='/system/usr/keylayout/Generic.kl', keyCharacterMap='/system/usr/keychars/Generic.kcm', builtinKeyboard=false, 
01-05 21:34:56.904   553   650 I InputReader: Device added: id=-1, eventHubId=-1, name='Virtual', descriptor='a718a782d34bc767f4689c232d64d527998ea7fd',sources=KEYBOARD | DPAD
01-05 21:34:56.904   553   650 I InputReader: Device added: id=2, eventHubId=14, name='AT Translated Set 2 keyboard', descriptor='485d69228e24f5e46da1598745890b214130dbc4',sources=KEYBOARD | STYLUS
01-05 21:34:56.904   553   650 I InputReader: Reconfiguring input devices, changes=EXTERNAL_STYLUS_PRESENCE
01-05 21:34:56.905   553   650 I InputReader: Device added: id=3, eventHubId=13, name='Power Button', descriptor='26d13db3fa0f6bd5d05831266fb01ea6c500b88c',sources=KEYBOARD
01-05 21:34:56.905   553   650 I InputReader: Touch device 'virtio_input_multi_touch_1' could not query the properties of its associated display.  The device will be inoperable until the display size becomes available.
01-05 21:34:56.906   553   650 I InputReader: Device added: id=4, eventHubId=12, name='virtio_input_multi_touch_1', descriptor='43db9dd6fa61939c1b516cd9522f0fe93926a00b',sources=KEYBOARD | TOUCHSCREEN | STYLUS | BLUETOOTH_STYLUS
01-05 21:34:56.906   553   650 I InputReader: Touch device 'virtio_input_multi_touch_2' could not query the properties of its associated display.  The device will be inoperable until the display size becomes available.
01-05 21:34:56.906   553   650 I InputReader: Device added: id=5, eventHubId=11, name='virtio_input_multi_touch_2', descriptor='929d4636b8e04f50240a26561429a6e91c9eff9e',sources=KEYBOARD | TOUCHSCREEN | STYLUS | BLUETOOTH_STYLUS
01-05 21:34:56.906   553   650 I InputReader: Touch device 'virtio_input_multi_touch_3' could not query the properties of its associated display.  The device will be inoperable until the display size becomes available.
01-05 21:34:56.906   553   650 I InputReader: Device added: id=6, eventHubId=10, name='virtio_input_multi_touch_3', descriptor='d02b0eff93435c71d7fcb0c5db2c4e01c700002e',sources=KEYBOARD | TOUCHSCREEN | STYLUS | BLUETOOTH_STYLUS
01-05 21:34:56.906   553   650 I InputReader: Touch device 'virtio_input_multi_touch_4' could not query the properties of its associated display.  The device will be inoperable until the display size becomes available.
01-05 21:34:56.906   553   650 I InputReader: Device added: id=7, eventHubId=9, name='virtio_input_multi_touch_4', descriptor='3e50b6575df319e017bd447766007caeb20ef93b',sources=KEYBOARD | TOUCHSCREEN | STYLUS | BLUETOOTH_STYLUS
01-05 21:34:56.906   553   650 I InputReader: Touch device 'virtio_input_multi_touch_5' could not query the properties of its associated display.  The device will be inoperable until the display size becomes available.
01-05 21:34:56.906   553   650 I InputReader: Device added: id=8, eventHubId=8, name='virtio_input_multi_touch_5', descriptor='a009ac16f7539a9e4072c1f537120c35a8163d3b',sources=KEYBOARD | TOUCHSCREEN | STYLUS | BLUETOOTH_STYLUS
01-05 21:34:56.906   553   650 I InputReader: Touch device 'virtio_input_multi_touch_6' could not query the properties of its associated display.  The device will be inoperable until the display size becomes available.
01-05 21:34:56.906   553   650 I InputReader: Device added: id=9, eventHubId=7, name='virtio_input_multi_touch_6', descriptor='0b49b597447c4c7be1d009f9a86bbed08b2e6b6d',sources=KEYBOARD | TOUCHSCREEN | STYLUS | BLUETOOTH_STYLUS
01-05 21:34:56.906   553   650 I InputReader: Touch device 'virtio_input_multi_touch_7' could not query the properties of its associated display.  The device will be inoperable until the display size becomes available.
01-05 21:34:56.906   553   650 I InputReader: Device added: id=10, eventHubId=6, name='virtio_input_multi_touch_7', descriptor='e1c836c7be888adb29ca6646292e486f96461e97',sources=KEYBOARD | TOUCHSCREEN | STYLUS | BLUETOOTH_STYLUS
01-05 21:34:56.906   553   650 I InputReader: Touch device 'virtio_input_multi_touch_8' could not query the properties of its associated display.  The device will be inoperable until the display size becomes available.
01-05 21:34:56.906   553   650 I InputReader: Device added: id=11, eventHubId=5, name='virtio_input_multi_touch_8', descriptor='df0ec362af5f2fec5a1bbb512f6e9556bd6b3fcf',sources=KEYBOARD | TOUCHSCREEN | STYLUS | BLUETOOTH_STYLUS
01-05 21:34:56.906   553   650 I InputReader: Touch device 'virtio_input_multi_touch_9' could not query the properties of its associated display.  The device will be inoperable until the display size becomes available.
01-05 21:34:56.907   553   650 I InputReader: Device added: id=12, eventHubId=4, name='virtio_input_multi_touch_9', descriptor='ac8abc2b3d95a68148a903fffc0a312b4dd19302',sources=KEYBOARD | TOUCHSCREEN | STYLUS | BLUETOOTH_STYLUS
01-05 21:34:56.907   553   650 I InputReader: Touch device 'virtio_input_multi_touch_10' could not query the properties of its associated display.  The device will be inoperable until the display size becomes available.
01-05 21:34:56.907   553   650 I InputReader: Device added: id=13, eventHubId=3, name='virtio_input_multi_touch_10', descriptor='03d5168c37d991df1726df002537cd6ccc5b68cb',sources=KEYBOARD | TOUCHSCREEN | STYLUS | BLUETOOTH_STYLUS
01-05 21:34:56.907   553   650 I InputReader: Touch device 'virtio_input_multi_touch_11' could not query the properties of its associated display.  The device will be inoperable until the display size becomes available.
01-05 21:34:56.907   553   650 I InputReader: Device added: id=14, eventHubId=2, name='virtio_input_multi_touch_11', descriptor='e760666b71e579617395a5018f318365e9f44147',sources=KEYBOARD | TOUCHSCREEN | STYLUS | BLUETOOTH_STYLUS
01-05 21:34:56.907   553   650 I InputReader: Device added: id=0, eventHubId=0, name='qwerty2', descriptor='e9ac6dde47cf0ffa91b87f7b85e6f8de0933fc98',sources=KEYBOARD | DPAD
01-05 21:34:56.909   553   553 I WindowManager: SAFE MODE not enabled
01-05 21:34:56.909   553   553 D SystemServerTiming: StartInputMethodManagerLifecycle
01-05 21:34:56.909   553   553 I SystemServiceManager: Starting com.android.server.inputmethod.InputMethodManagerService$Lifecycle
01-05 21:34:56.914   553   553 D SystemServerTiming: StartAccessibilityManagerService
01-05 21:34:56.914   553   553 I SystemServiceManager: Starting com.android.server.accessibility.AccessibilityManagerService$Lifecycle
01-05 21:34:56.922   553   553 D SystemServerTiming: MakeDisplayReady
01-05 21:34:56.924   553   553 I ActivityTaskManager: Config changes=20005df8 {1.0 ?mcc0mnc [en_US] ldltr sw541dp w962dp h541dp 213dpi lrg long land ?uimode ?night -touch qwerty/v/v dpad/v winConfig={ mBounds=Rect(0, 0 - 1280, 720) mAppBounds=Rect(0, 0 - 1280, 720) mMaxBounds=Rect(0, 0 - 1280, 720) mDisplayRotation=ROTATION_0 mWindowingMode=fullscreen mDisplayWindowingMode=fullscreen mActivityType=undefined mAlwaysOnTop=undefined mRotation=ROTATION_0} s.2 ?fontWeightAdjustment}
