01-06 02:48:57.689   944   944 I SystemServiceManager: Starting com.android.server.BinderCallsStatsService$LifeCycle
01-06 02:48:57.690   944   944 V SystemServerTiming: StartBinderCallsStatsService took to complete: 1ms
01-06 02:48:57.690   944   944 D SystemServerTiming: StartLooperStatsService
01-06 02:48:57.691   944   944 I SystemServiceManager: Starting com.android.server.LooperStatsService$Lifecycle
01-06 02:48:57.692   944   944 V SystemServerTiming: StartLooperStatsService took to complete: 2ms
01-06 02:48:57.692   944   944 D SystemServerTiming: StartRollbackManagerService
01-06 02:48:57.692   944   944 I SystemServiceManager: Starting com.android.server.rollback.RollbackManagerService
01-06 02:48:57.696   944   944 I PackageWatchdog: Syncing state, reason: added new observer
01-06 02:48:57.696   944   944 I PackageWatchdog: Not pruning observers, elapsed time: 0ms
01-06 02:48:57.696   944   944 I PackageWatchdog: Cancelling state sync, nothing to sync
01-06 02:48:57.696   944   975 I PackageWatchdog: Saving observer state to file
01-06 02:48:57.699   944   944 V SystemServerTiming: StartRollbackManagerService took to complete: 7ms
01-06 02:48:57.699   944   944 D SystemServerTiming: StartNativeTombstoneManagerService
01-06 02:48:57.699   944   944 I SystemServiceManager: Starting com.android.server.os.NativeTombstoneManagerService
01-06 02:48:57.700   944   944 V SystemServerTiming: StartNativeTombstoneManagerService took to complete: 0ms
01-06 02:48:57.700   944   944 D SystemServerTiming: StartBugreportManagerService
01-06 02:48:57.700   944   944 I SystemServiceManager: Starting com.android.server.os.BugreportManagerService
01-06 02:48:57.700   944   944 V SystemServerTiming: StartBugreportManagerService took to complete: 0ms
01-06 02:48:57.700   944   944 D SystemServerTiming: GpuService
01-06 02:48:57.700   944   944 I SystemServiceManager: Starting com.android.server.gpu.GpuService
01-06 02:48:57.700   944   944 V SystemServerTiming: GpuService took to complete: 0ms
01-06 02:48:57.700   944   944 V SystemServerTiming: startCoreServices took to complete: 25ms
01-06 02:48:57.700   944   944 D SystemServerTiming: startOtherServices
01-06 02:48:57.701   944   944 D SystemServerTiming: StartKeyAttestationApplicationIdProviderService
01-06 02:48:57.701   944  1074 D SystemServerTimingAsync: InitThreadPoolExec:SecondaryZygotePreload
01-06 02:48:57.701   944  1074 D SystemServerInitThreadPool: Started executing SecondaryZygotePreload
01-06 02:48:57.701   944  1074 I SystemServer: SecondaryZygotePreload
01-06 02:48:57.701   944  1074 D SystemServerTimingAsync: SecondaryZygotePreload
01-06 02:48:57.701   944   944 V SystemServerTiming: StartKeyAttestationApplicationIdProviderService took to complete: 0ms
01-06 02:48:57.701   944   944 D SystemServerTiming: StartKeyChainSystemService
01-06 02:48:57.701   944   944 I SystemServiceManager: Starting com.android.server.security.KeyChainSystemService
01-06 02:48:57.702   944   944 V SystemServerTiming: StartKeyChainSystemService took to complete: 1ms
01-06 02:48:57.702   944   944 D SystemServerTiming: StartBinaryTransparencyService
01-06 02:48:57.702   944   944 I SystemServiceManager: Starting com.android.server.BinaryTransparencyService
01-06 02:48:57.703   944   944 I TransparencyService: Started BinaryTransparencyService
01-06 02:48:57.703   944   944 V SystemServerTiming: StartBinaryTransparencyService took to complete: 1ms
01-06 02:48:57.703   944   944 D SystemServerTiming: StartSchedulingPolicyService
01-06 02:48:57.703   944  1075 D SystemServerTimingAsync: InitThreadPoolExec:SchedulingPolicyService.<init>
01-06 02:48:57.703   944  1075 D SystemServerInitThreadPool: Started executing SchedulingPolicyService.<init>
01-06 02:48:57.703   944   944 V SystemServerTiming: StartSchedulingPolicyService took to complete: 0ms
01-06 02:48:57.704   944   944 D SystemServerTiming: StartTelephonyRegistry
01-06 02:48:57.705   944   944 V SystemServerTiming: StartTelephonyRegistry took to complete: 0ms
01-06 02:48:57.705   944   944 D SystemServerTiming: StartEntropyMixer
01-06 02:48:57.705   944   944 I EntropyMixer: Loaded existing seed file
01-06 02:48:57.707   944   944 I EntropyMixer: Updated seed file
01-06 02:48:57.707   944   944 V SystemServerTiming: StartEntropyMixer took to complete: 2ms
01-06 02:48:57.707   944   944 D SystemServerTiming: StartAccountManagerService
01-06 02:48:57.708   944   944 I SystemServiceManager: Starting com.android.server.accounts.AccountManagerService$Lifecycle
01-06 02:48:57.713   944   944 V SystemServerTiming: StartAccountManagerService took to complete: 6ms
01-06 02:48:57.713   944   944 D SystemServerTiming: StartContentService
01-06 02:48:57.713   944   944 I SystemServiceManager: Starting com.android.server.content.ContentService$Lifecycle
01-06 02:48:57.715   944   944 V SystemServerTiming: StartContentService took to complete: 2ms
01-06 02:48:57.715   944   944 D SystemServerTiming: InstallSystemProviders
01-06 02:48:57.718   944  1075 D SystemServerInitThreadPool: Finished executing SchedulingPolicyService.<init>
01-06 02:48:57.718   944  1075 V SystemServerTimingAsync: InitThreadPoolExec:SchedulingPolicyService.<init> took to complete: 15ms
01-06 02:48:57.777   944   976 D ActivityManager: Freezer enabled
01-06 02:48:57.778   944   976 D ActivityManager: freezer override set to false
01-06 02:48:57.778   944   944 V SystemServerTiming: InstallSystemProviders took to complete: 63ms
01-06 02:48:57.778   944   944 D SystemServerTiming: UpdateWatchdogTimeout
01-06 02:48:57.778   944   944 I Watchdog: Watchdog timeout updated to 60000 millis
01-06 02:48:57.778   944   944 V SystemServerTiming: UpdateWatchdogTimeout took to complete: 0ms
01-06 02:48:57.778   944   944 D SystemServerTiming: StartDropBoxManager
01-06 02:48:57.779   944   944 I SystemServiceManager: Starting com.android.server.DropBoxManagerService
01-06 02:48:57.779   944   944 V SystemServerTiming: StartDropBoxManager took to complete: 1ms
01-06 02:48:57.779   944   944 D SystemServerTiming: StartRoleManagerService
01-06 02:48:57.780   944   944 I SystemServiceManager: Starting com.android.role.RoleService
01-06 02:48:57.787   500   500 V ZygoteInitTiming_lazy: BeginPreload took to complete: 84ms
01-06 02:48:57.821   944   944 V SystemServerTiming: StartRoleManagerService took to complete: 42ms
01-06 02:48:57.821   944   944 D SystemServerTiming: StartVibratorManagerService
01-06 02:48:57.821   944   944 I SystemServiceManager: Starting com.android.server.vibrator.VibratorManagerService$Lifecycle
01-06 02:48:57.828   944   944 V SystemServerTiming: StartVibratorManagerService took to complete: 7ms
01-06 02:48:57.828   944   944 D SystemServerTiming: StartDynamicSystemService
01-06 02:48:57.828   944   944 V SystemServerTiming: StartDynamicSystemService took to complete: 0ms
01-06 02:48:57.828   944   944 D SystemServerTiming: StartConsumerIrService
01-06 02:48:57.830   944   944 V SystemServerTiming: StartConsumerIrService took to complete: 1ms
01-06 02:48:57.830   944   944 D SystemServerTiming: StartResourceEconomy
01-06 02:48:57.831   944   944 I SystemServiceManager: Starting com.android.server.tare.InternalResourceService
01-06 02:48:57.835   944   944 V SystemServerTiming: StartResourceEconomy took to complete: 5ms
01-06 02:48:57.835   944   944 D SystemServerTiming: StartAlarmManagerService
01-06 02:48:57.836   944   944 I SystemServiceManager: Starting com.android.server.alarm.AlarmManagerService
01-06 02:48:57.842   944   944 V SystemServerTiming: StartAlarmManagerService took to complete: 7ms
01-06 02:48:57.842   944   944 D SystemServerTiming: StartInputManagerService
01-06 02:48:57.849   944   944 I InputManager: Initializing input manager, mUseDevInputEventForAudioJack=false
01-06 02:48:57.849   944   944 V SystemServerTiming: StartInputManagerService took to complete: 7ms
01-06 02:48:57.849   944   944 D SystemServerTiming: DeviceStateManagerService
01-06 02:48:57.849   944   944 I SystemServiceManager: Starting com.android.server.devicestate.DeviceStateManagerService
01-06 02:48:57.855   944   944 V SystemServerTiming: DeviceStateManagerService took to complete: 6ms
01-06 02:48:57.855   944   944 D SystemServerTiming: StartWindowManagerService
01-06 02:48:57.855   944   944 I SystemServiceManager: Starting phase 200
01-06 02:48:57.855   944   944 D SystemServerTiming: OnBootPhase_200
01-06 02:48:57.855   944   944 D SystemServerTiming: OnBootPhase_200_com.android.server.security.FileIntegrityService
01-06 02:48:57.855   944   944 V SystemServerTiming: OnBootPhase_200_com.android.server.security.FileIntegrityService took to complete: 0ms
01-06 02:48:57.855   944   944 D SystemServerTiming: OnBootPhase_200_com.android.server.pm.Installer
01-06 02:48:57.855   944   944 V SystemServerTiming: OnBootPhase_200_com.android.server.pm.Installer took to complete: 0ms
01-06 02:48:57.855   944   944 D SystemServerTiming: OnBootPhase_200_com.android.server.os.DeviceIdentifiersPolicyService
01-06 02:48:57.855   944   944 V SystemServerTiming: OnBootPhase_200_com.android.server.os.DeviceIdentifiersPolicyService took to complete: 0ms
01-06 02:48:57.855   944   944 D SystemServerTiming: OnBootPhase_200_com.android.server.uri.UriGrantsManagerService$Lifecycle
01-06 02:48:57.855   944   944 V SystemServerTiming: OnBootPhase_200_com.android.server.uri.UriGrantsManagerService$Lifecycle took to complete: 0ms
01-06 02:48:57.855   944   944 D SystemServerTiming: OnBootPhase_200_com.android.server.powerstats.PowerStatsService
01-06 02:48:57.855   944   944 V SystemServerTiming: OnBootPhase_200_com.android.server.powerstats.PowerStatsService took to complete: 0ms
01-06 02:48:57.855   944   944 D SystemServerTiming: OnBootPhase_200_com.android.server.wm.ActivityTaskManagerService$Lifecycle
01-06 02:48:57.855   944   944 V SystemServerTiming: OnBootPhase_200_com.android.server.wm.ActivityTaskManagerService$Lifecycle took to complete: 0ms
01-06 02:48:57.855   944   944 D SystemServerTiming: OnBootPhase_200_com.android.server.am.ActivityManagerService$Lifecycle
01-06 02:48:57.855   944   944 V SystemServerTiming: OnBootPhase_200_com.android.server.am.ActivityManagerService$Lifecycle took to complete: 0ms
01-06 02:48:57.856   944   944 D SystemServerTiming: OnBootPhase_200_com.android.server.pm.DataLoaderManagerService
01-06 02:48:57.856   944   944 V SystemServerTiming: OnBootPhase_200_com.android.server.pm.DataLoaderManagerService took to complete: 0ms
01-06 02:48:57.856   944   944 D SystemServerTiming: OnBootPhase_200_com.android.server.power.PowerManagerService
01-06 02:48:57.856   944   944 V SystemServerTiming: OnBootPhase_200_com.android.server.power.PowerManagerService took to complete: 0ms
01-06 02:48:57.856   944   944 D SystemServerTiming: OnBootPhase_200_com.android.server.power.ThermalManagerService
01-06 02:48:57.856   944   944 V SystemServerTiming: OnBootPhase_200_com.android.server.power.ThermalManagerService took to complete: 0ms
01-06 02:48:57.856   944   944 D SystemServerTiming: OnBootPhase_200_com.android.server.power.hint.HintManagerService
01-06 02:48:57.856   944   944 V SystemServerTiming: OnBootPhase_200_com.android.server.power.hint.HintManagerService took to complete: 0ms
01-06 02:48:57.856   944   944 D SystemServerTiming: OnBootPhase_200_com.android.server.recoverysystem.RecoverySystemService$Lifecycle
01-06 02:48:57.856   944   944 V SystemServerTiming: OnBootPhase_200_com.android.server.recoverysystem.RecoverySystemService$Lifecycle took to complete: 0ms
01-06 02:48:57.856   944   944 D SystemServerTiming: OnBootPhase_200_com.android.server.lights.LightsService
01-06 02:48:57.856   944   944 V SystemServerTiming: OnBootPhase_200_com.android.server.lights.LightsService took to complete: 0ms
01-06 02:48:57.856   944   944 D SystemServerTiming: OnBootPhase_200_com.android.server.display.DisplayManagerService
01-06 02:48:57.856   944   944 V SystemServerTiming: OnBootPhase_200_com.android.server.display.DisplayManagerService took to complete: 0ms
01-06 02:48:57.856   944   944 D SystemServerTiming: OnBootPhase_200_com.android.server.pm.verify.domain.DomainVerificationService
01-06 02:48:57.856   944   944 V SystemServerTiming: OnBootPhase_200_com.android.server.pm.verify.domain.DomainVerificationService took to complete: 0ms
01-06 02:48:57.856   944   944 D SystemServerTiming: OnBootPhase_200_com.android.server.pm.PackageInstallerService$Lifecycle
01-06 02:48:57.856   944   944 V SystemServerTiming: OnBootPhase_200_com.android.server.pm.PackageInstallerService$Lifecycle took to complete: 0ms
01-06 02:48:57.856   944   944 D SystemServerTiming: OnBootPhase_200_com.android.server.pm.UserManagerService$LifeCycle
01-06 02:48:57.856   944   944 V SystemServerTiming: OnBootPhase_200_com.android.server.pm.UserManagerService$LifeCycle took to complete: 0ms
01-06 02:48:57.856   944   944 D SystemServerTiming: OnBootPhase_200_com.android.server.om.OverlayManagerService
01-06 02:48:57.856   944   944 V SystemServerTiming: OnBootPhase_200_com.android.server.om.OverlayManagerService took to complete: 0ms
01-06 02:48:57.856   944   944 D SystemServerTiming: OnBootPhase_200_com.android.server.resources.ResourcesManagerService
01-06 02:48:57.856   944   944 V SystemServerTiming: OnBootPhase_200_com.android.server.resources.ResourcesManagerService took to complete: 0ms
01-06 02:48:57.856   944   944 D SystemServerTiming: OnBootPhase_200_com.android.server.sensorprivacy.SensorPrivacyService
01-06 02:48:57.856   944   944 V SystemServerTiming: OnBootPhase_200_com.android.server.sensorprivacy.SensorPrivacyService took to complete: 0ms
01-06 02:48:57.856   944   944 D SystemServerTiming: OnBootPhase_200_com.android.server.sensors.SensorService
01-06 02:48:57.856   944   944 V SystemServerTiming: OnBootPhase_200_com.android.server.sensors.SensorService took to complete: 0ms
01-06 02:48:57.856   944   944 D SystemServerTiming: OnBootPhase_200_com.android.server.SystemConfigService
01-06 02:48:57.856   944   944 V SystemServerTiming: OnBootPhase_200_com.android.server.SystemConfigService took to complete: 0ms
01-06 02:48:57.856   944   944 D SystemServerTiming: OnBootPhase_200_com.android.server.BatteryService
01-06 02:48:57.856   944   944 V SystemServerTiming: OnBootPhase_200_com.android.server.BatteryService took to complete: 0ms
01-06 02:48:57.856   944   944 D SystemServerTiming: OnBootPhase_200_com.android.server.usage.UsageStatsService
01-06 02:48:57.857   944   944 V SystemServerTiming: OnBootPhase_200_com.android.server.usage.UsageStatsService took to complete: 0ms
01-06 02:48:57.857   944   944 D SystemServerTiming: OnBootPhase_200_com.android.server.webkit.WebViewUpdateService
01-06 02:48:57.857   944   944 V SystemServerTiming: OnBootPhase_200_com.android.server.webkit.WebViewUpdateService took to complete: 0ms
01-06 02:48:57.857   944   944 D SystemServerTiming: OnBootPhase_200_com.android.server.CachedDeviceStateService
01-06 02:48:57.857   944   944 V SystemServerTiming: OnBootPhase_200_com.android.server.CachedDeviceStateService took to complete: 0ms
01-06 02:48:57.857   944   944 D SystemServerTiming: OnBootPhase_200_com.android.server.BinderCallsStatsService$LifeCycle
01-06 02:48:57.857   944   944 V SystemServerTiming: OnBootPhase_200_com.android.server.BinderCallsStatsService$LifeCycle took to complete: 0ms
01-06 02:48:57.857   944   944 D SystemServerTiming: OnBootPhase_200_com.android.server.LooperStatsService$Lifecycle
01-06 02:48:57.857   944   944 V SystemServerTiming: OnBootPhase_200_com.android.server.LooperStatsService$Lifecycle took to complete: 0ms
01-06 02:48:57.857   944   944 D SystemServerTiming: OnBootPhase_200_com.android.server.rollback.RollbackManagerService
01-06 02:48:57.857   944   944 V SystemServerTiming: OnBootPhase_200_com.android.server.rollback.RollbackManagerService took to complete: 0ms
01-06 02:48:57.857   944   944 D SystemServerTiming: OnBootPhase_200_com.android.server.os.NativeTombstoneManagerService
01-06 02:48:57.857   944   944 V SystemServerTiming: OnBootPhase_200_com.android.server.os.NativeTombstoneManagerService took to complete: 0ms
01-06 02:48:57.857   944   944 D SystemServerTiming: OnBootPhase_200_com.android.server.os.BugreportManagerService
01-06 02:48:57.857   944   944 V SystemServerTiming: OnBootPhase_200_com.android.server.os.BugreportManagerService took to complete: 0ms
01-06 02:48:57.857   944   944 D SystemServerTiming: OnBootPhase_200_com.android.server.gpu.GpuService
01-06 02:48:57.857   944   944 V SystemServerTiming: OnBootPhase_200_com.android.server.gpu.GpuService took to complete: 0ms
01-06 02:48:57.857   944   944 D SystemServerTiming: OnBootPhase_200_com.android.server.security.KeyChainSystemService
01-06 02:48:57.857   944   944 V SystemServerTiming: OnBootPhase_200_com.android.server.security.KeyChainSystemService took to complete: 0ms
01-06 02:48:57.857   944   944 D SystemServerTiming: OnBootPhase_200_com.android.server.BinaryTransparencyService
01-06 02:48:57.857   944   944 V SystemServerTiming: OnBootPhase_200_com.android.server.BinaryTransparencyService took to complete: 0ms
01-06 02:48:57.857   944   944 D SystemServerTiming: OnBootPhase_200_com.android.server.accounts.AccountManagerService$Lifecycle
01-06 02:48:57.857   944   944 V SystemServerTiming: OnBootPhase_200_com.android.server.accounts.AccountManagerService$Lifecycle took to complete: 0ms
01-06 02:48:57.857   944   944 D SystemServerTiming: OnBootPhase_200_com.android.server.content.ContentService$Lifecycle
01-06 02:48:57.857   944   944 V SystemServerTiming: OnBootPhase_200_com.android.server.content.ContentService$Lifecycle took to complete: 0ms
01-06 02:48:57.857   944   944 D SystemServerTiming: OnBootPhase_200_com.android.server.DropBoxManagerService
01-06 02:48:57.857   944   944 V SystemServerTiming: OnBootPhase_200_com.android.server.DropBoxManagerService took to complete: 0ms
01-06 02:48:57.857   944   944 D SystemServerTiming: OnBootPhase_200_com.android.role.RoleService
01-06 02:48:57.857   944   944 V SystemServerTiming: OnBootPhase_200_com.android.role.RoleService took to complete: 0ms
01-06 02:48:57.857   944   944 D SystemServerTiming: OnBootPhase_200_com.android.server.vibrator.VibratorManagerService$Lifecycle
01-06 02:48:57.857   944   944 V SystemServerTiming: OnBootPhase_200_com.android.server.vibrator.VibratorManagerService$Lifecycle took to complete: 0ms
01-06 02:48:57.857   944   944 D SystemServerTiming: OnBootPhase_200_com.android.server.tare.InternalResourceService
01-06 02:48:57.858   944   944 V SystemServerTiming: OnBootPhase_200_com.android.server.tare.InternalResourceService took to complete: 0ms
01-06 02:48:57.858   944   944 D SystemServerTiming: OnBootPhase_200_com.android.server.alarm.AlarmManagerService
01-06 02:48:57.858   944   944 V SystemServerTiming: OnBootPhase_200_com.android.server.alarm.AlarmManagerService took to complete: 0ms
01-06 02:48:57.858   944   944 D SystemServerTiming: OnBootPhase_200_com.android.server.devicestate.DeviceStateManagerService
01-06 02:48:57.858   944   944 V SystemServerTiming: OnBootPhase_200_com.android.server.devicestate.DeviceStateManagerService took to complete: 0ms
01-06 02:48:57.858   944   944 V SystemServerTiming: OnBootPhase_200 took to complete: 3ms
01-06 02:48:57.859   944   944 I WindowManager: No existing display settings, starting empty
01-06 02:48:57.859   944   944 I WindowManager: No existing display settings, starting empty
01-06 02:48:57.867   944   970 E WindowManager: Error reading from LetterboxConfigurationPersister. Using default values!
01-06 02:48:57.867   944   970 E WindowManager: java.io.FileNotFoundException: /data/system/letterbox_config: open failed: ENOENT (No such file or directory)
01-06 02:48:57.867   944   970 E WindowManager: 	at libcore.io.IoBridge.open(IoBridge.java:574)
01-06 02:48:57.867   944   970 E WindowManager: 	at java.io.FileInputStream.<init>(FileInputStream.java:160)
01-06 02:48:57.867   944   970 E WindowManager: 	at android.util.AtomicFile.openRead(AtomicFile.java:260)
01-06 02:48:57.867   944   970 E WindowManager: 	at com.android.server.wm.LetterboxConfigurationPersister.readCurrentConfiguration(LetterboxConfigurationPersister.java:221)
01-06 02:48:57.867   944   970 E WindowManager: 	at com.android.server.wm.LetterboxConfigurationPersister.<init>(LetterboxConfigurationPersister.java:128)
01-06 02:48:57.867   944   970 E WindowManager: 	at com.android.server.wm.LetterboxConfigurationPersister.<init>(LetterboxConfigurationPersister.java:101)
01-06 02:48:57.867   944   970 E WindowManager: 	at com.android.server.wm.LetterboxConfiguration.<init>(LetterboxConfiguration.java:242)
01-06 02:48:57.867   944   970 E WindowManager: 	at com.android.server.wm.WindowManagerService.<init>(WindowManagerService.java:1224)
01-06 02:48:57.867   944   970 E WindowManager: 	at com.android.server.wm.WindowManagerService.lambda$main$1(WindowManagerService.java:1168)
01-06 02:48:57.867   944   970 E WindowManager: 	at com.android.server.wm.WindowManagerService.$r8$lambda$mdM6IEP25omWg9Thw5NvWNLhRLE(Unknown Source:0)
01-06 02:48:57.867   944   970 E WindowManager: 	at com.android.server.wm.WindowManagerService$$ExternalSyntheticLambda3.run(Unknown Source:20)
01-06 02:48:57.867   944   970 E WindowManager: 	at android.os.Handler$BlockingRunnable.run(Handler.java:965)
01-06 02:48:57.867   944   970 E WindowManager: 	at android.os.Handler.handleCallback(Handler.java:942)
01-06 02:48:57.867   944   970 E WindowManager: 	at android.os.Handler.dispatchMessage(Handler.java:99)
01-06 02:48:57.867   944   970 E WindowManager: 	at android.os.Looper.loopOnce(Looper.java:201)
01-06 02:48:57.867   944   970 E WindowManager: 	at android.os.Looper.loop(Looper.java:288)
01-06 02:48:57.867   944   970 E WindowManager: 	at android.os.HandlerThread.run(HandlerThread.java:67)
01-06 02:48:57.867   944   970 E WindowManager: 	at com.android.server.ServiceThread.run(ServiceThread.java:44)
01-06 02:48:57.867   944   970 E WindowManager: Caused by: android.system.ErrnoException: open failed: ENOENT (No such file or directory)
01-06 02:48:57.867   944   970 E WindowManager: 	at libcore.io.Linux.open(Native Method)
01-06 02:48:57.867   944   970 E WindowManager: 	at libcore.io.ForwardingOs.open(ForwardingOs.java:563)
01-06 02:48:57.867   944   970 E WindowManager: 	at libcore.io.BlockGuardOs.open(BlockGuardOs.java:274)
01-06 02:48:57.867   944   970 E WindowManager: 	at libcore.io.IoBridge.open(IoBridge.java:560)
01-06 02:48:57.867   944   970 E WindowManager: 	... 17 more
01-06 02:48:57.873   944  1058 V SystemServerTimingAsync: AppDataPrepare took to complete: 214ms
01-06 02:48:57.873   944  1058 I PackageManager: Deferred reconcileAppsData finished 101 packages
01-06 02:48:57.873   944  1058 D SystemServerInitThreadPool: Finished executing prepareAppData
01-06 02:48:57.873   944  1058 V SystemServerTimingAsync: InitThreadPoolExec:prepareAppData took to complete: 364ms
01-06 02:48:57.879   944   944 V SystemServerTiming: StartWindowManagerService took to complete: 24ms
01-06 02:48:57.879   944   944 D SystemServerTiming: SetWindowManagerService
01-06 02:48:57.879   944   969 I DropBoxManagerService: add tag=system_server_strictmode isTagEnabled=true flags=0x2
01-06 02:48:57.885   944   969 I DropBoxManagerService: add tag=system_server_strictmode isTagEnabled=true flags=0x2
01-06 02:48:57.886   944   969 I DropBoxManagerService: add tag=system_server_strictmode isTagEnabled=true flags=0x2
01-06 02:48:57.907   944   944 I ActivityTaskManager: Loaded persisted task ids for user 0
01-06 02:48:57.909   944   944 V SystemServerTiming: SetWindowManagerService took to complete: 30ms
01-06 02:48:57.909   944   944 D SystemServerTiming: WindowManagerServiceOnInitReady
01-06 02:48:57.928   944   944 V SystemServerTiming: WindowManagerServiceOnInitReady took to complete: 19ms
01-06 02:48:57.928   944   944 D SystemServerTiming: StartInputManager
01-06 02:48:57.928   944   944 I InputManager: Starting input manager
01-06 02:48:57.928   944  1096 D SystemServerTimingAsync: InitThreadPoolExec:StartHidlServices
01-06 02:48:57.928   944  1096 D SystemServerInitThreadPool: Started executing StartHidlServices
01-06 02:48:57.928   944  1096 D SystemServerTimingAsync: StartHidlServices
01-06 02:48:57.931   944  1096 V SystemServerTimingAsync: StartHidlServices took to complete: 3ms
01-06 02:48:57.932   944  1096 D SystemServerInitThreadPool: Finished executing StartHidlServices
01-06 02:48:57.932   944  1096 V SystemServerTimingAsync: InitThreadPoolExec:StartHidlServices took to complete: 3ms
01-06 02:48:57.933   944   944 V SystemServerTiming: StartInputManager took to complete: 5ms
01-06 02:48:57.934   944   944 D SystemServerTiming: DisplayManagerWindowManagerAndInputReady
01-06 02:48:57.934   944   944 V SystemServerTiming: DisplayManagerWindowManagerAndInputReady took to complete: 1ms
01-06 02:48:57.934   944   944 D SystemServerTiming: StartBluetoothService
01-06 02:48:57.934   944   970 I LogicalDisplayMapper: Requesting Transition to state: 0, from state=-1, interactive=true, mBootCompleted=false
01-06 02:48:57.934   944   970 I LogicalDisplayMapper: Applying layout: [{addr: {port=11, model=0x404c2d479b6c44}, dispId: 0(ON)}], Previous layout: [{addr: {port=11, model=0x404c2d479b6c44}, dispId: 0(ON)}]
01-06 02:48:57.938     0     0 E [6 T1     ..] init: Control message: Could not find 'aidl/clipboard' for ctl.interface_start from pid: 316 (/system/bin/servicemanager)
01-06 02:48:57.948   944   944 I SystemServiceManager: Starting com.android.server.bluetooth.BluetoothService
01-06 02:48:57.955   944   944 V SystemServerTiming: StartBluetoothService took to complete: 21ms
01-06 02:48:57.955   944   944 D SystemServerTiming: IpConnectivityMetrics
01-06 02:48:57.955   944   944 I SystemServiceManager: Starting com.android.server.connectivity.IpConnectivityMetrics
01-06 02:48:57.955   944   944 V SystemServerTiming: IpConnectivityMetrics took to complete: 0ms
01-06 02:48:57.955   944   944 D SystemServerTiming: NetworkWatchlistService
01-06 02:48:57.955   944   944 I SystemServiceManager: Starting com.android.server.net.watchlist.NetworkWatchlistService$Lifecycle
01-06 02:48:57.960   944   944 I WatchlistSettings: Reload watchlist settings done
01-06 02:48:57.960   944  1111 I WatchlistLoggingHandler: No need to aggregate record yet.
01-06 02:48:57.960   944  1111 I WatchlistLoggingHandler: Milliseconds spent on tryAggregateRecords(): 0
01-06 02:48:57.961   944   944 V SystemServerTiming: NetworkWatchlistService took to complete: 5ms
01-06 02:48:57.961   944   944 D SystemServerTiming: PinnerService
01-06 02:48:57.961   944   944 I SystemServiceManager: Starting com.android.server.PinnerService
01-06 02:48:57.961   944   944 V HistoricalRegistry: Interaction before persistence initialized
01-06 02:48:57.962   944   944 V SystemServerTiming: PinnerService took to complete: 1ms
01-06 02:48:57.962   944   975 D PinnerService: pinRangeStream: null
01-06 02:48:57.963   944   944 D SystemServerTiming: SignedConfigService
01-06 02:48:57.963   944   944 V SystemServerTiming: SignedConfigService took to complete: 0ms
01-06 02:48:57.963   944   944 D SystemServerTiming: AppIntegrityService
01-06 02:48:57.963   944   944 I SystemServiceManager: Starting com.android.server.integrity.AppIntegrityManagerService
01-06 02:48:57.966   944   944 E IntegrityFileManager: Error creating staging and rules directory
01-06 02:48:57.968   944   944 V SystemServerTiming: AppIntegrityService took to complete: 4ms
01-06 02:48:57.968   944   944 D SystemServerTiming: StartLogcatManager
01-06 02:48:57.968   944   944 I SystemServiceManager: Starting com.android.server.logcat.LogcatManagerService
01-06 02:48:57.968   944   975 D PinnerService: pinRangeStream: null
01-06 02:48:57.969   944   975 E PinnerService: Could not pin file /system/bin/logd
01-06 02:48:57.969   944   975 E PinnerService: android.system.ErrnoException: open failed: EACCES (Permission denied)
01-06 02:48:57.969   944   975 E PinnerService: 	at libcore.io.Linux.open(Native Method)
01-06 02:48:57.969   944   975 E PinnerService: 	at libcore.io.ForwardingOs.open(ForwardingOs.java:563)
01-06 02:48:57.969   944   975 E PinnerService: 	at libcore.io.BlockGuardOs.open(BlockGuardOs.java:274)
01-06 02:48:57.969   944   975 E PinnerService: 	at android.system.Os.open(Os.java:494)
01-06 02:48:57.969   944   975 E PinnerService: 	at com.android.server.PinnerService.pinFileRanges(PinnerService.java:975)
01-06 02:48:57.969   944   975 E PinnerService: 	at com.android.server.PinnerService.pinFile(PinnerService.java:850)
01-06 02:48:57.969   944   975 E PinnerService: 	at com.android.server.PinnerService.handlePinOnStart(PinnerService.java:305)
01-06 02:48:57.969   944   975 E PinnerService: 	at com.android.server.PinnerService.-$$Nest$mhandlePinOnStart(Unknown Source:0)
01-06 02:48:57.969   944   975 E PinnerService: 	at com.android.server.PinnerService$PinnerHandler.handleMessage(PinnerService.java:1219)
01-06 02:48:57.969   944   975 E PinnerService: 	at android.os.Handler.dispatchMessage(Handler.java:106)
01-06 02:48:57.969   944   975 E PinnerService: 	at android.os.Looper.loopOnce(Looper.java:201)
01-06 02:48:57.969   944   975 E PinnerService: 	at android.os.Looper.loop(Looper.java:288)
01-06 02:48:57.969   944   975 E PinnerService: 	at android.os.HandlerThread.run(HandlerThread.java:67)
01-06 02:48:57.969   944   975 E PinnerService: Failed to pin file = /system/bin/logd
01-06 02:48:57.969   944   975 D PinnerService: pinRangeStream: null
01-06 02:48:57.969   944   975 E PinnerService: Could not pin file /system/lib/libjavacrypto.so
01-06 02:48:57.969   944   975 E PinnerService: android.system.ErrnoException: open failed: ENOENT (No such file or directory)
01-06 02:48:57.969   944   975 E PinnerService: 	at libcore.io.Linux.open(Native Method)
01-06 02:48:57.969   944   975 E PinnerService: 	at libcore.io.ForwardingOs.open(ForwardingOs.java:563)
01-06 02:48:57.969   944   975 E PinnerService: 	at libcore.io.BlockGuardOs.open(BlockGuardOs.java:274)
01-06 02:48:57.969   944   975 E PinnerService: 	at android.system.Os.open(Os.java:494)
01-06 02:48:57.969   944   975 E PinnerService: 	at com.android.server.PinnerService.pinFileRanges(PinnerService.java:975)
01-06 02:48:57.969   944   975 E PinnerService: 	at com.android.server.PinnerService.pinFile(PinnerService.java:850)
01-06 02:48:57.969   944   975 E PinnerService: 	at com.android.server.PinnerService.handlePinOnStart(PinnerService.java:305)
01-06 02:48:57.969   944   975 E PinnerService: 	at com.android.server.PinnerService.-$$Nest$mhandlePinOnStart(Unknown Source:0)
01-06 02:48:57.969   944   975 E PinnerService: 	at com.android.server.PinnerService$PinnerHandler.handleMessage(PinnerService.java:1219)
01-06 02:48:57.969   944   975 E PinnerService: 	at android.os.Handler.dispatchMessage(Handler.java:106)
01-06 02:48:57.969   944   975 E PinnerService: 	at android.os.Looper.loopOnce(Looper.java:201)
01-06 02:48:57.969   944   975 E PinnerService: 	at android.os.Looper.loop(Looper.java:288)
01-06 02:48:57.969   944   975 E PinnerService: 	at android.os.HandlerThread.run(HandlerThread.java:67)
01-06 02:48:57.969   944   975 E PinnerService: Failed to pin file = /system/lib/libjavacrypto.so
01-06 02:48:57.969   944   975 D PinnerService: pinRangeStream: null
01-06 02:48:57.972   944   944 V SystemServerTiming: StartLogcatManager took to complete: 4ms
01-06 02:48:57.974   944   944 I WindowManager: SAFE MODE not enabled
01-06 02:48:57.974   944   944 D SystemServerTiming: StartInputMethodManagerLifecycle
01-06 02:48:57.974   944   944 I SystemServiceManager: Starting com.android.server.inputmethod.InputMethodManagerService$Lifecycle
01-06 02:48:57.977   944   944 V SystemServerTiming: StartInputMethodManagerLifecycle took to complete: 3ms
01-06 02:48:57.978   944   944 D SystemServerTiming: StartAccessibilityManagerService
01-06 02:48:57.978   944   944 I SystemServiceManager: Starting com.android.server.accessibility.AccessibilityManagerService$Lifecycle
01-06 02:48:57.983   944   944 V SystemServerTiming: StartAccessibilityManagerService took to complete: 5ms
01-06 02:48:57.983   944   944 D SystemServerTiming: MakeDisplayReady
01-06 02:48:57.986   944   944 I ActivityTaskManager: Config changes=20005df8 {1.0 ?mcc?mnc [en_US] ldltr sw540dp w960dp h540dp 320dpi lrg long land ?uimode ?night -touch -keyb/v/h dpad/v winConfig={ mBounds=Rect(0, 0 - 1920, 1080) mAppBounds=Rect(0, 0 - 1920, 1080) mMaxBounds=Rect(0, 0 - 1920, 1080) mDisplayRotation=ROTATION_0 mWindowingMode=fullscreen mDisplayWindowingMode=fullscreen mActivityType=undefined mAlwaysOnTop=undefined mRotation=ROTATION_0} s.2 ?fontWeightAdjustment}
01-06 02:48:57.989   944   944 I WindowManager: Override config changes=60007dfc {1.0 ?mcc?mnc [en_US] ldltr sw540dp w960dp h540dp 320dpi lrg long land ?uimode ?night -touch -keyb/v/h dpad/v winConfig={ mBounds=Rect(0, 0 - 1920, 1080) mAppBounds=Rect(0, 0 - 1920, 1080) mMaxBounds=Rect(0, 0 - 1920, 1080) mDisplayRotation=ROTATION_0 mWindowingMode=fullscreen mDisplayWindowingMode=fullscreen mActivityType=undefined mAlwaysOnTop=undefined mRotation=ROTATION_0} s.2 ?fontWeightAdjustment} for displayId=0
01-06 02:48:57.999   944   944 V SystemServerTiming: MakeDisplayReady took to complete: 16ms
01-06 02:48:58.000   944   944 D SystemServerTiming: StartStorageManagerService
01-06 02:48:58.000   944   944 I SystemServiceManager: Starting com.android.server.StorageManagerService$Lifecycle
01-06 02:48:58.008   944  1126 D StorageManagerService: Thinking about init, mBootCompleted=false, mDaemonConnected=true
01-06 02:48:58.008   944  1126 D StorageManagerService: Thinking about reset, mBootCompleted=false, mDaemonConnected=true
01-06 02:48:58.009   944  1126 D StorageManagerService: Thinking about init, mBootCompleted=false, mDaemonConnected=true
01-06 02:48:58.009   944  1126 D StorageManagerService: Thinking about reset, mBootCompleted=false, mDaemonConnected=true
01-06 02:48:58.009   944   944 V SystemServerTiming: StartStorageManagerService took to complete: 10ms
01-06 02:48:58.009   944   944 D SystemServerTiming: StartStorageStatsService
01-06 02:48:58.009   944   944 I SystemServiceManager: Starting com.android.server.usage.StorageStatsService$Lifecycle
01-06 02:48:58.019   944   944 V SystemServerTiming: StartStorageStatsService took to complete: 10ms
01-06 02:48:58.020   944   944 D SystemServerTiming: StartUiModeManager
01-06 02:48:58.020   944   944 I SystemServiceManager: Starting com.android.server.UiModeManagerService
01-06 02:48:58.021   944  1128 D SystemServerTimingAsync: InitThreadPoolExec:UiModeManager.onStart
01-06 02:48:58.021   944  1128 D SystemServerInitThreadPool: Started executing UiModeManager.onStart
01-06 02:48:58.021   944   944 V SystemServerTiming: StartUiModeManager took to complete: 2ms
01-06 02:48:58.021   944   944 D SystemServerTiming: StartLocaleManagerService
01-06 02:48:58.022   944   944 I SystemServiceManager: Starting com.android.server.locales.LocaleManagerService
01-06 02:48:58.023   944  1128 D SystemServerInitThreadPool: Finished executing UiModeManager.onStart
01-06 02:48:58.023   944  1128 V SystemServerTimingAsync: InitThreadPoolExec:UiModeManager.onStart took to complete: 2ms
01-06 02:48:58.025   944   944 V SystemServerTiming: StartLocaleManagerService took to complete: 4ms
01-06 02:48:58.025   944   944 D SystemServerTiming: UpdatePackagesIfNeeded
01-06 02:48:58.025   944   944 I Watchdog: Pausing HandlerChecker: main thread for reason: dexopt. Pause count: 1
01-06 02:48:58.026   944   944 I Watchdog: Resuming HandlerChecker: main thread for reason: dexopt. Pause count: 0
01-06 02:48:58.026   944   944 V SystemServerTiming: UpdatePackagesIfNeeded took to complete: 1ms
01-06 02:48:58.026   944   944 D SystemServerTiming: PerformFstrimIfNeeded
01-06 02:48:58.027   944   944 V SystemServerTiming: PerformFstrimIfNeeded took to complete: 1ms
01-06 02:48:58.027   944   944 D SystemServerTiming: StartLockSettingsService
01-06 02:48:58.027   944   944 I SystemServiceManager: Starting com.android.server.locksettings.LockSettingsService$Lifecycle
01-06 02:48:58.047   944   944 V SystemServerTiming: StartLockSettingsService took to complete: 20ms
01-06 02:48:58.048   944   944 D SystemServerTiming: StartPersistentDataBlock
01-06 02:48:58.048   944   944 I SystemServiceManager: Starting com.android.server.PersistentDataBlockService
01-06 02:48:58.048   944   944 V SystemServerTiming: StartPersistentDataBlock took to complete: 0ms
01-06 02:48:58.048   944   944 D SystemServerTiming: StartTestHarnessMode
01-06 02:48:58.048   944   944 I SystemServiceManager: Starting com.android.server.testharness.TestHarnessModeService
01-06 02:48:58.049   944  1135 D SystemServerTimingAsync: InitThreadPoolExec:PersistentDataBlockService.onStart
01-06 02:48:58.049   944  1135 D SystemServerInitThreadPool: Started executing PersistentDataBlockService.onStart
01-06 02:48:58.050   944   944 V SystemServerTiming: StartTestHarnessMode took to complete: 2ms
01-06 02:48:58.050   944   944 D SystemServerTiming: StartOemLockService
01-06 02:48:58.050   944   944 I SystemServiceManager: Starting com.android.server.oemlock.OemLockService
01-06 02:48:58.054   944   944 I OemLock : Using vendor lock via the HAL
01-06 02:48:58.055   944   944 V SystemServerTiming: StartOemLockService took to complete: 5ms
01-06 02:48:58.055   944   944 D SystemServerTiming: StartDeviceIdleController
01-06 02:48:58.055   944   944 I SystemServiceManager: Starting com.android.server.DeviceIdleController
01-06 02:48:58.059   944   944 V SystemServerTiming: StartDeviceIdleController took to complete: 3ms
01-06 02:48:58.059   944   944 D SystemServerTiming: StartDevicePolicyManager
01-06 02:48:58.059   944   944 I SystemServiceManager: Starting com.android.server.devicepolicy.DevicePolicyManagerService$Lifecycle
01-06 02:48:58.066   944   944 V SystemServerTiming: StartDevicePolicyManager took to complete: 7ms
01-06 02:48:58.066   944   944 D SystemServerTiming: StartStatusBarManagerService
01-06 02:48:58.068   944   944 V SystemServerTiming: StartStatusBarManagerService took to complete: 2ms
01-06 02:48:58.068   944   944 D SystemServer: MusicRecognitionManagerService not defined by OEM or disabled by flag
01-06 02:48:58.068   944   944 D SystemServer: ContentCaptureService disabled because resource is not overlaid
01-06 02:48:58.068   944   944 D SystemServer: AttentionService is not configured on this device
01-06 02:48:58.069   944   944 D SystemServer: RotationResolverService is not configured on this device
01-06 02:48:58.069   944   944 D SystemServer: SystemCaptionsManagerService disabled because resource is not overlaid
01-06 02:48:58.069   944   944 D SystemServerTiming: StartTextToSpeechManagerService
01-06 02:48:58.069   944   944 I SystemServiceManager: Starting com.android.server.texttospeech.TextToSpeechManagerService
01-06 02:48:58.070   944   944 V SystemServerTiming: StartTextToSpeechManagerService took to complete: 1ms
01-06 02:48:58.071   944   944 D SystemServerTiming: StartAmbientContextService
01-06 02:48:58.071   944   944 I SystemServiceManager: Starting com.android.server.ambientcontext.AmbientContextManagerService
01-06 02:48:58.073   944   944 V SystemServerTiming: StartAmbientContextService took to complete: 2ms
01-06 02:48:58.073   944   944 D SystemServerTiming: StartSpeechRecognitionManagerService
01-06 02:48:58.076   944   944 I SystemServiceManager: Starting com.android.server.speech.SpeechRecognitionManagerService
01-06 02:48:58.077   944   944 V SystemServerTiming: StartSpeechRecognitionManagerService took to complete: 4ms
01-06 02:48:58.078   944   944 D SystemServer: AppPredictionService not defined by OEM
01-06 02:48:58.078   944   944 D SystemServer: ContentSuggestionsService not defined by OEM
01-06 02:48:58.078   944   944 D SystemServerTiming: StartSearchUiService
01-06 02:48:58.078   944   944 I SystemServiceManager: Starting com.android.server.searchui.SearchUiManagerService
01-06 02:48:58.079   944   944 V SystemServerTiming: StartSearchUiService took to complete: 1ms
01-06 02:48:58.079   944   944 D SystemServerTiming: StartSmartspaceService
01-06 02:48:58.079   944   944 I SystemServiceManager: Starting com.android.server.smartspace.SmartspaceManagerService
01-06 02:48:58.081   944   944 V SystemServerTiming: StartSmartspaceService took to complete: 2ms
01-06 02:48:58.081   944   944 D SystemServerTiming: InitConnectivityModuleConnector
01-06 02:48:58.081   944   944 D ConnectivityModuleConnector: Network stack init
01-06 02:48:58.084   944   944 V SystemServerTiming: InitConnectivityModuleConnector took to complete: 3ms
01-06 02:48:58.084   944   944 D SystemServerTiming: InitNetworkStackClient
01-06 02:48:58.084   944   944 V SystemServerTiming: InitNetworkStackClient took to complete: 0ms
01-06 02:48:58.084   944   944 D SystemServerTiming: StartNetworkManagementService
01-06 02:48:58.085   944  1135 D SystemServerInitThreadPool: Finished executing PersistentDataBlockService.onStart
01-06 02:48:58.086   944  1135 V SystemServerTimingAsync: InitThreadPoolExec:PersistentDataBlockService.onStart took to complete: 37ms
01-06 02:48:58.087   944   944 V SystemServerTiming: StartNetworkManagementService took to complete: 3ms
01-06 02:48:58.087   944   944 D SystemServerTiming: StartFontManagerService
01-06 02:48:58.285   944   944 V SystemServerTiming: StartFontManagerService took to complete: 197ms
01-06 02:48:58.285   944   944 D SystemServerTiming: StartTextServicesManager
01-06 02:48:58.285   944   944 I SystemServiceManager: Starting com.android.server.textservices.TextServicesManagerService$Lifecycle
01-06 02:48:58.288   944   944 V SystemServerTiming: StartTextServicesManager took to complete: 3ms
01-06 02:48:58.288   944   944 D SystemServerTiming: StartTextClassificationManagerService
01-06 02:48:58.288   944   944 I SystemServiceManager: Starting com.android.server.textclassifier.TextClassificationManagerService$Lifecycle
01-06 02:48:58.290   944   944 V SystemServerTiming: StartTextClassificationManagerService took to complete: 2ms
01-06 02:48:58.290   944   944 D SystemServerTiming: StartNetworkScoreService
01-06 02:48:58.291   944   944 I SystemServiceManager: Starting com.android.server.NetworkScoreService$Lifecycle
01-06 02:48:58.292   944   944 V SystemServerTiming: StartNetworkScoreService took to complete: 2ms
01-06 02:48:58.292   944   944 D SystemServerTiming: StartNetworkStatsService
01-06 02:48:58.318   944   944 I SystemServiceManager: Starting com.android.server.NetworkStatsServiceInitializer
01-06 02:48:58.371   944   944 V SystemServerTiming: StartNetworkStatsService took to complete: 79ms
01-06 02:48:58.371   944   944 D SystemServerTiming: StartNetworkPolicyManagerService
01-06 02:48:58.374   944   944 V SystemServerTiming: StartNetworkPolicyManagerService took to complete: 3ms
01-06 02:48:58.374   944   944 D SystemServerTiming: StartWifi
01-06 02:48:58.408   944   944 I SystemServiceManager: Starting com.android.server.wifi.WifiService
01-06 02:48:58.530   611   611 I wificond: New wificond event callback registered
01-06 02:48:58.535   944   944 V HistoricalRegistry: Interaction before persistence initialized
01-06 02:48:58.540   944   944 V SystemServerTiming: StartWifi took to complete: 165ms
01-06 02:48:58.540   944   944 D SystemServerTiming: StartWifiScanning
01-06 02:48:58.540   944   944 I SystemServiceManager: Starting com.android.server.wifi.scanner.WifiScanningService
01-06 02:48:58.546   944   944 V SystemServerTiming: StartWifiScanning took to complete: 6ms
01-06 02:48:58.546   944   944 D SystemServerTiming: StartWifiP2P
01-06 02:48:58.547   944   944 I SystemServiceManager: Starting com.android.server.wifi.p2p.WifiP2pService
01-06 02:48:58.558   944   944 V SystemServerTiming: StartWifiP2P took to complete: 12ms
01-06 02:48:58.558   944   944 D SystemServerTiming: StartPacProxyService
01-06 02:48:58.560   944   944 V SystemServerTiming: StartPacProxyService took to complete: 2ms
01-06 02:48:58.560   944   944 D SystemServerTiming: StartConnectivityService
01-06 02:48:58.561   944   944 I SystemServiceManager: Starting com.android.server.ConnectivityServiceInitializer
01-06 02:48:58.602   944   944 D CompatibilityChangeReporter: Compat change id reported: 182478738; UID 1000; state: ENABLED
01-06 02:48:58.632   944   944 V SystemServerTiming: StartConnectivityService took to complete: 72ms
01-06 02:48:58.632   944   944 D SystemServerTiming: StartVpnManagerService
01-06 02:48:58.637   944   944 V SystemServerTiming: StartVpnManagerService took to complete: 5ms
01-06 02:48:58.637   944   944 D SystemServerTiming: StartVcnManagementService
01-06 02:48:58.640   944   944 V SystemServerTiming: StartVcnManagementService took to complete: 3ms
01-06 02:48:58.640   944   944 D SystemServerTiming: StartSystemUpdateManagerService
01-06 02:48:58.640   944   944 I SystemUpdateManagerService: No existing info file /data/system/system-update-info.xml
01-06 02:48:58.641   944   944 V SystemServerTiming: StartSystemUpdateManagerService took to complete: 1ms
01-06 02:48:58.641   944   944 D SystemServerTiming: StartUpdateLockService
01-06 02:48:58.642   944   944 V SystemServerTiming: StartUpdateLockService took to complete: 1ms
01-06 02:48:58.642   944   944 D SystemServerTiming: StartNotificationManager
01-06 02:48:58.642   944   944 I SystemServiceManager: Starting com.android.server.notification.NotificationManagerService
01-06 02:48:58.655   944   944 D ConditionProviders.SCP: new ScheduleConditionProvider()
01-06 02:48:58.675   944   944 I NotificationAssistants: Read notification assistant permissions from xml
01-06 02:48:58.675   944   944 I ConditionProviders: Read condition provider permissions from xml
01-06 02:48:58.675   944   944 I ConditionProviders: Read condition provider permissions from xml
01-06 02:48:58.675   944   944 D NotificationAssistants: Approving default notification assistant for user 0
01-06 02:48:58.676   944   944 I ConditionProviders:  Allowing condition provider android.ext.services/android.ext.services.notification.Assistant (userSet: true)
01-06 02:48:58.686   944   944 V SystemServerTiming: StartNotificationManager took to complete: 44ms
01-06 02:48:58.686   944   944 D SystemServerTiming: StartDeviceMonitor
01-06 02:48:58.686   944   944 I SystemServiceManager: Starting com.android.server.storage.DeviceStorageMonitorService
01-06 02:48:58.688   944   944 V SystemServerTiming: StartDeviceMonitor took to complete: 2ms
01-06 02:48:58.689   944   944 D SystemServerTiming: StartLocationManagerService
01-06 02:48:58.689   944   944 I SystemServiceManager: Starting com.android.server.location.LocationManagerService$Lifecycle
01-06 02:48:58.692   944   944 V SystemServerTiming: StartLocationManagerService took to complete: 4ms
01-06 02:48:58.692   944   944 D SystemServerTiming: StartCountryDetectorService
01-06 02:48:58.693   944   944 V SystemServerTiming: StartCountryDetectorService took to complete: 1ms
01-06 02:48:58.693   944   944 D SystemServerTiming: StartTimeDetectorService
01-06 02:48:58.693   944   944 I SystemServiceManager: Starting com.android.server.timedetector.TimeDetectorService$Lifecycle
01-06 02:48:58.695   944   944 V SystemServerTiming: StartTimeDetectorService took to complete: 1ms
01-06 02:48:58.695   944   944 D SystemServerTiming: StartTimeZoneDetectorService
01-06 02:48:58.695   944   944 I SystemServiceManager: Starting com.android.server.timezonedetector.TimeZoneDetectorService$Lifecycle
01-06 02:48:58.698   944   944 V SystemServerTiming: StartTimeZoneDetectorService took to complete: 2ms
01-06 02:48:58.698   944   944 D SystemServerTiming: StartLocationTimeZoneManagerService
01-06 02:48:58.698   944   944 I SystemServiceManager: Starting com.android.server.timezonedetector.location.LocationTimeZoneManagerService$Lifecycle
01-06 02:48:58.698   944   944 D LocationTZDetector: Geo time zone detection feature is disabled in config
01-06 02:48:58.698   944   944 V SystemServerTiming: StartLocationTimeZoneManagerService took to complete: 0ms
01-06 02:48:58.698   944   944 D SystemServerTiming: StartSearchManagerService
01-06 02:48:58.698   944   944 I SystemServiceManager: Starting com.android.server.search.SearchManagerService$Lifecycle
01-06 02:48:58.699   944   944 V SystemServerTiming: StartSearchManagerService took to complete: 1ms
01-06 02:48:58.699   944   944 D SystemServerTiming: StartWallpaperManagerService
01-06 02:48:58.699   944   944 I SystemServiceManager: Starting com.android.server.wallpaper.WallpaperManagerService$Lifecycle
01-06 02:48:58.701   944   944 V SystemServerTiming: StartWallpaperManagerService took to complete: 2ms
01-06 02:48:58.701   944   944 D SystemServerTiming: StartWallpaperEffectsGenerationService
01-06 02:48:58.701   944   944 I SystemServiceManager: Starting com.android.server.wallpapereffectsgeneration.WallpaperEffectsGenerationManagerService
01-06 02:48:58.703   944   944 V SystemServerTiming: StartWallpaperEffectsGenerationService took to complete: 2ms
01-06 02:48:58.703   944   944 D SystemServerTiming: StartAudioService
01-06 02:48:58.703   944   944 I SystemServiceManager: Starting com.android.server.audio.AudioService$Lifecycle
01-06 02:48:58.749   944   944 V SystemServerTiming: StartAudioService took to complete: 46ms
01-06 02:48:58.749   944   944 D SystemServerTiming: StartSoundTriggerMiddlewareService
01-06 02:48:58.750   944   944 I SystemServiceManager: Starting com.android.server.soundtrigger_middleware.SoundTriggerMiddlewareService$Lifecycle
01-06 02:48:58.753   944   944 V SystemServerTiming: StartSoundTriggerMiddlewareService took to complete: 4ms
01-06 02:48:58.753   944   944 D SystemServerTiming: StartDockObserver
01-06 02:48:58.753   944   944 I SystemServiceManager: Starting com.android.server.DockObserver
