01-07 03:33:56.085     0     0 I         : [2 T227   ..] EXT4-fs (loop0): mounted filesystem without journal. Opts: (null). Quota mode: none.
01-07 03:33:56.085     0     0 I         : [1 T228   ..] EXT4-fs (loop1): mounted filesystem without journal. Opts: (null). Quota mode: none.
01-07 03:33:56.086     0     0 I         : [6 T230   ..] EXT4-fs (loop3): mounted filesystem without journal. Opts: (null). Quota mode: none.
01-07 03:33:56.102     0     0 W [6 T191   ..] printk: apexd: 35 output lines suppressed due to ratelimiting
01-07 03:33:56.341     0     0 I         : [1 T240   ..] boringssl_self_ (240) used greatest stack depth: 11584 bytes left
01-07 03:33:56.365     0     0 W [7 T188   ..] mali_kbase: loading out-of-tree module taints kernel.
01-07 03:33:56.389     0     0 I         : [7 T10    ..] mali fe400000.bifrost: Kernel DDK version r38p1-01bet0
01-07 03:33:56.391     0     0 I         : [7 T10    ..] mali fe400000.bifrost: GPU identified as 0x2 arch 7.4.0 r1p0 status 0
01-07 03:33:56.391     0     0 I         : [7 T10    ..] mali fe400000.bifrost: No priority control manager is configured
01-07 03:33:56.391     0     0 I         : [7 T10    ..] mali fe400000.bifrost: No memory group manager is configured
01-07 03:33:56.391     0     0 I         : [7 T10    ..] mali fe400000.bifrost: Using coherency mode 0 set from dtb
01-07 03:33:56.393     0     0 I         : [7 T10    ..] mali fe400000.bifrost: Probed as mali0
01-07 03:33:56.608     0     0 W [5 T188   ..] amlogic_dnlp_alg: module license 'Copyright (C) 2015 Amlogic, Inc. All rights reserved.' taints kernel.
01-07 03:33:56.608     0     0 W         : [5 T188   ..] Disabling lock debugging due to kernel taint
01-07 03:33:56.608     0     0 W [5 T188   ..] amlogic_dnlp_alg: disagrees about version of symbol dnlp_alg_function
01-07 03:33:56.608     0     0 W         : [5 T188   ..] !!!MUST FIX!!! amlogic_dnlp_alg: ko need recompile.
01-07 03:33:56.608     0     0 W [5 T188   d.] CPU: 5 PID: 188 Comm: init Tainted: P           OE     5.15.78-android13-8-g6933e98b9f35-ab561 #1
01-07 03:33:56.608     0     0 W         : [5 T188   d.] Hardware name: Amlogic (DT)
01-07 03:33:56.608     0     0 W         : [5 T188   d.] Call trace:
01-07 03:33:56.608     0     0 W         : [5 T188   d.]  dump_backtrace.cfi_jt+0x0/0x8
01-07 03:33:56.609     0     0 W         : [5 T188   d.]  show_stack+0x1c/0x2c
01-07 03:33:56.609     0     0 W         : [5 T188   d.]  dump_stack_lvl+0x7c/0xc4
01-07 03:33:56.609     0     0 W         : [5 T188   d.]  check_version+0x108/0x114
01-07 03:33:56.609     0     0 W         : [5 T188   d.]  resolve_symbol+0xc8/0x464
01-07 03:33:56.609     0     0 W         : [5 T188   d.]  simplify_symbols+0x188/0x3bc
01-07 03:33:56.609     0     0 W         : [5 T188   d.]  load_module+0xb5c/0x1644
01-07 03:33:56.609     0     0 W         : [5 T188   d.]  __arm64_sys_finit_module+0xbc/0xfc
01-07 03:33:56.609     0     0 W         : [5 T188   d.]  invoke_syscall+0x60/0x150
01-07 03:33:56.609     0     0 W         : [5 T188   d.]  el0_svc_common.llvm.1445355289302584398+0xb8/0xf8
01-07 03:33:56.609     0     0 W         : [5 T188   d.]  do_el0_svc+0x28/0xa0
01-07 03:33:56.609     0     0 W         : [5 T188   d.]  el0_svc+0x24/0x84
01-07 03:33:56.609     0     0 W         : [5 T188   d.]  el0t_64_sync_handler+0x88/0xec
01-07 03:33:56.609     0     0 W         : [5 T188   d.]  el0t_64_sync+0x1b4/0x1b8
01-07 03:33:56.610     0     0 W         : [5 T188   ..] Kernel module BTF mismatch detected, BTF debug info may be unavailable for some modules
01-07 03:33:56.610     0     0 I [5 T188   ..] [dnlp_alg]: aml_dnlp_alg_init insmod ok. v001.07x_20220908
01-07 03:33:56.610     0     0 I [5 T188   ..] [dnlp_alg]: dnlp_alg_init: is ok
01-07 03:33:56.612     0     0 I [7 T188   ..] gdc: register_gdc_fw_funcs: register_gdc_fw_funcs, func_ptr:00000000ec9e4aa8 version:GDC FW Module: v2022.11.11
01-07 03:33:56.614     0     0 I [7 T188   ..] hdr10_tmo_alg: hdr10_tmo_alg_driver_init insmod ok. v1.0_2022-5-12
01-07 03:33:56.622     0     0 I [0 T0     dh] dnlp_alg_param_init: is ok
01-07 03:33:56.727     0     0 I [4 T251   ..] [wireless]: amlogic rfkill init
01-07 03:33:56.751     0     0 I         : [7 T252   ..] amlogic-pcie-v2 f5000000.pcie: host bridge /soc/pcie@f5000000 ranges:
01-07 03:33:56.751     0     0 I         : [7 T252   ..] amlogic-pcie-v2 f5000000.pcie:       IO 0x00f5600000..0x00f56fffff -> 0x0000000000
01-07 03:33:56.751     0     0 I         : [7 T252   ..] amlogic-pcie-v2 f5000000.pcie:      MEM 0x00f5700000..0x00f6ffffff -> 0x00f5700000
01-07 03:33:56.751     0     0 I         : [7 T252   ..] amlogic-pcie-v2 f5000000.pcie: GPIO normal: assert reset
01-07 03:33:56.769     0     0 I         : [7 T252   ..] amlogic-pcie-v2 f5000000.pcie: iATU unroll: enabled
01-07 03:33:56.769     0     0 I         : [7 T252   ..] amlogic-pcie-v2 f5000000.pcie: Detected iATU regions: 4 outbound, 4 inbound
01-07 03:33:56.956     0     0 I         : [0 T252   ..] amlogic-pcie-v2 f5000000.pcie: Link up
01-07 03:33:56.956     0     0 I         : [0 T252   ..] amlogic-pcie-v2 f5000000.pcie: PCI host bridge to bus 0000:00
01-07 03:33:56.956     0     0 I         : [0 T252   ..] pci_bus 0000:00: root bus resource [bus 00-ff]
01-07 03:33:56.956     0     0 I         : [0 T252   ..] pci_bus 0000:00: root bus resource [io  0x0000-0xfffff]
01-07 03:33:56.956     0     0 I         : [0 T252   ..] pci_bus 0000:00: root bus resource [mem 0xf5700000-0xf6ffffff]
01-07 03:33:56.956     0     0 I         : [0 T252   ..] pci 0000:00:00.0: [16c3:abcd] type 01 class 0x060400
01-07 03:33:56.956     0     0 I         : [0 T252   ..] pci 0000:00:00.0: reg 0x38: [mem 0x00000000-0x0000ffff pref]
01-07 03:33:56.956     0     0 I         : [0 T252   ..] pci 0000:00:00.0: supports D1
01-07 03:33:56.956     0     0 I         : [0 T252   ..] pci 0000:00:00.0: PME# supported from D0 D1 D3hot D3cold
01-07 03:33:56.959     0     0 I         : [0 T252   ..] pci 0000:01:00.0: [17cb:1107] type 00 class 0x028000
01-07 03:33:56.959     0     0 I         : [0 T252   ..] pci 0000:01:00.0: reg 0x10: [mem 0x00000000-0x001fffff 64bit]
01-07 03:33:56.959     0     0 I         : [0 T252   ..] pci 0000:01:00.0: Upstream bridge's Max Payload Size set to 128 (was 256, max 256)
01-07 03:33:56.959     0     0 I         : [0 T252   ..] pci 0000:01:00.0: Max Payload Size set to 128 (was 128, max 128)
01-07 03:33:56.960     0     0 I         : [0 T252   ..] pci 0000:01:00.0: PME# supported from D0 D3hot D3cold
01-07 03:33:56.960     0     0 I         : [0 T252   ..] pci 0000:01:00.0: 4.000 Gb/s available PCIe bandwidth, limited by 5.0 GT/s PCIe x1 link at 0000:00:00.0 (capable of 15.752 Gb/s with 8.0 GT/s PCIe x2 link)
01-07 03:33:56.972     0     0 I         : [3 T252   ..] pci 0000:00:00.0: BAR 14: assigned [mem 0xf5800000-0xf59fffff]
01-07 03:33:56.972     0     0 I         : [3 T252   ..] pci 0000:00:00.0: BAR 6: assigned [mem 0xf5700000-0xf570ffff pref]
01-07 03:33:56.972     0     0 I         : [3 T252   ..] pci 0000:01:00.0: BAR 0: assigned [mem 0xf5800000-0xf59fffff 64bit]
01-07 03:33:56.972     0     0 I         : [3 T252   ..] pci 0000:00:00.0: PCI bridge to [bus 01-ff]
01-07 03:33:56.972     0     0 I         : [3 T252   ..] pci 0000:00:00.0:   bridge window [mem 0xf5800000-0xf59fffff]
01-07 03:33:56.972     0     0 I [3 T252   ..] OF: /soc/pcie@f5000000: no iommu-map translation for id 0x0 on (null)
01-07 03:33:56.972     0     0 I         : [3 T252   ..] pcieport 0000:00:00.0: PME: Signaling with IRQ 97
01-07 03:33:56.973     0     0 I         : [2 T252   ..] pcieport 0000:00:00.0: AER: enabled with IRQ 97
01-07 03:33:56.973     0     0 I         : [2 T252   ..] amlogic-pcie-v2 f5000000.pcie: Link up, GEN2,link width is x1
01-07 03:33:56.974     0     0 I         : [2 T252   ..] insmod (252) used greatest stack depth: 10736 bytes left
01-07 03:33:56.996     0     0 I         : [2 T88    ..] lcd vlock_en=1, vlock_mode=0x8 i=101
01-07 03:33:57.051     0     0 I [7 T256   ..] ntfs3: Max link count 4000
01-07 03:33:57.102     0     0 I [0 T258   ..] zram: Added device: zram0
01-07 03:33:57.302     0     0 I         : [0 T266   ..] meson8b-dwmac fdc00000.ethernet: IRQ eth_wake_irq not found
01-07 03:33:57.302     0     0 I         : [0 T266   ..] meson8b-dwmac fdc00000.ethernet: IRQ eth_lpi not found
01-07 03:33:57.302     0     0 I         : [0 T266   ..] meson8b-dwmac fdc00000.ethernet: PTP uses main clock
01-07 03:33:57.303     0     0 I         : [3 T266   ..] meson8b-dwmac fdc00000.ethernet: User ID: 0x12, Synopsys ID: 0x51
01-07 03:33:57.303     0     0 I         : [3 T266   ..] meson8b-dwmac fdc00000.ethernet: 	DWMAC4/5
01-07 03:33:57.303     0     0 I         : [3 T266   ..] meson8b-dwmac fdc00000.ethernet: DMA HW capability register supported
01-07 03:33:57.303     0     0 I         : [3 T266   ..] meson8b-dwmac fdc00000.ethernet: RX Checksum Offload Engine supported
01-07 03:33:57.303     0     0 I         : [3 T266   ..] meson8b-dwmac fdc00000.ethernet: TX Checksum insertion supported
01-07 03:33:57.303     0     0 I         : [3 T266   ..] meson8b-dwmac fdc00000.ethernet: Wake-Up On Lan supported
01-07 03:33:57.303     0     0 I         : [3 T266   ..] meson8b-dwmac fdc00000.ethernet: Enable RX Mitigation via HW Watchdog Timer
01-07 03:33:57.303     0     0 I         : [3 T266   ..] meson8b-dwmac fdc00000.ethernet: device MAC address 02:ad:36:01:f7:10
01-07 03:33:57.303     0     0 I         : [3 T266   ..] meson8b-dwmac fdc00000.ethernet: Enabled RFS Flow TC (entries=8)
01-07 03:33:57.303     0     0 I         : [3 T266   ..] meson8b-dwmac fdc00000.ethernet: Using 32 bits DMA width
01-07 03:33:57.306     0     0 I         : [1 T266   ..] aml_cust_setting
01-07 03:33:57.306     0     0 I [1 T266   ..] input: input_ethrcu as /devices/platform/soc/fdc00000.ethernet/input/input3
01-07 03:33:57.310     0     0 E         : [6 T10    ..] mdio_bus 0.0: ethernet-phy@0 has invalid PHY address
01-07 03:33:57.310     0     0 I         : [6 T10    ..] mdio_bus 0.0: scan phy ethernet-phy at address 0
01-07 03:33:57.310     0     0 I         : [6 T10    ..] mdio_bus 0.0: scan phy ethernet-phy at address 1
01-07 03:33:57.311     0     0 I         : [6 T10    ..] mdio_bus 0.0: scan phy ethernet-phy at address 2
01-07 03:33:57.311     0     0 I         : [6 T10    ..] mdio_bus 0.0: scan phy ethernet-phy at address 3
01-07 03:33:57.312     0     0 I         : [6 T10    ..] mdio_bus 0.0: scan phy ethernet-phy at address 4
01-07 03:33:57.312     0     0 I         : [6 T10    ..] mdio_bus 0.0: scan phy ethernet-phy at address 5
01-07 03:33:57.313     0     0 I         : [6 T10    ..] mdio_bus 0.0: scan phy ethernet-phy at address 6
01-07 03:33:57.313     0     0 I         : [6 T10    ..] mdio_bus 0.0: scan phy ethernet-phy at address 7
01-07 03:33:57.314     0     0 I         : [6 T10    ..] Airoha AN8801R 0.0:07: PHY-ID = c0ff0421
01-07 03:33:57.315     0     0 I [6 T10    ..] [mdio-g12a]: tx_amp_addr fe010330
01-07 03:33:57.315     0     0 I [6 T10    ..] [mdio-g12a]: txamp 0x33
01-07 03:33:57.315     0     0 I [6 T10    ..] [mdio-g12a]: use default st_mode
01-07 03:33:57.347     0     0 I [3 T270   ..] i2c_dev: i2c /dev entries driver
01-07 03:33:57.440     0     0 W         : [7 T274   ..] aml dvb init
01-07 03:33:57.467     0     0 E [5 T275   ..] [dvb-ci]: aml_ci: Amlogic CI mode init
01-07 03:33:57.503     0     0 I         : [6 T276   ..] meson-vrtc fe010288.rtc: registered as rtc0
01-07 03:33:57.503     0     0 I         : [6 T276   ..] meson-vrtc fe010288.rtc: setting system clock to 2025-01-07T03:33:57 UTC (1736220837)
01-07 03:33:57.576     0     0 I [5 T279   ..] optee: probing for conduit method.
01-07 03:33:57.576     0     0 I [5 T279   ..] optee: revision 3.8 (9eacf4f3)
01-07 03:33:57.577     0     0 I [0 T279   ..] optee: dynamic shared memory is enabled
01-07 03:33:57.577     0     0 I [0 T279   ..] optee: initialized driver
01-07 03:33:57.628     0     0 I         : [7 T283   ..] hifi4dsp fe340018.hifi4dsp: assigned reserved memory node linux,dsp_fw
01-07 03:33:57.632     0     0 I [4 T283   ..] [hifidsp]: of read shmem phys = [0x40820000 0x80000]
01-07 03:33:57.632     0     0 I [4 T283   ..] [hifidsp]: sharemem map phys:0x40820000-->virt:0xffffffc00d521000
01-07 03:33:57.632     0     0 I [4 T283   ..] [hifidsp]: register dsp-0 start
01-07 03:33:57.633     0     0 I [4 T283   ..] [hifidsp]: register dsp-0 done
01-07 03:33:57.633     0     0 I [4 T283   ..] [hifidsp]: register dsp-1 start
01-07 03:33:57.633     0     0 I [4 T283   ..] [hifidsp]: register dsp-1 done
01-07 03:33:57.633     0     0 I [4 T283   ..] [hifidsp]: hifi4dsp_platform_probe done
01-07 03:33:57.635     0     0 I         : [4 T283   ..] insmod (283) used greatest stack depth: 10368 bytes left
01-07 03:33:57.781     0     0 I         : [5 T289   ..] Registered hwevent_queue driver
01-07 03:33:57.806     0     0 I         : [5 T291   ..] Registered LED control at 478.
01-07 03:33:57.830     0     0 I         : [4 T293   ..] Found IS31FL3195 at i2c address 54
01-07 03:33:57.859     0     0 I         : [6 T294   ..] Initing gpio ir driver.
01-07 03:33:57.859     0     0 I [6 T294   ..] gpio_ir_receiver: [gpio_ir_receiver_init]
01-07 03:33:57.859     0     0 I [6 T294   ..] gpio_ir_receiver: [rc_dev_init]
01-07 03:33:57.859     0     0 I         : [6 T294   ..] Registered IR keymap rc-empty
01-07 03:33:57.859     0     0 I         : [6 T294   ..] rc rc0: CAAVO_GPIO_RX as /devices/virtual/rc/rc0
01-07 03:33:57.859     0     0 I         : [6 T294   ..] rc rc0: lirc_dev: driver CAAVO_GPIO_RX registered at minor = 0, raw IR receiver, no transmitter
01-07 03:33:57.860     0     0 I [6 T294   ..] input: CAAVO_GPIO_RX as /devices/virtual/rc/rc0/input4
01-07 03:33:57.860     0     0 I [6 T294   ..] gpio_ir_receiver: gpio_to_irq irq_pin is 100
01-07 03:33:57.860     0     0 I [6 T294   ..] gpio_ir_receiver: Init completed for version 1.0.8
01-07 03:33:58.457     0     0 I         : [0 T296   ..] apple_auth 3-0010: Write retries exceeded
01-07 03:33:58.457     0     0 I         : [0 T296   ..] Apple Auth chip was NOT found on i2c bus at addr:0x10 !
01-07 03:33:58.457     0     0 E         : [0 T296   ..] Registered Apple Authentication Chip driver with major number: 477
01-07 03:33:58.486     0     0 I         : [1 T297   ..] psmon psmon: initiallized in ADC mode
01-07 03:33:58.487     0     0 I         : [2 T297   ..] psmon psmon: started power supply brownout monitor.
01-07 03:33:58.488     0     0 I         : [4 T298   ..] psmon brownout detection thread started, shutdown limit 10000 mV.
01-07 03:33:58.558     0     0 I [6 T300   ..] [snd-soc]: regmap_resource, hdmirx-arc, start:0xfe39c000, size:0x10c
01-07 03:33:58.581     0     0 I         : [0 T300   ..] audio-ddr-manager fe330000.audiobus:ddr_manager: 0, irqs frddr 36
01-07 03:33:58.581     0     0 I         : [0 T300   ..] audio-ddr-manager fe330000.audiobus:ddr_manager: 1, irqs frddr 37
01-07 03:33:58.581     0     0 I         : [0 T300   ..] audio-ddr-manager fe330000.audiobus:ddr_manager: 2, irqs frddr 38
01-07 03:33:58.581     0     0 I         : [0 T300   ..] audio-ddr-manager fe330000.audiobus:ddr_manager: 3, irqs frddr 39
01-07 03:33:58.582     0     0 I [0 T300   ..] [snd-soc]: regmap_resource, tx_cmdc, start:0xfe333000, size:0x400
01-07 03:33:58.582     0     0 I [0 T300   ..] [snd-soc]: regmap_resource, tx_dmac, start:0xfe333400, size:0x200
01-07 03:33:58.582     0     0 I [0 T300   ..] [snd-soc]: regmap_resource, tx_top, start:0xfe333600, size:0x200
01-07 03:33:58.582     0     0 I [0 T300   ..] [snd-soc]: regmap_resource, rx_cmdc, start:0xfe333800, size:0x400
01-07 03:33:58.582     0     0 I [0 T300   ..] [snd-soc]: regmap_resource, rx_dmac, start:0xfe333c00, size:0x200
01-07 03:33:58.582     0     0 I [0 T300   ..] [snd-soc]: regmap_resource, rx_top, start:0xfe333e00, size:0x200
01-07 03:33:58.582     0     0 E         : [0 T300   ..] EARC fe333000.earc: Can't retrieve suspend-clk-off
01-07 03:33:58.582     0     0 I         : [0 T300   ..] EARC fe333000.earc: earc_platform_probe, irq_earc_rx:44
01-07 03:33:58.582     0     0 I         : [0 T300   ..] EARC fe333000.earc: earc_platform_probe, irq_earc_tx:45
01-07 03:33:58.583     0     0 I         : [0 T301   ..] EARC fe333000.earc: EARCRX_CMDC_TIMEOUT
01-07 03:33:58.583     0     0 I         : [0 T301   ..] EARC fe333000.earc: EARCRX_CMDC_IDLE2
01-07 03:33:58.583     0     0 I         : [0 T301   ..] EARC fe333000.earc: EARCRX_CMDC_IDLE1
01-07 03:33:58.583     0     0 I         : [0 T301   ..] EARC fe333000.earc: EARCRX_CMDC_DISC2
01-07 03:33:58.583     0     0 I         : [0 T301   ..] EARC fe333000.earc: EARCRX_CMDC_DISC1
01-07 03:33:58.583     0     0 I         : [0 T301   ..] EARC fe333000.earc: EARCRX_CMDC_LOSTHB
01-07 03:33:58.583     0     0 I         : [3 T300   ..] EARC fe333000.earc: HDMITX cable is plugin
01-07 03:33:58.583     0     0 I         : [0 T302   ..] EARC fe333000.earc: EARCTX_CMDC_IDLE1
01-07 03:33:58.583     0     0 E         : [3 T300   ..] EARC fe333000.earc: registered eARC platform
01-07 03:33:58.584     0     0 I [3 T300   ..] [snd-soc]: effect_platform_probe 	 module:1, lane_mask:1, ch_mask:255
01-07 03:33:58.585     0     0 I [3 T300   ..] [snd-soc]: extn_platform_probe, register soc platform
01-07 03:33:58.586     0     0 I [3 T300   ..] [snd-soc]: resample_platform_probe
01-07 03:33:58.586     0     0 E         : [3 T300   ..] audioresample fe330000.audiobus:resample@0: Can't retrieve suspend-clk-off
01-07 03:33:58.587     0     0 I [3 T300   ..] [snd-soc]: new_resample_init: Start init new resample A parameters!
01-07 03:33:58.587     0     0 E         : [3 T300   ..] Codec io: No support bus type 2 to write.
01-07 03:33:58.587     0     0 E         : [3 T300   ..] Codec io: write cbus reg 45 error -1
01-07 03:33:58.589     0     0 I [3 T300   ..] [snd-soc]: resample_clk_set:set hifi pll
01-07 03:33:58.589     0     0 I [3 T300   ..] [snd-soc]: resample_clk_set, resample_pll:983999940, sclk:12300000, clk:12300000
01-07 03:33:58.589     0     0 I [3 T300   ..] [snd-soc]: new_resample_set_ratio(), id = 0, phase_step = 0x10000000, input_sr = 48000, output_sr = 48000
01-07 03:33:58.589     0     0 I [3 T300   ..] [snd-soc]: resample id = 0, new resample = 2, resample_module = 8
01-07 03:33:58.589     0     0 I [3 T300   ..] [snd-soc]: resample_platform_probe
01-07 03:33:58.589     0     0 E         : [3 T300   ..] audioresample fe330000.audiobus:resample@1: Can't retrieve suspend-clk-off
01-07 03:33:58.590     0     0 I [3 T300   ..] [snd-soc]: new_resample_init: Start init new resample B parameters!
01-07 03:33:58.590     0     0 E         : [3 T300   ..] Codec io: No support bus type 2 to write.
01-07 03:33:58.590     0     0 E         : [3 T300   ..] Codec io: write cbus reg 45 error -1
01-07 03:33:58.591     0     0 I [3 T300   ..] [snd-soc]: resample_clk_set, resample_pll:491517535, sclk:12287939, clk:12287939
01-07 03:33:58.591     0     0 I [3 T300   ..] [snd-soc]: new_resample_set_ratio(), id = 1, phase_step = 0x30000000, input_sr = 48000, output_sr = 16000
01-07 03:33:58.592     0     0 I [3 T300   ..] [snd-soc]: resample id = 1, new resample = 2, resample_module = 7
01-07 03:33:58.593     0     0 E         : [3 T300   ..] snd_spdif fe330000.audiobus:spdif@0: Can't retrieve suspend-clk-off
01-07 03:33:58.594     0     0 W         : [3 T300   ..] snd_spdif fe330000.audiobus:spdif@0: no clk_src_cd clock for 44k case
01-07 03:33:58.594     0     0 E         : [3 T300   ..] snd_spdif fe330000.audiobus:spdif@1: Can't retrieve suspend-clk-off
01-07 03:33:58.594     0     0 W         : [3 T300   ..] snd_spdif fe330000.audiobus:spdif@1: no clk_src_cd clock for 44k case
01-07 03:33:58.596     0     0 I [3 T300   ..] [snd-soc]: aml_tdm_platform_probe, tdm ID = 0, lane_cnt = 4
01-07 03:33:58.596     0     0 E         : [3 T300   ..] snd_tdm fe330000.audiobus:tdm@0: Can't retrieve suspend-clk-off
01-07 03:33:58.596     0     0 W         : [3 T300   ..] snd_tdm fe330000.audiobus:tdm@0: no clk_src_cd clock for 44k case
01-07 03:33:58.596     0     0 I [3 T300   ..] [snd-soc]: aml_tdm_platform_probe, tdm ID = 1, lane_cnt = 4
01-07 03:33:58.597     0     0 E         : [3 T300   ..] snd_tdm fe330000.audiobus:tdm@1: Can't retrieve suspend-clk-off
01-07 03:33:58.597     0     0 I [3 T300   ..] [snd-soc]: TDM id 1 supports hdmirx
01-07 03:33:58.597     0     0 W         : [3 T300   ..] snd_tdm fe330000.audiobus:tdm@1: no clk_src_cd clock for 44k case
01-07 03:33:58.597     0     0 I [3 T300   ..] [snd-soc]: aml_tdm_get_pins error!
01-07 03:33:58.597     0     0 I [3 T300   ..] [snd-soc]: TDM id 1 output clk enable:1
01-07 03:33:58.597     0     0 I [3 T300   ..] [snd-soc]: TDM id 1 tuning clk enable:1
01-07 03:33:58.597     0     0 I [3 T300   ..] [snd-soc]: aml_tdm_platform_probe, tdm ID = 2, lane_cnt = 4
01-07 03:33:58.597     0     0 E         : [3 T300   ..] snd_tdm fe330000.audiobus:tdm@2: Can't retrieve suspend-clk-off
01-07 03:33:58.598     0     0 I [3 T300   ..] [snd-soc]: TDM id 2 supports hdmirx
01-07 03:33:58.598     0     0 I [3 T300   ..] [snd-soc]: TDM id 2 i2s2hdmi:1
01-07 03:33:58.598     0     0 W         : [3 T300   ..] snd_tdm fe330000.audiobus:tdm@2: no clk_src_cd clock for 44k case
01-07 03:33:58.598     0     0 I [3 T300   ..] [snd-soc]: aml_tdm_get_pins error!
01-07 03:33:58.598     0     0 I [3 T300   ..] [snd-soc]: aml_tdm_platform_probe, tdm ID = 3, lane_cnt = 4
01-07 03:33:58.598     0     0 E         : [3 T300   ..] snd_tdm fe330000.audiobus:tdm@3: Can't retrieve suspend-clk-off
01-07 03:33:58.599     0     0 W         : [3 T300   ..] snd_tdm fe330000.audiobus:tdm@3: no clk_src_cd clock for 44k case
01-07 03:33:58.599     0     0 E         : [3 T300   ..] meson-t7-pinctrl fe000000.apb4:pinctrl@4000: pin GPIOM_4 already requested by fe330000.audiobus:pdm; cannot claim for fe330000.audiobus:tdm@3
01-07 03:33:58.601     0     0 E         : [3 T300   ..] meson-t7-pinctrl fe000000.apb4:pinctrl@4000: pin-119 (fe330000.audiobus:tdm@3) status -22
01-07 03:33:58.602     0     0 E         : [3 T300   ..] meson-t7-pinctrl fe000000.apb4:pinctrl@4000: could not request pin 119 (GPIOM_4) from group tdm_sclk3  on device pinctrl-meson
01-07 03:33:58.604     0     0 E         : [3 T300   ..] snd_tdm fe330000.audiobus:tdm@3: Error applying setting, reverse things back
01-07 03:33:58.605     0     0 I [3 T300   ..] [snd-soc]: aml_tdm_get_pins error!
01-07 03:33:58.605     0     0 I [3 T300   ..] [snd-soc]: TDM id 3 output clk enable:1
01-07 03:33:58.605     0     0 I [3 T300   ..] [snd-soc]: TDM id 3 tuning clk enable:1
01-07 03:33:58.607     0     0 I [3 T300   ..] input: vad_keypad as /devices/platform/soc/fe330000.audiobus/fe330000.audiobus:vad/input/input5
01-07 03:33:58.609     0     0 E         : [3 T300   ..] asoc-aml-card auge_sound: aml_card_dai_link_of, error dai-link idx:1, error getting codec dai, ret -517
01-07 03:33:58.610     0     0 E         : [3 T300   ..] asoc-aml-card auge_sound: parse dai_link-1 fail
01-07 03:33:58.610     0     0 E         : [3 T300   ..] asoc-aml-card auge_sound: aml_card_probe, aml_card_parse_of error -517 PROBE RETRY
01-07 03:33:58.612     0     0 E [3 T300   ..] [snd-soc]: aml_card_probe error ret:-517
01-07 03:33:58.612     0     0 I [3 T300   ..] [snd-soc]: [dsp]register dsp to char device(272)
01-07 03:33:58.615     0     0 E         : [6 T8     ..] asoc-aml-card auge_sound: aml_card_dai_link_of, error dai-link idx:1, error getting codec dai, ret -517
01-07 03:33:58.616     0     0 E         : [6 T8     ..] asoc-aml-card auge_sound: parse dai_link-1 fail
01-07 03:33:58.616     0     0 E         : [6 T8     ..] asoc-aml-card auge_sound: aml_card_probe, aml_card_parse_of error -517 PROBE RETRY
01-07 03:33:58.618     0     0 E [6 T8     ..] [snd-soc]: aml_card_probe error ret:-517
01-07 03:33:58.619     0     0 E         : [6 T8     ..] asoc-aml-card auge_sound: aml_card_dai_link_of, error dai-link idx:1, error getting codec dai, ret -517
01-07 03:33:58.620     0     0 E         : [6 T8     ..] asoc-aml-card auge_sound: parse dai_link-1 fail
01-07 03:33:58.621     0     0 E         : [6 T8     ..] asoc-aml-card auge_sound: aml_card_probe, aml_card_parse_of error -517 PROBE RETRY
01-07 03:33:58.622     0     0 E [6 T8     ..] [snd-soc]: aml_card_probe error ret:-517
01-07 03:33:58.636     0     0 I         : [3 T303   ..] tl1_acodec fe01a000.codec: aml_tl1_acodec_probe
01-07 03:33:58.636     0     0 I         : [3 T303   ..] tl1_acodec fe01a000.codec: Can't retrieve acodec clock
01-07 03:33:58.636     0     0 I [3 T303   ..] [snd-codec-tl1]: aml_tl1_acodec tdmout_index=1
01-07 03:33:58.636     0     0 I [3 T303   ..] [snd-codec-tl1]: aml_tl1_acodec dat1_ch_sel=0
01-07 03:33:58.636     0     0 I [3 T303   ..] [snd-codec-tl1]: aml_tl1_acodec tdmin_index=1
01-07 03:33:58.636     0     0 I [3 T303   ..] [snd-codec-tl1]: aml_tl1_acodec_probe over
01-07 03:33:58.642     0     0 I [6 T269   ..] [snd-codec-tl1]: tl1_acodec_release_fast_mode_work_func
01-07 03:33:58.642     0     0 I [6 T269   ..] [snd-codec-tl1]: tl1_acodec_set_toacodec, is_bclk_cap_inv true
01-07 03:33:58.642     0     0 I [6 T269   ..] [snd-codec-tl1]: tl1_acodec_set_toacodec, is_bclk_o_inv false
01-07 03:33:58.642     0     0 I [6 T269   ..] [snd-codec-tl1]: tl1_acodec_set_toacodec, is_lrclk_inv false
01-07 03:33:58.642     0     0 I [6 T269   ..] [snd-codec-tl1]: tl1_acodec_set_toacodec read EE_AUDIO_TOACODEC_CTRL0=0xe0091211
01-07 03:33:58.642     0     0 I [6 T269   ..] [snd-codec-tl1]: call standard reset interface
01-07 03:33:58.642     0     0 I [6 T8     ..] [snd-codec-tl1]: tl1_acodec_probe
01-07 03:33:58.645     0     0 I [6 T8     ..] [snd-soc]: asoc debug: extn_dai_probe-480
01-07 03:33:58.645     0     0 I [6 T8     ..] [snd-soc]: hdmirx_arc_write_reg reg 0x42, value 0x0
01-07 03:33:58.645     0     0 D [6 T8     ..] [snd-soc]: resample_set resample_a to Enable:48K, last Disable
01-07 03:33:58.645     0     0 I [6 T8     ..] [snd-soc]: new_resample_set_ratio(), id = 0, phase_step = 0x10000000, input_sr = 48000, output_sr = 48000
01-07 03:33:58.646     0     0 E         : [6 T8     ..] asoc-aml-card auge_sound: control 2:0:0:TDM MCLK Fine Setting:0 is already present
01-07 03:33:58.646     0     0 E         : [6 T8     ..] snd_tdm fe330000.audiobus:tdm@3: ASoC: Failed to add TDM MCLK Fine Setting: -16
01-07 03:33:58.647     0     0 E [6 T8     ..] [snd-soc]: aml_dai_tdm_probe, failed add snd tdm clk controls
01-07 03:33:58.649     0     0 I [6 T8     ..] [snd-soc]: aml_set_spdifclk_1: spdif_id 0, freq = 6144000
01-07 03:33:58.649     0     0 D [6 T8     ..] [snd-soc]: spdifout_play_with_zerodata_free, spdif id:0
01-07 03:33:58.649     0     0 D [6 T8     ..] [snd-soc]: spdifout_play_with_zerodata_free, spdif id:1
01-07 03:33:58.649     0     0 I [6 T8     ..] [snd-soc]:  
01-07 03:33:58.649     0     0 I         : [6 T8     ..] loopback_dai_set_sysclk, 0, 12288000, 0
01-07 03:33:58.649     0     0 I [6 T8     ..] [snd-soc]: asoc loopback_dai_set_fmt, 0x4010, 0000000048e808b1
01-07 03:33:58.659     0     0 I [6 T8     ..] [snd-soc]: snd_card_add_kcontrols card:00000000e5991a10
01-07 03:33:58.660     0     0 W [6 T8     ..] [snd-soc]: no node audio_effect for eq/drc info!
01-07 03:33:58.733     0     0 I [1 T305   ..] cfg80211: Loading compiled-in X.509 certificates for regulatory database
01-07 03:33:58.734     0     0 I [1 T305   ..] cfg80211: Loaded X.509 cert 'sforshee: 00b28ddf47aef9cea7'
01-07 03:33:58.848     0     0 I [6 T269   ..] [snd-codec-tl1]: call standard reset interface
01-07 03:33:58.852     0     0 I [6 T311   ..] sonos_sec_soc: CPUID: 360c010600000000131b50842d409990
01-07 03:33:58.873     0     0 I [5 T312   ..] caamkeys_init: module inserted for major 475
01-07 03:33:59.013     0     0 I         : [4 T1     ..] Registered swp emulation handler
01-07 03:33:59.058     0     0 I [0 T188   ..] [mmc]: emmc_key_read:552, read ok
01-07 03:33:59.058     0     0 I [0 T188   ..] [efuse-unifykey]: mark is not found
01-07 03:33:59.067     0     0 I [1 T313   ..] logd.auditd: start
01-07 03:33:59.072     0     0 I [4 T188   ..] [dovi_t7_5_15_stb26]: *** amlogic_dolby_vision_init dv: t7 ***
01-07 03:33:59.072     0     0 I         : [4 T188   ..] *** register_dv_multi_stb_functions.***
01-07 03:33:59.072     0     0 I [4 T188   ..] [dovi_t7_5_15_stb26]: Creating DV mp success
01-07 03:33:59.073     0     0 I [4 T188   ..] [dovi_t7_5_15_stb26]: Creating DV mp success
01-07 03:33:59.073     0     0 I         : [4 T188   ..] enable DV HLG when stb v2.6. policy 41
01-07 03:33:59.073     0     0 I         : [4 T188   ..] efuse_mode=0 reg_value = 0x45
01-07 03:33:59.073     0     0 I         : [4 T188   ..] dv capability 7
01-07 03:33:59.076     0     0 I [4 T188   ..] init: wait for '/odm/lib/ms12' took 0ms
01-07 03:33:59.079     0     0 I [0 T313   ..] logd: Loaded bug_map file: /system_ext/etc/selinux/bug_map
01-07 03:33:59.079     0     0 I [0 T313   ..] logd: Loaded bug_map file: /vendor/etc/selinux/selinux_denial_metadata
01-07 03:33:59.080     0     0 I [0 T313   ..] logd: Loaded bug_map file: /system/etc/selinux/bug_map
01-07 03:33:59.143     0     0 E [0 T325   ..] [secmon]: DBG=======> dolby_fw_ioctl 438 cmd:0x10 arg3=0
01-07 03:33:59.143     0     0 E [0 T325   ..] [secmon]: DBG=======> dolby_fw_ioctl 438 cmd:0x20 arg3=0
01-07 03:33:59.168     0     0 I [6 T70    ..] [snd-soc]: av out status: high
01-07 03:33:59.420     0     0 E [0 T325   ..] [secmon]: DBG=======> dolby_fw_ioctl 438 cmd:0x30 arg3=0
01-07 03:33:59.456     0     0 E [0 T325   ..] [secmon]: DBG=======> dolby_fw_verify 231 DOLBY_FW_VERIFY_CRITICAL arg2=768 arg3=0
01-07 03:33:59.470     0     0 I [4 T188   ..] init: wait for '/dev/dolby_fw' took 0ms
01-07 03:33:59.550     0     0 E [6 T188   ..] [media_clock]: of_address_to_resource failed
01-07 03:33:59.557     0     0 W         : [7 T188   ..] firmware_codec firmware_vdec: Direct firmware load for video/h264_enc.bin failed with error -2
01-07 03:33:59.557     0     0 I [7 T188   ..] [firmware]: Error : -2 can't load the video/h264_enc.bin.
01-07 03:33:59.557     0     0 I [7 T188   ..] [firmware]: get data from fsys fail.
01-07 03:33:59.557     0     0 I [7 T188   ..] [firmware]: invalid file type.
01-07 03:33:59.584     0     0 E         : [6 T188   ..] vdec vdec: Get pwrc-vdec-2 failed, pm-domain: 0
01-07 03:33:59.585     0     0 E         : [6 T188   ..] vdec vdec: Get pwrc-hevc-b failed, pm-domain: 0
01-07 03:33:59.598     0     0 E         : [3 T188   ..] Amlogic A/V streaming port init
01-07 03:33:59.600     0     0 I [3 T188   ..] [media_clock]: get gate demux control failed 0000000000000000
01-07 03:33:59.600     0     0 I [3 T188   ..] [media_clock]: get gate parser_top control failed 0000000000000000
01-07 03:33:59.600     0     0 I [3 T188   ..] [media_clock]: get gate clk_81 control failed 0000000000000000
01-07 03:33:59.600     0     0 I [3 T188   ..] [media_clock]: get gate clk_hevc_mux control failed 0000000000000000
01-07 03:33:59.600     0     0 I [3 T188   ..] [media_clock]: get gate ahbarb0 control failed 0000000000000000
01-07 03:33:59.600     0     0 I [3 T188   ..] [media_clock]: get gate asyncfifo control failed 0000000000000000
01-07 03:33:59.600     0     0 I [3 T188   ..] [media_clock]: set_clock_gate get hevc_mux_str
01-07 03:33:59.600     0     0 I [3 T188   ..] [media_clock]: set_clock_gate get hevcb mux
01-07 03:33:59.600     0     0 I [3 T188   ..] [media_clock]: set_clock_gate get hcodec mux
01-07 03:33:59.600     0     0 I [3 T188   ..] [media_clock]: set_clock_gate get vdec mux
01-07 03:33:59.609     0     0 W         : [6 T1     ..] EXT4-fs (mmcblk0p15): Ignoring removed nomblk_io_submit option
01-07 03:33:59.614     0     0 I         : [6 T1     ..] EXT4-fs (mmcblk0p15): mounted filesystem with ordered data mode. Opts: errors=remount-ro,nomblk_io_submit. Quota mode: journalled.
--------- beginning of system
01-07 03:33:59.632   331   331 I vold    : Vold 3.0 (the awakening) firing up
01-07 03:33:59.632   331   331 D vold    : Detected support for: ext4 f2fs vfat exfat
01-07 03:33:59.643   331   331 D vold    : VoldNativeService::start() completed OK
01-07 03:33:59.656     0     0 I [6 T1     ..] e2fsck: e2fsck 1.46.2 (28-Feb-2021)
01-07 03:33:59.659     0     0 I [6 T1     ..] e2fsck: /dev/block/by-name/param: clean, 19/4096 files, 2447/4096 blocks
01-07 03:33:59.661     0     0 W         : [7 T1     ..] EXT4-fs (mmcblk0p15): Ignoring removed nomblk_io_submit option
01-07 03:33:59.665     0     0 I         : [2 T1     ..] EXT4-fs (mmcblk0p15): mounted filesystem with ordered data mode. Opts: nodelalloc,nomblk_io_submit,errors=panic. Quota mode: journalled.
01-07 03:33:59.667     0     0 W         : [2 T1     ..] EXT4-fs (mmcblk0p9): Ignoring removed nomblk_io_submit option
01-07 03:33:59.669     0     0 I         : [6 T1     ..] EXT4-fs (mmcblk0p9): mounted filesystem with ordered data mode. Opts: errors=remount-ro,nomblk_io_submit. Quota mode: none.
01-07 03:33:59.685     0     0 I [1 T1     ..] e2fsck: e2fsck 1.46.2 (28-Feb-2021)
01-07 03:33:59.688     0     0 I [1 T1     ..] e2fsck: /dev/block/by-name/tee: clean, 12/8192 files, 2059/8192 blocks
01-07 03:33:59.691     0     0 W         : [6 T1     ..] EXT4-fs (mmcblk0p9): Ignoring removed nomblk_io_submit option
01-07 03:33:59.693     0     0 I         : [5 T1     ..] EXT4-fs (mmcblk0p9): mounted filesystem with ordered data mode. Opts: nodelalloc,nomblk_io_submit,errors=panic. Quota mode: none.
01-07 03:33:59.698     0     0 W         : [6 T1     ..] FAT-fs (mmcblk0p4): Volume was not properly unmounted. Some data may be corrupt. Please run fsck.
01-07 03:33:59.941     0     0 D [5 T363   ..] vdc: Waited 0ms for vold
01-07 03:33:59.990   331   331 D vold    : fscrypt_mount_metadata_encrypted: /data encrypt: 0 format: 0 with null
01-07 03:33:59.990   331   331 D vold    : metadata_key_dir/key: /metadata/vold/metadata_encryption/key
01-07 03:33:59.991   331   331 D vold    : Key exists, using: /metadata/vold/metadata_encryption/key
01-07 03:33:59.993     0     0 D [5 T367   ..] vdc: Waited 0ms for vold
01-07 03:34:00.014   356   356 I keystore2: keystore2_main: Keystore2 is starting.
01-07 03:34:00.014   356   356 I keystore2: keystore2_main: Setting up sqlite logging for keystore2
01-07 03:34:00.019   356   356 W keystore2: keystore2::metrics_store: In update_keystore_crash_sysprop: Failed to read the existing system property due to: In read_keystore_crash_count: Property not set..Therefore, keystore crashes will not be logged.
01-07 03:34:00.023   356   356 I keystore2: keystore2_main: Starting thread pool now.
01-07 03:34:00.029   356   356 I keystore2: keystore2::globals: KeyMint device is current version (Some(200)) for security level: SecurityLevel(1)
01-07 03:34:00.073   356   369 I keystore2: keystore2::shared_secret_negotiation: Shared secret negotiation concluded successfully.
01-07 03:34:00.075   356   369 I keystore2: keystore2::shared_secret_negotiation: No StrongBox Keymint available, so no RoT transfer
01-07 03:34:00.076   356   356 I keystore2: keystore2_main: Successfully registered Keystore 2.0 service.
01-07 03:34:00.077   356   356 I keystore2: keystore2_main: Joining thread pool now.
01-07 03:34:00.161   331   331 D vold    : Mounting metadata-encrypted filesystem:/data
01-07 03:34:00.165   331   331 I vold    : [libfs_mgr]Running /system/bin/fsck.f2fs -a -c 10000 --debug-cache /dev/block/dm-35
01-07 03:34:00.185     0     0 I [7 T331   ..] fsck.f2fs: Info: Fix the reported corruption.
01-07 03:34:00.185     0     0 I [7 T331   ..] fsck.f2fs: Info: not exist /proc/version!
01-07 03:34:00.185     0     0 I [7 T331   ..] fsck.f2fs: Info: Segments per section = 1
01-07 03:34:00.185     0     0 I [7 T331   ..] fsck.f2fs: Info: Sections per zone = 1
01-07 03:34:00.185     0     0 I [7 T331   ..] fsck.f2fs: Info: sector size = 4096
01-07 03:34:00.185     0     0 I [7 T331   ..] fsck.f2fs: Info: total sectors = 3036416 (11861 MB)
01-07 03:34:00.186     0     0 I [7 T331   ..] fsck.f2fs: Info: MKFS version
01-07 03:34:00.186     0     0 I [7 T331   ..] fsck.f2fs: "6.8.0-51-generic"
01-07 03:34:00.186     0     0 I [7 T331   ..] fsck.f2fs: Info: FSCK version
01-07 03:34:00.186     0     0 I [7 T331   ..] fsck.f2fs: from "5.15.78-android13-8-g6933e98b9f35-ab561"
01-07 03:34:00.340     0     0 I         : [4 T331   ..] F2FS-fs (dm-35): Disable nat_bits due to incorrect cp_ver (3063582241784663261, 1710849315150564325)
01-07 03:34:00.640     0     0 I         : [5 T10    ..] [TEE] M/TA: KeymasterTA (info): app/ipc/keymaster_ipc.cpp, Line 1090: Amlogic KEYMINT! Build Time: May  3 2023 12:16:11 version: a6237c9 TDK: ab02024
01-07 03:34:00.641     0     0 I         : [5 T10    ..] [TEE] M/TA: KeymasterTA (warn): app/ipc/keymaster_ipc.cpp, Line 492: Dispatching GET_VERSION_2, size: 4
01-07 03:34:00.641     0     0 I         : [5 T10    ..] [TEE] M/TA: KeymasterTA (info): app/trusty_keymaster_context.cpp, Line 827: Master key is derived from KDF
01-07 03:34:00.748     0     0 W         : [4 T331   ..] F2FS-fs (dm-35): Start checkpoint disabled!
01-07 03:34:00.794   331   331 I vold    : [libfs_mgr]__mount(source=/dev/block/dm-35,target=/data,type=f2fs)=0: Success
01-07 03:34:00.795   331   331 D vold    : Mounted /data
01-07 03:34:00.798     0     0 I         : [4 T331   ..] F2FS-fs (dm-35): Mounted with checkpoint version = 3dc50cdf
01-07 03:34:00.853     0     0 I [6 T1     ..] zram0: detected capacity change from 0 to 944952
01-07 03:34:00.876     0     0 I [6 T1     ..] mkswap: Swapspace size: 472472k, UUID=2086d25e-6e9b-4f04-b64b-20bc788a2529
01-07 03:34:00.878     0     0 I         : [6 T1     ..] Adding 472472k swap on /dev/block/zram0.  Priority:-2 extents:1 across:472472k SS
01-07 03:34:00.879     0     0 E [6 T1     ..] init: Control message: Could not find 'aidl/android.system.keystore2.IKeystoreService/default' for ctl.interface_start from pid: 315 (/system/bin/servicemanager)
01-07 03:34:00.902   331   331 I Checkpoint: cp_prepareCheckpoint called
01-07 03:34:00.929   331   331 I vold    : fscrypt_initialize_systemwide_keys
01-07 03:34:00.929   331   331 D vold    : Key exists, using: /data/unencrypted/key
01-07 03:34:00.932     0     0 D [1 T384   ..] vdc: Waited 0ms for vold
01-07 03:34:00.938   331   331 D vold    : Installed fscrypt key with ref 17c12090cd4424cffe132466f86c06e3 to /data
01-07 03:34:00.939   331   331 D vold    : Added fscrypt-provisioning key for 17c12090cd4424cffe132466f86c06e3 to session keyring
01-07 03:34:00.941   331   331 I vold    : Wrote system DE key reference to:/data/unencrypted/ref
01-07 03:34:00.941   331   331 D vold    : Generating standard storage key
01-07 03:34:00.941   331   331 D vold    : Installed fscrypt key with ref 149e6d90377228afa06b160fa891bd07 to /data
01-07 03:34:00.941   331   331 D vold    : Added fscrypt-provisioning key for 149e6d90377228afa06b160fa891bd07 to session keyring
01-07 03:34:00.941   331   331 I vold    : Wrote per boot key reference to:/data/unencrypted/per_boot_ref
01-07 03:34:00.948     0     0 I [6 T1     ..] fscrypt: AES-256-CTS-CBC using implementation "cts-cbc-aes-ce"
01-07 03:34:00.948     0     0 I [6 T1     ..] fscrypt: AES-256-XTS using implementation "xts-aes-ce"
01-07 03:34:00.999   331   331 I incfs   : Initial API level of the device: 33
01-07 03:34:01.000   331   331 I incfs   : ro.incremental.enable: yes
01-07 03:34:01.000   331   331 I incfs   : isFsAvailable: true
01-07 03:34:01.000   331   331 I incfs   : isFsAvailable: true
01-07 03:34:01.000   331   331 I incfs   : IncFs_Features: v2
01-07 03:34:01.001   356   356 I keystore2: keystore2::maintenance: In early_boot_ended.
01-07 03:34:01.014   356   356 I keystore2: keystore2::globals: Touching Keystore 2.0 database for this first time since boot.
01-07 03:34:01.014   356   356 I keystore2: keystore2::globals: Calling cleanup leftovers.
01-07 03:34:01.023   356   356 I keystore2: keystore2::super_key: Starting boot level watcher.
01-07 03:34:01.023   356   389 I keystore2: keystore2::super_key: Read keystore.boot_level value 30
01-07 03:34:01.023   356   356 I keystore2: keystore2::maintenance: Call to earlyBootEnded succeeded for security level TRUSTED_ENVIRONMENT.
01-07 03:34:01.023   356   389 I keystore2: keystore2::super_key: Read keystore.boot_level value 30
01-07 03:34:01.026   356   356 E keystore2: keystore2::maintenance: Call to earlyBootEnded failed for security level STRONGBOX: In call_with_watchdog: getting keymint device.
01-07 03:34:01.026   356   356 E keystore2: keystore2::error: In call_with_watchdog: getting keymint device
01-07 03:34:01.026   356   356 E keystore2: 
01-07 03:34:01.026   356   356 E keystore2: Caused by:
01-07 03:34:01.026   356   356 E keystore2:     0: In get_keymint_device.
01-07 03:34:01.026   356   356 E keystore2:     1: In connect_keymint: Trying to get Legacy wrapper.
01-07 03:34:01.026   356   356 E keystore2:     2: Error::Km(ErrorCode(-68))
01-07 03:34:01.026   331   331 E vold    : keystore2 Keystore earlyBootEnded returned service specific error: -68
01-07 03:34:01.030     0     0 E [0 T331   ..] vold: keystore2 Keystore earlyBootEnded returned service specific error: -68
01-07 03:34:01.034     0     0 E [0 T187   ..] init: Loading peristant properties
01-07 03:34:01.072     0     0 I [6 T391   ..] apexd: Scanning /system/apex for pre-installed ApexFiles
01-07 03:34:01.072     0     0 I [6 T391   ..] apexd: Found pre-installed APEX /system/apex/com.android.uwb.capex
01-07 03:34:01.073     0     0 I [6 T391   ..] apexd: Found pre-installed APEX /system/apex/com.android.sdkext.apex
01-07 03:34:01.074     0     0 I [6 T391   ..] apexd: Found pre-installed APEX /system/apex/com.android.tethering.capex
01-07 03:34:01.074     0     0 I [6 T391   ..] apexd: Found pre-installed APEX /system/apex/com.android.i18n.apex
01-07 03:34:01.074     0     0 I [6 T391   ..] apexd: Found pre-installed APEX /system/apex/com.android.extservices.capex
01-07 03:34:01.075     0     0 I [6 T391   ..] apexd: Found pre-installed APEX /system/apex/com.android.appsearch.apex
01-07 03:34:01.075     0     0 I [6 T391   ..] apexd: Found pre-installed APEX /system/apex/com.android.resolv.capex
01-07 03:34:01.075     0     0 I [6 T391   ..] apexd: Found pre-installed APEX /system/apex/com.android.neuralnetworks.capex
01-07 03:34:01.076     0     0 I [6 T391   ..] apexd: Found pre-installed APEX /system/apex/com.android.wifi.capex
01-07 03:34:01.205     0     0 I [7 T393   ..] loop4: detected capacity change from 0 to 1504
01-07 03:34:01.206     0     0 I [6 T395   ..] loop5: detected capacity change from 0 to 73616
01-07 03:34:01.207     0     0 I [0 T394   ..] loop6: detected capacity change from 0 to 94152
01-07 03:34:01.208     0     0 I [3 T396   ..] loop7: detected capacity change from 0 to 536
01-07 03:34:01.287     0     0 I         : [5 T394   ..] EXT4-fs (loop6): mounted filesystem without journal. Opts: (null). Quota mode: none.
01-07 03:34:01.289     0     0 I         : [6 T395   ..] EXT4-fs (loop5): mounted filesystem without journal. Opts: (null). Quota mode: none.
01-07 03:34:01.289     0     0 I         : [7 T396   ..] EXT4-fs (loop7): mounted filesystem without journal. Opts: (null). Quota mode: none.
01-07 03:34:01.291     0     0 I [5 T394   ..] loop8: detected capacity change from 0 to 3848
01-07 03:34:01.293     0     0 I [0 T395   ..] loop9: detected capacity change from 0 to 1728
01-07 03:34:01.294     0     0 I [3 T396   ..] loop10: detected capacity change from 0 to 536
01-07 03:34:01.297     0     0 I         : [6 T393   ..] EXT4-fs (loop4): mounted filesystem without journal. Opts: (null). Quota mode: none.
01-07 03:34:01.299     0     0 I [7 T393   ..] loop11: detected capacity change from 0 to 40864
01-07 03:34:01.372     0     0 I         : [4 T396   ..] EXT4-fs (loop10): mounted filesystem without journal. Opts: (null). Quota mode: none.
01-07 03:34:01.374     0     0 I [4 T396   ..] loop12: detected capacity change from 0 to 6824
01-07 03:34:01.376     0     0 I         : [7 T394   ..] EXT4-fs (loop8): mounted filesystem without journal. Opts: (null). Quota mode: none.
01-07 03:34:01.379     0     0 I [7 T394   ..] loop13: detected capacity change from 0 to 171600
01-07 03:34:01.396     0     0 I         : [5 T395   ..] EXT4-fs (loop9): mounted filesystem without journal. Opts: (null). Quota mode: none.
01-07 03:34:01.398     0     0 I [5 T395   ..] loop14: detected capacity change from 0 to 536
01-07 03:34:01.398     0     0 I         : [5 T393   ..] EXT4-fs (loop11): mounted filesystem without journal. Opts: (null). Quota mode: none.
01-07 03:34:01.403     0     0 I [5 T393   ..] loop15: detected capacity change from 0 to 15880
01-07 03:34:01.439     0     0 I [7 T394   ..] device-mapper: verity: sha256 using implementation "sha256-ce"
01-07 03:34:01.442     0     0 I         : [4 T396   ..] EXT4-fs (loop12): mounted filesystem without journal. Opts: (null). Quota mode: none.
01-07 03:34:01.444     0     0 I [4 T396   ..] loop16: detected capacity change from 0 to 17080
01-07 03:34:01.467     0     0 I         : [7 T394   ..] EXT4-fs (dm-8): mounted filesystem without journal. Opts: (null). Quota mode: none.
01-07 03:34:01.469     0     0 I         : [4 T393   ..] EXT4-fs (loop15): mounted filesystem without journal. Opts: (null). Quota mode: none.
01-07 03:34:01.472     0     0 I         : [5 T395   ..] EXT4-fs (loop14): mounted filesystem without journal. Opts: (null). Quota mode: none.
01-07 03:34:01.516     0     0 I [4 T396   ..] device-mapper: verity: sha256 using implementation "sha256-ce"
01-07 03:34:01.521     0     0 I [7 T394   ..] loop17: detected capacity change from 0 to 7928
01-07 03:34:01.545     0     0 I         : [4 T396   ..] EXT4-fs (dm-34): mounted filesystem without journal. Opts: (null). Quota mode: none.
01-07 03:34:01.574     0     0 I [4 T393   ..] loop18: detected capacity change from 0 to 15504
01-07 03:34:01.583     0     0 I [7 T394   ..] device-mapper: verity: sha256 using implementation "sha256-ce"
01-07 03:34:01.608     0     0 I         : [7 T394   ..] EXT4-fs (dm-23): mounted filesystem without journal. Opts: (null). Quota mode: none.
01-07 03:34:01.621     0     0 I [4 T393   ..] device-mapper: verity: sha256 using implementation "sha256-ce"
01-07 03:34:01.636     0     0 I [2 T395   ..] loop19: detected capacity change from 0 to 12280
01-07 03:34:01.646     0     0 I         : [4 T393   ..] EXT4-fs (dm-22): mounted filesystem without journal. Opts: (null). Quota mode: none.
01-07 03:34:01.689     0     0 I [4 T396   ..] loop20: detected capacity change from 0 to 11784
01-07 03:34:01.719     0     0 I [5 T395   ..] device-mapper: verity: sha256 using implementation "sha256-ce"
01-07 03:34:01.744     0     0 I [7 T394   ..] loop21: detected capacity change from 0 to 5848
01-07 03:34:01.747     0     0 I         : [5 T395   ..] EXT4-fs (dm-19): mounted filesystem without journal. Opts: (null). Quota mode: none.
01-07 03:34:01.755     0     0 I [4 T396   ..] device-mapper: verity: sha256 using implementation "sha256-ce"
01-07 03:34:01.784     0     0 I         : [4 T396   ..] EXT4-fs (dm-31): mounted filesystem without journal. Opts: (null). Quota mode: none.
01-07 03:34:01.808     0     0 I [4 T393   ..] loop22: detected capacity change from 0 to 536
01-07 03:34:01.822     0     0 I [7 T394   ..] device-mapper: verity: sha256 using implementation "sha256-ce"
01-07 03:34:01.854     0     0 I         : [7 T394   ..] EXT4-fs (dm-30): mounted filesystem without journal. Opts: (null). Quota mode: none.
01-07 03:34:01.862     0     0 I [5 T395   ..] loop23: detected capacity change from 0 to 10184
01-07 03:34:01.873     0     0 I [4 T393   ..] device-mapper: verity: sha256 using implementation "sha256-ce"
01-07 03:34:01.899     0     0 I         : [4 T393   ..] EXT4-fs (dm-18): mounted filesystem without journal. Opts: (null). Quota mode: none.
01-07 03:34:01.926     0     0 I [4 T396   ..] loop24: detected capacity change from 0 to 16512
01-07 03:34:01.977     0     0 I [5 T395   ..] device-mapper: verity: sha256 using implementation "sha256-ce"
01-07 03:34:01.984     0     0 I [7 T394   ..] loop25: detected capacity change from 0 to 16312
01-07 03:34:02.008     0     0 I         : [5 T395   ..] EXT4-fs (dm-27): mounted filesystem without journal. Opts: (null). Quota mode: none.
01-07 03:34:02.010     0     0 I [4 T396   ..] device-mapper: verity: sha256 using implementation "sha256-ce"
01-07 03:34:02.035     0     0 I         : [4 T396   ..] EXT4-fs (dm-15): mounted filesystem without journal. Opts: (null). Quota mode: none.
01-07 03:34:02.038     0     0 I [4 T393   ..] loop26: detected capacity change from 0 to 39536
01-07 03:34:02.044     0     0 I [7 T394   ..] device-mapper: verity: sha256 using implementation "sha256-ce"
01-07 03:34:02.069     0     0 I         : [7 T394   ..] EXT4-fs (dm-13): mounted filesystem without journal. Opts: (null). Quota mode: none.
01-07 03:34:02.090     0     0 I [7 T395   ..] loop27: detected capacity change from 0 to 96080
01-07 03:34:02.095     0     0 I [4 T393   ..] device-mapper: verity: sha256 using implementation "sha256-ce"
01-07 03:34:02.122     0     0 I         : [4 T393   ..] EXT4-fs (dm-14): mounted filesystem without journal. Opts: (null). Quota mode: none.
01-07 03:34:02.148     0     0 I [4 T396   ..] loop28: detected capacity change from 0 to 27552
01-07 03:34:02.177     0     0 I [7 T395   ..] device-mapper: verity: sha256 using implementation "sha256-ce"
01-07 03:34:02.203     0     0 I         : [7 T395   ..] EXT4-fs (dm-29): mounted filesystem without journal. Opts: (null). Quota mode: none.
01-07 03:34:02.207     0     0 I [7 T394   ..] loop29: detected capacity change from 0 to 18952
01-07 03:34:02.226     0     0 I [4 T396   ..] device-mapper: verity: sha256 using implementation "sha256-ce"
