01-06 02:49:01.513   944   977 I ActivityManager: Start proc 1342:com.android.bluetooth/1002 for service {com.android.bluetooth/com.android.bluetooth.btservice.AdapterService}
01-06 02:49:01.513   944   977 W ActivityManager: Slow operation: 650ms so far, now at startProcess: starting to update pids map
01-06 02:49:01.513   944   977 W ActivityManager: Slow operation: 650ms so far, now at startProcess: done updating pids map
01-06 02:49:01.513   944   977 W ActivityManager: Slow operation: 589ms so far, now at startProcess: asking zygote to start proc
01-06 02:49:01.529     0     0 D [6 T650   ..] cnss: Sending ini sync request, state: 0x400017, fw_log_mode: 1
01-06 02:49:01.530     0     0 I [3 T650   ..] [kworke][0x184217d][02: 49:01.526625] wlan: [650:I:HIF] hif_latency_detect_init: tasklet mask is 0x84
01-06 02:49:01.530     0     0 I [3 T650   ..] [kworke][0x1842190][02: 49:01.526644] wlan: [650:I:HIF] hif_latency_detect_timer_init: timer timeout 4000, latency threshold 3900
01-06 02:49:01.530     0     0 I [3 T650   ..] [kworke][0x184219e][02: 49:01.526658] wlan: [650:I:HIF] hif_pci_enable_bus: con_mode = 0x0, WLAN_SOC_device_id = 0x1107
01-06 02:49:01.530     0     0 I [3 T650   ..] [kworke][0x18421a7][02: 49:01.526667] wlan: [650:I:HIF] hif_pci_get_soc_info_pld: hif_pci_get_soc_info_pld: fam num 4 dev ver 23 maj ver 2 min ver 0
01-06 02:49:01.530     0     0 I         : [3 T650   ..]
01-06 02:49:01.530     0     0 I [3 T650   ..] [kworke][0x18421ad][02: 49:01.526673] wlan: [650:I:HIF] hif_pci_enable_bus: hif_enable_pci done
01-06 02:49:01.530     0     0 I [3 T650   ..] [kworke][0x18421c3][02: 49:01.526695] wlan: [650:I:HIF] hif_get_device_type:  *********** KIWI *************
01-06 02:49:01.530     0     0 I [3 T650   ..] [kworke][0x18421c8][02: 49:01.526700] wlan: [650:I:HIF] hif_pci_enable_bus: hif_type = 0x1a, target_type = 0x1f
01-06 02:49:01.530     0     0 I [3 T650   ..] [kworke][0x18421ce][02: 49:01.526706] wlan: [650:I:HIF] hif_register_tbl_attach: HIF_TYPE_KIWI
01-06 02:49:01.530     0     0 I [3 T650   ..] [kworke][0x18421d3][02: 49:01.526711] wlan: [650:I:HIF] hif_target_register_tbl_attach: TARGET_TYPE_KIWI
01-06 02:49:01.530     0     0 I [3 T650   ..] [kworke][0x18421d8][02: 49:01.526716] wlan: [650:I:HIF] hif_pci_enable_bus: Skip tgt_wake up for srng devices
01-06 02:49:01.530   944  1259 E WebViewUpdateServiceImpl: Timed out waiting for relro creation, relros started 2 relros finished 0 package dirty? false
01-06 02:49:01.530   944  1259 W WebViewUpdateServiceImpl: creating relro file timed out
01-06 02:49:01.534     0     0 D [6 T650   ..] cnss: Assign MSI to user: CE, num_vectors: 1, user_base_data: 1, base_vector: 0
01-06 02:49:01.534     0     0 E [6 T650   ..] [kworke][0x1843353][02: 49:01.531191] wlan: [650:E:HIF] hif_print_hal_shadow_register_cfg: v3: num_config 36
01-06 02:49:01.535     0     0 E [6 T650   ..] [kworke][0x1843683][02: 49:01.532007] wlan: [650:E:HIF] hif_print_hal_shadow_register_cfg: i 0, val a3b04c
01-06 02:49:01.537     0     0 E [6 T650   ..] [kworke][0x1843c5d][02: 49:01.533505] wlan: [650:E:HIF] hif_print_hal_shadow_register_cfg: i 1, val a3b054
01-06 02:49:01.538     0     0 E [6 T650   ..] [kworke][0x1844250][02: 49:01.535029] wlan: [650:E:HIF] hif_print_hal_shadow_register_cfg: i 2, val a3b05c
01-06 02:49:01.538   944   977 W ActivityManager: Slow operation: 614ms so far, now at startProcess: returned from zygote!
01-06 02:49:01.538   944   977 W ActivityManager: Slow operation: 614ms so far, now at startProcess: done updating battery stats
01-06 02:49:01.539   944   977 W ActivityManager: Slow operation: 615ms so far, now at startProcess: building log message
01-06 02:49:01.539   944   977 I ActivityManager: Start proc 1367:com.droidlogic/1000 for added application com.droidlogic
01-06 02:49:01.539   944   977 W ActivityManager: Slow operation: 615ms so far, now at startProcess: starting to update pids map
01-06 02:49:01.540     0     0 E [6 T650   ..] [kworke][0x18447a9][02: 49:01.536397] wlan: [650:E:HIF] hif_print_hal_shadow_register_cfg: i 3, val a3b064
01-06 02:49:01.541     0     0 E [6 T650   ..] [kworke][0x1844d5c][02: 49:01.537856] wlan: [650:E:HIF] hif_print_hal_shadow_register_cfg: i 4, val a3b06c
01-06 02:49:01.539   944   977 W ActivityManager: Slow operation: 615ms so far, now at startProcess: done updating pids map
01-06 02:49:01.543     0     0 E [6 T650   ..] [kworke][0x1845340][02: 49:01.539365] wlan: [650:E:HIF] hif_print_hal_shadow_register_cfg: i 5, val a3b074
01-06 02:49:01.539   944   977 W ActivityManager: Slow operation: 611ms so far, now at startProcess: asking zygote to start proc
01-06 02:49:01.544     0     0 E [6 T650   ..] [kworke][0x18458ce][02: 49:01.540786] wlan: [650:E:HIF] hif_print_hal_shadow_register_cfg: i 6, val a3b07c
01-06 02:49:01.546     0     0 E [6 T650   ..] [kworke][0x1845e9c][02: 49:01.542272] wlan: [650:E:HIF] hif_print_hal_shadow_register_cfg: i 7, val a3b084
01-06 02:49:01.547     0     0 E [6 T650   ..] [kworke][0x1846436][02: 49:01.543706] wlan: [650:E:HIF] hif_print_hal_shadow_register_cfg: i 8, val a3b08c
01-06 02:49:01.548     0     0 E [6 T650   ..] [kworke][0x18469eb][02: 49:01.545167] wlan: [650:E:HIF] hif_print_hal_shadow_register_cfg: i 9, val a3b028
01-06 02:49:01.550     0     0 E [6 T650   ..] [kworke][0x1846fc6][02: 49:01.546666] wlan: [650:E:HIF] hif_print_hal_shadow_register_cfg: i 10, val a3b020
01-06 02:49:01.551     0     0 E [6 T650   ..] [kworke][0x1847566][02: 49:01.548106] wlan: [650:E:HIF] hif_print_hal_shadow_register_cfg: i 11, val a3b0ac
01-06 02:49:01.553     0     0 E [6 T650   ..] [kworke][0x1847b26][02: 49:01.549578] wlan: [650:E:HIF] hif_print_hal_shadow_register_cfg: i 12, val a46000
01-06 02:49:01.555     0     0 E [6 T650   ..] [kworke][0x18481cc][02: 49:01.551281] wlan: [650:E:HIF] hif_print_hal_shadow_register_cfg: i 13, val a46008
01-06 02:49:01.556     0     0 E [6 T650   ..] [kworke][0x18486ad][02: 49:01.552529] wlan: [650:E:HIF] hif_print_hal_shadow_register_cfg: i 14, val a46010
01-06 02:49:01.557     0     0 E [6 T650   ..] [kworke][0x1848c77][02: 49:01.554011] wlan: [650:E:HIF] hif_print_hal_shadow_register_cfg: i 15, val a46018
01-06 02:49:01.556   944   959 D CompatibilityChangeReporter: Compat change id reported: 168419799; UID 1073; state: DISABLED
01-06 02:49:01.559     0     0 E [6 T650   ..] [kworke][0x1849275][02: 49:01.555545] wlan: [650:E:HIF] hif_print_hal_shadow_register_cfg: i 16, val a46020
01-06 02:49:01.560     0     0 E [6 T650   ..] [kworke][0x18497f3][02: 49:01.556950] wlan: [650:E:HIF] hif_print_hal_shadow_register_cfg: i 17, val a370b8
01-06 02:49:01.562     0     0 E [6 T650   ..] [kworke][0x1849de4][02: 49:01.558472] wlan: [650:E:HIF] hif_print_hal_shadow_register_cfg: i 18, val a37010
01-06 02:49:01.558   944   959 D CompatibilityChangeReporter: Compat change id reported: 181136395; UID 1000; state: DISABLED
01-06 02:49:01.559   944   959 D CompatibilityChangeReporter: Compat change id reported: 174042936; UID 1000; state: DISABLED
01-06 02:49:01.560   944   959 D CompatibilityChangeReporter: Compat change id reported: 174042980; UID 1000; state: DISABLED
01-06 02:49:01.562   944   959 D CompatibilityChangeReporter: Compat change id reported: 168419799; UID 1073; state: DISABLED
01-06 02:49:01.563     0     0 E [6 T650   ..] [kworke][0x184a376][02: 49:01.559898] wlan: [650:E:HIF] hif_print_hal_shadow_register_cfg: i 19, val a370cc
01-06 02:49:01.565     0     0 E [6 T650   ..] [kworke][0x184a930][02: 49:01.561364] wlan: [650:E:HIF] hif_print_hal_shadow_register_cfg: i 20, val a370d4
01-06 02:49:01.564   944   977 W ActivityManager: Slow operation: 636ms so far, now at startProcess: returned from zygote!
01-06 02:49:01.564   944   977 W ActivityManager: Slow operation: 636ms so far, now at startProcess: done updating battery stats
01-06 02:49:01.564   944   977 W ActivityManager: Slow operation: 636ms so far, now at startProcess: building log message
01-06 02:49:01.564   944   977 I ActivityManager: Start proc 1374:com.android.se/1068 for added application com.android.se
01-06 02:49:01.564   944   977 W ActivityManager: Slow operation: 636ms so far, now at startProcess: starting to update pids map
01-06 02:49:01.564   944   977 W ActivityManager: Slow operation: 636ms so far, now at startProcess: done updating pids map
01-06 02:49:01.564   944   977 W ActivityManager: Slow operation: 407ms so far, now at startProcess: asking zygote to start proc
01-06 02:49:01.572   944   959 D CompatibilityChangeReporter: Compat change id reported: 168419799; UID 10041; state: DISABLED
01-06 02:49:01.573     0     0 E [6 T650   ..] [kworke][0x184cba2][02: 49:01.570183] wlan: [650:E:HIF] hif_print_hal_shadow_register_cfg: i 21, val a370dc
01-06 02:49:01.574     0     0 E [6 T650   ..] [kworke][0x184cee3][02: 49:01.571015] wlan: [650:E:HIF] hif_print_hal_shadow_register_cfg: i 22, val a370e4
01-06 02:49:01.576     0     0 E [6 T650   ..] [kworke][0x184d49d][02: 49:01.572481] wlan: [650:E:HIF] hif_print_hal_shadow_register_cfg: i 23, val a370ec
01-06 02:49:01.577     0     0 E [6 T650   ..] [kworke][0x184da67][02: 49:01.573964] wlan: [650:E:HIF] hif_print_hal_shadow_register_cfg: i 24, val a370f4
01-06 02:49:01.580   944   977 W ActivityManager: Slow operation: 422ms so far, now at startProcess: returned from zygote!
01-06 02:49:01.582     0     0 E [6 T650   ..] [kworke][0x184eaea][02: 49:01.578190] wlan: [650:E:HIF] hif_print_hal_shadow_register_cfg: i 25, val a370fc
01-06 02:49:01.582     0     0 E [6 T650   ..] [kworke][0x184ee24][02: 49:01.579016] wlan: [650:E:HIF] hif_print_hal_shadow_register_cfg: i 26, val a37104
01-06 02:49:01.584     0     0 E [6 T650   ..] [kworke][0x184f3df][02: 49:01.580483] wlan: [650:E:HIF] hif_print_hal_shadow_register_cfg: i 27, val 1b80400
01-06 02:49:01.585     0     0 E [6 T650   ..] [kworke][0x184f9a9][02: 49:01.581965] wlan: [650:E:HIF] hif_print_hal_shadow_register_cfg: i 28, val 1b83400
01-06 02:49:01.587     0     0 E [6 T650   ..] [kworke][0x185006a][02: 49:01.583695] wlan: [650:E:HIF] hif_print_hal_shadow_register_cfg: i 29, val 1b8340c
01-06 02:49:01.588     0     0 E [6 T650   ..] [kworke][0x185054c][02: 49:01.584944] wlan: [650:E:HIF] hif_print_hal_shadow_register_cfg: i 30, val 1b85400
01-06 02:49:01.587   944  1282 D CompatibilityChangeReporter: Compat change id reported: 168419799; UID 1002; state: DISABLED
01-06 02:49:01.590     0     0 E [6 T650   ..] [kworke][0x1850c45][02: 49:01.586729] wlan: [650:E:HIF] hif_print_hal_shadow_register_cfg: i 31, val 1b8540c
01-06 02:49:01.591     0     0 E [6 T650   ..] [kworke][0x18510e9][02: 49:01.587917] wlan: [650:E:HIF] hif_print_hal_shadow_register_cfg: i 32, val 1b86400
01-06 02:49:01.593     0     0 E [6 T650   ..] [kworke][0x18516bf][02: 49:01.589412] wlan: [650:E:HIF] hif_print_hal_shadow_register_cfg: i 33, val 1b88400
01-06 02:49:01.595     0     0 E [6 T650   ..] [kworke][0x1851ed2][02: 49:01.591478] wlan: [650:E:HIF] hif_print_hal_shadow_register_cfg: i 34, val 1b8f400
01-06 02:49:01.596     0     0 E [6 T650   ..] [kworke][0x185227f][02: 49:01.592419] wlan: [650:E:HIF] hif_print_hal_shadow_register_cfg: i 35, val 1b8f40c
01-06 02:49:01.595   944   977 W ActivityManager: Slow operation: 438ms so far, now at startProcess: done updating battery stats
01-06 02:49:01.595   944   977 W ActivityManager: Slow operation: 438ms so far, now at startProcess: building log message
01-06 02:49:01.595   944   977 I ActivityManager: Start proc 1385:com.android.tv.settings/1000 for top-activity {com.android.tv.settings/com.android.tv.settings.system.FallbackHome}
01-06 02:49:01.595   944   977 W ActivityManager: Slow operation: 438ms so far, now at startProcess: starting to update pids map
01-06 02:49:01.595   944   977 W ActivityManager: Slow operation: 438ms so far, now at startProcess: done updating pids map
01-06 02:49:01.595   944   977 W ActivityManager: Slow operation: 381ms so far, now at startProcess: asking zygote to start proc
01-06 02:49:01.595   944   977 D CompatibilityChangeReporter: Compat change id reported: 143937733; UID 10090; state: ENABLED
01-06 02:49:01.598     0     0 D [6 T650   ..] cnss: Mode: 0, config: 0000000000000000, host_version: 5.2.1.62C.010
01-06 02:49:01.598     0     0 D [6 T650   ..] cnss: Sending WLAN config message, state: 0x400017
01-06 02:49:01.598     0     0 D [6 T650   ..] cnss: Shadow reg v3 len: 36
01-06 02:49:01.599     0     0 D [7 T650   ..] cnss: Sending mode message, mode: MISSION(0), state: 0x400017
01-06 02:49:01.604   528   528 E android.hardware.wifi@1.0-service.droidlogic: driver not ok ,wait
01-06 02:49:01.612   944  1282 D CompatibilityChangeReporter: Compat change id reported: 168419799; UID 1000; state: DISABLED
01-06 02:49:01.614   944   977 W ActivityManager: Slow operation: 400ms so far, now at startProcess: returned from zygote!
01-06 02:49:01.616   944   977 W ActivityManager: Slow operation: 402ms so far, now at startProcess: done updating battery stats
01-06 02:49:01.618   944   977 W ActivityManager: Slow operation: 404ms so far, now at startProcess: building log message
01-06 02:49:01.618   944   977 I ActivityManager: Start proc 1408:android.ext.services/u0a90 for service {android.ext.services/android.ext.services.autofill.InlineSuggestionRenderServiceImpl}
01-06 02:49:01.618   944   977 W ActivityManager: Slow operation: 404ms so far, now at startProcess: starting to update pids map
01-06 02:49:01.618   944   977 W ActivityManager: Slow operation: 404ms so far, now at startProcess: done updating pids map
01-06 02:49:01.626   944   959 W PackageManager: Loading a package that does not exist for the calling user. package=null, user=0
01-06 02:49:01.633     0     0 W [4 T1391  d.] audit_log_start: 5 callbacks suppressed
01-06 02:49:01.633     0     0 W [4 T1391  ..] audit: audit_backlog=65 > audit_backlog_limit=64
01-06 02:49:01.633     0     0 W [4 T1391  ..] audit: audit_lost=83 audit_rate_limit=0 audit_backlog_limit=64
01-06 02:49:01.633     0     0 E [4 T1391  ..] audit: backlog limit exceeded
01-06 02:49:01.633     0     0 W [4 T1391  ..] audit: audit_backlog=65 > audit_backlog_limit=64
01-06 02:49:01.633     0     0 W [4 T1391  ..] audit: audit_lost=84 audit_rate_limit=0 audit_backlog_limit=64
01-06 02:49:01.633     0     0 E [4 T1391  ..] audit: backlog limit exceeded
01-06 02:49:01.633     0     0 W [4 T1391  ..] audit: audit_backlog=65 > audit_backlog_limit=64
01-06 02:49:01.633     0     0 W [4 T1391  ..] audit: audit_lost=85 audit_rate_limit=0 audit_backlog_limit=64
01-06 02:49:01.633     0     0 E [4 T1391  ..] audit: backlog limit exceeded
01-06 02:49:01.635     0     0 D [7 T8     ..] cnss: Received QMI WLFW pin connect result indication
01-06 02:49:01.635     0     0 D [7 T8     ..] cnss: Pin connect Result: pwr_pin: 0x1 phy_io_pin: 0x0 rf_io_pin: 0x0
01-06 02:49:01.635     0     0 D [7 T650   ..] cnss: Assign MSI to user: CE, num_vectors: 1, user_base_data: 1, base_vector: 0
01-06 02:49:01.635     0     0 D [7 T650   ..] cnss: Get MSI low addr = 0x10000, high addr = 0x0
01-06 02:49:01.635     0     0 I [7 T650   ..] [kworke][0x185bbc7][02: 49:01.631659] wlan: [650:I:HAL] hal_srng_update_high_wm_thresholds: ring_id: 64, wm_thresh- <50:0, 50-60:8, 60-70:9, 70-80:11, 80-90:12, 90-100:14
01-06 02:49:01.635     0     0 D [7 T650   ..] cnss: Assign MSI to user: CE, num_vectors: 1, user_base_data: 1, base_vector: 0
01-06 02:49:01.635     0     0 D [7 T650   ..] cnss: Get MSI low addr = 0x10000, high addr = 0x0
01-06 02:49:01.635     0     0 I [7 T650   ..] [kworke][0x185bc61][02: 49:01.631813] wlan: [650:I:HAL] hal_srng_update_high_wm_thresholds: ring_id: 82, wm_thresh- <50:0, 50-60:256, 60-70:307, 70-80:358, 80-90:409, 90-100:460
01-06 02:49:01.635     0     0 D [7 T650   ..] cnss: Assign MSI to user: CE, num_vectors: 1, user_base_data: 1, base_vector: 0
01-06 02:49:01.635     0     0 D [7 T650   ..] cnss: Get MSI low addr = 0x10000, high addr = 0x0
01-06 02:49:01.635     0     0 I [7 T650   ..] [kworke][0x185bce3][02: 49:01.631943] wlan: [650:I:HAL] hal_srng_update_high_wm_thresholds: ring_id: 101, wm_thresh- <50:0, 50-60:256, 60-70:307, 70-80:358, 80-90:409, 90-100:460
01-06 02:49:01.633   944  1197 D HDMI    : [S]:<Device Vendor Id> 3F:87:1C:A4:10
01-06 02:49:01.638     0     0 D [1 T650   ..] cnss: Assign MSI to user: CE, num_vectors: 1, user_base_data: 1, base_vector: 0
01-06 02:49:01.638     0     0 D [1 T650   ..] cnss: Get MSI low addr = 0x10000, high addr = 0x0
01-06 02:49:01.638     0     0 I [1 T650   ..] [kworke][0x185c5ee][02: 49:01.634258] wlan: [650:I:HAL] hal_srng_update_high_wm_thresholds: ring_id: 83, wm_thresh- <50:0, 50-60:128, 60-70:153, 70-80:179, 80-90:204, 90-100:230
01-06 02:49:01.641     0     0 D [0 T650   ..] cnss: Assign MSI to user: CE, num_vectors: 1, user_base_data: 1, base_vector: 0
01-06 02:49:01.642     0     0 D [0 T650   ..] cnss: Get MSI low addr = 0x10000, high addr = 0x0
01-06 02:49:01.642     0     0 I [0 T650   ..] [kworke][0x185d56e][02: 49:01.638226] wlan: [650:I:HAL] hal_srng_update_high_wm_thresholds: ring_id: 102, wm_thresh- <50:0, 50-60:128, 60-70:153, 70-80:179, 80-90:204, 90-100:230
01-06 02:49:01.642     0     0 D [0 T650   ..] cnss: Assign MSI to user: CE, num_vectors: 1, user_base_data: 1, base_vector: 0
01-06 02:49:01.642     0     0 D [0 T650   ..] cnss: Get MSI low addr = 0x10000, high addr = 0x0
01-06 02:49:01.642     0     0 I [0 T650   ..] [kworke][0x185d5e3][02: 49:01.638343] wlan: [650:I:HAL] hal_srng_update_high_wm_thresholds: ring_id: 67, wm_thresh- <50:0, 50-60:16, 60-70:19, 70-80:22, 80-90:25, 90-100:28
01-06 02:49:01.643     0     0 D [0 T650   ..] cnss: Assign MSI to user: CE, num_vectors: 1, user_base_data: 1, base_vector: 0
01-06 02:49:01.643     0     0 D [0 T650   ..] cnss: Get MSI low addr = 0x10000, high addr = 0x0
01-06 02:49:01.643     0     0 I [0 T650   ..] [kworke][0x185dbd9][02: 49:01.639869] wlan: [650:I:HAL] hal_srng_update_high_wm_thresholds: ring_id: 68, wm_thresh- <50:0, 50-60:128, 60-70:153, 70-80:179, 80-90:204, 90-100:230
01-06 02:49:01.643     0     0 D [0 T650   ..] cnss: Assign MSI to user: CE, num_vectors: 1, user_base_data: 1, base_vector: 0
01-06 02:49:01.643     0     0 D [0 T650   ..] cnss: Get MSI low addr = 0x10000, high addr = 0x0
01-06 02:49:01.643     0     0 I [0 T650   ..] [kworke][0x185dc3b][02: 49:01.639967] wlan: [650:I:HAL] hal_srng_update_high_wm_thresholds: ring_id: 88, wm_thresh- <50:0, 50-60:16, 60-70:19, 70-80:22, 80-90:25, 90-100:28
01-06 02:49:01.643     0     0 D [0 T650   ..] cnss: Assign MSI to user: CE, num_vectors: 1, user_base_data: 1, base_vector: 0
01-06 02:49:01.643     0     0 D [0 T650   ..] cnss: Get MSI low addr = 0x10000, high addr = 0x0
01-06 02:49:01.643     0     0 I [0 T650   ..] [kworke][0x185dca6][02: 49:01.640074] wlan: [650:I:HAL] hal_srng_update_high_wm_thresholds: ring_id: 107, wm_thresh- <50:0, 50-60:16, 60-70:19, 70-80:22, 80-90:25, 90-100:28
01-06 02:49:01.643     0     0 I [0 T650   ..] [kworke][0x185dcf1][02: 49:01.640149] wlan: [650:I:HIF] hif_configure_irq: E
01-06 02:49:01.643     0     0 D [0 T650   ..] cnss: Assign MSI to user: CE, num_vectors: 1, user_base_data: 1, base_vector: 0
01-06 02:49:01.643     0     0 D [0 T650   ..] cnss: Assign MSI to user: CE, num_vectors: 1, user_base_data: 1, base_vector: 0
01-06 02:49:01.643     0     0 D [0 T650   ..] cnss: Get IRQ number 101 for vector index 0
01-06 02:49:01.643     0     0 D [0 T650   ..] cnss: Assign MSI to user: CE, num_vectors: 1, user_base_data: 1, base_vector: 0
01-06 02:49:01.643     0     0 D [0 T650   ..] cnss: Get IRQ number 101 for vector index 0
01-06 02:49:01.643     0     0 D [0 T650   ..] cnss: Assign MSI to user: CE, num_vectors: 1, user_base_data: 1, base_vector: 0
01-06 02:49:01.643     0     0 D [0 T650   ..] cnss: Get IRQ number 101 for vector index 0
01-06 02:49:01.643     0     0 D [0 T650   ..] cnss: Assign MSI to user: CE, num_vectors: 1, user_base_data: 1, base_vector: 0
01-06 02:49:01.644     0     0 D [0 T650   ..] cnss: Get IRQ number 101 for vector index 0
01-06 02:49:01.644     0     0 D [0 T650   ..] cnss: Assign MSI to user: CE, num_vectors: 1, user_base_data: 1, base_vector: 0
01-06 02:49:01.644     0     0 D [0 T650   ..] cnss: Get IRQ number 101 for vector index 0
01-06 02:49:01.644     0     0 D [0 T650   ..] cnss: Assign MSI to user: CE, num_vectors: 1, user_base_data: 1, base_vector: 0
01-06 02:49:01.644     0     0 D [0 T650   ..] cnss: Get IRQ number 101 for vector index 0
01-06 02:49:01.644     0     0 D [0 T650   ..] cnss: Assign MSI to user: CE, num_vectors: 1, user_base_data: 1, base_vector: 0
01-06 02:49:01.644     0     0 D [0 T650   ..] cnss: Get IRQ number 101 for vector index 0
01-06 02:49:01.644     0     0 D [0 T650   ..] cnss: Assign MSI to user: CE, num_vectors: 1, user_base_data: 1, base_vector: 0
01-06 02:49:01.644     0     0 D [0 T650   ..] cnss: Get IRQ number 101 for vector index 0
01-06 02:49:01.644     0     0 D [0 T650   ..] cnss: Assign MSI to user: CE, num_vectors: 1, user_base_data: 1, base_vector: 0
01-06 02:49:01.644     0     0 D [0 T650   ..] cnss: Get IRQ number 101 for vector index 0
01-06 02:49:01.644     0     0 E [0 T650   ..] wlan_pld: pld_is_ipa_offload_disabled:3449:: Not supported on type 0
01-06 02:49:01.644     0     0 E [0 T650   ..] [kworke][0x185df50][02: 49:01.640756] wlan: [650:E:POLICY_MGR] policy_mgr_init_cfg: max_conc_cxns 4 non-nan
01-06 02:49:01.646     0     0 D [0 T650   ..] cnss: Platform cap_flag is 0x0
01-06 02:49:01.647     0     0 E [0 T650   ..] [kworke][0x185e937][02: 49:01.643291] wlan: [650:E:QDF] __cds_get_context: Module ID 66 context is Null (via hdd_update_ol_config)
01-06 02:49:01.649     0     0 E [0 T650   ..] [kworke][0x185f46f][02: 49:01.646163] wlan: [650:E:QDF] __cds_get_context: Module ID 66 context is Null (via cds_open)
01-06 02:49:01.652     0     0 F [0 T650   ..] [kworke][0x185ff94][02: 49:01.649016] wlan: [650:F:WMA] WMA --> wmi_unified_attach - success
01-06 02:49:01.662   944  1259 D CompatibilityChangeReporter: Compat change id reported: 135634846; UID 10059; state: DISABLED
01-06 02:49:01.662   944  1259 D CompatibilityChangeReporter: Compat change id reported: 177438394; UID 10059; state: DISABLED
01-06 02:49:01.662   944  1259 D CompatibilityChangeReporter: Compat change id reported: 135772972; UID 10059; state: DISABLED
01-06 02:49:01.662   944  1259 D CompatibilityChangeReporter: Compat change id reported: 135754954; UID 10059; state: ENABLED
01-06 02:49:01.663     0     0 E [0 T650   ..] [kworke][0x1862b2e][02: 49:01.660178] wlan: [650:E:QDF] htc_wait_target: Target Ready! TX resource : 1 size:2176, MaxMsgsPerHTCBundle = 1
01-06 02:49:01.665     0     0 E [0 T650   ..] [kworke][0x1863013][02: 49:01.661431] wlan: [650:E:QDF] htc_setup_target_buffer_assignments: SVS Index : 1 TX : 0x100 : alloc:1
01-06 02:49:01.663   944  1259 D CompatibilityChangeReporter: Compat change id reported: 207557677; UID 10059; state: ENABLED
01-06 02:49:01.663   944   960 W PackageManager: Loading a package that does not exist for the calling user. package=null, user=0
01-06 02:49:01.683   944   960 D CompatibilityChangeReporter: Compat change id reported: 168419799; UID 10090; state: DISABLED
01-06 02:49:01.714   944  1282 D CompatibilityChangeReporter: Compat change id reported: 168419799; UID 1068; state: DISABLED
01-06 02:49:01.720   944  1100 D CompatibilityChangeReporter: Compat change id reported: 168419799; UID 1000; state: DISABLED
01-06 02:49:01.775     0     0 I [1 T650   ..] [kworke][0x187e03e][02: 49:01.772066] wlan: [650:I:DP] dp_soc_tx_desc_sw_pools_alloc Tx Desc Alloc num_pool = 6, descs = 8192
01-06 02:49:01.794   944  1100 D CompatibilityChangeReporter: Compat change id reported: 157233955; UID 10070; state: ENABLED
01-06 02:49:01.805   528   528 E android.hardware.wifi@1.0-service.droidlogic: driver not ok ,wait
01-06 02:49:01.893   944  1221 D CompatibilityChangeReporter: Compat change id reported: 194532703; UID 1073; state: ENABLED
01-06 02:49:01.930   944  1100 I ActivityManager: Process WebViewLoader-armeabi-v7a (pid 1299) has died: psvc PER 
01-06 02:49:01.962   944   969 I DropBoxManagerService: add tag=system_app_strictmode isTagEnabled=true flags=0x2
01-06 02:49:01.965   944   969 I DropBoxManagerService: add tag=system_app_strictmode isTagEnabled=true flags=0x2
01-06 02:49:01.966   944   969 I DropBoxManagerService: add tag=system_app_strictmode isTagEnabled=true flags=0x2
01-06 02:49:01.968   944   969 I DropBoxManagerService: add tag=system_app_strictmode isTagEnabled=true flags=0x2
01-06 02:49:01.975   944   944 W Looper  : Slow dispatch took 560ms main h=android.app.ActivityThread$H c=android.app.LoadedApk$ReceiverDispatcher$Args$$ExternalSyntheticLambda0@6320b9f m=0
01-06 02:49:02.005   528   528 E android.hardware.wifi@1.0-service.droidlogic: driver not ok ,wait
01-06 02:49:02.015   944   967 D UsbDeviceManager: push notification:Charging this device via USB
01-06 02:49:02.023   944  1197 E HDMI    : [1]:Failed to send <Give Device Vendor Id> 30:8C with errorCode=1
01-06 02:49:02.035   944  1282 D CompatibilityChangeReporter: Compat change id reported: 161145287; UID 1068; state: DISABLED
01-06 02:49:02.041   944  1099 I ActivityManager: Process WebViewLoader-arm64-v8a (pid 1302) has died: psvc PER 
01-06 02:49:02.047   944   944 D ConditionProviders.SCP: onSubscribe condition://android/schedule?days=1.2.3.4.5.6.7&start=22.0&end=7.0&exitAtAlarm=true
01-06 02:49:02.054   944  1099 D CompatibilityChangeReporter: Compat change id reported: 161145287; UID 10090; state: DISABLED
01-06 02:49:02.055   944   944 D ConditionProviders.SCP: setRegistered true
01-06 02:49:02.058   944  1174 W ActivityThread: Failed to find provider info for com.android.calendar (user not unlocked)
01-06 02:49:02.060   944  1174 W ActivityThread: Failed to find provider info for com.android.calendar (user not unlocked)
01-06 02:49:02.062   944  1174 D CompatibilityChangeReporter: Compat change id reported: 171306433; UID 1000; state: ENABLED
01-06 02:49:02.063   944  1174 D CompatibilityChangeReporter: Compat change id reported: 218533173; UID 1000; state: ENABLED
01-06 02:49:02.082   944   944 D ConditionProviders.SCP: evaluateSubscriptionLocked cal=ScheduleCalendar[mDays={1, 2, 3, 4, 5, 6, 7}, mSchedule=ScheduleInfo{days=[1, 2, 3, 4, 5, 6, 7], startHour=22, startMinute=0, endHour=7, endMinute=0, exitAtAlarm=true, nextAlarm=Thu Jan 01 00:00:00 GMT 1970 (0)}], now=Mon Jan 06 02:49:02 GMT 2025 (1736131742055), nextUserAlarmTime=Thu Jan 01 00:00:00 GMT 1970 (0)
01-06 02:49:02.082   944   944 D ConditionProviders.SCP: notifyCondition condition://android/schedule?days=1.2.3.4.5.6.7&start=22.0&end=7.0&exitAtAlarm=true STATE_TRUE reason=meetsSchedule
01-06 02:49:02.083   944   944 D ConditionProviders.SCP: Scheduling evaluate for Mon Jan 06 07:00:00 GMT 2025 (1736146800000), in +4h10m57s945ms, now=Mon Jan 06 02:49:02 GMT 2025 (1736131742055)
01-06 02:49:02.096   944   944 D AutofillManagerService: Restriction did not change for user 0
01-06 02:49:02.097  1367  1367 W ContextImpl: Calling a method in the system process without a qualified user: android.app.ContextImpl.startService:1863 android.content.ContextWrapper.startService:817 com.droidlogic.DroidlogicApplication.startDroidLogicServices:179 com.droidlogic.DroidlogicApplication.initAudio:101 com.droidlogic.DroidlogicApplication.-$$Nest$minitAudio:0 
01-06 02:49:02.112  1367  1367 W ContextImpl: Calling a method in the system process without a qualified user: android.app.ContextImpl.startService:1863 android.content.ContextWrapper.startService:817 com.droidlogic.DroidlogicApplication.startDroidLogicServices:179 com.droidlogic.DroidlogicApplication.initAudio:102 com.droidlogic.DroidlogicApplication.-$$Nest$minitAudio:0 
01-06 02:49:02.113   944  1282 D WallpaperManagerService: WPMS.saveSettingsLocked-0
01-06 02:49:02.123   944   969 I DropBoxManagerService: add tag=system_app_strictmode isTagEnabled=true flags=0x2
01-06 02:49:02.126   944   969 I DropBoxManagerService: add tag=system_app_strictmode isTagEnabled=true flags=0x2
01-06 02:49:02.136     0     0 D [5 T650   ..] cnss: Assign MSI to user: DP, num_vectors: 1, user_base_data: 1, base_vector: 0
01-06 02:49:02.137     0     0 D [5 T650   ..] cnss: Assign MSI to user: DP, num_vectors: 1, user_base_data: 1, base_vector: 0
01-06 02:49:02.137     0     0 D [5 T650   ..] cnss: Assign MSI to user: DP, num_vectors: 1, user_base_data: 1, base_vector: 0
01-06 02:49:02.137     0     0 I [5 T650   ..] [kworke][0x18d64b5][02: 49:02.133657] wlan: [650:I:HAL] hal_srng_update_high_wm_thresholds: ring_id: 120, wm_thresh- <50:0, 50-60:16384, 60-70:19660, 70-80:22937, 80-90:26214, 90-100:29491
01-06 02:49:02.139     0     0 D [5 T650   ..] cnss: Assign MSI to user: DP, num_vectors: 1, user_base_data: 1, base_vector: 0
01-06 02:49:02.139     0     0 I [5 T650   ..] [kworke][0x18d6e11][02: 49:02.136053] wlan: [650:I:HAL] hal_srng_update_high_wm_thresholds: ring_id: 121, wm_thresh- <50:0, 50-60:512, 60-70:614, 70-80:716, 80-90:819, 90-100:921
01-06 02:49:02.139     0     0 D [5 T650   ..] cnss: Assign MSI to user: DP, num_vectors: 1, user_base_data: 1, base_vector: 0
01-06 02:49:02.139     0     0 I [5 T650   ..] [kworke][0x18d6e74][02: 49:02.136152] wlan: [650:I:HAL] hal_srng_update_high_wm_thresholds: ring_id: 16, wm_thresh- <50:0, 50-60:64, 60-70:76, 70-80:89, 80-90:102, 90-100:115
01-06 02:49:02.140     0     0 D [5 T650   ..] cnss: Assign MSI to user: DP, num_vectors: 1, user_base_data: 1, base_vector: 0
01-06 02:49:02.140     0     0 D [5 T650   ..] cnss: Get MSI low addr = 0x10000, high addr = 0x0
01-06 02:49:02.140     0     0 D [5 T650   ..] cnss: Assign MSI to user: DP, num_vectors: 1, user_base_data: 1, base_vector: 0
01-06 02:49:02.140     0     0 I [5 T650   ..] [kworke][0x18d6ef9][02: 49:02.136285] wlan: [650:I:HAL] hal_srng_update_high_wm_thresholds: ring_id: 131, wm_thresh- <50:0, 50-60:512, 60-70:614, 70-80:716, 80-90:819, 90-100:921
01-06 02:49:02.140     0     0 D [5 T650   ..] cnss: Assign MSI to user: DP, num_vectors: 1, user_base_data: 1, base_vector: 0
01-06 02:49:02.140     0     0 D [5 T650   ..] cnss: Get MSI low addr = 0x10000, high addr = 0x0
01-06 02:49:02.140     0     0 I [5 T650   ..] [kworke][0x18d6f5b][02: 49:02.136383] wlan: [650:I:HAL] hal_srng_update_high_wm_thresholds: ring_id: 0, wm_thresh- <50:0, 50-60:128, 60-70:153, 70-80:179, 80-90:204, 90-100:230
01-06 02:49:02.140     0     0 D [5 T650   ..] cnss: Assign MSI to user: DP, num_vectors: 1, user_base_data: 1, base_vector: 0
01-06 02:49:02.140     0     0 I [5 T650   ..] [kworke][0x18d6fae][02: 49:02.136466] wlan: [650:I:HAL] hal_srng_update_high_wm_thresholds: ring_id: 20, wm_thresh- <50:0, 50-60:64, 60-70:76, 70-80:89, 80-90:102, 90-100:115
01-06 02:49:02.140     0     0 D [5 T650   ..] cnss: Assign MSI to user: DP, num_vectors: 1, user_base_data: 1, base_vector: 0
01-06 02:49:02.140     0     0 D [5 T650   ..] cnss: Get MSI low addr = 0x10000, high addr = 0x0
01-06 02:49:02.140     0     0 I [5 T650   ..] [kworke][0x18d701f][02: 49:02.136578] wlan: [650:I:HAL] hal_srng_update_high_wm_thresholds: ring_id: 21, wm_thresh- <50:0, 50-60:128, 60-70:153, 70-80:179, 80-90:204, 90-100:230
01-06 02:49:02.140     0     0 D [5 T650   ..] cnss: Assign MSI to user: DP, num_vectors: 1, user_base_data: 1, base_vector: 0
01-06 02:49:02.140     0     0 I [5 T650   ..] [kworke][0x18d708c][02: 49:02.136688] wlan: [650:I:HAL] hal_srng_update_high_wm_thresholds: ring_id: 24, wm_thresh- <50:0, 50-60:2560, 60-70:3072, 70-80:3584, 80-90:4096, 90-100:4608
01-06 02:49:02.140     0     0 D [5 T650   ..] cnss: Assign MSI to user: DP, num_vectors: 1, user_base_data: 1, base_vector: 0
01-06 02:49:02.140     0     0 D [5 T650   ..] cnss: Get MSI low addr = 0x10000, high addr = 0x0
01-06 02:49:02.140     0     0 D [5 T650   ..] cnss: Assign MSI to user: DP, num_vectors: 1, user_base_data: 1, base_vector: 0
01-06 02:49:02.140     0     0 D [5 T650   ..] cnss: Get MSI low addr = 0x10000, high addr = 0x0
01-06 02:49:02.140     0     0 I [5 T650   ..] [kworke][0x18d711f][02: 49:02.136835] wlan: [650:I:HAL] hal_srng_update_high_wm_thresholds: ring_id: 128, wm_thresh- <50:0, 50-60:4096, 60-70:4915, 70-80:5734, 80-90:6553, 90-100:7372
01-06 02:49:02.140     0     0 D [5 T650   ..] cnss: Assign MSI to user: DP, num_vectors: 1, user_base_data: 1, base_vector: 0
01-06 02:49:02.140     0     0 I [5 T650   ..] [kworke][0x18d71a9][02: 49:02.136973] wlan: [650:I:HAL] hal_srng_update_high_wm_thresholds: ring_id: 25, wm_thresh- <50:0, 50-60:2560, 60-70:3072, 70-80:3584, 80-90:4096, 90-100:4608
01-06 02:49:02.140     0     0 D [5 T650   ..] cnss: Assign MSI to user: DP, num_vectors: 1, user_base_data: 1, base_vector: 0
01-06 02:49:02.140     0     0 D [5 T650   ..] cnss: Get MSI low addr = 0x10000, high addr = 0x0
01-06 02:49:02.140     0     0 D [5 T650   ..] cnss: Assign MSI to user: DP, num_vectors: 1, user_base_data: 1, base_vector: 0
01-06 02:49:02.140     0     0 D [5 T650   ..] cnss: Get MSI low addr = 0x10000, high addr = 0x0
01-06 02:49:02.140     0     0 I [5 T650   ..] [kworke][0x18d7236][02: 49:02.137113] wlan: [650:I:HAL] hal_srng_update_high_wm_thresholds: ring_id: 132, wm_thresh- <50:0, 50-60:4096, 60-70:4915, 70-80:5734, 80-90:6553, 90-100:7372
01-06 02:49:02.141     0     0 D [5 T650   ..] cnss: Assign MSI to user: DP, num_vectors: 1, user_base_data: 1, base_vector: 0
01-06 02:49:02.141     0     0 I [5 T650   ..] [kworke][0x18d72cc][02: 49:02.137264] wlan: [650:I:HAL] hal_srng_update_high_wm_thresholds: ring_id: 26, wm_thresh- <50:0, 50-60:2560, 60-70:3072, 70-80:3584, 80-90:4096, 90-100:4608
01-06 02:49:02.141     0     0 D [5 T650   ..] cnss: Assign MSI to user: DP, num_vectors: 1, user_base_data: 1, base_vector: 0
01-06 02:49:02.141     0     0 D [5 T650   ..] cnss: Get MSI low addr = 0x10000, high addr = 0x0
01-06 02:49:02.141     0     0 D [5 T650   ..] cnss: Assign MSI to user: DP, num_vectors: 1, user_base_data: 1, base_vector: 0
01-06 02:49:02.141     0     0 D [5 T650   ..] cnss: Get MSI low addr = 0x10000, high addr = 0x0
01-06 02:49:02.141     0     0 I [5 T650   ..] [kworke][0x18d7370][02: 49:02.137428] wlan: [650:I:HAL] hal_srng_update_high_wm_thresholds: ring_id: 130, wm_thresh- <50:0, 50-60:4096, 60-70:4915, 70-80:5734, 80-90:6553, 90-100:7372
01-06 02:49:02.141     0     0 D [5 T650   ..] cnss: Assign MSI to user: DP, num_vectors: 1, user_base_data: 1, base_vector: 0
01-06 02:49:02.141     0     0 D [5 T650   ..] cnss: Get MSI low addr = 0x10000, high addr = 0x0
01-06 02:49:02.141     0     0 D [5 T650   ..] cnss: Assign MSI to user: DP, num_vectors: 1, user_base_data: 1, base_vector: 0
01-06 02:49:02.141     0     0 D [5 T650   ..] cnss: Get MSI low addr = 0x10000, high addr = 0x0
01-06 02:49:02.141     0     0 I [5 T650   ..] [kworke][0x18d7428][02: 49:02.137612] wlan: [650:I:HAL] hal_srng_update_high_wm_thresholds: ring_id: 1, wm_thresh- <50:0, 50-60:3072, 60-70:3686, 70-80:4300, 80-90:4915, 90-100:5529
01-06 02:49:02.141     0     0 D [5 T650   ..] cnss: Assign MSI to user: DP, num_vectors: 1, user_base_data: 1, base_vector: 0
01-06 02:49:02.141     0     0 D [5 T650   ..] cnss: Get MSI low addr = 0x10000, high addr = 0x0
01-06 02:49:02.141     0     0 D [5 T650   ..] cnss: Assign MSI to user: DP, num_vectors: 1, user_base_data: 1, base_vector: 0
01-06 02:49:02.141     0     0 D [5 T650   ..] cnss: Get MSI low addr = 0x10000, high addr = 0x0
01-06 02:49:02.141     0     0 I [5 T650   ..] [kworke][0x18d74cd][02: 49:02.137777] wlan: [650:I:HAL] hal_srng_update_high_wm_thresholds: ring_id: 2, wm_thresh- <50:0, 50-60:3072, 60-70:3686, 70-80:4300, 80-90:4915, 90-100:5529
01-06 02:49:02.141     0     0 D [5 T650   ..] cnss: Assign MSI to user: DP, num_vectors: 1, user_base_data: 1, base_vector: 0
01-06 02:49:02.141     0     0 D [5 T650   ..] cnss: Get MSI low addr = 0x10000, high addr = 0x0
01-06 02:49:02.141     0     0 D [5 T650   ..] cnss: Assign MSI to user: DP, num_vectors: 1, user_base_data: 1, base_vector: 0
01-06 02:49:02.141     0     0 D [5 T650   ..] cnss: Get MSI low addr = 0x10000, high addr = 0x0
01-06 02:49:02.141     0     0 I [5 T650   ..] [kworke][0x18d756c][02: 49:02.137936] wlan: [650:I:HAL] hal_srng_update_high_wm_thresholds: ring_id: 3, wm_thresh- <50:0, 50-60:3072, 60-70:3686, 70-80:4300, 80-90:4915, 90-100:5529
01-06 02:49:02.141     0     0 D [5 T650   ..] cnss: Assign MSI to user: DP, num_vectors: 1, user_base_data: 1, base_vector: 0
01-06 02:49:02.141     0     0 D [5 T650   ..] cnss: Get MSI low addr = 0x10000, high addr = 0x0
01-06 02:49:02.141     0     0 D [5 T650   ..] cnss: Assign MSI to user: DP, num_vectors: 1, user_base_data: 1, base_vector: 0
01-06 02:49:02.141     0     0 D [5 T650   ..] cnss: Get MSI low addr = 0x10000, high addr = 0x0
01-06 02:49:02.141     0     0 I [5 T650   ..] [kworke][0x18d7641][02: 49:02.138149] wlan: [650:I:HAL] hal_srng_update_high_wm_thresholds: ring_id: 4, wm_thresh- <50:0, 50-60:3072, 60-70:3686, 70-80:4300, 80-90:4915, 90-100:5529
01-06 02:49:02.142     0     0 D [5 T650   ..] cnss: Assign MSI to user: DP, num_vectors: 1, user_base_data: 1, base_vector: 0
01-06 02:49:02.142     0     0 D [5 T650   ..] cnss: Get MSI low addr = 0x10000, high addr = 0x0
01-06 02:49:02.142     0     0 D [5 T650   ..] cnss: Assign MSI to user: DP, num_vectors: 1, user_base_data: 1, base_vector: 0
01-06 02:49:02.142     0     0 I [5 T650   ..] [kworke][0x18d76dc][02: 49:02.138304] wlan: [650:I:HAL] hal_srng_update_high_wm_thresholds: ring_id: 5, wm_thresh- <50:0, 50-60:3072, 60-70:3686, 70-80:4300, 80-90:4915, 90-100:5529
01-06 02:49:02.142     0     0 D [5 T650   ..] cnss: Assign MSI to user: DP, num_vectors: 1, user_base_data: 1, base_vector: 0
01-06 02:49:02.142     0     0 D [5 T650   ..] cnss: Get MSI low addr = 0x10000, high addr = 0x0
01-06 02:49:02.142     0     0 D [5 T650   ..] cnss: Assign MSI to user: DP, num_vectors: 1, user_base_data: 1, base_vector: 0
01-06 02:49:02.142     0     0 I [5 T650   ..] [kworke][0x18d776a][02: 49:02.138446] wlan: [650:I:HAL] hal_srng_update_high_wm_thresholds: ring_id: 6, wm_thresh- <50:0, 50-60:3072, 60-70:3686, 70-80:4300, 80-90:4915, 90-100:5529
01-06 02:49:02.142     0     0 D [5 T650   ..] cnss: Assign MSI to user: DP, num_vectors: 1, user_base_data: 1, base_vector: 0
01-06 02:49:02.142     0     0 D [5 T650   ..] cnss: Get MSI low addr = 0x10000, high addr = 0x0
01-06 02:49:02.142     0     0 D [5 T650   ..] cnss: Assign MSI to user: DP, num_vectors: 1, user_base_data: 1, base_vector: 0
01-06 02:49:02.142     0     0 I [5 T650   ..] [kworke][0x18d77f7][02: 49:02.138587] wlan: [650:I:HAL] hal_srng_update_high_wm_thresholds: ring_id: 7, wm_thresh- <50:0, 50-60:3072, 60-70:3686, 70-80:4300, 80-90:4915, 90-100:5529
01-06 02:49:02.142     0     0 D [5 T650   ..] cnss: Assign MSI to user: DP, num_vectors: 1, user_base_data: 1, base_vector: 0
01-06 02:49:02.142     0     0 D [5 T650   ..] cnss: Get MSI low addr = 0x10000, high addr = 0x0
01-06 02:49:02.142     0     0 D [5 T650   ..] cnss: Assign MSI to user: DP, num_vectors: 1, user_base_data: 1, base_vector: 0
01-06 02:49:02.142     0     0 I [5 T650   ..] [kworke][0x18d7895][02: 49:02.138745] wlan: [650:I:HAL] hal_srng_update_high_wm_thresholds: ring_id: 8, wm_thresh- <50:0, 50-60:3072, 60-70:3686, 70-80:4300, 80-90:4915, 90-100:5529
01-06 02:49:02.142   944  1178 D AudioService: setWiredDeviceConnectionState( type:400 state:DEVICE_STATE_AVAILABLE addr: name:) from com.droidlogic
01-06 02:49:02.143   944  1178 I AS.AudioDeviceInventory: handleDeviceConnection(true dev:400 address: name:)
01-06 02:49:02.143   944  1178 I AS.AudioDeviceInventory: deviceKey:0x400:
01-06 02:49:02.143   944  1178 I AS.AudioDeviceInventory: deviceInfo:null is(already)Connected:false
01-06 02:49:02.143   944   969 I DropBoxManagerService: add tag=system_app_strictmode isTagEnabled=true flags=0x2
01-06 02:49:02.146     0     0 I [3 T452   ..] AidlLazyServiceRegistrar: Process has 0 (of 1 available) client(s) in use after notification apexservice has clients: 0
01-06 02:49:02.146     0     0 I [3 T452   ..] AidlLazyServiceRegistrar: Shutdown prevented by forcePersist override flag.
01-06 02:49:02.146   944   969 I DropBoxManagerService: add tag=system_app_strictmode isTagEnabled=true flags=0x2
01-06 02:49:02.150     0     0 I [7 T770   ..] [snd-soc]: dts_dec_control/0x0
01-06 02:49:02.151     0     0 I [5 T650   ..] [kworke][0x18d9bfe][02: 49:02.147810] wlan: [650:I:scan] scm_channel_list_db_init: min_freq 5935 max_freq 7115
01-06 02:49:02.152     0     0 D [5 T650   ..] cnss: Assign MSI to user: DP, num_vectors: 1, user_base_data: 1, base_vector: 0
01-06 02:49:02.152     0     0 I [5 T650   ..] [kworke][0x18d9f7f][02: 49:02.148707] wlan: [650:I:HAL] hal_srng_update_high_wm_thresholds: ring_id: 184, wm_thresh- <50:0, 50-60:8192, 60-70:9830, 70-80:11468, 80-90:13107, 90-100:14745
01-06 02:49:02.152     0     0 D [5 T650   ..] cnss: Assign MSI to user: DP, num_vectors: 1, user_base_data: 1, base_vector: 0
01-06 02:49:02.152     0     0 D [5 T650   ..] cnss: Get MSI low addr = 0x10000, high addr = 0x0
01-06 02:49:02.152     0     0 I [5 T650   ..] [kworke][0x18d9fc9][02: 49:02.148781] wlan: [650:I:HAL] hal_srng_update_high_wm_thresholds: ring_id: 189, wm_thresh- <50:0, 50-60:512, 60-70:614, 70-80:716, 80-90:819, 90-100:921
01-06 02:49:02.152     0     0 I [5 T650   ..] [kworke][0x18d9fe3][02: 49:02.148807] wlan: [650:I:DP] Peer pool init
01-06 02:49:02.152     0     0 D [5 T650   ..] cnss: Assign MSI to user: DP, num_vectors: 1, user_base_data: 1, base_vector: 0
01-06 02:49:02.152     0     0 I [5 T650   ..] [kworke][0x18da084][02: 49:02.148968] wlan: [650:I:HAL] hal_srng_update_high_wm_thresholds: ring_id: 185, wm_thresh- <50:0, 50-60:2048, 60-70:2457, 70-80:2867, 80-90:3276, 90-100:3686
01-06 02:49:02.152     0     0 D [5 T650   ..] cnss: Assign MSI to user: DP, num_vectors: 1, user_base_data: 1, base_vector: 0
01-06 02:49:02.152     0     0 I [5 T650   ..] [kworke][0x18da0b1][02: 49:02.149013] wlan: [650:I:HAL] hal_srng_update_high_wm_thresholds: ring_id: 198, wm_thresh- <50:0, 50-60:2048, 60-70:2457, 70-80:2867, 80-90:3276, 90-100:3686
01-06 02:49:02.152     0     0 I [5 T650   ..] [kworke][0x18da0e7][02: 49:02.149066] wlan: [650:I:HAL] hal_srng_update_high_wm_thresholds: ring_id: 188, wm_thresh- <50:0, 50-60:512, 60-70:614, 70-80:716, 80-90:819, 90-100:921
01-06 02:49:02.152     0     0 I [5 T650   ..] [kworke][0x18da0fa][02: 49:02.149086] wlan: [650:I:HAL] hal_srng_update_high_wm_thresholds: ring_id: 201, wm_thresh- <50:0, 50-60:512, 60-70:614, 70-80:716, 80-90:819, 90-100:921
01-06 02:49:02.160   944  1099 D CoreBackPreview: Window{3210c0d u0 com.android.tv.settings/com.android.tv.settings.system.FallbackHome}: Setting back callback OnBackInvokedCallbackInfo{mCallback=android.window.IOnBackInvokedCallback$Stub$Proxy@edf5c09, mPriority=0}
01-06 02:49:02.162   944  1282 V WallpaperManagerService: WPMS.saveSettingsLocked-0 took to complete: 49ms
01-06 02:49:02.170   944  1511 D CompatibilityChangeReporter: Compat change id reported: 161145287; UID 10041; state: DISABLED
01-06 02:49:02.183     0     0 E [5 T650   ..] [kworke][0x18e1754][02: 49:02.179384] wlan: [650:E:DP] dp_rx_buffer_pool_init: RX buffer pool support is disabled
01-06 02:49:02.191  1234  1234 V SystemUIBootTiming: DependencyInjection took to complete: 0ms
01-06 02:49:02.193   944  1511 D CompatibilityChangeReporter: Compat change id reported: 161145287; UID 1073; state: DISABLED
01-06 02:49:02.206   528   528 E android.hardware.wifi@1.0-service.droidlogic: driver not ok ,wait
01-06 02:49:02.213  1234  1234 V SystemUIBootTiming: StartServices com.android.systemui.SliceBroadcastRelayHandler took to complete: 0ms
01-06 02:49:02.272   944   960 D CompatibilityChangeReporter: Compat change id reported: 182478738; UID 1073; state: ENABLED
01-06 02:49:02.320   944   970 D ActivityManagerTiming: FinishBooting
01-06 02:49:02.334   944   970 D WindowManager: updateCecScreenStatus 0
01-06 02:49:02.334   944   970 D HDMI    : setCecSettingIntValue name:cec_screen_state, value:0
01-06 02:49:02.347     0     0 D [5 T650   ..] cnss: Assign MSI to user: DP, num_vectors: 1, user_base_data: 1, base_vector: 0
01-06 02:49:02.347     0     0 D [5 T650   ..] cnss: Get IRQ number 101 for vector index 0
01-06 02:49:02.347     0     0 I [6 T650   ..] [kworke][0x1909910][02: 49:02.343668] wlan: [650:I:HIF] hif_event_history_init: SRNG events history initialized for group: 0
01-06 02:49:02.347     0     0 D [6 T650   ..] cnss: Assign MSI to user: DP, num_vectors: 1, user_base_data: 1, base_vector: 0
01-06 02:49:02.347     0     0 D [6 T650   ..] cnss: Get IRQ number 101 for vector index 0
01-06 02:49:02.347     0     0 I [7 T650   ..] [kworke][0x19099dc][02: 49:02.343872] wlan: [650:I:HIF] hif_event_history_init: SRNG events history initialized for group: 1
01-06 02:49:02.347     0     0 D [7 T650   ..] cnss: Assign MSI to user: DP, num_vectors: 1, user_base_data: 1, base_vector: 0
01-06 02:49:02.347     0     0 D [7 T650   ..] cnss: Get IRQ number 101 for vector index 0
01-06 02:49:02.347     0     0 I [4 T650   ..] [kworke][0x1909b12][02: 49:02.344182] wlan: [650:I:HIF] hif_event_history_init: SRNG events history initialized for group: 2
01-06 02:49:02.347     0     0 D [4 T650   ..] cnss: Assign MSI to user: DP, num_vectors: 1, user_base_data: 1, base_vector: 0
01-06 02:49:02.347     0     0 D [4 T650   ..] cnss: Get IRQ number 101 for vector index 0
01-06 02:49:02.348     0     0 I [5 T650   ..] [kworke][0x1909b7c][02: 49:02.344288] wlan: [650:I:HIF] hif_event_history_init: SRNG events history initialized for group: 3
01-06 02:49:02.348     0     0 D [5 T650   ..] cnss: Assign MSI to user: DP, num_vectors: 1, user_base_data: 1, base_vector: 0
01-06 02:49:02.348     0     0 D [5 T650   ..] cnss: Get IRQ number 101 for vector index 0
01-06 02:49:02.348     0     0 I [4 T650   ..] [kworke][0x1909bf1][02: 49:02.344405] wlan: [650:I:HIF] hif_event_history_init: SRNG events history initialized for group: 4
01-06 02:49:02.348     0     0 D [4 T650   ..] cnss: Assign MSI to user: DP, num_vectors: 1, user_base_data: 1, base_vector: 0
01-06 02:49:02.348     0     0 D [4 T650   ..] cnss: Get IRQ number 101 for vector index 0
01-06 02:49:02.348     0     0 I [5 T650   ..] [kworke][0x1909c6a][02: 49:02.344526] wlan: [650:I:HIF] hif_event_history_init: SRNG events history initialized for group: 5
01-06 02:49:02.348     0     0 D [5 T650   ..] cnss: Assign MSI to user: DP, num_vectors: 1, user_base_data: 1, base_vector: 0
01-06 02:49:02.348     0     0 D [5 T650   ..] cnss: Get IRQ number 101 for vector index 0
01-06 02:49:02.348     0     0 I [6 T650   ..] [kworke][0x1909cfd][02: 49:02.344673] wlan: [650:I:HIF] hif_event_history_init: SRNG events history initialized for group: 6
01-06 02:49:02.348     0     0 D [6 T650   ..] cnss: Assign MSI to user: DP, num_vectors: 1, user_base_data: 1, base_vector: 0
01-06 02:49:02.348     0     0 D [6 T650   ..] cnss: Get IRQ number 101 for vector index 0
01-06 02:49:02.348     0     0 I [1 T650   ..] [kworke][0x1909dc2][02: 49:02.344870] wlan: [650:I:HIF] hif_event_history_init: SRNG events history initialized for group: 7
01-06 02:49:02.348     0     0 D [1 T650   ..] cnss: Assign MSI to user: DP, num_vectors: 1, user_base_data: 1, base_vector: 0
01-06 02:49:02.348     0     0 D [1 T650   ..] cnss: Get IRQ number 101 for vector index 0
01-06 02:49:02.348     0     0 I [7 T650   ..] [kworke][0x1909e9e][02: 49:02.345090] wlan: [650:I:HIF] hif_event_history_init: SRNG events history initialized for group: 8
01-06 02:49:02.348     0     0 D [7 T650   ..] cnss: Assign MSI to user: DP, num_vectors: 1, user_base_data: 1, base_vector: 0
01-06 02:49:02.348     0     0 D [7 T650   ..] cnss: Get IRQ number 101 for vector index 0
01-06 02:49:02.349     0     0 I [4 T650   ..] [kworke][0x1909f31][02: 49:02.345237] wlan: [650:I:HIF] hif_event_history_init: SRNG events history initialized for group: 9
01-06 02:49:02.349     0     0 D [4 T650   ..] cnss: Assign MSI to user: DP, num_vectors: 1, user_base_data: 1, base_vector: 0
01-06 02:49:02.349     0     0 D [4 T650   ..] cnss: Get IRQ number 101 for vector index 0
01-06 02:49:02.349     0     0 I [7 T650   ..] [kworke][0x1909fae][02: 49:02.345362] wlan: [650:I:HIF] hif_event_history_init: SRNG events history initialized for group: 10
01-06 02:49:02.349     0     0 D [7 T650   ..] cnss: Assign MSI to user: DP, num_vectors: 1, user_base_data: 1, base_vector: 0
01-06 02:49:02.349     0     0 D [7 T650   ..] cnss: Get IRQ number 101 for vector index 0
01-06 02:49:02.349     0     0 I [4 T650   ..] [kworke][0x190a0bb][02: 49:02.345631] wlan: [650:I:HIF] hif_event_history_init: SRNG events history initialized for group: 11
01-06 02:49:02.349     0     0 D [4 T650   ..] cnss: Assign MSI to user: DP, num_vectors: 1, user_base_data: 1, base_vector: 0
01-06 02:49:02.349     0     0 D [4 T650   ..] cnss: Get IRQ number 101 for vector index 0
01-06 02:49:02.349     0     0 I [5 T650   ..] [kworke][0x190a168][02: 49:02.345804] wlan: [650:I:HIF] hif_event_history_init: SRNG events history initialized for group: 12
01-06 02:49:02.349     0     0 D [5 T650   ..] cnss: Assign MSI to user: DP, num_vectors: 1, user_base_data: 1, base_vector: 0
01-06 02:49:02.349     0     0 D [5 T650   ..] cnss: Get IRQ number 101 for vector index 0
01-06 02:49:02.349     0     0 I [6 T650   ..] [kworke][0x190a225][02: 49:02.345993] wlan: [650:I:HIF] hif_event_history_init: SRNG events history initialized for group: 13
01-06 02:49:02.349     0     0 D [6 T650   ..] cnss: Assign MSI to user: DP, num_vectors: 1, user_base_data: 1, base_vector: 0
01-06 02:49:02.349     0     0 D [6 T650   ..] cnss: Get IRQ number 101 for vector index 0
01-06 02:49:02.363   944  1197 E HDMI    : [1]:Failed to send <Get Menu Language> 30:91 with errorCode=1
