01-07 07:25:06.894   939   975 I SystemConfig: Reading permissions from /system/etc/permissions/com.android.intentresolver.xml
01-07 07:25:06.894   939   975 I SystemConfig: Reading permissions from /system/etc/permissions/android.software.webview.xml
01-07 07:25:06.895   939   975 I SystemConfig: Reading permissions from /system/etc/permissions/org.apache.http.legacy.xml
01-07 07:25:06.897   939   975 I SystemConfig: Reading permissions from /system/etc/permissions/platform.xml
01-07 07:25:06.902   939   975 I SystemConfig: Reading permissions from /vendor/etc/permissions/android.hardware.ethernet.xml
01-07 07:25:06.903   939   975 I SystemConfig: Reading permissions from /vendor/etc/permissions/android.software.ipsec_tunnels.xml
01-07 07:25:06.905   939   975 I SystemConfig: Reading permissions from /vendor/etc/permissions/android.hardware.usb.host.xml
01-07 07:25:06.905   939   975 I SystemConfig: Reading permissions from /vendor/etc/permissions/android.software.backup.xml
01-07 07:25:06.907   939   975 I SystemConfig: Reading permissions from /vendor/etc/permissions/android.hardware.hardware_keystore.amlogic.xml
01-07 07:25:06.908   939   975 I SystemConfig: Reading permissions from /vendor/etc/permissions/android.hardware.opengles.aep.xml
01-07 07:25:06.908   939   975 I SystemConfig: Reading permissions from /vendor/etc/permissions/nrdp.xml
01-07 07:25:06.910   939   975 I SystemConfig: Reading permissions from /vendor/etc/permissions/android.hardware.vulkan.compute.xml
01-07 07:25:06.910   939   975 I SystemConfig: Reading permissions from /vendor/etc/permissions/com.droidlogic.appinstaller.xml
01-07 07:25:06.911   939   975 I SystemConfig: Reading permissions from /vendor/etc/permissions/android.hardware.wifi.direct.xml
01-07 07:25:06.912   939   975 I SystemConfig: Reading permissions from /vendor/etc/permissions/android.software.vulkan.deqp.level-2022-03-01.xml
01-07 07:25:06.913   939   975 I SystemConfig: Reading permissions from /vendor/etc/permissions/android.software.farfield.xml
01-07 07:25:06.914   939   975 I SystemConfig: Reading permissions from /vendor/etc/permissions/prime.xml
01-07 07:25:06.914   939   939 V ApexManagerTiming: getActiveApexInfos_noCache took to complete: 37ms
01-07 07:25:06.914   939   939 D CompatConfig: No directory /apex/com.android.tzdata/etc/compatconfig, skipping
01-07 07:25:06.915   939   939 D CompatConfig: Found a config file: /apex/com.android.btservices/etc/compatconfig/bluetooth-compat-config.xml
01-07 07:25:06.915   939   975 I SystemConfig: Reading permissions from /vendor/etc/permissions/android.software.verified_boot.xml
01-07 07:25:06.916   939   975 I SystemConfig: Reading permissions from /vendor/etc/permissions/android.software.cant_save_state.xml
01-07 07:25:06.916   939   939 D CompatConfig: Adding: com.android.server.compat.config.Change@ced884a
01-07 07:25:06.917   939   975 I SystemConfig: Reading permissions from /vendor/etc/permissions/android.hardware.gamepad.xml
01-07 07:25:06.917   939   939 D CompatConfig: No directory /apex/com.android.ondevicepersonalization/etc/compatconfig, skipping
01-07 07:25:06.917   939   939 D CompatConfig: No directory /apex/com.android.adbd/etc/compatconfig, skipping
01-07 07:25:06.917   939   939 D CompatConfig: No directory /apex/com.android.i18n/etc/compatconfig, skipping
01-07 07:25:06.917   939   939 D CompatConfig: No directory /apex/com.android.apex.cts.shim/etc/compatconfig, skipping
01-07 07:25:06.917   939   939 D CompatConfig: No directory /apex/com.android.extservices/etc/compatconfig, skipping
01-07 07:25:06.918   939   975 I SystemConfig: Reading permissions from /vendor/etc/permissions/android.hardware.bluetooth.xml
01-07 07:25:06.918   939   939 D CompatConfig: Found a config file: /apex/com.android.art/etc/compatconfig/libcore-platform-compat-config.xml
01-07 07:25:06.918   939   975 I SystemConfig: Reading permissions from /vendor/etc/permissions/aosp_excluded_hardware.xml
01-07 07:25:06.919   939   939 D CompatConfig: Adding: com.android.server.compat.config.Change@522e097
01-07 07:25:06.919   939   939 D CompatConfig: Adding: com.android.server.compat.config.Change@c11d284
01-07 07:25:06.919   939   939 D CompatConfig: Adding: com.android.server.compat.config.Change@7d30a6d
01-07 07:25:06.919   939   939 D CompatConfig: Adding: com.android.server.compat.config.Change@f56d6a2
01-07 07:25:06.919   939   939 D CompatConfig: Adding: com.android.server.compat.config.Change@aaef33
01-07 07:25:06.919   939   939 D CompatConfig: Adding: com.android.server.compat.config.Change@21b92f0
01-07 07:25:06.919   939   975 D SystemConfig: Removed unavailable feature android.hardware.location.network
01-07 07:25:06.919   939   975 I SystemConfig: Reading permissions from /vendor/etc/permissions/android.hardware.wifi.xml
01-07 07:25:06.920   939   939 D CompatConfig: Found a config file: /apex/com.android.wifi/etc/compatconfig/wifi-compat-config.xml
01-07 07:25:06.920   939   975 I SystemConfig: Reading permissions from /vendor/etc/permissions/android.hardware.keystore.app_attest_key.xml
01-07 07:25:06.920   939   939 D CompatConfig: Adding: com.android.server.compat.config.Change@9beee1c
01-07 07:25:06.920   939   939 D CompatConfig: Adding: com.android.server.compat.config.Change@42097fa
01-07 07:25:06.921   939   975 I SystemConfig: Reading permissions from /vendor/etc/permissions/android.hardware.audio.output.xml
01-07 07:25:06.921   939   975 I SystemConfig: Reading permissions from /vendor/etc/permissions/android.software.live_tv.xml
01-07 07:25:06.921   939   939 D CompatConfig: No directory /apex/com.android.appsearch/etc/compatconfig, skipping
01-07 07:25:06.921   939   939 D CompatConfig: No directory /apex/com.sonos.player/etc/compatconfig, skipping
01-07 07:25:06.922   939   939 D CompatConfig: No directory /apex/com.android.media/etc/compatconfig, skipping
01-07 07:25:06.922   939   939 D CompatConfig: No directory /apex/com.android.resolv/etc/compatconfig, skipping
01-07 07:25:06.922   939   975 I SystemConfig: Reading permissions from /vendor/etc/permissions/android.hardware.location.xml
01-07 07:25:06.922   939   939 D CompatConfig: No directory /apex/com.android.scheduling/etc/compatconfig, skipping
01-07 07:25:06.922   939   939 D CompatConfig: Found a config file: /apex/com.android.tethering/etc/compatconfig/connectivity-platform-compat-config.xml
01-07 07:25:06.922   939   975 D SystemConfig: Removed unavailable feature android.hardware.location.network
01-07 07:25:06.923   939   975 I SystemConfig: Reading permissions from /vendor/etc/permissions/android.hardware.vulkan.level.xml
01-07 07:25:06.923   939   939 D CompatConfig: Adding: com.android.server.compat.config.Change@6671d87
01-07 07:25:06.923   939   975 I SystemConfig: Reading permissions from /vendor/etc/permissions/droidlogic.software.core.xml
01-07 07:25:06.924   939   939 D CompatConfig: Found a config file: /apex/com.android.mediaprovider/etc/compatconfig/media-provider-platform-compat-config.xml
01-07 07:25:06.924   939   975 W SystemConfig: name is required for <deny-permission> in START_TAG (empty) <deny-permission name=''>@27:35 in java.io.FileReader@2862c52
01-07 07:25:06.925   939   939 D CompatConfig: Adding: com.android.server.compat.config.Change@e0e0b23
01-07 07:25:06.925   939   939 D CompatConfig: Adding: com.android.server.compat.config.Change@3719820
01-07 07:25:06.925   939   939 D CompatConfig: Adding: com.android.server.compat.config.Change@c77b5d9
01-07 07:25:06.925   939   939 D CompatConfig: Adding: com.android.server.compat.config.Change@736bb9e
01-07 07:25:06.925   939   939 D CompatConfig: Adding: com.android.server.compat.config.Change@c28164c
01-07 07:25:06.925   939   939 D CompatConfig: Adding: com.android.server.compat.config.Change@ea4d695
01-07 07:25:06.925   939   975 I SystemConfig: Reading permissions from /vendor/etc/permissions/android.hardware.hdmi.cec.xml
01-07 07:25:06.925   939   939 D CompatConfig: Adding: com.android.server.compat.config.Change@1cef3aa
01-07 07:25:06.925   939   939 D CompatConfig: No directory /apex/com.android.conscrypt/etc/compatconfig, skipping
01-07 07:25:06.925   939   975 I SystemConfig: Reading permissions from /vendor/etc/permissions/droidlogic.tv.software.core.xml
01-07 07:25:06.926   939   939 D CompatConfig: No directory /apex/com.android.os.statsd/etc/compatconfig, skipping
01-07 07:25:06.926   939   939 D CompatConfig: No directory /apex/com.android.uwb/etc/compatconfig, skipping
01-07 07:25:06.926   939   939 D CompatConfig: No directory /apex/com.android.neuralnetworks/etc/compatconfig, skipping
01-07 07:25:06.926   939   939 D CompatConfig: No directory /apex/com.android.ipsec/etc/compatconfig, skipping
01-07 07:25:06.926   939   939 D CompatConfig: No directory /apex/com.android.adservices/etc/compatconfig, skipping
01-07 07:25:06.926   939   939 D CompatConfig: No directory /apex/com.android.sdkext/etc/compatconfig, skipping
01-07 07:25:06.926   939   939 D CompatConfig: No directory /apex/com.android.permission/etc/compatconfig, skipping
01-07 07:25:06.926   939   975 I SystemConfig: Reading permissions from /vendor/etc/permissions/android.software.app_widgets.xml
01-07 07:25:06.926   939   939 D CompatConfig: No directory /apex/com.android.vndk.v33/etc/compatconfig, skipping
01-07 07:25:06.926   939   939 D CompatConfig: No directory /apex/com.android.media.swcodec/etc/compatconfig, skipping
01-07 07:25:06.926   939   939 D CompatConfig: No directory /apex/com.android.runtime/etc/compatconfig, skipping
01-07 07:25:06.927   939   975 I SystemConfig: Reading permissions from /vendor/etc/permissions/android.hardware.vulkan.version.xml
01-07 07:25:06.927   939   975 I SystemConfig: Reading permissions from /vendor/etc/permissions/droidlogic.software.netflix.xml
01-07 07:25:06.928   939   975 I SystemConfig: Reading permissions from /vendor/etc/permissions/android.hardware.wifi.passpoint.xml
01-07 07:25:06.928   939   939 V SystemServerTiming: PlatformCompat took to complete: 73ms
01-07 07:25:06.928   939   939 D SystemServerTiming: StartFileIntegrityService
01-07 07:25:06.928   939   939 I SystemServiceManager: Starting com.android.server.security.FileIntegrityService
01-07 07:25:06.929   939   975 I SystemConfig: Reading permissions from /vendor/etc/permissions/android.software.opengles.deqp.level-2022-03-01.xml
01-07 07:25:06.931   939   975 I SystemConfig: Reading permissions from /vendor/etc/permissions/android.hardware.consumerir.xml
01-07 07:25:06.932   939   939 V SystemServerTiming: StartFileIntegrityService took to complete: 4ms
01-07 07:25:06.932   939   939 D SystemServerTiming: StartInstaller
01-07 07:25:06.932   939   939 I SystemServiceManager: Starting com.android.server.pm.Installer
01-07 07:25:06.932   939   975 I SystemConfig: Reading permissions from /vendor/etc/permissions/android.hardware.bluetooth_le.xml
01-07 07:25:06.934   939   975 I SystemConfig: Reading permissions from /product/etc/sysconfig/configs_com.sonos.pinewood.ota.service.xml
01-07 07:25:06.935   939   975 I SystemConfig: Reading permissions from /product/etc/sysconfig/atv-component-overrides.xml
01-07 07:25:06.936   939   975 I SystemConfig: Reading permissions from /product/etc/permissions/privapp-permissions-tahoe-product.xml
01-07 07:25:06.938   939   975 I SystemConfig: Reading permissions from /product/etc/permissions/privapp_allowlist_com.sonos.tv.appdirector.xml
01-07 07:25:06.938   939   975 I SystemConfig: Reading permissions from /product/etc/permissions/com.droidlogic.updater.xml
01-07 07:25:06.939   939   939 V SystemServerTiming: StartInstaller took to complete: 7ms
01-07 07:25:06.939   939   939 D SystemServerTiming: DeviceIdentifiersPolicyService
01-07 07:25:06.939   939   975 I SystemConfig: Reading permissions from /product/etc/permissions/privapp_allowlist_com.sonos.tv.ble.remote.xml
01-07 07:25:06.939   939   939 I SystemServiceManager: Starting com.android.server.os.DeviceIdentifiersPolicyService
01-07 07:25:06.940   939   975 I SystemConfig: Reading permissions from /product/etc/permissions/android.hardware.gamepad.xml
01-07 07:25:06.940   939   939 V SystemServerTiming: DeviceIdentifiersPolicyService took to complete: 1ms
01-07 07:25:06.940   939   939 D SystemServerTiming: UriGrantsManagerService
01-07 07:25:06.940   939   939 I SystemServiceManager: Starting com.android.server.uri.UriGrantsManagerService$Lifecycle
01-07 07:25:06.940   939   975 I SystemConfig: Reading permissions from /product/etc/permissions/privapp_allowlist_com.sonos.pinewood.ota.test.xml
01-07 07:25:06.942   939   975 I SystemConfig: Reading permissions from /product/etc/permissions/privapp_allowlist_com.sonos.tv.settings.xml
01-07 07:25:06.942   939   939 V SystemServerTiming: UriGrantsManagerService took to complete: 2ms
01-07 07:25:06.942   939   939 D SystemServerTiming: StartPowerStatsService
01-07 07:25:06.942   939   939 I SystemServiceManager: Starting com.android.server.powerstats.PowerStatsService
01-07 07:25:06.942   939   975 I SystemConfig: Reading permissions from /product/etc/permissions/privapp_allowlist_com.sonos.tv.setup.xml
01-07 07:25:06.944   939   975 I SystemConfig: Reading permissions from /product/etc/permissions/privapp_allowlist_com.sonos.pinewood.ota.service.xml
01-07 07:25:06.945   939   975 I SystemConfig: Reading permissions from /system_ext/etc/sysconfig/configs_com.sonos.connectivity.xml
01-07 07:25:06.947   939   975 I SystemConfig: Reading permissions from /system_ext/etc/permissions/com.caavo.pw.ceccontroller.xml
01-07 07:25:06.948   939   975 I SystemConfig: Reading permissions from /system_ext/etc/permissions/com.sonos.livetv.xml
01-07 07:25:06.949   939   939 V SystemServerTiming: StartPowerStatsService took to complete: 7ms
01-07 07:25:06.949   939   939 D SystemServerTiming: StartIStatsService
01-07 07:25:06.950   939   975 I SystemConfig: Reading permissions from /system_ext/etc/permissions/com.android.tv.settings.xml
01-07 07:25:06.951   939   939 V SystemServerTiming: StartIStatsService took to complete: 1ms
01-07 07:25:06.951   939   939 D SystemServerTiming: MemtrackProxyService
01-07 07:25:06.951   939   975 I SystemConfig: Reading permissions from /system_ext/etc/permissions/androidx.window.extensions.xml
01-07 07:25:06.952   939   975 I SystemConfig: Reading permissions from /system_ext/etc/permissions/com.sonos.tv.networking.xml
01-07 07:25:06.952   939   939 V SystemServerTiming: MemtrackProxyService took to complete: 1ms
01-07 07:25:06.953   939   939 D SystemServerTiming: StartActivityManager
01-07 07:25:06.953   939   939 I SystemServiceManager: Starting com.android.server.wm.ActivityTaskManagerService$Lifecycle
01-07 07:25:06.953   939   975 I SystemConfig: Reading permissions from /system_ext/etc/permissions/com.android.systemui.xml
01-07 07:25:06.954   939   975 I SystemConfig: Reading permissions from /system_ext/etc/permissions/androidx.window.sidecar.xml
01-07 07:25:06.955   939   975 I SystemConfig: Reading permissions from /system_ext/etc/permissions/com.sonos.tv.os.xml
01-07 07:25:06.956   939   975 I SystemConfig: Reading permissions from /system_ext/etc/permissions/com.droidlogic.tv.settings.xml
01-07 07:25:06.957   939   975 I SystemConfig: Reading permissions from /system_ext/etc/permissions/com.sonos.tv.logging.xml
01-07 07:25:06.958   939   975 I SystemConfig: Reading permissions from /system_ext/etc/permissions/com.sonos.pinewood.ir.rx.xml
01-07 07:25:06.959   939   975 I SystemConfig: Reading permissions from /system_ext/etc/permissions/privapp_allowlist_com.sonos.connectivity.xml
01-07 07:25:06.960   939   939 I SystemServiceManager: Starting com.android.server.am.ActivityManagerService$Lifecycle
01-07 07:25:06.960   939   975 I SystemConfig: Reading permissions from /system_ext/etc/permissions/droidlogic_permissions.xml
01-07 07:25:06.962   939   975 I SystemConfig: Reading permissions from /apex/com.android.ipsec/etc/permissions/android.net.ipsec.ike.xml
01-07 07:25:06.963   939   975 I SystemConfig: Reading permissions from /apex/com.android.tethering/etc/permissions/permissions.xml
01-07 07:25:06.966   939   975 I SystemConfig: Reading permissions from /apex/com.android.permission/etc/permissions/privapp_allowlist_com.android.permissioncontroller.xml
01-07 07:25:06.967   939   939 I ActivityManager: Memory class: 384
01-07 07:25:06.968   939   975 I SystemConfig: Reading permissions from /apex/com.android.adservices/etc/permissions/privapp_allowlist_com.android.adservices.api.xml
01-07 07:25:06.969   939   975 I SystemConfig: Reading permissions from /apex/com.android.extservices/etc/permissions/privapp_allowlist_android.ext.services.xml
01-07 07:25:06.970   939   977 I Binder  : Setting heavy hitter watcher config: false, 0, 0.0
01-07 07:25:06.970   939   975 I SystemConfig: Reading permissions from /apex/com.android.mediaprovider/etc/permissions/privapp_allowlist_com.android.providers.media.module.xml
01-07 07:25:06.972   939   975 I SystemConfig: Reading permissions from /apex/com.android.btservices/etc/permissions/privapp_allowlist_com.android.bluetooth.xml
01-07 07:25:06.974   939   975 W SystemConfig: Failed to read public libraries file /vendor/etc/public.libraries.txt
01-07 07:25:06.974   939   975 W SystemConfig: java.io.FileNotFoundException: /vendor/etc/public.libraries.txt: open failed: ENOENT (No such file or directory)
01-07 07:25:06.974   939   975 W SystemConfig: 	at libcore.io.IoBridge.open(IoBridge.java:574)
01-07 07:25:06.974   939   975 W SystemConfig: 	at java.io.FileInputStream.<init>(FileInputStream.java:160)
01-07 07:25:06.974   939   975 W SystemConfig: 	at java.io.FileReader.<init>(FileReader.java:75)
01-07 07:25:06.974   939   975 W SystemConfig: 	at com.android.server.SystemConfig.readPublicLibrariesListFile(SystemConfig.java:1825)
01-07 07:25:06.974   939   975 W SystemConfig: 	at com.android.server.SystemConfig.readPublicNativeLibrariesList(SystemConfig.java:1807)
01-07 07:25:06.974   939   975 W SystemConfig: 	at com.android.server.SystemConfig.<init>(SystemConfig.java:605)
01-07 07:25:06.974   939   975 W SystemConfig: 	at com.android.server.SystemConfig.getInstance(SystemConfig.java:369)
01-07 07:25:06.974   939   975 W SystemConfig: 	at com.android.server.SystemServer$$ExternalSyntheticLambda2.run(Unknown Source:0)
01-07 07:25:06.974   939   975 W SystemConfig: 	at com.android.server.SystemServerInitThreadPool.lambda$submitTask$0(SystemServerInitThreadPool.java:106)
01-07 07:25:06.974   939   975 W SystemConfig: 	at com.android.server.SystemServerInitThreadPool.$r8$lambda$aGlXt69ihU44Qi7EB_RNeu8pnrY(Unknown Source:0)
01-07 07:25:06.974   939   975 W SystemConfig: 	at com.android.server.SystemServerInitThreadPool$$ExternalSyntheticLambda0.run(Unknown Source:6)
01-07 07:25:06.974   939   975 W SystemConfig: 	at java.util.concurrent.Executors$RunnableAdapter.call(Executors.java:463)
01-07 07:25:06.974   939   975 W SystemConfig: 	at java.util.concurrent.FutureTask.run(FutureTask.java:264)
01-07 07:25:06.974   939   975 W SystemConfig: 	at java.util.concurrent.ThreadPoolExecutor.runWorker(ThreadPoolExecutor.java:1137)
01-07 07:25:06.974   939   975 W SystemConfig: 	at java.util.concurrent.ThreadPoolExecutor$Worker.run(ThreadPoolExecutor.java:637)
01-07 07:25:06.974   939   975 W SystemConfig: 	at com.android.internal.util.ConcurrentUtils$1$1.run(ConcurrentUtils.java:65)
01-07 07:25:06.974   939   975 W SystemConfig: Caused by: android.system.ErrnoException: open failed: ENOENT (No such file or directory)
01-07 07:25:06.974   939   975 W SystemConfig: 	at libcore.io.Linux.open(Native Method)
01-07 07:25:06.974   939   975 W SystemConfig: 	at libcore.io.ForwardingOs.open(ForwardingOs.java:563)
01-07 07:25:06.974   939   975 W SystemConfig: 	at libcore.io.BlockGuardOs.open(BlockGuardOs.java:274)
01-07 07:25:06.974   939   975 W SystemConfig: 	at libcore.io.IoBridge.open(IoBridge.java:560)
01-07 07:25:06.974   939   975 W SystemConfig: 	... 15 more
01-07 07:25:06.974   939   975 V SystemConfig: readAllPermissions took to complete: 118ms
01-07 07:25:06.974   939   975 D SystemServerInitThreadPool: Finished executing ReadingSystemConfig
01-07 07:25:06.974   939   975 V SystemServerTimingAsync: InitThreadPoolExec:ReadingSystemConfig took to complete: 118ms
01-07 07:25:06.993   939   939 D BatteryStatsImpl: Reading daily items from /data/system/batterystats-daily.xml
01-07 07:25:06.998   939   984 I KernelCpuUidFreqTimeReader: mPerClusterTimesAvailable=false
01-07 07:25:07.009   939   984 W KernelMemoryBandwidthStats: No kernel memory bandwidth stats available
01-07 07:25:07.028     0     0 E [5 T1     ..] init: Control message: Could not find 'aidl/package_native' for ctl.interface_start from pid: 314 (/system/bin/servicemanager)
01-07 07:25:07.100   939   939 I IntentFirewall: Read new rules (A:0 B:0 S:0)
01-07 07:25:07.107   939   939 D OomAdjuster: Not killing cached processes
01-07 07:25:07.130   939   939 I FramerateMonitorService: userdebug
01-07 07:25:07.133   939   939 D AppOps  : AppOpsService published
01-07 07:25:07.136   939   989 I CriticalEventLog: No log found, returning empty log proto.
01-07 07:25:07.138   939   939 V SystemServerTiming: StartActivityManager took to complete: 184ms
01-07 07:25:07.138   939   939 D SystemServerTiming: StartDataLoaderManagerService
01-07 07:25:07.138   939   939 I SystemServiceManager: Starting com.android.server.pm.DataLoaderManagerService
01-07 07:25:07.139   939   939 V SystemServerTiming: StartDataLoaderManagerService took to complete: 1ms
01-07 07:25:07.139   939   939 D SystemServerTiming: StartIncrementalService
01-07 07:25:07.144   939   939 V SystemServerTiming: StartIncrementalService took to complete: 5ms
01-07 07:25:07.144   939   939 D SystemServerTiming: StartPowerManager
01-07 07:25:07.144   939   939 I SystemServiceManager: Starting com.android.server.power.PowerManagerService
01-07 07:25:07.154   939   939 V SystemServerTiming: StartPowerManager took to complete: 10ms
01-07 07:25:07.154   939   939 D SystemServerTiming: StartThermalManager
01-07 07:25:07.154   939   939 I SystemServiceManager: Starting com.android.server.power.ThermalManagerService
01-07 07:25:07.155   939   939 V SystemServerTiming: StartThermalManager took to complete: 1ms
01-07 07:25:07.155   939   939 D SystemServerTiming: StartHintManager
01-07 07:25:07.155   939   939 I SystemServiceManager: Starting com.android.server.power.hint.HintManagerService
01-07 07:25:07.155   939   939 V SystemServerTiming: StartHintManager took to complete: 0ms
01-07 07:25:07.156   939   939 D SystemServerTiming: InitPowerManagement
01-07 07:25:07.157   939   939 V SystemServerTiming: InitPowerManagement took to complete: 2ms
01-07 07:25:07.157   939   939 D SystemServerTiming: StartRecoverySystemService
01-07 07:25:07.157   939   939 I SystemServiceManager: Starting com.android.server.recoverysystem.RecoverySystemService$Lifecycle
01-07 07:25:07.158   939   939 V SystemServerTiming: StartRecoverySystemService took to complete: 1ms
01-07 07:25:07.158   939   939 I PackageWatchdog: Syncing state, reason: added new observer
01-07 07:25:07.158   939   939 I PackageWatchdog: Not pruning observers, elapsed time: 0ms
01-07 07:25:07.158   939   939 I PackageWatchdog: Cancelling state sync, nothing to sync
01-07 07:25:07.158   939   976 I PackageWatchdog: Saving observer state to file
01-07 07:25:07.159   939   939 D SystemServerTiming: StartLightsService
01-07 07:25:07.159   939   939 I SystemServiceManager: Starting com.android.server.lights.LightsService
01-07 07:25:07.164   939   939 V SystemServerTiming: StartLightsService took to complete: 5ms
01-07 07:25:07.164   939   939 D SystemServerTiming: StartDisplayOffloadService
01-07 07:25:07.164   939   939 V SystemServerTiming: StartDisplayOffloadService took to complete: 0ms
01-07 07:25:07.164   939   939 D SystemServerTiming: StartSidekickService
01-07 07:25:07.164   939   939 V SystemServerTiming: StartSidekickService took to complete: 0ms
01-07 07:25:07.164   939   939 D SystemServerTiming: StartDisplayManager
01-07 07:25:07.164   939   939 I SystemServiceManager: Starting com.android.server.display.DisplayManagerService
01-07 07:25:07.175   939   939 V SystemServerTiming: StartDisplayManager took to complete: 10ms
01-07 07:25:07.175   939   939 D SystemServerTiming: WaitForDisplay
01-07 07:25:07.175   939   939 I SystemServiceManager: Starting phase 100
01-07 07:25:07.175   939   939 D SystemServerTiming: OnBootPhase_100
01-07 07:25:07.175   939   939 D SystemServerTiming: OnBootPhase_100_com.android.server.security.FileIntegrityService
01-07 07:25:07.175   939   939 V SystemServerTiming: OnBootPhase_100_com.android.server.security.FileIntegrityService took to complete: 0ms
01-07 07:25:07.175   939   939 D SystemServerTiming: OnBootPhase_100_com.android.server.pm.Installer
01-07 07:25:07.175   939   939 V SystemServerTiming: OnBootPhase_100_com.android.server.pm.Installer took to complete: 0ms
01-07 07:25:07.175   939   939 D SystemServerTiming: OnBootPhase_100_com.android.server.os.DeviceIdentifiersPolicyService
01-07 07:25:07.175   939   939 V SystemServerTiming: OnBootPhase_100_com.android.server.os.DeviceIdentifiersPolicyService took to complete: 0ms
01-07 07:25:07.175   939   939 D SystemServerTiming: OnBootPhase_100_com.android.server.uri.UriGrantsManagerService$Lifecycle
01-07 07:25:07.175   939   939 V SystemServerTiming: OnBootPhase_100_com.android.server.uri.UriGrantsManagerService$Lifecycle took to complete: 0ms
01-07 07:25:07.175   939   939 D SystemServerTiming: OnBootPhase_100_com.android.server.powerstats.PowerStatsService
01-07 07:25:07.175   939   939 V SystemServerTiming: OnBootPhase_100_com.android.server.powerstats.PowerStatsService took to complete: 0ms
01-07 07:25:07.175   939   939 D SystemServerTiming: OnBootPhase_100_com.android.server.wm.ActivityTaskManagerService$Lifecycle
01-07 07:25:07.175   939   939 V SystemServerTiming: OnBootPhase_100_com.android.server.wm.ActivityTaskManagerService$Lifecycle took to complete: 0ms
01-07 07:25:07.175   939   939 D SystemServerTiming: OnBootPhase_100_com.android.server.am.ActivityManagerService$Lifecycle
01-07 07:25:07.175   939   939 V SystemServerTiming: OnBootPhase_100_com.android.server.am.ActivityManagerService$Lifecycle took to complete: 0ms
01-07 07:25:07.175   939   939 D SystemServerTiming: OnBootPhase_100_com.android.server.pm.DataLoaderManagerService
01-07 07:25:07.175   939   939 V SystemServerTiming: OnBootPhase_100_com.android.server.pm.DataLoaderManagerService took to complete: 0ms
01-07 07:25:07.176   939   939 D SystemServerTiming: OnBootPhase_100_com.android.server.power.PowerManagerService
01-07 07:25:07.176   939   939 V SystemServerTiming: OnBootPhase_100_com.android.server.power.PowerManagerService took to complete: 0ms
01-07 07:25:07.176   939   939 D SystemServerTiming: OnBootPhase_100_com.android.server.power.ThermalManagerService
01-07 07:25:07.176   939   939 V SystemServerTiming: OnBootPhase_100_com.android.server.power.ThermalManagerService took to complete: 0ms
01-07 07:25:07.176   939   939 D SystemServerTiming: OnBootPhase_100_com.android.server.power.hint.HintManagerService
01-07 07:25:07.176   939   939 V SystemServerTiming: OnBootPhase_100_com.android.server.power.hint.HintManagerService took to complete: 0ms
01-07 07:25:07.176   939   939 D SystemServerTiming: OnBootPhase_100_com.android.server.recoverysystem.RecoverySystemService$Lifecycle
01-07 07:25:07.176   939   939 V SystemServerTiming: OnBootPhase_100_com.android.server.recoverysystem.RecoverySystemService$Lifecycle took to complete: 0ms
01-07 07:25:07.176   939   939 D SystemServerTiming: OnBootPhase_100_com.android.server.lights.LightsService
01-07 07:25:07.176   939   939 V SystemServerTiming: OnBootPhase_100_com.android.server.lights.LightsService took to complete: 0ms
01-07 07:25:07.176   939   939 D SystemServerTiming: OnBootPhase_100_com.android.server.display.DisplayManagerService
01-07 07:25:07.182   939   971 W LocalDisplayAdapter: DisplayModeSpecs base mode no longer available, using currently active mode.
01-07 07:25:07.193   939   971 I DisplayDeviceRepository: Display device added: DisplayDeviceInfo{"Built-in Screen": uniqueId="local:4633127902230889483", 1920 x 1080, modeId 1, defaultModeId 1, supportedModes [{id=1, width=1920, height=1080, fps=59.94006, alternativeRefreshRates=[]}, {id=2, width=1920, height=1080, fps=60.000004, alternativeRefreshRates=[]}, {id=3, width=1920, height=1080, fps=50.0, alternativeRefreshRates=[]}, {id=4, width=1920, height=1080, fps=29.97003, alternativeRefreshRates=[]}, {id=5, width=1920, height=1080, fps=30.000002, alternativeRefreshRates=[]}, {id=6, width=1920, height=1080, fps=25.0, alternativeRefreshRates=[]}, {id=7, width=1920, height=1080, fps=23.976025, alternativeRefreshRates=[]}, {id=8, width=1920, height=1080, fps=24.000002, alternativeRefreshRates=[]}, {id=9, width=1280, height=720, fps=59.94006, alternativeRefreshRates=[]}, {id=10, width=1280, height=720, fps=60.000004, alternativeRefreshRates=[]}, {id=11, width=1280, height=720, fps=50.0, alternativeRefreshRates=[]}, {id=12, width=720, height=576, fps=50.0, alternativeRefreshRates=[]}, {id=13, width=720, height=480, fps=59.94006, alternativeRefreshRates=[]}, {id=14, width=720, height=480, fps=60.000004, alternativeRefreshRates=[]}], colorMode 0, supportedColorModes [0], hdrCapabilities HdrCapabilities{mSupportedHdrTypes=[2, 3], mMaxLuminance=500.0, mMaxAverageLuminance=500.0, mMinLuminance=0.0}, allmSupported false, gameContentTypeSupported false, density 320, 93.784 x 94.593 dpi, appVsyncOff 2000000, presDeadline 13683333, touch INTERNAL, rotation 0, type INTERNAL, address {port=11, model=0x404c2d479b6c44}, deviceProductInfo DeviceProductInfo{name=SAMSUNG, manufacturerPnpId=SAM, productId=2866, modelYear=null, manufactureDate=ManufactureDate{week=44, year=2013}, connectionToSinkType=2}, state UNKNOWN, frameRateOverride , brightnessMinimum 0.0, brightnessMaximum 1.0, brightnessDefault 0.39763778, FLAG_ALLOWED_TO_BE_DEFAULT_DISPLAY, FLAG_ROTATES_WITH_CONTENT, FLAG_SECURE, FLAG_SUPPORTS_PROTECTED_BUFFERS, installOrientation 0}
01-07 07:25:07.194   939   971 I LogicalDisplayMapper: Applying layout: [{addr: {port=11, model=0x404c2d479b6c44}, dispId: 0(ON)}], Previous layout: null
01-07 07:25:07.196   939   971 I LogicalDisplayMapper: Adding new display: 0: DisplayInfo{"Built-in Screen", displayId 0", displayGroupId -1, FLAG_SECURE, FLAG_SUPPORTS_PROTECTED_BUFFERS, FLAG_TRUSTED, real 1920 x 1080, largest app 1920 x 1080, smallest app 1920 x 1080, appVsyncOff 2000000, presDeadline 13683333, mode 1, defaultMode 1, modes [{id=1, width=1920, height=1080, fps=59.94006, alternativeRefreshRates=[]}, {id=2, width=1920, height=1080, fps=60.000004, alternativeRefreshRates=[]}, {id=3, width=1920, height=1080, fps=50.0, alternativeRefreshRates=[]}, {id=4, width=1920, height=1080, fps=29.97003, alternativeRefreshRates=[]}, {id=5, width=1920, height=1080, fps=30.000002, alternativeRefreshRates=[]}, {id=6, width=1920, height=1080, fps=25.0, alternativeRefreshRates=[]}, {id=7, width=1920, height=1080, fps=23.976025, alternativeRefreshRates=[]}, {id=8, width=1920, height=1080, fps=24.000002, alternativeRefreshRates=[]}, {id=9, width=1280, height=720, fps=59.94006, alternativeRefreshRates=[]}, {id=10, width=1280, height=720, fps=60.000004, alternativeRefreshRates=[]}, {id=11, width=1280, height=720, fps=50.0, alternativeRefreshRates=[]}, {id=12, width=720, height=576, fps=50.0, alternativeRefreshRates=[]}, {id=13, width=720, height=480, fps=59.94006, alternativeRefreshRates=[]}, {id=14, width=720, height=480, fps=60.000004, alternativeRefreshRates=[]}], hdrCapabilities HdrCapabilities{mSupportedHdrTypes=[2, 3], mMaxLuminance=500.0, mMaxAverageLuminance=500.0, mMinLuminance=0.0}, userDisabledHdrTypes [], minimalPostProcessingSupported false, rotation 0, state UNKNOWN, type INTERNAL, uniqueId "local:4633127902230889483", app 1920 x 1080, density 320 (93.784 x 94.593) dpi, layerStack 0, colorMode 0, supportedColorModes [0], address {port=11, model=0x404c2d479b6c44}, deviceProductInfo DeviceProductInfo{name=SAMSUNG, manufacturerPnpId=SAM, productId=2866, modelYear=null, manufactureDate=ManufactureDate{week=44, year=2013}, connectionToSinkType=2}, removeMode 0, refreshRateOverride 0.0, brightnessMinimum 0.0, brightnessMaximum 1.0, brightnessDefault 0.39763778, installOrientation ROTATION_0}
01-07 07:25:07.196   939   971 I LogicalDisplayMapper: Setting new display group 0 for display 0, from previous group: null
01-07 07:25:07.197   939   971 W android.permission.PermissionManager: Missing ActivityManager; assuming 1000 holds android.permission.READ_DEVICE_CONFIG
01-07 07:25:07.202   939   939 V SystemServerTiming: OnBootPhase_100_com.android.server.display.DisplayManagerService took to complete: 26ms
01-07 07:25:07.202   939   939 V SystemServerTiming: OnBootPhase_100 took to complete: 27ms
01-07 07:25:07.202   939   939 V SystemServerTiming: WaitForDisplay took to complete: 27ms
01-07 07:25:07.202   939   939 D SystemServerTiming: StartDomainVerificationService
01-07 07:25:07.207   939   939 V SystemServerTiming: StartDomainVerificationService took to complete: 5ms
01-07 07:25:07.207   939   939 D SystemServerTiming: StartPackageManagerService
01-07 07:25:07.207   939   939 I Watchdog: Pausing HandlerChecker: main thread for reason: packagemanagermain. Pause count: 1
01-07 07:25:07.210   939   939 D PackageManagerTiming: create package manager
01-07 07:25:07.217   939   939 D PackageManagerTiming: createSubComponents
01-07 07:25:07.224   939   939 I UserTypeFactory: Creating custom user type com.android.tv.profile
01-07 07:25:07.241   939   939 V PackageManagerTiming: createSubComponents took to complete: 24ms
01-07 07:25:07.241   939   939 D PackageManagerTiming: addSharedUsers
01-07 07:25:07.241   939   939 V PackageManagerTiming: addSharedUsers took to complete: 0ms
01-07 07:25:07.242   939   939 W BackgroundDexOptService: SysProp pm.dexopt.downgrade_after_inactive_days not set
01-07 07:25:07.243   939   939 D PackageManagerTiming: get system config
01-07 07:25:07.243   939   939 V PackageManagerTiming: get system config took to complete: 0ms
01-07 07:25:07.246   939   939 D SELinuxMMAC: Using policy file /system/etc/selinux/plat_mac_permissions.xml
01-07 07:25:07.250   939   939 D SELinuxMMAC: Using policy file /system_ext/etc/selinux/system_ext_mac_permissions.xml
01-07 07:25:07.251   939   939 D SELinuxMMAC: Using policy file /product/etc/selinux/product_mac_permissions.xml
01-07 07:25:07.251   939   939 D SELinuxMMAC: Using policy file /vendor/etc/selinux/vendor_mac_permissions.xml
01-07 07:25:07.252   939   939 D PackageManagerTiming: loadFallbacks
01-07 07:25:07.254   939   939 V PackageManagerTiming: loadFallbacks took to complete: 2ms
01-07 07:25:07.254   939   939 D PackageManagerTiming: read user settings
01-07 07:25:07.275   939   958 W android.permission.PermissionManager: Missing ActivityManager; assuming 1041 does not hold android.permission.UPDATE_DEVICE_STATS
01-07 07:25:07.326   939   939 E PackageManager: Package com.android.dynsystem was user id 0 but is now user SharedUserSetting{107ce92 android.uid.system/1000} with id 1000; I am not changing its files so it will probably fail!
01-07 07:25:07.328   939   939 E PackageManager: Package com.android.providers.calendar was user id 0 but is now user SharedUserSetting{a866d19 android.uid.calendar/10021} with id 10021; I am not changing its files so it will probably fail!
01-07 07:25:07.329   939   939 E PackageManager: Package com.android.tv.settings was user id 0 but is now user SharedUserSetting{107ce92 android.uid.system/1000} with id 1000; I am not changing its files so it will probably fail!
01-07 07:25:07.329   939   939 E PackageManager: Package com.android.providers.media was user id 0 but is now user SharedUserSetting{e1a9dea android.media/10018} with id 10018; I am not changing its files so it will probably fail!
01-07 07:25:07.330   939   939 E PackageManager: Package com.android.providers.downloads was user id 0 but is now user SharedUserSetting{e1a9dea android.media/10018} with id 10018; I am not changing its files so it will probably fail!
01-07 07:25:07.331   939   939 E PackageManager: Package com.droidlogic.mediacenter was user id 0 but is now user SharedUserSetting{107ce92 android.uid.system/1000} with id 1000; I am not changing its files so it will probably fail!
01-07 07:25:07.332   939   939 E PackageManager: Package com.droidlogic was user id 0 but is now user SharedUserSetting{107ce92 android.uid.system/1000} with id 1000; I am not changing its files so it will probably fail!
01-07 07:25:07.333   939   939 E PackageManager: Package com.droidlogic.tv.settings was user id 0 but is now user SharedUserSetting{107ce92 android.uid.system/1000} with id 1000; I am not changing its files so it will probably fail!
01-07 07:25:07.334   939   939 E PackageManager: Package com.sonos.tv.ble.remote was user id 0 but is now user SharedUserSetting{aefce89 sonos.uid.bluetooth/7502} with id 7502; I am not changing its files so it will probably fail!
01-07 07:25:07.334   939   939 E PackageManager: Package com.android.networkstack was user id 0 but is now user SharedUserSetting{722cabc android.uid.networkstack/1073} with id 1073; I am not changing its files so it will probably fail!
01-07 07:25:07.335   939   939 E PackageManager: Package android was user id 0 but is now user SharedUserSetting{107ce92 android.uid.system/1000} with id 1000; I am not changing its files so it will probably fail!
01-07 07:25:07.336   939   939 E PackageManager: Package com.android.mtp was user id 0 but is now user SharedUserSetting{e1a9dea android.media/10018} with id 10018; I am not changing its files so it will probably fail!
01-07 07:25:07.336   939   939 E PackageManager: Package com.android.providers.settings was user id 0 but is now user SharedUserSetting{107ce92 android.uid.system/1000} with id 1000; I am not changing its files so it will probably fail!
01-07 07:25:07.337   939   939 E PackageManager: Package com.android.se was user id 0 but is now user SharedUserSetting{597fcfd android.uid.se/1068} with id 1068; I am not changing its files so it will probably fail!
01-07 07:25:07.338   939   939 E PackageManager: Package com.android.inputdevices was user id 0 but is now user SharedUserSetting{107ce92 android.uid.system/1000} with id 1000; I am not changing its files so it will probably fail!
01-07 07:25:07.338   939   939 E PackageManager: Package com.android.keychain was user id 0 but is now user SharedUserSetting{107ce92 android.uid.system/1000} with id 1000; I am not changing its files so it will probably fail!
01-07 07:25:07.339   939   939 E PackageManager: Package com.android.localtransport was user id 0 but is now user SharedUserSetting{107ce92 android.uid.system/1000} with id 1000; I am not changing its files so it will probably fail!
01-07 07:25:07.339   939   939 E PackageManager: Package com.sonos.tv.setup was user id 0 but is now user SharedUserSetting{1f7594a sonos.uid.setup/7501} with id 7501; I am not changing its files so it will probably fail!
01-07 07:25:07.340   939   939 E PackageManager: Package com.android.networkstack.tethering was user id 0 but is now user SharedUserSetting{722cabc android.uid.networkstack/1073} with id 1073; I am not changing its files so it will probably fail!
01-07 07:25:07.340   939   939 E PackageManager: Package com.android.soundpicker was user id 0 but is now user SharedUserSetting{e1a9dea android.media/10018} with id 10018; I am not changing its files so it will probably fail!
01-07 07:25:07.341   939   939 E PackageManager: Package com.droidlogic.miracast was user id 0 but is now user SharedUserSetting{107ce92 android.uid.system/1000} with id 1000; I am not changing its files so it will probably fail!
01-07 07:25:07.341   939   939 E PackageManager: Package com.android.cts.ctsshim was user id 0 but is now user SharedUserSetting{f698c33 com.android.cts.ctsshim/10076} with id 10076; I am not changing its files so it will probably fail!
01-07 07:25:07.342   939   939 E PackageManager: Package com.android.shell was user id 0 but is now user SharedUserSetting{480bbee android.uid.shell/2000} with id 2000; I am not changing its files so it will probably fail!
01-07 07:25:07.343   939   939 E PackageManager: Package com.android.wallpaperbackup was user id 0 but is now user SharedUserSetting{107ce92 android.uid.system/1000} with id 1000; I am not changing its files so it will probably fail!
01-07 07:25:07.343   939   939 E PackageManager: Package com.android.providers.userdictionary was user id 0 but is now user SharedUserSetting{fe04eab android.uid.shared/10020} with id 10020; I am not changing its files so it will probably fail!
01-07 07:25:07.344   939   939 E PackageManager: Package com.android.location.fused was user id 0 but is now user SharedUserSetting{107ce92 android.uid.system/1000} with id 1000; I am not changing its files so it will probably fail!
01-07 07:25:07.344   939   939 E PackageManager: Package com.android.systemui was user id 0 but is now user SharedUserSetting{ec86db4 android.uid.systemui/10070} with id 10070; I am not changing its files so it will probably fail!
01-07 07:25:07.345   939   939 E PackageManager: Package com.android.bluetooth was user id 0 but is now user SharedUserSetting{c2de823 android.uid.bluetooth/1002} with id 1002; I am not changing its files so it will probably fail!
01-07 07:25:07.345   939   939 E PackageManager: Package com.android.providers.contacts was user id 0 but is now user SharedUserSetting{fe04eab android.uid.shared/10020} with id 10020; I am not changing its files so it will probably fail!
01-07 07:25:07.382     0     0 E [5 T1     ..] init: Control message: Could not find 'aidl/device_state' for ctl.interface_start from pid: 314 (/system/bin/servicemanager)
01-07 07:25:07.383   939   939 V SLog    : static_init took to complete: 1ms
01-07 07:25:07.383   939   939 W PackageSettings: Missing permission state for package com.android.uwb.resources on user 0
01-07 07:25:07.384   939   939 W PackageSettings: Missing permission state for package com.android.systemui.statusbar.tv.TvStatusBar on user 0
01-07 07:25:07.384   939   939 W PackageSettings: Missing permission state for package com.android.htmlviewer on user 0
01-07 07:25:07.384   939   939 W PackageSettings: Missing permission state for package com.sonos.platform on user 0
01-07 07:25:07.384   939   939 W PackageSettings: Missing permission state for package com.android.tv.overlay.settingsprovider on user 0
01-07 07:25:07.384   939   939 W PackageSettings: Missing permission state for package com.android.connectivity.resources on user 0
01-07 07:25:07.384   939   939 W PackageSettings: Missing permission state for package com.sonos.tv.sonosscreensaver on user 0
01-07 07:25:07.384   939   939 W PackageSettings: Missing permission state for package com.sonos.pinewood.overlay.assistant on user 0
01-07 07:25:07.384   939   939 W PackageSettings: Missing permission state for package android.ext.shared on user 0
01-07 07:25:07.385   939   939 W PackageSettings: Missing permission state for package com.android.wifi.resources on user 0
01-07 07:25:07.385   939   939 W PackageSettings: Missing permission state for package com.android.networkstack.tethering.droidlogic on user 0
01-07 07:25:07.385   939   939 W PackageSettings: Missing permission state for package com.droidlogic.tv.settings.resoverlay on user 0
01-07 07:25:07.385   939   939 W PackageSettings: Missing permission state for package com.droidlogic.wifitetheringoverlay on user 0
01-07 07:25:07.385   939   939 W PackageSettings: Missing permission state for package com.sonos.tv.settings.overlay on user 0
01-07 07:25:07.385   939   939 W PackageSettings: Missing permission state for package com.android.networkstack.tethering.inprocess.droidlogic on user 0
01-07 07:25:07.385   939   939 W PackageSettings: Missing permission state for package com.sonos.pinewood.overlay.settingsprovider on user 0
01-07 07:25:07.385   939   939 W PackageSettings: Missing permission state for package com.droidlogic.wifion on user 0
01-07 07:25:07.385   939   939 W PackageSettings: Missing permission state for package com.sonos.pinewood.overlay.tvremoteprovider on user 0
01-07 07:25:07.385   939   939 W PackageSettings: Missing permission state for package com.bds.framework.overlay on user 0
01-07 07:25:07.385   939   939 W PackageSettings: Missing permission state for package com.android.tv.overlay.framework on user 0
01-07 07:25:07.386   939   939 W PackageSettings: Missing permission state for package android.auto_generated_rro_product__ on user 0
01-07 07:25:07.386   939   939 W PackageSettings: Missing permission state for package com.sonos.hdmicecoverlay on user 0
01-07 07:25:07.386   939   939 W PackageSettings: Missing permission state for package com.droidlogic.overlay on user 0
01-07 07:25:07.386   939   939 W PackageSettings: Missing permission state for package com.sonos.pinewoodirapp on user 0
01-07 07:25:07.386   939   939 W PackageSettings: Missing permission state for shared user: android.uid.log
01-07 07:25:07.386   939   939 W PackageSettings: Missing permission state for shared user: android.uid.nfc
01-07 07:25:07.386   939   939 W PackageSettings: Missing permission state for shared user: android.uid.uwb
01-07 07:25:07.387   939   939 W PackageSettings: Missing permission state for shared user: android.uid.phone
01-07 07:25:07.387   939   939 V PackageManagerTiming: read user settings took to complete: 133ms
01-07 07:25:07.410   939   939 D PackageManager: Directories scanned as system partitions: [/system:0, /vendor:524288, /odm:4194304, /oem:262144, /product:1048576, /system_ext:2097152, /apex/com.android.tzdata:8388608, /apex/com.android.btservices:8388608, /apex/com.android.ondevicepersonalization:8388608, /apex/com.android.adbd:8388608, /apex/com.android.i18n:8388608, /apex/com.android.apex.cts.shim:8388608, /apex/com.android.extservices:8388608, /apex/com.android.art:8388608, /apex/com.android.wifi:8388608, /apex/com.android.appsearch:8388608, /apex/com.sonos.player:27262976, /apex/com.android.media:8388608, /apex/com.android.resolv:8388608, /apex/com.android.scheduling:8388608, /apex/com.android.tethering:8388608, /apex/com.android.mediaprovider:8388608, /apex/com.android.conscrypt:8388608, /apex/com.android.os.statsd:8388608, /apex/com.android.uwb:8388608, /apex/com.android.neuralnetworks:8388608, /apex/com.android.ipsec:8388608, /apex/com.android.adservices:8388608, /apex/com.android.sdkext:8388608, /apex/com.android.permission:8388608, /apex/com.android.vndk.v33:8388608, /apex/com.android.media.swcodec:8388608, /apex/com.android.runtime:8388608]
01-07 07:25:07.411   939   939 D PackageManager: Keeping known cache d25594def0a9a951c7260b021a7a0e2a18b232c1
01-07 07:25:07.494     0     0 I [3 T505   ..] [debug]: audio_utils_open
01-07 07:25:07.494     0     0 I [3 T505   ..] [debug]: audio_utils_release
01-07 07:25:07.495     0     0 E [4 T449   ..] apexd: Can't open /product/apex for reading : No such file or directory
01-07 07:25:07.496     0     0 E [4 T449   ..] apexd: Can't open /vendor/apex for reading : No such file or directory
01-07 07:25:07.499     0     0 I [3 T505   ..] [debug]: audio_utils_open
01-07 07:25:07.499     0     0 I [3 T505   ..] [debug]: audio_utils_ioctl SET_LIB_SIZE 5499312
01-07 07:25:07.499     0     0 I [3 T505   ..] [debug]: audio_utils_ioctl WRITE_LIB
01-07 07:25:07.502     0     0 I [3 T505   ..] [debug]: audio_utils_release
01-07 07:25:07.503     0     0 I [3 T505   ..] [debug]: audio_utils_open
01-07 07:25:07.506     0     0 I [3 T505   ..] [debug]: audio_utils_release
01-07 07:25:07.511     0     0 I         : [1 T505   ..] hdmitx21_ext_set_audio_output enable:0
01-07 07:25:07.695     0     0 I [4 T569   ..] [snd-soc]: update audio atmos flag! audio_type = 0
01-07 07:25:07.746     0     0 I [4 T569   ..] [snd-soc]: update audio atmos flag! audio_type = 0
01-07 07:25:07.791     0     0 I [7 T569   ..] [snd-soc]: dd+ drc mode : RF
01-07 07:25:07.791     0     0 I [7 T569   ..] [snd-soc]: dd+ drc high cut scale : 0%
01-07 07:25:07.791     0     0 I [7 T569   ..] [snd-soc]: dd+ drc low boost scale : 0%
01-07 07:25:07.791     0     0 I [7 T569   ..] [debug]: audio_utils_open
01-07 07:25:07.791     0     0 I [7 T569   ..] [debug]: audio_utils_release
01-07 07:25:07.795     0     0 I [7 T569   ..] [debug]: audio_utils_open
01-07 07:25:07.802     0     0 E [7 T569   ..] [secmon]: DBG=======> dolby_fw_ioctl 438 cmd:0x40 arg3=0
01-07 07:25:07.828     0     0 E [7 T569   ..] [secmon]: DBG=======> dolby_fw_ioctl 438 cmd:0x41 arg3=0
01-07 07:25:07.828     0     0 E [7 T569   ..] [secmon]: DBG=======> dolby_fw_verify_lib_resp 296 DOLBY_FW_VERIFY_LIB_RESP arg3=0
01-07 07:25:07.829     0     0 E [7 T569   ..] [secmon]: DBG=======> dolby_fw_ioctl 438 cmd:0x50 arg3=0
01-07 07:25:07.830     0     0 E [7 T569   ..] [secmon]: DBG=======> dolby_fw_ioctl 438 cmd:0x60 arg3=0
01-07 07:25:07.831     0     0 E [7 T569   ..] [secmon]: DBG=======> dolby_fw_critical_query 389 DOLBY_FW_CRITICAL_DATA_QUERY arg3=0
01-07 07:25:07.844     0     0 I [7 T569   ..] [snd-soc]: dd+ drc mode : RF
01-07 07:25:07.844     0     0 I [7 T569   ..] [snd-soc]: dd+ drc high cut scale : 0%
01-07 07:25:07.844     0     0 I [7 T569   ..] [snd-soc]: dd+ drc low boost scale : 0%
01-07 07:25:07.850     0     0 I [3 T1042  ..] audio_ddr_mngr: frddrs[0] registered by device fe330000.audiobus:tdm@1
01-07 07:25:07.851     0     0 I [3 T1042  ..] [snd-soc]: aml_audio_reset, reg 0xa, shift 9, use_vadtop 0
01-07 07:25:07.851     0     0 I [3 T1042  ..] [snd-soc]: aml_audio_reset, reg 0xa, shift 13, use_vadtop 0
01-07 07:25:07.851     0     0 D [3 T1042  ..] [snd-soc]: spdif_a fifo ctrl, frddr:0 type:1, 16 bits, chmask 0x3, swap 0x10
