01-06 02:49:15.998   944   959 D CompatibilityChangeReporter: Compat change id reported: 168419799; UID 10056; state: DISABLED
01-06 02:49:10.265     0     0 I         : [5 T430   ..] [TEE] I/TA: TA_CloseSessionEntryPoint
01-06 02:49:10.265     0     0 I         : [5 T430   ..] [TEE] I/TA: MM-module-name:Netflix TA,Version:1.0.7-gb791da4(build:1327)
01-06 02:49:10.265     0     0 I         : [5 T430   ..] [TEE] E/TA:   _storage_read:74 open netflix_mgkid from RPMB, ret ffff0008
01-06 02:49:10.265     0     0 I         : [5 T430   ..] [TEE] E/TA:   _storage_read:74 open netflix_mgkid from REE, ret ffff0008
01-06 02:49:10.265     0     0 I         : [5 T430   ..] [TEE] M/TA: KeymasterTA (info): app/ipc/keymaster_ipc.cpp, Line 1090: Amlogic KEYMINT! Build Time: May  3 2023 12:16:11 version: a6237c9 TDK: ab02024
01-06 02:49:10.265     0     0 I         : [5 T430   ..] [TEE] E/TC:? 00 syscall_extend_func:2996 extend func 0x1010 not implemented
01-06 02:49:10.266     0     0 I         : [5 T430   ..] [TEE] M/TA: KeymasterTA (err): app/secure_storage_manager.cpp, Line 963: Error: Unable to open file: attestationkeybox
01-06 02:49:10.266     0     0 I         : [5 T430   ..] [TEE] M/TA: KeymasterTA (info): app/ipc/keymaster_ipc.cpp, Line 1102: Goodbye Keymint!
01-06 02:49:10.266     0     0 I         : [5 T430   ..] [TEE] M/TA: KeymasterTA (info): app/ipc/keymaster_ipc.cpp, Line 1090: Amlogic KEYMINT! Build Time: May  3 2023 12:16:11 version: a6237c9 TDK: ab02024
01-06 02:49:10.266     0     0 I         : [5 T430   ..] [TEE] E/TC:? 00 syscall_extend_func:2996 extend func 0x1010 not implemented
01-06 02:49:10.266     0     0 I         : [5 T430   ..] [TEE] M/TA: KeymasterTA (err): app/secure_storage_manager.cpp, Line 963: Error: Unable to open file: attestationkeybox
01-06 02:49:10.266     0     0 I         : [5 T430   ..] [TEE] M/TA: KeymasterTA (info): app/ipc/keymaster_ipc.cpp, Line 1102: Goodbye Keymint!
01-06 02:49:10.266     0     0 I         : [5 T430   ..] [TEE] I/TA: TA_CloseSessionEntryPoint
01-06 02:49:10.266     0     0 I         : [5 T430   ..] [TEE] I/TA: TA_CloseSessionEntryPoint
01-06 02:49:10.266     0     0 I         : [5 T430   ..] [TEE] I/TA: MM-module-name:Netflix TA,Version:1.0.7-gb791da4(build:1327)
01-06 02:49:10.266     0     0 I         : [5 T430   ..] [TEE] E/TA:   _storage_read:74 open netflix_mgkid from RPMB, ret ffff0008
01-06 02:49:10.266     0     0 I         : [5 T430   ..] [TEE] E/TA:   _storage_read:74 open netflix_mgkid from REE, ret ffff0008
01-06 02:49:10.266     0     0 I         : [5 T430   ..] [TEE] I/TA: MM-module-name:Netflix TA,Version:1.0.7-gb791da4(build:1327)
01-06 02:49:10.266     0     0 I         : [5 T430   ..] [TEE] E/TA:   _storage_read:74 open netflix_mgkid from RPMB, ret ffff0008
01-06 02:49:10.266     0     0 I         : [5 T430   ..] [TEE] E/TA:   _storage_read:74 open netflix_mgkid from REE, ret ffff0008
01-06 02:49:16.600   944   969 I DropBoxManagerService: add tag=system_app_strictmode isTagEnabled=true flags=0x2
01-06 02:49:16.823   944   975 D OomAdjuster: Not killing cached processes
01-06 02:49:17.505   944   944 D CompatibilityChangeReporter: Compat change id reported: 168419799; UID 10048; state: DISABLED
01-06 02:49:17.540   944   959 D PackageManager: Instant App installer not found with android.intent.action.INSTALL_INSTANT_APP_PACKAGE
01-06 02:49:17.540   944   959 D PackageManager: Clear ephemeral installer activity
01-06 02:49:17.630  1983  1983 W Looper  : Slow dispatch took 2549ms main h=android.os.Handler c=AwaitContinuation(DispatchedContinuation[Dispatchers.Main, Continuation at com.sonos.coroutines.flow.DerivedStateFlow$collect$2.invokeSuspend(DerivedStateFlow.kt:32)@c97f59d]){Completed}@df79a12 m=0
01-06 02:49:17.647   944  1608 W JobScheduler: Job didn't exist in JobStore: 1d99fa2 #u0a62/7 com.sonos.tv.appdirector/androidx.work.impl.background.systemjob.SystemJobService
01-06 02:49:17.651   944  1608 W JobScheduler: Job didn't exist in JobStore: ed0a287 #u0a62/8 com.sonos.tv.appdirector/androidx.work.impl.background.systemjob.SystemJobService
01-06 02:49:17.655  1983  1983 W Looper  : Drained
01-06 02:49:17.663   944   959 D CompatibilityChangeReporter: Compat change id reported: 135634846; UID 10057; state: DISABLED
01-06 02:49:17.663   944   959 D CompatibilityChangeReporter: Compat change id reported: 177438394; UID 10057; state: DISABLED
01-06 02:49:17.663   944   959 D CompatibilityChangeReporter: Compat change id reported: 135772972; UID 10057; state: DISABLED
01-06 02:49:17.663   944   959 D CompatibilityChangeReporter: Compat change id reported: 135754954; UID 10057; state: ENABLED
01-06 02:49:17.664   944   977 D CompatibilityChangeReporter: Compat change id reported: 143937733; UID 10057; state: ENABLED
01-06 02:49:17.687   944   977 I ActivityManager: Start proc 3330:com.sonos.tv.music/u0a57 for broadcast {com.sonos.tv.music/com.sonos.tv.bridge.service.SonosBridgeBroadcastReceiver}
01-06 02:49:17.722   944   959 D CompatibilityChangeReporter: Compat change id reported: 168419799; UID 10057; state: DISABLED
01-06 02:49:11.898     0     0 W [7 T3346  ..] audit: audit_lost=12069 audit_rate_limit=5 audit_backlog_limit=64
01-06 02:49:11.898     0     0 E [7 T3346  ..] audit: rate limit exceeded
01-06 02:49:17.966   944  1598 D CompatibilityChangeReporter: Compat change id reported: 161145287; UID 10057; state: DISABLED
01-06 02:49:17.997  1367  1599 W ContextImpl: Calling a method in the system process without a qualified user: android.app.ContextImpl.sendBroadcast:1189 android.content.ContextWrapper.sendBroadcast:500 com.droidlogic.audioservice.services.AudioSystemCmdService$1.onUEvent:184 com.droidlogic.UEventObserver$UEventThread.sendEvent:213 com.droidlogic.UEventObserver$UEventThread.run:190 
01-06 02:49:12.095     0     0 I         : [6 T2871  ..] hdmitx21_ext_set_audio_output enable:1
01-06 02:49:12.095     0     0 I [6 T2871  ..] [snd-soc]: update audio atmos flag! audio_type = 0
01-06 02:49:18.012   944  1177 D CompatibilityChangeReporter: Compat change id reported: 171306433; UID 1000; state: ENABLED
01-06 02:49:18.012   944  1177 D CompatibilityChangeReporter: Compat change id reported: 218533173; UID 1000; state: ENABLED
01-06 02:49:12.129     0     0 I [2 T3358  ..] [snd-soc]: update audio atmos flag! audio_type = 0
01-06 02:49:18.032  1367  1599 W ContextImpl: Calling a method in the system process without a qualified user: android.app.ContextImpl.sendBroadcast:1189 android.content.ContextWrapper.sendBroadcast:500 com.droidlogic.audioservice.services.AudioSystemCmdService$1.onUEvent:184 com.droidlogic.UEventObserver$UEventThread.sendEvent:213 com.droidlogic.UEventObserver$UEventThread.run:190 
01-06 02:49:18.228   944   960 I ActivityManager: Background started FGS: Allowed [callingPackage: com.sonos.tv.music; callingUid: 10057; uidState: RCVR; intent: Intent { cmp=com.sonos.tv.music/com.sonos.tv.bridge.service.SonosBridgeService }; code:BACKGROUND_ACTIVITY_PERMISSION; tempAllowListReason:<broadcast:1000:android.intent.action.BOOT_COMPLETED,reason:,reasonCode:BOOT_COMPLETED,duration:20000,callingUid:1000>; targetSdkVersion:33; callerTargetSdkVersion:33; startForegroundCount:0; bindFromPackage:null]
01-06 02:49:18.239   944   960 D CompatibilityChangeReporter: Compat change id reported: 161252188; UID 10082; state: ENABLED
01-06 02:49:18.244   944  1598 D CompatibilityChangeReporter: Compat change id reported: 135634846; UID 10092; state: DISABLED
01-06 02:49:18.244   944  1598 D CompatibilityChangeReporter: Compat change id reported: 177438394; UID 10092; state: DISABLED
01-06 02:49:18.245   944  1598 D CompatibilityChangeReporter: Compat change id reported: 135772972; UID 10092; state: DISABLED
01-06 02:49:18.245   944  1598 D CompatibilityChangeReporter: Compat change id reported: 135754954; UID 10092; state: ENABLED
01-06 02:49:18.246   944   977 D CompatibilityChangeReporter: Compat change id reported: 143937733; UID 10092; state: ENABLED
01-06 02:49:18.269   944   977 I ActivityManager: Start proc 3395:com.future.moviesByFawesomeAndroidTV/u0a92 for broadcast {com.future.moviesByFawesomeAndroidTV/com.future.moviesByFawesomeAndroidTV.BootReceiver}
01-06 02:49:18.330   944  1608 W JobScheduler: Job didn't exist in JobStore: 959b58b #u0a62/9 com.sonos.tv.appdirector/androidx.work.impl.background.systemjob.SystemJobService
01-06 02:49:18.331   944  1598 D CompatibilityChangeReporter: Compat change id reported: 168419799; UID 10092; state: DISABLED
01-06 02:49:18.399   944  1598 W JobScheduler: Job didn't exist in JobStore: 735ca21 #u0a62/12 com.sonos.tv.appdirector/androidx.work.impl.background.systemjob.SystemJobService
01-06 02:49:18.621   944  1598 D CompatibilityChangeReporter: Compat change id reported: 194532703; UID 10057; state: ENABLED
01-06 02:49:18.665   944  1598 D PackageManager: Instant App installer not found with android.intent.action.INSTALL_INSTANT_APP_PACKAGE
01-06 02:49:18.665   944  1598 D PackageManager: Clear ephemeral installer activity
01-06 02:49:18.695  3395  3443 E ActivityThread: Failed to find provider info for com.google.android.gms.chimera
01-06 02:49:18.729   944   960 D PackageManager: Instant App installer not found with android.intent.action.INSTALL_INSTANT_APP_PACKAGE
01-06 02:49:18.729   944   960 D PackageManager: Clear ephemeral installer activity
01-06 02:49:18.748   944   960 D CompatibilityChangeReporter: Compat change id reported: 194532703; UID 10027; state: ENABLED
01-06 02:49:18.769   944  1598 I ActivityManager: Finished processing BOOT_COMPLETED for u0
01-06 02:49:18.769   944  1598 I BroadcastQueue: BOOT_COMPLETED_BROADCAST_COMPLETION_LATENCY_REPORTED action:android.intent.action.BOOT_COMPLETED dispatchLatency:7 completeLatency:9281 dispatchRealLatency:7 completeRealLatency:9281 receiversSize:47 userId:0 userType:android.os.usertype.full.SYSTEM
01-06 02:49:18.804   944  1598 D PackageManager: Instant App installer not found with android.intent.action.INSTALL_INSTANT_APP_PACKAGE
01-06 02:49:18.804   944  1598 D PackageManager: Clear ephemeral installer activity
01-06 02:49:18.814   944  1598 D CompatibilityChangeReporter: Compat change id reported: 194532703; UID 10092; state: DISABLED
01-06 02:49:18.815   944  1598 E JobScheduler.JobStatus: App com.future.moviesByFawesomeAndroidTV became active but still in NEVER bucket
01-06 02:49:18.824   944   960 D CompatibilityChangeReporter: Compat change id reported: 161145287; UID 10092; state: DISABLED
01-06 02:49:18.857   944  1598 E JobScheduler.JobStatus: App com.future.moviesByFawesomeAndroidTV became active but still in NEVER bucket
01-06 02:49:18.900   944   960 W JobScheduler: Job didn't exist in JobStore: 3f8ea17 #u0a62/13 com.sonos.tv.appdirector/androidx.work.impl.background.systemjob.SystemJobService
01-06 02:49:13.071     0     0 W [6 T3477  ..] audit: audit_lost=13091 audit_rate_limit=5 audit_backlog_limit=64
01-06 02:49:13.071     0     0 E [6 T3477  ..] audit: rate limit exceeded
01-06 02:49:19.021   944   960 E JobScheduler.JobStatus: App com.future.moviesByFawesomeAndroidTV became active but still in NEVER bucket
01-06 02:49:19.894   944   959 D PackageManager: Instant App installer not found with android.intent.action.INSTALL_INSTANT_APP_PACKAGE
01-06 02:49:19.894   944   959 D PackageManager: Clear ephemeral installer activity
01-06 02:49:20.409   944  1007 I AppsFilter: interaction: PackageSetting{1580650 com.sonos.pinewood.tokenmanager.service/10056} -> PackageSetting{6474049 com.future.moviesByFawesomeAndroidTV/10092} BLOCKED
01-06 02:49:20.409   944  1007 I AppsFilter: interaction: PackageSetting{362cd4e com.sonos.pinewood.ota.service/10046} -> PackageSetting{6474049 com.future.moviesByFawesomeAndroidTV/10092} BLOCKED
01-06 02:49:20.409   944  1007 I AppsFilter: interaction: PackageSetting{3f35e6f com.sonos.pinewood.ota.test/10051} -> PackageSetting{6474049 com.future.moviesByFawesomeAndroidTV/10092} BLOCKED
01-06 02:49:20.409   944  1007 I AppsFilter: interaction: PackageSetting{1580650 com.sonos.pinewood.tokenmanager.service/10056} -> PackageSetting{e3f377c com.brdgwtr.publisherservice/10044} BLOCKED
01-06 02:49:20.409   944  1007 I AppsFilter: interaction: PackageSetting{362cd4e com.sonos.pinewood.ota.service/10046} -> PackageSetting{e3f377c com.brdgwtr.publisherservice/10044} BLOCKED
01-06 02:49:20.409   944  1007 I AppsFilter: interaction: PackageSetting{3f35e6f com.sonos.pinewood.ota.test/10051} -> PackageSetting{e3f377c com.brdgwtr.publisherservice/10044} BLOCKED
01-06 02:49:20.410   944  1007 I AppsFilter: interaction: PackageSetting{1580650 com.sonos.pinewood.tokenmanager.service/10056} -> PackageSetting{9ba9805 com.netflix.ninja/10048} BLOCKED
01-06 02:49:20.410   944  1007 I AppsFilter: interaction: PackageSetting{362cd4e com.sonos.pinewood.ota.service/10046} -> PackageSetting{9ba9805 com.netflix.ninja/10048} BLOCKED
01-06 02:49:20.410   944  1007 I AppsFilter: interaction: PackageSetting{3f35e6f com.sonos.pinewood.ota.test/10051} -> PackageSetting{9ba9805 com.netflix.ninja/10048} BLOCKED
01-06 02:49:20.412   944  1068 D CompatibilityChangeReporter: Compat change id reported: 218533173; UID 10092; state: DISABLED
01-06 02:49:20.425   944  1068 D CompatibilityChangeReporter: Compat change id reported: 218533173; UID 10044; state: ENABLED
01-06 02:49:20.439   944   975 W VoiceInteractionManager: no available voice recognition services found for user 0
01-06 02:49:14.538     0     0 I [6 T960   ..] input: SonosTvProviderService as /devices/virtual/input/input6
01-06 02:49:20.442   944  1068 D CompatibilityChangeReporter: Compat change id reported: 218533173; UID 10060; state: ENABLED
01-06 02:49:20.453   944  1068 D CompatibilityChangeReporter: Compat change id reported: 218533173; UID 10057; state: ENABLED
01-06 02:49:20.465   944   975 W VoiceInteractionManager: no available voice recognition services found for user 0
01-06 02:49:20.466   944  1608 D CompatibilityChangeReporter: Compat change id reported: 161145287; UID 10080; state: DISABLED
01-06 02:49:20.470   944   975 W VoiceInteractionManager: no available voice recognition services found for user 0
01-06 02:49:20.474   944   975 W VoiceInteractionManager: no available voice recognition services found for user 0
01-06 02:49:20.478   944   975 W VoiceInteractionManager: no available voice recognition services found for user 0
01-06 02:49:20.669   944   944 W NotificationHistory: Attempted to add notif for locked/gone/disabled user 0
01-06 02:49:21.155   944   944 W NotificationHistory: Attempted to add notif for locked/gone/disabled user 0
01-06 02:49:21.937   944  1068 D OomAdjuster: Not killing cached processes
01-06 02:49:21.938   944  1068 W ProcessStats: Tracking association SourceState{8d88922 system/1000 BTopFgs #551} whose proc state 2 is better than process ProcessState{a2bd69d com.sonos.connectivity/10082 pkg=com.sonos.connectivity} proc state 3 (485 skipped)
01-06 02:49:22.368   944   976 W BroadcastQueue: Background execution not allowed: receiving Intent { act=com.brdgwtr.publisher.RECOMMENDATIONS_UPDATE flg=0x10 } to com.sonos.tv.launcher/com.sonos.tv.contentguidelauncher.bridgewater.BridgewaterPublisherEventReceiver
01-06 02:49:25.383   944   944 W NotificationHistory: Attempted to add notif for locked/gone/disabled user 0
01-06 02:49:25.554   944   944 W NotificationHistory: Attempted to add notif for locked/gone/disabled user 0
01-06 02:49:28.575   358  1266 I keystore2: keystore2::watchdog: Watchdog thread idle -> terminating. Have a great day.
01-06 02:49:29.646   944  1068 D OomAdjuster: Not killing cached processes
01-06 02:49:30.422   944   959 E JobScheduler.JobStatus: App com.future.moviesByFawesomeAndroidTV became active but still in NEVER bucket
01-06 02:49:31.974   944  1068 W ProcessStats: Tracking association SourceState{8d88922 system/1000 BTopFgs #566} whose proc state 2 is better than process ProcessState{a2bd69d com.sonos.connectivity/10082 pkg=com.sonos.connectivity} proc state 3 (38 skipped)
01-06 02:49:33.424   944  1007 E PackageManager: ERROR: could not load root hash from incremental install
01-06 02:49:33.425   944  1007 E PackageManager: Required verifier is null
01-06 02:49:33.438   944  1114 W PackageParsing: Ignoring duplicate uses-permissions/uses-permissions-sdk-m: com.android.providers.tv.permission.WRITE_EPG_DATA in package: com.future.filmrise at: Binary XML file line #37
01-06 02:49:33.452   944  1114 W RuleEvaluation: Integrity rule files are not available.
01-06 02:49:33.454   944  1007 I PackageManager: Integrity check passed for file:///data/app/vmdl1862741876.tmp
01-06 02:49:33.472   944  1007 W PackageParsing: Ignoring duplicate uses-permissions/uses-permissions-sdk-m: com.android.providers.tv.permission.WRITE_EPG_DATA in package: com.future.filmrise at: Binary XML file line #37
01-06 02:49:27.633     0     0 I [1 T3036  ..] logd: start watching /data/system/packages.list ...
01-06 02:49:27.633     0     0 I [1 T3036  ..] logd: ReadPackageList, total packages: 101
01-06 02:49:33.539   944  1007 D PackageManager: Instant App installer not found with android.intent.action.INSTALL_INSTANT_APP_PACKAGE
01-06 02:49:33.539   944  1007 D PackageManager: Clear ephemeral installer activity
01-06 02:49:35.327   944  1068 D OomAdjuster: Not killing cached processes
01-06 02:49:29.659     0     0 I         : [3 T3587  ..] dex2oat (3587) used greatest stack depth: 9152 bytes left
01-06 02:49:35.602   944  1007 V BackupManagerService: [UserID:0] restoreAtInstall pkg=com.future.filmrise token=1 restoreSet=0
01-06 02:49:35.602   944  1007 V BackupManagerService: [UserID:0] Finishing install immediately
01-06 02:49:35.603   944  1007 I AppsFilter: interaction: PackageSetting{1580650 com.sonos.pinewood.tokenmanager.service/10056} -> PackageSetting{1599f43 com.future.filmrise/10093} BLOCKED
01-06 02:49:35.603   944  1007 I AppsFilter: interaction: PackageSetting{362cd4e com.sonos.pinewood.ota.service/10046} -> PackageSetting{1599f43 com.future.filmrise/10093} BLOCKED
01-06 02:49:35.604   944  1007 I AppsFilter: interaction: PackageSetting{3f35e6f com.sonos.pinewood.ota.test/10051} -> PackageSetting{1599f43 com.future.filmrise/10093} BLOCKED
01-06 02:49:35.606   944  1007 D PackageInstallerSession: Marking session 1862741876 as applied
01-06 02:49:35.609   944  1007 D CompatibilityChangeReporter: Compat change id reported: 168419799; UID 10093; state: DISABLED
01-06 02:49:35.622   944  1172 I VcnManagementService: new snapshot: TelephonySubscriptionSnapshot{ mActiveDataSubId=-1, mSubIdToInfoMap={}, mSubIdToCarrierConfigMap={}, mPrivilegedPackages={} }
01-06 02:49:35.626   944   944 V BackupManagerConstants: getFullBackupIntervalMilliseconds(...) returns 86400000
01-06 02:49:35.626   944   944 V BackupManagerConstants: getFullBackupRequiredNetworkType(...) returns 2
01-06 02:49:35.626   944   944 V BackupManagerConstants: getFullBackupRequireCharging(...) returns true
01-06 02:49:35.627   944   976 W BroadcastQueue: Background execution not allowed: receiving Intent { act=android.intent.action.PACKAGE_ADDED dat=package: flg=0x4000010 (has extras) } to com.android.packageinstaller/.PackageInstalledReceiver
01-06 02:49:35.627   944   944 D CompatibilityChangeReporter: Compat change id reported: 194532703; UID 1000; state: ENABLED
01-06 02:49:35.630   944   976 W BroadcastQueue: Background execution not allowed: receiving Intent { act=android.intent.action.PACKAGE_ADDED dat=package: flg=0x4000010 (has extras) } to com.android.gallery3d/.app.PackagesMonitor
01-06 02:49:35.630   944   944 I AppsFilter: interaction: PackageSetting{1580650 com.sonos.pinewood.tokenmanager.service/10056} -> PackageSetting{9860284 com.future.filmrise/10093} BLOCKED
01-06 02:49:35.630   944   944 I AppsFilter: interaction: PackageSetting{362cd4e com.sonos.pinewood.ota.service/10046} -> PackageSetting{9860284 com.future.filmrise/10093} BLOCKED
01-06 02:49:35.630   944   944 I AppsFilter: interaction: PackageSetting{3f35e6f com.sonos.pinewood.ota.test/10051} -> PackageSetting{9860284 com.future.filmrise/10093} BLOCKED
01-06 02:49:35.631   944   976 D CompatibilityChangeReporter: Compat change id reported: 168419799; UID 10019; state: DISABLED
01-06 02:49:35.646   944  1068 D CompatibilityChangeReporter: Compat change id reported: 218533173; UID 10093; state: DISABLED
01-06 02:49:35.654   944   975 W TextServicesManagerService: no available spell checker services found
01-06 02:49:35.657   944   960 D CompatibilityChangeReporter: Compat change id reported: 135634846; UID 10061; state: DISABLED
01-06 02:49:35.657   944   960 D CompatibilityChangeReporter: Compat change id reported: 177438394; UID 10061; state: DISABLED
01-06 02:49:35.658   944   960 D CompatibilityChangeReporter: Compat change id reported: 135772972; UID 10061; state: DISABLED
01-06 02:49:35.658   944   960 D CompatibilityChangeReporter: Compat change id reported: 135754954; UID 10061; state: DISABLED
01-06 02:49:35.658   944   977 D CompatibilityChangeReporter: Compat change id reported: 143937733; UID 10061; state: DISABLED
01-06 02:49:35.660   944   975 W VoiceInteractionManager: no available voice recognition services found for user 0
01-06 02:49:35.664   944  1741 W BackupTransportManager: Package com.future.filmrise enabled setting: 0
01-06 02:49:35.664   944   975 W TextServicesManagerService: no available spell checker services found
01-06 02:49:35.680   944   975 W VoiceInteractionManager: no available voice recognition services found for user 0
01-06 02:49:35.682   944   977 I ActivityManager: Start proc 3611:com.android.gallery3d/u0a61 for broadcast {com.android.gallery3d/com.android.gallery3d.app.PackagesMonitor}
01-06 02:49:35.715   944  1219 D CompatibilityChangeReporter: Compat change id reported: 168419799; UID 10061; state: DISABLED
01-06 02:49:29.849     0     0 W [4 T3627  ..] audit: audit_lost=13275 audit_rate_limit=5 audit_backlog_limit=64
01-06 02:49:29.849     0     0 E [4 T3627  ..] audit: rate limit exceeded
01-06 02:49:35.838   944  2869 D CompatibilityChangeReporter: Compat change id reported: 194532703; UID 10061; state: DISABLED
01-06 02:49:35.843   944  2869 D CompatibilityChangeReporter: Compat change id reported: 168419799; UID 10024; state: DISABLED
01-06 02:49:37.659   944  1007 E PackageManager: ERROR: could not load root hash from incremental install
01-06 02:49:37.659   944  1007 E PackageManager: Required verifier is null
01-06 02:49:37.667   944  1114 W PackageParsing: Ignoring duplicate uses-permissions/uses-permissions-sdk-m: com.android.providers.tv.permission.WRITE_EPG_DATA in package: com.ifood.tv at: Binary XML file line #37
01-06 02:49:37.678   944  1114 W RuleEvaluation: Integrity rule files are not available.
01-06 02:49:37.678   944  1007 I PackageManager: Integrity check passed for file:///data/app/vmdl676790864.tmp
01-06 02:49:37.692   944  1007 W PackageParsing: Ignoring duplicate uses-permissions/uses-permissions-sdk-m: com.android.providers.tv.permission.WRITE_EPG_DATA in package: com.ifood.tv at: Binary XML file line #37
01-06 02:49:31.834     0     0 I [1 T3036  ..] logd: start watching /data/system/packages.list ...
01-06 02:49:31.835     0     0 I [1 T3036  ..] logd: ReadPackageList, total packages: 102
01-06 02:49:37.739   944  1007 D PackageManager: Instant App installer not found with android.intent.action.INSTALL_INSTANT_APP_PACKAGE
01-06 02:49:37.739   944  1007 D PackageManager: Clear ephemeral installer activity
01-06 02:49:39.760   944  1007 V BackupManagerService: [UserID:0] restoreAtInstall pkg=com.ifood.tv token=2 restoreSet=0
01-06 02:49:39.761   944  1007 V BackupManagerService: [UserID:0] Finishing install immediately
01-06 02:49:39.762   944  1007 I AppsFilter: interaction: PackageSetting{1580650 com.sonos.pinewood.tokenmanager.service/10056} -> PackageSetting{8307b20 com.ifood.tv/10094} BLOCKED
01-06 02:49:39.762   944  1007 I AppsFilter: interaction: PackageSetting{362cd4e com.sonos.pinewood.ota.service/10046} -> PackageSetting{8307b20 com.ifood.tv/10094} BLOCKED
01-06 02:49:39.762   944  1007 I AppsFilter: interaction: PackageSetting{3f35e6f com.sonos.pinewood.ota.test/10051} -> PackageSetting{8307b20 com.ifood.tv/10094} BLOCKED
01-06 02:49:39.763   944  1007 D PackageInstallerSession: Marking session 676790864 as applied
01-06 02:49:39.765   944  1007 D CompatibilityChangeReporter: Compat change id reported: 168419799; UID 10094; state: DISABLED
01-06 02:49:39.778   944   975 W TextServicesManagerService: no available spell checker services found
01-06 02:49:39.779   944   976 W BroadcastQueue: Background execution not allowed: receiving Intent { act=android.intent.action.PACKAGE_ADDED dat=package: flg=0x4000010 (has extras) } to com.android.packageinstaller/.PackageInstalledReceiver
01-06 02:49:39.780   944   976 W BroadcastQueue: Background execution not allowed: receiving Intent { act=android.intent.action.PACKAGE_ADDED dat=package: flg=0x4000010 (has extras) } to com.android.gallery3d/.app.PackagesMonitor
01-06 02:49:39.780   944   944 V BackupManagerConstants: getFullBackupIntervalMilliseconds(...) returns 86400000
01-06 02:49:39.781   944   944 V BackupManagerConstants: getFullBackupRequiredNetworkType(...) returns 2
01-06 02:49:39.781   944   944 V BackupManagerConstants: getFullBackupRequireCharging(...) returns true
01-06 02:49:39.785   944   944 I AppsFilter: interaction: PackageSetting{1580650 com.sonos.pinewood.tokenmanager.service/10056} -> PackageSetting{c65c847 com.ifood.tv/10094} BLOCKED
01-06 02:49:39.785   944   944 I AppsFilter: interaction: PackageSetting{362cd4e com.sonos.pinewood.ota.service/10046} -> PackageSetting{c65c847 com.ifood.tv/10094} BLOCKED
01-06 02:49:39.785   944   944 I AppsFilter: interaction: PackageSetting{3f35e6f com.sonos.pinewood.ota.test/10051} -> PackageSetting{c65c847 com.ifood.tv/10094} BLOCKED
01-06 02:49:39.786   944   975 W VoiceInteractionManager: no available voice recognition services found for user 0
01-06 02:49:39.799   944   976 D CompatibilityChangeReporter: Compat change id reported: 168419799; UID 10061; state: DISABLED
01-06 02:49:39.800   944  1068 D CompatibilityChangeReporter: Compat change id reported: 218533173; UID 10094; state: DISABLED
01-06 02:49:39.803   944  1741 W BackupTransportManager: Package com.ifood.tv enabled setting: 0
01-06 02:49:39.891   944   975 W TextServicesManagerService: no available spell checker services found
01-06 02:49:39.894   944   975 W VoiceInteractionManager: no available voice recognition services found for user 0
01-06 02:49:41.704   944   975 D OomAdjuster: Not killing cached processes
01-06 02:49:36.797     0     0 I [5 T1430  ..] [schedu][0x39e4307][02: 49:42.699151] wlan: [1430:I:WMA] wma_wlan_bt_activity_evt_handler: Received BT activity event 7
01-06 02:49:42.934   944   976 W ProcessStats: Tracking association SourceState{8d88922 system/1000 BTopFgs #660} whose proc state 2 is better than process ProcessState{a2bd69d com.sonos.connectivity/10082 pkg=com.sonos.connectivity} proc state 3 (135 skipped)
01-06 02:49:42.942   944   976 W BroadcastQueue: Permission Denial: receiving Intent { act=android.bluetooth.device.action.ACL_CONNECTED flg=0x5000010 (has extras) } to ProcessRecord{c234158 3330:com.sonos.tv.music/u0a57} (pid=3330, uid=10057) requires android.permission.BLUETOOTH_CONNECT due to sender com.android.bluetooth (uid 1002)
01-06 02:49:38.302     0     0 I [4 T121   ..] input: Sonos TV Remote Keyboard as /devices/virtual/misc/uhid/0005:0131:04B4.0001/input/input7
01-06 02:49:38.304     0     0 I         : [4 T121   ..] hid-generic 0005:0131:04B4.0001: input,hidraw0: BLUETOOTH HID v1.00 Keyboard [Sonos TV Remote] on
01-06 02:49:48.870   944   944 D OomAdjuster: Not killing cached processes
01-06 02:49:48.871   944   944 D CompatibilityChangeReporter: Compat change id reported: 168419799; UID 10092; state: DISABLED
01-06 02:49:48.916   944  1511 E JobScheduler.JobStatus: App com.future.moviesByFawesomeAndroidTV became active but still in NEVER bucket
01-06 02:49:50.276   358  3608 I keystore2: keystore2::watchdog: Watchdog thread idle -> terminating. Have a great day.
01-06 02:49:54.963   944  1079 D OomAdjuster: Not killing cached processes
01-06 02:49:54.964   944  1079 W ProcessStats: Tracking association SourceState{8d88922 system/1000 BTopFgs #676} whose proc state 2 is better than process ProcessState{a2bd69d com.sonos.connectivity/10082 pkg=com.sonos.connectivity} proc state 3 (23 skipped)
01-06 02:50:02.636   944  1007 E PackageManager: ERROR: could not load root hash from incremental install
01-06 02:50:02.636   944  1007 E PackageManager: Required verifier is null
01-06 02:50:02.638   944   976 D OomAdjuster: Not killing cached processes
01-06 02:50:02.650   944  1114 W PackageParsing: No actions in intent-filter at /data/app/vmdl1318420787.tmp/base.apk Binary XML file line #57
01-06 02:50:02.662   944  1114 W RuleEvaluation: Integrity rule files are not available.
01-06 02:50:02.663   944  1007 I PackageManager: Integrity check passed for file:///data/app/vmdl1318420787.tmp
01-06 02:50:02.670   944  1007 W PackageParsing: No actions in intent-filter at /data/app/vmdl1318420787.tmp/base.apk Binary XML file line #57
01-06 02:49:56.857     0     0 I [1 T3036  ..] logd: start watching /data/system/packages.list ...
01-06 02:49:56.857     0     0 I [1 T3036  ..] logd: ReadPackageList, total packages: 103
01-06 02:50:02.762   944  1007 D PackageManager: Instant App installer not found with android.intent.action.INSTALL_INSTANT_APP_PACKAGE
01-06 02:50:02.762   944  1007 D PackageManager: Clear ephemeral installer activity
01-06 02:50:03.605   944  1007 V BackupManagerService: [UserID:0] restoreAtInstall pkg=com.hulu.livingroomplus token=3 restoreSet=0
01-06 02:50:03.605   944  1007 V BackupManagerService: [UserID:0] Finishing install immediately
01-06 02:50:03.606   944  1007 I AppsFilter: interaction: PackageSetting{1580650 com.sonos.pinewood.tokenmanager.service/10056} -> PackageSetting{6fc1d28 com.hulu.livingroomplus/10095} BLOCKED
01-06 02:50:03.606   944  1007 I AppsFilter: interaction: PackageSetting{362cd4e com.sonos.pinewood.ota.service/10046} -> PackageSetting{6fc1d28 com.hulu.livingroomplus/10095} BLOCKED
01-06 02:50:03.606   944  1007 I AppsFilter: interaction: PackageSetting{3f35e6f com.sonos.pinewood.ota.test/10051} -> PackageSetting{6fc1d28 com.hulu.livingroomplus/10095} BLOCKED
01-06 02:50:03.607   944  1007 D PackageInstallerSession: Marking session 1318420787 as applied
01-06 02:50:03.609   944  1007 D CompatibilityChangeReporter: Compat change id reported: 168419799; UID 10095; state: DISABLED
01-06 02:50:03.636   944   975 W TextServicesManagerService: no available spell checker services found
01-06 02:50:03.637   944   976 W BroadcastQueue: Background execution not allowed: receiving Intent { act=android.intent.action.PACKAGE_ADDED dat=package: flg=0x4000010 (has extras) } to com.android.packageinstaller/.PackageInstalledReceiver
01-06 02:50:03.638   944   976 W BroadcastQueue: Background execution not allowed: receiving Intent { act=android.intent.action.PACKAGE_ADDED dat=package: flg=0x4000010 (has extras) } to com.android.gallery3d/.app.PackagesMonitor
01-06 02:50:03.653   944   944 I AppsFilter: interaction: PackageSetting{1580650 com.sonos.pinewood.tokenmanager.service/10056} -> PackageSetting{b552001 com.hulu.livingroomplus/10095} BLOCKED
01-06 02:50:03.653   944   944 I AppsFilter: interaction: PackageSetting{362cd4e com.sonos.pinewood.ota.service/10046} -> PackageSetting{b552001 com.hulu.livingroomplus/10095} BLOCKED
01-06 02:50:03.653   944   944 I AppsFilter: interaction: PackageSetting{3f35e6f com.sonos.pinewood.ota.test/10051} -> PackageSetting{b552001 com.hulu.livingroomplus/10095} BLOCKED
01-06 02:50:03.657   944   975 W VoiceInteractionManager: no available voice recognition services found for user 0
01-06 02:50:03.658   944  1068 D CompatibilityChangeReporter: Compat change id reported: 218533173; UID 10095; state: ENABLED
01-06 02:50:03.663   944  1741 W BackupTransportManager: Package com.hulu.livingroomplus enabled setting: 0
01-06 02:50:03.676   944   975 W TextServicesManagerService: no available spell checker services found
01-06 02:50:03.685   944   975 W VoiceInteractionManager: no available voice recognition services found for user 0
01-06 02:50:03.453     0     0 E [7 T528   ..] [wifi@1][0x534ff21][02: 50:09.354920] wlan: [528:E:OSIF] wlan_hdd_set_station_stats_request_pending: peer is null
01-06 02:50:09.691   944   975 D OomAdjuster: Not killing cached processes
01-06 02:50:09.691   944   975 W ProcessStats: Tracking association SourceState{8d88922 system/1000 BTopFgs #716} whose proc state 2 is better than process ProcessState{a2bd69d com.sonos.connectivity/10082 pkg=com.sonos.connectivity} proc state 3 (59 skipped)
01-06 02:50:04.816     0     0 I [2 T1430  ..] [schedu][0x549cb0d][02: 50:10.717844] wlan: [1430:I:OSIF] scan start scan id 40963
01-06 02:50:06.445     0     0 I [1 T1430  ..] [schedu][0x562a927][02: 50:12.347566] wlan: [1430:I:OSIF] vdev 0, scan id 40963 type COMPLETED(1) reason COMPLETED(1) scan found 53 bss
01-06 02:50:12.577   944   944 D HDMI    : [P]:AllocatedAddress=[]
01-06 02:50:13.628   358  3675 I keystore2: keystore2::watchdog: Watchdog thread idle -> terminating. Have a great day.
01-06 02:50:15.508   944  3679 D OomAdjuster: Not killing cached processes
01-06 02:50:18.329   944  1007 E PackageManager: ERROR: could not load root hash from incremental install
01-06 02:50:18.329   944  1007 E PackageManager: Required verifier is null
01-06 02:50:18.369   944  1114 W RuleEvaluation: Integrity rule files are not available.
01-06 02:50:18.369   944  1007 I PackageManager: Integrity check passed for file:///data/app/vmdl1120365830.tmp
01-06 02:50:18.446   944  1007 D PackageManager: Instant App installer not found with android.intent.action.INSTALL_INSTANT_APP_PACKAGE
01-06 02:50:18.446   944  1007 D PackageManager: Clear ephemeral installer activity
01-06 02:50:12.542     0     0 I [0 T3036  ..] logd: start watching /data/system/packages.list ...
01-06 02:50:12.542     0     0 I [0 T3036  ..] logd: ReadPackageList, total packages: 104
01-06 02:50:15.847     0     0 I         : [0 T3708  ..] dex2oat (3708) used greatest stack depth: 9008 bytes left
01-06 02:50:21.818   944  1007 V BackupManagerService: [UserID:0] restoreAtInstall pkg=com.philo.philo.google token=4 restoreSet=0
01-06 02:50:21.819   944  1007 V BackupManagerService: [UserID:0] Finishing install immediately
01-06 02:50:21.819   944  1007 D OomAdjuster: Not killing cached processes
01-06 02:50:21.820   944  1007 W ProcessStats: Tracking association SourceState{90faa com.brdgwtr.dms:pdssService/10050 BTopFgs #730} whose proc state 2 is better than process ProcessState{d13fea com.brdgwtr.dms/10050 pkg=com.brdgwtr.dms} proc state 3 (18 skipped)
01-06 02:50:21.822   944  1007 I AppsFilter: interaction: PackageSetting{1580650 com.sonos.pinewood.tokenmanager.service/10056} -> PackageSetting{e1da79b com.philo.philo.google/10096} BLOCKED
01-06 02:50:21.822   944  1007 I AppsFilter: interaction: PackageSetting{362cd4e com.sonos.pinewood.ota.service/10046} -> PackageSetting{e1da79b com.philo.philo.google/10096} BLOCKED
01-06 02:50:21.822   944  1007 I AppsFilter: interaction: PackageSetting{3f35e6f com.sonos.pinewood.ota.test/10051} -> PackageSetting{e1da79b com.philo.philo.google/10096} BLOCKED
01-06 02:50:21.824   944  1007 D PackageInstallerSession: Marking session 1120365830 as applied
01-06 02:50:21.827   944  1007 D CompatibilityChangeReporter: Compat change id reported: 168419799; UID 10096; state: DISABLED
01-06 02:50:21.847   944   976 W BroadcastQueue: Background execution not allowed: receiving Intent { act=android.intent.action.PACKAGE_ADDED dat=package: flg=0x4000010 (has extras) } to com.android.packageinstaller/.PackageInstalledReceiver
01-06 02:50:21.848   944   944 V BackupManagerConstants: getFullBackupIntervalMilliseconds(...) returns 86400000
01-06 02:50:21.848   944   944 V BackupManagerConstants: getFullBackupRequiredNetworkType(...) returns 2
01-06 02:50:21.849   944   944 V BackupManagerConstants: getFullBackupRequireCharging(...) returns true
01-06 02:50:21.851   944   975 W TextServicesManagerService: no available spell checker services found
01-06 02:50:21.858   944   975 W VoiceInteractionManager: no available voice recognition services found for user 0
01-06 02:50:21.859   944   976 W BroadcastQueue: Background execution not allowed: receiving Intent { act=android.intent.action.PACKAGE_ADDED dat=package: flg=0x4000010 (has extras) } to com.android.gallery3d/.app.PackagesMonitor
01-06 02:50:21.862   944   944 I AppsFilter: interaction: PackageSetting{1580650 com.sonos.pinewood.tokenmanager.service/10056} -> PackageSetting{13ad547 com.philo.philo.google/10096} BLOCKED
01-06 02:50:21.862   944   944 I AppsFilter: interaction: PackageSetting{362cd4e com.sonos.pinewood.ota.service/10046} -> PackageSetting{13ad547 com.philo.philo.google/10096} BLOCKED
01-06 02:50:21.862   944   944 I AppsFilter: interaction: PackageSetting{3f35e6f com.sonos.pinewood.ota.test/10051} -> PackageSetting{13ad547 com.philo.philo.google/10096} BLOCKED
01-06 02:50:21.873   944  1068 D CompatibilityChangeReporter: Compat change id reported: 218533173; UID 10096; state: ENABLED
01-06 02:50:21.876   944   975 W TextServicesManagerService: no available spell checker services found
01-06 02:50:21.889   944  1741 W BackupTransportManager: Package com.philo.philo.google enabled setting: 0
01-06 02:50:21.896   944  1219 D CompatibilityChangeReporter: Compat change id reported: 161252188; UID 10096; state: ENABLED
01-06 02:50:21.904   944   975 W VoiceInteractionManager: no available voice recognition services found for user 0
01-06 02:50:21.915   944  1221 D CompatibilityChangeReporter: Compat change id reported: 135634846; UID 10096; state: DISABLED
01-06 02:50:21.915   944  1221 D CompatibilityChangeReporter: Compat change id reported: 177438394; UID 10096; state: DISABLED
01-06 02:50:21.915   944  1221 D CompatibilityChangeReporter: Compat change id reported: 135772972; UID 10096; state: DISABLED
01-06 02:50:21.915   944  1221 D CompatibilityChangeReporter: Compat change id reported: 135754954; UID 10096; state: ENABLED
01-06 02:50:21.916   944   977 D CompatibilityChangeReporter: Compat change id reported: 143937733; UID 10096; state: ENABLED
01-06 02:50:21.933   944   977 I ActivityManager: Start proc 3724:com.philo.philo.google/u0a96 for broadcast {com.philo.philo.google/com.philo.philo.tif.LauncherNotificationReceiver}
01-06 02:50:16.110     0     0 W [5 T3742  ..] audit: audit_lost=13894 audit_rate_limit=5 audit_backlog_limit=64
01-06 02:50:16.110     0     0 E [5 T3742  ..] audit: rate limit exceeded
01-06 02:50:22.042  3724  3746 E ActivityThread: Failed to find provider info for com.google.android.gms.chimera
01-06 02:50:22.123   944  1221 D CompatibilityChangeReporter: Compat change id reported: 161145287; UID 10096; state: DISABLED
01-06 02:50:22.157   944   976 W BroadcastQueue: Exported Denial: sending Intent { act=android.net.conn.CONNECTIVITY_CHANGE flg=0x4200010 (has extras) }, action: android.net.conn.CONNECTIVITY_CHANGE from null (uid=-1) due to receiver ProcessRecord{733d5b7 3724:com.philo.philo.google/u0a96} (uid 10096) not specifying RECEIVER_EXPORTED
01-06 02:50:22.203   944  1219 D PackageManager: Instant App installer not found with android.intent.action.INSTALL_INSTANT_APP_PACKAGE
01-06 02:50:22.204   944  1219 D PackageManager: Clear ephemeral installer activity
01-06 02:50:22.277   944  1219 D PackageManager: Instant App installer not found with android.intent.action.INSTALL_INSTANT_APP_PACKAGE
01-06 02:50:22.277   944  1219 D PackageManager: Clear ephemeral installer activity
01-06 02:50:22.285   944  1219 D CompatibilityChangeReporter: Compat change id reported: 194532703; UID 10096; state: ENABLED
01-06 02:50:22.474   944  3679 D CompatibilityChangeReporter: Compat change id reported: 161252188; UID 10059; state: ENABLED
01-06 02:50:22.479   944   977 D CompatibilityChangeReporter: Compat change id reported: 143937733; UID 10059; state: ENABLED
01-06 02:50:22.495   944   977 I ActivityManager: Start proc 3800:com.brdgwtr.android.webview:webview_service/u0a59 for service {com.brdgwtr.android.webview/org.chromium.android_webview.services.VariationsSeedServer}
01-06 02:50:22.566   944  3679 D CompatibilityChangeReporter: Compat change id reported: 168419799; UID 10059; state: DISABLED
01-06 02:50:22.641   944  1219 D CompatibilityChangeReporter: Compat change id reported: 194532703; UID 10059; state: ENABLED
01-06 02:50:17.171     0     0 W [3 T3848  ..] audit: audit_lost=14902 audit_rate_limit=5 audit_backlog_limit=64
01-06 02:50:17.171     0     0 E [3 T3848  ..] audit: rate limit exceeded
01-06 02:50:23.206   944  1007 I AppsFilter: interaction: PackageSetting{1580650 com.sonos.pinewood.tokenmanager.service/10056} -> PackageSetting{dbe699 com.philo.philo.google/10096} BLOCKED
01-06 02:50:23.206   944  1007 I AppsFilter: interaction: PackageSetting{362cd4e com.sonos.pinewood.ota.service/10046} -> PackageSetting{dbe699 com.philo.philo.google/10096} BLOCKED
01-06 02:50:23.206   944  1007 I AppsFilter: interaction: PackageSetting{3f35e6f com.sonos.pinewood.ota.test/10051} -> PackageSetting{dbe699 com.philo.philo.google/10096} BLOCKED
01-06 02:50:23.219   944   975 W VoiceInteractionManager: no available voice recognition services found for user 0
01-06 02:50:25.708   944   969 I DropBoxManagerService: add tag=system_app_strictmode isTagEnabled=true flags=0x2
01-06 02:50:27.919   944   975 D OomAdjuster: Not killing cached processes
01-06 02:50:31.296   944   976 W BroadcastQueue: Background execution not allowed: receiving Intent { act=com.brdgwtr.publisher.RECOMMENDATIONS_UPDATE flg=0x10 } to com.sonos.tv.launcher/com.sonos.tv.contentguidelauncher.bridgewater.BridgewaterPublisherEventReceiver
01-06 02:50:31.828   944  1068 W ProcessStats: Tracking association SourceState{3ece10a com.brdgwtr.publisherservice/10044 BTopFgs #807} whose proc state 2 is better than process ProcessState{d13fea com.brdgwtr.dms/10050 pkg=com.brdgwtr.dms} proc state 3 (72 skipped)
01-06 02:50:32.339   358  3721 I keystore2: keystore2::watchdog: Watchdog thread idle -> terminating. Have a great day.
01-06 02:50:29.814     0     0 I [0 T3036  ..] logd: start watching /data/system/packages.list ...
01-06 02:50:29.815     0     0 I [0 T3036  ..] logd: ReadPackageList, total packages: 104
01-06 02:50:37.986   944  1079 D OomAdjuster: Not killing cached processes
01-06 02:51:03.330   944  3679 I ActivityManager: Background started FGS: Allowed [callingPackage: com.brdgwtr.metrics.service; callingUid: 10043; uidState: BTOP; intent: Intent { act=ACTION_START_FOREGROUND cmp=com.brdgwtr.metrics.service/androidx.work.impl.foreground.SystemForegroundService (has extras) }; code:PROC_STATE_BTOP; tempAllowListReason:<null>; targetSdkVersion:30; callerTargetSdkVersion:30; startForegroundCount:0; bindFromPackage:null]
01-06 02:51:03.334   944  3679 D OomAdjuster: Not killing cached processes
01-06 02:51:03.334   944  3679 W ProcessStats: Tracking association SourceState{8d88922 system/1000 BTopFgs #812} whose proc state 2 is better than process ProcessState{a2bd69d com.sonos.connectivity/10082 pkg=com.sonos.connectivity} proc state 3 (4 skipped)
01-06 02:51:03.336   944  1219 W ActivityManager: Foreground service started from background can not have location/camera/microphone access: service com.brdgwtr.metrics.service/androidx.work.impl.foreground.SystemForegroundService
01-06 02:51:03.546   944   944 W NotificationHistory: Attempted to add notif for locked/gone/disabled user 0
01-06 02:51:05.028   944   944 D CompatibilityChangeReporter: Compat change id reported: 175319604; UID 1000; state: ENABLED
01-06 02:51:05.029   944   944 D CompatibilityChangeReporter: Compat change id reported: 195579280; UID 1000; state: ENABLED
01-06 02:51:05.029   944   944 D CompatibilityChangeReporter: Compat change id reported: 175319604; UID 10070; state: ENABLED
01-06 02:51:05.029   944   944 D CompatibilityChangeReporter: Compat change id reported: 195579280; UID 10070; state: ENABLED
01-06 02:51:05.030   944   944 D CompatibilityChangeReporter: Compat change id reported: 175319604; UID 10090; state: ENABLED
01-06 02:51:05.030   944   944 D CompatibilityChangeReporter: Compat change id reported: 195579280; UID 10090; state: DISABLED
01-06 02:51:10.705   944  1059 E PackageInstallerSession: com.brdgwtr.publisherservice drops manifest attribute android:installLocation in base.apk for com.plexapp.android
01-06 02:51:04.828     0     0 I [6 T1430  ..] [schedu][0x8dd8467][02: 51:10.730734] wlan: [1430:I:OSIF] scan start scan id 40964
01-06 02:51:11.307   944  1007 E PackageManager: ERROR: could not load root hash from incremental install
01-06 02:51:11.307   944  1007 E PackageManager: Required verifier is null
01-06 02:51:11.308   944   976 D OomAdjuster: Not killing cached processes
01-06 02:51:11.344   944  1114 W RuleEvaluation: Integrity rule files are not available.
01-06 02:51:11.345   944  1007 I PackageManager: Integrity check passed for file:///data/app/vmdl513759800.tmp
01-06 02:51:11.437   944  1007 I PackageManager: Permission ownership changed. Updating all permissions.
01-06 02:51:11.448   944  1007 W PackageManager: Package android.ext.services is an APK in APEX, but has permission allowlist on the system image. Please bundle the allowlist in the com.android.extservices APEX instead.
01-06 02:51:11.448   944  1007 W PackageManager: Package android.ext.services is an APK in APEX, but has permission allowlist on the system image. Please bundle the allowlist in the com.android.extservices APEX instead.
01-06 02:51:11.448   944  1007 W PackageManager: Package android.ext.services is an APK in APEX, but has permission allowlist on the system image. Please bundle the allowlist in the com.android.extservices APEX instead.
01-06 02:51:11.448   944  1007 W PackageManager: Package android.ext.services is an APK in APEX, but has permission allowlist on the system image. Please bundle the allowlist in the com.android.extservices APEX instead.
01-06 02:51:11.459   944  1007 W PackageManager: Package com.android.providers.media.module is an APK in APEX, but has permission allowlist on the system image. Please bundle the allowlist in the com.android.mediaprovider APEX instead.
01-06 02:51:11.459   944  1007 W PackageManager: Package com.android.providers.media.module is an APK in APEX, but has permission allowlist on the system image. Please bundle the allowlist in the com.android.mediaprovider APEX instead.
01-06 02:51:11.459   944  1007 W PackageManager: Package com.android.providers.media.module is an APK in APEX, but has permission allowlist on the system image. Please bundle the allowlist in the com.android.mediaprovider APEX instead.
01-06 02:51:11.459   944  1007 W PackageManager: Package com.android.providers.media.module is an APK in APEX, but has permission allowlist on the system image. Please bundle the allowlist in the com.android.mediaprovider APEX instead.
01-06 02:51:11.459   944  1007 W PackageManager: Package com.android.providers.media.module is an APK in APEX, but has permission allowlist on the system image. Please bundle the allowlist in the com.android.mediaprovider APEX instead.
01-06 02:51:11.459   944  1007 W PackageManager: Package com.android.providers.media.module is an APK in APEX, but has permission allowlist on the system image. Please bundle the allowlist in the com.android.mediaprovider APEX instead.
01-06 02:51:11.459   944  1007 W PackageManager: Package com.android.providers.media.module is an APK in APEX, but has permission allowlist on the system image. Please bundle the allowlist in the com.android.mediaprovider APEX instead.
01-06 02:51:11.460   944  1007 W PackageManager: Package com.android.providers.media.module is an APK in APEX, but has permission allowlist on the system image. Please bundle the allowlist in the com.android.mediaprovider APEX instead.
01-06 02:51:11.460   944  1007 W PackageManager: Package com.android.providers.media.module is an APK in APEX, but has permission allowlist on the system image. Please bundle the allowlist in the com.android.mediaprovider APEX instead.
01-06 02:51:11.460   944  1007 W PackageManager: Package com.android.providers.media.module is an APK in APEX, but has permission allowlist on the system image. Please bundle the allowlist in the com.android.mediaprovider APEX instead.
01-06 02:51:11.460   944  1007 W PackageManager: Package com.android.providers.media.module is an APK in APEX, but has permission allowlist on the system image. Please bundle the allowlist in the com.android.mediaprovider APEX instead.
01-06 02:51:11.460   944  1007 W PackageManager: Package com.android.providers.media.module is an APK in APEX, but has permission allowlist on the system image. Please bundle the allowlist in the com.android.mediaprovider APEX instead.
01-06 02:51:11.460   944  1007 W PackageManager: Package com.android.providers.media.module is an APK in APEX, but has permission allowlist on the system image. Please bundle the allowlist in the com.android.mediaprovider APEX instead.
01-06 02:51:05.584     0     0 I [1 T3036  ..] logd: start watching /data/system/packages.list ...
01-06 02:51:05.585     0     0 I [1 T3036  ..] logd: ReadPackageList, total packages: 105
01-06 02:51:11.489   944  1007 D PackageManager: Instant App installer not found with android.intent.action.INSTALL_INSTANT_APP_PACKAGE
01-06 02:51:11.489   944  1007 D PackageManager: Clear ephemeral installer activity
01-06 02:51:06.454     0     0 I [7 T1430  ..] [schedu][0x8f6539c][02: 51:12.356643] wlan: [1430:I:OSIF] vdev 0, scan id 40964 type COMPLETED(1) reason COMPLETED(1) scan found 68 bss
01-06 02:51:12.585   944   944 D HDMI    : [P]:AllocatedAddress=[]
