01-06 02:48:57.972   944   944 V SystemServerTiming: StartLogcatManager took to complete: 4ms
01-06 02:48:57.974   944   944 I WindowManager: SAFE MODE not enabled
01-06 02:48:57.974   944   944 D SystemServerTiming: StartInputMethodManagerLifecycle
01-06 02:48:57.974   944   944 I SystemServiceManager: Starting com.android.server.inputmethod.InputMethodManagerService$Lifecycle
01-06 02:48:57.977   944   944 V SystemServerTiming: StartInputMethodManagerLifecycle took to complete: 3ms
01-06 02:48:57.978   944   944 D SystemServerTiming: StartAccessibilityManagerService
01-06 02:48:57.978   944   944 I SystemServiceManager: Starting com.android.server.accessibility.AccessibilityManagerService$Lifecycle
01-06 02:48:57.983   944   944 V SystemServerTiming: StartAccessibilityManagerService took to complete: 5ms
01-06 02:48:57.983   944   944 D SystemServerTiming: MakeDisplayReady
01-06 02:48:57.986   944   944 I ActivityTaskManager: Config changes=20005df8 {1.0 ?mcc?mnc [en_US] ldltr sw540dp w960dp h540dp 320dpi lrg long land ?uimode ?night -touch -keyb/v/h dpad/v winConfig={ mBounds=Rect(0, 0 - 1920, 1080) mAppBounds=Rect(0, 0 - 1920, 1080) mMaxBounds=Rect(0, 0 - 1920, 1080) mDisplayRotation=ROTATION_0 mWindowingMode=fullscreen mDisplayWindowingMode=fullscreen mActivityType=undefined mAlwaysOnTop=undefined mRotation=ROTATION_0} s.2 ?fontWeightAdjustment}
01-06 02:48:57.989   944   944 I WindowManager: Override config changes=60007dfc {1.0 ?mcc?mnc [en_US] ldltr sw540dp w960dp h540dp 320dpi lrg long land ?uimode ?night -touch -keyb/v/h dpad/v winConfig={ mBounds=Rect(0, 0 - 1920, 1080) mAppBounds=Rect(0, 0 - 1920, 1080) mMaxBounds=Rect(0, 0 - 1920, 1080) mDisplayRotation=ROTATION_0 mWindowingMode=fullscreen mDisplayWindowingMode=fullscreen mActivityType=undefined mAlwaysOnTop=undefined mRotation=ROTATION_0} s.2 ?fontWeightAdjustment} for displayId=0
01-06 02:48:57.999   944   944 V SystemServerTiming: MakeDisplayReady took to complete: 16ms
01-06 02:48:58.000   944   944 D SystemServerTiming: StartStorageManagerService
01-06 02:48:58.000   944   944 I SystemServiceManager: Starting com.android.server.StorageManagerService$Lifecycle
01-06 02:48:58.008   944  1126 D StorageManagerService: Thinking about init, mBootCompleted=false, mDaemonConnected=true
01-06 02:48:58.008   944  1126 D StorageManagerService: Thinking about reset, mBootCompleted=false, mDaemonConnected=true
01-06 02:48:58.009   944  1126 D StorageManagerService: Thinking about init, mBootCompleted=false, mDaemonConnected=true
01-06 02:48:58.009   944  1126 D StorageManagerService: Thinking about reset, mBootCompleted=false, mDaemonConnected=true
01-06 02:48:58.009   944   944 V SystemServerTiming: StartStorageManagerService took to complete: 10ms
01-06 02:48:58.009   944   944 D SystemServerTiming: StartStorageStatsService
01-06 02:48:58.009   944   944 I SystemServiceManager: Starting com.android.server.usage.StorageStatsService$Lifecycle
01-06 02:48:58.019   944   944 V SystemServerTiming: StartStorageStatsService took to complete: 10ms
01-06 02:48:58.020   944   944 D SystemServerTiming: StartUiModeManager
01-06 02:48:58.020   944   944 I SystemServiceManager: Starting com.android.server.UiModeManagerService
01-06 02:48:58.021   944  1128 D SystemServerTimingAsync: InitThreadPoolExec:UiModeManager.onStart
01-06 02:48:58.021   944  1128 D SystemServerInitThreadPool: Started executing UiModeManager.onStart
01-06 02:48:58.021   944   944 V SystemServerTiming: StartUiModeManager took to complete: 2ms
01-06 02:48:58.021   944   944 D SystemServerTiming: StartLocaleManagerService
01-06 02:48:58.022   944   944 I SystemServiceManager: Starting com.android.server.locales.LocaleManagerService
01-06 02:48:58.023   944  1128 D SystemServerInitThreadPool: Finished executing UiModeManager.onStart
01-06 02:48:58.023   944  1128 V SystemServerTimingAsync: InitThreadPoolExec:UiModeManager.onStart took to complete: 2ms
01-06 02:48:58.025   944   944 V SystemServerTiming: StartLocaleManagerService took to complete: 4ms
01-06 02:48:58.025   944   944 D SystemServerTiming: UpdatePackagesIfNeeded
01-06 02:48:58.025   944   944 I Watchdog: Pausing HandlerChecker: main thread for reason: dexopt. Pause count: 1
01-06 02:48:58.026   944   944 I Watchdog: Resuming HandlerChecker: main thread for reason: dexopt. Pause count: 0
01-06 02:48:58.026   944   944 V SystemServerTiming: UpdatePackagesIfNeeded took to complete: 1ms
01-06 02:48:58.026   944   944 D SystemServerTiming: PerformFstrimIfNeeded
01-06 02:48:58.027   944   944 V SystemServerTiming: PerformFstrimIfNeeded took to complete: 1ms
01-06 02:48:58.027   944   944 D SystemServerTiming: StartLockSettingsService
01-06 02:48:58.027   944   944 I SystemServiceManager: Starting com.android.server.locksettings.LockSettingsService$Lifecycle
01-06 02:48:58.047   944   944 V SystemServerTiming: StartLockSettingsService took to complete: 20ms
01-06 02:48:58.048   944   944 D SystemServerTiming: StartPersistentDataBlock
01-06 02:48:58.048   944   944 I SystemServiceManager: Starting com.android.server.PersistentDataBlockService
01-06 02:48:58.048   944   944 V SystemServerTiming: StartPersistentDataBlock took to complete: 0ms
01-06 02:48:58.048   944   944 D SystemServerTiming: StartTestHarnessMode
01-06 02:48:58.048   944   944 I SystemServiceManager: Starting com.android.server.testharness.TestHarnessModeService
01-06 02:48:58.049   944  1135 D SystemServerTimingAsync: InitThreadPoolExec:PersistentDataBlockService.onStart
01-06 02:48:58.049   944  1135 D SystemServerInitThreadPool: Started executing PersistentDataBlockService.onStart
01-06 02:48:58.050   944   944 V SystemServerTiming: StartTestHarnessMode took to complete: 2ms
01-06 02:48:58.050   944   944 D SystemServerTiming: StartOemLockService
01-06 02:48:58.050   944   944 I SystemServiceManager: Starting com.android.server.oemlock.OemLockService
01-06 02:48:58.054   944   944 I OemLock : Using vendor lock via the HAL
01-06 02:48:58.055   944   944 V SystemServerTiming: StartOemLockService took to complete: 5ms
01-06 02:48:58.055   944   944 D SystemServerTiming: StartDeviceIdleController
01-06 02:48:58.055   944   944 I SystemServiceManager: Starting com.android.server.DeviceIdleController
01-06 02:48:58.059   944   944 V SystemServerTiming: StartDeviceIdleController took to complete: 3ms
01-06 02:48:58.059   944   944 D SystemServerTiming: StartDevicePolicyManager
01-06 02:48:58.059   944   944 I SystemServiceManager: Starting com.android.server.devicepolicy.DevicePolicyManagerService$Lifecycle
01-06 02:48:58.066   944   944 V SystemServerTiming: StartDevicePolicyManager took to complete: 7ms
01-06 02:48:58.066   944   944 D SystemServerTiming: StartStatusBarManagerService
01-06 02:48:58.068   944   944 V SystemServerTiming: StartStatusBarManagerService took to complete: 2ms
01-06 02:48:58.068   944   944 D SystemServer: MusicRecognitionManagerService not defined by OEM or disabled by flag
01-06 02:48:58.068   944   944 D SystemServer: ContentCaptureService disabled because resource is not overlaid
01-06 02:48:58.068   944   944 D SystemServer: AttentionService is not configured on this device
01-06 02:48:58.069   944   944 D SystemServer: RotationResolverService is not configured on this device
01-06 02:48:58.069   944   944 D SystemServer: SystemCaptionsManagerService disabled because resource is not overlaid
01-06 02:48:58.069   944   944 D SystemServerTiming: StartTextToSpeechManagerService
01-06 02:48:58.069   944   944 I SystemServiceManager: Starting com.android.server.texttospeech.TextToSpeechManagerService
01-06 02:48:58.070   944   944 V SystemServerTiming: StartTextToSpeechManagerService took to complete: 1ms
01-06 02:48:58.071   944   944 D SystemServerTiming: StartAmbientContextService
01-06 02:48:58.071   944   944 I SystemServiceManager: Starting com.android.server.ambientcontext.AmbientContextManagerService
01-06 02:48:58.073   944   944 V SystemServerTiming: StartAmbientContextService took to complete: 2ms
01-06 02:48:58.073   944   944 D SystemServerTiming: StartSpeechRecognitionManagerService
01-06 02:48:58.076   944   944 I SystemServiceManager: Starting com.android.server.speech.SpeechRecognitionManagerService
01-06 02:48:58.077   944   944 V SystemServerTiming: StartSpeechRecognitionManagerService took to complete: 4ms
01-06 02:48:58.078   944   944 D SystemServer: AppPredictionService not defined by OEM
01-06 02:48:58.078   944   944 D SystemServer: ContentSuggestionsService not defined by OEM
01-06 02:48:58.078   944   944 D SystemServerTiming: StartSearchUiService
01-06 02:48:58.078   944   944 I SystemServiceManager: Starting com.android.server.searchui.SearchUiManagerService
01-06 02:48:58.079   944   944 V SystemServerTiming: StartSearchUiService took to complete: 1ms
01-06 02:48:58.079   944   944 D SystemServerTiming: StartSmartspaceService
01-06 02:48:58.079   944   944 I SystemServiceManager: Starting com.android.server.smartspace.SmartspaceManagerService
01-06 02:48:58.081   944   944 V SystemServerTiming: StartSmartspaceService took to complete: 2ms
01-06 02:48:58.081   944   944 D SystemServerTiming: InitConnectivityModuleConnector
01-06 02:48:58.081   944   944 D ConnectivityModuleConnector: Network stack init
01-06 02:48:58.084   944   944 V SystemServerTiming: InitConnectivityModuleConnector took to complete: 3ms
01-06 02:48:58.084   944   944 D SystemServerTiming: InitNetworkStackClient
01-06 02:48:58.084   944   944 V SystemServerTiming: InitNetworkStackClient took to complete: 0ms
01-06 02:48:58.084   944   944 D SystemServerTiming: StartNetworkManagementService
01-06 02:48:58.085   944  1135 D SystemServerInitThreadPool: Finished executing PersistentDataBlockService.onStart
01-06 02:48:58.086   944  1135 V SystemServerTimingAsync: InitThreadPoolExec:PersistentDataBlockService.onStart took to complete: 37ms
01-06 02:48:58.087   944   944 V SystemServerTiming: StartNetworkManagementService took to complete: 3ms
01-06 02:48:58.087   944   944 D SystemServerTiming: StartFontManagerService
01-06 02:48:58.285   944   944 V SystemServerTiming: StartFontManagerService took to complete: 197ms
01-06 02:48:58.285   944   944 D SystemServerTiming: StartTextServicesManager
01-06 02:48:58.285   944   944 I SystemServiceManager: Starting com.android.server.textservices.TextServicesManagerService$Lifecycle
01-06 02:48:58.288   944   944 V SystemServerTiming: StartTextServicesManager took to complete: 3ms
01-06 02:48:58.288   944   944 D SystemServerTiming: StartTextClassificationManagerService
01-06 02:48:58.288   944   944 I SystemServiceManager: Starting com.android.server.textclassifier.TextClassificationManagerService$Lifecycle
01-06 02:48:58.290   944   944 V SystemServerTiming: StartTextClassificationManagerService took to complete: 2ms
01-06 02:48:58.290   944   944 D SystemServerTiming: StartNetworkScoreService
01-06 02:48:58.291   944   944 I SystemServiceManager: Starting com.android.server.NetworkScoreService$Lifecycle
01-06 02:48:58.292   944   944 V SystemServerTiming: StartNetworkScoreService took to complete: 2ms
01-06 02:48:58.292   944   944 D SystemServerTiming: StartNetworkStatsService
01-06 02:48:58.318   944   944 I SystemServiceManager: Starting com.android.server.NetworkStatsServiceInitializer
01-06 02:48:58.371   944   944 V SystemServerTiming: StartNetworkStatsService took to complete: 79ms
01-06 02:48:58.371   944   944 D SystemServerTiming: StartNetworkPolicyManagerService
01-06 02:48:58.374   944   944 V SystemServerTiming: StartNetworkPolicyManagerService took to complete: 3ms
01-06 02:48:58.374   944   944 D SystemServerTiming: StartWifi
01-06 02:48:58.408   944   944 I SystemServiceManager: Starting com.android.server.wifi.WifiService
01-06 02:48:58.530   611   611 I wificond: New wificond event callback registered
01-06 02:48:58.535   944   944 V HistoricalRegistry: Interaction before persistence initialized
01-06 02:48:58.540   944   944 V SystemServerTiming: StartWifi took to complete: 165ms
01-06 02:48:58.540   944   944 D SystemServerTiming: StartWifiScanning
01-06 02:48:58.540   944   944 I SystemServiceManager: Starting com.android.server.wifi.scanner.WifiScanningService
01-06 02:48:58.546   944   944 V SystemServerTiming: StartWifiScanning took to complete: 6ms
01-06 02:48:58.546   944   944 D SystemServerTiming: StartWifiP2P
01-06 02:48:58.547   944   944 I SystemServiceManager: Starting com.android.server.wifi.p2p.WifiP2pService
01-06 02:48:58.558   944   944 V SystemServerTiming: StartWifiP2P took to complete: 12ms
01-06 02:48:58.558   944   944 D SystemServerTiming: StartPacProxyService
01-06 02:48:58.560   944   944 V SystemServerTiming: StartPacProxyService took to complete: 2ms
01-06 02:48:58.560   944   944 D SystemServerTiming: StartConnectivityService
01-06 02:48:58.561   944   944 I SystemServiceManager: Starting com.android.server.ConnectivityServiceInitializer
01-06 02:48:58.602   944   944 D CompatibilityChangeReporter: Compat change id reported: 182478738; UID 1000; state: ENABLED
01-06 02:48:58.632   944   944 V SystemServerTiming: StartConnectivityService took to complete: 72ms
01-06 02:48:58.632   944   944 D SystemServerTiming: StartVpnManagerService
01-06 02:48:58.637   944   944 V SystemServerTiming: StartVpnManagerService took to complete: 5ms
01-06 02:48:58.637   944   944 D SystemServerTiming: StartVcnManagementService
01-06 02:48:58.640   944   944 V SystemServerTiming: StartVcnManagementService took to complete: 3ms
01-06 02:48:58.640   944   944 D SystemServerTiming: StartSystemUpdateManagerService
01-06 02:48:58.640   944   944 I SystemUpdateManagerService: No existing info file /data/system/system-update-info.xml
01-06 02:48:58.641   944   944 V SystemServerTiming: StartSystemUpdateManagerService took to complete: 1ms
01-06 02:48:58.641   944   944 D SystemServerTiming: StartUpdateLockService
01-06 02:48:58.642   944   944 V SystemServerTiming: StartUpdateLockService took to complete: 1ms
01-06 02:48:58.642   944   944 D SystemServerTiming: StartNotificationManager
01-06 02:48:58.642   944   944 I SystemServiceManager: Starting com.android.server.notification.NotificationManagerService
01-06 02:48:58.655   944   944 D ConditionProviders.SCP: new ScheduleConditionProvider()
01-06 02:48:58.675   944   944 I NotificationAssistants: Read notification assistant permissions from xml
01-06 02:48:58.675   944   944 I ConditionProviders: Read condition provider permissions from xml
01-06 02:48:58.675   944   944 I ConditionProviders: Read condition provider permissions from xml
01-06 02:48:58.675   944   944 D NotificationAssistants: Approving default notification assistant for user 0
01-06 02:48:58.676   944   944 I ConditionProviders:  Allowing condition provider android.ext.services/android.ext.services.notification.Assistant (userSet: true)
01-06 02:48:58.686   944   944 V SystemServerTiming: StartNotificationManager took to complete: 44ms
01-06 02:48:58.686   944   944 D SystemServerTiming: StartDeviceMonitor
01-06 02:48:58.686   944   944 I SystemServiceManager: Starting com.android.server.storage.DeviceStorageMonitorService
01-06 02:48:58.688   944   944 V SystemServerTiming: StartDeviceMonitor took to complete: 2ms
01-06 02:48:58.689   944   944 D SystemServerTiming: StartLocationManagerService
01-06 02:48:58.689   944   944 I SystemServiceManager: Starting com.android.server.location.LocationManagerService$Lifecycle
01-06 02:48:58.692   944   944 V SystemServerTiming: StartLocationManagerService took to complete: 4ms
01-06 02:48:58.692   944   944 D SystemServerTiming: StartCountryDetectorService
01-06 02:48:58.693   944   944 V SystemServerTiming: StartCountryDetectorService took to complete: 1ms
01-06 02:48:58.693   944   944 D SystemServerTiming: StartTimeDetectorService
01-06 02:48:58.693   944   944 I SystemServiceManager: Starting com.android.server.timedetector.TimeDetectorService$Lifecycle
01-06 02:48:58.695   944   944 V SystemServerTiming: StartTimeDetectorService took to complete: 1ms
01-06 02:48:58.695   944   944 D SystemServerTiming: StartTimeZoneDetectorService
01-06 02:48:58.695   944   944 I SystemServiceManager: Starting com.android.server.timezonedetector.TimeZoneDetectorService$Lifecycle
01-06 02:48:58.698   944   944 V SystemServerTiming: StartTimeZoneDetectorService took to complete: 2ms
01-06 02:48:58.698   944   944 D SystemServerTiming: StartLocationTimeZoneManagerService
01-06 02:48:58.698   944   944 I SystemServiceManager: Starting com.android.server.timezonedetector.location.LocationTimeZoneManagerService$Lifecycle
01-06 02:48:58.698   944   944 D LocationTZDetector: Geo time zone detection feature is disabled in config
01-06 02:48:58.698   944   944 V SystemServerTiming: StartLocationTimeZoneManagerService took to complete: 0ms
01-06 02:48:58.698   944   944 D SystemServerTiming: StartSearchManagerService
01-06 02:48:58.698   944   944 I SystemServiceManager: Starting com.android.server.search.SearchManagerService$Lifecycle
01-06 02:48:58.699   944   944 V SystemServerTiming: StartSearchManagerService took to complete: 1ms
01-06 02:48:58.699   944   944 D SystemServerTiming: StartWallpaperManagerService
01-06 02:48:58.699   944   944 I SystemServiceManager: Starting com.android.server.wallpaper.WallpaperManagerService$Lifecycle
01-06 02:48:58.701   944   944 V SystemServerTiming: StartWallpaperManagerService took to complete: 2ms
01-06 02:48:58.701   944   944 D SystemServerTiming: StartWallpaperEffectsGenerationService
01-06 02:48:58.701   944   944 I SystemServiceManager: Starting com.android.server.wallpapereffectsgeneration.WallpaperEffectsGenerationManagerService
01-06 02:48:58.703   944   944 V SystemServerTiming: StartWallpaperEffectsGenerationService took to complete: 2ms
01-06 02:48:58.703   944   944 D SystemServerTiming: StartAudioService
01-06 02:48:58.703   944   944 I SystemServiceManager: Starting com.android.server.audio.AudioService$Lifecycle
01-06 02:48:58.749   944   944 V SystemServerTiming: StartAudioService took to complete: 46ms
01-06 02:48:58.749   944   944 D SystemServerTiming: StartSoundTriggerMiddlewareService
01-06 02:48:58.750   944   944 I SystemServiceManager: Starting com.android.server.soundtrigger_middleware.SoundTriggerMiddlewareService$Lifecycle
01-06 02:48:58.753   944   944 V SystemServerTiming: StartSoundTriggerMiddlewareService took to complete: 4ms
01-06 02:48:58.753   944   944 D SystemServerTiming: StartDockObserver
01-06 02:48:58.753   944   944 I SystemServiceManager: Starting com.android.server.DockObserver
01-06 02:48:58.754   944   944 I DockObserver: No extcon dock device found in this kernel.
01-06 02:48:58.754   944   944 V SystemServerTiming: StartDockObserver took to complete: 1ms
01-06 02:48:58.755   944   944 D SystemServerTiming: StartWiredAccessoryManager
01-06 02:48:58.755   944   944 W WiredAccessoryManager: This kernel does not have wired headset support
01-06 02:48:58.755   944   944 W WiredAccessoryManager: This kernel does not have usb audio support
01-06 02:48:58.755   944   944 W WiredAccessoryManager: This kernel does not have HDMI audio support
01-06 02:48:58.755   944   944 V SystemServerTiming: StartWiredAccessoryManager took to complete: 1ms
01-06 02:48:58.755   944   944 D SystemServerTiming: StartAdbService
01-06 02:48:58.755   944   944 I SystemServiceManager: Starting com.android.server.adb.AdbService$Lifecycle
01-06 02:48:58.757   944   944 V SystemServerTiming: StartAdbService took to complete: 1ms
01-06 02:48:58.757   944   944 D SystemServerTiming: StartUsbService
01-06 02:48:58.757   944   944 I SystemServiceManager: Starting com.android.server.usb.UsbService$Lifecycle
01-06 02:48:58.757   944   944 V SystemServerTiming: StartUsbService took to complete: 0ms
01-06 02:48:58.757   944   944 D SystemServerTiming: StartSerialService
01-06 02:48:58.757   944   974 D SystemServerTimingAsync: InitThreadPoolExec:UsbService$Lifecycle#onStart
01-06 02:48:58.757   944   974 D SystemServerInitThreadPool: Started executing UsbService$Lifecycle#onStart
01-06 02:48:58.757   944   944 V SystemServerTiming: StartSerialService took to complete: 0ms
01-06 02:48:58.758   944   944 D SystemServerTiming: StartHardwarePropertiesManagerService
01-06 02:48:58.758   944   974 I UsbDeviceManager: failed to write to /sys/class/android_usb/android0/f_rndis/ethaddr
01-06 02:48:58.759   944   944 V SystemServerTiming: StartHardwarePropertiesManagerService took to complete: 2ms
01-06 02:48:58.759   944   944 D SystemServerTiming: StartTwilightService
01-06 02:48:58.759   944   944 I SystemServiceManager: Starting com.android.server.twilight.TwilightService
01-06 02:48:58.760   944   944 V SystemServerTiming: StartTwilightService took to complete: 0ms
01-06 02:48:58.760   944   944 D SystemServerTiming: StartColorDisplay
01-06 02:48:58.760   944   944 I SystemServiceManager: Starting com.android.server.display.color.ColorDisplayService
01-06 02:48:58.761   944   944 V SystemServerTiming: StartColorDisplay took to complete: 1ms
01-06 02:48:58.761   944   944 D SystemServerTiming: StartJobScheduler
01-06 02:48:58.761   944   944 I SystemServiceManager: Starting com.android.server.job.JobSchedulerService
01-06 02:48:58.765     0     0 I         : [5 T974   ..] read descriptors
01-06 02:48:58.765     0     0 I         : [5 T974   ..] read strings
01-06 02:48:58.765     0     0 I         : [5 T974   ..] read descriptors
01-06 02:48:58.765     0     0 I         : [5 T974   ..] read strings
01-06 02:48:58.763   944   974 W StorageManagerService: No primary storage defined yet; hacking together a stub
01-06 02:48:58.764   944   944 D JobStore: Start tag: job-info
01-06 02:48:58.766   944  1065 I UsbDeviceManager: Usb gadget hal service started android.hardware.usb.gadget@1.0::IUsbGadget default
01-06 02:48:58.770   944   944 I JobStore: Read 4 jobs
01-06 02:48:58.771   944   974 D UsbPortManager: Querying USB HAL version
01-06 02:48:58.774   944   967 I UsbDeviceManager: processing MSG_GET_CURRENT_USB_FUNCTIONS
01-06 02:48:58.774   944   967 I UsbDeviceManager: updating mCurrentFunctions
01-06 02:48:58.774   944   967 I UsbDeviceManager: mCurrentFunctions:0applied:1
01-06 02:48:58.775   944   974 I UsbPortManager: USB HAL HIDL present
01-06 02:48:58.779   944  1065 I UsbPortManager: Usb hal service started android.hardware.usb@1.0::IUsb default
01-06 02:48:58.779   944   944 V HistoricalRegistry: Interaction before persistence initialized
01-06 02:48:58.779   944   944 V HistoricalRegistry: Interaction before persistence initialized
01-06 02:48:58.781   944   974 D UsbPortManager: getInstance done
01-06 02:48:58.781   944   944 V SystemServerTiming: StartJobScheduler took to complete: 20ms
01-06 02:48:58.781   944   944 D SystemServerTiming: StartSoundTrigger
01-06 02:48:58.781   944   944 I SystemServiceManager: Starting com.android.server.soundtrigger.SoundTriggerService
01-06 02:48:58.784   944   944 V SystemServerTiming: StartSoundTrigger took to complete: 3ms
01-06 02:48:58.785   944   944 D SystemServerTiming: StartTrustManager
01-06 02:48:58.785   944   944 I SystemServiceManager: Starting com.android.server.trust.TrustManagerService
01-06 02:48:58.785   944   974 D SystemServerInitThreadPool: Finished executing UsbService$Lifecycle#onStart
01-06 02:48:58.785   944   974 V SystemServerTimingAsync: InitThreadPoolExec:UsbService$Lifecycle#onStart took to complete: 28ms
01-06 02:48:58.786   944   944 V SystemServerTiming: StartTrustManager took to complete: 1ms
01-06 02:48:58.786   944   944 D SystemServerTiming: StartBackupManager
01-06 02:48:58.786   944   944 I SystemServiceManager: Starting com.android.server.backup.BackupManagerService$Lifecycle
01-06 02:48:58.789   944   944 V SystemServerTiming: StartBackupManager took to complete: 3ms
01-06 02:48:58.789   944   944 D SystemServerTiming: StartAppWidgetService
01-06 02:48:58.790   944   944 I SystemServiceManager: Starting com.android.server.appwidget.AppWidgetService
01-06 02:48:58.796   944   944 V SystemServerTiming: StartAppWidgetService took to complete: 7ms
01-06 02:48:58.796   944   944 D SystemServerTiming: StartVoiceRecognitionManager
01-06 02:48:58.796   944   944 I SystemServiceManager: Starting com.android.server.voiceinteraction.VoiceInteractionManagerService
01-06 02:48:58.821   944   944 V SystemServerTiming: StartVoiceRecognitionManager took to complete: 25ms
01-06 02:48:58.822   944   944 D SystemServerTiming: StartAppHibernationService
01-06 02:48:58.822   944   944 I SystemServiceManager: Starting com.android.server.apphibernation.AppHibernationService
01-06 02:48:58.824   944   944 V SystemServerTiming: StartAppHibernationService took to complete: 2ms
01-06 02:48:58.824   944   944 D SystemServerTiming: StartGestureLauncher
01-06 02:48:58.825   944   944 I SystemServiceManager: Starting com.android.server.GestureLauncherService
01-06 02:48:58.825   944   944 V SystemServerTiming: StartGestureLauncher took to complete: 1ms
01-06 02:48:58.826   944   944 D SystemServerTiming: StartSensorNotification
01-06 02:48:58.826   944   944 I SystemServiceManager: Starting com.android.server.SensorNotificationService
01-06 02:48:58.826   944   944 V SystemServerTiming: StartSensorNotification took to complete: 0ms
01-06 02:48:58.826   944   944 D SystemServerTiming: StartDiskStatsService
01-06 02:48:58.828   944   944 D CompatibilityChangeReporter: Compat change id reported: 194532703; UID 1000; state: ENABLED
01-06 02:48:58.831   944   944 V SystemServerTiming: StartDiskStatsService took to complete: 5ms
01-06 02:48:58.831   944   944 D SystemServerTiming: RuntimeService
01-06 02:48:58.831   944   944 V SystemServerTiming: RuntimeService took to complete: 0ms
01-06 02:48:58.832   944   944 D SystemServerTiming: StartNetworkTimeUpdateService
01-06 02:48:58.835   944   944 V SystemServerTiming: StartNetworkTimeUpdateService took to complete: 3ms
01-06 02:48:58.835   944   944 D SystemServerTiming: CertBlacklister
01-06 02:48:58.836   944   944 V SystemServerTiming: CertBlacklister took to complete: 1ms
01-06 02:48:58.836   944   944 D SystemServerTiming: StartEmergencyAffordanceService
01-06 02:48:58.836   944   944 I SystemServiceManager: Starting com.android.server.emergency.EmergencyAffordanceService
01-06 02:48:58.837   944   944 V SystemServerTiming: StartEmergencyAffordanceService took to complete: 1ms
01-06 02:48:58.837   944   944 D SystemServerTiming: startBlobStoreManagerService
01-06 02:48:58.837   944   944 I SystemServiceManager: Starting com.android.server.blob.BlobStoreManagerService
01-06 02:48:58.843   944   944 V SystemServerTiming: startBlobStoreManagerService took to complete: 5ms
01-06 02:48:58.843   944   944 D SystemServerTiming: StartDreamManager
01-06 02:48:58.843   944   944 I SystemServiceManager: Starting com.android.server.dreams.DreamManagerService
01-06 02:48:58.848   944   944 V SystemServerTiming: StartDreamManager took to complete: 5ms
01-06 02:48:58.848   944   944 D SystemServerTiming: AddGraphicsStatsService
01-06 02:48:58.854   944   944 V SystemServerTiming: AddGraphicsStatsService took to complete: 6ms
01-06 02:48:58.854   944   944 D SystemServerTiming: StartAttestationVerificationService
01-06 02:48:58.854   944   944 I SystemServiceManager: Starting com.android.server.security.AttestationVerificationManagerService
01-06 02:48:58.856   944   944 D AVF     : Started
01-06 02:48:58.856   944   944 V SystemServerTiming: StartAttestationVerificationService took to complete: 2ms
01-06 02:48:58.856   944   944 D SystemServerTiming: StartRestrictionManager
01-06 02:48:58.856   944   944 I SystemServiceManager: Starting com.android.server.restrictions.RestrictionsManagerService
01-06 02:48:58.858   944   944 V SystemServerTiming: StartRestrictionManager took to complete: 1ms
01-06 02:48:58.858   944   944 D SystemServerTiming: StartMediaSessionService
01-06 02:48:58.859   944   944 I SystemServiceManager: Starting com.android.server.media.MediaSessionService
01-06 02:48:58.861   944   944 V SystemServerTiming: StartMediaSessionService took to complete: 3ms
01-06 02:48:58.861   944   944 D SystemServerTiming: StartHdmiControlService
01-06 02:48:58.863   944   944 I SystemServiceManager: Starting com.android.server.hdmi.HdmiControlService
01-06 02:48:58.866   944   944 D HdmiCecActiveness: setState inactive mState:null
01-06 02:48:58.868   944   944 D HDMI    : Getting CEC setting value 'hdmi_cec_enabled'.
01-06 02:48:58.869   944   944 D HDMI    : Reading 'hdmi_cec_enabled' shared preference.
01-06 02:48:58.869   944   944 D HDMI    : Getting CEC setting value 'volume_control_enabled'.
01-06 02:48:58.869   944   944 D HDMI    : Reading 'volume_control_enabled' shared preference.
01-06 02:48:58.871   944   944 D HDMI    : soundbar mode:true
01-06 02:48:58.874   944   944 E HDMI    : [1]:Couldn't connect to cec@1.1java.util.NoSuchElementException
01-06 02:48:58.874   944   944 W HDMI    : [1]:Couldn't get tv.cec service.
01-06 02:48:58.874   944   944 W HDMI    : [1]:Unable to use cec@1.1
01-06 02:48:58.878   944   944 I HdmiControlService: Device does not support MHL-control.
01-06 02:48:58.878   944   944 D HDMI    : Getting CEC setting value 'hdmi_cec_version'.
01-06 02:48:58.878   944   944 D HDMI    : Reading 'hdmi_cec_version' shared preference.
01-06 02:48:58.880   944   944 D HDMI    : setOption: [flag:3, enabled:true]
01-06 02:48:58.884     0     0 I [3 T524   ..] cec: CEC framework ctrl enabled
01-06 02:48:58.882   944   944 D HDMI    : initializeLocalDevices type 5
01-06 02:48:58.882   944   944 D HDMI    : initializeLocalDevices skipping 5 mCecAudioSystemEnabled is false
01-06 02:48:58.882   944   944 D HDMI    : initializeLocalDevices type 4
01-06 02:48:58.882   944   944 D HDMI    : initializeLocalDevices type is 4 mCecAudioSystemEnabled is false setting to 8
01-06 02:48:58.886   944   944 D HDMI    : Getting CEC setting value 'routing_control'.
01-06 02:48:58.886   944   944 D HDMI    : Reading 'routing_control' shared preference.
01-06 02:48:58.940     0     0 E [7 T1     ..] init: Control message: Could not find 'aidl/clipboard' for ctl.interface_start from pid: 316 (/system/bin/servicemanager)
01-06 02:48:58.999   944  1197 D HDMI    : New logical address for device [4]: [preferred:3, assigned:3]
01-06 02:48:59.003   944   944 D HDMI    : initPortInfo port info:port_id: 3, type: HDMI_IN, address: 0x2300, cec: true, arc: false, mhl: false
01-06 02:48:59.004   944   944 D HDMI    : initPortInfo port info:port_id: 2, type: HDMI_IN, address: 0x2200, cec: true, arc: false, mhl: false
01-06 02:48:59.004   944   944 D HDMI    : initPortInfo port info:port_id: 1, type: HDMI_IN, address: 0x2100, cec: true, arc: false, mhl: false
01-06 02:48:59.004   944   944 D HDMI    : initPortInfo port info:port_id: 0, type: HDMI_OUT, address: 0x2000, cec: true, arc: true, mhl: false
01-06 02:48:59.005   944   944 I EarcController: initEarcState supported:true
01-06 02:48:59.005   944   944 D EarcController: initEarcState settings:true
01-06 02:48:59.005   944   944 D EarcController: setEarcMode true
01-06 02:48:59.007   944   944 D HDMI    : Getting CEC setting value 'system_audio_control'.
01-06 02:48:59.007   944   944 D HDMI    : Reading 'system_audio_control' shared preference.
01-06 02:48:59.007   944   944 D EarcController: initEarcState audio switch:true
01-06 02:48:59.007   944   944 D EarcController: setEarcHalSettings true
01-06 02:48:59.010   944   944 D EarcController: audioSystem get earc rx attended type hal_param_get_earcrx_attend_type=1
01-06 02:48:59.011   944   944 D HDMI    : Getting CEC setting value 'set_menu_language'.
01-06 02:48:59.011   944   944 D HDMI    : Reading 'set_menu_language' shared preference.
01-06 02:48:59.015   944   944 W SystemServiceManager: Service com.android.server.hdmi.HdmiControlService took 148 ms in onStart
01-06 02:48:59.015   944   944 V SystemServerTiming: StartHdmiControlService took to complete: 154ms
01-06 02:48:59.015   944   944 D SystemServerTiming: StartTvInteractiveAppManager
01-06 02:48:59.015   944   944 I SystemServiceManager: Starting com.android.server.tv.interactive.TvInteractiveAppManagerService
01-06 02:48:59.017   944   944 V SystemServerTiming: StartTvInteractiveAppManager took to complete: 2ms
01-06 02:48:59.017   944   944 D SystemServerTiming: StartTvInputManager
01-06 02:48:59.017   944   944 I SystemServiceManager: Starting com.android.server.tv.TvInputManagerService
01-06 02:48:59.029   944   944 V SystemServerTiming: StartTvInputManager took to complete: 12ms
01-06 02:48:59.029   944   944 D SystemServerTiming: StartTvRemoteService
01-06 02:48:59.029   944   944 I SystemServiceManager: Starting com.android.server.tv.TvRemoteService
01-06 02:48:59.030   944   944 V SystemServerTiming: StartTvRemoteService took to complete: 1ms
01-06 02:48:59.030   944   944 D SystemServerTiming: StartMediaRouterService
01-06 02:48:59.030   944   944 V HistoricalRegistry: Interaction before persistence initialized
01-06 02:48:59.034   944   944 V SystemServerTiming: StartMediaRouterService took to complete: 4ms
01-06 02:48:59.035   944   944 D SystemServerTiming: StartBiometricService
01-06 02:48:59.035   944   944 I SystemServiceManager: Starting com.android.server.biometrics.BiometricService
01-06 02:48:59.040   944   944 V SystemServerTiming: StartBiometricService took to complete: 5ms
01-06 02:48:59.040   944   944 D SystemServerTiming: StartAuthService
01-06 02:48:59.040   944   944 I SystemServiceManager: Starting com.android.server.biometrics.AuthService
01-06 02:48:59.043   944   944 V SystemServerTiming: StartAuthService took to complete: 3ms
01-06 02:48:59.043   944   944 D SystemServerTiming: StartDynamicCodeLoggingService
01-06 02:48:59.045   944   944 V SystemServerTiming: StartDynamicCodeLoggingService took to complete: 1ms
01-06 02:48:59.045   944   944 D SystemServerTiming: StartPruneInstantAppsJobService
01-06 02:48:59.045   944   944 V SystemServerTiming: StartPruneInstantAppsJobService took to complete: 0ms
01-06 02:48:59.045   944   944 D SystemServerTiming: StartShortcutServiceLifecycle
01-06 02:48:59.045   944   944 I SystemServiceManager: Starting com.android.server.pm.ShortcutService$Lifecycle
01-06 02:48:59.047   944   944 V HistoricalRegistry: Interaction before persistence initialized
01-06 02:48:59.048   944   944 V SystemServerTiming: StartShortcutServiceLifecycle took to complete: 3ms
01-06 02:48:59.048   944   944 D SystemServerTiming: StartLauncherAppsService
01-06 02:48:59.048   944   944 I SystemServiceManager: Starting com.android.server.pm.LauncherAppsService
01-06 02:48:59.050   944   944 V SystemServerTiming: StartLauncherAppsService took to complete: 2ms
01-06 02:48:59.050   944   944 D SystemServerTiming: StartCrossProfileAppsService
01-06 02:48:59.050   944   944 I SystemServiceManager: Starting com.android.server.pm.CrossProfileAppsService
01-06 02:48:59.052   944   944 V SystemServerTiming: StartCrossProfileAppsService took to complete: 2ms
01-06 02:48:59.052   944   944 D SystemServerTiming: StartPeopleService
01-06 02:48:59.052   944   944 I SystemServiceManager: Starting com.android.server.people.PeopleService
01-06 02:48:59.053   944   944 V SystemServerTiming: StartPeopleService took to complete: 1ms
01-06 02:48:59.053   944   944 D SystemServerTiming: StartMediaMetricsManager
01-06 02:48:59.053   944   944 I SystemServiceManager: Starting com.android.server.media.metrics.MediaMetricsManagerService
01-06 02:48:59.054   944   944 V SystemServerTiming: StartMediaMetricsManager took to complete: 1ms
01-06 02:48:59.055   944   944 D SystemServerTiming: StartMediaProjectionManager
01-06 02:48:59.055   944   944 I SystemServiceManager: Starting com.android.server.media.projection.MediaProjectionManagerService
01-06 02:48:59.058   944   944 V SystemServerTiming: StartMediaProjectionManager took to complete: 3ms
01-06 02:48:59.058   944   944 D SystemServerTiming: StartSliceManagerService
01-06 02:48:59.058   944   944 I SystemServiceManager: Starting com.android.server.slice.SliceManagerService$Lifecycle
01-06 02:48:59.060   944   944 V SystemServerTiming: StartSliceManagerService took to complete: 2ms
01-06 02:48:59.060   944   944 D SystemServerTiming: StartStatsCompanion
01-06 02:48:59.061   944   944 I SystemServiceManager: Starting com.android.server.stats.StatsCompanion$Lifecycle
01-06 02:48:59.065   944   944 V SystemServerTiming: StartStatsCompanion took to complete: 5ms
01-06 02:48:59.065   944   944 D SystemServerTiming: StartRebootReadinessManagerService
01-06 02:48:59.066   944   944 I SystemServiceManager: Starting com.android.server.scheduling.RebootReadinessManagerService$Lifecycle
01-06 02:48:59.072   500   500 V ZygoteInitTiming_lazy: PreloadClasses took to complete: 1285ms
01-06 02:48:59.072   944   944 V SystemServerTiming: StartRebootReadinessManagerService took to complete: 7ms
01-06 02:48:59.072   944   944 D SystemServerTiming: StartStatsPullAtomService
01-06 02:48:59.072   944   944 I SystemServiceManager: Starting com.android.server.stats.pull.StatsPullAtomService
01-06 02:48:59.072   944   944 V SystemServerTiming: StartStatsPullAtomService took to complete: 0ms
01-06 02:48:59.072   944   944 D SystemServerTiming: StatsBootstrapAtomService
01-06 02:48:59.072   944   944 I SystemServiceManager: Starting com.android.server.stats.bootstrap.StatsBootstrapAtomService$Lifecycle
01-06 02:48:59.073   944   944 V SystemServerTiming: StatsBootstrapAtomService took to complete: 1ms
01-06 02:48:59.073   944   944 D SystemServerTiming: StartIncidentCompanionService
01-06 02:48:59.073   944   944 I SystemServiceManager: Starting com.android.server.incident.IncidentCompanionService
01-06 02:48:59.074   944   944 V SystemServerTiming: StartIncidentCompanionService took to complete: 1ms
01-06 02:48:59.074   944   944 D SystemServerTiming: StarSdkSandboxManagerService
01-06 02:48:59.075   944   944 I SystemServiceManager: Starting com.android.server.sdksandbox.SdkSandboxManagerService$Lifecycle
01-06 02:48:59.078   944   944 V SystemServerTiming: StarSdkSandboxManagerService took to complete: 4ms
01-06 02:48:59.078   944   944 D SystemServerTiming: StartAdServicesManagerService
01-06 02:48:59.079   944   944 I SystemServiceManager: Starting com.android.server.adservices.AdServicesManagerService$Lifecycle
01-06 02:48:59.079   944   944 V SystemServerTiming: StartAdServicesManagerService took to complete: 1ms
01-06 02:48:59.079   944   944 D SystemServerTiming: StartAutoFillService
01-06 02:48:59.079   944   944 I SystemServiceManager: Starting com.android.server.autofill.AutofillManagerService
01-06 02:48:59.081   944   944 D AutofillManagerService: setLogLevelFromSettings(): level=2, debug=true, verbose=false
01-06 02:48:59.081   944   944 D AutofillManagerService: setMaxPartitionsFromSettings(): 10
01-06 02:48:59.081   944   944 D AutofillManagerService: setMaxVisibleDatasetsFromSettings(): 0
01-06 02:48:59.082   944   968 D AutofillUI: destroySaveUiUiThread(): already destroyed
01-06 02:48:59.082   944   944 D AutofillManagerServiceImpl: Reset component for user 0:
01-06 02:48:59.084   944   944 V SystemServerTiming: StartAutoFillService took to complete: 5ms
01-06 02:48:59.084   944   944 D SystemServer: TranslationService not defined by OEM
01-06 02:48:59.084   944   944 D SystemServerTiming: StartClipboardService
01-06 02:48:59.084   944   944 I SystemServiceManager: Starting com.android.server.clipboard.ClipboardService
01-06 02:48:59.087   944   944 V SystemServerTiming: StartClipboardService took to complete: 3ms
01-06 02:48:59.087   944   944 D SystemServerTiming: AppServiceManager
01-06 02:48:59.087   944   944 I SystemServiceManager: Starting com.android.server.appbinding.AppBindingService$Lifecycle
01-06 02:48:59.088   944   944 V SystemServerTiming: AppServiceManager took to complete: 1ms
01-06 02:48:59.088   944   944 D SystemServerTiming: startTracingServiceProxy
01-06 02:48:59.088   944   944 I SystemServiceManager: Starting com.android.server.tracing.TracingServiceProxy
01-06 02:48:59.089   500   500 V ZygoteInitTiming_lazy: CacheNonBootClasspathClassLoaders took to complete: 17ms
01-06 02:48:59.090   944   944 V SystemServerTiming: startTracingServiceProxy took to complete: 2ms
01-06 02:48:59.091   944   944 D SystemServerTiming: MakeLockSettingsServiceReady
01-06 02:48:59.099   944   944 I SyntheticPasswordManager: Device does not support weaver
01-06 02:48:59.100   944   944 I LockSettingsService: Device doesn't implement AuthSecret HAL
01-06 02:48:59.101   944   944 V SystemServerTiming: MakeLockSettingsServiceReady took to complete: 11ms
01-06 02:48:59.101   944   944 D SystemServerTiming: StartBootPhaseLockSettingsReady
01-06 02:48:59.101   944   944 I SystemServiceManager: Starting phase 480
01-06 02:48:59.101   944   944 D SystemServerTiming: OnBootPhase_480
01-06 02:48:59.101   944   944 D SystemServerTiming: OnBootPhase_480_com.android.server.security.FileIntegrityService
01-06 02:48:59.101   944   944 V SystemServerTiming: OnBootPhase_480_com.android.server.security.FileIntegrityService took to complete: 0ms
01-06 02:48:59.101   944   944 D SystemServerTiming: OnBootPhase_480_com.android.server.pm.Installer
01-06 02:48:59.101   944   944 V SystemServerTiming: OnBootPhase_480_com.android.server.pm.Installer took to complete: 0ms
01-06 02:48:59.101   944   944 D SystemServerTiming: OnBootPhase_480_com.android.server.os.DeviceIdentifiersPolicyService
01-06 02:48:59.101   944   944 V SystemServerTiming: OnBootPhase_480_com.android.server.os.DeviceIdentifiersPolicyService took to complete: 0ms
01-06 02:48:59.101   944   944 D SystemServerTiming: OnBootPhase_480_com.android.server.uri.UriGrantsManagerService$Lifecycle
01-06 02:48:59.102   944   944 V SystemServerTiming: OnBootPhase_480_com.android.server.uri.UriGrantsManagerService$Lifecycle took to complete: 0ms
01-06 02:48:59.102   944   944 D SystemServerTiming: OnBootPhase_480_com.android.server.powerstats.PowerStatsService
01-06 02:48:59.102   944   944 V SystemServerTiming: OnBootPhase_480_com.android.server.powerstats.PowerStatsService took to complete: 1ms
01-06 02:48:59.102   944   944 D SystemServerTiming: OnBootPhase_480_com.android.server.wm.ActivityTaskManagerService$Lifecycle
01-06 02:48:59.102   944   944 V SystemServerTiming: OnBootPhase_480_com.android.server.wm.ActivityTaskManagerService$Lifecycle took to complete: 0ms
01-06 02:48:59.102   944   944 D SystemServerTiming: OnBootPhase_480_com.android.server.am.ActivityManagerService$Lifecycle
01-06 02:48:59.102   944   944 V SystemServerTiming: OnBootPhase_480_com.android.server.am.ActivityManagerService$Lifecycle took to complete: 0ms
01-06 02:48:59.102   944   944 D SystemServerTiming: OnBootPhase_480_com.android.server.pm.DataLoaderManagerService
01-06 02:48:59.102   944   944 V SystemServerTiming: OnBootPhase_480_com.android.server.pm.DataLoaderManagerService took to complete: 0ms
01-06 02:48:59.102   944   944 D SystemServerTiming: OnBootPhase_480_com.android.server.power.PowerManagerService
01-06 02:48:59.102   944   944 V SystemServerTiming: OnBootPhase_480_com.android.server.power.PowerManagerService took to complete: 0ms
01-06 02:48:59.102   944   944 D SystemServerTiming: OnBootPhase_480_com.android.server.power.ThermalManagerService
01-06 02:48:59.102   944   944 V SystemServerTiming: OnBootPhase_480_com.android.server.power.ThermalManagerService took to complete: 0ms
01-06 02:48:59.102   944   944 D SystemServerTiming: OnBootPhase_480_com.android.server.power.hint.HintManagerService
01-06 02:48:59.102   944   944 V SystemServerTiming: OnBootPhase_480_com.android.server.power.hint.HintManagerService took to complete: 0ms
01-06 02:48:59.102   944   944 D SystemServerTiming: OnBootPhase_480_com.android.server.recoverysystem.RecoverySystemService$Lifecycle
01-06 02:48:59.102   944   944 V SystemServerTiming: OnBootPhase_480_com.android.server.recoverysystem.RecoverySystemService$Lifecycle took to complete: 0ms
01-06 02:48:59.102   944   944 D SystemServerTiming: OnBootPhase_480_com.android.server.lights.LightsService
01-06 02:48:59.102   944   944 V SystemServerTiming: OnBootPhase_480_com.android.server.lights.LightsService took to complete: 0ms
01-06 02:48:59.102   944   944 D SystemServerTiming: OnBootPhase_480_com.android.server.display.DisplayManagerService
01-06 02:48:59.102   944   944 V SystemServerTiming: OnBootPhase_480_com.android.server.display.DisplayManagerService took to complete: 0ms
01-06 02:48:59.102   944   944 D SystemServerTiming: OnBootPhase_480_com.android.server.pm.verify.domain.DomainVerificationService
01-06 02:48:59.102   944   944 V SystemServerTiming: OnBootPhase_480_com.android.server.pm.verify.domain.DomainVerificationService took to complete: 0ms
01-06 02:48:59.102   944   944 D SystemServerTiming: OnBootPhase_480_com.android.server.pm.PackageInstallerService$Lifecycle
01-06 02:48:59.102   944   944 V SystemServerTiming: OnBootPhase_480_com.android.server.pm.PackageInstallerService$Lifecycle took to complete: 0ms
01-06 02:48:59.102   944   944 D SystemServerTiming: OnBootPhase_480_com.android.server.pm.UserManagerService$LifeCycle
01-06 02:48:59.103   944   944 V SystemServerTiming: OnBootPhase_480_com.android.server.pm.UserManagerService$LifeCycle took to complete: 0ms
01-06 02:48:59.103   944   944 D SystemServerTiming: OnBootPhase_480_com.android.server.om.OverlayManagerService
01-06 02:48:59.103   944   944 V SystemServerTiming: OnBootPhase_480_com.android.server.om.OverlayManagerService took to complete: 0ms
01-06 02:48:59.103   944   944 D SystemServerTiming: OnBootPhase_480_com.android.server.resources.ResourcesManagerService
01-06 02:48:59.103   944   944 V SystemServerTiming: OnBootPhase_480_com.android.server.resources.ResourcesManagerService took to complete: 0ms
01-06 02:48:59.103   944   944 D SystemServerTiming: OnBootPhase_480_com.android.server.sensorprivacy.SensorPrivacyService
01-06 02:48:59.103   944   944 V SystemServerTiming: OnBootPhase_480_com.android.server.sensorprivacy.SensorPrivacyService took to complete: 0ms
01-06 02:48:59.103   944   944 D SystemServerTiming: OnBootPhase_480_com.android.server.sensors.SensorService
01-06 02:48:59.103   944   944 V SystemServerTiming: OnBootPhase_480_com.android.server.sensors.SensorService took to complete: 0ms
01-06 02:48:59.103   944   944 D SystemServerTiming: OnBootPhase_480_com.android.server.SystemConfigService
01-06 02:48:59.103   944   944 V SystemServerTiming: OnBootPhase_480_com.android.server.SystemConfigService took to complete: 0ms
01-06 02:48:59.103   944   944 D SystemServerTiming: OnBootPhase_480_com.android.server.BatteryService
01-06 02:48:59.103   944   944 V SystemServerTiming: OnBootPhase_480_com.android.server.BatteryService took to complete: 0ms
01-06 02:48:59.103   944   944 D SystemServerTiming: OnBootPhase_480_com.android.server.usage.UsageStatsService
01-06 02:48:59.103   944   944 V SystemServerTiming: OnBootPhase_480_com.android.server.usage.UsageStatsService took to complete: 0ms
01-06 02:48:59.103   944   944 D SystemServerTiming: OnBootPhase_480_com.android.server.webkit.WebViewUpdateService
01-06 02:48:59.103   944   944 V SystemServerTiming: OnBootPhase_480_com.android.server.webkit.WebViewUpdateService took to complete: 0ms
01-06 02:48:59.103   944   944 D SystemServerTiming: OnBootPhase_480_com.android.server.CachedDeviceStateService
01-06 02:48:59.103   944   944 V SystemServerTiming: OnBootPhase_480_com.android.server.CachedDeviceStateService took to complete: 0ms
01-06 02:48:59.103   944   944 D SystemServerTiming: OnBootPhase_480_com.android.server.BinderCallsStatsService$LifeCycle
01-06 02:48:59.103   944   944 V SystemServerTiming: OnBootPhase_480_com.android.server.BinderCallsStatsService$LifeCycle took to complete: 0ms
01-06 02:48:59.103   944   944 D SystemServerTiming: OnBootPhase_480_com.android.server.LooperStatsService$Lifecycle
01-06 02:48:59.103   944   944 V SystemServerTiming: OnBootPhase_480_com.android.server.LooperStatsService$Lifecycle took to complete: 0ms
01-06 02:48:59.103   944   944 D SystemServerTiming: OnBootPhase_480_com.android.server.rollback.RollbackManagerService
01-06 02:48:59.103   944   944 V SystemServerTiming: OnBootPhase_480_com.android.server.rollback.RollbackManagerService took to complete: 0ms
01-06 02:48:59.103   944   944 D SystemServerTiming: OnBootPhase_480_com.android.server.os.NativeTombstoneManagerService
01-06 02:48:59.103   944   944 V SystemServerTiming: OnBootPhase_480_com.android.server.os.NativeTombstoneManagerService took to complete: 0ms
01-06 02:48:59.103   944   944 D SystemServerTiming: OnBootPhase_480_com.android.server.os.BugreportManagerService
01-06 02:48:59.103   944   944 V SystemServerTiming: OnBootPhase_480_com.android.server.os.BugreportManagerService took to complete: 0ms
01-06 02:48:59.103   944   944 D SystemServerTiming: OnBootPhase_480_com.android.server.gpu.GpuService
01-06 02:48:59.103   944   944 V SystemServerTiming: OnBootPhase_480_com.android.server.gpu.GpuService took to complete: 0ms
01-06 02:48:59.103   944   944 D SystemServerTiming: OnBootPhase_480_com.android.server.security.KeyChainSystemService
01-06 02:48:59.103   944   944 V SystemServerTiming: OnBootPhase_480_com.android.server.security.KeyChainSystemService took to complete: 0ms
01-06 02:48:59.103   944   944 D SystemServerTiming: OnBootPhase_480_com.android.server.BinaryTransparencyService
01-06 02:48:59.103   944   944 V SystemServerTiming: OnBootPhase_480_com.android.server.BinaryTransparencyService took to complete: 0ms
01-06 02:48:59.104   944   944 D SystemServerTiming: OnBootPhase_480_com.android.server.accounts.AccountManagerService$Lifecycle
01-06 02:48:59.104   944   944 V SystemServerTiming: OnBootPhase_480_com.android.server.accounts.AccountManagerService$Lifecycle took to complete: 0ms
