--------- beginning of main
01-05 12:52:03.301   155   155 I lowmemorykiller: Using psi monitors for memory pressure detection
01-05 12:52:03.303   155   155 I lowmemorykiller: Process polling is supported
01-05 12:52:03.304   155   155 I lowmemorykiller: Process reaper initialized with 2 threads in the pool
01-05 12:52:03.307   158   158 W linker  : Warning: failed to find generated linker configuration from "/linkerconfig/ld.config.txt"
01-05 12:52:03.310   156   156 W linker  : Warning: failed to find generated linker configuration from "/linkerconfig/ld.config.txt"
01-05 12:51:57.564   152   152 W auditd  : type=2000 audit(0.0:1): state=initialized audit_enabled=0 res=1
01-05 12:52:02.224   152   152 W auditd  : type=1403 audit(0.0:2): auid=4294967295 ses=4294967295 lsm=selinux res=1
01-05 12:52:02.232   152   152 W auditd  : type=1404 audit(0.0:3): enforcing=1 old_enforcing=0 auid=4294967295 ses=4294967295 enabled=1 old-enabled=1 lsm=selinux res=1
01-05 12:52:03.342   158   158 I hwservicemanager: getFrameworkHalManifest: Reading VINTF information.
01-05 12:52:03.351   158   158 I hwservicemanager: getDeviceHalManifest: Reading VINTF information.
01-05 12:52:03.362   158   158 I hwservicemanager: getDeviceHalManifest: Successfully processed VINTF information
01-05 12:52:03.362   158   158 I hwservicemanager: getFrameworkHalManifest: Successfully processed VINTF information
01-05 12:52:03.363   158   158 I hwservicemanager: hwservicemanager is ready now.
01-05 12:52:03.416   167   167 I qemu-props: successfully set property 'vendor.qemu.sf.fake_camera' to 'front'
01-05 12:52:03.417   167   167 I qemu-props: successfully set property 'qemu.hw.mainkeys' to '1'
01-05 12:52:03.417   167   167 I qemu-props: successfully set property 'qemu.sf.lcd_density' to '213'
01-05 12:52:03.418   167   167 I qemu-props: successfully set property 'vendor.net.wifi_mac_prefix' to '5554'
01-05 12:52:03.418   167   167 I qemu-props: successfully set property 'vendor.qemu.timezone' to 'Asia/Bangkok'
01-05 12:52:03.419   167   167 I qemu-props: successfully set property 'vendor.qemu.vport.bluetooth' to '/dev/vport8p2'
01-05 12:52:03.419   167   167 W qemu-props: could not open '/sys/class/virtio-ports/vport8p0/name'
01-05 12:52:03.419   167   167 I qemu-props: successfully set property 'vendor.qemu.vport.modem' to '/dev/vport9p1'
01-05 12:52:03.419   167   167 W qemu-props: could not open '/sys/class/virtio-ports/vport8p1/name'
--------- beginning of system
01-05 12:52:03.502   170   170 I vold    : Vold 3.0 (the awakening) firing up
01-05 12:52:03.502   170   170 D vold    : Detected support for: ext4 f2fs vfat
01-05 12:52:03.507   170   170 D vold    : VoldNativeService::start() completed OK
01-05 12:52:03.512   170   176 I vold    : Found disk at /devices/pci0000:00/0000:00:08.0/virtio6/block/vdf but delaying scan due to secure keyguard
01-05 12:52:04.124   158   158 I hwservicemanager: getTransport: Cannot find entry android.system.suspend@1.0::ISystemSuspend/default in either framework or device VINTF manifest.
01-05 12:52:04.124   178   178 E HidlServiceManagement: Service android.system.suspend@1.0::ISystemSuspend/default must be in VINTF manifest in order to register/get.
01-05 12:52:04.125   178   178 I android.system.suspend-service: system-suspend HIDL hal not supported, use the AIDL suspend hal for requesting wakelocks
01-05 12:52:04.142   184   184 I fsverity_init: LoadKeyFromFile path=/system/etc/security/fsverity/fsverity-release.x509.der keyname=fsv_system_0
01-05 12:52:04.144   184   184 I fsverity_init: LoadKeyFromFile path=/product/etc/security/fsverity/gms_fsverity_cert.der keyname=fsv_product_0
01-05 12:52:04.144   180   180 I HidlServiceManagement: Registered android.hardware.atrace@1.0::IAtraceDevice/default
01-05 12:52:04.144   180   180 I HidlServiceManagement: Removing namespace from process name android.hardware.atrace@1.0-service to atrace@1.0-service.
01-05 12:52:04.145   184   184 I fsverity_init: LoadKeyFromFile path=/product/etc/security/fsverity/play_store_fsi_cert.der keyname=fsv_product_1
01-05 12:52:04.165   183   183 I keymaster:  patchlevel string does not match expected format.  Using patchlevel 0
01-05 12:52:04.165   183   183 I android.hardware.security.keymint-service: adding keymint service instance: android.hardware.security.keymint.IKeyMintDevice/default
01-05 12:52:04.168   183   183 I android.hardware.security.keymint-service: adding keymint service instance: android.hardware.security.secureclock.ISecureClock/default
01-05 12:52:04.170   183   183 I android.hardware.security.keymint-service: adding keymint service instance: android.hardware.security.sharedsecret.ISharedSecret/default
01-05 12:52:04.172   183   183 I android.hardware.security.keymint-service: adding keymint service instance: android.hardware.security.keymint.IRemotelyProvisionedComponent/default
01-05 12:52:04.173   170   170 D vold    : fscrypt_mount_metadata_encrypted: /data encrypt: 0 format: 0 with null block device: /dev/block/vdc and zoned device: 
01-05 12:52:04.173   170   170 D vold    : metadata_key_dir/key: /metadata/vold/metadata_encryption/key
01-05 12:52:04.174   170   170 D vold    : Key exists, using: /metadata/vold/metadata_encryption/key
01-05 12:52:04.211   179   179 I keystore2: system/security/keystore2/src/keystore2_main.rs:61 - Keystore2 is starting.
01-05 12:52:04.211   179   179 I keystore2: system/security/keystore2/src/keystore2_main.rs:67 - Setting up sqlite logging for keystore2
01-05 12:52:04.216   179   179 W keystore2: system/security/keystore2/src/metrics_store.rs:577 - In update_keystore_crash_sysprop: Failed to read the existing system property due to: system/security/keystore2/src/metrics_store.rs:608: Property not set..Therefore, keystore crashes will not be logged.
01-05 12:52:04.218   179   179 I keystore2: system/security/keystore2/src/keystore2_main.rs:97 - Starting thread pool now.
01-05 12:52:04.220   179   187 I keystore2: getDeviceHalManifest: Reading VINTF information.
01-05 12:52:04.221   179   179 I keystore2: system/security/keystore2/src/globals.rs:256 - KeyMint device is current version (Some(300)) for security level: r#TRUSTED_ENVIRONMENT
01-05 12:52:04.223   179   187 I keystore2: getDeviceHalManifest: Successfully processed VINTF information
01-05 12:52:04.224   158   158 I hwservicemanager: getTransport: Cannot find entry android.hardware.keymaster@4.0::IKeymasterDevice/default in either framework or device VINTF manifest.
01-05 12:52:04.224   158   158 I hwservicemanager: getTransport: Cannot find entry android.hardware.keymaster@3.0::IKeymasterDevice/default in either framework or device VINTF manifest.
01-05 12:52:04.225   179   187 I keystore2: system/security/keystore2/src/shared_secret_negotiation.rs:47 - Shared secret negotiation concluded successfully.
01-05 12:52:04.227   158   158 I hwservicemanager: getTransport: Cannot find entry android.hardware.keymaster@4.0::IKeymasterDevice/default in either framework or device VINTF manifest.
01-05 12:52:04.227   158   158 I hwservicemanager: getTransport: Cannot find entry android.hardware.keymaster@3.0::IKeymasterDevice/default in either framework or device VINTF manifest.
01-05 12:52:04.227   179   187 I keystore2: system/security/keystore2/src/shared_secret_negotiation.rs:294 - No StrongBox Keymint available, so no RoT transfer
01-05 12:52:04.228   179   179 I keystore2: system/security/keystore2/src/keystore2_main.rs:152 - Successfully registered Keystore 2.0 service.
01-05 12:52:04.228   179   179 I keystore2: system/security/keystore2/src/keystore2_main.rs:154 - Joining thread pool now.
01-05 12:52:04.229   179   191 I SELinux : SELinux: Loaded keystore2 context from:
01-05 12:52:04.229   179   191 I SELinux : 		/system/etc/selinux/plat_keystore2_key_contexts
01-05 12:52:04.234   170   170 D vold    : Mounting metadata-encrypted filesystem:/data
01-05 12:52:04.235   170   170 I vold    : AIDL IBootControl not available, falling back to HIDL.
01-05 12:52:04.236   158   158 I hwservicemanager: getTransport: Cannot find entry android.hardware.boot@1.0::IBootControl/default in either framework or device VINTF manifest.
01-05 12:52:04.236   170   170 E vold    : Error getting bootctrl v1.0 module.
01-05 12:52:04.237   170   170 I vold    : [libfs_mgr] superblock s_max_mnt_count:65535,/dev/block/dm-38
01-05 12:52:04.237   170   170 I vold    : [libfs_mgr] Filesystem on /dev/block/dm-38 was not cleanly shutdown; state flags: 0x1, incompat feature flags: 0x30046
01-05 12:52:04.471   170   170 I vold    : [libfs_mgr] check_fs(): mount(/dev/block/dm-38,/data,ext4)=0: Success
01-05 12:52:04.499   170   170 I vold    : [libfs_mgr] umount_retry(): unmount(/data) succeeded
01-05 12:52:04.499   170   170 I vold    : [libfs_mgr] Running /system/bin/e2fsck on /dev/block/dm-38
01-05 12:52:04.995   170   170 I vold    : [libfs_mgr] e2fsck returned status 0x100
01-05 12:52:04.996   170   170 I vold    : [libfs_mgr] superblock s_max_mnt_count:65535,/dev/block/dm-38
01-05 12:52:04.996   170   170 W vold    : [libfs_mgr] Reserved blocks 32768 is too large; capping to 31457
01-05 12:52:05.003   170   170 I vold    : [libfs_mgr] __mount(source=/dev/block/dm-38,target=/data,type=ext4)=0: Success
01-05 12:52:05.004   170   170 D vold    : Mounted /data
01-05 12:52:05.013   156   186 W libc    : Unable to set property "ctl.interface_start" to "aidl/android.system.keystore2.IKeystoreService/default": error code: 0x20
01-05 12:52:05.063   170   170 I Checkpoint: cp_prepareCheckpoint called
01-05 12:52:05.079   170   170 I vold    : fscrypt_initialize_systemwide_keys
01-05 12:52:05.079   170   170 D vold    : Key exists, using: /data/unencrypted/key
01-05 12:52:05.084   170   170 D vold    : Installed fscrypt key with ref 0a556a21d1f507b9ed64badc637e701a to /data
01-05 12:52:05.084   170   170 D vold    : Added fscrypt-provisioning key for 0a556a21d1f507b9ed64badc637e701a to session keyring
01-05 12:52:05.091   170   170 I vold    : Wrote system DE key reference to:/data/unencrypted/ref
01-05 12:52:05.091   170   170 D vold    : Generating standard storage key
01-05 12:52:05.091   170   170 D vold    : Installed fscrypt key with ref b409a127a7d34c28434faa4054561723 to /data
01-05 12:52:05.091   170   170 D vold    : Added fscrypt-provisioning key for b409a127a7d34c28434faa4054561723 to session keyring
01-05 12:52:05.093   170   170 I vold    : Wrote per boot key reference to:/data/unencrypted/per_boot_ref
01-05 12:52:05.136   212   212 W init    : type=1400 audit(0.0:4): avc:  denied  { execute_no_trans } for  path="/vendor/bin/toybox_vendor" dev="dm-4" ino=218 scontext=u:r:init:s0 tcontext=u:object_r:vendor_toolbox_exec:s0 tclass=file permissive=0 bug=b/183668221
01-05 12:52:05.144   211   211 I tombstoned: tombstoned successfully initialized
01-05 12:52:05.157   170   170 I incfs   : Initial API level of the device: 34
01-05 12:52:05.158   170   170 I incfs   : ro.incremental.enable: yes
01-05 12:52:05.158   170   170 I incfs   : isFsAvailable: true
01-05 12:52:05.158   170   170 I incfs   : isFsAvailable: true
01-05 12:52:05.158   170   170 I incfs   : IncFs_Features: v2
01-05 12:52:05.158   179   191 I keystore2: system/security/keystore2/src/maintenance.rs:206 - In early_boot_ended.
01-05 12:52:05.170   179   191 I keystore2: system/security/keystore2/src/globals.rs:66 - Touching Keystore 2.0 database for this first time since boot.
01-05 12:52:05.170   179   191 I keystore2: system/security/keystore2/src/globals.rs:68 - Calling cleanup leftovers.
01-05 12:52:05.170   179   191 I keystore2: system/security/keystore2/src/boot_level_keys.rs:57 - ro.keystore.boot_level_key.strategy not set, inferring from installed KM instances
01-05 12:52:05.170   179   191 I keystore2: system/security/keystore2/src/boot_level_keys.rs:115 - In get_level_zero_key: security_level=r#SOFTWARE, deny_later_strategy=EarlyBootOnly
01-05 12:52:05.173   179   191 I keystore2: system/security/keystore2/src/super_key.rs:293 - Starting boot level watcher.
01-05 12:52:05.174   179   215 I keystore2: system/security/keystore2/src/super_key.rs:325 - Read keystore.boot_level value 30
01-05 12:52:05.174   179   191 I keystore2: system/security/keystore2/src/maintenance.rs:187 - Call to earlyBootEnded succeeded for security level TRUSTED_ENVIRONMENT.
01-05 12:52:05.174   179   215 I keystore2: system/security/keystore2/src/super_key.rs:325 - Read keystore.boot_level value 30
01-05 12:52:05.175   158   158 I hwservicemanager: getTransport: Cannot find entry android.hardware.keymaster@4.0::IKeymasterDevice/default in either framework or device VINTF manifest.
01-05 12:52:05.175   158   158 I hwservicemanager: getTransport: Cannot find entry android.hardware.keymaster@3.0::IKeymasterDevice/default in either framework or device VINTF manifest.
01-05 12:52:05.175   179   191 E keystore2: system/security/keystore2/src/maintenance.rs:192 - Call to earlyBootEnded failed for security level STRONGBOX: system/security/keystore2/src/maintenance.rs:167: getting keymint device.
01-05 12:52:05.175   179   191 E keystore2: system/security/keystore2/src/error.rs:180 - system/security/keystore2/src/maintenance.rs:167: getting keymint device
01-05 12:52:05.175   179   191 E keystore2: 
01-05 12:52:05.175   179   191 E keystore2: Caused by:
01-05 12:52:05.175   179   191 E keystore2:     0: system/security/keystore2/src/globals.rs:335: Cannot connect to Keymint
01-05 12:52:05.175   179   191 E keystore2:     1: system/security/keystore2/src/globals.rs:246: Trying to get Legacy wrapper.
01-05 12:52:05.175   179   191 E keystore2:     2: Error::Km(r#HARDWARE_TYPE_UNAVAILABLE)
01-05 12:52:05.175   170   170 E vold    : keystore2 Keystore earlyBootEnded returned service specific error: -68
01-05 12:52:05.733   314   314 I derive_sdk: Read version 7 from 15
01-05 12:52:05.733   314   314 I derive_sdk: Read version 7 from 14
01-05 12:52:05.734   314   314 I derive_sdk: Read version 7 from 3
01-05 12:52:05.734   314   314 I derive_sdk: Read version 7 from 9
01-05 12:52:05.735   314   314 I derive_sdk: Read version 7 from 10
01-05 12:52:05.735   314   314 I derive_sdk: Read version 7 from 8
01-05 12:52:05.736   314   314 I derive_sdk: Read version 7 from 11
01-05 12:52:05.737   314   314 I derive_sdk: Read version 7 from 7
01-05 12:52:05.738   314   314 I derive_sdk: Read version 7 from 13
01-05 12:52:05.738   314   314 I derive_sdk: Read version 7 from 4
01-05 12:52:05.739   314   314 I derive_sdk: Read version 7 from 1
01-05 12:52:05.739   314   314 I derive_sdk: Read version 7 from 2
01-05 12:52:05.739   314   314 I derive_sdk: Read version 7 from 5
01-05 12:52:05.740   314   314 I derive_sdk: Read version 7 from 6
01-05 12:52:05.740   314   314 I derive_sdk: Read version 7 from 12
01-05 12:52:05.741   314   314 I derive_sdk: Read version 7 from 16
01-05 12:52:05.741   314   314 I derive_sdk: extension r version is 7
01-05 12:52:05.741   314   314 I derive_sdk: extension s version is 7
01-05 12:52:05.742   314   314 I derive_sdk: extension t version is 7
01-05 12:52:05.742   314   314 I derive_sdk: extension u version is 7
01-05 12:52:05.743   314   314 I derive_sdk: extension ad_services version is 7
01-05 12:52:05.756   170   170 D vold    : fscrypt_init_user0
01-05 12:52:05.757   170   170 D vold    : Preparing: /data/misc/vold/user_keys
01-05 12:52:05.757   170   170 D vold    : Preparing: /data/misc/vold/user_keys/ce
01-05 12:52:05.758   170   170 D vold    : Preparing: /data/misc/vold/user_keys/de
01-05 12:52:05.762   170   170 D vold    : Installed fscrypt key with ref f84751761bd05f2fb4ea9a356467da48 to /data
01-05 12:52:05.762   170   170 D vold    : Added fscrypt-provisioning key for f84751761bd05f2fb4ea9a356467da48 to session keyring
01-05 12:52:05.762   170   170 D vold    : Installed de key for user 0
01-05 12:52:05.763   170   170 D vold    : Preparing: /data/data
01-05 12:52:05.764   170   170 D vold    : Preparing: /data/user/0
01-05 12:52:05.765   170   170 D vold    : Preparing: /data/media/obb
01-05 12:52:05.765   170   170 D vold    : fscrypt_prepare_user_storage for volume null, user 0, serial 0, flags 1
01-05 12:52:05.765   170   170 D vold    : Preparing: /data/system/users/0
01-05 12:52:05.766   170   170 D vold    : Preparing: /data/misc/profiles/cur/0
01-05 12:52:05.767   170   170 D vold    : Preparing: /data/system_de/0
01-05 12:52:05.767   170   170 I vold    : Verified that /data/system_de/0 has the encryption policy f84751761bd05f2fb4ea9a356467da48 v2 modes 1/4 flags 0x2
01-05 12:52:05.767   170   170 D vold    : Preparing: /data/vendor_de/0
01-05 12:52:05.768   170   170 I vold    : Verified that /data/vendor_de/0 has the encryption policy f84751761bd05f2fb4ea9a356467da48 v2 modes 1/4 flags 0x2
01-05 12:52:05.768   170   170 D vold    : Preparing: /data/misc_de/0
01-05 12:52:05.769   170   170 I vold    : Verified that /data/misc_de/0 has the encryption policy f84751761bd05f2fb4ea9a356467da48 v2 modes 1/4 flags 0x2
01-05 12:52:05.769   170   170 D vold    : Preparing: /data/user_de/0
01-05 12:52:05.770   170   170 I vold    : Verified that /data/user_de/0 has the encryption policy f84751761bd05f2fb4ea9a356467da48 v2 modes 1/4 flags 0x2
01-05 12:52:05.770   170   170 D vold    : /system/bin/vold_prepare_subdirs
01-05 12:52:05.770   170   170 D vold    :     prepare
01-05 12:52:05.770   170   170 D vold    :     
01-05 12:52:05.770   170   170 D vold    :     0
01-05 12:52:05.770   170   170 D vold    :     1
01-05 12:52:05.776   316   316 D vold_prepare_subdirs: Setting up mode 771 uid 1000 gid 1000 context u:object_r:system_data_file:s0:c512,c768 on path: /data/user_de/0
01-05 12:52:05.776   316   316 D vold_prepare_subdirs: Setting up mode 771 uid 1000 gid 1000 context u:object_r:sdk_sandbox_system_data_file:s0:c512,c768 on path: /data/misc_de/0/sdksandbox
01-05 12:52:05.777   316   316 D vold_prepare_subdirs: Setting up mode 700 uid 0 gid 0 context u:object_r:vold_data_file:s0 on path: /data/misc_de/0/vold
01-05 12:52:05.777   316   316 D vold_prepare_subdirs: Setting up mode 700 uid 0 gid 0 context u:object_r:storaged_data_file:s0 on path: /data/misc_de/0/storaged
01-05 12:52:05.778   316   316 D vold_prepare_subdirs: Setting up mode 700 uid 0 gid 0 context u:object_r:rollback_data_file:s0 on path: /data/misc_de/0/rollback
01-05 12:52:05.778   316   316 D vold_prepare_subdirs: Setting up mode 700 uid 0 gid 0 context u:object_r:apex_rollback_data_file:s0 on path: /data/misc_de/0/apexrollback
01-05 12:52:05.778   316   316 D vold_prepare_subdirs: Setting up mode 711 uid 0 gid 0 context u:object_r:apex_module_data_file:s0 on path: /data/misc_de/0/apexdata
01-05 12:52:05.779   316   316 D vold_prepare_subdirs: Setting up mode 771 uid 0 gid 1000 context u:object_r:apex_module_data_file:s0 on path: /data/misc_de/0/apexdata/com.android.configinfrastructure
01-05 12:52:05.779   316   316 D vold_prepare_subdirs: Setting up mode 771 uid 0 gid 1000 context u:object_r:apex_module_data_file:s0 on path: /data/misc_de/0/apexdata/com.android.extservices
01-05 12:52:05.779   316   316 D vold_prepare_subdirs: Setting up mode 771 uid 0 gid 1000 context u:object_r:apex_module_data_file:s0 on path: /data/misc_de/0/apexdata/com.android.adbd
01-05 12:52:05.779   316   316 D vold_prepare_subdirs: Setting up mode 771 uid 0 gid 1000 context u:object_r:apex_module_data_file:s0 on path: /data/misc_de/0/apexdata/com.android.mediaprovider
01-05 12:52:05.780   316   316 D vold_prepare_subdirs: Setting up mode 771 uid 0 gid 1000 context u:object_r:apex_module_data_file:s0 on path: /data/misc_de/0/apexdata/com.android.media.swcodec
01-05 12:52:05.780   316   316 D vold_prepare_subdirs: Setting up mode 771 uid 0 gid 1000 context u:object_r:apex_module_data_file:s0 on path: /data/misc_de/0/apexdata/com.android.scheduling
01-05 12:52:05.780   316   316 D vold_prepare_subdirs: Setting up mode 771 uid 0 gid 1000 context u:object_r:apex_module_data_file:s0 on path: /data/misc_de/0/apexdata/com.android.conscrypt
01-05 12:52:05.780   316   316 D vold_prepare_subdirs: Setting up mode 771 uid 0 gid 1000 context u:object_r:apex_module_data_file:s0 on path: /data/misc_de/0/apexdata/com.android.art
01-05 12:52:05.780   316   316 D vold_prepare_subdirs: Setting up mode 771 uid 0 gid 1000 context u:object_r:apex_system_server_data_file:s0 on path: /data/misc_de/0/apexdata/com.android.wifi
01-05 12:52:05.780   316   316 D vold_prepare_subdirs: Setting up mode 771 uid 0 gid 1000 context u:object_r:apex_module_data_file:s0 on path: /data/misc_de/0/apexdata/com.android.adservices
01-05 12:52:05.780   316   316 D vold_prepare_subdirs: Setting up mode 771 uid 0 gid 1000 context u:object_r:apex_module_data_file:s0 on path: /data/misc_de/0/apexdata/com.android.resolv
01-05 12:52:05.781   316   316 D vold_prepare_subdirs: Setting up mode 771 uid 0 gid 1000 context u:object_r:apex_system_server_data_file:s0 on path: /data/misc_de/0/apexdata/com.android.uwb
01-05 12:52:05.781   316   316 D vold_prepare_subdirs: Setting up mode 771 uid 0 gid 1000 context u:object_r:apex_module_data_file:s0 on path: /data/misc_de/0/apexdata/com.android.neuralnetworks
01-05 12:52:05.781   316   316 D vold_prepare_subdirs: Setting up mode 771 uid 0 gid 1000 context u:object_r:apex_module_data_file:s0 on path: /data/misc_de/0/apexdata/com.android.tethering
01-05 12:52:05.781   316   316 D vold_prepare_subdirs: Setting up mode 771 uid 0 gid 1000 context u:object_r:apex_module_data_file:s0 on path: /data/misc_de/0/apexdata/com.android.ondevicepersonalization
01-05 12:52:05.781   316   316 D vold_prepare_subdirs: Setting up mode 771 uid 0 gid 1000 context u:object_r:apex_system_server_data_file:s0 on path: /data/misc_de/0/apexdata/com.android.permission
01-05 12:52:05.781   316   316 D vold_prepare_subdirs: Setting up mode 771 uid 0 gid 1000 context u:object_r:apex_module_data_file:s0 on path: /data/misc_de/0/apexdata/com.android.ipsec
01-05 12:52:05.782   316   316 D vold_prepare_subdirs: Setting up mode 771 uid 0 gid 1000 context u:object_r:apex_module_data_file:s0 on path: /data/misc_de/0/apexdata/com.android.media
01-05 12:52:05.782   316   316 D vold_prepare_subdirs: Setting up mode 771 uid 0 gid 1000 context u:object_r:apex_module_data_file:s0 on path: /data/misc_de/0/apexdata/com.android.sdkext
01-05 12:52:05.782   316   316 D vold_prepare_subdirs: Setting up mode 771 uid 0 gid 1000 context u:object_r:apex_module_data_file:s0 on path: /data/misc_de/0/apexdata/com.android.devicelock
01-05 12:52:05.782   316   316 D vold_prepare_subdirs: Setting up mode 771 uid 0 gid 1000 context u:object_r:apex_module_data_file:s0 on path: /data/misc_de/0/apexdata/com.android.os.statsd
01-05 12:52:05.782   316   316 D vold_prepare_subdirs: Setting up mode 771 uid 0 gid 1000 context u:object_r:apex_module_data_file:s0 on path: /data/misc_de/0/apexdata/com.android.appsearch
01-05 12:52:05.782   316   316 D vold_prepare_subdirs: Setting up mode 771 uid 0 gid 1000 context u:object_r:apex_module_data_file:s0 on path: /data/misc_de/0/apexdata/com.android.healthfitness
01-05 12:52:05.782   316   316 D vold_prepare_subdirs: Setting up mode 771 uid 0 gid 1000 context u:object_r:apex_module_data_file:s0 on path: /data/misc_de/0/apexdata/com.android.btservices
01-05 12:52:05.782   316   316 D vold_prepare_subdirs: Setting up mode 771 uid 0 gid 1000 context u:object_r:apex_module_data_file:s0 on path: /data/misc_de/0/apexdata/com.android.apex.cts.shim
01-05 12:52:05.782   316   316 D vold_prepare_subdirs: Setting up mode 771 uid 0 gid 1000 context u:object_r:apex_module_data_file:s0 on path: /data/misc_de/0/apexdata/com.android.virt
01-05 12:52:05.782   316   316 D vold_prepare_subdirs: Setting up mode 771 uid 0 gid 1000 context u:object_r:apex_module_data_file:s0 on path: /data/misc_de/0/apexdata/com.android.rkpd
01-05 12:52:05.782   316   316 D vold_prepare_subdirs: Setting up mode 771 uid 0 gid 1000 context u:object_r:apex_module_data_file:s0 on path: /data/misc_de/0/apexdata/com.google.mainline.primary.libs
01-05 12:52:05.782   316   316 D vold_prepare_subdirs: Setting up mode 771 uid 0 gid 1000 context u:object_r:apex_module_data_file:s0 on path: /data/misc_de/0/apexdata/com.android.runtime
01-05 12:52:05.782   316   316 D vold_prepare_subdirs: Setting up mode 771 uid 0 gid 1000 context u:object_r:apex_module_data_file:s0 on path: /data/misc_de/0/apexdata/com.android.i18n
01-05 12:52:05.783   316   316 D vold_prepare_subdirs: Setting up mode 771 uid 0 gid 1000 context u:object_r:apex_module_data_file:s0 on path: /data/misc_de/0/apexdata/com.android.vndk.v34
01-05 12:52:05.783   316   316 D vold_prepare_subdirs: Setting up mode 771 uid 0 gid 1000 context u:object_r:apex_module_data_file:s0 on path: /data/misc_de/0/apexdata/com.android.tzdata
01-05 12:52:05.783   316   316 D vold_prepare_subdirs: Setting up mode 771 uid 0 gid 1000 context u:object_r:apex_module_data_file:s0 on path: /data/misc_de/0/apexdata/sharedlibs
01-05 12:52:05.783   316   316 D vold_prepare_subdirs: Setting up mode 771 uid 1000 gid 1000 context u:object_r:user_profile_root_file:s0:c512,c768 on path: /data/misc/profiles/cur/0
01-05 12:52:05.783   316   316 D vold_prepare_subdirs: Setting up mode 700 uid 1000 gid 1000 context u:object_r:fingerprint_vendor_data_file:s0 on path: /data/vendor_de/0/fpdata
01-05 12:52:05.784   316   316 D vold_prepare_subdirs: Setting up mode 700 uid 1000 gid 1000 context u:object_r:face_vendor_data_file:s0 on path: /data/vendor_de/0/facedata
01-05 12:52:05.784   170   170 D vold    : Detected support for FS_IOC_ADD_ENCRYPTION_KEY
01-05 12:52:05.826   318   318 I derive_classpath: ParseFragments for bootclasspath
01-05 12:52:05.836   318   318 I derive_classpath: ReadClasspathFragment /apex/com.android.art/etc/classpaths/bootclasspath.pb
01-05 12:52:05.837   318   318 I derive_classpath: ReadClasspathFragment /system/etc/classpaths/bootclasspath.pb
01-05 12:52:05.837   318   318 I derive_classpath: ReadClasspathFragment /apex/com.android.adservices/etc/classpaths/bootclasspath.pb
01-05 12:52:05.838   318   318 I derive_classpath: ReadClasspathFragment /apex/com.android.appsearch/etc/classpaths/bootclasspath.pb
01-05 12:52:05.838   318   318 I derive_classpath: ReadClasspathFragment /apex/com.android.btservices/etc/classpaths/bootclasspath.pb
01-05 12:52:05.839   318   318 I derive_classpath: ReadClasspathFragment /apex/com.android.configinfrastructure/etc/classpaths/bootclasspath.pb
01-05 12:52:05.839   318   318 I derive_classpath: ReadClasspathFragment /apex/com.android.conscrypt/etc/classpaths/bootclasspath.pb
01-05 12:52:05.839   318   318 I derive_classpath: ReadClasspathFragment /apex/com.android.devicelock/etc/classpaths/bootclasspath.pb
01-05 12:52:05.840   318   318 I derive_classpath: ReadClasspathFragment /apex/com.android.healthfitness/etc/classpaths/bootclasspath.pb
01-05 12:52:05.840   318   318 I derive_classpath: ReadClasspathFragment /apex/com.android.ipsec/etc/classpaths/bootclasspath.pb
01-05 12:52:05.841   318   318 I derive_classpath: ReadClasspathFragment /apex/com.android.media/etc/classpaths/bootclasspath.pb
01-05 12:52:05.841   318   318 I derive_classpath: ReadClasspathFragment /apex/com.android.mediaprovider/etc/classpaths/bootclasspath.pb
01-05 12:52:05.856   318   318 I derive_classpath: ReadClasspathFragment /apex/com.android.ondevicepersonalization/etc/classpaths/bootclasspath.pb
01-05 12:52:05.858   318   318 I derive_classpath: ReadClasspathFragment /apex/com.android.os.statsd/etc/classpaths/bootclasspath.pb
01-05 12:52:05.859   318   318 I derive_classpath: ReadClasspathFragment /apex/com.android.permission/etc/classpaths/bootclasspath.pb
01-05 12:52:05.859   318   318 I derive_classpath: ReadClasspathFragment /apex/com.android.scheduling/etc/classpaths/bootclasspath.pb
01-05 12:52:05.860   318   318 I derive_classpath: ReadClasspathFragment /apex/com.android.sdkext/etc/classpaths/bootclasspath.pb
01-05 12:52:05.861   318   318 I derive_classpath: ReadClasspathFragment /apex/com.android.tethering/etc/classpaths/bootclasspath.pb
01-05 12:52:05.862   318   318 I derive_classpath: ReadClasspathFragment /apex/com.android.uwb/etc/classpaths/bootclasspath.pb
01-05 12:52:05.863   318   318 I derive_classpath: ReadClasspathFragment /apex/com.android.virt/etc/classpaths/bootclasspath.pb
01-05 12:52:05.863   318   318 I derive_classpath: ReadClasspathFragment /apex/com.android.wifi/etc/classpaths/bootclasspath.pb
01-05 12:52:05.864   318   318 I derive_classpath: ParseFragments for systemserverclasspath
01-05 12:52:05.865   318   318 I derive_classpath: ReadClasspathFragment /system/etc/classpaths/systemserverclasspath.pb
01-05 12:52:05.865   318   318 I derive_classpath: ReadClasspathFragment /apex/com.android.adservices/etc/classpaths/systemserverclasspath.pb
01-05 12:52:05.866   318   318 I derive_classpath: ReadClasspathFragment /apex/com.android.appsearch/etc/classpaths/systemserverclasspath.pb
01-05 12:52:05.866   318   318 I derive_classpath: ReadClasspathFragment /apex/com.android.art/etc/classpaths/systemserverclasspath.pb
01-05 12:52:05.866   318   318 I derive_classpath: ReadClasspathFragment /apex/com.android.btservices/etc/classpaths/systemserverclasspath.pb
01-05 12:52:05.867   318   318 I derive_classpath: ReadClasspathFragment /apex/com.android.configinfrastructure/etc/classpaths/systemserverclasspath.pb
01-05 12:52:05.868   318   318 I derive_classpath: ReadClasspathFragment /apex/com.android.devicelock/etc/classpaths/systemserverclasspath.pb
01-05 12:52:05.868   318   318 I derive_classpath: ReadClasspathFragment /apex/com.android.healthfitness/etc/classpaths/systemserverclasspath.pb
01-05 12:52:05.869   318   318 I derive_classpath: ReadClasspathFragment /apex/com.android.media/etc/classpaths/systemserverclasspath.pb
01-05 12:52:05.869   318   318 I derive_classpath: ReadClasspathFragment /apex/com.android.ondevicepersonalization/etc/classpaths/systemserverclasspath.pb
01-05 12:52:05.870   318   318 I derive_classpath: ReadClasspathFragment /apex/com.android.os.statsd/etc/classpaths/systemserverclasspath.pb
01-05 12:52:05.870   318   318 I derive_classpath: ReadClasspathFragment /apex/com.android.permission/etc/classpaths/systemserverclasspath.pb
01-05 12:52:05.870   318   318 I derive_classpath: ReadClasspathFragment /apex/com.android.rkpd/etc/classpaths/systemserverclasspath.pb
01-05 12:52:05.871   318   318 I derive_classpath: ReadClasspathFragment /apex/com.android.scheduling/etc/classpaths/systemserverclasspath.pb
01-05 12:52:05.871   318   318 I derive_classpath: ReadClasspathFragment /apex/com.android.tethering/etc/classpaths/systemserverclasspath.pb
01-05 12:52:05.871   318   318 I derive_classpath: ReadClasspathFragment /apex/com.android.uwb/etc/classpaths/systemserverclasspath.pb
01-05 12:52:05.872   318   318 I derive_classpath: ReadClasspathFragment /apex/com.android.wifi/etc/classpaths/systemserverclasspath.pb
01-05 12:52:05.872   318   318 I derive_classpath: WriteClasspathExports /data/system/environ/classpath
01-05 12:52:05.872   318   318 I derive_classpath: WriteClasspathExports content
01-05 12:52:05.872   318   318 I derive_classpath: export BOOTCLASSPATH /apex/com.android.art/javalib/core-oj.jar:/apex/com.android.art/javalib/core-libart.jar:/apex/com.android.art/javalib/okhttp.jar:/apex/com.android.art/javalib/bouncycastle.jar:/apex/com.android.art/javalib/apache-xml.jar:/system/framework/framework.jar:/system/framework/framework-graphics.jar:/system/framework/ext.jar:/system/framework/telephony-common.jar:/system/framework/voip-common.jar:/system/framework/ims-common.jar:/apex/com.android.i18n/javalib/core-icu4j.jar:/apex/com.android.adservices/javalib/framework-adservices.jar:/apex/com.android.adservices/javalib/framework-sdksandbox.jar:/apex/com.android.appsearch/javalib/framework-appsearch.jar:/apex/com.android.btservices/javalib/framework-bluetooth.jar:/apex/com.android.configinfrastructure/javalib/framework-configinfrastructure.jar:/apex/com.android.conscrypt/javalib/conscrypt.jar:/apex/com.android.devicelock/javalib/framework-devicelock.jar:/apex/com.android.healthfitness/javalib/framework-healthfitness.jar:/apex/com.android.ipsec/javalib/android.net.ipsec.ike.jar:/apex/com.android.media/javalib/updatable-media.jar:/apex/com.android.mediaprovider/javalib/framework-mediaprovider.jar:/apex/com.android.ondevicepersonalization/javalib/framework-ondevicepersonalization.jar:/apex/com.android.os.statsd/javalib/framework-statsd.jar:/apex/com.android.permission/javalib/framework-permission.jar:/apex/com.android.permission/javalib/framework-permission-s.jar:/apex/com.android.scheduling/javalib/framework-scheduling.jar:/apex/com.android.sdkext/javalib/framework-sdkextensions.jar:/apex/com.android.tethering/javalib/framework-connectivity.jar:/apex/com.android.tethering/javalib/framework-connectivity-t.jar:/apex/com.android.tethering/javalib/framework-tethering.jar:/apex/com.android.uwb/javalib/framework-uwb.jar:/apex/com.android.virt/javalib/framework-virtualization.jar:/apex/com.android.wifi/javalib/framework-wifi.jar
01-05 12:52:05.872   318   318 I derive_classpath: export DEX2OATBOOTCLASSPATH /apex/com.android.art/javalib/core-oj.jar:/apex/com.android.art/javalib/core-libart.jar:/apex/com.android.art/javalib/okhttp.jar:/apex/com.android.art/javalib/bouncycastle.jar:/apex/com.android.art/javalib/apache-xml.jar:/system/framework/framework.jar:/system/framework/framework-graphics.jar:/system/framework/ext.jar:/system/framework/telephony-common.jar:/system/framework/voip-common.jar:/system/framework/ims-common.jar:/apex/com.android.i18n/javalib/core-icu4j.jar
01-05 12:52:05.872   318   318 I derive_classpath: export SYSTEMSERVERCLASSPATH /system/framework/com.android.location.provider.jar:/system/framework/services.jar:/apex/com.android.adservices/javalib/service-adservices.jar:/apex/com.android.adservices/javalib/service-sdksandbox.jar:/apex/com.android.appsearch/javalib/service-appsearch.jar:/apex/com.android.art/javalib/service-art.jar:/apex/com.android.configinfrastructure/javalib/service-configinfrastructure.jar:/apex/com.android.healthfitness/javalib/service-healthfitness.jar:/apex/com.android.media/javalib/service-media-s.jar:/apex/com.android.ondevicepersonalization/javalib/service-ondevicepersonalization.jar:/apex/com.android.permission/javalib/service-permission.jar:/apex/com.android.rkpd/javalib/service-rkp.jar
01-05 12:52:05.872   318   318 I derive_classpath: export STANDALONE_SYSTEMSERVER_JARS /apex/com.android.btservices/javalib/service-bluetooth.jar:/apex/com.android.devicelock/javalib/service-devicelock.jar:/apex/com.android.os.statsd/javalib/service-statsd.jar:/apex/com.android.scheduling/javalib/service-scheduling.jar:/apex/com.android.tethering/javalib/service-connectivity.jar:/apex/com.android.uwb/javalib/service-uwb.jar:/apex/com.android.wifi/javalib/service-wifi.jar
01-05 12:52:05.936   319   319 I art_boot: Property persist.device_config.runtime_native_boot.useartservice not set
01-05 12:52:05.963   320   320 I odsign  : Trying to retrieve existing HMAC key...
01-05 12:52:05.965   320   320 I odsign  : Trying to retrieve existing keystore key...
01-05 12:52:05.970   320   320 I odsign  : Verified public key signature.
01-05 12:52:05.970   320   320 I odsign  : Initialized Keystore key.
01-05 12:52:05.970   320   320 I odsign  : Found and verified existing public key certificate: /data/misc/odsign/key.cert
01-05 12:52:06.087   321   321 I odrefresh: ART APEX version 340090000
01-05 12:52:06.211   321   321 I odrefresh: Boot images on /system OK (x86)
01-05 12:52:06.213   321   321 I odrefresh: system_server artifacts on /system OK
01-05 12:52:06.221   320   320 I odsign  : /data/misc/odsign/odsign.info.signature matches.
01-05 12:52:06.221   320   320 I odsign  : Loaded /data/misc/odsign/odsign.info
01-05 12:52:06.222   320   320 I odsign  : All root hashes match.
01-05 12:52:06.222   320   320 I odsign  : odrefresh said artifacts are VALID
01-05 12:52:06.222   320   320 I odsign  : On-device signing done.
01-05 12:52:06.222   320   320 I odsign  : Metrics report is empty
01-05 12:52:06.286   179   215 I keystore2: system/security/keystore2/src/super_key.rs:330 - keystore.boot_level 1000000000 hits maximum 1000000000, finishing.
01-05 12:52:06.381   334   334 W otapreopt_slot: Slot property empty.
01-05 12:52:06.937   348   348 I ServiceManagerCppClient: Waiting for service 'statscompanion' on '/dev/binder'...
01-05 12:52:06.984   349   349 I netdClient: Skipping libnetd_client init since *we* are netd
01-05 12:52:06.995   355   355 I HidlServiceManagement: Registered android.hidl.allocator@1.0::IAllocator/ashmem
01-05 12:52:06.995   355   355 I HidlServiceManagement: Removing namespace from process name android.hidl.allocator@1.0-service to allocator@1.0-service.
01-05 12:52:07.026   349   349 I netd    : netd 1.0 starting
01-05 12:52:07.034   349   349 I netd    : Pid file removed
01-05 12:52:07.034   349   349 I netd    : SIGPIPE is blocked
01-05 12:52:07.034   349   349 I netd    : setCloseOnExec(dnsproxyd)
01-05 12:52:07.035   349   349 I netd    : setCloseOnExec(fwmarkd)
01-05 12:52:07.035   349   349 I netd    : setCloseOnExec(mdns)
01-05 12:52:07.035   349   349 I NetdUpdatable: libnetd_updatable_init: Initializing
01-05 12:52:07.035   349   349 I BpfHandler: BPF programs are loaded
01-05 12:52:07.035   349   349 I BpfHandler: initMaps successfully
01-05 12:52:07.035   349   349 I netd    : libnetd_updatable_init success
01-05 12:52:07.037   349   349 I netd    : NetlinkManager instanced
01-05 12:52:07.038   349   349 I netd    : enter NetworkController ctor
01-05 12:52:07.038   349   349 E TcUtils : NLMSG_ERROR message return error: -2
01-05 12:52:07.038   349   349 E TcUtils : NLMSG_ERROR message return error: -2
01-05 12:52:07.038   349   349 E TcUtils : NLMSG_ERROR message return error: -2
01-05 12:52:07.038   349   349 E TcUtils : NLMSG_ERROR message return error: -2
01-05 12:52:07.039   349   349 E TcUtils : NLMSG_ERROR message return error: -2
01-05 12:52:07.039   349   349 E TcUtils : NLMSG_ERROR message return error: -2
01-05 12:52:07.039   349   349 E TcUtils : NLMSG_ERROR message return error: -2
01-05 12:52:07.039   349   349 E TcUtils : NLMSG_ERROR message return error: -2
01-05 12:52:07.041   349   349 E TcUtils : NLMSG_ERROR message return error: -2
01-05 12:52:07.041   349   349 E TcUtils : NLMSG_ERROR message return error: -2
01-05 12:52:07.041   349   349 E TcUtils : NLMSG_ERROR message return error: -2
01-05 12:52:07.041   349   349 E TcUtils : NLMSG_ERROR message return error: -2
01-05 12:52:07.041   349   349 E TcUtils : NLMSG_ERROR message return error: -2
01-05 12:52:07.041   349   349 E TcUtils : NLMSG_ERROR message return error: -2
01-05 12:52:07.041   349   349 E TcUtils : NLMSG_ERROR message return error: -2
01-05 12:52:07.041   349   349 E TcUtils : NLMSG_ERROR message return error: -2
01-05 12:52:07.041   349   349 I netd    : leave NetworkController ctor
01-05 12:52:07.041   349   349 I netd    : enter TetherController ctor
01-05 12:52:07.041   349   349 D TetherController: Setting IP forward enable = 0
01-05 12:52:07.042   349   349 I netd    : leave TetherController ctor
01-05 12:52:07.089   158   158 I hwservicemanager: getDeviceHalManifest: Reloading VINTF information.
01-05 12:52:07.089   158   158 I hwservicemanager: getDeviceHalManifest: Reading VINTF information.
01-05 12:52:07.090   158   158 I hwservicemanager: getDeviceHalManifest: Successfully processed VINTF information
01-05 12:52:07.098   349   349 I netd    : Creating child chains: 47152us
01-05 12:52:07.098   349   349 I netd    : Setting up OEM hooks: 283us
01-05 12:52:07.098   349   349 I netd    : Setting up FirewallController hooks: 458us
01-05 12:52:07.099   349   349 I netd    : Setting up TetherController hooks: 1086us
01-05 12:52:07.100   365   365 I android.hardware.health-service.example: Starting health HAL.
01-05 12:52:07.100   365   365 I android.hardware.health-service.example: default instance initializing with healthd_config...
01-05 12:52:07.101   349   349 I netd    : Setting up BandwidthController hooks: 1126us
01-05 12:52:07.101   349   349 I netd    : Setting up IdletimerController hooks: 98us
01-05 12:52:07.103   349   349 I netd    : Setting up StrictController hooks: 2447us
01-05 12:52:07.107   365   365 I android.hardware.health-service.example: default: Hal init done
01-05 12:52:07.114   349   349 I netd    : Enabling bandwidth control: 10445us
01-05 12:52:07.115   349   349 I netd    : Initializing RouteController: 1134us
01-05 12:52:07.115   349   349 D XfrmController: XfrmController::ipSecAddXfrmInterface, line=1497
01-05 12:52:07.116   349   349 D XfrmController: XfrmController::ipSecRemoveTunnelInterface, line=1710
01-05 12:52:07.116   349   349 D XfrmController: deviceName=ipsec_test
01-05 12:52:07.136   349   349 D XfrmController: Sending Netlink XFRM Message: XFRM_MSG_FLUSHSA
01-05 12:52:07.136   349   349 D XfrmController: Sending Netlink XFRM Message: XFRM_MSG_FLUSHPOLICY
01-05 12:52:07.136   349   349 I netd    : Initializing XfrmController: 21762us
01-05 12:52:07.142   372   372 I android.hardware.thermal@2.0-service-mock: Thermal HAL Service Mock 2.0 starting...
01-05 12:52:07.147   372   372 I HidlServiceManagement: Registered android.hardware.thermal@2.0::IThermal/default
01-05 12:52:07.147   360   360 I HidlServiceManagement: Registered android.hardware.gatekeeper@1.0::IGatekeeper/default
01-05 12:52:07.147   372   372 I HidlServiceManagement: Removing namespace from process name android.hardware.thermal@2.0-service.mock to thermal@2.0-service.mock.
01-05 12:52:07.147   360   360 I HidlServiceManagement: Removing namespace from process name android.hardware.gatekeeper@1.0-service.software to gatekeeper@1.0-service.software.
01-05 12:52:07.147   372   372 I android.hardware.thermal@2.0-service-mock: Thermal Service started successfully.
01-05 12:52:07.171   349   349 I resolv  : resolv_init: Initializing resolver
01-05 12:52:07.196   378   378 I aidl.android.hardware.bluetooth.service.default: Bluetooth HAL starting
01-05 12:52:07.246   374   374 I android.hardware.wifi-service: Wifi Hal is booting up...
01-05 12:52:07.249   374   374 I android.hardware.wifi-service: Joining RPC thread pool
01-05 12:52:07.266   371   371 I Manager : DeviceManager::DeviceManager
01-05 12:52:07.266   371   371 I Manager : findAvailableDevices
01-05 12:52:07.266   371   371 I Manager : Enabled devices: .*
01-05 12:52:07.270   364   364 I HidlServiceManagement: Registered android.hardware.graphics.allocator@3.0::IAllocator/default
01-05 12:52:07.270   364   364 I HidlServiceManagement: Removing namespace from process name android.hardware.graphics.allocator@3.0-service.ranchu to allocator@3.0-service.ranchu.
01-05 12:52:07.270   364   364 I android.hardware.graphics.allocator@3.0-service.ranchu: graphics IAllocator@3.0 service is initialized
01-05 12:52:07.274   359   359 I android.hardware.pixel.camera.provider@2.7-service: Google camera provider service is starting.
01-05 12:52:07.276   359   359 E ProcessState: vndservicemanager is not started on this device, you can save resources/threads by not initializing ProcessState with /dev/vndbinder.
01-05 12:52:07.277   359   359 I android.hardware.pixel.camera.provider@2.7-service: Not using ApexUpdateListener since not running in an apex.
01-05 12:52:07.278   359   359 I GCH_CameraProvider: CreateHwl:Loading libgooglecamerahwl_impl.so library
01-05 12:52:07.281   356   356 I HidlServiceManagement: Registered android.hardware.audio@7.1::IDevicesFactory/default
01-05 12:52:07.281   356   356 I HidlServiceManagement: Removing namespace from process name android.hardware.audio.service to audio.service.
01-05 12:52:07.282   356   356 I LegacySupport: Registration complete for android.hardware.audio@7.1::IDevicesFactory/default.
01-05 12:52:07.284   371   371 I Manager : Found interface nnapi-sample_sl (version = JUST_AN_EXAMPLE)
01-05 12:52:07.287   371   371 I ShimDeviceManager: Attempting service registration for android.hardware.neuralnetworks.IDevice/nnapi-sample_sl_shim
01-05 12:52:07.289   371   371 I ShimDeviceManager: 1 NNAPI Devices/services registered, blocking
01-05 12:52:07.315   356   356 I HidlServiceManagement: Registered android.hardware.audio.effect@7.0::IEffectsFactory/default
01-05 12:52:07.315   356   356 I LegacySupport: Registration complete for android.hardware.audio.effect@7.0::IEffectsFactory/default.
01-05 12:52:07.315   158   158 I hwservicemanager: getTransport: Cannot find entry android.hardware.soundtrigger@2.3::ISoundTriggerHw/default in either framework or device VINTF manifest.
01-05 12:52:07.316   356   356 E LegacySupport: Could not get passthrough implementation for android.hardware.soundtrigger@2.3::ISoundTriggerHw/default.
01-05 12:52:07.316   158   158 I hwservicemanager: getTransport: Cannot find entry android.hardware.soundtrigger@2.2::ISoundTriggerHw/default in either framework or device VINTF manifest.
01-05 12:52:07.316   356   356 E LegacySupport: Could not get passthrough implementation for android.hardware.soundtrigger@2.2::ISoundTriggerHw/default.
01-05 12:52:07.316   158   158 I hwservicemanager: getTransport: Cannot find entry android.hardware.soundtrigger@2.1::ISoundTriggerHw/default in either framework or device VINTF manifest.
01-05 12:52:07.316   356   356 E LegacySupport: Could not get passthrough implementation for android.hardware.soundtrigger@2.1::ISoundTriggerHw/default.
01-05 12:52:07.316   158   158 I hwservicemanager: getTransport: Cannot find entry android.hardware.soundtrigger@2.0::ISoundTriggerHw/default in either framework or device VINTF manifest.
01-05 12:52:07.316   356   356 E LegacySupport: Could not get passthrough implementation for android.hardware.soundtrigger@2.0::ISoundTriggerHw/default.
01-05 12:52:07.316   356   356 W audiohalservice: Could not register Soundtrigger API
01-05 12:52:07.317   158   158 I hwservicemanager: getTransport: Cannot find entry android.hardware.bluetooth.audio@2.2::IBluetoothAudioProvidersFactory/default in either framework or device VINTF manifest.
01-05 12:52:07.317   356   356 E LegacySupport: Could not get passthrough implementation for android.hardware.bluetooth.audio@2.2::IBluetoothAudioProvidersFactory/default.
01-05 12:52:07.317   158   158 I hwservicemanager: getTransport: Cannot find entry android.hardware.bluetooth.audio@2.1::IBluetoothAudioProvidersFactory/default in either framework or device VINTF manifest.
01-05 12:52:07.317   356   356 E LegacySupport: Could not get passthrough implementation for android.hardware.bluetooth.audio@2.1::IBluetoothAudioProvidersFactory/default.
01-05 12:52:07.317   158   158 I hwservicemanager: getTransport: Cannot find entry android.hardware.bluetooth.audio@2.0::IBluetoothAudioProvidersFactory/default in either framework or device VINTF manifest.
01-05 12:52:07.317   356   356 E LegacySupport: Could not get passthrough implementation for android.hardware.bluetooth.audio@2.0::IBluetoothAudioProvidersFactory/default.
01-05 12:52:07.317   356   356 W audiohalservice: Could not register Bluetooth Audio API
01-05 12:52:07.317   158   158 I hwservicemanager: getTransport: Cannot find entry android.hardware.bluetooth.a2dp@1.0::IBluetoothAudioOffload/default in either framework or device VINTF manifest.
01-05 12:52:07.318   356   356 E LegacySupport: Could not get passthrough implementation for android.hardware.bluetooth.a2dp@1.0::IBluetoothAudioOffload/default.
01-05 12:52:07.318   356   356 W audiohalservice: Could not register Bluetooth Audio Offload API
01-05 12:52:07.326   387   387 I RanchuHwc: RanchuHWC (HWComposer3/HWC3) starting up...
01-05 12:52:07.329   366   366 D android.hardware.media.c2@1.0-service-goldfish: Goldfish C2 Service starting...
01-05 12:52:07.330   366   366 W android.hardware.media.c2@1.0-service-goldfish: Could not read additional policy file '/vendor/etc/seccomp_policy/codec2.vendor.ext.policy'
01-05 12:52:07.330   366   366 W android.hardware.media.c2@1.0-service-goldfish: libminijail[366]: failed to get path of fd 4: No such file or directory
01-05 12:52:07.331   366   366 W android.hardware.media.c2@1.0-service-goldfish: libminijail[366]: allowing syscall: socketcall
01-05 12:52:07.331   366   366 W android.hardware.media.c2@1.0-service-goldfish: libminijail[366]: allowing syscall: writev
01-05 12:52:07.331   366   366 W android.hardware.media.c2@1.0-service-goldfish: libminijail[366]: allowing syscall: fcntl64
01-05 12:52:07.331   366   366 W android.hardware.media.c2@1.0-service-goldfish: libminijail[366]: allowing syscall: clock_gettime
01-05 12:52:07.331   366   366 W android.hardware.media.c2@1.0-service-goldfish: libminijail[366]: compile_file: <fd>(34): nonexistent syscall 'newfstatat'
01-05 12:52:07.331   366   366 W android.hardware.media.c2@1.0-service-goldfish: libminijail[366]: compile_file: <fd>(50): syscall _llseek redefined here
01-05 12:52:07.331   366   366 W android.hardware.media.c2@1.0-service-goldfish: libminijail[366]: compile_file: <fd>(38): previous definition here
01-05 12:52:07.331   366   366 W android.hardware.media.c2@1.0-service-goldfish: libminijail[366]: compile_file: <fd>(69): syscall gettid redefined here
01-05 12:52:07.331   366   366 W android.hardware.media.c2@1.0-service-goldfish: libminijail[366]: compile_file: <fd>(66): previous definition here
01-05 12:52:07.332   366   366 W android.hardware.media.c2@1.0-service-goldfish: libminijail[366]: compile_file: /system/etc/seccomp_policy/crash_dump.x86.policy(1): syscall read redefined here
01-05 12:52:07.332   366   366 W android.hardware.media.c2@1.0-service-goldfish: libminijail[366]: compile_file: <fd>(15): previous definition here
01-05 12:52:07.332   366   366 W android.hardware.media.c2@1.0-service-goldfish: libminijail[366]: compile_file: /system/etc/seccomp_policy/crash_dump.x86.policy(2): syscall write redefined here
