01-06 02:49:03.541   944   976 V SystemServerTimingAsync: ssm.onUnlockedUser-0_com.android.server.media.metrics.MediaMetricsManagerService took to complete: 0ms
01-06 02:49:03.541   944   976 D SystemServerTimingAsync: ssm.onUnlockedUser-0_com.android.server.media.projection.MediaProjectionManagerService
01-06 02:49:03.541   944   976 V SystemServerTimingAsync: ssm.onUnlockedUser-0_com.android.server.media.projection.MediaProjectionManagerService took to complete: 0ms
01-06 02:49:03.541   944   976 D SystemServerTimingAsync: ssm.onUnlockedUser-0_com.android.server.slice.SliceManagerService$Lifecycle
01-06 02:49:03.541   944   976 V SystemServerTimingAsync: ssm.onUnlockedUser-0_com.android.server.slice.SliceManagerService$Lifecycle took to complete: 0ms
01-06 02:49:03.541   944   976 D SystemServerTimingAsync: ssm.onUnlockedUser-0_com.android.server.stats.StatsCompanion$Lifecycle
01-06 02:49:03.541   944   976 V SystemServerTimingAsync: ssm.onUnlockedUser-0_com.android.server.stats.StatsCompanion$Lifecycle took to complete: 0ms
01-06 02:49:03.541   944   976 D SystemServerTimingAsync: ssm.onUnlockedUser-0_com.android.server.scheduling.RebootReadinessManagerService$Lifecycle
01-06 02:49:03.541   944   976 V SystemServerTimingAsync: ssm.onUnlockedUser-0_com.android.server.scheduling.RebootReadinessManagerService$Lifecycle took to complete: 0ms
01-06 02:49:03.541   944   976 D SystemServerTimingAsync: ssm.onUnlockedUser-0_com.android.server.stats.pull.StatsPullAtomService
01-06 02:49:03.541   944   976 V SystemServerTimingAsync: ssm.onUnlockedUser-0_com.android.server.stats.pull.StatsPullAtomService took to complete: 0ms
01-06 02:49:03.541   944   976 D SystemServerTimingAsync: ssm.onUnlockedUser-0_com.android.server.stats.bootstrap.StatsBootstrapAtomService$Lifecycle
01-06 02:49:03.541   944   976 V SystemServerTimingAsync: ssm.onUnlockedUser-0_com.android.server.stats.bootstrap.StatsBootstrapAtomService$Lifecycle took to complete: 0ms
01-06 02:49:03.541   944   976 D SystemServerTimingAsync: ssm.onUnlockedUser-0_com.android.server.incident.IncidentCompanionService
01-06 02:49:03.541   944   976 V SystemServerTimingAsync: ssm.onUnlockedUser-0_com.android.server.incident.IncidentCompanionService took to complete: 0ms
01-06 02:49:03.541   944   976 D SystemServerTimingAsync: ssm.onUnlockedUser-0_com.android.server.sdksandbox.SdkSandboxManagerService$Lifecycle
01-06 02:49:03.541   944   976 V SystemServerTimingAsync: ssm.onUnlockedUser-0_com.android.server.sdksandbox.SdkSandboxManagerService$Lifecycle took to complete: 0ms
01-06 02:49:03.541   944   976 D SystemServerTimingAsync: ssm.onUnlockedUser-0_com.android.server.adservices.AdServicesManagerService$Lifecycle
01-06 02:49:03.541   944   976 V SystemServerTimingAsync: ssm.onUnlockedUser-0_com.android.server.adservices.AdServicesManagerService$Lifecycle took to complete: 0ms
01-06 02:49:03.541   944   976 D SystemServerTimingAsync: ssm.onUnlockedUser-0_com.android.server.autofill.AutofillManagerService
01-06 02:49:03.542   944   976 V SystemServerTimingAsync: ssm.onUnlockedUser-0_com.android.server.autofill.AutofillManagerService took to complete: 0ms
01-06 02:49:03.542   944   976 D SystemServerTimingAsync: ssm.onUnlockedUser-0_com.android.server.clipboard.ClipboardService
01-06 02:49:03.542   944   976 V SystemServerTimingAsync: ssm.onUnlockedUser-0_com.android.server.clipboard.ClipboardService took to complete: 0ms
01-06 02:49:03.542   944   976 D SystemServerTimingAsync: ssm.onUnlockedUser-0_com.android.server.appbinding.AppBindingService$Lifecycle
01-06 02:49:03.542   944   976 V SystemServerTimingAsync: ssm.onUnlockedUser-0_com.android.server.appbinding.AppBindingService$Lifecycle took to complete: 0ms
01-06 02:49:03.543   944   976 D SystemServerTimingAsync: ssm.onUnlockedUser-0_com.android.server.tracing.TracingServiceProxy
01-06 02:49:03.543   944   976 V SystemServerTimingAsync: ssm.onUnlockedUser-0_com.android.server.tracing.TracingServiceProxy took to complete: 0ms
01-06 02:49:03.543   944   976 D SystemServerTimingAsync: ssm.onUnlockedUser-0_com.android.server.policy.PermissionPolicyService
01-06 02:49:03.543   944   976 V SystemServerTimingAsync: ssm.onUnlockedUser-0_com.android.server.policy.PermissionPolicyService took to complete: 0ms
01-06 02:49:03.543   944   976 D SystemServerTimingAsync: ssm.onUnlockedUser-0_com.android.server.pm.StagingManager$Lifecycle
01-06 02:49:03.543   944   976 V SystemServerTimingAsync: ssm.onUnlockedUser-0_com.android.server.pm.StagingManager$Lifecycle took to complete: 0ms
01-06 02:49:03.543   944   976 D SystemServerTimingAsync: ssm.onUnlockedUser-0_com.android.server.app.GameManagerService$Lifecycle
01-06 02:49:03.543   944   976 V SystemServerTimingAsync: ssm.onUnlockedUser-0_com.android.server.app.GameManagerService$Lifecycle took to complete: 0ms
01-06 02:49:03.543   944   976 D SystemServerTimingAsync: ssm.onUnlockedUser-0_com.android.safetycenter.SafetyCenterService
01-06 02:49:03.543   944   976 V SystemServerTimingAsync: ssm.onUnlockedUser-0_com.android.safetycenter.SafetyCenterService took to complete: 0ms
01-06 02:49:03.543   944   976 D SystemServerTimingAsync: ssm.onUnlockedUser-0_com.android.server.appsearch.AppSearchModule$Lifecycle
01-06 02:49:03.543   944   976 V SystemServerTimingAsync: ssm.onUnlockedUser-0_com.android.server.appsearch.AppSearchModule$Lifecycle took to complete: 0ms
01-06 02:49:03.543   944   976 D SystemServerTimingAsync: ssm.onUnlockedUser-0_com.android.server.media.MediaCommunicationService
01-06 02:49:03.543   944   976 V SystemServerTimingAsync: ssm.onUnlockedUser-0_com.android.server.media.MediaCommunicationService took to complete: 0ms
01-06 02:49:03.543   944   976 D SystemServerTimingAsync: ssm.onUnlockedUser-0_com.android.server.compat.overrides.AppCompatOverridesService$Lifecycle
01-06 02:49:03.543   944   976 V SystemServerTimingAsync: ssm.onUnlockedUser-0_com.android.server.compat.overrides.AppCompatOverridesService$Lifecycle took to complete: 0ms
01-06 02:49:03.543   944   976 V SystemServerTimingAsync: ssm.UnlockedUser-0 took to complete: 44ms
01-06 02:49:03.544   944   976 W ActivityManager: UserLifecycleEvent 6 received without an active userJourneySession.
01-06 02:49:03.544   944   970 D CompatibilityChangeReporter: Compat change id reported: 197654537; UID 10058; state: ENABLED
01-06 02:49:03.544   944   969 I DropBoxManagerService: add tag=system_server_strictmode isTagEnabled=true flags=0x2
01-06 02:49:03.561   944   944 D CompatibilityChangeReporter: Compat change id reported: 135634846; UID 10082; state: DISABLED
01-06 02:49:03.561   944   944 D CompatibilityChangeReporter: Compat change id reported: 177438394; UID 10082; state: DISABLED
01-06 02:49:03.561   944   944 D CompatibilityChangeReporter: Compat change id reported: 135772972; UID 10082; state: DISABLED
01-06 02:49:03.561   944   944 D CompatibilityChangeReporter: Compat change id reported: 135754954; UID 10082; state: ENABLED
01-06 02:49:03.562   944  1753 E TaskPersister: File error accessing recents directory (directory doesn't exist?).
01-06 02:49:03.562   944  1753 E TaskPersister: File error accessing recents directory (directory doesn't exist?).
01-06 02:49:03.566   944  1511 D CompatibilityChangeReporter: Compat change id reported: 161252188; UID 1000; state: ENABLED
01-06 02:49:03.568   944   944 V NotificationAssistants: disabling notification assistant for user 0: ComponentInfo{android.ext.services/android.ext.services.notification.Assistant}
01-06 02:49:03.568   944   944 D NotificationListeners: Removing active service ComponentInfo{android.ext.services/android.ext.services.notification.Assistant}
01-06 02:49:03.568   944  1511 D CompatibilityChangeReporter: Compat change id reported: 135634846; UID 1000; state: DISABLED
01-06 02:49:03.568   944  1511 D CompatibilityChangeReporter: Compat change id reported: 177438394; UID 1000; state: DISABLED
01-06 02:49:03.568   944  1511 D CompatibilityChangeReporter: Compat change id reported: 135772972; UID 1000; state: DISABLED
01-06 02:49:03.568   944  1511 D CompatibilityChangeReporter: Compat change id reported: 135754954; UID 1000; state: ENABLED
01-06 02:49:03.573   944   977 W ActivityManager: Slow operation: 84ms so far, now at startProcess: done updating battery stats
01-06 02:49:03.573   944   977 W ActivityManager: Slow operation: 84ms so far, now at startProcess: building log message
01-06 02:49:03.573   944   977 I ActivityManager: Start proc 1754:com.caavo.pw.ceccontroller/u0a67 for added application com.caavo.pw.ceccontroller
01-06 02:49:03.573   944   977 W ActivityManager: Slow operation: 84ms so far, now at startProcess: starting to update pids map
01-06 02:49:03.573   944   977 W ActivityManager: Slow operation: 84ms so far, now at startProcess: done updating pids map
01-06 02:49:03.573   944   977 W ActivityManager: Slow operation: 83ms so far, now at startProcess: asking zygote to start proc
01-06 02:49:03.574   944   970 D CompatibilityChangeReporter: Compat change id reported: 135634846; UID 10058; state: DISABLED
01-06 02:49:03.574   944   970 D CompatibilityChangeReporter: Compat change id reported: 177438394; UID 10058; state: DISABLED
01-06 02:49:03.574   944   970 D CompatibilityChangeReporter: Compat change id reported: 135772972; UID 10058; state: DISABLED
01-06 02:49:03.574   944   970 D CompatibilityChangeReporter: Compat change id reported: 135754954; UID 10058; state: ENABLED
01-06 02:49:03.576   944   944 V NotificationAssistants: enabling notification assistant for 0: ComponentInfo{android.ext.services/android.ext.services.notification.Assistant}
01-06 02:49:03.576   944   944 V NotificationAssistants: binding: Intent { act=android.service.notification.NotificationAssistantService cmp=android.ext.services/.notification.Assistant (has extras) }
01-06 02:49:03.577   944   944 D CompatibilityChangeReporter: Compat change id reported: 168419799; UID 10090; state: DISABLED
01-06 02:49:03.586   944  1511 W ActivityManager: No pending application record for pid 1747 (IApplicationThread android.app.IApplicationThread$Stub$Proxy@496ced0); dropping process
01-06 02:49:03.587   944   977 W ActivityManager: Slow operation: 97ms so far, now at startProcess: returned from zygote!
01-06 02:49:03.588   944   977 W ActivityManager: Slow operation: 97ms so far, now at startProcess: done updating battery stats
01-06 02:49:03.588   944   977 W ActivityManager: Slow operation: 98ms so far, now at startProcess: building log message
01-06 02:49:03.588   944   977 I ActivityManager: Start proc 1797:com.sonos.cinemascope/u0a60 for added application com.sonos.cinemascope
01-06 02:49:03.588   944   977 W ActivityManager: Slow operation: 98ms so far, now at startProcess: starting to update pids map
01-06 02:49:03.588   944   977 W ActivityManager: Slow operation: 98ms so far, now at startProcess: done updating pids map
01-06 02:49:03.588   944   977 D CompatibilityChangeReporter: Compat change id reported: 143937733; UID 10082; state: ENABLED
01-06 02:49:03.600   944  1608 D CompatibilityChangeReporter: Compat change id reported: 168419799; UID 10067; state: DISABLED
01-06 02:49:03.604  1367  1367 W ContextImpl: Calling a method in the system process without a qualified user: android.app.ContextImpl.startService:1863 android.content.ContextWrapper.startService:817 android.content.ContextWrapper.startService:817 com.droidlogic.btpair.FastBootComplete.onReceive:20 android.app.ActivityThread.handleReceiver:4310 
01-06 02:49:03.615     0     0 I [2 T69    ..] binder: undelivered TRANSACTION_COMPLETE
01-06 02:49:03.615     0     0 I [2 T69    ..] binder: undelivered transaction 41596, process died.
01-06 02:49:03.612   944  1607 D CompatibilityChangeReporter: Compat change id reported: 168419799; UID 10089; state: DISABLED
01-06 02:49:03.623   944  1607 D CompatibilityChangeReporter: Compat change id reported: 171306433; UID 1073; state: ENABLED
01-06 02:49:03.623   944  1607 D CompatibilityChangeReporter: Compat change id reported: 218533173; UID 1073; state: ENABLED
01-06 02:49:03.626   944   977 W ActivityManager: Slow operation: 66ms so far, now at startProcess: returned from zygote!
01-06 02:49:03.626   944   977 W ActivityManager: Slow operation: 66ms so far, now at startProcess: done updating battery stats
01-06 02:49:03.627   944   977 W ActivityManager: Slow operation: 66ms so far, now at startProcess: building log message
01-06 02:49:03.627   944   977 I ActivityManager: Start proc 1807:com.sonos.connectivity/u0a82 for service {com.sonos.connectivity/com.sonos.connectivity.mediacontroller.MediaControllerService}
01-06 02:49:03.627   944   977 W ActivityManager: Slow operation: 67ms so far, now at startProcess: starting to update pids map
01-06 02:49:03.627   944   977 W ActivityManager: Slow operation: 67ms so far, now at startProcess: done updating pids map
01-06 02:49:03.627   944   977 W ActivityManager: Slow operation: 60ms so far, now at startProcess: asking zygote to start proc
01-06 02:49:03.636   944  1188 I BackupManagerService: isBackupEnabled() => false due to absent settings file
01-06 02:49:03.636   944  1188 D BackupManagerService: user:0 readBackupEnableState enabled:false
01-06 02:49:03.636   944  1188 I BackupManagerService: [UserID:0] Backup enabled => false
01-06 02:49:03.648   944   977 W ActivityManager: Slow operation: 81ms so far, now at startProcess: returned from zygote!
01-06 02:49:03.651   944  1607 D CompatibilityChangeReporter: Compat change id reported: 168419799; UID 10060; state: DISABLED
01-06 02:49:03.659     0     0 I [1 T1     ..] selinux: SELinux: Skipping restorecon on directory(/data/misc_ce/0/apexdata/com.android.wifi)
01-06 02:49:03.659     0     0 I [1 T1     ..] selinux:  
01-06 02:49:03.671     0     0 W [2 T1794  ..] audit: audit_lost=86 audit_rate_limit=5 audit_backlog_limit=64
01-06 02:49:03.670   944  1607 D CompatibilityChangeReporter: Compat change id reported: 168419799; UID 10082; state: DISABLED
01-06 02:49:03.674   944   977 W ActivityManager: Slow operation: 106ms so far, now at startProcess: done updating battery stats
01-06 02:49:03.674   944   977 W ActivityManager: Slow operation: 107ms so far, now at startProcess: building log message
01-06 02:49:03.674   944   977 I ActivityManager: Start proc 1823:com.android.keychain/1000 for service {com.android.keychain/com.android.keychain.KeyChainService}
01-06 02:49:03.674   944   977 W ActivityManager: Slow operation: 107ms so far, now at startProcess: starting to update pids map
01-06 02:49:03.674   944   977 W ActivityManager: Slow operation: 107ms so far, now at startProcess: done updating pids map
01-06 02:49:03.674   944   977 W ActivityManager: Slow operation: 101ms so far, now at startProcess: asking zygote to start proc
01-06 02:49:03.674   944   977 D CompatibilityChangeReporter: Compat change id reported: 143937733; UID 10058; state: ENABLED
01-06 02:49:03.687   944   977 W ActivityManager: Slow operation: 114ms so far, now at startProcess: returned from zygote!
01-06 02:49:03.688   944   977 W ActivityManager: Slow operation: 114ms so far, now at startProcess: done updating battery stats
01-06 02:49:03.688   944   977 W ActivityManager: Slow operation: 115ms so far, now at startProcess: building log message
01-06 02:49:03.688   944   977 I ActivityManager: Start proc 1847:com.sonos.tv.launcher/u0a58 for top-activity {com.sonos.tv.launcher/com.sonos.tv.contentguidelauncher.MainActivity}
01-06 02:49:03.688   944   977 W ActivityManager: Slow operation: 115ms so far, now at startProcess: starting to update pids map
01-06 02:49:03.688   944   977 W ActivityManager: Slow operation: 115ms so far, now at startProcess: done updating pids map
01-06 02:49:03.691   944   944 W Looper  : Slow dispatch took 106ms main h=android.app.ActivityThread$H c=android.app.LoadedApk$ReceiverDispatcher$Args$$ExternalSyntheticLambda0@e94648d m=0
01-06 02:49:03.691   944   944 I NotificationHistory: Attempted to unlock gone/disabled user 0
01-06 02:49:03.696   944  1231 I SyncManager: Loaded persisted syncs: 0 periodic syncs, 0 oneshot syncs, 13 total system server jobs, JobStats: FirstLoad: 4/3/0 LastSave: -1/-1/-1
01-06 02:49:03.701   944  1741 V BackupManagerConstants: getKeyValueBackupIntervalMilliseconds(...) returns 14400000
01-06 02:49:03.701   944  1741 V BackupManagerConstants: getKeyValueBackupFuzzMilliseconds(...) returns 600000
01-06 02:49:03.701   944  1741 V BackupManagerConstants: getKeyValueBackupRequiredNetworkType(...) returns 1
01-06 02:49:03.701   944  1741 V BackupManagerConstants: getKeyValueBackupRequireCharging(...) returns true
01-06 02:49:03.701   944  1741 V KeyValueBackupJob: Scheduling k/v pass in 243 minutes
01-06 02:49:03.736   944   944 D CompatibilityChangeReporter: Compat change id reported: 135634846; UID 10069; state: DISABLED
01-06 02:49:03.736   944   944 D CompatibilityChangeReporter: Compat change id reported: 177438394; UID 10069; state: DISABLED
01-06 02:49:03.736   944   944 D CompatibilityChangeReporter: Compat change id reported: 135772972; UID 10069; state: DISABLED
01-06 02:49:03.736   944   944 D CompatibilityChangeReporter: Compat change id reported: 135754954; UID 10069; state: ENABLED
01-06 02:49:03.736   944   977 D CompatibilityChangeReporter: Compat change id reported: 143937733; UID 10069; state: ENABLED
01-06 02:49:03.737   944   944 V NotificationAssistants: 0 notification assistant service connected: ComponentInfo{android.ext.services/android.ext.services.notification.Assistant}
01-06 02:49:03.740   944   944 D BatterySaverPolicy: accessibility changed to true, updating policy.
01-06 02:49:03.747   944  1511 D CompatibilityChangeReporter: Compat change id reported: 161145287; UID 10067; state: DISABLED
01-06 02:49:03.759   944  1852 I DropBoxManagerService: add tag=SYSTEM_BOOT isTagEnabled=true flags=0x2
01-06 02:49:03.761   944   960 D CompatibilityChangeReporter: Compat change id reported: 168419799; UID 10058; state: DISABLED
01-06 02:49:03.761   944  1852 I BootReceiver: Copying /sys/fs/pstore/console-ramoops-0 to DropBox (SYSTEM_LAST_KMSG)
01-06 02:49:03.761   944  1852 I DropBoxManagerService: add tag=SYSTEM_LAST_KMSG isTagEnabled=true flags=0x6
01-06 02:49:03.763   944   960 D CompatibilityChangeReporter: Compat change id reported: 184838306; UID 10058; state: DISABLED
01-06 02:49:03.763   944   960 D CompatibilityChangeReporter: Compat change id reported: 185004937; UID 10058; state: DISABLED
01-06 02:49:03.764   944   960 D CompatibilityChangeReporter: Compat change id reported: 174042980; UID 1000; state: DISABLED
01-06 02:49:03.766   944  1852 I BootReceiver: Copying audit failures to DropBox
01-06 02:49:03.770   944  1197 E HDMI    : [1]:Failed to send <Give Device Power Status> 30:8F with errorCode=1
01-06 02:49:03.771   944   944 D HDMI    : queryDisplayStatus status=-1
01-06 02:49:03.771   944   944 D HDMI    : queryDisplayStatus status=-1
01-06 02:49:03.772   944   944 D HDMI    : Boot tv status=-1
01-06 02:49:03.775   944  1852 I BootReceiver: Copied 1274 worth of audits to DropBox
01-06 02:49:03.775   944  1852 I DropBoxManagerService: add tag=SYSTEM_AUDIT isTagEnabled=true flags=0x2
01-06 02:49:03.777   944  1852 I BootReceiver: Checking for fsck errors
01-06 02:49:03.777   944  1852 I BootReceiver: fs_stat, partition:param stat:0x3
01-06 02:49:03.778   944  1852 I BootReceiver: fs_stat, partition:tee stat:0x3
01-06 02:49:03.787   944  1852 D CompatibilityChangeReporter: Compat change id reported: 135634846; UID 10022; state: DISABLED
01-06 02:49:03.787   944  1852 D CompatibilityChangeReporter: Compat change id reported: 177438394; UID 10022; state: DISABLED
01-06 02:49:03.788   944  1852 D CompatibilityChangeReporter: Compat change id reported: 135772972; UID 10022; state: DISABLED
01-06 02:49:03.788   944  1852 D CompatibilityChangeReporter: Compat change id reported: 135754954; UID 10022; state: ENABLED
01-06 02:49:03.923   944  1167 W ContextImpl: Calling a method in the system process without a qualified user: android.app.ContextImpl.sendStickyBroadcast:1586 com.android.server.ConnectivityService.sendStickyBroadcast:3074 com.android.server.ConnectivityService.sendGeneralBroadcast:3047 com.android.server.ConnectivityService.sendConnectedBroadcast:3020 com.android.server.ConnectivityService.sendLegacyNetworkBroadcast:9436 
01-06 02:49:03.927   944   976 W BroadcastQueue: Target SDK mismatch: receiver ActivityInfo{728dc14 com.aml.dial.BootBroadcast} targets 31 but delivery restricted to [0, 23] broadcasting Intent { act=android.net.conn.CONNECTIVITY_CHANGE flg=0x4200010 (has extras) } from android (pid=944, uid=1000) to com.aml.dial/.BootBroadcast
01-06 02:49:03.927   944   976 W BroadcastQueue: Target SDK mismatch: receiver ActivityInfo{aebfcbd com.droidlogic.EthernetWifiSwitch} targets 33 but delivery restricted to [0, 23] broadcasting Intent { act=android.net.conn.CONNECTIVITY_CHANGE flg=0x4200010 (has extras) } from android (pid=944, uid=1000) to com.droidlogic/.EthernetWifiSwitch
01-06 02:49:03.932   944   977 W ActivityManager: Slow operation: 197ms so far, now at startProcess: returned from zygote!
01-06 02:49:03.932   944   977 W ActivityManager: Slow operation: 197ms so far, now at startProcess: done updating battery stats
01-06 02:49:03.932   944   977 W ActivityManager: Slow operation: 197ms so far, now at startProcess: building log message
01-06 02:49:03.932   944   977 I ActivityManager: Start proc 1885:com.aml.dial/u0a69 for broadcast {com.aml.dial/com.aml.dial.BootBroadcast}
01-06 02:49:03.932   944   977 W ActivityManager: Slow operation: 197ms so far, now at startProcess: starting to update pids map
01-06 02:49:03.933   944   977 W ActivityManager: Slow operation: 197ms so far, now at startProcess: done updating pids map
01-06 02:49:03.933   944   977 W ActivityManager: Slow operation: 148ms so far, now at startProcess: asking zygote to start proc
01-06 02:49:03.933   944   977 D CompatibilityChangeReporter: Compat change id reported: 143937733; UID 10022; state: ENABLED
01-06 02:49:03.980   944   977 W ActivityManager: Slow operation: 195ms so far, now at startProcess: returned from zygote!
01-06 02:49:03.980   944   977 W ActivityManager: Slow operation: 195ms so far, now at startProcess: done updating battery stats
01-06 02:49:03.980   944   977 W ActivityManager: Slow operation: 195ms so far, now at startProcess: building log message
01-06 02:49:03.980   944   977 I ActivityManager: Start proc 1900:android.process.media/u0a22 for content provider {com.android.providers.downloads/com.android.providers.downloads.DownloadProvider}
01-06 02:49:03.980   944   977 W ActivityManager: Slow operation: 195ms so far, now at startProcess: starting to update pids map
01-06 02:49:03.980   944   977 W ActivityManager: Slow operation: 195ms so far, now at startProcess: done updating pids map
01-06 02:49:04.015   944  1607 D CompatibilityChangeReporter: Compat change id reported: 161252188; UID 7502; state: ENABLED
01-06 02:49:04.017   944  1607 D CompatibilityChangeReporter: Compat change id reported: 135634846; UID 7502; state: DISABLED
01-06 02:49:04.018   944  1607 D CompatibilityChangeReporter: Compat change id reported: 177438394; UID 7502; state: DISABLED
01-06 02:49:04.018   944  1607 D CompatibilityChangeReporter: Compat change id reported: 135772972; UID 7502; state: DISABLED
01-06 02:49:04.018   944  1607 D CompatibilityChangeReporter: Compat change id reported: 135754954; UID 7502; state: ENABLED
01-06 02:49:04.023   944  1219 D CompatibilityChangeReporter: Compat change id reported: 168419799; UID 10069; state: DISABLED
01-06 02:49:04.054   944   977 I ActivityManager: Start proc 1913:com.sonos.tv.ble.remote/7502 for service {com.sonos.tv.ble.remote/com.sonos.tv.ble.remote.BleRemoteService}
01-06 02:49:04.067   944  1607 D CompatibilityChangeReporter: Compat change id reported: 161145287; UID 10060; state: DISABLED
01-06 02:49:04.077   944  1511 D CompatibilityChangeReporter: Compat change id reported: 161145287; UID 10082; state: DISABLED
01-06 02:49:04.091   944   959 D CompatibilityChangeReporter: Compat change id reported: 168419799; UID 7502; state: DISABLED
01-06 02:49:04.111   944  1511 D CompatibilityChangeReporter: Compat change id reported: 161145287; UID 10058; state: DISABLED
01-06 02:49:04.117   944   944 D HDMI    : queryDisplayStatus status=-1
01-06 02:49:04.117   944   944 D HDMI    : queryDisplayStatus status=-1
01-06 02:49:04.117   944   944 D HDMI    : Boot tv status=-1
01-06 02:49:04.125   944   976 W BroadcastQueue: Exported Denial: sending Intent { act=android.net.wifi.WIFI_STATE_CHANGED flg=0x4000010 (has extras) }, action: android.net.wifi.WIFI_STATE_CHANGED from null (uid=-1) due to receiver ProcessRecord{7323ac3 1807:com.sonos.connectivity/u0a82} (uid 10082) not specifying RECEIVER_EXPORTED
01-06 02:49:04.174   944   969 I DropBoxManagerService: add tag=system_app_strictmode isTagEnabled=true flags=0x2
01-06 02:49:04.179   944  1100 D CompatibilityChangeReporter: Compat change id reported: 168419799; UID 10022; state: DISABLED
01-06 02:49:04.187   944   960 D CompatibilityChangeReporter: Compat change id reported: 161252188; UID 10062; state: ENABLED
01-06 02:49:04.190   944   960 D CompatibilityChangeReporter: Compat change id reported: 135634846; UID 10062; state: DISABLED
01-06 02:49:04.190   944   960 D CompatibilityChangeReporter: Compat change id reported: 177438394; UID 10062; state: DISABLED
01-06 02:49:04.190   944   960 D CompatibilityChangeReporter: Compat change id reported: 135772972; UID 10062; state: DISABLED
01-06 02:49:04.191   944   960 D CompatibilityChangeReporter: Compat change id reported: 135754954; UID 10062; state: ENABLED
01-06 02:49:04.191   944   977 D CompatibilityChangeReporter: Compat change id reported: 143937733; UID 10062; state: ENABLED
01-06 02:49:04.217   944  1221 D CompatibilityChangeReporter: Compat change id reported: 136293963; UID 10082; state: ENABLED
01-06 02:49:04.227   944   977 I ActivityManager: Start proc 1983:com.sonos.tv.appdirector/u0a62 for service {com.sonos.tv.appdirector/com.sonos.tv.appdirector.AppDirectorService}
01-06 02:49:04.246   944  1221 D CompatibilityChangeReporter: Compat change id reported: 161252188; UID 10060; state: ENABLED
01-06 02:49:04.249   944  1221 D CompatibilityChangeReporter: Compat change id reported: 168419799; UID 10060; state: DISABLED
01-06 02:49:04.298   944  1099 D CompatibilityChangeReporter: Compat change id reported: 194532703; UID 10058; state: ENABLED
01-06 02:49:04.321   944   959 I ActivityManager: Background started FGS: Allowed [callingPackage: com.aml.dial; callingUid: 10069; uidState: RCVR; intent: Intent { cmp=com.aml.dial/.DialService }; code:BACKGROUND_ACTIVITY_PERMISSION; tempAllowListReason:<broadcast:1000:android.intent.action.BOOT_COMPLETED,reason:,reasonCode:BOOT_COMPLETED,duration:20000,callingUid:1000>; targetSdkVersion:31; callerTargetSdkVersion:31; startForegroundCount:0; bindFromPackage:null]
01-06 02:49:04.326   944  1100 D CompatibilityChangeReporter: Compat change id reported: 135634846; UID 10047; state: DISABLED
01-06 02:49:04.326   944  1100 D CompatibilityChangeReporter: Compat change id reported: 177438394; UID 10047; state: DISABLED
01-06 02:49:04.327   944  1100 D CompatibilityChangeReporter: Compat change id reported: 135772972; UID 10047; state: DISABLED
01-06 02:49:04.327   944  1100 D CompatibilityChangeReporter: Compat change id reported: 135754954; UID 10047; state: ENABLED
01-06 02:49:04.327   944   977 D CompatibilityChangeReporter: Compat change id reported: 143937733; UID 10047; state: ENABLED
01-06 02:49:04.334   944   960 D CoreBackPreview: Window{80d1fd u0 com.sonos.tv.launcher/com.sonos.tv.contentguidelauncher.MainActivity}: Setting back callback OnBackInvokedCallbackInfo{mCallback=android.window.IOnBackInvokedCallback$Stub$Proxy@6452a4a, mPriority=0}
01-06 02:49:04.343   944  1602 D CompatibilityChangeReporter: Compat change id reported: 168419799; UID 1000; state: DISABLED
01-06 02:49:04.357   944   960 D CompatibilityChangeReporter: Compat change id reported: 161145287; UID 7502; state: DISABLED
01-06 02:49:04.360   944   977 I ActivityManager: Start proc 2022:com.brdgwtr.mediasession/u0a47 for content provider {com.brdgwtr.mediasession/com.brdgwtr.mediasession.provider.MediaSessionContentProvider}
01-06 02:49:04.396   944   967 D sysclock_state: set to SYNCED, reason: OK
01-06 02:49:04.398   944   960 D AutofillManagerServiceImpl: Reset component for user 0:
01-06 02:49:04.405   944   968 D AutofillUI: destroySaveUiUiThread(): already destroyed
01-06 02:49:10.313   944  1082 E LazyAlarmStore: Removed TIME_TICK alarm
01-06 02:49:10.315  1367  1367 W ContextImpl: Calling a method in the system process without a qualified user: android.app.ContextImpl.startService:1863 android.content.ContextWrapper.startService:817 android.content.ContextWrapper.startService:817 com.droidlogic.BootComplete.onReceive:77 android.app.ActivityThread.handleReceiver:4310 
01-06 02:49:10.321  1367  1367 W ContextImpl: Calling a method in the system process without a qualified user: android.app.ContextImpl.startService:1863 android.content.ContextWrapper.startService:817 android.content.ContextWrapper.startService:817 com.droidlogic.BootComplete.onReceive:84 android.app.ActivityThread.handleReceiver:4310 
01-06 02:49:10.325  1367  1367 W ContextImpl: Calling a method in the system process without a qualified user: android.app.ContextImpl.startService:1863 android.content.ContextWrapper.startService:817 android.content.ContextWrapper.startService:817 com.droidlogic.BootComplete.onReceive:85 android.app.ActivityThread.handleReceiver:4310 
01-06 02:49:10.326   944   944 W SyncManager: Clock is valid now.
01-06 02:49:10.327   944   944 D ConditionProviders.SCP: onReceive android.intent.action.TIME_SET
01-06 02:49:10.344   944   976 D CompatibilityChangeReporter: Compat change id reported: 135634846; UID 10080; state: DISABLED
01-06 02:49:10.344   944   976 D CompatibilityChangeReporter: Compat change id reported: 177438394; UID 10080; state: DISABLED
01-06 02:49:10.344   944   976 D CompatibilityChangeReporter: Compat change id reported: 135772972; UID 10080; state: DISABLED
01-06 02:49:10.345   944   976 D CompatibilityChangeReporter: Compat change id reported: 135754954; UID 10080; state: ENABLED
01-06 02:49:10.347   944  1100 D CompatibilityChangeReporter: Compat change id reported: 168419799; UID 10047; state: DISABLED
01-06 02:49:10.350   944   960 D CompatibilityChangeReporter: Compat change id reported: 168419799; UID 10062; state: DISABLED
01-06 02:49:10.351   944   977 D CompatibilityChangeReporter: Compat change id reported: 143937733; UID 10080; state: ENABLED
01-06 02:49:10.359   944  1174 D CompatibilityChangeReporter: Compat change id reported: 135634846; UID 10027; state: DISABLED
01-06 02:49:10.359   944  1174 D CompatibilityChangeReporter: Compat change id reported: 177438394; UID 10027; state: DISABLED
01-06 02:49:10.359   944  1174 D CompatibilityChangeReporter: Compat change id reported: 135772972; UID 10027; state: DISABLED
01-06 02:49:10.359   944  1174 D CompatibilityChangeReporter: Compat change id reported: 135754954; UID 10027; state: ENABLED
01-06 02:49:10.362   944   944 D ConditionProviders.SCP: evaluateSubscriptionLocked cal=ScheduleCalendar[mDays={1, 2, 3, 4, 5, 6, 7}, mSchedule=ScheduleInfo{days=[1, 2, 3, 4, 5, 6, 7], startHour=22, startMinute=0, endHour=7, endMinute=0, exitAtAlarm=true, nextAlarm=Thu Jan 01 00:00:00 GMT 1970 (0)}], now=Mon Jan 06 02:49:10 GMT 2025 (1736131750327), nextUserAlarmTime=Thu Jan 01 00:00:00 GMT 1970 (0)
01-06 02:49:10.362   944   944 D ConditionProviders.SCP: notifyCondition condition://android/schedule?days=1.2.3.4.5.6.7&start=22.0&end=7.0&exitAtAlarm=true STATE_TRUE reason=meetsSchedule
01-06 02:49:10.362   944   944 D ConditionProviders.SCP: Scheduling evaluate for Mon Jan 06 07:00:00 GMT 2025 (1736146800000), in +4h10m49s673ms, now=Mon Jan 06 02:49:10 GMT 2025 (1736131750327)
01-06 02:49:10.363   944   944 D CompatibilityChangeReporter: Compat change id reported: 171306433; UID 1000; state: ENABLED
01-06 02:49:10.363   944   944 D CompatibilityChangeReporter: Compat change id reported: 218533173; UID 1000; state: ENABLED
01-06 02:49:10.365   944   977 I ActivityManager: Start proc 2050:com.android.permissioncontroller/u0a80 for broadcast {com.android.permissioncontroller/com.android.permissioncontroller.permission.service.v33.PermissionStorageTimeChangeReceiver}
01-06 02:49:10.365   944   977 D CompatibilityChangeReporter: Compat change id reported: 143937733; UID 10027; state: ENABLED
01-06 02:49:10.371   944  1748 D CompatibilityChangeReporter: Compat change id reported: 135634846; UID 10028; state: DISABLED
01-06 02:49:10.371   944  1748 D CompatibilityChangeReporter: Compat change id reported: 177438394; UID 10028; state: DISABLED
01-06 02:49:10.371   944  1748 D CompatibilityChangeReporter: Compat change id reported: 135772972; UID 10028; state: DISABLED
01-06 02:49:10.371   944  1748 D CompatibilityChangeReporter: Compat change id reported: 135754954; UID 10028; state: ENABLED
01-06 02:49:10.395  1367  1367 W ContextImpl: Calling a method in the system process without a qualified user: android.app.ContextImpl.stopService:1875 android.content.ContextWrapper.stopService:827 android.content.ContextWrapper.stopService:827 com.droidlogic.BootComplete$1.onChange:178 com.droidlogic.BootComplete.updateDeveloperOptionsWatcher:185 
01-06 02:49:10.400   944   977 I ActivityManager: Start proc 2051:com.android.providers.calendar/u0a27 for content provider {com.android.providers.calendar/com.android.providers.calendar.CalendarProvider2}
01-06 02:49:10.405   944  1511 D PackageManager: Instant App installer not found with android.intent.action.INSTALL_INSTANT_APP_PACKAGE
01-06 02:49:10.405   944  1511 D PackageManager: Clear ephemeral installer activity
01-06 02:49:10.420   944   977 W ActivityManager: Slow operation: 62ms so far, now at startProcess: done updating pids map
01-06 02:49:10.420   944   977 W ActivityManager: Slow operation: 51ms so far, now at startProcess: asking zygote to start proc
01-06 02:49:10.420   944   977 D CompatibilityChangeReporter: Compat change id reported: 143937733; UID 10028; state: ENABLED
01-06 02:49:10.424   944  1099 D CompatibilityChangeReporter: Compat change id reported: 168419799; UID 10080; state: DISABLED
01-06 02:49:10.443   944  1607 D CompatibilityChangeReporter: Compat change id reported: 161145287; UID 1000; state: DISABLED
01-06 02:49:10.445   944  1511 D CompatibilityChangeReporter: Compat change id reported: 168419799; UID 10027; state: DISABLED
01-06 02:49:10.447   944  1760 W UsageStatsService: Failed to query events for locked user 0
01-06 02:49:10.450   944   944 D CompatibilityChangeReporter: Compat change id reported: 194532703; UID 1000; state: ENABLED
01-06 02:49:10.459   944   944 D CompatibilityChangeReporter: Compat change id reported: 135634846; UID 1000; state: DISABLED
01-06 02:49:10.459   944   944 D CompatibilityChangeReporter: Compat change id reported: 177438394; UID 1000; state: DISABLED
01-06 02:49:10.459   944   944 D CompatibilityChangeReporter: Compat change id reported: 135772972; UID 1000; state: DISABLED
01-06 02:49:10.459   944   944 D CompatibilityChangeReporter: Compat change id reported: 135754954; UID 1000; state: ENABLED
01-06 02:49:10.465   944   959 D CompatibilityChangeReporter: Compat change id reported: 194532703; UID 10060; state: ENABLED
01-06 02:49:10.468   944   977 W ActivityManager: Slow operation: 98ms so far, now at startProcess: returned from zygote!
01-06 02:49:10.468   944   977 W ActivityManager: Slow operation: 99ms so far, now at startProcess: done updating battery stats
01-06 02:49:10.469   944   977 W ActivityManager: Slow operation: 99ms so far, now at startProcess: building log message
01-06 02:49:10.469   944   977 I ActivityManager: Start proc 2086:android.process.acore/u0a28 for content provider {com.android.providers.contacts/com.android.providers.contacts.ContactsProvider2}
01-06 02:49:10.469   944   977 W ActivityManager: Slow operation: 99ms so far, now at startProcess: starting to update pids map
01-06 02:49:10.469   944   977 W ActivityManager: Slow operation: 99ms so far, now at startProcess: done updating pids map
01-06 02:49:10.476   944  1219 D CompatibilityChangeReporter: Compat change id reported: 161145287; UID 10069; state: DISABLED
01-06 02:49:10.487   944   977 I ActivityManager: Start proc 2092:com.droidlogic.mediacenter/1000 for broadcast {com.droidlogic.mediacenter/com.droidlogic.mediacenter.DMRBroadcastReceiver}
01-06 02:49:10.509   944   959 D CompatibilityChangeReporter: Compat change id reported: 168419799; UID 10028; state: DISABLED
01-06 02:49:10.556   944  1607 D CompatibilityChangeReporter: Compat change id reported: 161145287; UID 10089; state: DISABLED
01-06 02:49:10.566   944  2139 I DropBoxManagerService: add tag=system_app_wtf isTagEnabled=true flags=0x2
01-06 02:49:10.591   944   975 I UsageStatsService: User[0] Rollover scheduled @ 2025-01-07 02:39:00(1736217540304)
01-06 02:49:10.592   944   975 I UsageStatsService: Time changed in by 5 seconds
01-06 02:49:10.601   944   975 I UsageStatsService: User[0] Flushing usage stats to disk
01-06 02:49:10.674   944   975 D WallpaperManagerService: Wallpaper_selinux_restorecon-0
01-06 02:49:10.676   944   975 V WallpaperManagerService: Wallpaper_selinux_restorecon-0 took to complete: 1ms
01-06 02:49:10.678   944   975 D CompatibilityChangeReporter: Compat change id reported: 168419799; UID 1000; state: DISABLED
01-06 02:49:10.737   944  1742 I StorageUserConnection: Service: [ComponentInfo{com.android.providers.media.module/com.android.providers.media.fuse.ExternalStorageServiceImpl}] connected. User [0]
01-06 02:49:10.741   944  1607 D CompatibilityChangeReporter: Compat change id reported: 161145287; UID 10027; state: DISABLED
01-06 02:49:10.746   944  1219 D CompatibilityChangeReporter: Compat change id reported: 161145287; UID 10047; state: DISABLED
01-06 02:49:10.762   944  1174 D CompatibilityChangeReporter: Compat change id reported: 143231523; UID 1000; state: DISABLED
01-06 02:49:10.779   944  1219 D CompatibilityChangeReporter: Compat change id reported: 161145287; UID 10028; state: DISABLED
01-06 02:49:10.792   944   959 D CompatibilityChangeReporter: Compat change id reported: 143231523; UID 10027; state: DISABLED
01-06 02:49:10.825   944   960 D CountryDetector: The first listener is added
01-06 02:49:10.871   944  1607 I ActivityManager: Background started FGS: Allowed [callingPackage: com.brdgwtr.mediasession; callingUid: 10047; uidState: BFGS; intent: Intent { cmp=com.brdgwtr.mediasession/.service.MediaSessionService }; code:PROC_STATE_BFGS; tempAllowListReason:<null>; targetSdkVersion:30; callerTargetSdkVersion:30; startForegroundCount:0; bindFromPackage:null]
01-06 02:49:10.879   944  1607 D CompatibilityChangeReporter: Compat change id reported: 168419799; UID 10047; state: DISABLED
01-06 02:49:10.896   944   959 I ActivityManager: com.brdgwtr.publisherservice is exempt from freezer
01-06 02:49:10.897   944   959 D CompatibilityChangeReporter: Compat change id reported: 135634846; UID 10044; state: DISABLED
01-06 02:49:10.897   944   959 D CompatibilityChangeReporter: Compat change id reported: 177438394; UID 10044; state: DISABLED
01-06 02:49:10.897   944   959 D CompatibilityChangeReporter: Compat change id reported: 135772972; UID 10044; state: DISABLED
01-06 02:49:10.897   944   959 D CompatibilityChangeReporter: Compat change id reported: 135754954; UID 10044; state: ENABLED
01-06 02:49:10.897   944   977 D CompatibilityChangeReporter: Compat change id reported: 143937733; UID 10044; state: ENABLED
01-06 02:49:10.900   944   960 D CompatibilityChangeReporter: Compat change id reported: 135634846; UID 10048; state: DISABLED
01-06 02:49:10.929   944   977 I ActivityManager: Start proc 2224:com.brdgwtr.publisherservice/u0a44 for content provider {com.brdgwtr.publisherservice/com.brdgwtr.publisher.auth.AuthenticationContentProvider}
01-06 02:49:10.930   944   977 D CompatibilityChangeReporter: Compat change id reported: 143937733; UID 10048; state: ENABLED
01-06 02:49:10.938   944   959 W ActivityManager: Foreground service started from background can not have location/camera/microphone access: service com.brdgwtr.mediasession/.service.MediaSessionService
01-06 02:49:10.940   944   976 I ActivityManager: Deferring FGS notification in legacy app com.brdgwtr.mediasession/u0a47 : Notification(channel=media_session_service shortcut=null contentView=null vibrate=null sound=null tick defaults=0x0 flags=0x40 color=0x00000000 vis=PRIVATE)
01-06 02:49:05.078     0     0 I [1 T1430  ..] [schedu][0x1ba449e][02: 49:10.980134] wlan: [1430:I:OSIF] vdev 0, scan id 40961 type COMPLETED(1) reason COMPLETED(1) scan found 81 bss
01-06 02:49:10.989   944  1219 W ProcessStats: Tracking association SourceState{15554b0 com.sonos.connectivity/10082 BTopFgs #190} whose proc state 2 is better than process ProcessState{728df14 com.brdgwtr.mediasession/10047 pkg=com.brdgwtr.mediasession} proc state 3 (0 skipped)
01-06 02:49:10.997   944   977 W ActivityManager: Slow operation: 97ms so far, now at startProcess: returned from zygote!
01-06 02:49:10.998   944   977 W ActivityManager: Slow operation: 98ms so far, now at startProcess: done updating battery stats
01-06 02:49:10.998   944   977 W ActivityManager: Slow operation: 98ms so far, now at startProcess: building log message
01-06 02:49:10.998   944   977 I ActivityManager: Start proc 2239:com.netflix.ninja/u0a48 for broadcast {com.netflix.ninja/com.netflix.ninja.BootCompleteReceiver}
01-06 02:49:10.998   944   977 W ActivityManager: Slow operation: 98ms so far, now at startProcess: starting to update pids map
01-06 02:49:10.999   944   977 W ActivityManager: Slow operation: 99ms so far, now at startProcess: done updating pids map
01-06 02:49:05.143     0     0 E [5 T631   ..] [netsta][0x1bb414f][02: 49:11.044822] wlan: [631:E:DP] dp_rx_flush_rx_cached: txrx_peer NULL!! peer mac_addr(00:03:7f:95:78:9c)
01-06 02:49:05.144     0     0 E [5 T631   ..] [netsta][0x1bb45c2][02: 49:11.045961] wlan: [631:E:DP] dp_tx_flow_pool_unmap_handler: flow pool id: 1 is inactive, ignore unmap
01-06 02:49:11.050   944  1167 W ContextImpl: Calling a method in the system process without a qualified user: android.app.ContextImpl.sendStickyBroadcast:1586 com.android.server.ConnectivityService.sendStickyBroadcast:3074 com.android.server.ConnectivityService.sendGeneralBroadcast:3047 com.android.server.ConnectivityService.sendInetConditionBroadcast:3024 com.android.server.ConnectivityService.updateInetCondition:9169 
01-06 02:49:05.156     0     0 E [2 T631   ..] [netsta][0x1bb7521][02: 49:11.058088] wlan: [631:E:DP] dp_rx_flush_rx_cached: txrx_peer NULL!! peer mac_addr(00:03:7f:96:78:9c)
01-06 02:49:05.157     0     0 E [2 T631   ..] [netsta][0x1bb7954][02: 49:11.059163] wlan: [631:E:DP] dp_tx_flow_pool_unmap_handler: flow pool id: 0 is inactive, ignore unmap
01-06 02:49:11.057   944   971 D CompatibilityChangeReporter: Compat change id reported: 197654537; UID 10058; state: ENABLED
01-06 02:49:11.075   944  1219 D CompatibilityChangeReporter: Compat change id reported: 168419799; UID 10044; state: DISABLED
01-06 02:49:11.118   944   944 D CompatibilityChangeReporter: Compat change id reported: 168419799; UID 10058; state: DISABLED
01-06 02:49:05.220     0     0 I [7 T1430  ..] [schedu][0x1bc6de2][02: 49:11.121769] wlan: [1430:I:OSIF] scan start scan id 40962
01-06 02:49:05.279     0     0 I [1 T398   ..] apexd: Deleting /metadata/apex/sessions/1783959929
01-06 02:49:05.281     0     0 I [1 T398   ..] apexd: Deleting unused dm device com.android.apex.cts.shim
01-06 02:49:05.302     0     0 E [3 T398   ..] apexd: Didn't generate uevent for [com.android.apex.cts.shim] removal
01-06 02:49:05.302     0     0 W [3 T398   ..] apexd: Failed to delete dm-device com.android.apex.cts.shim
01-06 02:49:05.302     0     0 I [3 T398   ..] apexd: Deleting unused dm device com.android.appsearch
01-06 02:49:05.303     0     0 E [7 T398   ..] apexd: Didn't generate uevent for [com.android.appsearch] removal
01-06 02:49:05.303     0     0 W [7 T398   ..] apexd: Failed to delete dm-device com.android.appsearch
01-06 02:49:05.304     0     0 I [7 T398   ..] apexd: Deleting unused dm device com.android.btservices
01-06 02:49:11.205   944   944 W Looper  : Slow dispatch took 164ms main h=com.android.server.job.JobSchedulerService$JobHandler c=null m=8
01-06 02:49:11.205   944  1602 D CompatibilityChangeReporter: Compat change id reported: 168419799; UID 10048; state: DISABLED
01-06 02:49:11.206   944  1602 D CompatibilityChangeReporter: Compat change id reported: 181136395; UID 10058; state: DISABLED
01-06 02:49:11.206   944  1602 D CompatibilityChangeReporter: Compat change id reported: 174042936; UID 10058; state: DISABLED
01-06 02:49:11.207   944  1602 D CompatibilityChangeReporter: Compat change id reported: 174042980; UID 10058; state: DISABLED
01-06 02:49:11.213   944  1607 D CompatibilityChangeReporter: Compat change id reported: 214016041; UID 10058; state: ENABLED
01-06 02:49:11.216   944  1607 D CompatibilityChangeReporter: Compat change id reported: 135634846; UID 10049; state: DISABLED
01-06 02:49:11.216   944  1607 D CompatibilityChangeReporter: Compat change id reported: 177438394; UID 10049; state: DISABLED
01-06 02:49:11.216   944  1607 D CompatibilityChangeReporter: Compat change id reported: 135772972; UID 10049; state: DISABLED
01-06 02:49:11.216   944  1607 D CompatibilityChangeReporter: Compat change id reported: 135754954; UID 10049; state: ENABLED
01-06 02:49:11.216   944   977 D CompatibilityChangeReporter: Compat change id reported: 143937733; UID 10049; state: ENABLED
01-06 02:49:11.256   944   977 I ActivityManager: Start proc 2295:com.brdgwtr.keyboard.ime.pinewood/u0a49 for service {com.brdgwtr.keyboard.ime.pinewood/com.brdgwtr.keyboard.ime.KeyboardService}
01-06 02:49:11.337   944  1598 D CompatibilityChangeReporter: Compat change id reported: 168419799; UID 10049; state: DISABLED
01-06 02:49:11.345   944  1955 D CompatibilityChangeReporter: Compat change id reported: 135634846; UID 10066; state: DISABLED
01-06 02:49:11.346   944  1955 D CompatibilityChangeReporter: Compat change id reported: 177438394; UID 10066; state: DISABLED
01-06 02:49:11.346   944  1955 D CompatibilityChangeReporter: Compat change id reported: 135772972; UID 10066; state: DISABLED
01-06 02:49:11.346   944  1955 D CompatibilityChangeReporter: Compat change id reported: 135754954; UID 10066; state: ENABLED
01-06 02:49:11.346   944   977 D CompatibilityChangeReporter: Compat change id reported: 143937733; UID 10066; state: ENABLED
01-06 02:49:11.363   944   977 I ActivityManager: Start proc 2320:com.android.remoteprovisioner/u0a66 for broadcast {com.android.remoteprovisioner/androidx.work.impl.background.systemalarm.RescheduleReceiver}
01-06 02:49:11.466  1367  1592 I AudioSystemCmdService: onAudioPortListUpdate ++++
01-06 02:49:11.505   944  1955 D CompatibilityChangeReporter: Compat change id reported: 168419799; UID 10066; state: DISABLED
01-06 02:49:11.517   944  1598 D CoreBackPreview: Window{3210c0d u0 com.android.tv.settings/com.android.tv.settings.system.FallbackHome}: Setting back callback null
01-06 02:49:05.676     0     0 E [3 T1817  ..] [secmon]: DBG=======> dolby_fw_ioctl 438 cmd:0x40 arg3=0
01-06 02:49:05.721     0     0 I [5 T1691  ..] [snd-soc]: update audio atmos flag! audio_type = 0
01-06 02:49:11.624  1367  1599 W ContextImpl: Calling a method in the system process without a qualified user: android.app.ContextImpl.sendBroadcast:1189 android.content.ContextWrapper.sendBroadcast:500 com.droidlogic.audioservice.services.AudioSystemCmdService$1.onUEvent:184 com.droidlogic.UEventObserver$UEventThread.sendEvent:213 com.droidlogic.UEventObserver$UEventThread.run:190 
01-06 02:49:11.639   944  1955 D CompatibilityChangeReporter: Compat change id reported: 201794303; UID 10028; state: ENABLED
01-06 02:49:11.736   944  1099 D CompatibilityChangeReporter: Compat change id reported: 161145287; UID 10062; state: DISABLED
01-06 02:49:05.840     0     0 E [4 T1817  ..] [secmon]: DBG=======> dolby_fw_ioctl 438 cmd:0x41 arg3=1
01-06 02:49:05.840     0     0 E [4 T1817  ..] [secmon]: DBG=======> dolby_fw_verify_lib_resp 296 DOLBY_FW_VERIFY_LIB_RESP arg3=1
01-06 02:49:05.842     0     0 E [4 T1817  ..] [secmon]: DBG=======> dolby_fw_ioctl 438 cmd:0x50 arg3=0
01-06 02:49:05.842     0     0 E [4 T1817  ..] [secmon]: DBG=======> dolby_fw_ioctl 438 cmd:0x60 arg3=1
01-06 02:49:05.843     0     0 E [4 T1817  ..] [secmon]: DBG=======> dolby_fw_critical_query 389 DOLBY_FW_CRITICAL_DATA_QUERY arg3=1
01-06 02:49:11.751   332   332 I vold    : Bind mounting //data/media/0/Android/data on /mnt/user/0/emulated/0/Android/data
01-06 02:49:11.753   332   332 I vold    : Bind mounted //data/media/0/Android/data on /mnt/user/0/emulated/0/Android/data
01-06 02:49:11.753   332   332 I vold    : Bind mounting //data/media/0/Android/obb on /mnt/user/0/emulated/0/Android/obb
01-06 02:49:05.851     0     0 E [3 T1817  ..] [secmon]: DBG=======> dolby_fw_ioctl 438 cmd:0x40 arg3=0
01-06 02:49:11.757   332   332 I vold    : Bind mounted //data/media/0/Android/obb on /mnt/user/0/emulated/0/Android/obb
01-06 02:49:11.757   332   332 I vold    : Configuring read_ahead of /mnt/user/0/emulated fuse filesystem to 256kb
01-06 02:49:11.758   332   332 I vold    : Writing 256 to /sys/class/bdi/0:63/read_ahead_kb
01-06 02:49:11.758   332   332 I vold    : Configuring max_ratio of /mnt/user/0/emulated fuse filesystem to 40
01-06 02:49:11.758   332   332 I vold    : Writing 40 to /sys/class/bdi/0:63/max_ratio
01-06 02:49:11.759   944  1126 I StorageManagerService: Mounted volume VolumeInfo{emulated;0}:
