01-01 00:00:19.460   807   807 D CompatibilityChangeReporter: Compat change id reported: 168782947; UID -1; state: DISABLED
01-01 00:00:19.490   807   807 I PackageManager: /system/priv-app/NetworkStackNext changed; collecting certs
01-01 00:00:19.502   807   807 W PackageManager: Failed to scan /system/priv-app/NetworkStackNext: Application package com.android.networkstack already installed.  Skipping duplicate.
01-01 00:00:19.531     0     0 I [6 T502   ..] [snd-soc]: update audio atmos flag! audio_type = 0
01-01 00:00:19.585     0     0 I [2 T502   ..] [snd-soc]: update audio atmos flag! audio_type = 0
01-01 00:00:19.611   807   807 I ApexManager: Registering com.android.uwb.resources as apk-in-apex of com.android.uwb
01-01 00:00:19.615   807   807 I ApexManager: Registering com.android.providers.media.module as apk-in-apex of com.android.mediaprovider
01-01 00:00:19.620   807   807 I ApexManager: Registering android.ext.services as apk-in-apex of com.android.extservices
01-01 00:00:19.627     0     0 I [5 T567   ..] [snd-soc]: dd+ drc mode : RF
01-01 00:00:19.627     0     0 I [5 T567   ..] [snd-soc]: dd+ drc high cut scale : 0%
01-01 00:00:19.627     0     0 I [5 T567   ..] [snd-soc]: dd+ drc low boost scale : 0%
01-01 00:00:19.624   807   807 I ApexManager: Registering com.sonos.connectivity as apk-in-apex of com.sonos.player
01-01 00:00:19.627     0     0 I [5 T567   ..] [debug]: audio_utils_open
01-01 00:00:19.627     0     0 I [5 T567   ..] [debug]: audio_utils_release
01-01 00:00:19.629     0     0 I [5 T567   ..] [debug]: audio_utils_open
01-01 00:00:19.630   807   807 I ApexManager: Registering com.android.connectivity.resources as apk-in-apex of com.android.tethering
01-01 00:00:19.632   807   807 I ApexManager: Registering com.android.networkstack.tethering as apk-in-apex of com.android.tethering
01-01 00:00:19.634     0     0 E [5 T567   ..] [secmon]: DBG=======> dolby_fw_ioctl 438 cmd:0x40 arg3=0
01-01 00:00:19.635   807   807 I ApexManager: Registering com.android.nearby.halfsheet as apk-in-apex of com.android.tethering
01-01 00:00:19.638   807   807 I ApexManager: Registering com.android.cts.priv.ctsshim as apk-in-apex of com.android.apex.cts.shim
01-01 00:00:19.641   807   807 I ApexManager: Registering com.android.cts.ctsshim as apk-in-apex of com.android.apex.cts.shim
01-01 00:00:19.647   807   807 I ApexManager: Registering com.android.adservices.api as apk-in-apex of com.android.adservices
01-01 00:00:19.651   807   807 I ApexManager: Registering com.android.sdksandbox as apk-in-apex of com.android.adservices
01-01 00:00:19.653     0     0 E [5 T567   ..] [secmon]: DBG=======> dolby_fw_ioctl 438 cmd:0x41 arg3=0
01-01 00:00:19.653     0     0 E [5 T567   ..] [secmon]: DBG=======> dolby_fw_verify_lib_resp 296 DOLBY_FW_VERIFY_LIB_RESP arg3=0
01-01 00:00:19.655     0     0 E [5 T567   ..] [secmon]: DBG=======> dolby_fw_ioctl 438 cmd:0x50 arg3=0
01-01 00:00:19.655   807   807 I ApexManager: Registering com.android.bluetooth as apk-in-apex of com.android.btservices
01-01 00:00:19.656     0     0 E [5 T567   ..] [secmon]: DBG=======> dolby_fw_ioctl 438 cmd:0x60 arg3=0
01-01 00:00:19.656     0     0 E [5 T567   ..] [secmon]: DBG=======> dolby_fw_critical_query 389 DOLBY_FW_CRITICAL_DATA_QUERY arg3=0
01-01 00:00:19.659   807   807 I ApexManager: Registering com.android.ondevicepersonalization.services as apk-in-apex of com.android.ondevicepersonalization
01-01 00:00:19.664   807   807 I ApexManager: Registering com.android.safetycenter.resources as apk-in-apex of com.android.permission
01-01 00:00:19.665   807   807 I ApexManager: Registering com.android.permissioncontroller as apk-in-apex of com.android.permission
01-01 00:00:19.668     0     0 I [5 T567   ..] [snd-soc]: dd+ drc mode : RF
01-01 00:00:19.668     0     0 I [5 T567   ..] [snd-soc]: dd+ drc high cut scale : 0%
01-01 00:00:19.668     0     0 I [5 T567   ..] [snd-soc]: dd+ drc low boost scale : 0%
01-01 00:00:19.673     0     0 I [3 T900   ..] audio_ddr_mngr: frddrs[0] registered by device fe330000.audiobus:tdm@1
01-01 00:00:19.674     0     0 I [3 T900   ..] [snd-soc]: aml_audio_reset, reg 0xa, shift 9, use_vadtop 0
01-01 00:00:19.674     0     0 I [3 T900   ..] [snd-soc]: aml_audio_reset, reg 0xa, shift 13, use_vadtop 0
01-01 00:00:19.674     0     0 D [3 T900   ..] [snd-soc]: spdif_a fifo ctrl, frddr:0 type:1, 16 bits, chmask 0x3, swap 0x10
01-01 00:00:19.674     0     0 D [3 T900   ..] iec_info: rate: 48000, codec_type:0x0, channel status L:0x2000100, R:0x2000100
01-01 00:00:19.674     0     0 I         : [3 T900   ..] err chn msk, must larger than 0
01-01 00:00:19.674     0     0 I         : [3 T900   ..] hdmitx_notify_callback_a[3794] aud_src_if is 0, aud_output_ch is 0x0, reset aud_output_ch as 0
01-01 00:00:19.674     0     0 D [3 T900   ..] [snd-soc]: spdif_b fifo ctrl, frddr:0 type:1, 16 bits, chmask 0x3, swap 0x10
01-01 00:00:19.674     0     0 D [3 T900   ..] iec_info: rate: 48000, codec_type:0x0, channel status L:0x2000100, R:0x2000100
01-01 00:00:19.675   807   807 I ApexManager: Registering com.android.wifi.resources as apk-in-apex of com.android.wifi
01-01 00:00:19.682   807   807 I ApexManager: Registering com.android.wifi.dialog as apk-in-apex of com.android.wifi
01-01 00:00:19.685   807   807 I ApexManager: Registering com.android.hotspot2.osulogin as apk-in-apex of com.android.wifi
01-01 00:00:19.689     0     0 I         : [2 T900   ..] asoc-aml-card auge_sound: TDM[1] Playback enable
01-01 00:00:19.689     0     0 D [2 T900   ..] [snd-soc]: spdif_a is set to enable
01-01 00:00:19.689     0     0 D [2 T900   ..] [snd-soc]: spdif_b is set to enable
01-01 00:00:19.695   807   807 I PackageManager: Finished scanning system apps. Time: 415 ms, packageCount: 115 , timePerPackage: 3 , cached: 144
01-01 00:00:19.703   807   807 D CompatibilityChangeReporter: Compat change id reported: 133396946; UID -1; state: ENABLED
01-01 00:00:19.745   807   807 D CompatibilityChangeReporter: Compat change id reported: 133396946; UID -1; state: DISABLED
01-01 00:00:19.766   807   807 I PackageManager: Finished scanning non-system apps. Time: 70 ms, packageCount: 17 , timePerPackage: 4 , cached: 16
01-01 00:00:19.770   807   807 I PackageManager: Time to scan packages: 0.489 seconds
01-01 00:00:19.770   807   807 I PackageManager: Permission ownership changed. Updating all permissions.
01-01 00:00:19.780   807   807 W PackageManager: Package android.ext.services is an APK in APEX, but has permission allowlist on the system image. Please bundle the allowlist in the com.android.extservices APEX instead.
01-01 00:00:19.780   807   807 W PackageManager: Package android.ext.services is an APK in APEX, but has permission allowlist on the system image. Please bundle the allowlist in the com.android.extservices APEX instead.
01-01 00:00:19.780   807   807 W PackageManager: Package android.ext.services is an APK in APEX, but has permission allowlist on the system image. Please bundle the allowlist in the com.android.extservices APEX instead.
01-01 00:00:19.780   807   807 W PackageManager: Package android.ext.services is an APK in APEX, but has permission allowlist on the system image. Please bundle the allowlist in the com.android.extservices APEX instead.
01-01 00:00:19.789   807   807 W PackageManager: Package com.android.providers.media.module is an APK in APEX, but has permission allowlist on the system image. Please bundle the allowlist in the com.android.mediaprovider APEX instead.
01-01 00:00:19.789   807   807 W PackageManager: Package com.android.providers.media.module is an APK in APEX, but has permission allowlist on the system image. Please bundle the allowlist in the com.android.mediaprovider APEX instead.
01-01 00:00:19.789   807   807 W PackageManager: Package com.android.providers.media.module is an APK in APEX, but has permission allowlist on the system image. Please bundle the allowlist in the com.android.mediaprovider APEX instead.
01-01 00:00:19.789   807   807 W PackageManager: Package com.android.providers.media.module is an APK in APEX, but has permission allowlist on the system image. Please bundle the allowlist in the com.android.mediaprovider APEX instead.
01-01 00:00:19.789   807   807 W PackageManager: Package com.android.providers.media.module is an APK in APEX, but has permission allowlist on the system image. Please bundle the allowlist in the com.android.mediaprovider APEX instead.
01-01 00:00:19.789   807   807 W PackageManager: Package com.android.providers.media.module is an APK in APEX, but has permission allowlist on the system image. Please bundle the allowlist in the com.android.mediaprovider APEX instead.
01-01 00:00:19.789   807   807 W PackageManager: Package com.android.providers.media.module is an APK in APEX, but has permission allowlist on the system image. Please bundle the allowlist in the com.android.mediaprovider APEX instead.
01-01 00:00:19.789   807   807 W PackageManager: Package com.android.providers.media.module is an APK in APEX, but has permission allowlist on the system image. Please bundle the allowlist in the com.android.mediaprovider APEX instead.
01-01 00:00:19.789   807   807 W PackageManager: Package com.android.providers.media.module is an APK in APEX, but has permission allowlist on the system image. Please bundle the allowlist in the com.android.mediaprovider APEX instead.
01-01 00:00:19.789   807   807 W PackageManager: Package com.android.providers.media.module is an APK in APEX, but has permission allowlist on the system image. Please bundle the allowlist in the com.android.mediaprovider APEX instead.
01-01 00:00:19.789   807   807 W PackageManager: Package com.android.providers.media.module is an APK in APEX, but has permission allowlist on the system image. Please bundle the allowlist in the com.android.mediaprovider APEX instead.
01-01 00:00:19.789   807   807 W PackageManager: Package com.android.providers.media.module is an APK in APEX, but has permission allowlist on the system image. Please bundle the allowlist in the com.android.mediaprovider APEX instead.
01-01 00:00:19.789   807   807 W PackageManager: Package com.android.providers.media.module is an APK in APEX, but has permission allowlist on the system image. Please bundle the allowlist in the com.android.mediaprovider APEX instead.
01-01 00:00:19.795   807   807 V PackageManager: reconcileAppsData for null u0 0x1 migrateAppData=true
01-01 00:00:19.903   807   807 V PackageManager: reconcileAppsData finished 16 packages
01-01 00:00:19.904   807   807 D PackageManagerTiming: write settings
01-01 00:00:19.905   807   910 D SystemServerTimingAsync: InitThreadPoolExec:prepareAppData
01-01 00:00:19.905   807   910 D SystemServerInitThreadPool: Started executing prepareAppData
01-01 00:00:19.942   807   807 V PackageManagerTiming: write settings took to complete: 38ms
01-01 00:00:19.944   807   807 W PackageManager: Domain verification agent not found
01-01 00:00:19.948   807   807 D PackageManager: Ephemeral resolver NOT found; no matching intent filters
01-01 00:00:19.948   807   807 D PackageManager: Instant App installer not found with android.intent.action.INSTALL_INSTANT_APP_PACKAGE
01-01 00:00:19.948   807   807 D PackageManager: Clear ephemeral installer activity
01-01 00:00:19.952   807   807 D PackageManagerTiming: GC
01-01 00:00:19.952   807   807 V PackageManagerTiming: GC took to complete: 0ms
01-01 00:00:19.952   807   807 I PackageManager: Fix for b/169414761 is applied
01-01 00:00:19.952   807   807 V PackageManagerTiming: create package manager took to complete: 886ms
01-01 00:00:19.953   807   807 V UserSystemPackageInstaller: Checking that all system packages are whitelisted.
01-01 00:00:19.956   807   807 V UserSystemPackageInstaller: checkWhitelistedSystemPackages(mode=d) has no warnings
01-01 00:00:19.957   807   807 I Watchdog: Resuming HandlerChecker: main thread for reason: packagemanagermain. Pause count: 0
01-01 00:00:19.957   807   807 I SystemServerDexLoadReporter: Configuring system server dex reporter
01-01 00:00:19.959   807   807 V SystemServerTiming: StartPackageManagerService took to complete: 896ms
01-01 00:00:19.959   807   807 D SystemServerTiming: StartOtaDexOptService
01-01 00:00:19.959   807   807 I Watchdog: Pausing HandlerChecker: main thread for reason: moveab. Pause count: 1
01-01 00:00:19.960   807   807 D OTADexopt: No upgrade, skipping A/B artifacts check.
01-01 00:00:19.960   807   807 I Watchdog: Resuming HandlerChecker: main thread for reason: moveab. Pause count: 0
01-01 00:00:19.960   807   807 V SystemServerTiming: StartOtaDexOptService took to complete: 1ms
01-01 00:00:19.960   807   807 D SystemServerTiming: StartUserManagerService
01-01 00:00:19.960   807   807 I SystemServiceManager: Starting com.android.server.pm.UserManagerService$LifeCycle
01-01 00:00:19.961   807   807 V SystemServerTiming: StartUserManagerService took to complete: 1ms
01-01 00:00:19.961   807   807 D SystemServerTiming: InitAttributerCache
01-01 00:00:19.961   807   807 V SystemServerTiming: InitAttributerCache took to complete: 0ms
01-01 00:00:19.961   807   807 D SystemServerTiming: SetSystemProcess
01-01 00:00:19.973   807   822 V HistoricalRegistry: Interaction before persistence initialized
01-01 00:00:19.974   807   839 I ActivityManager: Connection with lmkd established
01-01 00:00:19.975   807   807 V SystemServerTiming: SetSystemProcess took to complete: 14ms
01-01 00:00:19.977   807   807 D CompatibilityChangeReporter: Compat change id reported: 161145287; UID 1000; state: DISABLED
01-01 00:00:19.978   807   807 D SystemServerTiming: InitWatchdog
01-01 00:00:19.978   807   807 V SystemServerTiming: InitWatchdog took to complete: 1ms
01-01 00:00:20.017   807   807 D SystemServerTiming: StartOverlayManagerService
01-01 00:00:20.106   807   807 V SystemServerTiming: StartOverlayManagerService took to complete: 89ms
01-01 00:00:20.106   807   807 D SystemServerTiming: StartResourcesManagerService
01-01 00:00:20.107   807   807 V SystemServerTiming: StartResourcesManagerService took to complete: 1ms
01-01 00:00:20.107   807   807 D SystemServerTiming: StartSensorPrivacyService
01-01 00:00:20.108   807   828 W ActivityTaskManager: Skip updateConfiguration because mWindowManager isn't set
01-01 00:00:20.113   807   807 V SystemServerTiming: StartSensorPrivacyService took to complete: 5ms
01-01 00:00:20.113   807   807 D SystemServerTiming: StartSensorService
01-01 00:00:20.113   807   807 I SystemServiceManager: Starting com.android.server.sensors.SensorService
01-01 00:00:20.113   807   807 V SystemServerTiming: StartSensorService took to complete: 1ms
01-01 00:00:20.113   807   807 V SystemServerTiming: startBootstrapServices took to complete: 1486ms
01-01 00:00:20.113   807   807 D SystemServerTiming: startCoreServices
01-01 00:00:20.113   807   807 D SystemServerTiming: StartSystemConfigService
01-01 00:00:20.113   807   807 I SystemServiceManager: Starting com.android.server.SystemConfigService
01-01 00:00:20.113   807   918 D SystemServerTimingAsync: InitThreadPoolExec:StartNativeSensorService
01-01 00:00:20.113   807   918 D SystemServerInitThreadPool: Started executing StartNativeSensorService
01-01 00:00:20.113   807   918 D SystemServerTimingAsync: StartNativeSensorService
01-01 00:00:20.114   807   807 V SystemServerTiming: StartSystemConfigService took to complete: 1ms
01-01 00:00:20.114   807   807 D SystemServerTiming: StartBatteryService
01-01 00:00:20.114   807   807 I SystemServiceManager: Starting com.android.server.BatteryService
01-01 00:00:20.117   807   807 I HealthServiceWrapperAidl: health: HealthServiceWrapper listening to AIDL HAL
01-01 00:00:20.117   807   807 I BatteryService: health: Waited 0ms and received the update.
01-01 00:00:20.118   807   918 V SystemServerTimingAsync: StartNativeSensorService took to complete: 5ms
01-01 00:00:20.118   807   918 D SystemServerInitThreadPool: Finished executing StartNativeSensorService
01-01 00:00:20.118   807   918 V SystemServerTimingAsync: InitThreadPoolExec:StartNativeSensorService took to complete: 5ms
01-01 00:00:20.118   807   807 V SystemServerTiming: StartBatteryService took to complete: 4ms
01-01 00:00:20.118   807   807 D SystemServerTiming: StartUsageService
01-01 00:00:20.118   807   807 I SystemServiceManager: Starting com.android.server.usage.UsageStatsService
01-01 00:00:20.119     0     0 W [0 T511   ..] healthd: battery none chg=
01-01 00:00:20.123   807   807 V SystemServerTiming: StartUsageService took to complete: 4ms
01-01 00:00:20.123   807   807 D SystemServerTiming: StartWebViewUpdateService
01-01 00:00:20.123   807   807 I SystemServiceManager: Starting com.android.server.webkit.WebViewUpdateService
01-01 00:00:20.124   807   807 V SystemServerTiming: StartWebViewUpdateService took to complete: 1ms
01-01 00:00:20.124   807   807 D SystemServerTiming: StartCachedDeviceStateService
01-01 00:00:20.124   807   807 I SystemServiceManager: Starting com.android.server.CachedDeviceStateService
01-01 00:00:20.124   807   807 V SystemServerTiming: StartCachedDeviceStateService took to complete: 0ms
01-01 00:00:20.124   807   807 D SystemServerTiming: StartBinderCallsStatsService
01-01 00:00:20.124   807   807 I SystemServiceManager: Starting com.android.server.BinderCallsStatsService$LifeCycle
01-01 00:00:20.125   807   807 V SystemServerTiming: StartBinderCallsStatsService took to complete: 1ms
01-01 00:00:20.125   807   807 D SystemServerTiming: StartLooperStatsService
01-01 00:00:20.125   807   807 I SystemServiceManager: Starting com.android.server.LooperStatsService$Lifecycle
01-01 00:00:20.126   807   910 V SystemServerTimingAsync: AppDataFixup took to complete: 221ms
01-01 00:00:20.126   807   807 V SystemServerTiming: StartLooperStatsService took to complete: 1ms
01-01 00:00:20.126   807   807 D SystemServerTiming: StartRollbackManagerService
01-01 00:00:20.126   807   807 I SystemServiceManager: Starting com.android.server.rollback.RollbackManagerService
01-01 00:00:20.127   807   910 W PackageManager: Skipping preparing app data for com.android.sdksandbox
01-01 00:00:20.131   807   807 I PackageWatchdog: Syncing state, reason: added new observer
01-01 00:00:20.131   807   807 I PackageWatchdog: Not pruning observers, elapsed time: 0ms
01-01 00:00:20.131   807   807 I PackageWatchdog: Cancelling state sync, nothing to sync
01-01 00:00:20.131   807   836 I PackageWatchdog: Saving observer state to file
01-01 00:00:20.134   807   807 V SystemServerTiming: StartRollbackManagerService took to complete: 8ms
01-01 00:00:20.134   807   807 D SystemServerTiming: StartNativeTombstoneManagerService
01-01 00:00:20.134   807   807 I SystemServiceManager: Starting com.android.server.os.NativeTombstoneManagerService
01-01 00:00:20.135   807   807 V SystemServerTiming: StartNativeTombstoneManagerService took to complete: 1ms
01-01 00:00:20.135   807   807 D SystemServerTiming: StartBugreportManagerService
01-01 00:00:20.135   807   807 I SystemServiceManager: Starting com.android.server.os.BugreportManagerService
01-01 00:00:20.135   807   807 V SystemServerTiming: StartBugreportManagerService took to complete: 0ms
01-01 00:00:20.135   807   807 D SystemServerTiming: GpuService
01-01 00:00:20.136   807   807 I SystemServiceManager: Starting com.android.server.gpu.GpuService
01-01 00:00:20.136   807   807 V SystemServerTiming: GpuService took to complete: 0ms
01-01 00:00:20.136   807   807 V SystemServerTiming: startCoreServices took to complete: 22ms
01-01 00:00:20.136   807   807 D SystemServerTiming: startOtherServices
01-01 00:00:20.136   807   807 D SystemServerTiming: StartKeyAttestationApplicationIdProviderService
01-01 00:00:20.136   807   928 D SystemServerTimingAsync: InitThreadPoolExec:SecondaryZygotePreload
01-01 00:00:20.136   807   928 D SystemServerInitThreadPool: Started executing SecondaryZygotePreload
01-01 00:00:20.136   807   928 I SystemServer: SecondaryZygotePreload
01-01 00:00:20.136   807   928 D SystemServerTimingAsync: SecondaryZygotePreload
01-01 00:00:20.137   807   807 V SystemServerTiming: StartKeyAttestationApplicationIdProviderService took to complete: 0ms
01-01 00:00:20.137   807   807 D SystemServerTiming: StartKeyChainSystemService
01-01 00:00:20.137   807   807 I SystemServiceManager: Starting com.android.server.security.KeyChainSystemService
01-01 00:00:20.137   807   807 V SystemServerTiming: StartKeyChainSystemService took to complete: 1ms
01-01 00:00:20.137   807   807 D SystemServerTiming: StartBinaryTransparencyService
01-01 00:00:20.137   807   807 I SystemServiceManager: Starting com.android.server.BinaryTransparencyService
01-01 00:00:20.138   807   807 I TransparencyService: Started BinaryTransparencyService
01-01 00:00:20.138   807   807 V SystemServerTiming: StartBinaryTransparencyService took to complete: 1ms
01-01 00:00:20.138   807   807 D SystemServerTiming: StartSchedulingPolicyService
01-01 00:00:20.138   807   929 D SystemServerTimingAsync: InitThreadPoolExec:SchedulingPolicyService.<init>
01-01 00:00:20.139   807   929 D SystemServerInitThreadPool: Started executing SchedulingPolicyService.<init>
01-01 00:00:20.139   807   807 V SystemServerTiming: StartSchedulingPolicyService took to complete: 0ms
01-01 00:00:20.139   807   807 D SystemServerTiming: StartTelephonyRegistry
01-01 00:00:20.140   807   807 V SystemServerTiming: StartTelephonyRegistry took to complete: 1ms
01-01 00:00:20.140   807   807 D SystemServerTiming: StartEntropyMixer
01-01 00:00:20.140   807   807 I EntropyMixer: Loaded existing seed file
01-01 00:00:20.142   807   807 I EntropyMixer: Updated seed file
01-01 00:00:20.143   807   807 V SystemServerTiming: StartEntropyMixer took to complete: 3ms
01-01 00:00:20.143   807   807 D SystemServerTiming: StartAccountManagerService
01-01 00:00:20.143   807   807 I SystemServiceManager: Starting com.android.server.accounts.AccountManagerService$Lifecycle
01-01 00:00:20.148   807   807 V SystemServerTiming: StartAccountManagerService took to complete: 4ms
01-01 00:00:20.148   807   807 D SystemServerTiming: StartContentService
01-01 00:00:20.148   807   807 I SystemServiceManager: Starting com.android.server.content.ContentService$Lifecycle
01-01 00:00:20.149   807   807 V SystemServerTiming: StartContentService took to complete: 2ms
01-01 00:00:20.149   807   807 D SystemServerTiming: InstallSystemProviders
01-01 00:00:20.152   807   929 D SystemServerInitThreadPool: Finished executing SchedulingPolicyService.<init>
01-01 00:00:20.152   807   929 V SystemServerTimingAsync: InitThreadPoolExec:SchedulingPolicyService.<init> took to complete: 14ms
01-01 00:00:20.169   358   374 I keystore2: keystore2::watchdog: Watchdog thread idle -> terminating. Have a great day.
01-01 00:00:20.213   807   837 D ActivityManager: Freezer enabled
01-01 00:00:20.213   807   837 D ActivityManager: freezer override set to false
01-01 00:00:20.213   807   807 V SystemServerTiming: InstallSystemProviders took to complete: 64ms
01-01 00:00:20.213   807   807 D SystemServerTiming: UpdateWatchdogTimeout
01-01 00:00:20.213   807   807 I Watchdog: Watchdog timeout updated to 60000 millis
01-01 00:00:20.213   807   807 V SystemServerTiming: UpdateWatchdogTimeout took to complete: 0ms
01-01 00:00:20.213   807   807 D SystemServerTiming: StartDropBoxManager
01-01 00:00:20.213   807   807 I SystemServiceManager: Starting com.android.server.DropBoxManagerService
01-01 00:00:20.214   807   807 V SystemServerTiming: StartDropBoxManager took to complete: 1ms
01-01 00:00:20.214   807   807 D SystemServerTiming: StartRoleManagerService
01-01 00:00:20.215   807   807 I SystemServiceManager: Starting com.android.role.RoleService
01-01 00:00:20.231   494   494 V ZygoteInitTiming_lazy: BeginPreload took to complete: 92ms
01-01 00:00:20.263   807   807 V SystemServerTiming: StartRoleManagerService took to complete: 49ms
01-01 00:00:20.263   807   807 D SystemServerTiming: StartVibratorManagerService
01-01 00:00:20.263   807   807 I SystemServiceManager: Starting com.android.server.vibrator.VibratorManagerService$Lifecycle
01-01 00:00:20.269   807   807 V SystemServerTiming: StartVibratorManagerService took to complete: 5ms
01-01 00:00:20.269   807   807 D SystemServerTiming: StartDynamicSystemService
01-01 00:00:20.269   807   807 V SystemServerTiming: StartDynamicSystemService took to complete: 0ms
01-01 00:00:20.269   807   807 D SystemServerTiming: StartConsumerIrService
01-01 00:00:20.271   807   807 V SystemServerTiming: StartConsumerIrService took to complete: 2ms
01-01 00:00:20.271   807   807 D SystemServerTiming: StartResourceEconomy
01-01 00:00:20.272   807   807 I SystemServiceManager: Starting com.android.server.tare.InternalResourceService
01-01 00:00:20.277   807   807 V SystemServerTiming: StartResourceEconomy took to complete: 5ms
01-01 00:00:20.277   807   807 D SystemServerTiming: StartAlarmManagerService
01-01 00:00:20.278   807   807 I SystemServiceManager: Starting com.android.server.alarm.AlarmManagerService
01-01 00:00:20.282   807   807 I AlarmManager: Current time only 20282, advancing to build time 1735953662000
01-04 01:21:02.002   807   807 V SystemServerTiming: StartAlarmManagerService took to complete: 8ms
01-04 01:21:02.002   807   807 D SystemServerTiming: StartInputManagerService
01-04 01:21:02.009   807   807 I InputManager: Initializing input manager, mUseDevInputEventForAudioJack=false
01-04 01:21:02.009   807   807 V SystemServerTiming: StartInputManagerService took to complete: 7ms
01-04 01:21:02.009   807   807 D SystemServerTiming: DeviceStateManagerService
01-04 01:21:02.009   807   807 I SystemServiceManager: Starting com.android.server.devicestate.DeviceStateManagerService
01-04 01:21:02.018   807   807 V SystemServerTiming: DeviceStateManagerService took to complete: 9ms
01-04 01:21:02.018   807   807 D SystemServerTiming: StartWindowManagerService
01-04 01:21:02.018   807   807 I SystemServiceManager: Starting phase 200
01-04 01:21:02.018   807   807 D SystemServerTiming: OnBootPhase_200
01-04 01:21:02.018   807   807 D SystemServerTiming: OnBootPhase_200_com.android.server.security.FileIntegrityService
01-04 01:21:02.018   807   807 V SystemServerTiming: OnBootPhase_200_com.android.server.security.FileIntegrityService took to complete: 0ms
01-04 01:21:02.018   807   807 D SystemServerTiming: OnBootPhase_200_com.android.server.pm.Installer
01-04 01:21:02.018   807   807 V SystemServerTiming: OnBootPhase_200_com.android.server.pm.Installer took to complete: 0ms
01-04 01:21:02.018   807   807 D SystemServerTiming: OnBootPhase_200_com.android.server.os.DeviceIdentifiersPolicyService
01-04 01:21:02.018   807   807 V SystemServerTiming: OnBootPhase_200_com.android.server.os.DeviceIdentifiersPolicyService took to complete: 0ms
01-04 01:21:02.018   807   807 D SystemServerTiming: OnBootPhase_200_com.android.server.uri.UriGrantsManagerService$Lifecycle
01-04 01:21:02.018   807   807 V SystemServerTiming: OnBootPhase_200_com.android.server.uri.UriGrantsManagerService$Lifecycle took to complete: 0ms
01-04 01:21:02.018   807   807 D SystemServerTiming: OnBootPhase_200_com.android.server.powerstats.PowerStatsService
01-04 01:21:02.018   807   807 V SystemServerTiming: OnBootPhase_200_com.android.server.powerstats.PowerStatsService took to complete: 0ms
01-04 01:21:02.018   807   807 D SystemServerTiming: OnBootPhase_200_com.android.server.wm.ActivityTaskManagerService$Lifecycle
01-04 01:21:02.018   807   807 V SystemServerTiming: OnBootPhase_200_com.android.server.wm.ActivityTaskManagerService$Lifecycle took to complete: 0ms
01-04 01:21:02.018   807   807 D SystemServerTiming: OnBootPhase_200_com.android.server.am.ActivityManagerService$Lifecycle
01-04 01:21:02.018   807   807 V SystemServerTiming: OnBootPhase_200_com.android.server.am.ActivityManagerService$Lifecycle took to complete: 0ms
01-04 01:21:02.018   807   807 D SystemServerTiming: OnBootPhase_200_com.android.server.pm.DataLoaderManagerService
01-04 01:21:02.019   807   807 V SystemServerTiming: OnBootPhase_200_com.android.server.pm.DataLoaderManagerService took to complete: 0ms
01-04 01:21:02.019   807   807 D SystemServerTiming: OnBootPhase_200_com.android.server.power.PowerManagerService
01-04 01:21:02.019   807   807 V SystemServerTiming: OnBootPhase_200_com.android.server.power.PowerManagerService took to complete: 0ms
01-04 01:21:02.019   807   807 D SystemServerTiming: OnBootPhase_200_com.android.server.power.ThermalManagerService
01-04 01:21:02.019   807   807 V SystemServerTiming: OnBootPhase_200_com.android.server.power.ThermalManagerService took to complete: 0ms
01-04 01:21:02.019   807   807 D SystemServerTiming: OnBootPhase_200_com.android.server.power.hint.HintManagerService
01-04 01:21:02.019   807   807 V SystemServerTiming: OnBootPhase_200_com.android.server.power.hint.HintManagerService took to complete: 0ms
01-04 01:21:02.019   807   807 D SystemServerTiming: OnBootPhase_200_com.android.server.recoverysystem.RecoverySystemService$Lifecycle
01-04 01:21:02.019   807   807 V SystemServerTiming: OnBootPhase_200_com.android.server.recoverysystem.RecoverySystemService$Lifecycle took to complete: 0ms
01-04 01:21:02.019   807   807 D SystemServerTiming: OnBootPhase_200_com.android.server.lights.LightsService
01-04 01:21:02.019   807   807 V SystemServerTiming: OnBootPhase_200_com.android.server.lights.LightsService took to complete: 0ms
01-04 01:21:02.019   807   807 D SystemServerTiming: OnBootPhase_200_com.android.server.display.DisplayManagerService
01-04 01:21:02.019   807   807 V SystemServerTiming: OnBootPhase_200_com.android.server.display.DisplayManagerService took to complete: 0ms
01-04 01:21:02.019   807   807 D SystemServerTiming: OnBootPhase_200_com.android.server.pm.verify.domain.DomainVerificationService
01-04 01:21:02.019   807   807 V SystemServerTiming: OnBootPhase_200_com.android.server.pm.verify.domain.DomainVerificationService took to complete: 0ms
01-04 01:21:02.019   807   807 D SystemServerTiming: OnBootPhase_200_com.android.server.pm.PackageInstallerService$Lifecycle
01-04 01:21:02.019   807   807 V SystemServerTiming: OnBootPhase_200_com.android.server.pm.PackageInstallerService$Lifecycle took to complete: 0ms
01-04 01:21:02.019   807   807 D SystemServerTiming: OnBootPhase_200_com.android.server.pm.UserManagerService$LifeCycle
01-04 01:21:02.019   807   807 V SystemServerTiming: OnBootPhase_200_com.android.server.pm.UserManagerService$LifeCycle took to complete: 0ms
01-04 01:21:02.019   807   807 D SystemServerTiming: OnBootPhase_200_com.android.server.om.OverlayManagerService
01-04 01:21:02.019   807   807 V SystemServerTiming: OnBootPhase_200_com.android.server.om.OverlayManagerService took to complete: 0ms
01-04 01:21:02.019   807   807 D SystemServerTiming: OnBootPhase_200_com.android.server.resources.ResourcesManagerService
01-04 01:21:02.019   807   807 V SystemServerTiming: OnBootPhase_200_com.android.server.resources.ResourcesManagerService took to complete: 0ms
01-04 01:21:02.019   807   807 D SystemServerTiming: OnBootPhase_200_com.android.server.sensorprivacy.SensorPrivacyService
01-04 01:21:02.019   807   807 V SystemServerTiming: OnBootPhase_200_com.android.server.sensorprivacy.SensorPrivacyService took to complete: 0ms
01-04 01:21:02.019   807   807 D SystemServerTiming: OnBootPhase_200_com.android.server.sensors.SensorService
01-04 01:21:02.019   807   807 V SystemServerTiming: OnBootPhase_200_com.android.server.sensors.SensorService took to complete: 0ms
01-04 01:21:02.019   807   807 D SystemServerTiming: OnBootPhase_200_com.android.server.SystemConfigService
01-04 01:21:02.019   807   807 V SystemServerTiming: OnBootPhase_200_com.android.server.SystemConfigService took to complete: 0ms
01-04 01:21:02.019   807   807 D SystemServerTiming: OnBootPhase_200_com.android.server.BatteryService
01-04 01:21:02.019   807   807 V SystemServerTiming: OnBootPhase_200_com.android.server.BatteryService took to complete: 0ms
01-04 01:21:02.019   807   807 D SystemServerTiming: OnBootPhase_200_com.android.server.usage.UsageStatsService
01-04 01:21:02.019   807   807 V SystemServerTiming: OnBootPhase_200_com.android.server.usage.UsageStatsService took to complete: 0ms
01-04 01:21:02.019   807   807 D SystemServerTiming: OnBootPhase_200_com.android.server.webkit.WebViewUpdateService
01-04 01:21:02.020   807   807 V SystemServerTiming: OnBootPhase_200_com.android.server.webkit.WebViewUpdateService took to complete: 0ms
01-04 01:21:02.020   807   807 D SystemServerTiming: OnBootPhase_200_com.android.server.CachedDeviceStateService
01-04 01:21:02.020   807   807 V SystemServerTiming: OnBootPhase_200_com.android.server.CachedDeviceStateService took to complete: 0ms
01-04 01:21:02.020   807   807 D SystemServerTiming: OnBootPhase_200_com.android.server.BinderCallsStatsService$LifeCycle
01-04 01:21:02.020   807   807 V SystemServerTiming: OnBootPhase_200_com.android.server.BinderCallsStatsService$LifeCycle took to complete: 0ms
01-04 01:21:02.020   807   807 D SystemServerTiming: OnBootPhase_200_com.android.server.LooperStatsService$Lifecycle
01-04 01:21:02.020   807   807 V SystemServerTiming: OnBootPhase_200_com.android.server.LooperStatsService$Lifecycle took to complete: 0ms
01-04 01:21:02.020   807   807 D SystemServerTiming: OnBootPhase_200_com.android.server.rollback.RollbackManagerService
01-04 01:21:02.020   807   807 V SystemServerTiming: OnBootPhase_200_com.android.server.rollback.RollbackManagerService took to complete: 0ms
01-04 01:21:02.020   807   807 D SystemServerTiming: OnBootPhase_200_com.android.server.os.NativeTombstoneManagerService
01-04 01:21:02.020   807   807 V SystemServerTiming: OnBootPhase_200_com.android.server.os.NativeTombstoneManagerService took to complete: 0ms
01-04 01:21:02.020   807   807 D SystemServerTiming: OnBootPhase_200_com.android.server.os.BugreportManagerService
01-04 01:21:02.020   807   807 V SystemServerTiming: OnBootPhase_200_com.android.server.os.BugreportManagerService took to complete: 0ms
01-04 01:21:02.020   807   807 D SystemServerTiming: OnBootPhase_200_com.android.server.gpu.GpuService
01-04 01:21:02.020   807   807 V SystemServerTiming: OnBootPhase_200_com.android.server.gpu.GpuService took to complete: 0ms
01-04 01:21:02.020   807   807 D SystemServerTiming: OnBootPhase_200_com.android.server.security.KeyChainSystemService
01-04 01:21:02.020   807   807 V SystemServerTiming: OnBootPhase_200_com.android.server.security.KeyChainSystemService took to complete: 0ms
01-04 01:21:02.020   807   807 D SystemServerTiming: OnBootPhase_200_com.android.server.BinaryTransparencyService
01-04 01:21:02.020   807   807 V SystemServerTiming: OnBootPhase_200_com.android.server.BinaryTransparencyService took to complete: 0ms
01-04 01:21:02.020   807   807 D SystemServerTiming: OnBootPhase_200_com.android.server.accounts.AccountManagerService$Lifecycle
01-04 01:21:02.020   807   807 V SystemServerTiming: OnBootPhase_200_com.android.server.accounts.AccountManagerService$Lifecycle took to complete: 0ms
01-04 01:21:02.020   807   807 D SystemServerTiming: OnBootPhase_200_com.android.server.content.ContentService$Lifecycle
01-04 01:21:02.020   807   807 V SystemServerTiming: OnBootPhase_200_com.android.server.content.ContentService$Lifecycle took to complete: 0ms
01-04 01:21:02.020   807   807 D SystemServerTiming: OnBootPhase_200_com.android.server.DropBoxManagerService
01-04 01:21:02.020   807   807 V SystemServerTiming: OnBootPhase_200_com.android.server.DropBoxManagerService took to complete: 0ms
01-04 01:21:02.020   807   807 D SystemServerTiming: OnBootPhase_200_com.android.role.RoleService
01-04 01:21:02.020   807   807 V SystemServerTiming: OnBootPhase_200_com.android.role.RoleService took to complete: 0ms
01-04 01:21:02.020   807   807 D SystemServerTiming: OnBootPhase_200_com.android.server.vibrator.VibratorManagerService$Lifecycle
01-04 01:21:02.020   807   807 V SystemServerTiming: OnBootPhase_200_com.android.server.vibrator.VibratorManagerService$Lifecycle took to complete: 0ms
01-04 01:21:02.020   807   807 D SystemServerTiming: OnBootPhase_200_com.android.server.tare.InternalResourceService
01-04 01:21:02.020   807   807 V SystemServerTiming: OnBootPhase_200_com.android.server.tare.InternalResourceService took to complete: 0ms
01-04 01:21:02.020   807   807 D SystemServerTiming: OnBootPhase_200_com.android.server.alarm.AlarmManagerService
01-04 01:21:02.020   807   807 V SystemServerTiming: OnBootPhase_200_com.android.server.alarm.AlarmManagerService took to complete: 0ms
01-04 01:21:02.020   807   807 D SystemServerTiming: OnBootPhase_200_com.android.server.devicestate.DeviceStateManagerService
01-04 01:21:02.020   807   807 V SystemServerTiming: OnBootPhase_200_com.android.server.devicestate.DeviceStateManagerService took to complete: 0ms
01-04 01:21:02.020   807   807 V SystemServerTiming: OnBootPhase_200 took to complete: 3ms
01-04 01:21:02.022   807   807 I WindowManager: No existing display settings, starting empty
01-04 01:21:02.022   807   807 I WindowManager: No existing display settings, starting empty
01-04 01:21:02.026   807   831 E WindowManager: Error reading from LetterboxConfigurationPersister. Using default values!
01-04 01:21:02.026   807   831 E WindowManager: java.io.FileNotFoundException: /data/system/letterbox_config: open failed: ENOENT (No such file or directory)
01-04 01:21:02.026   807   831 E WindowManager: 	at libcore.io.IoBridge.open(IoBridge.java:574)
01-04 01:21:02.026   807   831 E WindowManager: 	at java.io.FileInputStream.<init>(FileInputStream.java:160)
01-04 01:21:02.026   807   831 E WindowManager: 	at android.util.AtomicFile.openRead(AtomicFile.java:260)
01-04 01:21:02.026   807   831 E WindowManager: 	at com.android.server.wm.LetterboxConfigurationPersister.readCurrentConfiguration(LetterboxConfigurationPersister.java:221)
01-04 01:21:02.026   807   831 E WindowManager: 	at com.android.server.wm.LetterboxConfigurationPersister.<init>(LetterboxConfigurationPersister.java:128)
01-04 01:21:02.026   807   831 E WindowManager: 	at com.android.server.wm.LetterboxConfigurationPersister.<init>(LetterboxConfigurationPersister.java:101)
01-04 01:21:02.026   807   831 E WindowManager: 	at com.android.server.wm.LetterboxConfiguration.<init>(LetterboxConfiguration.java:242)
01-04 01:21:02.026   807   831 E WindowManager: 	at com.android.server.wm.WindowManagerService.<init>(WindowManagerService.java:1224)
01-04 01:21:02.026   807   831 E WindowManager: 	at com.android.server.wm.WindowManagerService.lambda$main$1(WindowManagerService.java:1168)
01-04 01:21:02.026   807   831 E WindowManager: 	at com.android.server.wm.WindowManagerService.$r8$lambda$mdM6IEP25omWg9Thw5NvWNLhRLE(Unknown Source:0)
01-04 01:21:02.026   807   831 E WindowManager: 	at com.android.server.wm.WindowManagerService$$ExternalSyntheticLambda3.run(Unknown Source:20)
01-04 01:21:02.026   807   831 E WindowManager: 	at android.os.Handler$BlockingRunnable.run(Handler.java:965)
01-04 01:21:02.026   807   831 E WindowManager: 	at android.os.Handler.handleCallback(Handler.java:942)
01-04 01:21:02.026   807   831 E WindowManager: 	at android.os.Handler.dispatchMessage(Handler.java:99)
01-04 01:21:02.026   807   831 E WindowManager: 	at android.os.Looper.loopOnce(Looper.java:201)
01-04 01:21:02.026   807   831 E WindowManager: 	at android.os.Looper.loop(Looper.java:288)
01-04 01:21:02.026   807   831 E WindowManager: 	at android.os.HandlerThread.run(HandlerThread.java:67)
01-04 01:21:02.026   807   831 E WindowManager: 	at com.android.server.ServiceThread.run(ServiceThread.java:44)
01-04 01:21:02.026   807   831 E WindowManager: Caused by: android.system.ErrnoException: open failed: ENOENT (No such file or directory)
01-04 01:21:02.026   807   831 E WindowManager: 	at libcore.io.Linux.open(Native Method)
01-04 01:21:02.026   807   831 E WindowManager: 	at libcore.io.ForwardingOs.open(ForwardingOs.java:563)
01-04 01:21:02.026   807   831 E WindowManager: 	at libcore.io.BlockGuardOs.open(BlockGuardOs.java:274)
01-04 01:21:02.026   807   831 E WindowManager: 	at libcore.io.IoBridge.open(IoBridge.java:560)
01-04 01:21:02.026   807   831 E WindowManager: 	... 17 more
01-04 01:21:02.038   807   807 V SystemServerTiming: StartWindowManagerService took to complete: 20ms
01-04 01:21:02.038   807   807 D SystemServerTiming: SetWindowManagerService
01-04 01:21:02.038   807   830 I DropBoxManagerService: add tag=system_server_strictmode isTagEnabled=true flags=0x2
01-04 01:21:02.096   807   807 I ActivityTaskManager: Loaded persisted task ids for user 0
01-04 01:21:02.100   807   807 V SystemServerTiming: SetWindowManagerService took to complete: 61ms
01-04 01:21:02.100   807   807 D SystemServerTiming: WindowManagerServiceOnInitReady
01-04 01:21:02.115   807   830 I DropBoxManagerService: add tag=system_server_strictmode isTagEnabled=true flags=0x2
01-04 01:21:02.115   807   807 V SystemServerTiming: WindowManagerServiceOnInitReady took to complete: 15ms
01-04 01:21:02.115   807   807 D SystemServerTiming: StartInputManager
01-04 01:21:02.115   807   807 I InputManager: Starting input manager
01-04 01:21:02.116   807   943 D SystemServerTimingAsync: InitThreadPoolExec:StartHidlServices
01-04 01:21:02.116   807   943 D SystemServerInitThreadPool: Started executing StartHidlServices
01-04 01:21:02.116   807   943 D SystemServerTimingAsync: StartHidlServices
01-04 01:21:02.116   807   830 I DropBoxManagerService: add tag=system_server_strictmode isTagEnabled=true flags=0x2
01-04 01:21:02.118   807   943 V SystemServerTimingAsync: StartHidlServices took to complete: 2ms
01-04 01:21:02.118   807   943 D SystemServerInitThreadPool: Finished executing StartHidlServices
01-04 01:21:02.118   807   943 V SystemServerTimingAsync: InitThreadPoolExec:StartHidlServices took to complete: 2ms
01-04 01:21:02.120   807   807 V SystemServerTiming: StartInputManager took to complete: 5ms
01-04 01:21:02.120   807   807 D SystemServerTiming: DisplayManagerWindowManagerAndInputReady
01-04 01:21:02.120   807   807 V SystemServerTiming: DisplayManagerWindowManagerAndInputReady took to complete: 0ms
01-04 01:21:02.120   807   807 D SystemServerTiming: StartBluetoothService
01-04 01:21:02.120   807   831 I LogicalDisplayMapper: Requesting Transition to state: 0, from state=-1, interactive=true, mBootCompleted=false
01-04 01:21:02.120   807   831 I LogicalDisplayMapper: Applying layout: [{addr: {port=11, model=0x404c2d479b6c44}, dispId: 0(ON)}], Previous layout: [{addr: {port=11, model=0x404c2d479b6c44}, dispId: 0(ON)}]
01-04 01:21:02.131   807   807 I SystemServiceManager: Starting com.android.server.bluetooth.BluetoothService
01-04 01:21:02.138   807   807 V SystemServerTiming: StartBluetoothService took to complete: 18ms
01-04 01:21:02.138   807   807 D SystemServerTiming: IpConnectivityMetrics
01-04 01:21:02.139   807   807 I SystemServiceManager: Starting com.android.server.connectivity.IpConnectivityMetrics
01-04 01:21:02.139   807   807 V SystemServerTiming: IpConnectivityMetrics took to complete: 1ms
01-04 01:21:02.139   807   807 D SystemServerTiming: NetworkWatchlistService
01-04 01:21:02.139   807   807 I SystemServiceManager: Starting com.android.server.net.watchlist.NetworkWatchlistService$Lifecycle
01-04 01:21:02.143   807   910 V SystemServerTimingAsync: AppDataPrepare took to complete: 299ms
01-04 01:21:02.143   807   910 I PackageManager: Deferred reconcileAppsData finished 116 packages
01-04 01:21:02.143   807   910 D SystemServerInitThreadPool: Finished executing prepareAppData
01-04 01:21:02.143   807   910 V SystemServerTimingAsync: InitThreadPoolExec:prepareAppData took to complete: 520ms
01-04 01:21:02.146   807   807 I WatchlistSettings: Reload watchlist settings done
01-04 01:21:02.146   807   948 I WatchlistLoggingHandler: Last report time is larger than current time, reset report
01-04 01:21:02.147   807   807 V SystemServerTiming: NetworkWatchlistService took to complete: 8ms
01-04 01:21:02.147   807   807 D SystemServerTiming: PinnerService
01-04 01:21:02.147   807   807 I SystemServiceManager: Starting com.android.server.PinnerService
01-04 01:21:02.147   807   807 V HistoricalRegistry: Interaction before persistence initialized
01-04 01:21:02.149   807   807 V SystemServerTiming: PinnerService took to complete: 2ms
01-04 01:21:02.149   807   836 D PinnerService: pinRangeStream: null
01-04 01:21:02.149   807   807 D SystemServerTiming: SignedConfigService
01-04 01:21:02.149   807   807 V SystemServerTiming: SignedConfigService took to complete: 0ms
01-04 01:21:02.149   807   807 D SystemServerTiming: AppIntegrityService
01-04 01:21:02.149   807   807 I SystemServiceManager: Starting com.android.server.integrity.AppIntegrityManagerService
01-04 01:21:02.154   807   807 E IntegrityFileManager: Error creating staging and rules directory
01-04 01:21:02.155   807   836 D PinnerService: pinRangeStream: null
01-04 01:21:02.156   807   836 E PinnerService: Could not pin file /system/bin/logd
01-04 01:21:02.156   807   836 E PinnerService: android.system.ErrnoException: open failed: EACCES (Permission denied)
01-04 01:21:02.156   807   836 E PinnerService: 	at libcore.io.Linux.open(Native Method)
01-04 01:21:02.156   807   836 E PinnerService: 	at libcore.io.ForwardingOs.open(ForwardingOs.java:563)
01-04 01:21:02.156   807   836 E PinnerService: 	at libcore.io.BlockGuardOs.open(BlockGuardOs.java:274)
01-04 01:21:02.156   807   836 E PinnerService: 	at android.system.Os.open(Os.java:494)
01-04 01:21:02.156   807   836 E PinnerService: 	at com.android.server.PinnerService.pinFileRanges(PinnerService.java:975)
01-04 01:21:02.156   807   836 E PinnerService: 	at com.android.server.PinnerService.pinFile(PinnerService.java:850)
01-04 01:21:02.156   807   836 E PinnerService: 	at com.android.server.PinnerService.handlePinOnStart(PinnerService.java:305)
01-04 01:21:02.156   807   836 E PinnerService: 	at com.android.server.PinnerService.-$$Nest$mhandlePinOnStart(Unknown Source:0)
01-04 01:21:02.156   807   836 E PinnerService: 	at com.android.server.PinnerService$PinnerHandler.handleMessage(PinnerService.java:1219)
01-04 01:21:02.156   807   836 E PinnerService: 	at android.os.Handler.dispatchMessage(Handler.java:106)
01-04 01:21:02.156   807   836 E PinnerService: 	at android.os.Looper.loopOnce(Looper.java:201)
01-04 01:21:02.156   807   836 E PinnerService: 	at android.os.Looper.loop(Looper.java:288)
01-04 01:21:02.156   807   836 E PinnerService: 	at android.os.HandlerThread.run(HandlerThread.java:67)
01-04 01:21:02.156   807   836 E PinnerService: Failed to pin file = /system/bin/logd
01-04 01:21:02.156   807   836 D PinnerService: pinRangeStream: null
01-04 01:21:02.156   807   836 E PinnerService: Could not pin file /system/lib/libjavacrypto.so
01-04 01:21:02.156   807   836 E PinnerService: android.system.ErrnoException: open failed: ENOENT (No such file or directory)
01-04 01:21:02.156   807   836 E PinnerService: 	at libcore.io.Linux.open(Native Method)
01-04 01:21:02.156   807   836 E PinnerService: 	at libcore.io.ForwardingOs.open(ForwardingOs.java:563)
01-04 01:21:02.156   807   836 E PinnerService: 	at libcore.io.BlockGuardOs.open(BlockGuardOs.java:274)
01-04 01:21:02.156   807   836 E PinnerService: 	at android.system.Os.open(Os.java:494)
01-04 01:21:02.156   807   836 E PinnerService: 	at com.android.server.PinnerService.pinFileRanges(PinnerService.java:975)
01-04 01:21:02.156   807   836 E PinnerService: 	at com.android.server.PinnerService.pinFile(PinnerService.java:850)
01-04 01:21:02.156   807   836 E PinnerService: 	at com.android.server.PinnerService.handlePinOnStart(PinnerService.java:305)
01-04 01:21:02.156   807   836 E PinnerService: 	at com.android.server.PinnerService.-$$Nest$mhandlePinOnStart(Unknown Source:0)
01-04 01:21:02.156   807   836 E PinnerService: 	at com.android.server.PinnerService$PinnerHandler.handleMessage(PinnerService.java:1219)
01-04 01:21:02.156   807   836 E PinnerService: 	at android.os.Handler.dispatchMessage(Handler.java:106)
01-04 01:21:02.156   807   836 E PinnerService: 	at android.os.Looper.loopOnce(Looper.java:201)
01-04 01:21:02.156   807   836 E PinnerService: 	at android.os.Looper.loop(Looper.java:288)
01-04 01:21:02.156   807   836 E PinnerService: 	at android.os.HandlerThread.run(HandlerThread.java:67)
01-04 01:21:02.156   807   807 V SystemServerTiming: AppIntegrityService took to complete: 7ms
01-04 01:21:02.156   807   836 E PinnerService: Failed to pin file = /system/lib/libjavacrypto.so
01-04 01:21:02.156   807   807 D SystemServerTiming: StartLogcatManager
01-04 01:21:02.156   807   836 D PinnerService: pinRangeStream: null
01-04 01:21:02.156   807   807 I SystemServiceManager: Starting com.android.server.logcat.LogcatManagerService
01-04 01:21:02.158   807   948 I WatchlistLoggingHandler: No need to aggregate record yet.
01-04 01:21:02.158   807   948 I WatchlistLoggingHandler: Milliseconds spent on tryAggregateRecords(): 12
01-04 01:21:02.160   807   830 I DropBoxManagerService: add tag=system_server_strictmode isTagEnabled=true flags=0x2
01-04 01:21:02.161   807   830 I DropBoxManagerService: add tag=system_server_strictmode isTagEnabled=true flags=0x2
01-04 01:21:02.161   807   807 V SystemServerTiming: StartLogcatManager took to complete: 5ms
01-04 01:21:02.161   807   807 I WindowManager: SAFE MODE not enabled
01-04 01:21:02.162   807   830 I DropBoxManagerService: add tag=system_server_strictmode isTagEnabled=true flags=0x2
01-04 01:21:02.162   807   807 D SystemServerTiming: StartInputMethodManagerLifecycle
01-04 01:21:02.162   807   807 I SystemServiceManager: Starting com.android.server.inputmethod.InputMethodManagerService$Lifecycle
01-04 01:21:02.163   807   830 I DropBoxManagerService: add tag=system_server_strictmode isTagEnabled=true flags=0x2
01-04 01:21:02.164   807   830 I DropBoxManagerService: add tag=system_server_strictmode isTagEnabled=true flags=0x2
