01-07 01:21:11.556   935   935 W PackageManager: Package com.android.providers.media.module is an APK in APEX, but has permission allowlist on the system image. Please bundle the allowlist in the com.android.mediaprovider APEX instead.
01-07 01:21:11.556   935   935 W PackageManager: Package com.android.providers.media.module is an APK in APEX, but has permission allowlist on the system image. Please bundle the allowlist in the com.android.mediaprovider APEX instead.
01-07 01:21:11.556   935   935 W PackageManager: Package com.android.providers.media.module is an APK in APEX, but has permission allowlist on the system image. Please bundle the allowlist in the com.android.mediaprovider APEX instead.
01-07 01:21:11.556   935   935 W PackageManager: Package com.android.providers.media.module is an APK in APEX, but has permission allowlist on the system image. Please bundle the allowlist in the com.android.mediaprovider APEX instead.
01-07 01:21:11.556   935   935 W PackageManager: Package com.android.providers.media.module is an APK in APEX, but has permission allowlist on the system image. Please bundle the allowlist in the com.android.mediaprovider APEX instead.
01-07 01:21:11.556   935   935 W PackageManager: Package com.android.providers.media.module is an APK in APEX, but has permission allowlist on the system image. Please bundle the allowlist in the com.android.mediaprovider APEX instead.
01-07 01:21:11.556   935   935 W PackageManager: Package com.android.providers.media.module is an APK in APEX, but has permission allowlist on the system image. Please bundle the allowlist in the com.android.mediaprovider APEX instead.
01-07 01:21:11.556   935   935 W PackageManager: Package com.android.providers.media.module is an APK in APEX, but has permission allowlist on the system image. Please bundle the allowlist in the com.android.mediaprovider APEX instead.
01-07 01:21:11.556   935   935 W PackageManager: Package com.android.providers.media.module is an APK in APEX, but has permission allowlist on the system image. Please bundle the allowlist in the com.android.mediaprovider APEX instead.
01-07 01:21:11.557   935   935 W PackageManager: Package com.android.providers.media.module is an APK in APEX, but has permission allowlist on the system image. Please bundle the allowlist in the com.android.mediaprovider APEX instead.
01-07 01:21:11.557   935   935 W PackageManager: Package com.android.providers.media.module is an APK in APEX, but has permission allowlist on the system image. Please bundle the allowlist in the com.android.mediaprovider APEX instead.
01-07 01:21:11.557   935   935 W PackageManager: Package com.android.providers.media.module is an APK in APEX, but has permission allowlist on the system image. Please bundle the allowlist in the com.android.mediaprovider APEX instead.
01-07 01:21:11.557   935   935 W PackageManager: Package com.android.providers.media.module is an APK in APEX, but has permission allowlist on the system image. Please bundle the allowlist in the com.android.mediaprovider APEX instead.
01-01 00:00:21.881     0     0 D [4 T526   ..] cnss: request MSI one vector
01-01 00:00:21.881     0     0 D [4 T526   ..] cnss: MSI base data is 1
01-01 00:00:21.881     0     0 D [4 T526   ..] cnss: BAR starts at 0x00000000f5800000, length is 200000
01-01 00:00:21.882     0     0 D [4 T526   ..] cnss: Assign MSI to user: MHI, num_vectors: 1, user_base_data: 1, base_vector: 0
01-01 00:00:21.882     0     0 D [4 T526   ..] cnss: Number of assigned MSI for MHI is 3, base vector is 0
01-01 00:00:21.882     0     0 D [4 T526   ..] cnss: Get IRQ number 101 for vector index 0
01-01 00:00:21.882     0     0 D [4 T526   ..] cnss: Get IRQ number 101 for vector index 0
01-01 00:00:21.882     0     0 D [4 T526   ..] cnss: Get IRQ number 101 for vector index 0
01-01 00:00:21.883     0     0 D [4 T526   ..] cnss: Get device version info, family number: 0x4, device number: 0x17, major version: 0x2, minor version: 0x0
01-01 00:00:21.883     0     0 D [4 T526   ..] cnss: FW name is amss20.bin, FW fallback name is amss20.bin
01-01 00:00:21.883     0     0 D [4 T526   ..] cnss: Get PCI link status register: 4114
01-01 00:00:21.883     0     0 D [4 T526   ..] cnss: Default PCI link speed is 0x2, link width is 0x1
01-01 00:00:21.883     0     0 D [4 T526   ..] cnss: pci link_ctl 0x0040
01-01 00:00:21.884     0     0 I [4 T526   ..] cnss: Platform driver probed successfully.
01-01 00:00:21.884     0     0 I [4 T526   ..] cnss_prealloc: created mempool cnss-pool-8k of min size 22 * 8192
01-01 00:00:21.884     0     0 I [4 T526   ..] cnss_prealloc: created mempool cnss-pool-16k of min size 16 * 16384
01-01 00:00:21.885     0     0 I [4 T526   ..] cnss_prealloc: created mempool cnss-pool-32k of min size 6 * 32768
01-01 00:00:21.885     0     0 I [4 T526   ..] cnss_prealloc: created mempool cnss-pool-64k of min size 8 * 65536
01-01 00:00:21.885     0     0 I [4 T526   ..] cnss_prealloc: created mempool cnss-pool-128k of min size 2 * 131072
01-07 01:21:11.559   526   526 E android.hardware.wifi@1.0-service.droidlogic: insmod driver: /vendor/lib/modules/wlan.ko
01-07 01:21:11.572   935   935 V StagingManagerTiming: restoreSessions took to complete: 2ms
01-01 00:00:21.898     0     0 I         : [7 T497   ..] meson8b-dwmac fdc00000.ethernet eth0: Register MEM_TYPE_PAGE_POOL RxQ-0
01-07 01:21:11.573   935   935 V SystemServerTiming: MakePackageManagerServiceReady took to complete: 47ms
01-07 01:21:11.573   935   935 D SystemServerTiming: MakeDisplayManagerServiceReady
01-07 01:21:11.576   935   964 E DisplayModeDirector: Asked about unknown display, returning empty display mode specs!(id=0)
01-07 01:21:11.576   935   964 E DisplayModeDirector: Asked about unknown display, returning empty display mode specs!(id=0)
01-07 01:21:11.579   935   935 I BrightnessSynchronizer: Initial brightness readings: 102(int), 0.39763778(float)
01-07 01:21:11.580   935   935 V SystemServerTiming: MakeDisplayManagerServiceReady took to complete: 7ms
01-07 01:21:11.580   935   935 D SystemServerTiming: StartDeviceSpecificServices
01-07 01:21:11.580   935   935 V SystemServerTiming: StartDeviceSpecificServices took to complete: 0ms
01-07 01:21:11.580   935   935 D SystemServerTiming: GameManagerService
01-07 01:21:11.580   935   935 I SystemServiceManager: Starting com.android.server.app.GameManagerService$Lifecycle
01-07 01:21:11.584   935   935 V SystemServerTiming: GameManagerService took to complete: 4ms
01-07 01:21:11.584   935   935 D SystemServerTiming: ArtManagerLocal
01-07 01:21:11.584   935   935 V SystemServerTiming: ArtManagerLocal took to complete: 0ms
01-07 01:21:11.584   935   935 D SystemServerTiming: StartBootPhaseDeviceSpecificServicesReady
01-07 01:21:11.585   935   935 I SystemServiceManager: Starting phase 520
01-07 01:21:11.585   935   935 D SystemServerTiming: OnBootPhase_520
01-07 01:21:11.585   935   935 D SystemServerTiming: OnBootPhase_520_com.android.server.security.FileIntegrityService
01-07 01:21:11.585   935   935 V SystemServerTiming: OnBootPhase_520_com.android.server.security.FileIntegrityService took to complete: 0ms
01-07 01:21:11.585   935   935 D SystemServerTiming: OnBootPhase_520_com.android.server.pm.Installer
01-07 01:21:11.585   935   935 V SystemServerTiming: OnBootPhase_520_com.android.server.pm.Installer took to complete: 0ms
01-07 01:21:11.585   935   935 D SystemServerTiming: OnBootPhase_520_com.android.server.os.DeviceIdentifiersPolicyService
01-07 01:21:11.585   935   935 V SystemServerTiming: OnBootPhase_520_com.android.server.os.DeviceIdentifiersPolicyService took to complete: 0ms
01-07 01:21:11.585   935   935 D SystemServerTiming: OnBootPhase_520_com.android.server.uri.UriGrantsManagerService$Lifecycle
01-07 01:21:11.585   935   935 V SystemServerTiming: OnBootPhase_520_com.android.server.uri.UriGrantsManagerService$Lifecycle took to complete: 0ms
01-07 01:21:11.585   935   935 D SystemServerTiming: OnBootPhase_520_com.android.server.powerstats.PowerStatsService
01-07 01:21:11.585   935   935 V SystemServerTiming: OnBootPhase_520_com.android.server.powerstats.PowerStatsService took to complete: 0ms
01-07 01:21:11.585   935   935 D SystemServerTiming: OnBootPhase_520_com.android.server.wm.ActivityTaskManagerService$Lifecycle
01-07 01:21:11.585   935   935 V SystemServerTiming: OnBootPhase_520_com.android.server.wm.ActivityTaskManagerService$Lifecycle took to complete: 0ms
01-07 01:21:11.585   935   935 D SystemServerTiming: OnBootPhase_520_com.android.server.am.ActivityManagerService$Lifecycle
01-07 01:21:11.585   935   935 V SystemServerTiming: OnBootPhase_520_com.android.server.am.ActivityManagerService$Lifecycle took to complete: 0ms
01-07 01:21:11.585   935   935 D SystemServerTiming: OnBootPhase_520_com.android.server.pm.DataLoaderManagerService
01-07 01:21:11.585   935   935 V SystemServerTiming: OnBootPhase_520_com.android.server.pm.DataLoaderManagerService took to complete: 0ms
01-07 01:21:11.585   935   935 D SystemServerTiming: OnBootPhase_520_com.android.server.power.PowerManagerService
01-07 01:21:11.585   935   935 V SystemServerTiming: OnBootPhase_520_com.android.server.power.PowerManagerService took to complete: 0ms
01-07 01:21:11.585   935   935 D SystemServerTiming: OnBootPhase_520_com.android.server.power.ThermalManagerService
01-07 01:21:11.585   935   935 V SystemServerTiming: OnBootPhase_520_com.android.server.power.ThermalManagerService took to complete: 0ms
01-07 01:21:11.585   935   935 D SystemServerTiming: OnBootPhase_520_com.android.server.power.hint.HintManagerService
01-07 01:21:11.585   935   935 V SystemServerTiming: OnBootPhase_520_com.android.server.power.hint.HintManagerService took to complete: 0ms
01-07 01:21:11.585   935   935 D SystemServerTiming: OnBootPhase_520_com.android.server.recoverysystem.RecoverySystemService$Lifecycle
01-07 01:21:11.585   935   935 V SystemServerTiming: OnBootPhase_520_com.android.server.recoverysystem.RecoverySystemService$Lifecycle took to complete: 0ms
01-07 01:21:11.585   935   935 D SystemServerTiming: OnBootPhase_520_com.android.server.lights.LightsService
01-07 01:21:11.585   935   935 V SystemServerTiming: OnBootPhase_520_com.android.server.lights.LightsService took to complete: 0ms
01-07 01:21:11.585   935   935 D SystemServerTiming: OnBootPhase_520_com.android.server.display.DisplayManagerService
01-07 01:21:11.585   935   935 V SystemServerTiming: OnBootPhase_520_com.android.server.display.DisplayManagerService took to complete: 0ms
01-07 01:21:11.585   935   935 D SystemServerTiming: OnBootPhase_520_com.android.server.pm.verify.domain.DomainVerificationService
01-07 01:21:11.585   935   935 V SystemServerTiming: OnBootPhase_520_com.android.server.pm.verify.domain.DomainVerificationService took to complete: 0ms
01-01 00:00:21.910     0     0 I         : [7 T497   ..] meson8b-dwmac fdc00000.ethernet eth0: No Safety Features support found
01-01 00:00:21.910     0     0 I         : [7 T497   ..] meson8b-dwmac fdc00000.ethernet eth0: IEEE 1588-2008 Advanced Timestamp supported
01-01 00:00:21.910     0     0 I         : [4 T497   ..] meson8b-dwmac fdc00000.ethernet eth0: registered PTP clock
01-07 01:21:11.585   935   935 D SystemServerTiming: OnBootPhase_520_com.android.server.pm.PackageInstallerService$Lifecycle
01-07 01:21:11.585   935   935 V SystemServerTiming: OnBootPhase_520_com.android.server.pm.PackageInstallerService$Lifecycle took to complete: 0ms
01-07 01:21:11.586   935   935 D SystemServerTiming: OnBootPhase_520_com.android.server.pm.UserManagerService$LifeCycle
01-07 01:21:11.586   935   935 V SystemServerTiming: OnBootPhase_520_com.android.server.pm.UserManagerService$LifeCycle took to complete: 0ms
01-07 01:21:11.586   935   935 D SystemServerTiming: OnBootPhase_520_com.android.server.om.OverlayManagerService
01-07 01:21:11.586   935   935 V SystemServerTiming: OnBootPhase_520_com.android.server.om.OverlayManagerService took to complete: 0ms
01-07 01:21:11.586   935   935 D SystemServerTiming: OnBootPhase_520_com.android.server.resources.ResourcesManagerService
01-07 01:21:11.586   935   935 V SystemServerTiming: OnBootPhase_520_com.android.server.resources.ResourcesManagerService took to complete: 0ms
01-07 01:21:11.586   935   935 D SystemServerTiming: OnBootPhase_520_com.android.server.sensorprivacy.SensorPrivacyService
01-07 01:21:11.586   935   935 V SystemServerTiming: OnBootPhase_520_com.android.server.sensorprivacy.SensorPrivacyService took to complete: 0ms
01-07 01:21:11.586   935   935 D SystemServerTiming: OnBootPhase_520_com.android.server.sensors.SensorService
01-07 01:21:11.586   935   935 V SystemServerTiming: OnBootPhase_520_com.android.server.sensors.SensorService took to complete: 0ms
01-07 01:21:11.586   935   935 D SystemServerTiming: OnBootPhase_520_com.android.server.SystemConfigService
01-07 01:21:11.586   935   935 V SystemServerTiming: OnBootPhase_520_com.android.server.SystemConfigService took to complete: 0ms
01-07 01:21:11.586   935   935 D SystemServerTiming: OnBootPhase_520_com.android.server.BatteryService
01-07 01:21:11.586   935   935 V SystemServerTiming: OnBootPhase_520_com.android.server.BatteryService took to complete: 0ms
01-07 01:21:11.586   935   935 D SystemServerTiming: OnBootPhase_520_com.android.server.usage.UsageStatsService
01-07 01:21:11.586   935   935 V SystemServerTiming: OnBootPhase_520_com.android.server.usage.UsageStatsService took to complete: 0ms
01-07 01:21:11.586   935   935 D SystemServerTiming: OnBootPhase_520_com.android.server.webkit.WebViewUpdateService
01-07 01:21:11.586   935   935 V SystemServerTiming: OnBootPhase_520_com.android.server.webkit.WebViewUpdateService took to complete: 0ms
01-07 01:21:11.586   935   935 D SystemServerTiming: OnBootPhase_520_com.android.server.CachedDeviceStateService
01-07 01:21:11.586   935   935 V SystemServerTiming: OnBootPhase_520_com.android.server.CachedDeviceStateService took to complete: 0ms
01-07 01:21:11.586   935   935 D SystemServerTiming: OnBootPhase_520_com.android.server.BinderCallsStatsService$LifeCycle
01-07 01:21:11.586   935   935 V SystemServerTiming: OnBootPhase_520_com.android.server.BinderCallsStatsService$LifeCycle took to complete: 0ms
01-07 01:21:11.586   935   935 D SystemServerTiming: OnBootPhase_520_com.android.server.LooperStatsService$Lifecycle
01-07 01:21:11.586   935   935 V SystemServerTiming: OnBootPhase_520_com.android.server.LooperStatsService$Lifecycle took to complete: 0ms
01-07 01:21:11.586   935   935 D SystemServerTiming: OnBootPhase_520_com.android.server.rollback.RollbackManagerService
01-07 01:21:11.586   935   935 V SystemServerTiming: OnBootPhase_520_com.android.server.rollback.RollbackManagerService took to complete: 0ms
01-07 01:21:11.586   935   935 D SystemServerTiming: OnBootPhase_520_com.android.server.os.NativeTombstoneManagerService
01-07 01:21:11.586   935   935 V SystemServerTiming: OnBootPhase_520_com.android.server.os.NativeTombstoneManagerService took to complete: 0ms
01-07 01:21:11.586   935   935 D SystemServerTiming: OnBootPhase_520_com.android.server.os.BugreportManagerService
01-07 01:21:11.586   935   935 V SystemServerTiming: OnBootPhase_520_com.android.server.os.BugreportManagerService took to complete: 0ms
01-07 01:21:11.586   935   935 D SystemServerTiming: OnBootPhase_520_com.android.server.gpu.GpuService
01-07 01:21:11.586   935   935 V SystemServerTiming: OnBootPhase_520_com.android.server.gpu.GpuService took to complete: 0ms
01-07 01:21:11.586   935   935 D SystemServerTiming: OnBootPhase_520_com.android.server.security.KeyChainSystemService
01-07 01:21:11.586   935   935 V SystemServerTiming: OnBootPhase_520_com.android.server.security.KeyChainSystemService took to complete: 0ms
01-07 01:21:11.586   935   935 D SystemServerTiming: OnBootPhase_520_com.android.server.BinaryTransparencyService
01-07 01:21:11.587   935   935 V SystemServerTiming: OnBootPhase_520_com.android.server.BinaryTransparencyService took to complete: 0ms
01-07 01:21:11.587   935   935 D SystemServerTiming: OnBootPhase_520_com.android.server.accounts.AccountManagerService$Lifecycle
01-07 01:21:11.587   935   935 V SystemServerTiming: OnBootPhase_520_com.android.server.accounts.AccountManagerService$Lifecycle took to complete: 0ms
01-07 01:21:11.587   935   935 D SystemServerTiming: OnBootPhase_520_com.android.server.content.ContentService$Lifecycle
01-07 01:21:11.587   935   935 V SystemServerTiming: OnBootPhase_520_com.android.server.content.ContentService$Lifecycle took to complete: 0ms
01-07 01:21:11.587   935   935 D SystemServerTiming: OnBootPhase_520_com.android.server.DropBoxManagerService
01-07 01:21:11.587   935   935 V SystemServerTiming: OnBootPhase_520_com.android.server.DropBoxManagerService took to complete: 0ms
01-07 01:21:11.587   935   935 D SystemServerTiming: OnBootPhase_520_com.android.role.RoleService
01-07 01:21:11.587   935   935 V SystemServerTiming: OnBootPhase_520_com.android.role.RoleService took to complete: 0ms
01-07 01:21:11.587   935   935 D SystemServerTiming: OnBootPhase_520_com.android.server.vibrator.VibratorManagerService$Lifecycle
01-07 01:21:11.587   935   935 V SystemServerTiming: OnBootPhase_520_com.android.server.vibrator.VibratorManagerService$Lifecycle took to complete: 0ms
01-07 01:21:11.587   935   935 D SystemServerTiming: OnBootPhase_520_com.android.server.tare.InternalResourceService
01-07 01:21:11.587   935   935 V SystemServerTiming: OnBootPhase_520_com.android.server.tare.InternalResourceService took to complete: 0ms
01-07 01:21:11.587   935   935 D SystemServerTiming: OnBootPhase_520_com.android.server.alarm.AlarmManagerService
01-07 01:21:11.587   935   935 V SystemServerTiming: OnBootPhase_520_com.android.server.alarm.AlarmManagerService took to complete: 0ms
01-07 01:21:11.587   935   935 D SystemServerTiming: OnBootPhase_520_com.android.server.devicestate.DeviceStateManagerService
01-07 01:21:11.587   935   935 V SystemServerTiming: OnBootPhase_520_com.android.server.devicestate.DeviceStateManagerService took to complete: 0ms
01-07 01:21:11.587   935   935 D SystemServerTiming: OnBootPhase_520_com.android.server.bluetooth.BluetoothService
01-07 01:21:11.587   935   935 V SystemServerTiming: OnBootPhase_520_com.android.server.bluetooth.BluetoothService took to complete: 0ms
01-07 01:21:11.587   935   935 D SystemServerTiming: OnBootPhase_520_com.android.server.connectivity.IpConnectivityMetrics
01-07 01:21:11.587   935   935 V SystemServerTiming: OnBootPhase_520_com.android.server.connectivity.IpConnectivityMetrics took to complete: 0ms
01-07 01:21:11.587   935   935 D SystemServerTiming: OnBootPhase_520_com.android.server.net.watchlist.NetworkWatchlistService$Lifecycle
01-07 01:21:11.587   935   935 V SystemServerTiming: OnBootPhase_520_com.android.server.net.watchlist.NetworkWatchlistService$Lifecycle took to complete: 0ms
01-07 01:21:11.587   935   935 D SystemServerTiming: OnBootPhase_520_com.android.server.PinnerService
01-07 01:21:11.587   935   935 V SystemServerTiming: OnBootPhase_520_com.android.server.PinnerService took to complete: 0ms
01-07 01:21:11.587   935   935 D SystemServerTiming: OnBootPhase_520_com.android.server.integrity.AppIntegrityManagerService
01-07 01:21:11.587   935   935 V SystemServerTiming: OnBootPhase_520_com.android.server.integrity.AppIntegrityManagerService took to complete: 0ms
01-07 01:21:11.587   935   935 D SystemServerTiming: OnBootPhase_520_com.android.server.logcat.LogcatManagerService
01-07 01:21:11.587   935   935 V SystemServerTiming: OnBootPhase_520_com.android.server.logcat.LogcatManagerService took to complete: 0ms
01-07 01:21:11.587   935   935 D SystemServerTiming: OnBootPhase_520_com.android.server.inputmethod.InputMethodManagerService$Lifecycle
01-07 01:21:11.587   935   935 V SystemServerTiming: OnBootPhase_520_com.android.server.inputmethod.InputMethodManagerService$Lifecycle took to complete: 0ms
01-07 01:21:11.587   935   935 D SystemServerTiming: OnBootPhase_520_com.android.server.accessibility.AccessibilityManagerService$Lifecycle
01-07 01:21:11.587   935   935 V SystemServerTiming: OnBootPhase_520_com.android.server.accessibility.AccessibilityManagerService$Lifecycle took to complete: 0ms
01-07 01:21:11.587   935   935 D SystemServerTiming: OnBootPhase_520_com.android.server.StorageManagerService$Lifecycle
01-07 01:21:11.588   935   935 V SystemServerTiming: OnBootPhase_520_com.android.server.StorageManagerService$Lifecycle took to complete: 0ms
01-07 01:21:11.588   935   935 D SystemServerTiming: OnBootPhase_520_com.android.server.usage.StorageStatsService$Lifecycle
01-07 01:21:11.588   935   935 V SystemServerTiming: OnBootPhase_520_com.android.server.usage.StorageStatsService$Lifecycle took to complete: 0ms
01-07 01:21:11.588   935   935 D SystemServerTiming: OnBootPhase_520_com.android.server.UiModeManagerService
01-07 01:21:11.588   935   935 V SystemServerTiming: OnBootPhase_520_com.android.server.UiModeManagerService took to complete: 0ms
01-07 01:21:11.588   935   935 D SystemServerTiming: OnBootPhase_520_com.android.server.locales.LocaleManagerService
01-07 01:21:11.588   935   935 V SystemServerTiming: OnBootPhase_520_com.android.server.locales.LocaleManagerService took to complete: 0ms
01-07 01:21:11.588   935   935 D SystemServerTiming: OnBootPhase_520_com.android.server.locksettings.LockSettingsService$Lifecycle
01-07 01:21:11.588   935   935 V SystemServerTiming: OnBootPhase_520_com.android.server.locksettings.LockSettingsService$Lifecycle took to complete: 0ms
01-07 01:21:11.588   935   935 D SystemServerTiming: OnBootPhase_520_com.android.server.PersistentDataBlockService
01-07 01:21:11.588   935   935 V SystemServerTiming: OnBootPhase_520_com.android.server.PersistentDataBlockService took to complete: 0ms
01-07 01:21:11.588   935   935 D SystemServerTiming: OnBootPhase_520_com.android.server.testharness.TestHarnessModeService
01-07 01:21:11.588   935   935 V SystemServerTiming: OnBootPhase_520_com.android.server.testharness.TestHarnessModeService took to complete: 0ms
01-07 01:21:11.588   935   935 D SystemServerTiming: OnBootPhase_520_com.android.server.oemlock.OemLockService
01-07 01:21:11.588   935   935 V SystemServerTiming: OnBootPhase_520_com.android.server.oemlock.OemLockService took to complete: 0ms
01-07 01:21:11.588   935   935 D SystemServerTiming: OnBootPhase_520_com.android.server.DeviceIdleController
01-07 01:21:11.588   935   935 V SystemServerTiming: OnBootPhase_520_com.android.server.DeviceIdleController took to complete: 0ms
01-07 01:21:11.588   935   935 D SystemServerTiming: OnBootPhase_520_com.android.server.devicepolicy.DevicePolicyManagerService$Lifecycle
01-07 01:21:11.588   935   935 V SystemServerTiming: OnBootPhase_520_com.android.server.devicepolicy.DevicePolicyManagerService$Lifecycle took to complete: 0ms
01-07 01:21:11.589   935   935 D SystemServerTiming: OnBootPhase_520_com.android.server.texttospeech.TextToSpeechManagerService
01-07 01:21:11.589   935   935 V SystemServerTiming: OnBootPhase_520_com.android.server.texttospeech.TextToSpeechManagerService took to complete: 0ms
01-07 01:21:11.589   935   935 D SystemServerTiming: OnBootPhase_520_com.android.server.ambientcontext.AmbientContextManagerService
01-07 01:21:11.589   935   935 V SystemServerTiming: OnBootPhase_520_com.android.server.ambientcontext.AmbientContextManagerService took to complete: 0ms
01-07 01:21:11.589   935   935 D SystemServerTiming: OnBootPhase_520_com.android.server.speech.SpeechRecognitionManagerService
01-07 01:21:11.589   935   935 V SystemServerTiming: OnBootPhase_520_com.android.server.speech.SpeechRecognitionManagerService took to complete: 0ms
01-07 01:21:11.589   935   935 D SystemServerTiming: OnBootPhase_520_com.android.server.searchui.SearchUiManagerService
01-07 01:21:11.589   935   935 V SystemServerTiming: OnBootPhase_520_com.android.server.searchui.SearchUiManagerService took to complete: 0ms
01-07 01:21:11.589   935   935 D SystemServerTiming: OnBootPhase_520_com.android.server.smartspace.SmartspaceManagerService
01-07 01:21:11.589   935   935 V SystemServerTiming: OnBootPhase_520_com.android.server.smartspace.SmartspaceManagerService took to complete: 0ms
01-07 01:21:11.589   935   935 D SystemServerTiming: OnBootPhase_520_com.android.server.graphics.fonts.FontManagerService$Lifecycle
01-07 01:21:11.589   935   935 V SystemServerTiming: OnBootPhase_520_com.android.server.graphics.fonts.FontManagerService$Lifecycle took to complete: 0ms
01-07 01:21:11.589   935   935 D SystemServerTiming: OnBootPhase_520_com.android.server.textservices.TextServicesManagerService$Lifecycle
01-07 01:21:11.589   935   935 V SystemServerTiming: OnBootPhase_520_com.android.server.textservices.TextServicesManagerService$Lifecycle took to complete: 0ms
01-07 01:21:11.589   935   935 D SystemServerTiming: OnBootPhase_520_com.android.server.textclassifier.TextClassificationManagerService$Lifecycle
01-07 01:21:11.589   935   935 V SystemServerTiming: OnBootPhase_520_com.android.server.textclassifier.TextClassificationManagerService$Lifecycle took to complete: 0ms
01-07 01:21:11.589   935   935 D SystemServerTiming: OnBootPhase_520_com.android.server.NetworkScoreService$Lifecycle
01-07 01:21:11.589   935   935 V SystemServerTiming: OnBootPhase_520_com.android.server.NetworkScoreService$Lifecycle took to complete: 0ms
01-07 01:21:11.589   935   935 D SystemServerTiming: OnBootPhase_520_com.android.server.NetworkStatsServiceInitializer
01-07 01:21:11.589   935   935 V SystemServerTiming: OnBootPhase_520_com.android.server.NetworkStatsServiceInitializer took to complete: 0ms
01-07 01:21:11.590   935   935 D SystemServerTiming: OnBootPhase_520_com.android.server.wifi.WifiService
01-07 01:21:11.590   935   935 V SystemServerTiming: OnBootPhase_520_com.android.server.wifi.WifiService took to complete: 0ms
01-01 00:00:21.913     0     0 I         : [4 T497   ..] meson8b-dwmac fdc00000.ethernet eth0: configuring for phy/rgmii-id link mode
01-07 01:21:11.590   935   935 D SystemServerTiming: OnBootPhase_520_com.android.server.wifi.scanner.WifiScanningService
01-07 01:21:11.590   935   935 V SystemServerTiming: OnBootPhase_520_com.android.server.wifi.scanner.WifiScanningService took to complete: 0ms
01-07 01:21:11.590   935   935 D SystemServerTiming: OnBootPhase_520_com.android.server.wifi.p2p.WifiP2pService
01-07 01:21:11.590   935   935 V SystemServerTiming: OnBootPhase_520_com.android.server.wifi.p2p.WifiP2pService took to complete: 0ms
01-07 01:21:11.590   935   935 D SystemServerTiming: OnBootPhase_520_com.android.server.ConnectivityServiceInitializer
01-07 01:21:11.590   935   935 V SystemServerTiming: OnBootPhase_520_com.android.server.ConnectivityServiceInitializer took to complete: 0ms
01-07 01:21:11.590   935   935 D SystemServerTiming: OnBootPhase_520_com.android.server.notification.NotificationManagerService
01-07 01:21:11.590   935   935 V SystemServerTiming: OnBootPhase_520_com.android.server.notification.NotificationManagerService took to complete: 0ms
01-07 01:21:11.590   935   935 D SystemServerTiming: OnBootPhase_520_com.android.server.storage.DeviceStorageMonitorService
01-07 01:21:11.590   935   935 V SystemServerTiming: OnBootPhase_520_com.android.server.storage.DeviceStorageMonitorService took to complete: 0ms
01-07 01:21:11.590   935   935 D SystemServerTiming: OnBootPhase_520_com.android.server.location.LocationManagerService$Lifecycle
01-07 01:21:11.590   935   935 V SystemServerTiming: OnBootPhase_520_com.android.server.location.LocationManagerService$Lifecycle took to complete: 0ms
01-07 01:21:11.590   935   935 D SystemServerTiming: OnBootPhase_520_com.android.server.timedetector.TimeDetectorService$Lifecycle
01-07 01:21:11.590   935   935 V SystemServerTiming: OnBootPhase_520_com.android.server.timedetector.TimeDetectorService$Lifecycle took to complete: 0ms
01-07 01:21:11.590   935   935 D SystemServerTiming: OnBootPhase_520_com.android.server.timezonedetector.TimeZoneDetectorService$Lifecycle
01-07 01:21:11.590   935   935 V SystemServerTiming: OnBootPhase_520_com.android.server.timezonedetector.TimeZoneDetectorService$Lifecycle took to complete: 0ms
01-07 01:21:11.590   935   935 D SystemServerTiming: OnBootPhase_520_com.android.server.timezonedetector.location.LocationTimeZoneManagerService$Lifecycle
01-07 01:21:11.590   935   935 V SystemServerTiming: OnBootPhase_520_com.android.server.timezonedetector.location.LocationTimeZoneManagerService$Lifecycle took to complete: 0ms
01-07 01:21:11.590   935   935 D SystemServerTiming: OnBootPhase_520_com.android.server.search.SearchManagerService$Lifecycle
01-07 01:21:11.590   935   935 V SystemServerTiming: OnBootPhase_520_com.android.server.search.SearchManagerService$Lifecycle took to complete: 0ms
01-07 01:21:11.590   935   935 D SystemServerTiming: OnBootPhase_520_com.android.server.wallpaper.WallpaperManagerService$Lifecycle
01-07 01:21:11.591   935   935 V SystemServerTiming: OnBootPhase_520_com.android.server.wallpaper.WallpaperManagerService$Lifecycle took to complete: 1ms
01-07 01:21:11.591   935   935 D SystemServerTiming: OnBootPhase_520_com.android.server.wallpapereffectsgeneration.WallpaperEffectsGenerationManagerService
01-07 01:21:11.591   935   935 V SystemServerTiming: OnBootPhase_520_com.android.server.wallpapereffectsgeneration.WallpaperEffectsGenerationManagerService took to complete: 0ms
01-07 01:21:11.591   935   935 D SystemServerTiming: OnBootPhase_520_com.android.server.audio.AudioService$Lifecycle
01-07 01:21:11.591   935   935 V SystemServerTiming: OnBootPhase_520_com.android.server.audio.AudioService$Lifecycle took to complete: 0ms
01-07 01:21:11.591   935   935 D SystemServerTiming: OnBootPhase_520_com.android.server.soundtrigger_middleware.SoundTriggerMiddlewareService$Lifecycle
01-07 01:21:11.591   935   935 V SystemServerTiming: OnBootPhase_520_com.android.server.soundtrigger_middleware.SoundTriggerMiddlewareService$Lifecycle took to complete: 0ms
01-07 01:21:11.591   935   935 D SystemServerTiming: OnBootPhase_520_com.android.server.DockObserver
01-07 01:21:11.591   935   935 V SystemServerTiming: OnBootPhase_520_com.android.server.DockObserver took to complete: 0ms
01-07 01:21:11.591   935   935 D SystemServerTiming: OnBootPhase_520_com.android.server.adb.AdbService$Lifecycle
01-07 01:21:11.591   935   935 V SystemServerTiming: OnBootPhase_520_com.android.server.adb.AdbService$Lifecycle took to complete: 0ms
01-07 01:21:11.591   935   935 D SystemServerTiming: OnBootPhase_520_com.android.server.usb.UsbService$Lifecycle
01-07 01:21:11.591   935   935 V SystemServerTiming: OnBootPhase_520_com.android.server.usb.UsbService$Lifecycle took to complete: 0ms
01-07 01:21:11.591   935   935 D SystemServerTiming: OnBootPhase_520_com.android.server.twilight.TwilightService
01-07 01:21:11.591   935   935 V SystemServerTiming: OnBootPhase_520_com.android.server.twilight.TwilightService took to complete: 0ms
01-07 01:21:11.591   935   935 D SystemServerTiming: OnBootPhase_520_com.android.server.display.color.ColorDisplayService
01-07 01:21:11.591   935   935 V SystemServerTiming: OnBootPhase_520_com.android.server.display.color.ColorDisplayService took to complete: 0ms
01-07 01:21:11.591   935   935 D SystemServerTiming: OnBootPhase_520_com.android.server.job.JobSchedulerService
01-07 01:21:11.591   935   935 V SystemServerTiming: OnBootPhase_520_com.android.server.job.JobSchedulerService took to complete: 0ms
01-07 01:21:11.591   935   935 D SystemServerTiming: OnBootPhase_520_com.android.server.soundtrigger.SoundTriggerService
01-07 01:21:11.591   935   935 D SoundTriggerService: onBootPhase: 520 : false
01-07 01:21:11.591   935   935 V SystemServerTiming: OnBootPhase_520_com.android.server.soundtrigger.SoundTriggerService took to complete: 0ms
01-07 01:21:11.591   935   935 D SystemServerTiming: OnBootPhase_520_com.android.server.trust.TrustManagerService
01-07 01:21:11.591   935   935 V SystemServerTiming: OnBootPhase_520_com.android.server.trust.TrustManagerService took to complete: 0ms
01-07 01:21:11.591   935   935 D SystemServerTiming: OnBootPhase_520_com.android.server.backup.BackupManagerService$Lifecycle
01-07 01:21:11.591   935   935 V SystemServerTiming: OnBootPhase_520_com.android.server.backup.BackupManagerService$Lifecycle took to complete: 0ms
01-07 01:21:11.592   935   935 D SystemServerTiming: OnBootPhase_520_com.android.server.appwidget.AppWidgetService
01-07 01:21:11.592   935   935 V SystemServerTiming: OnBootPhase_520_com.android.server.appwidget.AppWidgetService took to complete: 0ms
01-07 01:21:11.592   935   935 D SystemServerTiming: OnBootPhase_520_com.android.server.voiceinteraction.VoiceInteractionManagerService
01-07 01:21:11.592   935   935 V SystemServerTiming: OnBootPhase_520_com.android.server.voiceinteraction.VoiceInteractionManagerService took to complete: 0ms
01-07 01:21:11.592   935   935 D SystemServerTiming: OnBootPhase_520_com.android.server.apphibernation.AppHibernationService
01-07 01:21:11.592   935   935 V SystemServerTiming: OnBootPhase_520_com.android.server.apphibernation.AppHibernationService took to complete: 0ms
01-07 01:21:11.592   935   935 D SystemServerTiming: OnBootPhase_520_com.android.server.GestureLauncherService
01-07 01:21:11.592   935   935 V SystemServerTiming: OnBootPhase_520_com.android.server.GestureLauncherService took to complete: 0ms
01-07 01:21:11.592   935   935 D SystemServerTiming: OnBootPhase_520_com.android.server.SensorNotificationService
01-07 01:21:11.592   935   935 V SystemServerTiming: OnBootPhase_520_com.android.server.SensorNotificationService took to complete: 0ms
01-07 01:21:11.592   935   935 D SystemServerTiming: OnBootPhase_520_com.android.server.emergency.EmergencyAffordanceService
01-07 01:21:11.592   935   935 V SystemServerTiming: OnBootPhase_520_com.android.server.emergency.EmergencyAffordanceService took to complete: 0ms
01-07 01:21:11.592   935   935 D SystemServerTiming: OnBootPhase_520_com.android.server.blob.BlobStoreManagerService
01-07 01:21:11.592   935   935 V SystemServerTiming: OnBootPhase_520_com.android.server.blob.BlobStoreManagerService took to complete: 0ms
01-07 01:21:11.592   935   935 D SystemServerTiming: OnBootPhase_520_com.android.server.dreams.DreamManagerService
01-07 01:21:11.592   935   935 V SystemServerTiming: OnBootPhase_520_com.android.server.dreams.DreamManagerService took to complete: 0ms
01-07 01:21:11.592   935   935 D SystemServerTiming: OnBootPhase_520_com.android.server.security.AttestationVerificationManagerService
01-07 01:21:11.592   935   935 V SystemServerTiming: OnBootPhase_520_com.android.server.security.AttestationVerificationManagerService took to complete: 0ms
01-07 01:21:11.592   935   935 D SystemServerTiming: OnBootPhase_520_com.android.server.restrictions.RestrictionsManagerService
01-07 01:21:11.592   935   935 V SystemServerTiming: OnBootPhase_520_com.android.server.restrictions.RestrictionsManagerService took to complete: 0ms
01-07 01:21:11.592   935   935 D SystemServerTiming: OnBootPhase_520_com.android.server.media.MediaSessionService
01-07 01:21:11.592   935   935 V SystemServerTiming: OnBootPhase_520_com.android.server.media.MediaSessionService took to complete: 0ms
01-07 01:21:11.592   935   935 D SystemServerTiming: OnBootPhase_520_com.android.server.hdmi.HdmiControlService
01-07 01:21:11.592   935   935 V SystemServerTiming: OnBootPhase_520_com.android.server.hdmi.HdmiControlService took to complete: 0ms
01-07 01:21:11.592   935   935 D SystemServerTiming: OnBootPhase_520_com.android.server.tv.interactive.TvInteractiveAppManagerService
01-07 01:21:11.592   935   935 V SystemServerTiming: OnBootPhase_520_com.android.server.tv.interactive.TvInteractiveAppManagerService took to complete: 0ms
01-07 01:21:11.592   935   935 D SystemServerTiming: OnBootPhase_520_com.android.server.tv.TvInputManagerService
01-07 01:21:11.592   935   935 V SystemServerTiming: OnBootPhase_520_com.android.server.tv.TvInputManagerService took to complete: 0ms
01-07 01:21:11.592   935   935 D SystemServerTiming: OnBootPhase_520_com.android.server.tv.TvRemoteService
01-07 01:21:11.592   935   935 V SystemServerTiming: OnBootPhase_520_com.android.server.tv.TvRemoteService took to complete: 0ms
01-07 01:21:11.592   935   935 D SystemServerTiming: OnBootPhase_520_com.android.server.biometrics.BiometricService
01-07 01:21:11.592   935   935 V SystemServerTiming: OnBootPhase_520_com.android.server.biometrics.BiometricService took to complete: 0ms
01-07 01:21:11.592   935   935 D SystemServerTiming: OnBootPhase_520_com.android.server.biometrics.AuthService
01-07 01:21:11.592   935   935 V SystemServerTiming: OnBootPhase_520_com.android.server.biometrics.AuthService took to complete: 0ms
01-07 01:21:11.592   935   935 D SystemServerTiming: OnBootPhase_520_com.android.server.pm.ShortcutService$Lifecycle
01-07 01:21:11.592   935   935 V SystemServerTiming: OnBootPhase_520_com.android.server.pm.ShortcutService$Lifecycle took to complete: 0ms
01-07 01:21:11.592   935   935 D SystemServerTiming: OnBootPhase_520_com.android.server.pm.LauncherAppsService
01-07 01:21:11.593   935   935 V SystemServerTiming: OnBootPhase_520_com.android.server.pm.LauncherAppsService took to complete: 0ms
01-07 01:21:11.593   935   935 D SystemServerTiming: OnBootPhase_520_com.android.server.pm.CrossProfileAppsService
01-07 01:21:11.593   935   935 V SystemServerTiming: OnBootPhase_520_com.android.server.pm.CrossProfileAppsService took to complete: 0ms
01-07 01:21:11.593   935   935 D SystemServerTiming: OnBootPhase_520_com.android.server.people.PeopleService
01-07 01:21:11.593   935   935 V SystemServerTiming: OnBootPhase_520_com.android.server.people.PeopleService took to complete: 0ms
01-07 01:21:11.593   935   935 D SystemServerTiming: OnBootPhase_520_com.android.server.media.metrics.MediaMetricsManagerService
01-07 01:21:11.593   935   935 V SystemServerTiming: OnBootPhase_520_com.android.server.media.metrics.MediaMetricsManagerService took to complete: 0ms
01-07 01:21:11.593   935   935 D SystemServerTiming: OnBootPhase_520_com.android.server.media.projection.MediaProjectionManagerService
01-07 01:21:11.593   935   935 V SystemServerTiming: OnBootPhase_520_com.android.server.media.projection.MediaProjectionManagerService took to complete: 0ms
01-07 01:21:11.593   935   935 D SystemServerTiming: OnBootPhase_520_com.android.server.slice.SliceManagerService$Lifecycle
01-07 01:21:11.593   935   935 V SystemServerTiming: OnBootPhase_520_com.android.server.slice.SliceManagerService$Lifecycle took to complete: 0ms
01-07 01:21:11.593   935   935 D SystemServerTiming: OnBootPhase_520_com.android.server.stats.StatsCompanion$Lifecycle
01-07 01:21:11.593   935   935 V SystemServerTiming: OnBootPhase_520_com.android.server.stats.StatsCompanion$Lifecycle took to complete: 0ms
01-07 01:21:11.593   935   935 D SystemServerTiming: OnBootPhase_520_com.android.server.scheduling.RebootReadinessManagerService$Lifecycle
01-07 01:21:11.593   935   935 V SystemServerTiming: OnBootPhase_520_com.android.server.scheduling.RebootReadinessManagerService$Lifecycle took to complete: 0ms
01-07 01:21:11.593   935   935 D SystemServerTiming: OnBootPhase_520_com.android.server.stats.pull.StatsPullAtomService
01-07 01:21:11.593   935   935 V SystemServerTiming: OnBootPhase_520_com.android.server.stats.pull.StatsPullAtomService took to complete: 0ms
01-07 01:21:11.593   935   935 D SystemServerTiming: OnBootPhase_520_com.android.server.stats.bootstrap.StatsBootstrapAtomService$Lifecycle
01-07 01:21:11.593   935   935 V SystemServerTiming: OnBootPhase_520_com.android.server.stats.bootstrap.StatsBootstrapAtomService$Lifecycle took to complete: 0ms
01-07 01:21:11.593   935   935 D SystemServerTiming: OnBootPhase_520_com.android.server.incident.IncidentCompanionService
01-07 01:21:11.593   935   935 V SystemServerTiming: OnBootPhase_520_com.android.server.incident.IncidentCompanionService took to complete: 0ms
01-07 01:21:11.593   935   935 D SystemServerTiming: OnBootPhase_520_com.android.server.sdksandbox.SdkSandboxManagerService$Lifecycle
01-07 01:21:11.593   935   935 V SystemServerTiming: OnBootPhase_520_com.android.server.sdksandbox.SdkSandboxManagerService$Lifecycle took to complete: 0ms
01-07 01:21:11.593   935   935 D SystemServerTiming: OnBootPhase_520_com.android.server.adservices.AdServicesManagerService$Lifecycle
01-07 01:21:11.593   935   935 V SystemServerTiming: OnBootPhase_520_com.android.server.adservices.AdServicesManagerService$Lifecycle took to complete: 0ms
01-07 01:21:11.593   935   935 D SystemServerTiming: OnBootPhase_520_com.android.server.autofill.AutofillManagerService
01-07 01:21:11.593   935   935 V SystemServerTiming: OnBootPhase_520_com.android.server.autofill.AutofillManagerService took to complete: 0ms
01-07 01:21:11.593   935   935 D SystemServerTiming: OnBootPhase_520_com.android.server.clipboard.ClipboardService
01-07 01:21:11.593   935   935 V SystemServerTiming: OnBootPhase_520_com.android.server.clipboard.ClipboardService took to complete: 0ms
01-07 01:21:11.593   935   935 D SystemServerTiming: OnBootPhase_520_com.android.server.appbinding.AppBindingService$Lifecycle
01-07 01:21:11.593   935   935 V SystemServerTiming: OnBootPhase_520_com.android.server.appbinding.AppBindingService$Lifecycle took to complete: 0ms
01-07 01:21:11.593   935   935 D SystemServerTiming: OnBootPhase_520_com.android.server.tracing.TracingServiceProxy
01-07 01:21:11.593   935   935 V SystemServerTiming: OnBootPhase_520_com.android.server.tracing.TracingServiceProxy took to complete: 0ms
01-07 01:21:11.594   935   935 D SystemServerTiming: OnBootPhase_520_com.android.server.policy.PermissionPolicyService
01-07 01:21:11.594   935   935 V SystemServerTiming: OnBootPhase_520_com.android.server.policy.PermissionPolicyService took to complete: 0ms
01-07 01:21:11.594   935   935 D SystemServerTiming: OnBootPhase_520_com.android.server.pm.StagingManager$Lifecycle
01-07 01:21:11.594   935   935 V SystemServerTiming: OnBootPhase_520_com.android.server.pm.StagingManager$Lifecycle took to complete: 0ms
01-07 01:21:11.594   935   935 D SystemServerTiming: OnBootPhase_520_com.android.server.app.GameManagerService$Lifecycle
01-07 01:21:11.594   935   935 V SystemServerTiming: OnBootPhase_520_com.android.server.app.GameManagerService$Lifecycle took to complete: 0ms
01-07 01:21:11.594   935   935 V SystemServerTiming: OnBootPhase_520 took to complete: 9ms
01-07 01:21:11.594   935   935 V SystemServerTiming: StartBootPhaseDeviceSpecificServicesReady took to complete: 9ms
01-07 01:21:11.594   935   935 D SystemServerTiming: StartSafetyCenterService
01-07 01:21:11.594   935   935 I SystemServiceManager: Starting com.android.safetycenter.SafetyCenterService
01-07 01:21:11.606   935   935 V SystemServerTiming: StartSafetyCenterService took to complete: 12ms
01-07 01:21:11.606   935   935 D SystemServerTiming: AppSearchModule
01-07 01:21:11.620   935   935 I SystemServiceManager: Starting com.android.server.appsearch.AppSearchModule$Lifecycle
01-07 01:21:11.634   935   935 V SystemServerTiming: AppSearchModule took to complete: 27ms
01-07 01:21:11.634   935   935 D SystemServerTiming: StartMediaCommunicationService
01-07 01:21:11.636   935   935 I SystemServiceManager: Starting com.android.server.media.MediaCommunicationService
01-07 01:21:11.638   935   935 V SystemServerTiming: StartMediaCommunicationService took to complete: 4ms
01-07 01:21:11.638   935   935 D SystemServerTiming: AppCompatOverridesService
01-07 01:21:11.638   935   935 I SystemServiceManager: Starting com.android.server.compat.overrides.AppCompatOverridesService$Lifecycle
01-07 01:21:11.640   935   935 V SystemServerTiming: AppCompatOverridesService took to complete: 2ms
01-07 01:21:11.640   935   935 D SystemServerTiming: PhaseActivityManagerReady
01-07 01:21:11.640   935   935 D SystemServerTiming: controllersReady
01-07 01:21:11.648   935  1059 D SystemServerTimingAsync: InitThreadPoolExec:Update app-ops uidState in case package io.appium.uiautomator2.server changed
01-07 01:21:11.648   935  1114 D SystemServerTimingAsync: InitThreadPoolExec:Update app-ops uidState in case package com.sonos.connectivity changed
01-07 01:21:11.648   935  1046 D SystemServerTimingAsync: InitThreadPoolExec:Update app-ops uidState in case package io.appium.settings changed
01-07 01:21:11.649   935   968 D SystemServerTimingAsync: InitThreadPoolExec:Update app-ops uidState in case package com.android.providers.media.module changed
01-07 01:21:11.649   935  1058 D SystemServerTimingAsync: InitThreadPoolExec:Update app-ops uidState in case package com.android.systemui changed
01-07 01:21:11.649   935  1114 D SystemServerInitThreadPool: Started executing Update app-ops uidState in case package com.sonos.connectivity changed
01-07 01:21:11.649   935  1046 D SystemServerInitThreadPool: Started executing Update app-ops uidState in case package io.appium.settings changed
01-07 01:21:11.649   935  1114 D SystemServerInitThreadPool: Finished executing Update app-ops uidState in case package com.sonos.connectivity changed
01-07 01:21:11.649   935  1046 D SystemServerInitThreadPool: Finished executing Update app-ops uidState in case package io.appium.settings changed
01-07 01:21:11.649   935  1046 V SystemServerTimingAsync: InitThreadPoolExec:Update app-ops uidState in case package io.appium.settings changed took to complete: 0ms
01-07 01:21:11.649   935  1046 D SystemServerTimingAsync: InitThreadPoolExec:Update app-ops uidState in case package com.aml.dial changed
01-07 01:21:11.649   935  1046 D SystemServerInitThreadPool: Started executing Update app-ops uidState in case package com.aml.dial changed
01-07 01:21:11.649   935  1050 D SystemServerTimingAsync: InitThreadPoolExec:Update app-ops uidState in case package tv.pluto.android changed
01-07 01:21:11.649   935  1050 D SystemServerInitThreadPool: Started executing Update app-ops uidState in case package tv.pluto.android changed
01-07 01:21:11.649   935  1059 D SystemServerInitThreadPool: Started executing Update app-ops uidState in case package io.appium.uiautomator2.server changed
01-07 01:21:11.649   935  1081 D SystemServerTimingAsync: InitThreadPoolExec:Update app-ops uidState in case package com.philo.philo.google changed
01-07 01:21:11.649   935  1081 D SystemServerInitThreadPool: Started executing Update app-ops uidState in case package com.philo.philo.google changed
01-07 01:21:11.650   935  1107 D SystemServerTimingAsync: InitThreadPoolExec:Update app-ops uidState in case package com.disney.disneyplus changed
01-07 01:21:11.650   935  1046 D SystemServerInitThreadPool: Finished executing Update app-ops uidState in case package com.aml.dial changed
01-07 01:21:11.650   935  1046 V SystemServerTimingAsync: InitThreadPoolExec:Update app-ops uidState in case package com.aml.dial changed took to complete: 1ms
01-07 01:21:11.650   935  1081 D SystemServerInitThreadPool: Finished executing Update app-ops uidState in case package com.philo.philo.google changed
01-07 01:21:11.650   935  1081 V SystemServerTimingAsync: InitThreadPoolExec:Update app-ops uidState in case package com.philo.philo.google changed took to complete: 1ms
01-07 01:21:11.650   935  1081 D SystemServerTimingAsync: InitThreadPoolExec:Update app-ops uidState in case package com.sonos.tv.settings changed
01-07 01:21:11.650   935  1059 D SystemServerInitThreadPool: Finished executing Update app-ops uidState in case package io.appium.uiautomator2.server changed
01-07 01:21:11.651   935  1059 V SystemServerTimingAsync: InitThreadPoolExec:Update app-ops uidState in case package io.appium.uiautomator2.server changed took to complete: 3ms
01-07 01:21:11.651   935  1059 D SystemServerTimingAsync: InitThreadPoolExec:Update app-ops uidState in case package com.sonos.tv.music changed
01-07 01:21:11.651   935  1059 D SystemServerInitThreadPool: Started executing Update app-ops uidState in case package com.sonos.tv.music changed
01-07 01:21:11.651   935  1059 D SystemServerInitThreadPool: Finished executing Update app-ops uidState in case package com.sonos.tv.music changed
01-07 01:21:11.651   935  1059 V SystemServerTimingAsync: InitThreadPoolExec:Update app-ops uidState in case package com.sonos.tv.music changed took to complete: 0ms
01-07 01:21:11.651   935  1059 D SystemServerTimingAsync: InitThreadPoolExec:Update app-ops uidState in case package com.sonos.cinemascope changed
01-07 01:21:11.651   935  1059 D SystemServerInitThreadPool: Started executing Update app-ops uidState in case package com.sonos.cinemascope changed
01-07 01:21:11.651   935  1059 D SystemServerInitThreadPool: Finished executing Update app-ops uidState in case package com.sonos.cinemascope changed
01-07 01:21:11.651   935  1059 V SystemServerTimingAsync: InitThreadPoolExec:Update app-ops uidState in case package com.sonos.cinemascope changed took to complete: 0ms
01-07 01:21:11.651   935  1059 D SystemServerTimingAsync: InitThreadPoolExec:Update app-ops uidState in case package com.sonos.tv.appdirector changed
01-07 01:21:11.651   935  1059 D SystemServerInitThreadPool: Started executing Update app-ops uidState in case package com.sonos.tv.appdirector changed
01-07 01:21:11.651   935  1059 D SystemServerInitThreadPool: Finished executing Update app-ops uidState in case package com.sonos.tv.appdirector changed
01-07 01:21:11.651   935  1059 V SystemServerTimingAsync: InitThreadPoolExec:Update app-ops uidState in case package com.sonos.tv.appdirector changed took to complete: 0ms
01-07 01:21:11.651   935  1059 D SystemServerTimingAsync: InitThreadPoolExec:Update app-ops uidState in case package com.sonos.tv.launcher changed
01-07 01:21:11.651   935  1059 D SystemServerInitThreadPool: Started executing Update app-ops uidState in case package com.sonos.tv.launcher changed
