01-01 00:00:03.949     0     0 I         : [1 T254   ..] pci 0000:01:00.0: 4.000 Gb/s available PCIe bandwidth, limited by 5.0 GT/s PCIe x1 link at 0000:00:00.0 (capable of 15.752 Gb/s with 8.0 GT/s PCIe x2 link)
01-01 00:00:03.968     0     0 I         : [1 T254   ..] pci 0000:00:00.0: BAR 14: assigned [mem 0xf5800000-0xf59fffff]
01-01 00:00:03.968     0     0 I         : [1 T254   ..] pci 0000:00:00.0: BAR 6: assigned [mem 0xf5700000-0xf570ffff pref]
01-01 00:00:03.968     0     0 I         : [1 T254   ..] pci 0000:01:00.0: BAR 0: assigned [mem 0xf5800000-0xf59fffff 64bit]
01-01 00:00:03.968     0     0 I         : [1 T254   ..] pci 0000:00:00.0: PCI bridge to [bus 01-ff]
01-01 00:00:03.968     0     0 I         : [1 T254   ..] pci 0000:00:00.0:   bridge window [mem 0xf5800000-0xf59fffff]
01-01 00:00:03.968     0     0 I [1 T254   ..] OF: /soc/pcie@f5000000: no iommu-map translation for id 0x0 on (null)
01-01 00:00:03.968     0     0 I         : [1 T254   ..] pcieport 0000:00:00.0: PME: Signaling with IRQ 97
01-01 00:00:03.969     0     0 I         : [1 T254   ..] pcieport 0000:00:00.0: AER: enabled with IRQ 97
01-01 00:00:03.969     0     0 I         : [1 T254   ..] amlogic-pcie-v2 f5000000.pcie: Link up, GEN2,link width is x1
01-01 00:00:03.970     0     0 I         : [1 T254   ..] insmod (254) used greatest stack depth: 10736 bytes left
01-01 00:00:04.046     0     0 I [5 T258   ..] ntfs3: Max link count 4000
01-01 00:00:04.097     0     0 I [1 T260   ..] zram: Added device: zram0
01-01 00:00:04.274     0     0 I         : [1 T268   ..] meson8b-dwmac fdc00000.ethernet: IRQ eth_wake_irq not found
01-01 00:00:04.274     0     0 I         : [1 T268   ..] meson8b-dwmac fdc00000.ethernet: IRQ eth_lpi not found
01-01 00:00:04.274     0     0 I         : [1 T268   ..] meson8b-dwmac fdc00000.ethernet: PTP uses main clock
01-01 00:00:04.275     0     0 I         : [0 T268   ..] meson8b-dwmac fdc00000.ethernet: User ID: 0x12, Synopsys ID: 0x51
01-01 00:00:04.275     0     0 I         : [0 T268   ..] meson8b-dwmac fdc00000.ethernet: 	DWMAC4/5
01-01 00:00:04.275     0     0 I         : [0 T268   ..] meson8b-dwmac fdc00000.ethernet: DMA HW capability register supported
01-01 00:00:04.275     0     0 I         : [0 T268   ..] meson8b-dwmac fdc00000.ethernet: RX Checksum Offload Engine supported
01-01 00:00:04.275     0     0 I         : [0 T268   ..] meson8b-dwmac fdc00000.ethernet: TX Checksum insertion supported
01-01 00:00:04.275     0     0 I         : [0 T268   ..] meson8b-dwmac fdc00000.ethernet: Wake-Up On Lan supported
01-01 00:00:04.277     0     0 I         : [1 T268   ..] meson8b-dwmac fdc00000.ethernet: Enable RX Mitigation via HW Watchdog Timer
01-01 00:00:04.277     0     0 I         : [1 T268   ..] meson8b-dwmac fdc00000.ethernet: device MAC address 02:ad:36:01:f7:10
01-01 00:00:04.277     0     0 I         : [1 T268   ..] meson8b-dwmac fdc00000.ethernet: Enabled RFS Flow TC (entries=8)
01-01 00:00:04.277     0     0 I         : [1 T268   ..] meson8b-dwmac fdc00000.ethernet: Using 32 bits DMA width
01-01 00:00:04.278     0     0 I         : [1 T268   ..] aml_cust_setting
01-01 00:00:04.278     0     0 I [1 T268   ..] input: input_ethrcu as /devices/platform/soc/fdc00000.ethernet/input/input3
01-01 00:00:04.281     0     0 E         : [4 T10    ..] mdio_bus 0.0: ethernet-phy@0 has invalid PHY address
01-01 00:00:04.281     0     0 I         : [4 T10    ..] mdio_bus 0.0: scan phy ethernet-phy at address 0
01-01 00:00:04.282     0     0 I         : [4 T10    ..] mdio_bus 0.0: scan phy ethernet-phy at address 1
01-01 00:00:04.282     0     0 I         : [4 T10    ..] mdio_bus 0.0: scan phy ethernet-phy at address 2
01-01 00:00:04.282     0     0 I         : [4 T10    ..] mdio_bus 0.0: scan phy ethernet-phy at address 3
01-01 00:00:04.283     0     0 I         : [4 T10    ..] mdio_bus 0.0: scan phy ethernet-phy at address 4
01-01 00:00:04.283     0     0 I         : [4 T10    ..] mdio_bus 0.0: scan phy ethernet-phy at address 5
01-01 00:00:04.283     0     0 I         : [4 T10    ..] mdio_bus 0.0: scan phy ethernet-phy at address 6
01-01 00:00:04.284     0     0 I         : [4 T10    ..] mdio_bus 0.0: scan phy ethernet-phy at address 7
01-01 00:00:04.285     0     0 I         : [4 T10    ..] Airoha AN8801R 0.0:07: PHY-ID = c0ff0421
01-01 00:00:04.286     0     0 I [4 T10    ..] [mdio-g12a]: tx_amp_addr fe010330
01-01 00:00:04.286     0     0 I [4 T10    ..] [mdio-g12a]: txamp 0x33
01-01 00:00:04.286     0     0 I [4 T10    ..] [mdio-g12a]: use default st_mode
01-01 00:00:04.320     0     0 I [7 T272   ..] i2c_dev: i2c /dev entries driver
01-01 00:00:04.420     0     0 W         : [6 T276   ..] aml dvb init
01-01 00:00:04.447     0     0 E [5 T277   ..] [dvb-ci]: aml_ci: Amlogic CI mode init
01-01 00:00:04.502     0     0 W         : [4 T278   ..] rtc rtc0: invalid alarm value: 1969-06-17T1193026:22:07
01-01 00:00:04.502     0     0 I         : [4 T278   ..] meson-vrtc fe010288.rtc: registered as rtc0
01-01 00:00:04.502     0     0 I         : [4 T278   ..] meson-vrtc fe010288.rtc: setting system clock to 1970-01-01T00:00:04 UTC (4)
01-01 00:00:04.586     0     0 I [5 T281   ..] optee: probing for conduit method.
01-01 00:00:04.586     0     0 I [5 T281   ..] optee: revision 3.8 (9eacf4f3)
01-01 00:00:04.586     0     0 I [4 T281   ..] optee: dynamic shared memory is enabled
01-01 00:00:04.587     0     0 I [4 T281   ..] optee: initialized driver
01-01 00:00:04.635     0     0 I         : [4 T285   ..] hifi4dsp fe340018.hifi4dsp: assigned reserved memory node linux,dsp_fw
01-01 00:00:04.638     0     0 I [6 T285   ..] [hifidsp]: of read shmem phys = [0x40820000 0x80000]
01-01 00:00:04.638     0     0 I [6 T285   ..] [hifidsp]: sharemem map phys:0x40820000-->virt:0xffffffc00d521000
01-01 00:00:04.638     0     0 I [6 T285   ..] [hifidsp]: register dsp-0 start
01-01 00:00:04.639     0     0 I [5 T285   ..] [hifidsp]: register dsp-0 done
01-01 00:00:04.639     0     0 I [5 T285   ..] [hifidsp]: register dsp-1 start
01-01 00:00:04.639     0     0 I [5 T285   ..] [hifidsp]: register dsp-1 done
01-01 00:00:04.639     0     0 I [5 T285   ..] [hifidsp]: hifi4dsp_platform_probe done
01-01 00:00:04.641     0     0 I         : [5 T285   ..] insmod (285) used greatest stack depth: 10368 bytes left
01-01 00:00:04.794     0     0 I         : [6 T291   ..] Registered hwevent_queue driver
01-01 00:00:04.817     0     0 I         : [7 T293   ..] Registered LED control at 478.
01-01 00:00:04.838     0     0 I         : [0 T295   ..] Found IS31FL3195 at i2c address 54
01-01 00:00:04.872     0     0 I         : [6 T296   ..] Initing gpio ir driver.
01-01 00:00:04.872     0     0 I [6 T296   ..] gpio_ir_receiver: [gpio_ir_receiver_init]
01-01 00:00:04.872     0     0 I [6 T296   ..] gpio_ir_receiver: [rc_dev_init]
01-01 00:00:04.872     0     0 I         : [6 T296   ..] Registered IR keymap rc-empty
01-01 00:00:04.872     0     0 I         : [6 T296   ..] rc rc0: CAAVO_GPIO_RX as /devices/virtual/rc/rc0
01-01 00:00:04.873     0     0 I         : [6 T296   ..] rc rc0: lirc_dev: driver CAAVO_GPIO_RX registered at minor = 0, raw IR receiver, no transmitter
01-01 00:00:04.873     0     0 I [6 T296   ..] input: CAAVO_GPIO_RX as /devices/virtual/rc/rc0/input4
01-01 00:00:04.874     0     0 I [7 T296   ..] gpio_ir_receiver: gpio_to_irq irq_pin is 100
01-01 00:00:04.874     0     0 I [7 T296   ..] gpio_ir_receiver: Init completed for version 1.0.8
01-01 00:00:05.467     0     0 I         : [0 T298   ..] apple_auth 3-0010: Write retries exceeded
01-01 00:00:05.467     0     0 I         : [0 T298   ..] Apple Auth chip was NOT found on i2c bus at addr:0x10 !
01-01 00:00:05.467     0     0 E         : [0 T298   ..] Registered Apple Authentication Chip driver with major number: 477
01-01 00:00:05.497     0     0 I         : [2 T299   ..] psmon psmon: initiallized in ADC mode
01-01 00:00:05.497     0     0 I         : [3 T299   ..] psmon psmon: started power supply brownout monitor.
01-01 00:00:05.498     0     0 I         : [5 T300   ..] psmon brownout detection thread started, shutdown limit 10000 mV.
01-01 00:00:05.574     0     0 I [7 T302   ..] [snd-soc]: regmap_resource, hdmirx-arc, start:0xfe39c000, size:0x10c
01-01 00:00:05.595     0     0 I         : [0 T302   ..] audio-ddr-manager fe330000.audiobus:ddr_manager: 0, irqs frddr 36
01-01 00:00:05.595     0     0 I         : [0 T302   ..] audio-ddr-manager fe330000.audiobus:ddr_manager: 1, irqs frddr 37
01-01 00:00:05.595     0     0 I         : [0 T302   ..] audio-ddr-manager fe330000.audiobus:ddr_manager: 2, irqs frddr 38
01-01 00:00:05.595     0     0 I         : [0 T302   ..] audio-ddr-manager fe330000.audiobus:ddr_manager: 3, irqs frddr 39
01-01 00:00:05.596     0     0 I [0 T302   ..] [snd-soc]: regmap_resource, tx_cmdc, start:0xfe333000, size:0x400
01-01 00:00:05.597     0     0 I [0 T302   ..] [snd-soc]: regmap_resource, tx_dmac, start:0xfe333400, size:0x200
01-01 00:00:05.597     0     0 I [0 T302   ..] [snd-soc]: regmap_resource, tx_top, start:0xfe333600, size:0x200
01-01 00:00:05.597     0     0 I [0 T302   ..] [snd-soc]: regmap_resource, rx_cmdc, start:0xfe333800, size:0x400
01-01 00:00:05.597     0     0 I [0 T302   ..] [snd-soc]: regmap_resource, rx_dmac, start:0xfe333c00, size:0x200
01-01 00:00:05.598     0     0 I [0 T302   ..] [snd-soc]: regmap_resource, rx_top, start:0xfe333e00, size:0x200
01-01 00:00:05.598     0     0 E         : [0 T302   ..] EARC fe333000.earc: Can't retrieve suspend-clk-off
01-01 00:00:05.598     0     0 I         : [0 T302   ..] EARC fe333000.earc: earc_platform_probe, irq_earc_rx:44
01-01 00:00:05.598     0     0 I         : [0 T302   ..] EARC fe333000.earc: earc_platform_probe, irq_earc_tx:45
01-01 00:00:05.599     0     0 I         : [0 T305   ..] EARC fe333000.earc: EARCRX_CMDC_IDLE1
01-01 00:00:05.599     0     0 I         : [0 T306   ..] EARC fe333000.earc: EARCTX_CMDC_IDLE1
01-01 00:00:05.599     0     0 E         : [0 T302   ..] EARC fe333000.earc: registered eARC platform
01-01 00:00:05.600     0     0 I [0 T302   ..] [snd-soc]: effect_platform_probe 	 module:1, lane_mask:1, ch_mask:255
01-01 00:00:05.601     0     0 I [0 T302   ..] [snd-soc]: extn_platform_probe, register soc platform
01-01 00:00:05.602     0     0 I [0 T302   ..] [snd-soc]: resample_platform_probe
01-01 00:00:05.602     0     0 E         : [0 T302   ..] audioresample fe330000.audiobus:resample@0: Can't retrieve suspend-clk-off
01-01 00:00:05.603     0     0 I [0 T302   ..] [snd-soc]: new_resample_init: Start init new resample A parameters!
01-01 00:00:05.603     0     0 E         : [0 T302   ..] Codec io: No support bus type 2 to write.
01-01 00:00:05.603     0     0 E         : [0 T302   ..] Codec io: write cbus reg 45 error -1
01-01 00:00:05.605     0     0 I [0 T302   ..] [snd-soc]: resample_clk_set:set hifi pll
01-01 00:00:05.605     0     0 I [0 T302   ..] [snd-soc]: resample_clk_set, resample_pll:983999940, sclk:12300000, clk:12300000
01-01 00:00:05.605     0     0 I [0 T302   ..] [snd-soc]: new_resample_set_ratio(), id = 0, phase_step = 0x10000000, input_sr = 48000, output_sr = 48000
01-01 00:00:05.605     0     0 I [0 T302   ..] [snd-soc]: resample id = 0, new resample = 2, resample_module = 8
01-01 00:00:05.605     0     0 I [0 T302   ..] [snd-soc]: resample_platform_probe
01-01 00:00:05.605     0     0 E         : [0 T302   ..] audioresample fe330000.audiobus:resample@1: Can't retrieve suspend-clk-off
01-01 00:00:05.606     0     0 I [0 T302   ..] [snd-soc]: new_resample_init: Start init new resample B parameters!
01-01 00:00:05.606     0     0 E         : [0 T302   ..] Codec io: No support bus type 2 to write.
01-01 00:00:05.606     0     0 E         : [0 T302   ..] Codec io: write cbus reg 45 error -1
01-01 00:00:05.607     0     0 I [0 T302   ..] [snd-soc]: resample_clk_set, resample_pll:491517535, sclk:12287939, clk:12287939
01-01 00:00:05.607     0     0 I [0 T302   ..] [snd-soc]: new_resample_set_ratio(), id = 1, phase_step = 0x30000000, input_sr = 48000, output_sr = 16000
01-01 00:00:05.608     0     0 I [0 T302   ..] [snd-soc]: resample id = 1, new resample = 2, resample_module = 7
01-01 00:00:05.609     0     0 E         : [0 T302   ..] snd_spdif fe330000.audiobus:spdif@0: Can't retrieve suspend-clk-off
01-01 00:00:05.609     0     0 W         : [0 T302   ..] snd_spdif fe330000.audiobus:spdif@0: no clk_src_cd clock for 44k case
01-01 00:00:05.610     0     0 E         : [0 T302   ..] snd_spdif fe330000.audiobus:spdif@1: Can't retrieve suspend-clk-off
01-01 00:00:05.610     0     0 W         : [0 T302   ..] snd_spdif fe330000.audiobus:spdif@1: no clk_src_cd clock for 44k case
01-01 00:00:05.612     0     0 I [0 T302   ..] [snd-soc]: aml_tdm_platform_probe, tdm ID = 0, lane_cnt = 4
01-01 00:00:05.612     0     0 E         : [0 T302   ..] snd_tdm fe330000.audiobus:tdm@0: Can't retrieve suspend-clk-off
01-01 00:00:05.612     0     0 W         : [0 T302   ..] snd_tdm fe330000.audiobus:tdm@0: no clk_src_cd clock for 44k case
01-01 00:00:05.612     0     0 I [0 T302   ..] [snd-soc]: aml_tdm_platform_probe, tdm ID = 1, lane_cnt = 4
01-01 00:00:05.612     0     0 E         : [0 T302   ..] snd_tdm fe330000.audiobus:tdm@1: Can't retrieve suspend-clk-off
01-01 00:00:05.613     0     0 I [0 T302   ..] [snd-soc]: TDM id 1 supports hdmirx
01-01 00:00:05.613     0     0 W         : [0 T302   ..] snd_tdm fe330000.audiobus:tdm@1: no clk_src_cd clock for 44k case
01-01 00:00:05.613     0     0 I [0 T302   ..] [snd-soc]: aml_tdm_get_pins error!
01-01 00:00:05.613     0     0 I [0 T302   ..] [snd-soc]: TDM id 1 output clk enable:1
01-01 00:00:05.613     0     0 I [0 T302   ..] [snd-soc]: TDM id 1 tuning clk enable:1
01-01 00:00:05.613     0     0 I [0 T302   ..] [snd-soc]: aml_tdm_platform_probe, tdm ID = 2, lane_cnt = 4
01-01 00:00:05.613     0     0 E         : [0 T302   ..] snd_tdm fe330000.audiobus:tdm@2: Can't retrieve suspend-clk-off
01-01 00:00:05.614     0     0 I [0 T302   ..] [snd-soc]: TDM id 2 supports hdmirx
01-01 00:00:05.614     0     0 I [0 T302   ..] [snd-soc]: TDM id 2 i2s2hdmi:1
01-01 00:00:05.614     0     0 W         : [0 T302   ..] snd_tdm fe330000.audiobus:tdm@2: no clk_src_cd clock for 44k case
01-01 00:00:05.614     0     0 I [0 T302   ..] [snd-soc]: aml_tdm_get_pins error!
01-01 00:00:05.614     0     0 I [0 T302   ..] [snd-soc]: aml_tdm_platform_probe, tdm ID = 3, lane_cnt = 4
01-01 00:00:05.614     0     0 E         : [0 T302   ..] snd_tdm fe330000.audiobus:tdm@3: Can't retrieve suspend-clk-off
01-01 00:00:05.615     0     0 W         : [0 T302   ..] snd_tdm fe330000.audiobus:tdm@3: no clk_src_cd clock for 44k case
01-01 00:00:05.615     0     0 E         : [0 T302   ..] meson-t7-pinctrl fe000000.apb4:pinctrl@4000: pin GPIOM_4 already requested by fe330000.audiobus:pdm; cannot claim for fe330000.audiobus:tdm@3
01-01 00:00:05.617     0     0 E         : [0 T302   ..] meson-t7-pinctrl fe000000.apb4:pinctrl@4000: pin-119 (fe330000.audiobus:tdm@3) status -22
01-01 00:00:05.618     0     0 E         : [0 T302   ..] meson-t7-pinctrl fe000000.apb4:pinctrl@4000: could not request pin 119 (GPIOM_4) from group tdm_sclk3  on device pinctrl-meson
01-01 00:00:05.620     0     0 E         : [0 T302   ..] snd_tdm fe330000.audiobus:tdm@3: Error applying setting, reverse things back
01-01 00:00:05.621     0     0 I [0 T302   ..] [snd-soc]: aml_tdm_get_pins error!
01-01 00:00:05.621     0     0 I [0 T302   ..] [snd-soc]: TDM id 3 output clk enable:1
01-01 00:00:05.621     0     0 I [0 T302   ..] [snd-soc]: TDM id 3 tuning clk enable:1
01-01 00:00:05.623     0     0 I [0 T302   ..] input: vad_keypad as /devices/platform/soc/fe330000.audiobus/fe330000.audiobus:vad/input/input5
01-01 00:00:05.624     0     0 E         : [0 T302   ..] asoc-aml-card auge_sound: aml_card_dai_link_of, error dai-link idx:1, error getting codec dai, ret -517
01-01 00:00:05.625     0     0 E         : [0 T302   ..] asoc-aml-card auge_sound: parse dai_link-1 fail
01-01 00:00:05.626     0     0 E         : [0 T302   ..] asoc-aml-card auge_sound: aml_card_probe, aml_card_parse_of error -517 PROBE RETRY
01-01 00:00:05.627     0     0 E [0 T302   ..] [snd-soc]: aml_card_probe error ret:-517
01-01 00:00:05.628     0     0 I [0 T302   ..] [snd-soc]: [dsp]register dsp to char device(272)
01-01 00:00:05.630     0     0 E         : [6 T10    ..] asoc-aml-card auge_sound: aml_card_dai_link_of, error dai-link idx:1, error getting codec dai, ret -517
01-01 00:00:05.631     0     0 E         : [6 T10    ..] asoc-aml-card auge_sound: parse dai_link-1 fail
01-01 00:00:05.632     0     0 E         : [6 T10    ..] asoc-aml-card auge_sound: aml_card_probe, aml_card_parse_of error -517 PROBE RETRY
01-01 00:00:05.633     0     0 E [6 T10    ..] [snd-soc]: aml_card_probe error ret:-517
01-01 00:00:05.635     0     0 E         : [6 T10    ..] asoc-aml-card auge_sound: aml_card_dai_link_of, error dai-link idx:1, error getting codec dai, ret -517
01-01 00:00:05.636     0     0 E         : [6 T10    ..] asoc-aml-card auge_sound: parse dai_link-1 fail
01-01 00:00:05.636     0     0 E         : [6 T10    ..] asoc-aml-card auge_sound: aml_card_probe, aml_card_parse_of error -517 PROBE RETRY
01-01 00:00:05.638     0     0 E [6 T10    ..] [snd-soc]: aml_card_probe error ret:-517
01-01 00:00:05.652     0     0 I         : [1 T307   ..] tl1_acodec fe01a000.codec: aml_tl1_acodec_probe
01-01 00:00:05.653     0     0 I         : [1 T307   ..] tl1_acodec fe01a000.codec: Can't retrieve acodec clock
01-01 00:00:05.653     0     0 I [1 T307   ..] [snd-codec-tl1]: aml_tl1_acodec tdmout_index=1
01-01 00:00:05.653     0     0 I [1 T307   ..] [snd-codec-tl1]: aml_tl1_acodec dat1_ch_sel=0
01-01 00:00:05.653     0     0 I [1 T307   ..] [snd-codec-tl1]: aml_tl1_acodec tdmin_index=1
01-01 00:00:05.653     0     0 I [1 T307   ..] [snd-codec-tl1]: aml_tl1_acodec_probe over
01-01 00:00:05.655     0     0 I [6 T71    ..] [snd-codec-tl1]: tl1_acodec_release_fast_mode_work_func
01-01 00:00:05.655     0     0 I [6 T71    ..] [snd-codec-tl1]: tl1_acodec_set_toacodec, is_bclk_cap_inv true
01-01 00:00:05.655     0     0 I [6 T71    ..] [snd-codec-tl1]: tl1_acodec_set_toacodec, is_bclk_o_inv false
01-01 00:00:05.655     0     0 I [6 T71    ..] [snd-codec-tl1]: tl1_acodec_set_toacodec, is_lrclk_inv false
01-01 00:00:05.655     0     0 I [6 T71    ..] [snd-codec-tl1]: tl1_acodec_set_toacodec read EE_AUDIO_TOACODEC_CTRL0=0xe0091211
01-01 00:00:05.655     0     0 I [6 T71    ..] [snd-codec-tl1]: call standard reset interface
01-01 00:00:05.655     0     0 I [6 T10    ..] [snd-codec-tl1]: tl1_acodec_probe
01-01 00:00:05.657     0     0 I [6 T10    ..] [snd-soc]: asoc debug: extn_dai_probe-480
01-01 00:00:05.657     0     0 I [6 T10    ..] [snd-soc]: hdmirx_arc_write_reg reg 0x42, value 0x0
01-01 00:00:05.657     0     0 D [6 T10    ..] [snd-soc]: resample_set resample_a to Enable:48K, last Disable
01-01 00:00:05.657     0     0 I [6 T10    ..] [snd-soc]: new_resample_set_ratio(), id = 0, phase_step = 0x10000000, input_sr = 48000, output_sr = 48000
01-01 00:00:05.657     0     0 E         : [6 T10    ..] asoc-aml-card auge_sound: control 2:0:0:TDM MCLK Fine Setting:0 is already present
01-01 00:00:05.658     0     0 E         : [6 T10    ..] snd_tdm fe330000.audiobus:tdm@3: ASoC: Failed to add TDM MCLK Fine Setting: -16
01-01 00:00:05.659     0     0 E [6 T10    ..] [snd-soc]: aml_dai_tdm_probe, failed add snd tdm clk controls
01-01 00:00:05.660     0     0 I [6 T10    ..] [snd-soc]: aml_set_spdifclk_1: spdif_id 0, freq = 6144000
01-01 00:00:05.660     0     0 D [6 T10    ..] [snd-soc]: spdifout_play_with_zerodata_free, spdif id:0
01-01 00:00:05.660     0     0 D [6 T10    ..] [snd-soc]: spdifout_play_with_zerodata_free, spdif id:1
01-01 00:00:05.661     0     0 I [6 T10    ..] [snd-soc]:  
01-01 00:00:05.661     0     0 I         : [6 T10    ..] loopback_dai_set_sysclk, 0, 12288000, 0
01-01 00:00:05.661     0     0 I [6 T10    ..] [snd-soc]: asoc loopback_dai_set_fmt, 0x4010, 00000000721142e3
01-01 00:00:05.669     0     0 I [6 T10    ..] [snd-soc]: snd_card_add_kcontrols card:00000000fa8e567d
01-01 00:00:05.670     0     0 W [6 T10    ..] [snd-soc]: no node audio_effect for eq/drc info!
01-01 00:00:05.738     0     0 I [0 T310   ..] cfg80211: Loading compiled-in X.509 certificates for regulatory database
01-01 00:00:05.739     0     0 I [0 T310   ..] cfg80211: Loaded X.509 cert 'sforshee: 00b28ddf47aef9cea7'
01-01 00:00:05.861     0     0 I [6 T71    ..] [snd-codec-tl1]: call standard reset interface
01-01 00:00:05.865     0     0 I [6 T316   ..] sonos_sec_soc: CPUID: 360c010600000000131b50842d409990
01-01 00:00:05.899     0     0 I [7 T317   ..] caamkeys_init: module inserted for major 475
01-01 00:00:06.056     0     0 I         : [4 T1     ..] Registered swp emulation handler
01-01 00:00:06.107     0     0 I [0 T189   ..] [mmc]: emmc_key_read:552, read ok
01-01 00:00:06.107     0     0 I [0 T189   ..] [efuse-unifykey]: mark is not found
01-01 00:00:06.116     0     0 I [1 T318   ..] logd.auditd: start
01-01 00:00:06.120     0     0 I [0 T189   ..] [dovi_t7_5_15_stb26]: *** amlogic_dolby_vision_init dv: t7 ***
01-01 00:00:06.120     0     0 I         : [0 T189   ..] *** register_dv_multi_stb_functions.***
01-01 00:00:06.121     0     0 I [0 T189   ..] [dovi_t7_5_15_stb26]: Creating DV mp success
01-01 00:00:06.121     0     0 I [0 T189   ..] [dovi_t7_5_15_stb26]: Creating DV mp success
01-01 00:00:06.121     0     0 I         : [0 T189   ..] enable DV HLG when stb v2.6. policy 41
01-01 00:00:06.121     0     0 I         : [0 T189   ..] efuse_mode=0 reg_value = 0x45
01-01 00:00:06.121     0     0 I         : [0 T189   ..] dv capability 7
01-01 00:00:06.124     0     0 I [0 T189   ..] init: wait for '/odm/lib/ms12' took 0ms
01-01 00:00:06.127     0     0 I [7 T318   ..] logd: Loaded bug_map file: /system_ext/etc/selinux/bug_map
01-01 00:00:06.127     0     0 I [7 T318   ..] logd: Loaded bug_map file: /vendor/etc/selinux/selinux_denial_metadata
01-01 00:00:06.128     0     0 I [2 T318   ..] logd: Loaded bug_map file: /system/etc/selinux/bug_map
01-01 00:00:06.188     0     0 E [5 T330   ..] [secmon]: DBG=======> dolby_fw_ioctl 438 cmd:0x10 arg3=0
01-01 00:00:06.189     0     0 E [5 T330   ..] [secmon]: DBG=======> dolby_fw_ioctl 438 cmd:0x20 arg3=0
01-01 00:00:06.193     0     0 I [6 T56    ..] [snd-soc]: av out status: high
01-01 00:00:06.427     0     0 E [1 T330   ..] [secmon]: DBG=======> dolby_fw_ioctl 438 cmd:0x30 arg3=0
01-01 00:00:06.463     0     0 E [1 T330   ..] [secmon]: DBG=======> dolby_fw_verify 231 DOLBY_FW_VERIFY_CRITICAL arg2=768 arg3=0
01-01 00:00:06.476     0     0 I [5 T189   ..] init: wait for '/dev/dolby_fw' took 0ms
01-01 00:00:06.539     0     0 E [6 T189   ..] [media_clock]: of_address_to_resource failed
01-01 00:00:06.545     0     0 W         : [4 T189   ..] firmware_codec firmware_vdec: Direct firmware load for video/h264_enc.bin failed with error -2
01-01 00:00:06.545     0     0 I [4 T189   ..] [firmware]: Error : -2 can't load the video/h264_enc.bin.
01-01 00:00:06.545     0     0 I [4 T189   ..] [firmware]: get data from fsys fail.
01-01 00:00:06.545     0     0 I [4 T189   ..] [firmware]: invalid file type.
01-01 00:00:06.570     0     0 E         : [4 T189   ..] vdec vdec: Get pwrc-vdec-2 failed, pm-domain: 0
01-01 00:00:06.570     0     0 E         : [4 T189   ..] vdec vdec: Get pwrc-hevc-b failed, pm-domain: 0
01-01 00:00:06.582     0     0 E         : [3 T189   ..] Amlogic A/V streaming port init
01-01 00:00:06.584     0     0 I [7 T189   ..] [media_clock]: get gate demux control failed 0000000000000000
01-01 00:00:06.585     0     0 I [7 T189   ..] [media_clock]: get gate parser_top control failed 0000000000000000
01-01 00:00:06.585     0     0 I [7 T189   ..] [media_clock]: get gate clk_81 control failed 0000000000000000
01-01 00:00:06.585     0     0 I [7 T189   ..] [media_clock]: get gate clk_hevc_mux control failed 0000000000000000
01-01 00:00:06.585     0     0 I [7 T189   ..] [media_clock]: get gate ahbarb0 control failed 0000000000000000
01-01 00:00:06.585     0     0 I [7 T189   ..] [media_clock]: get gate asyncfifo control failed 0000000000000000
01-01 00:00:06.585     0     0 I [7 T189   ..] [media_clock]: set_clock_gate get hevc_mux_str
01-01 00:00:06.585     0     0 I [7 T189   ..] [media_clock]: set_clock_gate get hevcb mux
01-01 00:00:06.585     0     0 I [7 T189   ..] [media_clock]: set_clock_gate get hcodec mux
01-01 00:00:06.585     0     0 I [7 T189   ..] [media_clock]: set_clock_gate get vdec mux
01-01 00:00:06.594     0     0 W         : [4 T1     ..] EXT4-fs (mmcblk0p15): Ignoring removed nomblk_io_submit option
--------- beginning of system
01-01 00:00:06.633   336   336 I vold    : Vold 3.0 (the awakening) firing up
01-01 00:00:06.633   336   336 D vold    : Detected support for: ext4 f2fs vfat exfat
01-01 00:00:06.643   336   336 D vold    : VoldNativeService::start() completed OK
01-01 00:00:06.648     0     0 I         : [1 T1     ..] EXT4-fs (mmcblk0p15): recovery complete
01-01 00:00:06.649     0     0 I         : [3 T1     ..] EXT4-fs (mmcblk0p15): mounted filesystem with ordered data mode. Opts: errors=remount-ro,nomblk_io_submit. Quota mode: journalled.
01-01 00:00:06.717     0     0 I [5 T1     ..] e2fsck: e2fsck 1.46.2 (28-Feb-2021)
01-01 00:00:06.720     0     0 I [1 T1     ..] e2fsck: Pass 1: Checking inodes, blocks, and sizes
01-01 00:00:06.721     0     0 I [1 T1     ..] e2fsck: Pass 2: Checking directory structure
01-01 00:00:06.723     0     0 I [1 T1     ..] e2fsck: Pass 3: Checking directory connectivity
01-01 00:00:06.723     0     0 I [1 T1     ..] e2fsck: Pass 4: Checking reference counts
01-01 00:00:06.723     0     0 I [1 T1     ..] e2fsck: Pass 5: Checking group summary information
01-01 00:00:06.730     0     0 I [1 T1     ..] e2fsck: /dev/block/by-name/param: 19/4096 files (21.1% non-contiguous), 2447/4096 blocks
01-01 00:00:06.733     0     0 W         : [6 T1     ..] EXT4-fs (mmcblk0p15): Ignoring removed nomblk_io_submit option
01-01 00:00:06.738     0     0 I         : [4 T1     ..] EXT4-fs (mmcblk0p15): mounted filesystem with ordered data mode. Opts: nodelalloc,nomblk_io_submit,errors=panic. Quota mode: journalled.
01-01 00:00:06.742     0     0 W         : [5 T1     ..] EXT4-fs (mmcblk0p9): Ignoring removed nomblk_io_submit option
01-01 00:00:06.749     0     0 I         : [6 T1     ..] EXT4-fs (mmcblk0p9): recovery complete
01-01 00:00:06.749     0     0 I         : [6 T1     ..] EXT4-fs (mmcblk0p9): mounted filesystem with ordered data mode. Opts: errors=remount-ro,nomblk_io_submit. Quota mode: none.
01-01 00:00:06.771     0     0 I [3 T1     ..] e2fsck: e2fsck 1.46.2 (28-Feb-2021)
01-01 00:00:06.773     0     0 I [0 T1     ..] e2fsck: Pass 1: Checking inodes, blocks, and sizes
01-01 00:00:06.774     0     0 I [0 T1     ..] e2fsck: Pass 2: Checking directory structure
01-01 00:00:06.784     0     0 W         : [5 T1     ..] EXT4-fs (mmcblk0p9): Ignoring removed nomblk_io_submit option
01-01 00:00:06.786     0     0 I         : [5 T1     ..] EXT4-fs (mmcblk0p9): mounted filesystem with ordered data mode. Opts: nodelalloc,nomblk_io_submit,errors=panic. Quota mode: none.
01-01 00:00:06.791     0     0 W         : [4 T1     ..] FAT-fs (mmcblk0p4): Volume was not properly unmounted. Some data may be corrupt. Please run fsck.
01-01 00:00:07.086     0     0 D [7 T368   ..] vdc: Waited 0ms for vold
01-01 00:00:07.123   336   336 D vold    : fscrypt_mount_metadata_encrypted: /data encrypt: 0 format: 0 with null
01-01 00:00:07.123   336   336 D vold    : metadata_key_dir/key: /metadata/vold/metadata_encryption/key
01-01 00:00:07.124   336   336 D vold    : Key exists, using: /metadata/vold/metadata_encryption/key
01-01 00:00:07.126     0     0 D [1 T372   ..] vdc: Waited 0ms for vold
01-01 00:00:07.153   361   361 I keystore2: keystore2_main: Keystore2 is starting.
01-01 00:00:07.153   361   361 I keystore2: keystore2_main: Setting up sqlite logging for keystore2
01-01 00:00:07.158   361   361 W keystore2: keystore2::metrics_store: In update_keystore_crash_sysprop: Failed to read the existing system property due to: In read_keystore_crash_count: Property not set..Therefore, keystore crashes will not be logged.
01-01 00:00:07.162   361   361 I keystore2: keystore2_main: Starting thread pool now.
01-01 00:00:07.168   361   361 I keystore2: keystore2::globals: KeyMint device is current version (Some(200)) for security level: SecurityLevel(1)
01-01 00:00:07.217   361   374 I keystore2: keystore2::shared_secret_negotiation: Shared secret negotiation concluded successfully.
01-01 00:00:07.220   361   374 I keystore2: keystore2::shared_secret_negotiation: No StrongBox Keymint available, so no RoT transfer
01-01 00:00:07.220   361   361 I keystore2: keystore2_main: Successfully registered Keystore 2.0 service.
01-01 00:00:07.220   361   361 I keystore2: keystore2_main: Joining thread pool now.
01-01 00:00:07.245   336   336 D vold    : Mounting metadata-encrypted filesystem:/data
01-01 00:00:07.248   336   336 I vold    : [libfs_mgr]Running /system/bin/fsck.f2fs -a -c 10000 --debug-cache /dev/block/dm-35
01-01 00:00:07.271     0     0 I [5 T336   ..] fsck.f2fs: Info: Fix the reported corruption.
01-01 00:00:07.271     0     0 I [5 T336   ..] fsck.f2fs: Info: not exist /proc/version!
01-01 00:00:07.271     0     0 I [5 T336   ..] fsck.f2fs: Info: Segments per section = 1
01-01 00:00:07.271     0     0 I [5 T336   ..] fsck.f2fs: Info: Sections per zone = 1
01-01 00:00:07.271     0     0 I [5 T336   ..] fsck.f2fs: Info: sector size = 4096
01-01 00:00:07.271     0     0 I [5 T336   ..] fsck.f2fs: Info: total sectors = 3036416 (11861 MB)
01-01 00:00:07.273     0     0 I [5 T336   ..] fsck.f2fs: Info: MKFS version
01-01 00:00:07.273     0     0 I [5 T336   ..] fsck.f2fs: "6.8.0-51-generic"
01-01 00:00:07.273     0     0 I [5 T336   ..] fsck.f2fs: Info: FSCK version
01-01 00:00:07.273     0     0 I [5 T336   ..] fsck.f2fs: from "5.15.78-android13-8-g6933e98b9f35-ab561"
01-01 00:00:07.440     0     0 I         : [4 T336   ..] F2FS-fs (dm-35): recover_inode: ino = 1c31, name = <encrypted>, inline = 21
01-01 00:00:07.441     0     0 I         : [4 T336   ..] F2FS-fs (dm-35): recover_dentry: ino = 1c31, name = <encrypted>, dir = 186, err = 0
01-01 00:00:07.442     0     0 I         : [4 T336   ..] F2FS-fs (dm-35): recover_data: ino = 1c31 (i_size: recover) recovered = 1, err = 0
01-01 00:00:07.442     0     0 I         : [4 T336   ..] F2FS-fs (dm-35): recover_inode: ino = 1c95, name = <encrypted>, inline = 21
01-01 00:00:07.442     0     0 I         : [4 T336   ..] F2FS-fs (dm-35): recover_dentry: ino = 1c95, name = <encrypted>, dir = f8, err = 0
01-01 00:00:07.442     0     0 I         : [4 T336   ..] F2FS-fs (dm-35): recover_data: ino = 1c95 (i_size: recover) recovered = 3, err = 0
01-01 00:00:07.442     0     0 I         : [4 T336   ..] F2FS-fs (dm-35): recover_inode: ino = 1c96, name = <encrypted>, inline = 21
01-01 00:00:07.442     0     0 I         : [4 T336   ..] F2FS-fs (dm-35): recover_dentry: ino = 1c96, name = <encrypted>, dir = 565, err = 0
01-01 00:00:07.443     0     0 I         : [4 T336   ..] F2FS-fs (dm-35): recover_data: ino = 1c96 (i_size: recover) recovered = 1, err = 0
01-01 00:00:07.443     0     0 I         : [4 T336   ..] F2FS-fs (dm-35): recover_inode: ino = 1c97, name = <encrypted>, inline = 21
01-01 00:00:07.443     0     0 I         : [4 T336   ..] F2FS-fs (dm-35): recover_dentry: ino = 1c97, name = <encrypted>, dir = 565, err = 0
01-01 00:00:07.443     0     0 I         : [4 T336   ..] F2FS-fs (dm-35): recover_data: ino = 1c97 (i_size: recover) recovered = 1, err = 0
01-01 00:00:07.443     0     0 I         : [4 T336   ..] F2FS-fs (dm-35): recover_inode: ino = 1ca5, name = <encrypted>, inline = 21
01-01 00:00:07.443     0     0 I         : [4 T336   ..] F2FS-fs (dm-35): recover_dentry: ino = 1ca5, name = <encrypted>, dir = 565, err = 0
01-01 00:00:07.443     0     0 I         : [4 T336   ..] F2FS-fs (dm-35): recover_data: ino = 1ca5 (i_size: recover) recovered = 1, err = 0
01-01 00:00:07.449   336   336 I vold    : [libfs_mgr]__mount(source=/dev/block/dm-35,target=/data,type=f2fs)=0: Success
01-01 00:00:07.449   336   336 D vold    : Mounted /data
01-01 00:00:07.450     0     0 I         : [4 T336   ..] F2FS-fs (dm-35): checkpoint: version = 3dc51079
01-01 00:00:07.451     0     0 I         : [4 T336   ..] F2FS-fs (dm-35): Mounted with checkpoint version = 3dc51079
01-01 00:00:07.496     0     0 I [3 T1     ..] zram0: detected capacity change from 0 to 944952
01-01 00:00:07.516     0     0 I         : [6 T1     ..] Adding 472472k swap on /dev/block/zram0.  Priority:-2 extents:1 across:472472k SS
01-01 00:00:07.517     0     0 E [6 T1     ..] init: Control message: Could not find 'aidl/android.system.keystore2.IKeystoreService/default' for ctl.interface_start from pid: 320 (/system/bin/servicemanager)
01-01 00:00:07.539   336   336 I Checkpoint: cp_prepareCheckpoint called
01-01 00:00:07.565   336   336 I vold    : fscrypt_initialize_systemwide_keys
01-01 00:00:07.566   336   336 D vold    : Key exists, using: /data/unencrypted/key
01-01 00:00:07.568     0     0 D [0 T392   ..] vdc: Waited 0ms for vold
01-01 00:00:07.579   336   336 D vold    : Installed fscrypt key with ref 17c12090cd4424cffe132466f86c06e3 to /data
01-01 00:00:07.579   336   336 D vold    : Added fscrypt-provisioning key for 17c12090cd4424cffe132466f86c06e3 to session keyring
01-01 00:00:07.581   336   336 I vold    : Wrote system DE key reference to:/data/unencrypted/ref
01-01 00:00:07.581   336   336 D vold    : Generating standard storage key
01-01 00:00:07.582   336   336 D vold    : Installed fscrypt key with ref e397fc1e35ac00deb8582ba4c482e970 to /data
01-01 00:00:07.582   336   336 D vold    : Added fscrypt-provisioning key for e397fc1e35ac00deb8582ba4c482e970 to session keyring
01-01 00:00:07.584   336   336 I vold    : Wrote per boot key reference to:/data/unencrypted/per_boot_ref
01-01 00:00:07.591     0     0 I [6 T1     ..] fscrypt: AES-256-CTS-CBC using implementation "cts-cbc-aes-ce"
01-01 00:00:07.592     0     0 I [6 T1     ..] fscrypt: AES-256-XTS using implementation "xts-aes-ce"
01-01 00:00:07.656   336   336 I incfs   : Initial API level of the device: 33
01-01 00:00:07.656   336   336 I incfs   : ro.incremental.enable: yes
01-01 00:00:07.657   336   336 I incfs   : isFsAvailable: true
01-01 00:00:07.657   336   336 I incfs   : isFsAvailable: true
01-01 00:00:07.657   336   336 I incfs   : IncFs_Features: v2
01-01 00:00:07.659   361   381 I keystore2: keystore2::maintenance: In early_boot_ended.
01-01 00:00:07.665     0     0 I         : [6 T10    ..] [TEE] M/TA: KeymasterTA (info): app/ipc/keymaster_ipc.cpp, Line 1090: Amlogic KEYMINT! Build Time: May  3 2023 12:16:11 version: a6237c9 TDK: ab02024
01-01 00:00:07.665     0     0 I         : [6 T10    ..] [TEE] M/TA: KeymasterTA (warn): app/ipc/keymaster_ipc.cpp, Line 492: Dispatching GET_VERSION_2, size: 4
01-01 00:00:07.665     0     0 I         : [6 T10    ..] [TEE] M/TA: KeymasterTA (info): app/trusty_keymaster_context.cpp, Line 827: Master key is derived from KDF
01-01 00:00:07.674   361   381 I keystore2: keystore2::globals: Touching Keystore 2.0 database for this first time since boot.
01-01 00:00:07.674   361   381 I keystore2: keystore2::globals: Calling cleanup leftovers.
01-01 00:00:07.679   361   381 I keystore2: keystore2::super_key: Starting boot level watcher.
01-01 00:00:07.680   361   397 I keystore2: keystore2::super_key: Read keystore.boot_level value 30
01-01 00:00:07.680   361   381 I keystore2: keystore2::maintenance: Call to earlyBootEnded succeeded for security level TRUSTED_ENVIRONMENT.
01-01 00:00:07.681   361   397 I keystore2: keystore2::super_key: Read keystore.boot_level value 30
01-01 00:00:07.682   361   381 E keystore2: keystore2::maintenance: Call to earlyBootEnded failed for security level STRONGBOX: In call_with_watchdog: getting keymint device.
01-01 00:00:07.682   361   381 E keystore2: keystore2::error: In call_with_watchdog: getting keymint device
01-01 00:00:07.682   361   381 E keystore2: 
01-01 00:00:07.682   361   381 E keystore2: Caused by:
01-01 00:00:07.682   361   381 E keystore2:     0: In get_keymint_device.
01-01 00:00:07.682   361   381 E keystore2:     1: In connect_keymint: Trying to get Legacy wrapper.
01-01 00:00:07.682   361   381 E keystore2:     2: Error::Km(ErrorCode(-68))
01-01 00:00:07.682   336   336 E vold    : keystore2 Keystore earlyBootEnded returned service specific error: -68
01-01 00:00:07.686     0     0 E [4 T336   ..] vold: keystore2 Keystore earlyBootEnded returned service specific error: -68
01-01 00:00:07.691     0     0 E [7 T188   ..] init: Loading peristant properties
01-01 00:00:07.776     0     0 I [5 T399   ..] apexd: Scanning /system/apex for pre-installed ApexFiles
01-01 00:00:07.776     0     0 I [5 T399   ..] apexd: Found pre-installed APEX /system/apex/com.android.uwb.capex
01-01 00:00:07.777     0     0 I [5 T399   ..] apexd: Found pre-installed APEX /system/apex/com.android.sdkext.apex
01-01 00:00:07.778     0     0 I [5 T399   ..] apexd: Found pre-installed APEX /system/apex/com.android.tethering.capex
01-01 00:00:07.778     0     0 I [5 T399   ..] apexd: Found pre-installed APEX /system/apex/com.android.i18n.apex
01-01 00:00:07.778     0     0 I [5 T399   ..] apexd: Found pre-installed APEX /system/apex/com.android.extservices.capex
01-01 00:00:07.779     0     0 I [5 T399   ..] apexd: Found pre-installed APEX /system/apex/com.android.appsearch.apex
01-01 00:00:07.779     0     0 I [5 T399   ..] apexd: Found pre-installed APEX /system/apex/com.android.resolv.capex
01-01 00:00:07.780     0     0 I [5 T399   ..] apexd: Found pre-installed APEX /system/apex/com.android.neuralnetworks.capex
01-01 00:00:07.780     0     0 I [5 T399   ..] apexd: Found pre-installed APEX /system/apex/com.android.wifi.capex
01-01 00:00:07.908     0     0 I [6 T401   ..] loop4: detected capacity change from 0 to 1504
01-01 00:00:07.909     0     0 I [6 T403   ..] loop5: detected capacity change from 0 to 73616
01-01 00:00:07.910     0     0 I [2 T404   ..] loop6: detected capacity change from 0 to 94152
01-01 00:00:07.912     0     0 I [1 T402   ..] loop7: detected capacity change from 0 to 536
01-01 00:00:07.982     0     0 I         : [7 T401   ..] EXT4-fs (loop4): mounted filesystem without journal. Opts: (null). Quota mode: none.
01-01 00:00:07.983     0     0 I         : [6 T402   ..] EXT4-fs (loop7): mounted filesystem without journal. Opts: (null). Quota mode: none.
01-01 00:00:07.985     0     0 I [5 T401   ..] loop8: detected capacity change from 0 to 3848
01-01 00:00:07.986     0     0 I [6 T402   ..] loop9: detected capacity change from 0 to 1728
01-01 00:00:07.998     0     0 I         : [5 T403   ..] EXT4-fs (loop5): mounted filesystem without journal. Opts: (null). Quota mode: none.
01-01 00:00:07.999     0     0 I         : [4 T404   ..] EXT4-fs (loop6): mounted filesystem without journal. Opts: (null). Quota mode: none.
01-01 00:00:08.000     0     0 I [5 T403   ..] loop10: detected capacity change from 0 to 536
01-01 00:00:08.001     0     0 I [6 T404   ..] loop11: detected capacity change from 0 to 40864
01-01 00:00:08.059     0     0 I         : [5 T401   ..] EXT4-fs (loop8): mounted filesystem without journal. Opts: (null). Quota mode: none.
01-01 00:00:08.060     0     0 I [5 T401   ..] loop12: detected capacity change from 0 to 6824
01-01 00:00:08.070     0     0 I         : [6 T402   ..] EXT4-fs (loop9): mounted filesystem without journal. Opts: (null). Quota mode: none.
01-01 00:00:08.071     0     0 I [6 T402   ..] loop13: detected capacity change from 0 to 171600
01-01 00:00:08.087     0     0 I         : [5 T403   ..] EXT4-fs (loop10): mounted filesystem without journal. Opts: (null). Quota mode: none.
01-01 00:00:08.088     0     0 I [5 T403   ..] loop14: detected capacity change from 0 to 536
01-01 00:00:08.103     0     0 I         : [6 T404   ..] EXT4-fs (loop11): mounted filesystem without journal. Opts: (null). Quota mode: none.
01-01 00:00:08.104     0     0 I [6 T404   ..] loop15: detected capacity change from 0 to 15880
01-01 00:00:08.154     0     0 I         : [6 T401   ..] EXT4-fs (loop12): mounted filesystem without journal. Opts: (null). Quota mode: none.
01-01 00:00:08.159     0     0 I [6 T401   ..] loop16: detected capacity change from 0 to 17080
01-01 00:00:08.162     0     0 I [4 T402   ..] device-mapper: verity: sha256 using implementation "sha256-ce"
01-01 00:00:08.188     0     0 I         : [3 T403   ..] EXT4-fs (loop14): mounted filesystem without journal. Opts: (null). Quota mode: none.
01-01 00:00:08.189     0     0 I         : [3 T402   ..] EXT4-fs (dm-8): mounted filesystem without journal. Opts: (null). Quota mode: none.
01-01 00:00:08.198     0     0 I         : [6 T404   ..] EXT4-fs (loop15): mounted filesystem without journal. Opts: (null). Quota mode: none.
01-01 00:00:08.248     0     0 I [6 T401   ..] device-mapper: verity: sha256 using implementation "sha256-ce"
01-01 00:00:08.249     0     0 I [6 T402   ..] loop17: detected capacity change from 0 to 7928
01-01 00:00:08.282     0     0 I         : [6 T401   ..] EXT4-fs (dm-34): mounted filesystem without journal. Opts: (null). Quota mode: none.
01-01 00:00:08.313     0     0 I [3 T403   ..] loop18: detected capacity change from 0 to 15504
01-01 00:00:08.340     0     0 I [6 T402   ..] device-mapper: verity: sha256 using implementation "sha256-ce"
01-01 00:00:08.365     0     0 I         : [6 T402   ..] EXT4-fs (dm-23): mounted filesystem without journal. Opts: (null). Quota mode: none.
01-01 00:00:08.374     0     0 I [6 T404   ..] loop19: detected capacity change from 0 to 12280
01-01 00:00:08.406     0     0 I [7 T403   ..] device-mapper: verity: sha256 using implementation "sha256-ce"
01-01 00:00:08.430     0     0 I [6 T401   ..] loop20: detected capacity change from 0 to 11784
01-01 00:00:08.436     0     0 I         : [7 T403   ..] EXT4-fs (dm-22): mounted filesystem without journal. Opts: (null). Quota mode: none.
01-01 00:00:08.489     0     0 I [6 T402   ..] loop21: detected capacity change from 0 to 5848
01-01 00:00:08.496     0     0 I [6 T404   ..] device-mapper: verity: sha256 using implementation "sha256-ce"
01-01 00:00:08.523     0     0 I         : [6 T404   ..] EXT4-fs (dm-19): mounted filesystem without journal. Opts: (null). Quota mode: none.
01-01 00:00:08.550     0     0 I [7 T403   ..] loop22: detected capacity change from 0 to 536
01-01 00:00:08.552     0     0 I [6 T401   ..] device-mapper: verity: sha256 using implementation "sha256-ce"
01-01 00:00:08.581     0     0 I         : [6 T401   ..] EXT4-fs (dm-31): mounted filesystem without journal. Opts: (null). Quota mode: none.
01-01 00:00:08.617     0     0 I [6 T402   ..] device-mapper: verity: sha256 using implementation "sha256-ce"
01-01 00:00:08.618     0     0 I [6 T404   ..] loop23: detected capacity change from 0 to 10184
01-01 00:00:08.647     0     0 I [7 T403   ..] device-mapper: verity: sha256 using implementation "sha256-ce"
01-01 00:00:08.649     0     0 I         : [6 T402   ..] EXT4-fs (dm-30): mounted filesystem without journal. Opts: (null). Quota mode: none.
01-01 00:00:08.676     0     0 I [6 T401   ..] loop24: detected capacity change from 0 to 16512
01-01 00:00:08.683     0     0 I         : [7 T403   ..] EXT4-fs (dm-18): mounted filesystem without journal. Opts: (null). Quota mode: none.
01-01 00:00:08.689     0     0 I [6 T404   ..] device-mapper: verity: sha256 using implementation "sha256-ce"
01-01 00:00:08.721     0     0 I         : [6 T404   ..] EXT4-fs (dm-27): mounted filesystem without journal. Opts: (null). Quota mode: none.
01-01 00:00:08.737     0     0 I [7 T403   ..] loop25: detected capacity change from 0 to 39536
01-01 00:00:08.775     0     0 I [6 T401   ..] device-mapper: verity: sha256 using implementation "sha256-ce"
01-01 00:00:08.790     0     0 I [6 T402   ..] loop26: detected capacity change from 0 to 16312
01-01 00:00:08.800     0     0 I         : [6 T401   ..] EXT4-fs (dm-15): mounted filesystem without journal. Opts: (null). Quota mode: none.
01-01 00:00:08.821     0     0 I [7 T403   ..] device-mapper: verity: sha256 using implementation "sha256-ce"
01-01 00:00:08.845     0     0 I [6 T404   ..] loop27: detected capacity change from 0 to 96080
01-01 00:00:08.852     0     0 I         : [7 T403   ..] EXT4-fs (dm-14): mounted filesystem without journal. Opts: (null). Quota mode: none.
01-01 00:00:08.885     0     0 I [6 T402   ..] device-mapper: verity: sha256 using implementation "sha256-ce"
01-01 00:00:08.901     0     0 I [6 T401   ..] loop28: detected capacity change from 0 to 27552
01-01 00:00:08.910     0     0 I         : [6 T402   ..] EXT4-fs (dm-13): mounted filesystem without journal. Opts: (null). Quota mode: none.
01-01 00:00:08.949     0     0 I [6 T404   ..] device-mapper: verity: sha256 using implementation "sha256-ce"
01-01 00:00:08.954     0     0 I [7 T403   ..] loop29: detected capacity change from 0 to 18952
01-01 00:00:08.975     0     0 I         : [6 T404   ..] EXT4-fs (dm-29): mounted filesystem without journal. Opts: (null). Quota mode: none.
01-01 00:00:09.009     0     0 I [6 T402   ..] loop30: detected capacity change from 0 to 1480
01-01 00:00:09.018     0     0 I [6 T401   ..] device-mapper: verity: sha256 using implementation "sha256-ce"
01-01 00:00:09.056     0     0 I         : [6 T401   ..] EXT4-fs (dm-10): mounted filesystem without journal. Opts: (null). Quota mode: none.
01-01 00:00:09.062     0     0 I [7 T403   ..] device-mapper: verity: sha256 using implementation "sha256-ce"
01-01 00:00:09.092     0     0 I [6 T402   ..] device-mapper: verity: sha256 using implementation "sha256-ce"
01-01 00:00:09.093     0     0 I         : [7 T403   ..] EXT4-fs (dm-26): mounted filesystem without journal. Opts: (null). Quota mode: none.
01-01 00:00:09.117     0     0 I         : [6 T402   ..] EXT4-fs (dm-11): mounted filesystem without journal. Opts: (null). Quota mode: none.
01-01 00:00:09.429   336   336 D vold    : fscrypt_init_user0
01-01 00:00:09.429   336   336 D vold    : Preparing: /data/misc/vold/user_keys
01-01 00:00:09.432     0     0 D [7 T455   ..] vdc: Waited 0ms for vold
01-01 00:00:09.430   336   336 D vold    : Preparing: /data/misc/vold/user_keys/ce
01-01 00:00:09.431   336   336 D vold    : Preparing: /data/misc/vold/user_keys/de
01-01 00:00:09.439   336   336 D vold    : Installed fscrypt key with ref 5342558ecb38c61c9d00e6c921c299c8 to /data
01-01 00:00:09.440   336   336 D vold    : Added fscrypt-provisioning key for 5342558ecb38c61c9d00e6c921c299c8 to session keyring
01-01 00:00:09.440   336   336 D vold    : Installed de key for user 0
01-01 00:00:09.440   336   336 D vold    : fscrypt_prepare_user_storage for volume null, user 0, serial 0, flags 1
01-01 00:00:09.440   336   336 D vold    : Preparing: /data/system/users/0
01-01 00:00:09.440   336   336 D vold    : Preparing: /data/misc/profiles/cur/0
01-01 00:00:09.440   336   336 D vold    : Preparing: /data/system_de/0
01-01 00:00:09.441   336   336 D vold    : Preparing: /data/vendor_de/0
01-01 00:00:09.441   336   336 D vold    : Preparing: /data/misc_de/0
01-01 00:00:09.441   336   336 D vold    : Preparing: /data/user_de/0
01-01 00:00:09.442   336   336 I vold    : Verified that /data/system_de/0 has the encryption policy 5342558ecb38c61c9d00e6c921c299c8 v2 modes 1/4 flags 0x2
01-01 00:00:09.442   336   336 I vold    : Verified that /data/vendor_de/0 has the encryption policy 5342558ecb38c61c9d00e6c921c299c8 v2 modes 1/4 flags 0x2
01-01 00:00:09.442   336   336 I vold    : Verified that /data/misc_de/0 has the encryption policy 5342558ecb38c61c9d00e6c921c299c8 v2 modes 1/4 flags 0x2
01-01 00:00:09.442   336   336 I vold    : Verified that /data/user_de/0 has the encryption policy 5342558ecb38c61c9d00e6c921c299c8 v2 modes 1/4 flags 0x2
01-01 00:00:09.442   336   336 D vold    : /system/bin/vold_prepare_subdirs
01-01 00:00:09.442   336   336 D vold    :     prepare
01-01 00:00:09.442   336   336 D vold    :     
01-01 00:00:09.442   336   336 D vold    :     0
01-01 00:00:09.442   336   336 D vold    :     1
01-01 00:00:09.495   336   336 D vold    : Detected support for FS_IOC_ADD_ENCRYPTION_KEY
01-01 00:00:09.502     0     0 I [2 T1     ..] selinux: SELinux: Skipping restorecon on directory(/data)
01-01 00:00:09.502     0     0 I [2 T1     ..] selinux:  
01-01 00:00:09.608   458   458 I odsign  : Trying to retrieve existing HMAC key...
01-01 00:00:09.609   458   458 I odsign  : Trying to retrieve existing keystore key...
01-01 00:00:09.617   458   458 I odsign  : Verified public key signature.
01-01 00:00:09.617   458   458 I odsign  : Initialized Keystore key.
01-01 00:00:09.619   458   458 I odsign  : Found and verified existing public key certificate: /data/misc/odsign/key.cert
01-01 00:00:09.855   460   460 I odrefresh: ART APEX version 330400000
01-01 00:00:09.855   460   460 I odrefresh: Factory ART APEX mounted.
01-01 00:00:09.855   460   460 I odrefresh: System properties are set to default values.
01-01 00:00:09.856   460   460 I odrefresh: Factory ART APEX mounted.
01-01 00:00:09.857   460   460 I odrefresh: System properties are set to default values.
01-01 00:00:09.857   460   460 I odrefresh: Factory APEXes mounted.
01-01 00:00:09.857   460   460 I odrefresh: System properties are set to default values.
01-01 00:00:09.868   458   458 I odsign  : Metrics report is empty
01-01 00:00:09.869   458   458 I odsign  : /data/misc/odsign/odsign.info not found.
01-01 00:00:09.870   458   458 I odsign  : odrefresh said artifacts are VALID
01-01 00:00:09.870   458   458 I odsign  : On-device signing done.
