01-06 09:59:34.529   952   985 I SystemConfig: Reading permissions from /system/etc/permissions/com.android.media.tv.remoteprovider.xml
01-06 09:59:34.530   952   985 I SystemConfig: Reading permissions from /system/etc/permissions/privapp_allowlist_com.android.adservices.api.xml
01-06 09:59:34.532   952   985 I SystemConfig: Reading permissions from /system/etc/permissions/tv_core_hardware.xml
01-06 09:59:34.533   952   985 I SystemConfig: Reading permissions from /system/etc/permissions/privapp_allowlist_android.ext.services.xml
01-06 09:59:34.534   952   985 I SystemConfig: Reading permissions from /system/etc/permissions/android.test.mock.xml
01-06 09:59:34.535   952   985 I SystemConfig: Reading permissions from /system/etc/permissions/org.apache.http.legacy.xml
01-06 09:59:34.536   952   985 I SystemConfig: Reading permissions from /system/etc/permissions/sonos_platform.xml
01-06 09:59:34.538   952   985 I SystemConfig: Reading permissions from /system/etc/permissions/com.android.media.remotedisplay.xml
01-06 09:59:34.539   952   985 I SystemConfig: Reading permissions from /system/etc/permissions/platform.xml
01-06 09:59:34.542   952   985 I SystemConfig: Reading permissions from /vendor/etc/permissions/android.hardware.consumerir.xml
01-06 09:59:34.543   952   985 I SystemConfig: Reading permissions from /vendor/etc/permissions/android.hardware.hdmi.cec.xml
01-06 09:59:34.544   952   985 I SystemConfig: Reading permissions from /vendor/etc/permissions/android.hardware.vulkan.version.xml
01-06 09:59:34.544   952   985 I SystemConfig: Reading permissions from /vendor/etc/permissions/aosp_excluded_hardware.xml
01-06 09:59:34.545   952   985 D SystemConfig: Removed unavailable feature android.hardware.location.network
01-06 09:59:34.546   952   985 I SystemConfig: Reading permissions from /vendor/etc/permissions/android.hardware.bluetooth.xml
01-06 09:59:34.547   952   985 I SystemConfig: Reading permissions from /vendor/etc/permissions/android.hardware.vulkan.compute.xml
01-06 09:59:34.548   952   985 I SystemConfig: Reading permissions from /vendor/etc/permissions/android.hardware.location.xml
01-06 09:59:34.550   952   985 D SystemConfig: Removed unavailable feature android.hardware.location.network
01-06 09:59:34.550   952   985 I SystemConfig: Reading permissions from /vendor/etc/permissions/android.software.ipsec_tunnels.xml
01-06 09:59:34.551   952   985 I SystemConfig: Reading permissions from /vendor/etc/permissions/droidlogic.software.core.xml
01-06 09:59:34.553   952   985 W SystemConfig: name is required for <deny-permission> in START_TAG (empty) <deny-permission name=''>@27:35 in java.io.FileReader@90f5877
01-06 09:59:34.554   952   985 I SystemConfig: Reading permissions from /vendor/etc/permissions/droidlogic.tv.software.core.xml
01-06 09:59:34.556   952   985 I SystemConfig: Reading permissions from /vendor/etc/permissions/prime.xml
01-06 09:59:34.556   952   952 V ApexManagerTiming: getActiveApexInfos_noCache took to complete: 38ms
01-06 09:59:34.556   952   952 D CompatConfig: Found a config file: /apex/com.android.tethering/etc/compatconfig/connectivity-platform-compat-config.xml
01-06 09:59:34.556   952   985 I SystemConfig: Reading permissions from /vendor/etc/permissions/android.software.farfield.xml
01-06 09:59:34.556   952   952 D CompatConfig: Adding: com.android.server.compat.config.Change@a325e57
01-06 09:59:34.557   952   985 I SystemConfig: Reading permissions from /vendor/etc/permissions/android.hardware.audio.output.xml
01-06 09:59:34.557   952   952 D CompatConfig: No directory /apex/com.android.adservices/etc/compatconfig, skipping
01-06 09:59:34.557   952   952 D CompatConfig: No directory /apex/com.android.permission/etc/compatconfig, skipping
01-06 09:59:34.557   952   952 D CompatConfig: No directory /apex/com.android.ondevicepersonalization/etc/compatconfig, skipping
01-06 09:59:34.557   952   952 D CompatConfig: No directory /apex/com.android.extservices/etc/compatconfig, skipping
01-06 09:59:34.558   952   952 D CompatConfig: Found a config file: /apex/com.android.art/etc/compatconfig/libcore-platform-compat-config.xml
01-06 09:59:34.558   952   985 I SystemConfig: Reading permissions from /vendor/etc/permissions/android.software.opengles.deqp.level-2022-03-01.xml
01-06 09:59:34.558   952   952 D CompatConfig: Adding: com.android.server.compat.config.Change@89488f3
01-06 09:59:34.558   952   952 D CompatConfig: Adding: com.android.server.compat.config.Change@7ea89b0
01-06 09:59:34.558   952   952 D CompatConfig: Adding: com.android.server.compat.config.Change@2f07029
01-06 09:59:34.558   952   952 D CompatConfig: Adding: com.android.server.compat.config.Change@b426fae
01-06 09:59:34.558   952   952 D CompatConfig: Adding: com.android.server.compat.config.Change@16690dc
01-06 09:59:34.559   952   952 D CompatConfig: Adding: com.android.server.compat.config.Change@ef6e5e5
01-06 09:59:34.559   952   985 I SystemConfig: Reading permissions from /vendor/etc/permissions/android.software.verified_boot.xml
01-06 09:59:34.559   952   952 D CompatConfig: No directory /apex/com.android.appsearch/etc/compatconfig, skipping
01-06 09:59:34.559   952   952 D CompatConfig: No directory /apex/com.android.media/etc/compatconfig, skipping
01-06 09:59:34.559   952   952 D CompatConfig: No directory /apex/com.android.adbd/etc/compatconfig, skipping
01-06 09:59:34.559   952   985 I SystemConfig: Reading permissions from /vendor/etc/permissions/android.hardware.hardware_keystore.amlogic.xml
01-06 09:59:34.559   952   952 D CompatConfig: No directory /apex/com.android.apex.cts.shim/etc/compatconfig, skipping
01-06 09:59:34.559   952   952 D CompatConfig: No directory /apex/com.android.runtime/etc/compatconfig, skipping
01-06 09:59:34.560   952   952 D CompatConfig: No directory /apex/com.android.resolv/etc/compatconfig, skipping
01-06 09:59:34.560   952   952 D CompatConfig: No directory /apex/com.android.conscrypt/etc/compatconfig, skipping
01-06 09:59:34.560   952   952 D CompatConfig: No directory /apex/com.android.sdkext/etc/compatconfig, skipping
01-06 09:59:34.560   952   952 D CompatConfig: Found a config file: /apex/com.android.mediaprovider/etc/compatconfig/media-provider-platform-compat-config.xml
01-06 09:59:34.560   952   985 I SystemConfig: Reading permissions from /vendor/etc/permissions/android.hardware.wifi.passpoint.xml
01-06 09:59:34.560   952   952 D CompatConfig: Adding: com.android.server.compat.config.Change@a34fb61
01-06 09:59:34.560   952   952 D CompatConfig: Adding: com.android.server.compat.config.Change@b2cc686
01-06 09:59:34.560   952   952 D CompatConfig: Adding: com.android.server.compat.config.Change@8318b47
01-06 09:59:34.560   952   952 D CompatConfig: Adding: com.android.server.compat.config.Change@5721f74
01-06 09:59:34.561   952   952 D CompatConfig: Adding: com.android.server.compat.config.Change@ee4ec9d
01-06 09:59:34.561   952   952 D CompatConfig: Adding: com.android.server.compat.config.Change@5fec512
01-06 09:59:34.561   952   952 D CompatConfig: Adding: com.android.server.compat.config.Change@b7194e3
01-06 09:59:34.561   952   985 I SystemConfig: Reading permissions from /vendor/etc/permissions/android.hardware.wifi.direct.xml
01-06 09:59:34.561   952   952 D CompatConfig: No directory /apex/com.android.scheduling/etc/compatconfig, skipping
01-06 09:59:34.561   952   952 D CompatConfig: No directory /apex/com.android.neuralnetworks/etc/compatconfig, skipping
01-06 09:59:34.561   952   952 D CompatConfig: No directory /apex/com.android.tzdata/etc/compatconfig, skipping
01-06 09:59:34.561   952   952 D CompatConfig: No directory /apex/com.android.i18n/etc/compatconfig, skipping
01-06 09:59:34.561   952   985 I SystemConfig: Reading permissions from /vendor/etc/permissions/com.droidlogic.appinstaller.xml
01-06 09:59:34.562   952   952 D CompatConfig: Found a config file: /apex/com.android.btservices/etc/compatconfig/bluetooth-compat-config.xml
01-06 09:59:34.563   952   985 I SystemConfig: Reading permissions from /vendor/etc/permissions/android.software.backup.xml
01-06 09:59:34.563   952   952 D CompatConfig: Adding: com.android.server.compat.config.Change@d5de90c
01-06 09:59:34.564   952   952 D CompatConfig: No directory /apex/com.android.ipsec/etc/compatconfig, skipping
01-06 09:59:34.564   952   952 D CompatConfig: No directory /apex/com.android.media.swcodec/etc/compatconfig, skipping
01-06 09:59:34.564   952   952 D CompatConfig: No directory /apex/com.android.os.statsd/etc/compatconfig, skipping
01-06 09:59:34.564   952   952 D CompatConfig: No directory /apex/com.android.uwb/etc/compatconfig, skipping
01-06 09:59:34.564   952   952 D CompatConfig: No directory /apex/com.android.vndk.v33/etc/compatconfig, skipping
01-06 09:59:34.564   952   985 I SystemConfig: Reading permissions from /vendor/etc/permissions/nrdp.xml
01-06 09:59:34.564   952   952 D CompatConfig: Found a config file: /apex/com.android.wifi/etc/compatconfig/wifi-compat-config.xml
01-06 09:59:34.565   952   952 D CompatConfig: Adding: com.android.server.compat.config.Change@c6abd5b
01-06 09:59:34.565   952   952 D CompatConfig: Adding: com.android.server.compat.config.Change@e8689f8
01-06 09:59:34.565   952   985 I SystemConfig: Reading permissions from /vendor/etc/permissions/android.hardware.keystore.app_attest_key.xml
01-06 09:59:34.566   952   952 D CompatConfig: No directory /apex/com.sonos.player/etc/compatconfig, skipping
01-06 09:59:34.566   952   985 I SystemConfig: Reading permissions from /vendor/etc/permissions/android.software.app_widgets.xml
01-06 09:59:34.567   952   985 I SystemConfig: Reading permissions from /vendor/etc/permissions/android.hardware.bluetooth_le.xml
01-06 09:59:34.567   952   952 V SystemServerTiming: PlatformCompat took to complete: 74ms
01-06 09:59:34.568   952   952 D SystemServerTiming: StartFileIntegrityService
01-06 09:59:34.568   952   952 I SystemServiceManager: Starting com.android.server.security.FileIntegrityService
01-06 09:59:34.568   952   985 I SystemConfig: Reading permissions from /vendor/etc/permissions/android.hardware.vulkan.level.xml
01-06 09:59:34.570   952   985 I SystemConfig: Reading permissions from /vendor/etc/permissions/android.hardware.gamepad.xml
01-06 09:59:34.571   952   985 I SystemConfig: Reading permissions from /vendor/etc/permissions/droidlogic.software.netflix.xml
01-06 09:59:34.571   952   952 V SystemServerTiming: StartFileIntegrityService took to complete: 4ms
01-06 09:59:34.571   952   952 D SystemServerTiming: StartInstaller
01-06 09:59:34.571   952   952 I SystemServiceManager: Starting com.android.server.pm.Installer
01-06 09:59:34.571   952   985 I SystemConfig: Reading permissions from /vendor/etc/permissions/android.software.cant_save_state.xml
01-06 09:59:34.572   952   985 I SystemConfig: Reading permissions from /vendor/etc/permissions/android.hardware.wifi.xml
01-06 09:59:34.574   952   985 I SystemConfig: Reading permissions from /vendor/etc/permissions/android.hardware.usb.host.xml
01-06 09:59:34.575   952   985 I SystemConfig: Reading permissions from /vendor/etc/permissions/android.software.vulkan.deqp.level-2022-03-01.xml
01-06 09:59:34.576   952   985 I SystemConfig: Reading permissions from /vendor/etc/permissions/android.hardware.opengles.aep.xml
01-06 09:59:34.576   952   952 V SystemServerTiming: StartInstaller took to complete: 5ms
01-06 09:59:34.576   952   952 D SystemServerTiming: DeviceIdentifiersPolicyService
01-06 09:59:34.576   952   952 I SystemServiceManager: Starting com.android.server.os.DeviceIdentifiersPolicyService
01-06 09:59:34.576   952   985 I SystemConfig: Reading permissions from /vendor/etc/permissions/android.hardware.ethernet.xml
01-06 09:59:34.576   952   952 V SystemServerTiming: DeviceIdentifiersPolicyService took to complete: 0ms
01-06 09:59:34.577   952   952 D SystemServerTiming: UriGrantsManagerService
01-06 09:59:34.577   952   952 I SystemServiceManager: Starting com.android.server.uri.UriGrantsManagerService$Lifecycle
01-06 09:59:34.577   952   985 I SystemConfig: Reading permissions from /vendor/etc/permissions/android.software.live_tv.xml
01-06 09:59:34.579   952   952 V SystemServerTiming: UriGrantsManagerService took to complete: 3ms
01-06 09:59:34.579   952   952 D SystemServerTiming: StartPowerStatsService
01-06 09:59:34.579   952   952 I SystemServiceManager: Starting com.android.server.powerstats.PowerStatsService
01-06 09:59:34.581   952   985 I SystemConfig: Reading permissions from /product/etc/sysconfig/atv-component-overrides.xml
01-06 09:59:34.584   952   985 I SystemConfig: Reading permissions from /product/etc/sysconfig/configs_com.sonos.pinewood.ota.service.xml
01-06 09:59:34.585   952   985 I SystemConfig: Reading permissions from /product/etc/permissions/privapp_allowlist_com.sonos.pinewood.ota.service.xml
01-06 09:59:34.586   952   985 I SystemConfig: Reading permissions from /product/etc/permissions/privapp_allowlist_com.sonos.tv.setup.xml
01-06 09:59:34.587   952   952 V SystemServerTiming: StartPowerStatsService took to complete: 7ms
01-06 09:59:34.587   952   952 D SystemServerTiming: StartIStatsService
01-06 09:59:34.587   952   985 I SystemConfig: Reading permissions from /product/etc/permissions/privapp_allowlist_com.sonos.tv.appdirector.xml
01-06 09:59:34.588   952   952 V SystemServerTiming: StartIStatsService took to complete: 1ms
01-06 09:59:34.588   952   952 D SystemServerTiming: MemtrackProxyService
01-06 09:59:34.588   952   985 I SystemConfig: Reading permissions from /product/etc/permissions/com.droidlogic.updater.xml
01-06 09:59:34.589   952   985 I SystemConfig: Reading permissions from /product/etc/permissions/privapp-permissions-tahoe-product.xml
01-06 09:59:34.589   952   952 V SystemServerTiming: MemtrackProxyService took to complete: 1ms
01-06 09:59:34.589   952   952 D SystemServerTiming: StartActivityManager
01-06 09:59:34.589   952   952 I SystemServiceManager: Starting com.android.server.wm.ActivityTaskManagerService$Lifecycle
01-06 09:59:34.591   952   985 I SystemConfig: Reading permissions from /product/etc/permissions/privapp_allowlist_com.sonos.tv.ble.remote.xml
01-06 09:59:34.592   952   985 I SystemConfig: Reading permissions from /product/etc/permissions/android.hardware.gamepad.xml
01-06 09:59:34.593   952   985 I SystemConfig: Reading permissions from /product/etc/permissions/privapp_allowlist_com.sonos.tv.settings.xml
01-06 09:59:34.595   952   952 I SystemServiceManager: Starting com.android.server.am.ActivityManagerService$Lifecycle
01-06 09:59:34.595   952   985 I SystemConfig: Reading permissions from /product/etc/permissions/privapp_allowlist_com.sonos.pinewood.ota.test.xml
01-06 09:59:34.598   952   985 I SystemConfig: Reading permissions from /system_ext/etc/sysconfig/configs_com.sonos.connectivity.xml
01-06 09:59:34.599   952   985 I SystemConfig: Reading permissions from /system_ext/etc/permissions/androidx.window.extensions.xml
01-06 09:59:34.601   952   985 I SystemConfig: Reading permissions from /system_ext/etc/permissions/com.sonos.pinewood.ir.rx.xml
01-06 09:59:34.603   952   985 I SystemConfig: Reading permissions from /system_ext/etc/permissions/com.droidlogic.tv.settings.xml
01-06 09:59:34.603   952   952 I ActivityManager: Memory class: 384
01-06 09:59:34.604   952   985 I SystemConfig: Reading permissions from /system_ext/etc/permissions/androidx.window.sidecar.xml
01-06 09:59:34.604   952   985 I SystemConfig: Reading permissions from /system_ext/etc/permissions/com.sonos.tv.os.xml
01-06 09:59:34.605   952   985 I SystemConfig: Reading permissions from /system_ext/etc/permissions/com.sonos.tv.logging.xml
01-06 09:59:34.605   952   988 I Binder  : Setting heavy hitter watcher config: false, 0, 0.0
01-06 09:59:34.606   952   985 I SystemConfig: Reading permissions from /system_ext/etc/permissions/com.caavo.pw.ceccontroller.xml
01-06 09:59:34.608   952   985 I SystemConfig: Reading permissions from /system_ext/etc/permissions/com.android.tv.settings.xml
01-06 09:59:34.609   952   985 I SystemConfig: Reading permissions from /system_ext/etc/permissions/droidlogic_permissions.xml
01-06 09:59:34.609   952   985 I SystemConfig: Reading permissions from /system_ext/etc/permissions/privapp_allowlist_com.sonos.connectivity.xml
01-06 09:59:34.610   952   985 I SystemConfig: Reading permissions from /system_ext/etc/permissions/com.android.systemui.xml
01-06 09:59:34.611   952   985 I SystemConfig: Reading permissions from /system_ext/etc/permissions/com.sonos.tv.networking.xml
01-06 09:59:34.612   952   985 I SystemConfig: Reading permissions from /system_ext/etc/permissions/com.sonos.livetv.xml
01-06 09:59:34.614   952   985 I SystemConfig: Reading permissions from /apex/com.android.permission/etc/permissions/privapp_allowlist_com.android.permissioncontroller.xml
01-06 09:59:34.616   952   985 I SystemConfig: Reading permissions from /apex/com.android.mediaprovider/etc/permissions/privapp_allowlist_com.android.providers.media.module.xml
01-06 09:59:34.618   952   985 I SystemConfig: Reading permissions from /apex/com.android.extservices/etc/permissions/privapp_allowlist_android.ext.services.xml
01-06 09:59:34.619   952   985 I SystemConfig: Reading permissions from /apex/com.android.adservices/etc/permissions/privapp_allowlist_com.android.adservices.api.xml
01-06 09:59:34.620   952   985 I SystemConfig: Reading permissions from /apex/com.android.tethering/etc/permissions/permissions.xml
01-06 09:59:34.622   952   985 I SystemConfig: Reading permissions from /apex/com.android.ipsec/etc/permissions/android.net.ipsec.ike.xml
01-06 09:59:34.623   952   985 I SystemConfig: Reading permissions from /apex/com.android.btservices/etc/permissions/privapp_allowlist_com.android.bluetooth.xml
01-06 09:59:34.626   952   985 W SystemConfig: Failed to read public libraries file /vendor/etc/public.libraries.txt
01-06 09:59:34.626   952   985 W SystemConfig: java.io.FileNotFoundException: /vendor/etc/public.libraries.txt: open failed: ENOENT (No such file or directory)
01-06 09:59:34.626   952   985 W SystemConfig: 	at libcore.io.IoBridge.open(IoBridge.java:574)
01-06 09:59:34.626   952   985 W SystemConfig: 	at java.io.FileInputStream.<init>(FileInputStream.java:160)
01-06 09:59:34.626   952   985 W SystemConfig: 	at java.io.FileReader.<init>(FileReader.java:75)
01-06 09:59:34.626   952   985 W SystemConfig: 	at com.android.server.SystemConfig.readPublicLibrariesListFile(SystemConfig.java:1825)
01-06 09:59:34.626   952   985 W SystemConfig: 	at com.android.server.SystemConfig.readPublicNativeLibrariesList(SystemConfig.java:1807)
01-06 09:59:34.626   952   985 W SystemConfig: 	at com.android.server.SystemConfig.<init>(SystemConfig.java:605)
01-06 09:59:34.626   952   985 W SystemConfig: 	at com.android.server.SystemConfig.getInstance(SystemConfig.java:369)
01-06 09:59:34.626   952   985 W SystemConfig: 	at com.android.server.SystemServer$$ExternalSyntheticLambda2.run(Unknown Source:0)
01-06 09:59:34.626   952   985 W SystemConfig: 	at com.android.server.SystemServerInitThreadPool.lambda$submitTask$0(SystemServerInitThreadPool.java:106)
01-06 09:59:34.626   952   985 W SystemConfig: 	at com.android.server.SystemServerInitThreadPool.$r8$lambda$aGlXt69ihU44Qi7EB_RNeu8pnrY(Unknown Source:0)
01-06 09:59:34.626   952   985 W SystemConfig: 	at com.android.server.SystemServerInitThreadPool$$ExternalSyntheticLambda0.run(Unknown Source:6)
01-06 09:59:34.626   952   985 W SystemConfig: 	at java.util.concurrent.Executors$RunnableAdapter.call(Executors.java:463)
01-06 09:59:34.626   952   985 W SystemConfig: 	at java.util.concurrent.FutureTask.run(FutureTask.java:264)
01-06 09:59:34.626   952   985 W SystemConfig: 	at java.util.concurrent.ThreadPoolExecutor.runWorker(ThreadPoolExecutor.java:1137)
01-06 09:59:34.626   952   985 W SystemConfig: 	at java.util.concurrent.ThreadPoolExecutor$Worker.run(ThreadPoolExecutor.java:637)
01-06 09:59:34.626   952   985 W SystemConfig: 	at com.android.internal.util.ConcurrentUtils$1$1.run(ConcurrentUtils.java:65)
01-06 09:59:34.626   952   985 W SystemConfig: Caused by: android.system.ErrnoException: open failed: ENOENT (No such file or directory)
01-06 09:59:34.626   952   985 W SystemConfig: 	at libcore.io.Linux.open(Native Method)
01-06 09:59:34.626   952   985 W SystemConfig: 	at libcore.io.ForwardingOs.open(ForwardingOs.java:563)
01-06 09:59:34.626   952   985 W SystemConfig: 	at libcore.io.BlockGuardOs.open(BlockGuardOs.java:274)
01-06 09:59:34.626   952   985 W SystemConfig: 	at libcore.io.IoBridge.open(IoBridge.java:560)
01-06 09:59:34.626   952   985 W SystemConfig: 	... 15 more
01-06 09:59:34.626   952   985 V SystemConfig: readAllPermissions took to complete: 131ms
01-06 09:59:34.626   952   985 D SystemServerInitThreadPool: Finished executing ReadingSystemConfig
01-06 09:59:34.626   952   985 V SystemServerTimingAsync: InitThreadPoolExec:ReadingSystemConfig took to complete: 132ms
01-06 09:59:34.647   952   952 D BatteryStatsImpl: Reading daily items from /data/system/batterystats-daily.xml
01-06 09:59:34.655   952   952 I KernelCpuUidFreqTimeReader: mPerClusterTimesAvailable=false
01-06 09:59:34.673   952   995 W KernelCpuProcStringReader: File not found. It's normal if not implemented: /proc/uid_concurrent_policy_time
01-06 09:59:34.681   952   995 W KernelMemoryBandwidthStats: No kernel memory bandwidth stats available
01-06 09:59:34.715     0     0 E [5 T1     ..] init: Control message: Could not find 'aidl/package_native' for ctl.interface_start from pid: 314 (/system/bin/servicemanager)
01-06 09:59:34.782   952   952 I IntentFirewall: Read new rules (A:0 B:0 S:0)
01-06 09:59:34.789   952   952 D OomAdjuster: Not killing cached processes
01-06 09:59:34.813   952   952 I FramerateMonitorService: userdebug
01-06 09:59:34.817   952   952 D AppOps  : AppOpsService published
01-06 09:59:34.827   952   952 V SystemServerTiming: StartActivityManager took to complete: 238ms
01-06 09:59:34.827   952   952 D SystemServerTiming: StartDataLoaderManagerService
01-06 09:59:34.827   952   952 I SystemServiceManager: Starting com.android.server.pm.DataLoaderManagerService
01-06 09:59:34.829   952   952 V SystemServerTiming: StartDataLoaderManagerService took to complete: 2ms
01-06 09:59:34.829   952   952 D SystemServerTiming: StartIncrementalService
01-06 09:59:34.836   952   952 V SystemServerTiming: StartIncrementalService took to complete: 6ms
01-06 09:59:34.836   952   952 D SystemServerTiming: StartPowerManager
01-06 09:59:34.836   952   952 I SystemServiceManager: Starting com.android.server.power.PowerManagerService
01-06 09:59:34.846   952   952 V SystemServerTiming: StartPowerManager took to complete: 9ms
01-06 09:59:34.846   952   952 D SystemServerTiming: StartThermalManager
01-06 09:59:34.846   952   952 I SystemServiceManager: Starting com.android.server.power.ThermalManagerService
01-06 09:59:34.846   952   952 V SystemServerTiming: StartThermalManager took to complete: 0ms
01-06 09:59:34.846   952   952 D SystemServerTiming: StartHintManager
01-06 09:59:34.846   952   952 I SystemServiceManager: Starting com.android.server.power.hint.HintManagerService
01-06 09:59:34.847   952   952 V SystemServerTiming: StartHintManager took to complete: 1ms
01-06 09:59:34.847   952   952 D SystemServerTiming: InitPowerManagement
01-06 09:59:34.849   952   952 V SystemServerTiming: InitPowerManagement took to complete: 2ms
01-06 09:59:34.849   952   952 D SystemServerTiming: StartRecoverySystemService
01-06 09:59:34.849   952   952 I SystemServiceManager: Starting com.android.server.recoverysystem.RecoverySystemService$Lifecycle
01-06 09:59:34.850   952   952 V SystemServerTiming: StartRecoverySystemService took to complete: 1ms
01-06 09:59:34.850   952   952 I PackageWatchdog: Syncing state, reason: added new observer
01-06 09:59:34.851   952   952 I PackageWatchdog: Not pruning observers, elapsed time: 0ms
01-06 09:59:34.851   952   952 I PackageWatchdog: Cancelling state sync, nothing to sync
01-06 09:59:34.851   952   987 I PackageWatchdog: Saving observer state to file
01-06 09:59:34.852   952   952 D SystemServerTiming: StartLightsService
01-06 09:59:34.852   952   952 I SystemServiceManager: Starting com.android.server.lights.LightsService
01-06 09:59:34.857   952   952 V SystemServerTiming: StartLightsService took to complete: 5ms
01-06 09:59:34.857   952   952 D SystemServerTiming: StartDisplayOffloadService
01-06 09:59:34.857   952   952 V SystemServerTiming: StartDisplayOffloadService took to complete: 0ms
01-06 09:59:34.857   952   952 D SystemServerTiming: StartSidekickService
01-06 09:59:34.857   952   952 V SystemServerTiming: StartSidekickService took to complete: 0ms
01-06 09:59:34.857   952   952 D SystemServerTiming: StartDisplayManager
01-06 09:59:34.857   952   952 I SystemServiceManager: Starting com.android.server.display.DisplayManagerService
01-06 09:59:34.868   952   952 V SystemServerTiming: StartDisplayManager took to complete: 11ms
01-06 09:59:34.868   952   952 D SystemServerTiming: WaitForDisplay
01-06 09:59:34.868   952   952 I SystemServiceManager: Starting phase 100
01-06 09:59:34.868   952   952 D SystemServerTiming: OnBootPhase_100
01-06 09:59:34.868   952   952 D SystemServerTiming: OnBootPhase_100_com.android.server.security.FileIntegrityService
01-06 09:59:34.868   952   952 V SystemServerTiming: OnBootPhase_100_com.android.server.security.FileIntegrityService took to complete: 0ms
01-06 09:59:34.868   952   952 D SystemServerTiming: OnBootPhase_100_com.android.server.pm.Installer
01-06 09:59:34.868   952   952 V SystemServerTiming: OnBootPhase_100_com.android.server.pm.Installer took to complete: 0ms
01-06 09:59:34.868   952   952 D SystemServerTiming: OnBootPhase_100_com.android.server.os.DeviceIdentifiersPolicyService
01-06 09:59:34.868   952   952 V SystemServerTiming: OnBootPhase_100_com.android.server.os.DeviceIdentifiersPolicyService took to complete: 0ms
01-06 09:59:34.868   952   952 D SystemServerTiming: OnBootPhase_100_com.android.server.uri.UriGrantsManagerService$Lifecycle
01-06 09:59:34.868   952   952 V SystemServerTiming: OnBootPhase_100_com.android.server.uri.UriGrantsManagerService$Lifecycle took to complete: 0ms
01-06 09:59:34.868   952   952 D SystemServerTiming: OnBootPhase_100_com.android.server.powerstats.PowerStatsService
01-06 09:59:34.868   952   952 V SystemServerTiming: OnBootPhase_100_com.android.server.powerstats.PowerStatsService took to complete: 0ms
01-06 09:59:34.868   952   952 D SystemServerTiming: OnBootPhase_100_com.android.server.wm.ActivityTaskManagerService$Lifecycle
01-06 09:59:34.868   952   952 V SystemServerTiming: OnBootPhase_100_com.android.server.wm.ActivityTaskManagerService$Lifecycle took to complete: 0ms
01-06 09:59:34.868   952   952 D SystemServerTiming: OnBootPhase_100_com.android.server.am.ActivityManagerService$Lifecycle
01-06 09:59:34.869   952   952 V SystemServerTiming: OnBootPhase_100_com.android.server.am.ActivityManagerService$Lifecycle took to complete: 0ms
01-06 09:59:34.869   952   952 D SystemServerTiming: OnBootPhase_100_com.android.server.pm.DataLoaderManagerService
01-06 09:59:34.869   952   952 V SystemServerTiming: OnBootPhase_100_com.android.server.pm.DataLoaderManagerService took to complete: 0ms
01-06 09:59:34.869   952   952 D SystemServerTiming: OnBootPhase_100_com.android.server.power.PowerManagerService
01-06 09:59:34.869   952   952 V SystemServerTiming: OnBootPhase_100_com.android.server.power.PowerManagerService took to complete: 0ms
01-06 09:59:34.869   952   952 D SystemServerTiming: OnBootPhase_100_com.android.server.power.ThermalManagerService
01-06 09:59:34.869   952   952 V SystemServerTiming: OnBootPhase_100_com.android.server.power.ThermalManagerService took to complete: 0ms
01-06 09:59:34.869   952   952 D SystemServerTiming: OnBootPhase_100_com.android.server.power.hint.HintManagerService
01-06 09:59:34.869   952   952 V SystemServerTiming: OnBootPhase_100_com.android.server.power.hint.HintManagerService took to complete: 0ms
01-06 09:59:34.869   952   952 D SystemServerTiming: OnBootPhase_100_com.android.server.recoverysystem.RecoverySystemService$Lifecycle
01-06 09:59:34.869   952   952 V SystemServerTiming: OnBootPhase_100_com.android.server.recoverysystem.RecoverySystemService$Lifecycle took to complete: 0ms
01-06 09:59:34.869   952   952 D SystemServerTiming: OnBootPhase_100_com.android.server.lights.LightsService
01-06 09:59:34.869   952   952 V SystemServerTiming: OnBootPhase_100_com.android.server.lights.LightsService took to complete: 0ms
01-06 09:59:34.869   952   952 D SystemServerTiming: OnBootPhase_100_com.android.server.display.DisplayManagerService
01-06 09:59:34.876   952   981 W LocalDisplayAdapter: DisplayModeSpecs base mode no longer available, using currently active mode.
01-06 09:59:34.887   952   981 I DisplayDeviceRepository: Display device added: DisplayDeviceInfo{"Built-in Screen": uniqueId="local:4633127902230889483", 1920 x 1080, modeId 1, defaultModeId 1, supportedModes [{id=1, width=1920, height=1080, fps=59.94006, alternativeRefreshRates=[]}, {id=2, width=1920, height=1080, fps=60.000004, alternativeRefreshRates=[]}, {id=3, width=1920, height=1080, fps=50.0, alternativeRefreshRates=[]}, {id=4, width=1920, height=1080, fps=29.97003, alternativeRefreshRates=[]}, {id=5, width=1920, height=1080, fps=30.000002, alternativeRefreshRates=[]}, {id=6, width=1920, height=1080, fps=25.0, alternativeRefreshRates=[]}, {id=7, width=1920, height=1080, fps=23.976025, alternativeRefreshRates=[]}, {id=8, width=1920, height=1080, fps=24.000002, alternativeRefreshRates=[]}, {id=9, width=1280, height=720, fps=59.94006, alternativeRefreshRates=[]}, {id=10, width=1280, height=720, fps=60.000004, alternativeRefreshRates=[]}, {id=11, width=1280, height=720, fps=50.0, alternativeRefreshRates=[]}, {id=12, width=720, height=576, fps=50.0, alternativeRefreshRates=[]}, {id=13, width=720, height=480, fps=59.94006, alternativeRefreshRates=[]}, {id=14, width=720, height=480, fps=60.000004, alternativeRefreshRates=[]}], colorMode 0, supportedColorModes [0], hdrCapabilities HdrCapabilities{mSupportedHdrTypes=[2, 3], mMaxLuminance=500.0, mMaxAverageLuminance=500.0, mMinLuminance=0.0}, allmSupported false, gameContentTypeSupported false, density 320, 93.784 x 94.593 dpi, appVsyncOff 2000000, presDeadline 13683333, touch INTERNAL, rotation 0, type INTERNAL, address {port=11, model=0x404c2d479b6c44}, deviceProductInfo DeviceProductInfo{name=SAMSUNG, manufacturerPnpId=SAM, productId=2866, modelYear=null, manufactureDate=ManufactureDate{week=44, year=2013}, connectionToSinkType=2}, state UNKNOWN, frameRateOverride , brightnessMinimum 0.0, brightnessMaximum 1.0, brightnessDefault 0.39763778, FLAG_ALLOWED_TO_BE_DEFAULT_DISPLAY, FLAG_ROTATES_WITH_CONTENT, FLAG_SECURE, FLAG_SUPPORTS_PROTECTED_BUFFERS, installOrientation 0}
01-06 09:59:34.889   952   981 I LogicalDisplayMapper: Applying layout: [{addr: {port=11, model=0x404c2d479b6c44}, dispId: 0(ON)}], Previous layout: null
01-06 09:59:34.891   952   981 I LogicalDisplayMapper: Adding new display: 0: DisplayInfo{"Built-in Screen", displayId 0", displayGroupId -1, FLAG_SECURE, FLAG_SUPPORTS_PROTECTED_BUFFERS, FLAG_TRUSTED, real 1920 x 1080, largest app 1920 x 1080, smallest app 1920 x 1080, appVsyncOff 2000000, presDeadline 13683333, mode 1, defaultMode 1, modes [{id=1, width=1920, height=1080, fps=59.94006, alternativeRefreshRates=[]}, {id=2, width=1920, height=1080, fps=60.000004, alternativeRefreshRates=[]}, {id=3, width=1920, height=1080, fps=50.0, alternativeRefreshRates=[]}, {id=4, width=1920, height=1080, fps=29.97003, alternativeRefreshRates=[]}, {id=5, width=1920, height=1080, fps=30.000002, alternativeRefreshRates=[]}, {id=6, width=1920, height=1080, fps=25.0, alternativeRefreshRates=[]}, {id=7, width=1920, height=1080, fps=23.976025, alternativeRefreshRates=[]}, {id=8, width=1920, height=1080, fps=24.000002, alternativeRefreshRates=[]}, {id=9, width=1280, height=720, fps=59.94006, alternativeRefreshRates=[]}, {id=10, width=1280, height=720, fps=60.000004, alternativeRefreshRates=[]}, {id=11, width=1280, height=720, fps=50.0, alternativeRefreshRates=[]}, {id=12, width=720, height=576, fps=50.0, alternativeRefreshRates=[]}, {id=13, width=720, height=480, fps=59.94006, alternativeRefreshRates=[]}, {id=14, width=720, height=480, fps=60.000004, alternativeRefreshRates=[]}], hdrCapabilities HdrCapabilities{mSupportedHdrTypes=[2, 3], mMaxLuminance=500.0, mMaxAverageLuminance=500.0, mMinLuminance=0.0}, userDisabledHdrTypes [], minimalPostProcessingSupported false, rotation 0, state UNKNOWN, type INTERNAL, uniqueId "local:4633127902230889483", app 1920 x 1080, density 320 (93.784 x 94.593) dpi, layerStack 0, colorMode 0, supportedColorModes [0], address {port=11, model=0x404c2d479b6c44}, deviceProductInfo DeviceProductInfo{name=SAMSUNG, manufacturerPnpId=SAM, productId=2866, modelYear=null, manufactureDate=ManufactureDate{week=44, year=2013}, connectionToSinkType=2}, removeMode 0, refreshRateOverride 0.0, brightnessMinimum 0.0, brightnessMaximum 1.0, brightnessDefault 0.39763778, installOrientation ROTATION_0}
01-06 09:59:34.891   952   981 I LogicalDisplayMapper: Setting new display group 0 for display 0, from previous group: null
01-06 09:59:34.892   952   981 W android.permission.PermissionManager: Missing ActivityManager; assuming 1000 holds android.permission.READ_DEVICE_CONFIG
01-06 09:59:34.898   952   952 V SystemServerTiming: OnBootPhase_100_com.android.server.display.DisplayManagerService took to complete: 28ms
01-06 09:59:34.898   952   952 V SystemServerTiming: OnBootPhase_100 took to complete: 30ms
01-06 09:59:34.898   952   952 V SystemServerTiming: WaitForDisplay took to complete: 30ms
01-06 09:59:34.898   952   952 D SystemServerTiming: StartDomainVerificationService
01-06 09:59:34.904   952   952 V SystemServerTiming: StartDomainVerificationService took to complete: 6ms
01-06 09:59:34.904   952   952 D SystemServerTiming: StartPackageManagerService
01-06 09:59:34.905   952   952 I Watchdog: Pausing HandlerChecker: main thread for reason: packagemanagermain. Pause count: 1
01-06 09:59:34.909   952   952 D PackageManagerTiming: create package manager
01-06 09:59:34.916   952   952 D PackageManagerTiming: createSubComponents
01-06 09:59:34.921   952   952 I UserTypeFactory: Creating custom user type com.android.tv.profile
01-06 09:59:34.936   952   952 V PackageManagerTiming: createSubComponents took to complete: 21ms
01-06 09:59:34.937   952   952 D PackageManagerTiming: addSharedUsers
01-06 09:59:34.937   952   952 V PackageManagerTiming: addSharedUsers took to complete: 1ms
01-06 09:59:34.938   952   952 W BackgroundDexOptService: SysProp pm.dexopt.downgrade_after_inactive_days not set
01-06 09:59:34.939   952   952 D PackageManagerTiming: get system config
01-06 09:59:34.939   952   952 V PackageManagerTiming: get system config took to complete: 0ms
01-06 09:59:34.942   952   952 D SELinuxMMAC: Using policy file /system/etc/selinux/plat_mac_permissions.xml
01-06 09:59:34.945   952   952 D SELinuxMMAC: Using policy file /system_ext/etc/selinux/system_ext_mac_permissions.xml
01-06 09:59:34.946   952   952 D SELinuxMMAC: Using policy file /product/etc/selinux/product_mac_permissions.xml
01-06 09:59:34.947   952   952 D SELinuxMMAC: Using policy file /vendor/etc/selinux/vendor_mac_permissions.xml
01-06 09:59:34.948   952   952 D PackageManagerTiming: loadFallbacks
01-06 09:59:34.950   952   952 V PackageManagerTiming: loadFallbacks took to complete: 2ms
01-06 09:59:34.950   952   952 D PackageManagerTiming: read user settings
01-06 09:59:34.958   952   967 W android.permission.PermissionManager: Missing ActivityManager; assuming 1041 does not hold android.permission.UPDATE_DEVICE_STATS
01-06 09:59:35.037   952   952 E PackageManager: Package com.android.dynsystem was user id 0 but is now user SharedUserSetting{c43c9 android.uid.system/1000} with id 1000; I am not changing its files so it will probably fail!
01-06 09:59:35.039   952   952 E PackageManager: Package com.android.providers.calendar was user id 0 but is now user SharedUserSetting{a9cb0fc android.uid.calendar/10027} with id 10027; I am not changing its files so it will probably fail!
01-06 09:59:35.040   952   952 E PackageManager: Package com.android.tv.settings was user id 0 but is now user SharedUserSetting{c43c9 android.uid.system/1000} with id 1000; I am not changing its files so it will probably fail!
01-06 09:59:35.040   952   952 E PackageManager: Package com.android.providers.media was user id 0 but is now user SharedUserSetting{943a301 android.media/10022} with id 10022; I am not changing its files so it will probably fail!
01-06 09:59:35.041   952   952 E PackageManager: Package com.android.providers.downloads was user id 0 but is now user SharedUserSetting{943a301 android.media/10022} with id 10022; I am not changing its files so it will probably fail!
01-06 09:59:35.042   952   952 E PackageManager: Package com.droidlogic.mediacenter was user id 0 but is now user SharedUserSetting{c43c9 android.uid.system/1000} with id 1000; I am not changing its files so it will probably fail!
01-06 09:59:35.043   952   952 E PackageManager: Package com.droidlogic was user id 0 but is now user SharedUserSetting{c43c9 android.uid.system/1000} with id 1000; I am not changing its files so it will probably fail!
01-06 09:59:35.043   952   952 E PackageManager: Package com.droidlogic.tv.settings was user id 0 but is now user SharedUserSetting{c43c9 android.uid.system/1000} with id 1000; I am not changing its files so it will probably fail!
01-06 09:59:35.044   952   952 E PackageManager: Package com.sonos.tv.ble.remote was user id 0 but is now user SharedUserSetting{eec512c sonos.uid.bluetooth/7502} with id 7502; I am not changing its files so it will probably fail!
01-06 09:59:35.044   952   952 E PackageManager: Package com.android.networkstack was user id 0 but is now user SharedUserSetting{231dbfb android.uid.networkstack/1073} with id 1073; I am not changing its files so it will probably fail!
01-06 09:59:35.045   952   952 E PackageManager: Package android was user id 0 but is now user SharedUserSetting{c43c9 android.uid.system/1000} with id 1000; I am not changing its files so it will probably fail!
01-06 09:59:35.045   952   952 E PackageManager: Package com.android.mtp was user id 0 but is now user SharedUserSetting{943a301 android.media/10022} with id 10022; I am not changing its files so it will probably fail!
01-06 09:59:35.045   952   952 E PackageManager: Package com.android.providers.settings was user id 0 but is now user SharedUserSetting{c43c9 android.uid.system/1000} with id 1000; I am not changing its files so it will probably fail!
01-06 09:59:35.046   952   952 E PackageManager: Package com.android.se was user id 0 but is now user SharedUserSetting{fe48e30 android.uid.se/1068} with id 1068; I am not changing its files so it will probably fail!
01-06 09:59:35.047   952   952 E PackageManager: Package com.android.inputdevices was user id 0 but is now user SharedUserSetting{c43c9 android.uid.system/1000} with id 1000; I am not changing its files so it will probably fail!
01-06 09:59:35.049   952   952 E PackageManager: Package com.android.keychain was user id 0 but is now user SharedUserSetting{c43c9 android.uid.system/1000} with id 1000; I am not changing its files so it will probably fail!
01-06 09:59:35.050   952   952 E PackageManager: Package com.android.localtransport was user id 0 but is now user SharedUserSetting{c43c9 android.uid.system/1000} with id 1000; I am not changing its files so it will probably fail!
01-06 09:59:35.051   952   952 E PackageManager: Package com.sonos.tv.setup was user id 0 but is now user SharedUserSetting{d2ab5e1 sonos.uid.setup/7501} with id 7501; I am not changing its files so it will probably fail!
01-06 09:59:35.051   952   952 E PackageManager: Package com.android.networkstack.tethering was user id 0 but is now user SharedUserSetting{231dbfb android.uid.networkstack/1073} with id 1073; I am not changing its files so it will probably fail!
01-06 09:59:35.052   952   952 E PackageManager: Package com.android.soundpicker was user id 0 but is now user SharedUserSetting{943a301 android.media/10022} with id 10022; I am not changing its files so it will probably fail!
01-06 09:59:35.052   952   952 E PackageManager: Package com.droidlogic.miracast was user id 0 but is now user SharedUserSetting{c43c9 android.uid.system/1000} with id 1000; I am not changing its files so it will probably fail!
01-06 09:59:35.053   952   952 E PackageManager: Package com.android.cts.ctsshim was user id 0 but is now user SharedUserSetting{7e818de com.android.cts.ctsshim/10076} with id 10076; I am not changing its files so it will probably fail!
01-06 09:59:35.053   952   952 E PackageManager: Package com.android.shell was user id 0 but is now user SharedUserSetting{4c6c4d5 android.uid.shell/2000} with id 2000; I am not changing its files so it will probably fail!
01-06 09:59:35.053   952   952 E PackageManager: Package com.android.wallpaperbackup was user id 0 but is now user SharedUserSetting{c43c9 android.uid.system/1000} with id 1000; I am not changing its files so it will probably fail!
01-06 09:59:35.054   952   952 E PackageManager: Package com.android.providers.userdictionary was user id 0 but is now user SharedUserSetting{95865b6 android.uid.shared/10028} with id 10028; I am not changing its files so it will probably fail!
01-06 09:59:35.054   952   952 E PackageManager: Package com.android.location.fused was user id 0 but is now user SharedUserSetting{c43c9 android.uid.system/1000} with id 1000; I am not changing its files so it will probably fail!
01-06 09:59:35.055   952   952 E PackageManager: Package com.android.systemui was user id 0 but is now user SharedUserSetting{dcc0353 android.uid.systemui/10070} with id 10070; I am not changing its files so it will probably fail!
01-06 09:59:35.055   952   952 E PackageManager: Package com.android.bluetooth was user id 0 but is now user SharedUserSetting{a3a758e android.uid.bluetooth/1002} with id 1002; I am not changing its files so it will probably fail!
01-06 09:59:35.055   952   952 E PackageManager: Package com.android.providers.contacts was user id 0 but is now user SharedUserSetting{95865b6 android.uid.shared/10028} with id 10028; I am not changing its files so it will probably fail!
01-06 09:59:35.101   952   952 V SLog    : static_init took to complete: 1ms
01-06 09:59:35.102   952   952 W PackageSettings: Missing permission state for package com.android.uwb.resources on user 0
01-06 09:59:35.102   952   952 W PackageSettings: Missing permission state for package com.android.systemui.statusbar.tv.TvStatusBar on user 0
01-06 09:59:35.102   952   952 W PackageSettings: Missing permission state for package com.android.htmlviewer on user 0
01-06 09:59:35.102   952   952 W PackageSettings: Missing permission state for package com.sonos.platform on user 0
01-06 09:59:35.102   952   952 W PackageSettings: Missing permission state for package com.android.tv.overlay.settingsprovider on user 0
01-06 09:59:35.102   952   952 W PackageSettings: Missing permission state for package com.android.connectivity.resources on user 0
01-06 09:59:35.102   952   952 W PackageSettings: Missing permission state for package com.sonos.tv.sonosscreensaver on user 0
01-06 09:59:35.102   952   952 W PackageSettings: Missing permission state for package com.sonos.pinewood.overlay.assistant on user 0
01-06 09:59:35.103   952   952 W PackageSettings: Missing permission state for package android.ext.shared on user 0
01-06 09:59:35.103   952   952 W PackageSettings: Missing permission state for package com.android.wifi.resources on user 0
01-06 09:59:35.103   952   952 W PackageSettings: Missing permission state for package com.android.networkstack.tethering.droidlogic on user 0
01-06 09:59:35.103   952   952 W PackageSettings: Missing permission state for package com.droidlogic.tv.settings.resoverlay on user 0
01-06 09:59:35.103   952   952 W PackageSettings: Missing permission state for package com.droidlogic.wifitetheringoverlay on user 0
01-06 09:59:35.103   952   952 W PackageSettings: Missing permission state for package com.sonos.tv.settings.overlay on user 0
01-06 09:59:35.103   952   952 W PackageSettings: Missing permission state for package com.android.networkstack.tethering.inprocess.droidlogic on user 0
01-06 09:59:35.103   952   952 W PackageSettings: Missing permission state for package com.sonos.pinewood.overlay.settingsprovider on user 0
01-06 09:59:35.103   952   952 W PackageSettings: Missing permission state for package com.droidlogic.wifion on user 0
01-06 09:59:35.103   952   952 W PackageSettings: Missing permission state for package com.sonos.pinewood.overlay.tvremoteprovider on user 0
01-06 09:59:35.104   952   952 W PackageSettings: Missing permission state for package com.bds.framework.overlay on user 0
01-06 09:59:35.104   952   952 W PackageSettings: Missing permission state for package com.android.tv.overlay.framework on user 0
01-06 09:59:35.104   952   952 W PackageSettings: Missing permission state for package android.auto_generated_rro_product__ on user 0
01-06 09:59:35.104   952   952 W PackageSettings: Missing permission state for package com.sonos.hdmicecoverlay on user 0
01-06 09:59:35.104   952   952 W PackageSettings: Missing permission state for package com.droidlogic.overlay on user 0
01-06 09:59:35.104   952   952 W PackageSettings: Missing permission state for package com.sonos.pinewoodirapp on user 0
01-06 09:59:35.104   952   952 W PackageSettings: Missing permission state for shared user: android.uid.log
01-06 09:59:35.105   952   952 W PackageSettings: Missing permission state for shared user: android.uid.nfc
01-06 09:59:35.105   952   952 W PackageSettings: Missing permission state for shared user: android.uid.uwb
01-06 09:59:35.105   952   952 W PackageSettings: Missing permission state for shared user: android.uid.phone
01-06 09:59:35.106   952   952 V PackageManagerTiming: read user settings took to complete: 156ms
01-06 09:59:35.132   952   952 D PackageManager: Directories scanned as system partitions: [/system:0, /vendor:524288, /odm:4194304, /oem:262144, /product:1048576, /system_ext:2097152, /apex/com.android.tethering:8388608, /apex/com.android.adservices:8388608, /apex/com.android.permission:8388608, /apex/com.android.ondevicepersonalization:8388608, /apex/com.android.extservices:8388608, /apex/com.android.art:8388608, /apex/com.android.appsearch:8388608, /apex/com.android.media:8388608, /apex/com.android.adbd:8388608, /apex/com.android.apex.cts.shim:8388608, /apex/com.android.runtime:8388608, /apex/com.android.resolv:8388608, /apex/com.android.conscrypt:8388608, /apex/com.android.sdkext:8388608, /apex/com.android.mediaprovider:8388608, /apex/com.android.scheduling:8388608, /apex/com.android.neuralnetworks:8388608, /apex/com.android.tzdata:8388608, /apex/com.android.i18n:8388608, /apex/com.android.btservices:8388608, /apex/com.android.ipsec:8388608, /apex/com.android.media.swcodec:8388608, /apex/com.android.os.statsd:8388608, /apex/com.android.uwb:8388608, /apex/com.android.vndk.v33:8388608, /apex/com.android.wifi:8388608, /apex/com.sonos.player:10485760]
01-06 09:59:35.134   952   952 D PackageManager: Keeping known cache 3ef00d1b2e69af98935730928abac96ea7628797
01-06 09:59:35.165     0     0 I [0 T506   ..] [debug]: audio_utils_open
01-06 09:59:35.165     0     0 I [0 T506   ..] [debug]: audio_utils_release
01-06 09:59:35.173     0     0 I [0 T506   ..] [debug]: audio_utils_open
01-06 09:59:35.173     0     0 I [0 T506   ..] [debug]: audio_utils_ioctl SET_LIB_SIZE 5499312
01-06 09:59:35.173     0     0 I [0 T506   ..] [debug]: audio_utils_ioctl WRITE_LIB
01-06 09:59:35.175     0     0 I [0 T506   ..] [debug]: audio_utils_release
01-06 09:59:35.177     0     0 I [0 T506   ..] [debug]: audio_utils_open
01-06 09:59:35.179     0     0 I [0 T506   ..] [debug]: audio_utils_release
01-06 09:59:35.184     0     0 I         : [2 T506   ..] hdmitx21_ext_set_audio_output enable:0
01-06 09:59:35.204     0     0 E [7 T449   ..] apexd: Can't open /product/apex for reading : No such file or directory
01-06 09:59:35.204     0     0 E [7 T449   ..] apexd: Can't open /vendor/apex for reading : No such file or directory
01-06 09:59:35.233   952   952 D CompatibilityChangeReporter: Compat change id reported: 143539591; UID -1; state: DISABLED
01-06 09:59:35.233   952   952 D CompatibilityChangeReporter: Compat change id reported: 168782947; UID -1; state: ENABLED
01-06 09:59:35.241   952   952 W PackageManager: Failed to parse /product/overlay/TvWifiOverlay.apk: /product/overlay/TvWifiOverlay.apk (at Binary XML file line #23): <overlay> priority must be between 0 and 9999
01-06 09:59:35.247   952   952 W PackageManager: Failed to parse /system/framework/oat: Missing base APK in /system/framework/oat
01-06 09:59:35.248   952   952 W PackageManager: Failed to parse /system/framework/arm64: Missing base APK in /system/framework/arm64
01-06 09:59:35.248   952   952 W PackageManager: Failed to parse /system/framework/arm: Missing base APK in /system/framework/arm
01-06 09:59:35.267   952   952 D CompatibilityChangeReporter: Compat change id reported: 168782947; UID -1; state: DISABLED
01-06 09:59:35.302   952   952 I PackageManager: /system/priv-app/NetworkStackNext changed; collecting certs
01-06 09:59:35.313   952   952 W PackageManager: Failed to scan /system/priv-app/NetworkStackNext: Application package com.android.networkstack already installed.  Skipping duplicate.
01-06 09:59:35.326     0     0 I [5 T506   ..] [snd-soc]: update audio atmos flag! audio_type = 0
01-06 09:59:35.378     0     0 I [5 T506   ..] [snd-soc]: update audio atmos flag! audio_type = 0
01-06 09:59:35.422     0     0 I [2 T571   ..] [snd-soc]: dd+ drc mode : RF
