01-07 03:34:26.941   929  1165 D CompatibilityChangeReporter: Compat change id reported: 171306433; UID 1000; state: ENABLED
01-07 03:34:26.941   929  1165 D CompatibilityChangeReporter: Compat change id reported: 218533173; UID 1000; state: ENABLED
01-07 03:34:21.587     0     0 E [7 T1766  ..] [secmon]: DBG=======> dolby_fw_ioctl 438 cmd:0x40 arg3=0
01-07 03:34:26.975   929  1374 W ActivityTaskManager: Current config: {1.0 ?mcc?mnc [en_US] ldltr sw540dp w960dp h540dp 320dpi lrg long land television night -touch -keyb/v/h dpad/v winConfig={ mBounds=Rect(0, 0 - 1920, 1080) mAppBounds=Rect(0, 0 - 1920, 1080) mMaxBounds=Rect(0, 0 - 1920, 1080) mDisplayRotation=ROTATION_0 mWindowingMode=fullscreen mDisplayWindowingMode=fullscreen mActivityType=undefined mAlwaysOnTop=undefined mRotation=ROTATION_0} s.6 fontWeightAdjustment=0} unchanged for IME proc com.brdgwtr.keyboard.ime.pinewood
01-07 03:34:26.975   929  1374 W ActivityTaskManager: Current config: {1.0 ?mcc?mnc [en_US] ldltr sw540dp w960dp h540dp 320dpi lrg long land television night -touch -keyb/v/h dpad/v winConfig={ mBounds=Rect(0, 0 - 1920, 1080) mAppBounds=Rect(0, 0 - 1920, 1080) mMaxBounds=Rect(0, 0 - 1920, 1080) mDisplayRotation=ROTATION_0 mWindowingMode=fullscreen mDisplayWindowingMode=fullscreen mActivityType=undefined mAlwaysOnTop=undefined mRotation=ROTATION_0} s.6 fontWeightAdjustment=0} unchanged for IME proc com.brdgwtr.keyboard.ime.pinewood
01-07 03:34:26.981   929  1542 D CompatibilityChangeReporter: Compat change id reported: 161145287; UID 10020; state: DISABLED
01-07 03:34:27.007   929  1267 D CoreBackPreview: Window{e7720a6 u0 InputMethod}: Setting back callback OnBackInvokedCallbackInfo{mCallback=android.window.IOnBackInvokedCallback$Stub$Proxy@5ab248a, mPriority=0}
01-07 03:34:27.028   929  1374 D CompatibilityChangeReporter: Compat change id reported: 161145287; UID 10042; state: DISABLED
01-07 03:34:27.029  1336  1560 I AudioSystemCmdService: onAudioPortListUpdate ++++
01-07 03:34:27.040   929   944 D CountryDetector: The first listener is added
01-07 03:34:27.115   929   944 D CompatibilityChangeReporter: Compat change id reported: 168419799; UID 10046; state: DISABLED
01-07 03:34:27.129   929   944 I ActivityManager: Background started FGS: Allowed [callingPackage: com.brdgwtr.mediasession; callingUid: 10042; uidState: BFGS; intent: Intent { cmp=com.brdgwtr.mediasession/.service.MediaSessionService }; code:PROC_STATE_BFGS; tempAllowListReason:<null>; targetSdkVersion:30; callerTargetSdkVersion:30; startForegroundCount:0; bindFromPackage:null]
01-07 03:34:27.143   929   966 I UsageStatsService: User[0] Rollover scheduled @ 2025-01-08 03:27:33(1736306853874)
01-07 03:34:27.145   929   966 I UsageStatsService: Time changed in by 5 seconds
01-07 03:34:27.149   929  1210 I ActivityManager: com.brdgwtr.publisherservice is exempt from freezer
01-07 03:34:27.149   929  1210 D CompatibilityChangeReporter: Compat change id reported: 135634846; UID 10051; state: DISABLED
01-07 03:34:27.150   929  1210 D CompatibilityChangeReporter: Compat change id reported: 177438394; UID 10051; state: DISABLED
01-07 03:34:27.150   929  1210 D CompatibilityChangeReporter: Compat change id reported: 135772972; UID 10051; state: DISABLED
01-07 03:34:27.150   929  1210 D CompatibilityChangeReporter: Compat change id reported: 135754954; UID 10051; state: ENABLED
01-07 03:34:27.151   929   968 D CompatibilityChangeReporter: Compat change id reported: 143937733; UID 10051; state: ENABLED
01-07 03:34:27.156   929   966 I UsageStatsService: User[0] Flushing usage stats to disk
01-07 03:34:27.166   929   968 I ActivityManager: Start proc 2263:com.brdgwtr.publisherservice/u0a51 for content provider {com.brdgwtr.publisherservice/com.brdgwtr.publisher.auth.AuthenticationContentProvider}
01-07 03:34:27.180   929   944 W ActivityManager: Foreground service started from background can not have location/camera/microphone access: service com.brdgwtr.mediasession/.service.MediaSessionService
01-07 03:34:27.184   929   967 I ActivityManager: Deferring FGS notification in legacy app com.brdgwtr.mediasession/u0a42 : Notification(channel=media_session_service shortcut=null contentView=null vibrate=null sound=null tick defaults=0x0 flags=0x40 color=0x00000000 vis=PRIVATE)
01-07 03:34:21.679     0     0 E [2 T1766  ..] [secmon]: DBG=======> dolby_fw_ioctl 438 cmd:0x41 arg3=1
01-07 03:34:21.680     0     0 E [2 T1766  ..] [secmon]: DBG=======> dolby_fw_verify_lib_resp 296 DOLBY_FW_VERIFY_LIB_RESP arg3=1
01-07 03:34:21.681     0     0 E [2 T1766  ..] [secmon]: DBG=======> dolby_fw_ioctl 438 cmd:0x50 arg3=0
01-07 03:34:21.682     0     0 E [2 T1766  ..] [secmon]: DBG=======> dolby_fw_ioctl 438 cmd:0x60 arg3=1
01-07 03:34:21.683     0     0 E [2 T1766  ..] [secmon]: DBG=======> dolby_fw_critical_query 389 DOLBY_FW_CRITICAL_DATA_QUERY arg3=1
01-07 03:34:21.691     0     0 E [1 T1766  ..] [secmon]: DBG=======> dolby_fw_ioctl 438 cmd:0x40 arg3=0
01-07 03:34:27.203   929   966 D WallpaperManagerService: Wallpaper_selinux_restorecon-0
01-07 03:34:27.205  1336  1562 W ContextImpl: Calling a method in the system process without a qualified user: android.app.ContextImpl.sendBroadcast:1189 android.content.ContextWrapper.sendBroadcast:500 com.droidlogic.audioservice.services.AudioSystemCmdService$1.onUEvent:184 com.droidlogic.UEventObserver$UEventThread.sendEvent:213 com.droidlogic.UEventObserver$UEventThread.run:190 
01-07 03:34:27.205   929   966 V WallpaperManagerService: Wallpaper_selinux_restorecon-0 took to complete: 2ms
01-07 03:34:27.210   929  1210 W ProcessStats: Tracking association SourceState{b26191c com.sonos.connectivity/10088 BTopFgs #200} whose proc state 2 is better than process ProcessState{9e3223f com.brdgwtr.mediasession/10042 pkg=com.brdgwtr.mediasession} proc state 3 (0 skipped)
01-07 03:34:27.212   929   944 D CompatibilityChangeReporter: Compat change id reported: 168419799; UID 10051; state: DISABLED
01-07 03:34:21.699     0     0 I [6 T1628  ..] [snd-soc]: update audio atmos flag! audio_type = 0
01-07 03:34:27.237   929   966 D CompatibilityChangeReporter: Compat change id reported: 168419799; UID 1000; state: DISABLED
01-07 03:34:21.760     0     0 E [5 T1766  ..] [secmon]: DBG=======> dolby_fw_ioctl 438 cmd:0x41 arg3=1
01-07 03:34:21.760     0     0 E [5 T1766  ..] [secmon]: DBG=======> dolby_fw_verify_lib_resp 296 DOLBY_FW_VERIFY_LIB_RESP arg3=1
01-07 03:34:21.762     0     0 E [5 T1766  ..] [secmon]: DBG=======> dolby_fw_ioctl 438 cmd:0x50 arg3=0
01-07 03:34:21.762     0     0 E [5 T1766  ..] [secmon]: DBG=======> dolby_fw_ioctl 438 cmd:0x60 arg3=1
01-07 03:34:21.763     0     0 E [5 T1766  ..] [secmon]: DBG=======> dolby_fw_critical_query 389 DOLBY_FW_CRITICAL_DATA_QUERY arg3=1
01-07 03:34:21.766     0     0 E [5 T1766  ..] [secmon]: DBG=======> dolby_fw_ioctl 438 cmd:0x40 arg3=0
01-07 03:34:21.780     0     0 E [1 T624   ..] [netsta][0x1afe2a6][03: 34:27.286325] wlan: [624:E:DP] dp_rx_flush_rx_cached: txrx_peer NULL!! peer mac_addr(00:03:7f:95:35:c7)
01-07 03:34:21.781     0     0 E [1 T624   ..] [netsta][0x1afe71d][03: 34:27.287468] wlan: [624:E:DP] dp_tx_flow_pool_unmap_handler: flow pool id: 1 is inactive, ignore unmap
01-07 03:34:21.787     0     0 E [4 T624   ..] [netsta][0x1affe40][03: 34:27.293391] wlan: [624:E:DP] dp_rx_flush_rx_cached: txrx_peer NULL!! peer mac_addr(00:03:7f:96:35:c7)
01-07 03:34:21.789     0     0 E [4 T624   ..] [netsta][0x1b004f5][03: 34:27.295108] wlan: [624:E:DP] dp_tx_flow_pool_unmap_handler: flow pool id: 0 is inactive, ignore unmap
01-07 03:34:21.810     0     0 E [5 T1766  ..] [secmon]: DBG=======> dolby_fw_ioctl 438 cmd:0x41 arg3=1
01-07 03:34:21.810     0     0 E [5 T1766  ..] [secmon]: DBG=======> dolby_fw_verify_lib_resp 296 DOLBY_FW_VERIFY_LIB_RESP arg3=1
01-07 03:34:21.812     0     0 E [5 T1766  ..] [secmon]: DBG=======> dolby_fw_ioctl 438 cmd:0x50 arg3=0
01-07 03:34:21.813     0     0 E [5 T1766  ..] [secmon]: DBG=======> dolby_fw_ioctl 438 cmd:0x60 arg3=1
01-07 03:34:21.814     0     0 E [5 T1766  ..] [secmon]: DBG=======> dolby_fw_critical_query 389 DOLBY_FW_CRITICAL_DATA_QUERY arg3=1
01-07 03:34:21.847     0     0 E [4 T1766  ..] [secmon]: DBG=======> dolby_fw_ioctl 438 cmd:0x40 arg3=0
01-07 03:34:21.894     0     0 E [4 T1766  ..] [secmon]: DBG=======> dolby_fw_ioctl 438 cmd:0x41 arg3=1
01-07 03:34:21.895     0     0 E [4 T1766  ..] [secmon]: DBG=======> dolby_fw_verify_lib_resp 296 DOLBY_FW_VERIFY_LIB_RESP arg3=1
01-07 03:34:21.903     0     0 E [4 T1766  ..] [secmon]: DBG=======> dolby_fw_ioctl 438 cmd:0x50 arg3=0
01-07 03:34:21.903     0     0 E [4 T1766  ..] [secmon]: DBG=======> dolby_fw_ioctl 438 cmd:0x60 arg3=1
01-07 03:34:21.905     0     0 E [4 T1766  ..] [secmon]: DBG=======> dolby_fw_critical_query 389 DOLBY_FW_CRITICAL_DATA_QUERY arg3=1
01-07 03:34:27.422   929  1374 D CompatibilityChangeReporter: Compat change id reported: 194532703; UID 10066; state: ENABLED
01-07 03:34:27.430   929  1374 D CompatibilityChangeReporter: Compat change id reported: 135634846; UID 10024; state: DISABLED
01-07 03:34:27.430   929  1374 D CompatibilityChangeReporter: Compat change id reported: 177438394; UID 10024; state: DISABLED
01-07 03:34:27.430   929  1374 D CompatibilityChangeReporter: Compat change id reported: 135772972; UID 10024; state: DISABLED
01-07 03:34:27.430   929  1374 D CompatibilityChangeReporter: Compat change id reported: 135754954; UID 10024; state: DISABLED
01-07 03:34:27.431   929   968 D CompatibilityChangeReporter: Compat change id reported: 143937733; UID 10024; state: DISABLED
01-07 03:34:27.445   929   968 I ActivityManager: Start proc 2316:com.android.statementservice/u0a24 for broadcast {com.android.statementservice/androidx.work.impl.background.systemalarm.RescheduleReceiver}
01-07 03:34:27.477   929   944 D CompatibilityChangeReporter: Compat change id reported: 168419799; UID 10024; state: DISABLED
01-07 03:34:21.983     0     0 E [5 T1766  ..] [secmon]: DBG=======> dolby_fw_ioctl 438 cmd:0x40 arg3=0
01-07 03:34:22.048     0     0 E [0 T1766  ..] [secmon]: DBG=======> dolby_fw_ioctl 438 cmd:0x41 arg3=1
01-07 03:34:22.048     0     0 E [0 T1766  ..] [secmon]: DBG=======> dolby_fw_verify_lib_resp 296 DOLBY_FW_VERIFY_LIB_RESP arg3=1
01-07 03:34:22.050     0     0 E [0 T1766  ..] [secmon]: DBG=======> dolby_fw_ioctl 438 cmd:0x50 arg3=0
01-07 03:34:22.051     0     0 E [0 T1766  ..] [secmon]: DBG=======> dolby_fw_ioctl 438 cmd:0x60 arg3=1
01-07 03:34:22.051     0     0 E [0 T1766  ..] [secmon]: DBG=======> dolby_fw_critical_query 389 DOLBY_FW_CRITICAL_DATA_QUERY arg3=1
01-07 03:34:27.580   929   944 D CompatibilityChangeReporter: Compat change id reported: 161145287; UID 10054; state: DISABLED
01-07 03:34:27.692   929  1374 D CompatibilityChangeReporter: Compat change id reported: 135634846; UID 10044; state: DISABLED
01-07 03:34:27.692   929  1374 D CompatibilityChangeReporter: Compat change id reported: 177438394; UID 10044; state: DISABLED
01-07 03:34:27.692   929  1374 D CompatibilityChangeReporter: Compat change id reported: 135772972; UID 10044; state: DISABLED
01-07 03:34:27.692   929  1374 D CompatibilityChangeReporter: Compat change id reported: 135754954; UID 10044; state: ENABLED
01-07 03:34:27.692   929   968 D CompatibilityChangeReporter: Compat change id reported: 143937733; UID 10044; state: ENABLED
01-07 03:34:22.218     0     0 I [5 T1523  ..] [schedu][0x1b690a7][03: 34:27.724087] wlan: [1523:I:OSIF] vdev 0, scan id 40961 type COMPLETED(1) reason COMPLETED(1) scan found 84 bss
01-07 03:34:27.704   929   968 I ActivityManager: Start proc 2371:com.brdgwtr.dms/u0a44 for content provider {com.brdgwtr.dms/com.brdgwtr.credentialservice.CredentialProvider}
01-07 03:34:27.705   929  1267 D CompatibilityChangeReporter: Compat change id reported: 161145287; UID 10046; state: DISABLED
01-07 03:34:27.750   929   929 D HDMI    : [P]:AllocatedAddress=[]
01-07 03:34:27.750   929   929 I HDMI    : No device is detected.
01-07 03:34:27.750   929   929 I HDMI    : ---------Wrap up Device Discovery:[0]---------com.android.server.hdmi.DeviceDiscoveryAction@bee8e0e
01-07 03:34:27.750   929   929 I HDMI    : --------------------------------------------
01-07 03:34:27.751   929   929 D HDMI    : addCecDevice old:null
01-07 03:34:27.752   929   929 D HDMI    : addCecDevice new:CEC: logical_address: 0x03 device_type: 4 cec_version: 5 vendor_id: 0x1CA410 display_name: pinewood power_status: 0 physical_address: 0x2000 port_id: 0
01-07 03:34:27.752   929   929 D HDMI    :   Device features: record_tv_screen: N set_osd_string: N deck_control: N set_audio_rate: N arc_tx: N arc_rx: N set_audio_volume_level: N 
01-07 03:34:27.800   929  1546 D CompatibilityChangeReporter: Compat change id reported: 168419799; UID 10044; state: DISABLED
01-07 03:34:27.805   929  1546 D CompatibilityChangeReporter: Compat change id reported: 181136395; UID 7501; state: DISABLED
01-07 03:34:27.805   929  1546 D CompatibilityChangeReporter: Compat change id reported: 174042936; UID 7501; state: DISABLED
01-07 03:34:27.806   929  1546 D CompatibilityChangeReporter: Compat change id reported: 174042980; UID 7501; state: DISABLED
01-07 03:34:22.305     0     0 I [6 T1523  ..] [schedu][0x1b7e500][03: 34:27.811215] wlan: [1523:I:OSIF] scan start scan id 40962
01-07 03:34:27.835   929   967 D OomAdjuster: Not killing cached processes
01-07 03:34:27.879   929  1054 D CompatibilityChangeReporter: Compat change id reported: 194532703; UID 10024; state: DISABLED
01-07 03:34:27.884   929  1541 D CompatibilityChangeReporter: Compat change id reported: 135634846; UID 10043; state: DISABLED
01-07 03:34:27.884   929  1541 D CompatibilityChangeReporter: Compat change id reported: 177438394; UID 10043; state: DISABLED
01-07 03:34:27.884   929  1541 D CompatibilityChangeReporter: Compat change id reported: 135772972; UID 10043; state: DISABLED
01-07 03:34:27.884   929  1541 D CompatibilityChangeReporter: Compat change id reported: 135754954; UID 10043; state: ENABLED
01-07 03:34:27.885   929   968 D CompatibilityChangeReporter: Compat change id reported: 143937733; UID 10043; state: ENABLED
01-07 03:34:27.893   929  1054 D CompatibilityChangeReporter: Compat change id reported: 135634846; UID 1000; state: DISABLED
01-07 03:34:27.893   929  1054 D CompatibilityChangeReporter: Compat change id reported: 177438394; UID 1000; state: DISABLED
01-07 03:34:27.893   929  1054 D CompatibilityChangeReporter: Compat change id reported: 135772972; UID 1000; state: DISABLED
01-07 03:34:27.893   929  1054 D CompatibilityChangeReporter: Compat change id reported: 135754954; UID 1000; state: ENABLED
01-07 03:34:27.900   929   968 I ActivityManager: Start proc 2428:com.brdgwtr.metrics.service/u0a43 for broadcast {com.brdgwtr.metrics.service/androidx.work.impl.background.systemalarm.RescheduleReceiver}
01-07 03:34:27.915   929   968 I ActivityManager: Start proc 2431:com.android.dynsystem/1000 for broadcast {com.android.dynsystem/com.android.dynsystem.BootCompletedReceiver}
01-07 03:34:27.927   331   331 I vold    : Bind mounting //data/media/0/Android/data on /mnt/user/0/emulated/0/Android/data
01-07 03:34:27.930   331   331 I vold    : Bind mounted //data/media/0/Android/data on /mnt/user/0/emulated/0/Android/data
01-07 03:34:27.930   331   331 I vold    : Bind mounting //data/media/0/Android/obb on /mnt/user/0/emulated/0/Android/obb
01-07 03:34:27.931   331   331 I vold    : Bind mounted //data/media/0/Android/obb on /mnt/user/0/emulated/0/Android/obb
01-07 03:34:27.931   331   331 I vold    : Configuring read_ahead of /mnt/user/0/emulated fuse filesystem to 256kb
01-07 03:34:27.931   331   331 I vold    : Writing 256 to /sys/class/bdi/0:63/read_ahead_kb
01-07 03:34:27.931   331   331 I vold    : Configuring max_ratio of /mnt/user/0/emulated fuse filesystem to 40
01-07 03:34:27.931   331   331 I vold    : Writing 40 to /sys/class/bdi/0:63/max_ratio
01-07 03:34:27.935   929  1105 I StorageManagerService: Mounted volume VolumeInfo{emulated;0}:
01-07 03:34:27.935   929  1105 I StorageManagerService:     type=EMULATED diskId=null partGuid= mountFlags=PRIMARY|VISIBLE_FOR_WRITE 
01-07 03:34:27.935   929  1105 I StorageManagerService:     mountUserId=0 state=MOUNTED 
01-07 03:34:27.935   929  1105 I StorageManagerService:     fsType=null fsUuid=null fsLabel=null 
01-07 03:34:27.935   929  1105 I StorageManagerService:     path=/storage/emulated internalPath=/data/media 
01-07 03:34:27.937   929  1105 I StorageSessionController: Notifying volume state changed for session with id: emulated;0
01-07 03:34:22.434     0     0 I [3 T391   ..] apexd: Deleting /metadata/apex/sessions/547696455
01-07 03:34:22.435     0     0 I [3 T391   ..] apexd: Deleting unused dm device com.android.apex.cts.shim
01-07 03:34:22.449     0     0 E [7 T391   ..] apexd: Didn't generate uevent for [com.android.apex.cts.shim] removal
01-07 03:34:22.449     0     0 W [7 T391   ..] apexd: Failed to delete dm-device com.android.apex.cts.shim
01-07 03:34:22.449     0     0 I [7 T391   ..] apexd: Deleting unused dm device com.android.appsearch
01-07 03:34:22.449     0     0 E [3 T391   ..] apexd: Didn't generate uevent for [com.android.appsearch] removal
01-07 03:34:22.450     0     0 W [3 T391   ..] apexd: Failed to delete dm-device com.android.appsearch
01-07 03:34:22.450     0     0 I [3 T391   ..] apexd: Deleting unused dm device com.android.btservices
01-07 03:34:27.971   929  1105 I StorageSessionController: Notifying volume state changed for session with id: emulated;0
01-07 03:34:27.983   929  1105 I StorageSessionController: Notifying volume state changed for session with id: emulated;0
01-07 03:34:27.988   929  1054 D CompatibilityChangeReporter: Compat change id reported: 194532703; UID 10075; state: ENABLED
01-07 03:34:27.991   929  1054 D CompatibilityChangeReporter: Compat change id reported: 168419799; UID 10075; state: DISABLED
01-07 03:34:27.999   929  1054 D CompatibilityChangeReporter: Compat change id reported: 168419799; UID 10043; state: DISABLED
01-07 03:34:28.020   929  2388 D CompatibilityChangeReporter: Compat change id reported: 161252188; UID 10057; state: DISABLED
01-07 03:34:28.023   929  2388 D CompatibilityChangeReporter: Compat change id reported: 135634846; UID 10057; state: DISABLED
01-07 03:34:28.023   929  2388 D CompatibilityChangeReporter: Compat change id reported: 177438394; UID 10057; state: DISABLED
01-07 03:34:28.023   929  2388 D CompatibilityChangeReporter: Compat change id reported: 135772972; UID 10057; state: DISABLED
01-07 03:34:28.023   929  2388 D CompatibilityChangeReporter: Compat change id reported: 135754954; UID 10057; state: ENABLED
01-07 03:34:28.024   929   968 D CompatibilityChangeReporter: Compat change id reported: 143937733; UID 10057; state: ENABLED
01-07 03:34:28.029   929  1105 D StorageManagerService: Volume emulated;0 broadcasting checking to UserHandle{0}
01-07 03:34:28.029   929  1105 D StorageManagerService: Volume emulated;0 broadcasting mounted to UserHandle{0}
01-07 03:34:28.036   929   968 I ActivityManager: Start proc 2495:com.android.music/u0a57 for service {com.android.music/com.android.music.MediaPlaybackService}
01-07 03:34:28.053   929  2388 D CompatibilityChangeReporter: Compat change id reported: 135634846; UID 1000; state: DISABLED
01-07 03:34:28.053   929  2388 D CompatibilityChangeReporter: Compat change id reported: 177438394; UID 1000; state: DISABLED
01-07 03:34:28.054   929  2388 D CompatibilityChangeReporter: Compat change id reported: 135772972; UID 1000; state: DISABLED
01-07 03:34:28.054   929  2388 D CompatibilityChangeReporter: Compat change id reported: 135754954; UID 1000; state: ENABLED
01-07 03:34:28.064   929  2388 I ActivityManager: com.android.managedprovisioning is exempt from freezer
01-07 03:34:28.064   929  2388 D CompatibilityChangeReporter: Compat change id reported: 135634846; UID 10022; state: DISABLED
01-07 03:34:28.064   929  2388 D CompatibilityChangeReporter: Compat change id reported: 177438394; UID 10022; state: DISABLED
01-07 03:34:28.064   929  2388 D CompatibilityChangeReporter: Compat change id reported: 135772972; UID 10022; state: DISABLED
01-07 03:34:28.064   929  2388 D CompatibilityChangeReporter: Compat change id reported: 135754954; UID 10022; state: ENABLED
01-07 03:34:28.069   929   968 I ActivityManager: Start proc 2512:com.android.dynsystem:dynsystem/1000 for service {com.android.dynsystem/com.android.dynsystem.DynamicSystemInstallationService}
01-07 03:34:28.070   929   968 D CompatibilityChangeReporter: Compat change id reported: 143937733; UID 10022; state: ENABLED
01-07 03:34:28.080  1336  1560 I AudioSystemCmdService: onAudioPortListUpdate ++++
01-07 03:34:28.089   929   968 I ActivityManager: Start proc 2527:com.android.managedprovisioning/u0a22 for broadcast {com.android.managedprovisioning/com.android.managedprovisioning.BootReminder}
01-07 03:34:28.093   929   945 D CompatibilityChangeReporter: Compat change id reported: 168419799; UID 10057; state: DISABLED
01-07 03:34:22.747     0     0 E [7 T2557  ..] [secmon]: DBG=======> dolby_fw_ioctl 438 cmd:0x10 arg3=0
01-07 03:34:28.156   929  1054 D PackageManager: Instant App installer not found with android.intent.action.INSTALL_INSTANT_APP_PACKAGE
01-07 03:34:28.156   929  1054 D PackageManager: Clear ephemeral installer activity
01-07 03:34:22.748     0     0 E [7 T2557  ..] [secmon]: DBG=======> dolby_fw_ioctl 438 cmd:0x20 arg3=0
01-07 03:34:28.193   929  1054 D CompatibilityChangeReporter: Compat change id reported: 168419799; UID 10022; state: DISABLED
01-07 03:34:28.268   929  2388 D CompatibilityChangeReporter: Compat change id reported: 194532703; UID 10046; state: ENABLED
01-07 03:34:28.333   929   945 D CompatibilityChangeReporter: Compat change id reported: 161145287; UID 10044; state: DISABLED
01-07 03:34:28.381   929  1054 I DynamicSystemService: isInstalled(): false
01-07 03:34:28.405   929   945 D CompatibilityChangeReporter: Compat change id reported: 149924527; UID 10075; state: ENABLED
01-07 03:34:28.406   929   945 D CompatibilityChangeReporter: Compat change id reported: 132649864; UID 10075; state: DISABLED
01-07 03:34:28.408   929   945 D CompatibilityChangeReporter: Compat change id reported: 182734110; UID 10075; state: ENABLED
01-07 03:34:22.922     0     0 E [5 T2557  ..] [secmon]: DBG=======> dolby_fw_ioctl 438 cmd:0x30 arg3=0
01-07 03:34:22.962     0     0 E [5 T2557  ..] [secmon]: DBG=======> dolby_fw_verify 231 DOLBY_FW_VERIFY_CRITICAL arg2=768 arg3=0
01-07 03:34:23.052     0     0 I         : [0 T1639  ..] asoc-aml-card auge_sound: TDM[1] Playback stop
01-07 03:34:23.052     0     0 D [0 T1639  ..] [snd-soc]: spdif_a is set to disable
01-07 03:34:23.052     0     0 D [0 T1639  ..] [snd-soc]: spdif_b is set to disable
01-07 03:34:28.577   929  1054 D CompatibilityChangeReporter: Compat change id reported: 168419799; UID 10018; state: DISABLED
01-07 03:34:28.580   929  1545 D CompatibilityChangeReporter: Compat change id reported: 161145287; UID 10018; state: DISABLED
01-07 03:34:28.583   929  1541 I ActivityManager: com.android.packageinstaller is exempt from freezer
01-07 03:34:28.583   929  1541 D CompatibilityChangeReporter: Compat change id reported: 135634846; UID 10025; state: DISABLED
01-07 03:34:28.584   929  1541 D CompatibilityChangeReporter: Compat change id reported: 177438394; UID 10025; state: DISABLED
01-07 03:34:28.584   929  1541 D CompatibilityChangeReporter: Compat change id reported: 135772972; UID 10025; state: DISABLED
01-07 03:34:28.584   929  1541 D CompatibilityChangeReporter: Compat change id reported: 135754954; UID 10025; state: ENABLED
01-07 03:34:28.584   929   968 D CompatibilityChangeReporter: Compat change id reported: 143937733; UID 10025; state: ENABLED
01-07 03:34:28.596   929  1541 D CompatibilityChangeReporter: Compat change id reported: 161145287; UID 10043; state: DISABLED
01-07 03:34:28.600   929  1735 D CompatibilityChangeReporter: Compat change id reported: 135634846; UID 1000; state: DISABLED
01-07 03:34:28.600   929  1735 D CompatibilityChangeReporter: Compat change id reported: 177438394; UID 1000; state: DISABLED
01-07 03:34:28.600   929  1735 D CompatibilityChangeReporter: Compat change id reported: 135772972; UID 1000; state: DISABLED
01-07 03:34:28.600   929  1735 D CompatibilityChangeReporter: Compat change id reported: 135754954; UID 1000; state: ENABLED
01-07 03:34:28.602   929   968 I ActivityManager: Start proc 2691:com.android.packageinstaller/u0a25 for broadcast {com.android.packageinstaller/com.android.packageinstaller.TemporaryFileManager}
01-07 03:34:28.629   929   968 I ActivityManager: Start proc 2707:com.android.localtransport/1000 for service {com.android.localtransport/com.android.localtransport.LocalTransportService}
01-07 03:34:28.631   929  1541 D CompatibilityChangeReporter: Compat change id reported: 168419799; UID 10025; state: DISABLED
01-07 03:34:28.638   929  1541 D CompatibilityChangeReporter: Compat change id reported: 168419799; UID 10051; state: DISABLED
01-07 03:34:23.129     0     0 W [2 T2690  d.] audit_log_lost: 5 callbacks suppressed
01-07 03:34:23.129     0     0 W [2 T2690  ..] audit: audit_lost=7124 audit_rate_limit=5 audit_backlog_limit=64
01-07 03:34:23.129     0     0 E [2 T2690  ..] audit: rate limit exceeded
01-07 03:34:23.197     0     0 I [7 T531   ..] [snd-soc]: ss_free() samesrc 3, lvl 1
01-07 03:34:23.197     0     0 I [7 T531   ..] [snd-soc]: ss_free() samesrc 4, lvl 2
01-07 03:34:23.197     0     0 I [7 T531   ..] audio_ddr_mngr: frddrs[0] released by device fe330000.audiobus:tdm@1
01-07 03:34:23.205     0     0 I [5 T531   ..] [debug]: audio_utils_release
01-07 03:34:28.714   929  2388 D CompatibilityChangeReporter: Compat change id reported: 168419799; UID 1000; state: DISABLED
01-07 03:34:23.213     0     0 I [2 T88    ..] binder: undelivered death notification, b400007a74c38fe0
01-07 03:34:28.790   929   929 I TransportConnection: LocalTransportService#0: Notifying [TransportManager.registerTransport()] transport = BackupTransportClient
01-07 03:34:28.815   929  1735 D BackupTransportManager: Transport com.android.localtransport/.LocalTransportService registered
01-07 03:34:28.815   929  1735 D BackupManagerService: [UserID:0] Transport com.android.localtransport/.LocalTransport registered 3220ms after first request (delay = 3000ms)
01-07 03:34:28.821   929  1735 I BackupManagerService: [UserID:0] Found 1 stale backup journal(s), scheduling.
01-07 03:34:28.824   929  1735 I BackupManagerService: [UserID:0] Stale backup journals: Scheduled 5 package(s) total
01-07 03:34:28.986   929  1374 D CompatibilityChangeReporter: Compat change id reported: 168419799; UID 10080; state: DISABLED
01-07 03:34:28.995   929  1374 D CompatibilityChangeReporter: Compat change id reported: 194532703; UID 10051; state: ENABLED
01-07 03:34:28.999   929  1267 D CompatibilityChangeReporter: Compat change id reported: 194532703; UID 10043; state: DISABLED
01-07 03:34:29.073   929  1374 D CompatibilityChangeReporter: Compat change id reported: 194532703; UID 10080; state: DISABLED
01-07 03:34:29.134   929  1374 D CompatibilityChangeReporter: Compat change id reported: 168419799; UID 10021; state: DISABLED
01-07 03:34:29.147   929  1267 D CompatibilityChangeReporter: Compat change id reported: 171306433; UID 10021; state: ENABLED
01-07 03:34:29.147   929  1267 D CompatibilityChangeReporter: Compat change id reported: 218533173; UID 10021; state: ENABLED
01-07 03:34:29.150   929  1374 D CompatibilityChangeReporter: Compat change id reported: 161145287; UID 10051; state: DISABLED
01-07 03:34:29.173   929  1267 D CompatibilityChangeReporter: Compat change id reported: 194532703; UID 10018; state: ENABLED
01-07 03:34:29.197   929  1267 D CompatibilityChangeReporter: Compat change id reported: 135634846; UID 10028; state: DISABLED
01-07 03:34:29.197   929  1267 D CompatibilityChangeReporter: Compat change id reported: 177438394; UID 10028; state: DISABLED
01-07 03:34:29.198   929  1267 D CompatibilityChangeReporter: Compat change id reported: 135772972; UID 10028; state: DISABLED
01-07 03:34:29.198   929  1267 D CompatibilityChangeReporter: Compat change id reported: 135754954; UID 10028; state: ENABLED
01-07 03:34:29.198   929   968 D CompatibilityChangeReporter: Compat change id reported: 143937733; UID 10028; state: ENABLED
01-07 03:34:29.218   929   968 I ActivityManager: Start proc 2807:com.android.providers.tv/u0a28 for broadcast {com.android.providers.tv/com.android.providers.tv.BootCompletedReceiver}
01-07 03:34:23.718     0     0 I [4 T2769  ..] [debug]: audio_utils_open
01-07 03:34:23.718     0     0 I [4 T2769  ..] [debug]: audio_utils_release
01-07 03:34:29.230   929  1147 D CompatibilityChangeReporter: Compat change id reported: 135634846; UID 10026; state: DISABLED
01-07 03:34:29.232   929  1147 D CompatibilityChangeReporter: Compat change id reported: 177438394; UID 10026; state: DISABLED
01-07 03:34:29.232   929  1147 D CompatibilityChangeReporter: Compat change id reported: 135772972; UID 10026; state: DISABLED
01-07 03:34:29.232   929  1147 D CompatibilityChangeReporter: Compat change id reported: 135754954; UID 10026; state: ENABLED
01-07 03:34:29.233   929   968 D CompatibilityChangeReporter: Compat change id reported: 143937733; UID 10026; state: ENABLED
01-07 03:34:23.735     0     0 I [4 T2769  ..] [debug]: audio_utils_open
01-07 03:34:23.735     0     0 I [4 T2769  ..] [debug]: audio_utils_ioctl SET_LIB_SIZE 5499312
01-07 03:34:23.735     0     0 I [4 T2769  ..] [debug]: audio_utils_ioctl WRITE_LIB
01-07 03:34:23.735     0     0 E [4 T2769  ..] [debug]: audio_utils_ioctl have written
01-07 03:34:23.735     0     0 I [4 T2769  ..] [debug]: audio_utils_release
01-07 03:34:23.738     0     0 I [4 T2769  ..] [debug]: audio_utils_open
01-07 03:34:23.744     0     0 I [4 T2769  ..] [debug]: audio_utils_release
01-07 03:34:29.251   929   968 I ActivityManager: Start proc 2817:com.android.externalstorage/u0a26 for broadcast {com.android.externalstorage/com.android.externalstorage.MountReceiver}
01-07 03:34:23.749     0     0 I         : [4 T2769  ..] hdmitx21_ext_set_audio_output enable:0
01-07 03:34:29.276   929  1457 D CompatibilityChangeReporter: Compat change id reported: 168419799; UID 10028; state: DISABLED
01-07 03:34:29.331   929  1374 D CompatibilityChangeReporter: Compat change id reported: 168419799; UID 10026; state: DISABLED
01-07 03:34:29.361  1336  1562 W ContextImpl: Calling a method in the system process without a qualified user: android.app.ContextImpl.sendBroadcast:1189 android.content.ContextWrapper.sendBroadcast:500 com.droidlogic.audioservice.services.AudioSystemCmdService$1.onUEvent:184 com.droidlogic.UEventObserver$UEventThread.sendEvent:213 com.droidlogic.UEventObserver$UEventThread.run:190 
01-07 03:34:23.855     0     0 I [6 T2738  ..] [snd-soc]: update audio atmos flag! audio_type = 0
01-07 03:34:23.885     0     0 I [7 T1523  ..] [schedu][0x1cfff71][03: 34:29.390849] wlan: [1523:I:OSIF] vdev 0, scan id 40962 type COMPLETED(1) reason COMPLETED(1) scan found 72 bss
01-07 03:34:29.404  1336  1562 W ContextImpl: Calling a method in the system process without a qualified user: android.app.ContextImpl.sendBroadcast:1189 android.content.ContextWrapper.sendBroadcast:500 com.droidlogic.audioservice.services.AudioSystemCmdService$1.onUEvent:184 com.droidlogic.UEventObserver$UEventThread.sendEvent:213 com.droidlogic.UEventObserver$UEventThread.run:190 
01-07 03:34:23.899     0     0 I [6 T2769  ..] [snd-soc]: update audio atmos flag! audio_type = 0
01-07 03:34:29.456   929  1457 D CompatibilityChangeReporter: Compat change id reported: 168419799; UID 10066; state: DISABLED
01-07 03:34:29.470   929  2388 D CompatibilityChangeReporter: Compat change id reported: 168419799; UID 1000; state: DISABLED
01-07 03:34:23.997     0     0 I [6 T2738  ..] [snd-soc]: dd+ drc mode : RF
01-07 03:34:23.997     0     0 I [6 T2738  ..] [snd-soc]: dd+ drc high cut scale : 0%
01-07 03:34:23.997     0     0 I [6 T2738  ..] [snd-soc]: dd+ drc low boost scale : 0%
01-07 03:34:23.997     0     0 I [6 T2738  ..] [debug]: audio_utils_open
01-07 03:34:23.997     0     0 I [6 T2738  ..] [debug]: audio_utils_release
01-07 03:34:23.999     0     0 I [6 T2738  ..] [debug]: audio_utils_open
01-07 03:34:24.004     0     0 E [6 T2738  ..] [secmon]: DBG=======> dolby_fw_ioctl 438 cmd:0x40 arg3=0
01-07 03:34:24.036     0     0 E [6 T2738  ..] [secmon]: DBG=======> dolby_fw_ioctl 438 cmd:0x41 arg3=0
01-07 03:34:24.036     0     0 E [6 T2738  ..] [secmon]: DBG=======> dolby_fw_verify_lib_resp 296 DOLBY_FW_VERIFY_LIB_RESP arg3=0
01-07 03:34:24.038     0     0 E [6 T2738  ..] [secmon]: DBG=======> dolby_fw_ioctl 438 cmd:0x50 arg3=0
01-07 03:34:29.546   929   945 D CompatibilityChangeReporter: Compat change id reported: 168419799; UID 10043; state: DISABLED
01-07 03:34:24.039     0     0 E [6 T2738  ..] [secmon]: DBG=======> dolby_fw_ioctl 438 cmd:0x60 arg3=0
01-07 03:34:24.039     0     0 E [6 T2738  ..] [secmon]: DBG=======> dolby_fw_critical_query 389 DOLBY_FW_CRITICAL_DATA_QUERY arg3=0
01-07 03:34:29.550   929   945 I ActivityManager: Background started FGS: Allowed [callingPackage: com.brdgwtr.metrics.service; callingUid: 10043; uidState: RCVR; intent: Intent { cmp=com.brdgwtr.metrics.service/.MetricsService }; code:TIME_CHANGED; tempAllowListReason:<broadcast:1000:android.intent.action.TIME_SET,reason:,reasonCode:TIME_CHANGED,duration:20000,callingUid:1000>; targetSdkVersion:30; callerTargetSdkVersion:30; startForegroundCount:0; bindFromPackage:null]
01-07 03:34:24.056     0     0 I [6 T2738  ..] [snd-soc]: dd+ drc mode : RF
01-07 03:34:24.056     0     0 I [6 T2738  ..] [snd-soc]: dd+ drc high cut scale : 0%
01-07 03:34:24.056     0     0 I [6 T2738  ..] [snd-soc]: dd+ drc low boost scale : 0%
01-07 03:34:24.075     0     0 I [3 T2884  ..] audio_ddr_mngr: frddrs[0] registered by device fe330000.audiobus:tdm@1
01-07 03:34:24.075     0     0 I [3 T2884  ..] [snd-soc]: aml_audio_reset, reg 0xa, shift 9, use_vadtop 0
01-07 03:34:24.075     0     0 I [3 T2884  ..] [snd-soc]: aml_audio_reset, reg 0xa, shift 13, use_vadtop 0
01-07 03:34:24.075     0     0 D [3 T2884  ..] [snd-soc]: spdif_a fifo ctrl, frddr:0 type:1, 16 bits, chmask 0x3, swap 0x10
01-07 03:34:24.075     0     0 D [3 T2884  ..] iec_info: rate: 48000, codec_type:0x0, channel status L:0x2000100, R:0x2000100
01-07 03:34:24.075     0     0 I         : [3 T2884  ..] err chn msk, must larger than 0
01-07 03:34:24.075     0     0 I         : [3 T2884  ..] hdmitx_notify_callback_a[3794] aud_src_if is 0, aud_output_ch is 0x0, reset aud_output_ch as 0
01-07 03:34:24.075     0     0 D [3 T2884  ..] [snd-soc]: spdif_b fifo ctrl, frddr:0 type:1, 16 bits, chmask 0x3, swap 0x10
01-07 03:34:24.075     0     0 D [3 T2884  ..] iec_info: rate: 48000, codec_type:0x0, channel status L:0x2000100, R:0x2000100
01-07 03:34:24.091     0     0 I         : [3 T2884  ..] asoc-aml-card auge_sound: TDM[1] Playback enable
01-07 03:34:24.091     0     0 D [3 T2884  ..] [snd-soc]: spdif_a is set to enable
01-07 03:34:24.091     0     0 D [3 T2884  ..] [snd-soc]: spdif_b is set to enable
01-07 03:34:24.093     0     0 W [7 T441   ..] printk: binder:391_1: 142 output lines suppressed due to ratelimiting
01-07 03:34:29.612   929  2388 W ActivityManager: Foreground service started from background can not have location/camera/microphone access: service com.brdgwtr.metrics.service/.MetricsService
01-07 03:34:29.617   929   967 I ActivityManager: Deferring FGS notification in legacy app com.brdgwtr.metrics.service/u0a43 : Notification(channel=MetricsService shortcut=null contentView=null vibrate=null sound=null defaults=0x0 flags=0x42 color=0x00000000 vis=PRIVATE)
01-07 03:34:29.628   929  1457 W ActivityManager: Foreground service started from background can not have location/camera/microphone access: service com.brdgwtr.metrics.service/.MetricsService
01-07 03:34:29.635   929  2854 W ActivityManager: Foreground service started from background can not have location/camera/microphone access: service com.brdgwtr.metrics.service/.MetricsService
01-07 03:34:29.645   929   945 I ActivityManager: com.android.shell is exempt from freezer
01-07 03:34:29.645   929   945 D CompatibilityChangeReporter: Compat change id reported: 135634846; UID 2000; state: DISABLED
01-07 03:34:29.645   929   945 D CompatibilityChangeReporter: Compat change id reported: 177438394; UID 2000; state: DISABLED
01-07 03:34:29.645   929   945 D CompatibilityChangeReporter: Compat change id reported: 135772972; UID 2000; state: DISABLED
01-07 03:34:29.645   929   945 D CompatibilityChangeReporter: Compat change id reported: 135754954; UID 2000; state: ENABLED
01-07 03:34:29.657   929   968 I ActivityManager: Start proc 2905:com.android.shell/2000 for broadcast {com.android.shell/com.android.shell.HeapDumpReceiver}
01-07 03:34:29.693   929  2388 D CompatibilityChangeReporter: Compat change id reported: 168419799; UID 2000; state: DISABLED
01-07 03:34:24.194     0     0 I         : [3 T8     ..] [TEE] E/TA:   OPTEE_PlatformInit:47
01-07 03:34:24.194     0     0 I         : [3 T8     ..] [TEE] MM-module-name:Widevine TA,Version:17.1-r1.14-ga3ab5eb-p1(build:1509)
01-07 03:34:24.194     0     0 I         : [3 T8     ..] [TEE] E/TA:   OPTEE_MigrateGenerationNumPersistentData:399 migrate read GenerationNum from reefs error. NOT ERROR
01-07 03:34:24.226     0     0 W [5 T2924  ..] audit: audit_lost=9263 audit_rate_limit=5 audit_backlog_limit=64
01-07 03:34:24.226     0     0 E [5 T2924  ..] audit: rate limit exceeded
01-07 03:34:29.816   929  1457 D CompatibilityChangeReporter: Compat change id reported: 168419799; UID 10024; state: DISABLED
01-07 03:34:29.869   929  1457 D CompatibilityChangeReporter: Compat change id reported: 135634846; UID 10047; state: DISABLED
01-07 03:34:29.869   929  1457 D CompatibilityChangeReporter: Compat change id reported: 177438394; UID 10047; state: DISABLED
01-07 03:34:29.869   929  1457 D CompatibilityChangeReporter: Compat change id reported: 135772972; UID 10047; state: DISABLED
01-07 03:34:29.869   929  1457 D CompatibilityChangeReporter: Compat change id reported: 135754954; UID 10047; state: ENABLED
01-07 03:34:29.869   929   968 D CompatibilityChangeReporter: Compat change id reported: 143937733; UID 10047; state: ENABLED
01-07 03:34:29.888   929   968 I ActivityManager: Start proc 2938:com.brdgwtr.CentralMessageService/u0a47 for broadcast {com.brdgwtr.CentralMessageService/com.brdgwtr.cms.receivers.OnBootReceiver}
01-07 03:34:29.921   929  2388 D CompatibilityChangeReporter: Compat change id reported: 168419799; UID 10047; state: DISABLED
01-07 03:34:29.938   929  2388 W OverlayManager: service 'idmap' died
01-07 03:34:30.190   929   945 W ActivityManager: Foreground service started from background can not have location/camera/microphone access: service com.brdgwtr.metrics.service/.MetricsService
01-07 03:34:30.191   929  1457 I ActivityManager: Background started FGS: Allowed [callingPackage: com.brdgwtr.CentralMessageService; callingUid: 10047; uidState: RCVR; intent: Intent { act=CMS_START cmp=com.brdgwtr.CentralMessageService/com.brdgwtr.cms.CentralMessageService }; code:BOOT_COMPLETED; tempAllowListReason:<broadcast:1000:android.intent.action.BOOT_COMPLETED,reason:,reasonCode:BOOT_COMPLETED,duration:20000,callingUid:1000>; targetSdkVersion:34; callerTargetSdkVersion:34; startForegroundCount:0; bindFromPackage:null]
01-07 03:34:30.198   929   945 D CompatibilityChangeReporter: Compat change id reported: 168419799; UID 10044; state: DISABLED
01-07 03:34:30.226   929   945 I ActivityManager: Background started FGS: Allowed [callingPackage: com.brdgwtr.dms; callingUid: 10044; uidState: BFGS; intent: Intent { cmp=com.brdgwtr.dms/.DeviceMonitorService }; code:PROC_STATE_BFGS; tempAllowListReason:<broadcast:1000:android.intent.action.BOOT_COMPLETED,reason:,reasonCode:BOOT_COMPLETED,duration:20000,callingUid:1000>; targetSdkVersion:30; callerTargetSdkVersion:30; startForegroundCount:0; bindFromPackage:null]
01-07 03:34:30.260   929  2388 W ActivityManager: Foreground service started from background can not have location/camera/microphone access: service com.brdgwtr.dms/.DeviceMonitorService
01-07 03:34:30.261   929   967 I ActivityManager: Deferring FGS notification in legacy app com.brdgwtr.dms/u0a44 : Notification(channel=DeviceMonitorService shortcut=null contentView=null vibrate=null sound=null defaults=0x0 flags=0x42 color=0x00000000 vis=PRIVATE)
01-07 03:34:30.325   929  1457 W ActivityManager: Foreground service started from background can not have location/camera/microphone access: service com.brdgwtr.CentralMessageService/com.brdgwtr.cms.CentralMessageService
01-07 03:34:30.337   929  1457 I ActivityManager: Background started FGS: Allowed [callingPackage: com.brdgwtr.dms; callingUid: 10044; uidState: FGS ; intent: Intent { cmp=com.brdgwtr.dms/com.brdgwtr.pdss.PdsService }; code:PROC_STATE_FGS; tempAllowListReason:<broadcast:1000:android.intent.action.BOOT_COMPLETED,reason:,reasonCode:BOOT_COMPLETED,duration:20000,callingUid:1000>; targetSdkVersion:30; callerTargetSdkVersion:30; startForegroundCount:0; bindFromPackage:null]
01-07 03:34:30.338   929  1457 D CompatibilityChangeReporter: Compat change id reported: 135634846; UID 10044; state: DISABLED
01-07 03:34:30.339   929  1457 D CompatibilityChangeReporter: Compat change id reported: 177438394; UID 10044; state: DISABLED
01-07 03:34:30.339   929  1457 D CompatibilityChangeReporter: Compat change id reported: 135772972; UID 10044; state: DISABLED
01-07 03:34:30.339   929  1457 D CompatibilityChangeReporter: Compat change id reported: 135754954; UID 10044; state: ENABLED
01-07 03:34:30.340   929   968 D CompatibilityChangeReporter: Compat change id reported: 143937733; UID 10044; state: ENABLED
01-07 03:34:30.346   929   945 W ActivityManager: Foreground service started from background can not have location/camera/microphone access: service com.brdgwtr.metrics.service/.MetricsService
01-07 03:34:30.352  2100  2100 W Looper  : Slow dispatch took 2141ms main h=android.os.Handler c=AwaitContinuation(DispatchedContinuation[Dispatchers.Main, Continuation at com.sonos.coroutines.flow.DerivedStateFlow$collect$2.invokeSuspend(DerivedStateFlow.kt:32)@2e92d10]){Completed}@3634009 m=0
01-07 03:34:30.356  2100  2100 W Looper  : Slow delivery took 2143ms main h=android.os.Handler c=AwaitContinuation(DispatchedContinuation[Dispatchers.Main, Continuation at com.sonos.coroutines.flow.DerivedStateFlow$collect$2.invokeSuspend(DerivedStateFlow.kt:32)@ebb320e]){Completed}@3c8c42f m=0
01-07 03:34:30.356   929   968 I ActivityManager: Start proc 3021:com.brdgwtr.dms:pdssService/u0a44 for service {com.brdgwtr.dms/com.brdgwtr.pdss.PdsService}
01-07 03:34:30.356  2100  2100 W Looper  : Drained
01-07 03:34:30.384  1336  1336 W ContextImpl: Calling a method in the system process without a qualified user: android.app.ContextImpl.startService:1863 android.content.ContextWrapper.startService:817 android.content.ContextWrapper.startService:817 com.droidlogic.AiPqReceiver.onReceive:31 android.app.ActivityThread.handleReceiver:4310 
01-07 03:34:30.393   929  1374 D CompatibilityChangeReporter: Compat change id reported: 135634846; UID 1000; state: DISABLED
01-07 03:34:30.393   929  1374 D CompatibilityChangeReporter: Compat change id reported: 177438394; UID 1000; state: DISABLED
01-07 03:34:30.394   929  1374 D CompatibilityChangeReporter: Compat change id reported: 135772972; UID 1000; state: DISABLED
01-07 03:34:30.394   929  1374 D CompatibilityChangeReporter: Compat change id reported: 135754954; UID 1000; state: ENABLED
01-07 03:34:30.414   929   968 I ActivityManager: Start proc 3048:com.droidlogic.tv.settings/1000 for broadcast {com.droidlogic.tv.settings/com.droidlogic.tv.settings.BootReceiver}
01-07 03:34:30.497   929  2388 D CompatibilityChangeReporter: Compat change id reported: 161145287; UID 10047; state: DISABLED
01-07 03:34:30.511   929   967 I ActivityManager: reportOnUserCompletedEvent(0): stored=10, eligible=111
01-07 03:34:30.511   929   967 D SystemServerTimingAsync: ssm.CompletedEventUser-0
01-07 03:34:30.511   929   967 I SystemServiceManager: Calling onCompletedEventUser 0
01-07 03:34:30.512   929  3084 D SystemServerTimingAsync: ssm.onCompletedEventUser-0_{|Unlocked|}_com.android.server.security.FileIntegrityService
01-07 03:34:30.512   929  3084 V SystemServerTimingAsync: ssm.onCompletedEventUser-0_{|Unlocked|}_com.android.server.security.FileIntegrityService took to complete: 0ms
01-07 03:34:30.512   929  3084 D SystemServerTimingAsync: ssm.onCompletedEventUser-0_{|Unlocked|}_com.android.server.uri.UriGrantsManagerService$Lifecycle
01-07 03:34:30.512   929  3084 V SystemServerTimingAsync: ssm.onCompletedEventUser-0_{|Unlocked|}_com.android.server.uri.UriGrantsManagerService$Lifecycle took to complete: 0ms
01-07 03:34:30.512   929  3084 D SystemServerTimingAsync: ssm.onCompletedEventUser-0_{|Unlocked|}_com.android.server.powerstats.PowerStatsService
01-07 03:34:30.512   929  3084 V SystemServerTimingAsync: ssm.onCompletedEventUser-0_{|Unlocked|}_com.android.server.powerstats.PowerStatsService took to complete: 0ms
01-07 03:34:30.512   929  3086 D SystemServerTimingAsync: ssm.onCompletedEventUser-0_{|Unlocked|}_com.android.server.os.DeviceIdentifiersPolicyService
01-07 03:34:30.512   929  3084 D SystemServerTimingAsync: ssm.onCompletedEventUser-0_{|Unlocked|}_com.android.server.wm.ActivityTaskManagerService$Lifecycle
01-07 03:34:30.512   929  3086 V SystemServerTimingAsync: ssm.onCompletedEventUser-0_{|Unlocked|}_com.android.server.os.DeviceIdentifiersPolicyService took to complete: 0ms
01-07 03:34:30.513   929  3084 V SystemServerTimingAsync: ssm.onCompletedEventUser-0_{|Unlocked|}_com.android.server.wm.ActivityTaskManagerService$Lifecycle took to complete: 0ms
01-07 03:34:30.513   929  3084 D SystemServerTimingAsync: ssm.onCompletedEventUser-0_{|Unlocked|}_com.android.server.pm.DataLoaderManagerService
01-07 03:34:30.513   929  3085 D SystemServerTimingAsync: ssm.onCompletedEventUser-0_{|Unlocked|}_com.android.server.pm.Installer
01-07 03:34:30.513   929  3085 V SystemServerTimingAsync: ssm.onCompletedEventUser-0_{|Unlocked|}_com.android.server.pm.Installer took to complete: 0ms
01-07 03:34:30.513   929  3086 D SystemServerTimingAsync: ssm.onCompletedEventUser-0_{|Unlocked|}_com.android.server.am.ActivityManagerService$Lifecycle
01-07 03:34:30.513   929  3084 V SystemServerTimingAsync: ssm.onCompletedEventUser-0_{|Unlocked|}_com.android.server.pm.DataLoaderManagerService took to complete: 0ms
01-07 03:34:30.513   929  3086 V SystemServerTimingAsync: ssm.onCompletedEventUser-0_{|Unlocked|}_com.android.server.am.ActivityManagerService$Lifecycle took to complete: 0ms
01-07 03:34:30.513   929  3085 D SystemServerTimingAsync: ssm.onCompletedEventUser-0_{|Unlocked|}_com.android.server.power.PowerManagerService
01-07 03:34:30.513   929  3085 V SystemServerTimingAsync: ssm.onCompletedEventUser-0_{|Unlocked|}_com.android.server.power.PowerManagerService took to complete: 0ms
01-07 03:34:30.513   929  3085 D SystemServerTimingAsync: ssm.onCompletedEventUser-0_{|Unlocked|}_com.android.server.recoverysystem.RecoverySystemService$Lifecycle
01-07 03:34:30.513   929  3085 V SystemServerTimingAsync: ssm.onCompletedEventUser-0_{|Unlocked|}_com.android.server.recoverysystem.RecoverySystemService$Lifecycle took to complete: 0ms
01-07 03:34:30.513   929  3086 D SystemServerTimingAsync: ssm.onCompletedEventUser-0_{|Unlocked|}_com.android.server.power.hint.HintManagerService
01-07 03:34:30.513   929  3084 D SystemServerTimingAsync: ssm.onCompletedEventUser-0_{|Unlocked|}_com.android.server.power.ThermalManagerService
01-07 03:34:30.513   929  3085 D SystemServerTimingAsync: ssm.onCompletedEventUser-0_{|Unlocked|}_com.android.server.lights.LightsService
01-07 03:34:30.513   929  3085 V SystemServerTimingAsync: ssm.onCompletedEventUser-0_{|Unlocked|}_com.android.server.lights.LightsService took to complete: 0ms
01-07 03:34:30.513   929  3085 D SystemServerTimingAsync: ssm.onCompletedEventUser-0_{|Unlocked|}_com.android.server.display.DisplayManagerService
01-07 03:34:30.513   929  3085 V SystemServerTimingAsync: ssm.onCompletedEventUser-0_{|Unlocked|}_com.android.server.display.DisplayManagerService took to complete: 0ms
01-07 03:34:30.513   929  3084 V SystemServerTimingAsync: ssm.onCompletedEventUser-0_{|Unlocked|}_com.android.server.power.ThermalManagerService took to complete: 0ms
01-07 03:34:30.513   929  3086 V SystemServerTimingAsync: ssm.onCompletedEventUser-0_{|Unlocked|}_com.android.server.power.hint.HintManagerService took to complete: 0ms
01-07 03:34:30.513   929  3085 D SystemServerTimingAsync: ssm.onCompletedEventUser-0_{|Unlocked|}_com.android.server.pm.verify.domain.DomainVerificationService
01-07 03:34:30.514   929  3084 D SystemServerTimingAsync: ssm.onCompletedEventUser-0_{|Unlocked|}_com.android.server.pm.PackageInstallerService$Lifecycle
01-07 03:34:30.514   929  3084 V SystemServerTimingAsync: ssm.onCompletedEventUser-0_{|Unlocked|}_com.android.server.pm.PackageInstallerService$Lifecycle took to complete: 0ms
01-07 03:34:30.514   929  3084 D SystemServerTimingAsync: ssm.onCompletedEventUser-0_{|Unlocked|}_com.android.server.om.OverlayManagerService
01-07 03:34:30.514   929  3084 V SystemServerTimingAsync: ssm.onCompletedEventUser-0_{|Unlocked|}_com.android.server.om.OverlayManagerService took to complete: 0ms
01-07 03:34:30.514   929  3084 D SystemServerTimingAsync: ssm.onCompletedEventUser-0_{|Unlocked|}_com.android.server.resources.ResourcesManagerService
01-07 03:34:30.514   929  3084 V SystemServerTimingAsync: ssm.onCompletedEventUser-0_{|Unlocked|}_com.android.server.resources.ResourcesManagerService took to complete: 0ms
01-07 03:34:30.514   929  3084 D SystemServerTimingAsync: ssm.onCompletedEventUser-0_{|Unlocked|}_com.android.server.sensorprivacy.SensorPrivacyService
