01-06 02:48:59.104   944   944 D SystemServerTiming: OnBootPhase_480_com.android.server.content.ContentService$Lifecycle
01-06 02:48:59.104   944   944 V SystemServerTiming: OnBootPhase_480_com.android.server.content.ContentService$Lifecycle took to complete: 0ms
01-06 02:48:59.104   944   944 D SystemServerTiming: OnBootPhase_480_com.android.server.DropBoxManagerService
01-06 02:48:59.104   944   944 V SystemServerTiming: OnBootPhase_480_com.android.server.DropBoxManagerService took to complete: 0ms
01-06 02:48:59.104   944   944 D SystemServerTiming: OnBootPhase_480_com.android.role.RoleService
01-06 02:48:59.104   944   944 V SystemServerTiming: OnBootPhase_480_com.android.role.RoleService took to complete: 0ms
01-06 02:48:59.104   944   944 D SystemServerTiming: OnBootPhase_480_com.android.server.vibrator.VibratorManagerService$Lifecycle
01-06 02:48:59.104   944   944 V SystemServerTiming: OnBootPhase_480_com.android.server.vibrator.VibratorManagerService$Lifecycle took to complete: 0ms
01-06 02:48:59.104   944   944 D SystemServerTiming: OnBootPhase_480_com.android.server.tare.InternalResourceService
01-06 02:48:59.104   944   944 V SystemServerTiming: OnBootPhase_480_com.android.server.tare.InternalResourceService took to complete: 0ms
01-06 02:48:59.104   944   944 D SystemServerTiming: OnBootPhase_480_com.android.server.alarm.AlarmManagerService
01-06 02:48:59.104   944   944 V SystemServerTiming: OnBootPhase_480_com.android.server.alarm.AlarmManagerService took to complete: 0ms
01-06 02:48:59.104   944   944 D SystemServerTiming: OnBootPhase_480_com.android.server.devicestate.DeviceStateManagerService
01-06 02:48:59.104   944   944 V SystemServerTiming: OnBootPhase_480_com.android.server.devicestate.DeviceStateManagerService took to complete: 0ms
01-06 02:48:59.104   944   944 D SystemServerTiming: OnBootPhase_480_com.android.server.bluetooth.BluetoothService
01-06 02:48:59.104   944   944 V SystemServerTiming: OnBootPhase_480_com.android.server.bluetooth.BluetoothService took to complete: 0ms
01-06 02:48:59.104   944   944 D SystemServerTiming: OnBootPhase_480_com.android.server.connectivity.IpConnectivityMetrics
01-06 02:48:59.104   944   944 V SystemServerTiming: OnBootPhase_480_com.android.server.connectivity.IpConnectivityMetrics took to complete: 0ms
01-06 02:48:59.104   944   944 D SystemServerTiming: OnBootPhase_480_com.android.server.net.watchlist.NetworkWatchlistService$Lifecycle
01-06 02:48:59.104   944   944 V SystemServerTiming: OnBootPhase_480_com.android.server.net.watchlist.NetworkWatchlistService$Lifecycle took to complete: 0ms
01-06 02:48:59.104   944   944 D SystemServerTiming: OnBootPhase_480_com.android.server.PinnerService
01-06 02:48:59.104   944   944 V SystemServerTiming: OnBootPhase_480_com.android.server.PinnerService took to complete: 0ms
01-06 02:48:59.104   944   944 D SystemServerTiming: OnBootPhase_480_com.android.server.integrity.AppIntegrityManagerService
01-06 02:48:59.104   944   944 V SystemServerTiming: OnBootPhase_480_com.android.server.integrity.AppIntegrityManagerService took to complete: 0ms
01-06 02:48:59.104   944   944 D SystemServerTiming: OnBootPhase_480_com.android.server.logcat.LogcatManagerService
01-06 02:48:59.104   944   944 V SystemServerTiming: OnBootPhase_480_com.android.server.logcat.LogcatManagerService took to complete: 0ms
01-06 02:48:59.104   944   944 D SystemServerTiming: OnBootPhase_480_com.android.server.inputmethod.InputMethodManagerService$Lifecycle
01-06 02:48:59.104   944   944 V SystemServerTiming: OnBootPhase_480_com.android.server.inputmethod.InputMethodManagerService$Lifecycle took to complete: 0ms
01-06 02:48:59.104   944   944 D SystemServerTiming: OnBootPhase_480_com.android.server.accessibility.AccessibilityManagerService$Lifecycle
01-06 02:48:59.104   944   944 V SystemServerTiming: OnBootPhase_480_com.android.server.accessibility.AccessibilityManagerService$Lifecycle took to complete: 0ms
01-06 02:48:59.104   944   944 D SystemServerTiming: OnBootPhase_480_com.android.server.StorageManagerService$Lifecycle
01-06 02:48:59.104   944   944 V SystemServerTiming: OnBootPhase_480_com.android.server.StorageManagerService$Lifecycle took to complete: 0ms
01-06 02:48:59.105   944   944 D SystemServerTiming: OnBootPhase_480_com.android.server.usage.StorageStatsService$Lifecycle
01-06 02:48:59.105   944   944 V SystemServerTiming: OnBootPhase_480_com.android.server.usage.StorageStatsService$Lifecycle took to complete: 0ms
01-06 02:48:59.105   944   944 D SystemServerTiming: OnBootPhase_480_com.android.server.UiModeManagerService
01-06 02:48:59.105   944   944 V SystemServerTiming: OnBootPhase_480_com.android.server.UiModeManagerService took to complete: 0ms
01-06 02:48:59.105   944   944 D SystemServerTiming: OnBootPhase_480_com.android.server.locales.LocaleManagerService
01-06 02:48:59.105   944   944 V SystemServerTiming: OnBootPhase_480_com.android.server.locales.LocaleManagerService took to complete: 0ms
01-06 02:48:59.105   944   944 D SystemServerTiming: OnBootPhase_480_com.android.server.locksettings.LockSettingsService$Lifecycle
01-06 02:48:59.105   944   944 V SystemServerTiming: OnBootPhase_480_com.android.server.locksettings.LockSettingsService$Lifecycle took to complete: 0ms
01-06 02:48:59.105   944   944 D SystemServerTiming: OnBootPhase_480_com.android.server.PersistentDataBlockService
01-06 02:48:59.105   944   944 V SystemServerTiming: OnBootPhase_480_com.android.server.PersistentDataBlockService took to complete: 0ms
01-06 02:48:59.105   944   944 D SystemServerTiming: OnBootPhase_480_com.android.server.testharness.TestHarnessModeService
01-06 02:48:59.105   944   944 V SystemServerTiming: OnBootPhase_480_com.android.server.testharness.TestHarnessModeService took to complete: 0ms
01-06 02:48:59.105   944   944 D SystemServerTiming: OnBootPhase_480_com.android.server.oemlock.OemLockService
01-06 02:48:59.105   944   944 V SystemServerTiming: OnBootPhase_480_com.android.server.oemlock.OemLockService took to complete: 0ms
01-06 02:48:59.105   944   944 D SystemServerTiming: OnBootPhase_480_com.android.server.DeviceIdleController
01-06 02:48:59.105   944   944 V SystemServerTiming: OnBootPhase_480_com.android.server.DeviceIdleController took to complete: 0ms
01-06 02:48:59.105   944   944 D SystemServerTiming: OnBootPhase_480_com.android.server.devicepolicy.DevicePolicyManagerService$Lifecycle
01-06 02:48:59.105   944   944 V SystemServerTiming: OnBootPhase_480_com.android.server.devicepolicy.DevicePolicyManagerService$Lifecycle took to complete: 0ms
01-06 02:48:59.105   944   944 D SystemServerTiming: OnBootPhase_480_com.android.server.texttospeech.TextToSpeechManagerService
01-06 02:48:59.105   944   944 V SystemServerTiming: OnBootPhase_480_com.android.server.texttospeech.TextToSpeechManagerService took to complete: 0ms
01-06 02:48:59.105   944   944 D SystemServerTiming: OnBootPhase_480_com.android.server.ambientcontext.AmbientContextManagerService
01-06 02:48:59.105   944   944 V SystemServerTiming: OnBootPhase_480_com.android.server.ambientcontext.AmbientContextManagerService took to complete: 0ms
01-06 02:48:59.105   944   944 D SystemServerTiming: OnBootPhase_480_com.android.server.speech.SpeechRecognitionManagerService
01-06 02:48:59.105   944   944 V SystemServerTiming: OnBootPhase_480_com.android.server.speech.SpeechRecognitionManagerService took to complete: 0ms
01-06 02:48:59.105   944   944 D SystemServerTiming: OnBootPhase_480_com.android.server.searchui.SearchUiManagerService
01-06 02:48:59.105   944   944 V SystemServerTiming: OnBootPhase_480_com.android.server.searchui.SearchUiManagerService took to complete: 0ms
01-06 02:48:59.105   944   944 D SystemServerTiming: OnBootPhase_480_com.android.server.smartspace.SmartspaceManagerService
01-06 02:48:59.105   944   944 V SystemServerTiming: OnBootPhase_480_com.android.server.smartspace.SmartspaceManagerService took to complete: 0ms
01-06 02:48:59.105   944   944 D SystemServerTiming: OnBootPhase_480_com.android.server.graphics.fonts.FontManagerService$Lifecycle
01-06 02:48:59.105   944   944 V SystemServerTiming: OnBootPhase_480_com.android.server.graphics.fonts.FontManagerService$Lifecycle took to complete: 0ms
01-06 02:48:59.105   944   944 D SystemServerTiming: OnBootPhase_480_com.android.server.textservices.TextServicesManagerService$Lifecycle
01-06 02:48:59.105   944   944 V SystemServerTiming: OnBootPhase_480_com.android.server.textservices.TextServicesManagerService$Lifecycle took to complete: 0ms
01-06 02:48:59.105   944   944 D SystemServerTiming: OnBootPhase_480_com.android.server.textclassifier.TextClassificationManagerService$Lifecycle
01-06 02:48:59.106   944   944 V SystemServerTiming: OnBootPhase_480_com.android.server.textclassifier.TextClassificationManagerService$Lifecycle took to complete: 0ms
01-06 02:48:59.106   944   944 D SystemServerTiming: OnBootPhase_480_com.android.server.NetworkScoreService$Lifecycle
01-06 02:48:59.106   944   944 V SystemServerTiming: OnBootPhase_480_com.android.server.NetworkScoreService$Lifecycle took to complete: 0ms
01-06 02:48:59.106   944   944 D SystemServerTiming: OnBootPhase_480_com.android.server.NetworkStatsServiceInitializer
01-06 02:48:59.106   944   944 V SystemServerTiming: OnBootPhase_480_com.android.server.NetworkStatsServiceInitializer took to complete: 0ms
01-06 02:48:59.106   944   944 D SystemServerTiming: OnBootPhase_480_com.android.server.wifi.WifiService
01-06 02:48:59.106   944   944 V SystemServerTiming: OnBootPhase_480_com.android.server.wifi.WifiService took to complete: 0ms
01-06 02:48:59.106   944   944 D SystemServerTiming: OnBootPhase_480_com.android.server.wifi.scanner.WifiScanningService
01-06 02:48:59.106   944   944 V SystemServerTiming: OnBootPhase_480_com.android.server.wifi.scanner.WifiScanningService took to complete: 0ms
01-06 02:48:59.106   944   944 D SystemServerTiming: OnBootPhase_480_com.android.server.wifi.p2p.WifiP2pService
01-06 02:48:59.106   944   944 V SystemServerTiming: OnBootPhase_480_com.android.server.wifi.p2p.WifiP2pService took to complete: 0ms
01-06 02:48:59.106   944   944 D SystemServerTiming: OnBootPhase_480_com.android.server.ConnectivityServiceInitializer
01-06 02:48:59.106   944   944 V SystemServerTiming: OnBootPhase_480_com.android.server.ConnectivityServiceInitializer took to complete: 0ms
01-06 02:48:59.106   944   944 D SystemServerTiming: OnBootPhase_480_com.android.server.notification.NotificationManagerService
01-06 02:48:59.106   944   944 V SystemServerTiming: OnBootPhase_480_com.android.server.notification.NotificationManagerService took to complete: 0ms
01-06 02:48:59.106   944   944 D SystemServerTiming: OnBootPhase_480_com.android.server.storage.DeviceStorageMonitorService
01-06 02:48:59.106   944   944 V SystemServerTiming: OnBootPhase_480_com.android.server.storage.DeviceStorageMonitorService took to complete: 0ms
01-06 02:48:59.106   944   944 D SystemServerTiming: OnBootPhase_480_com.android.server.location.LocationManagerService$Lifecycle
01-06 02:48:59.106   944   944 V SystemServerTiming: OnBootPhase_480_com.android.server.location.LocationManagerService$Lifecycle took to complete: 0ms
01-06 02:48:59.106   944   944 D SystemServerTiming: OnBootPhase_480_com.android.server.timedetector.TimeDetectorService$Lifecycle
01-06 02:48:59.106   944   944 V SystemServerTiming: OnBootPhase_480_com.android.server.timedetector.TimeDetectorService$Lifecycle took to complete: 0ms
01-06 02:48:59.106   944   944 D SystemServerTiming: OnBootPhase_480_com.android.server.timezonedetector.TimeZoneDetectorService$Lifecycle
01-06 02:48:59.106   944   944 V SystemServerTiming: OnBootPhase_480_com.android.server.timezonedetector.TimeZoneDetectorService$Lifecycle took to complete: 0ms
01-06 02:48:59.106   944   944 D SystemServerTiming: OnBootPhase_480_com.android.server.timezonedetector.location.LocationTimeZoneManagerService$Lifecycle
01-06 02:48:59.106   944   944 V SystemServerTiming: OnBootPhase_480_com.android.server.timezonedetector.location.LocationTimeZoneManagerService$Lifecycle took to complete: 0ms
01-06 02:48:59.106   944   944 D SystemServerTiming: OnBootPhase_480_com.android.server.search.SearchManagerService$Lifecycle
01-06 02:48:59.106   944   944 V SystemServerTiming: OnBootPhase_480_com.android.server.search.SearchManagerService$Lifecycle took to complete: 0ms
01-06 02:48:59.106   944   944 D SystemServerTiming: OnBootPhase_480_com.android.server.wallpaper.WallpaperManagerService$Lifecycle
01-06 02:48:59.107   944   944 V SystemServerTiming: OnBootPhase_480_com.android.server.wallpaper.WallpaperManagerService$Lifecycle took to complete: 1ms
01-06 02:48:59.107   944   944 D SystemServerTiming: OnBootPhase_480_com.android.server.wallpapereffectsgeneration.WallpaperEffectsGenerationManagerService
01-06 02:48:59.107   944   944 V SystemServerTiming: OnBootPhase_480_com.android.server.wallpapereffectsgeneration.WallpaperEffectsGenerationManagerService took to complete: 0ms
01-06 02:48:59.107   944   944 D SystemServerTiming: OnBootPhase_480_com.android.server.audio.AudioService$Lifecycle
01-06 02:48:59.107   944   944 V SystemServerTiming: OnBootPhase_480_com.android.server.audio.AudioService$Lifecycle took to complete: 0ms
01-06 02:48:59.107   944   944 D SystemServerTiming: OnBootPhase_480_com.android.server.soundtrigger_middleware.SoundTriggerMiddlewareService$Lifecycle
01-06 02:48:59.107   944   944 V SystemServerTiming: OnBootPhase_480_com.android.server.soundtrigger_middleware.SoundTriggerMiddlewareService$Lifecycle took to complete: 0ms
01-06 02:48:59.107   944   944 D SystemServerTiming: OnBootPhase_480_com.android.server.DockObserver
01-06 02:48:59.107   944   944 V SystemServerTiming: OnBootPhase_480_com.android.server.DockObserver took to complete: 0ms
01-06 02:48:59.107   944   944 D SystemServerTiming: OnBootPhase_480_com.android.server.adb.AdbService$Lifecycle
01-06 02:48:59.107   944   944 V SystemServerTiming: OnBootPhase_480_com.android.server.adb.AdbService$Lifecycle took to complete: 0ms
01-06 02:48:59.107   944   944 D SystemServerTiming: OnBootPhase_480_com.android.server.usb.UsbService$Lifecycle
01-06 02:48:59.107   944   944 V SystemServerTiming: OnBootPhase_480_com.android.server.usb.UsbService$Lifecycle took to complete: 0ms
01-06 02:48:59.107   944   944 D SystemServerTiming: OnBootPhase_480_com.android.server.twilight.TwilightService
01-06 02:48:59.107   944   944 V SystemServerTiming: OnBootPhase_480_com.android.server.twilight.TwilightService took to complete: 0ms
01-06 02:48:59.108   944   944 D SystemServerTiming: OnBootPhase_480_com.android.server.display.color.ColorDisplayService
01-06 02:48:59.108   944   944 V SystemServerTiming: OnBootPhase_480_com.android.server.display.color.ColorDisplayService took to complete: 0ms
01-06 02:48:59.108   944   944 D SystemServerTiming: OnBootPhase_480_com.android.server.job.JobSchedulerService
01-06 02:48:59.108   944   944 V SystemServerTiming: OnBootPhase_480_com.android.server.job.JobSchedulerService took to complete: 0ms
01-06 02:48:59.108   944   944 D SystemServerTiming: OnBootPhase_480_com.android.server.soundtrigger.SoundTriggerService
01-06 02:48:59.108   944   944 D SoundTriggerService: onBootPhase: 480 : false
01-06 02:48:59.108   944   944 V SystemServerTiming: OnBootPhase_480_com.android.server.soundtrigger.SoundTriggerService took to complete: 0ms
01-06 02:48:59.108   944   944 D SystemServerTiming: OnBootPhase_480_com.android.server.trust.TrustManagerService
01-06 02:48:59.108   944   944 V SystemServerTiming: OnBootPhase_480_com.android.server.trust.TrustManagerService took to complete: 0ms
01-06 02:48:59.108   944   944 D SystemServerTiming: OnBootPhase_480_com.android.server.backup.BackupManagerService$Lifecycle
01-06 02:48:59.108   944   944 V SystemServerTiming: OnBootPhase_480_com.android.server.backup.BackupManagerService$Lifecycle took to complete: 0ms
01-06 02:48:59.108   944   944 D SystemServerTiming: OnBootPhase_480_com.android.server.appwidget.AppWidgetService
01-06 02:48:59.108   944   944 V SystemServerTiming: OnBootPhase_480_com.android.server.appwidget.AppWidgetService took to complete: 0ms
01-06 02:48:59.108   944   944 D SystemServerTiming: OnBootPhase_480_com.android.server.voiceinteraction.VoiceInteractionManagerService
01-06 02:48:59.108   944   944 V SystemServerTiming: OnBootPhase_480_com.android.server.voiceinteraction.VoiceInteractionManagerService took to complete: 0ms
01-06 02:48:59.108   944   944 D SystemServerTiming: OnBootPhase_480_com.android.server.apphibernation.AppHibernationService
01-06 02:48:59.108   944   944 V SystemServerTiming: OnBootPhase_480_com.android.server.apphibernation.AppHibernationService took to complete: 0ms
01-06 02:48:59.108   944   944 D SystemServerTiming: OnBootPhase_480_com.android.server.GestureLauncherService
01-06 02:48:59.108   944   944 V SystemServerTiming: OnBootPhase_480_com.android.server.GestureLauncherService took to complete: 0ms
01-06 02:48:59.108   944   944 D SystemServerTiming: OnBootPhase_480_com.android.server.SensorNotificationService
01-06 02:48:59.108   944   944 V SystemServerTiming: OnBootPhase_480_com.android.server.SensorNotificationService took to complete: 0ms
01-06 02:48:59.108   944   944 D SystemServerTiming: OnBootPhase_480_com.android.server.emergency.EmergencyAffordanceService
01-06 02:48:59.108   944   944 V SystemServerTiming: OnBootPhase_480_com.android.server.emergency.EmergencyAffordanceService took to complete: 0ms
01-06 02:48:59.108   944   944 D SystemServerTiming: OnBootPhase_480_com.android.server.blob.BlobStoreManagerService
01-06 02:48:59.108   944   944 V SystemServerTiming: OnBootPhase_480_com.android.server.blob.BlobStoreManagerService took to complete: 0ms
01-06 02:48:59.108   944   944 D SystemServerTiming: OnBootPhase_480_com.android.server.dreams.DreamManagerService
01-06 02:48:59.108   944   944 V SystemServerTiming: OnBootPhase_480_com.android.server.dreams.DreamManagerService took to complete: 0ms
01-06 02:48:59.108   944   944 D SystemServerTiming: OnBootPhase_480_com.android.server.security.AttestationVerificationManagerService
01-06 02:48:59.108   944   944 V SystemServerTiming: OnBootPhase_480_com.android.server.security.AttestationVerificationManagerService took to complete: 0ms
01-06 02:48:59.108   944   944 D SystemServerTiming: OnBootPhase_480_com.android.server.restrictions.RestrictionsManagerService
01-06 02:48:59.108   944   944 V SystemServerTiming: OnBootPhase_480_com.android.server.restrictions.RestrictionsManagerService took to complete: 0ms
01-06 02:48:59.108   944   944 D SystemServerTiming: OnBootPhase_480_com.android.server.media.MediaSessionService
01-06 02:48:59.108   944   944 V SystemServerTiming: OnBootPhase_480_com.android.server.media.MediaSessionService took to complete: 0ms
01-06 02:48:59.109   944   944 D SystemServerTiming: OnBootPhase_480_com.android.server.hdmi.HdmiControlService
01-06 02:48:59.109   944   944 V SystemServerTiming: OnBootPhase_480_com.android.server.hdmi.HdmiControlService took to complete: 0ms
01-06 02:48:59.109   944   944 D SystemServerTiming: OnBootPhase_480_com.android.server.tv.interactive.TvInteractiveAppManagerService
01-06 02:48:59.109   944   944 V SystemServerTiming: OnBootPhase_480_com.android.server.tv.interactive.TvInteractiveAppManagerService took to complete: 0ms
01-06 02:48:59.109   944   944 D SystemServerTiming: OnBootPhase_480_com.android.server.tv.TvInputManagerService
01-06 02:48:59.109   944   944 V SystemServerTiming: OnBootPhase_480_com.android.server.tv.TvInputManagerService took to complete: 0ms
01-06 02:48:59.109   944   944 D SystemServerTiming: OnBootPhase_480_com.android.server.tv.TvRemoteService
01-06 02:48:59.109   944   944 V SystemServerTiming: OnBootPhase_480_com.android.server.tv.TvRemoteService took to complete: 0ms
01-06 02:48:59.109   944   944 D SystemServerTiming: OnBootPhase_480_com.android.server.biometrics.BiometricService
01-06 02:48:59.109   944   944 V SystemServerTiming: OnBootPhase_480_com.android.server.biometrics.BiometricService took to complete: 0ms
01-06 02:48:59.109   944   944 D SystemServerTiming: OnBootPhase_480_com.android.server.biometrics.AuthService
01-06 02:48:59.109   944   944 V SystemServerTiming: OnBootPhase_480_com.android.server.biometrics.AuthService took to complete: 0ms
01-06 02:48:59.109   944   944 D SystemServerTiming: OnBootPhase_480_com.android.server.pm.ShortcutService$Lifecycle
01-06 02:48:59.111   944   944 V SystemServerTiming: OnBootPhase_480_com.android.server.pm.ShortcutService$Lifecycle took to complete: 2ms
01-06 02:48:59.111   944   944 D SystemServerTiming: OnBootPhase_480_com.android.server.pm.LauncherAppsService
01-06 02:48:59.111   944   944 V SystemServerTiming: OnBootPhase_480_com.android.server.pm.LauncherAppsService took to complete: 0ms
01-06 02:48:59.111   944   944 D SystemServerTiming: OnBootPhase_480_com.android.server.pm.CrossProfileAppsService
01-06 02:48:59.111   944   944 V SystemServerTiming: OnBootPhase_480_com.android.server.pm.CrossProfileAppsService took to complete: 0ms
01-06 02:48:59.111   944   944 D SystemServerTiming: OnBootPhase_480_com.android.server.people.PeopleService
01-06 02:48:59.111   944   944 V SystemServerTiming: OnBootPhase_480_com.android.server.people.PeopleService took to complete: 0ms
01-06 02:48:59.111   944   944 D SystemServerTiming: OnBootPhase_480_com.android.server.media.metrics.MediaMetricsManagerService
01-06 02:48:59.111   944   944 V SystemServerTiming: OnBootPhase_480_com.android.server.media.metrics.MediaMetricsManagerService took to complete: 0ms
01-06 02:48:59.111   944   944 D SystemServerTiming: OnBootPhase_480_com.android.server.media.projection.MediaProjectionManagerService
01-06 02:48:59.111   944   944 V SystemServerTiming: OnBootPhase_480_com.android.server.media.projection.MediaProjectionManagerService took to complete: 0ms
01-06 02:48:59.111   944   944 D SystemServerTiming: OnBootPhase_480_com.android.server.slice.SliceManagerService$Lifecycle
01-06 02:48:59.111   944   944 V SystemServerTiming: OnBootPhase_480_com.android.server.slice.SliceManagerService$Lifecycle took to complete: 0ms
01-06 02:48:59.111   944   944 D SystemServerTiming: OnBootPhase_480_com.android.server.stats.StatsCompanion$Lifecycle
01-06 02:48:59.111   944   944 V SystemServerTiming: OnBootPhase_480_com.android.server.stats.StatsCompanion$Lifecycle took to complete: 0ms
01-06 02:48:59.111   944   944 D SystemServerTiming: OnBootPhase_480_com.android.server.scheduling.RebootReadinessManagerService$Lifecycle
01-06 02:48:59.111   944   944 V SystemServerTiming: OnBootPhase_480_com.android.server.scheduling.RebootReadinessManagerService$Lifecycle took to complete: 0ms
01-06 02:48:59.111   944   944 D SystemServerTiming: OnBootPhase_480_com.android.server.stats.pull.StatsPullAtomService
01-06 02:48:59.111   944   944 V SystemServerTiming: OnBootPhase_480_com.android.server.stats.pull.StatsPullAtomService took to complete: 0ms
01-06 02:48:59.111   944   944 D SystemServerTiming: OnBootPhase_480_com.android.server.stats.bootstrap.StatsBootstrapAtomService$Lifecycle
01-06 02:48:59.111   944   944 V SystemServerTiming: OnBootPhase_480_com.android.server.stats.bootstrap.StatsBootstrapAtomService$Lifecycle took to complete: 0ms
01-06 02:48:59.111   944   944 D SystemServerTiming: OnBootPhase_480_com.android.server.incident.IncidentCompanionService
01-06 02:48:59.111   944   944 V SystemServerTiming: OnBootPhase_480_com.android.server.incident.IncidentCompanionService took to complete: 0ms
01-06 02:48:59.111   944   944 D SystemServerTiming: OnBootPhase_480_com.android.server.sdksandbox.SdkSandboxManagerService$Lifecycle
01-06 02:48:59.112   944   944 V SystemServerTiming: OnBootPhase_480_com.android.server.sdksandbox.SdkSandboxManagerService$Lifecycle took to complete: 0ms
01-06 02:48:59.112   944   944 D SystemServerTiming: OnBootPhase_480_com.android.server.adservices.AdServicesManagerService$Lifecycle
01-06 02:48:59.112   944   944 V SystemServerTiming: OnBootPhase_480_com.android.server.adservices.AdServicesManagerService$Lifecycle took to complete: 0ms
01-06 02:48:59.112   944   944 D SystemServerTiming: OnBootPhase_480_com.android.server.autofill.AutofillManagerService
01-06 02:48:59.112   944   944 V SystemServerTiming: OnBootPhase_480_com.android.server.autofill.AutofillManagerService took to complete: 0ms
01-06 02:48:59.112   944   944 D SystemServerTiming: OnBootPhase_480_com.android.server.clipboard.ClipboardService
01-06 02:48:59.112   944   944 V SystemServerTiming: OnBootPhase_480_com.android.server.clipboard.ClipboardService took to complete: 0ms
01-06 02:48:59.112   944   944 D SystemServerTiming: OnBootPhase_480_com.android.server.appbinding.AppBindingService$Lifecycle
01-06 02:48:59.112   944   944 V SystemServerTiming: OnBootPhase_480_com.android.server.appbinding.AppBindingService$Lifecycle took to complete: 0ms
01-06 02:48:59.112   944   944 D SystemServerTiming: OnBootPhase_480_com.android.server.tracing.TracingServiceProxy
01-06 02:48:59.112   944   944 V SystemServerTiming: OnBootPhase_480_com.android.server.tracing.TracingServiceProxy took to complete: 0ms
01-06 02:48:59.112   944   944 V SystemServerTiming: OnBootPhase_480 took to complete: 11ms
01-06 02:48:59.112   944   944 V SystemServerTiming: StartBootPhaseLockSettingsReady took to complete: 11ms
01-06 02:48:59.112   944   944 D SystemServerTiming: StartBootPhaseSystemServicesReady
01-06 02:48:59.112   944   944 I SystemServiceManager: Starting phase 500
01-06 02:48:59.112   944   944 D SystemServerTiming: OnBootPhase_500
01-06 02:48:59.112   944   944 D SystemServerTiming: OnBootPhase_500_com.android.server.security.FileIntegrityService
01-06 02:48:59.112   944   944 V SystemServerTiming: OnBootPhase_500_com.android.server.security.FileIntegrityService took to complete: 0ms
01-06 02:48:59.112   944   944 D SystemServerTiming: OnBootPhase_500_com.android.server.pm.Installer
01-06 02:48:59.112   944   944 V SystemServerTiming: OnBootPhase_500_com.android.server.pm.Installer took to complete: 0ms
01-06 02:48:59.112   944   944 D SystemServerTiming: OnBootPhase_500_com.android.server.os.DeviceIdentifiersPolicyService
01-06 02:48:59.112   944   944 V SystemServerTiming: OnBootPhase_500_com.android.server.os.DeviceIdentifiersPolicyService took to complete: 0ms
01-06 02:48:59.112   944   944 D SystemServerTiming: OnBootPhase_500_com.android.server.uri.UriGrantsManagerService$Lifecycle
01-06 02:48:59.113   944   944 V SystemServerTiming: OnBootPhase_500_com.android.server.uri.UriGrantsManagerService$Lifecycle took to complete: 1ms
01-06 02:48:59.113   944   944 D SystemServerTiming: OnBootPhase_500_com.android.server.powerstats.PowerStatsService
01-06 02:48:59.114   944   944 E StatsPullAtomCallbackImpl: Failed to start PowerStatsService statsd pullers
01-06 02:48:59.114   944   944 V SystemServerTiming: OnBootPhase_500_com.android.server.powerstats.PowerStatsService took to complete: 1ms
01-06 02:48:59.114   944   944 D SystemServerTiming: OnBootPhase_500_com.android.server.wm.ActivityTaskManagerService$Lifecycle
01-06 02:48:59.114   944   944 V SystemServerTiming: OnBootPhase_500_com.android.server.wm.ActivityTaskManagerService$Lifecycle took to complete: 0ms
01-06 02:48:59.114   944   944 D SystemServerTiming: OnBootPhase_500_com.android.server.am.ActivityManagerService$Lifecycle
01-06 02:48:59.117   944   944 E BatteryStatsService: Could not register PowerStatsInternal
01-06 02:48:59.120   944   944 V SystemServerTiming: OnBootPhase_500_com.android.server.am.ActivityManagerService$Lifecycle took to complete: 6ms
01-06 02:48:59.120   944   944 D SystemServerTiming: OnBootPhase_500_com.android.server.pm.DataLoaderManagerService
01-06 02:48:59.120   944   944 V SystemServerTiming: OnBootPhase_500_com.android.server.pm.DataLoaderManagerService took to complete: 0ms
01-06 02:48:59.120   944   944 D SystemServerTiming: OnBootPhase_500_com.android.server.power.PowerManagerService
01-06 02:48:59.121   944   944 I AttentionDetector: readValuesFromDeviceConfig():
01-06 02:48:59.121   944   944 I AttentionDetector: mMaximumExtensionMillis=900000
01-06 02:48:59.121   944   944 I AttentionDetector: mPreDimCheckDurationMillis=2000
01-06 02:48:59.121   944   944 I AttentionDetector: mRequestedPostDimTimeoutMillis=0
01-06 02:48:59.124   944   944 W BrightnessThrottler: DeviceConfig BrightnessThrottlingData is null
01-06 02:48:59.124   944   944 E DisplayPowerController[0]: failed to set up display white-balance: java.lang.IllegalStateException: cannot find light sensor
01-06 02:48:59.124   944   944 W DisplayPowerController[0]: Screen brightness nits configuration is unavailable; falling back
01-06 02:48:59.131   944   999 W KeyguardServiceDelegate: onScreenTurningOn(): no keyguard service!
01-06 02:48:59.132   944   999 V DisplayPowerController[0]: Brightness [0.39763778] reason changing to: 'override', previous reason: '0'.
01-06 02:48:59.132   944   944 I FaceDownDetector: readValuesFromDeviceConfig():
01-06 02:48:59.132   944   944 I FaceDownDetector: mAccelerationThreshold=0.2
01-06 02:48:59.132   944   944 I FaceDownDetector: mZAccelerationThreshold=-9.5
01-06 02:48:59.132   944   944 I FaceDownDetector: mTimeThreshold=PT1S
01-06 02:48:59.132   944   944 I FaceDownDetector: mIsEnabled=true
01-06 02:48:59.132   944   999 I DisplayPowerController[0]: BrightnessEvent: disp=0, physDisp=local:4633127902230889483, brt=0.39763778, initBrt=NaN, rcmdBrt=NaN, preBrt=NaN, lux=0.0, preLux=0.0, hbmMax=1.0, hbmMode=off, rbcStrength=0, powerFactor=1.0, thrmMax=1.0, wasShortTermModelActive=false, flags=, reason=override, autoBrightness=false
01-06 02:48:59.133   944   999 I DisplayPowerController[0]: BrightnessEvent: disp=0, physDisp=local:4633127902230889483, brt=0.39763778, initBrt=0.39763778, rcmdBrt=NaN, preBrt=NaN, lux=0.0, preLux=0.0, hbmMax=1.0, hbmMode=off, rbcStrength=0, powerFactor=1.0, thrmMax=1.0, wasShortTermModelActive=false, flags=, reason=override, autoBrightness=false
01-06 02:48:59.133   944   999 I DisplayPowerController[0]: BrightnessEvent: disp=0, physDisp=local:4633127902230889483, brt=0.39763778, initBrt=0.39763778, rcmdBrt=NaN, preBrt=NaN, lux=0.0, preLux=0.0, hbmMax=1.0, hbmMode=off, rbcStrength=0, powerFactor=1.0, thrmMax=1.0, wasShortTermModelActive=false, flags=, reason=override, autoBrightness=false
01-06 02:48:59.133   944   944 I ScreenUndimDetector: readValuesFromDeviceConfig():
01-06 02:48:59.133   944   944 I ScreenUndimDetector: mKeepScreenOnForMillis=600000
01-06 02:48:59.133   944   944 I ScreenUndimDetector: mKeepScreenOnNotificationEnabled=true
01-06 02:48:59.133   944   944 I ScreenUndimDetector: mUndimsRequired=2
01-06 02:48:59.134   944   970 I DisplayDeviceRepository: Display device changed state: "Built-in Screen", ON
01-06 02:48:59.135   944   944 V SystemServerTiming: OnBootPhase_500_com.android.server.power.PowerManagerService took to complete: 15ms
01-06 02:48:59.136   944   944 D SystemServerTiming: OnBootPhase_500_com.android.server.power.ThermalManagerService
01-06 02:48:59.136   944   944 V SystemServerTiming: OnBootPhase_500_com.android.server.power.ThermalManagerService took to complete: 0ms
01-06 02:48:59.136   944   944 D SystemServerTiming: OnBootPhase_500_com.android.server.power.hint.HintManagerService
01-06 02:48:59.136   944   944 V HintManagerService: Initializing HintManager service...
01-06 02:48:59.136   944   983 W KernelCpuProcStringReader: File not found. It's normal if not implemented: /proc/uid_concurrent_policy_time
01-06 02:48:59.136   944   944 V HistoricalRegistry: Interaction before persistence initialized
01-06 02:48:59.136   944   944 V SystemServerTiming: OnBootPhase_500_com.android.server.power.hint.HintManagerService took to complete: 0ms
01-06 02:48:59.136   944   944 D SystemServerTiming: OnBootPhase_500_com.android.server.recoverysystem.RecoverySystemService$Lifecycle
01-06 02:48:59.136   944   944 V SystemServerTiming: OnBootPhase_500_com.android.server.recoverysystem.RecoverySystemService$Lifecycle took to complete: 0ms
01-06 02:48:59.136   944   944 D SystemServerTiming: OnBootPhase_500_com.android.server.lights.LightsService
01-06 02:48:59.136   944   944 V SystemServerTiming: OnBootPhase_500_com.android.server.lights.LightsService took to complete: 0ms
01-06 02:48:59.136   944   944 D SystemServerTiming: OnBootPhase_500_com.android.server.display.DisplayManagerService
01-06 02:48:59.136   944   944 V SystemServerTiming: OnBootPhase_500_com.android.server.display.DisplayManagerService took to complete: 0ms
01-06 02:48:59.136   944   944 D SystemServerTiming: OnBootPhase_500_com.android.server.pm.verify.domain.DomainVerificationService
01-06 02:48:59.136   944   944 V SystemServerTiming: OnBootPhase_500_com.android.server.pm.verify.domain.DomainVerificationService took to complete: 0ms
01-06 02:48:59.136   944   944 D SystemServerTiming: OnBootPhase_500_com.android.server.pm.PackageInstallerService$Lifecycle
01-06 02:48:59.136   944   944 V SystemServerTiming: OnBootPhase_500_com.android.server.pm.PackageInstallerService$Lifecycle took to complete: 0ms
01-06 02:48:59.136   944   944 D SystemServerTiming: OnBootPhase_500_com.android.server.pm.UserManagerService$LifeCycle
01-06 02:48:59.136   944   944 V SystemServerTiming: OnBootPhase_500_com.android.server.pm.UserManagerService$LifeCycle took to complete: 0ms
01-06 02:48:59.136   944   944 D SystemServerTiming: OnBootPhase_500_com.android.server.om.OverlayManagerService
01-06 02:48:59.137   944   944 V SystemServerTiming: OnBootPhase_500_com.android.server.om.OverlayManagerService took to complete: 0ms
01-06 02:48:59.137   944   944 D SystemServerTiming: OnBootPhase_500_com.android.server.resources.ResourcesManagerService
01-06 02:48:59.137   944   944 V SystemServerTiming: OnBootPhase_500_com.android.server.resources.ResourcesManagerService took to complete: 0ms
01-06 02:48:59.137   944   944 D SystemServerTiming: OnBootPhase_500_com.android.server.sensorprivacy.SensorPrivacyService
01-06 02:48:59.138   944  1206 E DisplayDeviceConfig: requesting nits when no mapping exists.
01-06 02:48:59.138   944  1206 E DisplayDeviceConfig: requesting nits when no mapping exists.
01-06 02:48:59.139   944   976 I DropBoxManagerService: add tag=system_server_wtf isTagEnabled=true flags=0x2
01-06 02:48:59.139   944   944 D CompatibilityChangeReporter: Compat change id reported: 157233955; UID 1000; state: ENABLED
01-06 02:48:59.139   944   944 V SystemServerTiming: OnBootPhase_500_com.android.server.sensorprivacy.SensorPrivacyService took to complete: 2ms
01-06 02:48:59.139   944   944 D SystemServerTiming: OnBootPhase_500_com.android.server.sensors.SensorService
01-06 02:48:59.139   944   944 V SystemServerTiming: OnBootPhase_500_com.android.server.sensors.SensorService took to complete: 0ms
01-06 02:48:59.140   944   944 D SystemServerTiming: OnBootPhase_500_com.android.server.SystemConfigService
01-06 02:48:59.140   944   944 V SystemServerTiming: OnBootPhase_500_com.android.server.SystemConfigService took to complete: 0ms
01-06 02:48:59.140   944   944 D SystemServerTiming: OnBootPhase_500_com.android.server.BatteryService
01-06 02:48:59.140   944   944 V SystemServerTiming: OnBootPhase_500_com.android.server.BatteryService took to complete: 0ms
01-06 02:48:59.140   944   944 D SystemServerTiming: OnBootPhase_500_com.android.server.usage.UsageStatsService
01-06 02:48:59.141   944   999 I DisplayPowerController[0]: BrightnessEvent: disp=0, physDisp=local:4633127902230889483, brt=0.39763778, initBrt=0.39763778, rcmdBrt=NaN, preBrt=NaN, lux=0.0, preLux=0.0, hbmMax=1.0, hbmMode=off, rbcStrength=0, powerFactor=1.0, thrmMax=1.0, wasShortTermModelActive=false, flags=, reason=override, autoBrightness=false
01-06 02:48:59.141   944   976 I DropBoxManagerService: add tag=system_server_wtf isTagEnabled=true flags=0x2
01-06 02:48:59.142   944   944 D AppStandbyController: Setting app idle enabled state
01-06 02:48:59.146   944   944 V HistoricalRegistry: Interaction before persistence initialized
01-06 02:48:59.147   944   944 V SystemServerTiming: OnBootPhase_500_com.android.server.usage.UsageStatsService took to complete: 6ms
01-06 02:48:59.147   944   944 D SystemServerTiming: OnBootPhase_500_com.android.server.webkit.WebViewUpdateService
01-06 02:48:59.147   944   944 V SystemServerTiming: OnBootPhase_500_com.android.server.webkit.WebViewUpdateService took to complete: 0ms
01-06 02:48:59.147   944   944 D SystemServerTiming: OnBootPhase_500_com.android.server.CachedDeviceStateService
01-06 02:48:59.147   944   944 V SystemServerTiming: OnBootPhase_500_com.android.server.CachedDeviceStateService took to complete: 0ms
01-06 02:48:59.147   944   944 D SystemServerTiming: OnBootPhase_500_com.android.server.BinderCallsStatsService$LifeCycle
01-06 02:48:59.150   944   944 V SystemServerTiming: OnBootPhase_500_com.android.server.BinderCallsStatsService$LifeCycle took to complete: 3ms
01-06 02:48:59.150   944   944 D SystemServerTiming: OnBootPhase_500_com.android.server.LooperStatsService$Lifecycle
01-06 02:48:59.151   944   944 V SystemServerTiming: OnBootPhase_500_com.android.server.LooperStatsService$Lifecycle took to complete: 1ms
01-06 02:48:59.151   944   944 D SystemServerTiming: OnBootPhase_500_com.android.server.rollback.RollbackManagerService
01-06 02:48:59.151   944   944 V SystemServerTiming: OnBootPhase_500_com.android.server.rollback.RollbackManagerService took to complete: 0ms
01-06 02:48:59.151   944   944 D SystemServerTiming: OnBootPhase_500_com.android.server.os.NativeTombstoneManagerService
01-06 02:48:59.151   944   944 V SystemServerTiming: OnBootPhase_500_com.android.server.os.NativeTombstoneManagerService took to complete: 0ms
01-06 02:48:59.151   944   944 D SystemServerTiming: OnBootPhase_500_com.android.server.os.BugreportManagerService
01-06 02:48:59.152   944   944 V SystemServerTiming: OnBootPhase_500_com.android.server.os.BugreportManagerService took to complete: 0ms
01-06 02:48:59.152   944   944 D SystemServerTiming: OnBootPhase_500_com.android.server.gpu.GpuService
01-06 02:48:59.152   944   944 V SystemServerTiming: OnBootPhase_500_com.android.server.gpu.GpuService took to complete: 0ms
01-06 02:48:59.152   944   944 D SystemServerTiming: OnBootPhase_500_com.android.server.security.KeyChainSystemService
01-06 02:48:59.152   944   944 V SystemServerTiming: OnBootPhase_500_com.android.server.security.KeyChainSystemService took to complete: 0ms
01-06 02:48:59.152   944   944 D SystemServerTiming: OnBootPhase_500_com.android.server.BinaryTransparencyService
01-06 02:48:59.152   944   944 V SystemServerTiming: OnBootPhase_500_com.android.server.BinaryTransparencyService took to complete: 0ms
01-06 02:48:59.152   944   944 D SystemServerTiming: OnBootPhase_500_com.android.server.accounts.AccountManagerService$Lifecycle
01-06 02:48:59.152   944   944 V SystemServerTiming: OnBootPhase_500_com.android.server.accounts.AccountManagerService$Lifecycle took to complete: 0ms
01-06 02:48:59.152   944   944 D SystemServerTiming: OnBootPhase_500_com.android.server.content.ContentService$Lifecycle
01-06 02:48:59.152   944   944 V SystemServerTiming: OnBootPhase_500_com.android.server.content.ContentService$Lifecycle took to complete: 0ms
01-06 02:48:59.152   944   944 D SystemServerTiming: OnBootPhase_500_com.android.server.DropBoxManagerService
01-06 02:48:59.153   944   944 V SystemServerTiming: OnBootPhase_500_com.android.server.DropBoxManagerService took to complete: 0ms
01-06 02:48:59.153   944   944 D SystemServerTiming: OnBootPhase_500_com.android.role.RoleService
01-06 02:48:59.153   944   944 V SystemServerTiming: OnBootPhase_500_com.android.role.RoleService took to complete: 0ms
01-06 02:48:59.153   944   944 D SystemServerTiming: OnBootPhase_500_com.android.server.vibrator.VibratorManagerService$Lifecycle
01-06 02:48:59.153   944   944 V VibratorManagerService: Initializing VibratorManager service...
01-06 02:48:59.155   944   944 V HistoricalRegistry: Interaction before persistence initialized
01-06 02:48:59.157   500   500 V ZygoteInitTiming_lazy: PreloadResources took to complete: 67ms
01-06 02:48:59.196   944   944 V VibratorManagerService: VibratorManager service initialized
01-06 02:48:59.196   944   944 V SystemServerTiming: OnBootPhase_500_com.android.server.vibrator.VibratorManagerService$Lifecycle took to complete: 43ms
01-06 02:48:59.196   944   944 D SystemServerTiming: OnBootPhase_500_com.android.server.tare.InternalResourceService
01-06 02:48:59.198   944   944 V SystemServerTiming: OnBootPhase_500_com.android.server.tare.InternalResourceService took to complete: 2ms
01-06 02:48:59.198   944   944 D SystemServerTiming: OnBootPhase_500_com.android.server.alarm.AlarmManagerService
01-06 02:48:59.201   944   944 V SystemServerTiming: OnBootPhase_500_com.android.server.alarm.AlarmManagerService took to complete: 2ms
01-06 02:48:59.201   944   944 D SystemServerTiming: OnBootPhase_500_com.android.server.devicestate.DeviceStateManagerService
01-06 02:48:59.201   944   944 V SystemServerTiming: OnBootPhase_500_com.android.server.devicestate.DeviceStateManagerService took to complete: 0ms
01-06 02:48:59.201   944   944 D SystemServerTiming: OnBootPhase_500_com.android.server.bluetooth.BluetoothService
01-06 02:48:59.201   944   944 V SystemServerTiming: OnBootPhase_500_com.android.server.bluetooth.BluetoothService took to complete: 0ms
01-06 02:48:59.201   944   944 D SystemServerTiming: OnBootPhase_500_com.android.server.connectivity.IpConnectivityMetrics
01-06 02:48:59.203   944   944 V SystemServerTiming: OnBootPhase_500_com.android.server.connectivity.IpConnectivityMetrics took to complete: 2ms
01-06 02:48:59.203   944   944 D SystemServerTiming: OnBootPhase_500_com.android.server.net.watchlist.NetworkWatchlistService$Lifecycle
01-06 02:48:59.203   944   944 V SystemServerTiming: OnBootPhase_500_com.android.server.net.watchlist.NetworkWatchlistService$Lifecycle took to complete: 0ms
01-06 02:48:59.203   944   944 D SystemServerTiming: OnBootPhase_500_com.android.server.PinnerService
01-06 02:48:59.203   944   944 V SystemServerTiming: OnBootPhase_500_com.android.server.PinnerService took to complete: 0ms
01-06 02:48:59.203   944   944 D SystemServerTiming: OnBootPhase_500_com.android.server.integrity.AppIntegrityManagerService
01-06 02:48:59.203   944   944 V SystemServerTiming: OnBootPhase_500_com.android.server.integrity.AppIntegrityManagerService took to complete: 0ms
01-06 02:48:59.203   944   944 D SystemServerTiming: OnBootPhase_500_com.android.server.logcat.LogcatManagerService
01-06 02:48:59.203   944   944 V SystemServerTiming: OnBootPhase_500_com.android.server.logcat.LogcatManagerService took to complete: 0ms
01-06 02:48:59.203   944   944 D SystemServerTiming: OnBootPhase_500_com.android.server.inputmethod.InputMethodManagerService$Lifecycle
01-06 02:48:59.203   944   944 V SystemServerTiming: OnBootPhase_500_com.android.server.inputmethod.InputMethodManagerService$Lifecycle took to complete: 0ms
01-06 02:48:59.203   944   944 D SystemServerTiming: OnBootPhase_500_com.android.server.accessibility.AccessibilityManagerService$Lifecycle
01-06 02:48:59.203   944   944 V SystemServerTiming: OnBootPhase_500_com.android.server.accessibility.AccessibilityManagerService$Lifecycle took to complete: 0ms
01-06 02:48:59.203   944   944 D SystemServerTiming: OnBootPhase_500_com.android.server.StorageManagerService$Lifecycle
01-06 02:48:59.204   944   944 V SystemServerTiming: OnBootPhase_500_com.android.server.StorageManagerService$Lifecycle took to complete: 1ms
01-06 02:48:59.204   944   944 D SystemServerTiming: OnBootPhase_500_com.android.server.usage.StorageStatsService$Lifecycle
01-06 02:48:59.204   944   944 V SystemServerTiming: OnBootPhase_500_com.android.server.usage.StorageStatsService$Lifecycle took to complete: 0ms
01-06 02:48:59.204   944   944 D SystemServerTiming: OnBootPhase_500_com.android.server.UiModeManagerService
01-06 02:48:59.206   944   944 I ActivityTaskManager: Config changes=200 {1.0 ?mcc?mnc [en_US] ldltr sw540dp w960dp h540dp 320dpi lrg long land television night -touch -keyb/v/h dpad/v winConfig={ mBounds=Rect(0, 0 - 1920, 1080) mAppBounds=Rect(0, 0 - 1920, 1080) mMaxBounds=Rect(0, 0 - 1920, 1080) mDisplayRotation=ROTATION_0 mWindowingMode=fullscreen mDisplayWindowingMode=fullscreen mActivityType=undefined mAlwaysOnTop=undefined mRotation=ROTATION_0} s.4 ?fontWeightAdjustment}
01-06 02:48:59.207   944   944 I WindowManager: Override config changes=200 {1.0 ?mcc?mnc [en_US] ldltr sw540dp w960dp h540dp 320dpi lrg long land television night -touch -keyb/v/h dpad/v winConfig={ mBounds=Rect(0, 0 - 1920, 1080) mAppBounds=Rect(0, 0 - 1920, 1080) mMaxBounds=Rect(0, 0 - 1920, 1080) mDisplayRotation=ROTATION_0 mWindowingMode=fullscreen mDisplayWindowingMode=fullscreen mActivityType=undefined mAlwaysOnTop=undefined mRotation=ROTATION_0} s.4 ?fontWeightAdjustment} for displayId=0
01-06 02:48:59.209   944   944 V SystemServerTiming: OnBootPhase_500_com.android.server.UiModeManagerService took to complete: 4ms
01-06 02:48:59.209   944   944 D SystemServerTiming: OnBootPhase_500_com.android.server.locales.LocaleManagerService
01-06 02:48:59.209   944   944 V SystemServerTiming: OnBootPhase_500_com.android.server.locales.LocaleManagerService took to complete: 0ms
01-06 02:48:59.209   944   944 D SystemServerTiming: OnBootPhase_500_com.android.server.locksettings.LockSettingsService$Lifecycle
01-06 02:48:59.209   944   944 V SystemServerTiming: OnBootPhase_500_com.android.server.locksettings.LockSettingsService$Lifecycle took to complete: 0ms
01-06 02:48:59.209   944   944 D SystemServerTiming: OnBootPhase_500_com.android.server.PersistentDataBlockService
01-06 02:48:59.209   944   944 V SystemServerTiming: OnBootPhase_500_com.android.server.PersistentDataBlockService took to complete: 0ms
01-06 02:48:59.209   944   944 D SystemServerTiming: OnBootPhase_500_com.android.server.testharness.TestHarnessModeService
01-06 02:48:59.209   944   944 D TestHarnessModeService: Setting up test harness mode
01-06 02:48:59.209   944   944 D TestHarnessModeService: Getting PersistentDataBlockManagerInternal from LocalServices
01-06 02:48:59.250   944   944 V SystemServerTiming: OnBootPhase_500_com.android.server.testharness.TestHarnessModeService took to complete: 40ms
01-06 02:48:59.250   944   944 D SystemServerTiming: OnBootPhase_500_com.android.server.oemlock.OemLockService
01-06 02:48:59.250   944   944 V SystemServerTiming: OnBootPhase_500_com.android.server.oemlock.OemLockService took to complete: 0ms
01-06 02:48:59.250   944   944 D SystemServerTiming: OnBootPhase_500_com.android.server.DeviceIdleController
01-06 02:48:59.254   944   944 V HistoricalRegistry: Interaction before persistence initialized
01-06 02:48:59.256   944   944 V SystemServerTiming: OnBootPhase_500_com.android.server.DeviceIdleController took to complete: 6ms
01-06 02:48:59.257   944   944 D SystemServerTiming: OnBootPhase_500_com.android.server.devicepolicy.DevicePolicyManagerService$Lifecycle
01-06 02:48:59.257   944   944 V SystemServerTiming: OnBootPhase_500_com.android.server.devicepolicy.DevicePolicyManagerService$Lifecycle took to complete: 0ms
01-06 02:48:59.257   944   944 D SystemServerTiming: OnBootPhase_500_com.android.server.texttospeech.TextToSpeechManagerService
01-06 02:48:59.257   944   944 V SystemServerTiming: OnBootPhase_500_com.android.server.texttospeech.TextToSpeechManagerService took to complete: 0ms
01-06 02:48:59.257   944   944 D SystemServerTiming: OnBootPhase_500_com.android.server.ambientcontext.AmbientContextManagerService
01-06 02:48:59.257   944   944 V SystemServerTiming: OnBootPhase_500_com.android.server.ambientcontext.AmbientContextManagerService took to complete: 0ms
01-06 02:48:59.257   944   944 D SystemServerTiming: OnBootPhase_500_com.android.server.speech.SpeechRecognitionManagerService
01-06 02:48:59.257   944   944 V SystemServerTiming: OnBootPhase_500_com.android.server.speech.SpeechRecognitionManagerService took to complete: 0ms
01-06 02:48:59.257   944   944 D SystemServerTiming: OnBootPhase_500_com.android.server.searchui.SearchUiManagerService
01-06 02:48:59.257   944   944 V SystemServerTiming: OnBootPhase_500_com.android.server.searchui.SearchUiManagerService took to complete: 0ms
01-06 02:48:59.258   944   944 D SystemServerTiming: OnBootPhase_500_com.android.server.smartspace.SmartspaceManagerService
01-06 02:48:59.258   944   944 V SystemServerTiming: OnBootPhase_500_com.android.server.smartspace.SmartspaceManagerService took to complete: 0ms
01-06 02:48:59.258   944   944 D SystemServerTiming: OnBootPhase_500_com.android.server.graphics.fonts.FontManagerService$Lifecycle
01-06 02:48:59.258   944   944 V SystemServerTiming: OnBootPhase_500_com.android.server.graphics.fonts.FontManagerService$Lifecycle took to complete: 0ms
01-06 02:48:59.258   944   944 D SystemServerTiming: OnBootPhase_500_com.android.server.textservices.TextServicesManagerService$Lifecycle
01-06 02:48:59.258   944   944 V SystemServerTiming: OnBootPhase_500_com.android.server.textservices.TextServicesManagerService$Lifecycle took to complete: 0ms
01-06 02:48:59.258   944   944 D SystemServerTiming: OnBootPhase_500_com.android.server.textclassifier.TextClassificationManagerService$Lifecycle
01-06 02:48:59.258   944   944 V SystemServerTiming: OnBootPhase_500_com.android.server.textclassifier.TextClassificationManagerService$Lifecycle took to complete: 0ms
01-06 02:48:59.258   944   944 D SystemServerTiming: OnBootPhase_500_com.android.server.NetworkScoreService$Lifecycle
01-06 02:48:59.258   944   944 V SystemServerTiming: OnBootPhase_500_com.android.server.NetworkScoreService$Lifecycle took to complete: 0ms
01-06 02:48:59.258   944   944 D SystemServerTiming: OnBootPhase_500_com.android.server.NetworkStatsServiceInitializer
