01-06 04:49:12.809   944   944 D HDMI    : [P]:AllocatedAddress=[]
01-06 04:49:06.927     0     0 I [1 T1430  ..] [schedu][0x1aefdc469][04: 49:12.829424] wlan: [1430:I:OSIF] vdev 0, scan id 41082 type COMPLETED(1) reason COMPLETED(1) scan found 79 bss
01-06 04:49:37.848   944   960 W ProcessStats: Tracking association SourceState{3ece10a com.brdgwtr.publisherservice/10044 BTopFgs #2768} whose proc state 2 is better than process ProcessState{d13fea com.brdgwtr.dms/10050 pkg=com.brdgwtr.dms} proc state 3 (11 skipped)
01-06 04:50:02.024     0     0 W [1 T15459 ..] audit: audit_lost=56901 audit_rate_limit=5 audit_backlog_limit=64
01-06 04:50:02.024     0     0 E [1 T15459 ..] audit: rate limit exceeded
01-06 04:50:05.320     0     0 I [2 T1430  ..] [schedu][0x1b278c405][04: 50:11.221900] wlan: [1430:I:OSIF] scan start scan id 41083
01-06 04:50:12.829   944   944 D HDMI    : [P]:AllocatedAddress=[]
01-06 04:50:06.934     0     0 I [2 T1430  ..] [schedu][0x1b2916755][04: 50:12.836572] wlan: [1430:I:OSIF] vdev 0, scan id 41083 type COMPLETED(1) reason COMPLETED(1) scan found 75 bss
01-06 04:51:02.121     0     0 W [0 T15484 ..] audit: audit_lost=57124 audit_rate_limit=5 audit_backlog_limit=64
01-06 04:51:02.121     0     0 E [0 T15484 ..] audit: rate limit exceeded
01-06 04:51:05.334     0     0 I [1 T1430  ..] [schedu][0x1b60c83e4][04: 51:11.236459] wlan: [1430:I:OSIF] scan start scan id 41084
01-06 04:51:12.821   944   944 D HDMI    : [P]:AllocatedAddress=[]
01-06 04:51:06.943     0     0 I [7 T1430  ..] [schedu][0x1b625120a][04: 51:12.845714] wlan: [1430:I:OSIF] vdev 0, scan id 41084 type COMPLETED(1) reason COMPLETED(1) scan found 72 bss
01-06 04:51:22.473   944 15082 I ActivityManager: Background started FGS: Allowed [callingPackage: com.brdgwtr.metrics.service; callingUid: 10043; uidState: BTOP; intent: Intent { act=ACTION_START_FOREGROUND cmp=com.brdgwtr.metrics.service/androidx.work.impl.foreground.SystemForegroundService (has extras) }; code:PROC_STATE_BTOP; tempAllowListReason:<null>; targetSdkVersion:30; callerTargetSdkVersion:30; startForegroundCount:0; bindFromPackage:null]
01-06 04:51:22.476   944 15082 W ProcessStats: Tracking association SourceState{58fbe86 system/1000 BTopFgs #2791} whose proc state 2 is better than process ProcessState{a2bd69d com.sonos.connectivity/10082 pkg=com.sonos.connectivity} proc state 3 (41 skipped)
01-06 04:51:22.479   944 11964 W ActivityManager: Foreground service started from background can not have location/camera/microphone access: service com.brdgwtr.metrics.service/androidx.work.impl.foreground.SystemForegroundService
01-06 04:51:22.481   944   976 I ActivityManager: Deferring FGS notification in legacy app com.brdgwtr.metrics.service/u0a43 : Notification(channel=EventLogSyncWorker shortcut=null contentView=null vibrate=null sound=null defaults=0x0 flags=0x42 color=0x00000000 vis=PRIVATE)
01-06 04:52:02.208     0     0 W [2 T15505 ..] audit: audit_lost=57227 audit_rate_limit=5 audit_backlog_limit=64
01-06 04:52:02.208     0     0 E [2 T15505 ..] audit: rate limit exceeded
01-06 04:52:05.335     0     0 I [1 T1430  ..] [schedu][0x1b9a00e5e][04: 52:11.237349] wlan: [1430:I:OSIF] scan start scan id 41085
01-06 04:52:12.821   944   944 D HDMI    : [P]:AllocatedAddress=[]
01-06 04:52:06.951     0     0 I [6 T1430  ..] [schedu][0x1b9b8b647][04: 52:12.853199] wlan: [1430:I:OSIF] vdev 0, scan id 41085 type COMPLETED(1) reason COMPLETED(1) scan found 73 bss
01-06 04:53:02.297     0     0 W [1 T15531 ..] audit: audit_lost=57333 audit_rate_limit=5 audit_backlog_limit=64
01-06 04:53:02.297     0     0 E [1 T15531 ..] audit: rate limit exceeded
01-06 04:53:05.350     0     0 I [2 T1430  ..] [schedu][0x1bd33cf3f][04: 53:11.252166] wlan: [1430:I:OSIF] scan start scan id 41086
01-06 04:53:12.821   944   944 D HDMI    : [P]:AllocatedAddress=[]
01-06 04:53:06.957     0     0 I [5 T1430  ..] [schedu][0x1bd4c553d][04: 53:12.859333] wlan: [1430:I:OSIF] vdev 0, scan id 41086 type COMPLETED(1) reason COMPLETED(1) scan found 77 bss
01-06 04:54:02.389     0     0 W [0 T15554 ..] audit: audit_lost=57430 audit_rate_limit=5 audit_backlog_limit=64
01-06 04:54:02.389     0     0 E [0 T15554 ..] audit: rate limit exceeded
01-06 04:54:05.343     0     0 I [3 T1430  ..] [schedu][0x1c0c73b85][04: 54:11.245324] wlan: [1430:I:OSIF] scan start scan id 41087
01-06 04:54:12.837   944   944 D HDMI    : [P]:AllocatedAddress=[]
01-06 04:54:06.966     0     0 I [4 T1430  ..] [schedu][0x1c0e0004d][04: 54:12.868564] wlan: [1430:I:OSIF] vdev 0, scan id 41087 type COMPLETED(1) reason COMPLETED(1) scan found 75 bss
01-06 04:55:02.481     0     0 W [1 T15574 ..] audit: audit_lost=57530 audit_rate_limit=5 audit_backlog_limit=64
01-06 04:55:02.481     0     0 E [1 T15574 ..] audit: rate limit exceeded
01-06 04:55:05.342     0     0 I [3 T1430  ..] [schedu][0x1c45abd21][04: 55:11.243944] wlan: [1430:I:OSIF] scan start scan id 41088
01-06 04:55:12.829   944   944 D HDMI    : [P]:AllocatedAddress=[]
01-06 04:55:06.967     0     0 I [1 T1430  ..] [schedu][0x1c4738a8d][04: 55:12.869396] wlan: [1430:I:OSIF] vdev 0, scan id 41088 type COMPLETED(1) reason COMPLETED(1) scan found 70 bss
01-06 04:56:02.566     0     0 W [0 T15604 ..] audit: audit_lost=57807 audit_rate_limit=5 audit_backlog_limit=64
01-06 04:56:02.566     0     0 E [0 T15604 ..] audit: rate limit exceeded
01-06 04:56:05.352     0     0 I [1 T1430  ..] [schedu][0x1c7ee6b36][04: 56:11.253949] wlan: [1430:I:OSIF] scan start scan id 41089
01-06 04:56:12.837   944   944 D HDMI    : [P]:AllocatedAddress=[]
01-06 04:56:06.977     0     0 I [7 T1430  ..] [schedu][0x1c8073753][04: 56:12.879067] wlan: [1430:I:OSIF] vdev 0, scan id 41089 type COMPLETED(1) reason COMPLETED(1) scan found 76 bss
01-06 04:57:02.661     0     0 W [0 T15622 ..] audit: audit_lost=57937 audit_rate_limit=5 audit_backlog_limit=64
01-06 04:57:02.661     0     0 E [0 T15622 ..] audit: rate limit exceeded
01-06 04:57:05.357     0     0 I [7 T1430  ..] [schedu][0x1cb82083e][04: 57:11.259589] wlan: [1430:I:OSIF] scan start scan id 41090
01-06 04:57:12.841   944   944 D HDMI    : [P]:AllocatedAddress=[]
01-06 04:57:06.983     0     0 I [7 T1430  ..] [schedu][0x1cb9ad6c1][04: 57:12.885321] wlan: [1430:I:OSIF] vdev 0, scan id 41090 type COMPLETED(1) reason COMPLETED(1) scan found 75 bss
01-06 04:58:02.737     0     0 W [2 T15642 ..] audit: audit_lost=58022 audit_rate_limit=5 audit_backlog_limit=64
01-06 04:58:02.737     0     0 E [2 T15642 ..] audit: rate limit exceeded
01-06 04:58:05.353     0     0 I [3 T1430  ..] [schedu][0x1cf157d1f][04: 58:11.254950] wlan: [1430:I:OSIF] scan start scan id 41091
01-06 04:58:12.841   944   944 D HDMI    : [P]:AllocatedAddress=[]
01-06 04:58:06.983     0     0 I [2 T1430  ..] [schedu][0x1cf2e5e16][04: 58:12.885405] wlan: [1430:I:OSIF] vdev 0, scan id 41091 type COMPLETED(1) reason COMPLETED(1) scan found 67 bss
01-06 04:59:02.824     0     0 W [0 T15662 ..] audit: audit_lost=58068 audit_rate_limit=5 audit_backlog_limit=64
01-06 04:59:02.824     0     0 E [0 T15662 ..] audit: rate limit exceeded
01-06 04:59:05.373     0     0 I [1 T1430  ..] [schedu][0x1d2a95559][04: 59:11.275744] wlan: [1430:I:OSIF] scan start scan id 41092
01-06 04:59:12.833   944   944 D HDMI    : [P]:AllocatedAddress=[]
01-06 04:59:06.995     0     0 I [1 T1430  ..] [schedu][0x1d2c21206][04: 59:12.896909] wlan: [1430:I:OSIF] vdev 0, scan id 41092 type COMPLETED(1) reason COMPLETED(1) scan found 76 bss
01-06 04:59:39.653   944  1607 W ProcessStats: Tracking association SourceState{3ece10a com.brdgwtr.publisherservice/10044 BTopFgs #2817} whose proc state 2 is better than process ProcessState{d13fea com.brdgwtr.dms/10050 pkg=com.brdgwtr.dms} proc state 3 (5 skipped)
01-06 05:00:02.915     0     0 W [2 T15700 ..] audit: audit_lost=58111 audit_rate_limit=5 audit_backlog_limit=64
01-06 05:00:02.915     0     0 E [2 T15700 ..] audit: rate limit exceeded
01-06 05:00:05.369     0     0 I [3 T1430  ..] [schedu][0x1d63ccb82][05: 00:11.271433] wlan: [1430:I:OSIF] scan start scan id 41093
01-06 05:00:12.845   944   944 D HDMI    : [P]:AllocatedAddress=[]
01-06 05:00:07.003     0     0 I [6 T1430  ..] [schedu][0x1d655b99a][05: 00:12.905249] wlan: [1430:I:OSIF] vdev 0, scan id 41093 type COMPLETED(1) reason COMPLETED(1) scan found 86 bss
01-06 05:01:03.004     0     0 W [0 T15725 ..] audit: audit_lost=58376 audit_rate_limit=5 audit_backlog_limit=64
01-06 05:01:03.004     0     0 E [0 T15725 ..] audit: rate limit exceeded
01-06 05:01:05.375     0     0 I [3 T1430  ..] [schedu][0x1d9d0688c][05: 01:11.277075] wlan: [1430:I:OSIF] scan start scan id 41094
01-06 05:01:12.841   944   944 D HDMI    : [P]:AllocatedAddress=[]
01-06 05:01:07.005     0     0 I [3 T1430  ..] [schedu][0x1d9e949ca][05: 01:12.907601] wlan: [1430:I:OSIF] vdev 0, scan id 41094 type COMPLETED(1) reason COMPLETED(1) scan found 80 bss
01-06 05:02:03.081     0     0 W [0 T15746 ..] audit: audit_lost=58515 audit_rate_limit=5 audit_backlog_limit=64
01-06 05:02:03.081     0     0 E [0 T15746 ..] audit: rate limit exceeded
01-06 05:02:05.370     0     0 I [5 T1430  ..] [schedu][0x1dd63dd23][05: 02:11.272363] wlan: [1430:I:OSIF] scan start scan id 41095
01-06 05:02:12.845   944   944 D HDMI    : [P]:AllocatedAddress=[]
01-06 05:02:07.003     0     0 I [6 T1430  ..] [schedu][0x1dd7cc917][05: 02:12.905630] wlan: [1430:I:OSIF] vdev 0, scan id 41095 type COMPLETED(1) reason COMPLETED(1) scan found 75 bss
01-06 05:03:03.173     0     0 W [1 T15767 ..] audit: audit_lost=58600 audit_rate_limit=5 audit_backlog_limit=64
01-06 05:03:03.173     0     0 E [1 T15767 ..] audit: rate limit exceeded
01-06 05:03:05.381     0     0 I [1 T1430  ..] [schedu][0x1e0f78de4][05: 03:11.283051] wlan: [1430:I:OSIF] scan start scan id 41096
01-06 05:03:12.853   944   944 D HDMI    : [P]:AllocatedAddress=[]
01-06 05:03:07.015     0     0 I [6 T1430  ..] [schedu][0x1e1107f0f][05: 03:12.917654] wlan: [1430:I:OSIF] vdev 0, scan id 41096 type COMPLETED(1) reason COMPLETED(1) scan found 76 bss
01-06 05:04:03.262     0     0 W [0 T15787 ..] audit: audit_lost=58676 audit_rate_limit=5 audit_backlog_limit=64
01-06 05:04:03.262     0     0 E [0 T15787 ..] audit: rate limit exceeded
01-06 05:04:05.389     0     0 I [1 T1430  ..] [schedu][0x1e48b3373][05: 04:11.290874] wlan: [1430:I:OSIF] scan start scan id 41097
01-06 05:04:12.853   944   944 D HDMI    : [P]:AllocatedAddress=[]
01-06 05:04:07.022     0     0 I [7 T1430  ..] [schedu][0x1e4a41f0b][05: 04:12.924051] wlan: [1430:I:OSIF] vdev 0, scan id 41097 type COMPLETED(1) reason COMPLETED(1) scan found 75 bss
01-06 05:05:03.353     0     0 W [0 T15808 ..] audit: audit_lost=58704 audit_rate_limit=5 audit_backlog_limit=64
01-06 05:05:03.353     0     0 E [0 T15808 ..] audit: rate limit exceeded
01-06 05:05:05.399     0     0 I [2 T1430  ..] [schedu][0x1e81ee2ed][05: 05:11.301236] wlan: [1430:I:OSIF] scan start scan id 41098
01-06 05:05:12.849   944   944 D HDMI    : [P]:AllocatedAddress=[]
01-06 05:05:07.033     0     0 I [6 T1430  ..] [schedu][0x1e837d2a7][05: 05:12.935470] wlan: [1430:I:OSIF] vdev 0, scan id 41098 type COMPLETED(1) reason COMPLETED(1) scan found 78 bss
01-06 05:06:03.463     0     0 W [1 T15833 ..] audit: audit_lost=58966 audit_rate_limit=5 audit_backlog_limit=64
01-06 05:06:03.463     0     0 E [1 T15833 ..] audit: rate limit exceeded
01-06 05:06:05.392     0     0 I [1 T1430  ..] [schedu][0x1ebb24cf6][05: 06:11.293821] wlan: [1430:I:OSIF] scan start scan id 41099
01-06 05:06:12.853   944   944 D HDMI    : [P]:AllocatedAddress=[]
01-06 05:06:07.027     0     0 I [7 T1430  ..] [schedu][0x1ebcb40f7][05: 06:12.929151] wlan: [1430:I:OSIF] vdev 0, scan id 41099 type COMPLETED(1) reason COMPLETED(1) scan found 73 bss
01-06 05:06:24.116   944  6331 I ActivityManager: Background started FGS: Allowed [callingPackage: com.brdgwtr.metrics.service; callingUid: 10043; uidState: BTOP; intent: Intent { act=ACTION_START_FOREGROUND cmp=com.brdgwtr.metrics.service/androidx.work.impl.foreground.SystemForegroundService (has extras) }; code:PROC_STATE_BTOP; tempAllowListReason:<null>; targetSdkVersion:30; callerTargetSdkVersion:30; startForegroundCount:0; bindFromPackage:null]
01-06 05:06:24.122   944  6331 W ProcessStats: Tracking association SourceState{58fbe86 system/1000 BTopFgs #2851} whose proc state 2 is better than process ProcessState{a2bd69d com.sonos.connectivity/10082 pkg=com.sonos.connectivity} proc state 3 (41 skipped)
01-06 05:06:24.123   944 11964 W ActivityManager: Foreground service started from background can not have location/camera/microphone access: service com.brdgwtr.metrics.service/androidx.work.impl.foreground.SystemForegroundService
01-06 05:06:24.125   944   976 I ActivityManager: Deferring FGS notification in legacy app com.brdgwtr.metrics.service/u0a43 : Notification(channel=EventLogSyncWorker shortcut=null contentView=null vibrate=null sound=null defaults=0x0 flags=0x42 color=0x00000000 vis=PRIVATE)
01-06 05:07:03.543     0     0 W [2 T15856 ..] audit: audit_lost=59099 audit_rate_limit=5 audit_backlog_limit=64
01-06 05:07:03.543     0     0 E [2 T15856 ..] audit: rate limit exceeded
01-06 05:07:05.399     0     0 I [0 T1430  ..] [schedu][0x1ef45ef8b][05: 07:11.300882] wlan: [1430:I:OSIF] scan start scan id 41100
01-06 05:07:12.845   944   944 D HDMI    : [P]:AllocatedAddress=[]
01-06 05:07:07.030     0     0 I [2 T1430  ..] [schedu][0x1ef5ed2c1][05: 07:12.931912] wlan: [1430:I:OSIF] vdev 0, scan id 41100 type COMPLETED(1) reason COMPLETED(1) scan found 76 bss
01-06 05:08:03.624     0     0 W [1 T15883 ..] audit: audit_lost=59223 audit_rate_limit=5 audit_backlog_limit=64
01-06 05:08:03.624     0     0 E [1 T15883 ..] audit: rate limit exceeded
01-06 05:08:05.398     0     0 I [2 T1430  ..] [schedu][0x1f2d973be][05: 08:11.300164] wlan: [1430:I:OSIF] scan start scan id 41101
01-06 05:08:12.857   944   944 D HDMI    : [P]:AllocatedAddress=[]
01-06 05:08:07.032     0     0 I [7 T1430  ..] [schedu][0x1f2f26179][05: 08:12.933888] wlan: [1430:I:OSIF] vdev 0, scan id 41101 type COMPLETED(1) reason COMPLETED(1) scan found 64 bss
01-06 05:09:04.588   944   975 I UsageStatsService: User[0] Flushing usage stats to disk
01-06 05:09:03.725     0     0 W [0 T15909 ..] audit: audit_lost=59356 audit_rate_limit=5 audit_backlog_limit=64
01-06 05:09:03.726     0     0 E [0 T15909 ..] audit: rate limit exceeded
01-06 05:09:05.408     0     0 I [3 T1430  ..] [schedu][0x1f66d243a][05: 09:11.310785] wlan: [1430:I:OSIF] scan start scan id 41102
01-06 05:09:12.853   944   944 D HDMI    : [P]:AllocatedAddress=[]
01-06 05:09:07.038     0     0 I [3 T1430  ..] [schedu][0x1f686031f][05: 09:12.940710] wlan: [1430:I:OSIF] vdev 0, scan id 41102 type COMPLETED(1) reason COMPLETED(1) scan found 75 bss
01-06 05:09:41.519   944  2869 W ProcessStats: Tracking association SourceState{3ece10a com.brdgwtr.publisherservice/10044 BTopFgs #2866} whose proc state 2 is better than process ProcessState{d13fea com.brdgwtr.dms/10050 pkg=com.brdgwtr.dms} proc state 3 (5 skipped)
01-06 05:10:03.820     0     0 W [0 T15938 ..] audit: audit_lost=59453 audit_rate_limit=5 audit_backlog_limit=64
01-06 05:10:03.821     0     0 E [0 T15938 ..] audit: rate limit exceeded
01-06 05:10:05.401     0     0 I [1 T1430  ..] [schedu][0x1fa008fd1][05: 10:11.303768] wlan: [1430:I:OSIF] scan start scan id 41103
01-06 05:10:12.853   944   944 D HDMI    : [P]:AllocatedAddress=[]
01-06 05:10:07.038     0     0 I [7 T1430  ..] [schedu][0x1fa1989f5][05: 10:12.940669] wlan: [1430:I:OSIF] vdev 0, scan id 41103 type COMPLETED(1) reason COMPLETED(1) scan found 73 bss
01-06 05:11:07.254   944   976 W ProcessStats: Tracking association SourceState{58fbe86 system/1000 BTopFgs #2885} whose proc state 2 is better than process ProcessState{a2bd69d com.sonos.connectivity/10082 pkg=com.sonos.connectivity} proc state 3 (41 skipped)
01-06 05:11:07.663   944   967 D sysclock_state: set to SYNCED, reason: OK
01-06 05:11:03.911     0     0 W [3 T15971 ..] audit: audit_lost=59736 audit_rate_limit=5 audit_backlog_limit=64
01-06 05:11:03.911     0     0 E [3 T15971 ..] audit: rate limit exceeded
01-06 05:11:05.411     0     0 I [1 T1430  ..] [schedu][0x1fd943c00][05: 11:11.313287] wlan: [1430:I:OSIF] scan start scan id 41104
01-06 05:11:12.865   944   944 D HDMI    : [P]:AllocatedAddress=[]
01-06 05:11:07.049     0     0 I [6 T1430  ..] [schedu][0x1fdad3940][05: 11:12.950984] wlan: [1430:I:OSIF] vdev 0, scan id 41104 type COMPLETED(1) reason COMPLETED(1) scan found 73 bss
01-06 05:12:04.006     0     0 W [0 T15994 ..] audit: audit_lost=59881 audit_rate_limit=5 audit_backlog_limit=64
01-06 05:12:04.006     0     0 E [0 T15994 ..] audit: rate limit exceeded
01-06 05:12:05.415     0     0 I [1 T1430  ..] [schedu][0x20127d1be][05: 12:11.317061] wlan: [1430:I:OSIF] scan start scan id 41105
01-06 05:12:12.861   944   944 D HDMI    : [P]:AllocatedAddress=[]
01-06 05:12:06.981     0     0 I [7 T1430  ..] [schedu][0x2013fb739][05: 12:12.883137] wlan: [1430:I:OSIF] vdev 0, scan id 41105 type COMPLETED(1) reason COMPLETED(1) scan found 75 bss
01-06 05:13:04.092     0     0 W [0 T16014 ..] audit: audit_lost=59969 audit_rate_limit=5 audit_backlog_limit=64
01-06 05:13:04.092     0     0 E [0 T16014 ..] audit: rate limit exceeded
01-06 05:13:05.427     0     0 I [3 T1430  ..] [schedu][0x204bb8a7f][05: 13:11.329798] wlan: [1430:I:OSIF] scan start scan id 41106
01-06 05:13:12.869   944   944 D HDMI    : [P]:AllocatedAddress=[]
01-06 05:13:07.061     0     0 I [7 T1430  ..] [schedu][0x204d477ce][05: 13:12.963414] wlan: [1430:I:OSIF] vdev 0, scan id 41106 type COMPLETED(1) reason COMPLETED(1) scan found 73 bss
01-06 05:14:04.173     0     0 W [2 T16031 ..] audit: audit_lost=60024 audit_rate_limit=5 audit_backlog_limit=64
01-06 05:14:04.173     0     0 E [2 T16031 ..] audit: rate limit exceeded
01-06 05:14:05.435     0     0 I [3 T1430  ..] [schedu][0x2084f2f44][05: 14:11.337419] wlan: [1430:I:OSIF] scan start scan id 41107
01-06 05:14:12.869   944   944 D HDMI    : [P]:AllocatedAddress=[]
01-06 05:14:07.097     0     0 I [5 T1430  ..] [schedu][0x208688b52][05: 14:12.999386] wlan: [1430:I:OSIF] vdev 0, scan id 41107 type COMPLETED(1) reason COMPLETED(1) scan found 78 bss
01-06 05:15:04.247     0     0 W [3 T16059 ..] audit: audit_lost=60073 audit_rate_limit=5 audit_backlog_limit=64
01-06 05:15:04.247     0     0 E [3 T16059 ..] audit: rate limit exceeded
01-06 05:15:05.438     0     0 I [4 T1430  ..] [schedu][0x20be2c015][05: 15:11.339932] wlan: [1430:I:OSIF] scan start scan id 41108
01-06 05:15:12.861   944   944 D HDMI    : [P]:AllocatedAddress=[]
01-06 05:15:06.998     0     0 I [2 T1430  ..] [schedu][0x20bfa8db5][05: 15:12.899900] wlan: [1430:I:OSIF] vdev 0, scan id 41108 type COMPLETED(1) reason COMPLETED(1) scan found 77 bss
01-06 05:16:04.344     0     0 W [2 T16080 ..] audit: audit_lost=60311 audit_rate_limit=5 audit_backlog_limit=64
01-06 05:16:04.344     0     0 E [2 T16080 ..] audit: rate limit exceeded
01-06 05:16:05.431     0     0 I [2 T1430  ..] [schedu][0x20f762e62][05: 16:11.333609] wlan: [1430:I:OSIF] scan start scan id 41109
01-06 05:16:12.869   944   944 D HDMI    : [P]:AllocatedAddress=[]
01-06 05:16:07.006     0     0 I [7 T1430  ..] [schedu][0x20f8e3734][05: 16:12.908731] wlan: [1430:I:OSIF] vdev 0, scan id 41109 type COMPLETED(1) reason COMPLETED(1) scan found 71 bss
01-06 05:17:04.447     0     0 W [2 T16101 ..] audit: audit_lost=60432 audit_rate_limit=5 audit_backlog_limit=64
01-06 05:17:04.447     0     0 E [2 T16101 ..] audit: rate limit exceeded
01-06 05:17:05.442     0     0 I [3 T1430  ..] [schedu][0x21309de8f][05: 17:11.344150] wlan: [1430:I:OSIF] scan start scan id 41110
01-06 05:17:12.869   944   944 D HDMI    : [P]:AllocatedAddress=[]
01-06 05:17:07.011     0     0 I [3 T1430  ..] [schedu][0x21321d00e][05: 17:12.913301] wlan: [1430:I:OSIF] vdev 0, scan id 41110 type COMPLETED(1) reason COMPLETED(1) scan found 74 bss
01-06 05:18:04.532     0     0 W [0 T16122 ..] audit: audit_lost=60514 audit_rate_limit=5 audit_backlog_limit=64
01-06 05:18:04.532     0     0 E [0 T16122 ..] audit: rate limit exceeded
01-06 05:18:05.436     0     0 I [3 T1430  ..] [schedu][0x2169d5068][05: 18:11.338735] wlan: [1430:I:OSIF] scan start scan id 41111
01-06 05:18:12.869   944   944 D HDMI    : [P]:AllocatedAddress=[]
01-06 05:18:07.022     0     0 I [6 T1430  ..] [schedu][0x216b581e1][05: 18:12.924265] wlan: [1430:I:OSIF] vdev 0, scan id 41111 type COMPLETED(1) reason COMPLETED(1) scan found 80 bss
01-06 05:18:36.216     0     0 E [7 T528   ..] [wifi@1][0x21872f7c0][05: 18:42.117959] wlan: [528:E:OSIF] wlan_hdd_set_station_stats_request_pending: peer is null
01-06 05:18:42.125   944   983 W BatteryExternalStatsWorker: error reading modem stats:ERROR_PHONE_NOT_AVAILABLE
01-06 05:18:56.180   944   999 V DisplayPowerController[0]: Brightness [0.39763778] reason changing to: 'manual', previous reason: 'manual [ dim ]'.
01-06 05:18:56.180   944   999 I DisplayPowerController[0]: BrightnessEvent: disp=0, physDisp=local:4633127902230889483, brt=0.39763778, initBrt=0.05, rcmdBrt=NaN, preBrt=NaN, lux=0.0, preLux=0.0, hbmMax=1.0, hbmMode=off, rbcStrength=0, powerFactor=1.0, thrmMax=1.0, wasShortTermModelActive=false, flags=, reason=manual, autoBrightness=false
01-06 05:18:56.182   944  1206 E DisplayDeviceConfig: requesting nits when no mapping exists.
01-06 05:18:56.184   944  1206 E DisplayDeviceConfig: requesting nits when no mapping exists.
01-06 05:18:56.185   944   976 I DropBoxManagerService: add tag=system_server_wtf isTagEnabled=true flags=0x2
01-06 05:18:56.188   944   976 I DropBoxManagerService: add tag=system_server_wtf isTagEnabled=true flags=0x2
01-06 05:18:56.199   944  1206 E DisplayDeviceConfig: requesting nits when no mapping exists.
01-06 05:18:56.201   944  1206 E DisplayDeviceConfig: requesting nits when no mapping exists.
01-06 05:18:56.210   944   976 I DropBoxManagerService: add tag=system_server_wtf isTagEnabled=true flags=0x2
01-06 05:18:56.215   944  1206 E DisplayDeviceConfig: requesting nits when no mapping exists.
01-06 05:18:56.216   944   976 I DropBoxManagerService: add tag=system_server_wtf isTagEnabled=true flags=0x2
01-06 05:18:56.216   944  1206 E DisplayDeviceConfig: requesting nits when no mapping exists.
01-06 05:18:56.221   944   976 I DropBoxManagerService: add tag=system_server_wtf isTagEnabled=true flags=0x2
01-06 05:18:56.227   944   976 I DropBoxManagerService: add tag=system_server_wtf isTagEnabled=true flags=0x2
01-06 05:18:56.232   944  1206 E DisplayDeviceConfig: requesting nits when no mapping exists.
01-06 05:18:56.232   944  1206 E DisplayDeviceConfig: requesting nits when no mapping exists.
01-06 05:18:56.248   944  1206 E DisplayDeviceConfig: requesting nits when no mapping exists.
01-06 05:18:56.248   944  1206 E DisplayDeviceConfig: requesting nits when no mapping exists.
01-06 05:18:56.264   944  1206 E DisplayDeviceConfig: requesting nits when no mapping exists.
01-06 05:18:56.265   944  1206 E DisplayDeviceConfig: requesting nits when no mapping exists.
01-06 05:18:56.279   944  1206 E DisplayDeviceConfig: requesting nits when no mapping exists.
01-06 05:18:56.280   944  1206 E DisplayDeviceConfig: requesting nits when no mapping exists.
01-06 05:18:56.296   944  1206 E DisplayDeviceConfig: requesting nits when no mapping exists.
01-06 05:18:56.296   944  1206 E DisplayDeviceConfig: requesting nits when no mapping exists.
01-06 05:18:56.313   944  1206 E DisplayDeviceConfig: requesting nits when no mapping exists.
01-06 05:18:56.313   944  1206 E DisplayDeviceConfig: requesting nits when no mapping exists.
01-06 05:18:56.330   944  1206 E DisplayDeviceConfig: requesting nits when no mapping exists.
01-06 05:18:56.331   944  1206 E DisplayDeviceConfig: requesting nits when no mapping exists.
01-06 05:18:56.346   944  1206 E DisplayDeviceConfig: requesting nits when no mapping exists.
01-06 05:18:56.347   944  1206 E DisplayDeviceConfig: requesting nits when no mapping exists.
01-06 05:18:56.363   944  1206 E DisplayDeviceConfig: requesting nits when no mapping exists.
01-06 05:18:56.364   944  1206 E DisplayDeviceConfig: requesting nits when no mapping exists.
01-06 05:18:56.380   944  1206 E DisplayDeviceConfig: requesting nits when no mapping exists.
01-06 05:18:56.381   944  1206 E DisplayDeviceConfig: requesting nits when no mapping exists.
01-06 05:18:56.396   944  1206 E DisplayDeviceConfig: requesting nits when no mapping exists.
01-06 05:18:56.397   944  1206 E DisplayDeviceConfig: requesting nits when no mapping exists.
01-06 05:18:56.413   944  1206 E DisplayDeviceConfig: requesting nits when no mapping exists.
01-06 05:18:56.415   944  1206 E DisplayDeviceConfig: requesting nits when no mapping exists.
01-06 05:18:56.431   944  1206 E DisplayDeviceConfig: requesting nits when no mapping exists.
01-06 05:18:56.432   944  1206 E DisplayDeviceConfig: requesting nits when no mapping exists.
01-06 05:18:56.447   944  1206 E DisplayDeviceConfig: requesting nits when no mapping exists.
01-06 05:18:56.448   944  1206 E DisplayDeviceConfig: requesting nits when no mapping exists.
01-06 05:18:56.464   944  1206 E DisplayDeviceConfig: requesting nits when no mapping exists.
01-06 05:18:56.465   944  1206 E DisplayDeviceConfig: requesting nits when no mapping exists.
01-06 05:18:56.480   944  1206 E DisplayDeviceConfig: requesting nits when no mapping exists.
01-06 05:18:56.481   944  1206 E DisplayDeviceConfig: requesting nits when no mapping exists.
01-06 05:18:56.497   944  1206 E DisplayDeviceConfig: requesting nits when no mapping exists.
01-06 05:18:56.498   944  1206 E DisplayDeviceConfig: requesting nits when no mapping exists.
01-06 05:18:56.514   944  1206 E DisplayDeviceConfig: requesting nits when no mapping exists.
01-06 05:18:56.515   944  1206 E DisplayDeviceConfig: requesting nits when no mapping exists.
01-06 05:18:56.530   944  1206 E DisplayDeviceConfig: requesting nits when no mapping exists.
01-06 05:18:56.531   944  1206 E DisplayDeviceConfig: requesting nits when no mapping exists.
01-06 05:18:56.547   944  1206 E DisplayDeviceConfig: requesting nits when no mapping exists.
01-06 05:18:56.548   944  1206 E DisplayDeviceConfig: requesting nits when no mapping exists.
01-06 05:18:56.563   944  1206 E DisplayDeviceConfig: requesting nits when no mapping exists.
01-06 05:18:56.564   944  1206 E DisplayDeviceConfig: requesting nits when no mapping exists.
01-06 05:18:56.580   944  1206 E DisplayDeviceConfig: requesting nits when no mapping exists.
01-06 05:18:56.580   944  1206 E DisplayDeviceConfig: requesting nits when no mapping exists.
01-06 05:18:56.597   944  1206 E DisplayDeviceConfig: requesting nits when no mapping exists.
01-06 05:18:56.598   944  1206 E DisplayDeviceConfig: requesting nits when no mapping exists.
01-06 05:18:56.613   944  1206 E DisplayDeviceConfig: requesting nits when no mapping exists.
01-06 05:18:56.614   944  1206 E DisplayDeviceConfig: requesting nits when no mapping exists.
01-06 05:18:56.630   944  1206 E DisplayDeviceConfig: requesting nits when no mapping exists.
01-06 05:18:56.631   944  1206 E DisplayDeviceConfig: requesting nits when no mapping exists.
01-06 05:18:56.646   944  1206 E DisplayDeviceConfig: requesting nits when no mapping exists.
01-06 05:18:56.647   944  1206 E DisplayDeviceConfig: requesting nits when no mapping exists.
01-06 05:18:56.663   944  1206 E DisplayDeviceConfig: requesting nits when no mapping exists.
01-06 05:18:56.663   944  1206 E DisplayDeviceConfig: requesting nits when no mapping exists.
01-06 05:18:56.680   944  1206 E DisplayDeviceConfig: requesting nits when no mapping exists.
01-06 05:18:56.681   944  1206 E DisplayDeviceConfig: requesting nits when no mapping exists.
01-06 05:18:56.697   944  1206 E DisplayDeviceConfig: requesting nits when no mapping exists.
01-06 05:18:56.698   944  1206 E DisplayDeviceConfig: requesting nits when no mapping exists.
01-06 05:18:56.714   944  1206 E DisplayDeviceConfig: requesting nits when no mapping exists.
01-06 05:18:56.715   944  1206 E DisplayDeviceConfig: requesting nits when no mapping exists.
01-06 05:18:56.730   944  1206 E DisplayDeviceConfig: requesting nits when no mapping exists.
01-06 05:18:56.730   944  1206 E DisplayDeviceConfig: requesting nits when no mapping exists.
01-06 05:18:56.747   944  1206 E DisplayDeviceConfig: requesting nits when no mapping exists.
01-06 05:18:56.748   944  1206 E DisplayDeviceConfig: requesting nits when no mapping exists.
01-06 05:18:56.763   944  1206 E DisplayDeviceConfig: requesting nits when no mapping exists.
01-06 05:18:56.763   944  1206 E DisplayDeviceConfig: requesting nits when no mapping exists.
01-06 05:18:56.780   944  1206 E DisplayDeviceConfig: requesting nits when no mapping exists.
01-06 05:18:56.781   944  1206 E DisplayDeviceConfig: requesting nits when no mapping exists.
01-06 05:18:56.797   944  1206 E DisplayDeviceConfig: requesting nits when no mapping exists.
01-06 05:18:56.798   944  1206 E DisplayDeviceConfig: requesting nits when no mapping exists.
01-06 05:18:56.813   944  1206 E DisplayDeviceConfig: requesting nits when no mapping exists.
01-06 05:18:56.814   944   999 I DisplayPowerController[0]: BrightnessEvent: disp=0, physDisp=local:4633127902230889483, brt=0.39763778, initBrt=0.39763778, rcmdBrt=NaN, preBrt=NaN, lux=0.0, preLux=0.0, hbmMax=1.0, hbmMode=off, rbcStrength=0, powerFactor=1.0, thrmMax=1.0, wasShortTermModelActive=false, flags=, reason=manual, autoBrightness=false
01-06 05:18:56.815   944  1206 E DisplayDeviceConfig: requesting nits when no mapping exists.
01-06 05:19:04.627     0     0 W [2 T16195 ..] audit: audit_lost=60596 audit_rate_limit=5 audit_backlog_limit=64
01-06 05:19:04.627     0     0 E [2 T16195 ..] audit: rate limit exceeded
01-06 05:19:05.448     0     0 I [2 T1430  ..] [schedu][0x21a3103e9][05: 19:11.350128] wlan: [1430:I:OSIF] scan start scan id 41112
01-06 05:19:12.873   944   944 D HDMI    : [P]:AllocatedAddress=[]
01-06 05:19:07.024     0     0 I [1 T1430  ..] [schedu][0x21a4910b8][05: 19:12.926270] wlan: [1430:I:OSIF] vdev 0, scan id 41112 type COMPLETED(1) reason COMPLETED(1) scan found 72 bss
01-06 05:19:43.299   944  1607 W ProcessStats: Tracking association SourceState{3ece10a com.brdgwtr.publisherservice/10044 BTopFgs #2912} whose proc state 2 is better than process ProcessState{d13fea com.brdgwtr.dms/10050 pkg=com.brdgwtr.dms} proc state 3 (7 skipped)
01-06 05:20:04.730     0     0 W [0 T16228 ..] audit: audit_lost=60978 audit_rate_limit=5 audit_backlog_limit=64
01-06 05:20:04.730     0     0 E [0 T16228 ..] audit: rate limit exceeded
01-06 05:20:05.464     0     0 I [3 T1430  ..] [schedu][0x21dc4cb0e][05: 20:11.366549] wlan: [1430:I:OSIF] scan start scan id 41113
01-06 05:20:12.873   944   944 D HDMI    : [P]:AllocatedAddress=[]
01-06 05:20:07.031     0     0 I [3 T1430  ..] [schedu][0x21ddcb1f9][05: 20:12.932992] wlan: [1430:I:OSIF] vdev 0, scan id 41113 type COMPLETED(1) reason COMPLETED(1) scan found 73 bss
01-06 05:20:25.969   944  1607 I ActivityTaskManager: START u0 {act=android.intent.action.VIEW dat=https://api.ws.sonos.com/... pkg=com.sonos.tv.launcher cmp=com.sonos.tv.launcher/com.sonos.tv.contentguidelauncher.MainActivity (has extras)} from uid 10058
01-06 05:20:25.999   944   970 W ProcessStats: Tracking association SourceState{58fbe86 system/1000 BTopFgs #2931} whose proc state 2 is better than process ProcessState{a2bd69d com.sonos.connectivity/10082 pkg=com.sonos.connectivity} proc state 3 (41 skipped)
01-06 05:20:30.186   944  1221 D CompatibilityChangeReporter: Compat change id reported: 161252188; UID 10099; state: ENABLED
01-06 05:20:30.186   944  1221 I ActivityTaskManager: START u0 {act=android.intent.action.MAIN cat=[android.intent.category.LEANBACK_LAUNCHER] flg=0x10004000 pkg=com.disney.disneyplus cmp=com.disney.disneyplus/com.bamtechmedia.dominguez.main.MainActivity} from uid 10062
01-06 05:20:30.196   944  1221 D CompatibilityChangeReporter: Compat change id reported: 194480991; UID 10099; state: ENABLED
01-06 05:20:30.196   944  1221 D CompatibilityChangeReporter: Compat change id reported: 174042980; UID 10099; state: DISABLED
01-06 05:20:30.198   944  1221 D CompatibilityChangeReporter: Compat change id reported: 184838306; UID 10099; state: DISABLED
01-06 05:20:30.199   944  1221 D CompatibilityChangeReporter: Compat change id reported: 185004937; UID 10099; state: DISABLED
01-06 05:20:30.199   944  1221 D CompatibilityChangeReporter: Compat change id reported: 181136395; UID 10099; state: DISABLED
01-06 05:20:30.199   944  1221 D CompatibilityChangeReporter: Compat change id reported: 174042936; UID 10099; state: DISABLED
01-06 05:20:30.200   944  1221 D CompatibilityChangeReporter: Compat change id reported: 197654537; UID 10099; state: ENABLED
01-06 05:20:30.202   944  1221 D CompatibilityChangeReporter: Compat change id reported: 205907456; UID 10099; state: ENABLED
01-06 05:20:30.205   944  1221 D CompatibilityChangeReporter: Compat change id reported: 194833441; UID 10099; state: ENABLED
01-06 05:20:30.208   944   970 D CompatibilityChangeReporter: Compat change id reported: 135634846; UID 10099; state: DISABLED
01-06 05:20:30.208   944   970 D CompatibilityChangeReporter: Compat change id reported: 177438394; UID 10099; state: DISABLED
01-06 05:20:30.208   944   970 D CompatibilityChangeReporter: Compat change id reported: 135772972; UID 10099; state: DISABLED
01-06 05:20:30.209   944   970 D CompatibilityChangeReporter: Compat change id reported: 135754954; UID 10099; state: ENABLED
01-06 05:20:30.210   944   977 D CompatibilityChangeReporter: Compat change id reported: 143937733; UID 10099; state: ENABLED
01-06 05:20:30.219  1234  1296 W ShellStartingWindow: Window background does not exist, using android.graphics.drawable.ColorDrawable@c52cfe9
01-06 05:20:30.224   944  1607 D CoreBackPreview: Window{4b6d8f u0 Splash Screen com.disney.disneyplus}: Setting back callback OnBackInvokedCallbackInfo{mCallback=android.window.IOnBackInvokedCallback$Stub$Proxy@5320c25, mPriority=0}
01-06 05:20:30.251   944   977 I ActivityManager: Start proc 16279:com.disney.disneyplus/u0a99 for next-top-activity {com.disney.disneyplus/com.bamtechmedia.dominguez.main.MainActivity}
01-06 05:20:24.434     0     0 W [5 T16296 ..] audit: audit_lost=61273 audit_rate_limit=5 audit_backlog_limit=64
01-06 05:20:24.434     0     0 E [5 T16296 ..] audit: rate limit exceeded
01-06 05:20:24.781     0     0 I [5 T2871  ..] [snd-soc]: update audio atmos flag! audio_type = 0
01-06 05:20:30.697   944  1607 D CompatibilityChangeReporter: Compat change id reported: 161145287; UID 10099; state: DISABLED
01-06 05:20:30.698  1367  1599 W ContextImpl: Calling a method in the system process without a qualified user: android.app.ContextImpl.sendBroadcast:1189 android.content.ContextWrapper.sendBroadcast:500 com.droidlogic.audioservice.services.AudioSystemCmdService$1.onUEvent:184 com.droidlogic.UEventObserver$UEventThread.sendEvent:213 com.droidlogic.UEventObserver$UEventThread.run:190 
01-06 05:20:24.830     0     0 I         : [3 T3007  ..] asoc-aml-card auge_sound: TDM[1] Playback stop
01-06 05:20:24.830     0     0 D [3 T3007  ..] [snd-soc]: spdif_a is set to disable
01-06 05:20:24.830     0     0 D [3 T3007  ..] [snd-soc]: spdif_b is set to disable
01-06 05:20:24.830     0     0 I [3 T3007  ..] [snd-soc]: ss_free() samesrc 3, lvl 1
01-06 05:20:24.830     0     0 I [3 T3007  ..] [snd-soc]: ss_free() samesrc 4, lvl 2
01-06 05:20:24.830     0     0 I [3 T3007  ..] audio_ddr_mngr: frddrs[0] released by device fe330000.audiobus:tdm@1
01-06 05:20:24.834     0     0 I [5 T5180  ..] [snd-soc]: dd+ drc mode : RF
01-06 05:20:24.834     0     0 I [5 T5180  ..] [snd-soc]: dd+ drc high cut scale : 0%
01-06 05:20:24.834     0     0 I [5 T5180  ..] [snd-soc]: dd+ drc low boost scale : 0%
01-06 05:20:24.835     0     0 I [5 T5180  ..] [debug]: audio_utils_open
01-06 05:20:24.835     0     0 I [5 T5180  ..] [debug]: audio_utils_release
01-06 05:20:24.837     0     0 E [5 T5180  ..] [secmon]: DBG=======> dolby_fw_ioctl 438 cmd:0x40 arg3=0
01-06 05:20:24.857     0     0 E [6 T5180  ..] [secmon]: DBG=======> dolby_fw_ioctl 438 cmd:0x41 arg3=0
01-06 05:20:24.857     0     0 E [6 T5180  ..] [secmon]: DBG=======> dolby_fw_verify_lib_resp 296 DOLBY_FW_VERIFY_LIB_RESP arg3=0
01-06 05:20:24.859     0     0 E [6 T5180  ..] [secmon]: DBG=======> dolby_fw_ioctl 438 cmd:0x50 arg3=0
01-06 05:20:24.859     0     0 E [6 T5180  ..] [secmon]: DBG=======> dolby_fw_ioctl 438 cmd:0x60 arg3=0
01-06 05:20:24.860     0     0 E [6 T5180  ..] [secmon]: DBG=======> dolby_fw_critical_query 389 DOLBY_FW_CRITICAL_DATA_QUERY arg3=0
01-06 05:20:24.868     0     0 I [6 T5180  ..] [snd-soc]: dd+ drc mode : RF
01-06 05:20:24.868     0     0 I [6 T5180  ..] [snd-soc]: dd+ drc high cut scale : 0%
01-06 05:20:24.868     0     0 I [6 T5180  ..] [snd-soc]: dd+ drc low boost scale : 0%
01-06 05:20:24.872     0     0 I [2 T16312 ..] audio_ddr_mngr: frddrs[0] registered by device fe330000.audiobus:tdm@1
01-06 05:20:24.872     0     0 I [2 T16312 ..] [snd-soc]: aml_audio_reset, reg 0xa, shift 9, use_vadtop 0
01-06 05:20:24.872     0     0 I [2 T16312 ..] [snd-soc]: aml_audio_reset, reg 0xa, shift 13, use_vadtop 0
01-06 05:20:24.872     0     0 D [2 T16312 ..] [snd-soc]: spdif_a fifo ctrl, frddr:0 type:1, 16 bits, chmask 0x3, swap 0x10
01-06 05:20:24.872     0     0 D [2 T16312 ..] iec_info: rate: 48000, codec_type:0x0, channel status L:0x2000100, R:0x2000100
01-06 05:20:24.872     0     0 I         : [2 T16312 ..] err chn msk, must larger than 0
01-06 05:20:24.872     0     0 I         : [2 T16312 ..] hdmitx_notify_callback_a[3794] aud_src_if is 0, aud_output_ch is 0x0, reset aud_output_ch as 0
01-06 05:20:24.872     0     0 D [2 T16312 ..] [snd-soc]: spdif_b fifo ctrl, frddr:0 type:1, 16 bits, chmask 0x3, swap 0x10
01-06 05:20:24.872     0     0 D [2 T16312 ..] iec_info: rate: 48000, codec_type:0x0, channel status L:0x2000100, R:0x2000100
01-06 05:20:24.886     0     0 I         : [3 T16312 ..] asoc-aml-card auge_sound: TDM[1] Playback enable
01-06 05:20:24.886     0     0 D [3 T16312 ..] [snd-soc]: spdif_a is set to enable
01-06 05:20:24.886     0     0 D [3 T16312 ..] [snd-soc]: spdif_b is set to enable
01-06 05:20:31.081   944  2869 D CoreBackPreview: Window{9b0a55a u0 com.disney.disneyplus/com.bamtechmedia.dominguez.main.MainActivity}: Setting back callback OnBackInvokedCallbackInfo{mCallback=android.window.IOnBackInvokedCallback$Stub$Proxy@7bc0c68, mPriority=0}
01-06 05:20:31.156   944 14499 D CoreBackPreview: Window{4b6d8f u0 Splash Screen com.disney.disneyplus EXITING}: Setting back callback null
01-06 05:20:31.186   944  1607 D CompatibilityChangeReporter: Compat change id reported: 214016041; UID 10099; state: ENABLED
01-06 05:20:31.405   944 14499 D MediaMetricsManagerService: failed to get player_metrics_app_blocklist from DeviceConfig
01-06 05:20:31.405   944 14499 V MediaMetricsManagerService: Logging level blocked: Failed to get PLAYER_METRICS_APP_BLOCKLIST.
01-06 05:20:31.411   944 14499 D MediaMetricsManagerService: failed to get player_metrics_app_blocklist from DeviceConfig
01-06 05:20:31.411   944 14499 V MediaMetricsManagerService: Logging level blocked: Failed to get PLAYER_METRICS_APP_BLOCKLIST.
01-06 05:20:31.468   944  1221 D MediaMetricsManagerService: failed to get player_metrics_app_blocklist from DeviceConfig
01-06 05:20:31.468   944  1221 V MediaMetricsManagerService: Logging level blocked: Failed to get PLAYER_METRICS_APP_BLOCKLIST.
01-06 05:20:25.565     0     0 I [5 T16380 ..] [amlv4l]: [81]: set dma buf mode: 1
01-06 05:20:25.565     0     0 I [5 T16380 ..] [amlv4l]: double write mode 3 margin 6
01-06 05:20:25.565     0     0 I [5 T16380 ..] [amlv4l]: vidioc_try_fmt, field: 1, fmt: 34363248
01-06 05:20:25.566     0     0 D [5 T16380 ..] [amlcom]: vdec_create instance 00000000f948046b, total 1, PM: power-domain
01-06 05:20:25.566     0     0 D [5 T16380 ..] [media_clock]: vdec mux clock is 799999988 Hz
01-06 05:20:25.566     0     0 I [5 T16380 ..] [amlcom]: vdec_init, dev_name:ammvdec_h264_v4l, vdec_type=VDEC_TYPE_FRAME_BLOCK, format: 2, total: 1
01-06 05:20:25.567     0     0 D [5 T16380 ..] [h264]: 0: pdata->config=parm_v4l_codec_enable:1;mh264_double_write_mode:3;parm_v4l_buffer_margin:6;parm_v4l_canvas_mem_mode:0;parm_v4l_canvas_mem_endian:0;parm_v4l_low_latency_mode:0;parm_v4l_metadata_config_flag:51202;parm_v4l_duration:0;
01-06 05:20:25.567     0     0 D [5 T16380 ..] [h264]: ammvdec_h264_mmu_init tvp = 0x0
01-06 05:20:31.485   944   976 W BroadcastQueue: Exported Denial: sending Intent { act=android.media.action.HDMI_AUDIO_PLUG flg=0x40000010 (has extras) }, action: android.media.action.HDMI_AUDIO_PLUG from null (uid=-1) due to receiver ProcessRecord{538c297 16279:com.disney.disneyplus/u0a99} (uid 10099) not specifying RECEIVER_EXPORTED
01-06 05:20:31.486   944   976 W BroadcastQueue: Exported Denial: sending Intent { act=android.hardware.usb.action.USB_STATE flg=0x31000010 (has extras) }, action: android.hardware.usb.action.USB_STATE from null (uid=-1) due to receiver ProcessRecord{538c297 16279:com.disney.disneyplus/u0a99} (uid 10099) not specifying RECEIVER_EXPORTED
01-06 05:20:25.587     0     0 D [6 T16380 ..] [media_clock]: vdec mux clock is 799999988 Hz
01-06 05:20:25.588     0     0 D [5 T16380 ..] [h264]: vh264_init, phy_addr=adaa9000 vaddr=00000000517752bb
01-06 05:20:25.592     0     0 I [1 T16377 ..] vframe_rate_uevent: sent uevent FRAME_RATE_HINT=4003
01-06 05:20:25.592     0     0 I [1 T16377 ..] [amlv4l]: [81]: set duration: fa3
01-06 05:20:25.593     0     0 I         : [1 T16386 d.] [dv_inst_map]map id 0
01-06 05:20:25.607     0     0 I [4 T16386 ..] [amlv4l]: [81]: seek force reset to drop es frames.
01-06 05:20:25.607     0     0 I [4 T16386 ..] [amlv4l]: [81]: reset mode: 1, es frames buffering: 0
01-06 05:20:25.607     0     0 D [4 T16386 ..] [h264]: 0: !!!wrong seq_info2 0x0 mb_width/mb_height (0x0/0x0) 1
01-06 05:20:25.611     0     0 I [7 T16380 ..] vframe_rate_uevent: sent uevent FRAME_RATE_HINT=0
01-06 05:20:25.612     0     0 D [7 T16380 ..] [amlcom]: vdec_release instance 00000000f948046b, total 1
01-06 05:20:25.612     0     0 D [7 T16380 ..] [media_clock]: the clk_vdec_mux    clock off, ref cnt: 0
01-06 05:20:25.613     0     0 I         : [7 T16380 ..] dv_inst_unmap 0
01-06 05:20:25.613     0     0 I         : [7 T16380 d.] dv_inst_unmap 0 OK
01-06 05:20:25.619     0     0 I [7 T16392 ..] [amlv4l]: [83]: set dma buf mode: 1
01-06 05:20:25.619     0     0 I [7 T16392 ..] [amlv4l]: double write mode 16 margin 6
01-06 05:20:25.619     0     0 I [7 T16392 ..] [amlv4l]: vidioc_try_fmt, field: 1, fmt: 34363248
01-06 05:20:25.620     0     0 D [7 T16392 ..] [amlcom]: vdec_create instance 000000001ba62cf0, total 1, PM: power-domain
01-06 05:20:25.620     0     0 D [7 T16392 ..] [media_clock]: vdec mux clock is 799999988 Hz
01-06 05:20:25.620     0     0 I [7 T16392 ..] [amlcom]: vdec_init, dev_name:ammvdec_h264_v4l, vdec_type=VDEC_TYPE_FRAME_BLOCK, format: 2, total: 1
01-06 05:20:25.622     0     0 D [7 T16392 ..] [h264]: 0: pdata->config=parm_v4l_codec_enable:1;mh264_double_write_mode:16;parm_v4l_buffer_margin:6;parm_v4l_canvas_mem_mode:0;parm_v4l_canvas_mem_endian:0;parm_v4l_low_latency_mode:0;parm_v4l_metadata_config_flag:2050;parm_v4l_duration:0;
01-06 05:20:25.622     0     0 D [7 T16392 ..] [h264]: ammvdec_h264_mmu_init tvp = 0x0
01-06 05:20:25.633     0     0 D [4 T16392 ..] [media_clock]: vdec mux clock is 799999988 Hz
01-06 05:20:31.537   944 14499 D MediaMetricsManagerService: failed to get player_metrics_app_blocklist from DeviceConfig
01-06 05:20:31.537   944 14499 V MediaMetricsManagerService: Logging level blocked: Failed to get PLAYER_METRICS_APP_BLOCKLIST.
01-06 05:20:25.636     0     0 D [5 T16392 ..] [h264]: vh264_init, phy_addr=adaa9000 vaddr=00000000ed615add
01-06 05:20:25.640     0     0 I         : [6 T16403 d.] [dv_inst_map]map id 0
01-06 05:20:25.640     0     0 I [6 T16403 d.] [dovi_t7_5_15_stb26]: Creating DV mp success
01-06 05:20:25.641     0     0 I [5 T16377 ..] vframe_rate_uevent: sent uevent FRAME_RATE_HINT=4003
01-06 05:20:25.641     0     0 I [5 T16377 ..] [amlv4l]: [83]: set duration: fa3
01-06 05:20:25.642     0     0 W         : [6 T16306 ..] [0] level_idc = 40 pic_size = 3133440 size = 4
01-06 05:20:25.642     0     0 W         : [6 T16306 ..]
01-06 05:20:25.642     0     0 D [6 T16306 ..] [h264]: 0: vmh264_get_ps_info mmu_enable 0 double_write_mode 0x10
01-06 05:20:25.642     0     0 I [6 T16306 ..] [amlv4l]: [83]: Parse from ucode, visible(1920 x 1080), coded(1920 x 1088), scan:P
01-06 05:20:25.643     0     0 I [7 T16403 ..] [amlv4l]: [83]: Picture buffer count: dec:7, vpp:0, ge2d:0, margin:6, total:13
01-06 05:20:25.643     0     0 I [7 T16403 ..] [amlv4l]: [83]: changes: 1
01-06 05:20:25.660     0     0 W         : [7 T16306 ..] [0] level_idc = 40 pic_size = 3133440 size = 4
01-06 05:20:25.660     0     0 W         : [7 T16306 ..]
01-06 05:20:25.660     0     0 D [7 T16306 ..] [h264]: 0: restriction_flag=0, max_dec_frame_buffering=4, dec_dpb_size=6 num_reorder_frames 2 used_reorder_dpb_size_margin 6
01-06 05:20:31.603   944 14499 D MediaMetricsManagerService: failed to get player_metrics_app_blocklist from DeviceConfig
01-06 05:20:31.603   944 14499 V MediaMetricsManagerService: Logging level blocked: Failed to get PLAYER_METRICS_APP_BLOCKLIST.
01-06 05:20:31.625   944  1177 D CompatibilityChangeReporter: Compat change id reported: 171306433; UID 1000; state: ENABLED
01-06 05:20:31.625   944  1177 D CompatibilityChangeReporter: Compat change id reported: 218533173; UID 1000; state: ENABLED
01-06 05:20:25.756     0     0 I [6 T2871  ..] [snd-soc]: update audio atmos flag! audio_type = 0
01-06 05:20:31.658  1367  1599 W ContextImpl: Calling a method in the system process without a qualified user: android.app.ContextImpl.sendBroadcast:1189 android.content.ContextWrapper.sendBroadcast:500 com.droidlogic.audioservice.services.AudioSystemCmdService$1.onUEvent:184 com.droidlogic.UEventObserver$UEventThread.sendEvent:213 com.droidlogic.UEventObserver$UEventThread.run:190 
01-06 05:20:25.894     0     0 I [1 T516   ..] vc: [0]vc: set enable index=0, val=1
01-06 05:20:25.894     0     0 I         : [1 T516   ..] dev->index =0, val=2
01-06 05:20:25.894     0     0 I [1 T516   ..] VID: VD1 off
01-06 05:20:25.894     0     0 I [1 T516   ..] VID: VD1 set global output as 1
01-06 05:20:25.894     0     0 I [1 T516   ..] VID: store VD0 path_id changed -1->2
01-06 05:20:25.894     0     0 I [0 T516   ..] vc: [0]sideband_type =-1
01-06 05:20:25.894     0     0 I         : [0 T516   ..] dev->index =0, val=0
01-06 05:20:25.921     0     0 I [0 T848   dh] vrr: [0]: vrr_drv_func_en, flag=0
01-06 05:20:26.027     0     0 I [7 T732   ..] dim: load 0x400 pq len 168 later.
01-06 05:20:26.027     0     0 I [7 T732   ..] dim: remove 0x400 table.
01-06 05:20:26.042     0     0 I [7 T732   ..] dim: load 0x1000 pq len 17 later.
01-06 05:20:26.042     0     0 I [7 T732   ..] dim: remove 0x1000 table.
01-06 05:20:26.044     0     0 I [7 T732   ..] dim: load 0x2000 pq len 32 later.
01-06 05:20:26.044     0     0 I [7 T732   ..] dim: remove 0x2000 table.
01-06 05:20:26.100     0     0 I [4 T732   ..] dim: load 0x200 pq len 25 later.
01-06 05:20:26.100     0     0 I [4 T732   ..] dim: remove 0x200 table.
01-06 05:20:26.107     0     0 I [4 T732   ..] dim: load 0x800 pq len 103 later.
01-06 05:20:26.107     0     0 I [4 T732   ..] dim: remove 0x800 table.
01-06 05:20:33.222   944  1753 E TaskPersister: File error accessing recents directory (directory doesn't exist?).
01-06 05:20:30.426     0     0 I [7 T16395 ..] [amlv4l]: [83]: changes: 10000
01-06 05:20:30.428     0     0 I [6 T16403 ..] [amlv4l]: [83]: reset mode: 1, es frames buffering: 0
01-06 05:20:30.434     0     0 I [6 T16403 ..] [amlv4l]: [83]: seek force reset to drop es frames.
01-06 05:20:30.434     0     0 I [6 T16403 ..] [amlv4l]: [83]: reset mode: 1, es frames buffering: 0
01-06 05:20:36.760   944  2869 D MediaMetricsManagerService: failed to get player_metrics_app_blocklist from DeviceConfig
01-06 05:20:36.760   944  2869 V MediaMetricsManagerService: Logging level blocked: Failed to get PLAYER_METRICS_APP_BLOCKLIST.
01-06 05:20:37.907   944 14499 W ActivityManager: Receiver with filter android.content.IntentFilter@ddb34b already registered for pid 16279, callerPackage is com.disney.disneyplus
01-06 05:20:37.924   944 14499 D CompatibilityChangeReporter: Compat change id reported: 194532703; UID 10099; state: ENABLED
01-06 05:20:39.504   944  2869 W ActivityManager: Unable to start service Intent { act=android.support.customtabs.action.CustomTabsService pkg=com.android.chrome } U=0: not found
01-06 05:20:33.765     0     0 I [0 T16403 ..] [amlv4l]: [83]: reset mode: 1, es frames buffering: 0
01-06 05:20:33.768     0     0 I [0 T16403 ..] [amlv4l]: [83]: seek force reset to drop es frames.
01-06 05:20:33.768     0     0 I [4 T16403 ..] [amlv4l]: [83]: reset mode: 1, es frames buffering: 0
01-06 05:20:33.781     0     0 I [5 T16377 ..] vframe_rate_uevent: sent uevent FRAME_RATE_HINT=4003
01-06 05:20:33.781     0     0 I [5 T16377 ..] [amlv4l]: [83]: set duration: fa3
01-06 05:20:33.799     0     0 I [6 T16403 ..] [amlv4l]: [83]: reset mode: 1, es frames buffering: 0
01-06 05:20:33.802     0     0 I [6 T16403 ..] [amlv4l]: [83]: seek force reset to drop es frames.
01-06 05:20:33.802     0     0 I [6 T16403 ..] [amlv4l]: [83]: reset mode: 1, es frames buffering: 0
01-06 05:20:39.708   944  2869 D MediaMetricsManagerService: failed to get player_metrics_app_blocklist from DeviceConfig
01-06 05:20:39.708   944  2869 V MediaMetricsManagerService: Logging level blocked: Failed to get PLAYER_METRICS_APP_BLOCKLIST.
01-06 05:20:33.816     0     0 I [6 T16392 ..] [amlv4l]: [83]: reset mode: 1, es frames buffering: 0
