01-06 02:49:14.462   944  2959 D SystemServerTimingAsync: ssm.onCompletedEventUser-0_{|Unlocked|}_com.android.server.gpu.GpuService
01-06 02:49:14.462   944  2959 V SystemServerTimingAsync: ssm.onCompletedEventUser-0_{|Unlocked|}_com.android.server.gpu.GpuService took to complete: 0ms
01-06 02:49:14.462   944  2959 D SystemServerTimingAsync: ssm.onCompletedEventUser-0_{|Unlocked|}_com.android.server.security.KeyChainSystemService
01-06 02:49:14.462   944  2959 V SystemServerTimingAsync: ssm.onCompletedEventUser-0_{|Unlocked|}_com.android.server.security.KeyChainSystemService took to complete: 0ms
01-06 02:49:14.462   944  2959 D SystemServerTimingAsync: ssm.onCompletedEventUser-0_{|Unlocked|}_com.android.server.BinaryTransparencyService
01-06 02:49:14.462   944  2959 V SystemServerTimingAsync: ssm.onCompletedEventUser-0_{|Unlocked|}_com.android.server.BinaryTransparencyService took to complete: 0ms
01-06 02:49:14.462   944  2959 D SystemServerTimingAsync: ssm.onCompletedEventUser-0_{|Unlocked|}_com.android.server.accounts.AccountManagerService$Lifecycle
01-06 02:49:14.462   944  2959 V SystemServerTimingAsync: ssm.onCompletedEventUser-0_{|Unlocked|}_com.android.server.accounts.AccountManagerService$Lifecycle took to complete: 0ms
01-06 02:49:14.462   944  2959 D SystemServerTimingAsync: ssm.onCompletedEventUser-0_{|Unlocked|}_com.android.server.content.ContentService$Lifecycle
01-06 02:49:14.462   944  2959 V SystemServerTimingAsync: ssm.onCompletedEventUser-0_{|Unlocked|}_com.android.server.content.ContentService$Lifecycle took to complete: 0ms
01-06 02:49:14.462   944  2959 D SystemServerTimingAsync: ssm.onCompletedEventUser-0_{|Unlocked|}_com.android.server.DropBoxManagerService
01-06 02:49:14.462   944  2959 V SystemServerTimingAsync: ssm.onCompletedEventUser-0_{|Unlocked|}_com.android.server.DropBoxManagerService took to complete: 0ms
01-06 02:49:14.462   944  2959 D SystemServerTimingAsync: ssm.onCompletedEventUser-0_{|Unlocked|}_com.android.role.RoleService
01-06 02:49:14.462   944  2959 V SystemServerTimingAsync: ssm.onCompletedEventUser-0_{|Unlocked|}_com.android.role.RoleService took to complete: 0ms
01-06 02:49:14.462   944  2959 D SystemServerTimingAsync: ssm.onCompletedEventUser-0_{|Unlocked|}_com.android.server.vibrator.VibratorManagerService$Lifecycle
01-06 02:49:14.462   944  2959 V SystemServerTimingAsync: ssm.onCompletedEventUser-0_{|Unlocked|}_com.android.server.vibrator.VibratorManagerService$Lifecycle took to complete: 0ms
01-06 02:49:14.462   944  2959 D SystemServerTimingAsync: ssm.onCompletedEventUser-0_{|Unlocked|}_com.android.server.tare.InternalResourceService
01-06 02:49:14.462   944  2959 V SystemServerTimingAsync: ssm.onCompletedEventUser-0_{|Unlocked|}_com.android.server.tare.InternalResourceService took to complete: 0ms
01-06 02:49:14.462   944  2959 D SystemServerTimingAsync: ssm.onCompletedEventUser-0_{|Unlocked|}_com.android.server.alarm.AlarmManagerService
01-06 02:49:14.462   944  2959 V SystemServerTimingAsync: ssm.onCompletedEventUser-0_{|Unlocked|}_com.android.server.alarm.AlarmManagerService took to complete: 0ms
01-06 02:49:14.462   944  2959 D SystemServerTimingAsync: ssm.onCompletedEventUser-0_{|Unlocked|}_com.android.server.devicestate.DeviceStateManagerService
01-06 02:49:14.462   944  2959 V SystemServerTimingAsync: ssm.onCompletedEventUser-0_{|Unlocked|}_com.android.server.devicestate.DeviceStateManagerService took to complete: 0ms
01-06 02:49:14.462   944  2959 D SystemServerTimingAsync: ssm.onCompletedEventUser-0_{|Unlocked|}_com.android.server.bluetooth.BluetoothService
01-06 02:49:14.462   944  2959 V SystemServerTimingAsync: ssm.onCompletedEventUser-0_{|Unlocked|}_com.android.server.bluetooth.BluetoothService took to complete: 0ms
01-06 02:49:14.463   944  2959 D SystemServerTimingAsync: ssm.onCompletedEventUser-0_{|Unlocked|}_com.android.server.connectivity.IpConnectivityMetrics
01-06 02:49:14.463   944  2959 V SystemServerTimingAsync: ssm.onCompletedEventUser-0_{|Unlocked|}_com.android.server.connectivity.IpConnectivityMetrics took to complete: 0ms
01-06 02:49:14.463   944  2959 D SystemServerTimingAsync: ssm.onCompletedEventUser-0_{|Unlocked|}_com.android.server.net.watchlist.NetworkWatchlistService$Lifecycle
01-06 02:49:14.463   944  2959 V SystemServerTimingAsync: ssm.onCompletedEventUser-0_{|Unlocked|}_com.android.server.net.watchlist.NetworkWatchlistService$Lifecycle took to complete: 0ms
01-06 02:49:14.463   944  2959 D SystemServerTimingAsync: ssm.onCompletedEventUser-0_{|Unlocked|}_com.android.server.PinnerService
01-06 02:49:14.463   944  2959 V SystemServerTimingAsync: ssm.onCompletedEventUser-0_{|Unlocked|}_com.android.server.PinnerService took to complete: 0ms
01-06 02:49:14.463   944  2959 D SystemServerTimingAsync: ssm.onCompletedEventUser-0_{|Unlocked|}_com.android.server.integrity.AppIntegrityManagerService
01-06 02:49:14.463   944  2959 V SystemServerTimingAsync: ssm.onCompletedEventUser-0_{|Unlocked|}_com.android.server.integrity.AppIntegrityManagerService took to complete: 0ms
01-06 02:49:14.463   944  2959 D SystemServerTimingAsync: ssm.onCompletedEventUser-0_{|Unlocked|}_com.android.server.logcat.LogcatManagerService
01-06 02:49:14.463   944  2959 V SystemServerTimingAsync: ssm.onCompletedEventUser-0_{|Unlocked|}_com.android.server.logcat.LogcatManagerService took to complete: 0ms
01-06 02:49:14.463   944  2959 D SystemServerTimingAsync: ssm.onCompletedEventUser-0_{|Unlocked|}_com.android.server.inputmethod.InputMethodManagerService$Lifecycle
01-06 02:49:14.463   944  2959 V SystemServerTimingAsync: ssm.onCompletedEventUser-0_{|Unlocked|}_com.android.server.inputmethod.InputMethodManagerService$Lifecycle took to complete: 0ms
01-06 02:49:14.463   944  2959 D SystemServerTimingAsync: ssm.onCompletedEventUser-0_{|Unlocked|}_com.android.server.accessibility.AccessibilityManagerService$Lifecycle
01-06 02:49:14.463   944  2959 V SystemServerTimingAsync: ssm.onCompletedEventUser-0_{|Unlocked|}_com.android.server.accessibility.AccessibilityManagerService$Lifecycle took to complete: 0ms
01-06 02:49:14.463   944  2959 D SystemServerTimingAsync: ssm.onCompletedEventUser-0_{|Unlocked|}_com.android.server.StorageManagerService$Lifecycle
01-06 02:49:14.463   944  2959 V SystemServerTimingAsync: ssm.onCompletedEventUser-0_{|Unlocked|}_com.android.server.StorageManagerService$Lifecycle took to complete: 0ms
01-06 02:49:14.463   944  2959 D SystemServerTimingAsync: ssm.onCompletedEventUser-0_{|Unlocked|}_com.android.server.usage.StorageStatsService$Lifecycle
01-06 02:49:14.463   944  2959 V SystemServerTimingAsync: ssm.onCompletedEventUser-0_{|Unlocked|}_com.android.server.usage.StorageStatsService$Lifecycle took to complete: 0ms
01-06 02:49:14.463   944  2959 D SystemServerTimingAsync: ssm.onCompletedEventUser-0_{|Unlocked|}_com.android.server.UiModeManagerService
01-06 02:49:14.463   944  2959 V SystemServerTimingAsync: ssm.onCompletedEventUser-0_{|Unlocked|}_com.android.server.UiModeManagerService took to complete: 0ms
01-06 02:49:14.463   944  2959 D SystemServerTimingAsync: ssm.onCompletedEventUser-0_{|Unlocked|}_com.android.server.locales.LocaleManagerService
01-06 02:49:14.463   944  2959 V SystemServerTimingAsync: ssm.onCompletedEventUser-0_{|Unlocked|}_com.android.server.locales.LocaleManagerService took to complete: 0ms
01-06 02:49:14.463   944  2959 D SystemServerTimingAsync: ssm.onCompletedEventUser-0_{|Unlocked|}_com.android.server.locksettings.LockSettingsService$Lifecycle
01-06 02:49:14.463   944  2959 V SystemServerTimingAsync: ssm.onCompletedEventUser-0_{|Unlocked|}_com.android.server.locksettings.LockSettingsService$Lifecycle took to complete: 0ms
01-06 02:49:14.463   944  2959 D SystemServerTimingAsync: ssm.onCompletedEventUser-0_{|Unlocked|}_com.android.server.PersistentDataBlockService
01-06 02:49:14.463   944  2959 V SystemServerTimingAsync: ssm.onCompletedEventUser-0_{|Unlocked|}_com.android.server.PersistentDataBlockService took to complete: 0ms
01-06 02:49:14.463   944  2959 D SystemServerTimingAsync: ssm.onCompletedEventUser-0_{|Unlocked|}_com.android.server.testharness.TestHarnessModeService
01-06 02:49:14.463   944  2959 V SystemServerTimingAsync: ssm.onCompletedEventUser-0_{|Unlocked|}_com.android.server.testharness.TestHarnessModeService took to complete: 0ms
01-06 02:49:14.463   944  2959 D SystemServerTimingAsync: ssm.onCompletedEventUser-0_{|Unlocked|}_com.android.server.oemlock.OemLockService
01-06 02:49:14.463   944  2959 V SystemServerTimingAsync: ssm.onCompletedEventUser-0_{|Unlocked|}_com.android.server.oemlock.OemLockService took to complete: 0ms
01-06 02:49:14.463   944  2959 D SystemServerTimingAsync: ssm.onCompletedEventUser-0_{|Unlocked|}_com.android.server.DeviceIdleController
01-06 02:49:14.463   944  2959 V SystemServerTimingAsync: ssm.onCompletedEventUser-0_{|Unlocked|}_com.android.server.DeviceIdleController took to complete: 0ms
01-06 02:49:14.464   944  2959 D SystemServerTimingAsync: ssm.onCompletedEventUser-0_{|Unlocked|}_com.android.server.devicepolicy.DevicePolicyManagerService$Lifecycle
01-06 02:49:14.464   944  2959 V SystemServerTimingAsync: ssm.onCompletedEventUser-0_{|Unlocked|}_com.android.server.devicepolicy.DevicePolicyManagerService$Lifecycle took to complete: 0ms
01-06 02:49:14.464   944  2959 D SystemServerTimingAsync: ssm.onCompletedEventUser-0_{|Unlocked|}_com.android.server.texttospeech.TextToSpeechManagerService
01-06 02:49:14.464   944  2959 V SystemServerTimingAsync: ssm.onCompletedEventUser-0_{|Unlocked|}_com.android.server.texttospeech.TextToSpeechManagerService took to complete: 0ms
01-06 02:49:14.464   944  2959 D SystemServerTimingAsync: ssm.onCompletedEventUser-0_{|Unlocked|}_com.android.server.ambientcontext.AmbientContextManagerService
01-06 02:49:14.464   944  2959 V SystemServerTimingAsync: ssm.onCompletedEventUser-0_{|Unlocked|}_com.android.server.ambientcontext.AmbientContextManagerService took to complete: 0ms
01-06 02:49:14.464   944  2959 D SystemServerTimingAsync: ssm.onCompletedEventUser-0_{|Unlocked|}_com.android.server.speech.SpeechRecognitionManagerService
01-06 02:49:14.464   944  2959 V SystemServerTimingAsync: ssm.onCompletedEventUser-0_{|Unlocked|}_com.android.server.speech.SpeechRecognitionManagerService took to complete: 0ms
01-06 02:49:14.464   944  2959 D SystemServerTimingAsync: ssm.onCompletedEventUser-0_{|Unlocked|}_com.android.server.searchui.SearchUiManagerService
01-06 02:49:14.464   944  2959 V SystemServerTimingAsync: ssm.onCompletedEventUser-0_{|Unlocked|}_com.android.server.searchui.SearchUiManagerService took to complete: 0ms
01-06 02:49:14.464   944  2959 D SystemServerTimingAsync: ssm.onCompletedEventUser-0_{|Unlocked|}_com.android.server.smartspace.SmartspaceManagerService
01-06 02:49:14.464   944  2959 V SystemServerTimingAsync: ssm.onCompletedEventUser-0_{|Unlocked|}_com.android.server.smartspace.SmartspaceManagerService took to complete: 0ms
01-06 02:49:14.464   944  2959 D SystemServerTimingAsync: ssm.onCompletedEventUser-0_{|Unlocked|}_com.android.server.graphics.fonts.FontManagerService$Lifecycle
01-06 02:49:14.464   944  2959 V SystemServerTimingAsync: ssm.onCompletedEventUser-0_{|Unlocked|}_com.android.server.graphics.fonts.FontManagerService$Lifecycle took to complete: 0ms
01-06 02:49:14.464   944  2959 D SystemServerTimingAsync: ssm.onCompletedEventUser-0_{|Unlocked|}_com.android.server.textservices.TextServicesManagerService$Lifecycle
01-06 02:49:14.464   944  2959 V SystemServerTimingAsync: ssm.onCompletedEventUser-0_{|Unlocked|}_com.android.server.textservices.TextServicesManagerService$Lifecycle took to complete: 0ms
01-06 02:49:14.464   944  2959 D SystemServerTimingAsync: ssm.onCompletedEventUser-0_{|Unlocked|}_com.android.server.textclassifier.TextClassificationManagerService$Lifecycle
01-06 02:49:14.464   944  2959 V SystemServerTimingAsync: ssm.onCompletedEventUser-0_{|Unlocked|}_com.android.server.textclassifier.TextClassificationManagerService$Lifecycle took to complete: 0ms
01-06 02:49:14.464   944  2959 D SystemServerTimingAsync: ssm.onCompletedEventUser-0_{|Unlocked|}_com.android.server.NetworkScoreService$Lifecycle
01-06 02:49:14.464   944  2959 V SystemServerTimingAsync: ssm.onCompletedEventUser-0_{|Unlocked|}_com.android.server.NetworkScoreService$Lifecycle took to complete: 0ms
01-06 02:49:14.464   944  2959 D SystemServerTimingAsync: ssm.onCompletedEventUser-0_{|Unlocked|}_com.android.server.NetworkStatsServiceInitializer
01-06 02:49:14.464   944  2959 V SystemServerTimingAsync: ssm.onCompletedEventUser-0_{|Unlocked|}_com.android.server.NetworkStatsServiceInitializer took to complete: 0ms
01-06 02:49:14.464   944  2959 D SystemServerTimingAsync: ssm.onCompletedEventUser-0_{|Unlocked|}_com.android.server.wifi.WifiService
01-06 02:49:14.464   944  2959 V SystemServerTimingAsync: ssm.onCompletedEventUser-0_{|Unlocked|}_com.android.server.wifi.WifiService took to complete: 0ms
01-06 02:49:14.464   944  2959 D SystemServerTimingAsync: ssm.onCompletedEventUser-0_{|Unlocked|}_com.android.server.wifi.scanner.WifiScanningService
01-06 02:49:14.464   944  2959 V SystemServerTimingAsync: ssm.onCompletedEventUser-0_{|Unlocked|}_com.android.server.wifi.scanner.WifiScanningService took to complete: 0ms
01-06 02:49:14.464   944  2959 D SystemServerTimingAsync: ssm.onCompletedEventUser-0_{|Unlocked|}_com.android.server.wifi.p2p.WifiP2pService
01-06 02:49:14.464   944  2959 V SystemServerTimingAsync: ssm.onCompletedEventUser-0_{|Unlocked|}_com.android.server.wifi.p2p.WifiP2pService took to complete: 0ms
01-06 02:49:14.464   944  2959 D SystemServerTimingAsync: ssm.onCompletedEventUser-0_{|Unlocked|}_com.android.server.ConnectivityServiceInitializer
01-06 02:49:14.464   944  2959 V SystemServerTimingAsync: ssm.onCompletedEventUser-0_{|Unlocked|}_com.android.server.ConnectivityServiceInitializer took to complete: 0ms
01-06 02:49:14.464   944  2959 D SystemServerTimingAsync: ssm.onCompletedEventUser-0_{|Unlocked|}_com.android.server.notification.NotificationManagerService
01-06 02:49:14.464   944  2959 V SystemServerTimingAsync: ssm.onCompletedEventUser-0_{|Unlocked|}_com.android.server.notification.NotificationManagerService took to complete: 0ms
01-06 02:49:14.464   944  2959 D SystemServerTimingAsync: ssm.onCompletedEventUser-0_{|Unlocked|}_com.android.server.storage.DeviceStorageMonitorService
01-06 02:49:14.464   944  2959 V SystemServerTimingAsync: ssm.onCompletedEventUser-0_{|Unlocked|}_com.android.server.storage.DeviceStorageMonitorService took to complete: 0ms
01-06 02:49:14.465   944  2959 D SystemServerTimingAsync: ssm.onCompletedEventUser-0_{|Unlocked|}_com.android.server.location.LocationManagerService$Lifecycle
01-06 02:49:14.465   944  2959 V SystemServerTimingAsync: ssm.onCompletedEventUser-0_{|Unlocked|}_com.android.server.location.LocationManagerService$Lifecycle took to complete: 0ms
01-06 02:49:14.465   944  2959 D SystemServerTimingAsync: ssm.onCompletedEventUser-0_{|Unlocked|}_com.android.server.timedetector.TimeDetectorService$Lifecycle
01-06 02:49:14.465   944  2959 V SystemServerTimingAsync: ssm.onCompletedEventUser-0_{|Unlocked|}_com.android.server.timedetector.TimeDetectorService$Lifecycle took to complete: 0ms
01-06 02:49:14.465   944  2959 D SystemServerTimingAsync: ssm.onCompletedEventUser-0_{|Unlocked|}_com.android.server.timezonedetector.TimeZoneDetectorService$Lifecycle
01-06 02:49:14.465   944  2959 V SystemServerTimingAsync: ssm.onCompletedEventUser-0_{|Unlocked|}_com.android.server.timezonedetector.TimeZoneDetectorService$Lifecycle took to complete: 0ms
01-06 02:49:14.465   944  2959 D SystemServerTimingAsync: ssm.onCompletedEventUser-0_{|Unlocked|}_com.android.server.timezonedetector.location.LocationTimeZoneManagerService$Lifecycle
01-06 02:49:14.465   944  2959 V SystemServerTimingAsync: ssm.onCompletedEventUser-0_{|Unlocked|}_com.android.server.timezonedetector.location.LocationTimeZoneManagerService$Lifecycle took to complete: 0ms
01-06 02:49:14.465   944  2959 D SystemServerTimingAsync: ssm.onCompletedEventUser-0_{|Unlocked|}_com.android.server.search.SearchManagerService$Lifecycle
01-06 02:49:14.465   944  2959 V SystemServerTimingAsync: ssm.onCompletedEventUser-0_{|Unlocked|}_com.android.server.search.SearchManagerService$Lifecycle took to complete: 0ms
01-06 02:49:14.465   944  2959 D SystemServerTimingAsync: ssm.onCompletedEventUser-0_{|Unlocked|}_com.android.server.wallpaper.WallpaperManagerService$Lifecycle
01-06 02:49:14.465   944  2959 V SystemServerTimingAsync: ssm.onCompletedEventUser-0_{|Unlocked|}_com.android.server.wallpaper.WallpaperManagerService$Lifecycle took to complete: 0ms
01-06 02:49:14.465   944  2959 D SystemServerTimingAsync: ssm.onCompletedEventUser-0_{|Unlocked|}_com.android.server.wallpapereffectsgeneration.WallpaperEffectsGenerationManagerService
01-06 02:49:14.465   944  2959 V SystemServerTimingAsync: ssm.onCompletedEventUser-0_{|Unlocked|}_com.android.server.wallpapereffectsgeneration.WallpaperEffectsGenerationManagerService took to complete: 0ms
01-06 02:49:14.465   944  2959 D SystemServerTimingAsync: ssm.onCompletedEventUser-0_{|Unlocked|}_com.android.server.audio.AudioService$Lifecycle
01-06 02:49:14.465   944  2959 V SystemServerTimingAsync: ssm.onCompletedEventUser-0_{|Unlocked|}_com.android.server.audio.AudioService$Lifecycle took to complete: 0ms
01-06 02:49:14.465   944  2959 D SystemServerTimingAsync: ssm.onCompletedEventUser-0_{|Unlocked|}_com.android.server.soundtrigger_middleware.SoundTriggerMiddlewareService$Lifecycle
01-06 02:49:14.465   944  2959 V SystemServerTimingAsync: ssm.onCompletedEventUser-0_{|Unlocked|}_com.android.server.soundtrigger_middleware.SoundTriggerMiddlewareService$Lifecycle took to complete: 0ms
01-06 02:49:14.465   944  2959 D SystemServerTimingAsync: ssm.onCompletedEventUser-0_{|Unlocked|}_com.android.server.DockObserver
01-06 02:49:14.465   944  2959 V SystemServerTimingAsync: ssm.onCompletedEventUser-0_{|Unlocked|}_com.android.server.DockObserver took to complete: 0ms
01-06 02:49:14.465   944  2959 D SystemServerTimingAsync: ssm.onCompletedEventUser-0_{|Unlocked|}_com.android.server.adb.AdbService$Lifecycle
01-06 02:49:14.465   944  2959 V SystemServerTimingAsync: ssm.onCompletedEventUser-0_{|Unlocked|}_com.android.server.adb.AdbService$Lifecycle took to complete: 0ms
01-06 02:49:14.465   944  2959 D SystemServerTimingAsync: ssm.onCompletedEventUser-0_{|Unlocked|}_com.android.server.usb.UsbService$Lifecycle
01-06 02:49:14.465   944  2959 V SystemServerTimingAsync: ssm.onCompletedEventUser-0_{|Unlocked|}_com.android.server.usb.UsbService$Lifecycle took to complete: 0ms
01-06 02:49:14.465   944  2959 D SystemServerTimingAsync: ssm.onCompletedEventUser-0_{|Unlocked|}_com.android.server.twilight.TwilightService
01-06 02:49:14.465   944  2959 V SystemServerTimingAsync: ssm.onCompletedEventUser-0_{|Unlocked|}_com.android.server.twilight.TwilightService took to complete: 0ms
01-06 02:49:14.465   944  2959 D SystemServerTimingAsync: ssm.onCompletedEventUser-0_{|Unlocked|}_com.android.server.display.color.ColorDisplayService
01-06 02:49:14.465   944  2959 V SystemServerTimingAsync: ssm.onCompletedEventUser-0_{|Unlocked|}_com.android.server.display.color.ColorDisplayService took to complete: 0ms
01-06 02:49:14.465   944  2959 D SystemServerTimingAsync: ssm.onCompletedEventUser-0_{|Unlocked|}_com.android.server.job.JobSchedulerService
01-06 02:49:14.465   944  2959 V SystemServerTimingAsync: ssm.onCompletedEventUser-0_{|Unlocked|}_com.android.server.job.JobSchedulerService took to complete: 0ms
01-06 02:49:14.465   944  2959 D SystemServerTimingAsync: ssm.onCompletedEventUser-0_{|Unlocked|}_com.android.server.soundtrigger.SoundTriggerService
01-06 02:49:14.465   944  2959 V SystemServerTimingAsync: ssm.onCompletedEventUser-0_{|Unlocked|}_com.android.server.soundtrigger.SoundTriggerService took to complete: 0ms
01-06 02:49:14.466   944  2959 D SystemServerTimingAsync: ssm.onCompletedEventUser-0_{|Unlocked|}_com.android.server.trust.TrustManagerService
01-06 02:49:14.466   944  2959 V SystemServerTimingAsync: ssm.onCompletedEventUser-0_{|Unlocked|}_com.android.server.trust.TrustManagerService took to complete: 0ms
01-06 02:49:14.466   944  2959 D SystemServerTimingAsync: ssm.onCompletedEventUser-0_{|Unlocked|}_com.android.server.backup.BackupManagerService$Lifecycle
01-06 02:49:14.466   944  2959 V SystemServerTimingAsync: ssm.onCompletedEventUser-0_{|Unlocked|}_com.android.server.backup.BackupManagerService$Lifecycle took to complete: 0ms
01-06 02:49:14.466   944  2959 D SystemServerTimingAsync: ssm.onCompletedEventUser-0_{|Unlocked|}_com.android.server.appwidget.AppWidgetService
01-06 02:49:14.466   944  2959 V SystemServerTimingAsync: ssm.onCompletedEventUser-0_{|Unlocked|}_com.android.server.appwidget.AppWidgetService took to complete: 0ms
01-06 02:49:14.466   944  2959 D SystemServerTimingAsync: ssm.onCompletedEventUser-0_{|Unlocked|}_com.android.server.voiceinteraction.VoiceInteractionManagerService
01-06 02:49:14.466   944  2959 V SystemServerTimingAsync: ssm.onCompletedEventUser-0_{|Unlocked|}_com.android.server.voiceinteraction.VoiceInteractionManagerService took to complete: 0ms
01-06 02:49:14.466   944  2959 D SystemServerTimingAsync: ssm.onCompletedEventUser-0_{|Unlocked|}_com.android.server.apphibernation.AppHibernationService
01-06 02:49:14.466   944  2959 V SystemServerTimingAsync: ssm.onCompletedEventUser-0_{|Unlocked|}_com.android.server.apphibernation.AppHibernationService took to complete: 0ms
01-06 02:49:14.466   944  2959 D SystemServerTimingAsync: ssm.onCompletedEventUser-0_{|Unlocked|}_com.android.server.GestureLauncherService
01-06 02:49:14.466   944  2959 V SystemServerTimingAsync: ssm.onCompletedEventUser-0_{|Unlocked|}_com.android.server.GestureLauncherService took to complete: 0ms
01-06 02:49:14.466   944  2959 D SystemServerTimingAsync: ssm.onCompletedEventUser-0_{|Unlocked|}_com.android.server.SensorNotificationService
01-06 02:49:14.466   944  2959 V SystemServerTimingAsync: ssm.onCompletedEventUser-0_{|Unlocked|}_com.android.server.SensorNotificationService took to complete: 0ms
01-06 02:49:14.466   944  2959 D SystemServerTimingAsync: ssm.onCompletedEventUser-0_{|Unlocked|}_com.android.server.emergency.EmergencyAffordanceService
01-06 02:49:14.466   944  2959 V SystemServerTimingAsync: ssm.onCompletedEventUser-0_{|Unlocked|}_com.android.server.emergency.EmergencyAffordanceService took to complete: 0ms
01-06 02:49:14.466   944  2959 D SystemServerTimingAsync: ssm.onCompletedEventUser-0_{|Unlocked|}_com.android.server.blob.BlobStoreManagerService
01-06 02:49:14.466   944  2959 V SystemServerTimingAsync: ssm.onCompletedEventUser-0_{|Unlocked|}_com.android.server.blob.BlobStoreManagerService took to complete: 0ms
01-06 02:49:14.466   944  2959 D SystemServerTimingAsync: ssm.onCompletedEventUser-0_{|Unlocked|}_com.android.server.dreams.DreamManagerService
01-06 02:49:14.466   944  2959 V SystemServerTimingAsync: ssm.onCompletedEventUser-0_{|Unlocked|}_com.android.server.dreams.DreamManagerService took to complete: 0ms
01-06 02:49:14.466   944  2959 D SystemServerTimingAsync: ssm.onCompletedEventUser-0_{|Unlocked|}_com.android.server.security.AttestationVerificationManagerService
01-06 02:49:14.466   944  2959 V SystemServerTimingAsync: ssm.onCompletedEventUser-0_{|Unlocked|}_com.android.server.security.AttestationVerificationManagerService took to complete: 0ms
01-06 02:49:14.466   944  2959 D SystemServerTimingAsync: ssm.onCompletedEventUser-0_{|Unlocked|}_com.android.server.restrictions.RestrictionsManagerService
01-06 02:49:14.466   944  2959 V SystemServerTimingAsync: ssm.onCompletedEventUser-0_{|Unlocked|}_com.android.server.restrictions.RestrictionsManagerService took to complete: 0ms
01-06 02:49:14.466   944  2959 D SystemServerTimingAsync: ssm.onCompletedEventUser-0_{|Unlocked|}_com.android.server.media.MediaSessionService
01-06 02:49:14.466   944  2959 V SystemServerTimingAsync: ssm.onCompletedEventUser-0_{|Unlocked|}_com.android.server.media.MediaSessionService took to complete: 0ms
01-06 02:49:14.466   944  2959 D SystemServerTimingAsync: ssm.onCompletedEventUser-0_{|Unlocked|}_com.android.server.hdmi.HdmiControlService
01-06 02:49:14.466   944  2959 V SystemServerTimingAsync: ssm.onCompletedEventUser-0_{|Unlocked|}_com.android.server.hdmi.HdmiControlService took to complete: 0ms
01-06 02:49:14.466   944  2959 D SystemServerTimingAsync: ssm.onCompletedEventUser-0_{|Unlocked|}_com.android.server.tv.interactive.TvInteractiveAppManagerService
01-06 02:49:14.466   944  2959 V SystemServerTimingAsync: ssm.onCompletedEventUser-0_{|Unlocked|}_com.android.server.tv.interactive.TvInteractiveAppManagerService took to complete: 0ms
01-06 02:49:14.466   944  2959 D SystemServerTimingAsync: ssm.onCompletedEventUser-0_{|Unlocked|}_com.android.server.tv.TvInputManagerService
01-06 02:49:14.466   944  2959 V SystemServerTimingAsync: ssm.onCompletedEventUser-0_{|Unlocked|}_com.android.server.tv.TvInputManagerService took to complete: 0ms
01-06 02:49:14.466   944  2959 D SystemServerTimingAsync: ssm.onCompletedEventUser-0_{|Unlocked|}_com.android.server.tv.TvRemoteService
01-06 02:49:14.466   944  2959 V SystemServerTimingAsync: ssm.onCompletedEventUser-0_{|Unlocked|}_com.android.server.tv.TvRemoteService took to complete: 0ms
01-06 02:49:14.467   944  2959 D SystemServerTimingAsync: ssm.onCompletedEventUser-0_{|Unlocked|}_com.android.server.biometrics.BiometricService
01-06 02:49:14.467   944  2959 V SystemServerTimingAsync: ssm.onCompletedEventUser-0_{|Unlocked|}_com.android.server.biometrics.BiometricService took to complete: 0ms
01-06 02:49:14.467   944  2959 D SystemServerTimingAsync: ssm.onCompletedEventUser-0_{|Unlocked|}_com.android.server.biometrics.AuthService
01-06 02:49:14.467   944  2959 V SystemServerTimingAsync: ssm.onCompletedEventUser-0_{|Unlocked|}_com.android.server.biometrics.AuthService took to complete: 0ms
01-06 02:49:14.467   944  2959 D SystemServerTimingAsync: ssm.onCompletedEventUser-0_{|Unlocked|}_com.android.server.pm.ShortcutService$Lifecycle
01-06 02:49:14.467   944  2959 V SystemServerTimingAsync: ssm.onCompletedEventUser-0_{|Unlocked|}_com.android.server.pm.ShortcutService$Lifecycle took to complete: 0ms
01-06 02:49:14.467   944  2959 D SystemServerTimingAsync: ssm.onCompletedEventUser-0_{|Unlocked|}_com.android.server.pm.LauncherAppsService
01-06 02:49:14.467   944  2959 V SystemServerTimingAsync: ssm.onCompletedEventUser-0_{|Unlocked|}_com.android.server.pm.LauncherAppsService took to complete: 0ms
01-06 02:49:14.467   944  2959 D SystemServerTimingAsync: ssm.onCompletedEventUser-0_{|Unlocked|}_com.android.server.pm.CrossProfileAppsService
01-06 02:49:14.467   944  2959 V SystemServerTimingAsync: ssm.onCompletedEventUser-0_{|Unlocked|}_com.android.server.pm.CrossProfileAppsService took to complete: 0ms
01-06 02:49:14.467   944  2959 D SystemServerTimingAsync: ssm.onCompletedEventUser-0_{|Unlocked|}_com.android.server.people.PeopleService
01-06 02:49:14.467   944  2959 V SystemServerTimingAsync: ssm.onCompletedEventUser-0_{|Unlocked|}_com.android.server.people.PeopleService took to complete: 0ms
01-06 02:49:14.467   944  2959 D SystemServerTimingAsync: ssm.onCompletedEventUser-0_{|Unlocked|}_com.android.server.media.metrics.MediaMetricsManagerService
01-06 02:49:14.467   944  2959 V SystemServerTimingAsync: ssm.onCompletedEventUser-0_{|Unlocked|}_com.android.server.media.metrics.MediaMetricsManagerService took to complete: 0ms
01-06 02:49:14.467   944  2959 D SystemServerTimingAsync: ssm.onCompletedEventUser-0_{|Unlocked|}_com.android.server.media.projection.MediaProjectionManagerService
01-06 02:49:14.467   944  2959 V SystemServerTimingAsync: ssm.onCompletedEventUser-0_{|Unlocked|}_com.android.server.media.projection.MediaProjectionManagerService took to complete: 0ms
01-06 02:49:14.467   944  2959 D SystemServerTimingAsync: ssm.onCompletedEventUser-0_{|Unlocked|}_com.android.server.slice.SliceManagerService$Lifecycle
01-06 02:49:14.467   944  2959 V SystemServerTimingAsync: ssm.onCompletedEventUser-0_{|Unlocked|}_com.android.server.slice.SliceManagerService$Lifecycle took to complete: 0ms
01-06 02:49:14.467   944  2959 D SystemServerTimingAsync: ssm.onCompletedEventUser-0_{|Unlocked|}_com.android.server.stats.StatsCompanion$Lifecycle
01-06 02:49:14.467   944  2959 V SystemServerTimingAsync: ssm.onCompletedEventUser-0_{|Unlocked|}_com.android.server.stats.StatsCompanion$Lifecycle took to complete: 0ms
01-06 02:49:14.467   944  2959 D SystemServerTimingAsync: ssm.onCompletedEventUser-0_{|Unlocked|}_com.android.server.scheduling.RebootReadinessManagerService$Lifecycle
01-06 02:49:14.467   944  2959 V SystemServerTimingAsync: ssm.onCompletedEventUser-0_{|Unlocked|}_com.android.server.scheduling.RebootReadinessManagerService$Lifecycle took to complete: 0ms
01-06 02:49:14.467   944  2959 D SystemServerTimingAsync: ssm.onCompletedEventUser-0_{|Unlocked|}_com.android.server.stats.pull.StatsPullAtomService
01-06 02:49:14.467   944  2959 V SystemServerTimingAsync: ssm.onCompletedEventUser-0_{|Unlocked|}_com.android.server.stats.pull.StatsPullAtomService took to complete: 0ms
01-06 02:49:14.467   944  2959 D SystemServerTimingAsync: ssm.onCompletedEventUser-0_{|Unlocked|}_com.android.server.stats.bootstrap.StatsBootstrapAtomService$Lifecycle
01-06 02:49:14.467   944  2959 V SystemServerTimingAsync: ssm.onCompletedEventUser-0_{|Unlocked|}_com.android.server.stats.bootstrap.StatsBootstrapAtomService$Lifecycle took to complete: 0ms
01-06 02:49:14.467   944  2959 D SystemServerTimingAsync: ssm.onCompletedEventUser-0_{|Unlocked|}_com.android.server.incident.IncidentCompanionService
01-06 02:49:14.467   944  2959 V SystemServerTimingAsync: ssm.onCompletedEventUser-0_{|Unlocked|}_com.android.server.incident.IncidentCompanionService took to complete: 0ms
01-06 02:49:14.467   944  2959 D SystemServerTimingAsync: ssm.onCompletedEventUser-0_{|Unlocked|}_com.android.server.sdksandbox.SdkSandboxManagerService$Lifecycle
01-06 02:49:14.467   944  2959 V SystemServerTimingAsync: ssm.onCompletedEventUser-0_{|Unlocked|}_com.android.server.sdksandbox.SdkSandboxManagerService$Lifecycle took to complete: 0ms
01-06 02:49:14.467   944  2959 D SystemServerTimingAsync: ssm.onCompletedEventUser-0_{|Unlocked|}_com.android.server.adservices.AdServicesManagerService$Lifecycle
01-06 02:49:14.468   944  2959 V SystemServerTimingAsync: ssm.onCompletedEventUser-0_{|Unlocked|}_com.android.server.adservices.AdServicesManagerService$Lifecycle took to complete: 0ms
01-06 02:49:14.468   944  2959 D SystemServerTimingAsync: ssm.onCompletedEventUser-0_{|Unlocked|}_com.android.server.autofill.AutofillManagerService
01-06 02:49:14.468   944  2959 V SystemServerTimingAsync: ssm.onCompletedEventUser-0_{|Unlocked|}_com.android.server.autofill.AutofillManagerService took to complete: 0ms
01-06 02:49:14.468   944  2959 D SystemServerTimingAsync: ssm.onCompletedEventUser-0_{|Unlocked|}_com.android.server.clipboard.ClipboardService
01-06 02:49:14.468   944  2959 V SystemServerTimingAsync: ssm.onCompletedEventUser-0_{|Unlocked|}_com.android.server.clipboard.ClipboardService took to complete: 0ms
01-06 02:49:14.468   944  2959 D SystemServerTimingAsync: ssm.onCompletedEventUser-0_{|Unlocked|}_com.android.server.appbinding.AppBindingService$Lifecycle
01-06 02:49:14.468   944  2959 V SystemServerTimingAsync: ssm.onCompletedEventUser-0_{|Unlocked|}_com.android.server.appbinding.AppBindingService$Lifecycle took to complete: 0ms
01-06 02:49:14.468   944  2959 D SystemServerTimingAsync: ssm.onCompletedEventUser-0_{|Unlocked|}_com.android.server.tracing.TracingServiceProxy
01-06 02:49:14.468   944  2959 V SystemServerTimingAsync: ssm.onCompletedEventUser-0_{|Unlocked|}_com.android.server.tracing.TracingServiceProxy took to complete: 0ms
01-06 02:49:14.468   944  2959 D SystemServerTimingAsync: ssm.onCompletedEventUser-0_{|Unlocked|}_com.android.server.policy.PermissionPolicyService
01-06 02:49:14.468   944  2959 V SystemServerTimingAsync: ssm.onCompletedEventUser-0_{|Unlocked|}_com.android.server.policy.PermissionPolicyService took to complete: 0ms
01-06 02:49:14.468   944  2959 D SystemServerTimingAsync: ssm.onCompletedEventUser-0_{|Unlocked|}_com.android.server.pm.StagingManager$Lifecycle
01-06 02:49:14.468   944  2959 V SystemServerTimingAsync: ssm.onCompletedEventUser-0_{|Unlocked|}_com.android.server.pm.StagingManager$Lifecycle took to complete: 0ms
01-06 02:49:14.468   944  2959 D SystemServerTimingAsync: ssm.onCompletedEventUser-0_{|Unlocked|}_com.android.server.app.GameManagerService$Lifecycle
01-06 02:49:14.468   944  2959 V SystemServerTimingAsync: ssm.onCompletedEventUser-0_{|Unlocked|}_com.android.server.app.GameManagerService$Lifecycle took to complete: 0ms
01-06 02:49:14.468   944  2959 D SystemServerTimingAsync: ssm.onCompletedEventUser-0_{|Unlocked|}_com.android.safetycenter.SafetyCenterService
01-06 02:49:14.468   944  2959 V SystemServerTimingAsync: ssm.onCompletedEventUser-0_{|Unlocked|}_com.android.safetycenter.SafetyCenterService took to complete: 0ms
01-06 02:49:14.468   944  2959 D SystemServerTimingAsync: ssm.onCompletedEventUser-0_{|Unlocked|}_com.android.server.appsearch.AppSearchModule$Lifecycle
01-06 02:49:14.468   944  2959 V SystemServerTimingAsync: ssm.onCompletedEventUser-0_{|Unlocked|}_com.android.server.appsearch.AppSearchModule$Lifecycle took to complete: 0ms
01-06 02:49:14.468   944  2959 D SystemServerTimingAsync: ssm.onCompletedEventUser-0_{|Unlocked|}_com.android.server.media.MediaCommunicationService
01-06 02:49:14.468   944  2959 V SystemServerTimingAsync: ssm.onCompletedEventUser-0_{|Unlocked|}_com.android.server.media.MediaCommunicationService took to complete: 0ms
01-06 02:49:14.468   944  2959 D SystemServerTimingAsync: ssm.onCompletedEventUser-0_{|Unlocked|}_com.android.server.compat.overrides.AppCompatOverridesService$Lifecycle
01-06 02:49:14.468   944  2959 V SystemServerTimingAsync: ssm.onCompletedEventUser-0_{|Unlocked|}_com.android.server.compat.overrides.AppCompatOverridesService$Lifecycle took to complete: 0ms
01-06 02:49:14.471   944  2957 V SystemServerTimingAsync: ssm.onCompletedEventUser-0_{|Unlocked|}_com.android.server.usage.UsageStatsService took to complete: 0ms
01-06 02:49:14.472   944  1511 D CompatibilityChangeReporter: Compat change id reported: 168419799; UID 2000; state: DISABLED
01-06 02:49:14.475   944  2958 D SystemServerTimingAsync: ssm.onCompletedEventUser-0_{|Unlocked|}_com.android.server.pm.Installer
01-06 02:49:14.475   944  2958 V SystemServerTimingAsync: ssm.onCompletedEventUser-0_{|Unlocked|}_com.android.server.pm.Installer took to complete: 0ms
01-06 02:49:14.475   944   976 V SystemServerTimingAsync: ssm.CompletedEventUser-0 took to complete: 24ms
01-06 02:49:14.564  1367  1599 W ContextImpl: Calling a method in the system process without a qualified user: android.app.ContextImpl.sendBroadcast:1189 android.content.ContextWrapper.sendBroadcast:500 com.droidlogic.audioservice.services.AudioSystemCmdService$1.onUEvent:184 com.droidlogic.UEventObserver$UEventThread.sendEvent:213 com.droidlogic.UEventObserver$UEventThread.run:190 
01-06 02:49:08.662     0     0 I [4 T2871  ..] [snd-soc]: update audio atmos flag! audio_type = 0
01-06 02:49:14.613   944   959 D CompatibilityChangeReporter: Compat change id reported: 168419799; UID 10017; state: DISABLED
01-06 02:49:14.635   944   959 D CompatibilityChangeReporter: Compat change id reported: 168419799; UID 1000; state: DISABLED
01-06 02:49:14.640   944   959 D CompatibilityChangeReporter: Compat change id reported: 135634846; UID 10042; state: DISABLED
01-06 02:49:14.640   944   959 D CompatibilityChangeReporter: Compat change id reported: 177438394; UID 10042; state: DISABLED
01-06 02:49:14.640   944   959 D CompatibilityChangeReporter: Compat change id reported: 135772972; UID 10042; state: DISABLED
01-06 02:49:14.640   944   959 D CompatibilityChangeReporter: Compat change id reported: 135754954; UID 10042; state: ENABLED
01-06 02:49:14.643   944   977 D CompatibilityChangeReporter: Compat change id reported: 143937733; UID 10042; state: ENABLED
01-06 02:49:14.651   944   959 W JobScheduler: Job didn't exist in JobStore: 78ab82f #u0a58/7 com.sonos.tv.launcher/androidx.work.impl.background.systemjob.SystemJobService
01-06 02:49:14.658   944   977 I ActivityManager: Start proc 2991:com.brdgwtr.CentralMessageService/u0a42 for broadcast {com.brdgwtr.CentralMessageService/com.brdgwtr.cms.receivers.OnBootReceiver}
01-06 02:49:14.666   944   959 D PackageManager: Instant App installer not found with android.intent.action.INSTALL_INSTANT_APP_PACKAGE
01-06 02:49:14.666   944   959 D PackageManager: Clear ephemeral installer activity
01-06 02:49:08.774     0     0 I [3 T2871  ..] [snd-soc]: dd+ drc mode : RF
01-06 02:49:08.774     0     0 I [3 T2871  ..] [snd-soc]: dd+ drc high cut scale : 0%
01-06 02:49:08.774     0     0 I [3 T2871  ..] [snd-soc]: dd+ drc low boost scale : 0%
01-06 02:49:08.774     0     0 I [3 T2871  ..] [debug]: audio_utils_open
01-06 02:49:08.775     0     0 I [3 T2871  ..] [debug]: audio_utils_release
01-06 02:49:08.776     0     0 I [3 T2871  ..] [debug]: audio_utils_open
01-06 02:49:08.781     0     0 E [3 T2871  ..] [secmon]: DBG=======> dolby_fw_ioctl 438 cmd:0x40 arg3=0
01-06 02:49:14.691   944   959 D PackageManager: Instant App installer not found with android.intent.action.INSTALL_INSTANT_APP_PACKAGE
01-06 02:49:14.691   944   959 D PackageManager: Clear ephemeral installer activity
01-06 02:49:08.792     0     0 E [3 T2871  ..] [secmon]: DBG=======> dolby_fw_ioctl 438 cmd:0x41 arg3=0
01-06 02:49:08.792     0     0 E [3 T2871  ..] [secmon]: DBG=======> dolby_fw_verify_lib_resp 296 DOLBY_FW_VERIFY_LIB_RESP arg3=0
01-06 02:49:08.794     0     0 E [3 T2871  ..] [secmon]: DBG=======> dolby_fw_ioctl 438 cmd:0x50 arg3=0
01-06 02:49:08.794     0     0 E [3 T2871  ..] [secmon]: DBG=======> dolby_fw_ioctl 438 cmd:0x60 arg3=0
01-06 02:49:08.795     0     0 E [3 T2871  ..] [secmon]: DBG=======> dolby_fw_critical_query 389 DOLBY_FW_CRITICAL_DATA_QUERY arg3=0
01-06 02:49:08.805     0     0 I [3 T2871  ..] [snd-soc]: dd+ drc mode : RF
01-06 02:49:08.805     0     0 I [3 T2871  ..] [snd-soc]: dd+ drc high cut scale : 0%
01-06 02:49:08.805     0     0 I [3 T2871  ..] [snd-soc]: dd+ drc low boost scale : 0%
01-06 02:49:08.829     0     0 I [3 T3007  ..] audio_ddr_mngr: frddrs[0] registered by device fe330000.audiobus:tdm@1
01-06 02:49:14.730   944  2869 D CompatibilityChangeReporter: Compat change id reported: 168419799; UID 10042; state: DISABLED
01-06 02:49:08.829     0     0 I [3 T3007  ..] [snd-soc]: aml_audio_reset, reg 0xa, shift 9, use_vadtop 0
01-06 02:49:08.829     0     0 I [3 T3007  ..] [snd-soc]: aml_audio_reset, reg 0xa, shift 13, use_vadtop 0
01-06 02:49:08.829     0     0 D [3 T3007  ..] [snd-soc]: spdif_a fifo ctrl, frddr:0 type:1, 16 bits, chmask 0x3, swap 0x10
01-06 02:49:08.829     0     0 D [3 T3007  ..] iec_info: rate: 48000, codec_type:0x0, channel status L:0x2000100, R:0x2000100
01-06 02:49:08.829     0     0 I         : [3 T3007  ..] err chn msk, must larger than 0
01-06 02:49:08.829     0     0 I         : [3 T3007  ..] hdmitx_notify_callback_a[3794] aud_src_if is 0, aud_output_ch is 0x0, reset aud_output_ch as 0
01-06 02:49:08.829     0     0 D [3 T3007  ..] [snd-soc]: spdif_b fifo ctrl, frddr:0 type:1, 16 bits, chmask 0x3, swap 0x10
01-06 02:49:08.829     0     0 D [3 T3007  ..] iec_info: rate: 48000, codec_type:0x0, channel status L:0x2000100, R:0x2000100
01-06 02:49:08.845     0     0 I         : [2 T3007  ..] asoc-aml-card auge_sound: TDM[1] Playback enable
01-06 02:49:08.845     0     0 D [2 T3007  ..] [snd-soc]: spdif_a is set to enable
01-06 02:49:08.845     0     0 D [2 T3007  ..] [snd-soc]: spdif_b is set to enable
01-06 02:49:08.952     0     0 W [6 T3035  ..] audit: audit_lost=10101 audit_rate_limit=5 audit_backlog_limit=64
01-06 02:49:08.952     0     0 E [6 T3035  ..] audit: rate limit exceeded
01-06 02:49:14.858   944  1511 D CompatibilityChangeReporter: Compat change id reported: 161145287; UID 10056; state: DISABLED
01-06 02:49:14.969   944  1511 D CompatibilityChangeReporter: Compat change id reported: 194532703; UID 10056; state: ENABLED
01-06 02:49:14.985  1983  1983 W Looper  : Slow dispatch took 2263ms main h=android.os.Handler c=DispatchedContinuation[Dispatchers.Main, Continuation at kotlinx.coroutines.flow.internal.ChannelFlow$collectToFun$1.invokeSuspend(ChannelFlow.kt:56)@15e0dbd] m=0
01-06 02:49:15.062   944  1156 D CompatibilityChangeReporter: Compat change id reported: 135634846; UID 10025; state: DISABLED
01-06 02:49:15.062   944  1156 D CompatibilityChangeReporter: Compat change id reported: 177438394; UID 10025; state: DISABLED
01-06 02:49:15.062   944  1156 D CompatibilityChangeReporter: Compat change id reported: 135772972; UID 10025; state: DISABLED
01-06 02:49:15.062   944  1156 D CompatibilityChangeReporter: Compat change id reported: 135754954; UID 10025; state: ENABLED
01-06 02:49:15.063   944   977 D CompatibilityChangeReporter: Compat change id reported: 143937733; UID 10025; state: ENABLED
01-06 02:49:15.074   944  2869 I ActivityManager: Background started FGS: Allowed [callingPackage: com.brdgwtr.CentralMessageService; callingUid: 10042; uidState: RCVR; intent: Intent { act=CMS_START cmp=com.brdgwtr.CentralMessageService/com.brdgwtr.cms.CentralMessageService }; code:BOOT_COMPLETED; tempAllowListReason:<broadcast:1000:android.intent.action.BOOT_COMPLETED,reason:,reasonCode:BOOT_COMPLETED,duration:20000,callingUid:1000>; targetSdkVersion:34; callerTargetSdkVersion:34; startForegroundCount:0; bindFromPackage:null]
01-06 02:49:15.078   944   959 W JobScheduler: Job didn't exist in JobStore: 44f9889 #u0a62/6 com.sonos.tv.appdirector/androidx.work.impl.background.systemjob.SystemJobService
01-06 02:49:15.080   944  2869 D CompatibilityChangeReporter: Compat change id reported: 168419799; UID 10050; state: DISABLED
01-06 02:49:15.112   944   977 W ActivityManager: Slow operation: 51ms so far, now at startProcess: done updating battery stats
01-06 02:49:15.113   944   977 W ActivityManager: Slow operation: 51ms so far, now at startProcess: building log message
01-06 02:49:15.113   944   977 I ActivityManager: Start proc 3059:com.android.externalstorage/u0a25 for broadcast {com.android.externalstorage/com.android.externalstorage.MountReceiver}
01-06 02:49:15.113   944   977 W ActivityManager: Slow operation: 51ms so far, now at startProcess: starting to update pids map
01-06 02:49:15.113   944   977 W ActivityManager: Slow operation: 51ms so far, now at startProcess: done updating pids map
01-06 02:49:15.116   944  2869 I ActivityManager: Background started FGS: Allowed [callingPackage: com.brdgwtr.dms; callingUid: 10050; uidState: BFGS; intent: Intent { cmp=com.brdgwtr.dms/.DeviceMonitorService }; code:PROC_STATE_BFGS; tempAllowListReason:<broadcast:1000:android.intent.action.BOOT_COMPLETED,reason:,reasonCode:BOOT_COMPLETED,duration:20000,callingUid:1000>; targetSdkVersion:30; callerTargetSdkVersion:30; startForegroundCount:0; bindFromPackage:null]
01-06 02:49:15.157   944   959 D CompatibilityChangeReporter: Compat change id reported: 168419799; UID 10025; state: DISABLED
01-06 02:49:09.242     0     0 I         : [5 T8     ..] [TEE] E/TA:   OPTEE_PlatformInit:47
01-06 02:49:09.242     0     0 I         : [5 T8     ..] [TEE] MM-module-name:Widevine TA,Version:17.1-r1.14-ga3ab5eb-p1(build:1509)
01-06 02:49:09.242     0     0 I         : [5 T8     ..] [TEE] E/TA:   OPTEE_MigrateGenerationNumPersistentData:399 migrate read GenerationNum from reefs error. NOT ERROR
01-06 02:49:09.242     0     0 I         : [5 T8     ..] [TEE] M/TA: KeymasterTA (info): app/ipc/keymaster_ipc.cpp, Line 1090: Amlogic KEYMINT! Build Time: May  3 2023 12:16:11 version: a6237c9 TDK: ab02024
01-06 02:49:09.242     0     0 I         : [5 T8     ..] [TEE] E/TC:? 00 syscall_extend_func:2996 extend func 0x1010 not implemented
01-06 02:49:09.242     0     0 I         : [5 T8     ..] [TEE] M/TA: KeymasterTA (err): app/secure_storage_manager.cpp, Line 963: Error: Unable to open file: attestationkeybox
01-06 02:49:09.242     0     0 I         : [5 T8     ..] [TEE] M/TA: KeymasterTA (info): app/ipc/keymaster_ipc.cpp, Line 1102: Goodbye Keymint!
01-06 02:49:15.176   944   959 W ActivityManager: Foreground service started from background can not have location/camera/microphone access: service com.brdgwtr.dms/.DeviceMonitorService
01-06 02:49:15.177   944   976 I ActivityManager: Deferring FGS notification in legacy app com.brdgwtr.dms/u0a50 : Notification(channel=DeviceMonitorService shortcut=null contentView=null vibrate=null sound=null defaults=0x0 flags=0x42 color=0x00000000 vis=PRIVATE)
01-06 02:49:15.224   944   959 D CompatibilityChangeReporter: Compat change id reported: 161252188; UID 10043; state: DISABLED
01-06 02:49:15.228   944   959 D CompatibilityChangeReporter: Compat change id reported: 168419799; UID 10043; state: DISABLED
01-06 02:49:15.230   944  2869 I ActivityManager: Background started FGS: Allowed [callingPackage: com.brdgwtr.dms; callingUid: 10050; uidState: FGS ; intent: Intent { cmp=com.brdgwtr.dms/com.brdgwtr.pdss.PdsService }; code:PROC_STATE_FGS; tempAllowListReason:<broadcast:1000:android.intent.action.BOOT_COMPLETED,reason:,reasonCode:BOOT_COMPLETED,duration:20000,callingUid:1000>; targetSdkVersion:30; callerTargetSdkVersion:30; startForegroundCount:0; bindFromPackage:null]
01-06 02:49:15.231   944  2869 D CompatibilityChangeReporter: Compat change id reported: 135634846; UID 10050; state: DISABLED
01-06 02:49:15.232   944  2869 D CompatibilityChangeReporter: Compat change id reported: 177438394; UID 10050; state: DISABLED
01-06 02:49:15.232   944  2869 D CompatibilityChangeReporter: Compat change id reported: 135772972; UID 10050; state: DISABLED
01-06 02:49:15.232   944  2869 D CompatibilityChangeReporter: Compat change id reported: 135754954; UID 10050; state: ENABLED
01-06 02:49:15.233   944   977 D CompatibilityChangeReporter: Compat change id reported: 143937733; UID 10050; state: ENABLED
01-06 02:49:15.259   944   977 I ActivityManager: Start proc 3105:com.brdgwtr.dms:pdssService/u0a50 for service {com.brdgwtr.dms/com.brdgwtr.pdss.PdsService}
01-06 02:49:15.308   944  1511 I ActivityManager: Background started FGS: Allowed [callingPackage: com.brdgwtr.publisherservice; callingUid: 10044; uidState: BTOP; intent: Intent { act=grpc.io.action.BIND cmp=com.brdgwtr.metrics.service/.MetricsService }; code:ACTIVITY_STARTER; tempAllowListReason:<broadcast:1000:android.intent.action.TIME_SET,reason:,reasonCode:TIME_CHANGED,duration:20000,callingUid:1000>; targetSdkVersion:30; callerTargetSdkVersion:34; startForegroundCount:0; bindFromPackage:null]
01-06 02:49:15.339   944   976 I ActivityManager: Deferring FGS notification in legacy app com.brdgwtr.metrics.service/u0a43 : Notification(channel=MetricsService shortcut=null contentView=null vibrate=null sound=null defaults=0x0 flags=0x42 color=0x00000000 vis=PRIVATE)
01-06 02:49:15.345   944  2869 W ActivityManager: Foreground service started from background can not have location/camera/microphone access: service com.brdgwtr.CentralMessageService/com.brdgwtr.cms.CentralMessageService
01-06 02:49:15.356   944  1511 D PackageManager: Instant App installer not found with android.intent.action.INSTALL_INSTANT_APP_PACKAGE
01-06 02:49:15.356   944  1511 D PackageManager: Clear ephemeral installer activity
01-06 02:49:15.367  1367  1367 W ContextImpl: Calling a method in the system process without a qualified user: android.app.ContextImpl.startService:1863 android.content.ContextWrapper.startService:817 android.content.ContextWrapper.startService:817 com.droidlogic.AiPqReceiver.onReceive:31 android.app.ActivityThread.handleReceiver:4310 
01-06 02:49:15.375   944   960 D CompatibilityChangeReporter: Compat change id reported: 135634846; UID 1000; state: DISABLED
01-06 02:49:15.376   944   960 D CompatibilityChangeReporter: Compat change id reported: 177438394; UID 1000; state: DISABLED
01-06 02:49:15.376   944   960 D CompatibilityChangeReporter: Compat change id reported: 135772972; UID 1000; state: DISABLED
01-06 02:49:15.376   944   960 D CompatibilityChangeReporter: Compat change id reported: 135754954; UID 1000; state: ENABLED
01-06 02:49:15.394   944   977 I ActivityManager: Start proc 3160:com.droidlogic.tv.settings/1000 for broadcast {com.droidlogic.tv.settings/com.droidlogic.tv.settings.BootReceiver}
01-06 02:49:15.414   944   960 D PackageManager: Instant App installer not found with android.intent.action.INSTALL_INSTANT_APP_PACKAGE
01-06 02:49:15.414   944   960 D PackageManager: Clear ephemeral installer activity
01-06 02:49:15.594   944  2869 D CompatibilityChangeReporter: Compat change id reported: 161145287; UID 10042; state: DISABLED
01-06 02:49:15.707   944  1219 W ActivityManager: Foreground service started from background can not have location/camera/microphone access: service com.brdgwtr.dms/com.brdgwtr.pdss.PdsService
01-06 02:49:15.731   944  1219 D CompatibilityChangeReporter: Compat change id reported: 161145287; UID 10050; state: DISABLED
01-06 02:49:15.820   944  1219 W JobScheduler: Job didn't exist in JobStore: 116c8d4 #u0a58/9 com.sonos.tv.launcher/androidx.work.impl.background.systemjob.SystemJobService
01-06 02:49:09.958     0     0 W [7 T3229  ..] audit: audit_lost=11588 audit_rate_limit=5 audit_backlog_limit=64
01-06 02:49:09.958     0     0 E [7 T3229  ..] audit: rate limit exceeded
01-06 02:49:15.912   944   959 D CompatibilityChangeReporter: Compat change id reported: 161145287; UID 1000; state: DISABLED
01-06 02:49:15.919   944   944 W NotificationHistory: Attempted to add notif for locked/gone/disabled user 0
01-06 02:49:15.921   944  1177 D AudioService: No vibrator found
01-06 02:49:15.970   944   959 D CompatibilityChangeReporter: Compat change id reported: 168419799; UID 10041; state: DISABLED
