01-06 02:48:54.748   944   974 I SystemConfig: Reading permissions from /system/etc/permissions/com.android.media.tv.remoteprovider.xml
01-06 02:48:54.749   944   974 I SystemConfig: Reading permissions from /system/etc/permissions/privapp_allowlist_com.android.adservices.api.xml
01-06 02:48:54.751   944   974 I SystemConfig: Reading permissions from /system/etc/permissions/tv_core_hardware.xml
01-06 02:48:54.752   944   974 I SystemConfig: Reading permissions from /system/etc/permissions/privapp_allowlist_android.ext.services.xml
01-06 02:48:54.752   944   974 I SystemConfig: Reading permissions from /system/etc/permissions/android.test.mock.xml
01-06 02:48:54.753   944   974 I SystemConfig: Reading permissions from /system/etc/permissions/org.apache.http.legacy.xml
01-06 02:48:54.754   944   974 I SystemConfig: Reading permissions from /system/etc/permissions/sonos_platform.xml
01-06 02:48:54.755   944   974 I SystemConfig: Reading permissions from /system/etc/permissions/com.android.media.remotedisplay.xml
01-06 02:48:54.756   944   974 I SystemConfig: Reading permissions from /system/etc/permissions/platform.xml
01-06 02:48:54.762   944   974 I SystemConfig: Reading permissions from /vendor/etc/permissions/android.hardware.consumerir.xml
01-06 02:48:54.763   944   974 I SystemConfig: Reading permissions from /vendor/etc/permissions/android.hardware.hdmi.cec.xml
01-06 02:48:54.764   944   974 I SystemConfig: Reading permissions from /vendor/etc/permissions/android.hardware.vulkan.version.xml
01-06 02:48:54.765   944   974 I SystemConfig: Reading permissions from /vendor/etc/permissions/aosp_excluded_hardware.xml
01-06 02:48:54.766   944   974 D SystemConfig: Removed unavailable feature android.hardware.location.network
01-06 02:48:54.766   944   974 I SystemConfig: Reading permissions from /vendor/etc/permissions/android.hardware.bluetooth.xml
01-06 02:48:54.767   944   974 I SystemConfig: Reading permissions from /vendor/etc/permissions/android.hardware.vulkan.compute.xml
01-06 02:48:54.768   944   974 I SystemConfig: Reading permissions from /vendor/etc/permissions/android.hardware.location.xml
01-06 02:48:54.769   944   974 D SystemConfig: Removed unavailable feature android.hardware.location.network
01-06 02:48:54.769   944   974 I SystemConfig: Reading permissions from /vendor/etc/permissions/android.software.ipsec_tunnels.xml
01-06 02:48:54.770   944   974 I SystemConfig: Reading permissions from /vendor/etc/permissions/droidlogic.software.core.xml
01-06 02:48:54.772   944   974 W SystemConfig: name is required for <deny-permission> in START_TAG (empty) <deny-permission name=''>@27:35 in java.io.FileReader@18a9a07
01-06 02:48:54.772   944   974 I SystemConfig: Reading permissions from /vendor/etc/permissions/droidlogic.tv.software.core.xml
01-06 02:48:54.774   944   974 I SystemConfig: Reading permissions from /vendor/etc/permissions/prime.xml
01-06 02:48:54.776   944   974 I SystemConfig: Reading permissions from /vendor/etc/permissions/android.software.farfield.xml
01-06 02:48:54.777   944   944 V ApexManagerTiming: getActiveApexInfos_noCache took to complete: 40ms
01-06 02:48:54.777   944   944 D CompatConfig: No directory /apex/com.android.ipsec/etc/compatconfig, skipping
01-06 02:48:54.777   944   944 D CompatConfig: No directory /apex/com.android.adbd/etc/compatconfig, skipping
01-06 02:48:54.778   944   974 I SystemConfig: Reading permissions from /vendor/etc/permissions/android.hardware.audio.output.xml
01-06 02:48:54.778   944   944 D CompatConfig: Found a config file: /apex/com.android.tethering/etc/compatconfig/connectivity-platform-compat-config.xml
01-06 02:48:54.779   944   974 I SystemConfig: Reading permissions from /vendor/etc/permissions/android.software.opengles.deqp.level-2022-03-01.xml
01-06 02:48:54.779   944   944 D CompatConfig: Adding: com.android.server.compat.config.Change@9e4ea3d
01-06 02:48:54.779   944   944 D CompatConfig: No directory /apex/com.android.neuralnetworks/etc/compatconfig, skipping
01-06 02:48:54.779   944   974 I SystemConfig: Reading permissions from /vendor/etc/permissions/android.software.verified_boot.xml
01-06 02:48:54.780   944   944 D CompatConfig: No directory /apex/com.android.adservices/etc/compatconfig, skipping
01-06 02:48:54.780   944   944 D CompatConfig: No directory /apex/com.android.sdkext/etc/compatconfig, skipping
01-06 02:48:54.780   944   944 D CompatConfig: No directory /apex/com.android.tzdata/etc/compatconfig, skipping
01-06 02:48:54.780   944   944 D CompatConfig: No directory /apex/com.android.scheduling/etc/compatconfig, skipping
01-06 02:48:54.780   944   944 D CompatConfig: No directory /apex/com.android.permission/etc/compatconfig, skipping
01-06 02:48:54.780   944   944 D CompatConfig: Found a config file: /apex/com.android.btservices/etc/compatconfig/bluetooth-compat-config.xml
01-06 02:48:54.780   944   974 I SystemConfig: Reading permissions from /vendor/etc/permissions/android.hardware.hardware_keystore.amlogic.xml
01-06 02:48:54.781   944   944 D CompatConfig: Adding: com.android.server.compat.config.Change@23aed39
01-06 02:48:54.781   944   974 I SystemConfig: Reading permissions from /vendor/etc/permissions/android.hardware.wifi.passpoint.xml
01-06 02:48:54.781   944   944 D CompatConfig: No directory /apex/com.android.appsearch/etc/compatconfig, skipping
01-06 02:48:54.781   944   944 D CompatConfig: No directory /apex/com.android.resolv/etc/compatconfig, skipping
01-06 02:48:54.782   944   944 D CompatConfig: No directory /apex/com.android.media/etc/compatconfig, skipping
01-06 02:48:54.782   944   944 D CompatConfig: No directory /apex/com.android.uwb/etc/compatconfig, skipping
01-06 02:48:54.782   944   944 D CompatConfig: No directory /apex/com.android.os.statsd/etc/compatconfig, skipping
01-06 02:48:54.782   944   944 D CompatConfig: No directory /apex/com.android.i18n/etc/compatconfig, skipping
01-06 02:48:54.782   944   944 D CompatConfig: No directory /apex/com.android.ondevicepersonalization/etc/compatconfig, skipping
01-06 02:48:54.782   944   944 D CompatConfig: No directory /apex/com.android.extservices/etc/compatconfig, skipping
01-06 02:48:54.782   944   974 I SystemConfig: Reading permissions from /vendor/etc/permissions/android.hardware.wifi.direct.xml
01-06 02:48:54.782   944   944 D CompatConfig: No directory /apex/com.android.media.swcodec/etc/compatconfig, skipping
01-06 02:48:54.782   944   944 D CompatConfig: Found a config file: /apex/com.android.wifi/etc/compatconfig/wifi-compat-config.xml
01-06 02:48:54.783   944   974 I SystemConfig: Reading permissions from /vendor/etc/permissions/com.droidlogic.appinstaller.xml
01-06 02:48:54.783   944   944 D CompatConfig: Adding: com.android.server.compat.config.Change@c46258a
01-06 02:48:54.783   944   944 D CompatConfig: Adding: com.android.server.compat.config.Change@c0a37fb
01-06 02:48:54.783   944   974 I SystemConfig: Reading permissions from /vendor/etc/permissions/android.software.backup.xml
01-06 02:48:54.784   944   944 D CompatConfig: No directory /apex/com.android.conscrypt/etc/compatconfig, skipping
01-06 02:48:54.784   944   944 D CompatConfig: No directory /apex/com.sonos.player/etc/compatconfig, skipping
01-06 02:48:54.784   944   944 D CompatConfig: No directory /apex/com.android.vndk.v33/etc/compatconfig, skipping
01-06 02:48:54.784   944   944 D CompatConfig: No directory /apex/com.android.runtime/etc/compatconfig, skipping
01-06 02:48:54.784   944   944 D CompatConfig: Found a config file: /apex/com.android.art/etc/compatconfig/libcore-platform-compat-config.xml
01-06 02:48:54.784   944   974 I SystemConfig: Reading permissions from /vendor/etc/permissions/nrdp.xml
01-06 02:48:54.785   944   944 D CompatConfig: Adding: com.android.server.compat.config.Change@eba58d7
01-06 02:48:54.785   944   944 D CompatConfig: Adding: com.android.server.compat.config.Change@9b385c4
01-06 02:48:54.785   944   944 D CompatConfig: Adding: com.android.server.compat.config.Change@dc9dcad
01-06 02:48:54.785   944   944 D CompatConfig: Adding: com.android.server.compat.config.Change@afddbe2
01-06 02:48:54.785   944   944 D CompatConfig: Adding: com.android.server.compat.config.Change@9e1ab73
01-06 02:48:54.785   944   944 D CompatConfig: Adding: com.android.server.compat.config.Change@5453a30
01-06 02:48:54.785   944   974 I SystemConfig: Reading permissions from /vendor/etc/permissions/android.hardware.keystore.app_attest_key.xml
01-06 02:48:54.785   944   944 D CompatConfig: No directory /apex/com.android.apex.cts.shim/etc/compatconfig, skipping
01-06 02:48:54.785   944   944 D CompatConfig: Found a config file: /apex/com.android.mediaprovider/etc/compatconfig/media-provider-platform-compat-config.xml
01-06 02:48:54.786   944   974 I SystemConfig: Reading permissions from /vendor/etc/permissions/android.software.app_widgets.xml
01-06 02:48:54.786   944   944 D CompatConfig: Adding: com.android.server.compat.config.Change@4fbc95c
01-06 02:48:54.786   944   944 D CompatConfig: Adding: com.android.server.compat.config.Change@fb6f465
01-06 02:48:54.786   944   944 D CompatConfig: Adding: com.android.server.compat.config.Change@a7b053a
01-06 02:48:54.786   944   944 D CompatConfig: Adding: com.android.server.compat.config.Change@6d515eb
01-06 02:48:54.786   944   944 D CompatConfig: Adding: com.android.server.compat.config.Change@42a1f48
01-06 02:48:54.786   944   944 D CompatConfig: Adding: com.android.server.compat.config.Change@52771e1
01-06 02:48:54.786   944   944 D CompatConfig: Adding: com.android.server.compat.config.Change@ded25c7
01-06 02:48:54.786   944   974 I SystemConfig: Reading permissions from /vendor/etc/permissions/android.hardware.bluetooth_le.xml
01-06 02:48:54.787   944   974 I SystemConfig: Reading permissions from /vendor/etc/permissions/android.hardware.vulkan.level.xml
01-06 02:48:54.788   944   974 I SystemConfig: Reading permissions from /vendor/etc/permissions/android.hardware.gamepad.xml
01-06 02:48:54.788   944   974 I SystemConfig: Reading permissions from /vendor/etc/permissions/droidlogic.software.netflix.xml
01-06 02:48:54.789   944   974 I SystemConfig: Reading permissions from /vendor/etc/permissions/android.software.cant_save_state.xml
01-06 02:48:54.789   944   944 V SystemServerTiming: PlatformCompat took to complete: 75ms
01-06 02:48:54.789   944   944 D SystemServerTiming: StartFileIntegrityService
01-06 02:48:54.789   944   944 I SystemServiceManager: Starting com.android.server.security.FileIntegrityService
01-06 02:48:54.790   944   974 I SystemConfig: Reading permissions from /vendor/etc/permissions/android.hardware.wifi.xml
01-06 02:48:54.791   944   974 I SystemConfig: Reading permissions from /vendor/etc/permissions/android.hardware.usb.host.xml
01-06 02:48:54.792   944   974 I SystemConfig: Reading permissions from /vendor/etc/permissions/android.software.vulkan.deqp.level-2022-03-01.xml
01-06 02:48:54.793   944   944 V SystemServerTiming: StartFileIntegrityService took to complete: 4ms
01-06 02:48:54.793   944   944 D SystemServerTiming: StartInstaller
01-06 02:48:54.793   944   944 I SystemServiceManager: Starting com.android.server.pm.Installer
01-06 02:48:54.794   944   974 I SystemConfig: Reading permissions from /vendor/etc/permissions/android.hardware.opengles.aep.xml
01-06 02:48:54.795   944   974 I SystemConfig: Reading permissions from /vendor/etc/permissions/android.hardware.ethernet.xml
01-06 02:48:54.796   944   974 I SystemConfig: Reading permissions from /vendor/etc/permissions/android.software.live_tv.xml
01-06 02:48:54.798   944   974 I SystemConfig: Reading permissions from /product/etc/sysconfig/atv-component-overrides.xml
01-06 02:48:54.798   944   944 V SystemServerTiming: StartInstaller took to complete: 5ms
01-06 02:48:54.798   944   944 D SystemServerTiming: DeviceIdentifiersPolicyService
01-06 02:48:54.798   944   944 I SystemServiceManager: Starting com.android.server.os.DeviceIdentifiersPolicyService
01-06 02:48:54.799   944   974 I SystemConfig: Reading permissions from /product/etc/sysconfig/configs_com.sonos.pinewood.ota.service.xml
01-06 02:48:54.799   944   944 V SystemServerTiming: DeviceIdentifiersPolicyService took to complete: 1ms
01-06 02:48:54.799   944   944 D SystemServerTiming: UriGrantsManagerService
01-06 02:48:54.799   944   944 I SystemServiceManager: Starting com.android.server.uri.UriGrantsManagerService$Lifecycle
01-06 02:48:54.801   944   974 I SystemConfig: Reading permissions from /product/etc/permissions/privapp_allowlist_com.sonos.pinewood.ota.service.xml
01-06 02:48:54.801   944   944 V SystemServerTiming: UriGrantsManagerService took to complete: 2ms
01-06 02:48:54.801   944   944 D SystemServerTiming: StartPowerStatsService
01-06 02:48:54.802   944   944 I SystemServiceManager: Starting com.android.server.powerstats.PowerStatsService
01-06 02:48:54.802   944   974 I SystemConfig: Reading permissions from /product/etc/permissions/privapp_allowlist_com.sonos.tv.setup.xml
01-06 02:48:54.803   944   974 I SystemConfig: Reading permissions from /product/etc/permissions/privapp_allowlist_com.sonos.tv.appdirector.xml
01-06 02:48:54.804   944   974 I SystemConfig: Reading permissions from /product/etc/permissions/com.droidlogic.updater.xml
01-06 02:48:54.804   944   974 I SystemConfig: Reading permissions from /product/etc/permissions/privapp-permissions-tahoe-product.xml
01-06 02:48:54.806   944   974 I SystemConfig: Reading permissions from /product/etc/permissions/privapp_allowlist_com.sonos.tv.ble.remote.xml
01-06 02:48:54.807   944   974 I SystemConfig: Reading permissions from /product/etc/permissions/android.hardware.gamepad.xml
01-06 02:48:54.808   944   944 V SystemServerTiming: StartPowerStatsService took to complete: 7ms
01-06 02:48:54.809   944   944 D SystemServerTiming: StartIStatsService
01-06 02:48:54.809   944   974 I SystemConfig: Reading permissions from /product/etc/permissions/privapp_allowlist_com.sonos.tv.settings.xml
01-06 02:48:54.810   944   944 V SystemServerTiming: StartIStatsService took to complete: 2ms
01-06 02:48:54.810   944   944 D SystemServerTiming: MemtrackProxyService
01-06 02:48:54.811   944   974 I SystemConfig: Reading permissions from /product/etc/permissions/privapp_allowlist_com.sonos.pinewood.ota.test.xml
01-06 02:48:54.812   944   944 V SystemServerTiming: MemtrackProxyService took to complete: 2ms
01-06 02:48:54.812   944   944 D SystemServerTiming: StartActivityManager
01-06 02:48:54.812   944   944 I SystemServiceManager: Starting com.android.server.wm.ActivityTaskManagerService$Lifecycle
01-06 02:48:54.813   944   974 I SystemConfig: Reading permissions from /system_ext/etc/sysconfig/configs_com.sonos.connectivity.xml
01-06 02:48:54.814   944   974 I SystemConfig: Reading permissions from /system_ext/etc/permissions/androidx.window.extensions.xml
01-06 02:48:54.815   944   974 I SystemConfig: Reading permissions from /system_ext/etc/permissions/com.sonos.pinewood.ir.rx.xml
01-06 02:48:54.816   944   974 I SystemConfig: Reading permissions from /system_ext/etc/permissions/com.droidlogic.tv.settings.xml
01-06 02:48:54.817   944   974 I SystemConfig: Reading permissions from /system_ext/etc/permissions/androidx.window.sidecar.xml
01-06 02:48:54.818   944   974 I SystemConfig: Reading permissions from /system_ext/etc/permissions/com.sonos.tv.os.xml
01-06 02:48:54.819   944   944 I SystemServiceManager: Starting com.android.server.am.ActivityManagerService$Lifecycle
01-06 02:48:54.819   944   974 I SystemConfig: Reading permissions from /system_ext/etc/permissions/com.sonos.tv.logging.xml
01-06 02:48:54.820   944   974 I SystemConfig: Reading permissions from /system_ext/etc/permissions/com.caavo.pw.ceccontroller.xml
01-06 02:48:54.821   944   974 I SystemConfig: Reading permissions from /system_ext/etc/permissions/com.android.tv.settings.xml
01-06 02:48:54.822   944   974 I SystemConfig: Reading permissions from /system_ext/etc/permissions/droidlogic_permissions.xml
01-06 02:48:54.823   944   974 I SystemConfig: Reading permissions from /system_ext/etc/permissions/privapp_allowlist_com.sonos.connectivity.xml
01-06 02:48:54.824   944   974 I SystemConfig: Reading permissions from /system_ext/etc/permissions/com.android.systemui.xml
01-06 02:48:54.826   944   944 I ActivityManager: Memory class: 384
01-06 02:48:54.826   944   974 I SystemConfig: Reading permissions from /system_ext/etc/permissions/com.sonos.tv.networking.xml
01-06 02:48:54.828   944   974 I SystemConfig: Reading permissions from /system_ext/etc/permissions/com.sonos.livetv.xml
01-06 02:48:54.828   944   976 I Binder  : Setting heavy hitter watcher config: false, 0, 0.0
01-06 02:48:54.830   944   974 I SystemConfig: Reading permissions from /apex/com.android.permission/etc/permissions/privapp_allowlist_com.android.permissioncontroller.xml
01-06 02:48:54.831   944   974 I SystemConfig: Reading permissions from /apex/com.android.mediaprovider/etc/permissions/privapp_allowlist_com.android.providers.media.module.xml
01-06 02:48:54.832   944   974 I SystemConfig: Reading permissions from /apex/com.android.extservices/etc/permissions/privapp_allowlist_android.ext.services.xml
01-06 02:48:54.833   944   974 I SystemConfig: Reading permissions from /apex/com.android.adservices/etc/permissions/privapp_allowlist_com.android.adservices.api.xml
01-06 02:48:54.834   944   974 I SystemConfig: Reading permissions from /apex/com.android.tethering/etc/permissions/permissions.xml
01-06 02:48:54.835   944   974 I SystemConfig: Reading permissions from /apex/com.android.ipsec/etc/permissions/android.net.ipsec.ike.xml
01-06 02:48:54.836   944   974 I SystemConfig: Reading permissions from /apex/com.android.btservices/etc/permissions/privapp_allowlist_com.android.bluetooth.xml
01-06 02:48:54.839   944   974 W SystemConfig: Failed to read public libraries file /vendor/etc/public.libraries.txt
01-06 02:48:54.839   944   974 W SystemConfig: java.io.FileNotFoundException: /vendor/etc/public.libraries.txt: open failed: ENOENT (No such file or directory)
01-06 02:48:54.839   944   974 W SystemConfig: 	at libcore.io.IoBridge.open(IoBridge.java:574)
01-06 02:48:54.839   944   974 W SystemConfig: 	at java.io.FileInputStream.<init>(FileInputStream.java:160)
01-06 02:48:54.839   944   974 W SystemConfig: 	at java.io.FileReader.<init>(FileReader.java:75)
01-06 02:48:54.839   944   974 W SystemConfig: 	at com.android.server.SystemConfig.readPublicLibrariesListFile(SystemConfig.java:1825)
01-06 02:48:54.839   944   974 W SystemConfig: 	at com.android.server.SystemConfig.readPublicNativeLibrariesList(SystemConfig.java:1807)
01-06 02:48:54.839   944   974 W SystemConfig: 	at com.android.server.SystemConfig.<init>(SystemConfig.java:605)
01-06 02:48:54.839   944   974 W SystemConfig: 	at com.android.server.SystemConfig.getInstance(SystemConfig.java:369)
01-06 02:48:54.839   944   974 W SystemConfig: 	at com.android.server.SystemServer$$ExternalSyntheticLambda2.run(Unknown Source:0)
01-06 02:48:54.839   944   974 W SystemConfig: 	at com.android.server.SystemServerInitThreadPool.lambda$submitTask$0(SystemServerInitThreadPool.java:106)
01-06 02:48:54.839   944   974 W SystemConfig: 	at com.android.server.SystemServerInitThreadPool.$r8$lambda$aGlXt69ihU44Qi7EB_RNeu8pnrY(Unknown Source:0)
01-06 02:48:54.839   944   974 W SystemConfig: 	at com.android.server.SystemServerInitThreadPool$$ExternalSyntheticLambda0.run(Unknown Source:6)
01-06 02:48:54.839   944   974 W SystemConfig: 	at java.util.concurrent.Executors$RunnableAdapter.call(Executors.java:463)
01-06 02:48:54.839   944   974 W SystemConfig: 	at java.util.concurrent.FutureTask.run(FutureTask.java:264)
01-06 02:48:54.839   944   974 W SystemConfig: 	at java.util.concurrent.ThreadPoolExecutor.runWorker(ThreadPoolExecutor.java:1137)
01-06 02:48:54.839   944   974 W SystemConfig: 	at java.util.concurrent.ThreadPoolExecutor$Worker.run(ThreadPoolExecutor.java:637)
01-06 02:48:54.839   944   974 W SystemConfig: 	at com.android.internal.util.ConcurrentUtils$1$1.run(ConcurrentUtils.java:65)
01-06 02:48:54.839   944   974 W SystemConfig: Caused by: android.system.ErrnoException: open failed: ENOENT (No such file or directory)
01-06 02:48:54.839   944   974 W SystemConfig: 	at libcore.io.Linux.open(Native Method)
01-06 02:48:54.839   944   974 W SystemConfig: 	at libcore.io.ForwardingOs.open(ForwardingOs.java:563)
01-06 02:48:54.839   944   974 W SystemConfig: 	at libcore.io.BlockGuardOs.open(BlockGuardOs.java:274)
01-06 02:48:54.839   944   974 W SystemConfig: 	at libcore.io.IoBridge.open(IoBridge.java:560)
01-06 02:48:54.839   944   974 W SystemConfig: 	... 15 more
01-06 02:48:54.839   944   974 V SystemConfig: readAllPermissions took to complete: 124ms
01-06 02:48:54.839   944   974 D SystemServerInitThreadPool: Finished executing ReadingSystemConfig
01-06 02:48:54.839   944   974 V SystemServerTimingAsync: InitThreadPoolExec:ReadingSystemConfig took to complete: 124ms
01-06 02:48:54.857   944   944 D BatteryStatsImpl: Reading daily items from /data/system/batterystats-daily.xml
01-06 02:48:54.863   944   983 I KernelCpuUidFreqTimeReader: mPerClusterTimesAvailable=false
01-06 02:48:54.866   944   983 W KernelCpuProcStringReader: File not found. It's normal if not implemented: /proc/uid_concurrent_policy_time
01-06 02:48:54.874   944   983 W KernelMemoryBandwidthStats: No kernel memory bandwidth stats available
01-06 02:48:54.960     0     0 E [5 T1     ..] init: Control message: Could not find 'aidl/package_native' for ctl.interface_start from pid: 316 (/system/bin/servicemanager)
01-06 02:48:54.960   944   944 I IntentFirewall: Read new rules (A:0 B:0 S:0)
01-06 02:48:54.968   944   944 D OomAdjuster: Not killing cached processes
01-06 02:48:54.991   944   944 I FramerateMonitorService: userdebug
01-06 02:48:54.995   944   944 D AppOps  : AppOpsService published
01-06 02:48:54.998   944   992 I CriticalEventLog: No log found, returning empty log proto.
01-06 02:48:55.000   944   944 V SystemServerTiming: StartActivityManager took to complete: 187ms
01-06 02:48:55.000   944   944 D SystemServerTiming: StartDataLoaderManagerService
01-06 02:48:55.000   944   944 I SystemServiceManager: Starting com.android.server.pm.DataLoaderManagerService
01-06 02:48:55.001   944   944 V SystemServerTiming: StartDataLoaderManagerService took to complete: 1ms
01-06 02:48:55.001   944   944 D SystemServerTiming: StartIncrementalService
01-06 02:48:55.006   944   944 V SystemServerTiming: StartIncrementalService took to complete: 5ms
01-06 02:48:55.006   944   944 D SystemServerTiming: StartPowerManager
01-06 02:48:55.006   944   944 I SystemServiceManager: Starting com.android.server.power.PowerManagerService
01-06 02:48:55.018   944   944 V SystemServerTiming: StartPowerManager took to complete: 11ms
01-06 02:48:55.018   944   944 D SystemServerTiming: StartThermalManager
01-06 02:48:55.018   944   944 I SystemServiceManager: Starting com.android.server.power.ThermalManagerService
01-06 02:48:55.018   944   944 V SystemServerTiming: StartThermalManager took to complete: 0ms
01-06 02:48:55.018   944   944 D SystemServerTiming: StartHintManager
01-06 02:48:55.019   944   944 I SystemServiceManager: Starting com.android.server.power.hint.HintManagerService
01-06 02:48:55.019   944   944 V SystemServerTiming: StartHintManager took to complete: 1ms
01-06 02:48:55.019   944   944 D SystemServerTiming: InitPowerManagement
01-06 02:48:55.021   944   944 V SystemServerTiming: InitPowerManagement took to complete: 2ms
01-06 02:48:55.021   944   944 D SystemServerTiming: StartRecoverySystemService
01-06 02:48:55.021   944   944 I SystemServiceManager: Starting com.android.server.recoverysystem.RecoverySystemService$Lifecycle
01-06 02:48:55.022   944   944 V SystemServerTiming: StartRecoverySystemService took to complete: 1ms
01-06 02:48:55.022   944   944 I PackageWatchdog: Syncing state, reason: added new observer
01-06 02:48:55.022   944   944 I PackageWatchdog: Not pruning observers, elapsed time: 0ms
01-06 02:48:55.022   944   944 I PackageWatchdog: Cancelling state sync, nothing to sync
01-06 02:48:55.023   944   975 I PackageWatchdog: Saving observer state to file
01-06 02:48:55.023   944   944 D SystemServerTiming: StartLightsService
01-06 02:48:55.023   944   944 I SystemServiceManager: Starting com.android.server.lights.LightsService
01-06 02:48:55.028   944   944 V SystemServerTiming: StartLightsService took to complete: 5ms
01-06 02:48:55.028   944   944 D SystemServerTiming: StartDisplayOffloadService
01-06 02:48:55.028   944   944 V SystemServerTiming: StartDisplayOffloadService took to complete: 0ms
01-06 02:48:55.028   944   944 D SystemServerTiming: StartSidekickService
01-06 02:48:55.029   944   944 V SystemServerTiming: StartSidekickService took to complete: 0ms
01-06 02:48:55.029   944   944 D SystemServerTiming: StartDisplayManager
01-06 02:48:55.029   944   944 I SystemServiceManager: Starting com.android.server.display.DisplayManagerService
01-06 02:48:55.037   944   944 V SystemServerTiming: StartDisplayManager took to complete: 9ms
01-06 02:48:55.038   944   944 D SystemServerTiming: WaitForDisplay
01-06 02:48:55.038   944   944 I SystemServiceManager: Starting phase 100
01-06 02:48:55.038   944   944 D SystemServerTiming: OnBootPhase_100
01-06 02:48:55.038   944   944 D SystemServerTiming: OnBootPhase_100_com.android.server.security.FileIntegrityService
01-06 02:48:55.038   944   944 V SystemServerTiming: OnBootPhase_100_com.android.server.security.FileIntegrityService took to complete: 0ms
01-06 02:48:55.038   944   944 D SystemServerTiming: OnBootPhase_100_com.android.server.pm.Installer
01-06 02:48:55.038   944   944 V SystemServerTiming: OnBootPhase_100_com.android.server.pm.Installer took to complete: 0ms
01-06 02:48:55.038   944   944 D SystemServerTiming: OnBootPhase_100_com.android.server.os.DeviceIdentifiersPolicyService
01-06 02:48:55.038   944   944 V SystemServerTiming: OnBootPhase_100_com.android.server.os.DeviceIdentifiersPolicyService took to complete: 0ms
01-06 02:48:55.038   944   944 D SystemServerTiming: OnBootPhase_100_com.android.server.uri.UriGrantsManagerService$Lifecycle
01-06 02:48:55.038   944   944 V SystemServerTiming: OnBootPhase_100_com.android.server.uri.UriGrantsManagerService$Lifecycle took to complete: 0ms
01-06 02:48:55.038   944   944 D SystemServerTiming: OnBootPhase_100_com.android.server.powerstats.PowerStatsService
01-06 02:48:55.038   944   944 V SystemServerTiming: OnBootPhase_100_com.android.server.powerstats.PowerStatsService took to complete: 0ms
01-06 02:48:55.038   944   944 D SystemServerTiming: OnBootPhase_100_com.android.server.wm.ActivityTaskManagerService$Lifecycle
01-06 02:48:55.038   944   944 V SystemServerTiming: OnBootPhase_100_com.android.server.wm.ActivityTaskManagerService$Lifecycle took to complete: 0ms
01-06 02:48:55.038   944   944 D SystemServerTiming: OnBootPhase_100_com.android.server.am.ActivityManagerService$Lifecycle
01-06 02:48:55.038   944   944 V SystemServerTiming: OnBootPhase_100_com.android.server.am.ActivityManagerService$Lifecycle took to complete: 0ms
01-06 02:48:55.038   944   944 D SystemServerTiming: OnBootPhase_100_com.android.server.pm.DataLoaderManagerService
01-06 02:48:55.038   944   944 V SystemServerTiming: OnBootPhase_100_com.android.server.pm.DataLoaderManagerService took to complete: 0ms
01-06 02:48:55.038   944   944 D SystemServerTiming: OnBootPhase_100_com.android.server.power.PowerManagerService
01-06 02:48:55.038   944   944 V SystemServerTiming: OnBootPhase_100_com.android.server.power.PowerManagerService took to complete: 0ms
01-06 02:48:55.038   944   944 D SystemServerTiming: OnBootPhase_100_com.android.server.power.ThermalManagerService
01-06 02:48:55.038   944   944 V SystemServerTiming: OnBootPhase_100_com.android.server.power.ThermalManagerService took to complete: 0ms
01-06 02:48:55.038   944   944 D SystemServerTiming: OnBootPhase_100_com.android.server.power.hint.HintManagerService
01-06 02:48:55.038   944   944 V SystemServerTiming: OnBootPhase_100_com.android.server.power.hint.HintManagerService took to complete: 0ms
01-06 02:48:55.038   944   944 D SystemServerTiming: OnBootPhase_100_com.android.server.recoverysystem.RecoverySystemService$Lifecycle
01-06 02:48:55.038   944   944 V SystemServerTiming: OnBootPhase_100_com.android.server.recoverysystem.RecoverySystemService$Lifecycle took to complete: 0ms
01-06 02:48:55.038   944   944 D SystemServerTiming: OnBootPhase_100_com.android.server.lights.LightsService
01-06 02:48:55.039   944   944 V SystemServerTiming: OnBootPhase_100_com.android.server.lights.LightsService took to complete: 0ms
01-06 02:48:55.039   944   944 D SystemServerTiming: OnBootPhase_100_com.android.server.display.DisplayManagerService
01-06 02:48:55.045   944   970 W LocalDisplayAdapter: DisplayModeSpecs base mode no longer available, using currently active mode.
01-06 02:48:55.057   944   970 I DisplayDeviceRepository: Display device added: DisplayDeviceInfo{"Built-in Screen": uniqueId="local:4633127902230889483", 1920 x 1080, modeId 1, defaultModeId 1, supportedModes [{id=1, width=1920, height=1080, fps=59.94006, alternativeRefreshRates=[]}, {id=2, width=1920, height=1080, fps=60.000004, alternativeRefreshRates=[]}, {id=3, width=1920, height=1080, fps=50.0, alternativeRefreshRates=[]}, {id=4, width=1920, height=1080, fps=29.97003, alternativeRefreshRates=[]}, {id=5, width=1920, height=1080, fps=30.000002, alternativeRefreshRates=[]}, {id=6, width=1920, height=1080, fps=25.0, alternativeRefreshRates=[]}, {id=7, width=1920, height=1080, fps=23.976025, alternativeRefreshRates=[]}, {id=8, width=1920, height=1080, fps=24.000002, alternativeRefreshRates=[]}, {id=9, width=1280, height=720, fps=59.94006, alternativeRefreshRates=[]}, {id=10, width=1280, height=720, fps=60.000004, alternativeRefreshRates=[]}, {id=11, width=1280, height=720, fps=50.0, alternativeRefreshRates=[]}, {id=12, width=720, height=576, fps=50.0, alternativeRefreshRates=[]}, {id=13, width=720, height=480, fps=59.94006, alternativeRefreshRates=[]}, {id=14, width=720, height=480, fps=60.000004, alternativeRefreshRates=[]}], colorMode 0, supportedColorModes [0], hdrCapabilities HdrCapabilities{mSupportedHdrTypes=[2, 3], mMaxLuminance=500.0, mMaxAverageLuminance=500.0, mMinLuminance=0.0}, allmSupported false, gameContentTypeSupported false, density 320, 93.784 x 94.593 dpi, appVsyncOff 2000000, presDeadline 13683333, touch INTERNAL, rotation 0, type INTERNAL, address {port=11, model=0x404c2d479b6c44}, deviceProductInfo DeviceProductInfo{name=SAMSUNG, manufacturerPnpId=SAM, productId=2866, modelYear=null, manufactureDate=ManufactureDate{week=44, year=2013}, connectionToSinkType=2}, state UNKNOWN, frameRateOverride , brightnessMinimum 0.0, brightnessMaximum 1.0, brightnessDefault 0.39763778, FLAG_ALLOWED_TO_BE_DEFAULT_DISPLAY, FLAG_ROTATES_WITH_CONTENT, FLAG_SECURE, FLAG_SUPPORTS_PROTECTED_BUFFERS, installOrientation 0}
01-06 02:48:55.058   944   970 I LogicalDisplayMapper: Applying layout: [{addr: {port=11, model=0x404c2d479b6c44}, dispId: 0(ON)}], Previous layout: null
01-06 02:48:55.062   944   970 I LogicalDisplayMapper: Adding new display: 0: DisplayInfo{"Built-in Screen", displayId 0", displayGroupId -1, FLAG_SECURE, FLAG_SUPPORTS_PROTECTED_BUFFERS, FLAG_TRUSTED, real 1920 x 1080, largest app 1920 x 1080, smallest app 1920 x 1080, appVsyncOff 2000000, presDeadline 13683333, mode 1, defaultMode 1, modes [{id=1, width=1920, height=1080, fps=59.94006, alternativeRefreshRates=[]}, {id=2, width=1920, height=1080, fps=60.000004, alternativeRefreshRates=[]}, {id=3, width=1920, height=1080, fps=50.0, alternativeRefreshRates=[]}, {id=4, width=1920, height=1080, fps=29.97003, alternativeRefreshRates=[]}, {id=5, width=1920, height=1080, fps=30.000002, alternativeRefreshRates=[]}, {id=6, width=1920, height=1080, fps=25.0, alternativeRefreshRates=[]}, {id=7, width=1920, height=1080, fps=23.976025, alternativeRefreshRates=[]}, {id=8, width=1920, height=1080, fps=24.000002, alternativeRefreshRates=[]}, {id=9, width=1280, height=720, fps=59.94006, alternativeRefreshRates=[]}, {id=10, width=1280, height=720, fps=60.000004, alternativeRefreshRates=[]}, {id=11, width=1280, height=720, fps=50.0, alternativeRefreshRates=[]}, {id=12, width=720, height=576, fps=50.0, alternativeRefreshRates=[]}, {id=13, width=720, height=480, fps=59.94006, alternativeRefreshRates=[]}, {id=14, width=720, height=480, fps=60.000004, alternativeRefreshRates=[]}], hdrCapabilities HdrCapabilities{mSupportedHdrTypes=[2, 3], mMaxLuminance=500.0, mMaxAverageLuminance=500.0, mMinLuminance=0.0}, userDisabledHdrTypes [], minimalPostProcessingSupported false, rotation 0, state UNKNOWN, type INTERNAL, uniqueId "local:4633127902230889483", app 1920 x 1080, density 320 (93.784 x 94.593) dpi, layerStack 0, colorMode 0, supportedColorModes [0], address {port=11, model=0x404c2d479b6c44}, deviceProductInfo DeviceProductInfo{name=SAMSUNG, manufacturerPnpId=SAM, productId=2866, modelYear=null, manufactureDate=ManufactureDate{week=44, year=2013}, connectionToSinkType=2}, removeMode 0, refreshRateOverride 0.0, brightnessMinimum 0.0, brightnessMaximum 1.0, brightnessDefault 0.39763778, installOrientation ROTATION_0}
01-06 02:48:55.063   944   970 I LogicalDisplayMapper: Setting new display group 0 for display 0, from previous group: null
01-06 02:48:55.063   944   970 W android.permission.PermissionManager: Missing ActivityManager; assuming 1000 holds android.permission.READ_DEVICE_CONFIG
01-06 02:48:55.065   944   991 W ProcessCpuTracker: Failed to stat(/proc/989): android.system.ErrnoException: stat failed: ENOENT (No such file or directory)
01-06 02:48:55.065   944   991 W ProcessCpuTracker: Skipping unknown process pid 989
01-06 02:48:55.067   944   944 V SystemServerTiming: OnBootPhase_100_com.android.server.display.DisplayManagerService took to complete: 29ms
01-06 02:48:55.067   944   944 V SystemServerTiming: OnBootPhase_100 took to complete: 29ms
01-06 02:48:55.067   944   944 V SystemServerTiming: WaitForDisplay took to complete: 29ms
01-06 02:48:55.067   944   944 D SystemServerTiming: StartDomainVerificationService
01-06 02:48:55.073   944   944 V SystemServerTiming: StartDomainVerificationService took to complete: 6ms
01-06 02:48:55.073   944   944 D SystemServerTiming: StartPackageManagerService
01-06 02:48:55.073   944   944 I Watchdog: Pausing HandlerChecker: main thread for reason: packagemanagermain. Pause count: 1
01-06 02:48:55.079   944   944 D PackageManagerTiming: create package manager
01-06 02:48:55.085   944   944 D PackageManagerTiming: createSubComponents
01-06 02:48:55.091   944   944 I UserTypeFactory: Creating custom user type com.android.tv.profile
01-06 02:48:55.105   944   944 V PackageManagerTiming: createSubComponents took to complete: 20ms
01-06 02:48:55.106   944   944 D PackageManagerTiming: addSharedUsers
01-06 02:48:55.106   944   944 V PackageManagerTiming: addSharedUsers took to complete: 1ms
01-06 02:48:55.106   944   944 W BackgroundDexOptService: SysProp pm.dexopt.downgrade_after_inactive_days not set
01-06 02:48:55.107   944   944 D PackageManagerTiming: get system config
01-06 02:48:55.107   944   944 V PackageManagerTiming: get system config took to complete: 0ms
01-06 02:48:55.111   944   944 D SELinuxMMAC: Using policy file /system/etc/selinux/plat_mac_permissions.xml
01-06 02:48:55.114   944   944 D SELinuxMMAC: Using policy file /system_ext/etc/selinux/system_ext_mac_permissions.xml
01-06 02:48:55.114   944   944 D SELinuxMMAC: Using policy file /product/etc/selinux/product_mac_permissions.xml
01-06 02:48:55.115   944   944 D SELinuxMMAC: Using policy file /vendor/etc/selinux/vendor_mac_permissions.xml
01-06 02:48:55.116   944   944 D PackageManagerTiming: loadFallbacks
01-06 02:48:55.117   944   944 V PackageManagerTiming: loadFallbacks took to complete: 2ms
01-06 02:48:55.118   944   944 D PackageManagerTiming: read user settings
01-06 02:48:55.130   944   960 W android.permission.PermissionManager: Missing ActivityManager; assuming 1041 does not hold android.permission.UPDATE_DEVICE_STATS
01-06 02:48:55.199   944   944 E PackageManager: Package com.android.dynsystem was user id 0 but is now user SharedUserSetting{c51a388 android.uid.system/1000} with id 1000; I am not changing its files so it will probably fail!
01-06 02:48:55.200   944   944 E PackageManager: Package com.android.providers.calendar was user id 0 but is now user SharedUserSetting{a3ca707 android.uid.calendar/10027} with id 10027; I am not changing its files so it will probably fail!
01-06 02:48:55.201   944   944 E PackageManager: Package com.android.tv.settings was user id 0 but is now user SharedUserSetting{c51a388 android.uid.system/1000} with id 1000; I am not changing its files so it will probably fail!
01-06 02:48:55.201   944   944 E PackageManager: Package com.android.providers.media was user id 0 but is now user SharedUserSetting{57f5ba0 android.media/10022} with id 10022; I am not changing its files so it will probably fail!
01-06 02:48:55.202   944   944 E PackageManager: Package com.android.providers.downloads was user id 0 but is now user SharedUserSetting{57f5ba0 android.media/10022} with id 10022; I am not changing its files so it will probably fail!
01-06 02:48:55.203   944   944 E PackageManager: Package com.droidlogic.mediacenter was user id 0 but is now user SharedUserSetting{c51a388 android.uid.system/1000} with id 1000; I am not changing its files so it will probably fail!
01-06 02:48:55.203   944   944 E PackageManager: Package com.droidlogic was user id 0 but is now user SharedUserSetting{c51a388 android.uid.system/1000} with id 1000; I am not changing its files so it will probably fail!
01-06 02:48:55.204   944   944 E PackageManager: Package com.droidlogic.tv.settings was user id 0 but is now user SharedUserSetting{c51a388 android.uid.system/1000} with id 1000; I am not changing its files so it will probably fail!
01-06 02:48:55.204   944   944 E PackageManager: Package com.sonos.tv.ble.remote was user id 0 but is now user SharedUserSetting{3775ff7 sonos.uid.bluetooth/7502} with id 7502; I am not changing its files so it will probably fail!
01-06 02:48:55.204   944   944 E PackageManager: Package com.android.networkstack was user id 0 but is now user SharedUserSetting{7f6582 android.uid.networkstack/1073} with id 1073; I am not changing its files so it will probably fail!
01-06 02:48:55.205   944   944 E PackageManager: Package android was user id 0 but is now user SharedUserSetting{c51a388 android.uid.system/1000} with id 1000; I am not changing its files so it will probably fail!
01-06 02:48:55.205   944   944 E PackageManager: Package com.android.mtp was user id 0 but is now user SharedUserSetting{57f5ba0 android.media/10022} with id 10022; I am not changing its files so it will probably fail!
01-06 02:48:55.206   944   944 E PackageManager: Package com.android.providers.settings was user id 0 but is now user SharedUserSetting{c51a388 android.uid.system/1000} with id 1000; I am not changing its files so it will probably fail!
01-06 02:48:55.206   944   944 E PackageManager: Package com.android.se was user id 0 but is now user SharedUserSetting{bb9730b android.uid.se/1068} with id 1068; I am not changing its files so it will probably fail!
01-06 02:48:55.207   944   944 E PackageManager: Package com.android.inputdevices was user id 0 but is now user SharedUserSetting{c51a388 android.uid.system/1000} with id 1000; I am not changing its files so it will probably fail!
01-06 02:48:55.208   944   944 E PackageManager: Package com.android.keychain was user id 0 but is now user SharedUserSetting{c51a388 android.uid.system/1000} with id 1000; I am not changing its files so it will probably fail!
01-06 02:48:55.208   944   944 E PackageManager: Package com.android.localtransport was user id 0 but is now user SharedUserSetting{c51a388 android.uid.system/1000} with id 1000; I am not changing its files so it will probably fail!
01-06 02:48:55.211   944   944 E PackageManager: Package com.sonos.tv.setup was user id 0 but is now user SharedUserSetting{3412a00 sonos.uid.setup/7501} with id 7501; I am not changing its files so it will probably fail!
01-06 02:48:55.212   944   944 E PackageManager: Package com.android.networkstack.tethering was user id 0 but is now user SharedUserSetting{7f6582 android.uid.networkstack/1073} with id 1073; I am not changing its files so it will probably fail!
01-06 02:48:55.213   944   944 E PackageManager: Package com.android.soundpicker was user id 0 but is now user SharedUserSetting{57f5ba0 android.media/10022} with id 10022; I am not changing its files so it will probably fail!
01-06 02:48:55.213   944   944 E PackageManager: Package com.droidlogic.miracast was user id 0 but is now user SharedUserSetting{c51a388 android.uid.system/1000} with id 1000; I am not changing its files so it will probably fail!
01-06 02:48:55.214   944   944 E PackageManager: Package com.android.cts.ctsshim was user id 0 but is now user SharedUserSetting{f1fcf71 com.android.cts.ctsshim/10076} with id 10076; I am not changing its files so it will probably fail!
01-06 02:48:55.215   944   944 E PackageManager: Package com.android.shell was user id 0 but is now user SharedUserSetting{f05cec4 android.uid.shell/2000} with id 2000; I am not changing its files so it will probably fail!
01-06 02:48:55.215   944   944 E PackageManager: Package com.android.wallpaperbackup was user id 0 but is now user SharedUserSetting{c51a388 android.uid.system/1000} with id 1000; I am not changing its files so it will probably fail!
01-06 02:48:55.215   944   944 E PackageManager: Package com.android.providers.userdictionary was user id 0 but is now user SharedUserSetting{977fba9 android.uid.shared/10028} with id 10028; I am not changing its files so it will probably fail!
01-06 02:48:55.216   944   944 E PackageManager: Package com.android.location.fused was user id 0 but is now user SharedUserSetting{c51a388 android.uid.system/1000} with id 1000; I am not changing its files so it will probably fail!
01-06 02:48:55.216   944   944 E PackageManager: Package com.android.systemui was user id 0 but is now user SharedUserSetting{652163a android.uid.systemui/10070} with id 10070; I am not changing its files so it will probably fail!
01-06 02:48:55.217   944   944 E PackageManager: Package com.android.bluetooth was user id 0 but is now user SharedUserSetting{1b276e1 android.uid.bluetooth/1002} with id 1002; I am not changing its files so it will probably fail!
01-06 02:48:55.217   944   944 E PackageManager: Package com.android.providers.contacts was user id 0 but is now user SharedUserSetting{977fba9 android.uid.shared/10028} with id 10028; I am not changing its files so it will probably fail!
01-06 02:48:55.257   944   944 V SLog    : static_init took to complete: 1ms
01-06 02:48:55.257   944   944 W PackageSettings: Missing permission state for package com.android.uwb.resources on user 0
01-06 02:48:55.257   944   944 W PackageSettings: Missing permission state for package com.android.systemui.statusbar.tv.TvStatusBar on user 0
01-06 02:48:55.257   944   944 W PackageSettings: Missing permission state for package com.android.htmlviewer on user 0
01-06 02:48:55.257   944   944 W PackageSettings: Missing permission state for package com.sonos.platform on user 0
01-06 02:48:55.257   944   944 W PackageSettings: Missing permission state for package com.android.tv.overlay.settingsprovider on user 0
01-06 02:48:55.257   944   944 W PackageSettings: Missing permission state for package com.android.connectivity.resources on user 0
01-06 02:48:55.258   944   944 W PackageSettings: Missing permission state for package com.sonos.tv.sonosscreensaver on user 0
01-06 02:48:55.258   944   944 W PackageSettings: Missing permission state for package com.sonos.pinewood.overlay.assistant on user 0
01-06 02:48:55.258   944   944 W PackageSettings: Missing permission state for package android.ext.shared on user 0
01-06 02:48:55.258   944   944 W PackageSettings: Missing permission state for package com.android.wifi.resources on user 0
01-06 02:48:55.259   944   944 W PackageSettings: Missing permission state for package com.android.networkstack.tethering.droidlogic on user 0
01-06 02:48:55.259   944   944 W PackageSettings: Missing permission state for package com.droidlogic.tv.settings.resoverlay on user 0
01-06 02:48:55.259   944   944 W PackageSettings: Missing permission state for package com.droidlogic.wifitetheringoverlay on user 0
01-06 02:48:55.259   944   944 W PackageSettings: Missing permission state for package com.sonos.tv.settings.overlay on user 0
01-06 02:48:55.259   944   944 W PackageSettings: Missing permission state for package com.android.networkstack.tethering.inprocess.droidlogic on user 0
01-06 02:48:55.260   944   944 W PackageSettings: Missing permission state for package com.sonos.pinewood.overlay.settingsprovider on user 0
01-06 02:48:55.260   944   944 W PackageSettings: Missing permission state for package com.droidlogic.wifion on user 0
01-06 02:48:55.260   944   944 W PackageSettings: Missing permission state for package com.sonos.pinewood.overlay.tvremoteprovider on user 0
01-06 02:48:55.261   944   944 W PackageSettings: Missing permission state for package com.bds.framework.overlay on user 0
01-06 02:48:55.261   944   944 W PackageSettings: Missing permission state for package com.android.tv.overlay.framework on user 0
01-06 02:48:55.261   944   944 W PackageSettings: Missing permission state for package android.auto_generated_rro_product__ on user 0
01-06 02:48:55.261   944   944 W PackageSettings: Missing permission state for package com.sonos.hdmicecoverlay on user 0
01-06 02:48:55.261   944   944 W PackageSettings: Missing permission state for package com.droidlogic.overlay on user 0
01-06 02:48:55.262   944   944 W PackageSettings: Missing permission state for package com.sonos.pinewoodirapp on user 0
01-06 02:48:55.262   944   944 W PackageSettings: Missing permission state for shared user: android.uid.log
01-06 02:48:55.262   944   944 W PackageSettings: Missing permission state for shared user: android.uid.nfc
01-06 02:48:55.262   944   944 W PackageSettings: Missing permission state for shared user: android.uid.uwb
01-06 02:48:55.262   944   944 W PackageSettings: Missing permission state for shared user: android.uid.phone
01-06 02:48:55.263   944   944 V PackageManagerTiming: read user settings took to complete: 146ms
01-06 02:48:55.288   944   944 D PackageManager: Directories scanned as system partitions: [/system:0, /vendor:524288, /odm:4194304, /oem:262144, /product:1048576, /system_ext:2097152, /apex/com.android.ipsec:8388608, /apex/com.android.adbd:8388608, /apex/com.android.tethering:8388608, /apex/com.android.neuralnetworks:8388608, /apex/com.android.adservices:8388608, /apex/com.android.sdkext:8388608, /apex/com.android.tzdata:8388608, /apex/com.android.scheduling:8388608, /apex/com.android.permission:8388608, /apex/com.android.btservices:8388608, /apex/com.android.appsearch:8388608, /apex/com.android.resolv:8388608, /apex/com.android.media:8388608, /apex/com.android.uwb:8388608, /apex/com.android.os.statsd:8388608, /apex/com.android.i18n:8388608, /apex/com.android.ondevicepersonalization:8388608, /apex/com.android.extservices:8388608, /apex/com.android.media.swcodec:8388608, /apex/com.android.wifi:8388608, /apex/com.android.conscrypt:8388608, /apex/com.sonos.player:27262976, /apex/com.android.vndk.v33:8388608, /apex/com.android.runtime:8388608, /apex/com.android.art:8388608, /apex/com.android.apex.cts.shim:8388608, /apex/com.android.mediaprovider:8388608]
01-06 02:48:55.289   944   944 D PackageManager: Keeping known cache 3ef00d1b2e69af98935730928abac96ea7628797
01-06 02:48:55.340     0     0 I [6 T508   ..] [debug]: audio_utils_open
01-06 02:48:55.340     0     0 I [6 T508   ..] [debug]: audio_utils_release
01-06 02:48:55.351     0     0 I [0 T508   ..] [debug]: audio_utils_open
01-06 02:48:55.351     0     0 I [0 T508   ..] [debug]: audio_utils_ioctl SET_LIB_SIZE 5499312
01-06 02:48:55.351     0     0 I [0 T508   ..] [debug]: audio_utils_ioctl WRITE_LIB
01-06 02:48:55.354     0     0 I [0 T508   ..] [debug]: audio_utils_release
01-06 02:48:55.355     0     0 I [0 T508   ..] [debug]: audio_utils_open
01-06 02:48:55.358     0     0 I [0 T508   ..] [debug]: audio_utils_release
01-06 02:48:55.362     0     0 I         : [3 T508   ..] hdmitx21_ext_set_audio_output enable:0
01-06 02:48:55.391     0     0 E [5 T452   ..] apexd: Can't open /product/apex for reading : No such file or directory
01-06 02:48:55.391     0     0 E [5 T452   ..] apexd: Can't open /vendor/apex for reading : No such file or directory
01-06 02:48:55.513     0     0 I [5 T508   ..] [snd-soc]: update audio atmos flag! audio_type = 0
01-06 02:48:55.561     0     0 I [0 T573   ..] [snd-soc]: update audio atmos flag! audio_type = 0
01-06 02:48:55.601     0     0 I [3 T508   ..] [snd-soc]: dd+ drc mode : RF
01-06 02:48:55.601     0     0 I [3 T508   ..] [snd-soc]: dd+ drc high cut scale : 0%
01-06 02:48:55.601     0     0 I [3 T508   ..] [snd-soc]: dd+ drc low boost scale : 0%
01-06 02:48:55.601     0     0 I [3 T508   ..] [debug]: audio_utils_open
01-06 02:48:55.601     0     0 I [3 T508   ..] [debug]: audio_utils_release
01-06 02:48:55.603     0     0 I [3 T508   ..] [debug]: audio_utils_open
01-06 02:48:55.605     0     0 E [3 T508   ..] [secmon]: DBG=======> dolby_fw_ioctl 438 cmd:0x40 arg3=0
01-06 02:48:55.613     0     0 E [3 T508   ..] [secmon]: DBG=======> dolby_fw_ioctl 438 cmd:0x41 arg3=0
01-06 02:48:55.613     0     0 E [3 T508   ..] [secmon]: DBG=======> dolby_fw_verify_lib_resp 296 DOLBY_FW_VERIFY_LIB_RESP arg3=0
01-06 02:48:55.615     0     0 E [3 T508   ..] [secmon]: DBG=======> dolby_fw_ioctl 438 cmd:0x50 arg3=0
01-06 02:48:55.616     0     0 E [3 T508   ..] [secmon]: DBG=======> dolby_fw_ioctl 438 cmd:0x60 arg3=0
