01-01 00:00:18.496   935   935 D CompatConfig: Adding: com.android.server.compat.config.Change@fe42d32
01-01 00:00:18.496   935   935 D CompatConfig: Adding: com.android.server.compat.config.Change@98aa83
01-01 00:00:18.496   935   935 D CompatConfig: Adding: com.android.server.compat.config.Change@946b400
01-01 00:00:18.496   935   935 D CompatConfig: Adding: com.android.server.compat.config.Change@5f2d439
01-01 00:00:18.496   935   935 D CompatConfig: Adding: com.android.server.compat.config.Change@223ea7e
01-01 00:00:18.496   935   935 D CompatConfig: Adding: com.android.server.compat.config.Change@6316bdf
01-01 00:00:18.496   935   935 D CompatConfig: Adding: com.android.server.compat.config.Change@a237af5
01-01 00:00:18.496   935   935 D CompatConfig: Adding: com.android.server.compat.config.Change@f10308a
01-01 00:00:18.497   935   935 D CompatConfig: Adding: com.android.server.compat.config.Change@d6ae6fb
01-01 00:00:18.497   935   968 I SystemConfig: Reading permissions from /system/etc/sysconfig/preinstalled-packages-platform.xml
01-01 00:00:18.497   935   935 D CompatConfig: Adding: com.android.server.compat.config.Change@a070318
01-01 00:00:18.497   935   935 D CompatConfig: Adding: com.android.server.compat.config.Change@47dd171
01-01 00:00:18.497   935   935 D CompatConfig: Adding: com.android.server.compat.config.Change@dc8cb56
01-01 00:00:18.497   935   935 D CompatConfig: Adding: com.android.server.compat.config.Change@6f6f7d7
01-01 00:00:18.497   935   935 D CompatConfig: Adding: com.android.server.compat.config.Change@df538c4
01-01 00:00:18.497   935   935 D CompatConfig: Adding: com.android.server.compat.config.Change@44d13ad
01-01 00:00:18.497   935   935 D CompatConfig: Adding: com.android.server.compat.config.Change@59e46e2
01-01 00:00:18.497   935   935 D CompatConfig: Adding: com.android.server.compat.config.Change@2c93a73
01-01 00:00:18.497   935   935 D CompatConfig: Adding: com.android.server.compat.config.Change@76f1d30
01-01 00:00:18.497   935   935 D CompatConfig: Adding: com.android.server.compat.config.Change@8543da9
01-01 00:00:18.497   935   935 D CompatConfig: Adding: com.android.server.compat.config.Change@5def2e
01-01 00:00:18.497   935   935 D CompatConfig: Adding: com.android.server.compat.config.Change@2730acf
01-01 00:00:18.497   935   935 D CompatConfig: Adding: com.android.server.compat.config.Change@360dc5c
01-01 00:00:18.497   935   935 D CompatConfig: Adding: com.android.server.compat.config.Change@e8a0b65
01-01 00:00:18.497   935   935 D CompatConfig: Adding: com.android.server.compat.config.Change@55dd03a
01-01 00:00:18.497   935   935 D CompatConfig: Adding: com.android.server.compat.config.Change@53f84eb
01-01 00:00:18.497   935   935 D CompatConfig: Adding: com.android.server.compat.config.Change@f4d6248
01-01 00:00:18.497   935   935 D CompatConfig: Adding: com.android.server.compat.config.Change@394f8e1
01-01 00:00:18.497   935   935 D CompatConfig: Adding: com.android.server.compat.config.Change@948b606
01-01 00:00:18.497   935   935 D CompatConfig: Adding: com.android.server.compat.config.Change@a0f84c7
01-01 00:00:18.497   935   935 D CompatConfig: Adding: com.android.server.compat.config.Change@bfa5af4
01-01 00:00:18.497   935   935 D CompatConfig: Adding: com.android.server.compat.config.Change@e07421d
01-01 00:00:18.497   935   935 D CompatConfig: Adding: com.android.server.compat.config.Change@eaa2c92
01-01 00:00:18.497   935   935 D CompatConfig: Adding: com.android.server.compat.config.Change@2f5a663
01-01 00:00:18.497   935   935 D CompatConfig: Adding: com.android.server.compat.config.Change@edc3260
01-01 00:00:18.497   935   935 D CompatConfig: Adding: com.android.server.compat.config.Change@15ae319
01-01 00:00:18.498   935   935 D CompatConfig: Adding: com.android.server.compat.config.Change@33a7fde
01-01 00:00:18.498   935   935 D CompatConfig: Adding: com.android.server.compat.config.Change@69245bf
01-01 00:00:18.498   935   935 D CompatConfig: Adding: com.android.server.compat.config.Change@e42148c
01-01 00:00:18.498   935   935 D CompatConfig: Adding: com.android.server.compat.config.Change@4ad97d5
01-01 00:00:18.498   935   935 D CompatConfig: Adding: com.android.server.compat.config.Change@5eabbea
01-01 00:00:18.498   935   935 D CompatConfig: Adding: com.android.server.compat.config.Change@b2f7edb
01-01 00:00:18.498   935   935 D CompatConfig: Adding: com.android.server.compat.config.Change@441ed78
01-01 00:00:18.498   935   935 D CompatConfig: Adding: com.android.server.compat.config.Change@1b0acb6
01-01 00:00:18.498   935   968 I SystemConfig: Reading permissions from /system/etc/permissions/tahoe_core_hardware.xml
01-01 00:00:18.498   935   935 D CompatConfig: Adding: com.android.server.compat.config.Change@79d2db7
01-01 00:00:18.498   935   935 D CompatConfig: Adding: com.android.server.compat.config.Change@4646924
01-01 00:00:18.498   935   935 D CompatConfig: Adding: com.android.server.compat.config.Change@ca1ec8d
01-01 00:00:18.498   935   935 D CompatConfig: Adding: com.android.server.compat.config.Change@912de42
01-01 00:00:18.498   935   935 D CompatConfig: Adding: com.android.server.compat.config.Change@5ccee53
01-01 00:00:18.498   935   935 D CompatConfig: Adding: com.android.server.compat.config.Change@10f390
01-01 00:00:18.498   935   935 D CompatConfig: Adding: com.android.server.compat.config.Change@2cdc489
01-01 00:00:18.498   935   935 D CompatConfig: Adding: com.android.server.compat.config.Change@e749c8e
01-01 00:00:18.498   935   935 D CompatConfig: Adding: com.android.server.compat.config.Change@32e1caf
01-01 00:00:18.498   935   968 I SystemConfig: Reading permissions from /system/etc/permissions/privapp-permissions-platform.xml
01-01 00:00:18.499   935   935 D CompatConfig: Found a config file: /system/etc/compatconfig/TeleService-platform-compat-config.xml
01-01 00:00:18.499   935   935 D CompatConfig: Adding: com.android.server.compat.config.Change@521f39a
01-01 00:00:18.500   935   935 D CompatConfig: Adding: com.android.server.compat.config.Change@ac9d4cb
01-01 00:00:18.500   935   935 D CompatConfig: Adding: com.android.server.compat.config.Change@6c7a4a8
01-01 00:00:18.500   935   935 D CompatConfig: Adding: com.android.server.compat.config.Change@91c7bc1
01-01 00:00:18.500   935   935 D CompatConfig: Adding: com.android.server.compat.config.Change@71baf66
01-01 00:00:18.500   935   935 D CompatConfig: Adding: com.android.server.compat.config.Change@51ef2a7
01-01 00:00:18.500   935   935 D CompatConfig: Found a config file: /system/etc/compatconfig/documents-ui-compat-config.xml
01-01 00:00:18.501   935   935 D CompatConfig: Adding: com.android.server.compat.config.Change@73412fd
01-01 00:00:18.501   935   935 D CompatConfig: Found a config file: /system/etc/compatconfig/services-platform-compat-config.xml
01-01 00:00:18.503   935   935 D CompatConfig: Adding: com.android.server.compat.config.Change@9be1243
01-01 00:00:18.504   935   935 D CompatConfig: Adding: com.android.server.compat.config.Change@25060c0
01-01 00:00:18.504   935   935 D CompatConfig: Adding: com.android.server.compat.config.Change@e33e1f9
01-01 00:00:18.504   935   935 D CompatConfig: Adding: com.android.server.compat.config.Change@a87453e
01-01 00:00:18.504   935   935 D CompatConfig: Adding: com.android.server.compat.config.Change@ea58f9f
01-01 00:00:18.504   935   935 D CompatConfig: Adding: com.android.server.compat.config.Change@23ac8ec
01-01 00:00:18.504   935   935 D CompatConfig: Adding: com.android.server.compat.config.Change@ec7a4b5
01-01 00:00:18.504   935   935 D CompatConfig: Adding: com.android.server.compat.config.Change@82e774a
01-01 00:00:18.504   935   935 D CompatConfig: Adding: com.android.server.compat.config.Change@15d86bb
01-01 00:00:18.504   935   935 D CompatConfig: Adding: com.android.server.compat.config.Change@38187d8
01-01 00:00:18.504   935   935 D CompatConfig: Adding: com.android.server.compat.config.Change@e9ad731
01-01 00:00:18.504   935   935 D CompatConfig: Adding: com.android.server.compat.config.Change@664be16
01-01 00:00:18.504   935   935 D CompatConfig: Adding: com.android.server.compat.config.Change@5d3d397
01-01 00:00:18.504   935   935 D CompatConfig: Adding: com.android.server.compat.config.Change@3734984
01-01 00:00:18.504   935   935 D CompatConfig: Adding: com.android.server.compat.config.Change@894b56d
01-01 00:00:18.504   935   935 D CompatConfig: Adding: com.android.server.compat.config.Change@5e6a5a2
01-01 00:00:18.504   935   935 D CompatConfig: Adding: com.android.server.compat.config.Change@6f81233
01-01 00:00:18.504   935   935 D CompatConfig: Adding: com.android.server.compat.config.Change@39d79f0
01-01 00:00:18.504   935   935 D CompatConfig: Adding: com.android.server.compat.config.Change@4d43b69
01-01 00:00:18.504   935   935 D CompatConfig: Adding: com.android.server.compat.config.Change@4ad79ee
01-01 00:00:18.504   935   935 D CompatConfig: Adding: com.android.server.compat.config.Change@5179e8f
01-01 00:00:18.504   935   935 D CompatConfig: Adding: com.android.server.compat.config.Change@ef8451c
01-01 00:00:18.504   935   935 D CompatConfig: Adding: com.android.server.compat.config.Change@46c2525
01-01 00:00:18.504   935   935 D CompatConfig: Adding: com.android.server.compat.config.Change@4fb46fa
01-01 00:00:18.504   935   935 D CompatConfig: Adding: com.android.server.compat.config.Change@df994ab
01-01 00:00:18.504   935   935 D CompatConfig: Adding: com.android.server.compat.config.Change@5d29708
01-01 00:00:18.504   935   935 D CompatConfig: Adding: com.android.server.compat.config.Change@cdeeea1
01-01 00:00:18.504   935   935 D CompatConfig: Adding: com.android.server.compat.config.Change@926d8c6
01-01 00:00:18.504   935   935 D CompatConfig: Adding: com.android.server.compat.config.Change@abad087
01-01 00:00:18.504   935   935 D CompatConfig: Adding: com.android.server.compat.config.Change@c7e1bb4
01-01 00:00:18.504   935   935 D CompatConfig: Adding: com.android.server.compat.config.Change@f5ad3dd
01-01 00:00:18.504   935   935 D CompatConfig: Adding: com.android.server.compat.config.Change@27bb52
01-01 00:00:18.504   935   935 D CompatConfig: Adding: com.android.server.compat.config.Change@f69ee23
01-01 00:00:18.504   935   935 D CompatConfig: Adding: com.android.server.compat.config.Change@8bb3f20
01-01 00:00:18.504   935   935 D CompatConfig: Adding: com.android.server.compat.config.Change@7b5d0d9
01-01 00:00:18.504   935   935 D CompatConfig: Adding: com.android.server.compat.config.Change@ee23a9e
01-01 00:00:18.504   935   935 D CompatConfig: Adding: com.android.server.compat.config.Change@863497f
01-01 00:00:18.505   935   935 D CompatConfig: Adding: com.android.server.compat.config.Change@9e52d4c
01-01 00:00:18.505   935   935 D CompatConfig: Adding: com.android.server.compat.config.Change@f29a195
01-01 00:00:18.505   935   935 D CompatConfig: Adding: com.android.server.compat.config.Change@23362aa
01-01 00:00:18.505   935   935 D CompatConfig: Adding: com.android.server.compat.config.Change@16cfe9b
01-01 00:00:18.505   935   935 D CompatConfig: Adding: com.android.server.compat.config.Change@7ddd238
01-01 00:00:18.505   935   935 D CompatConfig: Adding: com.android.server.compat.config.Change@ecfc211
01-01 00:00:18.505   935   935 D CompatConfig: Adding: com.android.server.compat.config.Change@5bcff76
01-01 00:00:18.505   935   935 D CompatConfig: Adding: com.android.server.compat.config.Change@292e977
01-01 00:00:18.505   935   935 D CompatConfig: Adding: com.android.server.compat.config.Change@4b9d9e4
01-01 00:00:18.505   935   935 D CompatConfig: Adding: com.android.server.compat.config.Change@ddd6e4d
01-01 00:00:18.505   935   935 D CompatConfig: Adding: com.android.server.compat.config.Change@b719d02
01-01 00:00:18.505   935   935 D CompatConfig: Adding: com.android.server.compat.config.Change@ec2a613
01-01 00:00:18.505   935   935 D CompatConfig: Adding: com.android.server.compat.config.Change@d2cb050
01-01 00:00:18.505   935   935 D CompatConfig: Adding: com.android.server.compat.config.Change@79fa249
01-01 00:00:18.505   935   935 D CompatConfig: Adding: com.android.server.compat.config.Change@fe0874e
01-01 00:00:18.505   935   935 D CompatConfig: Adding: com.android.server.compat.config.Change@27906f
01-01 00:00:18.505   935   935 D CompatConfig: Adding: com.android.server.compat.config.Change@3b4817c
01-01 00:00:18.505   935   935 D CompatConfig: Adding: com.android.server.compat.config.Change@5371a05
01-01 00:00:18.505   935   935 D CompatConfig: Adding: com.android.server.compat.config.Change@741ca5a
01-01 00:00:18.505   935   935 D CompatConfig: Adding: com.android.server.compat.config.Change@e46c48b
01-01 00:00:18.505   935   935 D CompatConfig: Adding: com.android.server.compat.config.Change@2863968
01-01 00:00:18.505   935   935 D CompatConfig: Adding: com.android.server.compat.config.Change@7145181
01-01 00:00:18.505   935   935 D CompatConfig: Adding: com.android.server.compat.config.Change@f423226
01-01 00:00:18.505   935   935 D CompatConfig: Adding: com.android.server.compat.config.Change@9db1e67
01-01 00:00:18.505   935   935 D CompatConfig: Adding: com.android.server.compat.config.Change@398414
01-01 00:00:18.505   935   935 D CompatConfig: Adding: com.android.server.compat.config.Change@a3384bd
01-01 00:00:18.506   935   935 D CompatConfig: Found a config file: /system/etc/compatconfig/contacts-provider-platform-compat-config.xml
01-01 00:00:18.506   935   968 I SystemConfig: Reading permissions from /system/etc/permissions/android.test.runner.xml
01-01 00:00:18.507   935   935 D CompatConfig: Found a config file: /system/etc/compatconfig/icu4j-platform-compat-config.xml
01-01 00:00:18.507   935   935 D CompatConfig: Adding: com.android.server.compat.config.Change@3235ffe
01-01 00:00:18.507   935   968 I SystemConfig: Reading permissions from /system/etc/permissions/privapp_allowlist_com.android.providers.media.module.xml
01-01 00:00:18.508   935   935 D CompatConfig: No directory /system/system_ext/etc/compatconfig, skipping
01-01 00:00:18.508   935   968 I SystemConfig: Reading permissions from /system/etc/permissions/android.test.mock.xml
01-01 00:00:18.510   935   968 I SystemConfig: Reading permissions from /system/etc/permissions/privapp_allowlist_com.android.adservices.api.xml
01-01 00:00:18.511   935   935 D ApexManagerTiming: getActiveApexInfos_noCache
01-01 00:00:18.511   935   968 I SystemConfig: Reading permissions from /system/etc/permissions/com.android.future.usb.accessory.xml
01-01 00:00:18.511   935   968 I SystemConfig: Reading permissions from /system/etc/permissions/tv_core_hardware.xml
01-01 00:00:18.512   935   968 I SystemConfig: Reading permissions from /system/etc/permissions/com.android.location.provider.xml
01-01 00:00:18.514   935   968 I SystemConfig: Reading permissions from /system/etc/permissions/javax.obex.xml
01-01 00:00:18.515   935   968 I SystemConfig: Reading permissions from /system/etc/permissions/sonos_platform.xml
01-01 00:00:18.517   935   968 I SystemConfig: Reading permissions from /system/etc/permissions/android.hardware.bluetooth.xml
01-01 00:00:18.518   935   968 I SystemConfig: Reading permissions from /system/etc/permissions/android.hardware.bluetooth_le.xml
01-01 00:00:18.520   935   968 I SystemConfig: Reading permissions from /system/etc/permissions/android.test.base.xml
01-01 00:00:18.521   935   968 I SystemConfig: Reading permissions from /system/etc/permissions/com.android.networkstack.xml
01-01 00:00:18.522   935   968 I SystemConfig: Reading permissions from /system/etc/permissions/com.android.media.remotedisplay.xml
01-01 00:00:18.523   935   968 I SystemConfig: Reading permissions from /system/etc/permissions/privapp_allowlist_android.ext.services.xml
01-01 00:00:18.524   935   968 I SystemConfig: Reading permissions from /system/etc/permissions/com.android.media.tv.remoteprovider.xml
01-01 00:00:18.525   935   968 I SystemConfig: Reading permissions from /system/etc/permissions/com.android.mediadrm.signer.xml
01-01 00:00:18.527   935   968 I SystemConfig: Reading permissions from /system/etc/permissions/com.android.intentresolver.xml
01-01 00:00:18.528   935   968 I SystemConfig: Reading permissions from /system/etc/permissions/android.software.webview.xml
01-01 00:00:18.528   935   968 I SystemConfig: Reading permissions from /system/etc/permissions/org.apache.http.legacy.xml
01-01 00:00:18.530   935   968 I SystemConfig: Reading permissions from /system/etc/permissions/platform.xml
01-01 00:00:18.536   935   968 I SystemConfig: Reading permissions from /vendor/etc/permissions/android.hardware.ethernet.xml
01-01 00:00:18.537   935   968 I SystemConfig: Reading permissions from /vendor/etc/permissions/android.software.ipsec_tunnels.xml
01-01 00:00:18.539   935   968 I SystemConfig: Reading permissions from /vendor/etc/permissions/android.hardware.usb.host.xml
01-01 00:00:18.541   935   968 I SystemConfig: Reading permissions from /vendor/etc/permissions/android.software.backup.xml
01-01 00:00:18.542   935   968 I SystemConfig: Reading permissions from /vendor/etc/permissions/android.hardware.hardware_keystore.amlogic.xml
01-01 00:00:18.544   935   968 I SystemConfig: Reading permissions from /vendor/etc/permissions/android.hardware.opengles.aep.xml
01-01 00:00:18.544   935   968 I SystemConfig: Reading permissions from /vendor/etc/permissions/nrdp.xml
01-01 00:00:18.545   935   968 I SystemConfig: Reading permissions from /vendor/etc/permissions/android.hardware.vulkan.compute.xml
01-01 00:00:18.546   935   968 I SystemConfig: Reading permissions from /vendor/etc/permissions/com.droidlogic.appinstaller.xml
01-01 00:00:18.547   935   935 V ApexManagerTiming: getActiveApexInfos_noCache took to complete: 36ms
01-01 00:00:18.547   935   935 D CompatConfig: No directory /apex/com.android.permission/etc/compatconfig, skipping
01-01 00:00:18.547   935   968 I SystemConfig: Reading permissions from /vendor/etc/permissions/android.hardware.wifi.direct.xml
01-01 00:00:18.547   935   935 D CompatConfig: No directory /apex/com.android.vndk.v33/etc/compatconfig, skipping
01-01 00:00:18.547   935   935 D CompatConfig: No directory /apex/com.android.neuralnetworks/etc/compatconfig, skipping
01-01 00:00:18.547   935   935 D CompatConfig: No directory /apex/com.android.runtime/etc/compatconfig, skipping
01-01 00:00:18.547   935   935 D CompatConfig: No directory /apex/com.android.i18n/etc/compatconfig, skipping
01-01 00:00:18.547   935   935 D CompatConfig: No directory /apex/com.android.scheduling/etc/compatconfig, skipping
01-01 00:00:18.547   935   935 D CompatConfig: No directory /apex/com.android.media/etc/compatconfig, skipping
01-01 00:00:18.548   935   935 D CompatConfig: Found a config file: /apex/com.android.art/etc/compatconfig/libcore-platform-compat-config.xml
01-01 00:00:18.548   935   968 I SystemConfig: Reading permissions from /vendor/etc/permissions/android.software.vulkan.deqp.level-2022-03-01.xml
01-01 00:00:18.548   935   935 D CompatConfig: Adding: com.android.server.compat.config.Change@2dab67d
01-01 00:00:18.548   935   935 D CompatConfig: Adding: com.android.server.compat.config.Change@c67f972
01-01 00:00:18.548   935   935 D CompatConfig: Adding: com.android.server.compat.config.Change@67221c3
01-01 00:00:18.548   935   935 D CompatConfig: Adding: com.android.server.compat.config.Change@4b3fa40
01-01 00:00:18.548   935   935 D CompatConfig: Adding: com.android.server.compat.config.Change@4613d79
01-01 00:00:18.548   935   935 D CompatConfig: Adding: com.android.server.compat.config.Change@2b83abe
01-01 00:00:18.549   935   935 D CompatConfig: No directory /apex/com.android.tzdata/etc/compatconfig, skipping
01-01 00:00:18.549   935   935 D CompatConfig: No directory /apex/com.android.appsearch/etc/compatconfig, skipping
01-01 00:00:18.549   935   968 I SystemConfig: Reading permissions from /vendor/etc/permissions/android.software.farfield.xml
01-01 00:00:18.549   935   935 D CompatConfig: No directory /apex/com.android.ondevicepersonalization/etc/compatconfig, skipping
01-01 00:00:18.550   935   935 D CompatConfig: Found a config file: /apex/com.android.mediaprovider/etc/compatconfig/media-provider-platform-compat-config.xml
01-01 00:00:18.551   935   935 D CompatConfig: Adding: com.android.server.compat.config.Change@d2f3835
01-01 00:00:18.551   935   935 D CompatConfig: Adding: com.android.server.compat.config.Change@e3944ca
01-01 00:00:18.551   935   935 D CompatConfig: Adding: com.android.server.compat.config.Change@f94063b
01-01 00:00:18.551   935   935 D CompatConfig: Adding: com.android.server.compat.config.Change@88ed158
01-01 00:00:18.551   935   935 D CompatConfig: Adding: com.android.server.compat.config.Change@aa822b1
01-01 00:00:18.551   935   935 D CompatConfig: Adding: com.android.server.compat.config.Change@a0ee396
01-01 00:00:18.551   935   935 D CompatConfig: Adding: com.android.server.compat.config.Change@9cbab04
01-01 00:00:18.551   935   968 I SystemConfig: Reading permissions from /vendor/etc/permissions/prime.xml
01-01 00:00:18.552   935   935 D CompatConfig: No directory /apex/com.android.media.swcodec/etc/compatconfig, skipping
01-01 00:00:18.552   935   935 D CompatConfig: No directory /apex/com.android.uwb/etc/compatconfig, skipping
01-01 00:00:18.552   935   968 I SystemConfig: Reading permissions from /vendor/etc/permissions/android.software.verified_boot.xml
01-01 00:00:18.552   935   935 D CompatConfig: Found a config file: /apex/com.android.wifi/etc/compatconfig/wifi-compat-config.xml
01-01 00:00:18.553   935   935 D CompatConfig: Adding: com.android.server.compat.config.Change@da7370
01-01 00:00:18.553   935   968 I SystemConfig: Reading permissions from /vendor/etc/permissions/android.software.cant_save_state.xml
01-01 00:00:18.553   935   935 D CompatConfig: Adding: com.android.server.compat.config.Change@4cf76e9
01-01 00:00:18.554   935   935 D CompatConfig: No directory /apex/com.android.apex.cts.shim/etc/compatconfig, skipping
01-01 00:00:18.554   935   968 I SystemConfig: Reading permissions from /vendor/etc/permissions/android.hardware.gamepad.xml
01-01 00:00:18.554   935   935 D CompatConfig: No directory /apex/com.android.conscrypt/etc/compatconfig, skipping
01-01 00:00:18.554   935   935 D CompatConfig: No directory /apex/com.android.os.statsd/etc/compatconfig, skipping
01-01 00:00:18.554   935   935 D CompatConfig: Found a config file: /apex/com.android.btservices/etc/compatconfig/bluetooth-compat-config.xml
01-01 00:00:18.554   935   968 I SystemConfig: Reading permissions from /vendor/etc/permissions/android.hardware.bluetooth.xml
01-01 00:00:18.555   935   935 D CompatConfig: Adding: com.android.server.compat.config.Change@b9f98a5
01-01 00:00:18.555   935   968 I SystemConfig: Reading permissions from /vendor/etc/permissions/aosp_excluded_hardware.xml
01-01 00:00:18.556   935   935 D CompatConfig: No directory /apex/com.android.resolv/etc/compatconfig, skipping
01-01 00:00:18.556   935   935 D CompatConfig: No directory /apex/com.android.extservices/etc/compatconfig, skipping
01-01 00:00:18.556   935   935 D CompatConfig: No directory /apex/com.sonos.player/etc/compatconfig, skipping
01-01 00:00:18.556   935   935 D CompatConfig: No directory /apex/com.android.ipsec/etc/compatconfig, skipping
01-01 00:00:18.556   935   968 D SystemConfig: Removed unavailable feature android.hardware.location.network
01-01 00:00:18.556   935   935 D CompatConfig: No directory /apex/com.android.adbd/etc/compatconfig, skipping
01-01 00:00:18.556   935   935 D CompatConfig: No directory /apex/com.android.sdkext/etc/compatconfig, skipping
01-01 00:00:18.556   935   968 I SystemConfig: Reading permissions from /vendor/etc/permissions/android.hardware.wifi.xml
01-01 00:00:18.556   935   935 D CompatConfig: Found a config file: /apex/com.android.tethering/etc/compatconfig/connectivity-platform-compat-config.xml
01-01 00:00:18.557   935   935 D CompatConfig: Adding: com.android.server.compat.config.Change@2961a21
01-01 00:00:18.557   935   968 I SystemConfig: Reading permissions from /vendor/etc/permissions/android.hardware.keystore.app_attest_key.xml
01-01 00:00:18.557   935   935 D CompatConfig: No directory /apex/com.android.adservices/etc/compatconfig, skipping
01-01 00:00:18.558   935   968 I SystemConfig: Reading permissions from /vendor/etc/permissions/android.hardware.audio.output.xml
01-01 00:00:18.559   935   935 V SystemServerTiming: PlatformCompat took to complete: 70ms
01-01 00:00:18.559   935   935 D SystemServerTiming: StartFileIntegrityService
01-01 00:00:18.559   935   935 I SystemServiceManager: Starting com.android.server.security.FileIntegrityService
01-01 00:00:18.559   935   968 I SystemConfig: Reading permissions from /vendor/etc/permissions/android.software.live_tv.xml
01-01 00:00:18.560   935   968 I SystemConfig: Reading permissions from /vendor/etc/permissions/android.hardware.location.xml
01-01 00:00:18.561   935   968 D SystemConfig: Removed unavailable feature android.hardware.location.network
01-01 00:00:18.561   935   968 I SystemConfig: Reading permissions from /vendor/etc/permissions/android.hardware.vulkan.level.xml
01-01 00:00:18.562   935   968 I SystemConfig: Reading permissions from /vendor/etc/permissions/droidlogic.software.core.xml
01-01 00:00:18.562   935   935 V SystemServerTiming: StartFileIntegrityService took to complete: 4ms
01-01 00:00:18.562   935   935 D SystemServerTiming: StartInstaller
01-01 00:00:18.562   935   935 I SystemServiceManager: Starting com.android.server.pm.Installer
01-01 00:00:18.564   935   968 W SystemConfig: name is required for <deny-permission> in START_TAG (empty) <deny-permission name=''>@27:35 in java.io.FileReader@9e998a0
01-01 00:00:18.565   935   968 I SystemConfig: Reading permissions from /vendor/etc/permissions/android.hardware.hdmi.cec.xml
01-01 00:00:18.565   935   968 I SystemConfig: Reading permissions from /vendor/etc/permissions/droidlogic.tv.software.core.xml
01-01 00:00:18.566   935   968 I SystemConfig: Reading permissions from /vendor/etc/permissions/android.software.app_widgets.xml
01-01 00:00:18.568   935   968 I SystemConfig: Reading permissions from /vendor/etc/permissions/android.hardware.vulkan.version.xml
01-01 00:00:18.569   935   968 I SystemConfig: Reading permissions from /vendor/etc/permissions/droidlogic.software.netflix.xml
01-01 00:00:18.569   935   935 V SystemServerTiming: StartInstaller took to complete: 7ms
01-01 00:00:18.569   935   935 D SystemServerTiming: DeviceIdentifiersPolicyService
01-01 00:00:18.569   935   935 I SystemServiceManager: Starting com.android.server.os.DeviceIdentifiersPolicyService
01-01 00:00:18.570   935   968 I SystemConfig: Reading permissions from /vendor/etc/permissions/android.hardware.wifi.passpoint.xml
01-01 00:00:18.570   935   935 V SystemServerTiming: DeviceIdentifiersPolicyService took to complete: 0ms
01-01 00:00:18.570   935   935 D SystemServerTiming: UriGrantsManagerService
01-01 00:00:18.570   935   935 I SystemServiceManager: Starting com.android.server.uri.UriGrantsManagerService$Lifecycle
01-01 00:00:18.571   935   968 I SystemConfig: Reading permissions from /vendor/etc/permissions/android.software.opengles.deqp.level-2022-03-01.xml
01-01 00:00:18.572   935   935 V SystemServerTiming: UriGrantsManagerService took to complete: 3ms
01-01 00:00:18.572   935   935 D SystemServerTiming: StartPowerStatsService
01-01 00:00:18.572   935   935 I SystemServiceManager: Starting com.android.server.powerstats.PowerStatsService
01-01 00:00:18.572   935   968 I SystemConfig: Reading permissions from /vendor/etc/permissions/android.hardware.consumerir.xml
01-01 00:00:18.573   935   968 I SystemConfig: Reading permissions from /vendor/etc/permissions/android.hardware.bluetooth_le.xml
01-01 00:00:18.576   935   968 I SystemConfig: Reading permissions from /product/etc/sysconfig/configs_com.sonos.pinewood.ota.service.xml
01-01 00:00:18.577   935   968 I SystemConfig: Reading permissions from /product/etc/sysconfig/atv-component-overrides.xml
01-01 00:00:18.578   935   935 V SystemServerTiming: StartPowerStatsService took to complete: 6ms
01-01 00:00:18.578   935   935 D SystemServerTiming: StartIStatsService
01-01 00:00:18.578   935   968 I SystemConfig: Reading permissions from /product/etc/permissions/privapp-permissions-tahoe-product.xml
01-01 00:00:18.579   935   935 V SystemServerTiming: StartIStatsService took to complete: 1ms
01-01 00:00:18.579   935   935 D SystemServerTiming: MemtrackProxyService
01-01 00:00:18.579   935   968 I SystemConfig: Reading permissions from /product/etc/permissions/privapp_allowlist_com.sonos.tv.appdirector.xml
01-01 00:00:18.580   935   968 I SystemConfig: Reading permissions from /product/etc/permissions/com.droidlogic.updater.xml
01-01 00:00:18.581   935   935 V SystemServerTiming: MemtrackProxyService took to complete: 2ms
01-01 00:00:18.581   935   935 D SystemServerTiming: StartActivityManager
01-01 00:00:18.581   935   935 I SystemServiceManager: Starting com.android.server.wm.ActivityTaskManagerService$Lifecycle
01-01 00:00:18.581   935   968 I SystemConfig: Reading permissions from /product/etc/permissions/privapp_allowlist_com.sonos.tv.ble.remote.xml
01-01 00:00:18.583   935   968 I SystemConfig: Reading permissions from /product/etc/permissions/android.hardware.gamepad.xml
01-01 00:00:18.585   935   968 I SystemConfig: Reading permissions from /product/etc/permissions/privapp_allowlist_com.sonos.pinewood.ota.test.xml
01-01 00:00:18.586   935   968 I SystemConfig: Reading permissions from /product/etc/permissions/privapp_allowlist_com.sonos.tv.settings.xml
01-01 00:00:18.587   935   968 I SystemConfig: Reading permissions from /product/etc/permissions/privapp_allowlist_com.sonos.tv.setup.xml
01-01 00:00:18.587   935   935 I SystemServiceManager: Starting com.android.server.am.ActivityManagerService$Lifecycle
01-01 00:00:18.588   935   968 I SystemConfig: Reading permissions from /product/etc/permissions/privapp_allowlist_com.sonos.pinewood.ota.service.xml
01-01 00:00:18.590   935   968 I SystemConfig: Reading permissions from /system_ext/etc/sysconfig/configs_com.sonos.connectivity.xml
01-01 00:00:18.591   935   968 I SystemConfig: Reading permissions from /system_ext/etc/permissions/com.caavo.pw.ceccontroller.xml
01-01 00:00:18.592   935   968 I SystemConfig: Reading permissions from /system_ext/etc/permissions/com.sonos.livetv.xml
01-01 00:00:18.594   935   968 I SystemConfig: Reading permissions from /system_ext/etc/permissions/com.android.tv.settings.xml
01-01 00:00:18.594   935   935 I ActivityManager: Memory class: 384
01-01 00:00:18.595   935   968 I SystemConfig: Reading permissions from /system_ext/etc/permissions/androidx.window.extensions.xml
01-01 00:00:18.596   935   970 I Binder  : Setting heavy hitter watcher config: false, 0, 0.0
01-01 00:00:18.596   935   968 I SystemConfig: Reading permissions from /system_ext/etc/permissions/com.sonos.tv.networking.xml
01-01 00:00:18.598   935   968 I SystemConfig: Reading permissions from /system_ext/etc/permissions/com.android.systemui.xml
01-01 00:00:18.599   935   968 I SystemConfig: Reading permissions from /system_ext/etc/permissions/androidx.window.sidecar.xml
01-01 00:00:18.600   935   968 I SystemConfig: Reading permissions from /system_ext/etc/permissions/com.sonos.tv.os.xml
01-01 00:00:18.602   935   968 I SystemConfig: Reading permissions from /system_ext/etc/permissions/com.droidlogic.tv.settings.xml
01-01 00:00:18.603   935   968 I SystemConfig: Reading permissions from /system_ext/etc/permissions/com.sonos.tv.logging.xml
01-01 00:00:18.604   935   968 I SystemConfig: Reading permissions from /system_ext/etc/permissions/com.sonos.pinewood.ir.rx.xml
01-01 00:00:18.605   935   968 I SystemConfig: Reading permissions from /system_ext/etc/permissions/privapp_allowlist_com.sonos.connectivity.xml
01-01 00:00:18.606   935   968 I SystemConfig: Reading permissions from /system_ext/etc/permissions/droidlogic_permissions.xml
01-01 00:00:18.608   935   968 I SystemConfig: Reading permissions from /apex/com.android.ipsec/etc/permissions/android.net.ipsec.ike.xml
01-01 00:00:18.608   935   968 I SystemConfig: Reading permissions from /apex/com.android.tethering/etc/permissions/permissions.xml
01-01 00:00:18.610   935   968 I SystemConfig: Reading permissions from /apex/com.android.permission/etc/permissions/privapp_allowlist_com.android.permissioncontroller.xml
01-01 00:00:18.611   935   968 I SystemConfig: Reading permissions from /apex/com.android.adservices/etc/permissions/privapp_allowlist_com.android.adservices.api.xml
01-01 00:00:18.612   935   968 I SystemConfig: Reading permissions from /apex/com.android.extservices/etc/permissions/privapp_allowlist_android.ext.services.xml
01-01 00:00:18.613   935   968 I SystemConfig: Reading permissions from /apex/com.android.mediaprovider/etc/permissions/privapp_allowlist_com.android.providers.media.module.xml
01-01 00:00:18.614   935   968 I SystemConfig: Reading permissions from /apex/com.android.btservices/etc/permissions/privapp_allowlist_com.android.bluetooth.xml
01-01 00:00:18.616   935   968 W SystemConfig: Failed to read public libraries file /vendor/etc/public.libraries.txt
01-01 00:00:18.616   935   968 W SystemConfig: java.io.FileNotFoundException: /vendor/etc/public.libraries.txt: open failed: ENOENT (No such file or directory)
01-01 00:00:18.616   935   968 W SystemConfig: 	at libcore.io.IoBridge.open(IoBridge.java:574)
01-01 00:00:18.616   935   968 W SystemConfig: 	at java.io.FileInputStream.<init>(FileInputStream.java:160)
01-01 00:00:18.616   935   968 W SystemConfig: 	at java.io.FileReader.<init>(FileReader.java:75)
01-01 00:00:18.616   935   968 W SystemConfig: 	at com.android.server.SystemConfig.readPublicLibrariesListFile(SystemConfig.java:1825)
01-01 00:00:18.616   935   968 W SystemConfig: 	at com.android.server.SystemConfig.readPublicNativeLibrariesList(SystemConfig.java:1807)
01-01 00:00:18.616   935   968 W SystemConfig: 	at com.android.server.SystemConfig.<init>(SystemConfig.java:605)
01-01 00:00:18.616   935   968 W SystemConfig: 	at com.android.server.SystemConfig.getInstance(SystemConfig.java:369)
01-01 00:00:18.616   935   968 W SystemConfig: 	at com.android.server.SystemServer$$ExternalSyntheticLambda2.run(Unknown Source:0)
01-01 00:00:18.616   935   968 W SystemConfig: 	at com.android.server.SystemServerInitThreadPool.lambda$submitTask$0(SystemServerInitThreadPool.java:106)
01-01 00:00:18.616   935   968 W SystemConfig: 	at com.android.server.SystemServerInitThreadPool.$r8$lambda$aGlXt69ihU44Qi7EB_RNeu8pnrY(Unknown Source:0)
01-01 00:00:18.616   935   968 W SystemConfig: 	at com.android.server.SystemServerInitThreadPool$$ExternalSyntheticLambda0.run(Unknown Source:6)
01-01 00:00:18.616   935   968 W SystemConfig: 	at java.util.concurrent.Executors$RunnableAdapter.call(Executors.java:463)
01-01 00:00:18.616   935   968 W SystemConfig: 	at java.util.concurrent.FutureTask.run(FutureTask.java:264)
01-01 00:00:18.616   935   968 W SystemConfig: 	at java.util.concurrent.ThreadPoolExecutor.runWorker(ThreadPoolExecutor.java:1137)
01-01 00:00:18.616   935   968 W SystemConfig: 	at java.util.concurrent.ThreadPoolExecutor$Worker.run(ThreadPoolExecutor.java:637)
01-01 00:00:18.616   935   968 W SystemConfig: 	at com.android.internal.util.ConcurrentUtils$1$1.run(ConcurrentUtils.java:65)
01-01 00:00:18.616   935   968 W SystemConfig: Caused by: android.system.ErrnoException: open failed: ENOENT (No such file or directory)
01-01 00:00:18.616   935   968 W SystemConfig: 	at libcore.io.Linux.open(Native Method)
01-01 00:00:18.616   935   968 W SystemConfig: 	at libcore.io.ForwardingOs.open(ForwardingOs.java:563)
01-01 00:00:18.616   935   968 W SystemConfig: 	at libcore.io.BlockGuardOs.open(BlockGuardOs.java:274)
01-01 00:00:18.616   935   968 W SystemConfig: 	at libcore.io.IoBridge.open(IoBridge.java:560)
01-01 00:00:18.616   935   968 W SystemConfig: 	... 15 more
01-01 00:00:18.617   935   968 V SystemConfig: readAllPermissions took to complete: 127ms
01-01 00:00:18.617   935   968 D SystemServerInitThreadPool: Finished executing ReadingSystemConfig
01-01 00:00:18.617   935   968 V SystemServerTimingAsync: InitThreadPoolExec:ReadingSystemConfig took to complete: 128ms
01-01 00:00:18.640   935   935 D BatteryStatsImpl: Reading daily items from /data/system/batterystats-daily.xml
01-01 00:00:18.648   935   935 I KernelCpuUidFreqTimeReader: mPerClusterTimesAvailable=false
01-01 00:00:18.672   935   977 W KernelMemoryBandwidthStats: No kernel memory bandwidth stats available
01-01 00:00:18.732     0     0 E [3 T1     ..] init: Control message: Could not find 'aidl/device_state' for ctl.interface_start from pid: 320 (/system/bin/servicemanager)
01-01 00:00:18.767   935   935 I IntentFirewall: Read new rules (A:0 B:0 S:0)
01-01 00:00:18.775   935   935 D OomAdjuster: Not killing cached processes
01-01 00:00:18.813   935   935 I FramerateMonitorService: userdebug
01-01 00:00:18.815   935   935 D AppOps  : AppOpsService published
01-01 00:00:18.826   935   935 V SystemServerTiming: StartActivityManager took to complete: 244ms
01-01 00:00:18.826   935   935 D SystemServerTiming: StartDataLoaderManagerService
01-01 00:00:18.826   935   935 I SystemServiceManager: Starting com.android.server.pm.DataLoaderManagerService
01-01 00:00:18.827   935   935 V SystemServerTiming: StartDataLoaderManagerService took to complete: 2ms
01-01 00:00:18.827   935   935 D SystemServerTiming: StartIncrementalService
01-01 00:00:18.831   935   935 V SystemServerTiming: StartIncrementalService took to complete: 4ms
01-01 00:00:18.831   935   935 D SystemServerTiming: StartPowerManager
01-01 00:00:18.831   935   935 I SystemServiceManager: Starting com.android.server.power.PowerManagerService
01-01 00:00:18.846   935   935 V SystemServerTiming: StartPowerManager took to complete: 15ms
01-01 00:00:18.846   935   935 D SystemServerTiming: StartThermalManager
01-01 00:00:18.847   935   935 I SystemServiceManager: Starting com.android.server.power.ThermalManagerService
01-01 00:00:18.847   935   935 V SystemServerTiming: StartThermalManager took to complete: 1ms
01-01 00:00:18.847   935   935 D SystemServerTiming: StartHintManager
01-01 00:00:18.847   935   935 I SystemServiceManager: Starting com.android.server.power.hint.HintManagerService
01-01 00:00:18.848   935   935 V SystemServerTiming: StartHintManager took to complete: 0ms
01-01 00:00:18.848   935   935 D SystemServerTiming: InitPowerManagement
01-01 00:00:18.849   935   935 V SystemServerTiming: InitPowerManagement took to complete: 1ms
01-01 00:00:18.849   935   935 D SystemServerTiming: StartRecoverySystemService
01-01 00:00:18.849   935   935 I SystemServiceManager: Starting com.android.server.recoverysystem.RecoverySystemService$Lifecycle
01-01 00:00:18.850   935   935 V SystemServerTiming: StartRecoverySystemService took to complete: 1ms
01-01 00:00:18.850   935   935 I PackageWatchdog: Syncing state, reason: added new observer
01-01 00:00:18.850   935   935 I PackageWatchdog: Not pruning observers, elapsed time: 0ms
01-01 00:00:18.850   935   935 I PackageWatchdog: Cancelling state sync, nothing to sync
01-01 00:00:18.850   935   969 I PackageWatchdog: Saving observer state to file
01-01 00:00:18.851   935   935 D SystemServerTiming: StartLightsService
01-01 00:00:18.851   935   935 I SystemServiceManager: Starting com.android.server.lights.LightsService
01-01 00:00:18.856   935   935 V SystemServerTiming: StartLightsService took to complete: 4ms
01-01 00:00:18.856   935   935 D SystemServerTiming: StartDisplayOffloadService
01-01 00:00:18.856   935   935 V SystemServerTiming: StartDisplayOffloadService took to complete: 0ms
01-01 00:00:18.856   935   935 D SystemServerTiming: StartSidekickService
01-01 00:00:18.856   935   935 V SystemServerTiming: StartSidekickService took to complete: 1ms
01-01 00:00:18.856   935   935 D SystemServerTiming: StartDisplayManager
01-01 00:00:18.856   935   935 I SystemServiceManager: Starting com.android.server.display.DisplayManagerService
01-01 00:00:18.866     0     0 E [0 T1     ..] init: Control message: Could not find 'aidl/package_native' for ctl.interface_start from pid: 320 (/system/bin/servicemanager)
01-01 00:00:18.866   935   935 V SystemServerTiming: StartDisplayManager took to complete: 10ms
01-01 00:00:18.866   935   935 D SystemServerTiming: WaitForDisplay
01-01 00:00:18.866   935   935 I SystemServiceManager: Starting phase 100
01-01 00:00:18.867   935   935 D SystemServerTiming: OnBootPhase_100
01-01 00:00:18.867   935   935 D SystemServerTiming: OnBootPhase_100_com.android.server.security.FileIntegrityService
01-01 00:00:18.867   935   935 V SystemServerTiming: OnBootPhase_100_com.android.server.security.FileIntegrityService took to complete: 0ms
01-01 00:00:18.867   935   935 D SystemServerTiming: OnBootPhase_100_com.android.server.pm.Installer
01-01 00:00:18.867   935   935 V SystemServerTiming: OnBootPhase_100_com.android.server.pm.Installer took to complete: 0ms
01-01 00:00:18.867   935   935 D SystemServerTiming: OnBootPhase_100_com.android.server.os.DeviceIdentifiersPolicyService
01-01 00:00:18.867   935   935 V SystemServerTiming: OnBootPhase_100_com.android.server.os.DeviceIdentifiersPolicyService took to complete: 0ms
01-01 00:00:18.867   935   935 D SystemServerTiming: OnBootPhase_100_com.android.server.uri.UriGrantsManagerService$Lifecycle
01-01 00:00:18.867   935   935 V SystemServerTiming: OnBootPhase_100_com.android.server.uri.UriGrantsManagerService$Lifecycle took to complete: 0ms
01-01 00:00:18.867   935   935 D SystemServerTiming: OnBootPhase_100_com.android.server.powerstats.PowerStatsService
01-01 00:00:18.867   935   935 V SystemServerTiming: OnBootPhase_100_com.android.server.powerstats.PowerStatsService took to complete: 0ms
01-01 00:00:18.867   935   935 D SystemServerTiming: OnBootPhase_100_com.android.server.wm.ActivityTaskManagerService$Lifecycle
01-01 00:00:18.867   935   935 V SystemServerTiming: OnBootPhase_100_com.android.server.wm.ActivityTaskManagerService$Lifecycle took to complete: 0ms
01-01 00:00:18.867   935   935 D SystemServerTiming: OnBootPhase_100_com.android.server.am.ActivityManagerService$Lifecycle
01-01 00:00:18.867   935   935 V SystemServerTiming: OnBootPhase_100_com.android.server.am.ActivityManagerService$Lifecycle took to complete: 0ms
01-01 00:00:18.867   935   935 D SystemServerTiming: OnBootPhase_100_com.android.server.pm.DataLoaderManagerService
01-01 00:00:18.867   935   935 V SystemServerTiming: OnBootPhase_100_com.android.server.pm.DataLoaderManagerService took to complete: 0ms
01-01 00:00:18.867   935   935 D SystemServerTiming: OnBootPhase_100_com.android.server.power.PowerManagerService
01-01 00:00:18.867   935   935 V SystemServerTiming: OnBootPhase_100_com.android.server.power.PowerManagerService took to complete: 0ms
01-01 00:00:18.867   935   935 D SystemServerTiming: OnBootPhase_100_com.android.server.power.ThermalManagerService
01-01 00:00:18.867   935   935 V SystemServerTiming: OnBootPhase_100_com.android.server.power.ThermalManagerService took to complete: 0ms
01-01 00:00:18.867   935   935 D SystemServerTiming: OnBootPhase_100_com.android.server.power.hint.HintManagerService
01-01 00:00:18.867   935   935 V SystemServerTiming: OnBootPhase_100_com.android.server.power.hint.HintManagerService took to complete: 0ms
01-01 00:00:18.867   935   935 D SystemServerTiming: OnBootPhase_100_com.android.server.recoverysystem.RecoverySystemService$Lifecycle
01-01 00:00:18.867   935   935 V SystemServerTiming: OnBootPhase_100_com.android.server.recoverysystem.RecoverySystemService$Lifecycle took to complete: 0ms
01-01 00:00:18.867   935   935 D SystemServerTiming: OnBootPhase_100_com.android.server.lights.LightsService
01-01 00:00:18.867   935   935 V SystemServerTiming: OnBootPhase_100_com.android.server.lights.LightsService took to complete: 0ms
01-01 00:00:18.867   935   935 D SystemServerTiming: OnBootPhase_100_com.android.server.display.DisplayManagerService
01-01 00:00:18.872   935   964 W LocalDisplayAdapter: DisplayModeSpecs base mode no longer available, using currently active mode.
01-01 00:00:18.883   935   964 I DisplayDeviceRepository: Display device added: DisplayDeviceInfo{"Built-in Screen": uniqueId="local:4625716335649126415", 1920 x 1080, modeId 1, defaultModeId 1, supportedModes [{id=1, width=1920, height=1080, fps=60.000004, alternativeRefreshRates=[]}], colorMode 0, supportedColorModes [0], hdrCapabilities HdrCapabilities{mSupportedHdrTypes=[2, 3], mMaxLuminance=500.0, mMaxAverageLuminance=500.0, mMinLuminance=0.0}, allmSupported false, gameContentTypeSupported false, density 320, 0.159 x 0.159 dpi, appVsyncOff 2000000, presDeadline 13666666, touch INTERNAL, rotation 0, type INTERNAL, address {port=15, model=0x4031d87fca1678}, deviceProductInfo DeviceProductInfo{name=Linux FHD, manufacturerPnpId=LNX, productId=0, modelYear=null, manufactureDate=ManufactureDate{week=5, year=2012}, connectionToSinkType=0}, state UNKNOWN, frameRateOverride , brightnessMinimum 0.0, brightnessMaximum 1.0, brightnessDefault 0.39763778, FLAG_ALLOWED_TO_BE_DEFAULT_DISPLAY, FLAG_ROTATES_WITH_CONTENT, FLAG_SECURE, FLAG_SUPPORTS_PROTECTED_BUFFERS, installOrientation 0}
01-01 00:00:18.884   935   964 I LogicalDisplayMapper: Applying layout: [{addr: {port=15, model=0x4031d87fca1678}, dispId: 0(ON)}], Previous layout: null
01-01 00:00:18.886   935   964 I LogicalDisplayMapper: Adding new display: 0: DisplayInfo{"Built-in Screen", displayId 0", displayGroupId -1, FLAG_SECURE, FLAG_SUPPORTS_PROTECTED_BUFFERS, FLAG_TRUSTED, real 1920 x 1080, largest app 1920 x 1080, smallest app 1920 x 1080, appVsyncOff 2000000, presDeadline 13666666, mode 1, defaultMode 1, modes [{id=1, width=1920, height=1080, fps=60.000004, alternativeRefreshRates=[]}], hdrCapabilities HdrCapabilities{mSupportedHdrTypes=[2, 3], mMaxLuminance=500.0, mMaxAverageLuminance=500.0, mMinLuminance=0.0}, userDisabledHdrTypes [], minimalPostProcessingSupported false, rotation 0, state UNKNOWN, type INTERNAL, uniqueId "local:4625716335649126415", app 1920 x 1080, density 320 (0.159 x 0.159) dpi, layerStack 0, colorMode 0, supportedColorModes [0], address {port=15, model=0x4031d87fca1678}, deviceProductInfo DeviceProductInfo{name=Linux FHD, manufacturerPnpId=LNX, productId=0, modelYear=null, manufactureDate=ManufactureDate{week=5, year=2012}, connectionToSinkType=0}, removeMode 0, refreshRateOverride 0.0, brightnessMinimum 0.0, brightnessMaximum 1.0, brightnessDefault 0.39763778, installOrientation ROTATION_0}
01-01 00:00:18.887   935   964 I LogicalDisplayMapper: Setting new display group 0 for display 0, from previous group: null
01-01 00:00:18.888   935   964 W android.permission.PermissionManager: Missing ActivityManager; assuming 1000 holds android.permission.READ_DEVICE_CONFIG
01-01 00:00:18.892   935   935 V SystemServerTiming: OnBootPhase_100_com.android.server.display.DisplayManagerService took to complete: 25ms
01-01 00:00:18.892   935   935 V SystemServerTiming: OnBootPhase_100 took to complete: 26ms
01-01 00:00:18.892   935   935 V SystemServerTiming: WaitForDisplay took to complete: 26ms
01-01 00:00:18.893   935   935 D SystemServerTiming: StartDomainVerificationService
01-01 00:00:18.902   935   935 V SystemServerTiming: StartDomainVerificationService took to complete: 10ms
01-01 00:00:18.902   935   935 D SystemServerTiming: StartPackageManagerService
01-01 00:00:18.902   935   935 I Watchdog: Pausing HandlerChecker: main thread for reason: packagemanagermain. Pause count: 1
01-01 00:00:18.907   935   935 D PackageManagerTiming: create package manager
01-01 00:00:18.913   935   935 D PackageManagerTiming: createSubComponents
01-01 00:00:18.919   935   935 I UserTypeFactory: Creating custom user type com.android.tv.profile
01-01 00:00:18.934   935   935 V PackageManagerTiming: createSubComponents took to complete: 20ms
01-01 00:00:18.934   935   935 D PackageManagerTiming: addSharedUsers
01-01 00:00:18.934   935   935 V PackageManagerTiming: addSharedUsers took to complete: 0ms
01-01 00:00:18.935   935   935 W BackgroundDexOptService: SysProp pm.dexopt.downgrade_after_inactive_days not set
01-01 00:00:18.936   935   935 D PackageManagerTiming: get system config
01-01 00:00:18.936   935   935 V PackageManagerTiming: get system config took to complete: 0ms
01-01 00:00:18.939   935   935 D SELinuxMMAC: Using policy file /system/etc/selinux/plat_mac_permissions.xml
01-01 00:00:18.942   935   935 D SELinuxMMAC: Using policy file /system_ext/etc/selinux/system_ext_mac_permissions.xml
01-01 00:00:18.943   935   935 D SELinuxMMAC: Using policy file /product/etc/selinux/product_mac_permissions.xml
01-01 00:00:18.943   935   935 D SELinuxMMAC: Using policy file /vendor/etc/selinux/vendor_mac_permissions.xml
01-01 00:00:18.944   935   935 D PackageManagerTiming: loadFallbacks
01-01 00:00:18.946   935   935 V PackageManagerTiming: loadFallbacks took to complete: 2ms
01-01 00:00:18.946   935   935 D PackageManagerTiming: read user settings
01-01 00:00:18.948   935   950 W android.permission.PermissionManager: Missing ActivityManager; assuming 1041 does not hold android.permission.UPDATE_DEVICE_STATS
01-01 00:00:19.017   935   935 E PackageManager: Package com.android.dynsystem was user id 0 but is now user SharedUserSetting{fef9262 android.uid.system/1000} with id 1000; I am not changing its files so it will probably fail!
01-01 00:00:19.019   935   935 E PackageManager: Package com.android.providers.calendar was user id 0 but is now user SharedUserSetting{4c09f29 android.uid.calendar/10021} with id 10021; I am not changing its files so it will probably fail!
01-01 00:00:19.020   935   935 E PackageManager: Package com.android.tv.settings was user id 0 but is now user SharedUserSetting{fef9262 android.uid.system/1000} with id 1000; I am not changing its files so it will probably fail!
