01-06 02:50:15.847     0     0 I         : [0 T3708  ..] dex2oat (3708) used greatest stack depth: 9008 bytes left
01-06 02:50:21.818   944  1007 V BackupManagerService: [UserID:0] restoreAtInstall pkg=com.philo.philo.google token=4 restoreSet=0
01-06 02:50:21.819   944  1007 V BackupManagerService: [UserID:0] Finishing install immediately
01-06 02:50:21.819   944  1007 D OomAdjuster: Not killing cached processes
01-06 02:50:21.820   944  1007 W ProcessStats: Tracking association SourceState{90faa com.brdgwtr.dms:pdssService/10050 BTopFgs #730} whose proc state 2 is better than process ProcessState{d13fea com.brdgwtr.dms/10050 pkg=com.brdgwtr.dms} proc state 3 (18 skipped)
01-06 02:50:21.822   944  1007 I AppsFilter: interaction: PackageSetting{1580650 com.sonos.pinewood.tokenmanager.service/10056} -> PackageSetting{e1da79b com.philo.philo.google/10096} BLOCKED
01-06 02:50:21.822   944  1007 I AppsFilter: interaction: PackageSetting{362cd4e com.sonos.pinewood.ota.service/10046} -> PackageSetting{e1da79b com.philo.philo.google/10096} BLOCKED
01-06 02:50:21.822   944  1007 I AppsFilter: interaction: PackageSetting{3f35e6f com.sonos.pinewood.ota.test/10051} -> PackageSetting{e1da79b com.philo.philo.google/10096} BLOCKED
01-06 02:50:21.824   944  1007 D PackageInstallerSession: Marking session 1120365830 as applied
01-06 02:50:21.827   944  1007 D CompatibilityChangeReporter: Compat change id reported: 168419799; UID 10096; state: DISABLED
01-06 02:50:21.847   944   976 W BroadcastQueue: Background execution not allowed: receiving Intent { act=android.intent.action.PACKAGE_ADDED dat=package: flg=0x4000010 (has extras) } to com.android.packageinstaller/.PackageInstalledReceiver
01-06 02:50:21.848   944   944 V BackupManagerConstants: getFullBackupIntervalMilliseconds(...) returns 86400000
01-06 02:50:21.848   944   944 V BackupManagerConstants: getFullBackupRequiredNetworkType(...) returns 2
01-06 02:50:21.849   944   944 V BackupManagerConstants: getFullBackupRequireCharging(...) returns true
01-06 02:50:21.851   944   975 W TextServicesManagerService: no available spell checker services found
01-06 02:50:21.858   944   975 W VoiceInteractionManager: no available voice recognition services found for user 0
01-06 02:50:21.859   944   976 W BroadcastQueue: Background execution not allowed: receiving Intent { act=android.intent.action.PACKAGE_ADDED dat=package: flg=0x4000010 (has extras) } to com.android.gallery3d/.app.PackagesMonitor
01-06 02:50:21.862   944   944 I AppsFilter: interaction: PackageSetting{1580650 com.sonos.pinewood.tokenmanager.service/10056} -> PackageSetting{13ad547 com.philo.philo.google/10096} BLOCKED
01-06 02:50:21.862   944   944 I AppsFilter: interaction: PackageSetting{362cd4e com.sonos.pinewood.ota.service/10046} -> PackageSetting{13ad547 com.philo.philo.google/10096} BLOCKED
01-06 02:50:21.862   944   944 I AppsFilter: interaction: PackageSetting{3f35e6f com.sonos.pinewood.ota.test/10051} -> PackageSetting{13ad547 com.philo.philo.google/10096} BLOCKED
01-06 02:50:21.873   944  1068 D CompatibilityChangeReporter: Compat change id reported: 218533173; UID 10096; state: ENABLED
01-06 02:50:21.876   944   975 W TextServicesManagerService: no available spell checker services found
01-06 02:50:21.889   944  1741 W BackupTransportManager: Package com.philo.philo.google enabled setting: 0
01-06 02:50:21.896   944  1219 D CompatibilityChangeReporter: Compat change id reported: 161252188; UID 10096; state: ENABLED
01-06 02:50:21.904   944   975 W VoiceInteractionManager: no available voice recognition services found for user 0
01-06 02:50:21.915   944  1221 D CompatibilityChangeReporter: Compat change id reported: 135634846; UID 10096; state: DISABLED
01-06 02:50:21.915   944  1221 D CompatibilityChangeReporter: Compat change id reported: 177438394; UID 10096; state: DISABLED
01-06 02:50:21.915   944  1221 D CompatibilityChangeReporter: Compat change id reported: 135772972; UID 10096; state: DISABLED
01-06 02:50:21.915   944  1221 D CompatibilityChangeReporter: Compat change id reported: 135754954; UID 10096; state: ENABLED
01-06 02:50:21.916   944   977 D CompatibilityChangeReporter: Compat change id reported: 143937733; UID 10096; state: ENABLED
01-06 02:50:21.933   944   977 I ActivityManager: Start proc 3724:com.philo.philo.google/u0a96 for broadcast {com.philo.philo.google/com.philo.philo.tif.LauncherNotificationReceiver}
01-06 02:50:16.110     0     0 W [5 T3742  ..] audit: audit_lost=13894 audit_rate_limit=5 audit_backlog_limit=64
01-06 02:50:16.110     0     0 E [5 T3742  ..] audit: rate limit exceeded
01-06 02:50:22.042  3724  3746 E ActivityThread: Failed to find provider info for com.google.android.gms.chimera
01-06 02:50:22.123   944  1221 D CompatibilityChangeReporter: Compat change id reported: 161145287; UID 10096; state: DISABLED
01-06 02:50:22.157   944   976 W BroadcastQueue: Exported Denial: sending Intent { act=android.net.conn.CONNECTIVITY_CHANGE flg=0x4200010 (has extras) }, action: android.net.conn.CONNECTIVITY_CHANGE from null (uid=-1) due to receiver ProcessRecord{733d5b7 3724:com.philo.philo.google/u0a96} (uid 10096) not specifying RECEIVER_EXPORTED
01-06 02:50:22.203   944  1219 D PackageManager: Instant App installer not found with android.intent.action.INSTALL_INSTANT_APP_PACKAGE
01-06 02:50:22.204   944  1219 D PackageManager: Clear ephemeral installer activity
01-06 02:50:22.277   944  1219 D PackageManager: Instant App installer not found with android.intent.action.INSTALL_INSTANT_APP_PACKAGE
01-06 02:50:22.277   944  1219 D PackageManager: Clear ephemeral installer activity
01-06 02:50:22.285   944  1219 D CompatibilityChangeReporter: Compat change id reported: 194532703; UID 10096; state: ENABLED
01-06 02:50:22.474   944  3679 D CompatibilityChangeReporter: Compat change id reported: 161252188; UID 10059; state: ENABLED
01-06 02:50:22.479   944   977 D CompatibilityChangeReporter: Compat change id reported: 143937733; UID 10059; state: ENABLED
01-06 02:50:22.495   944   977 I ActivityManager: Start proc 3800:com.brdgwtr.android.webview:webview_service/u0a59 for service {com.brdgwtr.android.webview/org.chromium.android_webview.services.VariationsSeedServer}
01-06 02:50:22.566   944  3679 D CompatibilityChangeReporter: Compat change id reported: 168419799; UID 10059; state: DISABLED
01-06 02:50:22.641   944  1219 D CompatibilityChangeReporter: Compat change id reported: 194532703; UID 10059; state: ENABLED
01-06 02:50:17.171     0     0 W [3 T3848  ..] audit: audit_lost=14902 audit_rate_limit=5 audit_backlog_limit=64
01-06 02:50:17.171     0     0 E [3 T3848  ..] audit: rate limit exceeded
01-06 02:50:23.206   944  1007 I AppsFilter: interaction: PackageSetting{1580650 com.sonos.pinewood.tokenmanager.service/10056} -> PackageSetting{dbe699 com.philo.philo.google/10096} BLOCKED
01-06 02:50:23.206   944  1007 I AppsFilter: interaction: PackageSetting{362cd4e com.sonos.pinewood.ota.service/10046} -> PackageSetting{dbe699 com.philo.philo.google/10096} BLOCKED
01-06 02:50:23.206   944  1007 I AppsFilter: interaction: PackageSetting{3f35e6f com.sonos.pinewood.ota.test/10051} -> PackageSetting{dbe699 com.philo.philo.google/10096} BLOCKED
01-06 02:50:23.219   944   975 W VoiceInteractionManager: no available voice recognition services found for user 0
01-06 02:50:25.708   944   969 I DropBoxManagerService: add tag=system_app_strictmode isTagEnabled=true flags=0x2
01-06 02:50:27.919   944   975 D OomAdjuster: Not killing cached processes
01-06 02:50:31.296   944   976 W BroadcastQueue: Background execution not allowed: receiving Intent { act=com.brdgwtr.publisher.RECOMMENDATIONS_UPDATE flg=0x10 } to com.sonos.tv.launcher/com.sonos.tv.contentguidelauncher.bridgewater.BridgewaterPublisherEventReceiver
01-06 02:50:31.828   944  1068 W ProcessStats: Tracking association SourceState{3ece10a com.brdgwtr.publisherservice/10044 BTopFgs #807} whose proc state 2 is better than process ProcessState{d13fea com.brdgwtr.dms/10050 pkg=com.brdgwtr.dms} proc state 3 (72 skipped)
01-06 02:50:32.339   358  3721 I keystore2: keystore2::watchdog: Watchdog thread idle -> terminating. Have a great day.
01-06 02:50:29.814     0     0 I [0 T3036  ..] logd: start watching /data/system/packages.list ...
01-06 02:50:29.815     0     0 I [0 T3036  ..] logd: ReadPackageList, total packages: 104
01-06 02:50:37.986   944  1079 D OomAdjuster: Not killing cached processes
01-06 02:51:03.330   944  3679 I ActivityManager: Background started FGS: Allowed [callingPackage: com.brdgwtr.metrics.service; callingUid: 10043; uidState: BTOP; intent: Intent { act=ACTION_START_FOREGROUND cmp=com.brdgwtr.metrics.service/androidx.work.impl.foreground.SystemForegroundService (has extras) }; code:PROC_STATE_BTOP; tempAllowListReason:<null>; targetSdkVersion:30; callerTargetSdkVersion:30; startForegroundCount:0; bindFromPackage:null]
01-06 02:51:03.334   944  3679 D OomAdjuster: Not killing cached processes
01-06 02:51:03.334   944  3679 W ProcessStats: Tracking association SourceState{8d88922 system/1000 BTopFgs #812} whose proc state 2 is better than process ProcessState{a2bd69d com.sonos.connectivity/10082 pkg=com.sonos.connectivity} proc state 3 (4 skipped)
01-06 02:51:03.336   944  1219 W ActivityManager: Foreground service started from background can not have location/camera/microphone access: service com.brdgwtr.metrics.service/androidx.work.impl.foreground.SystemForegroundService
01-06 02:51:03.546   944   944 W NotificationHistory: Attempted to add notif for locked/gone/disabled user 0
01-06 02:51:05.028   944   944 D CompatibilityChangeReporter: Compat change id reported: 175319604; UID 1000; state: ENABLED
01-06 02:51:05.029   944   944 D CompatibilityChangeReporter: Compat change id reported: 195579280; UID 1000; state: ENABLED
01-06 02:51:05.029   944   944 D CompatibilityChangeReporter: Compat change id reported: 175319604; UID 10070; state: ENABLED
01-06 02:51:05.029   944   944 D CompatibilityChangeReporter: Compat change id reported: 195579280; UID 10070; state: ENABLED
01-06 02:51:05.030   944   944 D CompatibilityChangeReporter: Compat change id reported: 175319604; UID 10090; state: ENABLED
01-06 02:51:05.030   944   944 D CompatibilityChangeReporter: Compat change id reported: 195579280; UID 10090; state: DISABLED
01-06 02:51:10.705   944  1059 E PackageInstallerSession: com.brdgwtr.publisherservice drops manifest attribute android:installLocation in base.apk for com.plexapp.android
01-06 02:51:04.828     0     0 I [6 T1430  ..] [schedu][0x8dd8467][02: 51:10.730734] wlan: [1430:I:OSIF] scan start scan id 40964
01-06 02:51:11.307   944  1007 E PackageManager: ERROR: could not load root hash from incremental install
01-06 02:51:11.307   944  1007 E PackageManager: Required verifier is null
01-06 02:51:11.308   944   976 D OomAdjuster: Not killing cached processes
01-06 02:51:11.344   944  1114 W RuleEvaluation: Integrity rule files are not available.
01-06 02:51:11.345   944  1007 I PackageManager: Integrity check passed for file:///data/app/vmdl513759800.tmp
01-06 02:51:11.437   944  1007 I PackageManager: Permission ownership changed. Updating all permissions.
01-06 02:51:11.448   944  1007 W PackageManager: Package android.ext.services is an APK in APEX, but has permission allowlist on the system image. Please bundle the allowlist in the com.android.extservices APEX instead.
01-06 02:51:11.448   944  1007 W PackageManager: Package android.ext.services is an APK in APEX, but has permission allowlist on the system image. Please bundle the allowlist in the com.android.extservices APEX instead.
01-06 02:51:11.448   944  1007 W PackageManager: Package android.ext.services is an APK in APEX, but has permission allowlist on the system image. Please bundle the allowlist in the com.android.extservices APEX instead.
01-06 02:51:11.448   944  1007 W PackageManager: Package android.ext.services is an APK in APEX, but has permission allowlist on the system image. Please bundle the allowlist in the com.android.extservices APEX instead.
01-06 02:51:11.459   944  1007 W PackageManager: Package com.android.providers.media.module is an APK in APEX, but has permission allowlist on the system image. Please bundle the allowlist in the com.android.mediaprovider APEX instead.
01-06 02:51:11.459   944  1007 W PackageManager: Package com.android.providers.media.module is an APK in APEX, but has permission allowlist on the system image. Please bundle the allowlist in the com.android.mediaprovider APEX instead.
01-06 02:51:11.459   944  1007 W PackageManager: Package com.android.providers.media.module is an APK in APEX, but has permission allowlist on the system image. Please bundle the allowlist in the com.android.mediaprovider APEX instead.
01-06 02:51:11.459   944  1007 W PackageManager: Package com.android.providers.media.module is an APK in APEX, but has permission allowlist on the system image. Please bundle the allowlist in the com.android.mediaprovider APEX instead.
01-06 02:51:11.459   944  1007 W PackageManager: Package com.android.providers.media.module is an APK in APEX, but has permission allowlist on the system image. Please bundle the allowlist in the com.android.mediaprovider APEX instead.
01-06 02:51:11.459   944  1007 W PackageManager: Package com.android.providers.media.module is an APK in APEX, but has permission allowlist on the system image. Please bundle the allowlist in the com.android.mediaprovider APEX instead.
01-06 02:51:11.459   944  1007 W PackageManager: Package com.android.providers.media.module is an APK in APEX, but has permission allowlist on the system image. Please bundle the allowlist in the com.android.mediaprovider APEX instead.
01-06 02:51:11.460   944  1007 W PackageManager: Package com.android.providers.media.module is an APK in APEX, but has permission allowlist on the system image. Please bundle the allowlist in the com.android.mediaprovider APEX instead.
01-06 02:51:11.460   944  1007 W PackageManager: Package com.android.providers.media.module is an APK in APEX, but has permission allowlist on the system image. Please bundle the allowlist in the com.android.mediaprovider APEX instead.
01-06 02:51:11.460   944  1007 W PackageManager: Package com.android.providers.media.module is an APK in APEX, but has permission allowlist on the system image. Please bundle the allowlist in the com.android.mediaprovider APEX instead.
01-06 02:51:11.460   944  1007 W PackageManager: Package com.android.providers.media.module is an APK in APEX, but has permission allowlist on the system image. Please bundle the allowlist in the com.android.mediaprovider APEX instead.
01-06 02:51:11.460   944  1007 W PackageManager: Package com.android.providers.media.module is an APK in APEX, but has permission allowlist on the system image. Please bundle the allowlist in the com.android.mediaprovider APEX instead.
01-06 02:51:11.460   944  1007 W PackageManager: Package com.android.providers.media.module is an APK in APEX, but has permission allowlist on the system image. Please bundle the allowlist in the com.android.mediaprovider APEX instead.
01-06 02:51:05.584     0     0 I [1 T3036  ..] logd: start watching /data/system/packages.list ...
01-06 02:51:05.585     0     0 I [1 T3036  ..] logd: ReadPackageList, total packages: 105
01-06 02:51:11.489   944  1007 D PackageManager: Instant App installer not found with android.intent.action.INSTALL_INSTANT_APP_PACKAGE
01-06 02:51:11.489   944  1007 D PackageManager: Clear ephemeral installer activity
01-06 02:51:06.454     0     0 I [7 T1430  ..] [schedu][0x8f6539c][02: 51:12.356643] wlan: [1430:I:OSIF] vdev 0, scan id 40964 type COMPLETED(1) reason COMPLETED(1) scan found 68 bss
01-06 02:51:12.585   944   944 D HDMI    : [P]:AllocatedAddress=[]
01-06 02:51:14.790   944  1059 E PackageInstallerSession: com.brdgwtr.publisherservice drops manifest attribute android:installLocation in base.apk for com.amazon.amazonvideo.livingroom.qa
01-06 02:51:16.470   944  1007 V BackupManagerService: [UserID:0] restoreAtInstall pkg=com.plexapp.android token=5 restoreSet=0
01-06 02:51:16.471   944  1007 V BackupManagerService: [UserID:0] Finishing install immediately
01-06 02:51:16.472   944  1007 D OomAdjuster: Not killing cached processes
01-06 02:51:16.472   944  1007 W ProcessStats: Tracking association SourceState{8d88922 system/1000 BTopFgs #821} whose proc state 2 is better than process ProcessState{a2bd69d com.sonos.connectivity/10082 pkg=com.sonos.connectivity} proc state 3 (9 skipped)
01-06 02:51:16.480   944  1007 E PackageManager: ERROR: could not load root hash from incremental install
01-06 02:51:16.480   944  1007 E PackageManager: Required verifier is null
01-06 02:51:16.480   944  1007 I AppsFilter: interaction: PackageSetting{1580650 com.sonos.pinewood.tokenmanager.service/10056} -> PackageSetting{63b6a8b com.plexapp.android/10097} BLOCKED
01-06 02:51:16.480   944  1007 I AppsFilter: interaction: PackageSetting{362cd4e com.sonos.pinewood.ota.service/10046} -> PackageSetting{63b6a8b com.plexapp.android/10097} BLOCKED
01-06 02:51:16.480   944  1007 I AppsFilter: interaction: PackageSetting{3f35e6f com.sonos.pinewood.ota.test/10051} -> PackageSetting{63b6a8b com.plexapp.android/10097} BLOCKED
01-06 02:51:16.482   944  1007 D PackageInstallerSession: Marking session 513759800 as applied
01-06 02:51:16.491   944  1007 D CompatibilityChangeReporter: Compat change id reported: 168419799; UID 10097; state: DISABLED
01-06 02:51:16.505   944   976 W BroadcastQueue: Background execution not allowed: receiving Intent { act=android.intent.action.PACKAGE_ADDED dat=package: flg=0x4000010 (has extras) } to com.android.packageinstaller/.PackageInstalledReceiver
01-06 02:51:16.505   944   976 W BroadcastQueue: Background execution not allowed: receiving Intent { act=android.intent.action.PACKAGE_ADDED dat=package: flg=0x4000010 (has extras) } to com.android.gallery3d/.app.PackagesMonitor
01-06 02:51:16.520   944  1114 W RuleEvaluation: Integrity rule files are not available.
01-06 02:51:16.520   944  1007 I PackageManager: Integrity check passed for file:///data/app/vmdl1812610925.tmp
01-06 02:51:16.524   944   944 I AppsFilter: interaction: PackageSetting{1580650 com.sonos.pinewood.tokenmanager.service/10056} -> PackageSetting{fca79e0 com.plexapp.android/10097} BLOCKED
01-06 02:51:16.524   944   944 I AppsFilter: interaction: PackageSetting{362cd4e com.sonos.pinewood.ota.service/10046} -> PackageSetting{fca79e0 com.plexapp.android/10097} BLOCKED
01-06 02:51:16.524   944   944 I AppsFilter: interaction: PackageSetting{3f35e6f com.sonos.pinewood.ota.test/10051} -> PackageSetting{fca79e0 com.plexapp.android/10097} BLOCKED
01-06 02:51:16.564   944  1007 I PackageManager: Permission ownership changed. Updating all permissions.
01-06 02:51:16.577   944  1007 W PackageManager: Package android.ext.services is an APK in APEX, but has permission allowlist on the system image. Please bundle the allowlist in the com.android.extservices APEX instead.
01-06 02:51:16.577   944  1007 W PackageManager: Package android.ext.services is an APK in APEX, but has permission allowlist on the system image. Please bundle the allowlist in the com.android.extservices APEX instead.
01-06 02:51:16.577   944  1007 W PackageManager: Package android.ext.services is an APK in APEX, but has permission allowlist on the system image. Please bundle the allowlist in the com.android.extservices APEX instead.
01-06 02:51:16.577   944  1007 W PackageManager: Package android.ext.services is an APK in APEX, but has permission allowlist on the system image. Please bundle the allowlist in the com.android.extservices APEX instead.
01-06 02:51:16.589   944  1007 W PackageManager: Package com.android.providers.media.module is an APK in APEX, but has permission allowlist on the system image. Please bundle the allowlist in the com.android.mediaprovider APEX instead.
01-06 02:51:16.589   944  1007 W PackageManager: Package com.android.providers.media.module is an APK in APEX, but has permission allowlist on the system image. Please bundle the allowlist in the com.android.mediaprovider APEX instead.
01-06 02:51:16.589   944  1007 W PackageManager: Package com.android.providers.media.module is an APK in APEX, but has permission allowlist on the system image. Please bundle the allowlist in the com.android.mediaprovider APEX instead.
01-06 02:51:16.589   944  1007 W PackageManager: Package com.android.providers.media.module is an APK in APEX, but has permission allowlist on the system image. Please bundle the allowlist in the com.android.mediaprovider APEX instead.
01-06 02:51:16.589   944  1007 W PackageManager: Package com.android.providers.media.module is an APK in APEX, but has permission allowlist on the system image. Please bundle the allowlist in the com.android.mediaprovider APEX instead.
01-06 02:51:16.589   944  1007 W PackageManager: Package com.android.providers.media.module is an APK in APEX, but has permission allowlist on the system image. Please bundle the allowlist in the com.android.mediaprovider APEX instead.
01-06 02:51:16.589   944  1007 W PackageManager: Package com.android.providers.media.module is an APK in APEX, but has permission allowlist on the system image. Please bundle the allowlist in the com.android.mediaprovider APEX instead.
01-06 02:51:16.589   944  1007 W PackageManager: Package com.android.providers.media.module is an APK in APEX, but has permission allowlist on the system image. Please bundle the allowlist in the com.android.mediaprovider APEX instead.
01-06 02:51:16.589   944  1007 W PackageManager: Package com.android.providers.media.module is an APK in APEX, but has permission allowlist on the system image. Please bundle the allowlist in the com.android.mediaprovider APEX instead.
01-06 02:51:16.589   944  1007 W PackageManager: Package com.android.providers.media.module is an APK in APEX, but has permission allowlist on the system image. Please bundle the allowlist in the com.android.mediaprovider APEX instead.
01-06 02:51:16.590   944  1007 W PackageManager: Package com.android.providers.media.module is an APK in APEX, but has permission allowlist on the system image. Please bundle the allowlist in the com.android.mediaprovider APEX instead.
01-06 02:51:16.590   944  1007 W PackageManager: Package com.android.providers.media.module is an APK in APEX, but has permission allowlist on the system image. Please bundle the allowlist in the com.android.mediaprovider APEX instead.
01-06 02:51:16.590   944  1007 W PackageManager: Package com.android.providers.media.module is an APK in APEX, but has permission allowlist on the system image. Please bundle the allowlist in the com.android.mediaprovider APEX instead.
01-06 02:51:10.720     0     0 I [0 T3036  ..] logd: start watching /data/system/packages.list ...
01-06 02:51:10.721     0     0 I [0 T3036  ..] logd: ReadPackageList, total packages: 106
01-06 02:51:16.628   944  1007 D PackageManager: Instant App installer not found with android.intent.action.INSTALL_INSTANT_APP_PACKAGE
01-06 02:51:16.628   944  1007 D PackageManager: Clear ephemeral installer activity
01-06 02:51:16.642   944   975 W TextServicesManagerService: no available spell checker services found
01-06 02:51:16.656   944   975 W VoiceInteractionManager: no available voice recognition services found for user 0
01-06 02:51:16.656   944  1007 V BackupManagerService: [UserID:0] restoreAtInstall pkg=com.amazon.amazonvideo.livingroom.qa token=6 restoreSet=0
01-06 02:51:16.657   944  1007 V BackupManagerService: [UserID:0] Finishing install immediately
01-06 02:51:16.668   944  1068 D CompatibilityChangeReporter: Compat change id reported: 218533173; UID 10097; state: ENABLED
01-06 02:51:16.671   944  1741 W BackupTransportManager: Package com.plexapp.android enabled setting: 0
01-06 02:51:16.676   944  1007 I AppsFilter: interaction: PackageSetting{1580650 com.sonos.pinewood.tokenmanager.service/10056} -> PackageSetting{efd256f com.amazon.amazonvideo.livingroom.qa/10098} BLOCKED
01-06 02:51:16.676   944  1007 I AppsFilter: interaction: PackageSetting{362cd4e com.sonos.pinewood.ota.service/10046} -> PackageSetting{efd256f com.amazon.amazonvideo.livingroom.qa/10098} BLOCKED
01-06 02:51:16.676   944  1007 I AppsFilter: interaction: PackageSetting{3f35e6f com.sonos.pinewood.ota.test/10051} -> PackageSetting{efd256f com.amazon.amazonvideo.livingroom.qa/10098} BLOCKED
01-06 02:51:16.678   944   975 W TextServicesManagerService: no available spell checker services found
01-06 02:51:16.678   944  1007 D PackageInstallerSession: Marking session 1812610925 as applied
01-06 02:51:16.689   944  1007 D CompatibilityChangeReporter: Compat change id reported: 168419799; UID 10098; state: DISABLED
01-06 02:51:16.689   944   975 W VoiceInteractionManager: no available voice recognition services found for user 0
01-06 02:51:16.718   944   975 W TextServicesManagerService: no available spell checker services found
01-06 02:51:16.719   944  1955 W BroadcastQueue: Background execution not allowed: receiving Intent { act=android.intent.action.PACKAGE_ADDED dat=package: flg=0x4000010 (has extras) } to com.android.packageinstaller/.PackageInstalledReceiver
01-06 02:51:16.722   944   976 W BroadcastQueue: Background execution not allowed: receiving Intent { act=android.intent.action.PACKAGE_ADDED dat=package: flg=0x4000010 (has extras) } to com.android.gallery3d/.app.PackagesMonitor
01-06 02:51:16.727   944   975 W VoiceInteractionManager: no available voice recognition services found for user 0
01-06 02:51:16.741   944   944 I AppsFilter: interaction: PackageSetting{1580650 com.sonos.pinewood.tokenmanager.service/10056} -> PackageSetting{39fe092 com.amazon.amazonvideo.livingroom.qa/10098} BLOCKED
01-06 02:51:16.741   944   944 I AppsFilter: interaction: PackageSetting{362cd4e com.sonos.pinewood.ota.service/10046} -> PackageSetting{39fe092 com.amazon.amazonvideo.livingroom.qa/10098} BLOCKED
01-06 02:51:16.741   944   944 I AppsFilter: interaction: PackageSetting{3f35e6f com.sonos.pinewood.ota.test/10051} -> PackageSetting{39fe092 com.amazon.amazonvideo.livingroom.qa/10098} BLOCKED
01-06 02:51:16.741   944  1219 D CompatibilityChangeReporter: Compat change id reported: 161252188; UID 10098; state: ENABLED
01-06 02:51:16.743   944   976 D CompatibilityChangeReporter: Compat change id reported: 135634846; UID 10098; state: DISABLED
01-06 02:51:16.744   944   977 D CompatibilityChangeReporter: Compat change id reported: 143937733; UID 10098; state: ENABLED
01-06 02:51:16.748   944  1068 D CompatibilityChangeReporter: Compat change id reported: 218533173; UID 10098; state: ENABLED
01-06 02:51:16.752   944   975 W TextServicesManagerService: no available spell checker services found
01-06 02:51:16.754   944   977 I ActivityManager: Start proc 3965:com.amazon.amazonvideo.livingroom.qa/u0a98 for broadcast {com.amazon.amazonvideo.livingroom.qa/com.amazon.ignition.receiver.RunOnInstallReceiver}
01-06 02:51:16.762   944  1741 W BackupTransportManager: Package com.amazon.amazonvideo.livingroom.qa enabled setting: 0
01-06 02:51:16.767   944   975 W VoiceInteractionManager: no available voice recognition services found for user 0
01-06 02:51:10.967     0     0 W [5 T3992  ..] audit: audit_lost=15068 audit_rate_limit=5 audit_backlog_limit=64
01-06 02:51:10.967     0     0 E [5 T3992  ..] audit: rate limit exceeded
01-06 02:51:17.653   944  1282 D PackageManager: Instant App installer not found with android.intent.action.INSTALL_INSTANT_APP_PACKAGE
01-06 02:51:17.653   944  1282 D PackageManager: Clear ephemeral installer activity
01-06 02:51:17.811   944  1282 D PackageManager: Instant App installer not found with android.intent.action.INSTALL_INSTANT_APP_PACKAGE
01-06 02:51:17.811   944  1282 D PackageManager: Clear ephemeral installer activity
01-06 02:51:17.840   944  1955 D CompatibilityChangeReporter: Compat change id reported: 194532703; UID 10098; state: ENABLED
01-06 02:51:18.654   944  1007 I AppsFilter: interaction: PackageSetting{1580650 com.sonos.pinewood.tokenmanager.service/10056} -> PackageSetting{e1cd357 com.amazon.amazonvideo.livingroom.qa/10098} BLOCKED
01-06 02:51:18.654   944  1007 I AppsFilter: interaction: PackageSetting{362cd4e com.sonos.pinewood.ota.service/10046} -> PackageSetting{e1cd357 com.amazon.amazonvideo.livingroom.qa/10098} BLOCKED
01-06 02:51:18.654   944  1007 I AppsFilter: interaction: PackageSetting{3f35e6f com.sonos.pinewood.ota.test/10051} -> PackageSetting{e1cd357 com.amazon.amazonvideo.livingroom.qa/10098} BLOCKED
01-06 02:51:18.676   944   975 W VoiceInteractionManager: no available voice recognition services found for user 0
01-06 02:51:18.958   944  1221 W JobScheduler: Job didn't exist in JobStore: c4dd441 #u0a17/14 com.android.statementservice/androidx.work.impl.background.systemjob.SystemJobService
01-06 02:51:21.280  3965  3965 W Looper  : Slow dispatch took 3591ms main h=android.app.ActivityThread$H c=null m=113
01-06 02:51:21.280  3965  3965 W Looper  : Slow delivery took 3389ms main h=android.os.Handler c=androidx.lifecycle.LiveData$1@de6dd02 m=0
01-06 02:51:21.296  3965  3965 W Looper  : Drained
01-06 02:51:22.743   944   975 D OomAdjuster: Not killing cached processes
01-06 02:51:26.681   944  1068 W ProcessStats: Tracking association SourceState{8d88922 system/1000 BTopFgs #928} whose proc state 2 is better than process ProcessState{a2bd69d com.sonos.connectivity/10082 pkg=com.sonos.connectivity} proc state 3 (149 skipped)
01-06 02:51:27.195   358  3951 I keystore2: keystore2::watchdog: Watchdog thread idle -> terminating. Have a great day.
01-06 02:51:22.645     0     0 I [0 T3036  ..] logd: start watching /data/system/packages.list ...
01-06 02:51:22.646     0     0 I [0 T3036  ..] logd: ReadPackageList, total packages: 106
01-06 02:51:33.870   944  1079 D OomAdjuster: Not killing cached processes
01-06 02:51:40.020   944  1007 E PackageManager: ERROR: could not load root hash from incremental install
01-06 02:51:40.020   944  1007 E PackageManager: Required verifier is null
01-06 02:51:40.021   944   976 D OomAdjuster: Not killing cached processes
01-06 02:51:40.022   944   976 W ProcessStats: Tracking association SourceState{8d88922 system/1000 BTopFgs #936} whose proc state 2 is better than process ProcessState{a2bd69d com.sonos.connectivity/10082 pkg=com.sonos.connectivity} proc state 3 (7 skipped)
01-06 02:51:40.072   944  1114 W RuleEvaluation: Integrity rule files are not available.
01-06 02:51:40.073   944  1007 I PackageManager: Integrity check passed for file:///data/app/vmdl170355161.tmp
01-06 02:51:40.158   944  1007 I PackageManager: Permission ownership changed. Updating all permissions.
01-06 02:51:40.168   944  1007 W PackageManager: Package android.ext.services is an APK in APEX, but has permission allowlist on the system image. Please bundle the allowlist in the com.android.extservices APEX instead.
01-06 02:51:40.168   944  1007 W PackageManager: Package android.ext.services is an APK in APEX, but has permission allowlist on the system image. Please bundle the allowlist in the com.android.extservices APEX instead.
01-06 02:51:40.168   944  1007 W PackageManager: Package android.ext.services is an APK in APEX, but has permission allowlist on the system image. Please bundle the allowlist in the com.android.extservices APEX instead.
01-06 02:51:40.168   944  1007 W PackageManager: Package android.ext.services is an APK in APEX, but has permission allowlist on the system image. Please bundle the allowlist in the com.android.extservices APEX instead.
01-06 02:51:40.178   944  1007 W PackageManager: Package com.android.providers.media.module is an APK in APEX, but has permission allowlist on the system image. Please bundle the allowlist in the com.android.mediaprovider APEX instead.
01-06 02:51:40.178   944  1007 W PackageManager: Package com.android.providers.media.module is an APK in APEX, but has permission allowlist on the system image. Please bundle the allowlist in the com.android.mediaprovider APEX instead.
01-06 02:51:40.178   944  1007 W PackageManager: Package com.android.providers.media.module is an APK in APEX, but has permission allowlist on the system image. Please bundle the allowlist in the com.android.mediaprovider APEX instead.
01-06 02:51:40.178   944  1007 W PackageManager: Package com.android.providers.media.module is an APK in APEX, but has permission allowlist on the system image. Please bundle the allowlist in the com.android.mediaprovider APEX instead.
01-06 02:51:40.178   944  1007 W PackageManager: Package com.android.providers.media.module is an APK in APEX, but has permission allowlist on the system image. Please bundle the allowlist in the com.android.mediaprovider APEX instead.
01-06 02:51:40.178   944  1007 W PackageManager: Package com.android.providers.media.module is an APK in APEX, but has permission allowlist on the system image. Please bundle the allowlist in the com.android.mediaprovider APEX instead.
01-06 02:51:40.178   944  1007 W PackageManager: Package com.android.providers.media.module is an APK in APEX, but has permission allowlist on the system image. Please bundle the allowlist in the com.android.mediaprovider APEX instead.
01-06 02:51:40.178   944  1007 W PackageManager: Package com.android.providers.media.module is an APK in APEX, but has permission allowlist on the system image. Please bundle the allowlist in the com.android.mediaprovider APEX instead.
01-06 02:51:40.178   944  1007 W PackageManager: Package com.android.providers.media.module is an APK in APEX, but has permission allowlist on the system image. Please bundle the allowlist in the com.android.mediaprovider APEX instead.
01-06 02:51:40.178   944  1007 W PackageManager: Package com.android.providers.media.module is an APK in APEX, but has permission allowlist on the system image. Please bundle the allowlist in the com.android.mediaprovider APEX instead.
01-06 02:51:40.178   944  1007 W PackageManager: Package com.android.providers.media.module is an APK in APEX, but has permission allowlist on the system image. Please bundle the allowlist in the com.android.mediaprovider APEX instead.
01-06 02:51:40.179   944  1007 W PackageManager: Package com.android.providers.media.module is an APK in APEX, but has permission allowlist on the system image. Please bundle the allowlist in the com.android.mediaprovider APEX instead.
01-06 02:51:40.179   944  1007 W PackageManager: Package com.android.providers.media.module is an APK in APEX, but has permission allowlist on the system image. Please bundle the allowlist in the com.android.mediaprovider APEX instead.
01-06 02:51:34.304     0     0 I [0 T3036  ..] logd: start watching /data/system/packages.list ...
01-06 02:51:34.305     0     0 I [0 T3036  ..] logd: ReadPackageList, total packages: 107
01-06 02:51:40.209   944  1007 D PackageManager: Instant App installer not found with android.intent.action.INSTALL_INSTANT_APP_PACKAGE
01-06 02:51:40.209   944  1007 D PackageManager: Clear ephemeral installer activity
01-06 02:51:44.028   944  1007 V BackupManagerService: [UserID:0] restoreAtInstall pkg=com.disney.disneyplus token=7 restoreSet=0
01-06 02:51:44.029   944  1007 V BackupManagerService: [UserID:0] Finishing install immediately
01-06 02:51:44.033   944  1007 I AppsFilter: interaction: PackageSetting{1580650 com.sonos.pinewood.tokenmanager.service/10056} -> PackageSetting{fcfc36f com.disney.disneyplus/10099} BLOCKED
01-06 02:51:44.033   944  1007 I AppsFilter: interaction: PackageSetting{362cd4e com.sonos.pinewood.ota.service/10046} -> PackageSetting{fcfc36f com.disney.disneyplus/10099} BLOCKED
01-06 02:51:44.033   944  1007 I AppsFilter: interaction: PackageSetting{3f35e6f com.sonos.pinewood.ota.test/10051} -> PackageSetting{fcfc36f com.disney.disneyplus/10099} BLOCKED
01-06 02:51:44.033   944  1007 I AppsFilter: interaction: PackageSetting{e1cd357 com.amazon.amazonvideo.livingroom.qa/10098} -> PackageSetting{fcfc36f com.disney.disneyplus/10099} BLOCKED
01-06 02:51:44.035   944  1007 D PackageInstallerSession: Marking session 170355161 as applied
01-06 02:51:44.038   944  1007 D CompatibilityChangeReporter: Compat change id reported: 168419799; UID 10099; state: DISABLED
01-06 02:51:44.051   944   976 W BroadcastQueue: Background execution not allowed: receiving Intent { act=android.intent.action.PACKAGE_ADDED dat=package: flg=0x4000010 (has extras) } to com.android.packageinstaller/.PackageInstalledReceiver
01-06 02:51:44.051   944   976 W BroadcastQueue: Background execution not allowed: receiving Intent { act=android.intent.action.PACKAGE_ADDED dat=package: flg=0x4000010 (has extras) } to com.android.gallery3d/.app.PackagesMonitor
01-06 02:51:44.075   944   944 I AppsFilter: interaction: PackageSetting{1580650 com.sonos.pinewood.tokenmanager.service/10056} -> PackageSetting{d929655 com.disney.disneyplus/10099} BLOCKED
01-06 02:51:44.075   944   944 I AppsFilter: interaction: PackageSetting{362cd4e com.sonos.pinewood.ota.service/10046} -> PackageSetting{d929655 com.disney.disneyplus/10099} BLOCKED
01-06 02:51:44.075   944   944 I AppsFilter: interaction: PackageSetting{3f35e6f com.sonos.pinewood.ota.test/10051} -> PackageSetting{d929655 com.disney.disneyplus/10099} BLOCKED
01-06 02:51:44.075   944   944 I AppsFilter: interaction: PackageSetting{e1cd357 com.amazon.amazonvideo.livingroom.qa/10098} -> PackageSetting{d929655 com.disney.disneyplus/10099} BLOCKED
01-06 02:51:44.089   944  1068 D CompatibilityChangeReporter: Compat change id reported: 218533173; UID 10099; state: ENABLED
01-06 02:51:44.114   944  1741 W BackupTransportManager: Package com.disney.disneyplus enabled setting: 0
01-06 02:51:44.134   944   975 W TextServicesManagerService: no available spell checker services found
01-06 02:51:44.151   944   975 W VoiceInteractionManager: no available voice recognition services found for user 0
01-06 02:51:44.156   944   975 W TextServicesManagerService: no available spell checker services found
01-06 02:51:44.166   944   975 W VoiceInteractionManager: no available voice recognition services found for user 0
01-06 02:51:44.654   944  1007 E PackageManager: ERROR: could not load root hash from incremental install
01-06 02:51:44.654   944  1007 E PackageManager: ERROR: could not load root hash from incremental install
01-06 02:51:44.654   944  1007 E PackageManager: ERROR: could not load root hash from incremental install
01-06 02:51:44.654   944  1007 E PackageManager: ERROR: could not load root hash from incremental install
01-06 02:51:44.654   944  1007 E PackageManager: ERROR: could not load root hash from incremental install
01-06 02:51:44.654   944  1007 E PackageManager: Required verifier is null
01-06 02:51:44.721   944  1114 W RuleEvaluation: Integrity rule files are not available.
01-06 02:51:44.722   944  1007 I PackageManager: Integrity check passed for file:///data/app/vmdl1906584164.tmp
01-06 02:51:44.781   944  1007 I PackageManager: Permission ownership changed. Updating all permissions.
01-06 02:51:44.791   944  1007 W PackageManager: Package android.ext.services is an APK in APEX, but has permission allowlist on the system image. Please bundle the allowlist in the com.android.extservices APEX instead.
01-06 02:51:44.791   944  1007 W PackageManager: Package android.ext.services is an APK in APEX, but has permission allowlist on the system image. Please bundle the allowlist in the com.android.extservices APEX instead.
01-06 02:51:44.791   944  1007 W PackageManager: Package android.ext.services is an APK in APEX, but has permission allowlist on the system image. Please bundle the allowlist in the com.android.extservices APEX instead.
01-06 02:51:44.791   944  1007 W PackageManager: Package android.ext.services is an APK in APEX, but has permission allowlist on the system image. Please bundle the allowlist in the com.android.extservices APEX instead.
01-06 02:51:44.800   944  1007 W PackageManager: Package com.android.providers.media.module is an APK in APEX, but has permission allowlist on the system image. Please bundle the allowlist in the com.android.mediaprovider APEX instead.
01-06 02:51:44.800   944  1007 W PackageManager: Package com.android.providers.media.module is an APK in APEX, but has permission allowlist on the system image. Please bundle the allowlist in the com.android.mediaprovider APEX instead.
01-06 02:51:44.800   944  1007 W PackageManager: Package com.android.providers.media.module is an APK in APEX, but has permission allowlist on the system image. Please bundle the allowlist in the com.android.mediaprovider APEX instead.
01-06 02:51:44.800   944  1007 W PackageManager: Package com.android.providers.media.module is an APK in APEX, but has permission allowlist on the system image. Please bundle the allowlist in the com.android.mediaprovider APEX instead.
01-06 02:51:44.800   944  1007 W PackageManager: Package com.android.providers.media.module is an APK in APEX, but has permission allowlist on the system image. Please bundle the allowlist in the com.android.mediaprovider APEX instead.
01-06 02:51:44.800   944  1007 W PackageManager: Package com.android.providers.media.module is an APK in APEX, but has permission allowlist on the system image. Please bundle the allowlist in the com.android.mediaprovider APEX instead.
01-06 02:51:44.800   944  1007 W PackageManager: Package com.android.providers.media.module is an APK in APEX, but has permission allowlist on the system image. Please bundle the allowlist in the com.android.mediaprovider APEX instead.
01-06 02:51:44.800   944  1007 W PackageManager: Package com.android.providers.media.module is an APK in APEX, but has permission allowlist on the system image. Please bundle the allowlist in the com.android.mediaprovider APEX instead.
01-06 02:51:44.801   944  1007 W PackageManager: Package com.android.providers.media.module is an APK in APEX, but has permission allowlist on the system image. Please bundle the allowlist in the com.android.mediaprovider APEX instead.
01-06 02:51:44.801   944  1007 W PackageManager: Package com.android.providers.media.module is an APK in APEX, but has permission allowlist on the system image. Please bundle the allowlist in the com.android.mediaprovider APEX instead.
01-06 02:51:44.801   944  1007 W PackageManager: Package com.android.providers.media.module is an APK in APEX, but has permission allowlist on the system image. Please bundle the allowlist in the com.android.mediaprovider APEX instead.
01-06 02:51:44.801   944  1007 W PackageManager: Package com.android.providers.media.module is an APK in APEX, but has permission allowlist on the system image. Please bundle the allowlist in the com.android.mediaprovider APEX instead.
01-06 02:51:44.801   944  1007 W PackageManager: Package com.android.providers.media.module is an APK in APEX, but has permission allowlist on the system image. Please bundle the allowlist in the com.android.mediaprovider APEX instead.
01-06 02:51:44.833   944  1007 D PackageManager: Instant App installer not found with android.intent.action.INSTALL_INSTANT_APP_PACKAGE
01-06 02:51:44.833   944  1007 D PackageManager: Clear ephemeral installer activity
01-06 02:51:38.930     0     0 I [1 T3036  ..] logd: start watching /data/system/packages.list ...
01-06 02:51:38.930     0     0 I [1 T3036  ..] logd: ReadPackageList, total packages: 108
01-06 02:51:45.248   944  1221 D OomAdjuster: Not killing cached processes
01-06 02:51:49.134   944  1007 V BackupManagerService: [UserID:0] restoreAtInstall pkg=tv.pluto.android token=8 restoreSet=0
01-06 02:51:49.134   944  1007 V BackupManagerService: [UserID:0] Finishing install immediately
01-06 02:51:49.136   944  1007 I AppsFilter: interaction: PackageSetting{1580650 com.sonos.pinewood.tokenmanager.service/10056} -> PackageSetting{997860b tv.pluto.android/10100} BLOCKED
01-06 02:51:49.136   944  1007 I AppsFilter: interaction: PackageSetting{362cd4e com.sonos.pinewood.ota.service/10046} -> PackageSetting{997860b tv.pluto.android/10100} BLOCKED
01-06 02:51:49.136   944  1007 I AppsFilter: interaction: PackageSetting{3f35e6f com.sonos.pinewood.ota.test/10051} -> PackageSetting{997860b tv.pluto.android/10100} BLOCKED
01-06 02:51:49.136   944  1007 I AppsFilter: interaction: PackageSetting{e1cd357 com.amazon.amazonvideo.livingroom.qa/10098} -> PackageSetting{997860b tv.pluto.android/10100} BLOCKED
01-06 02:51:49.137   944  1007 D PackageInstallerSession: Marking session 1906584164 as applied
01-06 02:51:49.140   944  1007 D CompatibilityChangeReporter: Compat change id reported: 168419799; UID 10100; state: DISABLED
01-06 02:51:49.153   944   976 W BroadcastQueue: Background execution not allowed: receiving Intent { act=android.intent.action.PACKAGE_ADDED dat=package: flg=0x4000010 (has extras) } to com.android.packageinstaller/.PackageInstalledReceiver
01-06 02:51:49.153   944   976 W BroadcastQueue: Background execution not allowed: receiving Intent { act=android.intent.action.PACKAGE_ADDED dat=package: flg=0x4000010 (has extras) } to com.android.gallery3d/.app.PackagesMonitor
01-06 02:51:49.164   944   975 W TextServicesManagerService: no available spell checker services found
01-06 02:51:49.177   944   944 I AppsFilter: interaction: PackageSetting{1580650 com.sonos.pinewood.tokenmanager.service/10056} -> PackageSetting{7bf2090 tv.pluto.android/10100} BLOCKED
01-06 02:51:49.177   944   944 I AppsFilter: interaction: PackageSetting{362cd4e com.sonos.pinewood.ota.service/10046} -> PackageSetting{7bf2090 tv.pluto.android/10100} BLOCKED
01-06 02:51:49.177   944   944 I AppsFilter: interaction: PackageSetting{3f35e6f com.sonos.pinewood.ota.test/10051} -> PackageSetting{7bf2090 tv.pluto.android/10100} BLOCKED
01-06 02:51:49.177   944   944 I AppsFilter: interaction: PackageSetting{e1cd357 com.amazon.amazonvideo.livingroom.qa/10098} -> PackageSetting{7bf2090 tv.pluto.android/10100} BLOCKED
01-06 02:51:49.188   944  1068 D CompatibilityChangeReporter: Compat change id reported: 218533173; UID 10100; state: ENABLED
01-06 02:51:49.188   944  1741 W BackupTransportManager: Package tv.pluto.android enabled setting: 0
01-06 02:51:49.218   944   944 I HdmiCecLocalDevicePlaybackSwitch: onInputAdded: tv.pluto.android/tv.pluto.feature.leanbacklivetv.LiveTVInputService
01-06 02:51:49.218   944  1955 D CompatibilityChangeReporter: Compat change id reported: 161252188; UID 10100; state: ENABLED
01-06 02:51:49.219   944   975 W VoiceInteractionManager: no available voice recognition services found for user 0
01-06 02:51:49.220   944   944 I HdmiCecLocalDevicePlaybackSwitch: addOrUpdateTvInput: return HdmiDeviceInfo null
01-06 02:51:49.221   944   976 D CompatibilityChangeReporter: Compat change id reported: 135634846; UID 10100; state: DISABLED
01-06 02:51:49.221   944   976 D CompatibilityChangeReporter: Compat change id reported: 177438394; UID 10100; state: DISABLED
01-06 02:51:49.221   944   976 D CompatibilityChangeReporter: Compat change id reported: 135772972; UID 10100; state: DISABLED
01-06 02:51:49.222   944   976 D CompatibilityChangeReporter: Compat change id reported: 135754954; UID 10100; state: ENABLED
01-06 02:51:49.222   944   977 D CompatibilityChangeReporter: Compat change id reported: 143937733; UID 10100; state: ENABLED
01-06 02:51:49.225   944   975 W TextServicesManagerService: no available spell checker services found
01-06 02:51:49.236   944   977 I ActivityManager: Start proc 4127:tv.pluto.android/u0a100 for broadcast {tv.pluto.android/tv.pluto.android.MultipleInitializeProgramsReceiver}
01-06 02:51:49.249   944   975 W VoiceInteractionManager: no available voice recognition services found for user 0
01-06 02:51:43.419     0     0 W [3 T4142  ..] audit: audit_lost=15678 audit_rate_limit=5 audit_backlog_limit=64
01-06 02:51:43.419     0     0 E [3 T4142  ..] audit: rate limit exceeded
01-06 02:51:50.705   944  1955 D CompatibilityChangeReporter: Compat change id reported: 161145287; UID 10100; state: DISABLED
01-06 02:51:50.731   944   976 W BroadcastQueue: Exported Denial: sending Intent { act=android.intent.action.BATTERY_CHANGED flg=0x60000010 (has extras) }, action: android.intent.action.BATTERY_CHANGED from null (uid=-1) due to receiver ProcessRecord{c0d2070 4127:tv.pluto.android/u0a100} (uid 10100) not specifying RECEIVER_EXPORTED
01-06 02:51:50.894   944  1282 D OomAdjuster: Not killing cached processes
01-06 02:51:50.895   944  1282 W ProcessStats: Tracking association SourceState{8d88922 system/1000 BTopFgs #1046} whose proc state 2 is better than process ProcessState{a2bd69d com.sonos.connectivity/10082 pkg=com.sonos.connectivity} proc state 3 (145 skipped)
01-06 02:51:51.289   944  1955 D CompatibilityChangeReporter: Compat change id reported: 135634846; UID 10100; state: DISABLED
01-06 02:51:51.289   944  1955 D CompatibilityChangeReporter: Compat change id reported: 177438394; UID 10100; state: DISABLED
01-06 02:51:51.289   944  1955 D CompatibilityChangeReporter: Compat change id reported: 135772972; UID 10100; state: DISABLED
01-06 02:51:51.289   944  1955 D CompatibilityChangeReporter: Compat change id reported: 135754954; UID 10100; state: ENABLED
01-06 02:51:51.290   944   977 D CompatibilityChangeReporter: Compat change id reported: 143937733; UID 10100; state: ENABLED
01-06 02:51:51.313   944   977 I ActivityManager: Start proc 4266:tv.pluto.android:input/u0a100 for broadcast {tv.pluto.android/tv.pluto.feature.leanbacklivetv.LiveTVBootLocalReceiver}
01-06 02:51:45.498     0     0 W [4 T4281  ..] audit: audit_lost=16261 audit_rate_limit=5 audit_backlog_limit=64
01-06 02:51:45.498     0     0 E [4 T4281  ..] audit: rate limit exceeded
01-06 02:51:51.592   944  1955 D CompatibilityChangeReporter: Compat change id reported: 194532703; UID 10100; state: ENABLED
