01-01 00:00:18.663   807   835 I SystemConfig: Reading permissions from /system/etc/permissions/com.android.future.usb.accessory.xml
01-01 00:00:18.664   807   835 I SystemConfig: Reading permissions from /system/etc/permissions/tahoe_core_hardware.xml
01-01 00:00:18.665   807   807 D ApexManagerTiming: getActiveApexInfos_noCache
01-01 00:00:18.665   807   835 I SystemConfig: Reading permissions from /system/etc/permissions/android.hardware.bluetooth_le.xml
01-01 00:00:18.666   807   835 I SystemConfig: Reading permissions from /system/etc/permissions/privapp_allowlist_com.android.providers.media.module.xml
01-01 00:00:18.668   807   835 I SystemConfig: Reading permissions from /system/etc/permissions/com.android.media.tv.remoteprovider.xml
01-01 00:00:18.670   807   835 I SystemConfig: Reading permissions from /system/etc/permissions/privapp_allowlist_com.android.adservices.api.xml
01-01 00:00:18.670   807   835 I SystemConfig: Reading permissions from /system/etc/permissions/tv_core_hardware.xml
01-01 00:00:18.671   807   835 I SystemConfig: Reading permissions from /system/etc/permissions/privapp_allowlist_android.ext.services.xml
01-01 00:00:18.673   807   835 I SystemConfig: Reading permissions from /system/etc/permissions/android.test.mock.xml
01-01 00:00:18.674   807   835 I SystemConfig: Reading permissions from /system/etc/permissions/org.apache.http.legacy.xml
01-01 00:00:18.675   807   835 I SystemConfig: Reading permissions from /system/etc/permissions/sonos_platform.xml
01-01 00:00:18.678   807   835 I SystemConfig: Reading permissions from /system/etc/permissions/com.android.media.remotedisplay.xml
01-01 00:00:18.679   807   835 I SystemConfig: Reading permissions from /system/etc/permissions/platform.xml
01-01 00:00:18.685   807   835 I SystemConfig: Reading permissions from /vendor/etc/permissions/android.hardware.consumerir.xml
01-01 00:00:18.686   807   835 I SystemConfig: Reading permissions from /vendor/etc/permissions/android.hardware.hdmi.cec.xml
01-01 00:00:18.687   807   835 I SystemConfig: Reading permissions from /vendor/etc/permissions/android.hardware.vulkan.version.xml
01-01 00:00:18.688   807   835 I SystemConfig: Reading permissions from /vendor/etc/permissions/aosp_excluded_hardware.xml
01-01 00:00:18.689   807   835 D SystemConfig: Removed unavailable feature android.hardware.location.network
01-01 00:00:18.689   807   835 I SystemConfig: Reading permissions from /vendor/etc/permissions/android.hardware.bluetooth.xml
01-01 00:00:18.691   807   835 I SystemConfig: Reading permissions from /vendor/etc/permissions/android.hardware.vulkan.compute.xml
01-01 00:00:18.693   807   835 I SystemConfig: Reading permissions from /vendor/etc/permissions/android.hardware.location.xml
01-01 00:00:18.695   807   835 D SystemConfig: Removed unavailable feature android.hardware.location.network
01-01 00:00:18.695   807   835 I SystemConfig: Reading permissions from /vendor/etc/permissions/android.software.ipsec_tunnels.xml
01-01 00:00:18.696   807   835 I SystemConfig: Reading permissions from /vendor/etc/permissions/droidlogic.software.core.xml
01-01 00:00:18.698   807   835 W SystemConfig: name is required for <deny-permission> in START_TAG (empty) <deny-permission name=''>@27:35 in java.io.FileReader@d4bf5e3
01-01 00:00:18.698   807   807 V ApexManagerTiming: getActiveApexInfos_noCache took to complete: 33ms
01-01 00:00:18.698   807   835 I SystemConfig: Reading permissions from /vendor/etc/permissions/droidlogic.tv.software.core.xml
01-01 00:00:18.699   807   807 D CompatConfig: No directory /apex/com.android.os.statsd/etc/compatconfig, skipping
01-01 00:00:18.699   807   807 D CompatConfig: No directory /apex/com.android.uwb/etc/compatconfig, skipping
01-01 00:00:18.699   807   807 D CompatConfig: Found a config file: /apex/com.android.mediaprovider/etc/compatconfig/media-provider-platform-compat-config.xml
01-01 00:00:18.699   807   835 I SystemConfig: Reading permissions from /vendor/etc/permissions/prime.xml
01-01 00:00:18.700   807   807 D CompatConfig: Adding: com.android.server.compat.config.Change@c67f972
01-01 00:00:18.700   807   807 D CompatConfig: Adding: com.android.server.compat.config.Change@67221c3
01-01 00:00:18.700   807   807 D CompatConfig: Adding: com.android.server.compat.config.Change@4b3fa40
01-01 00:00:18.700   807   807 D CompatConfig: Adding: com.android.server.compat.config.Change@4613d79
01-01 00:00:18.700   807   807 D CompatConfig: Adding: com.android.server.compat.config.Change@2b83abe
01-01 00:00:18.700   807   807 D CompatConfig: Adding: com.android.server.compat.config.Change@74b171f
01-01 00:00:18.700   807   807 D CompatConfig: Adding: com.android.server.compat.config.Change@cfe7a6c
01-01 00:00:18.700   807   835 I SystemConfig: Reading permissions from /vendor/etc/permissions/android.software.farfield.xml
01-01 00:00:18.701   807   807 D CompatConfig: No directory /apex/com.android.resolv/etc/compatconfig, skipping
01-01 00:00:18.701   807   807 D CompatConfig: No directory /apex/com.android.extservices/etc/compatconfig, skipping
01-01 00:00:18.701   807   807 D CompatConfig: No directory /apex/com.sonos.player/etc/compatconfig, skipping
01-01 00:00:18.701   807   807 D CompatConfig: No directory /apex/com.android.runtime/etc/compatconfig, skipping
01-01 00:00:18.701   807   807 D CompatConfig: No directory /apex/com.android.ipsec/etc/compatconfig, skipping
01-01 00:00:18.701   807   807 D CompatConfig: No directory /apex/com.android.appsearch/etc/compatconfig, skipping
01-01 00:00:18.701   807   835 I SystemConfig: Reading permissions from /vendor/etc/permissions/android.hardware.audio.output.xml
01-01 00:00:18.701   807   807 D CompatConfig: Found a config file: /apex/com.android.tethering/etc/compatconfig/connectivity-platform-compat-config.xml
01-01 00:00:18.702   807   807 D CompatConfig: Adding: com.android.server.compat.config.Change@88ed158
01-01 00:00:18.702   807   835 I SystemConfig: Reading permissions from /vendor/etc/permissions/android.software.opengles.deqp.level-2022-03-01.xml
01-01 00:00:18.702   807   807 D CompatConfig: No directory /apex/com.android.apex.cts.shim/etc/compatconfig, skipping
01-01 00:00:18.703   807   807 D CompatConfig: No directory /apex/com.android.neuralnetworks/etc/compatconfig, skipping
01-01 00:00:18.703   807   807 D CompatConfig: No directory /apex/com.android.media.swcodec/etc/compatconfig, skipping
01-01 00:00:18.703   807   807 D CompatConfig: No directory /apex/com.android.media/etc/compatconfig, skipping
01-01 00:00:18.703   807   835 I SystemConfig: Reading permissions from /vendor/etc/permissions/android.software.verified_boot.xml
01-01 00:00:18.703   807   807 D CompatConfig: No directory /apex/com.android.tzdata/etc/compatconfig, skipping
01-01 00:00:18.703   807   807 D CompatConfig: No directory /apex/com.android.vndk.v33/etc/compatconfig, skipping
01-01 00:00:18.703   807   807 D CompatConfig: No directory /apex/com.android.adservices/etc/compatconfig, skipping
01-01 00:00:18.704   807   835 I SystemConfig: Reading permissions from /vendor/etc/permissions/android.hardware.hardware_keystore.amlogic.xml
01-01 00:00:18.704   807   807 D CompatConfig: Found a config file: /apex/com.android.btservices/etc/compatconfig/bluetooth-compat-config.xml
01-01 00:00:18.704   807   835 I SystemConfig: Reading permissions from /vendor/etc/permissions/android.hardware.wifi.passpoint.xml
01-01 00:00:18.705   807   807 D CompatConfig: Adding: com.android.server.compat.config.Change@dcda322
01-01 00:00:18.705   807   835 I SystemConfig: Reading permissions from /vendor/etc/permissions/android.hardware.wifi.direct.xml
01-01 00:00:18.705   807   807 D CompatConfig: No directory /apex/com.android.ondevicepersonalization/etc/compatconfig, skipping
01-01 00:00:18.705   807   835 I SystemConfig: Reading permissions from /vendor/etc/permissions/com.droidlogic.appinstaller.xml
01-01 00:00:18.706   807   807 D CompatConfig: Found a config file: /apex/com.android.art/etc/compatconfig/libcore-platform-compat-config.xml
01-01 00:00:18.706   807   807 D CompatConfig: Adding: com.android.server.compat.config.Change@3c6cf6e
01-01 00:00:18.706   807   807 D CompatConfig: Adding: com.android.server.compat.config.Change@bee060f
01-01 00:00:18.706   807   807 D CompatConfig: Adding: com.android.server.compat.config.Change@8cb569c
01-01 00:00:18.706   807   807 D CompatConfig: Adding: com.android.server.compat.config.Change@b9f98a5
01-01 00:00:18.706   807   807 D CompatConfig: Adding: com.android.server.compat.config.Change@814747a
01-01 00:00:18.706   807   807 D CompatConfig: Adding: com.android.server.compat.config.Change@c8ef42b
01-01 00:00:18.707   807   835 I SystemConfig: Reading permissions from /vendor/etc/permissions/android.software.backup.xml
01-01 00:00:18.707   807   807 D CompatConfig: No directory /apex/com.android.permission/etc/compatconfig, skipping
01-01 00:00:18.708   807   835 I SystemConfig: Reading permissions from /vendor/etc/permissions/nrdp.xml
01-01 00:00:18.708   807   807 D CompatConfig: No directory /apex/com.android.conscrypt/etc/compatconfig, skipping
01-01 00:00:18.708   807   807 D CompatConfig: Found a config file: /apex/com.android.wifi/etc/compatconfig/wifi-compat-config.xml
01-01 00:00:18.709   807   807 D CompatConfig: Adding: com.android.server.compat.config.Change@a06a807
01-01 00:00:18.709   807   807 D CompatConfig: Adding: com.android.server.compat.config.Change@871dd34
01-01 00:00:18.709   807   835 I SystemConfig: Reading permissions from /vendor/etc/permissions/android.hardware.keystore.app_attest_key.xml
01-01 00:00:18.709   807   807 D CompatConfig: No directory /apex/com.android.i18n/etc/compatconfig, skipping
01-01 00:00:18.710   807   807 D CompatConfig: No directory /apex/com.android.scheduling/etc/compatconfig, skipping
01-01 00:00:18.710   807   807 D CompatConfig: No directory /apex/com.android.sdkext/etc/compatconfig, skipping
01-01 00:00:18.710   807   807 D CompatConfig: No directory /apex/com.android.adbd/etc/compatconfig, skipping
01-01 00:00:18.712   807   835 I SystemConfig: Reading permissions from /vendor/etc/permissions/android.software.app_widgets.xml
01-01 00:00:18.712   807   807 V SystemServerTiming: PlatformCompat took to complete: 73ms
01-01 00:00:18.712   807   807 D SystemServerTiming: StartFileIntegrityService
01-01 00:00:18.712   807   807 I SystemServiceManager: Starting com.android.server.security.FileIntegrityService
01-01 00:00:18.713   807   835 I SystemConfig: Reading permissions from /vendor/etc/permissions/android.hardware.bluetooth_le.xml
01-01 00:00:18.714   807   835 I SystemConfig: Reading permissions from /vendor/etc/permissions/android.hardware.vulkan.level.xml
01-01 00:00:18.715   807   835 I SystemConfig: Reading permissions from /vendor/etc/permissions/android.hardware.gamepad.xml
01-01 00:00:18.715   807   807 V SystemServerTiming: StartFileIntegrityService took to complete: 2ms
01-01 00:00:18.715   807   807 D SystemServerTiming: StartInstaller
01-01 00:00:18.715   807   807 I SystemServiceManager: Starting com.android.server.pm.Installer
01-01 00:00:18.715   807   835 I SystemConfig: Reading permissions from /vendor/etc/permissions/droidlogic.software.netflix.xml
01-01 00:00:18.717   807   835 I SystemConfig: Reading permissions from /vendor/etc/permissions/android.software.cant_save_state.xml
01-01 00:00:18.718   807   835 I SystemConfig: Reading permissions from /vendor/etc/permissions/android.hardware.wifi.xml
01-01 00:00:18.718   807   835 I SystemConfig: Reading permissions from /vendor/etc/permissions/android.hardware.usb.host.xml
01-01 00:00:18.719   807   835 I SystemConfig: Reading permissions from /vendor/etc/permissions/android.software.vulkan.deqp.level-2022-03-01.xml
01-01 00:00:18.720   807   835 I SystemConfig: Reading permissions from /vendor/etc/permissions/android.hardware.opengles.aep.xml
01-01 00:00:18.720   807   835 I SystemConfig: Reading permissions from /vendor/etc/permissions/android.hardware.ethernet.xml
01-01 00:00:18.721   807   835 I SystemConfig: Reading permissions from /vendor/etc/permissions/android.software.live_tv.xml
01-01 00:00:18.721   807   807 V SystemServerTiming: StartInstaller took to complete: 7ms
01-01 00:00:18.721   807   807 D SystemServerTiming: DeviceIdentifiersPolicyService
01-01 00:00:18.721   807   807 I SystemServiceManager: Starting com.android.server.os.DeviceIdentifiersPolicyService
01-01 00:00:18.722   807   807 V SystemServerTiming: DeviceIdentifiersPolicyService took to complete: 0ms
01-01 00:00:18.722   807   807 D SystemServerTiming: UriGrantsManagerService
01-01 00:00:18.722   807   807 I SystemServiceManager: Starting com.android.server.uri.UriGrantsManagerService$Lifecycle
01-01 00:00:18.723   807   835 I SystemConfig: Reading permissions from /product/etc/sysconfig/atv-component-overrides.xml
01-01 00:00:18.724   807   807 V SystemServerTiming: UriGrantsManagerService took to complete: 2ms
01-01 00:00:18.724   807   807 D SystemServerTiming: StartPowerStatsService
01-01 00:00:18.724   807   807 I SystemServiceManager: Starting com.android.server.powerstats.PowerStatsService
01-01 00:00:18.724   807   835 I SystemConfig: Reading permissions from /product/etc/sysconfig/configs_com.sonos.pinewood.ota.service.xml
01-01 00:00:18.726   807   835 I SystemConfig: Reading permissions from /product/etc/permissions/privapp_allowlist_com.sonos.pinewood.ota.service.xml
01-01 00:00:18.728   807   835 I SystemConfig: Reading permissions from /product/etc/permissions/privapp_allowlist_com.sonos.tv.setup.xml
01-01 00:00:18.729   807   835 I SystemConfig: Reading permissions from /product/etc/permissions/privapp_allowlist_com.sonos.tv.appdirector.xml
01-01 00:00:18.729   807   835 I SystemConfig: Reading permissions from /product/etc/permissions/com.droidlogic.updater.xml
01-01 00:00:18.730   807   807 V SystemServerTiming: StartPowerStatsService took to complete: 7ms
01-01 00:00:18.730   807   807 D SystemServerTiming: StartIStatsService
01-01 00:00:18.730   807   835 I SystemConfig: Reading permissions from /product/etc/permissions/privapp-permissions-tahoe-product.xml
01-01 00:00:18.731   807   807 V SystemServerTiming: StartIStatsService took to complete: 1ms
01-01 00:00:18.731   807   807 D SystemServerTiming: MemtrackProxyService
01-01 00:00:18.731   807   835 I SystemConfig: Reading permissions from /product/etc/permissions/privapp_allowlist_com.sonos.tv.ble.remote.xml
01-01 00:00:18.732   807   835 I SystemConfig: Reading permissions from /product/etc/permissions/android.hardware.gamepad.xml
01-01 00:00:18.733   807   807 V SystemServerTiming: MemtrackProxyService took to complete: 1ms
01-01 00:00:18.733   807   807 D SystemServerTiming: StartActivityManager
01-01 00:00:18.733   807   807 I SystemServiceManager: Starting com.android.server.wm.ActivityTaskManagerService$Lifecycle
01-01 00:00:18.733   807   835 I SystemConfig: Reading permissions from /product/etc/permissions/privapp_allowlist_com.sonos.tv.settings.xml
01-01 00:00:18.734   807   835 I SystemConfig: Reading permissions from /product/etc/permissions/privapp_allowlist_com.sonos.pinewood.ota.test.xml
01-01 00:00:18.736   807   835 I SystemConfig: Reading permissions from /system_ext/etc/sysconfig/configs_com.sonos.connectivity.xml
01-01 00:00:18.738   807   835 I SystemConfig: Reading permissions from /system_ext/etc/permissions/androidx.window.extensions.xml
01-01 00:00:18.739   807   835 I SystemConfig: Reading permissions from /system_ext/etc/permissions/com.sonos.pinewood.ir.rx.xml
01-01 00:00:18.740   807   807 I SystemServiceManager: Starting com.android.server.am.ActivityManagerService$Lifecycle
01-01 00:00:18.740   807   835 I SystemConfig: Reading permissions from /system_ext/etc/permissions/com.droidlogic.tv.settings.xml
01-01 00:00:18.741   807   835 I SystemConfig: Reading permissions from /system_ext/etc/permissions/androidx.window.sidecar.xml
01-01 00:00:18.743   807   835 I SystemConfig: Reading permissions from /system_ext/etc/permissions/com.sonos.tv.os.xml
01-01 00:00:18.744   807   835 I SystemConfig: Reading permissions from /system_ext/etc/permissions/com.sonos.tv.logging.xml
01-01 00:00:18.745   807   835 I SystemConfig: Reading permissions from /system_ext/etc/permissions/com.caavo.pw.ceccontroller.xml
01-01 00:00:18.747   807   835 I SystemConfig: Reading permissions from /system_ext/etc/permissions/com.android.tv.settings.xml
01-01 00:00:18.747   807   807 I ActivityManager: Memory class: 384
01-01 00:00:18.748   807   835 I SystemConfig: Reading permissions from /system_ext/etc/permissions/droidlogic_permissions.xml
01-01 00:00:18.748   807   835 I SystemConfig: Reading permissions from /system_ext/etc/permissions/privapp_allowlist_com.sonos.connectivity.xml
01-01 00:00:18.749   807   835 I SystemConfig: Reading permissions from /system_ext/etc/permissions/com.android.systemui.xml
01-01 00:00:18.750   807   837 I Binder  : Setting heavy hitter watcher config: false, 0, 0.0
01-01 00:00:18.750   807   835 I SystemConfig: Reading permissions from /system_ext/etc/permissions/com.sonos.tv.networking.xml
01-01 00:00:18.751   807   835 I SystemConfig: Reading permissions from /system_ext/etc/permissions/com.sonos.livetv.xml
01-01 00:00:18.754   807   835 I SystemConfig: Reading permissions from /apex/com.android.permission/etc/permissions/privapp_allowlist_com.android.permissioncontroller.xml
01-01 00:00:18.755   807   835 I SystemConfig: Reading permissions from /apex/com.android.mediaprovider/etc/permissions/privapp_allowlist_com.android.providers.media.module.xml
01-01 00:00:18.756   807   835 I SystemConfig: Reading permissions from /apex/com.android.extservices/etc/permissions/privapp_allowlist_android.ext.services.xml
01-01 00:00:18.757   807   835 I SystemConfig: Reading permissions from /apex/com.android.adservices/etc/permissions/privapp_allowlist_com.android.adservices.api.xml
01-01 00:00:18.758   807   835 I SystemConfig: Reading permissions from /apex/com.android.tethering/etc/permissions/permissions.xml
01-01 00:00:18.760   807   835 I SystemConfig: Reading permissions from /apex/com.android.ipsec/etc/permissions/android.net.ipsec.ike.xml
01-01 00:00:18.762   807   835 I SystemConfig: Reading permissions from /apex/com.android.btservices/etc/permissions/privapp_allowlist_com.android.bluetooth.xml
01-01 00:00:18.764   807   835 W SystemConfig: Failed to read public libraries file /vendor/etc/public.libraries.txt
01-01 00:00:18.764   807   835 W SystemConfig: java.io.FileNotFoundException: /vendor/etc/public.libraries.txt: open failed: ENOENT (No such file or directory)
01-01 00:00:18.764   807   835 W SystemConfig: 	at libcore.io.IoBridge.open(IoBridge.java:574)
01-01 00:00:18.764   807   835 W SystemConfig: 	at java.io.FileInputStream.<init>(FileInputStream.java:160)
01-01 00:00:18.764   807   835 W SystemConfig: 	at java.io.FileReader.<init>(FileReader.java:75)
01-01 00:00:18.764   807   835 W SystemConfig: 	at com.android.server.SystemConfig.readPublicLibrariesListFile(SystemConfig.java:1825)
01-01 00:00:18.764   807   835 W SystemConfig: 	at com.android.server.SystemConfig.readPublicNativeLibrariesList(SystemConfig.java:1807)
01-01 00:00:18.764   807   835 W SystemConfig: 	at com.android.server.SystemConfig.<init>(SystemConfig.java:605)
01-01 00:00:18.764   807   835 W SystemConfig: 	at com.android.server.SystemConfig.getInstance(SystemConfig.java:369)
01-01 00:00:18.764   807   835 W SystemConfig: 	at com.android.server.SystemServer$$ExternalSyntheticLambda2.run(Unknown Source:0)
01-01 00:00:18.764   807   835 W SystemConfig: 	at com.android.server.SystemServerInitThreadPool.lambda$submitTask$0(SystemServerInitThreadPool.java:106)
01-01 00:00:18.764   807   835 W SystemConfig: 	at com.android.server.SystemServerInitThreadPool.$r8$lambda$aGlXt69ihU44Qi7EB_RNeu8pnrY(Unknown Source:0)
01-01 00:00:18.764   807   835 W SystemConfig: 	at com.android.server.SystemServerInitThreadPool$$ExternalSyntheticLambda0.run(Unknown Source:6)
01-01 00:00:18.764   807   835 W SystemConfig: 	at java.util.concurrent.Executors$RunnableAdapter.call(Executors.java:463)
01-01 00:00:18.764   807   835 W SystemConfig: 	at java.util.concurrent.FutureTask.run(FutureTask.java:264)
01-01 00:00:18.764   807   835 W SystemConfig: 	at java.util.concurrent.ThreadPoolExecutor.runWorker(ThreadPoolExecutor.java:1137)
01-01 00:00:18.764   807   835 W SystemConfig: 	at java.util.concurrent.ThreadPoolExecutor$Worker.run(ThreadPoolExecutor.java:637)
01-01 00:00:18.764   807   835 W SystemConfig: 	at com.android.internal.util.ConcurrentUtils$1$1.run(ConcurrentUtils.java:65)
01-01 00:00:18.764   807   835 W SystemConfig: Caused by: android.system.ErrnoException: open failed: ENOENT (No such file or directory)
01-01 00:00:18.764   807   835 W SystemConfig: 	at libcore.io.Linux.open(Native Method)
01-01 00:00:18.764   807   835 W SystemConfig: 	at libcore.io.ForwardingOs.open(ForwardingOs.java:563)
01-01 00:00:18.764   807   835 W SystemConfig: 	at libcore.io.BlockGuardOs.open(BlockGuardOs.java:274)
01-01 00:00:18.764   807   835 W SystemConfig: 	at libcore.io.IoBridge.open(IoBridge.java:560)
01-01 00:00:18.764   807   835 W SystemConfig: 	... 15 more
01-01 00:00:18.764   807   835 V SystemConfig: readAllPermissions took to complete: 126ms
01-01 00:00:18.764   807   835 D SystemServerInitThreadPool: Finished executing ReadingSystemConfig
01-01 00:00:18.764   807   835 V SystemServerTimingAsync: InitThreadPoolExec:ReadingSystemConfig took to complete: 126ms
01-01 00:00:18.785   807   807 D BatteryStatsImpl: Reading daily items from /data/system/batterystats-daily.xml
01-01 00:00:18.791   807   807 I KernelCpuUidFreqTimeReader: mPerClusterTimesAvailable=false
01-01 00:00:18.807   807   844 W KernelCpuProcStringReader: File not found. It's normal if not implemented: /proc/uid_concurrent_policy_time
01-01 00:00:18.819   807   844 W KernelMemoryBandwidthStats: No kernel memory bandwidth stats available
01-01 00:00:18.939   807   807 I IntentFirewall: Read new rules (A:0 B:0 S:0)
01-01 00:00:18.947   807   807 D OomAdjuster: Not killing cached processes
01-01 00:00:18.975   807   807 I FramerateMonitorService: userdebug
01-01 00:00:18.980   807   807 D AppOps  : AppOpsService published
01-01 00:00:18.991   807   807 V SystemServerTiming: StartActivityManager took to complete: 258ms
01-01 00:00:18.992   807   807 D SystemServerTiming: StartDataLoaderManagerService
01-01 00:00:18.992   807   807 I SystemServiceManager: Starting com.android.server.pm.DataLoaderManagerService
01-01 00:00:18.993   807   807 V SystemServerTiming: StartDataLoaderManagerService took to complete: 2ms
01-01 00:00:18.993   807   807 D SystemServerTiming: StartIncrementalService
01-01 00:00:18.998   807   807 V SystemServerTiming: StartIncrementalService took to complete: 4ms
01-01 00:00:18.998   807   807 D SystemServerTiming: StartPowerManager
01-01 00:00:18.998   807   807 I SystemServiceManager: Starting com.android.server.power.PowerManagerService
01-01 00:00:19.001     0     0 E [3 T1     ..] init: Control message: Could not find 'aidl/package_native' for ctl.interface_start from pid: 316 (/system/bin/servicemanager)
01-01 00:00:19.011   807   807 V SystemServerTiming: StartPowerManager took to complete: 14ms
01-01 00:00:19.011   807   807 D SystemServerTiming: StartThermalManager
01-01 00:00:19.011   807   807 I SystemServiceManager: Starting com.android.server.power.ThermalManagerService
01-01 00:00:19.012   807   807 V SystemServerTiming: StartThermalManager took to complete: 0ms
01-01 00:00:19.012   807   807 D SystemServerTiming: StartHintManager
01-01 00:00:19.012   807   807 I SystemServiceManager: Starting com.android.server.power.hint.HintManagerService
01-01 00:00:19.012   807   807 V SystemServerTiming: StartHintManager took to complete: 0ms
01-01 00:00:19.012   807   807 D SystemServerTiming: InitPowerManagement
01-01 00:00:19.014   807   807 V SystemServerTiming: InitPowerManagement took to complete: 2ms
01-01 00:00:19.014   807   807 D SystemServerTiming: StartRecoverySystemService
01-01 00:00:19.014   807   807 I SystemServiceManager: Starting com.android.server.recoverysystem.RecoverySystemService$Lifecycle
01-01 00:00:19.015   807   807 V SystemServerTiming: StartRecoverySystemService took to complete: 1ms
01-01 00:00:19.016   807   807 I PackageWatchdog: Syncing state, reason: added new observer
01-01 00:00:19.016   807   807 I PackageWatchdog: Not pruning observers, elapsed time: 0ms
01-01 00:00:19.016   807   807 I PackageWatchdog: Cancelling state sync, nothing to sync
01-01 00:00:19.016   807   836 I PackageWatchdog: Saving observer state to file
01-01 00:00:19.017   807   807 D SystemServerTiming: StartLightsService
01-01 00:00:19.017   807   807 I SystemServiceManager: Starting com.android.server.lights.LightsService
01-01 00:00:19.020   807   807 V SystemServerTiming: StartLightsService took to complete: 4ms
01-01 00:00:19.021   807   807 D SystemServerTiming: StartDisplayOffloadService
01-01 00:00:19.021   807   807 V SystemServerTiming: StartDisplayOffloadService took to complete: 0ms
01-01 00:00:19.021   807   807 D SystemServerTiming: StartSidekickService
01-01 00:00:19.021   807   807 V SystemServerTiming: StartSidekickService took to complete: 0ms
01-01 00:00:19.021   807   807 D SystemServerTiming: StartDisplayManager
01-01 00:00:19.021   807   807 I SystemServiceManager: Starting com.android.server.display.DisplayManagerService
01-01 00:00:19.033   807   807 V SystemServerTiming: StartDisplayManager took to complete: 13ms
01-01 00:00:19.033   807   807 D SystemServerTiming: WaitForDisplay
01-01 00:00:19.033   807   807 I SystemServiceManager: Starting phase 100
01-01 00:00:19.033   807   807 D SystemServerTiming: OnBootPhase_100
01-01 00:00:19.033   807   807 D SystemServerTiming: OnBootPhase_100_com.android.server.security.FileIntegrityService
01-01 00:00:19.033   807   807 V SystemServerTiming: OnBootPhase_100_com.android.server.security.FileIntegrityService took to complete: 0ms
01-01 00:00:19.033   807   807 D SystemServerTiming: OnBootPhase_100_com.android.server.pm.Installer
01-01 00:00:19.033   807   807 V SystemServerTiming: OnBootPhase_100_com.android.server.pm.Installer took to complete: 0ms
01-01 00:00:19.033   807   807 D SystemServerTiming: OnBootPhase_100_com.android.server.os.DeviceIdentifiersPolicyService
01-01 00:00:19.033   807   807 V SystemServerTiming: OnBootPhase_100_com.android.server.os.DeviceIdentifiersPolicyService took to complete: 0ms
01-01 00:00:19.033   807   807 D SystemServerTiming: OnBootPhase_100_com.android.server.uri.UriGrantsManagerService$Lifecycle
01-01 00:00:19.033   807   807 V SystemServerTiming: OnBootPhase_100_com.android.server.uri.UriGrantsManagerService$Lifecycle took to complete: 0ms
01-01 00:00:19.033   807   807 D SystemServerTiming: OnBootPhase_100_com.android.server.powerstats.PowerStatsService
01-01 00:00:19.033   807   807 V SystemServerTiming: OnBootPhase_100_com.android.server.powerstats.PowerStatsService took to complete: 0ms
01-01 00:00:19.034   807   807 D SystemServerTiming: OnBootPhase_100_com.android.server.wm.ActivityTaskManagerService$Lifecycle
01-01 00:00:19.034   807   807 V SystemServerTiming: OnBootPhase_100_com.android.server.wm.ActivityTaskManagerService$Lifecycle took to complete: 0ms
01-01 00:00:19.034   807   807 D SystemServerTiming: OnBootPhase_100_com.android.server.am.ActivityManagerService$Lifecycle
01-01 00:00:19.034   807   807 V SystemServerTiming: OnBootPhase_100_com.android.server.am.ActivityManagerService$Lifecycle took to complete: 0ms
01-01 00:00:19.034   807   807 D SystemServerTiming: OnBootPhase_100_com.android.server.pm.DataLoaderManagerService
01-01 00:00:19.034   807   807 V SystemServerTiming: OnBootPhase_100_com.android.server.pm.DataLoaderManagerService took to complete: 0ms
01-01 00:00:19.034   807   807 D SystemServerTiming: OnBootPhase_100_com.android.server.power.PowerManagerService
01-01 00:00:19.034   807   807 V SystemServerTiming: OnBootPhase_100_com.android.server.power.PowerManagerService took to complete: 0ms
01-01 00:00:19.034   807   807 D SystemServerTiming: OnBootPhase_100_com.android.server.power.ThermalManagerService
01-01 00:00:19.034   807   807 V SystemServerTiming: OnBootPhase_100_com.android.server.power.ThermalManagerService took to complete: 0ms
01-01 00:00:19.034   807   807 D SystemServerTiming: OnBootPhase_100_com.android.server.power.hint.HintManagerService
01-01 00:00:19.034   807   807 V SystemServerTiming: OnBootPhase_100_com.android.server.power.hint.HintManagerService took to complete: 0ms
01-01 00:00:19.034   807   807 D SystemServerTiming: OnBootPhase_100_com.android.server.recoverysystem.RecoverySystemService$Lifecycle
01-01 00:00:19.034   807   807 V SystemServerTiming: OnBootPhase_100_com.android.server.recoverysystem.RecoverySystemService$Lifecycle took to complete: 0ms
01-01 00:00:19.034   807   807 D SystemServerTiming: OnBootPhase_100_com.android.server.lights.LightsService
01-01 00:00:19.034   807   807 V SystemServerTiming: OnBootPhase_100_com.android.server.lights.LightsService took to complete: 0ms
01-01 00:00:19.034   807   807 D SystemServerTiming: OnBootPhase_100_com.android.server.display.DisplayManagerService
01-01 00:00:19.040   807   831 W LocalDisplayAdapter: DisplayModeSpecs base mode no longer available, using currently active mode.
01-01 00:00:19.050   807   831 I DisplayDeviceRepository: Display device added: DisplayDeviceInfo{"Built-in Screen": uniqueId="local:4633127902230889483", 1920 x 1080, modeId 1, defaultModeId 1, supportedModes [{id=1, width=1920, height=1080, fps=59.94006, alternativeRefreshRates=[]}, {id=2, width=1920, height=1080, fps=60.000004, alternativeRefreshRates=[]}, {id=3, width=1920, height=1080, fps=50.0, alternativeRefreshRates=[]}, {id=4, width=1920, height=1080, fps=29.97003, alternativeRefreshRates=[]}, {id=5, width=1920, height=1080, fps=30.000002, alternativeRefreshRates=[]}, {id=6, width=1920, height=1080, fps=25.0, alternativeRefreshRates=[]}, {id=7, width=1920, height=1080, fps=23.976025, alternativeRefreshRates=[]}, {id=8, width=1920, height=1080, fps=24.000002, alternativeRefreshRates=[]}, {id=9, width=1280, height=720, fps=59.94006, alternativeRefreshRates=[]}, {id=10, width=1280, height=720, fps=60.000004, alternativeRefreshRates=[]}, {id=11, width=1280, height=720, fps=50.0, alternativeRefreshRates=[]}, {id=12, width=720, height=576, fps=50.0, alternativeRefreshRates=[]}, {id=13, width=720, height=480, fps=59.94006, alternativeRefreshRates=[]}, {id=14, width=720, height=480, fps=60.000004, alternativeRefreshRates=[]}], colorMode 0, supportedColorModes [0], hdrCapabilities HdrCapabilities{mSupportedHdrTypes=[2, 3], mMaxLuminance=500.0, mMaxAverageLuminance=500.0, mMinLuminance=0.0}, allmSupported false, gameContentTypeSupported false, density 320, 93.784 x 94.593 dpi, appVsyncOff 2000000, presDeadline 13683333, touch INTERNAL, rotation 0, type INTERNAL, address {port=11, model=0x404c2d479b6c44}, deviceProductInfo DeviceProductInfo{name=SAMSUNG, manufacturerPnpId=SAM, productId=2866, modelYear=null, manufactureDate=ManufactureDate{week=44, year=2013}, connectionToSinkType=2}, state UNKNOWN, frameRateOverride , brightnessMinimum 0.0, brightnessMaximum 1.0, brightnessDefault 0.39763778, FLAG_ALLOWED_TO_BE_DEFAULT_DISPLAY, FLAG_ROTATES_WITH_CONTENT, FLAG_SECURE, FLAG_SUPPORTS_PROTECTED_BUFFERS, installOrientation 0}
01-01 00:00:19.050   807   831 I LogicalDisplayMapper: Applying layout: [{addr: {port=11, model=0x404c2d479b6c44}, dispId: 0(ON)}], Previous layout: null
01-01 00:00:19.052   807   831 I LogicalDisplayMapper: Adding new display: 0: DisplayInfo{"Built-in Screen", displayId 0", displayGroupId -1, FLAG_SECURE, FLAG_SUPPORTS_PROTECTED_BUFFERS, FLAG_TRUSTED, real 1920 x 1080, largest app 1920 x 1080, smallest app 1920 x 1080, appVsyncOff 2000000, presDeadline 13683333, mode 1, defaultMode 1, modes [{id=1, width=1920, height=1080, fps=59.94006, alternativeRefreshRates=[]}, {id=2, width=1920, height=1080, fps=60.000004, alternativeRefreshRates=[]}, {id=3, width=1920, height=1080, fps=50.0, alternativeRefreshRates=[]}, {id=4, width=1920, height=1080, fps=29.97003, alternativeRefreshRates=[]}, {id=5, width=1920, height=1080, fps=30.000002, alternativeRefreshRates=[]}, {id=6, width=1920, height=1080, fps=25.0, alternativeRefreshRates=[]}, {id=7, width=1920, height=1080, fps=23.976025, alternativeRefreshRates=[]}, {id=8, width=1920, height=1080, fps=24.000002, alternativeRefreshRates=[]}, {id=9, width=1280, height=720, fps=59.94006, alternativeRefreshRates=[]}, {id=10, width=1280, height=720, fps=60.000004, alternativeRefreshRates=[]}, {id=11, width=1280, height=720, fps=50.0, alternativeRefreshRates=[]}, {id=12, width=720, height=576, fps=50.0, alternativeRefreshRates=[]}, {id=13, width=720, height=480, fps=59.94006, alternativeRefreshRates=[]}, {id=14, width=720, height=480, fps=60.000004, alternativeRefreshRates=[]}], hdrCapabilities HdrCapabilities{mSupportedHdrTypes=[2, 3], mMaxLuminance=500.0, mMaxAverageLuminance=500.0, mMinLuminance=0.0}, userDisabledHdrTypes [], minimalPostProcessingSupported false, rotation 0, state UNKNOWN, type INTERNAL, uniqueId "local:4633127902230889483", app 1920 x 1080, density 320 (93.784 x 94.593) dpi, layerStack 0, colorMode 0, supportedColorModes [0], address {port=11, model=0x404c2d479b6c44}, deviceProductInfo DeviceProductInfo{name=SAMSUNG, manufacturerPnpId=SAM, productId=2866, modelYear=null, manufactureDate=ManufactureDate{week=44, year=2013}, connectionToSinkType=2}, removeMode 0, refreshRateOverride 0.0, brightnessMinimum 0.0, brightnessMaximum 1.0, brightnessDefault 0.39763778, installOrientation ROTATION_0}
01-01 00:00:19.053   807   831 I LogicalDisplayMapper: Setting new display group 0 for display 0, from previous group: null
01-01 00:00:19.053   807   831 W android.permission.PermissionManager: Missing ActivityManager; assuming 1000 holds android.permission.READ_DEVICE_CONFIG
01-01 00:00:19.056   807   807 V SystemServerTiming: OnBootPhase_100_com.android.server.display.DisplayManagerService took to complete: 22ms
01-01 00:00:19.056   807   807 V SystemServerTiming: OnBootPhase_100 took to complete: 23ms
01-01 00:00:19.056   807   807 V SystemServerTiming: WaitForDisplay took to complete: 23ms
01-01 00:00:19.057   807   807 D SystemServerTiming: StartDomainVerificationService
01-01 00:00:19.063   807   807 V SystemServerTiming: StartDomainVerificationService took to complete: 6ms
01-01 00:00:19.063   807   807 D SystemServerTiming: StartPackageManagerService
01-01 00:00:19.063   807   807 I Watchdog: Pausing HandlerChecker: main thread for reason: packagemanagermain. Pause count: 1
01-01 00:00:19.066   807   807 D PackageManagerTiming: create package manager
01-01 00:00:19.072   807   807 D PackageManagerTiming: createSubComponents
01-01 00:00:19.078   807   807 I UserTypeFactory: Creating custom user type com.android.tv.profile
01-01 00:00:19.092   807   807 V PackageManagerTiming: createSubComponents took to complete: 20ms
01-01 00:00:19.092   807   807 D PackageManagerTiming: addSharedUsers
01-01 00:00:19.093   807   807 V PackageManagerTiming: addSharedUsers took to complete: 0ms
01-01 00:00:19.093   807   807 W BackgroundDexOptService: SysProp pm.dexopt.downgrade_after_inactive_days not set
01-01 00:00:19.094   807   807 D PackageManagerTiming: get system config
01-01 00:00:19.094   807   807 V PackageManagerTiming: get system config took to complete: 0ms
01-01 00:00:19.098   807   807 D SELinuxMMAC: Using policy file /system/etc/selinux/plat_mac_permissions.xml
01-01 00:00:19.099   807   807 D SELinuxMMAC: Using policy file /system_ext/etc/selinux/system_ext_mac_permissions.xml
01-01 00:00:19.100   807   807 D SELinuxMMAC: Using policy file /product/etc/selinux/product_mac_permissions.xml
01-01 00:00:19.101   807   807 D SELinuxMMAC: Using policy file /vendor/etc/selinux/vendor_mac_permissions.xml
01-01 00:00:19.102   807   807 D PackageManagerTiming: loadFallbacks
01-01 00:00:19.104   807   807 V PackageManagerTiming: loadFallbacks took to complete: 3ms
01-01 00:00:19.104   807   807 D PackageManagerTiming: read user settings
01-01 00:00:19.140   807   822 W android.permission.PermissionManager: Missing ActivityManager; assuming 1041 does not hold android.permission.UPDATE_DEVICE_STATS
01-01 00:00:19.188   807   807 E PackageManager: Package com.android.dynsystem was user id 0 but is now user SharedUserSetting{241f840 android.uid.system/1000} with id 1000; I am not changing its files so it will probably fail!
01-01 00:00:19.191   807   807 E PackageManager: Package com.android.providers.calendar was user id 0 but is now user SharedUserSetting{937ad1f android.uid.calendar/10027} with id 10027; I am not changing its files so it will probably fail!
01-01 00:00:19.193   807   807 E PackageManager: Package com.android.tv.settings was user id 0 but is now user SharedUserSetting{241f840 android.uid.system/1000} with id 1000; I am not changing its files so it will probably fail!
01-01 00:00:19.195   807   807 E PackageManager: Package com.android.providers.media was user id 0 but is now user SharedUserSetting{e1e8f58 android.media/10022} with id 10022; I am not changing its files so it will probably fail!
01-01 00:00:19.196   807   807 E PackageManager: Package com.android.providers.downloads was user id 0 but is now user SharedUserSetting{e1e8f58 android.media/10022} with id 10022; I am not changing its files so it will probably fail!
01-01 00:00:19.196   807   807 E PackageManager: Package com.droidlogic.mediacenter was user id 0 but is now user SharedUserSetting{241f840 android.uid.system/1000} with id 1000; I am not changing its files so it will probably fail!
01-01 00:00:19.197   807   807 E PackageManager: Package com.droidlogic was user id 0 but is now user SharedUserSetting{241f840 android.uid.system/1000} with id 1000; I am not changing its files so it will probably fail!
01-01 00:00:19.197   807   807 E PackageManager: Package com.droidlogic.tv.settings was user id 0 but is now user SharedUserSetting{241f840 android.uid.system/1000} with id 1000; I am not changing its files so it will probably fail!
01-01 00:00:19.198   807   807 E PackageManager: Package com.sonos.tv.ble.remote was user id 0 but is now user SharedUserSetting{52c1c0f sonos.uid.bluetooth/7502} with id 7502; I am not changing its files so it will probably fail!
01-01 00:00:19.198   807   807 E PackageManager: Package com.android.networkstack was user id 0 but is now user SharedUserSetting{722027a android.uid.networkstack/1073} with id 1073; I am not changing its files so it will probably fail!
01-01 00:00:19.198   807   807 E PackageManager: Package android was user id 0 but is now user SharedUserSetting{241f840 android.uid.system/1000} with id 1000; I am not changing its files so it will probably fail!
01-01 00:00:19.199   807   807 E PackageManager: Package com.android.mtp was user id 0 but is now user SharedUserSetting{e1e8f58 android.media/10022} with id 10022; I am not changing its files so it will probably fail!
01-01 00:00:19.199   807   807 E PackageManager: Package com.android.providers.settings was user id 0 but is now user SharedUserSetting{241f840 android.uid.system/1000} with id 1000; I am not changing its files so it will probably fail!
01-01 00:00:19.200   807   807 E PackageManager: Package com.android.se was user id 0 but is now user SharedUserSetting{b5df3a3 android.uid.se/1068} with id 1068; I am not changing its files so it will probably fail!
01-01 00:00:19.200   807   807 E PackageManager: Package com.android.inputdevices was user id 0 but is now user SharedUserSetting{241f840 android.uid.system/1000} with id 1000; I am not changing its files so it will probably fail!
01-01 00:00:19.201   807   807 E PackageManager: Package com.android.keychain was user id 0 but is now user SharedUserSetting{241f840 android.uid.system/1000} with id 1000; I am not changing its files so it will probably fail!
01-01 00:00:19.201   807   807 E PackageManager: Package com.android.localtransport was user id 0 but is now user SharedUserSetting{241f840 android.uid.system/1000} with id 1000; I am not changing its files so it will probably fail!
01-01 00:00:19.201   807   807 E PackageManager: Package com.sonos.tv.setup was user id 0 but is now user SharedUserSetting{e9499b8 sonos.uid.setup/7501} with id 7501; I am not changing its files so it will probably fail!
01-01 00:00:19.202   807   807 E PackageManager: Package com.android.networkstack.tethering was user id 0 but is now user SharedUserSetting{722027a android.uid.networkstack/1073} with id 1073; I am not changing its files so it will probably fail!
01-01 00:00:19.202   807   807 E PackageManager: Package com.android.soundpicker was user id 0 but is now user SharedUserSetting{e1e8f58 android.media/10022} with id 10022; I am not changing its files so it will probably fail!
01-01 00:00:19.203   807   807 E PackageManager: Package com.droidlogic.miracast was user id 0 but is now user SharedUserSetting{241f840 android.uid.system/1000} with id 1000; I am not changing its files so it will probably fail!
01-01 00:00:19.203   807   807 E PackageManager: Package com.android.cts.ctsshim was user id 0 but is now user SharedUserSetting{79843c9 com.android.cts.ctsshim/10076} with id 10076; I am not changing its files so it will probably fail!
01-01 00:00:19.204   807   807 E PackageManager: Package com.android.shell was user id 0 but is now user SharedUserSetting{98b0fc android.uid.shell/2000} with id 2000; I am not changing its files so it will probably fail!
01-01 00:00:19.205   807   807 E PackageManager: Package com.android.wallpaperbackup was user id 0 but is now user SharedUserSetting{241f840 android.uid.system/1000} with id 1000; I am not changing its files so it will probably fail!
01-01 00:00:19.205   807   807 E PackageManager: Package com.android.providers.userdictionary was user id 0 but is now user SharedUserSetting{64fa301 android.uid.shared/10028} with id 10028; I am not changing its files so it will probably fail!
01-01 00:00:19.206   807   807 E PackageManager: Package com.android.location.fused was user id 0 but is now user SharedUserSetting{241f840 android.uid.system/1000} with id 1000; I am not changing its files so it will probably fail!
01-01 00:00:19.206   807   807 E PackageManager: Package com.android.systemui was user id 0 but is now user SharedUserSetting{31db632 android.uid.systemui/10070} with id 10070; I am not changing its files so it will probably fail!
01-01 00:00:19.206   807   807 E PackageManager: Package com.android.bluetooth was user id 0 but is now user SharedUserSetting{33cb139 android.uid.bluetooth/1002} with id 1002; I am not changing its files so it will probably fail!
01-01 00:00:19.207   807   807 E PackageManager: Package com.android.providers.contacts was user id 0 but is now user SharedUserSetting{64fa301 android.uid.shared/10028} with id 10028; I am not changing its files so it will probably fail!
01-01 00:00:19.252   807   807 V SLog    : static_init took to complete: 1ms
01-01 00:00:19.252   807   807 W PackageSettings: Missing permission state for package com.android.uwb.resources on user 0
01-01 00:00:19.252   807   807 W PackageSettings: Missing permission state for package com.android.systemui.statusbar.tv.TvStatusBar on user 0
01-01 00:00:19.252   807   807 W PackageSettings: Missing permission state for package com.android.htmlviewer on user 0
01-01 00:00:19.252   807   807 W PackageSettings: Missing permission state for package com.sonos.platform on user 0
01-01 00:00:19.252   807   807 W PackageSettings: Missing permission state for package com.android.tv.overlay.settingsprovider on user 0
01-01 00:00:19.252   807   807 W PackageSettings: Missing permission state for package com.android.connectivity.resources on user 0
01-01 00:00:19.252   807   807 W PackageSettings: Missing permission state for package com.sonos.tv.sonosscreensaver on user 0
01-01 00:00:19.252   807   807 W PackageSettings: Missing permission state for package com.sonos.pinewood.overlay.assistant on user 0
01-01 00:00:19.253   807   807 W PackageSettings: Missing permission state for package android.ext.shared on user 0
01-01 00:00:19.253   807   807 W PackageSettings: Missing permission state for package com.android.wifi.resources on user 0
01-01 00:00:19.253   807   807 W PackageSettings: Missing permission state for package com.android.networkstack.tethering.droidlogic on user 0
01-01 00:00:19.253   807   807 W PackageSettings: Missing permission state for package com.droidlogic.tv.settings.resoverlay on user 0
01-01 00:00:19.253   807   807 W PackageSettings: Missing permission state for package com.droidlogic.wifitetheringoverlay on user 0
01-01 00:00:19.253   807   807 W PackageSettings: Missing permission state for package com.sonos.tv.settings.overlay on user 0
01-01 00:00:19.253   807   807 W PackageSettings: Missing permission state for package com.android.networkstack.tethering.inprocess.droidlogic on user 0
01-01 00:00:19.253   807   807 W PackageSettings: Missing permission state for package com.sonos.pinewood.overlay.settingsprovider on user 0
01-01 00:00:19.253   807   807 W PackageSettings: Missing permission state for package com.droidlogic.wifion on user 0
01-01 00:00:19.253   807   807 W PackageSettings: Missing permission state for package com.sonos.pinewood.overlay.tvremoteprovider on user 0
01-01 00:00:19.254   807   807 W PackageSettings: Missing permission state for package com.bds.framework.overlay on user 0
01-01 00:00:19.254   807   807 W PackageSettings: Missing permission state for package com.android.tv.overlay.framework on user 0
01-01 00:00:19.254   807   807 W PackageSettings: Missing permission state for package android.auto_generated_rro_product__ on user 0
01-01 00:00:19.254   807   807 W PackageSettings: Missing permission state for package com.sonos.hdmicecoverlay on user 0
01-01 00:00:19.254   807   807 W PackageSettings: Missing permission state for package com.droidlogic.overlay on user 0
01-01 00:00:19.254   807   807 W PackageSettings: Missing permission state for package com.sonos.pinewoodirapp on user 0
01-01 00:00:19.255   807   807 W PackageSettings: Missing permission state for shared user: android.uid.log
01-01 00:00:19.255   807   807 W PackageSettings: Missing permission state for shared user: android.uid.nfc
01-01 00:00:19.255   807   807 W PackageSettings: Missing permission state for shared user: android.uid.uwb
01-01 00:00:19.255   807   807 W PackageSettings: Missing permission state for shared user: android.uid.phone
01-01 00:00:19.256   807   807 V PackageManagerTiming: read user settings took to complete: 152ms
01-01 00:00:19.282   807   807 D PackageManager: Directories scanned as system partitions: [/system:0, /vendor:524288, /odm:4194304, /oem:262144, /product:1048576, /system_ext:2097152, /apex/com.android.os.statsd:8388608, /apex/com.android.uwb:8388608, /apex/com.android.mediaprovider:8388608, /apex/com.android.resolv:8388608, /apex/com.android.extservices:8388608, /apex/com.sonos.player:10485760, /apex/com.android.runtime:8388608, /apex/com.android.ipsec:8388608, /apex/com.android.appsearch:8388608, /apex/com.android.tethering:8388608, /apex/com.android.apex.cts.shim:8388608, /apex/com.android.neuralnetworks:8388608, /apex/com.android.media.swcodec:8388608, /apex/com.android.media:8388608, /apex/com.android.tzdata:8388608, /apex/com.android.vndk.v33:8388608, /apex/com.android.adservices:8388608, /apex/com.android.btservices:8388608, /apex/com.android.ondevicepersonalization:8388608, /apex/com.android.art:8388608, /apex/com.android.permission:8388608, /apex/com.android.conscrypt:8388608, /apex/com.android.wifi:8388608, /apex/com.android.i18n:8388608, /apex/com.android.scheduling:8388608, /apex/com.android.sdkext:8388608, /apex/com.android.adbd:8388608]
01-01 00:00:19.283   807   807 D PackageManager: Keeping known cache 3ef00d1b2e69af98935730928abac96ea7628797
01-01 00:00:19.370     0     0 I [2 T502   ..] [debug]: audio_utils_open
01-01 00:00:19.370     0     0 I [2 T502   ..] [debug]: audio_utils_release
01-01 00:00:19.376     0     0 I [2 T502   ..] [debug]: audio_utils_open
01-01 00:00:19.376     0     0 I [2 T502   ..] [debug]: audio_utils_ioctl SET_LIB_SIZE 5499312
01-01 00:00:19.376     0     0 I [2 T502   ..] [debug]: audio_utils_ioctl WRITE_LIB
01-01 00:00:19.378     0     0 I [2 T502   ..] [debug]: audio_utils_release
01-01 00:00:19.380     0     0 I [2 T502   ..] [debug]: audio_utils_open
01-01 00:00:19.383     0     0 I [2 T502   ..] [debug]: audio_utils_release
01-01 00:00:19.388     0     0 I         : [2 T502   ..] hdmitx21_ext_set_audio_output enable:0
01-01 00:00:19.390     0     0 E [6 T445   ..] apexd: Can't open /product/apex for reading : No such file or directory
01-01 00:00:19.391     0     0 E [6 T445   ..] apexd: Can't open /vendor/apex for reading : No such file or directory
01-01 00:00:19.418   807   807 D CompatibilityChangeReporter: Compat change id reported: 143539591; UID -1; state: DISABLED
01-01 00:00:19.418   807   807 D CompatibilityChangeReporter: Compat change id reported: 168782947; UID -1; state: ENABLED
01-01 00:00:19.430   807   807 W PackageManager: Failed to parse /product/overlay/TvWifiOverlay.apk: /product/overlay/TvWifiOverlay.apk (at Binary XML file line #23): <overlay> priority must be between 0 and 9999
01-01 00:00:19.435   807   807 W PackageManager: Failed to parse /system/framework/oat: Missing base APK in /system/framework/oat
01-01 00:00:19.435   807   807 W PackageManager: Failed to parse /system/framework/arm: Missing base APK in /system/framework/arm
01-01 00:00:19.435   807   807 W PackageManager: Failed to parse /system/framework/arm64: Missing base APK in /system/framework/arm64
