01-01 00:00:19.020   935   935 E PackageManager: Package com.android.providers.media was user id 0 but is now user SharedUserSetting{81d0bba android.media/10018} with id 10018; I am not changing its files so it will probably fail!
01-01 00:00:19.021   935   935 E PackageManager: Package com.android.providers.downloads was user id 0 but is now user SharedUserSetting{81d0bba android.media/10018} with id 10018; I am not changing its files so it will probably fail!
01-01 00:00:19.022   935   935 E PackageManager: Package com.droidlogic.mediacenter was user id 0 but is now user SharedUserSetting{fef9262 android.uid.system/1000} with id 1000; I am not changing its files so it will probably fail!
01-01 00:00:19.022   935   935 E PackageManager: Package com.droidlogic was user id 0 but is now user SharedUserSetting{fef9262 android.uid.system/1000} with id 1000; I am not changing its files so it will probably fail!
01-01 00:00:19.024   935   935 E PackageManager: Package com.droidlogic.tv.settings was user id 0 but is now user SharedUserSetting{fef9262 android.uid.system/1000} with id 1000; I am not changing its files so it will probably fail!
01-01 00:00:19.025   935   935 E PackageManager: Package com.sonos.tv.ble.remote was user id 0 but is now user SharedUserSetting{62a499 sonos.uid.bluetooth/7502} with id 7502; I am not changing its files so it will probably fail!
01-01 00:00:19.026   935   935 E PackageManager: Package com.android.networkstack was user id 0 but is now user SharedUserSetting{c57e40c android.uid.networkstack/1073} with id 1073; I am not changing its files so it will probably fail!
01-01 00:00:19.026   935   935 E PackageManager: Package android was user id 0 but is now user SharedUserSetting{fef9262 android.uid.system/1000} with id 1000; I am not changing its files so it will probably fail!
01-01 00:00:19.027   935   935 E PackageManager: Package com.android.mtp was user id 0 but is now user SharedUserSetting{81d0bba android.media/10018} with id 10018; I am not changing its files so it will probably fail!
01-01 00:00:19.027   935   935 E PackageManager: Package com.android.providers.settings was user id 0 but is now user SharedUserSetting{fef9262 android.uid.system/1000} with id 1000; I am not changing its files so it will probably fail!
01-01 00:00:19.028   935   935 E PackageManager: Package com.android.se was user id 0 but is now user SharedUserSetting{de5f60d android.uid.se/1068} with id 1068; I am not changing its files so it will probably fail!
01-01 00:00:19.028   935   935 E PackageManager: Package com.android.inputdevices was user id 0 but is now user SharedUserSetting{fef9262 android.uid.system/1000} with id 1000; I am not changing its files so it will probably fail!
01-01 00:00:19.029   935   935 E PackageManager: Package com.android.keychain was user id 0 but is now user SharedUserSetting{fef9262 android.uid.system/1000} with id 1000; I am not changing its files so it will probably fail!
01-01 00:00:19.029   935   935 E PackageManager: Package com.android.localtransport was user id 0 but is now user SharedUserSetting{fef9262 android.uid.system/1000} with id 1000; I am not changing its files so it will probably fail!
01-01 00:00:19.030   935   935 E PackageManager: Package com.sonos.tv.setup was user id 0 but is now user SharedUserSetting{924ef1a sonos.uid.setup/7501} with id 7501; I am not changing its files so it will probably fail!
01-01 00:00:19.030   935   935 E PackageManager: Package com.android.networkstack.tethering was user id 0 but is now user SharedUserSetting{c57e40c android.uid.networkstack/1073} with id 1073; I am not changing its files so it will probably fail!
01-01 00:00:19.031   935   935 E PackageManager: Package com.android.soundpicker was user id 0 but is now user SharedUserSetting{81d0bba android.media/10018} with id 10018; I am not changing its files so it will probably fail!
01-01 00:00:19.032   935   935 E PackageManager: Package com.droidlogic.miracast was user id 0 but is now user SharedUserSetting{fef9262 android.uid.system/1000} with id 1000; I am not changing its files so it will probably fail!
01-01 00:00:19.032   935   935 E PackageManager: Package com.android.cts.ctsshim was user id 0 but is now user SharedUserSetting{5a157c3 com.android.cts.ctsshim/10087} with id 10087; I am not changing its files so it will probably fail!
01-01 00:00:19.032   935   935 E PackageManager: Package com.android.shell was user id 0 but is now user SharedUserSetting{8c168be android.uid.shell/2000} with id 2000; I am not changing its files so it will probably fail!
01-01 00:00:19.033   935   935 E PackageManager: Package com.android.wallpaperbackup was user id 0 but is now user SharedUserSetting{fef9262 android.uid.system/1000} with id 1000; I am not changing its files so it will probably fail!
01-01 00:00:19.033   935   935 E PackageManager: Package com.android.providers.userdictionary was user id 0 but is now user SharedUserSetting{2b3fc3b android.uid.shared/10020} with id 10020; I am not changing its files so it will probably fail!
01-01 00:00:19.034   935   935 E PackageManager: Package com.android.location.fused was user id 0 but is now user SharedUserSetting{fef9262 android.uid.system/1000} with id 1000; I am not changing its files so it will probably fail!
01-01 00:00:19.034   935   935 E PackageManager: Package com.android.systemui was user id 0 but is now user SharedUserSetting{b994904 android.uid.systemui/10070} with id 10070; I am not changing its files so it will probably fail!
01-01 00:00:19.035   935   935 E PackageManager: Package com.android.bluetooth was user id 0 but is now user SharedUserSetting{2f7b7b3 android.uid.bluetooth/1002} with id 1002; I am not changing its files so it will probably fail!
01-01 00:00:19.035   935   935 E PackageManager: Package com.android.providers.contacts was user id 0 but is now user SharedUserSetting{2b3fc3b android.uid.shared/10020} with id 10020; I am not changing its files so it will probably fail!
01-01 00:00:19.077   935   935 V SLog    : static_init took to complete: 1ms
01-01 00:00:19.078   935   935 W PackageSettings: Missing permission state for package com.android.uwb.resources on user 0
01-01 00:00:19.078   935   935 W PackageSettings: Missing permission state for package com.android.systemui.statusbar.tv.TvStatusBar on user 0
01-01 00:00:19.078   935   935 W PackageSettings: Missing permission state for package com.android.htmlviewer on user 0
01-01 00:00:19.078   935   935 W PackageSettings: Missing permission state for package com.sonos.platform on user 0
01-01 00:00:19.078   935   935 W PackageSettings: Missing permission state for package com.android.tv.overlay.settingsprovider on user 0
01-01 00:00:19.078   935   935 W PackageSettings: Missing permission state for package com.android.connectivity.resources on user 0
01-01 00:00:19.078   935   935 W PackageSettings: Missing permission state for package com.sonos.tv.sonosscreensaver on user 0
01-01 00:00:19.079   935   935 W PackageSettings: Missing permission state for package com.sonos.pinewood.overlay.assistant on user 0
01-01 00:00:19.079   935   935 W PackageSettings: Missing permission state for package android.ext.shared on user 0
01-01 00:00:19.079   935   935 W PackageSettings: Missing permission state for package com.android.wifi.resources on user 0
01-01 00:00:19.079   935   935 W PackageSettings: Missing permission state for package com.android.networkstack.tethering.droidlogic on user 0
01-01 00:00:19.079   935   935 W PackageSettings: Missing permission state for package com.droidlogic.tv.settings.resoverlay on user 0
01-01 00:00:19.079   935   935 W PackageSettings: Missing permission state for package com.droidlogic.wifitetheringoverlay on user 0
01-01 00:00:19.079   935   935 W PackageSettings: Missing permission state for package com.sonos.tv.settings.overlay on user 0
01-01 00:00:19.079   935   935 W PackageSettings: Missing permission state for package com.android.networkstack.tethering.inprocess.droidlogic on user 0
01-01 00:00:19.079   935   935 W PackageSettings: Missing permission state for package com.sonos.pinewood.overlay.settingsprovider on user 0
01-01 00:00:19.079   935   935 W PackageSettings: Missing permission state for package com.droidlogic.wifion on user 0
01-01 00:00:19.080   935   935 W PackageSettings: Missing permission state for package com.sonos.pinewood.overlay.tvremoteprovider on user 0
01-01 00:00:19.080   935   935 W PackageSettings: Missing permission state for package com.bds.framework.overlay on user 0
01-01 00:00:19.080   935   935 W PackageSettings: Missing permission state for package com.android.tv.overlay.framework on user 0
01-01 00:00:19.080   935   935 W PackageSettings: Missing permission state for package android.auto_generated_rro_product__ on user 0
01-01 00:00:19.080   935   935 W PackageSettings: Missing permission state for package com.sonos.hdmicecoverlay on user 0
01-01 00:00:19.080   935   935 W PackageSettings: Missing permission state for package com.droidlogic.overlay on user 0
01-01 00:00:19.080   935   935 W PackageSettings: Missing permission state for package com.sonos.pinewoodirapp on user 0
01-01 00:00:19.081   935   935 W PackageSettings: Missing permission state for shared user: android.uid.log
01-01 00:00:19.081   935   935 W PackageSettings: Missing permission state for shared user: android.uid.nfc
01-01 00:00:19.081   935   935 W PackageSettings: Missing permission state for shared user: android.uid.uwb
01-01 00:00:19.081   935   935 W PackageSettings: Missing permission state for shared user: android.uid.phone
01-01 00:00:19.082   935   935 V PackageManagerTiming: read user settings took to complete: 135ms
01-01 00:00:19.107   935   935 D PackageManager: Directories scanned as system partitions: [/system:0, /vendor:524288, /odm:4194304, /oem:262144, /product:1048576, /system_ext:2097152, /apex/com.android.permission:8388608, /apex/com.android.vndk.v33:8388608, /apex/com.android.neuralnetworks:8388608, /apex/com.android.runtime:8388608, /apex/com.android.i18n:8388608, /apex/com.android.scheduling:8388608, /apex/com.android.media:8388608, /apex/com.android.art:8388608, /apex/com.android.tzdata:8388608, /apex/com.android.appsearch:8388608, /apex/com.android.ondevicepersonalization:8388608, /apex/com.android.mediaprovider:8388608, /apex/com.android.media.swcodec:8388608, /apex/com.android.uwb:8388608, /apex/com.android.wifi:8388608, /apex/com.android.apex.cts.shim:8388608, /apex/com.android.conscrypt:8388608, /apex/com.android.os.statsd:8388608, /apex/com.android.btservices:8388608, /apex/com.android.resolv:8388608, /apex/com.android.extservices:8388608, /apex/com.sonos.player:10485760, /apex/com.android.ipsec:8388608, /apex/com.android.adbd:8388608, /apex/com.android.sdkext:8388608, /apex/com.android.tethering:8388608, /apex/com.android.adservices:8388608]
01-01 00:00:19.108   935   935 D PackageManager: Keeping known cache d25594def0a9a951c7260b021a7a0e2a18b232c1
01-01 00:00:19.157     0     0 I [4 T506   ..] [debug]: audio_utils_open
01-01 00:00:19.157     0     0 I [4 T506   ..] [debug]: audio_utils_release
01-01 00:00:19.170     0     0 E [3 T451   ..] apexd: Can't open /product/apex for reading : No such file or directory
01-01 00:00:19.171     0     0 E [3 T451   ..] apexd: Can't open /vendor/apex for reading : No such file or directory
01-01 00:00:19.172     0     0 I [4 T506   ..] [debug]: audio_utils_open
01-01 00:00:19.172     0     0 I [4 T506   ..] [debug]: audio_utils_ioctl SET_LIB_SIZE 5499312
01-01 00:00:19.172     0     0 I [4 T506   ..] [debug]: audio_utils_ioctl WRITE_LIB
01-01 00:00:19.179     0     0 I [4 T506   ..] [debug]: audio_utils_release
01-01 00:00:19.182     0     0 I [4 T506   ..] [debug]: audio_utils_open
01-01 00:00:19.186     0     0 I [1 T506   ..] [debug]: audio_utils_release
01-01 00:00:19.191     0     0 I         : [2 T506   ..] hdmitx21_ext_set_audio_output enable:0
01-01 00:00:19.193   935   935 D CompatibilityChangeReporter: Compat change id reported: 143539591; UID -1; state: DISABLED
01-01 00:00:19.194   935   935 D CompatibilityChangeReporter: Compat change id reported: 168782947; UID -1; state: ENABLED
01-01 00:00:19.201   935   935 W PackageManager: Failed to parse /product/overlay/TvWifiOverlay.apk: /product/overlay/TvWifiOverlay.apk (at Binary XML file line #23): <overlay> priority must be between 0 and 9999
01-01 00:00:19.207   935   935 W PackageManager: Failed to parse /system/framework/arm64: Missing base APK in /system/framework/arm64
01-01 00:00:19.207   935   935 W PackageManager: Failed to parse /system/framework/oat: Missing base APK in /system/framework/oat
01-01 00:00:19.207   935   935 W PackageManager: Failed to parse /system/framework/arm: Missing base APK in /system/framework/arm
01-01 00:00:19.249   935   935 D CompatibilityChangeReporter: Compat change id reported: 168782947; UID -1; state: DISABLED
01-01 00:00:19.256   935   935 I PackageManager: /system/priv-app/NetworkStack changed; collecting certs
01-01 00:00:19.271   935   935 W PackageManager: Failed to scan /system/priv-app/NetworkStack: Application package com.android.networkstack already installed.  Skipping duplicate.
01-01 00:00:19.319     0     0 I [6 T506   ..] [snd-soc]: update audio atmos flag! audio_type = 0
01-01 00:00:19.371     0     0 I [0 T506   ..] [snd-soc]: update audio atmos flag! audio_type = 0
01-01 00:00:19.376   935   935 I ApexManager: Registering com.android.safetycenter.resources as apk-in-apex of com.android.permission
01-01 00:00:19.378   935   935 I ApexManager: Registering com.android.permissioncontroller as apk-in-apex of com.android.permission
01-01 00:00:19.385   935   935 I ApexManager: Registering com.android.ondevicepersonalization.services as apk-in-apex of com.android.ondevicepersonalization
01-01 00:00:19.389   935   935 I ApexManager: Registering com.android.providers.media.module as apk-in-apex of com.android.mediaprovider
01-01 00:00:19.394   935   935 I ApexManager: Registering com.android.uwb.resources as apk-in-apex of com.android.uwb
01-01 00:00:19.399   935   935 I ApexManager: Registering com.android.wifi.resources as apk-in-apex of com.android.wifi
01-01 00:00:19.403   935   935 I ApexManager: Registering com.android.wifi.dialog as apk-in-apex of com.android.wifi
01-01 00:00:19.405   935   935 I ApexManager: Registering com.android.hotspot2.osulogin as apk-in-apex of com.android.wifi
01-01 00:00:19.409   935   935 I ApexManager: Registering com.android.cts.priv.ctsshim as apk-in-apex of com.android.apex.cts.shim
01-01 00:00:19.412     0     0 I [1 T1033  ..] [snd-soc]: dd+ drc mode : RF
01-01 00:00:19.412     0     0 I [1 T1033  ..] [snd-soc]: dd+ drc high cut scale : 0%
01-01 00:00:19.412     0     0 I [1 T1033  ..] [snd-soc]: dd+ drc low boost scale : 0%
01-01 00:00:19.412     0     0 I [1 T1033  ..] [debug]: audio_utils_open
01-01 00:00:19.412     0     0 I [1 T1033  ..] [debug]: audio_utils_release
01-01 00:00:19.412   935   935 I ApexManager: Registering com.android.cts.ctsshim as apk-in-apex of com.android.apex.cts.shim
01-01 00:00:19.414     0     0 I [1 T1033  ..] [debug]: audio_utils_open
01-01 00:00:19.417     0     0 E [1 T1033  ..] [secmon]: DBG=======> dolby_fw_ioctl 438 cmd:0x40 arg3=0
01-01 00:00:19.419   935   935 I ApexManager: Registering com.android.bluetooth as apk-in-apex of com.android.btservices
01-01 00:00:19.424   935   935 I ApexManager: Registering android.ext.services as apk-in-apex of com.android.extservices
01-01 00:00:19.425     0     0 E [1 T1033  ..] [secmon]: DBG=======> dolby_fw_ioctl 438 cmd:0x41 arg3=0
01-01 00:00:19.425     0     0 E [1 T1033  ..] [secmon]: DBG=======> dolby_fw_verify_lib_resp 296 DOLBY_FW_VERIFY_LIB_RESP arg3=0
01-01 00:00:19.426     0     0 E [1 T1033  ..] [secmon]: DBG=======> dolby_fw_ioctl 438 cmd:0x50 arg3=0
01-01 00:00:19.427     0     0 E [1 T1033  ..] [secmon]: DBG=======> dolby_fw_ioctl 438 cmd:0x60 arg3=0
01-01 00:00:19.428     0     0 E [1 T1033  ..] [secmon]: DBG=======> dolby_fw_critical_query 389 DOLBY_FW_CRITICAL_DATA_QUERY arg3=0
01-01 00:00:19.428   935   935 I ApexManager: Registering com.sonos.connectivity as apk-in-apex of com.sonos.player
01-01 00:00:19.434   935   935 I ApexManager: Registering com.android.connectivity.resources as apk-in-apex of com.android.tethering
01-01 00:00:19.436   935   935 I ApexManager: Registering com.android.networkstack.tethering as apk-in-apex of com.android.tethering
01-01 00:00:19.437     0     0 I [1 T1033  ..] [snd-soc]: dd+ drc mode : RF
01-01 00:00:19.437     0     0 I [1 T1033  ..] [snd-soc]: dd+ drc high cut scale : 0%
01-01 00:00:19.437     0     0 I [1 T1033  ..] [snd-soc]: dd+ drc low boost scale : 0%
01-01 00:00:19.443     0     0 I [2 T1035  ..] audio_ddr_mngr: frddrs[0] registered by device fe330000.audiobus:tdm@1
01-01 00:00:19.443     0     0 I [2 T1035  ..] [snd-soc]: aml_audio_reset, reg 0xa, shift 9, use_vadtop 0
01-01 00:00:19.443     0     0 I [2 T1035  ..] [snd-soc]: aml_audio_reset, reg 0xa, shift 13, use_vadtop 0
01-01 00:00:19.443     0     0 D [2 T1035  ..] [snd-soc]: spdif_a fifo ctrl, frddr:0 type:1, 16 bits, chmask 0x3, swap 0x10
01-01 00:00:19.444     0     0 D [2 T1035  ..] iec_info: rate: 48000, codec_type:0x0, channel status L:0x2000100, R:0x2000100
01-01 00:00:19.444     0     0 I         : [2 T1035  ..] err chn msk, must larger than 0
01-01 00:00:19.444     0     0 I         : [2 T1035  ..] hdmitx_notify_callback_a[3794] aud_src_if is 0, aud_output_ch is 0x0, reset aud_output_ch as 0
01-01 00:00:19.444     0     0 I         : [2 T1035  ..] aout notify sample rate: 3
01-01 00:00:19.444     0     0 I         : [2 T1035  ..] aout notify format CT_PCM
01-01 00:00:19.444     0     0 I         : [2 T1035  ..] aout notify sample size: 1
01-01 00:00:19.444     0     0 I         : [2 T1035  ..] aout notify channel num: 2
01-01 00:00:19.444     0     0 D [2 T1035  ..] [snd-soc]: spdif_b fifo ctrl, frddr:0 type:1, 16 bits, chmask 0x3, swap 0x10
01-01 00:00:19.444     0     0 D [2 T1035  ..] iec_info: rate: 48000, codec_type:0x0, channel status L:0x2000100, R:0x2000100
01-01 00:00:19.443   935   935 I ApexManager: Registering com.android.nearby.halfsheet as apk-in-apex of com.android.tethering
01-01 00:00:19.448   935   935 I ApexManager: Registering com.android.adservices.api as apk-in-apex of com.android.adservices
01-01 00:00:19.455   935   935 I ApexManager: Registering com.android.sdksandbox as apk-in-apex of com.android.adservices
01-01 00:00:19.458     0     0 I         : [2 T1035  ..] asoc-aml-card auge_sound: TDM[1] Playback enable
01-01 00:00:19.458     0     0 D [2 T1035  ..] [snd-soc]: spdif_a is set to enable
01-01 00:00:19.458     0     0 D [2 T1035  ..] [snd-soc]: spdif_b is set to enable
01-01 00:00:19.464   935   935 I PackageManager: Finished scanning system apps. Time: 360 ms, packageCount: 115 , timePerPackage: 3 , cached: 144
01-01 00:00:19.477   935  1010 W PackageParsing: No actions in intent-filter at /data/app/~~J5l7BPCzf-b3WaV4-obTaQ==/com.hulu.livingroomplus-aDkFv-BZGEwZJ4njmGTRoA==/base.apk Binary XML file line #57
01-01 00:00:19.480   935   935 D CompatibilityChangeReporter: Compat change id reported: 133396946; UID -1; state: ENABLED
01-01 00:00:19.503   935  1008 W PackageParsing: Ignoring duplicate uses-permissions/uses-permissions-sdk-m: com.android.providers.tv.permission.WRITE_EPG_DATA in package: com.future.filmrise at: Binary XML file line #37
01-01 00:00:19.505   935  1009 W PackageParsing: Ignoring duplicate uses-permissions/uses-permissions-sdk-m: com.android.providers.tv.permission.WRITE_EPG_DATA in package: com.ifood.tv at: Binary XML file line #37
01-01 00:00:19.517   935  1010 W PackageParsing: Ignoring duplicate uses-permissions/uses-permissions-sdk-m: com.android.providers.tv.permission.WRITE_EPG_DATA in package: com.future.HappyKids at: Binary XML file line #37
01-01 00:00:19.595   935  1007 D CompatibilityChangeReporter: Compat change id reported: 150232615; UID -1; state: DISABLED
01-01 00:00:19.598   935   935 D CompatibilityChangeReporter: Compat change id reported: 133396946; UID -1; state: DISABLED
01-01 00:00:19.613   935  1008 W PackageParsing: Unknown element under <application>: enable-feature at /data/app/~~ZqhCs2QZj1xU2ipQg5seuA==/com.cbs.ttd-GF5zo7aILBGURhAmSHFAtg==/base.apk Binary XML file line #210
01-01 00:00:19.661   935  1008 W PackageParsing: Ignoring duplicate uses-permissions/uses-permissions-sdk-m: com.android.providers.tv.permission.WRITE_EPG_DATA in package: com.future.moviesByFawesomeAndroidTV at: Binary XML file line #37
01-01 00:00:19.675   935  1010 I PackageParsing: Parse times for '/data/app/~~Ck9JsjMNKE2LGoSFaIPf1Q==': parse=146ms, update_cache=2 ms
01-01 00:00:19.733     0     0 E [2 T1     ..] init: Control message: Could not find 'aidl/device_state' for ctl.interface_start from pid: 320 (/system/bin/servicemanager)
01-01 00:00:19.819   935  1009 I PackageParsing: Parse times for '/data/app/~~LgFMvtN556WHbLn4qCLoFQ==': parse=303ms, update_cache=1 ms
01-01 00:00:19.822   935   935 I PackageManager: Finished scanning non-system apps. Time: 357 ms, packageCount: 17 , timePerPackage: 21 , cached: 0
01-01 00:00:19.825   935   935 I PackageManager: Time to scan packages: 0.721 seconds
01-01 00:00:19.825   935   935 I PackageManager: Permission ownership changed. Updating all permissions.
01-01 00:00:19.835   935   935 W PackageManager: Package android.ext.services is an APK in APEX, but has permission allowlist on the system image. Please bundle the allowlist in the com.android.extservices APEX instead.
01-01 00:00:19.835   935   935 W PackageManager: Package android.ext.services is an APK in APEX, but has permission allowlist on the system image. Please bundle the allowlist in the com.android.extservices APEX instead.
01-01 00:00:19.835   935   935 W PackageManager: Package android.ext.services is an APK in APEX, but has permission allowlist on the system image. Please bundle the allowlist in the com.android.extservices APEX instead.
01-01 00:00:19.835   935   935 W PackageManager: Package android.ext.services is an APK in APEX, but has permission allowlist on the system image. Please bundle the allowlist in the com.android.extservices APEX instead.
01-01 00:00:19.844   935   935 W PackageManager: Package com.android.providers.media.module is an APK in APEX, but has permission allowlist on the system image. Please bundle the allowlist in the com.android.mediaprovider APEX instead.
01-01 00:00:19.844   935   935 W PackageManager: Package com.android.providers.media.module is an APK in APEX, but has permission allowlist on the system image. Please bundle the allowlist in the com.android.mediaprovider APEX instead.
01-01 00:00:19.844   935   935 W PackageManager: Package com.android.providers.media.module is an APK in APEX, but has permission allowlist on the system image. Please bundle the allowlist in the com.android.mediaprovider APEX instead.
01-01 00:00:19.844   935   935 W PackageManager: Package com.android.providers.media.module is an APK in APEX, but has permission allowlist on the system image. Please bundle the allowlist in the com.android.mediaprovider APEX instead.
01-01 00:00:19.844   935   935 W PackageManager: Package com.android.providers.media.module is an APK in APEX, but has permission allowlist on the system image. Please bundle the allowlist in the com.android.mediaprovider APEX instead.
01-01 00:00:19.844   935   935 W PackageManager: Package com.android.providers.media.module is an APK in APEX, but has permission allowlist on the system image. Please bundle the allowlist in the com.android.mediaprovider APEX instead.
01-01 00:00:19.844   935   935 W PackageManager: Package com.android.providers.media.module is an APK in APEX, but has permission allowlist on the system image. Please bundle the allowlist in the com.android.mediaprovider APEX instead.
01-01 00:00:19.845   935   935 W PackageManager: Package com.android.providers.media.module is an APK in APEX, but has permission allowlist on the system image. Please bundle the allowlist in the com.android.mediaprovider APEX instead.
01-01 00:00:19.845   935   935 W PackageManager: Package com.android.providers.media.module is an APK in APEX, but has permission allowlist on the system image. Please bundle the allowlist in the com.android.mediaprovider APEX instead.
01-01 00:00:19.845   935   935 W PackageManager: Package com.android.providers.media.module is an APK in APEX, but has permission allowlist on the system image. Please bundle the allowlist in the com.android.mediaprovider APEX instead.
01-01 00:00:19.845   935   935 W PackageManager: Package com.android.providers.media.module is an APK in APEX, but has permission allowlist on the system image. Please bundle the allowlist in the com.android.mediaprovider APEX instead.
01-01 00:00:19.845   935   935 W PackageManager: Package com.android.providers.media.module is an APK in APEX, but has permission allowlist on the system image. Please bundle the allowlist in the com.android.mediaprovider APEX instead.
01-01 00:00:19.845   935   935 W PackageManager: Package com.android.providers.media.module is an APK in APEX, but has permission allowlist on the system image. Please bundle the allowlist in the com.android.mediaprovider APEX instead.
01-01 00:00:19.850   935   935 V PackageManager: reconcileAppsData for null u0 0x1 migrateAppData=true
01-01 00:00:19.868     0     0 E [4 T1     ..] init: Control message: Could not find 'aidl/package_native' for ctl.interface_start from pid: 320 (/system/bin/servicemanager)
01-01 00:00:19.949   935   935 V PackageManager: reconcileAppsData finished 16 packages
01-01 00:00:19.949   935   935 D PackageManagerTiming: write settings
01-01 00:00:19.950   935  1046 D SystemServerTimingAsync: InitThreadPoolExec:prepareAppData
01-01 00:00:19.950   935  1046 D SystemServerInitThreadPool: Started executing prepareAppData
01-01 00:00:19.983   935   935 V PackageManagerTiming: write settings took to complete: 34ms
01-01 00:00:19.984   935   935 W PackageManager: Domain verification agent not found
01-01 00:00:19.986   935   935 D PackageManager: Ephemeral resolver NOT found; no matching intent filters
01-01 00:00:19.986   935   935 D PackageManager: Instant App installer not found with android.intent.action.INSTALL_INSTANT_APP_PACKAGE
01-01 00:00:19.986   935   935 D PackageManager: Clear ephemeral installer activity
01-01 00:00:19.991   935   935 D PackageManagerTiming: GC
01-01 00:00:19.991   935   935 V PackageManagerTiming: GC took to complete: 0ms
01-01 00:00:19.991   935   935 I PackageManager: Fix for b/169414761 is applied
01-01 00:00:19.991   935   935 V PackageManagerTiming: create package manager took to complete: 1083ms
01-01 00:00:19.991   935   935 V UserSystemPackageInstaller: Checking that all system packages are whitelisted.
01-01 00:00:19.995   935   935 V UserSystemPackageInstaller: checkWhitelistedSystemPackages(mode=d) has no warnings
01-01 00:00:19.995   935   935 I Watchdog: Resuming HandlerChecker: main thread for reason: packagemanagermain. Pause count: 0
01-01 00:00:19.996   935   935 I SystemServerDexLoadReporter: Configuring system server dex reporter
01-01 00:00:19.998   935   935 V SystemServerTiming: StartPackageManagerService took to complete: 1095ms
01-01 00:00:20.001   935   935 D SystemServerTiming: StartOtaDexOptService
01-01 00:00:20.002   935   935 I Watchdog: Pausing HandlerChecker: main thread for reason: moveab. Pause count: 1
01-01 00:00:20.006   935   935 D OTADexopt: No upgrade, skipping A/B artifacts check.
01-01 00:00:20.006   935   935 I Watchdog: Resuming HandlerChecker: main thread for reason: moveab. Pause count: 0
01-01 00:00:20.006   935   935 V SystemServerTiming: StartOtaDexOptService took to complete: 4ms
01-01 00:00:20.006   935   935 D SystemServerTiming: StartUserManagerService
01-01 00:00:20.006   935   935 I SystemServiceManager: Starting com.android.server.pm.UserManagerService$LifeCycle
01-01 00:00:20.007   935   935 V SystemServerTiming: StartUserManagerService took to complete: 1ms
01-01 00:00:20.007   935   935 D SystemServerTiming: InitAttributerCache
01-01 00:00:20.007   935   935 V SystemServerTiming: InitAttributerCache took to complete: 0ms
01-01 00:00:20.007   935   935 D SystemServerTiming: SetSystemProcess
01-01 00:00:20.011   935   972 I ActivityManager: Connection with lmkd established
01-01 00:00:20.012   935   935 V SystemServerTiming: SetSystemProcess took to complete: 5ms
01-01 00:00:20.013   935   935 D CompatibilityChangeReporter: Compat change id reported: 161145287; UID 1000; state: DISABLED
01-01 00:00:20.014   935   935 D SystemServerTiming: InitWatchdog
01-01 00:00:20.014   935   935 V SystemServerTiming: InitWatchdog took to complete: 1ms
01-01 00:00:20.021   935   950 V HistoricalRegistry: Interaction before persistence initialized
01-01 00:00:20.057   935   935 D SystemServerTiming: StartOverlayManagerService
01-01 00:00:20.117   361   377 I keystore2: keystore2::watchdog: Watchdog thread idle -> terminating. Have a great day.
01-01 00:00:20.143   935   935 V SystemServerTiming: StartOverlayManagerService took to complete: 85ms
01-01 00:00:20.143   935   935 D SystemServerTiming: StartResourcesManagerService
01-01 00:00:20.144   935   935 V SystemServerTiming: StartResourcesManagerService took to complete: 1ms
01-01 00:00:20.144   935   935 D SystemServerTiming: StartSensorPrivacyService
01-01 00:00:20.145   935   961 W ActivityTaskManager: Skip updateConfiguration because mWindowManager isn't set
01-01 00:00:20.150   935   935 V SystemServerTiming: StartSensorPrivacyService took to complete: 6ms
01-01 00:00:20.150   935   935 D SystemServerTiming: StartSensorService
01-01 00:00:20.150   935   935 I SystemServiceManager: Starting com.android.server.sensors.SensorService
01-01 00:00:20.150   935   935 V SystemServerTiming: StartSensorService took to complete: 0ms
01-01 00:00:20.150   935   935 V SystemServerTiming: startBootstrapServices took to complete: 1671ms
01-01 00:00:20.150   935   935 D SystemServerTiming: startCoreServices
01-01 00:00:20.150   935   935 D SystemServerTiming: StartSystemConfigService
01-01 00:00:20.150   935   935 I SystemServiceManager: Starting com.android.server.SystemConfigService
01-01 00:00:20.151   935  1050 D SystemServerTimingAsync: InitThreadPoolExec:StartNativeSensorService
01-01 00:00:20.151   935  1050 D SystemServerInitThreadPool: Started executing StartNativeSensorService
01-01 00:00:20.151   935  1050 D SystemServerTimingAsync: StartNativeSensorService
01-01 00:00:20.151   935   935 V SystemServerTiming: StartSystemConfigService took to complete: 1ms
01-01 00:00:20.151   935   935 D SystemServerTiming: StartBatteryService
01-01 00:00:20.151   935   935 I SystemServiceManager: Starting com.android.server.BatteryService
01-01 00:00:20.155   935   935 I HealthServiceWrapperAidl: health: HealthServiceWrapper listening to AIDL HAL
01-01 00:00:20.155   935   935 I BatteryService: health: Waited 0ms and received the update.
01-01 00:00:20.157   935  1050 V SystemServerTimingAsync: StartNativeSensorService took to complete: 6ms
01-01 00:00:20.157   935  1050 D SystemServerInitThreadPool: Finished executing StartNativeSensorService
01-01 00:00:20.157   935   935 V SystemServerTiming: StartBatteryService took to complete: 6ms
01-01 00:00:20.157   935  1050 V SystemServerTimingAsync: InitThreadPoolExec:StartNativeSensorService took to complete: 7ms
01-01 00:00:20.157   935   935 D SystemServerTiming: StartUsageService
01-01 00:00:20.157   935   935 I SystemServiceManager: Starting com.android.server.usage.UsageStatsService
01-01 00:00:20.157     0     0 W [7 T515   ..] healthd: battery none chg=
01-01 00:00:20.160   935  1046 V SystemServerTimingAsync: AppDataFixup took to complete: 210ms
01-01 00:00:20.161   935  1046 W PackageManager: Skipping preparing app data for com.android.sdksandbox
01-01 00:00:20.162   935   935 V SystemServerTiming: StartUsageService took to complete: 4ms
01-01 00:00:20.162   935   935 D SystemServerTiming: StartWebViewUpdateService
01-01 00:00:20.162   935   935 I SystemServiceManager: Starting com.android.server.webkit.WebViewUpdateService
01-01 00:00:20.163   935   935 V SystemServerTiming: StartWebViewUpdateService took to complete: 1ms
01-01 00:00:20.163   935   935 D SystemServerTiming: StartCachedDeviceStateService
01-01 00:00:20.163   935   935 I SystemServiceManager: Starting com.android.server.CachedDeviceStateService
01-01 00:00:20.163   935   935 V SystemServerTiming: StartCachedDeviceStateService took to complete: 0ms
01-01 00:00:20.163   935   935 D SystemServerTiming: StartBinderCallsStatsService
01-01 00:00:20.163   935   935 I SystemServiceManager: Starting com.android.server.BinderCallsStatsService$LifeCycle
01-01 00:00:20.164   935   935 V SystemServerTiming: StartBinderCallsStatsService took to complete: 1ms
01-01 00:00:20.164   935   935 D SystemServerTiming: StartLooperStatsService
01-01 00:00:20.164   935   935 I SystemServiceManager: Starting com.android.server.LooperStatsService$Lifecycle
01-01 00:00:20.165   935   935 V SystemServerTiming: StartLooperStatsService took to complete: 0ms
01-01 00:00:20.165   935   935 D SystemServerTiming: StartRollbackManagerService
01-01 00:00:20.165   935   935 I SystemServiceManager: Starting com.android.server.rollback.RollbackManagerService
01-01 00:00:20.169   935   935 I PackageWatchdog: Syncing state, reason: added new observer
01-01 00:00:20.169   935   935 I PackageWatchdog: Not pruning observers, elapsed time: 0ms
01-01 00:00:20.169   935   935 I PackageWatchdog: Cancelling state sync, nothing to sync
01-01 00:00:20.169   935   969 I PackageWatchdog: Saving observer state to file
01-01 00:00:20.173   935   935 V SystemServerTiming: StartRollbackManagerService took to complete: 8ms
01-01 00:00:20.173   935   935 D SystemServerTiming: StartNativeTombstoneManagerService
01-01 00:00:20.173   935   935 I SystemServiceManager: Starting com.android.server.os.NativeTombstoneManagerService
01-01 00:00:20.173   935   935 V SystemServerTiming: StartNativeTombstoneManagerService took to complete: 1ms
01-01 00:00:20.174   935   935 D SystemServerTiming: StartBugreportManagerService
01-01 00:00:20.174   935   935 I SystemServiceManager: Starting com.android.server.os.BugreportManagerService
01-01 00:00:20.174   935   935 V SystemServerTiming: StartBugreportManagerService took to complete: 1ms
01-01 00:00:20.174   935   935 D SystemServerTiming: GpuService
01-01 00:00:20.174   935   935 I SystemServiceManager: Starting com.android.server.gpu.GpuService
01-01 00:00:20.174   935   935 V SystemServerTiming: GpuService took to complete: 0ms
01-01 00:00:20.174   935   935 V SystemServerTiming: startCoreServices took to complete: 24ms
01-01 00:00:20.174   935   935 D SystemServerTiming: startOtherServices
01-01 00:00:20.175   935   935 D SystemServerTiming: StartKeyAttestationApplicationIdProviderService
01-01 00:00:20.175   935  1058 D SystemServerTimingAsync: InitThreadPoolExec:SecondaryZygotePreload
01-01 00:00:20.175   935  1058 D SystemServerInitThreadPool: Started executing SecondaryZygotePreload
01-01 00:00:20.175   935  1058 I SystemServer: SecondaryZygotePreload
01-01 00:00:20.175   935  1058 D SystemServerTimingAsync: SecondaryZygotePreload
01-01 00:00:20.175   935   935 V SystemServerTiming: StartKeyAttestationApplicationIdProviderService took to complete: 1ms
01-01 00:00:20.175   935   935 D SystemServerTiming: StartKeyChainSystemService
01-01 00:00:20.175   935   935 I SystemServiceManager: Starting com.android.server.security.KeyChainSystemService
01-01 00:00:20.176   935   935 V SystemServerTiming: StartKeyChainSystemService took to complete: 0ms
01-01 00:00:20.176   935   935 D SystemServerTiming: StartBinaryTransparencyService
01-01 00:00:20.176   935   935 I SystemServiceManager: Starting com.android.server.BinaryTransparencyService
01-01 00:00:20.177   935   935 I TransparencyService: Started BinaryTransparencyService
01-01 00:00:20.177   935   935 V SystemServerTiming: StartBinaryTransparencyService took to complete: 1ms
01-01 00:00:20.177   935   935 D SystemServerTiming: StartSchedulingPolicyService
01-01 00:00:20.177   935  1059 D SystemServerTimingAsync: InitThreadPoolExec:SchedulingPolicyService.<init>
01-01 00:00:20.177   935  1059 D SystemServerInitThreadPool: Started executing SchedulingPolicyService.<init>
01-01 00:00:20.178   935   935 V SystemServerTiming: StartSchedulingPolicyService took to complete: 1ms
01-01 00:00:20.178   935   935 D SystemServerTiming: StartTelephonyRegistry
01-01 00:00:20.179   935   935 V SystemServerTiming: StartTelephonyRegistry took to complete: 1ms
01-01 00:00:20.179   935   935 D SystemServerTiming: StartEntropyMixer
01-01 00:00:20.180   935   935 I EntropyMixer: Loaded existing seed file
01-01 00:00:20.181   935   935 I EntropyMixer: Updated seed file
01-01 00:00:20.182   935   935 V SystemServerTiming: StartEntropyMixer took to complete: 2ms
01-01 00:00:20.182   935   935 D SystemServerTiming: StartAccountManagerService
01-01 00:00:20.182   935   935 I SystemServiceManager: Starting com.android.server.accounts.AccountManagerService$Lifecycle
01-01 00:00:20.187   935   935 V SystemServerTiming: StartAccountManagerService took to complete: 5ms
01-01 00:00:20.187   935   935 D SystemServerTiming: StartContentService
01-01 00:00:20.187   935   935 I SystemServiceManager: Starting com.android.server.content.ContentService$Lifecycle
01-01 00:00:20.189   935   935 V SystemServerTiming: StartContentService took to complete: 2ms
01-01 00:00:20.189   935   935 D SystemServerTiming: InstallSystemProviders
01-01 00:00:20.191   935  1059 D SystemServerInitThreadPool: Finished executing SchedulingPolicyService.<init>
01-01 00:00:20.191   935  1059 V SystemServerTimingAsync: InitThreadPoolExec:SchedulingPolicyService.<init> took to complete: 14ms
01-01 00:00:20.253   935   970 D ActivityManager: Freezer enabled
01-01 00:00:20.253   935   970 D ActivityManager: freezer override set to false
01-01 00:00:20.253   935   935 V SystemServerTiming: InstallSystemProviders took to complete: 64ms
01-01 00:00:20.253   935   935 D SystemServerTiming: UpdateWatchdogTimeout
01-01 00:00:20.253   935   935 I Watchdog: Watchdog timeout updated to 60000 millis
01-01 00:00:20.254   935   935 V SystemServerTiming: UpdateWatchdogTimeout took to complete: 0ms
01-01 00:00:20.254   935   935 D SystemServerTiming: StartDropBoxManager
01-01 00:00:20.254   935   935 I SystemServiceManager: Starting com.android.server.DropBoxManagerService
01-01 00:00:20.254   935   935 V SystemServerTiming: StartDropBoxManager took to complete: 1ms
01-01 00:00:20.254   935   935 D SystemServerTiming: StartRoleManagerService
01-01 00:00:20.255   935   935 I SystemServiceManager: Starting com.android.role.RoleService
01-01 00:00:20.257   499   499 V ZygoteInitTiming_lazy: BeginPreload took to complete: 79ms
01-01 00:00:20.301   935   935 V SystemServerTiming: StartRoleManagerService took to complete: 47ms
01-01 00:00:20.301   935   935 D SystemServerTiming: StartVibratorManagerService
01-01 00:00:20.301   935   935 I SystemServiceManager: Starting com.android.server.vibrator.VibratorManagerService$Lifecycle
01-01 00:00:20.307   935   935 V SystemServerTiming: StartVibratorManagerService took to complete: 5ms
01-01 00:00:20.307   935   935 D SystemServerTiming: StartDynamicSystemService
01-01 00:00:20.308   935   935 V SystemServerTiming: StartDynamicSystemService took to complete: 0ms
01-01 00:00:20.308   935   935 D SystemServerTiming: StartConsumerIrService
01-01 00:00:20.309   935   935 V SystemServerTiming: StartConsumerIrService took to complete: 2ms
01-01 00:00:20.309   935   935 D SystemServerTiming: StartResourceEconomy
01-01 00:00:20.313   935   935 I SystemServiceManager: Starting com.android.server.tare.InternalResourceService
01-01 00:00:20.318   935   935 V SystemServerTiming: StartResourceEconomy took to complete: 8ms
01-01 00:00:20.318   935   935 D SystemServerTiming: StartAlarmManagerService
01-01 00:00:20.319   935   935 I SystemServiceManager: Starting com.android.server.alarm.AlarmManagerService
01-01 00:00:20.324   935   935 I AlarmManager: Current time only 20324, advancing to build time 1736212870000
01-07 01:21:10.002   935   935 V SystemServerTiming: StartAlarmManagerService took to complete: 9ms
01-07 01:21:10.002   935   935 D SystemServerTiming: StartInputManagerService
01-07 01:21:10.010   935   935 I InputManager: Initializing input manager, mUseDevInputEventForAudioJack=false
01-07 01:21:10.010   935   935 V SystemServerTiming: StartInputManagerService took to complete: 7ms
01-07 01:21:10.010   935   935 D SystemServerTiming: DeviceStateManagerService
01-07 01:21:10.010   935   935 I SystemServiceManager: Starting com.android.server.devicestate.DeviceStateManagerService
01-07 01:21:10.018   935   935 V SystemServerTiming: DeviceStateManagerService took to complete: 8ms
01-07 01:21:10.018   935   935 D SystemServerTiming: StartWindowManagerService
01-07 01:21:10.018   935   935 I SystemServiceManager: Starting phase 200
01-07 01:21:10.018   935   935 D SystemServerTiming: OnBootPhase_200
01-07 01:21:10.018   935   935 D SystemServerTiming: OnBootPhase_200_com.android.server.security.FileIntegrityService
01-07 01:21:10.018   935   935 V SystemServerTiming: OnBootPhase_200_com.android.server.security.FileIntegrityService took to complete: 0ms
01-07 01:21:10.018   935   935 D SystemServerTiming: OnBootPhase_200_com.android.server.pm.Installer
01-07 01:21:10.018   935   935 V SystemServerTiming: OnBootPhase_200_com.android.server.pm.Installer took to complete: 0ms
01-07 01:21:10.018   935   935 D SystemServerTiming: OnBootPhase_200_com.android.server.os.DeviceIdentifiersPolicyService
01-07 01:21:10.018   935   935 V SystemServerTiming: OnBootPhase_200_com.android.server.os.DeviceIdentifiersPolicyService took to complete: 0ms
01-07 01:21:10.018   935   935 D SystemServerTiming: OnBootPhase_200_com.android.server.uri.UriGrantsManagerService$Lifecycle
01-07 01:21:10.018   935   935 V SystemServerTiming: OnBootPhase_200_com.android.server.uri.UriGrantsManagerService$Lifecycle took to complete: 0ms
01-07 01:21:10.018   935   935 D SystemServerTiming: OnBootPhase_200_com.android.server.powerstats.PowerStatsService
01-07 01:21:10.018   935   935 V SystemServerTiming: OnBootPhase_200_com.android.server.powerstats.PowerStatsService took to complete: 0ms
01-07 01:21:10.018   935   935 D SystemServerTiming: OnBootPhase_200_com.android.server.wm.ActivityTaskManagerService$Lifecycle
01-07 01:21:10.018   935   935 V SystemServerTiming: OnBootPhase_200_com.android.server.wm.ActivityTaskManagerService$Lifecycle took to complete: 0ms
01-07 01:21:10.018   935   935 D SystemServerTiming: OnBootPhase_200_com.android.server.am.ActivityManagerService$Lifecycle
01-07 01:21:10.018   935   935 V SystemServerTiming: OnBootPhase_200_com.android.server.am.ActivityManagerService$Lifecycle took to complete: 0ms
01-07 01:21:10.018   935   935 D SystemServerTiming: OnBootPhase_200_com.android.server.pm.DataLoaderManagerService
01-07 01:21:10.018   935   935 V SystemServerTiming: OnBootPhase_200_com.android.server.pm.DataLoaderManagerService took to complete: 0ms
01-07 01:21:10.018   935   935 D SystemServerTiming: OnBootPhase_200_com.android.server.power.PowerManagerService
01-07 01:21:10.019   935   935 V SystemServerTiming: OnBootPhase_200_com.android.server.power.PowerManagerService took to complete: 0ms
01-07 01:21:10.019   935   935 D SystemServerTiming: OnBootPhase_200_com.android.server.power.ThermalManagerService
01-07 01:21:10.019   935   935 V SystemServerTiming: OnBootPhase_200_com.android.server.power.ThermalManagerService took to complete: 0ms
01-07 01:21:10.019   935   935 D SystemServerTiming: OnBootPhase_200_com.android.server.power.hint.HintManagerService
01-07 01:21:10.019   935   935 V SystemServerTiming: OnBootPhase_200_com.android.server.power.hint.HintManagerService took to complete: 0ms
01-07 01:21:10.019   935   935 D SystemServerTiming: OnBootPhase_200_com.android.server.recoverysystem.RecoverySystemService$Lifecycle
01-07 01:21:10.019   935   935 V SystemServerTiming: OnBootPhase_200_com.android.server.recoverysystem.RecoverySystemService$Lifecycle took to complete: 0ms
01-07 01:21:10.019   935   935 D SystemServerTiming: OnBootPhase_200_com.android.server.lights.LightsService
01-07 01:21:10.019   935   935 V SystemServerTiming: OnBootPhase_200_com.android.server.lights.LightsService took to complete: 0ms
01-07 01:21:10.019   935   935 D SystemServerTiming: OnBootPhase_200_com.android.server.display.DisplayManagerService
01-07 01:21:10.019   935   935 V SystemServerTiming: OnBootPhase_200_com.android.server.display.DisplayManagerService took to complete: 0ms
01-07 01:21:10.019   935   935 D SystemServerTiming: OnBootPhase_200_com.android.server.pm.verify.domain.DomainVerificationService
01-07 01:21:10.019   935   935 V SystemServerTiming: OnBootPhase_200_com.android.server.pm.verify.domain.DomainVerificationService took to complete: 0ms
01-07 01:21:10.019   935   935 D SystemServerTiming: OnBootPhase_200_com.android.server.pm.PackageInstallerService$Lifecycle
01-07 01:21:10.019   935   935 V SystemServerTiming: OnBootPhase_200_com.android.server.pm.PackageInstallerService$Lifecycle took to complete: 0ms
01-07 01:21:10.019   935   935 D SystemServerTiming: OnBootPhase_200_com.android.server.pm.UserManagerService$LifeCycle
01-07 01:21:10.019   935   935 V SystemServerTiming: OnBootPhase_200_com.android.server.pm.UserManagerService$LifeCycle took to complete: 0ms
01-07 01:21:10.019   935   935 D SystemServerTiming: OnBootPhase_200_com.android.server.om.OverlayManagerService
01-07 01:21:10.019   935   935 V SystemServerTiming: OnBootPhase_200_com.android.server.om.OverlayManagerService took to complete: 0ms
01-07 01:21:10.019   935   935 D SystemServerTiming: OnBootPhase_200_com.android.server.resources.ResourcesManagerService
01-07 01:21:10.019   935   935 V SystemServerTiming: OnBootPhase_200_com.android.server.resources.ResourcesManagerService took to complete: 0ms
01-07 01:21:10.019   935   935 D SystemServerTiming: OnBootPhase_200_com.android.server.sensorprivacy.SensorPrivacyService
01-07 01:21:10.019   935   935 V SystemServerTiming: OnBootPhase_200_com.android.server.sensorprivacy.SensorPrivacyService took to complete: 0ms
01-07 01:21:10.019   935   935 D SystemServerTiming: OnBootPhase_200_com.android.server.sensors.SensorService
01-07 01:21:10.019   935   935 V SystemServerTiming: OnBootPhase_200_com.android.server.sensors.SensorService took to complete: 0ms
01-07 01:21:10.019   935   935 D SystemServerTiming: OnBootPhase_200_com.android.server.SystemConfigService
01-07 01:21:10.019   935   935 V SystemServerTiming: OnBootPhase_200_com.android.server.SystemConfigService took to complete: 0ms
01-07 01:21:10.019   935   935 D SystemServerTiming: OnBootPhase_200_com.android.server.BatteryService
01-07 01:21:10.019   935   935 V SystemServerTiming: OnBootPhase_200_com.android.server.BatteryService took to complete: 0ms
01-07 01:21:10.019   935   935 D SystemServerTiming: OnBootPhase_200_com.android.server.usage.UsageStatsService
01-07 01:21:10.019   935   935 V SystemServerTiming: OnBootPhase_200_com.android.server.usage.UsageStatsService took to complete: 0ms
01-07 01:21:10.019   935   935 D SystemServerTiming: OnBootPhase_200_com.android.server.webkit.WebViewUpdateService
01-07 01:21:10.019   935   935 V SystemServerTiming: OnBootPhase_200_com.android.server.webkit.WebViewUpdateService took to complete: 0ms
01-07 01:21:10.020   935   935 D SystemServerTiming: OnBootPhase_200_com.android.server.CachedDeviceStateService
01-07 01:21:10.020   935   935 V SystemServerTiming: OnBootPhase_200_com.android.server.CachedDeviceStateService took to complete: 0ms
01-07 01:21:10.020   935   935 D SystemServerTiming: OnBootPhase_200_com.android.server.BinderCallsStatsService$LifeCycle
01-07 01:21:10.020   935   935 V SystemServerTiming: OnBootPhase_200_com.android.server.BinderCallsStatsService$LifeCycle took to complete: 0ms
01-07 01:21:10.020   935   935 D SystemServerTiming: OnBootPhase_200_com.android.server.LooperStatsService$Lifecycle
01-07 01:21:10.020   935   935 V SystemServerTiming: OnBootPhase_200_com.android.server.LooperStatsService$Lifecycle took to complete: 0ms
01-07 01:21:10.020   935   935 D SystemServerTiming: OnBootPhase_200_com.android.server.rollback.RollbackManagerService
01-07 01:21:10.020   935   935 V SystemServerTiming: OnBootPhase_200_com.android.server.rollback.RollbackManagerService took to complete: 0ms
01-07 01:21:10.020   935   935 D SystemServerTiming: OnBootPhase_200_com.android.server.os.NativeTombstoneManagerService
01-07 01:21:10.020   935   935 V SystemServerTiming: OnBootPhase_200_com.android.server.os.NativeTombstoneManagerService took to complete: 0ms
01-07 01:21:10.020   935   935 D SystemServerTiming: OnBootPhase_200_com.android.server.os.BugreportManagerService
01-07 01:21:10.020   935   935 V SystemServerTiming: OnBootPhase_200_com.android.server.os.BugreportManagerService took to complete: 0ms
01-07 01:21:10.020   935   935 D SystemServerTiming: OnBootPhase_200_com.android.server.gpu.GpuService
01-07 01:21:10.020   935   935 V SystemServerTiming: OnBootPhase_200_com.android.server.gpu.GpuService took to complete: 0ms
01-07 01:21:10.020   935   935 D SystemServerTiming: OnBootPhase_200_com.android.server.security.KeyChainSystemService
01-07 01:21:10.020   935   935 V SystemServerTiming: OnBootPhase_200_com.android.server.security.KeyChainSystemService took to complete: 0ms
01-07 01:21:10.020   935   935 D SystemServerTiming: OnBootPhase_200_com.android.server.BinaryTransparencyService
01-07 01:21:10.020   935   935 V SystemServerTiming: OnBootPhase_200_com.android.server.BinaryTransparencyService took to complete: 0ms
