01-06 02:48:45.109     0     0 I         : [4 T403   ..] EXT4-fs (dm-17): mounted filesystem without journal. Opts: (null). Quota mode: none.
01-06 02:48:45.111     0     0 I [5 T402   ..] loop29: detected capacity change from 0 to 7928
01-06 02:48:45.112     0     0 I [4 T403   ..] loop30: detected capacity change from 0 to 16512
01-06 02:48:45.133     0     0 I         : [6 T401   ..] EXT4-fs (dm-30): mounted filesystem without journal. Opts: (null). Quota mode: none.
01-06 02:48:45.204     0     0 I [4 T403   ..] device-mapper: verity: sha256 using implementation "sha256-ce"
01-06 02:48:45.204     0     0 I [7 T400   ..] device-mapper: verity: sha256 using implementation "sha256-ce"
01-06 02:48:45.206     0     0 I [5 T402   ..] device-mapper: verity: sha256 using implementation "sha256-ce"
01-06 02:48:45.230     0     0 I         : [4 T403   ..] EXT4-fs (dm-9): mounted filesystem without journal. Opts: (null). Quota mode: none.
01-06 02:48:45.231     0     0 I         : [5 T402   ..] EXT4-fs (dm-18): mounted filesystem without journal. Opts: (null). Quota mode: none.
01-06 02:48:45.231     0     0 I         : [7 T400   ..] EXT4-fs (dm-29): mounted filesystem without journal. Opts: (null). Quota mode: none.
01-06 02:48:45.496   332   332 D vold    : fscrypt_init_user0
01-06 02:48:45.496   332   332 D vold    : Preparing: /data/misc/vold/user_keys
01-06 02:48:45.497   332   332 D vold    : Preparing: /data/misc/vold/user_keys/ce
01-06 02:48:45.497   332   332 D vold    : Preparing: /data/misc/vold/user_keys/de
01-06 02:48:45.500     0     0 D [3 T456   ..] vdc: Waited 0ms for vold
01-06 02:48:45.507   332   332 D vold    : Installed fscrypt key with ref 87ff20495b036ce1f92afa4c2fa2f2bf to /data
01-06 02:48:45.507   332   332 D vold    : Added fscrypt-provisioning key for 87ff20495b036ce1f92afa4c2fa2f2bf to session keyring
01-06 02:48:45.507   332   332 D vold    : Installed de key for user 0
01-06 02:48:45.507   332   332 D vold    : fscrypt_prepare_user_storage for volume null, user 0, serial 0, flags 1
01-06 02:48:45.507   332   332 D vold    : Preparing: /data/system/users/0
01-06 02:48:45.509   332   332 D vold    : Preparing: /data/misc/profiles/cur/0
01-06 02:48:45.509   332   332 D vold    : Preparing: /data/system_de/0
01-06 02:48:45.510   332   332 D vold    : Preparing: /data/vendor_de/0
01-06 02:48:45.510   332   332 D vold    : Preparing: /data/misc_de/0
01-06 02:48:45.510   332   332 D vold    : Preparing: /data/user_de/0
01-06 02:48:45.511   332   332 I vold    : Verified that /data/system_de/0 has the encryption policy 87ff20495b036ce1f92afa4c2fa2f2bf v2 modes 1/4 flags 0x2
01-06 02:48:45.511   332   332 I vold    : Verified that /data/vendor_de/0 has the encryption policy 87ff20495b036ce1f92afa4c2fa2f2bf v2 modes 1/4 flags 0x2
01-06 02:48:45.511   332   332 I vold    : Verified that /data/misc_de/0 has the encryption policy 87ff20495b036ce1f92afa4c2fa2f2bf v2 modes 1/4 flags 0x2
01-06 02:48:45.511   332   332 I vold    : Verified that /data/user_de/0 has the encryption policy 87ff20495b036ce1f92afa4c2fa2f2bf v2 modes 1/4 flags 0x2
01-06 02:48:45.511   332   332 D vold    : /system/bin/vold_prepare_subdirs
01-06 02:48:45.512   332   332 D vold    :     prepare
01-06 02:48:45.512   332   332 D vold    :     
01-06 02:48:45.512   332   332 D vold    :     0
01-06 02:48:45.512   332   332 D vold    :     1
01-06 02:48:45.558   332   332 D vold    : Detected support for FS_IOC_ADD_ENCRYPTION_KEY
01-06 02:48:45.570     0     0 I [7 T1     ..] selinux: SELinux: Skipping restorecon on directory(/data)
01-06 02:48:45.570     0     0 I [7 T1     ..] selinux:  
01-06 02:48:45.665   459   459 I odsign  : Trying to retrieve existing HMAC key...
01-06 02:48:45.668   459   459 I odsign  : Trying to retrieve existing keystore key...
01-06 02:48:45.680   459   459 I odsign  : Verified public key signature.
01-06 02:48:45.680   459   459 I odsign  : Initialized Keystore key.
01-06 02:48:45.681   459   459 I odsign  : Found and verified existing public key certificate: /data/misc/odsign/key.cert
01-06 02:48:45.952     0     0 W [7 T461   ..] audit: audit_backlog=65 > audit_backlog_limit=64
01-06 02:48:45.952     0     0 W [7 T461   ..] audit: audit_lost=1 audit_rate_limit=0 audit_backlog_limit=64
01-06 02:48:45.952     0     0 E [7 T461   ..] audit: backlog limit exceeded
01-06 02:48:45.953     0     0 W [7 T461   ..] audit: audit_backlog=65 > audit_backlog_limit=64
01-06 02:48:45.953     0     0 W [7 T461   ..] audit: audit_lost=2 audit_rate_limit=0 audit_backlog_limit=64
01-06 02:48:45.953     0     0 E [7 T461   ..] audit: backlog limit exceeded
01-06 02:48:45.953     0     0 W [7 T461   ..] audit: audit_backlog=65 > audit_backlog_limit=64
01-06 02:48:45.953     0     0 W [7 T461   ..] audit: audit_lost=3 audit_rate_limit=0 audit_backlog_limit=64
01-06 02:48:45.956   461   461 I odrefresh: ART APEX version 330400000
01-06 02:48:45.957   461   461 I odrefresh: Factory ART APEX mounted.
01-06 02:48:45.957   461   461 I odrefresh: System properties are set to default values.
01-06 02:48:45.960   461   461 I odrefresh: Factory ART APEX mounted.
01-06 02:48:45.960   461   461 I odrefresh: System properties are set to default values.
01-06 02:48:45.961   461   461 I odrefresh: Factory APEXes mounted.
01-06 02:48:45.961   461   461 I odrefresh: System properties are set to default values.
01-06 02:48:45.972   459   459 I odsign  : Metrics report is empty
01-06 02:48:45.973   459   459 I odsign  : /data/misc/odsign/odsign.info not found.
01-06 02:48:45.974   459   459 I odsign  : odrefresh said artifacts are VALID
01-06 02:48:45.974   459   459 I odsign  : On-device signing done.
01-06 02:48:45.993   358   396 I keystore2: keystore2::super_key: keystore.boot_level 1000000000 hits maximum 1000000000, finishing.
01-06 02:48:46.030     0     0 I [1 T463   ..] apexd: Snapshot DE subcommand detected
01-06 02:48:46.032     0     0 I [3 T463   ..] apexd: Marking APEXd as ready
01-06 02:48:46.173     0     0 W         : [3 T186   ..] [ADLAK WARN] adlak_platform_get_resource() Failed to get adla_axi_clk
01-06 02:48:46.173     0     0 W         : [3 T186   ..]
01-06 02:48:46.173     0     0 W         : [3 T186   ..] ADLA KMD nn_adj_vol = 1, nn_package_id = 1, nn_efuse_type = 2
01-06 02:48:46.173     0     0 W         : [3 T186   ..] adla kmd version: 1.2.0.6
01-06 02:48:46.173     0     0 W         : [3 T186   ..] adlak_core clk requirement of 800000000 Hz,and real val is 799999988 Hz.
01-06 02:48:46.183     0     0 W         : [3 T186   ..] [ADLAK WARN] adlak_os_thread_create() kthread bind on cpu1
01-06 02:48:46.183     0     0 W         : [3 T186   ..]
01-06 02:48:46.298     0     0 I [0 T20    ..] [debug]: ramoops_io_dump=0, buffer=ffffffc00842f000 ftrace_old_log=0000000000000000, size=0, reboot_mode=normal
01-06 02:48:46.324     0     0 E [6 T1     ..] selinux: SELinux:  Could not stat /data/dalvik-cache/mips: No such file or directory.
01-06 02:48:46.902     0     0 W [1 T186   ..] init: Top-level directory needs encryption action, eg mkdir /data/media <mode> <uid> <gid> encryption=Require
01-06 02:48:46.902     0     0 I [1 T186   ..] init: Not setting encryption policy on: /data/media
01-06 02:48:46.921     0     0 E [0 T1     ..] WARNING: Unprivileged eBPF is enabled, data leaks possible via Spectre v2 BHB attacks!
01-06 02:48:46.965     0     0 I [2 T496   ..] update_verifier: Started with arg 1: nonencrypted
01-06 02:48:46.967     0     0 D [6 T495   ..] LibBpfLoader: Loading optional ELF object /apex/com.android.tethering/etc/bpf/test.o with license Apache 2.0
01-06 02:48:46.967     0     0 I [6 T495   ..] LibBpfLoader: Section bpfloader_min_ver value is 2 [0x2]
01-06 02:48:46.967     0     0 I [6 T495   ..] LibBpfLoader: Section bpfloader_max_ver value is 65536 [0x10000]
01-06 02:48:46.967     0     0 I [6 T495   ..] LibBpfLoader: Section size_of_bpf_map_def value is 116 [0x74]
01-06 02:48:46.967     0     0 I [6 T495   ..] LibBpfLoader: Section size_of_bpf_prog_def value is 92 [0x5c]
01-06 02:48:46.967     0     0 I [6 T495   ..] LibBpfLoader: BpfLoader version 0x00013 processing ELF object /apex/com.android.tethering/etc/bpf/test.o with ver [0x00002,0x10000)
01-06 02:48:46.968     0     0 I [0 T496   ..] update_verifier: Booting slot 0: isSlotMarkedSuccessful=1
01-06 02:48:46.968     0     0 D [6 T495   ..] LibBpfLoader: Loaded code section 3 (xdp_drop_ipv4_udp_ether)
01-06 02:48:46.968     0     0 I [0 T496   ..] update_verifier: Leaving update_verifier.
01-06 02:48:46.968     0     0 D [6 T495   ..] LibBpfLoader: Adding section 3 to cs list
01-06 02:48:46.969     0     0 D [6 T495   ..] LibBpfLoader: Couldn't find section btf_min_bpfloader_ver (defaulting to 0 [0x0]).
01-06 02:48:46.969     0     0 D [6 T495   ..] LibBpfLoader: Couldn't find section btf_min_kernel_ver (defaulting to 0 [0x0]).
01-06 02:48:47.049     0     0 I         : [5 T186   ..] Mass Storage Function, version: 2009/09/11
01-06 02:48:47.049     0     0 I [5 T186   ..] LUN: removable file: (no medium)
01-06 02:48:47.052     0     0 I         : [5 T186   ..] file system registered
01-06 02:48:47.057     0     0 W         : [6 T186   ..] using random self ethernet address
01-06 02:48:47.057     0     0 W         : [6 T186   ..] using random host ethernet address
01-06 02:48:47.239     0     0 W         : [6 T186   ..] T7 doesn't support hcodec avc encoder!!
01-06 02:48:47.408     0     0 I         : [5 T186   ..] aml-vcodec-dec vcodec_dec: v4ldec registered as /dev/video26
01-06 02:48:47.419     0     0 E         : [2 T186   ..] register_amlogic_afbc_dec_fun
01-06 02:48:47.459     0     0 I         : [2 T186   ..] Registered frame rate driver success.
01-06 02:48:47.709     0     0 E [5 T186   ..] map_store: rm default
01-06 02:48:47.710     0     0 E [5 T186   ..] map_store: add default decoder ppmgr deinterlace amvideo
01-06 02:48:47.711     0     0 I [1 T186   ..] [snd-soc]: drc high cut scale set to 0%
01-06 02:48:47.711     0     0 I [2 T186   ..] [snd-soc]: drc low boost scale set to 0%
01-06 02:48:47.712     0     0 I [2 T186   ..] [snd-soc]: drc mode set to RF
01-06 02:48:47.722     0     0 W [0 T517   ..] healthd: No battery devices found
01-06 02:48:47.726     0     0 W [1 T517   ..] healthd: battery none chg=
01-06 02:48:47.737     0     0 I         : [5 T8     ..] [TEE] I/TA:
01-06 02:48:47.737     0     0 I         : [5 T8     ..] [TEE] MM-module-name:Youtube TA,Version:1.0.6-gd116617(build:7738)
01-06 02:48:47.760     0     0 I [7 T548   ..] [pm]: early_suspend_state=0
01-06 02:48:47.804   541   541 I gsid    : no DSU: No such file or directory
01-06 02:48:48.047     0     0 E [2 T1     ..] init: Control message: Could not find 'vendor.amlogic.hardware.tvserver@1.0::ITvServer/default' for ctl.interface_start from pid: 317 (/system/bin/hwservicemanager)
01-06 02:48:48.102     0     0 I         : [4 T506   ..] vdin0 req vs irq 83
01-06 02:48:48.102     0     0 I         : [4 T506   ..] vdin0 req meta_wr_done_irq
01-06 02:48:48.111     0     0 I [7 T506   ..] [efuse-unifykey]: already inited!
01-06 02:48:48.111     0     0 E [7 T506   ..] [efuse-unifykey]: could not found key hdcp22_rx_fw
01-06 02:48:48.111     0     0 E [7 T506   ..] [efuse-unifykey]: please set key name first, exist_show:751
01-06 02:48:48.112     0     0 I [7 T506   ..] [efuse-unifykey]: already inited!
01-06 02:48:48.113     0     0 E [7 T506   ..] [efuse-unifykey]: could not found key hdcp14_rx
01-06 02:48:48.137     0     0 I [7 T506   ..] [efuse-unifykey]: already inited!
01-06 02:48:48.137     0     0 E [7 T506   ..] [efuse-unifykey]: could not found key hdcp22_rx_fw
01-06 02:48:48.137     0     0 E [7 T506   ..] [efuse-unifykey]: please set key name first, exist_show:751
01-06 02:48:48.150     0     0 I         : [7 T506   ..] vt session 506-0 create
01-06 02:48:48.223     0     0 I         : [3 T516   ..] drm_hdmitx_get_vrr_cap not support vrr
01-06 02:48:48.223     0     0 I         : [3 T516   ..] drm_hdmitx_get_rx_hdcp_cap rx hdcp [1]
01-06 02:48:48.223     0     0 I         : [3 T516   ..] drm_hdmitx_get_rx_hdcp_cap rx hdcp [1]
01-06 02:48:48.248     0     0 E [1 T1     ..] init: Control message: Could not find 'vendor.amlogic.hardware.tvserver@1.0::ITvServer/default' for ctl.interface_start from pid: 317 (/system/bin/hwservicemanager)
01-06 02:48:48.368   528   528 I android.hardware.wifi@1.0-service.droidlogic: Wifi Hal is booting up...
01-06 02:48:48.425   528   528 I HidlServiceManagement: Registered android.hardware.wifi@1.6::IWifi/default
01-06 02:48:48.462     0     0 E [1 T1     ..] init: Control message: Could not find 'vendor.amlogic.hardware.tvserver@1.0::ITvServer/default' for ctl.interface_start from pid: 317 (/system/bin/hwservicemanager)
01-06 02:48:48.528     0     0 W [1 T495   ..] printk: bpfloader: 1679 output lines suppressed due to ratelimiting
01-06 02:48:48.546   598   598 I installd: installd firing up
01-06 02:48:48.648     0     0 E [1 T188   ..] selinux: SELinux:  Could not stat /sys/devices/virtual/net/ipsec_test/carrier_changes: No such file or directory.
01-06 02:48:48.649     0     0 E [1 T188   ..] selinux:  
01-06 02:48:48.650     0     0 E [1 T188   ..] selinux: SELinux:  Could not stat /sys/devices/virtual/net/ipsec_test/testing: No such file or directory.
01-06 02:48:48.649   609   609 W storaged: health: invalid battery status
01-06 02:48:48.651     0     0 E [1 T188   ..] selinux:  
01-06 02:48:48.652     0     0 E [1 T188   ..] selinux: SELinux:  Could not stat /sys/devices/virtual/net/ipsec_test/carrier: No such file or directory.
01-06 02:48:48.653     0     0 E [1 T188   ..] selinux:  
01-06 02:48:48.653     0     0 E [1 T188   ..] selinux: SELinux:  Could not stat /sys/devices/virtual/net/ipsec_test/carrier_down_count: No such file or directory.
01-06 02:48:48.655     0     0 E [1 T188   ..] selinux:  
01-06 02:48:48.655     0     0 E [1 T188   ..] selinux: SELinux:  Could not stat /sys/devices/virtual/net/ipsec_test/proto_down: No such file or directory.
01-06 02:48:48.657     0     0 E [1 T188   ..] selinux:  
01-06 02:48:48.670     0     0 E [7 T1     ..] init: Control message: Could not find 'vendor.amlogic.hardware.tvserver@1.0::ITvServer/default' for ctl.interface_start from pid: 317 (/system/bin/hwservicemanager)
01-06 02:48:48.711   611   611 I wificond: wificond is starting up...
01-06 02:48:48.714   611   611 I HidlServiceManagement: Registered android.system.wifi.keystore@1.0::IKeystore/default
01-06 02:48:48.761     0     0 I         : [5 T422   ..] [TEE] M/TA: gatekeeper_messages: 412: Amlogic GATEKEEPER! Build Time: Mar 20 2023 15:26:51 version: 6030636 TDK: ab02024
01-06 02:48:48.761     0     0 I         : [5 T422   ..] [TEE] E/TA:   MM-module-name:Video firmware TA,Version:1.0.5-g3604ffd(build:6514)
01-06 02:48:48.761     0     0 I         : [5 T422   ..] [TEE] E/TA:   fw_check_pack_version:292 the package has 15 fws totally.
01-06 02:48:48.761     0     0 I         : [5 T422   ..] [TEE] E/TA:   fw_check_pack_version:309 The TA ver is v1.0
01-06 02:48:48.761     0     0 I         : [5 T422   ..] [TEE] E/TA:   fw_check_pack_version:310 The fw ver is v0.4
01-06 02:48:48.761     0     0 I         : [5 T422   ..] [TEE] E/TA:   fw_data_insert:389 the fw with 332 KB will be loaded.
01-06 02:48:48.761     0     0 I         : [5 T422   ..] [TEE] M/TA: TEE_Video_Load_FW success
01-06 02:48:48.777     0     0 I [0 T506   ..] dim: load 0x400 pq len 168 later.
01-06 02:48:48.862     0     0 E [4 T1     ..] init: Control message: Could not find 'vendor.amlogic.hardware.tvserver@1.0::ITvServer/default' for ctl.interface_start from pid: 317 (/system/bin/hwservicemanager)
01-06 02:48:48.952     0     0 E [5 T1     ..] init: Control message: Could not find 'aidl/package_native' for ctl.interface_start from pid: 316 (/system/bin/servicemanager)
01-06 02:48:49.002     0     0 I [5 T506   ..] dim: load 0x1000 pq len 17 later.
01-06 02:48:49.004     0     0 I [5 T506   ..] dim: load 0x2000 pq len 32 later.
01-06 02:48:49.063     0     0 E [6 T1     ..] init: Control message: Could not find 'vendor.amlogic.hardware.tvserver@1.0::ITvServer/default' for ctl.interface_start from pid: 317 (/system/bin/hwservicemanager)
01-06 02:48:49.170     0     0 I         : [2 T673   ..] read descriptors
01-06 02:48:49.170     0     0 I         : [2 T673   ..] read strings
01-06 02:48:49.264     0     0 E [2 T1     ..] init: Control message: Could not find 'vendor.amlogic.hardware.tvserver@1.0::ITvServer/default' for ctl.interface_start from pid: 317 (/system/bin/hwservicemanager)
01-06 02:48:49.405     0     0 I         : [1 T682   ..] tee load hdcp key ready
01-06 02:48:49.405     0     0 I         : [1 T682   ..] hdmi ready but hdcp not enabled, enable now
01-06 02:48:49.415     0     0 I [1 T190   ..] hdmitx: rd[0x000a] 0x00
01-06 02:48:49.464     0     0 I [0 T20    ..] android_work: sent uevent USB_STATE=CONNECTED
01-06 02:48:49.465     0     0 E [4 T1     ..] init: Control message: Could not find 'vendor.amlogic.hardware.tvserver@1.0::ITvServer/default' for ctl.interface_start from pid: 317 (/system/bin/hwservicemanager)
01-06 02:48:49.548     0     0 I [0 T20    ..] android_work: sent uevent USB_STATE=CONFIGURED
01-06 02:48:49.630     0     0 I [0 T182   ..] hdmitx: rd[0x062b] 0x4c
01-06 02:48:49.630     0     0 I [0 T182   ..] hdmitx: rd[0x062c] 0x4c
01-06 02:48:49.630     0     0 I [0 T182   ..] hdmitx: rd[0x062d] 0xfc
01-06 02:48:49.630     0     0 I [0 T182   ..] hdmitx: rd[0x062e] 0xe5
01-06 02:48:49.630     0     0 I [0 T182   ..] hdmitx: rd[0x062f] 0xa2
01-06 02:48:49.630     0     0 I [0 T20    ..] cec: [hdmitx_notify_callback] unsupported notify:4
01-06 02:48:49.642     0     0 E [3 T1     ..] init: Control message: Could not find 'aidl/android.hardware.graphics.composer3.IComposer/default' for ctl.interface_start from pid: 316 (/system/bin/servicemanager)
01-06 02:48:49.643     0     0 D         : [0 T631   ..] caamkeys_ioctl(cmd=3221813249)
01-06 02:48:49.690     0     0 I [3 T120   ..] hdcptx: 1  auth: 1
01-06 02:48:49.743     0     0 I [7 T506   ..] dim: load 0x200 pq len 25 later.
01-06 02:48:49.760     0     0 I [6 T506   ..] dim: load 0x800 pq len 103 later.
01-06 02:48:49.785     0     0 I         : [1 T446   ..] [TEE] E/TA:   OPTEE_PlatformInit:47
01-06 02:48:49.785     0     0 I         : [1 T446   ..] [TEE] MM-module-name:Widevine TA,Version:17.1-r1.14-ga3ab5eb-p1(build:1509)
01-06 02:48:49.786     0     0 I         : [1 T446   ..] [TEE] E/TA:   OPTEE_MigrateGenerationNumPersistentData:399 migrate read GenerationNum from reefs error. NOT ERROR
01-06 02:48:49.786     0     0 I         : [1 T446   ..] [TEE] I/TA: TA_CloseSessionEntryPoint
01-06 02:48:49.786     0     0 I         : [1 T446   ..] [TEE] M/TA: [PROVISION-TA] the same key [0x11 WIDEVINE_KEY] already exists
01-06 02:48:49.786     0     0 I         : [1 T446   ..] [TEE] M/TA: [PROVISION-TA] the same key [0x31 HDCP_TX14_KEY] already exists
01-06 02:48:49.786     0     0 I         : [1 T446   ..] [TEE] M/TA: [PROVISION-TA] the same key [0x33 HDCP_RX14_KEY] already exists
01-06 02:48:49.786     0     0 I         : [1 T446   ..] [TEE] M/TA: [PROVISION-TA] the same key [0x32 HDCP_TX22_KEY] already exists
01-06 02:48:49.786     0     0 I         : [1 T446   ..] [TEE] M/TA: [PROVISION-TA] the same key [0x36 HDCP_RX22_FW_PRIVATE] already exists
01-06 02:48:49.786     0     0 I         : [1 T446   ..] [TEE] E/TA:   cmd_hdcp_read_key:951 [HDCP-TA] cmd_hdcp_read_key: hdcp_read_key(hdcp_rx22_fw.bin) failed, ret = 0xffff0008
01-06 02:48:49.870     0     0 I         : [3 T506   ..] aad argp = 00000000c88460c8	db_o_bl_cv.length=13 mem_size=52
01-06 02:48:49.870     0     0 I         : [3 T506   ..] db_o_bl_cv control db_cabc_aad_param_s success
01-06 02:48:49.870     0     0 I         : [3 T506   ..] db_maxbin_bl_cv control db_cabc_aad_param_s success
01-06 02:48:49.871     0     0 I         : [3 T506   ..] db_LUT_RG_gain control db_cabc_aad_param_s success
01-06 02:48:49.871     0     0 I         : [3 T506   ..] db_LUT_RG_gain control db_cabc_aad_param_s success
01-06 02:48:49.871     0     0 I         : [3 T506   ..] db_LUT_BG_gain control db_cabc_aad_param_s success
01-06 02:48:49.871     0     0 I         : [3 T506   ..] db_gain_lut control db_cabc_aad_param_s success
01-06 02:48:49.871     0     0 I         : [3 T506   ..] db_xy_lut control db_cabc_aad_param_s success
01-06 02:48:49.895     0     0 W [3 T727   d.] audit_log_start: 223 callbacks suppressed
01-06 02:48:49.895     0     0 W [3 T727   ..] audit: audit_backlog=66 > audit_backlog_limit=64
01-06 02:48:49.895     0     0 W [3 T727   ..] audit: audit_lost=78 audit_rate_limit=0 audit_backlog_limit=64
01-06 02:48:49.895     0     0 E [3 T727   ..] audit: backlog limit exceeded
01-06 02:48:49.895     0     0 W [0 T729   ..] audit: audit_backlog=66 > audit_backlog_limit=64
01-06 02:48:49.895     0     0 W [0 T729   ..] audit: audit_lost=79 audit_rate_limit=0 audit_backlog_limit=64
01-06 02:48:49.895     0     0 E [0 T729   ..] audit: backlog limit exceeded
01-06 02:48:49.895     0     0 W [3 T727   ..] audit: audit_backlog=66 > audit_backlog_limit=64
01-06 02:48:49.896     0     0 W [3 T727   ..] audit: audit_lost=80 audit_rate_limit=0 audit_backlog_limit=64
01-06 02:48:49.896     0     0 E [3 T727   ..] audit: backlog limit exceeded
01-06 02:48:49.897     0     0 W [0 T729   ..] audit: audit_backlog=65 > audit_backlog_limit=64
01-06 02:48:50.042     0     0 I         : [0 T516   ..] video_composer_open iminor(inode) =0
01-06 02:48:50.042     0     0 I [0 T516   ..] vc: [0]vd_render_index_get: render_index is 0.
01-06 02:48:50.042     0     0 I [0 T516   ..] vc: [0]get capability: min 64 64; max 4096 2160
01-06 02:48:50.042     0     0 I         : [0 T516   ..] video_composer_open iminor(inode) =1
01-06 02:48:50.043     0     0 I [0 T516   ..] vc: [1]vd_render_index_get: render_index is 5.
01-06 02:48:50.043     0     0 I [0 T516   ..] vc: [1]get capability: min 64 64; max 4096 2160
01-06 02:48:50.043     0     0 I         : [0 T516   ..] video_composer_open iminor(inode) =2
01-06 02:48:50.043     0     0 I [0 T516   ..] vc: [2]vd_render_index_get: render_index is 2.
01-06 02:48:50.043     0     0 I [0 T516   ..] vc: [2]get capability: min 64 64; max 4096 2160
01-06 02:48:50.046     0     0 I         : [3 T516   ..] drm_hdmitx_get_vrr_cap not support vrr
01-06 02:48:50.046     0     0 I         : [3 T516   ..] drm_hdmitx_get_rx_hdcp_cap rx hdcp [1]
01-06 02:48:50.046     0     0 I         : [3 T516   ..] drm_hdmitx_get_rx_hdcp_cap rx hdcp [1]
01-06 02:48:50.048     0     0 I         : [3 T516   ..] drm_hdmitx_get_vrr_cap not support vrr
01-06 02:48:50.048     0     0 I         : [3 T516   ..] drm_hdmitx_get_rx_hdcp_cap rx hdcp [1]
01-06 02:48:50.048     0     0 I         : [3 T516   ..] drm_hdmitx_get_rx_hdcp_cap rx hdcp [1]
01-06 02:48:50.051     0     0 I [3 T516   ..] vc: [0]get capability: min 64 64; max 4096 2160
01-06 02:48:50.051     0     0 I [3 T516   ..] vc: [2]get capability: min 64 64; max 4096 2160
01-06 02:48:50.076     0     0 I         : [3 T506   ..] avmute_store 1
01-06 02:48:50.111     0     0 I [7 T536   ..] [efuse-unifykey]: already inited!
01-06 02:48:50.111     0     0 E [7 T536   ..] [efuse-unifykey]: could not found key hdcp14_rx
01-06 02:48:50.129     0     0 I [2 T536   ..] cec: port_seq:4123
01-06 02:48:50.136     0     0 W         : [4 T536   ..] [RX]-EDID size1 =1536
01-06 02:48:50.136     0     0 W         : [4 T536   ..] [RX]-EDID size2 =1536
01-06 02:48:50.136     0     0 W [4 T536   ..] [RX]-HDMIRX: fill edid buf, size 1536
01-06 02:48:50.137     0     0 W         : [4 T536   ..] [RX]-edid select for UI HDMI4~1: 0x1111, for portD~A: 0x1111
01-06 02:48:50.137     0     0 W         : [4 T536   ..] [RX]-set vrr_func_en to: 0
01-06 02:48:50.137     0     0 W         : [4 T536   ..] [RX]-no this data blk in edid
01-06 02:48:50.137     0     0 W         : [4 T536   ..] [RX]-no this data blk in edid
01-06 02:48:50.144     0     0 W         : [4 T536   ..] [RX]-no this data blk in edid
01-06 02:48:50.144     0     0 W         : [4 T536   ..] [RX]-no this data blk in edid
01-06 02:48:50.149     0     0 W         : [4 T536   ..] [RX]-no this data blk in edid
01-06 02:48:50.149     0     0 W         : [4 T536   ..] [RX]-no this data blk in edid
01-06 02:48:50.152     0     0 W         : [4 T536   ..] [RX]-hdmirx_hw_config port:0
01-06 02:48:50.152     0     0 W         : [4 T536   ..] [RX]-force_fsm_init
01-06 02:48:50.153     0     0 W         : [4 T536   ..] [RX]-no this data blk in edid
01-06 02:48:50.153     0     0 W         : [4 T536   ..] [RX]-no this data blk in edid
01-06 02:48:50.156     0     0 W         : [4 T536   ..] [RX]-no this data blk in edid
01-06 02:48:50.156     0     0 W         : [4 T536   ..] [RX]-no this data blk in edid
01-06 02:48:50.160     0     0 W         : [4 T536   ..] [RX]-no this data blk in edid
01-06 02:48:50.160     0     0 W         : [4 T536   ..] [RX]-no this data blk in edid
01-06 02:48:50.163     0     0 W         : [4 T536   ..] [RX]-hdmirx_hw_config port:1
01-06 02:48:50.164     0     0 W         : [4 T536   ..] [RX]-force_fsm_init
01-06 02:48:50.164     0     0 W         : [4 T536   ..] [RX]-no this data blk in edid
01-06 02:48:50.164     0     0 W         : [4 T536   ..] [RX]-no this data blk in edid
01-06 02:48:50.167     0     0 W         : [2 T536   ..] [RX]-no this data blk in edid
01-06 02:48:50.167     0     0 W         : [2 T536   ..] [RX]-no this data blk in edid
01-06 02:48:50.169     0     0 W         : [2 T536   ..] [RX]-no this data blk in edid
01-06 02:48:50.169     0     0 W         : [2 T536   ..] [RX]-no this data blk in edid
01-06 02:48:50.171     0     0 W         : [2 T536   ..] [RX]-hdmirx_hw_config port:2
01-06 02:48:50.171     0     0 W         : [2 T536   ..] [RX]-force_fsm_init
01-06 02:48:50.171     0     0 W         : [2 T536   ..] [RX]-no this data blk in edid
01-06 02:48:50.171     0     0 W         : [2 T536   ..] [RX]-no this data blk in edid
01-06 02:48:50.173     0     0 W         : [2 T536   ..] [RX]-no this data blk in edid
01-06 02:48:50.173     0     0 W         : [2 T536   ..] [RX]-no this data blk in edid
01-06 02:48:50.175     0     0 W         : [2 T536   ..] [RX]-no this data blk in edid
01-06 02:48:50.175     0     0 W         : [2 T536   ..] [RX]-no this data blk in edid
01-06 02:48:50.178     0     0 W         : [2 T536   ..] [RX]-hdmirx_hw_config port:3
01-06 02:48:50.178     0     0 W         : [2 T536   ..] [RX]-force_fsm_init
01-06 02:48:50.178     0     0 W         : [2 T536   ..] [RX]-*update edid*
01-06 02:48:50.329     0     0 I         : [1 T506   ..] avmute_store -1
01-06 02:48:50.694   500   500 V Zygote32Timing: PostZygoteInitGC took to complete: 29ms
01-06 02:48:50.694   500   500 V Zygote32Timing: ZygoteInit took to complete: 49ms
01-06 02:48:50.702   802   818 D BootAnimation: BootAnimation::threadLoop
01-06 02:48:50.703   802   818 D BootAnimation: bootVideoProp=50, mConfig=0, mVol=50, mMute=0
01-06 02:48:50.743   802   818 D BootAnimation: BootAnimationShownTiming start time: 14653ms
01-06 02:48:50.848   499   499 V Zygote64Timing: BeginPreload took to complete: 184ms
01-06 02:48:50.857     0     0 I         : [0 T143   ..] free_reserved_mem 293 logo start_addr=3f800000, end=40000000
01-06 02:48:50.858     0     0 I [0 T143   ..] [memory-debug]: Freeing fb-memory memory: 8192K
01-06 02:48:50.859     0     0 I         : [0 T143   ..] [drm] am_meson_free_logo_memory, free none_cma memory: addr:0x0x000000003f800000,size:0x800000
01-06 02:48:52.394   499   499 V Zygote64Timing: PreloadClasses took to complete: 1546ms
01-06 02:48:52.413   499   499 V Zygote64Timing: CacheNonBootClasspathClassLoaders took to complete: 19ms
01-06 02:48:52.467   499   499 V Zygote64Timing: PreloadResources took to complete: 54ms
01-06 02:48:52.555   499   499 V Zygote64Timing: ZygotePreload took to complete: 1892ms
01-06 02:48:52.673   499   499 V Zygote64Timing: PostZygoteInitGC took to complete: 118ms
01-06 02:48:52.673   499   499 V Zygote64Timing: ZygoteInit took to complete: 2028ms
01-06 02:48:53.676   609   609 E storaged: getService package_native failed
01-06 02:48:53.680     0     0 E [2 T1     ..] init: Control message: Could not find 'aidl/device_state' for ctl.interface_start from pid: 316 (/system/bin/servicemanager)
01-06 02:48:53.681   609   961 I storaged: storaged: Start
01-06 02:48:53.719   944   944 D SystemServerTiming: InitBeforeStartServices
01-06 02:48:53.725   944   944 I SystemServer: Entered the Android system server!
01-06 02:48:53.958     0     0 E [4 T1     ..] init: Control message: Could not find 'aidl/package_native' for ctl.interface_start from pid: 316 (/system/bin/servicemanager)
01-06 02:48:54.209   944   944 I SystemServerInitThreadPool: Creating instance with 8 threads
01-06 02:48:54.681     0     0 E [5 T1     ..] init: Control message: Could not find 'aidl/device_state' for ctl.interface_start from pid: 316 (/system/bin/servicemanager)
01-06 02:48:54.703   944   944 V SystemServerTiming: InitBeforeStartServices took to complete: 984ms
01-06 02:48:54.703   944   944 D SystemServerTiming: StartServices
01-06 02:48:54.704   944   944 D SystemServerTiming: startBootstrapServices
01-06 02:48:54.704   944   944 D SystemServerTiming: StartWatchdog
01-06 02:48:54.714   944   944 V SystemServerTiming: StartWatchdog took to complete: 11ms
01-06 02:48:54.714   944   944 I SystemServer: Reading configuration...
01-06 02:48:54.714   944   944 D SystemServerTiming: ReadingSystemConfig
01-06 02:48:54.715   944   944 V SystemServerTiming: ReadingSystemConfig took to complete: 0ms
01-06 02:48:54.715   944   944 D SystemServerTiming: PlatformCompat
01-06 02:48:54.715   944   974 D SystemServerTimingAsync: InitThreadPoolExec:ReadingSystemConfig
01-06 02:48:54.715   944   974 D SystemServerInitThreadPool: Started executing ReadingSystemConfig
01-06 02:48:54.716   944   944 D CompatConfig: Found a config file: /system/etc/compatconfig/TeleService-platform-compat-config.xml
01-06 02:48:54.716   944   974 I SystemConfig: Reading permissions from /system/etc/sysconfig/hiddenapi-package-whitelist.xml
01-06 02:48:54.717   944   944 D CompatConfig: Adding: com.android.server.compat.config.Change@1161fa9
01-06 02:48:54.717   944   944 D CompatConfig: Adding: com.android.server.compat.config.Change@9c7292e
01-06 02:48:54.717   944   944 D CompatConfig: Adding: com.android.server.compat.config.Change@fecbccf
01-06 02:48:54.717   944   944 D CompatConfig: Adding: com.android.server.compat.config.Change@6da65c
01-06 02:48:54.717   944   944 D CompatConfig: Adding: com.android.server.compat.config.Change@e880d65
01-06 02:48:54.717   944   944 D CompatConfig: Adding: com.android.server.compat.config.Change@520aa3a
01-06 02:48:54.718   944   944 D CompatConfig: Found a config file: /system/etc/compatconfig/services-platform-compat-config.xml
01-06 02:48:54.720   944   974 I SystemConfig: Reading permissions from /system/etc/sysconfig/netflix.xml
01-06 02:48:54.720   944   944 D CompatConfig: Adding: com.android.server.compat.config.Change@2711ae1
01-06 02:48:54.720   944   944 D CompatConfig: Adding: com.android.server.compat.config.Change@b5f3006
01-06 02:48:54.720   944   944 D CompatConfig: Adding: com.android.server.compat.config.Change@2cd76c7
01-06 02:48:54.720   944   944 D CompatConfig: Adding: com.android.server.compat.config.Change@9664f4
01-06 02:48:54.720   944   944 D CompatConfig: Adding: com.android.server.compat.config.Change@b83841d
01-06 02:48:54.720   944   944 D CompatConfig: Adding: com.android.server.compat.config.Change@4ae4692
01-06 02:48:54.720   944   944 D CompatConfig: Adding: com.android.server.compat.config.Change@ea0b863
01-06 02:48:54.720   944   944 D CompatConfig: Adding: com.android.server.compat.config.Change@22edc60
01-06 02:48:54.720   944   944 D CompatConfig: Adding: com.android.server.compat.config.Change@7594519
01-06 02:48:54.720   944   944 D CompatConfig: Adding: com.android.server.compat.config.Change@6dc77bf
01-06 02:48:54.720   944   944 D CompatConfig: Adding: com.android.server.compat.config.Change@5155e8c
01-06 02:48:54.720   944   944 D CompatConfig: Adding: com.android.server.compat.config.Change@93019d5
01-06 02:48:54.720   944   944 D CompatConfig: Adding: com.android.server.compat.config.Change@11815ea
01-06 02:48:54.721   944   944 D CompatConfig: Adding: com.android.server.compat.config.Change@aead0db
01-06 02:48:54.721   944   974 I SystemConfig: Reading permissions from /system/etc/sysconfig/preinstalled-packages-platform.xml
01-06 02:48:54.721   944   944 D CompatConfig: Adding: com.android.server.compat.config.Change@5ffd778
01-06 02:48:54.721   944   944 D CompatConfig: Adding: com.android.server.compat.config.Change@657e51
01-06 02:48:54.721   944   944 D CompatConfig: Adding: com.android.server.compat.config.Change@b59a6b6
01-06 02:48:54.721   944   944 D CompatConfig: Adding: com.android.server.compat.config.Change@cbb9fb7
01-06 02:48:54.721   944   944 D CompatConfig: Adding: com.android.server.compat.config.Change@516f324
01-06 02:48:54.721   944   944 D CompatConfig: Adding: com.android.server.compat.config.Change@ab2ae8d
01-06 02:48:54.721   944   944 D CompatConfig: Adding: com.android.server.compat.config.Change@d517842
01-06 02:48:54.721   944   944 D CompatConfig: Adding: com.android.server.compat.config.Change@3608053
01-06 02:48:54.721   944   944 D CompatConfig: Adding: com.android.server.compat.config.Change@a621d90
01-06 02:48:54.721   944   944 D CompatConfig: Adding: com.android.server.compat.config.Change@e28a689
01-06 02:48:54.721   944   944 D CompatConfig: Adding: com.android.server.compat.config.Change@102d68e
01-06 02:48:54.721   944   944 D CompatConfig: Adding: com.android.server.compat.config.Change@b68ceaf
01-06 02:48:54.721   944   944 D CompatConfig: Adding: com.android.server.compat.config.Change@4f382bc
01-06 02:48:54.721   944   944 D CompatConfig: Adding: com.android.server.compat.config.Change@6ec2245
01-06 02:48:54.721   944   944 D CompatConfig: Adding: com.android.server.compat.config.Change@b59cd9a
01-06 02:48:54.721   944   944 D CompatConfig: Adding: com.android.server.compat.config.Change@fda6cb
01-06 02:48:54.721   944   944 D CompatConfig: Adding: com.android.server.compat.config.Change@d40ea8
01-06 02:48:54.721   944   944 D CompatConfig: Adding: com.android.server.compat.config.Change@4b19dc1
01-06 02:48:54.721   944   944 D CompatConfig: Adding: com.android.server.compat.config.Change@1f72966
01-06 02:48:54.721   944   944 D CompatConfig: Adding: com.android.server.compat.config.Change@fbde4a7
01-06 02:48:54.721   944   944 D CompatConfig: Adding: com.android.server.compat.config.Change@faf6d54
01-06 02:48:54.721   944   944 D CompatConfig: Adding: com.android.server.compat.config.Change@3f954fd
01-06 02:48:54.721   944   944 D CompatConfig: Adding: com.android.server.compat.config.Change@1bc75f2
01-06 02:48:54.721   944   944 D CompatConfig: Adding: com.android.server.compat.config.Change@45a2443
01-06 02:48:54.721   944   944 D CompatConfig: Adding: com.android.server.compat.config.Change@400ac0
01-06 02:48:54.721   944   944 D CompatConfig: Adding: com.android.server.compat.config.Change@f0b43f9
01-06 02:48:54.721   944   944 D CompatConfig: Adding: com.android.server.compat.config.Change@217ff3e
01-06 02:48:54.721   944   944 D CompatConfig: Adding: com.android.server.compat.config.Change@bf0c19f
01-06 02:48:54.721   944   944 D CompatConfig: Adding: com.android.server.compat.config.Change@7b12ec
01-06 02:48:54.721   944   944 D CompatConfig: Adding: com.android.server.compat.config.Change@2b326b5
01-06 02:48:54.721   944   944 D CompatConfig: Adding: com.android.server.compat.config.Change@110d14a
01-06 02:48:54.722   944   944 D CompatConfig: Adding: com.android.server.compat.config.Change@d29d8bb
01-06 02:48:54.722   944   944 D CompatConfig: Adding: com.android.server.compat.config.Change@2bc7931
01-06 02:48:54.722   944   944 D CompatConfig: Adding: com.android.server.compat.config.Change@412b816
01-06 02:48:54.722   944   944 D CompatConfig: Adding: com.android.server.compat.config.Change@7134597
01-06 02:48:54.722   944   974 I SystemConfig: Reading permissions from /system/etc/sysconfig/framework-sysconfig.xml
01-06 02:48:54.722   944   944 D CompatConfig: Adding: com.android.server.compat.config.Change@c32d384
01-06 02:48:54.722   944   944 D CompatConfig: Adding: com.android.server.compat.config.Change@a2e776d
01-06 02:48:54.722   944   944 D CompatConfig: Adding: com.android.server.compat.config.Change@97a3fa2
01-06 02:48:54.722   944   944 D CompatConfig: Adding: com.android.server.compat.config.Change@1bca433
01-06 02:48:54.722   944   944 D CompatConfig: Adding: com.android.server.compat.config.Change@9cba3f0
01-06 02:48:54.722   944   944 D CompatConfig: Adding: com.android.server.compat.config.Change@3481d69
01-06 02:48:54.722   944   944 D CompatConfig: Adding: com.android.server.compat.config.Change@6e0b3ee
01-06 02:48:54.722   944   944 D CompatConfig: Adding: com.android.server.compat.config.Change@c93508f
01-06 02:48:54.722   944   944 D CompatConfig: Adding: com.android.server.compat.config.Change@adf0f1c
01-06 02:48:54.722   944   944 D CompatConfig: Adding: com.android.server.compat.config.Change@33c2725
01-06 02:48:54.722   944   944 D CompatConfig: Adding: com.android.server.compat.config.Change@2820fa
01-06 02:48:54.722   944   944 D CompatConfig: Adding: com.android.server.compat.config.Change@67e66ab
01-06 02:48:54.722   944   944 D CompatConfig: Adding: com.android.server.compat.config.Change@a5c0108
01-06 02:48:54.722   944   944 D CompatConfig: Adding: com.android.server.compat.config.Change@5ad10a1
01-06 02:48:54.722   944   944 D CompatConfig: Found a config file: /system/etc/compatconfig/calendar-provider-compat-config.xml
01-06 02:48:54.723   944   974 I SystemConfig: Reading permissions from /system/etc/sysconfig/preinstalled-packages-com.android.providers.media.module.xml
01-06 02:48:54.723   944   944 D CompatConfig: Adding: com.android.server.compat.config.Change@13425b4
01-06 02:48:54.724   944   944 D CompatConfig: Found a config file: /system/etc/compatconfig/documents-ui-compat-config.xml
01-06 02:48:54.725   944   974 I SystemConfig: Reading permissions from /system/etc/permissions/android.hardware.bluetooth.xml
01-06 02:48:54.725   944   944 D CompatConfig: Adding: com.android.server.compat.config.Change@5770023
01-06 02:48:54.726   944   944 D CompatConfig: Found a config file: /system/etc/compatconfig/contacts-provider-platform-compat-config.xml
01-06 02:48:54.726   944   974 I SystemConfig: Reading permissions from /system/etc/permissions/com.android.location.provider.xml
01-06 02:48:54.727   944   974 I SystemConfig: Reading permissions from /system/etc/permissions/android.test.runner.xml
01-06 02:48:54.728   944   944 D CompatConfig: Found a config file: /system/etc/compatconfig/framework-platform-compat-config.xml
01-06 02:48:54.728   944   974 I SystemConfig: Reading permissions from /system/etc/permissions/com.android.mediadrm.signer.xml
01-06 02:48:54.729   944   974 I SystemConfig: Reading permissions from /system/etc/permissions/android.software.webview.xml
01-06 02:48:54.730   944   974 I SystemConfig: Reading permissions from /system/etc/permissions/privapp-permissions-platform.xml
01-06 02:48:54.730   944   944 D CompatConfig: Adding: com.android.server.compat.config.Change@5ca509b
01-06 02:48:54.730   944   944 D CompatConfig: Adding: com.android.server.compat.config.Change@e95bc38
01-06 02:48:54.730   944   944 D CompatConfig: Adding: com.android.server.compat.config.Change@6a6411
01-06 02:48:54.730   944   944 D CompatConfig: Adding: com.android.server.compat.config.Change@deff976
01-06 02:48:54.731   944   944 D CompatConfig: Adding: com.android.server.compat.config.Change@4735b77
01-06 02:48:54.731   944   944 D CompatConfig: Adding: com.android.server.compat.config.Change@663e4
01-06 02:48:54.731   944   944 D CompatConfig: Adding: com.android.server.compat.config.Change@b80304d
01-06 02:48:54.731   944   944 D CompatConfig: Adding: com.android.server.compat.config.Change@cda3702
01-06 02:48:54.731   944   944 D CompatConfig: Adding: com.android.server.compat.config.Change@3383813
01-06 02:48:54.731   944   944 D CompatConfig: Adding: com.android.server.compat.config.Change@1b7da50
01-06 02:48:54.731   944   944 D CompatConfig: Adding: com.android.server.compat.config.Change@9ac8449
01-06 02:48:54.731   944   944 D CompatConfig: Adding: com.android.server.compat.config.Change@838c14e
01-06 02:48:54.731   944   944 D CompatConfig: Adding: com.android.server.compat.config.Change@b64426f
01-06 02:48:54.731   944   944 D CompatConfig: Adding: com.android.server.compat.config.Change@6c84b7c
01-06 02:48:54.731   944   944 D CompatConfig: Adding: com.android.server.compat.config.Change@8301c05
01-06 02:48:54.731   944   944 D CompatConfig: Adding: com.android.server.compat.config.Change@5e3a45a
01-06 02:48:54.731   944   944 D CompatConfig: Adding: com.android.server.compat.config.Change@59c968b
01-06 02:48:54.731   944   944 D CompatConfig: Adding: com.android.server.compat.config.Change@40ca368
01-06 02:48:54.731   944   944 D CompatConfig: Adding: com.android.server.compat.config.Change@d9b7381
01-06 02:48:54.731   944   944 D CompatConfig: Adding: com.android.server.compat.config.Change@f27ac26
01-06 02:48:54.731   944   944 D CompatConfig: Adding: com.android.server.compat.config.Change@5bc1067
01-06 02:48:54.731   944   944 D CompatConfig: Adding: com.android.server.compat.config.Change@4bc8e14
01-06 02:48:54.731   944   944 D CompatConfig: Adding: com.android.server.compat.config.Change@f0ac6bd
01-06 02:48:54.731   944   944 D CompatConfig: Adding: com.android.server.compat.config.Change@35264b2
01-06 02:48:54.731   944   944 D CompatConfig: Adding: com.android.server.compat.config.Change@86f4c03
01-06 02:48:54.731   944   944 D CompatConfig: Adding: com.android.server.compat.config.Change@dde7780
01-06 02:48:54.731   944   944 D CompatConfig: Adding: com.android.server.compat.config.Change@d2211b9
01-06 02:48:54.731   944   944 D CompatConfig: Adding: com.android.server.compat.config.Change@6fe19fe
01-06 02:48:54.731   944   944 D CompatConfig: Adding: com.android.server.compat.config.Change@e90a55f
01-06 02:48:54.731   944   944 D CompatConfig: Adding: com.android.server.compat.config.Change@c738bac
01-06 02:48:54.731   944   944 D CompatConfig: Adding: com.android.server.compat.config.Change@4c91075
01-06 02:48:54.731   944   944 D CompatConfig: Adding: com.android.server.compat.config.Change@c1dd80a
01-06 02:48:54.731   944   944 D CompatConfig: Adding: com.android.server.compat.config.Change@244387b
01-06 02:48:54.731   944   944 D CompatConfig: Adding: com.android.server.compat.config.Change@a63b698
01-06 02:48:54.731   944   944 D CompatConfig: Adding: com.android.server.compat.config.Change@fa73ef1
01-06 02:48:54.731   944   944 D CompatConfig: Adding: com.android.server.compat.config.Change@ec96ad6
01-06 02:48:54.731   944   944 D CompatConfig: Adding: com.android.server.compat.config.Change@1d3e157
01-06 02:48:54.731   944   944 D CompatConfig: Adding: com.android.server.compat.config.Change@629a444
01-06 02:48:54.732   944   944 D CompatConfig: Adding: com.android.server.compat.config.Change@5fd92d
01-06 02:48:54.732   944   944 D CompatConfig: Adding: com.android.server.compat.config.Change@2c95e62
01-06 02:48:54.732   944   944 D CompatConfig: Adding: com.android.server.compat.config.Change@c4b3bf3
01-06 02:48:54.732   944   944 D CompatConfig: Adding: com.android.server.compat.config.Change@93ec0b0
01-06 02:48:54.732   944   944 D CompatConfig: Adding: com.android.server.compat.config.Change@68ddb29
01-06 02:48:54.732   944   944 D CompatConfig: Adding: com.android.server.compat.config.Change@de2feae
01-06 02:48:54.732   944   944 D CompatConfig: Adding: com.android.server.compat.config.Change@bd3a44f
01-06 02:48:54.732   944   944 D CompatConfig: Adding: com.android.server.compat.config.Change@94737dc
01-06 02:48:54.732   944   944 D CompatConfig: Adding: com.android.server.compat.config.Change@68000e5
01-06 02:48:54.732   944   944 D CompatConfig: Adding: com.android.server.compat.config.Change@ae457ba
01-06 02:48:54.732   944   944 D CompatConfig: Adding: com.android.server.compat.config.Change@9d0366b
01-06 02:48:54.732   944   944 D CompatConfig: Adding: com.android.server.compat.config.Change@ffdf5c8
01-06 02:48:54.732   944   944 D CompatConfig: Adding: com.android.server.compat.config.Change@b4c661
01-06 02:48:54.732   944   944 D CompatConfig: Adding: com.android.server.compat.config.Change@1703586
01-06 02:48:54.732   944   944 D CompatConfig: Adding: com.android.server.compat.config.Change@8b9ce47
01-06 02:48:54.732   944   944 D CompatConfig: Adding: com.android.server.compat.config.Change@5e0a674
01-06 02:48:54.732   944   944 D CompatConfig: Adding: com.android.server.compat.config.Change@516679d
01-06 02:48:54.732   944   944 D CompatConfig: Adding: com.android.server.compat.config.Change@e8a2412
01-06 02:48:54.732   944   944 D CompatConfig: Adding: com.android.server.compat.config.Change@fbb07e3
01-06 02:48:54.732   944   944 D CompatConfig: Adding: com.android.server.compat.config.Change@b9bb5e0
01-06 02:48:54.732   944   944 D CompatConfig: Adding: com.android.server.compat.config.Change@df6e099
01-06 02:48:54.732   944   944 D CompatConfig: Adding: com.android.server.compat.config.Change@9e26f5e
01-06 02:48:54.732   944   944 D CompatConfig: Adding: com.android.server.compat.config.Change@40c3f3f
01-06 02:48:54.732   944   944 D CompatConfig: Adding: com.android.server.compat.config.Change@e36500c
01-06 02:48:54.732   944   944 D CompatConfig: Adding: com.android.server.compat.config.Change@ecbed55
01-06 02:48:54.732   944   944 D CompatConfig: Adding: com.android.server.compat.config.Change@3e2236a
01-06 02:48:54.732   944   944 D CompatConfig: Adding: com.android.server.compat.config.Change@c0f905b
01-06 02:48:54.732   944   944 D CompatConfig: Adding: com.android.server.compat.config.Change@1fe60f8
01-06 02:48:54.732   944   944 D CompatConfig: Adding: com.android.server.compat.config.Change@2ab09d1
01-06 02:48:54.732   944   944 D CompatConfig: Adding: com.android.server.compat.config.Change@8770c36
01-06 02:48:54.732   944   944 D CompatConfig: Adding: com.android.server.compat.config.Change@82cd737
01-06 02:48:54.732   944   944 D CompatConfig: Adding: com.android.server.compat.config.Change@3494a4
01-06 02:48:54.732   944   944 D CompatConfig: Adding: com.android.server.compat.config.Change@685720d
01-06 02:48:54.732   944   944 D CompatConfig: Adding: com.android.server.compat.config.Change@29fb5c2
01-06 02:48:54.733   944   944 D CompatConfig: Adding: com.android.server.compat.config.Change@d6dafd3
01-06 02:48:54.733   944   944 D CompatConfig: Adding: com.android.server.compat.config.Change@3785710
01-06 02:48:54.733   944   944 D CompatConfig: Adding: com.android.server.compat.config.Change@b242209
01-06 02:48:54.733   944   944 D CompatConfig: Adding: com.android.server.compat.config.Change@cb76c0e
01-06 02:48:54.733   944   944 D CompatConfig: Adding: com.android.server.compat.config.Change@dd9762f
01-06 02:48:54.733   944   944 D CompatConfig: Adding: com.android.server.compat.config.Change@ef3d43c
01-06 02:48:54.733   944   944 D CompatConfig: Adding: com.android.server.compat.config.Change@ae3d5c5
01-06 02:48:54.733   944   944 D CompatConfig: Adding: com.android.server.compat.config.Change@9823b1a
01-06 02:48:54.733   944   944 D CompatConfig: Adding: com.android.server.compat.config.Change@a91464b
01-06 02:48:54.733   944   944 D CompatConfig: Adding: com.android.server.compat.config.Change@c47f828
01-06 02:48:54.733   944   944 D CompatConfig: Adding: com.android.server.compat.config.Change@f310941
01-06 02:48:54.733   944   944 D CompatConfig: Adding: com.android.server.compat.config.Change@1f8eee6
01-06 02:48:54.733   944   944 D CompatConfig: Adding: com.android.server.compat.config.Change@babfc27
01-06 02:48:54.733   944   944 D CompatConfig: Adding: com.android.server.compat.config.Change@c386ed4
01-06 02:48:54.733   944   944 D CompatConfig: Adding: com.android.server.compat.config.Change@1c3f87d
01-06 02:48:54.733   944   944 D CompatConfig: Adding: com.android.server.compat.config.Change@3d51372
01-06 02:48:54.733   944   944 D CompatConfig: Found a config file: /system/etc/compatconfig/icu4j-platform-compat-config.xml
01-06 02:48:54.734   944   944 D CompatConfig: Adding: com.android.server.compat.config.Change@617a440
01-06 02:48:54.735   944   944 D CompatConfig: No directory /system/system_ext/etc/compatconfig, skipping
01-06 02:48:54.737   944   944 D ApexManagerTiming: getActiveApexInfos_noCache
01-06 02:48:54.739   944   974 I SystemConfig: Reading permissions from /system/etc/permissions/com.android.networkstack.xml
01-06 02:48:54.740   944   974 I SystemConfig: Reading permissions from /system/etc/permissions/android.test.base.xml
01-06 02:48:54.741   944   974 I SystemConfig: Reading permissions from /system/etc/permissions/javax.obex.xml
01-06 02:48:54.742   944   974 I SystemConfig: Reading permissions from /system/etc/permissions/com.android.intentresolver.xml
01-06 02:48:54.744   944   974 I SystemConfig: Reading permissions from /system/etc/permissions/com.android.future.usb.accessory.xml
01-06 02:48:54.744   944   974 I SystemConfig: Reading permissions from /system/etc/permissions/tahoe_core_hardware.xml
01-06 02:48:54.745   944   974 I SystemConfig: Reading permissions from /system/etc/permissions/android.hardware.bluetooth_le.xml
01-06 02:48:54.746   944   974 I SystemConfig: Reading permissions from /system/etc/permissions/privapp_allowlist_com.android.providers.media.module.xml
