01-07 03:34:19.994   929   967 V SystemServerTimingAsync: ssm.onUnlockedUser-0_com.android.server.vibrator.VibratorManagerService$Lifecycle took to complete: 0ms
01-07 03:34:19.994   929   967 D SystemServerTimingAsync: ssm.onUnlockedUser-0_com.android.server.tare.InternalResourceService
01-07 03:34:19.994   929   967 V SystemServerTimingAsync: ssm.onUnlockedUser-0_com.android.server.tare.InternalResourceService took to complete: 0ms
01-07 03:34:19.994   929   967 D SystemServerTimingAsync: ssm.onUnlockedUser-0_com.android.server.alarm.AlarmManagerService
01-07 03:34:19.994   929   967 V SystemServerTimingAsync: ssm.onUnlockedUser-0_com.android.server.alarm.AlarmManagerService took to complete: 0ms
01-07 03:34:19.994   929   967 D SystemServerTimingAsync: ssm.onUnlockedUser-0_com.android.server.devicestate.DeviceStateManagerService
01-07 03:34:19.994   929   967 V SystemServerTimingAsync: ssm.onUnlockedUser-0_com.android.server.devicestate.DeviceStateManagerService took to complete: 0ms
01-07 03:34:19.994   929   967 D SystemServerTimingAsync: ssm.onUnlockedUser-0_com.android.server.bluetooth.BluetoothService
01-07 03:34:19.994   929   967 V SystemServerTimingAsync: ssm.onUnlockedUser-0_com.android.server.bluetooth.BluetoothService took to complete: 0ms
01-07 03:34:19.994   929   967 D SystemServerTimingAsync: ssm.onUnlockedUser-0_com.android.server.connectivity.IpConnectivityMetrics
01-07 03:34:19.994   929   967 V SystemServerTimingAsync: ssm.onUnlockedUser-0_com.android.server.connectivity.IpConnectivityMetrics took to complete: 0ms
01-07 03:34:19.994   929   967 D SystemServerTimingAsync: ssm.onUnlockedUser-0_com.android.server.net.watchlist.NetworkWatchlistService$Lifecycle
01-07 03:34:19.994   929   967 V SystemServerTimingAsync: ssm.onUnlockedUser-0_com.android.server.net.watchlist.NetworkWatchlistService$Lifecycle took to complete: 0ms
01-07 03:34:19.994   929   967 D SystemServerTimingAsync: ssm.onUnlockedUser-0_com.android.server.PinnerService
01-07 03:34:19.994   929   967 V SystemServerTimingAsync: ssm.onUnlockedUser-0_com.android.server.PinnerService took to complete: 0ms
01-07 03:34:19.994   929   967 D SystemServerTimingAsync: ssm.onUnlockedUser-0_com.android.server.integrity.AppIntegrityManagerService
01-07 03:34:19.994   929   967 V SystemServerTimingAsync: ssm.onUnlockedUser-0_com.android.server.integrity.AppIntegrityManagerService took to complete: 0ms
01-07 03:34:19.994   929   967 D SystemServerTimingAsync: ssm.onUnlockedUser-0_com.android.server.logcat.LogcatManagerService
01-07 03:34:19.994   929   967 V SystemServerTimingAsync: ssm.onUnlockedUser-0_com.android.server.logcat.LogcatManagerService took to complete: 0ms
01-07 03:34:19.994   929   967 D SystemServerTimingAsync: ssm.onUnlockedUser-0_com.android.server.inputmethod.InputMethodManagerService$Lifecycle
01-07 03:34:19.994   929   967 V SystemServerTimingAsync: ssm.onUnlockedUser-0_com.android.server.inputmethod.InputMethodManagerService$Lifecycle took to complete: 0ms
01-07 03:34:19.994   929   967 D SystemServerTimingAsync: ssm.onUnlockedUser-0_com.android.server.accessibility.AccessibilityManagerService$Lifecycle
01-07 03:34:19.994   929   967 V SystemServerTimingAsync: ssm.onUnlockedUser-0_com.android.server.accessibility.AccessibilityManagerService$Lifecycle took to complete: 0ms
01-07 03:34:19.994   929   967 D SystemServerTimingAsync: ssm.onUnlockedUser-0_com.android.server.StorageManagerService$Lifecycle
01-07 03:34:19.994   929   967 V SystemServerTimingAsync: ssm.onUnlockedUser-0_com.android.server.StorageManagerService$Lifecycle took to complete: 0ms
01-07 03:34:19.994   929   967 D SystemServerTimingAsync: ssm.onUnlockedUser-0_com.android.server.usage.StorageStatsService$Lifecycle
01-07 03:34:19.994   929   967 V SystemServerTimingAsync: ssm.onUnlockedUser-0_com.android.server.usage.StorageStatsService$Lifecycle took to complete: 0ms
01-07 03:34:19.994   929   967 D SystemServerTimingAsync: ssm.onUnlockedUser-0_com.android.server.UiModeManagerService
01-07 03:34:19.994   929   967 V SystemServerTimingAsync: ssm.onUnlockedUser-0_com.android.server.UiModeManagerService took to complete: 0ms
01-07 03:34:19.994   929   967 D SystemServerTimingAsync: ssm.onUnlockedUser-0_com.android.server.locales.LocaleManagerService
01-07 03:34:19.995   929   967 V SystemServerTimingAsync: ssm.onUnlockedUser-0_com.android.server.locales.LocaleManagerService took to complete: 0ms
01-07 03:34:19.995   929   967 D SystemServerTimingAsync: ssm.onUnlockedUser-0_com.android.server.locksettings.LockSettingsService$Lifecycle
01-07 03:34:19.995   929   967 V SystemServerTimingAsync: ssm.onUnlockedUser-0_com.android.server.locksettings.LockSettingsService$Lifecycle took to complete: 0ms
01-07 03:34:19.995   929   967 D SystemServerTimingAsync: ssm.onUnlockedUser-0_com.android.server.PersistentDataBlockService
01-07 03:34:19.995   929   967 V SystemServerTimingAsync: ssm.onUnlockedUser-0_com.android.server.PersistentDataBlockService took to complete: 0ms
01-07 03:34:19.995   929   967 D SystemServerTimingAsync: ssm.onUnlockedUser-0_com.android.server.testharness.TestHarnessModeService
01-07 03:34:19.995   929   967 V SystemServerTimingAsync: ssm.onUnlockedUser-0_com.android.server.testharness.TestHarnessModeService took to complete: 0ms
01-07 03:34:19.995   929   967 D SystemServerTimingAsync: ssm.onUnlockedUser-0_com.android.server.oemlock.OemLockService
01-07 03:34:19.995   929   967 V SystemServerTimingAsync: ssm.onUnlockedUser-0_com.android.server.oemlock.OemLockService took to complete: 0ms
01-07 03:34:19.995   929   967 D SystemServerTimingAsync: ssm.onUnlockedUser-0_com.android.server.DeviceIdleController
01-07 03:34:19.995   929   967 V SystemServerTimingAsync: ssm.onUnlockedUser-0_com.android.server.DeviceIdleController took to complete: 0ms
01-07 03:34:19.995   929   967 D SystemServerTimingAsync: ssm.onUnlockedUser-0_com.android.server.devicepolicy.DevicePolicyManagerService$Lifecycle
01-07 03:34:19.995   929   967 V SystemServerTimingAsync: ssm.onUnlockedUser-0_com.android.server.devicepolicy.DevicePolicyManagerService$Lifecycle took to complete: 0ms
01-07 03:34:19.995   929   967 D SystemServerTimingAsync: ssm.onUnlockedUser-0_com.android.server.texttospeech.TextToSpeechManagerService
01-07 03:34:19.995   929   967 V SystemServerTimingAsync: ssm.onUnlockedUser-0_com.android.server.texttospeech.TextToSpeechManagerService took to complete: 0ms
01-07 03:34:19.995   929   967 D SystemServerTimingAsync: ssm.onUnlockedUser-0_com.android.server.ambientcontext.AmbientContextManagerService
01-07 03:34:19.995   929   967 V SystemServerTimingAsync: ssm.onUnlockedUser-0_com.android.server.ambientcontext.AmbientContextManagerService took to complete: 0ms
01-07 03:34:19.995   929   967 D SystemServerTimingAsync: ssm.onUnlockedUser-0_com.android.server.speech.SpeechRecognitionManagerService
01-07 03:34:19.995   929   967 V SystemServerTimingAsync: ssm.onUnlockedUser-0_com.android.server.speech.SpeechRecognitionManagerService took to complete: 0ms
01-07 03:34:19.995   929   967 D SystemServerTimingAsync: ssm.onUnlockedUser-0_com.android.server.searchui.SearchUiManagerService
01-07 03:34:19.995   929   967 V SystemServerTimingAsync: ssm.onUnlockedUser-0_com.android.server.searchui.SearchUiManagerService took to complete: 0ms
01-07 03:34:19.995   929   967 D SystemServerTimingAsync: ssm.onUnlockedUser-0_com.android.server.smartspace.SmartspaceManagerService
01-07 03:34:19.995   929   967 V SystemServerTimingAsync: ssm.onUnlockedUser-0_com.android.server.smartspace.SmartspaceManagerService took to complete: 0ms
01-07 03:34:19.995   929   967 D SystemServerTimingAsync: ssm.onUnlockedUser-0_com.android.server.graphics.fonts.FontManagerService$Lifecycle
01-07 03:34:19.995   929   967 V SystemServerTimingAsync: ssm.onUnlockedUser-0_com.android.server.graphics.fonts.FontManagerService$Lifecycle took to complete: 0ms
01-07 03:34:19.995   929   967 D SystemServerTimingAsync: ssm.onUnlockedUser-0_com.android.server.textservices.TextServicesManagerService$Lifecycle
01-07 03:34:19.995   929   967 V SystemServerTimingAsync: ssm.onUnlockedUser-0_com.android.server.textservices.TextServicesManagerService$Lifecycle took to complete: 0ms
01-07 03:34:19.995   929   967 D SystemServerTimingAsync: ssm.onUnlockedUser-0_com.android.server.textclassifier.TextClassificationManagerService$Lifecycle
01-07 03:34:19.995   929   967 V SystemServerTimingAsync: ssm.onUnlockedUser-0_com.android.server.textclassifier.TextClassificationManagerService$Lifecycle took to complete: 0ms
01-07 03:34:19.995   929   967 D SystemServerTimingAsync: ssm.onUnlockedUser-0_com.android.server.NetworkScoreService$Lifecycle
01-07 03:34:19.995   929   967 V SystemServerTimingAsync: ssm.onUnlockedUser-0_com.android.server.NetworkScoreService$Lifecycle took to complete: 0ms
01-07 03:34:19.996   929   967 D SystemServerTimingAsync: ssm.onUnlockedUser-0_com.android.server.NetworkStatsServiceInitializer
01-07 03:34:19.996   929   967 V SystemServerTimingAsync: ssm.onUnlockedUser-0_com.android.server.NetworkStatsServiceInitializer took to complete: 0ms
01-07 03:34:19.996   929   967 D SystemServerTimingAsync: ssm.onUnlockedUser-0_com.android.server.wifi.WifiService
01-07 03:34:19.996   929   967 V SystemServerTimingAsync: ssm.onUnlockedUser-0_com.android.server.wifi.WifiService took to complete: 0ms
01-07 03:34:19.996   929   967 D SystemServerTimingAsync: ssm.onUnlockedUser-0_com.android.server.wifi.scanner.WifiScanningService
01-07 03:34:19.996   929   967 V SystemServerTimingAsync: ssm.onUnlockedUser-0_com.android.server.wifi.scanner.WifiScanningService took to complete: 0ms
01-07 03:34:19.996   929   967 D SystemServerTimingAsync: ssm.onUnlockedUser-0_com.android.server.wifi.p2p.WifiP2pService
01-07 03:34:19.996   929   967 V SystemServerTimingAsync: ssm.onUnlockedUser-0_com.android.server.wifi.p2p.WifiP2pService took to complete: 0ms
01-07 03:34:19.996   929   967 D SystemServerTimingAsync: ssm.onUnlockedUser-0_com.android.server.ConnectivityServiceInitializer
01-07 03:34:19.996   929   967 V SystemServerTimingAsync: ssm.onUnlockedUser-0_com.android.server.ConnectivityServiceInitializer took to complete: 0ms
01-07 03:34:19.996   929   967 D SystemServerTimingAsync: ssm.onUnlockedUser-0_com.android.server.notification.NotificationManagerService
01-07 03:34:19.996   929   967 V SystemServerTimingAsync: ssm.onUnlockedUser-0_com.android.server.notification.NotificationManagerService took to complete: 0ms
01-07 03:34:19.996   929   967 D SystemServerTimingAsync: ssm.onUnlockedUser-0_com.android.server.storage.DeviceStorageMonitorService
01-07 03:34:19.996   929   967 V SystemServerTimingAsync: ssm.onUnlockedUser-0_com.android.server.storage.DeviceStorageMonitorService took to complete: 0ms
01-07 03:34:19.996   929   967 D SystemServerTimingAsync: ssm.onUnlockedUser-0_com.android.server.location.LocationManagerService$Lifecycle
01-07 03:34:19.996   929   967 V SystemServerTimingAsync: ssm.onUnlockedUser-0_com.android.server.location.LocationManagerService$Lifecycle took to complete: 0ms
01-07 03:34:19.996   929   967 D SystemServerTimingAsync: ssm.onUnlockedUser-0_com.android.server.timedetector.TimeDetectorService$Lifecycle
01-07 03:34:19.996   929   967 V SystemServerTimingAsync: ssm.onUnlockedUser-0_com.android.server.timedetector.TimeDetectorService$Lifecycle took to complete: 0ms
01-07 03:34:19.996   929   967 D SystemServerTimingAsync: ssm.onUnlockedUser-0_com.android.server.timezonedetector.TimeZoneDetectorService$Lifecycle
01-07 03:34:19.996   929   967 V SystemServerTimingAsync: ssm.onUnlockedUser-0_com.android.server.timezonedetector.TimeZoneDetectorService$Lifecycle took to complete: 0ms
01-07 03:34:19.996   929   967 D SystemServerTimingAsync: ssm.onUnlockedUser-0_com.android.server.timezonedetector.location.LocationTimeZoneManagerService$Lifecycle
01-07 03:34:19.996   929   967 V SystemServerTimingAsync: ssm.onUnlockedUser-0_com.android.server.timezonedetector.location.LocationTimeZoneManagerService$Lifecycle took to complete: 0ms
01-07 03:34:19.996   929   967 D SystemServerTimingAsync: ssm.onUnlockedUser-0_com.android.server.search.SearchManagerService$Lifecycle
01-07 03:34:19.996   929   967 V SystemServerTimingAsync: ssm.onUnlockedUser-0_com.android.server.search.SearchManagerService$Lifecycle took to complete: 0ms
01-07 03:34:19.996   929   967 D SystemServerTimingAsync: ssm.onUnlockedUser-0_com.android.server.wallpaper.WallpaperManagerService$Lifecycle
01-07 03:34:19.997   929   967 V SystemServerTimingAsync: ssm.onUnlockedUser-0_com.android.server.wallpaper.WallpaperManagerService$Lifecycle took to complete: 0ms
01-07 03:34:19.997   929   967 D SystemServerTimingAsync: ssm.onUnlockedUser-0_com.android.server.wallpapereffectsgeneration.WallpaperEffectsGenerationManagerService
01-07 03:34:19.997   929   967 V SystemServerTimingAsync: ssm.onUnlockedUser-0_com.android.server.wallpapereffectsgeneration.WallpaperEffectsGenerationManagerService took to complete: 0ms
01-07 03:34:19.997   929   967 D SystemServerTimingAsync: ssm.onUnlockedUser-0_com.android.server.audio.AudioService$Lifecycle
01-07 03:34:19.997   929   967 V SystemServerTimingAsync: ssm.onUnlockedUser-0_com.android.server.audio.AudioService$Lifecycle took to complete: 0ms
01-07 03:34:19.997   929   967 D SystemServerTimingAsync: ssm.onUnlockedUser-0_com.android.server.soundtrigger_middleware.SoundTriggerMiddlewareService$Lifecycle
01-07 03:34:19.997   929   967 V SystemServerTimingAsync: ssm.onUnlockedUser-0_com.android.server.soundtrigger_middleware.SoundTriggerMiddlewareService$Lifecycle took to complete: 0ms
01-07 03:34:19.997   929   967 D SystemServerTimingAsync: ssm.onUnlockedUser-0_com.android.server.DockObserver
01-07 03:34:19.997   929   967 V SystemServerTimingAsync: ssm.onUnlockedUser-0_com.android.server.DockObserver took to complete: 0ms
01-07 03:34:19.997   929   967 D SystemServerTimingAsync: ssm.onUnlockedUser-0_com.android.server.adb.AdbService$Lifecycle
01-07 03:34:19.997   929   967 V SystemServerTimingAsync: ssm.onUnlockedUser-0_com.android.server.adb.AdbService$Lifecycle took to complete: 0ms
01-07 03:34:19.997   929   967 D SystemServerTimingAsync: ssm.onUnlockedUser-0_com.android.server.usb.UsbService$Lifecycle
01-07 03:34:19.997   929   967 V SystemServerTimingAsync: ssm.onUnlockedUser-0_com.android.server.usb.UsbService$Lifecycle took to complete: 0ms
01-07 03:34:19.997   929   967 D SystemServerTimingAsync: ssm.onUnlockedUser-0_com.android.server.twilight.TwilightService
01-07 03:34:19.997   929   967 V SystemServerTimingAsync: ssm.onUnlockedUser-0_com.android.server.twilight.TwilightService took to complete: 0ms
01-07 03:34:19.997   929   967 D SystemServerTimingAsync: ssm.onUnlockedUser-0_com.android.server.display.color.ColorDisplayService
01-07 03:34:19.997   929   967 V SystemServerTimingAsync: ssm.onUnlockedUser-0_com.android.server.display.color.ColorDisplayService took to complete: 0ms
01-07 03:34:19.997   929   967 D SystemServerTimingAsync: ssm.onUnlockedUser-0_com.android.server.job.JobSchedulerService
01-07 03:34:19.997   929   967 V SystemServerTimingAsync: ssm.onUnlockedUser-0_com.android.server.job.JobSchedulerService took to complete: 0ms
01-07 03:34:19.997   929   967 D SystemServerTimingAsync: ssm.onUnlockedUser-0_com.android.server.soundtrigger.SoundTriggerService
01-07 03:34:19.997   929   967 V SystemServerTimingAsync: ssm.onUnlockedUser-0_com.android.server.soundtrigger.SoundTriggerService took to complete: 0ms
01-07 03:34:19.997   929   967 D SystemServerTimingAsync: ssm.onUnlockedUser-0_com.android.server.trust.TrustManagerService
01-07 03:34:19.997   929   961 I ActivityTaskManager: START u0 {act=android.intent.action.MAIN cat=[android.intent.category.HOME] flg=0x10000100 cmp=com.sonos.tv.setup/.SetupActivity (has extras)} from uid 0
01-07 03:34:19.997   929   967 V SystemServerTimingAsync: ssm.onUnlockedUser-0_com.android.server.trust.TrustManagerService took to complete: 0ms
01-07 03:34:19.997   929   967 D SystemServerTimingAsync: ssm.onUnlockedUser-0_com.android.server.backup.BackupManagerService$Lifecycle
01-07 03:34:19.997   929   967 V SystemServerTimingAsync: ssm.onUnlockedUser-0_com.android.server.backup.BackupManagerService$Lifecycle took to complete: 0ms
01-07 03:34:19.997   929   967 D SystemServerTimingAsync: ssm.onUnlockedUser-0_com.android.server.appwidget.AppWidgetService
01-07 03:34:19.997   929   967 V SystemServerTimingAsync: ssm.onUnlockedUser-0_com.android.server.appwidget.AppWidgetService took to complete: 0ms
01-07 03:34:19.997   929   967 D SystemServerTimingAsync: ssm.onUnlockedUser-0_com.android.server.voiceinteraction.VoiceInteractionManagerService
01-07 03:34:19.997   929   967 V SystemServerTimingAsync: ssm.onUnlockedUser-0_com.android.server.voiceinteraction.VoiceInteractionManagerService took to complete: 0ms
01-07 03:34:19.997   929   967 D SystemServerTimingAsync: ssm.onUnlockedUser-0_com.android.server.apphibernation.AppHibernationService
01-07 03:34:19.997   929   967 V SystemServerTimingAsync: ssm.onUnlockedUser-0_com.android.server.apphibernation.AppHibernationService took to complete: 0ms
01-07 03:34:19.998   929   967 D SystemServerTimingAsync: ssm.onUnlockedUser-0_com.android.server.GestureLauncherService
01-07 03:34:19.998   929   967 V SystemServerTimingAsync: ssm.onUnlockedUser-0_com.android.server.GestureLauncherService took to complete: 0ms
01-07 03:34:19.998   929   967 D SystemServerTimingAsync: ssm.onUnlockedUser-0_com.android.server.SensorNotificationService
01-07 03:34:19.998   929   967 V SystemServerTimingAsync: ssm.onUnlockedUser-0_com.android.server.SensorNotificationService took to complete: 0ms
01-07 03:34:19.998   929   967 D SystemServerTimingAsync: ssm.onUnlockedUser-0_com.android.server.emergency.EmergencyAffordanceService
01-07 03:34:19.998   929   967 V SystemServerTimingAsync: ssm.onUnlockedUser-0_com.android.server.emergency.EmergencyAffordanceService took to complete: 0ms
01-07 03:34:19.998   929   967 D SystemServerTimingAsync: ssm.onUnlockedUser-0_com.android.server.blob.BlobStoreManagerService
01-07 03:34:19.998   929   967 V SystemServerTimingAsync: ssm.onUnlockedUser-0_com.android.server.blob.BlobStoreManagerService took to complete: 0ms
01-07 03:34:19.998   929   967 D SystemServerTimingAsync: ssm.onUnlockedUser-0_com.android.server.dreams.DreamManagerService
01-07 03:34:19.998   929   967 V SystemServerTimingAsync: ssm.onUnlockedUser-0_com.android.server.dreams.DreamManagerService took to complete: 0ms
01-07 03:34:19.998   929   967 D SystemServerTimingAsync: ssm.onUnlockedUser-0_com.android.server.security.AttestationVerificationManagerService
01-07 03:34:19.998   929   967 V SystemServerTimingAsync: ssm.onUnlockedUser-0_com.android.server.security.AttestationVerificationManagerService took to complete: 0ms
01-07 03:34:19.998   929   967 D SystemServerTimingAsync: ssm.onUnlockedUser-0_com.android.server.restrictions.RestrictionsManagerService
01-07 03:34:19.998   929   967 V SystemServerTimingAsync: ssm.onUnlockedUser-0_com.android.server.restrictions.RestrictionsManagerService took to complete: 0ms
01-07 03:34:19.998   929   967 D SystemServerTimingAsync: ssm.onUnlockedUser-0_com.android.server.media.MediaSessionService
01-07 03:34:19.998   929   967 V SystemServerTimingAsync: ssm.onUnlockedUser-0_com.android.server.media.MediaSessionService took to complete: 0ms
01-07 03:34:19.998   929   967 D SystemServerTimingAsync: ssm.onUnlockedUser-0_com.android.server.hdmi.HdmiControlService
01-07 03:34:19.998   929   967 V SystemServerTimingAsync: ssm.onUnlockedUser-0_com.android.server.hdmi.HdmiControlService took to complete: 0ms
01-07 03:34:19.998   929   967 D SystemServerTimingAsync: ssm.onUnlockedUser-0_com.android.server.tv.interactive.TvInteractiveAppManagerService
01-07 03:34:19.998   929   967 V SystemServerTimingAsync: ssm.onUnlockedUser-0_com.android.server.tv.interactive.TvInteractiveAppManagerService took to complete: 0ms
01-07 03:34:19.998   929   967 D SystemServerTimingAsync: ssm.onUnlockedUser-0_com.android.server.tv.TvInputManagerService
01-07 03:34:19.998   929   967 V SystemServerTimingAsync: ssm.onUnlockedUser-0_com.android.server.tv.TvInputManagerService took to complete: 0ms
01-07 03:34:19.998   929   967 D SystemServerTimingAsync: ssm.onUnlockedUser-0_com.android.server.tv.TvRemoteService
01-07 03:34:19.998   929   967 V SystemServerTimingAsync: ssm.onUnlockedUser-0_com.android.server.tv.TvRemoteService took to complete: 0ms
01-07 03:34:19.998   929   967 D SystemServerTimingAsync: ssm.onUnlockedUser-0_com.android.server.biometrics.BiometricService
01-07 03:34:19.998   929   967 V SystemServerTimingAsync: ssm.onUnlockedUser-0_com.android.server.biometrics.BiometricService took to complete: 0ms
01-07 03:34:19.998   929   967 D SystemServerTimingAsync: ssm.onUnlockedUser-0_com.android.server.biometrics.AuthService
01-07 03:34:19.998   929   967 V SystemServerTimingAsync: ssm.onUnlockedUser-0_com.android.server.biometrics.AuthService took to complete: 0ms
01-07 03:34:19.998   929   967 D SystemServerTimingAsync: ssm.onUnlockedUser-0_com.android.server.pm.ShortcutService$Lifecycle
01-07 03:34:19.998   929   967 V SystemServerTimingAsync: ssm.onUnlockedUser-0_com.android.server.pm.ShortcutService$Lifecycle took to complete: 0ms
01-07 03:34:19.998   929   967 D SystemServerTimingAsync: ssm.onUnlockedUser-0_com.android.server.pm.LauncherAppsService
01-07 03:34:19.998   929   967 V SystemServerTimingAsync: ssm.onUnlockedUser-0_com.android.server.pm.LauncherAppsService took to complete: 0ms
01-07 03:34:19.999   929   967 D SystemServerTimingAsync: ssm.onUnlockedUser-0_com.android.server.pm.CrossProfileAppsService
01-07 03:34:19.999   929   967 V SystemServerTimingAsync: ssm.onUnlockedUser-0_com.android.server.pm.CrossProfileAppsService took to complete: 0ms
01-07 03:34:19.999   929   967 D SystemServerTimingAsync: ssm.onUnlockedUser-0_com.android.server.people.PeopleService
01-07 03:34:20.007     0     0 I [0 T1     ..] selinux: SELinux: Skipping restorecon on directory(/data/misc_ce/0/apexdata/com.android.wifi)
01-07 03:34:20.007     0     0 I [0 T1     ..] selinux:  
01-07 03:34:19.999   929   967 V SystemServerTimingAsync: ssm.onUnlockedUser-0_com.android.server.people.PeopleService took to complete: 0ms
01-07 03:34:19.999   929   967 D SystemServerTimingAsync: ssm.onUnlockedUser-0_com.android.server.media.metrics.MediaMetricsManagerService
01-07 03:34:19.999   929   967 V SystemServerTimingAsync: ssm.onUnlockedUser-0_com.android.server.media.metrics.MediaMetricsManagerService took to complete: 0ms
01-07 03:34:19.999   929   967 D SystemServerTimingAsync: ssm.onUnlockedUser-0_com.android.server.media.projection.MediaProjectionManagerService
01-07 03:34:20.000   929   967 V SystemServerTimingAsync: ssm.onUnlockedUser-0_com.android.server.media.projection.MediaProjectionManagerService took to complete: 0ms
01-07 03:34:20.000   929   967 D SystemServerTimingAsync: ssm.onUnlockedUser-0_com.android.server.slice.SliceManagerService$Lifecycle
01-07 03:34:20.000   929   967 V SystemServerTimingAsync: ssm.onUnlockedUser-0_com.android.server.slice.SliceManagerService$Lifecycle took to complete: 0ms
01-07 03:34:20.000   929   967 D SystemServerTimingAsync: ssm.onUnlockedUser-0_com.android.server.stats.StatsCompanion$Lifecycle
01-07 03:34:20.000   929   967 V SystemServerTimingAsync: ssm.onUnlockedUser-0_com.android.server.stats.StatsCompanion$Lifecycle took to complete: 0ms
01-07 03:34:20.000   929   967 D SystemServerTimingAsync: ssm.onUnlockedUser-0_com.android.server.scheduling.RebootReadinessManagerService$Lifecycle
01-07 03:34:20.000   929   967 V SystemServerTimingAsync: ssm.onUnlockedUser-0_com.android.server.scheduling.RebootReadinessManagerService$Lifecycle took to complete: 0ms
01-07 03:34:20.000   929   967 D SystemServerTimingAsync: ssm.onUnlockedUser-0_com.android.server.stats.pull.StatsPullAtomService
01-07 03:34:20.000   929   967 V SystemServerTimingAsync: ssm.onUnlockedUser-0_com.android.server.stats.pull.StatsPullAtomService took to complete: 0ms
01-07 03:34:20.000   929   967 D SystemServerTimingAsync: ssm.onUnlockedUser-0_com.android.server.stats.bootstrap.StatsBootstrapAtomService$Lifecycle
01-07 03:34:20.000   929   967 V SystemServerTimingAsync: ssm.onUnlockedUser-0_com.android.server.stats.bootstrap.StatsBootstrapAtomService$Lifecycle took to complete: 0ms
01-07 03:34:20.000   929   967 D SystemServerTimingAsync: ssm.onUnlockedUser-0_com.android.server.incident.IncidentCompanionService
01-07 03:34:20.000   929   967 V SystemServerTimingAsync: ssm.onUnlockedUser-0_com.android.server.incident.IncidentCompanionService took to complete: 0ms
01-07 03:34:20.000   929   967 D SystemServerTimingAsync: ssm.onUnlockedUser-0_com.android.server.sdksandbox.SdkSandboxManagerService$Lifecycle
01-07 03:34:20.000   929   967 V SystemServerTimingAsync: ssm.onUnlockedUser-0_com.android.server.sdksandbox.SdkSandboxManagerService$Lifecycle took to complete: 0ms
01-07 03:34:20.000   929   967 D SystemServerTimingAsync: ssm.onUnlockedUser-0_com.android.server.adservices.AdServicesManagerService$Lifecycle
01-07 03:34:20.000   929   967 V SystemServerTimingAsync: ssm.onUnlockedUser-0_com.android.server.adservices.AdServicesManagerService$Lifecycle took to complete: 0ms
01-07 03:34:20.000   929   967 D SystemServerTimingAsync: ssm.onUnlockedUser-0_com.android.server.autofill.AutofillManagerService
01-07 03:34:20.000   929   967 V SystemServerTimingAsync: ssm.onUnlockedUser-0_com.android.server.autofill.AutofillManagerService took to complete: 0ms
01-07 03:34:20.000   929   967 D SystemServerTimingAsync: ssm.onUnlockedUser-0_com.android.server.clipboard.ClipboardService
01-07 03:34:20.000   929   967 V SystemServerTimingAsync: ssm.onUnlockedUser-0_com.android.server.clipboard.ClipboardService took to complete: 0ms
01-07 03:34:20.000   929   967 D SystemServerTimingAsync: ssm.onUnlockedUser-0_com.android.server.appbinding.AppBindingService$Lifecycle
01-07 03:34:20.000   929   967 V SystemServerTimingAsync: ssm.onUnlockedUser-0_com.android.server.appbinding.AppBindingService$Lifecycle took to complete: 0ms
01-07 03:34:20.000   929   967 D SystemServerTimingAsync: ssm.onUnlockedUser-0_com.android.server.tracing.TracingServiceProxy
01-07 03:34:20.000   929   967 V SystemServerTimingAsync: ssm.onUnlockedUser-0_com.android.server.tracing.TracingServiceProxy took to complete: 0ms
01-07 03:34:20.000   929   967 D SystemServerTimingAsync: ssm.onUnlockedUser-0_com.android.server.policy.PermissionPolicyService
01-07 03:34:20.000   929   967 V SystemServerTimingAsync: ssm.onUnlockedUser-0_com.android.server.policy.PermissionPolicyService took to complete: 0ms
01-07 03:34:20.000   929   967 D SystemServerTimingAsync: ssm.onUnlockedUser-0_com.android.server.pm.StagingManager$Lifecycle
01-07 03:34:20.000   929   967 V SystemServerTimingAsync: ssm.onUnlockedUser-0_com.android.server.pm.StagingManager$Lifecycle took to complete: 0ms
01-07 03:34:20.000   929   967 D SystemServerTimingAsync: ssm.onUnlockedUser-0_com.android.server.app.GameManagerService$Lifecycle
01-07 03:34:20.000   929   967 V SystemServerTimingAsync: ssm.onUnlockedUser-0_com.android.server.app.GameManagerService$Lifecycle took to complete: 0ms
01-07 03:34:20.000   929   967 D SystemServerTimingAsync: ssm.onUnlockedUser-0_com.android.safetycenter.SafetyCenterService
01-07 03:34:20.000   929   967 V SystemServerTimingAsync: ssm.onUnlockedUser-0_com.android.safetycenter.SafetyCenterService took to complete: 0ms
01-07 03:34:20.000   929   967 D SystemServerTimingAsync: ssm.onUnlockedUser-0_com.android.server.appsearch.AppSearchModule$Lifecycle
01-07 03:34:20.000   929   967 V SystemServerTimingAsync: ssm.onUnlockedUser-0_com.android.server.appsearch.AppSearchModule$Lifecycle took to complete: 0ms
01-07 03:34:20.001   929   967 D SystemServerTimingAsync: ssm.onUnlockedUser-0_com.android.server.media.MediaCommunicationService
01-07 03:34:20.001   929   967 V SystemServerTimingAsync: ssm.onUnlockedUser-0_com.android.server.media.MediaCommunicationService took to complete: 0ms
01-07 03:34:20.001   929   967 D SystemServerTimingAsync: ssm.onUnlockedUser-0_com.android.server.compat.overrides.AppCompatOverridesService$Lifecycle
01-07 03:34:20.001   929   967 V SystemServerTimingAsync: ssm.onUnlockedUser-0_com.android.server.compat.overrides.AppCompatOverridesService$Lifecycle took to complete: 0ms
01-07 03:34:20.001   929   967 V SystemServerTimingAsync: ssm.UnlockedUser-0 took to complete: 15ms
01-07 03:34:20.001   929   967 W ActivityManager: UserLifecycleEvent 6 received without an active userJourneySession.
01-07 03:34:20.006   929   961 D CompatibilityChangeReporter: Compat change id reported: 184838306; UID 7501; state: DISABLED
01-07 03:34:20.006   929   961 D CompatibilityChangeReporter: Compat change id reported: 185004937; UID 7501; state: DISABLED
01-07 03:34:20.006   929   961 D CompatibilityChangeReporter: Compat change id reported: 181136395; UID 7501; state: DISABLED
01-07 03:34:20.007   929   961 D CompatibilityChangeReporter: Compat change id reported: 174042936; UID 7501; state: DISABLED
01-07 03:34:20.007   929   961 D CompatibilityChangeReporter: Compat change id reported: 174042980; UID 7501; state: DISABLED
01-07 03:34:20.007   929   961 D CompatibilityChangeReporter: Compat change id reported: 194480991; UID 7501; state: ENABLED
01-07 03:34:20.013     0     0 W [6 T1761  ..] audit: audit_lost=72 audit_rate_limit=5 audit_backlog_limit=64
01-07 03:34:20.011   929   961 D CompatibilityChangeReporter: Compat change id reported: 197654537; UID 7501; state: ENABLED
01-07 03:34:20.011   929   960 I DropBoxManagerService: add tag=system_server_strictmode isTagEnabled=true flags=0x2
01-07 03:34:20.025   929  1765 E TaskPersister: File error accessing recents directory (directory doesn't exist?).
01-07 03:34:20.025   929  1765 E TaskPersister: File error accessing recents directory (directory doesn't exist?).
01-07 03:34:20.027   929   929 D CompatibilityChangeReporter: Compat change id reported: 135634846; UID 10088; state: DISABLED
01-07 03:34:20.027   929   929 D CompatibilityChangeReporter: Compat change id reported: 177438394; UID 10088; state: DISABLED
01-07 03:34:20.027   929   929 D CompatibilityChangeReporter: Compat change id reported: 135772972; UID 10088; state: DISABLED
01-07 03:34:20.028   929   929 D CompatibilityChangeReporter: Compat change id reported: 135754954; UID 10088; state: ENABLED
01-07 03:34:20.031   929   967 W BroadcastQueue: Target SDK mismatch: receiver ActivityInfo{a11c9e2 com.droidlogic.EthernetWifiSwitch} targets 33 but delivery restricted to [0, 23] broadcasting Intent { act=android.net.conn.CONNECTIVITY_CHANGE flg=0x4200010 (has extras) } from android (pid=929, uid=1000) to com.droidlogic/.EthernetWifiSwitch
01-07 03:34:20.032   929   968 W ActivityManager: Slow operation: 59ms so far, now at startProcess: done updating battery stats
01-07 03:34:20.032   929   968 I Watchdog: Interesting Java process com.android.providers.media.module started. Pid 1763
01-07 03:34:20.032   929   968 W ActivityManager: Slow operation: 59ms so far, now at startProcess: building log message
01-07 03:34:20.032   929   968 I ActivityManager: Start proc 1763:com.android.providers.media.module/u0a75 for service {com.android.providers.media.module/com.android.providers.media.fuse.ExternalStorageServiceImpl}
01-07 03:34:20.032   929   968 W ActivityManager: Slow operation: 59ms so far, now at startProcess: starting to update pids map
01-07 03:34:20.032   929   929 V NotificationAssistants: disabling notification assistant for user 0: ComponentInfo{android.ext.services/android.ext.services.notification.Assistant}
01-07 03:34:20.032   929   968 W ActivityManager: Slow operation: 59ms so far, now at startProcess: done updating pids map
01-07 03:34:20.032   929   929 D NotificationListeners: Removing active service ComponentInfo{android.ext.services/android.ext.services.notification.Assistant}
01-07 03:34:20.032   929  1546 W ActivityManager: No pending application record for pid 1741 (IApplicationThread android.app.IApplicationThread$Stub$Proxy@d9dd830); dropping process
01-07 03:34:20.032   929   968 W ActivityManager: Slow operation: 54ms so far, now at startProcess: asking zygote to start proc
01-07 03:34:20.033   929   968 D CompatibilityChangeReporter: Compat change id reported: 143937733; UID 10067; state: ENABLED
01-07 03:34:20.033   929   961 D CompatibilityChangeReporter: Compat change id reported: 135634846; UID 7501; state: DISABLED
01-07 03:34:20.034   929   961 D CompatibilityChangeReporter: Compat change id reported: 177438394; UID 7501; state: DISABLED
01-07 03:34:20.034   929   961 D CompatibilityChangeReporter: Compat change id reported: 135772972; UID 7501; state: DISABLED
01-07 03:34:20.034   929   961 D CompatibilityChangeReporter: Compat change id reported: 135754954; UID 7501; state: ENABLED
01-07 03:34:20.034   929  1542 D CompatibilityChangeReporter: Compat change id reported: 161252188; UID 1000; state: ENABLED
01-07 03:34:20.040   929  1542 D CompatibilityChangeReporter: Compat change id reported: 135634846; UID 1000; state: DISABLED
01-07 03:34:20.040   929  1542 D CompatibilityChangeReporter: Compat change id reported: 177438394; UID 1000; state: DISABLED
01-07 03:34:20.040   929  1542 D CompatibilityChangeReporter: Compat change id reported: 135772972; UID 1000; state: DISABLED
01-07 03:34:20.040   929  1542 D CompatibilityChangeReporter: Compat change id reported: 135754954; UID 1000; state: ENABLED
01-07 03:34:20.046   929   929 V NotificationAssistants: enabling notification assistant for 0: ComponentInfo{android.ext.services/android.ext.services.notification.Assistant}
01-07 03:34:20.046   929   929 V NotificationAssistants: binding: Intent { act=android.service.notification.NotificationAssistantService cmp=android.ext.services/.notification.Assistant (has extras) }
01-07 03:34:20.046  1336  1336 W ContextImpl: Calling a method in the system process without a qualified user: android.app.ContextImpl.startService:1863 android.content.ContextWrapper.startService:817 android.content.ContextWrapper.startService:817 com.droidlogic.btpair.FastBootComplete.onReceive:20 android.app.ActivityThread.handleReceiver:4310 
01-07 03:34:20.047   929   968 W ActivityManager: Slow operation: 69ms so far, now at startProcess: returned from zygote!
01-07 03:34:20.047   929   929 D CompatibilityChangeReporter: Compat change id reported: 168419799; UID 10084; state: DISABLED
01-07 03:34:20.050   929   968 W ActivityManager: Slow operation: 72ms so far, now at startProcess: done updating battery stats
01-07 03:34:20.050   929   968 W ActivityManager: Slow operation: 72ms so far, now at startProcess: building log message
01-07 03:34:20.050   929   968 I ActivityManager: Start proc 1778:com.caavo.pw.ceccontroller/u0a67 for added application com.caavo.pw.ceccontroller
01-07 03:34:20.050   929   968 W ActivityManager: Slow operation: 72ms so far, now at startProcess: starting to update pids map
01-07 03:34:20.050   929   968 W ActivityManager: Slow operation: 72ms so far, now at startProcess: done updating pids map
01-07 03:34:20.050   929   968 W ActivityManager: Slow operation: 71ms so far, now at startProcess: asking zygote to start proc
01-07 03:34:20.066   929   968 W ActivityManager: Slow operation: 87ms so far, now at startProcess: returned from zygote!
01-07 03:34:20.066   929   968 W ActivityManager: Slow operation: 87ms so far, now at startProcess: done updating battery stats
01-07 03:34:20.066   929   968 W ActivityManager: Slow operation: 87ms so far, now at startProcess: building log message
01-07 03:34:20.066   929   968 I ActivityManager: Start proc 1779:com.sonos.cinemascope/u0a56 for added application com.sonos.cinemascope
01-07 03:34:20.066   929   968 W ActivityManager: Slow operation: 87ms so far, now at startProcess: starting to update pids map
01-07 03:34:20.066   929   968 W ActivityManager: Slow operation: 88ms so far, now at startProcess: done updating pids map
01-07 03:34:20.067   929   968 D CompatibilityChangeReporter: Compat change id reported: 143937733; UID 10088; state: ENABLED
01-07 03:34:20.081   929   968 W ActivityManager: Slow operation: 56ms so far, now at startProcess: returned from zygote!
01-07 03:34:20.081   929   968 W ActivityManager: Slow operation: 56ms so far, now at startProcess: done updating battery stats
01-07 03:34:20.081   929   968 W ActivityManager: Slow operation: 57ms so far, now at startProcess: building log message
01-07 03:34:20.081   929   968 I ActivityManager: Start proc 1788:com.sonos.connectivity/u0a88 for service {com.sonos.connectivity/com.sonos.connectivity.mediacontroller.MediaControllerService}
01-07 03:34:20.081   929   968 W ActivityManager: Slow operation: 57ms so far, now at startProcess: starting to update pids map
01-07 03:34:20.082   929   968 W ActivityManager: Slow operation: 57ms so far, now at startProcess: done updating pids map
01-07 03:34:20.088   929  1178 V BackupManagerService: [UserID:0] No ancestral data
01-07 03:34:20.103   929  1735 V BackupManagerConstants: getKeyValueBackupIntervalMilliseconds(...) returns 14400000
01-07 03:34:20.103   929  1735 V BackupManagerConstants: getKeyValueBackupFuzzMilliseconds(...) returns 600000
01-07 03:34:20.103   929  1735 V BackupManagerConstants: getKeyValueBackupRequiredNetworkType(...) returns 1
01-07 03:34:20.103   929  1735 V BackupManagerConstants: getKeyValueBackupRequireCharging(...) returns true
01-07 03:34:20.103   929  1735 V KeyValueBackupJob: Scheduling k/v pass in 249 minutes
01-07 03:34:20.114   929   968 W ActivityManager: Slow operation: 81ms so far, now at startProcess: returned from zygote!
01-07 03:34:20.115   929   968 W ActivityManager: Slow operation: 82ms so far, now at startProcess: done updating battery stats
01-07 03:34:20.115   929   968 W ActivityManager: Slow operation: 82ms so far, now at startProcess: building log message
01-07 03:34:20.115   929   968 I ActivityManager: Start proc 1804:com.sonos.tv.setup/7501 for top-activity {com.sonos.tv.setup/com.sonos.tv.setup.SetupActivity}
01-07 03:34:20.115   929   968 W ActivityManager: Slow operation: 82ms so far, now at startProcess: starting to update pids map
01-07 03:34:20.115   929   968 W ActivityManager: Slow operation: 82ms so far, now at startProcess: done updating pids map
01-07 03:34:20.115   929   968 W ActivityManager: Slow operation: 79ms so far, now at startProcess: asking zygote to start proc
01-07 03:34:20.116   929  1546 D CompatibilityChangeReporter: Compat change id reported: 168419799; UID 10056; state: DISABLED
01-07 03:34:20.134     0     0 I [3 T69    ..] binder: undelivered TRANSACTION_COMPLETE
01-07 03:34:20.134     0     0 I [3 T69    ..] binder: undelivered transaction 43026, process died.
01-07 03:34:20.138   929  1178 I BackupManagerService: isBackupEnabled() => false due to absent settings file
01-07 03:34:20.138   929  1178 D BackupManagerService: user:0 readBackupEnableState enabled:false
01-07 03:34:20.138   929  1178 I BackupManagerService: [UserID:0] Backup enabled => false
01-07 03:34:20.139   929   968 W ActivityManager: Slow operation: 102ms so far, now at startProcess: returned from zygote!
01-07 03:34:20.139   929   968 W ActivityManager: Slow operation: 103ms so far, now at startProcess: done updating battery stats
01-07 03:34:20.139   929   968 W ActivityManager: Slow operation: 103ms so far, now at startProcess: building log message
01-07 03:34:20.139   929   968 I ActivityManager: Start proc 1816:com.android.keychain/1000 for service {com.android.keychain/com.android.keychain.KeyChainService}
01-07 03:34:20.139   929   968 W ActivityManager: Slow operation: 103ms so far, now at startProcess: starting to update pids map
01-07 03:34:20.139   929   968 W ActivityManager: Slow operation: 103ms so far, now at startProcess: done updating pids map
01-07 03:34:20.150   929   944 D CompatibilityChangeReporter: Compat change id reported: 168419799; UID 10075; state: DISABLED
01-07 03:34:20.158   929  1546 D CompatibilityChangeReporter: Compat change id reported: 168419799; UID 10067; state: DISABLED
01-07 03:34:20.165   929   960 I DropBoxManagerService: add tag=system_app_strictmode isTagEnabled=true flags=0x2
01-07 03:34:20.172   929  1546 D CompatibilityChangeReporter: Compat change id reported: 168419799; UID 7501; state: DISABLED
01-07 03:34:20.176   929  1546 D CompatibilityChangeReporter: Compat change id reported: 174042980; UID 1000; state: DISABLED
01-07 03:34:20.186   929   929 W Looper  : Slow dispatch took 134ms main h=android.app.ActivityThread$H c=android.app.LoadedApk$ReceiverDispatcher$Args$$ExternalSyntheticLambda0@685bf1 m=0
01-07 03:34:20.187   929   929 W Looper  : Slow delivery took 201ms main h=com.android.server.notification.NotificationManagerService$WorkerHandler c=com.android.server.notification.NotificationManagerService$EnqueueNotificationRunnable@5d8c3d6 m=0
01-07 03:34:20.187   929   929 I NotificationHistory: Attempted to unlock gone/disabled user 0
01-07 03:34:20.193   929   929 D CompatibilityChangeReporter: Compat change id reported: 135634846; UID 10068; state: DISABLED
01-07 03:34:20.193   929   929 D CompatibilityChangeReporter: Compat change id reported: 177438394; UID 10068; state: DISABLED
01-07 03:34:20.193   929   929 D CompatibilityChangeReporter: Compat change id reported: 135772972; UID 10068; state: DISABLED
01-07 03:34:20.194   929   929 D CompatibilityChangeReporter: Compat change id reported: 135754954; UID 10068; state: ENABLED
01-07 03:34:20.194   929   968 D CompatibilityChangeReporter: Compat change id reported: 143937733; UID 10068; state: ENABLED
01-07 03:34:20.194   929   929 V NotificationAssistants: 0 notification assistant service connected: ComponentInfo{android.ext.services/android.ext.services.notification.Assistant}
01-07 03:34:20.196   929   929 W Looper  : Drained
01-07 03:34:20.199     0     0 E [3 T1523  ..] [schedu][0x197c0d2][03: 34:20.195419] wlan: [1523:E:REGULATORY] reg_fill_chan320mhz_seg0_center: Cannot find 160Mhz centers for freq 7075
01-07 03:34:20.200     0     0 E [3 T1523  ..] [schedu][0x197c545][03: 34:20.196558] wlan: [1523:E:REGULATORY] reg_fill_chan320mhz_seg0_center: Cannot find 160Mhz centers for freq 7095
01-07 03:34:20.204     0     0 E [3 T1523  ..] [schedu][0x197d3c7][03: 34:20.200272] wlan: [1523:E:REGULATORY] reg_fill_chan320mhz_seg0_center: Cannot find 160Mhz centers for freq 7115
01-07 03:34:20.197   929   929 D BatterySaverPolicy: accessibility changed to true, updating policy.
01-07 03:34:20.203   604   604 I wificond: Receive notifyCountryCodeChanged
01-07 03:34:20.203   604   604 I wificond: UpdateBandInfo
01-07 03:34:20.207   604   604 I wificond: 2.4Ghz frequencies: 2412 2417 2422 2427 2432 2437 2442 2447 2452 2457 2462
01-07 03:34:20.207   604   604 I wificond: 5Ghz non-DFS frequencies: 5180 5200 5220 5240 5745 5765 5785 5805 5825
01-07 03:34:20.207   604   604 I wificond: 5Ghz DFS frequencies: 5260 5280 5300 5320 5500 5520 5540 5560 5580 5600 5620 5640 5660 5680 5700 5720
01-07 03:34:20.207   604   604 I wificond: 6Ghz frequencies: 5955 5975 5995 6015 6035 6055 6075 6095 6115 6135 6155 6175 6195 6215 6235 6255 6275 6295 6315 6335 6355 6375 6395 6415 6435 6455 6475 6495 6515 6535 6555 6575 6595 6615 6635 6655 6675 6695 6715 6735 6755 6775 6795 6815 6835 6855 6875 6895 6915 6935 6955 6975 6995 7015 7035 7055 7075 7095 7115
01-07 03:34:20.207   604   604 I wificond: 60Ghz frequencies:
01-07 03:34:20.208   604   604 I wificond: Regulatory domain changed to country: US on wiphy_index: 0
01-07 03:34:20.208   604   604 I wificond: UpdateBandInfo
01-07 03:34:20.209   929  1869 I DropBoxManagerService: add tag=SYSTEM_BOOT isTagEnabled=true flags=0x2
01-07 03:34:20.212   929  1869 I BootReceiver: Copying /sys/fs/pstore/console-ramoops-0 to DropBox (SYSTEM_LAST_KMSG)
01-07 03:34:20.213   929  1869 I DropBoxManagerService: add tag=SYSTEM_LAST_KMSG isTagEnabled=true flags=0x6
01-07 03:34:20.215   929  1188 E HDMI    : [1]:Failed to send <Give Device Power Status> 30:8F with errorCode=1
01-07 03:34:20.215   929   929 D HDMI    : queryDisplayStatus status=-1
01-07 03:34:20.215   929   968 I ActivityManager: Start proc 1873:com.aml.dial/u0a68 for broadcast {com.aml.dial/com.aml.dial.BootBroadcast}
01-07 03:34:20.216   929   929 D HDMI    : queryDisplayStatus status=-1
01-07 03:34:20.216   929   929 D HDMI    : Boot tv status=-1
01-07 03:34:20.217   604   604 I wificond: 2.4Ghz frequencies: 2412 2417 2422 2427 2432 2437 2442 2447 2452 2457 2462
01-07 03:34:20.217   604   604 I wificond: 5Ghz non-DFS frequencies: 5180 5200 5220 5240 5745 5765 5785 5805 5825
01-07 03:34:20.217   604   604 I wificond: 5Ghz DFS frequencies: 5260 5280 5300 5320 5500 5520 5540 5560 5580 5600 5620 5640 5660 5680 5700 5720
01-07 03:34:20.217   604   604 I wificond: 6Ghz frequencies: 5955 5975 5995 6015 6035 6055 6075 6095 6115 6135 6155 6175 6195 6215 6235 6255 6275 6295 6315 6335 6355 6375 6395 6415 6435 6455 6475 6495 6515 6535 6555 6575 6595 6615 6635 6655 6675 6695 6715 6735 6755 6775 6795 6815 6835 6855 6875 6895 6915 6935 6955 6975 6995 7015 7035 7055 7075 7095 7115
01-07 03:34:20.217   604   604 I wificond: 60Ghz frequencies:
01-07 03:34:20.219   929  1869 I BootReceiver: Copying audit failures to DropBox
01-07 03:34:20.223   929  1869 I BootReceiver: Copied 504 worth of audits to DropBox
01-07 03:34:20.223   929  1869 I DropBoxManagerService: add tag=SYSTEM_AUDIT isTagEnabled=true flags=0x2
01-07 03:34:20.226   929  1869 I BootReceiver: Checking for fsck errors
01-07 03:34:20.227   929  1869 I BootReceiver: fs_stat, partition:param stat:0x3
01-07 03:34:20.227   929  1869 I BootReceiver: fs_stat, partition:tee stat:0x3
01-07 03:34:20.237   929  1869 D CompatibilityChangeReporter: Compat change id reported: 135634846; UID 10018; state: DISABLED
01-07 03:34:20.237   929  1869 D CompatibilityChangeReporter: Compat change id reported: 177438394; UID 10018; state: DISABLED
01-07 03:34:20.237   929  1869 D CompatibilityChangeReporter: Compat change id reported: 135772972; UID 10018; state: DISABLED
01-07 03:34:20.237   929  1869 D CompatibilityChangeReporter: Compat change id reported: 135754954; UID 10018; state: ENABLED
01-07 03:34:20.238   929   968 D CompatibilityChangeReporter: Compat change id reported: 143937733; UID 10018; state: ENABLED
01-07 03:34:20.250   929   968 I ActivityManager: Start proc 1886:android.process.media/u0a18 for content provider {com.android.providers.downloads/com.android.providers.downloads.DownloadProvider}
01-07 03:34:20.264   929  1210 D CompatibilityChangeReporter: Compat change id reported: 168419799; UID 10088; state: DISABLED
01-07 03:34:20.277   929  1210 D CompatibilityChangeReporter: Compat change id reported: 168419799; UID 10068; state: DISABLED
01-07 03:34:20.284   929  1457 D CompatibilityChangeReporter: Compat change id reported: 161145287; UID 10067; state: DISABLED
01-07 03:34:20.328   929  1457 D CompatibilityChangeReporter: Compat change id reported: 168419799; UID 10018; state: DISABLED
01-07 03:34:20.379   929   958 D sysclock_state: set to SYNCED, reason: OK
01-07 03:34:25.891   929  1069 E LazyAlarmStore: Removed TIME_TICK alarm
01-07 03:34:25.896   929   929 W SyncManager: Clock is valid now.
01-07 03:34:25.902   929   929 D ConditionProviders.SCP: onReceive android.intent.action.TIME_SET
01-07 03:34:25.903   929   967 D CompatibilityChangeReporter: Compat change id reported: 135634846; UID 10080; state: DISABLED
01-07 03:34:25.903   929   967 D CompatibilityChangeReporter: Compat change id reported: 177438394; UID 10080; state: DISABLED
01-07 03:34:25.903   929   967 D CompatibilityChangeReporter: Compat change id reported: 135772972; UID 10080; state: DISABLED
01-07 03:34:25.903   929   967 D CompatibilityChangeReporter: Compat change id reported: 135754954; UID 10080; state: ENABLED
01-07 03:34:25.904   929   968 D CompatibilityChangeReporter: Compat change id reported: 143937733; UID 10080; state: ENABLED
01-07 03:34:25.907   929  1457 W WindowManager: Failed looking up window session=Session{cd5c85 1804:7501} callers=com.android.server.wm.WindowManagerService.windowForClientLocked:5976 com.android.server.wm.Session.updateRequestedVisibilities:701 android.view.IWindowSession$Stub.onTransact:1075 
01-07 03:34:25.910   929  1054 D CoreBackPreview: Window{60c3c01 u0 com.sonos.tv.setup/com.sonos.tv.setup.SetupActivity}: Setting back callback OnBackInvokedCallbackInfo{mCallback=android.window.IOnBackInvokedCallback$Stub$Proxy@41b2771, mPriority=0}
01-07 03:34:25.912   929  1165 D CompatibilityChangeReporter: Compat change id reported: 135634846; UID 10021; state: DISABLED
01-07 03:34:25.912   929  1165 D CompatibilityChangeReporter: Compat change id reported: 177438394; UID 10021; state: DISABLED
01-07 03:34:25.912   929  1165 D CompatibilityChangeReporter: Compat change id reported: 135772972; UID 10021; state: DISABLED
01-07 03:34:25.912   929  1165 D CompatibilityChangeReporter: Compat change id reported: 135754954; UID 10021; state: ENABLED
01-07 03:34:25.920   929   929 D ConditionProviders.SCP: evaluateSubscriptionLocked cal=ScheduleCalendar[mDays={1, 2, 3, 4, 5, 6, 7}, mSchedule=ScheduleInfo{days=[1, 2, 3, 4, 5, 6, 7], startHour=22, startMinute=0, endHour=7, endMinute=0, exitAtAlarm=true, nextAlarm=Thu Jan 01 00:00:00 GMT 1970 (0)}], now=Tue Jan 07 03:34:25 GMT 2025 (1736220865902), nextUserAlarmTime=Thu Jan 01 00:00:00 GMT 1970 (0)
01-07 03:34:25.920   929   929 D ConditionProviders.SCP: notifyCondition condition://android/schedule?days=1.2.3.4.5.6.7&start=22.0&end=7.0&exitAtAlarm=true STATE_TRUE reason=meetsSchedule
01-07 03:34:25.920   929   929 D ConditionProviders.SCP: Scheduling evaluate for Tue Jan 07 07:00:00 GMT 2025 (1736233200000), in +3h25m34s98ms, now=Tue Jan 07 03:34:25 GMT 2025 (1736220865902)
