01-07 03:34:19.997   929   967 D SystemServerTimingAsync: ssm.onUnlockedUser-0_com.android.server.apphibernation.AppHibernationService
01-07 03:34:19.997   929   967 V SystemServerTimingAsync: ssm.onUnlockedUser-0_com.android.server.apphibernation.AppHibernationService took to complete: 0ms
01-07 03:34:19.998   929   967 D SystemServerTimingAsync: ssm.onUnlockedUser-0_com.android.server.GestureLauncherService
01-07 03:34:19.998   929   967 V SystemServerTimingAsync: ssm.onUnlockedUser-0_com.android.server.GestureLauncherService took to complete: 0ms
01-07 03:34:19.998   929   967 D SystemServerTimingAsync: ssm.onUnlockedUser-0_com.android.server.SensorNotificationService
01-07 03:34:19.998   929   967 V SystemServerTimingAsync: ssm.onUnlockedUser-0_com.android.server.SensorNotificationService took to complete: 0ms
01-07 03:34:19.998   929   967 D SystemServerTimingAsync: ssm.onUnlockedUser-0_com.android.server.emergency.EmergencyAffordanceService
01-07 03:34:19.998   929   967 V SystemServerTimingAsync: ssm.onUnlockedUser-0_com.android.server.emergency.EmergencyAffordanceService took to complete: 0ms
01-07 03:34:19.998   929   967 D SystemServerTimingAsync: ssm.onUnlockedUser-0_com.android.server.blob.BlobStoreManagerService
01-07 03:34:19.998   929   967 V SystemServerTimingAsync: ssm.onUnlockedUser-0_com.android.server.blob.BlobStoreManagerService took to complete: 0ms
01-07 03:34:19.998   929   967 D SystemServerTimingAsync: ssm.onUnlockedUser-0_com.android.server.dreams.DreamManagerService
01-07 03:34:19.998   929   967 V SystemServerTimingAsync: ssm.onUnlockedUser-0_com.android.server.dreams.DreamManagerService took to complete: 0ms
01-07 03:34:19.998   929   967 D SystemServerTimingAsync: ssm.onUnlockedUser-0_com.android.server.security.AttestationVerificationManagerService
01-07 03:34:19.998   929   967 V SystemServerTimingAsync: ssm.onUnlockedUser-0_com.android.server.security.AttestationVerificationManagerService took to complete: 0ms
01-07 03:34:19.998   929   967 D SystemServerTimingAsync: ssm.onUnlockedUser-0_com.android.server.restrictions.RestrictionsManagerService
01-07 03:34:19.998   929   967 V SystemServerTimingAsync: ssm.onUnlockedUser-0_com.android.server.restrictions.RestrictionsManagerService took to complete: 0ms
01-07 03:34:19.998   929   967 D SystemServerTimingAsync: ssm.onUnlockedUser-0_com.android.server.media.MediaSessionService
01-07 03:34:19.998   929   967 V SystemServerTimingAsync: ssm.onUnlockedUser-0_com.android.server.media.MediaSessionService took to complete: 0ms
01-07 03:34:19.998   929   967 D SystemServerTimingAsync: ssm.onUnlockedUser-0_com.android.server.hdmi.HdmiControlService
01-07 03:34:19.998   929   967 V SystemServerTimingAsync: ssm.onUnlockedUser-0_com.android.server.hdmi.HdmiControlService took to complete: 0ms
01-07 03:34:19.998   929   967 D SystemServerTimingAsync: ssm.onUnlockedUser-0_com.android.server.tv.interactive.TvInteractiveAppManagerService
01-07 03:34:19.998   929   967 V SystemServerTimingAsync: ssm.onUnlockedUser-0_com.android.server.tv.interactive.TvInteractiveAppManagerService took to complete: 0ms
01-07 03:34:19.998   929   967 D SystemServerTimingAsync: ssm.onUnlockedUser-0_com.android.server.tv.TvInputManagerService
01-07 03:34:19.998   929   967 V SystemServerTimingAsync: ssm.onUnlockedUser-0_com.android.server.tv.TvInputManagerService took to complete: 0ms
01-07 03:34:19.998   929   967 D SystemServerTimingAsync: ssm.onUnlockedUser-0_com.android.server.tv.TvRemoteService
01-07 03:34:19.998   929   967 V SystemServerTimingAsync: ssm.onUnlockedUser-0_com.android.server.tv.TvRemoteService took to complete: 0ms
01-07 03:34:19.998   929   967 D SystemServerTimingAsync: ssm.onUnlockedUser-0_com.android.server.biometrics.BiometricService
01-07 03:34:19.998   929   967 V SystemServerTimingAsync: ssm.onUnlockedUser-0_com.android.server.biometrics.BiometricService took to complete: 0ms
01-07 03:34:19.998   929   967 D SystemServerTimingAsync: ssm.onUnlockedUser-0_com.android.server.biometrics.AuthService
01-07 03:34:19.998   929   967 V SystemServerTimingAsync: ssm.onUnlockedUser-0_com.android.server.biometrics.AuthService took to complete: 0ms
01-07 03:34:19.998   929   967 D SystemServerTimingAsync: ssm.onUnlockedUser-0_com.android.server.pm.ShortcutService$Lifecycle
01-07 03:34:19.998   929   967 V SystemServerTimingAsync: ssm.onUnlockedUser-0_com.android.server.pm.ShortcutService$Lifecycle took to complete: 0ms
01-07 03:34:19.998   929   967 D SystemServerTimingAsync: ssm.onUnlockedUser-0_com.android.server.pm.LauncherAppsService
01-07 03:34:19.998   929   967 V SystemServerTimingAsync: ssm.onUnlockedUser-0_com.android.server.pm.LauncherAppsService took to complete: 0ms
01-07 03:34:19.999   929   967 D SystemServerTimingAsync: ssm.onUnlockedUser-0_com.android.server.pm.CrossProfileAppsService
01-07 03:34:19.999   929   967 V SystemServerTimingAsync: ssm.onUnlockedUser-0_com.android.server.pm.CrossProfileAppsService took to complete: 0ms
01-07 03:34:19.999   929   967 D SystemServerTimingAsync: ssm.onUnlockedUser-0_com.android.server.people.PeopleService
01-07 03:34:20.007     0     0 I [0 T1     ..] selinux: SELinux: Skipping restorecon on directory(/data/misc_ce/0/apexdata/com.android.wifi)
01-07 03:34:20.007     0     0 I [0 T1     ..] selinux:  
01-07 03:34:19.999   929   967 V SystemServerTimingAsync: ssm.onUnlockedUser-0_com.android.server.people.PeopleService took to complete: 0ms
01-07 03:34:19.999   929   967 D SystemServerTimingAsync: ssm.onUnlockedUser-0_com.android.server.media.metrics.MediaMetricsManagerService
01-07 03:34:19.999   929   967 V SystemServerTimingAsync: ssm.onUnlockedUser-0_com.android.server.media.metrics.MediaMetricsManagerService took to complete: 0ms
01-07 03:34:19.999   929   967 D SystemServerTimingAsync: ssm.onUnlockedUser-0_com.android.server.media.projection.MediaProjectionManagerService
01-07 03:34:20.000   929   967 V SystemServerTimingAsync: ssm.onUnlockedUser-0_com.android.server.media.projection.MediaProjectionManagerService took to complete: 0ms
01-07 03:34:20.000   929   967 D SystemServerTimingAsync: ssm.onUnlockedUser-0_com.android.server.slice.SliceManagerService$Lifecycle
01-07 03:34:20.000   929   967 V SystemServerTimingAsync: ssm.onUnlockedUser-0_com.android.server.slice.SliceManagerService$Lifecycle took to complete: 0ms
01-07 03:34:20.000   929   967 D SystemServerTimingAsync: ssm.onUnlockedUser-0_com.android.server.stats.StatsCompanion$Lifecycle
01-07 03:34:20.000   929   967 V SystemServerTimingAsync: ssm.onUnlockedUser-0_com.android.server.stats.StatsCompanion$Lifecycle took to complete: 0ms
01-07 03:34:20.000   929   967 D SystemServerTimingAsync: ssm.onUnlockedUser-0_com.android.server.scheduling.RebootReadinessManagerService$Lifecycle
01-07 03:34:20.000   929   967 V SystemServerTimingAsync: ssm.onUnlockedUser-0_com.android.server.scheduling.RebootReadinessManagerService$Lifecycle took to complete: 0ms
01-07 03:34:20.000   929   967 D SystemServerTimingAsync: ssm.onUnlockedUser-0_com.android.server.stats.pull.StatsPullAtomService
01-07 03:34:20.000   929   967 V SystemServerTimingAsync: ssm.onUnlockedUser-0_com.android.server.stats.pull.StatsPullAtomService took to complete: 0ms
01-07 03:34:20.000   929   967 D SystemServerTimingAsync: ssm.onUnlockedUser-0_com.android.server.stats.bootstrap.StatsBootstrapAtomService$Lifecycle
01-07 03:34:20.000   929   967 V SystemServerTimingAsync: ssm.onUnlockedUser-0_com.android.server.stats.bootstrap.StatsBootstrapAtomService$Lifecycle took to complete: 0ms
01-07 03:34:20.000   929   967 D SystemServerTimingAsync: ssm.onUnlockedUser-0_com.android.server.incident.IncidentCompanionService
01-07 03:34:20.000   929   967 V SystemServerTimingAsync: ssm.onUnlockedUser-0_com.android.server.incident.IncidentCompanionService took to complete: 0ms
01-07 03:34:20.000   929   967 D SystemServerTimingAsync: ssm.onUnlockedUser-0_com.android.server.sdksandbox.SdkSandboxManagerService$Lifecycle
01-07 03:34:20.000   929   967 V SystemServerTimingAsync: ssm.onUnlockedUser-0_com.android.server.sdksandbox.SdkSandboxManagerService$Lifecycle took to complete: 0ms
01-07 03:34:20.000   929   967 D SystemServerTimingAsync: ssm.onUnlockedUser-0_com.android.server.adservices.AdServicesManagerService$Lifecycle
01-07 03:34:20.000   929   967 V SystemServerTimingAsync: ssm.onUnlockedUser-0_com.android.server.adservices.AdServicesManagerService$Lifecycle took to complete: 0ms
01-07 03:34:20.000   929   967 D SystemServerTimingAsync: ssm.onUnlockedUser-0_com.android.server.autofill.AutofillManagerService
01-07 03:34:20.000   929   967 V SystemServerTimingAsync: ssm.onUnlockedUser-0_com.android.server.autofill.AutofillManagerService took to complete: 0ms
01-07 03:34:20.000   929   967 D SystemServerTimingAsync: ssm.onUnlockedUser-0_com.android.server.clipboard.ClipboardService
01-07 03:34:20.000   929   967 V SystemServerTimingAsync: ssm.onUnlockedUser-0_com.android.server.clipboard.ClipboardService took to complete: 0ms
01-07 03:34:20.000   929   967 D SystemServerTimingAsync: ssm.onUnlockedUser-0_com.android.server.appbinding.AppBindingService$Lifecycle
01-07 03:34:20.000   929   967 V SystemServerTimingAsync: ssm.onUnlockedUser-0_com.android.server.appbinding.AppBindingService$Lifecycle took to complete: 0ms
01-07 03:34:20.000   929   967 D SystemServerTimingAsync: ssm.onUnlockedUser-0_com.android.server.tracing.TracingServiceProxy
01-07 03:34:20.000   929   967 V SystemServerTimingAsync: ssm.onUnlockedUser-0_com.android.server.tracing.TracingServiceProxy took to complete: 0ms
01-07 03:34:20.000   929   967 D SystemServerTimingAsync: ssm.onUnlockedUser-0_com.android.server.policy.PermissionPolicyService
01-07 03:34:20.000   929   967 V SystemServerTimingAsync: ssm.onUnlockedUser-0_com.android.server.policy.PermissionPolicyService took to complete: 0ms
01-07 03:34:20.000   929   967 D SystemServerTimingAsync: ssm.onUnlockedUser-0_com.android.server.pm.StagingManager$Lifecycle
01-07 03:34:20.000   929   967 V SystemServerTimingAsync: ssm.onUnlockedUser-0_com.android.server.pm.StagingManager$Lifecycle took to complete: 0ms
01-07 03:34:20.000   929   967 D SystemServerTimingAsync: ssm.onUnlockedUser-0_com.android.server.app.GameManagerService$Lifecycle
01-07 03:34:20.000   929   967 V SystemServerTimingAsync: ssm.onUnlockedUser-0_com.android.server.app.GameManagerService$Lifecycle took to complete: 0ms
01-07 03:34:20.000   929   967 D SystemServerTimingAsync: ssm.onUnlockedUser-0_com.android.safetycenter.SafetyCenterService
01-07 03:34:20.000   929   967 V SystemServerTimingAsync: ssm.onUnlockedUser-0_com.android.safetycenter.SafetyCenterService took to complete: 0ms
01-07 03:34:20.000   929   967 D SystemServerTimingAsync: ssm.onUnlockedUser-0_com.android.server.appsearch.AppSearchModule$Lifecycle
01-07 03:34:20.000   929   967 V SystemServerTimingAsync: ssm.onUnlockedUser-0_com.android.server.appsearch.AppSearchModule$Lifecycle took to complete: 0ms
01-07 03:34:20.001   929   967 D SystemServerTimingAsync: ssm.onUnlockedUser-0_com.android.server.media.MediaCommunicationService
01-07 03:34:20.001   929   967 V SystemServerTimingAsync: ssm.onUnlockedUser-0_com.android.server.media.MediaCommunicationService took to complete: 0ms
01-07 03:34:20.001   929   967 D SystemServerTimingAsync: ssm.onUnlockedUser-0_com.android.server.compat.overrides.AppCompatOverridesService$Lifecycle
01-07 03:34:20.001   929   967 V SystemServerTimingAsync: ssm.onUnlockedUser-0_com.android.server.compat.overrides.AppCompatOverridesService$Lifecycle took to complete: 0ms
01-07 03:34:20.001   929   967 V SystemServerTimingAsync: ssm.UnlockedUser-0 took to complete: 15ms
01-07 03:34:20.001   929   967 W ActivityManager: UserLifecycleEvent 6 received without an active userJourneySession.
01-07 03:34:20.006   929   961 D CompatibilityChangeReporter: Compat change id reported: 184838306; UID 7501; state: DISABLED
01-07 03:34:20.006   929   961 D CompatibilityChangeReporter: Compat change id reported: 185004937; UID 7501; state: DISABLED
01-07 03:34:20.006   929   961 D CompatibilityChangeReporter: Compat change id reported: 181136395; UID 7501; state: DISABLED
01-07 03:34:20.007   929   961 D CompatibilityChangeReporter: Compat change id reported: 174042936; UID 7501; state: DISABLED
01-07 03:34:20.007   929   961 D CompatibilityChangeReporter: Compat change id reported: 174042980; UID 7501; state: DISABLED
01-07 03:34:20.007   929   961 D CompatibilityChangeReporter: Compat change id reported: 194480991; UID 7501; state: ENABLED
01-07 03:34:20.013     0     0 W [6 T1761  ..] audit: audit_lost=72 audit_rate_limit=5 audit_backlog_limit=64
01-07 03:34:20.011   929   961 D CompatibilityChangeReporter: Compat change id reported: 197654537; UID 7501; state: ENABLED
01-07 03:34:20.011   929   960 I DropBoxManagerService: add tag=system_server_strictmode isTagEnabled=true flags=0x2
01-07 03:34:20.025   929  1765 E TaskPersister: File error accessing recents directory (directory doesn't exist?).
01-07 03:34:20.025   929  1765 E TaskPersister: File error accessing recents directory (directory doesn't exist?).
01-07 03:34:20.027   929   929 D CompatibilityChangeReporter: Compat change id reported: 135634846; UID 10088; state: DISABLED
01-07 03:34:20.027   929   929 D CompatibilityChangeReporter: Compat change id reported: 177438394; UID 10088; state: DISABLED
01-07 03:34:20.027   929   929 D CompatibilityChangeReporter: Compat change id reported: 135772972; UID 10088; state: DISABLED
01-07 03:34:20.028   929   929 D CompatibilityChangeReporter: Compat change id reported: 135754954; UID 10088; state: ENABLED
01-07 03:34:20.031   929   967 W BroadcastQueue: Target SDK mismatch: receiver ActivityInfo{a11c9e2 com.droidlogic.EthernetWifiSwitch} targets 33 but delivery restricted to [0, 23] broadcasting Intent { act=android.net.conn.CONNECTIVITY_CHANGE flg=0x4200010 (has extras) } from android (pid=929, uid=1000) to com.droidlogic/.EthernetWifiSwitch
01-07 03:34:20.032   929   968 W ActivityManager: Slow operation: 59ms so far, now at startProcess: done updating battery stats
01-07 03:34:20.032   929   968 I Watchdog: Interesting Java process com.android.providers.media.module started. Pid 1763
01-07 03:34:20.032   929   968 W ActivityManager: Slow operation: 59ms so far, now at startProcess: building log message
01-07 03:34:20.032   929   968 I ActivityManager: Start proc 1763:com.android.providers.media.module/u0a75 for service {com.android.providers.media.module/com.android.providers.media.fuse.ExternalStorageServiceImpl}
01-07 03:34:20.032   929   968 W ActivityManager: Slow operation: 59ms so far, now at startProcess: starting to update pids map
01-07 03:34:20.032   929   929 V NotificationAssistants: disabling notification assistant for user 0: ComponentInfo{android.ext.services/android.ext.services.notification.Assistant}
01-07 03:34:20.032   929   968 W ActivityManager: Slow operation: 59ms so far, now at startProcess: done updating pids map
01-07 03:34:20.032   929   929 D NotificationListeners: Removing active service ComponentInfo{android.ext.services/android.ext.services.notification.Assistant}
01-07 03:34:20.032   929  1546 W ActivityManager: No pending application record for pid 1741 (IApplicationThread android.app.IApplicationThread$Stub$Proxy@d9dd830); dropping process
01-07 03:34:20.032   929   968 W ActivityManager: Slow operation: 54ms so far, now at startProcess: asking zygote to start proc
01-07 03:34:20.033   929   968 D CompatibilityChangeReporter: Compat change id reported: 143937733; UID 10067; state: ENABLED
01-07 03:34:20.033   929   961 D CompatibilityChangeReporter: Compat change id reported: 135634846; UID 7501; state: DISABLED
01-07 03:34:20.034   929   961 D CompatibilityChangeReporter: Compat change id reported: 177438394; UID 7501; state: DISABLED
01-07 03:34:20.034   929   961 D CompatibilityChangeReporter: Compat change id reported: 135772972; UID 7501; state: DISABLED
01-07 03:34:20.034   929   961 D CompatibilityChangeReporter: Compat change id reported: 135754954; UID 7501; state: ENABLED
01-07 03:34:20.034   929  1542 D CompatibilityChangeReporter: Compat change id reported: 161252188; UID 1000; state: ENABLED
01-07 03:34:20.040   929  1542 D CompatibilityChangeReporter: Compat change id reported: 135634846; UID 1000; state: DISABLED
01-07 03:34:20.040   929  1542 D CompatibilityChangeReporter: Compat change id reported: 177438394; UID 1000; state: DISABLED
01-07 03:34:20.040   929  1542 D CompatibilityChangeReporter: Compat change id reported: 135772972; UID 1000; state: DISABLED
01-07 03:34:20.040   929  1542 D CompatibilityChangeReporter: Compat change id reported: 135754954; UID 1000; state: ENABLED
01-07 03:34:20.046   929   929 V NotificationAssistants: enabling notification assistant for 0: ComponentInfo{android.ext.services/android.ext.services.notification.Assistant}
01-07 03:34:20.046   929   929 V NotificationAssistants: binding: Intent { act=android.service.notification.NotificationAssistantService cmp=android.ext.services/.notification.Assistant (has extras) }
01-07 03:34:20.046  1336  1336 W ContextImpl: Calling a method in the system process without a qualified user: android.app.ContextImpl.startService:1863 android.content.ContextWrapper.startService:817 android.content.ContextWrapper.startService:817 com.droidlogic.btpair.FastBootComplete.onReceive:20 android.app.ActivityThread.handleReceiver:4310 
01-07 03:34:20.047   929   968 W ActivityManager: Slow operation: 69ms so far, now at startProcess: returned from zygote!
01-07 03:34:20.047   929   929 D CompatibilityChangeReporter: Compat change id reported: 168419799; UID 10084; state: DISABLED
01-07 03:34:20.050   929   968 W ActivityManager: Slow operation: 72ms so far, now at startProcess: done updating battery stats
01-07 03:34:20.050   929   968 W ActivityManager: Slow operation: 72ms so far, now at startProcess: building log message
01-07 03:34:20.050   929   968 I ActivityManager: Start proc 1778:com.caavo.pw.ceccontroller/u0a67 for added application com.caavo.pw.ceccontroller
01-07 03:34:20.050   929   968 W ActivityManager: Slow operation: 72ms so far, now at startProcess: starting to update pids map
01-07 03:34:20.050   929   968 W ActivityManager: Slow operation: 72ms so far, now at startProcess: done updating pids map
01-07 03:34:20.050   929   968 W ActivityManager: Slow operation: 71ms so far, now at startProcess: asking zygote to start proc
01-07 03:34:20.066   929   968 W ActivityManager: Slow operation: 87ms so far, now at startProcess: returned from zygote!
01-07 03:34:20.066   929   968 W ActivityManager: Slow operation: 87ms so far, now at startProcess: done updating battery stats
01-07 03:34:20.066   929   968 W ActivityManager: Slow operation: 87ms so far, now at startProcess: building log message
01-07 03:34:20.066   929   968 I ActivityManager: Start proc 1779:com.sonos.cinemascope/u0a56 for added application com.sonos.cinemascope
01-07 03:34:20.066   929   968 W ActivityManager: Slow operation: 87ms so far, now at startProcess: starting to update pids map
01-07 03:34:20.066   929   968 W ActivityManager: Slow operation: 88ms so far, now at startProcess: done updating pids map
01-07 03:34:20.067   929   968 D CompatibilityChangeReporter: Compat change id reported: 143937733; UID 10088; state: ENABLED
01-07 03:34:20.081   929   968 W ActivityManager: Slow operation: 56ms so far, now at startProcess: returned from zygote!
01-07 03:34:20.081   929   968 W ActivityManager: Slow operation: 56ms so far, now at startProcess: done updating battery stats
01-07 03:34:20.081   929   968 W ActivityManager: Slow operation: 57ms so far, now at startProcess: building log message
01-07 03:34:20.081   929   968 I ActivityManager: Start proc 1788:com.sonos.connectivity/u0a88 for service {com.sonos.connectivity/com.sonos.connectivity.mediacontroller.MediaControllerService}
01-07 03:34:20.081   929   968 W ActivityManager: Slow operation: 57ms so far, now at startProcess: starting to update pids map
01-07 03:34:20.082   929   968 W ActivityManager: Slow operation: 57ms so far, now at startProcess: done updating pids map
01-07 03:34:20.088   929  1178 V BackupManagerService: [UserID:0] No ancestral data
01-07 03:34:20.103   929  1735 V BackupManagerConstants: getKeyValueBackupIntervalMilliseconds(...) returns 14400000
01-07 03:34:20.103   929  1735 V BackupManagerConstants: getKeyValueBackupFuzzMilliseconds(...) returns 600000
01-07 03:34:20.103   929  1735 V BackupManagerConstants: getKeyValueBackupRequiredNetworkType(...) returns 1
01-07 03:34:20.103   929  1735 V BackupManagerConstants: getKeyValueBackupRequireCharging(...) returns true
01-07 03:34:20.103   929  1735 V KeyValueBackupJob: Scheduling k/v pass in 249 minutes
01-07 03:34:20.114   929   968 W ActivityManager: Slow operation: 81ms so far, now at startProcess: returned from zygote!
01-07 03:34:20.115   929   968 W ActivityManager: Slow operation: 82ms so far, now at startProcess: done updating battery stats
01-07 03:34:20.115   929   968 W ActivityManager: Slow operation: 82ms so far, now at startProcess: building log message
01-07 03:34:20.115   929   968 I ActivityManager: Start proc 1804:com.sonos.tv.setup/7501 for top-activity {com.sonos.tv.setup/com.sonos.tv.setup.SetupActivity}
01-07 03:34:20.115   929   968 W ActivityManager: Slow operation: 82ms so far, now at startProcess: starting to update pids map
01-07 03:34:20.115   929   968 W ActivityManager: Slow operation: 82ms so far, now at startProcess: done updating pids map
01-07 03:34:20.115   929   968 W ActivityManager: Slow operation: 79ms so far, now at startProcess: asking zygote to start proc
01-07 03:34:20.116   929  1546 D CompatibilityChangeReporter: Compat change id reported: 168419799; UID 10056; state: DISABLED
01-07 03:34:20.134     0     0 I [3 T69    ..] binder: undelivered TRANSACTION_COMPLETE
01-07 03:34:20.134     0     0 I [3 T69    ..] binder: undelivered transaction 43026, process died.
01-07 03:34:20.138   929  1178 I BackupManagerService: isBackupEnabled() => false due to absent settings file
01-07 03:34:20.138   929  1178 D BackupManagerService: user:0 readBackupEnableState enabled:false
01-07 03:34:20.138   929  1178 I BackupManagerService: [UserID:0] Backup enabled => false
01-07 03:34:20.139   929   968 W ActivityManager: Slow operation: 102ms so far, now at startProcess: returned from zygote!
01-07 03:34:20.139   929   968 W ActivityManager: Slow operation: 103ms so far, now at startProcess: done updating battery stats
01-07 03:34:20.139   929   968 W ActivityManager: Slow operation: 103ms so far, now at startProcess: building log message
01-07 03:34:20.139   929   968 I ActivityManager: Start proc 1816:com.android.keychain/1000 for service {com.android.keychain/com.android.keychain.KeyChainService}
01-07 03:34:20.139   929   968 W ActivityManager: Slow operation: 103ms so far, now at startProcess: starting to update pids map
01-07 03:34:20.139   929   968 W ActivityManager: Slow operation: 103ms so far, now at startProcess: done updating pids map
01-07 03:34:20.150   929   944 D CompatibilityChangeReporter: Compat change id reported: 168419799; UID 10075; state: DISABLED
01-07 03:34:20.158   929  1546 D CompatibilityChangeReporter: Compat change id reported: 168419799; UID 10067; state: DISABLED
01-07 03:34:20.165   929   960 I DropBoxManagerService: add tag=system_app_strictmode isTagEnabled=true flags=0x2
01-07 03:34:20.172   929  1546 D CompatibilityChangeReporter: Compat change id reported: 168419799; UID 7501; state: DISABLED
01-07 03:34:20.176   929  1546 D CompatibilityChangeReporter: Compat change id reported: 174042980; UID 1000; state: DISABLED
01-07 03:34:20.186   929   929 W Looper  : Slow dispatch took 134ms main h=android.app.ActivityThread$H c=android.app.LoadedApk$ReceiverDispatcher$Args$$ExternalSyntheticLambda0@685bf1 m=0
01-07 03:34:20.187   929   929 W Looper  : Slow delivery took 201ms main h=com.android.server.notification.NotificationManagerService$WorkerHandler c=com.android.server.notification.NotificationManagerService$EnqueueNotificationRunnable@5d8c3d6 m=0
01-07 03:34:20.187   929   929 I NotificationHistory: Attempted to unlock gone/disabled user 0
01-07 03:34:20.193   929   929 D CompatibilityChangeReporter: Compat change id reported: 135634846; UID 10068; state: DISABLED
01-07 03:34:20.193   929   929 D CompatibilityChangeReporter: Compat change id reported: 177438394; UID 10068; state: DISABLED
01-07 03:34:20.193   929   929 D CompatibilityChangeReporter: Compat change id reported: 135772972; UID 10068; state: DISABLED
01-07 03:34:20.194   929   929 D CompatibilityChangeReporter: Compat change id reported: 135754954; UID 10068; state: ENABLED
01-07 03:34:20.194   929   968 D CompatibilityChangeReporter: Compat change id reported: 143937733; UID 10068; state: ENABLED
01-07 03:34:20.194   929   929 V NotificationAssistants: 0 notification assistant service connected: ComponentInfo{android.ext.services/android.ext.services.notification.Assistant}
01-07 03:34:20.196   929   929 W Looper  : Drained
01-07 03:34:20.199     0     0 E [3 T1523  ..] [schedu][0x197c0d2][03: 34:20.195419] wlan: [1523:E:REGULATORY] reg_fill_chan320mhz_seg0_center: Cannot find 160Mhz centers for freq 7075
01-07 03:34:20.200     0     0 E [3 T1523  ..] [schedu][0x197c545][03: 34:20.196558] wlan: [1523:E:REGULATORY] reg_fill_chan320mhz_seg0_center: Cannot find 160Mhz centers for freq 7095
01-07 03:34:20.204     0     0 E [3 T1523  ..] [schedu][0x197d3c7][03: 34:20.200272] wlan: [1523:E:REGULATORY] reg_fill_chan320mhz_seg0_center: Cannot find 160Mhz centers for freq 7115
01-07 03:34:20.197   929   929 D BatterySaverPolicy: accessibility changed to true, updating policy.
01-07 03:34:20.203   604   604 I wificond: Receive notifyCountryCodeChanged
01-07 03:34:20.203   604   604 I wificond: UpdateBandInfo
01-07 03:34:20.207   604   604 I wificond: 2.4Ghz frequencies: 2412 2417 2422 2427 2432 2437 2442 2447 2452 2457 2462
01-07 03:34:20.207   604   604 I wificond: 5Ghz non-DFS frequencies: 5180 5200 5220 5240 5745 5765 5785 5805 5825
01-07 03:34:20.207   604   604 I wificond: 5Ghz DFS frequencies: 5260 5280 5300 5320 5500 5520 5540 5560 5580 5600 5620 5640 5660 5680 5700 5720
01-07 03:34:20.207   604   604 I wificond: 6Ghz frequencies: 5955 5975 5995 6015 6035 6055 6075 6095 6115 6135 6155 6175 6195 6215 6235 6255 6275 6295 6315 6335 6355 6375 6395 6415 6435 6455 6475 6495 6515 6535 6555 6575 6595 6615 6635 6655 6675 6695 6715 6735 6755 6775 6795 6815 6835 6855 6875 6895 6915 6935 6955 6975 6995 7015 7035 7055 7075 7095 7115
01-07 03:34:20.207   604   604 I wificond: 60Ghz frequencies:
01-07 03:34:20.208   604   604 I wificond: Regulatory domain changed to country: US on wiphy_index: 0
01-07 03:34:20.208   604   604 I wificond: UpdateBandInfo
01-07 03:34:20.209   929  1869 I DropBoxManagerService: add tag=SYSTEM_BOOT isTagEnabled=true flags=0x2
01-07 03:34:20.212   929  1869 I BootReceiver: Copying /sys/fs/pstore/console-ramoops-0 to DropBox (SYSTEM_LAST_KMSG)
01-07 03:34:20.213   929  1869 I DropBoxManagerService: add tag=SYSTEM_LAST_KMSG isTagEnabled=true flags=0x6
01-07 03:34:20.215   929  1188 E HDMI    : [1]:Failed to send <Give Device Power Status> 30:8F with errorCode=1
01-07 03:34:20.215   929   929 D HDMI    : queryDisplayStatus status=-1
01-07 03:34:20.215   929   968 I ActivityManager: Start proc 1873:com.aml.dial/u0a68 for broadcast {com.aml.dial/com.aml.dial.BootBroadcast}
01-07 03:34:20.216   929   929 D HDMI    : queryDisplayStatus status=-1
01-07 03:34:20.216   929   929 D HDMI    : Boot tv status=-1
01-07 03:34:20.217   604   604 I wificond: 2.4Ghz frequencies: 2412 2417 2422 2427 2432 2437 2442 2447 2452 2457 2462
01-07 03:34:20.217   604   604 I wificond: 5Ghz non-DFS frequencies: 5180 5200 5220 5240 5745 5765 5785 5805 5825
01-07 03:34:20.217   604   604 I wificond: 5Ghz DFS frequencies: 5260 5280 5300 5320 5500 5520 5540 5560 5580 5600 5620 5640 5660 5680 5700 5720
01-07 03:34:20.217   604   604 I wificond: 6Ghz frequencies: 5955 5975 5995 6015 6035 6055 6075 6095 6115 6135 6155 6175 6195 6215 6235 6255 6275 6295 6315 6335 6355 6375 6395 6415 6435 6455 6475 6495 6515 6535 6555 6575 6595 6615 6635 6655 6675 6695 6715 6735 6755 6775 6795 6815 6835 6855 6875 6895 6915 6935 6955 6975 6995 7015 7035 7055 7075 7095 7115
01-07 03:34:20.217   604   604 I wificond: 60Ghz frequencies:
01-07 03:34:20.219   929  1869 I BootReceiver: Copying audit failures to DropBox
01-07 03:34:20.223   929  1869 I BootReceiver: Copied 504 worth of audits to DropBox
01-07 03:34:20.223   929  1869 I DropBoxManagerService: add tag=SYSTEM_AUDIT isTagEnabled=true flags=0x2
01-07 03:34:20.226   929  1869 I BootReceiver: Checking for fsck errors
01-07 03:34:20.227   929  1869 I BootReceiver: fs_stat, partition:param stat:0x3
01-07 03:34:20.227   929  1869 I BootReceiver: fs_stat, partition:tee stat:0x3
01-07 03:34:20.237   929  1869 D CompatibilityChangeReporter: Compat change id reported: 135634846; UID 10018; state: DISABLED
01-07 03:34:20.237   929  1869 D CompatibilityChangeReporter: Compat change id reported: 177438394; UID 10018; state: DISABLED
01-07 03:34:20.237   929  1869 D CompatibilityChangeReporter: Compat change id reported: 135772972; UID 10018; state: DISABLED
01-07 03:34:20.237   929  1869 D CompatibilityChangeReporter: Compat change id reported: 135754954; UID 10018; state: ENABLED
01-07 03:34:20.238   929   968 D CompatibilityChangeReporter: Compat change id reported: 143937733; UID 10018; state: ENABLED
01-07 03:34:20.250   929   968 I ActivityManager: Start proc 1886:android.process.media/u0a18 for content provider {com.android.providers.downloads/com.android.providers.downloads.DownloadProvider}
01-07 03:34:20.264   929  1210 D CompatibilityChangeReporter: Compat change id reported: 168419799; UID 10088; state: DISABLED
01-07 03:34:20.277   929  1210 D CompatibilityChangeReporter: Compat change id reported: 168419799; UID 10068; state: DISABLED
01-07 03:34:20.284   929  1457 D CompatibilityChangeReporter: Compat change id reported: 161145287; UID 10067; state: DISABLED
01-07 03:34:20.328   929  1457 D CompatibilityChangeReporter: Compat change id reported: 168419799; UID 10018; state: DISABLED
01-07 03:34:20.379   929   958 D sysclock_state: set to SYNCED, reason: OK
01-07 03:34:25.891   929  1069 E LazyAlarmStore: Removed TIME_TICK alarm
01-07 03:34:25.896   929   929 W SyncManager: Clock is valid now.
01-07 03:34:25.902   929   929 D ConditionProviders.SCP: onReceive android.intent.action.TIME_SET
01-07 03:34:25.903   929   967 D CompatibilityChangeReporter: Compat change id reported: 135634846; UID 10080; state: DISABLED
01-07 03:34:25.903   929   967 D CompatibilityChangeReporter: Compat change id reported: 177438394; UID 10080; state: DISABLED
01-07 03:34:25.903   929   967 D CompatibilityChangeReporter: Compat change id reported: 135772972; UID 10080; state: DISABLED
01-07 03:34:25.903   929   967 D CompatibilityChangeReporter: Compat change id reported: 135754954; UID 10080; state: ENABLED
01-07 03:34:25.904   929   968 D CompatibilityChangeReporter: Compat change id reported: 143937733; UID 10080; state: ENABLED
01-07 03:34:25.907   929  1457 W WindowManager: Failed looking up window session=Session{cd5c85 1804:7501} callers=com.android.server.wm.WindowManagerService.windowForClientLocked:5976 com.android.server.wm.Session.updateRequestedVisibilities:701 android.view.IWindowSession$Stub.onTransact:1075 
01-07 03:34:25.910   929  1054 D CoreBackPreview: Window{60c3c01 u0 com.sonos.tv.setup/com.sonos.tv.setup.SetupActivity}: Setting back callback OnBackInvokedCallbackInfo{mCallback=android.window.IOnBackInvokedCallback$Stub$Proxy@41b2771, mPriority=0}
01-07 03:34:25.912   929  1165 D CompatibilityChangeReporter: Compat change id reported: 135634846; UID 10021; state: DISABLED
01-07 03:34:25.912   929  1165 D CompatibilityChangeReporter: Compat change id reported: 177438394; UID 10021; state: DISABLED
01-07 03:34:25.912   929  1165 D CompatibilityChangeReporter: Compat change id reported: 135772972; UID 10021; state: DISABLED
01-07 03:34:25.912   929  1165 D CompatibilityChangeReporter: Compat change id reported: 135754954; UID 10021; state: ENABLED
01-07 03:34:25.920   929   929 D ConditionProviders.SCP: evaluateSubscriptionLocked cal=ScheduleCalendar[mDays={1, 2, 3, 4, 5, 6, 7}, mSchedule=ScheduleInfo{days=[1, 2, 3, 4, 5, 6, 7], startHour=22, startMinute=0, endHour=7, endMinute=0, exitAtAlarm=true, nextAlarm=Thu Jan 01 00:00:00 GMT 1970 (0)}], now=Tue Jan 07 03:34:25 GMT 2025 (1736220865902), nextUserAlarmTime=Thu Jan 01 00:00:00 GMT 1970 (0)
01-07 03:34:25.920   929   929 D ConditionProviders.SCP: notifyCondition condition://android/schedule?days=1.2.3.4.5.6.7&start=22.0&end=7.0&exitAtAlarm=true STATE_TRUE reason=meetsSchedule
01-07 03:34:25.920   929   929 D ConditionProviders.SCP: Scheduling evaluate for Tue Jan 07 07:00:00 GMT 2025 (1736233200000), in +3h25m34s98ms, now=Tue Jan 07 03:34:25 GMT 2025 (1736220865902)
01-07 03:34:25.921   929   929 D CompatibilityChangeReporter: Compat change id reported: 171306433; UID 1000; state: ENABLED
01-07 03:34:25.921   929   929 D CompatibilityChangeReporter: Compat change id reported: 218533173; UID 1000; state: ENABLED
01-07 03:34:20.425     0     0 E [4 T520   ..] [wifi@1][0x19b3397][03: 34:25.930791] wlan: [520:E:OSIF] wlan_hdd_set_station_stats_request_pending: peer is null
01-07 03:34:20.477     0     0 E [7 T520   ..] [wifi@1][0x19c00ad][03: 34:25.983292] wlan: [520:E:OSIF] wlan_hdd_set_station_stats_request_pending: peer is null
01-07 03:34:20.500     0     0 I [5 T1523  ..] [schedu][0x19c58d6][03: 34:26.005861] wlan: [1523:I:OSIF] scan start scan id 40961
01-07 03:34:25.972   929   968 W ActivityManager: Slow operation: 69ms so far, now at startProcess: returned from zygote!
01-07 03:34:25.972   929   968 W ActivityManager: Slow operation: 70ms so far, now at startProcess: done updating battery stats
01-07 03:34:25.972   929   968 W ActivityManager: Slow operation: 70ms so far, now at startProcess: building log message
01-07 03:34:25.972   929   968 I ActivityManager: Start proc 1943:com.android.permissioncontroller/u0a80 for broadcast {com.android.permissioncontroller/com.android.permissioncontroller.permission.service.v33.PermissionStorageTimeChangeReceiver}
01-07 03:34:25.972   929   968 W ActivityManager: Slow operation: 70ms so far, now at startProcess: starting to update pids map
01-07 03:34:25.973   929   968 W ActivityManager: Slow operation: 70ms so far, now at startProcess: done updating pids map
01-07 03:34:25.973   929   968 W ActivityManager: Slow operation: 63ms so far, now at startProcess: asking zygote to start proc
01-07 03:34:25.973   929   968 D CompatibilityChangeReporter: Compat change id reported: 143937733; UID 10021; state: ENABLED
01-07 03:34:20.572     0     0 E [4 T520   ..] [wifi@1][0x19d722a][03: 34:26.077881] wlan: [520:E:OSIF] wlan_hdd_set_station_stats_request_pending: peer is null
01-07 03:34:26.024   929   959 D AutofillUI: destroySaveUiUiThread(): already destroyed
01-07 03:34:26.024   929  1210 D AutofillManagerServiceImpl: Reset component for user 0:
01-07 03:34:26.037   929   974 W BatteryExternalStatsWorker: error reading modem stats:ERROR_PHONE_NOT_AVAILABLE
01-07 03:34:26.044   929  1210 D CompatibilityChangeReporter: Compat change id reported: 168419799; UID 10080; state: DISABLED
01-07 03:34:26.047   929   968 W ActivityManager: Slow operation: 133ms so far, now at startProcess: returned from zygote!
01-07 03:34:26.051   929   968 W ActivityManager: Slow operation: 142ms so far, now at startProcess: done updating battery stats
01-07 03:34:26.051   929   968 W ActivityManager: Slow operation: 142ms so far, now at startProcess: building log message
01-07 03:34:26.051   929   968 I ActivityManager: Start proc 1960:com.android.providers.calendar/u0a21 for content provider {com.android.providers.calendar/com.android.providers.calendar.CalendarProvider2}
01-07 03:34:26.052   929   968 W ActivityManager: Slow operation: 142ms so far, now at startProcess: starting to update pids map
01-07 03:34:26.052   929   968 W ActivityManager: Slow operation: 142ms so far, now at startProcess: done updating pids map
01-07 03:34:26.060   929   929 D HDMI    : queryDisplayStatus status=-1
01-07 03:34:26.060   929   929 D HDMI    : queryDisplayStatus status=-1
01-07 03:34:26.060   929   929 D HDMI    : Boot tv status=-1
01-07 03:34:26.086   929  1735 V BackupManagerConstants: getKeyValueBackupIntervalMilliseconds(...) returns 14400000
01-07 03:34:26.086   929  1735 V BackupManagerConstants: getKeyValueBackupFuzzMilliseconds(...) returns 600000
01-07 03:34:26.086   929  1735 V BackupManagerConstants: getKeyValueBackupRequiredNetworkType(...) returns 1
01-07 03:34:26.086   929  1735 V BackupManagerConstants: getKeyValueBackupRequireCharging(...) returns true
01-07 03:34:26.086   929  1735 V KeyValueBackupJob: Scheduling k/v pass in 240 minutes
01-07 03:34:26.087   929  1735 D CompatibilityChangeReporter: Compat change id reported: 194532703; UID 1000; state: ENABLED
01-07 03:34:26.094   929   974 W BatteryExternalStatsWorker: error reading modem stats:ERROR_PHONE_NOT_AVAILABLE
01-07 03:34:26.096   929  1457 W BatteryExternalStatsWorker: error reading Bluetooth stats: 11
01-07 03:34:26.100   929  1457 D CompatibilityChangeReporter: Compat change id reported: 161145287; UID 10056; state: DISABLED
01-07 03:34:26.103   929   974 W KernelCpuProcStringReader: File not found. It's normal if not implemented: /proc/uid_concurrent_policy_time
01-07 03:34:26.132   929   944 D CompatibilityChangeReporter: Compat change id reported: 161252188; UID 7502; state: ENABLED
01-07 03:34:26.135   929   944 D CompatibilityChangeReporter: Compat change id reported: 135634846; UID 7502; state: DISABLED
01-07 03:34:26.135   929   944 D CompatibilityChangeReporter: Compat change id reported: 177438394; UID 7502; state: DISABLED
01-07 03:34:26.135   929   944 D CompatibilityChangeReporter: Compat change id reported: 135772972; UID 7502; state: DISABLED
01-07 03:34:26.136   929   944 D CompatibilityChangeReporter: Compat change id reported: 135754954; UID 7502; state: ENABLED
01-07 03:34:26.186   929   968 W ActivityManager: Slow operation: 52ms so far, now at startProcess: returned from zygote!
01-07 03:34:26.186   929   968 W ActivityManager: Slow operation: 52ms so far, now at startProcess: done updating battery stats
01-07 03:34:26.186   929   968 W ActivityManager: Slow operation: 52ms so far, now at startProcess: building log message
01-07 03:34:26.186   929   968 I ActivityManager: Start proc 1980:com.sonos.tv.ble.remote/7502 for service {com.sonos.tv.ble.remote/com.sonos.tv.ble.remote.BleRemoteService}
01-07 03:34:26.186   929   968 W ActivityManager: Slow operation: 52ms so far, now at startProcess: starting to update pids map
01-07 03:34:26.187   929   968 W ActivityManager: Slow operation: 52ms so far, now at startProcess: done updating pids map
01-07 03:34:26.202   929  1267 D CompatibilityChangeReporter: Compat change id reported: 161145287; UID 10088; state: DISABLED
01-07 03:34:26.254   929  1542 I ActivityManager: Background started FGS: Allowed [callingPackage: com.aml.dial; callingUid: 10068; uidState: RCVR; intent: Intent { cmp=com.aml.dial/.DialService }; code:BACKGROUND_ACTIVITY_PERMISSION; tempAllowListReason:<broadcast:1000:android.intent.action.BOOT_COMPLETED,reason:,reasonCode:BOOT_COMPLETED,duration:20000,callingUid:1000>; targetSdkVersion:31; callerTargetSdkVersion:31; startForegroundCount:0; bindFromPackage:null]
01-07 03:34:26.265   929  1267 D CompatibilityChangeReporter: Compat change id reported: 168419799; UID 1000; state: DISABLED
01-07 03:34:26.273   929   967 W BroadcastQueue: Exported Denial: sending Intent { act=android.net.wifi.WIFI_STATE_CHANGED flg=0x4000010 (has extras) }, action: android.net.wifi.WIFI_STATE_CHANGED from null (uid=-1) due to receiver ProcessRecord{f96501 1788:com.sonos.connectivity/u0a88} (uid 10088) not specifying RECEIVER_EXPORTED
01-07 03:34:26.302   929  1542 D CompatibilityChangeReporter: Compat change id reported: 168419799; UID 10021; state: DISABLED
01-07 03:34:26.320   929  1210 D CompatibilityChangeReporter: Compat change id reported: 214016041; UID 7501; state: ENABLED
01-07 03:34:26.328   929  1210 D CompatibilityChangeReporter: Compat change id reported: 135634846; UID 10050; state: DISABLED
01-07 03:34:26.328   929  1210 D CompatibilityChangeReporter: Compat change id reported: 177438394; UID 10050; state: DISABLED
01-07 03:34:26.328   929  1210 D CompatibilityChangeReporter: Compat change id reported: 135772972; UID 10050; state: DISABLED
01-07 03:34:26.328   929  1210 D CompatibilityChangeReporter: Compat change id reported: 135754954; UID 10050; state: ENABLED
01-07 03:34:26.329   929   968 D CompatibilityChangeReporter: Compat change id reported: 143937733; UID 10050; state: ENABLED
01-07 03:34:26.350   929   968 I ActivityManager: Start proc 2012:com.brdgwtr.keyboard.ime.pinewood/u0a50 for service {com.brdgwtr.keyboard.ime.pinewood/com.brdgwtr.keyboard.ime.KeyboardService}
01-07 03:34:26.356   929  1542 D CompatibilityChangeReporter: Compat change id reported: 168419799; UID 7502; state: DISABLED
01-07 03:34:26.369  1336  1336 W ContextImpl: Calling a method in the system process without a qualified user: android.app.ContextImpl.startService:1863 android.content.ContextWrapper.startService:817 android.content.ContextWrapper.startService:817 com.droidlogic.BootComplete.onReceive:77 android.app.ActivityThread.handleReceiver:4310 
01-07 03:34:26.383  1336  1336 W ContextImpl: Calling a method in the system process without a qualified user: android.app.ContextImpl.startService:1863 android.content.ContextWrapper.startService:817 android.content.ContextWrapper.startService:817 com.droidlogic.BootComplete.onReceive:84 android.app.ActivityThread.handleReceiver:4310 
01-07 03:34:26.390  1336  1336 W ContextImpl: Calling a method in the system process without a qualified user: android.app.ContextImpl.startService:1863 android.content.ContextWrapper.startService:817 android.content.ContextWrapper.startService:817 com.droidlogic.BootComplete.onReceive:85 android.app.ActivityThread.handleReceiver:4310 
01-07 03:34:26.443  1336  1336 W ContextImpl: Calling a method in the system process without a qualified user: android.app.ContextImpl.stopService:1875 android.content.ContextWrapper.stopService:827 android.content.ContextWrapper.stopService:827 com.droidlogic.BootComplete$1.onChange:178 com.droidlogic.BootComplete.updateDeveloperOptionsWatcher:185 
01-07 03:34:26.446   929  1267 D CoreBackPreview: Window{427b3d u0 com.android.tv.settings/com.android.tv.settings.system.FallbackHome}: Setting back callback null
01-07 03:34:26.458   929  1210 D CompatibilityChangeReporter: Compat change id reported: 161145287; UID 10068; state: DISABLED
01-07 03:34:26.486   929   944 D CompatibilityChangeReporter: Compat change id reported: 168419799; UID 10056; state: DISABLED
01-07 03:34:26.498   929  1542 D CompatibilityChangeReporter: Compat change id reported: 168419799; UID 10050; state: DISABLED
01-07 03:34:26.505   929  1267 D CompatibilityChangeReporter: Compat change id reported: 136293963; UID 10088; state: ENABLED
01-07 03:34:26.514   929   929 D CompatibilityChangeReporter: Compat change id reported: 135634846; UID 1000; state: DISABLED
01-07 03:34:26.514   929   929 D CompatibilityChangeReporter: Compat change id reported: 177438394; UID 1000; state: DISABLED
01-07 03:34:26.514   929   929 D CompatibilityChangeReporter: Compat change id reported: 135772972; UID 1000; state: DISABLED
01-07 03:34:26.514   929   929 D CompatibilityChangeReporter: Compat change id reported: 135754954; UID 1000; state: ENABLED
01-07 03:34:26.526   929   968 I ActivityManager: Start proc 2049:com.droidlogic.mediacenter/1000 for broadcast {com.droidlogic.mediacenter/com.droidlogic.mediacenter.DMRBroadcastReceiver}
01-07 03:34:26.536   929  1767 W UsageStatsService: Failed to query events for locked user 0
01-07 03:34:26.578   929  1545 D CompatibilityChangeReporter: Compat change id reported: 135634846; UID 10042; state: DISABLED
01-07 03:34:26.579   929  1545 D CompatibilityChangeReporter: Compat change id reported: 177438394; UID 10042; state: DISABLED
01-07 03:34:26.579   929  1545 D CompatibilityChangeReporter: Compat change id reported: 135772972; UID 10042; state: DISABLED
01-07 03:34:26.579   929  1545 D CompatibilityChangeReporter: Compat change id reported: 135754954; UID 10042; state: ENABLED
01-07 03:34:26.588   929   968 D CompatibilityChangeReporter: Compat change id reported: 143937733; UID 10042; state: ENABLED
01-07 03:34:26.605   929  1742 D CompatibilityChangeReporter: Compat change id reported: 135634846; UID 10020; state: DISABLED
01-07 03:34:26.605   929  1742 D CompatibilityChangeReporter: Compat change id reported: 177438394; UID 10020; state: DISABLED
01-07 03:34:26.605   929  1742 D CompatibilityChangeReporter: Compat change id reported: 135772972; UID 10020; state: DISABLED
01-07 03:34:26.605   929  1742 D CompatibilityChangeReporter: Compat change id reported: 135754954; UID 10020; state: ENABLED
01-07 03:34:26.612   929   968 I ActivityManager: Start proc 2070:com.brdgwtr.mediasession/u0a42 for content provider {com.brdgwtr.mediasession/com.brdgwtr.mediasession.provider.MediaSessionContentProvider}
01-07 03:34:26.612   929   968 D CompatibilityChangeReporter: Compat change id reported: 143937733; UID 10020; state: ENABLED
01-07 03:34:26.616   929  1210 D CompatibilityChangeReporter: Compat change id reported: 161145287; UID 7502; state: DISABLED
01-07 03:34:26.631   929   968 I ActivityManager: Start proc 2073:android.process.acore/u0a20 for content provider {com.android.providers.contacts/com.android.providers.contacts.ContactsProvider2}
01-07 03:34:26.632   929   944 D CompatibilityChangeReporter: Compat change id reported: 161145287; UID 10021; state: DISABLED
01-07 03:34:26.657   929  1210 D CompatibilityChangeReporter: Compat change id reported: 161252188; UID 10054; state: ENABLED
01-07 03:34:26.663   929  1210 D CompatibilityChangeReporter: Compat change id reported: 135634846; UID 10054; state: DISABLED
01-07 03:34:26.663   929  1210 D CompatibilityChangeReporter: Compat change id reported: 177438394; UID 10054; state: DISABLED
01-07 03:34:26.663   929  1210 D CompatibilityChangeReporter: Compat change id reported: 135772972; UID 10054; state: DISABLED
01-07 03:34:26.663   929  1210 D CompatibilityChangeReporter: Compat change id reported: 135754954; UID 10054; state: ENABLED
01-07 03:34:26.664   929   968 D CompatibilityChangeReporter: Compat change id reported: 143937733; UID 10054; state: ENABLED
01-07 03:34:26.678   929   968 I ActivityManager: Start proc 2100:com.sonos.tv.appdirector/u0a54 for service {com.sonos.tv.appdirector/com.sonos.tv.appdirector.AppDirectorService}
01-07 03:34:26.685   929  1457 D CompatibilityChangeReporter: Compat change id reported: 168419799; UID 10020; state: DISABLED
01-07 03:34:26.692   929  1165 D CompatibilityChangeReporter: Compat change id reported: 143231523; UID 1000; state: DISABLED
01-07 03:34:26.707   929  2119 I DropBoxManagerService: add tag=system_app_wtf isTagEnabled=true flags=0x2
01-07 03:34:26.713   929  1457 D CompatibilityChangeReporter: Compat change id reported: 168419799; UID 10042; state: DISABLED
01-07 03:34:26.721   929  1158 W ContextImpl: Calling a method in the system process without a qualified user: android.app.ContextImpl.sendStickyBroadcast:1586 com.android.server.ConnectivityService.sendStickyBroadcast:3074 com.android.server.ConnectivityService.sendGeneralBroadcast:3047 com.android.server.ConnectivityService.sendInetConditionBroadcast:3024 com.android.server.ConnectivityService.updateInetCondition:9169 
01-07 03:34:26.728   929   944 D CompatibilityChangeReporter: Compat change id reported: 135634846; UID 10066; state: DISABLED
01-07 03:34:26.729   929   944 D CompatibilityChangeReporter: Compat change id reported: 177438394; UID 10066; state: DISABLED
01-07 03:34:26.729   929   944 D CompatibilityChangeReporter: Compat change id reported: 135772972; UID 10066; state: DISABLED
01-07 03:34:26.729   929   944 D CompatibilityChangeReporter: Compat change id reported: 135754954; UID 10066; state: ENABLED
01-07 03:34:26.729   929   968 D CompatibilityChangeReporter: Compat change id reported: 143937733; UID 10066; state: ENABLED
01-07 03:34:26.743   929   968 I ActivityManager: Start proc 2136:com.android.remoteprovisioner/u0a66 for broadcast {com.android.remoteprovisioner/androidx.work.impl.background.systemalarm.RescheduleReceiver}
01-07 03:34:26.787   929  1267 D CompatibilityChangeReporter: Compat change id reported: 161145287; UID 10075; state: DISABLED
01-07 03:34:26.815   929  1545 D CompatibilityChangeReporter: Compat change id reported: 168419799; UID 10066; state: DISABLED
01-07 03:34:26.833   929  1374 D CompatibilityChangeReporter: Compat change id reported: 168419799; UID 10054; state: DISABLED
01-07 03:34:26.868   929  1737 I StorageUserConnection: Service: [ComponentInfo{com.android.providers.media.module/com.android.providers.media.fuse.ExternalStorageServiceImpl}] connected. User [0]
01-07 03:34:26.887   929  1267 D CompatibilityChangeReporter: Compat change id reported: 143231523; UID 10021; state: DISABLED
01-07 03:34:26.909   929  1267 D CompatibilityChangeReporter: Compat change id reported: 135634846; UID 10046; state: DISABLED
01-07 03:34:26.909   929   968 D CompatibilityChangeReporter: Compat change id reported: 143937733; UID 10046; state: ENABLED
01-07 03:34:26.924   929   968 I ActivityManager: Start proc 2192:com.netflix.ninja/u0a46 for broadcast {com.netflix.ninja/com.netflix.ninja.BootCompleteReceiver}
