01-07 03:34:24.093     0     0 W [7 T441   ..] printk: binder:391_1: 142 output lines suppressed due to ratelimiting
01-07 03:34:29.612   929  2388 W ActivityManager: Foreground service started from background can not have location/camera/microphone access: service com.brdgwtr.metrics.service/.MetricsService
01-07 03:34:29.617   929   967 I ActivityManager: Deferring FGS notification in legacy app com.brdgwtr.metrics.service/u0a43 : Notification(channel=MetricsService shortcut=null contentView=null vibrate=null sound=null defaults=0x0 flags=0x42 color=0x00000000 vis=PRIVATE)
01-07 03:34:29.628   929  1457 W ActivityManager: Foreground service started from background can not have location/camera/microphone access: service com.brdgwtr.metrics.service/.MetricsService
01-07 03:34:29.635   929  2854 W ActivityManager: Foreground service started from background can not have location/camera/microphone access: service com.brdgwtr.metrics.service/.MetricsService
01-07 03:34:29.645   929   945 I ActivityManager: com.android.shell is exempt from freezer
01-07 03:34:29.645   929   945 D CompatibilityChangeReporter: Compat change id reported: 135634846; UID 2000; state: DISABLED
01-07 03:34:29.645   929   945 D CompatibilityChangeReporter: Compat change id reported: 177438394; UID 2000; state: DISABLED
01-07 03:34:29.645   929   945 D CompatibilityChangeReporter: Compat change id reported: 135772972; UID 2000; state: DISABLED
01-07 03:34:29.645   929   945 D CompatibilityChangeReporter: Compat change id reported: 135754954; UID 2000; state: ENABLED
01-07 03:34:29.657   929   968 I ActivityManager: Start proc 2905:com.android.shell/2000 for broadcast {com.android.shell/com.android.shell.HeapDumpReceiver}
01-07 03:34:29.693   929  2388 D CompatibilityChangeReporter: Compat change id reported: 168419799; UID 2000; state: DISABLED
01-07 03:34:24.194     0     0 I         : [3 T8     ..] [TEE] E/TA:   OPTEE_PlatformInit:47
01-07 03:34:24.194     0     0 I         : [3 T8     ..] [TEE] MM-module-name:Widevine TA,Version:17.1-r1.14-ga3ab5eb-p1(build:1509)
01-07 03:34:24.194     0     0 I         : [3 T8     ..] [TEE] E/TA:   OPTEE_MigrateGenerationNumPersistentData:399 migrate read GenerationNum from reefs error. NOT ERROR
01-07 03:34:24.226     0     0 W [5 T2924  ..] audit: audit_lost=9263 audit_rate_limit=5 audit_backlog_limit=64
01-07 03:34:24.226     0     0 E [5 T2924  ..] audit: rate limit exceeded
01-07 03:34:29.816   929  1457 D CompatibilityChangeReporter: Compat change id reported: 168419799; UID 10024; state: DISABLED
01-07 03:34:29.869   929  1457 D CompatibilityChangeReporter: Compat change id reported: 135634846; UID 10047; state: DISABLED
01-07 03:34:29.869   929  1457 D CompatibilityChangeReporter: Compat change id reported: 177438394; UID 10047; state: DISABLED
01-07 03:34:29.869   929  1457 D CompatibilityChangeReporter: Compat change id reported: 135772972; UID 10047; state: DISABLED
01-07 03:34:29.869   929  1457 D CompatibilityChangeReporter: Compat change id reported: 135754954; UID 10047; state: ENABLED
01-07 03:34:29.869   929   968 D CompatibilityChangeReporter: Compat change id reported: 143937733; UID 10047; state: ENABLED
01-07 03:34:29.888   929   968 I ActivityManager: Start proc 2938:com.brdgwtr.CentralMessageService/u0a47 for broadcast {com.brdgwtr.CentralMessageService/com.brdgwtr.cms.receivers.OnBootReceiver}
01-07 03:34:29.921   929  2388 D CompatibilityChangeReporter: Compat change id reported: 168419799; UID 10047; state: DISABLED
01-07 03:34:29.938   929  2388 W OverlayManager: service 'idmap' died
01-07 03:34:30.190   929   945 W ActivityManager: Foreground service started from background can not have location/camera/microphone access: service com.brdgwtr.metrics.service/.MetricsService
01-07 03:34:30.191   929  1457 I ActivityManager: Background started FGS: Allowed [callingPackage: com.brdgwtr.CentralMessageService; callingUid: 10047; uidState: RCVR; intent: Intent { act=CMS_START cmp=com.brdgwtr.CentralMessageService/com.brdgwtr.cms.CentralMessageService }; code:BOOT_COMPLETED; tempAllowListReason:<broadcast:1000:android.intent.action.BOOT_COMPLETED,reason:,reasonCode:BOOT_COMPLETED,duration:20000,callingUid:1000>; targetSdkVersion:34; callerTargetSdkVersion:34; startForegroundCount:0; bindFromPackage:null]
01-07 03:34:30.198   929   945 D CompatibilityChangeReporter: Compat change id reported: 168419799; UID 10044; state: DISABLED
01-07 03:34:30.226   929   945 I ActivityManager: Background started FGS: Allowed [callingPackage: com.brdgwtr.dms; callingUid: 10044; uidState: BFGS; intent: Intent { cmp=com.brdgwtr.dms/.DeviceMonitorService }; code:PROC_STATE_BFGS; tempAllowListReason:<broadcast:1000:android.intent.action.BOOT_COMPLETED,reason:,reasonCode:BOOT_COMPLETED,duration:20000,callingUid:1000>; targetSdkVersion:30; callerTargetSdkVersion:30; startForegroundCount:0; bindFromPackage:null]
01-07 03:34:30.260   929  2388 W ActivityManager: Foreground service started from background can not have location/camera/microphone access: service com.brdgwtr.dms/.DeviceMonitorService
01-07 03:34:30.261   929   967 I ActivityManager: Deferring FGS notification in legacy app com.brdgwtr.dms/u0a44 : Notification(channel=DeviceMonitorService shortcut=null contentView=null vibrate=null sound=null defaults=0x0 flags=0x42 color=0x00000000 vis=PRIVATE)
01-07 03:34:30.325   929  1457 W ActivityManager: Foreground service started from background can not have location/camera/microphone access: service com.brdgwtr.CentralMessageService/com.brdgwtr.cms.CentralMessageService
01-07 03:34:30.337   929  1457 I ActivityManager: Background started FGS: Allowed [callingPackage: com.brdgwtr.dms; callingUid: 10044; uidState: FGS ; intent: Intent { cmp=com.brdgwtr.dms/com.brdgwtr.pdss.PdsService }; code:PROC_STATE_FGS; tempAllowListReason:<broadcast:1000:android.intent.action.BOOT_COMPLETED,reason:,reasonCode:BOOT_COMPLETED,duration:20000,callingUid:1000>; targetSdkVersion:30; callerTargetSdkVersion:30; startForegroundCount:0; bindFromPackage:null]
01-07 03:34:30.338   929  1457 D CompatibilityChangeReporter: Compat change id reported: 135634846; UID 10044; state: DISABLED
01-07 03:34:30.339   929  1457 D CompatibilityChangeReporter: Compat change id reported: 177438394; UID 10044; state: DISABLED
01-07 03:34:30.339   929  1457 D CompatibilityChangeReporter: Compat change id reported: 135772972; UID 10044; state: DISABLED
01-07 03:34:30.339   929  1457 D CompatibilityChangeReporter: Compat change id reported: 135754954; UID 10044; state: ENABLED
01-07 03:34:30.340   929   968 D CompatibilityChangeReporter: Compat change id reported: 143937733; UID 10044; state: ENABLED
01-07 03:34:30.346   929   945 W ActivityManager: Foreground service started from background can not have location/camera/microphone access: service com.brdgwtr.metrics.service/.MetricsService
01-07 03:34:30.352  2100  2100 W Looper  : Slow dispatch took 2141ms main h=android.os.Handler c=AwaitContinuation(DispatchedContinuation[Dispatchers.Main, Continuation at com.sonos.coroutines.flow.DerivedStateFlow$collect$2.invokeSuspend(DerivedStateFlow.kt:32)@2e92d10]){Completed}@3634009 m=0
01-07 03:34:30.356  2100  2100 W Looper  : Slow delivery took 2143ms main h=android.os.Handler c=AwaitContinuation(DispatchedContinuation[Dispatchers.Main, Continuation at com.sonos.coroutines.flow.DerivedStateFlow$collect$2.invokeSuspend(DerivedStateFlow.kt:32)@ebb320e]){Completed}@3c8c42f m=0
01-07 03:34:30.356   929   968 I ActivityManager: Start proc 3021:com.brdgwtr.dms:pdssService/u0a44 for service {com.brdgwtr.dms/com.brdgwtr.pdss.PdsService}
01-07 03:34:30.356  2100  2100 W Looper  : Drained
01-07 03:34:30.384  1336  1336 W ContextImpl: Calling a method in the system process without a qualified user: android.app.ContextImpl.startService:1863 android.content.ContextWrapper.startService:817 android.content.ContextWrapper.startService:817 com.droidlogic.AiPqReceiver.onReceive:31 android.app.ActivityThread.handleReceiver:4310 
01-07 03:34:30.393   929  1374 D CompatibilityChangeReporter: Compat change id reported: 135634846; UID 1000; state: DISABLED
01-07 03:34:30.393   929  1374 D CompatibilityChangeReporter: Compat change id reported: 177438394; UID 1000; state: DISABLED
01-07 03:34:30.394   929  1374 D CompatibilityChangeReporter: Compat change id reported: 135772972; UID 1000; state: DISABLED
01-07 03:34:30.394   929  1374 D CompatibilityChangeReporter: Compat change id reported: 135754954; UID 1000; state: ENABLED
01-07 03:34:30.414   929   968 I ActivityManager: Start proc 3048:com.droidlogic.tv.settings/1000 for broadcast {com.droidlogic.tv.settings/com.droidlogic.tv.settings.BootReceiver}
01-07 03:34:30.497   929  2388 D CompatibilityChangeReporter: Compat change id reported: 161145287; UID 10047; state: DISABLED
01-07 03:34:30.511   929   967 I ActivityManager: reportOnUserCompletedEvent(0): stored=10, eligible=111
01-07 03:34:30.511   929   967 D SystemServerTimingAsync: ssm.CompletedEventUser-0
01-07 03:34:30.511   929   967 I SystemServiceManager: Calling onCompletedEventUser 0
01-07 03:34:30.512   929  3084 D SystemServerTimingAsync: ssm.onCompletedEventUser-0_{|Unlocked|}_com.android.server.security.FileIntegrityService
01-07 03:34:30.512   929  3084 V SystemServerTimingAsync: ssm.onCompletedEventUser-0_{|Unlocked|}_com.android.server.security.FileIntegrityService took to complete: 0ms
01-07 03:34:30.512   929  3084 D SystemServerTimingAsync: ssm.onCompletedEventUser-0_{|Unlocked|}_com.android.server.uri.UriGrantsManagerService$Lifecycle
01-07 03:34:30.512   929  3084 V SystemServerTimingAsync: ssm.onCompletedEventUser-0_{|Unlocked|}_com.android.server.uri.UriGrantsManagerService$Lifecycle took to complete: 0ms
01-07 03:34:30.512   929  3084 D SystemServerTimingAsync: ssm.onCompletedEventUser-0_{|Unlocked|}_com.android.server.powerstats.PowerStatsService
01-07 03:34:30.512   929  3084 V SystemServerTimingAsync: ssm.onCompletedEventUser-0_{|Unlocked|}_com.android.server.powerstats.PowerStatsService took to complete: 0ms
01-07 03:34:30.512   929  3086 D SystemServerTimingAsync: ssm.onCompletedEventUser-0_{|Unlocked|}_com.android.server.os.DeviceIdentifiersPolicyService
01-07 03:34:30.512   929  3084 D SystemServerTimingAsync: ssm.onCompletedEventUser-0_{|Unlocked|}_com.android.server.wm.ActivityTaskManagerService$Lifecycle
01-07 03:34:30.512   929  3086 V SystemServerTimingAsync: ssm.onCompletedEventUser-0_{|Unlocked|}_com.android.server.os.DeviceIdentifiersPolicyService took to complete: 0ms
01-07 03:34:30.513   929  3084 V SystemServerTimingAsync: ssm.onCompletedEventUser-0_{|Unlocked|}_com.android.server.wm.ActivityTaskManagerService$Lifecycle took to complete: 0ms
01-07 03:34:30.513   929  3084 D SystemServerTimingAsync: ssm.onCompletedEventUser-0_{|Unlocked|}_com.android.server.pm.DataLoaderManagerService
01-07 03:34:30.513   929  3085 D SystemServerTimingAsync: ssm.onCompletedEventUser-0_{|Unlocked|}_com.android.server.pm.Installer
01-07 03:34:30.513   929  3085 V SystemServerTimingAsync: ssm.onCompletedEventUser-0_{|Unlocked|}_com.android.server.pm.Installer took to complete: 0ms
01-07 03:34:30.513   929  3086 D SystemServerTimingAsync: ssm.onCompletedEventUser-0_{|Unlocked|}_com.android.server.am.ActivityManagerService$Lifecycle
01-07 03:34:30.513   929  3084 V SystemServerTimingAsync: ssm.onCompletedEventUser-0_{|Unlocked|}_com.android.server.pm.DataLoaderManagerService took to complete: 0ms
01-07 03:34:30.513   929  3086 V SystemServerTimingAsync: ssm.onCompletedEventUser-0_{|Unlocked|}_com.android.server.am.ActivityManagerService$Lifecycle took to complete: 0ms
01-07 03:34:30.513   929  3085 D SystemServerTimingAsync: ssm.onCompletedEventUser-0_{|Unlocked|}_com.android.server.power.PowerManagerService
01-07 03:34:30.513   929  3085 V SystemServerTimingAsync: ssm.onCompletedEventUser-0_{|Unlocked|}_com.android.server.power.PowerManagerService took to complete: 0ms
01-07 03:34:30.513   929  3085 D SystemServerTimingAsync: ssm.onCompletedEventUser-0_{|Unlocked|}_com.android.server.recoverysystem.RecoverySystemService$Lifecycle
01-07 03:34:30.513   929  3085 V SystemServerTimingAsync: ssm.onCompletedEventUser-0_{|Unlocked|}_com.android.server.recoverysystem.RecoverySystemService$Lifecycle took to complete: 0ms
01-07 03:34:30.513   929  3086 D SystemServerTimingAsync: ssm.onCompletedEventUser-0_{|Unlocked|}_com.android.server.power.hint.HintManagerService
01-07 03:34:30.513   929  3084 D SystemServerTimingAsync: ssm.onCompletedEventUser-0_{|Unlocked|}_com.android.server.power.ThermalManagerService
01-07 03:34:30.513   929  3085 D SystemServerTimingAsync: ssm.onCompletedEventUser-0_{|Unlocked|}_com.android.server.lights.LightsService
01-07 03:34:30.513   929  3085 V SystemServerTimingAsync: ssm.onCompletedEventUser-0_{|Unlocked|}_com.android.server.lights.LightsService took to complete: 0ms
01-07 03:34:30.513   929  3085 D SystemServerTimingAsync: ssm.onCompletedEventUser-0_{|Unlocked|}_com.android.server.display.DisplayManagerService
01-07 03:34:30.513   929  3085 V SystemServerTimingAsync: ssm.onCompletedEventUser-0_{|Unlocked|}_com.android.server.display.DisplayManagerService took to complete: 0ms
01-07 03:34:30.513   929  3084 V SystemServerTimingAsync: ssm.onCompletedEventUser-0_{|Unlocked|}_com.android.server.power.ThermalManagerService took to complete: 0ms
01-07 03:34:30.513   929  3086 V SystemServerTimingAsync: ssm.onCompletedEventUser-0_{|Unlocked|}_com.android.server.power.hint.HintManagerService took to complete: 0ms
01-07 03:34:30.513   929  3085 D SystemServerTimingAsync: ssm.onCompletedEventUser-0_{|Unlocked|}_com.android.server.pm.verify.domain.DomainVerificationService
01-07 03:34:30.514   929  3084 D SystemServerTimingAsync: ssm.onCompletedEventUser-0_{|Unlocked|}_com.android.server.pm.PackageInstallerService$Lifecycle
01-07 03:34:30.514   929  3084 V SystemServerTimingAsync: ssm.onCompletedEventUser-0_{|Unlocked|}_com.android.server.pm.PackageInstallerService$Lifecycle took to complete: 0ms
01-07 03:34:30.514   929  3084 D SystemServerTimingAsync: ssm.onCompletedEventUser-0_{|Unlocked|}_com.android.server.om.OverlayManagerService
01-07 03:34:30.514   929  3084 V SystemServerTimingAsync: ssm.onCompletedEventUser-0_{|Unlocked|}_com.android.server.om.OverlayManagerService took to complete: 0ms
01-07 03:34:30.514   929  3084 D SystemServerTimingAsync: ssm.onCompletedEventUser-0_{|Unlocked|}_com.android.server.resources.ResourcesManagerService
01-07 03:34:30.514   929  3084 V SystemServerTimingAsync: ssm.onCompletedEventUser-0_{|Unlocked|}_com.android.server.resources.ResourcesManagerService took to complete: 0ms
01-07 03:34:30.514   929  3084 D SystemServerTimingAsync: ssm.onCompletedEventUser-0_{|Unlocked|}_com.android.server.sensorprivacy.SensorPrivacyService
01-07 03:34:30.514   929  3084 V SystemServerTimingAsync: ssm.onCompletedEventUser-0_{|Unlocked|}_com.android.server.sensorprivacy.SensorPrivacyService took to complete: 0ms
01-07 03:34:30.514   929  3086 D SystemServerTimingAsync: ssm.onCompletedEventUser-0_{|Unlocked|}_com.android.server.pm.UserManagerService$LifeCycle
01-07 03:34:30.514   929  3086 V SystemServerTimingAsync: ssm.onCompletedEventUser-0_{|Unlocked|}_com.android.server.pm.UserManagerService$LifeCycle took to complete: 0ms
01-07 03:34:30.514   929  3086 D SystemServerTimingAsync: ssm.onCompletedEventUser-0_{|Unlocked|}_com.android.server.SystemConfigService
01-07 03:34:30.514   929  3086 V SystemServerTimingAsync: ssm.onCompletedEventUser-0_{|Unlocked|}_com.android.server.SystemConfigService took to complete: 0ms
01-07 03:34:30.514   929  3086 D SystemServerTimingAsync: ssm.onCompletedEventUser-0_{|Unlocked|}_com.android.server.BatteryService
01-07 03:34:30.514   929  3086 V SystemServerTimingAsync: ssm.onCompletedEventUser-0_{|Unlocked|}_com.android.server.BatteryService took to complete: 0ms
01-07 03:34:30.514   929  3084 D SystemServerTimingAsync: ssm.onCompletedEventUser-0_{|Unlocked|}_com.android.server.sensors.SensorService
01-07 03:34:30.514   929  3086 D SystemServerTimingAsync: ssm.onCompletedEventUser-0_{|Unlocked|}_com.android.server.usage.UsageStatsService
01-07 03:34:30.514   929  3085 V SystemServerTimingAsync: ssm.onCompletedEventUser-0_{|Unlocked|}_com.android.server.pm.verify.domain.DomainVerificationService took to complete: 0ms
01-07 03:34:30.514   929  3086 V SystemServerTimingAsync: ssm.onCompletedEventUser-0_{|Unlocked|}_com.android.server.usage.UsageStatsService took to complete: 0ms
01-07 03:34:30.514   929  3086 D SystemServerTimingAsync: ssm.onCompletedEventUser-0_{|Unlocked|}_com.android.server.CachedDeviceStateService
01-07 03:34:30.514   929  3086 V SystemServerTimingAsync: ssm.onCompletedEventUser-0_{|Unlocked|}_com.android.server.CachedDeviceStateService took to complete: 0ms
01-07 03:34:30.514   929  3084 V SystemServerTimingAsync: ssm.onCompletedEventUser-0_{|Unlocked|}_com.android.server.sensors.SensorService took to complete: 0ms
01-07 03:34:30.514   929  3084 D SystemServerTimingAsync: ssm.onCompletedEventUser-0_{|Unlocked|}_com.android.server.LooperStatsService$Lifecycle
01-07 03:34:30.514   929  3086 D SystemServerTimingAsync: ssm.onCompletedEventUser-0_{|Unlocked|}_com.android.server.BinderCallsStatsService$LifeCycle
01-07 03:34:30.514   929  3085 D SystemServerTimingAsync: ssm.onCompletedEventUser-0_{|Unlocked|}_com.android.server.webkit.WebViewUpdateService
01-07 03:34:30.515   929  3086 V SystemServerTimingAsync: ssm.onCompletedEventUser-0_{|Unlocked|}_com.android.server.BinderCallsStatsService$LifeCycle took to complete: 0ms
01-07 03:34:30.515   929  3086 D SystemServerTimingAsync: ssm.onCompletedEventUser-0_{|Unlocked|}_com.android.server.rollback.RollbackManagerService
01-07 03:34:30.515   929  3086 V SystemServerTimingAsync: ssm.onCompletedEventUser-0_{|Unlocked|}_com.android.server.rollback.RollbackManagerService took to complete: 0ms
01-07 03:34:30.515   929  3086 D SystemServerTimingAsync: ssm.onCompletedEventUser-0_{|Unlocked|}_com.android.server.os.NativeTombstoneManagerService
01-07 03:34:30.515   929  3086 V SystemServerTimingAsync: ssm.onCompletedEventUser-0_{|Unlocked|}_com.android.server.os.NativeTombstoneManagerService took to complete: 0ms
01-07 03:34:30.515   929  3086 D SystemServerTimingAsync: ssm.onCompletedEventUser-0_{|Unlocked|}_com.android.server.os.BugreportManagerService
01-07 03:34:30.515   929  3086 V SystemServerTimingAsync: ssm.onCompletedEventUser-0_{|Unlocked|}_com.android.server.os.BugreportManagerService took to complete: 0ms
01-07 03:34:30.515   929  3084 V SystemServerTimingAsync: ssm.onCompletedEventUser-0_{|Unlocked|}_com.android.server.LooperStatsService$Lifecycle took to complete: 0ms
01-07 03:34:30.515   929  3085 V SystemServerTimingAsync: ssm.onCompletedEventUser-0_{|Unlocked|}_com.android.server.webkit.WebViewUpdateService took to complete: 0ms
01-07 03:34:30.515   929  3086 D SystemServerTimingAsync: ssm.onCompletedEventUser-0_{|Unlocked|}_com.android.server.gpu.GpuService
01-07 03:34:30.515   929  3086 V SystemServerTimingAsync: ssm.onCompletedEventUser-0_{|Unlocked|}_com.android.server.gpu.GpuService took to complete: 0ms
01-07 03:34:30.515   929  3086 D SystemServerTimingAsync: ssm.onCompletedEventUser-0_{|Unlocked|}_com.android.server.accounts.AccountManagerService$Lifecycle
01-07 03:34:30.515   929  3086 V SystemServerTimingAsync: ssm.onCompletedEventUser-0_{|Unlocked|}_com.android.server.accounts.AccountManagerService$Lifecycle took to complete: 0ms
01-07 03:34:30.515   929  3086 D SystemServerTimingAsync: ssm.onCompletedEventUser-0_{|Unlocked|}_com.android.server.content.ContentService$Lifecycle
01-07 03:34:30.515   929  3086 V SystemServerTimingAsync: ssm.onCompletedEventUser-0_{|Unlocked|}_com.android.server.content.ContentService$Lifecycle took to complete: 0ms
01-07 03:34:30.515   929  3086 D SystemServerTimingAsync: ssm.onCompletedEventUser-0_{|Unlocked|}_com.android.server.DropBoxManagerService
01-07 03:34:30.515   929  3086 V SystemServerTimingAsync: ssm.onCompletedEventUser-0_{|Unlocked|}_com.android.server.DropBoxManagerService took to complete: 0ms
01-07 03:34:30.515   929  3084 D SystemServerTimingAsync: ssm.onCompletedEventUser-0_{|Unlocked|}_com.android.server.security.KeyChainSystemService
01-07 03:34:30.515   929  3084 V SystemServerTimingAsync: ssm.onCompletedEventUser-0_{|Unlocked|}_com.android.server.security.KeyChainSystemService took to complete: 0ms
01-07 03:34:30.515   929  3084 D SystemServerTimingAsync: ssm.onCompletedEventUser-0_{|Unlocked|}_com.android.server.vibrator.VibratorManagerService$Lifecycle
01-07 03:34:30.515   929  3084 V SystemServerTimingAsync: ssm.onCompletedEventUser-0_{|Unlocked|}_com.android.server.vibrator.VibratorManagerService$Lifecycle took to complete: 0ms
01-07 03:34:30.515   929  3085 D SystemServerTimingAsync: ssm.onCompletedEventUser-0_{|Unlocked|}_com.android.server.BinaryTransparencyService
01-07 03:34:30.515   929  3085 V SystemServerTimingAsync: ssm.onCompletedEventUser-0_{|Unlocked|}_com.android.server.BinaryTransparencyService took to complete: 0ms
01-07 03:34:30.516   929  3084 D SystemServerTimingAsync: ssm.onCompletedEventUser-0_{|Unlocked|}_com.android.server.tare.InternalResourceService
01-07 03:34:30.516   929  3084 V SystemServerTimingAsync: ssm.onCompletedEventUser-0_{|Unlocked|}_com.android.server.tare.InternalResourceService took to complete: 0ms
01-07 03:34:30.516   929  3085 D SystemServerTimingAsync: ssm.onCompletedEventUser-0_{|Unlocked|}_com.android.server.alarm.AlarmManagerService
01-07 03:34:30.516   929  3085 V SystemServerTimingAsync: ssm.onCompletedEventUser-0_{|Unlocked|}_com.android.server.alarm.AlarmManagerService took to complete: 0ms
01-07 03:34:30.516   929  3084 D SystemServerTimingAsync: ssm.onCompletedEventUser-0_{|Unlocked|}_com.android.server.devicestate.DeviceStateManagerService
01-07 03:34:30.516   929  3086 D SystemServerTimingAsync: ssm.onCompletedEventUser-0_{|Unlocked|}_com.android.role.RoleService
01-07 03:34:30.516   929  3086 V SystemServerTimingAsync: ssm.onCompletedEventUser-0_{|Unlocked|}_com.android.role.RoleService took to complete: 0ms
01-07 03:34:30.516   929  3086 D SystemServerTimingAsync: ssm.onCompletedEventUser-0_{|Unlocked|}_com.android.server.connectivity.IpConnectivityMetrics
01-07 03:34:30.516   929  3085 D SystemServerTimingAsync: ssm.onCompletedEventUser-0_{|Unlocked|}_com.android.server.bluetooth.BluetoothService
01-07 03:34:30.516   929  3084 V SystemServerTimingAsync: ssm.onCompletedEventUser-0_{|Unlocked|}_com.android.server.devicestate.DeviceStateManagerService took to complete: 0ms
01-07 03:34:30.516   929  3084 D SystemServerTimingAsync: ssm.onCompletedEventUser-0_{|Unlocked|}_com.android.server.net.watchlist.NetworkWatchlistService$Lifecycle
01-07 03:34:30.516   929  3085 V SystemServerTimingAsync: ssm.onCompletedEventUser-0_{|Unlocked|}_com.android.server.bluetooth.BluetoothService took to complete: 0ms
01-07 03:34:30.516   929  3086 V SystemServerTimingAsync: ssm.onCompletedEventUser-0_{|Unlocked|}_com.android.server.connectivity.IpConnectivityMetrics took to complete: 0ms
01-07 03:34:30.516   929  3084 V SystemServerTimingAsync: ssm.onCompletedEventUser-0_{|Unlocked|}_com.android.server.net.watchlist.NetworkWatchlistService$Lifecycle took to complete: 0ms
01-07 03:34:30.516   929  3085 D SystemServerTimingAsync: ssm.onCompletedEventUser-0_{|Unlocked|}_com.android.server.PinnerService
01-07 03:34:30.516   929  3086 D SystemServerTimingAsync: ssm.onCompletedEventUser-0_{|Unlocked|}_com.android.server.integrity.AppIntegrityManagerService
01-07 03:34:30.516   929  3086 V SystemServerTimingAsync: ssm.onCompletedEventUser-0_{|Unlocked|}_com.android.server.integrity.AppIntegrityManagerService took to complete: 0ms
01-07 03:34:30.516   929  3086 D SystemServerTimingAsync: ssm.onCompletedEventUser-0_{|Unlocked|}_com.android.server.inputmethod.InputMethodManagerService$Lifecycle
01-07 03:34:30.516   929  3086 V SystemServerTimingAsync: ssm.onCompletedEventUser-0_{|Unlocked|}_com.android.server.inputmethod.InputMethodManagerService$Lifecycle took to complete: 0ms
01-07 03:34:30.516   929  3086 D SystemServerTimingAsync: ssm.onCompletedEventUser-0_{|Unlocked|}_com.android.server.accessibility.AccessibilityManagerService$Lifecycle
01-07 03:34:30.516   929  3086 V SystemServerTimingAsync: ssm.onCompletedEventUser-0_{|Unlocked|}_com.android.server.accessibility.AccessibilityManagerService$Lifecycle took to complete: 0ms
01-07 03:34:30.516   929  3084 D SystemServerTimingAsync: ssm.onCompletedEventUser-0_{|Unlocked|}_com.android.server.logcat.LogcatManagerService
01-07 03:34:30.516   929  3085 V SystemServerTimingAsync: ssm.onCompletedEventUser-0_{|Unlocked|}_com.android.server.PinnerService took to complete: 0ms
01-07 03:34:30.517   929  3086 D SystemServerTimingAsync: ssm.onCompletedEventUser-0_{|Unlocked|}_com.android.server.StorageManagerService$Lifecycle
01-07 03:34:30.517   929  3086 V SystemServerTimingAsync: ssm.onCompletedEventUser-0_{|Unlocked|}_com.android.server.StorageManagerService$Lifecycle took to complete: 0ms
01-07 03:34:30.517   929  3085 D SystemServerTimingAsync: ssm.onCompletedEventUser-0_{|Unlocked|}_com.android.server.usage.StorageStatsService$Lifecycle
01-07 03:34:30.517   929  3085 V SystemServerTimingAsync: ssm.onCompletedEventUser-0_{|Unlocked|}_com.android.server.usage.StorageStatsService$Lifecycle took to complete: 0ms
01-07 03:34:30.517   929  3086 D SystemServerTimingAsync: ssm.onCompletedEventUser-0_{|Unlocked|}_com.android.server.UiModeManagerService
01-07 03:34:30.517   929  3084 V SystemServerTimingAsync: ssm.onCompletedEventUser-0_{|Unlocked|}_com.android.server.logcat.LogcatManagerService took to complete: 0ms
01-07 03:34:30.517   929  3084 D SystemServerTimingAsync: ssm.onCompletedEventUser-0_{|Unlocked|}_com.android.server.locksettings.LockSettingsService$Lifecycle
01-07 03:34:30.517   929  3084 V SystemServerTimingAsync: ssm.onCompletedEventUser-0_{|Unlocked|}_com.android.server.locksettings.LockSettingsService$Lifecycle took to complete: 0ms
01-07 03:34:30.517   929  3084 D SystemServerTimingAsync: ssm.onCompletedEventUser-0_{|Unlocked|}_com.android.server.PersistentDataBlockService
01-07 03:34:30.517   929  3084 V SystemServerTimingAsync: ssm.onCompletedEventUser-0_{|Unlocked|}_com.android.server.PersistentDataBlockService took to complete: 0ms
01-07 03:34:30.517   929  3084 D SystemServerTimingAsync: ssm.onCompletedEventUser-0_{|Unlocked|}_com.android.server.testharness.TestHarnessModeService
01-07 03:34:30.517   929  3084 V SystemServerTimingAsync: ssm.onCompletedEventUser-0_{|Unlocked|}_com.android.server.testharness.TestHarnessModeService took to complete: 0ms
01-07 03:34:30.517   929  3086 V SystemServerTimingAsync: ssm.onCompletedEventUser-0_{|Unlocked|}_com.android.server.UiModeManagerService took to complete: 0ms
01-07 03:34:30.517   929  3085 D SystemServerTimingAsync: ssm.onCompletedEventUser-0_{|Unlocked|}_com.android.server.locales.LocaleManagerService
01-07 03:34:30.517   929  3085 V SystemServerTimingAsync: ssm.onCompletedEventUser-0_{|Unlocked|}_com.android.server.locales.LocaleManagerService took to complete: 0ms
01-07 03:34:30.517   929  3085 D SystemServerTimingAsync: ssm.onCompletedEventUser-0_{|Unlocked|}_com.android.server.devicepolicy.DevicePolicyManagerService$Lifecycle
01-07 03:34:30.517   929  3085 V SystemServerTimingAsync: ssm.onCompletedEventUser-0_{|Unlocked|}_com.android.server.devicepolicy.DevicePolicyManagerService$Lifecycle took to complete: 0ms
01-07 03:34:30.517   929  3085 D SystemServerTimingAsync: ssm.onCompletedEventUser-0_{|Unlocked|}_com.android.server.texttospeech.TextToSpeechManagerService
01-07 03:34:30.517   929  3085 V SystemServerTimingAsync: ssm.onCompletedEventUser-0_{|Unlocked|}_com.android.server.texttospeech.TextToSpeechManagerService took to complete: 0ms
01-07 03:34:30.517   929  3084 D SystemServerTimingAsync: ssm.onCompletedEventUser-0_{|Unlocked|}_com.android.server.oemlock.OemLockService
01-07 03:34:30.517   929  3086 D SystemServerTimingAsync: ssm.onCompletedEventUser-0_{|Unlocked|}_com.android.server.DeviceIdleController
01-07 03:34:30.517   929  3086 V SystemServerTimingAsync: ssm.onCompletedEventUser-0_{|Unlocked|}_com.android.server.DeviceIdleController took to complete: 0ms
01-07 03:34:30.517   929  3086 D SystemServerTimingAsync: ssm.onCompletedEventUser-0_{|Unlocked|}_com.android.server.speech.SpeechRecognitionManagerService
01-07 03:34:30.517   929  3086 V SystemServerTimingAsync: ssm.onCompletedEventUser-0_{|Unlocked|}_com.android.server.speech.SpeechRecognitionManagerService took to complete: 0ms
01-07 03:34:30.517   929  3086 D SystemServerTimingAsync: ssm.onCompletedEventUser-0_{|Unlocked|}_com.android.server.searchui.SearchUiManagerService
01-07 03:34:30.518   929  3086 V SystemServerTimingAsync: ssm.onCompletedEventUser-0_{|Unlocked|}_com.android.server.searchui.SearchUiManagerService took to complete: 0ms
01-07 03:34:30.518   929  3086 D SystemServerTimingAsync: ssm.onCompletedEventUser-0_{|Unlocked|}_com.android.server.smartspace.SmartspaceManagerService
01-07 03:34:30.518   929  3086 V SystemServerTimingAsync: ssm.onCompletedEventUser-0_{|Unlocked|}_com.android.server.smartspace.SmartspaceManagerService took to complete: 0ms
01-07 03:34:30.518   929  3086 D SystemServerTimingAsync: ssm.onCompletedEventUser-0_{|Unlocked|}_com.android.server.graphics.fonts.FontManagerService$Lifecycle
01-07 03:34:30.518   929  3086 V SystemServerTimingAsync: ssm.onCompletedEventUser-0_{|Unlocked|}_com.android.server.graphics.fonts.FontManagerService$Lifecycle took to complete: 0ms
01-07 03:34:30.518   929  3085 D SystemServerTimingAsync: ssm.onCompletedEventUser-0_{|Unlocked|}_com.android.server.ambientcontext.AmbientContextManagerService
01-07 03:34:30.518   929  3085 V SystemServerTimingAsync: ssm.onCompletedEventUser-0_{|Unlocked|}_com.android.server.ambientcontext.AmbientContextManagerService took to complete: 0ms
01-07 03:34:30.518   929  3086 D SystemServerTimingAsync: ssm.onCompletedEventUser-0_{|Unlocked|}_com.android.server.textservices.TextServicesManagerService$Lifecycle
01-07 03:34:30.518   929  3086 V SystemServerTimingAsync: ssm.onCompletedEventUser-0_{|Unlocked|}_com.android.server.textservices.TextServicesManagerService$Lifecycle took to complete: 0ms
01-07 03:34:30.518   929  3086 D SystemServerTimingAsync: ssm.onCompletedEventUser-0_{|Unlocked|}_com.android.server.NetworkScoreService$Lifecycle
01-07 03:34:30.518   929  3084 V SystemServerTimingAsync: ssm.onCompletedEventUser-0_{|Unlocked|}_com.android.server.oemlock.OemLockService took to complete: 0ms
01-07 03:34:30.518   929  3085 D SystemServerTimingAsync: ssm.onCompletedEventUser-0_{|Unlocked|}_com.android.server.textclassifier.TextClassificationManagerService$Lifecycle
01-07 03:34:30.518   929  3086 V SystemServerTimingAsync: ssm.onCompletedEventUser-0_{|Unlocked|}_com.android.server.NetworkScoreService$Lifecycle took to complete: 0ms
01-07 03:34:30.518   929  3086 D SystemServerTimingAsync: ssm.onCompletedEventUser-0_{|Unlocked|}_com.android.server.wifi.WifiService
01-07 03:34:30.518   929  3086 V SystemServerTimingAsync: ssm.onCompletedEventUser-0_{|Unlocked|}_com.android.server.wifi.WifiService took to complete: 0ms
01-07 03:34:30.518   929  3084 D SystemServerTimingAsync: ssm.onCompletedEventUser-0_{|Unlocked|}_com.android.server.NetworkStatsServiceInitializer
01-07 03:34:30.518   929  3084 V SystemServerTimingAsync: ssm.onCompletedEventUser-0_{|Unlocked|}_com.android.server.NetworkStatsServiceInitializer took to complete: 0ms
01-07 03:34:30.518   929  3086 D SystemServerTimingAsync: ssm.onCompletedEventUser-0_{|Unlocked|}_com.android.server.wifi.scanner.WifiScanningService
01-07 03:34:30.518   929  3086 V SystemServerTimingAsync: ssm.onCompletedEventUser-0_{|Unlocked|}_com.android.server.wifi.scanner.WifiScanningService took to complete: 0ms
01-07 03:34:30.518   929  3086 D SystemServerTimingAsync: ssm.onCompletedEventUser-0_{|Unlocked|}_com.android.server.ConnectivityServiceInitializer
01-07 03:34:30.518   929  3085 V SystemServerTimingAsync: ssm.onCompletedEventUser-0_{|Unlocked|}_com.android.server.textclassifier.TextClassificationManagerService$Lifecycle took to complete: 0ms
01-07 03:34:30.518   929  3085 D SystemServerTimingAsync: ssm.onCompletedEventUser-0_{|Unlocked|}_com.android.server.notification.NotificationManagerService
01-07 03:34:30.518   929  3086 V SystemServerTimingAsync: ssm.onCompletedEventUser-0_{|Unlocked|}_com.android.server.ConnectivityServiceInitializer took to complete: 0ms
01-07 03:34:30.518   929  3086 D SystemServerTimingAsync: ssm.onCompletedEventUser-0_{|Unlocked|}_com.android.server.storage.DeviceStorageMonitorService
01-07 03:34:30.519   929  3085 V SystemServerTimingAsync: ssm.onCompletedEventUser-0_{|Unlocked|}_com.android.server.notification.NotificationManagerService took to complete: 0ms
01-07 03:34:30.519   929  3084 D SystemServerTimingAsync: ssm.onCompletedEventUser-0_{|Unlocked|}_com.android.server.wifi.p2p.WifiP2pService
01-07 03:34:30.519   929  3084 V SystemServerTimingAsync: ssm.onCompletedEventUser-0_{|Unlocked|}_com.android.server.wifi.p2p.WifiP2pService took to complete: 0ms
01-07 03:34:30.519   929  3084 D SystemServerTimingAsync: ssm.onCompletedEventUser-0_{|Unlocked|}_com.android.server.timedetector.TimeDetectorService$Lifecycle
01-07 03:34:30.519   929  3086 V SystemServerTimingAsync: ssm.onCompletedEventUser-0_{|Unlocked|}_com.android.server.storage.DeviceStorageMonitorService took to complete: 0ms
01-07 03:34:30.519   929  3085 D SystemServerTimingAsync: ssm.onCompletedEventUser-0_{|Unlocked|}_com.android.server.location.LocationManagerService$Lifecycle
01-07 03:34:30.519   929  3085 V SystemServerTimingAsync: ssm.onCompletedEventUser-0_{|Unlocked|}_com.android.server.location.LocationManagerService$Lifecycle took to complete: 0ms
01-07 03:34:30.519   929  3085 D SystemServerTimingAsync: ssm.onCompletedEventUser-0_{|Unlocked|}_com.android.server.timezonedetector.location.LocationTimeZoneManagerService$Lifecycle
01-07 03:34:30.519   929  3084 V SystemServerTimingAsync: ssm.onCompletedEventUser-0_{|Unlocked|}_com.android.server.timedetector.TimeDetectorService$Lifecycle took to complete: 0ms
01-07 03:34:30.519   929  3084 D SystemServerTimingAsync: ssm.onCompletedEventUser-0_{|Unlocked|}_com.android.server.search.SearchManagerService$Lifecycle
01-07 03:34:30.519   929  3085 V SystemServerTimingAsync: ssm.onCompletedEventUser-0_{|Unlocked|}_com.android.server.timezonedetector.location.LocationTimeZoneManagerService$Lifecycle took to complete: 0ms
01-07 03:34:30.519   929  3085 D SystemServerTimingAsync: ssm.onCompletedEventUser-0_{|Unlocked|}_com.android.server.wallpaper.WallpaperManagerService$Lifecycle
01-07 03:34:30.519   929  3085 V SystemServerTimingAsync: ssm.onCompletedEventUser-0_{|Unlocked|}_com.android.server.wallpaper.WallpaperManagerService$Lifecycle took to complete: 0ms
01-07 03:34:30.519   929  3086 D SystemServerTimingAsync: ssm.onCompletedEventUser-0_{|Unlocked|}_com.android.server.timezonedetector.TimeZoneDetectorService$Lifecycle
01-07 03:34:30.519   929  3086 V SystemServerTimingAsync: ssm.onCompletedEventUser-0_{|Unlocked|}_com.android.server.timezonedetector.TimeZoneDetectorService$Lifecycle took to complete: 0ms
01-07 03:34:30.519   929  3086 D SystemServerTimingAsync: ssm.onCompletedEventUser-0_{|Unlocked|}_com.android.server.audio.AudioService$Lifecycle
01-07 03:34:30.519   929  3084 V SystemServerTimingAsync: ssm.onCompletedEventUser-0_{|Unlocked|}_com.android.server.search.SearchManagerService$Lifecycle took to complete: 0ms
01-07 03:34:30.519   929  3084 D SystemServerTimingAsync: ssm.onCompletedEventUser-0_{|Unlocked|}_com.android.server.soundtrigger_middleware.SoundTriggerMiddlewareService$Lifecycle
01-07 03:34:30.519   929  3086 V SystemServerTimingAsync: ssm.onCompletedEventUser-0_{|Unlocked|}_com.android.server.audio.AudioService$Lifecycle took to complete: 0ms
01-07 03:34:30.519   929  3086 D SystemServerTimingAsync: ssm.onCompletedEventUser-0_{|Unlocked|}_com.android.server.DockObserver
01-07 03:34:30.519   929  3084 V SystemServerTimingAsync: ssm.onCompletedEventUser-0_{|Unlocked|}_com.android.server.soundtrigger_middleware.SoundTriggerMiddlewareService$Lifecycle took to complete: 0ms
01-07 03:34:30.519   929  3084 D SystemServerTimingAsync: ssm.onCompletedEventUser-0_{|Unlocked|}_com.android.server.adb.AdbService$Lifecycle
01-07 03:34:30.519   929  3086 V SystemServerTimingAsync: ssm.onCompletedEventUser-0_{|Unlocked|}_com.android.server.DockObserver took to complete: 0ms
01-07 03:34:30.519   929  3085 D SystemServerTimingAsync: ssm.onCompletedEventUser-0_{|Unlocked|}_com.android.server.wallpapereffectsgeneration.WallpaperEffectsGenerationManagerService
01-07 03:34:30.519   929  3084 V SystemServerTimingAsync: ssm.onCompletedEventUser-0_{|Unlocked|}_com.android.server.adb.AdbService$Lifecycle took to complete: 0ms
01-07 03:34:30.520   929  3084 D SystemServerTimingAsync: ssm.onCompletedEventUser-0_{|Unlocked|}_com.android.server.twilight.TwilightService
01-07 03:34:30.520   929  3085 V SystemServerTimingAsync: ssm.onCompletedEventUser-0_{|Unlocked|}_com.android.server.wallpapereffectsgeneration.WallpaperEffectsGenerationManagerService took to complete: 0ms
01-07 03:34:30.520   929  3085 D SystemServerTimingAsync: ssm.onCompletedEventUser-0_{|Unlocked|}_com.android.server.display.color.ColorDisplayService
01-07 03:34:30.520   929  3084 V SystemServerTimingAsync: ssm.onCompletedEventUser-0_{|Unlocked|}_com.android.server.twilight.TwilightService took to complete: 0ms
01-07 03:34:30.520   929  3084 D SystemServerTimingAsync: ssm.onCompletedEventUser-0_{|Unlocked|}_com.android.server.job.JobSchedulerService
01-07 03:34:30.520   929  3085 V SystemServerTimingAsync: ssm.onCompletedEventUser-0_{|Unlocked|}_com.android.server.display.color.ColorDisplayService took to complete: 0ms
01-07 03:34:30.520   929  3085 D SystemServerTimingAsync: ssm.onCompletedEventUser-0_{|Unlocked|}_com.android.server.soundtrigger.SoundTriggerService
01-07 03:34:30.520   929  3084 V SystemServerTimingAsync: ssm.onCompletedEventUser-0_{|Unlocked|}_com.android.server.job.JobSchedulerService took to complete: 0ms
01-07 03:34:30.520   929  3084 D SystemServerTimingAsync: ssm.onCompletedEventUser-0_{|Unlocked|}_com.android.server.trust.TrustManagerService
01-07 03:34:30.520   929  3085 V SystemServerTimingAsync: ssm.onCompletedEventUser-0_{|Unlocked|}_com.android.server.soundtrigger.SoundTriggerService took to complete: 0ms
01-07 03:34:30.520   929  3085 D SystemServerTimingAsync: ssm.onCompletedEventUser-0_{|Unlocked|}_com.android.server.backup.BackupManagerService$Lifecycle
01-07 03:34:30.520   929  3084 V SystemServerTimingAsync: ssm.onCompletedEventUser-0_{|Unlocked|}_com.android.server.trust.TrustManagerService took to complete: 0ms
01-07 03:34:30.520   929  3084 D SystemServerTimingAsync: ssm.onCompletedEventUser-0_{|Unlocked|}_com.android.server.appwidget.AppWidgetService
01-07 03:34:30.520   929  3085 V SystemServerTimingAsync: ssm.onCompletedEventUser-0_{|Unlocked|}_com.android.server.backup.BackupManagerService$Lifecycle took to complete: 0ms
01-07 03:34:30.520   929  3085 D SystemServerTimingAsync: ssm.onCompletedEventUser-0_{|Unlocked|}_com.android.server.voiceinteraction.VoiceInteractionManagerService
01-07 03:34:30.520   929  3084 V SystemServerTimingAsync: ssm.onCompletedEventUser-0_{|Unlocked|}_com.android.server.appwidget.AppWidgetService took to complete: 0ms
01-07 03:34:30.520   929  3084 D SystemServerTimingAsync: ssm.onCompletedEventUser-0_{|Unlocked|}_com.android.server.apphibernation.AppHibernationService
01-07 03:34:30.520   929  3084 V SystemServerTimingAsync: ssm.onCompletedEventUser-0_{|Unlocked|}_com.android.server.apphibernation.AppHibernationService took to complete: 0ms
01-07 03:34:30.520   929  3084 D SystemServerTimingAsync: ssm.onCompletedEventUser-0_{|Unlocked|}_com.android.server.GestureLauncherService
01-07 03:34:30.520   929  3086 D SystemServerTimingAsync: ssm.onCompletedEventUser-0_{|Unlocked|}_com.android.server.usb.UsbService$Lifecycle
01-07 03:34:30.520   929  3086 V SystemServerTimingAsync: ssm.onCompletedEventUser-0_{|Unlocked|}_com.android.server.usb.UsbService$Lifecycle took to complete: 0ms
01-07 03:34:30.520   929  3086 D SystemServerTimingAsync: ssm.onCompletedEventUser-0_{|Unlocked|}_com.android.server.SensorNotificationService
01-07 03:34:30.520   929  3085 V SystemServerTimingAsync: ssm.onCompletedEventUser-0_{|Unlocked|}_com.android.server.voiceinteraction.VoiceInteractionManagerService took to complete: 0ms
01-07 03:34:30.520   929  3085 D SystemServerTimingAsync: ssm.onCompletedEventUser-0_{|Unlocked|}_com.android.server.emergency.EmergencyAffordanceService
01-07 03:34:30.520   929  3086 V SystemServerTimingAsync: ssm.onCompletedEventUser-0_{|Unlocked|}_com.android.server.SensorNotificationService took to complete: 0ms
01-07 03:34:30.520   929  3086 D SystemServerTimingAsync: ssm.onCompletedEventUser-0_{|Unlocked|}_com.android.server.blob.BlobStoreManagerService
01-07 03:34:30.520   929  3085 V SystemServerTimingAsync: ssm.onCompletedEventUser-0_{|Unlocked|}_com.android.server.emergency.EmergencyAffordanceService took to complete: 0ms
01-07 03:34:30.521   929  3085 D SystemServerTimingAsync: ssm.onCompletedEventUser-0_{|Unlocked|}_com.android.server.dreams.DreamManagerService
01-07 03:34:30.521   929  3086 V SystemServerTimingAsync: ssm.onCompletedEventUser-0_{|Unlocked|}_com.android.server.blob.BlobStoreManagerService took to complete: 0ms
01-07 03:34:30.521   929  3086 D SystemServerTimingAsync: ssm.onCompletedEventUser-0_{|Unlocked|}_com.android.server.security.AttestationVerificationManagerService
01-07 03:34:30.521   929  3086 V SystemServerTimingAsync: ssm.onCompletedEventUser-0_{|Unlocked|}_com.android.server.security.AttestationVerificationManagerService took to complete: 0ms
01-07 03:34:30.521   929  3086 D SystemServerTimingAsync: ssm.onCompletedEventUser-0_{|Unlocked|}_com.android.server.restrictions.RestrictionsManagerService
01-07 03:34:30.521   929  3086 V SystemServerTimingAsync: ssm.onCompletedEventUser-0_{|Unlocked|}_com.android.server.restrictions.RestrictionsManagerService took to complete: 0ms
01-07 03:34:30.521   929  3086 D SystemServerTimingAsync: ssm.onCompletedEventUser-0_{|Unlocked|}_com.android.server.media.MediaSessionService
01-07 03:34:30.521   929  3085 V SystemServerTimingAsync: ssm.onCompletedEventUser-0_{|Unlocked|}_com.android.server.dreams.DreamManagerService took to complete: 0ms
01-07 03:34:30.521   929  3084 V SystemServerTimingAsync: ssm.onCompletedEventUser-0_{|Unlocked|}_com.android.server.GestureLauncherService took to complete: 0ms
01-07 03:34:30.521   929  3084 D SystemServerTimingAsync: ssm.onCompletedEventUser-0_{|Unlocked|}_com.android.server.tv.interactive.TvInteractiveAppManagerService
01-07 03:34:30.521   929  3084 V SystemServerTimingAsync: ssm.onCompletedEventUser-0_{|Unlocked|}_com.android.server.tv.interactive.TvInteractiveAppManagerService took to complete: 0ms
01-07 03:34:30.521   929  3084 D SystemServerTimingAsync: ssm.onCompletedEventUser-0_{|Unlocked|}_com.android.server.tv.TvInputManagerService
01-07 03:34:30.521   929  3084 V SystemServerTimingAsync: ssm.onCompletedEventUser-0_{|Unlocked|}_com.android.server.tv.TvInputManagerService took to complete: 0ms
01-07 03:34:30.521   929  3084 D SystemServerTimingAsync: ssm.onCompletedEventUser-0_{|Unlocked|}_com.android.server.tv.TvRemoteService
01-07 03:34:30.521   929  3085 D SystemServerTimingAsync: ssm.onCompletedEventUser-0_{|Unlocked|}_com.android.server.hdmi.HdmiControlService
01-07 03:34:30.521   929  3085 V SystemServerTimingAsync: ssm.onCompletedEventUser-0_{|Unlocked|}_com.android.server.hdmi.HdmiControlService took to complete: 0ms
01-07 03:34:30.522   929  3085 D SystemServerTimingAsync: ssm.onCompletedEventUser-0_{|Unlocked|}_com.android.server.biometrics.BiometricService
01-07 03:34:30.522   929  3085 V SystemServerTimingAsync: ssm.onCompletedEventUser-0_{|Unlocked|}_com.android.server.biometrics.BiometricService took to complete: 0ms
01-07 03:34:30.522   929  3084 V SystemServerTimingAsync: ssm.onCompletedEventUser-0_{|Unlocked|}_com.android.server.tv.TvRemoteService took to complete: 0ms
01-07 03:34:30.522   929  3085 D SystemServerTimingAsync: ssm.onCompletedEventUser-0_{|Unlocked|}_com.android.server.biometrics.AuthService
01-07 03:34:30.522   929  3084 D SystemServerTimingAsync: ssm.onCompletedEventUser-0_{|Unlocked|}_com.android.server.pm.ShortcutService$Lifecycle
01-07 03:34:30.522   929  3084 V SystemServerTimingAsync: ssm.onCompletedEventUser-0_{|Unlocked|}_com.android.server.pm.ShortcutService$Lifecycle took to complete: 0ms
01-07 03:34:30.522   929  3084 D SystemServerTimingAsync: ssm.onCompletedEventUser-0_{|Unlocked|}_com.android.server.pm.LauncherAppsService
01-07 03:34:30.522   929  3084 V SystemServerTimingAsync: ssm.onCompletedEventUser-0_{|Unlocked|}_com.android.server.pm.LauncherAppsService took to complete: 0ms
01-07 03:34:30.522   929  3084 D SystemServerTimingAsync: ssm.onCompletedEventUser-0_{|Unlocked|}_com.android.server.pm.CrossProfileAppsService
01-07 03:34:30.522   929  3084 V SystemServerTimingAsync: ssm.onCompletedEventUser-0_{|Unlocked|}_com.android.server.pm.CrossProfileAppsService took to complete: 0ms
01-07 03:34:30.522   929  3084 D SystemServerTimingAsync: ssm.onCompletedEventUser-0_{|Unlocked|}_com.android.server.people.PeopleService
01-07 03:34:30.522   929  3084 V SystemServerTimingAsync: ssm.onCompletedEventUser-0_{|Unlocked|}_com.android.server.people.PeopleService took to complete: 0ms
01-07 03:34:30.522   929  3084 D SystemServerTimingAsync: ssm.onCompletedEventUser-0_{|Unlocked|}_com.android.server.media.metrics.MediaMetricsManagerService
01-07 03:34:30.522   929  3085 V SystemServerTimingAsync: ssm.onCompletedEventUser-0_{|Unlocked|}_com.android.server.biometrics.AuthService took to complete: 0ms
01-07 03:34:30.522   929  3084 V SystemServerTimingAsync: ssm.onCompletedEventUser-0_{|Unlocked|}_com.android.server.media.metrics.MediaMetricsManagerService took to complete: 0ms
01-07 03:34:30.522   929  3086 V SystemServerTimingAsync: ssm.onCompletedEventUser-0_{|Unlocked|}_com.android.server.media.MediaSessionService took to complete: 1ms
01-07 03:34:30.522   929  3086 D SystemServerTimingAsync: ssm.onCompletedEventUser-0_{|Unlocked|}_com.android.server.stats.StatsCompanion$Lifecycle
01-07 03:34:30.522   929  3085 D SystemServerTimingAsync: ssm.onCompletedEventUser-0_{|Unlocked|}_com.android.server.media.projection.MediaProjectionManagerService
01-07 03:34:30.522   929  3085 V SystemServerTimingAsync: ssm.onCompletedEventUser-0_{|Unlocked|}_com.android.server.media.projection.MediaProjectionManagerService took to complete: 0ms
01-07 03:34:30.522   929  3084 D SystemServerTimingAsync: ssm.onCompletedEventUser-0_{|Unlocked|}_com.android.server.slice.SliceManagerService$Lifecycle
01-07 03:34:30.523   929  3086 V SystemServerTimingAsync: ssm.onCompletedEventUser-0_{|Unlocked|}_com.android.server.stats.StatsCompanion$Lifecycle took to complete: 0ms
01-07 03:34:30.523   929  3086 D SystemServerTimingAsync: ssm.onCompletedEventUser-0_{|Unlocked|}_com.android.server.stats.pull.StatsPullAtomService
01-07 03:34:30.523   929  3086 V SystemServerTimingAsync: ssm.onCompletedEventUser-0_{|Unlocked|}_com.android.server.stats.pull.StatsPullAtomService took to complete: 0ms
01-07 03:34:30.523   929  3086 D SystemServerTimingAsync: ssm.onCompletedEventUser-0_{|Unlocked|}_com.android.server.stats.bootstrap.StatsBootstrapAtomService$Lifecycle
01-07 03:34:30.523   929  3086 V SystemServerTimingAsync: ssm.onCompletedEventUser-0_{|Unlocked|}_com.android.server.stats.bootstrap.StatsBootstrapAtomService$Lifecycle took to complete: 0ms
01-07 03:34:30.523   929  3086 D SystemServerTimingAsync: ssm.onCompletedEventUser-0_{|Unlocked|}_com.android.server.incident.IncidentCompanionService
01-07 03:34:30.523   929  3086 V SystemServerTimingAsync: ssm.onCompletedEventUser-0_{|Unlocked|}_com.android.server.incident.IncidentCompanionService took to complete: 0ms
01-07 03:34:30.523   929  3086 D SystemServerTimingAsync: ssm.onCompletedEventUser-0_{|Unlocked|}_com.android.server.sdksandbox.SdkSandboxManagerService$Lifecycle
01-07 03:34:30.523   929  3086 V SystemServerTimingAsync: ssm.onCompletedEventUser-0_{|Unlocked|}_com.android.server.sdksandbox.SdkSandboxManagerService$Lifecycle took to complete: 0ms
01-07 03:34:30.523   929  3084 V SystemServerTimingAsync: ssm.onCompletedEventUser-0_{|Unlocked|}_com.android.server.slice.SliceManagerService$Lifecycle took to complete: 0ms
01-07 03:34:30.523   929  3084 D SystemServerTimingAsync: ssm.onCompletedEventUser-0_{|Unlocked|}_com.android.server.autofill.AutofillManagerService
01-07 03:34:30.523   929  3084 V SystemServerTimingAsync: ssm.onCompletedEventUser-0_{|Unlocked|}_com.android.server.autofill.AutofillManagerService took to complete: 0ms
01-07 03:34:30.523   929  3084 D SystemServerTimingAsync: ssm.onCompletedEventUser-0_{|Unlocked|}_com.android.server.clipboard.ClipboardService
01-07 03:34:30.523   929  3084 V SystemServerTimingAsync: ssm.onCompletedEventUser-0_{|Unlocked|}_com.android.server.clipboard.ClipboardService took to complete: 0ms
01-07 03:34:30.523   929  3084 D SystemServerTimingAsync: ssm.onCompletedEventUser-0_{|Unlocked|}_com.android.server.appbinding.AppBindingService$Lifecycle
01-07 03:34:30.523   929  3084 V SystemServerTimingAsync: ssm.onCompletedEventUser-0_{|Unlocked|}_com.android.server.appbinding.AppBindingService$Lifecycle took to complete: 0ms
01-07 03:34:30.523   929  3084 D SystemServerTimingAsync: ssm.onCompletedEventUser-0_{|Unlocked|}_com.android.server.tracing.TracingServiceProxy
