01-07 01:21:11.591   935   935 V SystemServerTiming: OnBootPhase_520_com.android.server.DockObserver took to complete: 0ms
01-07 01:21:11.591   935   935 D SystemServerTiming: OnBootPhase_520_com.android.server.adb.AdbService$Lifecycle
01-07 01:21:11.591   935   935 V SystemServerTiming: OnBootPhase_520_com.android.server.adb.AdbService$Lifecycle took to complete: 0ms
01-07 01:21:11.591   935   935 D SystemServerTiming: OnBootPhase_520_com.android.server.usb.UsbService$Lifecycle
01-07 01:21:11.591   935   935 V SystemServerTiming: OnBootPhase_520_com.android.server.usb.UsbService$Lifecycle took to complete: 0ms
01-07 01:21:11.591   935   935 D SystemServerTiming: OnBootPhase_520_com.android.server.twilight.TwilightService
01-07 01:21:11.591   935   935 V SystemServerTiming: OnBootPhase_520_com.android.server.twilight.TwilightService took to complete: 0ms
01-07 01:21:11.591   935   935 D SystemServerTiming: OnBootPhase_520_com.android.server.display.color.ColorDisplayService
01-07 01:21:11.591   935   935 V SystemServerTiming: OnBootPhase_520_com.android.server.display.color.ColorDisplayService took to complete: 0ms
01-07 01:21:11.591   935   935 D SystemServerTiming: OnBootPhase_520_com.android.server.job.JobSchedulerService
01-07 01:21:11.591   935   935 V SystemServerTiming: OnBootPhase_520_com.android.server.job.JobSchedulerService took to complete: 0ms
01-07 01:21:11.591   935   935 D SystemServerTiming: OnBootPhase_520_com.android.server.soundtrigger.SoundTriggerService
01-07 01:21:11.591   935   935 D SoundTriggerService: onBootPhase: 520 : false
01-07 01:21:11.591   935   935 V SystemServerTiming: OnBootPhase_520_com.android.server.soundtrigger.SoundTriggerService took to complete: 0ms
01-07 01:21:11.591   935   935 D SystemServerTiming: OnBootPhase_520_com.android.server.trust.TrustManagerService
01-07 01:21:11.591   935   935 V SystemServerTiming: OnBootPhase_520_com.android.server.trust.TrustManagerService took to complete: 0ms
01-07 01:21:11.591   935   935 D SystemServerTiming: OnBootPhase_520_com.android.server.backup.BackupManagerService$Lifecycle
01-07 01:21:11.591   935   935 V SystemServerTiming: OnBootPhase_520_com.android.server.backup.BackupManagerService$Lifecycle took to complete: 0ms
01-07 01:21:11.592   935   935 D SystemServerTiming: OnBootPhase_520_com.android.server.appwidget.AppWidgetService
01-07 01:21:11.592   935   935 V SystemServerTiming: OnBootPhase_520_com.android.server.appwidget.AppWidgetService took to complete: 0ms
01-07 01:21:11.592   935   935 D SystemServerTiming: OnBootPhase_520_com.android.server.voiceinteraction.VoiceInteractionManagerService
01-07 01:21:11.592   935   935 V SystemServerTiming: OnBootPhase_520_com.android.server.voiceinteraction.VoiceInteractionManagerService took to complete: 0ms
01-07 01:21:11.592   935   935 D SystemServerTiming: OnBootPhase_520_com.android.server.apphibernation.AppHibernationService
01-07 01:21:11.592   935   935 V SystemServerTiming: OnBootPhase_520_com.android.server.apphibernation.AppHibernationService took to complete: 0ms
01-07 01:21:11.592   935   935 D SystemServerTiming: OnBootPhase_520_com.android.server.GestureLauncherService
01-07 01:21:11.592   935   935 V SystemServerTiming: OnBootPhase_520_com.android.server.GestureLauncherService took to complete: 0ms
01-07 01:21:11.592   935   935 D SystemServerTiming: OnBootPhase_520_com.android.server.SensorNotificationService
01-07 01:21:11.592   935   935 V SystemServerTiming: OnBootPhase_520_com.android.server.SensorNotificationService took to complete: 0ms
01-07 01:21:11.592   935   935 D SystemServerTiming: OnBootPhase_520_com.android.server.emergency.EmergencyAffordanceService
01-07 01:21:11.592   935   935 V SystemServerTiming: OnBootPhase_520_com.android.server.emergency.EmergencyAffordanceService took to complete: 0ms
01-07 01:21:11.592   935   935 D SystemServerTiming: OnBootPhase_520_com.android.server.blob.BlobStoreManagerService
01-07 01:21:11.592   935   935 V SystemServerTiming: OnBootPhase_520_com.android.server.blob.BlobStoreManagerService took to complete: 0ms
01-07 01:21:11.592   935   935 D SystemServerTiming: OnBootPhase_520_com.android.server.dreams.DreamManagerService
01-07 01:21:11.592   935   935 V SystemServerTiming: OnBootPhase_520_com.android.server.dreams.DreamManagerService took to complete: 0ms
01-07 01:21:11.592   935   935 D SystemServerTiming: OnBootPhase_520_com.android.server.security.AttestationVerificationManagerService
01-07 01:21:11.592   935   935 V SystemServerTiming: OnBootPhase_520_com.android.server.security.AttestationVerificationManagerService took to complete: 0ms
01-07 01:21:11.592   935   935 D SystemServerTiming: OnBootPhase_520_com.android.server.restrictions.RestrictionsManagerService
01-07 01:21:11.592   935   935 V SystemServerTiming: OnBootPhase_520_com.android.server.restrictions.RestrictionsManagerService took to complete: 0ms
01-07 01:21:11.592   935   935 D SystemServerTiming: OnBootPhase_520_com.android.server.media.MediaSessionService
01-07 01:21:11.592   935   935 V SystemServerTiming: OnBootPhase_520_com.android.server.media.MediaSessionService took to complete: 0ms
01-07 01:21:11.592   935   935 D SystemServerTiming: OnBootPhase_520_com.android.server.hdmi.HdmiControlService
01-07 01:21:11.592   935   935 V SystemServerTiming: OnBootPhase_520_com.android.server.hdmi.HdmiControlService took to complete: 0ms
01-07 01:21:11.592   935   935 D SystemServerTiming: OnBootPhase_520_com.android.server.tv.interactive.TvInteractiveAppManagerService
01-07 01:21:11.592   935   935 V SystemServerTiming: OnBootPhase_520_com.android.server.tv.interactive.TvInteractiveAppManagerService took to complete: 0ms
01-07 01:21:11.592   935   935 D SystemServerTiming: OnBootPhase_520_com.android.server.tv.TvInputManagerService
01-07 01:21:11.592   935   935 V SystemServerTiming: OnBootPhase_520_com.android.server.tv.TvInputManagerService took to complete: 0ms
01-07 01:21:11.592   935   935 D SystemServerTiming: OnBootPhase_520_com.android.server.tv.TvRemoteService
01-07 01:21:11.592   935   935 V SystemServerTiming: OnBootPhase_520_com.android.server.tv.TvRemoteService took to complete: 0ms
01-07 01:21:11.592   935   935 D SystemServerTiming: OnBootPhase_520_com.android.server.biometrics.BiometricService
01-07 01:21:11.592   935   935 V SystemServerTiming: OnBootPhase_520_com.android.server.biometrics.BiometricService took to complete: 0ms
01-07 01:21:11.592   935   935 D SystemServerTiming: OnBootPhase_520_com.android.server.biometrics.AuthService
01-07 01:21:11.592   935   935 V SystemServerTiming: OnBootPhase_520_com.android.server.biometrics.AuthService took to complete: 0ms
01-07 01:21:11.592   935   935 D SystemServerTiming: OnBootPhase_520_com.android.server.pm.ShortcutService$Lifecycle
01-07 01:21:11.592   935   935 V SystemServerTiming: OnBootPhase_520_com.android.server.pm.ShortcutService$Lifecycle took to complete: 0ms
01-07 01:21:11.592   935   935 D SystemServerTiming: OnBootPhase_520_com.android.server.pm.LauncherAppsService
01-07 01:21:11.593   935   935 V SystemServerTiming: OnBootPhase_520_com.android.server.pm.LauncherAppsService took to complete: 0ms
01-07 01:21:11.593   935   935 D SystemServerTiming: OnBootPhase_520_com.android.server.pm.CrossProfileAppsService
01-07 01:21:11.593   935   935 V SystemServerTiming: OnBootPhase_520_com.android.server.pm.CrossProfileAppsService took to complete: 0ms
01-07 01:21:11.593   935   935 D SystemServerTiming: OnBootPhase_520_com.android.server.people.PeopleService
01-07 01:21:11.593   935   935 V SystemServerTiming: OnBootPhase_520_com.android.server.people.PeopleService took to complete: 0ms
01-07 01:21:11.593   935   935 D SystemServerTiming: OnBootPhase_520_com.android.server.media.metrics.MediaMetricsManagerService
01-07 01:21:11.593   935   935 V SystemServerTiming: OnBootPhase_520_com.android.server.media.metrics.MediaMetricsManagerService took to complete: 0ms
01-07 01:21:11.593   935   935 D SystemServerTiming: OnBootPhase_520_com.android.server.media.projection.MediaProjectionManagerService
01-07 01:21:11.593   935   935 V SystemServerTiming: OnBootPhase_520_com.android.server.media.projection.MediaProjectionManagerService took to complete: 0ms
01-07 01:21:11.593   935   935 D SystemServerTiming: OnBootPhase_520_com.android.server.slice.SliceManagerService$Lifecycle
01-07 01:21:11.593   935   935 V SystemServerTiming: OnBootPhase_520_com.android.server.slice.SliceManagerService$Lifecycle took to complete: 0ms
01-07 01:21:11.593   935   935 D SystemServerTiming: OnBootPhase_520_com.android.server.stats.StatsCompanion$Lifecycle
01-07 01:21:11.593   935   935 V SystemServerTiming: OnBootPhase_520_com.android.server.stats.StatsCompanion$Lifecycle took to complete: 0ms
01-07 01:21:11.593   935   935 D SystemServerTiming: OnBootPhase_520_com.android.server.scheduling.RebootReadinessManagerService$Lifecycle
01-07 01:21:11.593   935   935 V SystemServerTiming: OnBootPhase_520_com.android.server.scheduling.RebootReadinessManagerService$Lifecycle took to complete: 0ms
01-07 01:21:11.593   935   935 D SystemServerTiming: OnBootPhase_520_com.android.server.stats.pull.StatsPullAtomService
01-07 01:21:11.593   935   935 V SystemServerTiming: OnBootPhase_520_com.android.server.stats.pull.StatsPullAtomService took to complete: 0ms
01-07 01:21:11.593   935   935 D SystemServerTiming: OnBootPhase_520_com.android.server.stats.bootstrap.StatsBootstrapAtomService$Lifecycle
01-07 01:21:11.593   935   935 V SystemServerTiming: OnBootPhase_520_com.android.server.stats.bootstrap.StatsBootstrapAtomService$Lifecycle took to complete: 0ms
01-07 01:21:11.593   935   935 D SystemServerTiming: OnBootPhase_520_com.android.server.incident.IncidentCompanionService
01-07 01:21:11.593   935   935 V SystemServerTiming: OnBootPhase_520_com.android.server.incident.IncidentCompanionService took to complete: 0ms
01-07 01:21:11.593   935   935 D SystemServerTiming: OnBootPhase_520_com.android.server.sdksandbox.SdkSandboxManagerService$Lifecycle
01-07 01:21:11.593   935   935 V SystemServerTiming: OnBootPhase_520_com.android.server.sdksandbox.SdkSandboxManagerService$Lifecycle took to complete: 0ms
01-07 01:21:11.593   935   935 D SystemServerTiming: OnBootPhase_520_com.android.server.adservices.AdServicesManagerService$Lifecycle
01-07 01:21:11.593   935   935 V SystemServerTiming: OnBootPhase_520_com.android.server.adservices.AdServicesManagerService$Lifecycle took to complete: 0ms
01-07 01:21:11.593   935   935 D SystemServerTiming: OnBootPhase_520_com.android.server.autofill.AutofillManagerService
01-07 01:21:11.593   935   935 V SystemServerTiming: OnBootPhase_520_com.android.server.autofill.AutofillManagerService took to complete: 0ms
01-07 01:21:11.593   935   935 D SystemServerTiming: OnBootPhase_520_com.android.server.clipboard.ClipboardService
01-07 01:21:11.593   935   935 V SystemServerTiming: OnBootPhase_520_com.android.server.clipboard.ClipboardService took to complete: 0ms
01-07 01:21:11.593   935   935 D SystemServerTiming: OnBootPhase_520_com.android.server.appbinding.AppBindingService$Lifecycle
01-07 01:21:11.593   935   935 V SystemServerTiming: OnBootPhase_520_com.android.server.appbinding.AppBindingService$Lifecycle took to complete: 0ms
01-07 01:21:11.593   935   935 D SystemServerTiming: OnBootPhase_520_com.android.server.tracing.TracingServiceProxy
01-07 01:21:11.593   935   935 V SystemServerTiming: OnBootPhase_520_com.android.server.tracing.TracingServiceProxy took to complete: 0ms
01-07 01:21:11.594   935   935 D SystemServerTiming: OnBootPhase_520_com.android.server.policy.PermissionPolicyService
01-07 01:21:11.594   935   935 V SystemServerTiming: OnBootPhase_520_com.android.server.policy.PermissionPolicyService took to complete: 0ms
01-07 01:21:11.594   935   935 D SystemServerTiming: OnBootPhase_520_com.android.server.pm.StagingManager$Lifecycle
01-07 01:21:11.594   935   935 V SystemServerTiming: OnBootPhase_520_com.android.server.pm.StagingManager$Lifecycle took to complete: 0ms
01-07 01:21:11.594   935   935 D SystemServerTiming: OnBootPhase_520_com.android.server.app.GameManagerService$Lifecycle
01-07 01:21:11.594   935   935 V SystemServerTiming: OnBootPhase_520_com.android.server.app.GameManagerService$Lifecycle took to complete: 0ms
01-07 01:21:11.594   935   935 V SystemServerTiming: OnBootPhase_520 took to complete: 9ms
01-07 01:21:11.594   935   935 V SystemServerTiming: StartBootPhaseDeviceSpecificServicesReady took to complete: 9ms
01-07 01:21:11.594   935   935 D SystemServerTiming: StartSafetyCenterService
01-07 01:21:11.594   935   935 I SystemServiceManager: Starting com.android.safetycenter.SafetyCenterService
01-07 01:21:11.606   935   935 V SystemServerTiming: StartSafetyCenterService took to complete: 12ms
01-07 01:21:11.606   935   935 D SystemServerTiming: AppSearchModule
01-07 01:21:11.620   935   935 I SystemServiceManager: Starting com.android.server.appsearch.AppSearchModule$Lifecycle
01-07 01:21:11.634   935   935 V SystemServerTiming: AppSearchModule took to complete: 27ms
01-07 01:21:11.634   935   935 D SystemServerTiming: StartMediaCommunicationService
01-07 01:21:11.636   935   935 I SystemServiceManager: Starting com.android.server.media.MediaCommunicationService
01-07 01:21:11.638   935   935 V SystemServerTiming: StartMediaCommunicationService took to complete: 4ms
01-07 01:21:11.638   935   935 D SystemServerTiming: AppCompatOverridesService
01-07 01:21:11.638   935   935 I SystemServiceManager: Starting com.android.server.compat.overrides.AppCompatOverridesService$Lifecycle
01-07 01:21:11.640   935   935 V SystemServerTiming: AppCompatOverridesService took to complete: 2ms
01-07 01:21:11.640   935   935 D SystemServerTiming: PhaseActivityManagerReady
01-07 01:21:11.640   935   935 D SystemServerTiming: controllersReady
01-07 01:21:11.648   935  1059 D SystemServerTimingAsync: InitThreadPoolExec:Update app-ops uidState in case package io.appium.uiautomator2.server changed
01-07 01:21:11.648   935  1114 D SystemServerTimingAsync: InitThreadPoolExec:Update app-ops uidState in case package com.sonos.connectivity changed
01-07 01:21:11.648   935  1046 D SystemServerTimingAsync: InitThreadPoolExec:Update app-ops uidState in case package io.appium.settings changed
01-07 01:21:11.649   935   968 D SystemServerTimingAsync: InitThreadPoolExec:Update app-ops uidState in case package com.android.providers.media.module changed
01-07 01:21:11.649   935  1058 D SystemServerTimingAsync: InitThreadPoolExec:Update app-ops uidState in case package com.android.systemui changed
01-07 01:21:11.649   935  1114 D SystemServerInitThreadPool: Started executing Update app-ops uidState in case package com.sonos.connectivity changed
01-07 01:21:11.649   935  1046 D SystemServerInitThreadPool: Started executing Update app-ops uidState in case package io.appium.settings changed
01-07 01:21:11.649   935  1114 D SystemServerInitThreadPool: Finished executing Update app-ops uidState in case package com.sonos.connectivity changed
01-07 01:21:11.649   935  1046 D SystemServerInitThreadPool: Finished executing Update app-ops uidState in case package io.appium.settings changed
01-07 01:21:11.649   935  1046 V SystemServerTimingAsync: InitThreadPoolExec:Update app-ops uidState in case package io.appium.settings changed took to complete: 0ms
01-07 01:21:11.649   935  1046 D SystemServerTimingAsync: InitThreadPoolExec:Update app-ops uidState in case package com.aml.dial changed
01-07 01:21:11.649   935  1046 D SystemServerInitThreadPool: Started executing Update app-ops uidState in case package com.aml.dial changed
01-07 01:21:11.649   935  1050 D SystemServerTimingAsync: InitThreadPoolExec:Update app-ops uidState in case package tv.pluto.android changed
01-07 01:21:11.649   935  1050 D SystemServerInitThreadPool: Started executing Update app-ops uidState in case package tv.pluto.android changed
01-07 01:21:11.649   935  1059 D SystemServerInitThreadPool: Started executing Update app-ops uidState in case package io.appium.uiautomator2.server changed
01-07 01:21:11.649   935  1081 D SystemServerTimingAsync: InitThreadPoolExec:Update app-ops uidState in case package com.philo.philo.google changed
01-07 01:21:11.649   935  1081 D SystemServerInitThreadPool: Started executing Update app-ops uidState in case package com.philo.philo.google changed
01-07 01:21:11.650   935  1107 D SystemServerTimingAsync: InitThreadPoolExec:Update app-ops uidState in case package com.disney.disneyplus changed
01-07 01:21:11.650   935  1046 D SystemServerInitThreadPool: Finished executing Update app-ops uidState in case package com.aml.dial changed
01-07 01:21:11.650   935  1046 V SystemServerTimingAsync: InitThreadPoolExec:Update app-ops uidState in case package com.aml.dial changed took to complete: 1ms
01-07 01:21:11.650   935  1081 D SystemServerInitThreadPool: Finished executing Update app-ops uidState in case package com.philo.philo.google changed
01-07 01:21:11.650   935  1081 V SystemServerTimingAsync: InitThreadPoolExec:Update app-ops uidState in case package com.philo.philo.google changed took to complete: 1ms
01-07 01:21:11.650   935  1081 D SystemServerTimingAsync: InitThreadPoolExec:Update app-ops uidState in case package com.sonos.tv.settings changed
01-07 01:21:11.650   935  1059 D SystemServerInitThreadPool: Finished executing Update app-ops uidState in case package io.appium.uiautomator2.server changed
01-07 01:21:11.651   935  1059 V SystemServerTimingAsync: InitThreadPoolExec:Update app-ops uidState in case package io.appium.uiautomator2.server changed took to complete: 3ms
01-07 01:21:11.651   935  1059 D SystemServerTimingAsync: InitThreadPoolExec:Update app-ops uidState in case package com.sonos.tv.music changed
01-07 01:21:11.651   935  1059 D SystemServerInitThreadPool: Started executing Update app-ops uidState in case package com.sonos.tv.music changed
01-07 01:21:11.651   935  1059 D SystemServerInitThreadPool: Finished executing Update app-ops uidState in case package com.sonos.tv.music changed
01-07 01:21:11.651   935  1059 V SystemServerTimingAsync: InitThreadPoolExec:Update app-ops uidState in case package com.sonos.tv.music changed took to complete: 0ms
01-07 01:21:11.651   935  1059 D SystemServerTimingAsync: InitThreadPoolExec:Update app-ops uidState in case package com.sonos.cinemascope changed
01-07 01:21:11.651   935  1059 D SystemServerInitThreadPool: Started executing Update app-ops uidState in case package com.sonos.cinemascope changed
01-07 01:21:11.651   935  1059 D SystemServerInitThreadPool: Finished executing Update app-ops uidState in case package com.sonos.cinemascope changed
01-07 01:21:11.651   935  1059 V SystemServerTimingAsync: InitThreadPoolExec:Update app-ops uidState in case package com.sonos.cinemascope changed took to complete: 0ms
01-07 01:21:11.651   935  1059 D SystemServerTimingAsync: InitThreadPoolExec:Update app-ops uidState in case package com.sonos.tv.appdirector changed
01-07 01:21:11.651   935  1059 D SystemServerInitThreadPool: Started executing Update app-ops uidState in case package com.sonos.tv.appdirector changed
01-07 01:21:11.651   935  1059 D SystemServerInitThreadPool: Finished executing Update app-ops uidState in case package com.sonos.tv.appdirector changed
01-07 01:21:11.651   935  1059 V SystemServerTimingAsync: InitThreadPoolExec:Update app-ops uidState in case package com.sonos.tv.appdirector changed took to complete: 0ms
01-07 01:21:11.651   935  1059 D SystemServerTimingAsync: InitThreadPoolExec:Update app-ops uidState in case package com.sonos.tv.launcher changed
01-07 01:21:11.651   935  1059 D SystemServerInitThreadPool: Started executing Update app-ops uidState in case package com.sonos.tv.launcher changed
01-07 01:21:11.651   935  1059 D SystemServerInitThreadPool: Finished executing Update app-ops uidState in case package com.sonos.tv.launcher changed
01-07 01:21:11.651   935  1059 V SystemServerTimingAsync: InitThreadPoolExec:Update app-ops uidState in case package com.sonos.tv.launcher changed took to complete: 0ms
01-07 01:21:11.651   935  1059 D SystemServerTimingAsync: InitThreadPoolExec:Update app-ops uidState in case package com.brdgwtr.publisherservice changed
01-07 01:21:11.651   935  1059 D SystemServerInitThreadPool: Started executing Update app-ops uidState in case package com.brdgwtr.publisherservice changed
01-07 01:21:11.651   935  1059 D SystemServerInitThreadPool: Finished executing Update app-ops uidState in case package com.brdgwtr.publisherservice changed
01-07 01:21:11.651   935  1059 V SystemServerTimingAsync: InitThreadPoolExec:Update app-ops uidState in case package com.brdgwtr.publisherservice changed took to complete: 0ms
01-07 01:21:11.651   935  1059 D SystemServerTimingAsync: InitThreadPoolExec:Update app-ops uidState in case package com.brdgwtr.CentralMessageService changed
01-07 01:21:11.651   935  1059 D SystemServerInitThreadPool: Started executing Update app-ops uidState in case package com.brdgwtr.CentralMessageService changed
01-07 01:21:11.651   935  1059 D SystemServerInitThreadPool: Finished executing Update app-ops uidState in case package com.brdgwtr.CentralMessageService changed
01-07 01:21:11.651   935  1059 V SystemServerTimingAsync: InitThreadPoolExec:Update app-ops uidState in case package com.brdgwtr.CentralMessageService changed took to complete: 0ms
01-07 01:21:11.651   935  1059 D SystemServerTimingAsync: InitThreadPoolExec:Update app-ops uidState in case package com.netflix.ninja changed
01-07 01:21:11.651   935  1059 D SystemServerInitThreadPool: Started executing Update app-ops uidState in case package com.netflix.ninja changed
01-07 01:21:11.651   935  1059 D SystemServerInitThreadPool: Finished executing Update app-ops uidState in case package com.netflix.ninja changed
01-07 01:21:11.652   935  1059 V SystemServerTimingAsync: InitThreadPoolExec:Update app-ops uidState in case package com.netflix.ninja changed took to complete: 1ms
01-07 01:21:11.652   935  1059 D SystemServerTimingAsync: InitThreadPoolExec:Update app-ops uidState in case package com.brdgwtr.dms changed
01-07 01:21:11.652   935  1059 D SystemServerInitThreadPool: Started executing Update app-ops uidState in case package com.brdgwtr.dms changed
01-07 01:21:11.652   935  1114 V SystemServerTimingAsync: InitThreadPoolExec:Update app-ops uidState in case package com.sonos.connectivity changed took to complete: 0ms
01-07 01:21:11.652   935  1114 D SystemServerTimingAsync: InitThreadPoolExec:Update app-ops uidState in case package com.brdgwtr.metrics.service changed
01-07 01:21:11.652   935  1114 D SystemServerInitThreadPool: Started executing Update app-ops uidState in case package com.brdgwtr.metrics.service changed
01-07 01:21:11.652   935  1114 D SystemServerInitThreadPool: Finished executing Update app-ops uidState in case package com.brdgwtr.metrics.service changed
01-07 01:21:11.652   935  1114 V SystemServerTimingAsync: InitThreadPoolExec:Update app-ops uidState in case package com.brdgwtr.metrics.service changed took to complete: 0ms
01-07 01:21:11.652   935  1114 D SystemServerTimingAsync: InitThreadPoolExec:Update app-ops uidState in case package com.brdgwtr.mediasession changed
01-07 01:21:11.652   935  1114 D SystemServerInitThreadPool: Started executing Update app-ops uidState in case package com.brdgwtr.mediasession changed
01-07 01:21:11.652   935  1114 D SystemServerInitThreadPool: Finished executing Update app-ops uidState in case package com.brdgwtr.mediasession changed
01-07 01:21:11.652   935  1114 V SystemServerTimingAsync: InitThreadPoolExec:Update app-ops uidState in case package com.brdgwtr.mediasession changed took to complete: 0ms
01-07 01:21:11.652   935  1114 D SystemServerTimingAsync: InitThreadPoolExec:Update app-ops uidState in case package com.android.providers.tv changed
01-07 01:21:11.652   935  1114 D SystemServerInitThreadPool: Started executing Update app-ops uidState in case package com.android.providers.tv changed
01-07 01:21:11.653   935  1114 D SystemServerInitThreadPool: Finished executing Update app-ops uidState in case package com.android.providers.tv changed
01-07 01:21:11.653   935  1114 V SystemServerTimingAsync: InitThreadPoolExec:Update app-ops uidState in case package com.android.providers.tv changed took to complete: 1ms
01-07 01:21:11.653   935  1114 D SystemServerTimingAsync: InitThreadPoolExec:Update app-ops uidState in case package com.android.providers.calendar changed
01-07 01:21:11.653   935  1114 D SystemServerInitThreadPool: Started executing Update app-ops uidState in case package com.android.providers.calendar changed
01-07 01:21:11.653   935  1114 D SystemServerInitThreadPool: Finished executing Update app-ops uidState in case package com.android.providers.calendar changed
01-07 01:21:11.653   935  1114 V SystemServerTimingAsync: InitThreadPoolExec:Update app-ops uidState in case package com.android.providers.calendar changed took to complete: 0ms
01-07 01:21:11.653   935  1114 D SystemServerTimingAsync: InitThreadPoolExec:Update app-ops uidState in case package com.android.providers.contacts changed
01-07 01:21:11.653   935  1114 D SystemServerInitThreadPool: Started executing Update app-ops uidState in case package com.android.providers.contacts changed
01-07 01:21:11.653   935  1114 D SystemServerInitThreadPool: Finished executing Update app-ops uidState in case package com.android.providers.contacts changed
01-07 01:21:11.653   935  1114 V SystemServerTimingAsync: InitThreadPoolExec:Update app-ops uidState in case package com.android.providers.contacts changed took to complete: 0ms
01-07 01:21:11.653   935  1114 D SystemServerTimingAsync: InitThreadPoolExec:Update app-ops uidState in case package com.sonos.tv.ble.remote changed
01-07 01:21:11.653   935  1114 D SystemServerInitThreadPool: Started executing Update app-ops uidState in case package com.sonos.tv.ble.remote changed
01-07 01:21:11.653   935  1114 D SystemServerInitThreadPool: Finished executing Update app-ops uidState in case package com.sonos.tv.ble.remote changed
01-07 01:21:11.653   935  1114 V SystemServerTimingAsync: InitThreadPoolExec:Update app-ops uidState in case package com.sonos.tv.ble.remote changed took to complete: 0ms
01-07 01:21:11.653   935  1114 D SystemServerTimingAsync: InitThreadPoolExec:Update app-ops uidState in case package com.android.shell changed
01-07 01:21:11.653   935  1114 D SystemServerInitThreadPool: Started executing Update app-ops uidState in case package com.android.shell changed
01-07 01:21:11.653   935  1114 D SystemServerInitThreadPool: Finished executing Update app-ops uidState in case package com.android.shell changed
01-07 01:21:11.653   935  1114 V SystemServerTimingAsync: InitThreadPoolExec:Update app-ops uidState in case package com.android.shell changed took to complete: 0ms
01-07 01:21:11.653   935  1114 D SystemServerTimingAsync: InitThreadPoolExec:Update app-ops uidState in case package com.android.bluetooth changed
01-07 01:21:11.653   935  1114 D SystemServerInitThreadPool: Started executing Update app-ops uidState in case package com.android.bluetooth changed
01-07 01:21:11.653   935  1114 D SystemServerInitThreadPool: Finished executing Update app-ops uidState in case package com.android.bluetooth changed
01-07 01:21:11.654   935  1046 D SystemServerTimingAsync: InitThreadPoolExec:Update app-ops uidState in case package com.brdgwtr.android.webview changed
01-07 01:21:11.654   935  1046 D SystemServerInitThreadPool: Started executing Update app-ops uidState in case package com.brdgwtr.android.webview changed
01-07 01:21:11.654   935  1081 D SystemServerInitThreadPool: Started executing Update app-ops uidState in case package com.sonos.tv.settings changed
01-07 01:21:11.654   935  1114 V SystemServerTimingAsync: InitThreadPoolExec:Update app-ops uidState in case package com.android.bluetooth changed took to complete: 0ms
01-07 01:21:11.654   935  1081 D SystemServerInitThreadPool: Finished executing Update app-ops uidState in case package com.sonos.tv.settings changed
01-07 01:21:11.654   935  1081 V SystemServerTimingAsync: InitThreadPoolExec:Update app-ops uidState in case package com.sonos.tv.settings changed took to complete: 3ms
01-07 01:21:11.654   935  1081 D SystemServerTimingAsync: InitThreadPoolExec:Update app-ops uidState in case package com.droidlogic changed
01-07 01:21:11.654   935  1107 D SystemServerInitThreadPool: Started executing Update app-ops uidState in case package com.disney.disneyplus changed
01-07 01:21:11.654   935  1050 D SystemServerInitThreadPool: Finished executing Update app-ops uidState in case package tv.pluto.android changed
01-07 01:21:11.654   935  1050 V SystemServerTimingAsync: InitThreadPoolExec:Update app-ops uidState in case package tv.pluto.android changed took to complete: 5ms
01-07 01:21:11.654   935  1050 D SystemServerTimingAsync: InitThreadPoolExec:Update app-ops uidState in case package com.droidlogic.tv.settings changed
01-07 01:21:11.654   935  1050 D SystemServerInitThreadPool: Started executing Update app-ops uidState in case package com.droidlogic.tv.settings changed
01-07 01:21:11.654   935  1081 D SystemServerInitThreadPool: Started executing Update app-ops uidState in case package com.droidlogic changed
01-07 01:21:11.654   935  1059 D SystemServerInitThreadPool: Finished executing Update app-ops uidState in case package com.brdgwtr.dms changed
01-07 01:21:11.654   935  1059 V SystemServerTimingAsync: InitThreadPoolExec:Update app-ops uidState in case package com.brdgwtr.dms changed took to complete: 2ms
01-07 01:21:11.654   935  1059 D SystemServerTimingAsync: InitThreadPoolExec:Update app-ops uidState in case package android changed
01-07 01:21:11.654   935  1059 D SystemServerInitThreadPool: Started executing Update app-ops uidState in case package android changed
01-07 01:21:11.654   935  1046 D SystemServerInitThreadPool: Finished executing Update app-ops uidState in case package com.brdgwtr.android.webview changed
01-07 01:21:11.655   935  1046 V SystemServerTimingAsync: InitThreadPoolExec:Update app-ops uidState in case package com.brdgwtr.android.webview changed took to complete: 1ms
01-07 01:21:11.655   935  1046 D SystemServerTimingAsync: InitThreadPoolExec:Update app-ops uidState in case package com.android.inputdevices changed
01-07 01:21:11.655   935  1059 D SystemServerInitThreadPool: Finished executing Update app-ops uidState in case package android changed
01-07 01:21:11.655   935  1059 V SystemServerTimingAsync: InitThreadPoolExec:Update app-ops uidState in case package android changed took to complete: 1ms
01-07 01:21:11.655   935  1059 D SystemServerTimingAsync: InitThreadPoolExec:Update app-ops uidState in case package com.android.keychain changed
01-07 01:21:11.655   935  1059 D SystemServerInitThreadPool: Started executing Update app-ops uidState in case package com.android.keychain changed
01-07 01:21:11.655   935  1058 D SystemServerInitThreadPool: Started executing Update app-ops uidState in case package com.android.systemui changed
01-07 01:21:11.655   935  1107 D SystemServerInitThreadPool: Finished executing Update app-ops uidState in case package com.disney.disneyplus changed
01-07 01:21:11.655   935  1046 D SystemServerInitThreadPool: Started executing Update app-ops uidState in case package com.android.inputdevices changed
01-07 01:21:11.655   935  1114 D SystemServerTimingAsync: InitThreadPoolExec:Update app-ops uidState in case package com.android.tv.settings changed
01-07 01:21:11.655   935  1114 D SystemServerInitThreadPool: Started executing Update app-ops uidState in case package com.android.tv.settings changed
01-07 01:21:11.655   935  1050 D SystemServerInitThreadPool: Finished executing Update app-ops uidState in case package com.droidlogic.tv.settings changed
01-07 01:21:11.655   935  1081 D SystemServerInitThreadPool: Finished executing Update app-ops uidState in case package com.droidlogic changed
01-07 01:21:11.655   935  1081 V SystemServerTimingAsync: InitThreadPoolExec:Update app-ops uidState in case package com.droidlogic changed took to complete: 2ms
01-07 01:21:11.656   935  1058 D SystemServerInitThreadPool: Finished executing Update app-ops uidState in case package com.android.systemui changed
01-07 01:21:11.656   935  1058 V SystemServerTimingAsync: InitThreadPoolExec:Update app-ops uidState in case package com.android.systemui changed took to complete: 7ms
01-07 01:21:11.656   935  1046 D SystemServerInitThreadPool: Finished executing Update app-ops uidState in case package com.android.inputdevices changed
01-07 01:21:11.656   935  1046 V SystemServerTimingAsync: InitThreadPoolExec:Update app-ops uidState in case package com.android.inputdevices changed took to complete: 1ms
01-07 01:21:11.656   935  1114 D SystemServerInitThreadPool: Finished executing Update app-ops uidState in case package com.android.tv.settings changed
01-07 01:21:11.656   935  1114 V SystemServerTimingAsync: InitThreadPoolExec:Update app-ops uidState in case package com.android.tv.settings changed took to complete: 1ms
01-07 01:21:11.656   935  1059 D SystemServerInitThreadPool: Finished executing Update app-ops uidState in case package com.android.keychain changed
01-07 01:21:11.656   935  1059 V SystemServerTimingAsync: InitThreadPoolExec:Update app-ops uidState in case package com.android.keychain changed took to complete: 1ms
01-07 01:21:11.656   935   968 D SystemServerInitThreadPool: Started executing Update app-ops uidState in case package com.android.providers.media.module changed
01-07 01:21:11.656   935  1050 V SystemServerTimingAsync: InitThreadPoolExec:Update app-ops uidState in case package com.droidlogic.tv.settings changed took to complete: 1ms
01-07 01:21:11.656   935   968 D SystemServerInitThreadPool: Finished executing Update app-ops uidState in case package com.android.providers.media.module changed
01-07 01:21:11.656   935  1107 V SystemServerTimingAsync: InitThreadPoolExec:Update app-ops uidState in case package com.disney.disneyplus changed took to complete: 5ms
01-07 01:21:11.656   935   968 V SystemServerTimingAsync: InitThreadPoolExec:Update app-ops uidState in case package com.android.providers.media.module changed took to complete: 7ms
01-07 01:21:11.671   935   935 V SystemServerTiming: controllersReady took to complete: 31ms
01-07 01:21:11.672   935   935 D SystemServerTiming: killProcesses
01-07 01:21:11.672   935   935 V SystemServerTiming: killProcesses took to complete: 0ms
01-07 01:21:11.672   935   935 I ActivityManager: System now ready
01-07 01:21:11.672   935   935 D SystemServerTiming: updateTopComponentForFactoryTest
01-07 01:21:11.672   935   935 V SystemServerTiming: updateTopComponentForFactoryTest took to complete: 1ms
01-07 01:21:11.673   935   935 D SystemServerTiming: registerActivityLaunchObserver
01-07 01:21:11.673   935   935 V SystemServerTiming: registerActivityLaunchObserver took to complete: 0ms
01-07 01:21:11.673   935   935 D SystemServerTiming: watchDeviceProvisioning
01-07 01:21:11.693   935   935 V SystemServerTiming: watchDeviceProvisioning took to complete: 20ms
01-07 01:21:11.693   935   935 D SystemServerTiming: retrieveSettings
01-07 01:21:11.695   935   935 I ActivityTaskManager: Config changes=10000000 {1.0 ?mcc?mnc [en_US] ldltr sw540dp w960dp h540dp 320dpi lrg long land television night -touch -keyb/v/h dpad/v winConfig={ mBounds=Rect(0, 0 - 1920, 1080) mAppBounds=Rect(0, 0 - 1920, 1080) mMaxBounds=Rect(0, 0 - 1920, 1080) mDisplayRotation=ROTATION_0 mWindowingMode=fullscreen mDisplayWindowingMode=fullscreen mActivityType=undefined mAlwaysOnTop=undefined mRotation=ROTATION_0} s.6 fontWeightAdjustment=0}
01-07 01:21:11.695   935   935 I WindowManager: Override config changes=10000000 {1.0 ?mcc?mnc [en_US] ldltr sw540dp w960dp h540dp 320dpi lrg long land television night -touch -keyb/v/h dpad/v winConfig={ mBounds=Rect(0, 0 - 1920, 1080) mAppBounds=Rect(0, 0 - 1920, 1080) mMaxBounds=Rect(0, 0 - 1920, 1080) mDisplayRotation=ROTATION_0 mWindowingMode=fullscreen mDisplayWindowingMode=fullscreen mActivityType=undefined mAlwaysOnTop=undefined mRotation=ROTATION_0} s.6 fontWeightAdjustment=0} for displayId=0
01-07 01:21:11.699   935   935 V SystemServerTiming: retrieveSettings took to complete: 6ms
01-07 01:21:11.699   935   935 D SystemServerTiming: Ugm.onSystemReady
01-07 01:21:11.700   935   935 V SystemServerTiming: Ugm.onSystemReady took to complete: 1ms
01-07 01:21:11.700   935   935 D SystemServerTiming: updateForceBackgroundCheck
01-07 01:21:11.700   935   935 V SystemServerTiming: updateForceBackgroundCheck took to complete: 0ms
01-07 01:21:11.700   935   935 I SystemServer: Making services ready
01-07 01:21:11.700   935   935 D SystemServerTiming: StartActivityManagerReadyPhase
01-07 01:21:11.700   935   935 I SystemServiceManager: Starting phase 550
01-07 01:21:11.700   935   935 D SystemServerTiming: OnBootPhase_550
01-07 01:21:11.700   935   935 D SystemServerTiming: OnBootPhase_550_com.android.server.security.FileIntegrityService
01-07 01:21:11.700   935   935 V SystemServerTiming: OnBootPhase_550_com.android.server.security.FileIntegrityService took to complete: 0ms
01-07 01:21:11.700   935   935 D SystemServerTiming: OnBootPhase_550_com.android.server.pm.Installer
01-07 01:21:11.700   935   935 V SystemServerTiming: OnBootPhase_550_com.android.server.pm.Installer took to complete: 0ms
01-07 01:21:11.700   935   935 D SystemServerTiming: OnBootPhase_550_com.android.server.os.DeviceIdentifiersPolicyService
01-07 01:21:11.700   935   935 V SystemServerTiming: OnBootPhase_550_com.android.server.os.DeviceIdentifiersPolicyService took to complete: 0ms
01-07 01:21:11.700   935   935 D SystemServerTiming: OnBootPhase_550_com.android.server.uri.UriGrantsManagerService$Lifecycle
01-07 01:21:11.700   935   935 V SystemServerTiming: OnBootPhase_550_com.android.server.uri.UriGrantsManagerService$Lifecycle took to complete: 0ms
01-07 01:21:11.700   935   935 D SystemServerTiming: OnBootPhase_550_com.android.server.powerstats.PowerStatsService
01-07 01:21:11.700   935   935 V SystemServerTiming: OnBootPhase_550_com.android.server.powerstats.PowerStatsService took to complete: 0ms
01-07 01:21:11.700   935   935 D SystemServerTiming: OnBootPhase_550_com.android.server.wm.ActivityTaskManagerService$Lifecycle
01-07 01:21:11.700   935   935 V SystemServerTiming: OnBootPhase_550_com.android.server.wm.ActivityTaskManagerService$Lifecycle took to complete: 0ms
01-07 01:21:11.700   935   935 D SystemServerTiming: OnBootPhase_550_com.android.server.am.ActivityManagerService$Lifecycle
01-07 01:21:11.701   935   935 V SystemServerTiming: OnBootPhase_550_com.android.server.am.ActivityManagerService$Lifecycle took to complete: 1ms
01-07 01:21:11.701   935   935 D SystemServerTiming: OnBootPhase_550_com.android.server.pm.DataLoaderManagerService
01-07 01:21:11.701   935   935 V SystemServerTiming: OnBootPhase_550_com.android.server.pm.DataLoaderManagerService took to complete: 0ms
01-07 01:21:11.701   935   935 D SystemServerTiming: OnBootPhase_550_com.android.server.power.PowerManagerService
01-07 01:21:11.701   935   935 V SystemServerTiming: OnBootPhase_550_com.android.server.power.PowerManagerService took to complete: 0ms
01-07 01:21:11.701   935   935 D SystemServerTiming: OnBootPhase_550_com.android.server.power.ThermalManagerService
01-07 01:21:11.704   935   935 I ThermalHalWrapper: Thermal HAL 2.0 service connected.
01-07 01:21:11.705   935   935 E ThermalHalWrapper: Couldn't get temperature thresholds because of HAL error: Failed to read thermal sensors.
01-07 01:21:11.705   935   935 V SystemServerTiming: OnBootPhase_550_com.android.server.power.ThermalManagerService took to complete: 4ms
01-07 01:21:11.705   935   935 D SystemServerTiming: OnBootPhase_550_com.android.server.power.hint.HintManagerService
01-07 01:21:11.705   935   935 V SystemServerTiming: OnBootPhase_550_com.android.server.power.hint.HintManagerService took to complete: 0ms
01-07 01:21:11.705   935   935 D SystemServerTiming: OnBootPhase_550_com.android.server.recoverysystem.RecoverySystemService$Lifecycle
01-07 01:21:11.706   935   935 V SystemServerTiming: OnBootPhase_550_com.android.server.recoverysystem.RecoverySystemService$Lifecycle took to complete: 0ms
01-07 01:21:11.706   935   935 D SystemServerTiming: OnBootPhase_550_com.android.server.lights.LightsService
01-07 01:21:11.706   935   935 V SystemServerTiming: OnBootPhase_550_com.android.server.lights.LightsService took to complete: 0ms
01-07 01:21:11.706   935   935 D SystemServerTiming: OnBootPhase_550_com.android.server.display.DisplayManagerService
01-07 01:21:11.706   935   935 V SystemServerTiming: OnBootPhase_550_com.android.server.display.DisplayManagerService took to complete: 0ms
01-07 01:21:11.706   935   935 D SystemServerTiming: OnBootPhase_550_com.android.server.pm.verify.domain.DomainVerificationService
01-07 01:21:11.706   935   935 V SystemServerTiming: OnBootPhase_550_com.android.server.pm.verify.domain.DomainVerificationService took to complete: 0ms
01-07 01:21:11.706   935   935 D SystemServerTiming: OnBootPhase_550_com.android.server.pm.PackageInstallerService$Lifecycle
01-07 01:21:11.706   935   935 V SystemServerTiming: OnBootPhase_550_com.android.server.pm.PackageInstallerService$Lifecycle took to complete: 0ms
01-07 01:21:11.706   935   935 D SystemServerTiming: OnBootPhase_550_com.android.server.pm.UserManagerService$LifeCycle
01-07 01:21:11.706   935   935 V SystemServerTiming: OnBootPhase_550_com.android.server.pm.UserManagerService$LifeCycle took to complete: 0ms
01-07 01:21:11.706   935   935 D SystemServerTiming: OnBootPhase_550_com.android.server.om.OverlayManagerService
01-07 01:21:11.706   935   935 V SystemServerTiming: OnBootPhase_550_com.android.server.om.OverlayManagerService took to complete: 0ms
01-07 01:21:11.706   935   935 D SystemServerTiming: OnBootPhase_550_com.android.server.resources.ResourcesManagerService
01-07 01:21:11.706   935   935 V SystemServerTiming: OnBootPhase_550_com.android.server.resources.ResourcesManagerService took to complete: 0ms
01-07 01:21:11.706   935   935 D SystemServerTiming: OnBootPhase_550_com.android.server.sensorprivacy.SensorPrivacyService
01-07 01:21:11.707   935   935 V SystemServerTiming: OnBootPhase_550_com.android.server.sensorprivacy.SensorPrivacyService took to complete: 1ms
01-07 01:21:11.707   935   935 D SystemServerTiming: OnBootPhase_550_com.android.server.sensors.SensorService
01-07 01:21:11.707   935   935 V SystemServerTiming: OnBootPhase_550_com.android.server.sensors.SensorService took to complete: 0ms
01-07 01:21:11.707   935   935 D SystemServerTiming: OnBootPhase_550_com.android.server.SystemConfigService
01-07 01:21:11.707   935   935 V SystemServerTiming: OnBootPhase_550_com.android.server.SystemConfigService took to complete: 0ms
01-07 01:21:11.707   935   935 D SystemServerTiming: OnBootPhase_550_com.android.server.BatteryService
01-07 01:21:11.708   935   935 V SystemServerTiming: OnBootPhase_550_com.android.server.BatteryService took to complete: 1ms
01-07 01:21:11.708   935   935 D SystemServerTiming: OnBootPhase_550_com.android.server.usage.UsageStatsService
01-07 01:21:11.708   935   935 V SystemServerTiming: OnBootPhase_550_com.android.server.usage.UsageStatsService took to complete: 0ms
01-07 01:21:11.708   935   935 D SystemServerTiming: OnBootPhase_550_com.android.server.webkit.WebViewUpdateService
01-07 01:21:11.708   935   935 V SystemServerTiming: OnBootPhase_550_com.android.server.webkit.WebViewUpdateService took to complete: 0ms
01-07 01:21:11.708   935   935 D SystemServerTiming: OnBootPhase_550_com.android.server.CachedDeviceStateService
01-07 01:21:11.708   935   935 V SystemServerTiming: OnBootPhase_550_com.android.server.CachedDeviceStateService took to complete: 0ms
01-07 01:21:11.708   935   935 D SystemServerTiming: OnBootPhase_550_com.android.server.BinderCallsStatsService$LifeCycle
01-07 01:21:11.708   935   935 V SystemServerTiming: OnBootPhase_550_com.android.server.BinderCallsStatsService$LifeCycle took to complete: 0ms
01-07 01:21:11.708   935   935 D SystemServerTiming: OnBootPhase_550_com.android.server.LooperStatsService$Lifecycle
01-07 01:21:11.708   935   935 V SystemServerTiming: OnBootPhase_550_com.android.server.LooperStatsService$Lifecycle took to complete: 0ms
01-07 01:21:11.708   935   935 D SystemServerTiming: OnBootPhase_550_com.android.server.rollback.RollbackManagerService
01-07 01:21:11.708   935   935 V SystemServerTiming: OnBootPhase_550_com.android.server.rollback.RollbackManagerService took to complete: 0ms
01-07 01:21:11.708   935   935 D SystemServerTiming: OnBootPhase_550_com.android.server.os.NativeTombstoneManagerService
01-07 01:21:11.709   935   935 V SystemServerTiming: OnBootPhase_550_com.android.server.os.NativeTombstoneManagerService took to complete: 1ms
01-07 01:21:11.709   935   935 D SystemServerTiming: OnBootPhase_550_com.android.server.os.BugreportManagerService
01-07 01:21:11.709   935   935 V SystemServerTiming: OnBootPhase_550_com.android.server.os.BugreportManagerService took to complete: 0ms
01-07 01:21:11.709   935   935 D SystemServerTiming: OnBootPhase_550_com.android.server.gpu.GpuService
01-07 01:21:11.709   935   935 V SystemServerTiming: OnBootPhase_550_com.android.server.gpu.GpuService took to complete: 0ms
01-07 01:21:11.709   935   935 D SystemServerTiming: OnBootPhase_550_com.android.server.security.KeyChainSystemService
01-07 01:21:11.709   935   935 V SystemServerTiming: OnBootPhase_550_com.android.server.security.KeyChainSystemService took to complete: 0ms
01-07 01:21:11.709   935   935 D SystemServerTiming: OnBootPhase_550_com.android.server.BinaryTransparencyService
01-07 01:21:11.709   935   935 V SystemServerTiming: OnBootPhase_550_com.android.server.BinaryTransparencyService took to complete: 0ms
01-07 01:21:11.709   935   935 D SystemServerTiming: OnBootPhase_550_com.android.server.accounts.AccountManagerService$Lifecycle
01-07 01:21:11.709   935   935 V SystemServerTiming: OnBootPhase_550_com.android.server.accounts.AccountManagerService$Lifecycle took to complete: 0ms
01-07 01:21:11.709   935   935 D SystemServerTiming: OnBootPhase_550_com.android.server.content.ContentService$Lifecycle
01-07 01:21:11.714   935   935 I SyncManager: No initial accounts
01-07 01:21:11.718   935   935 V SystemServerTiming: OnBootPhase_550_com.android.server.content.ContentService$Lifecycle took to complete: 9ms
01-07 01:21:11.718   935   935 D SystemServerTiming: OnBootPhase_550_com.android.server.DropBoxManagerService
01-07 01:21:11.718   935   935 V SystemServerTiming: OnBootPhase_550_com.android.server.DropBoxManagerService took to complete: 0ms
01-07 01:21:11.718   935   935 D SystemServerTiming: OnBootPhase_550_com.android.role.RoleService
01-07 01:21:11.718   935   935 V SystemServerTiming: OnBootPhase_550_com.android.role.RoleService took to complete: 0ms
01-07 01:21:11.718   935   935 D SystemServerTiming: OnBootPhase_550_com.android.server.vibrator.VibratorManagerService$Lifecycle
01-07 01:21:11.718   935   935 V SystemServerTiming: OnBootPhase_550_com.android.server.vibrator.VibratorManagerService$Lifecycle took to complete: 0ms
01-07 01:21:11.718   935   935 D SystemServerTiming: OnBootPhase_550_com.android.server.tare.InternalResourceService
01-07 01:21:11.719   935   935 V SystemServerTiming: OnBootPhase_550_com.android.server.tare.InternalResourceService took to complete: 0ms
01-07 01:21:11.719   935   935 D SystemServerTiming: OnBootPhase_550_com.android.server.alarm.AlarmManagerService
01-07 01:21:11.719   935   935 V SystemServerTiming: OnBootPhase_550_com.android.server.alarm.AlarmManagerService took to complete: 0ms
01-07 01:21:11.719   935   935 D SystemServerTiming: OnBootPhase_550_com.android.server.devicestate.DeviceStateManagerService
01-07 01:21:11.719   935   935 V SystemServerTiming: OnBootPhase_550_com.android.server.devicestate.DeviceStateManagerService took to complete: 0ms
01-07 01:21:11.719   935   935 D SystemServerTiming: OnBootPhase_550_com.android.server.bluetooth.BluetoothService
01-07 01:21:11.719   935   935 V SystemServerTiming: OnBootPhase_550_com.android.server.bluetooth.BluetoothService took to complete: 0ms
01-07 01:21:11.719   935   935 D SystemServerTiming: OnBootPhase_550_com.android.server.connectivity.IpConnectivityMetrics
01-07 01:21:11.720   935   935 V SystemServerTiming: OnBootPhase_550_com.android.server.connectivity.IpConnectivityMetrics took to complete: 0ms
01-07 01:21:11.720   935   935 D SystemServerTiming: OnBootPhase_550_com.android.server.net.watchlist.NetworkWatchlistService$Lifecycle
01-07 01:21:11.721   935   935 V SystemServerTiming: OnBootPhase_550_com.android.server.net.watchlist.NetworkWatchlistService$Lifecycle took to complete: 1ms
01-07 01:21:11.721   935   935 D SystemServerTiming: OnBootPhase_550_com.android.server.PinnerService
01-07 01:21:11.721   935   935 V SystemServerTiming: OnBootPhase_550_com.android.server.PinnerService took to complete: 0ms
01-07 01:21:11.721   935   935 D SystemServerTiming: OnBootPhase_550_com.android.server.integrity.AppIntegrityManagerService
01-07 01:21:11.721   935   935 V SystemServerTiming: OnBootPhase_550_com.android.server.integrity.AppIntegrityManagerService took to complete: 0ms
01-07 01:21:11.721   935   935 D SystemServerTiming: OnBootPhase_550_com.android.server.logcat.LogcatManagerService
01-07 01:21:11.721   935   935 V SystemServerTiming: OnBootPhase_550_com.android.server.logcat.LogcatManagerService took to complete: 0ms
01-07 01:21:11.721   935   935 D SystemServerTiming: OnBootPhase_550_com.android.server.inputmethod.InputMethodManagerService$Lifecycle
01-07 01:21:11.722   935  1057 E NativeTombstoneManager: Tombstone's UID (1046) not an app, ignoring
01-07 01:21:11.722   935  1081 D SystemServerTimingAsync: InitThreadPoolExec:Lazily initialize IMMS#mImeDrawsImeNavBarRes
