01-07 03:36:57.829   929   992 D PackageManager: Clear ephemeral installer activity
01-07 03:36:59.018   929   992 V BackupManagerService: [UserID:0] restoreAtInstall pkg=com.peacocktv.peacockandroid token=4 restoreSet=0
01-07 03:36:59.019   929   992 V BackupManagerService: [UserID:0] Finishing install immediately
01-07 03:36:59.022   929   992 I AppsFilter: interaction: PackageSetting{4c2d619 com.sonos.pinewood.tokenmanager.service/10053} -> PackageSetting{a3fa17f com.peacocktv.peacockandroid/10094} BLOCKED
01-07 03:36:59.022   929   992 I AppsFilter: interaction: PackageSetting{85ffc8e com.sonos.pinewood.ota.service/10049} -> PackageSetting{a3fa17f com.peacocktv.peacockandroid/10094} BLOCKED
01-07 03:36:59.022   929   992 I AppsFilter: interaction: PackageSetting{3a5fcaf com.sonos.pinewood.ota.test/10048} -> PackageSetting{a3fa17f com.peacocktv.peacockandroid/10094} BLOCKED
01-07 03:36:59.024   929   992 D PackageInstallerSession: Marking session 254707401 as applied
01-07 03:36:59.026   929   992 D CompatibilityChangeReporter: Compat change id reported: 168419799; UID 10094; state: DISABLED
01-07 03:36:59.041   929   967 W BroadcastQueue: Background execution not allowed: receiving Intent { act=android.intent.action.PACKAGE_ADDED dat=package: flg=0x4000010 (has extras) } to com.android.packageinstaller/.PackageInstalledReceiver
01-07 03:36:59.041   929   967 W BroadcastQueue: Background execution not allowed: receiving Intent { act=android.intent.action.PACKAGE_ADDED dat=package: flg=0x4000010 (has extras) } to com.android.gallery3d/.app.PackagesMonitor
01-07 03:36:59.078   929   929 I AppsFilter: interaction: PackageSetting{4c2d619 com.sonos.pinewood.tokenmanager.service/10053} -> PackageSetting{3ae0de7 com.peacocktv.peacockandroid/10094} BLOCKED
01-07 03:36:59.078   929   929 I AppsFilter: interaction: PackageSetting{85ffc8e com.sonos.pinewood.ota.service/10049} -> PackageSetting{3ae0de7 com.peacocktv.peacockandroid/10094} BLOCKED
01-07 03:36:59.079   929   929 I AppsFilter: interaction: PackageSetting{3a5fcaf com.sonos.pinewood.ota.test/10048} -> PackageSetting{3ae0de7 com.peacocktv.peacockandroid/10094} BLOCKED
01-07 03:36:59.090   929  1055 D CompatibilityChangeReporter: Compat change id reported: 218533173; UID 10094; state: ENABLED
01-07 03:36:59.091   929   966 W TextServicesManagerService: no available spell checker services found
01-07 03:36:59.097   929  1735 W BackupTransportManager: Package com.peacocktv.peacockandroid enabled setting: 0
01-07 03:36:59.114   929   929 I HdmiCecLocalDevicePlaybackSwitch: onInputAdded: com.peacocktv.peacockandroid/com.peacock.peacocktv.recs.PreviewVideoInputService
01-07 03:36:59.115   929   929 I HdmiCecLocalDevicePlaybackSwitch: addOrUpdateTvInput: return HdmiDeviceInfo null
01-07 03:36:59.116   929   966 W VoiceInteractionManager: no available voice recognition services found for user 0
01-07 03:36:59.120   929   966 W TextServicesManagerService: no available spell checker services found
01-07 03:36:59.129   929   966 W VoiceInteractionManager: no available voice recognition services found for user 0
01-07 03:37:00.971   929  2388 D CompatibilityChangeReporter: Compat change id reported: 161252188; UID 10094; state: ENABLED
01-07 03:37:00.975   929   967 D CompatibilityChangeReporter: Compat change id reported: 135634846; UID 10094; state: DISABLED
01-07 03:37:00.975   929   967 D CompatibilityChangeReporter: Compat change id reported: 177438394; UID 10094; state: DISABLED
01-07 03:37:00.976   929   967 D CompatibilityChangeReporter: Compat change id reported: 135772972; UID 10094; state: DISABLED
01-07 03:37:00.976   929   967 D CompatibilityChangeReporter: Compat change id reported: 135754954; UID 10094; state: ENABLED
01-07 03:37:00.977   929   968 D CompatibilityChangeReporter: Compat change id reported: 143937733; UID 10094; state: ENABLED
01-07 03:37:00.999   929   968 I ActivityManager: Start proc 4021:com.peacocktv.peacockandroid/u0a94 for broadcast {com.peacocktv.peacockandroid/com.peacock.peacocktv.recs.ChannelRowReceiver}
01-07 03:36:55.559     0     0 W [5 T4036  ..] audit: audit_lost=13647 audit_rate_limit=5 audit_backlog_limit=64
01-07 03:36:55.559     0     0 E [5 T4036  ..] audit: rate limit exceeded
01-07 03:37:01.127   929  2388 D PackageManager: Instant App installer not found with android.intent.action.INSTALL_INSTANT_APP_PACKAGE
01-07 03:37:01.127   929  2388 D PackageManager: Clear ephemeral installer activity
01-07 03:37:01.195   929  2388 D PackageManager: Instant App installer not found with android.intent.action.INSTALL_INSTANT_APP_PACKAGE
01-07 03:37:01.195   929  2388 D PackageManager: Clear ephemeral installer activity
01-07 03:37:01.204   929  2388 D CompatibilityChangeReporter: Compat change id reported: 194532703; UID 10094; state: ENABLED
01-07 03:37:01.282   929  2388 D PackageManager: Instant App installer not found with android.intent.action.INSTALL_INSTANT_APP_PACKAGE
01-07 03:37:01.282   929  2388 D PackageManager: Clear ephemeral installer activity
01-07 03:37:01.911   929  2734 D CompatibilityChangeReporter: Compat change id reported: 168419799; UID 10052; state: DISABLED
01-07 03:37:01.913   929  2734 D OomAdjuster: Not killing cached processes
01-07 03:37:02.129   929   992 I AppsFilter: interaction: PackageSetting{4c2d619 com.sonos.pinewood.tokenmanager.service/10053} -> PackageSetting{c0c2425 com.peacocktv.peacockandroid/10094} BLOCKED
01-07 03:37:02.129   929   992 I AppsFilter: interaction: PackageSetting{85ffc8e com.sonos.pinewood.ota.service/10049} -> PackageSetting{c0c2425 com.peacocktv.peacockandroid/10094} BLOCKED
01-07 03:37:02.129   929   992 I AppsFilter: interaction: PackageSetting{3a5fcaf com.sonos.pinewood.ota.test/10048} -> PackageSetting{c0c2425 com.peacocktv.peacockandroid/10094} BLOCKED
01-07 03:37:02.148   929   966 W VoiceInteractionManager: no available voice recognition services found for user 0
01-07 03:37:05.143   929   992 E PackageManager: ERROR: could not load root hash from incremental install
01-07 03:37:05.144   929   992 E PackageManager: Required verifier is null
01-07 03:37:05.165   929  1098 W PackageParsing: Ignoring duplicate uses-permissions/uses-permissions-sdk-m: com.android.providers.tv.permission.WRITE_EPG_DATA in package: com.future.HappyKids at: Binary XML file line #37
01-07 03:37:05.184   929  1098 W RuleEvaluation: Integrity rule files are not available.
01-07 03:37:05.185   929   992 I PackageManager: Integrity check passed for file:///data/app/vmdl685753143.tmp
01-07 03:37:05.191   929   992 W PackageParsing: Ignoring duplicate uses-permissions/uses-permissions-sdk-m: com.android.providers.tv.permission.WRITE_EPG_DATA in package: com.future.HappyKids at: Binary XML file line #37
01-07 03:37:05.246   929   992 D PackageManager: Instant App installer not found with android.intent.action.INSTALL_INSTANT_APP_PACKAGE
01-07 03:37:05.246   929   992 D PackageManager: Clear ephemeral installer activity
01-07 03:37:05.559   929  2734 D CompatibilityChangeReporter: Compat change id reported: 161252188; UID 10063; state: ENABLED
01-07 03:37:05.560   929  2734 I ActivityTaskManager: START u0 {flg=0x10008000 cmp=com.sonos.tv.settings/.MainActivity} from uid 10052
01-07 03:37:05.578   929  2734 D CompatibilityChangeReporter: Compat change id reported: 194480991; UID 10063; state: ENABLED
01-07 03:37:05.580   929  2734 D CompatibilityChangeReporter: Compat change id reported: 174042980; UID 10063; state: DISABLED
01-07 03:37:05.585   929  2734 D CompatibilityChangeReporter: Compat change id reported: 184838306; UID 10063; state: DISABLED
01-07 03:37:05.585   929  2734 D CompatibilityChangeReporter: Compat change id reported: 185004937; UID 10063; state: DISABLED
01-07 03:37:05.586   929  2734 D CompatibilityChangeReporter: Compat change id reported: 181136395; UID 10063; state: DISABLED
01-07 03:37:05.586   929  2734 D CompatibilityChangeReporter: Compat change id reported: 174042936; UID 10063; state: DISABLED
01-07 03:37:05.588   929  2734 D CompatibilityChangeReporter: Compat change id reported: 197654537; UID 10063; state: ENABLED
01-07 03:37:05.592   929  2734 V SplashScreenExceptionList: SplashScreen checking exception for package com.sonos.tv.settings (target sdk:33) -> false
01-07 03:37:05.592   929  2734 D CompatibilityChangeReporter: Compat change id reported: 205907456; UID 10063; state: ENABLED
01-07 03:37:05.605   929   961 D CompatibilityChangeReporter: Compat change id reported: 135634846; UID 10063; state: DISABLED
01-07 03:37:05.605   929   961 D CompatibilityChangeReporter: Compat change id reported: 177438394; UID 10063; state: DISABLED
01-07 03:37:05.605   929   961 D CompatibilityChangeReporter: Compat change id reported: 135772972; UID 10063; state: DISABLED
01-07 03:37:05.605   929   961 D CompatibilityChangeReporter: Compat change id reported: 135754954; UID 10063; state: ENABLED
01-07 03:37:05.605   929   968 D CompatibilityChangeReporter: Compat change id reported: 143937733; UID 10063; state: ENABLED
01-07 03:37:05.610   929  2734 D CompatibilityChangeReporter: Compat change id reported: 168419799; UID 10063; state: DISABLED
01-07 03:37:05.625   929   968 I ActivityManager: Start proc 4090:com.sonos.tv.settings/u0a63 for next-top-activity {com.sonos.tv.settings/com.sonos.tv.settings.MainActivity}
01-07 03:37:05.629   929  1541 D CoreBackPreview: Window{f6050cd u0 Splash Screen com.sonos.tv.settings}: Setting back callback OnBackInvokedCallbackInfo{mCallback=android.window.IOnBackInvokedCallback$Stub$Proxy@58cd4d0, mPriority=0}
01-07 03:37:05.709   929   962 D CompatibilityChangeReporter: Compat change id reported: 197654537; UID 10052; state: ENABLED
01-07 03:37:00.254     0     0 W [5 T4105  ..] audit: audit_lost=14158 audit_rate_limit=5 audit_backlog_limit=64
01-07 03:37:00.254     0     0 E [5 T4105  ..] audit: rate limit exceeded
01-07 03:37:05.997   929  2854 D CompatibilityChangeReporter: Compat change id reported: 161145287; UID 10063; state: DISABLED
01-07 03:37:00.709     0     0 I [6 T1523  ..] [schedu][0xb28f32c][03: 37:06.215356] wlan: [1523:I:OSIF] scan start scan id 40965
01-07 03:37:06.248   929  2734 W WindowManager: Failed looking up window session=Session{2c1528c 4090:u0a10063} callers=com.android.server.wm.WindowManagerService.windowForClientLocked:5976 com.android.server.wm.Session.updateRequestedVisibilities:701 android.view.IWindowSession$Stub.onTransact:1075 
01-07 03:37:06.252   929  1054 D CoreBackPreview: Window{ae54db u0 com.sonos.tv.settings/com.sonos.tv.settings.MainActivity}: Setting back callback OnBackInvokedCallbackInfo{mCallback=android.window.IOnBackInvokedCallback$Stub$Proxy@2fea251, mPriority=0}
01-07 03:37:06.944   929  2734 D CoreBackPreview: Window{f6050cd u0 Splash Screen com.sonos.tv.settings EXITING}: Setting back callback null
01-07 03:37:06.980   929  2734 D OomAdjuster: Not killing cached processes
01-07 03:37:06.988   929  2734 W ProcessStats: Tracking association SourceState{69d793d system/1000 BTopFgs #826} whose proc state 2 is better than process ProcessState{b551007 com.sonos.connectivity/10088 pkg=com.sonos.connectivity} proc state 3 (85 skipped)
01-07 03:37:07.220   929  2734 D CompatibilityChangeReporter: Compat change id reported: 214016041; UID 10063; state: ENABLED
01-07 03:37:02.300     0     0 I [4 T1523  ..] [schedu][0xb41391d][03: 37:07.806125] wlan: [1523:I:OSIF] vdev 0, scan id 40965 type COMPLETED(1) reason COMPLETED(1) scan found 67 bss
01-07 03:37:08.626   929  1765 E TaskPersister: File error accessing recents directory (directory doesn't exist?).
01-07 03:37:08.744   929   992 V BackupManagerService: [UserID:0] restoreAtInstall pkg=com.future.HappyKids token=5 restoreSet=0
01-07 03:37:08.745   929   992 V BackupManagerService: [UserID:0] Finishing install immediately
01-07 03:37:08.745   929   992 I AppsFilter: interaction: PackageSetting{4c2d619 com.sonos.pinewood.tokenmanager.service/10053} -> PackageSetting{ebd0997 com.future.HappyKids/10095} BLOCKED
01-07 03:37:08.745   929   992 I AppsFilter: interaction: PackageSetting{85ffc8e com.sonos.pinewood.ota.service/10049} -> PackageSetting{ebd0997 com.future.HappyKids/10095} BLOCKED
01-07 03:37:08.746   929   992 I AppsFilter: interaction: PackageSetting{3a5fcaf com.sonos.pinewood.ota.test/10048} -> PackageSetting{ebd0997 com.future.HappyKids/10095} BLOCKED
01-07 03:37:08.748   929   992 D PackageInstallerSession: Marking session 685753143 as applied
01-07 03:37:08.750   929   992 D CompatibilityChangeReporter: Compat change id reported: 168419799; UID 10095; state: DISABLED
01-07 03:37:08.756   929   966 W TextServicesManagerService: no available spell checker services found
01-07 03:37:08.768   929   967 W BroadcastQueue: Background execution not allowed: receiving Intent { act=android.intent.action.PACKAGE_ADDED dat=package: flg=0x4000010 (has extras) } to com.android.packageinstaller/.PackageInstalledReceiver
01-07 03:37:08.768   929   967 W BroadcastQueue: Background execution not allowed: receiving Intent { act=android.intent.action.PACKAGE_ADDED dat=package: flg=0x4000010 (has extras) } to com.android.gallery3d/.app.PackagesMonitor
01-07 03:37:08.775   929   966 W VoiceInteractionManager: no available voice recognition services found for user 0
01-07 03:37:08.786   929   929 V BackupManagerConstants: getFullBackupIntervalMilliseconds(...) returns 86400000
01-07 03:37:08.786   929   929 V BackupManagerConstants: getFullBackupRequiredNetworkType(...) returns 2
01-07 03:37:08.786   929   929 V BackupManagerConstants: getFullBackupRequireCharging(...) returns true
01-07 03:37:08.795   929   929 I AppsFilter: interaction: PackageSetting{4c2d619 com.sonos.pinewood.tokenmanager.service/10053} -> PackageSetting{35337c3 com.future.HappyKids/10095} BLOCKED
01-07 03:37:08.795   929   929 I AppsFilter: interaction: PackageSetting{85ffc8e com.sonos.pinewood.ota.service/10049} -> PackageSetting{35337c3 com.future.HappyKids/10095} BLOCKED
01-07 03:37:08.795   929   929 I AppsFilter: interaction: PackageSetting{3a5fcaf com.sonos.pinewood.ota.test/10048} -> PackageSetting{35337c3 com.future.HappyKids/10095} BLOCKED
01-07 03:37:08.800   929  1055 D CompatibilityChangeReporter: Compat change id reported: 218533173; UID 10095; state: DISABLED
01-07 03:37:08.808   929   966 W TextServicesManagerService: no available spell checker services found
01-07 03:37:08.810   929  1735 W BackupTransportManager: Package com.future.HappyKids enabled setting: 0
01-07 03:37:08.810   929   966 W VoiceInteractionManager: no available voice recognition services found for user 0
01-07 03:37:08.911   929   960 I DropBoxManagerService: add tag=system_server_strictmode isTagEnabled=true flags=0x2
01-07 03:37:11.983   929  1546 D OomAdjuster: Not killing cached processes
01-07 03:37:11.985   929  1546 W JobScheduler: Job didn't exist in JobStore: 5cfd46d #u0a52/5 com.sonos.tv.launcher/androidx.work.impl.background.systemjob.SystemJobService
01-07 03:37:12.951   929  2734 I ActivityTaskManager: START u0 {act=android.settings.SETTINGS flg=0x10000000 cmp=com.android.tv.settings/.MainSettings} from uid 10063
01-07 03:37:12.968   929  2734 D CompatibilityChangeReporter: Compat change id reported: 194480991; UID 1000; state: ENABLED
01-07 03:37:12.971   929  2734 D CompatibilityChangeReporter: Compat change id reported: 174042980; UID 1000; state: DISABLED
01-07 03:37:12.975   929  2734 D CompatibilityChangeReporter: Compat change id reported: 197654537; UID 1000; state: ENABLED
01-07 03:37:12.976   929  2734 V SplashScreenExceptionList: SplashScreen checking exception for package com.android.tv.settings (target sdk:33) -> false
01-07 03:37:12.977   929  2734 D CompatibilityChangeReporter: Compat change id reported: 205907456; UID 1000; state: ENABLED
01-07 03:37:12.985   929  2734 W ActivityTaskManager: Tried to set launchTime (0) < mLastActivityLaunchTime (24684)
01-07 03:37:12.987   929  2734 D CompatibilityChangeReporter: Compat change id reported: 168419799; UID 1000; state: DISABLED
01-07 03:37:12.989   929  2734 D CompatibilityChangeReporter: Compat change id reported: 181136395; UID 1000; state: DISABLED
01-07 03:37:12.990   929  2734 D CompatibilityChangeReporter: Compat change id reported: 174042936; UID 1000; state: DISABLED
01-07 03:37:12.990   929  2734 D CompatibilityChangeReporter: Compat change id reported: 181136395; UID 10063; state: DISABLED
01-07 03:37:12.990   929  2734 D CompatibilityChangeReporter: Compat change id reported: 174042936; UID 10063; state: DISABLED
01-07 03:37:12.993   929  2734 D CompatibilityChangeReporter: Compat change id reported: 197654537; UID 10063; state: ENABLED
01-07 03:37:13.035   929   944 D CoreBackPreview: Window{40f1e78 u0 com.android.tv.settings/com.android.tv.settings.MainSettings}: Setting back callback OnBackInvokedCallbackInfo{mCallback=android.window.IOnBackInvokedCallback$Stub$Proxy@e53c5b6, mPriority=0}
01-07 03:37:13.106  1398  1398 W ContextImpl: Calling a method in the system process without a qualified user: android.app.ContextImpl.sendBroadcast:1189 android.content.ContextWrapper.sendBroadcast:500 android.content.ContextWrapper.sendBroadcast:500 com.android.tv.settings.NetflixESNReceiver.getESNValue:64 com.android.tv.settings.MainFragment.onCreate:181 
01-07 03:37:13.192  2192  2425 E ActivityThread: Failed to find provider info for com.netflix.partner.provider.dynamicconfig
01-07 03:37:13.327   929  2734 W ActivityManager: Unable to start service Intent { cmp=com.android.settings.intelligence/.suggestions.SuggestionService } U=0: not found
01-07 03:37:07.942     0     0 I [4 T1523  ..] [schedu][0xb9750b1][03: 37:13.448257] wlan: [1523:I:OSIF] scan start scan id 40966
01-07 03:37:13.444   929  1546 D CompatibilityChangeReporter: Compat change id reported: 214016041; UID 1000; state: ENABLED
01-07 03:37:09.655     0     0 I [7 T1523  ..] [schedu][0xbb1725a][03: 37:15.160810] wlan: [1523:I:OSIF] vdev 0, scan id 40966 type COMPLETED(1) reason COMPLETED(1) scan found 85 bss
01-07 03:37:12.221     0     0 I [4 T1972  ..] ldim_fw: fw_valid = 0, load exit
01-07 03:37:18.821   929   958 D OomAdjuster: Not killing cached processes
01-07 03:37:18.822   929   958 W ProcessStats: Tracking association SourceState{69d793d system/1000 BTopFgs #872} whose proc state 2 is better than process ProcessState{b551007 com.sonos.connectivity/10088 pkg=com.sonos.connectivity} proc state 3 (55 skipped)
01-07 03:37:19.259   356  4010 I keystore2: keystore2::watchdog: Watchdog thread idle -> terminating. Have a great day.
01-07 03:37:19.412   929  4345 I ActivityTaskManager: START u0 {cmp=com.android.tv.settings/.accessories.AddAccessoryActivity} from uid 1000
01-07 03:37:19.422   929  4345 V SplashScreenExceptionList: SplashScreen checking exception for package com.android.tv.settings (target sdk:33) -> false
01-07 03:37:19.436   929   944 D CoreBackPreview: Window{430442d u0 Splash Screen com.android.tv.settings}: Setting back callback OnBackInvokedCallbackInfo{mCallback=android.window.IOnBackInvokedCallback$Stub$Proxy@3251ef3, mPriority=0}
01-07 03:37:19.438   929   944 W ActivityTaskManager: Tried to set launchTime (0) < mLastActivityLaunchTime (194004)
01-07 03:37:19.464   929  4345 D HdmiControlService: Process pid: 1398 is calling oneTouchPlay.
01-07 03:37:19.465   929   929 D HDMI    : oneTouchPlay com.android.server.hdmi.OneTouchPlayAction@e79f629
01-07 03:37:19.466   929   929 D HDMI    : setActiveSource logical:0x03 physical:0x2000 OneTouchPlayAction#broadcastActiveSource()
01-07 03:37:19.511   929   944 D CoreBackPreview: Window{29fbb99 u0 com.android.tv.settings/com.android.tv.settings.accessories.AddAccessoryActivity}: Setting back callback OnBackInvokedCallbackInfo{mCallback=android.window.IOnBackInvokedCallback$Stub$Proxy@70c123f, mPriority=0}
01-07 03:37:19.575   929  4345 D CoreBackPreview: Window{430442d u0 Splash Screen com.android.tv.settings EXITING}: Setting back callback null
01-07 03:37:19.692   929   929 D HDMI    : ActiveSourceHistoryRecord active source=(0x03, 0x2000) isActiveSource=true from=OneTouchPlayAction#broadcastActiveSource()
01-07 03:37:19.692   929   929 D HdmiCecActiveness: setState active mState:inactive
01-07 03:37:19.693   929   929 D HDMI    : No wakelock is used to keep the display on.
01-07 03:37:19.694   929   929 D HDMI    : setActiveSource logical:0x03 physical:0x2000 ActiveSourceAction
01-07 03:37:19.807   929  1188 E HDMI    : [1]:Failed to send <Text View On> 30:0D with errorCode=1
01-07 03:37:19.808   929   929 D HDMI    : ActiveSourceHistoryRecord active source=(0x03, 0x2000) isActiveSource=true from=ActiveSourceAction
01-07 03:37:19.808   929   929 D HdmiCecActiveness: setState active mState:active
01-07 03:37:19.808   929   929 D HDMI    : setLocalActivePort port:0 current:21
01-07 03:37:19.820   929   929 W Looper  : Slow dispatch took 356ms main h=android.os.Handler c=com.android.server.hdmi.WorkSourceUidPreservingRunnable@6f4ff28 m=0
01-07 03:37:19.820   929   929 W Looper  : Slow delivery took 311ms main h=com.android.server.job.controllers.QuotaController$QcHandler c=null m=2
01-07 03:37:19.823   929   929 I HdmiControlService: checkAndUpdateAbsoluteVolumeControlState() AudioDeviceAttributes: role:output type:hdmi addr: name: profiles:[] descriptors:[]Not in AVC_AUDIO_OUTPUT_DEVICES
01-07 03:37:19.823   929   929 I HdmiControlService: checkAndUpdateAbsoluteVolumeControlState() AudioDeviceAttributes: role:output type:hdmi addr: name: profiles:[] descriptors:[]Not in AVC_AUDIO_OUTPUT_DEVICES
01-07 03:37:19.824   929   929 W Looper  : Drained
01-07 03:37:19.937   929  1188 D HDMI    : [S]:<Active Source> 3F:82:20:00
01-07 03:37:20.276   929  1188 E HDMI    : [1]:Failed to send <Menu Status> 30:8E:00 with errorCode=1
01-07 03:37:20.611   929  1188 E HDMI    : [2]:Failed to send <Give Device Power Status> 30:8F with errorCode=1
01-07 03:37:21.820   929   929 D HDMI    : one touch play retry:1
01-07 03:37:23.820   929   929 D HDMI    : one touch play retry:2
01-07 03:37:23.941   929  1046 E PackageInstallerSession: com.brdgwtr.publisherservice drops manifest attribute android:installLocation in base.apk for com.amazon.amazonvideo.livingroom.qa
01-07 03:37:23.948   929   992 E PackageManager: ERROR: could not load root hash from incremental install
01-07 03:37:23.948   929   992 E PackageManager: Required verifier is null
01-07 03:37:23.949   929   967 D OomAdjuster: Not killing cached processes
01-07 03:37:23.996   929  1098 W RuleEvaluation: Integrity rule files are not available.
01-07 03:37:23.997   929   992 I PackageManager: Integrity check passed for file:///data/app/vmdl956365548.tmp
01-07 03:37:24.051   929   992 I PackageManager: Permission ownership changed. Updating all permissions.
01-07 03:37:24.062   929   992 W PackageManager: Package android.ext.services is an APK in APEX, but has permission allowlist on the system image. Please bundle the allowlist in the com.android.extservices APEX instead.
01-07 03:37:24.062   929   992 W PackageManager: Package android.ext.services is an APK in APEX, but has permission allowlist on the system image. Please bundle the allowlist in the com.android.extservices APEX instead.
01-07 03:37:24.062   929   992 W PackageManager: Package android.ext.services is an APK in APEX, but has permission allowlist on the system image. Please bundle the allowlist in the com.android.extservices APEX instead.
01-07 03:37:24.062   929   992 W PackageManager: Package android.ext.services is an APK in APEX, but has permission allowlist on the system image. Please bundle the allowlist in the com.android.extservices APEX instead.
01-07 03:37:24.079   929   992 W PackageManager: Package com.android.providers.media.module is an APK in APEX, but has permission allowlist on the system image. Please bundle the allowlist in the com.android.mediaprovider APEX instead.
01-07 03:37:24.079   929   992 W PackageManager: Package com.android.providers.media.module is an APK in APEX, but has permission allowlist on the system image. Please bundle the allowlist in the com.android.mediaprovider APEX instead.
01-07 03:37:24.079   929   992 W PackageManager: Package com.android.providers.media.module is an APK in APEX, but has permission allowlist on the system image. Please bundle the allowlist in the com.android.mediaprovider APEX instead.
01-07 03:37:24.079   929   992 W PackageManager: Package com.android.providers.media.module is an APK in APEX, but has permission allowlist on the system image. Please bundle the allowlist in the com.android.mediaprovider APEX instead.
01-07 03:37:24.079   929   992 W PackageManager: Package com.android.providers.media.module is an APK in APEX, but has permission allowlist on the system image. Please bundle the allowlist in the com.android.mediaprovider APEX instead.
01-07 03:37:24.079   929   992 W PackageManager: Package com.android.providers.media.module is an APK in APEX, but has permission allowlist on the system image. Please bundle the allowlist in the com.android.mediaprovider APEX instead.
01-07 03:37:24.079   929   992 W PackageManager: Package com.android.providers.media.module is an APK in APEX, but has permission allowlist on the system image. Please bundle the allowlist in the com.android.mediaprovider APEX instead.
01-07 03:37:24.079   929   992 W PackageManager: Package com.android.providers.media.module is an APK in APEX, but has permission allowlist on the system image. Please bundle the allowlist in the com.android.mediaprovider APEX instead.
01-07 03:37:24.079   929   992 W PackageManager: Package com.android.providers.media.module is an APK in APEX, but has permission allowlist on the system image. Please bundle the allowlist in the com.android.mediaprovider APEX instead.
01-07 03:37:24.079   929   992 W PackageManager: Package com.android.providers.media.module is an APK in APEX, but has permission allowlist on the system image. Please bundle the allowlist in the com.android.mediaprovider APEX instead.
01-07 03:37:24.079   929   992 W PackageManager: Package com.android.providers.media.module is an APK in APEX, but has permission allowlist on the system image. Please bundle the allowlist in the com.android.mediaprovider APEX instead.
01-07 03:37:24.079   929   992 W PackageManager: Package com.android.providers.media.module is an APK in APEX, but has permission allowlist on the system image. Please bundle the allowlist in the com.android.mediaprovider APEX instead.
01-07 03:37:24.079   929   992 W PackageManager: Package com.android.providers.media.module is an APK in APEX, but has permission allowlist on the system image. Please bundle the allowlist in the com.android.mediaprovider APEX instead.
01-07 03:37:24.124   929   992 D PackageManager: Instant App installer not found with android.intent.action.INSTALL_INSTANT_APP_PACKAGE
01-07 03:37:24.124   929   992 D PackageManager: Clear ephemeral installer activity
01-07 03:37:24.159   929   992 V BackupManagerService: [UserID:0] restoreAtInstall pkg=com.amazon.amazonvideo.livingroom.qa token=6 restoreSet=0
01-07 03:37:24.160   929   992 V BackupManagerService: [UserID:0] Finishing install immediately
01-07 03:37:24.181   929   992 I AppsFilter: interaction: PackageSetting{4c2d619 com.sonos.pinewood.tokenmanager.service/10053} -> PackageSetting{5f64e7e com.amazon.amazonvideo.livingroom.qa/10096} BLOCKED
01-07 03:37:24.181   929   992 I AppsFilter: interaction: PackageSetting{85ffc8e com.sonos.pinewood.ota.service/10049} -> PackageSetting{5f64e7e com.amazon.amazonvideo.livingroom.qa/10096} BLOCKED
01-07 03:37:24.182   929   992 I AppsFilter: interaction: PackageSetting{3a5fcaf com.sonos.pinewood.ota.test/10048} -> PackageSetting{5f64e7e com.amazon.amazonvideo.livingroom.qa/10096} BLOCKED
01-07 03:37:24.185   929   992 D PackageInstallerSession: Marking session 956365548 as applied
01-07 03:37:24.188   929   992 D CompatibilityChangeReporter: Compat change id reported: 168419799; UID 10096; state: DISABLED
01-07 03:37:24.204   929   967 W BroadcastQueue: Background execution not allowed: receiving Intent { act=android.intent.action.PACKAGE_ADDED dat=package: flg=0x4000010 (has extras) } to com.android.packageinstaller/.PackageInstalledReceiver
01-07 03:37:24.216   929   967 W BroadcastQueue: Background execution not allowed: receiving Intent { act=android.intent.action.PACKAGE_ADDED dat=package: flg=0x4000010 (has extras) } to com.android.gallery3d/.app.PackagesMonitor
01-07 03:37:24.230   929   966 W TextServicesManagerService: no available spell checker services found
01-07 03:37:24.256   929   966 W VoiceInteractionManager: no available voice recognition services found for user 0
01-07 03:37:24.297   929   929 I AppsFilter: interaction: PackageSetting{4c2d619 com.sonos.pinewood.tokenmanager.service/10053} -> PackageSetting{21949e3 com.amazon.amazonvideo.livingroom.qa/10096} BLOCKED
01-07 03:37:24.298   929   929 I AppsFilter: interaction: PackageSetting{85ffc8e com.sonos.pinewood.ota.service/10049} -> PackageSetting{21949e3 com.amazon.amazonvideo.livingroom.qa/10096} BLOCKED
01-07 03:37:24.298   929   929 I AppsFilter: interaction: PackageSetting{3a5fcaf com.sonos.pinewood.ota.test/10048} -> PackageSetting{21949e3 com.amazon.amazonvideo.livingroom.qa/10096} BLOCKED
01-07 03:37:24.302   929  1055 D CompatibilityChangeReporter: Compat change id reported: 218533173; UID 10096; state: ENABLED
01-07 03:37:24.307   929   966 W TextServicesManagerService: no available spell checker services found
01-07 03:37:24.314   929  1735 W BackupTransportManager: Package com.amazon.amazonvideo.livingroom.qa enabled setting: 0
01-07 03:37:24.322   929   966 W VoiceInteractionManager: no available voice recognition services found for user 0
01-07 03:37:24.331   929   944 D CompatibilityChangeReporter: Compat change id reported: 161252188; UID 10096; state: ENABLED
01-07 03:37:24.335   929  2388 D CompatibilityChangeReporter: Compat change id reported: 135634846; UID 10096; state: DISABLED
01-07 03:37:24.340   929   968 D CompatibilityChangeReporter: Compat change id reported: 143937733; UID 10096; state: ENABLED
01-07 03:37:24.352   929   968 I ActivityManager: Start proc 4393:com.amazon.amazonvideo.livingroom.qa/u0a96 for broadcast {com.amazon.amazonvideo.livingroom.qa/com.amazon.ignition.receiver.RunOnInstallReceiver}
01-07 03:37:18.977     0     0 W [5 T4424  ..] audit: audit_lost=14687 audit_rate_limit=5 audit_backlog_limit=64
01-07 03:37:18.977     0     0 E [5 T4424  ..] audit: rate limit exceeded
01-07 03:37:25.696   929  2854 D PackageManager: Instant App installer not found with android.intent.action.INSTALL_INSTANT_APP_PACKAGE
01-07 03:37:25.696   929  2854 D PackageManager: Clear ephemeral installer activity
01-07 03:37:25.821   929   929 D HDMI    : one touch play retry:3
01-07 03:37:25.894   929  2854 D PackageManager: Instant App installer not found with android.intent.action.INSTALL_INSTANT_APP_PACKAGE
01-07 03:37:25.895   929  2854 D PackageManager: Clear ephemeral installer activity
01-07 03:37:25.919   929  2854 D CompatibilityChangeReporter: Compat change id reported: 194532703; UID 10096; state: ENABLED
01-07 03:37:26.698   929   992 I AppsFilter: interaction: PackageSetting{4c2d619 com.sonos.pinewood.tokenmanager.service/10053} -> PackageSetting{fc1d83 com.amazon.amazonvideo.livingroom.qa/10096} BLOCKED
01-07 03:37:26.699   929   992 I AppsFilter: interaction: PackageSetting{85ffc8e com.sonos.pinewood.ota.service/10049} -> PackageSetting{fc1d83 com.amazon.amazonvideo.livingroom.qa/10096} BLOCKED
01-07 03:37:26.699   929   992 I AppsFilter: interaction: PackageSetting{3a5fcaf com.sonos.pinewood.ota.test/10048} -> PackageSetting{fc1d83 com.amazon.amazonvideo.livingroom.qa/10096} BLOCKED
01-07 03:37:26.732   929   966 W VoiceInteractionManager: no available voice recognition services found for user 0
01-07 03:37:21.297     0     0 I [4 T1523  ..] [schedu][0xc6318dd][03: 37:26.803309] wlan: [1523:I:OSIF] scan start scan id 40967
01-07 03:37:27.822   929   929 D HDMI    : one touch play retry:4
01-07 03:37:22.857     0     0 I [1 T1523  ..] [schedu][0xc7ae6ce][03: 37:28.363358] wlan: [1523:I:OSIF] vdev 0, scan id 40967 type COMPLETED(1) reason COMPLETED(1) scan found 66 bss
01-07 03:37:29.090  4393  4393 W Looper  : Slow dispatch took 3353ms main h=android.app.ActivityThread$H c=null m=113
01-07 03:37:29.096  4393  4393 W Looper  : Slow delivery took 3133ms main h=android.os.Handler c=androidx.lifecycle.LiveData$1@cc0816c m=0
01-07 03:37:29.098   929  1267 D OomAdjuster: Not killing cached processes
01-07 03:37:29.099   929  1267 W ProcessStats: Tracking association SourceState{69d793d system/1000 BTopFgs #964} whose proc state 2 is better than process ProcessState{b551007 com.sonos.connectivity/10088 pkg=com.sonos.connectivity} proc state 3 (117 skipped)
01-07 03:37:29.119   929   929 D HDMI    : [P]:AllocatedAddress=[]
01-07 03:37:29.130  4393  4393 W Looper  : Drained
01-07 03:37:29.198   929   967 W BroadcastQueue: Permission Denial: receiving Intent { act=android.bluetooth.device.action.BOND_STATE_CHANGED flg=0x10 (has extras) } to ProcessRecord{fa92962 3151:com.sonos.tv.music/u0a58} (pid=3151, uid=10058) requires android.permission.BLUETOOTH_CONNECT due to sender com.android.bluetooth (uid 1002)
01-07 03:37:29.823   929   929 D HDMI    : one touch play retry:5
01-07 03:37:30.447   929   967 W BroadcastQueue: Background execution not allowed: receiving Intent { act=com.brdgwtr.publisher.RECOMMENDATIONS_UPDATE flg=0x10 } to com.sonos.tv.launcher/com.sonos.tv.contentguidelauncher.bridgewater.BridgewaterPublisherEventReceiver
01-07 03:37:34.172   929  1055 D OomAdjuster: Not killing cached processes
01-07 03:37:34.197   356  4390 I keystore2: keystore2::watchdog: Watchdog thread idle -> terminating. Have a great day.
01-07 03:37:41.922   929  1066 D OomAdjuster: Not killing cached processes
01-07 03:37:41.924   929  1066 W ProcessStats: Tracking association SourceState{69d793d system/1000 BTopFgs #979} whose proc state 2 is better than process ProcessState{b551007 com.sonos.connectivity/10088 pkg=com.sonos.connectivity} proc state 3 (12 skipped)
01-07 03:37:47.105   929   967 W BroadcastQueue: Background execution not allowed: receiving Intent { act=com.brdgwtr.publisher.RECOMMENDATIONS_UPDATE flg=0x10 } to com.sonos.tv.launcher/com.sonos.tv.contentguidelauncher.bridgewater.BridgewaterPublisherEventReceiver
01-07 03:37:41.911     0     0 I [2 T1523  ..] [schedu][0xd9da2cc][03: 37:47.416924] wlan: [1523:I:WMA] wma_wlan_bt_activity_evt_handler: Received BT activity event 7
01-07 03:37:47.667   929   967 W BroadcastQueue: Permission Denial: receiving Intent { act=android.bluetooth.device.action.ACL_CONNECTED flg=0x5000010 (has extras) } to ProcessRecord{fa92962 3151:com.sonos.tv.music/u0a58} (pid=3151, uid=10058) requires android.permission.BLUETOOTH_CONNECT due to sender com.android.bluetooth (uid 1002)
01-07 03:37:49.249   929  1055 D OomAdjuster: Not killing cached processes
01-07 03:37:51.637   929   967 W BroadcastQueue: Permission Denial: receiving Intent { act=android.bluetooth.device.action.BOND_STATE_CHANGED flg=0x10 (has extras) } to ProcessRecord{fa92962 3151:com.sonos.tv.music/u0a58} (pid=3151, uid=10058) requires android.permission.BLUETOOTH_CONNECT due to sender com.android.bluetooth (uid 1002)
01-07 03:37:47.395     0     0 I [4 T1972  ..] input: Sonos TV Remote Keyboard as /devices/virtual/misc/uhid/0005:0131:04B4.0001/input/input7
01-07 03:37:47.406     0     0 I         : [4 T1972  ..] hid-generic 0005:0131:04B4.0001: input,hidraw0: BLUETOOTH HID v1.00 Keyboard [Sonos TV Remote] on
01-07 03:37:55.270   929   959 D HdmiControlService: Process pid: 929 is calling oneTouchPlay.
01-07 03:37:55.270   929   929 D HDMI    : oneTouchPlay com.android.server.hdmi.OneTouchPlayAction@e6f317d
01-07 03:37:55.270   929   929 D HDMI    : setActiveSource logical:0x03 physical:0x2000 OneTouchPlayAction#broadcastActiveSource()
01-07 03:37:55.271   929   958 D AutofillManagerService: Close system dialogs
01-07 03:37:55.273   929   959 I ActivityTaskManager: START u0 {act=android.intent.action.MAIN cat=[android.intent.category.HOME] flg=0x10000100 cmp=com.sonos.tv.launcher/com.sonos.tv.contentguidelauncher.MainActivity (has extras)} from uid 0
01-07 03:37:55.274   929   959 D CompatibilityChangeReporter: Compat change id reported: 184838306; UID 10052; state: DISABLED
01-07 03:37:55.275   929   959 D CompatibilityChangeReporter: Compat change id reported: 185004937; UID 10052; state: DISABLED
01-07 03:37:55.275   929   959 D CompatibilityChangeReporter: Compat change id reported: 194480991; UID 10052; state: ENABLED
01-07 03:37:55.289   929   961 D OomAdjuster: Not killing cached processes
01-07 03:37:55.291   929   961 W ProcessStats: Tracking association SourceState{69d793d system/1000 BTopFgs #986} whose proc state 2 is better than process ProcessState{b551007 com.sonos.connectivity/10088 pkg=com.sonos.connectivity} proc state 3 (7 skipped)
01-07 03:37:55.388   929   929 D HDMI    : ActiveSourceHistoryRecord active source=(0x03, 0x2000) isActiveSource=true from=OneTouchPlayAction#broadcastActiveSource()
01-07 03:37:55.388   929   929 D HdmiCecActiveness: setState active mState:active
01-07 03:37:55.388   929   929 D HDMI    : setActiveSource logical:0x03 physical:0x2000 ActiveSourceAction
01-07 03:37:55.619   929  1188 E HDMI    : [6]:Failed to send <Text View On> 30:0D with errorCode=1
01-07 03:37:55.625   929   929 D HDMI    : ActiveSourceHistoryRecord active source=(0x03, 0x2000) isActiveSource=true from=ActiveSourceAction
01-07 03:37:55.625   929   929 D HdmiCecActiveness: setState active mState:active
01-07 03:37:55.625   929   929 D HDMI    : setLocalActivePort port:0 current:0
01-07 03:37:55.662   929   929 W Looper  : Slow dispatch took 393ms main h=android.os.Handler c=com.android.server.hdmi.WorkSourceUidPreservingRunnable@855c222 m=0
01-07 03:37:55.663   929   929 W Looper  : Slow delivery took 391ms main h=android.app.ActivityThread$H c=android.app.LoadedApk$ReceiverDispatcher$Args$$ExternalSyntheticLambda0@5f634b3 m=0
01-07 03:37:55.664   929   929 I HdmiControlService: checkAndUpdateAbsoluteVolumeControlState() AudioDeviceAttributes: role:output type:hdmi addr: name: profiles:[] descriptors:[]Not in AVC_AUDIO_OUTPUT_DEVICES
01-07 03:37:55.665   929   929 I HdmiControlService: checkAndUpdateAbsoluteVolumeControlState() AudioDeviceAttributes: role:output type:hdmi addr: name: profiles:[] descriptors:[]Not in AVC_AUDIO_OUTPUT_DEVICES
01-07 03:37:55.665   929   929 W Looper  : Drained
01-07 03:37:55.749   929  1188 D HDMI    : [S]:<Active Source> 3F:82:20:00
01-07 03:37:55.783   929   992 E PackageManager: ERROR: could not load root hash from incremental install
01-07 03:37:55.784   929   992 E PackageManager: Required verifier is null
01-07 03:37:55.816   929  1098 W RuleEvaluation: Integrity rule files are not available.
01-07 03:37:55.817   929   992 I PackageManager: Integrity check passed for file:///data/app/vmdl824244470.tmp
01-07 03:37:55.890   929   992 I PackageManager: Permission ownership changed. Updating all permissions.
01-07 03:37:55.905   929   992 W PackageManager: Package android.ext.services is an APK in APEX, but has permission allowlist on the system image. Please bundle the allowlist in the com.android.extservices APEX instead.
01-07 03:37:55.905   929   992 W PackageManager: Package android.ext.services is an APK in APEX, but has permission allowlist on the system image. Please bundle the allowlist in the com.android.extservices APEX instead.
01-07 03:37:55.905   929   992 W PackageManager: Package android.ext.services is an APK in APEX, but has permission allowlist on the system image. Please bundle the allowlist in the com.android.extservices APEX instead.
01-07 03:37:55.905   929   992 W PackageManager: Package android.ext.services is an APK in APEX, but has permission allowlist on the system image. Please bundle the allowlist in the com.android.extservices APEX instead.
01-07 03:37:55.917   929   992 W PackageManager: Package com.android.providers.media.module is an APK in APEX, but has permission allowlist on the system image. Please bundle the allowlist in the com.android.mediaprovider APEX instead.
01-07 03:37:55.918   929   992 W PackageManager: Package com.android.providers.media.module is an APK in APEX, but has permission allowlist on the system image. Please bundle the allowlist in the com.android.mediaprovider APEX instead.
01-07 03:37:55.918   929   992 W PackageManager: Package com.android.providers.media.module is an APK in APEX, but has permission allowlist on the system image. Please bundle the allowlist in the com.android.mediaprovider APEX instead.
01-07 03:37:55.918   929   992 W PackageManager: Package com.android.providers.media.module is an APK in APEX, but has permission allowlist on the system image. Please bundle the allowlist in the com.android.mediaprovider APEX instead.
01-07 03:37:55.918   929   992 W PackageManager: Package com.android.providers.media.module is an APK in APEX, but has permission allowlist on the system image. Please bundle the allowlist in the com.android.mediaprovider APEX instead.
01-07 03:37:55.918   929   992 W PackageManager: Package com.android.providers.media.module is an APK in APEX, but has permission allowlist on the system image. Please bundle the allowlist in the com.android.mediaprovider APEX instead.
01-07 03:37:55.918   929   992 W PackageManager: Package com.android.providers.media.module is an APK in APEX, but has permission allowlist on the system image. Please bundle the allowlist in the com.android.mediaprovider APEX instead.
01-07 03:37:55.918   929   992 W PackageManager: Package com.android.providers.media.module is an APK in APEX, but has permission allowlist on the system image. Please bundle the allowlist in the com.android.mediaprovider APEX instead.
01-07 03:37:55.918   929   992 W PackageManager: Package com.android.providers.media.module is an APK in APEX, but has permission allowlist on the system image. Please bundle the allowlist in the com.android.mediaprovider APEX instead.
01-07 03:37:55.918   929   992 W PackageManager: Package com.android.providers.media.module is an APK in APEX, but has permission allowlist on the system image. Please bundle the allowlist in the com.android.mediaprovider APEX instead.
01-07 03:37:55.918   929   992 W PackageManager: Package com.android.providers.media.module is an APK in APEX, but has permission allowlist on the system image. Please bundle the allowlist in the com.android.mediaprovider APEX instead.
01-07 03:37:55.918   929   992 W PackageManager: Package com.android.providers.media.module is an APK in APEX, but has permission allowlist on the system image. Please bundle the allowlist in the com.android.mediaprovider APEX instead.
01-07 03:37:55.918   929   992 W PackageManager: Package com.android.providers.media.module is an APK in APEX, but has permission allowlist on the system image. Please bundle the allowlist in the com.android.mediaprovider APEX instead.
01-07 03:37:55.968   929   992 D PackageManager: Instant App installer not found with android.intent.action.INSTALL_INSTANT_APP_PACKAGE
01-07 03:37:55.968   929   992 D PackageManager: Clear ephemeral installer activity
01-07 03:37:56.095   929  1188 E HDMI    : [1]:Failed to send <Menu Status> 30:8E:00 with errorCode=1
01-07 03:37:56.432   929  1188 E HDMI    : [6]:Failed to send <Give Device Power Status> 30:8F with errorCode=1
01-07 03:37:57.663   929   929 D HDMI    : one touch play retry:1
01-07 03:37:59.664   929   929 D HDMI    : one touch play retry:2
01-07 03:37:59.981   929   992 V BackupManagerService: [UserID:0] restoreAtInstall pkg=com.disney.disneyplus token=7 restoreSet=0
01-07 03:37:59.981   929   992 V BackupManagerService: [UserID:0] Finishing install immediately
01-07 03:37:59.984   929   992 I AppsFilter: interaction: PackageSetting{4c2d619 com.sonos.pinewood.tokenmanager.service/10053} -> PackageSetting{5b1c692 com.disney.disneyplus/10097} BLOCKED
01-07 03:37:59.984   929   992 I AppsFilter: interaction: PackageSetting{85ffc8e com.sonos.pinewood.ota.service/10049} -> PackageSetting{5b1c692 com.disney.disneyplus/10097} BLOCKED
01-07 03:37:59.984   929   992 I AppsFilter: interaction: PackageSetting{3a5fcaf com.sonos.pinewood.ota.test/10048} -> PackageSetting{5b1c692 com.disney.disneyplus/10097} BLOCKED
01-07 03:37:59.984   929   992 I AppsFilter: interaction: PackageSetting{fc1d83 com.amazon.amazonvideo.livingroom.qa/10096} -> PackageSetting{5b1c692 com.disney.disneyplus/10097} BLOCKED
01-07 03:37:59.985   929   992 D PackageInstallerSession: Marking session 824244470 as applied
01-07 03:37:59.988   929   992 D CompatibilityChangeReporter: Compat change id reported: 168419799; UID 10097; state: DISABLED
01-07 03:37:59.994   929   966 W TextServicesManagerService: no available spell checker services found
01-07 03:37:59.998   929   967 W BroadcastQueue: Background execution not allowed: receiving Intent { act=android.intent.action.PACKAGE_ADDED dat=package: flg=0x4000010 (has extras) } to com.android.packageinstaller/.PackageInstalledReceiver
01-07 03:38:00.011   929   967 W BroadcastQueue: Background execution not allowed: receiving Intent { act=android.intent.action.PACKAGE_ADDED dat=package: flg=0x4000010 (has extras) } to com.android.gallery3d/.app.PackagesMonitor
01-07 03:38:00.012   929   929 I AppsFilter: interaction: PackageSetting{4c2d619 com.sonos.pinewood.tokenmanager.service/10053} -> PackageSetting{e748023 com.disney.disneyplus/10097} BLOCKED
01-07 03:38:00.012   929   929 I AppsFilter: interaction: PackageSetting{85ffc8e com.sonos.pinewood.ota.service/10049} -> PackageSetting{e748023 com.disney.disneyplus/10097} BLOCKED
01-07 03:38:00.012   929   929 I AppsFilter: interaction: PackageSetting{3a5fcaf com.sonos.pinewood.ota.test/10048} -> PackageSetting{e748023 com.disney.disneyplus/10097} BLOCKED
01-07 03:38:00.012   929   929 I AppsFilter: interaction: PackageSetting{fc1d83 com.amazon.amazonvideo.livingroom.qa/10096} -> PackageSetting{e748023 com.disney.disneyplus/10097} BLOCKED
01-07 03:38:00.020   929   966 W VoiceInteractionManager: no available voice recognition services found for user 0
01-07 03:38:00.026   929  1055 D CompatibilityChangeReporter: Compat change id reported: 218533173; UID 10097; state: ENABLED
01-07 03:38:00.031   929  1735 W BackupTransportManager: Package com.disney.disneyplus enabled setting: 0
01-07 03:38:00.037   929   966 W TextServicesManagerService: no available spell checker services found
01-07 03:38:00.053   929   966 W VoiceInteractionManager: no available voice recognition services found for user 0
01-07 03:38:01.664   929   929 D HDMI    : one touch play retry:3
01-07 03:38:02.191   929  4345 D OomAdjuster: Not killing cached processes
01-07 03:38:03.665   929   929 D HDMI    : one touch play retry:4
01-07 03:38:05.665   929   929 D HDMI    : one touch play retry:5
01-07 03:38:06.055   929   966 W ProcessStats: Tracking association SourceState{69d793d system/1000 BTopFgs #1044} whose proc state 2 is better than process ProcessState{b551007 com.sonos.connectivity/10088 pkg=com.sonos.connectivity} proc state 3 (95 skipped)
01-07 03:38:09.990   929  1055 D OomAdjuster: Not killing cached processes
01-07 03:38:10.040   356  4560 I keystore2: keystore2::watchdog: Watchdog thread idle -> terminating. Have a great day.
01-07 03:38:15.183   929  1066 D OomAdjuster: Not killing cached processes
01-07 03:38:19.232     0     0 W [1 T4598  ..] audit: audit_lost=15220 audit_rate_limit=5 audit_backlog_limit=64
01-07 03:38:19.232     0     0 E [1 T4598  ..] audit: rate limit exceeded
01-07 03:38:24.741   929  2734 D OomAdjuster: Not killing cached processes
01-07 03:38:24.742   929  2734 W ProcessStats: Tracking association SourceState{69d793d system/1000 BTopFgs #1064} whose proc state 2 is better than process ProcessState{b551007 com.sonos.connectivity/10088 pkg=com.sonos.connectivity} proc state 3 (33 skipped)
01-07 03:38:21.319     0     0 I [2 T1523  ..] [schedu][0xff6f372][03: 38:26.824705] wlan: [1523:I:OSIF] scan start scan id 40968
01-07 03:38:22.887     0     0 I [2 T1523  ..] [schedu][0x100ee35f][03: 38:28.393455] wlan: [1523:I:OSIF] vdev 0, scan id 40968 type COMPLETED(1) reason COMPLETED(1) scan found 75 bss
01-07 03:38:28.431   929   929 D HDMI    : [P]:AllocatedAddress=[]
01-07 03:38:50.439   929   960 D OomAdjuster: Not killing cached processes
01-07 03:38:50.439   929   960 W ProcessStats: Tracking association SourceState{69d793d system/1000 BTopFgs #1071} whose proc state 2 is better than process ProcessState{b551007 com.sonos.connectivity/10088 pkg=com.sonos.connectivity} proc state 3 (3 skipped)
01-07 03:39:22.478   929   960 I DropBoxManagerService: add tag=system_server_strictmode isTagEnabled=true flags=0x2
01-07 03:39:22.481   929   960 I DropBoxManagerService: add tag=system_server_strictmode isTagEnabled=true flags=0x2
01-07 03:39:22.483   929   960 I DropBoxManagerService: add tag=system_server_strictmode isTagEnabled=true flags=0x2
01-07 03:39:22.484   929   960 I DropBoxManagerService: add tag=system_server_strictmode isTagEnabled=true flags=0x2
01-07 03:39:23.877   929   992 E PackageManager: ERROR: could not load root hash from incremental install
01-07 03:39:23.878   929   992 E PackageManager: Required verifier is null
01-07 03:39:23.879   929   967 D OomAdjuster: Not killing cached processes
01-07 03:39:23.880   929   967 W ProcessStats: Tracking association SourceState{69d793d system/1000 BTopFgs #1075} whose proc state 2 is better than process ProcessState{b551007 com.sonos.connectivity/10088 pkg=com.sonos.connectivity} proc state 3 (3 skipped)
01-07 03:39:23.915   929  1098 W RuleEvaluation: Integrity rule files are not available.
01-07 03:39:23.915   929   992 I PackageManager: Integrity check passed for file:///data/app/vmdl1148879928.tmp
