01-06 02:49:00.864   944   944 D SystemServerTiming: ssm.onStartUser-0_com.android.server.PinnerService
01-06 02:49:00.864   944   944 V SystemServerTiming: ssm.onStartUser-0_com.android.server.PinnerService took to complete: 0ms
01-06 02:49:00.864   944   944 D SystemServerTiming: ssm.onStartUser-0_com.android.server.integrity.AppIntegrityManagerService
01-06 02:49:00.864   944   944 V SystemServerTiming: ssm.onStartUser-0_com.android.server.integrity.AppIntegrityManagerService took to complete: 0ms
01-06 02:49:00.864   944   944 D SystemServerTiming: ssm.onStartUser-0_com.android.server.logcat.LogcatManagerService
01-06 02:49:00.864   944   944 V SystemServerTiming: ssm.onStartUser-0_com.android.server.logcat.LogcatManagerService took to complete: 0ms
01-06 02:49:00.864   944   944 D SystemServerTiming: ssm.onStartUser-0_com.android.server.inputmethod.InputMethodManagerService$Lifecycle
01-06 02:49:00.864   944   944 V SystemServerTiming: ssm.onStartUser-0_com.android.server.inputmethod.InputMethodManagerService$Lifecycle took to complete: 0ms
01-06 02:49:00.864   944   944 D SystemServerTiming: ssm.onStartUser-0_com.android.server.accessibility.AccessibilityManagerService$Lifecycle
01-06 02:49:00.865   944   944 V SystemServerTiming: ssm.onStartUser-0_com.android.server.accessibility.AccessibilityManagerService$Lifecycle took to complete: 0ms
01-06 02:49:00.865   944   944 D SystemServerTiming: ssm.onStartUser-0_com.android.server.StorageManagerService$Lifecycle
01-06 02:49:00.865   944  1109 D CompatibilityChangeReporter: Compat change id reported: 135634846; UID 1002; state: DISABLED
01-06 02:49:00.870   944   944 V StorageManagerService: Package com.brdgwtr.dms does not have legacy storage
01-06 02:49:00.870   944   944 V StorageManagerService: Package com.droidlogic.tvinput does not have legacy storage
01-06 02:49:00.870   944   944 V StorageManagerService: Package com.android.cts.priv.ctsshim does not have legacy storage
01-06 02:49:00.871   944   944 V StorageManagerService: Package com.android.uwb.resources does not have legacy storage
01-06 02:49:00.871   944   944 V StorageManagerService: Package com.android.adservices.api does not have legacy storage
01-06 02:49:00.871   944   944 V StorageManagerService: Package com.android.dynsystem does not have legacy storage
01-06 02:49:00.871   944   944 V StorageManagerService: Package com.android.providers.calendar does not have legacy storage
01-06 02:49:00.871   944   944 V StorageManagerService: Package com.android.tv.settings does not have legacy storage
01-06 02:49:00.871   944   944 V StorageManagerService: Package com.android.providers.media does not have legacy storage
01-06 02:49:00.871   944   944 V StorageManagerService: Package com.peacocktv.peacockandroid does not have legacy storage
01-06 02:49:00.871   944   944 V StorageManagerService: Package com.android.systemui.statusbar.tv.TvStatusBar does not have legacy storage
01-06 02:49:00.871   944   944 V StorageManagerService: Package com.brdgwtr.CentralMessageService does not have legacy storage
01-06 02:49:00.871   944   944 V StorageManagerService: Package com.android.externalstorage does not have legacy storage
01-06 02:49:00.871   944   944 V StorageManagerService: Package com.android.htmlviewer does not have legacy storage
01-06 02:49:00.871   944   944 V StorageManagerService: Package com.android.companiondevicemanager does not have legacy storage
01-06 02:49:00.871   944   944 V StorageManagerService: Package com.future.moviesByFawesomeAndroidTV does not have legacy storage
01-06 02:49:00.872   944   944 V StorageManagerService: Package com.android.providers.downloads does not have legacy storage
01-06 02:49:00.872   944   944 V StorageManagerService: Package com.android.providers.tv does not have legacy storage
01-06 02:49:00.872   944   944 V StorageManagerService: Package com.android.tv.frameworkpackagestubs does not have legacy storage
01-06 02:49:00.872   944   944 V StorageManagerService: Package com.droidlogic.mediacenter does not have legacy storage
01-06 02:49:00.872   944   944 V StorageManagerService: Package com.droidlogic.updater does not have legacy storage
01-06 02:49:00.872   944   944 V StorageManagerService: Package com.droidlogic does not have legacy storage
01-06 02:49:00.872   944   944 V StorageManagerService: Package com.brdgwtr.settings.export does not have legacy storage
01-06 02:49:00.872   944   944 V StorageManagerService: Package com.droidlogic.tv.settings does not have legacy storage
01-06 02:49:00.872   944   944 V StorageManagerService: Package com.sonos.tv.launcher does not have legacy storage
01-06 02:49:00.873   944   944 V StorageManagerService: Package com.sonos.platform does not have legacy storage
01-06 02:49:00.873   944   944 V StorageManagerService: Package com.brdgwtr.mediasession does not have legacy storage
01-06 02:49:00.873   944   944 V StorageManagerService: Package com.android.tv.overlay.settingsprovider does not have legacy storage
01-06 02:49:00.873   944   944 V StorageManagerService: Package com.android.safetycenter.resources does not have legacy storage
01-06 02:49:00.873   944   944 V StorageManagerService: Package com.android.pacprocessor does not have legacy storage
01-06 02:49:00.873   944   944 V StorageManagerService: Package com.sonos.tv.ble.remote does not have legacy storage
01-06 02:49:00.873   944   944 V StorageManagerService: Package com.android.networkstack does not have legacy storage
01-06 02:49:00.873   944   944 V StorageManagerService: Package com.android.connectivity.resources does not have legacy storage
01-06 02:49:00.873   944   944 V StorageManagerService: Package com.sonos.tv.sonosscreensaver does not have legacy storage
01-06 02:49:00.874   944   944 V StorageManagerService: Package com.sonos.pinewood.ota.test does not have legacy storage
01-06 02:49:00.874   944   944 V StorageManagerService: Package com.android.modulemetadata does not have legacy storage
01-06 02:49:00.874   944   944 V StorageManagerService: Package com.android.certinstaller does not have legacy storage
01-06 02:49:00.874   944   944 V StorageManagerService: Package com.caavo.pw.ceccontroller does not have legacy storage
01-06 02:49:00.874   944   944 V StorageManagerService: Package com.android.wifi.dialog does not have legacy storage
01-06 02:49:00.874   944   944 V StorageManagerService: Package android does not have legacy storage
01-06 02:49:00.874   944   944 V StorageManagerService: Package com.aml.dial does not have legacy storage
01-06 02:49:00.875   944   944 V StorageManagerService: Package com.android.mtp does not have legacy storage
01-06 02:49:00.875   944   944 V StorageManagerService: Package com.android.backupconfirm does not have legacy storage
01-06 02:49:00.875   944   944 V StorageManagerService: Package com.droidlogic.FileBrower has legacy storage
01-06 02:49:00.875   944   944 V StorageManagerService: Package com.android.statementservice does not have legacy storage
01-06 02:49:00.875   944   944 V StorageManagerService: Package com.brdgwtr.publisherservice does not have legacy storage
01-06 02:49:00.880   944   944 V StorageManagerService: Package com.brdgwtr.keyboard.ime.pinewood does not have legacy storage
01-06 02:49:00.884   944   944 V StorageManagerService: Package com.sonos.pinewood.overlay.assistant does not have legacy storage
01-06 02:49:00.885   944   944 V StorageManagerService: Package com.android.providers.settings does not have legacy storage
01-06 02:49:00.885   944   944 V StorageManagerService: Package com.android.sharedstoragebackup does not have legacy storage
01-06 02:49:00.885   944   944 V StorageManagerService: Package com.android.printspooler does not have legacy storage
01-06 02:49:00.885   944   944 V StorageManagerService: Package com.android.se does not have legacy storage
01-06 02:49:00.885   944   944 V StorageManagerService: Package com.android.inputdevices does not have legacy storage
01-06 02:49:00.885   944   944 V StorageManagerService: Package com.sonos.cinemascope does not have legacy storage
01-06 02:49:00.886   944   944 V StorageManagerService: Package com.sonos.connectivity does not have legacy storage
01-06 02:49:00.891   944   944 V StorageManagerService: Package com.android.musicfx does not have legacy storage
01-06 02:49:00.891   944   944 V StorageManagerService: Package android.ext.shared does not have legacy storage
01-06 02:49:00.891   944   944 V StorageManagerService: Package com.android.keychain does not have legacy storage
01-06 02:49:00.891   944   944 V StorageManagerService: Package com.android.gallery3d has legacy storage
01-06 02:49:00.891   944   944 V StorageManagerService: Package android.ext.services does not have legacy storage
01-06 02:49:00.891   944   944 V StorageManagerService: Package com.android.wifi.resources does not have legacy storage
01-06 02:49:00.892   944   944 V StorageManagerService: Package com.android.localtransport does not have legacy storage
01-06 02:49:00.892   944   944 V StorageManagerService: Package com.android.networkstack.tethering.droidlogic does not have legacy storage
01-06 02:49:00.892   944   944 V StorageManagerService: Package com.android.packageinstaller does not have legacy storage
01-06 02:49:00.892   944   944 V StorageManagerService: Package com.sonos.tv.music does not have legacy storage
01-06 02:49:00.892   944   944 V StorageManagerService: Package com.sonos.tv.setup does not have legacy storage
01-06 02:49:00.892   944   944 V StorageManagerService: Package com.pinewood.adb does not have legacy storage
01-06 02:49:00.892   944   944 V StorageManagerService: Package com.android.proxyhandler does not have legacy storage
01-06 02:49:00.892   944   944 V StorageManagerService: Package com.android.intentresolver does not have legacy storage
01-06 02:49:00.892   944   944 V StorageManagerService: Package com.android.nearby.halfsheet does not have legacy storage
01-06 02:49:00.893   944   944 V StorageManagerService: Package com.droidlogic.tv.settings.resoverlay does not have legacy storage
01-06 02:49:00.893   944   944 V StorageManagerService: Package org.chromium.webview_shell does not have legacy storage
01-06 02:49:00.893   944   944 V StorageManagerService: Package com.android.managedprovisioning does not have legacy storage
01-06 02:49:00.893   944   944 V StorageManagerService: Package com.droidlogic.exoplayer2.demo does not have legacy storage
01-06 02:49:00.893   944   944 V StorageManagerService: Package com.sonos.pinewood.ota.service does not have legacy storage
01-06 02:49:00.893   944   944 V StorageManagerService: Package com.android.networkstack.tethering does not have legacy storage
01-06 02:49:00.893   944   944 V StorageManagerService: Package com.android.soundpicker does not have legacy storage
01-06 02:49:00.893   944   944 V StorageManagerService: Package com.sonos.pinewood.tokenmanager.service does not have legacy storage
01-06 02:49:00.893   944   944 V StorageManagerService: Package com.droidlogic.miracast does not have legacy storage
01-06 02:49:00.893   944   944 V StorageManagerService: Package com.sonos.tv.appdirector does not have legacy storage
01-06 02:49:00.893   944   944 V StorageManagerService: Package com.droidlogic.wifitetheringoverlay does not have legacy storage
01-06 02:49:00.893   944   944 V StorageManagerService: Package com.sonos.tv.settings.overlay does not have legacy storage
01-06 02:49:00.893   944   944 V StorageManagerService: Package com.android.networkstack.tethering.inprocess.droidlogic does not have legacy storage
01-06 02:49:00.893   944   944 V StorageManagerService: Package com.brdgwtr.metrics.service does not have legacy storage
01-06 02:49:00.893   944   944 V StorageManagerService: Package com.sonos.pinewood.overlay.settingsprovider does not have legacy storage
01-06 02:49:00.894   944   944 V StorageManagerService: Package com.netflix.tokenmanager does not have legacy storage
01-06 02:49:00.894   944   944 V StorageManagerService: Package com.android.cts.ctsshim does not have legacy storage
01-06 02:49:00.894   944   944 V StorageManagerService: Package com.android.remoteprovisioner does not have legacy storage
01-06 02:49:00.894   944   944 V StorageManagerService: Package com.droidlogic.wifion does not have legacy storage
01-06 02:49:00.894   944   944 V StorageManagerService: Package com.sonos.pinewood.overlay.tvremoteprovider does not have legacy storage
01-06 02:49:00.894   944   944 V StorageManagerService: Package com.droidlogic.imageplayer does not have legacy storage
01-06 02:49:00.894   944   944 V StorageManagerService: Package com.android.vpndialogs does not have legacy storage
01-06 02:49:00.894   944   944 V StorageManagerService: Package com.sonos.tv.settings does not have legacy storage
01-06 02:49:00.894   944   944 V StorageManagerService: Package com.android.music does not have legacy storage
01-06 02:49:00.894   944   944 V StorageManagerService: Package com.android.shell does not have legacy storage
01-06 02:49:00.894   944   944 V StorageManagerService: Package com.android.sdksandbox does not have legacy storage
01-06 02:49:00.894   944   944 V StorageManagerService: Package com.android.wallpaperbackup does not have legacy storage
01-06 02:49:00.894   944   944 V StorageManagerService: Package com.android.providers.userdictionary does not have legacy storage
01-06 02:49:00.895   944   944 V StorageManagerService: Package com.android.providers.media.module does not have legacy storage
01-06 02:49:00.895   944   944 V StorageManagerService: Package com.bds.framework.overlay does not have legacy storage
01-06 02:49:00.895   944   944 V StorageManagerService: Package com.android.hotspot2.osulogin does not have legacy storage
01-06 02:49:00.895   944   944 V StorageManagerService: Package com.android.location.fused does not have legacy storage
01-06 02:49:00.896   944   944 V StorageManagerService: Package com.android.systemui does not have legacy storage
01-06 02:49:00.896   944   944 V StorageManagerService: Package com.brdgwtr.android.webview does not have legacy storage
01-06 02:49:00.896   944   944 V StorageManagerService: Package com.sonos.livetv does not have legacy storage
01-06 02:49:00.896   944   944 V StorageManagerService: Package com.android.tv.overlay.framework does not have legacy storage
01-06 02:49:00.896   944   944 V StorageManagerService: Package com.android.permissioncontroller does not have legacy storage
01-06 02:49:00.896   944   944 V StorageManagerService: Package com.droidlogic.appinstall does not have legacy storage
01-06 02:49:00.896   944   944 V StorageManagerService: Package android.auto_generated_rro_product__ does not have legacy storage
01-06 02:49:00.896   944   944 V StorageManagerService: Package com.android.ondevicepersonalization.services does not have legacy storage
01-06 02:49:00.896   944   944 V StorageManagerService: Package com.netflix.ninja does not have legacy storage
01-06 02:49:00.896   944   944 V StorageManagerService: Package com.android.bluetooth does not have legacy storage
01-06 02:49:00.896   944   944 V StorageManagerService: Package com.android.providers.contacts does not have legacy storage
01-06 02:49:00.896   944   944 V StorageManagerService: Package com.android.captiveportallogin does not have legacy storage
01-06 02:49:00.896   944   944 V StorageManagerService: Package com.sonos.hdmicecoverlay does not have legacy storage
01-06 02:49:00.896   944   944 V StorageManagerService: Package com.droidlogic.overlay does not have legacy storage
01-06 02:49:00.897   944   944 V StorageManagerService: Package com.sonos.pinewoodirapp does not have legacy storage
01-06 02:49:00.898   944   944 V SystemServerTiming: ssm.onStartUser-0_com.android.server.StorageManagerService$Lifecycle took to complete: 33ms
01-06 02:49:00.898   944   944 D SystemServerTiming: ssm.onStartUser-0_com.android.server.usage.StorageStatsService$Lifecycle
01-06 02:49:00.898   944   944 V SystemServerTiming: ssm.onStartUser-0_com.android.server.usage.StorageStatsService$Lifecycle took to complete: 0ms
01-06 02:49:00.898   944   944 D SystemServerTiming: ssm.onStartUser-0_com.android.server.UiModeManagerService
01-06 02:49:00.898   944   944 V SystemServerTiming: ssm.onStartUser-0_com.android.server.UiModeManagerService took to complete: 0ms
01-06 02:49:00.898   944   944 D SystemServerTiming: ssm.onStartUser-0_com.android.server.locales.LocaleManagerService
01-06 02:49:00.898   944   944 V SystemServerTiming: ssm.onStartUser-0_com.android.server.locales.LocaleManagerService took to complete: 0ms
01-06 02:49:00.898   944   944 D SystemServerTiming: ssm.onStartUser-0_com.android.server.locksettings.LockSettingsService$Lifecycle
01-06 02:49:00.898   944   944 V SystemServerTiming: ssm.onStartUser-0_com.android.server.locksettings.LockSettingsService$Lifecycle took to complete: 0ms
01-06 02:49:00.899   944   944 D SystemServerTiming: ssm.onStartUser-0_com.android.server.PersistentDataBlockService
01-06 02:49:00.899   944   944 V SystemServerTiming: ssm.onStartUser-0_com.android.server.PersistentDataBlockService took to complete: 0ms
01-06 02:49:00.899   944   944 D SystemServerTiming: ssm.onStartUser-0_com.android.server.testharness.TestHarnessModeService
01-06 02:49:00.899   944   944 V SystemServerTiming: ssm.onStartUser-0_com.android.server.testharness.TestHarnessModeService took to complete: 0ms
01-06 02:49:00.899   944   944 D SystemServerTiming: ssm.onStartUser-0_com.android.server.oemlock.OemLockService
01-06 02:49:00.899   944   944 V SystemServerTiming: ssm.onStartUser-0_com.android.server.oemlock.OemLockService took to complete: 0ms
01-06 02:49:00.899   944   944 D SystemServerTiming: ssm.onStartUser-0_com.android.server.DeviceIdleController
01-06 02:49:00.899   944   944 V SystemServerTiming: ssm.onStartUser-0_com.android.server.DeviceIdleController took to complete: 0ms
01-06 02:49:00.899   944   944 D SystemServerTiming: ssm.onStartUser-0_com.android.server.devicepolicy.DevicePolicyManagerService$Lifecycle
01-06 02:49:00.905   944   944 V SystemServerTiming: ssm.onStartUser-0_com.android.server.devicepolicy.DevicePolicyManagerService$Lifecycle took to complete: 6ms
01-06 02:49:00.905   944   944 D SystemServerTiming: ssm.onStartUser-0_com.android.server.texttospeech.TextToSpeechManagerService
01-06 02:49:00.905   944   944 V SystemServerTiming: ssm.onStartUser-0_com.android.server.texttospeech.TextToSpeechManagerService took to complete: 0ms
01-06 02:49:00.905   944   944 D SystemServerTiming: ssm.onStartUser-0_com.android.server.ambientcontext.AmbientContextManagerService
01-06 02:49:00.905   944   944 V SystemServerTiming: ssm.onStartUser-0_com.android.server.ambientcontext.AmbientContextManagerService took to complete: 0ms
01-06 02:49:00.905   944   944 D SystemServerTiming: ssm.onStartUser-0_com.android.server.speech.SpeechRecognitionManagerService
01-06 02:49:00.905   944   944 V SystemServerTiming: ssm.onStartUser-0_com.android.server.speech.SpeechRecognitionManagerService took to complete: 0ms
01-06 02:49:00.905   944   944 D SystemServerTiming: ssm.onStartUser-0_com.android.server.searchui.SearchUiManagerService
01-06 02:49:00.905   944   944 V SystemServerTiming: ssm.onStartUser-0_com.android.server.searchui.SearchUiManagerService took to complete: 0ms
01-06 02:49:00.905   944   944 D SystemServerTiming: ssm.onStartUser-0_com.android.server.smartspace.SmartspaceManagerService
01-06 02:49:00.905   944   944 V SystemServerTiming: ssm.onStartUser-0_com.android.server.smartspace.SmartspaceManagerService took to complete: 0ms
01-06 02:49:00.906   944   944 D SystemServerTiming: ssm.onStartUser-0_com.android.server.graphics.fonts.FontManagerService$Lifecycle
01-06 02:49:00.906   944   944 V SystemServerTiming: ssm.onStartUser-0_com.android.server.graphics.fonts.FontManagerService$Lifecycle took to complete: 0ms
01-06 02:49:00.906   944   944 D SystemServerTiming: ssm.onStartUser-0_com.android.server.textservices.TextServicesManagerService$Lifecycle
01-06 02:49:00.906   944   944 V SystemServerTiming: ssm.onStartUser-0_com.android.server.textservices.TextServicesManagerService$Lifecycle took to complete: 0ms
01-06 02:49:00.906   944   944 D SystemServerTiming: ssm.onStartUser-0_com.android.server.textclassifier.TextClassificationManagerService$Lifecycle
01-06 02:49:00.907   944   944 V SystemServerTiming: ssm.onStartUser-0_com.android.server.textclassifier.TextClassificationManagerService$Lifecycle took to complete: 1ms
01-06 02:49:00.907   944   944 D SystemServerTiming: ssm.onStartUser-0_com.android.server.NetworkScoreService$Lifecycle
01-06 02:49:00.907   944   944 V SystemServerTiming: ssm.onStartUser-0_com.android.server.NetworkScoreService$Lifecycle took to complete: 0ms
01-06 02:49:00.907   944   944 D SystemServerTiming: ssm.onStartUser-0_com.android.server.NetworkStatsServiceInitializer
01-06 02:49:00.907   944   944 V SystemServerTiming: ssm.onStartUser-0_com.android.server.NetworkStatsServiceInitializer took to complete: 0ms
01-06 02:49:00.907   944   944 D SystemServerTiming: ssm.onStartUser-0_com.android.server.wifi.WifiService
01-06 02:49:00.907   944   944 V SystemServerTiming: ssm.onStartUser-0_com.android.server.wifi.WifiService took to complete: 0ms
01-06 02:49:00.907   944   944 D SystemServerTiming: ssm.onStartUser-0_com.android.server.wifi.scanner.WifiScanningService
01-06 02:49:00.907   944   944 V SystemServerTiming: ssm.onStartUser-0_com.android.server.wifi.scanner.WifiScanningService took to complete: 0ms
01-06 02:49:00.907   944   944 D SystemServerTiming: ssm.onStartUser-0_com.android.server.wifi.p2p.WifiP2pService
01-06 02:49:00.907   944   944 V SystemServerTiming: ssm.onStartUser-0_com.android.server.wifi.p2p.WifiP2pService took to complete: 0ms
01-06 02:49:00.907   944   944 D SystemServerTiming: ssm.onStartUser-0_com.android.server.ConnectivityServiceInitializer
01-06 02:49:00.907   944   944 V SystemServerTiming: ssm.onStartUser-0_com.android.server.ConnectivityServiceInitializer took to complete: 0ms
01-06 02:49:00.907   944   944 D SystemServerTiming: ssm.onStartUser-0_com.android.server.notification.NotificationManagerService
01-06 02:49:00.908   944   944 V SystemServerTiming: ssm.onStartUser-0_com.android.server.notification.NotificationManagerService took to complete: 0ms
01-06 02:49:00.908   944   944 D SystemServerTiming: ssm.onStartUser-0_com.android.server.storage.DeviceStorageMonitorService
01-06 02:49:00.908   944   944 V SystemServerTiming: ssm.onStartUser-0_com.android.server.storage.DeviceStorageMonitorService took to complete: 0ms
01-06 02:49:00.908   944   944 D SystemServerTiming: ssm.onStartUser-0_com.android.server.location.LocationManagerService$Lifecycle
01-06 02:49:00.908   944   944 V SystemServerTiming: ssm.onStartUser-0_com.android.server.location.LocationManagerService$Lifecycle took to complete: 0ms
01-06 02:49:00.908   944   944 D SystemServerTiming: ssm.onStartUser-0_com.android.server.timedetector.TimeDetectorService$Lifecycle
01-06 02:49:00.908   944   944 V SystemServerTiming: ssm.onStartUser-0_com.android.server.timedetector.TimeDetectorService$Lifecycle took to complete: 0ms
01-06 02:49:00.908   944   944 D SystemServerTiming: ssm.onStartUser-0_com.android.server.timezonedetector.TimeZoneDetectorService$Lifecycle
01-06 02:49:00.908   944   944 V SystemServerTiming: ssm.onStartUser-0_com.android.server.timezonedetector.TimeZoneDetectorService$Lifecycle took to complete: 0ms
01-06 02:49:00.908   944   944 D SystemServerTiming: ssm.onStartUser-0_com.android.server.timezonedetector.location.LocationTimeZoneManagerService$Lifecycle
01-06 02:49:00.908   944   944 V SystemServerTiming: ssm.onStartUser-0_com.android.server.timezonedetector.location.LocationTimeZoneManagerService$Lifecycle took to complete: 0ms
01-06 02:49:00.908   944   944 D SystemServerTiming: ssm.onStartUser-0_com.android.server.search.SearchManagerService$Lifecycle
01-06 02:49:00.908   944   944 V SystemServerTiming: ssm.onStartUser-0_com.android.server.search.SearchManagerService$Lifecycle took to complete: 0ms
01-06 02:49:00.908   944   944 D SystemServerTiming: ssm.onStartUser-0_com.android.server.wallpaper.WallpaperManagerService$Lifecycle
01-06 02:49:00.909   944   944 V SystemServerTiming: ssm.onStartUser-0_com.android.server.wallpaper.WallpaperManagerService$Lifecycle took to complete: 0ms
01-06 02:49:00.909   944   944 D SystemServerTiming: ssm.onStartUser-0_com.android.server.wallpapereffectsgeneration.WallpaperEffectsGenerationManagerService
01-06 02:49:00.909   944   944 V SystemServerTiming: ssm.onStartUser-0_com.android.server.wallpapereffectsgeneration.WallpaperEffectsGenerationManagerService took to complete: 0ms
01-06 02:49:00.909   944   944 D SystemServerTiming: ssm.onStartUser-0_com.android.server.audio.AudioService$Lifecycle
01-06 02:49:00.909   944   944 V SystemServerTiming: ssm.onStartUser-0_com.android.server.audio.AudioService$Lifecycle took to complete: 0ms
01-06 02:49:00.909   944   944 D SystemServerTiming: ssm.onStartUser-0_com.android.server.soundtrigger_middleware.SoundTriggerMiddlewareService$Lifecycle
01-06 02:49:00.909   944   944 V SystemServerTiming: ssm.onStartUser-0_com.android.server.soundtrigger_middleware.SoundTriggerMiddlewareService$Lifecycle took to complete: 0ms
01-06 02:49:00.909   944   944 D SystemServerTiming: ssm.onStartUser-0_com.android.server.DockObserver
01-06 02:49:00.909   944   944 V SystemServerTiming: ssm.onStartUser-0_com.android.server.DockObserver took to complete: 0ms
01-06 02:49:00.909   944   944 D SystemServerTiming: ssm.onStartUser-0_com.android.server.adb.AdbService$Lifecycle
01-06 02:49:00.909   944   944 V SystemServerTiming: ssm.onStartUser-0_com.android.server.adb.AdbService$Lifecycle took to complete: 0ms
01-06 02:49:00.909   944   944 D SystemServerTiming: ssm.onStartUser-0_com.android.server.usb.UsbService$Lifecycle
01-06 02:49:00.909   944   944 V SystemServerTiming: ssm.onStartUser-0_com.android.server.usb.UsbService$Lifecycle took to complete: 0ms
01-06 02:49:00.909   944   944 D SystemServerTiming: ssm.onStartUser-0_com.android.server.twilight.TwilightService
01-06 02:49:00.910   944   944 V SystemServerTiming: ssm.onStartUser-0_com.android.server.twilight.TwilightService took to complete: 0ms
01-06 02:49:00.910   944   944 D SystemServerTiming: ssm.onStartUser-0_com.android.server.display.color.ColorDisplayService
01-06 02:49:00.910   944   944 V SystemServerTiming: ssm.onStartUser-0_com.android.server.display.color.ColorDisplayService took to complete: 0ms
01-06 02:49:00.910   944   944 D SystemServerTiming: ssm.onStartUser-0_com.android.server.job.JobSchedulerService
01-06 02:49:00.910   944   944 V SystemServerTiming: ssm.onStartUser-0_com.android.server.job.JobSchedulerService took to complete: 0ms
01-06 02:49:00.910   944   944 D SystemServerTiming: ssm.onStartUser-0_com.android.server.soundtrigger.SoundTriggerService
01-06 02:49:00.910   944   944 V SystemServerTiming: ssm.onStartUser-0_com.android.server.soundtrigger.SoundTriggerService took to complete: 0ms
01-06 02:49:00.910   944   944 D SystemServerTiming: ssm.onStartUser-0_com.android.server.trust.TrustManagerService
01-06 02:49:00.910   944   944 V SystemServerTiming: ssm.onStartUser-0_com.android.server.trust.TrustManagerService took to complete: 0ms
01-06 02:49:00.910   944   944 D SystemServerTiming: ssm.onStartUser-0_com.android.server.backup.BackupManagerService$Lifecycle
01-06 02:49:00.910   944   944 V SystemServerTiming: ssm.onStartUser-0_com.android.server.backup.BackupManagerService$Lifecycle took to complete: 0ms
01-06 02:49:00.910   944   944 D SystemServerTiming: ssm.onStartUser-0_com.android.server.appwidget.AppWidgetService
01-06 02:49:00.910   944   944 V SystemServerTiming: ssm.onStartUser-0_com.android.server.appwidget.AppWidgetService took to complete: 0ms
01-06 02:49:00.910   944   944 D SystemServerTiming: ssm.onStartUser-0_com.android.server.voiceinteraction.VoiceInteractionManagerService
01-06 02:49:00.913   944   944 W VoiceInteractionManager: no available voice recognition services found for user 0
01-06 02:49:00.913   944   944 V SystemServerTiming: ssm.onStartUser-0_com.android.server.voiceinteraction.VoiceInteractionManagerService took to complete: 3ms
01-06 02:49:00.913   944   944 D SystemServerTiming: ssm.onStartUser-0_com.android.server.apphibernation.AppHibernationService
01-06 02:49:00.913   944   944 V SystemServerTiming: ssm.onStartUser-0_com.android.server.apphibernation.AppHibernationService took to complete: 0ms
01-06 02:49:00.913   944   944 D SystemServerTiming: ssm.onStartUser-0_com.android.server.GestureLauncherService
01-06 02:49:00.913   944   944 V SystemServerTiming: ssm.onStartUser-0_com.android.server.GestureLauncherService took to complete: 0ms
01-06 02:49:00.913   944   944 D SystemServerTiming: ssm.onStartUser-0_com.android.server.SensorNotificationService
01-06 02:49:00.913   944   944 V SystemServerTiming: ssm.onStartUser-0_com.android.server.SensorNotificationService took to complete: 0ms
01-06 02:49:00.913   944   944 D SystemServerTiming: ssm.onStartUser-0_com.android.server.emergency.EmergencyAffordanceService
01-06 02:49:00.913   944   944 V SystemServerTiming: ssm.onStartUser-0_com.android.server.emergency.EmergencyAffordanceService took to complete: 0ms
01-06 02:49:00.913   944   944 D SystemServerTiming: ssm.onStartUser-0_com.android.server.blob.BlobStoreManagerService
01-06 02:49:00.913   944   944 V SystemServerTiming: ssm.onStartUser-0_com.android.server.blob.BlobStoreManagerService took to complete: 0ms
01-06 02:49:00.913   944   944 D SystemServerTiming: ssm.onStartUser-0_com.android.server.dreams.DreamManagerService
01-06 02:49:00.913   944   944 V SystemServerTiming: ssm.onStartUser-0_com.android.server.dreams.DreamManagerService took to complete: 0ms
01-06 02:49:00.913   944   944 D SystemServerTiming: ssm.onStartUser-0_com.android.server.security.AttestationVerificationManagerService
01-06 02:49:00.914   944   944 V SystemServerTiming: ssm.onStartUser-0_com.android.server.security.AttestationVerificationManagerService took to complete: 0ms
01-06 02:49:00.914   944   944 D SystemServerTiming: ssm.onStartUser-0_com.android.server.restrictions.RestrictionsManagerService
01-06 02:49:00.914   944   944 V SystemServerTiming: ssm.onStartUser-0_com.android.server.restrictions.RestrictionsManagerService took to complete: 0ms
01-06 02:49:00.915   944   944 D SystemServerTiming: ssm.onStartUser-0_com.android.server.media.MediaSessionService
01-06 02:49:00.915   944   944 V SystemServerTiming: ssm.onStartUser-0_com.android.server.media.MediaSessionService took to complete: 0ms
01-06 02:49:00.915   944   944 D SystemServerTiming: ssm.onStartUser-0_com.android.server.hdmi.HdmiControlService
01-06 02:49:00.915   944   944 V SystemServerTiming: ssm.onStartUser-0_com.android.server.hdmi.HdmiControlService took to complete: 0ms
01-06 02:49:00.915   944   944 D SystemServerTiming: ssm.onStartUser-0_com.android.server.tv.interactive.TvInteractiveAppManagerService
01-06 02:49:00.915   944   944 V SystemServerTiming: ssm.onStartUser-0_com.android.server.tv.interactive.TvInteractiveAppManagerService took to complete: 0ms
01-06 02:49:00.915   944   944 D SystemServerTiming: ssm.onStartUser-0_com.android.server.tv.TvInputManagerService
01-06 02:49:00.915   944   944 V SystemServerTiming: ssm.onStartUser-0_com.android.server.tv.TvInputManagerService took to complete: 0ms
01-06 02:49:00.915   944   944 D SystemServerTiming: ssm.onStartUser-0_com.android.server.tv.TvRemoteService
01-06 02:49:00.915   944   944 V SystemServerTiming: ssm.onStartUser-0_com.android.server.tv.TvRemoteService took to complete: 0ms
01-06 02:49:00.915   944   944 D SystemServerTiming: ssm.onStartUser-0_com.android.server.biometrics.BiometricService
01-06 02:49:00.915   944   944 V SystemServerTiming: ssm.onStartUser-0_com.android.server.biometrics.BiometricService took to complete: 0ms
01-06 02:49:00.916   944   944 D SystemServerTiming: ssm.onStartUser-0_com.android.server.biometrics.AuthService
01-06 02:49:00.916   944   944 V SystemServerTiming: ssm.onStartUser-0_com.android.server.biometrics.AuthService took to complete: 0ms
01-06 02:49:00.916   944   944 D SystemServerTiming: ssm.onStartUser-0_com.android.server.pm.ShortcutService$Lifecycle
01-06 02:49:00.916   944   944 V SystemServerTiming: ssm.onStartUser-0_com.android.server.pm.ShortcutService$Lifecycle took to complete: 0ms
01-06 02:49:00.916   944   944 D SystemServerTiming: ssm.onStartUser-0_com.android.server.pm.LauncherAppsService
01-06 02:49:00.916   944   944 V SystemServerTiming: ssm.onStartUser-0_com.android.server.pm.LauncherAppsService took to complete: 0ms
01-06 02:49:00.916   944   944 D SystemServerTiming: ssm.onStartUser-0_com.android.server.pm.CrossProfileAppsService
01-06 02:49:00.916   944   944 V SystemServerTiming: ssm.onStartUser-0_com.android.server.pm.CrossProfileAppsService took to complete: 0ms
01-06 02:49:00.916   944   944 D SystemServerTiming: ssm.onStartUser-0_com.android.server.people.PeopleService
01-06 02:49:00.916   944   944 V SystemServerTiming: ssm.onStartUser-0_com.android.server.people.PeopleService took to complete: 0ms
01-06 02:49:00.916   944   944 D SystemServerTiming: ssm.onStartUser-0_com.android.server.media.metrics.MediaMetricsManagerService
01-06 02:49:00.916   944   944 V SystemServerTiming: ssm.onStartUser-0_com.android.server.media.metrics.MediaMetricsManagerService took to complete: 0ms
01-06 02:49:00.916   944   944 D SystemServerTiming: ssm.onStartUser-0_com.android.server.media.projection.MediaProjectionManagerService
01-06 02:49:00.916   944   944 V SystemServerTiming: ssm.onStartUser-0_com.android.server.media.projection.MediaProjectionManagerService took to complete: 0ms
01-06 02:49:00.917   944   944 D SystemServerTiming: ssm.onStartUser-0_com.android.server.slice.SliceManagerService$Lifecycle
01-06 02:49:00.917   944   944 V SystemServerTiming: ssm.onStartUser-0_com.android.server.slice.SliceManagerService$Lifecycle took to complete: 0ms
01-06 02:49:00.918   944   944 D SystemServerTiming: ssm.onStartUser-0_com.android.server.stats.StatsCompanion$Lifecycle
01-06 02:49:00.918   944   944 V SystemServerTiming: ssm.onStartUser-0_com.android.server.stats.StatsCompanion$Lifecycle took to complete: 0ms
01-06 02:49:00.918   944   944 D SystemServerTiming: ssm.onStartUser-0_com.android.server.scheduling.RebootReadinessManagerService$Lifecycle
01-06 02:49:00.918   944   944 V SystemServerTiming: ssm.onStartUser-0_com.android.server.scheduling.RebootReadinessManagerService$Lifecycle took to complete: 0ms
01-06 02:49:00.918   944   944 D SystemServerTiming: ssm.onStartUser-0_com.android.server.stats.pull.StatsPullAtomService
01-06 02:49:00.918   944   944 V SystemServerTiming: ssm.onStartUser-0_com.android.server.stats.pull.StatsPullAtomService took to complete: 0ms
01-06 02:49:00.918   944   944 D SystemServerTiming: ssm.onStartUser-0_com.android.server.stats.bootstrap.StatsBootstrapAtomService$Lifecycle
01-06 02:49:00.918   944   944 V SystemServerTiming: ssm.onStartUser-0_com.android.server.stats.bootstrap.StatsBootstrapAtomService$Lifecycle took to complete: 0ms
01-06 02:49:00.918   944   944 D SystemServerTiming: ssm.onStartUser-0_com.android.server.incident.IncidentCompanionService
01-06 02:49:00.918   944   944 V SystemServerTiming: ssm.onStartUser-0_com.android.server.incident.IncidentCompanionService took to complete: 0ms
01-06 02:49:00.918   944   944 D SystemServerTiming: ssm.onStartUser-0_com.android.server.sdksandbox.SdkSandboxManagerService$Lifecycle
01-06 02:49:00.918   944   944 V SystemServerTiming: ssm.onStartUser-0_com.android.server.sdksandbox.SdkSandboxManagerService$Lifecycle took to complete: 0ms
01-06 02:49:00.918   944   944 D SystemServerTiming: ssm.onStartUser-0_com.android.server.adservices.AdServicesManagerService$Lifecycle
01-06 02:49:00.918   944   944 V SystemServerTiming: ssm.onStartUser-0_com.android.server.adservices.AdServicesManagerService$Lifecycle took to complete: 0ms
01-06 02:49:00.918   944   944 D SystemServerTiming: ssm.onStartUser-0_com.android.server.autofill.AutofillManagerService
01-06 02:49:00.918   944   944 V SystemServerTiming: ssm.onStartUser-0_com.android.server.autofill.AutofillManagerService took to complete: 0ms
01-06 02:49:00.918   944   944 D SystemServerTiming: ssm.onStartUser-0_com.android.server.clipboard.ClipboardService
01-06 02:49:00.918   944   944 V SystemServerTiming: ssm.onStartUser-0_com.android.server.clipboard.ClipboardService took to complete: 0ms
01-06 02:49:00.918   944   944 D SystemServerTiming: ssm.onStartUser-0_com.android.server.appbinding.AppBindingService$Lifecycle
01-06 02:49:00.918   944   944 W AppBindingService: [Default SMS app] u0 Target package not found
01-06 02:49:00.918   944   944 V SystemServerTiming: ssm.onStartUser-0_com.android.server.appbinding.AppBindingService$Lifecycle took to complete: 0ms
01-06 02:49:00.919   944   944 D SystemServerTiming: ssm.onStartUser-0_com.android.server.tracing.TracingServiceProxy
01-06 02:49:00.920   944   944 V SystemServerTiming: ssm.onStartUser-0_com.android.server.tracing.TracingServiceProxy took to complete: 0ms
01-06 02:49:00.920   944   944 D SystemServerTiming: ssm.onStartUser-0_com.android.server.policy.PermissionPolicyService
01-06 02:49:00.920   944   944 V SystemServerTiming: ssm.onStartUser-0_com.android.server.policy.PermissionPolicyService took to complete: 0ms
01-06 02:49:00.920   944   944 D SystemServerTiming: ssm.onStartUser-0_com.android.server.pm.StagingManager$Lifecycle
01-06 02:49:00.920   944   944 V SystemServerTiming: ssm.onStartUser-0_com.android.server.pm.StagingManager$Lifecycle took to complete: 0ms
01-06 02:49:00.920   944   944 D SystemServerTiming: ssm.onStartUser-0_com.android.server.app.GameManagerService$Lifecycle
01-06 02:49:00.922   944   944 V GameManagerService: Settings file doesn't exists, skip reading
01-06 02:49:00.922   944   944 V SystemServerTiming: ssm.onStartUser-0_com.android.server.app.GameManagerService$Lifecycle took to complete: 2ms
01-06 02:49:00.922   944   944 D SystemServerTiming: ssm.onStartUser-0_com.android.safetycenter.SafetyCenterService
01-06 02:49:00.922   944   944 V SystemServerTiming: ssm.onStartUser-0_com.android.safetycenter.SafetyCenterService took to complete: 0ms
01-06 02:49:00.922   944   944 D SystemServerTiming: ssm.onStartUser-0_com.android.server.appsearch.AppSearchModule$Lifecycle
01-06 02:49:00.922   944   944 V SystemServerTiming: ssm.onStartUser-0_com.android.server.appsearch.AppSearchModule$Lifecycle took to complete: 0ms
01-06 02:49:00.922   944   944 D SystemServerTiming: ssm.onStartUser-0_com.android.server.media.MediaCommunicationService
01-06 02:49:00.923   944   944 V SystemServerTiming: ssm.onStartUser-0_com.android.server.media.MediaCommunicationService took to complete: 0ms
01-06 02:49:00.923   944   944 D SystemServerTiming: ssm.onStartUser-0_com.android.server.compat.overrides.AppCompatOverridesService$Lifecycle
01-06 02:49:00.923   944   944 V SystemServerTiming: ssm.onStartUser-0_com.android.server.compat.overrides.AppCompatOverridesService$Lifecycle took to complete: 0ms
01-06 02:49:00.923   944   944 V SystemServerTiming: ssm.StartUser-0 took to complete: 84ms
01-06 02:49:00.923   944   944 D SystemServerTiming: startPersistentApps
01-06 02:49:00.926   944   944 D CompatibilityChangeReporter: Compat change id reported: 135754954; UID 1000; state: ENABLED
01-06 02:49:00.929   944   944 D CompatibilityChangeReporter: Compat change id reported: 135634846; UID 1068; state: DISABLED
01-06 02:49:00.929   944   944 V SystemServerTiming: startPersistentApps took to complete: 6ms
01-06 02:49:00.929   944   944 D SystemServerTiming: startHomeOnAllDisplays
01-06 02:49:00.929   944  1099 W StorageManagerService: No primary storage defined yet; hacking together a stub
01-06 02:49:00.930   944   944 I ActivityTaskManager: START u0 {act=android.intent.action.MAIN cat=[android.intent.category.HOME] flg=0x10000100 cmp=com.android.tv.settings/.system.FallbackHome (has extras)} from uid 0
01-06 02:49:01.003   528   528 E android.hardware.wifi@1.0-service.droidlogic: driver not ok ,wait
01-06 02:49:01.020   944   944 D CompatibilityChangeReporter: Compat change id reported: 174042980; UID 1000; state: DISABLED
01-06 02:49:01.022   944   944 D CompatibilityChangeReporter: Compat change id reported: 194480991; UID 1000; state: ENABLED
01-06 02:49:01.040   944   944 D CompatibilityChangeReporter: Compat change id reported: 197654537; UID 1000; state: ENABLED
01-06 02:49:01.044   944   944 V SystemServerTiming: startHomeOnAllDisplays took to complete: 115ms
01-06 02:49:01.045   944   944 D SystemServerTiming: showSystemReadyErrorDialogs
01-06 02:49:01.151   944   944 E Build   : Vendor interface is incompatible, error=1
01-06 02:49:01.151   944   944 E ActivityTaskManager: Build fingerprint is not consistent, warning user
01-06 02:49:01.152   944   944 V SystemServerTiming: showSystemReadyErrorDialogs took to complete: 108ms
01-06 02:49:01.152   944   944 D SystemServerTiming: sendUserStartBroadcast
01-06 02:49:01.153   944   944 V SystemServerTiming: sendUserStartBroadcast took to complete: 1ms
01-06 02:49:01.153   944   944 D SystemServerTiming: resumeTopActivities
01-06 02:49:01.154   944   944 V SystemServerTiming: resumeTopActivities took to complete: 1ms
01-06 02:49:01.154   944   944 D SystemServerTiming: sendUserSwitchBroadcasts
01-06 02:49:01.154   944   944 V SystemServerTiming: sendUserSwitchBroadcasts took to complete: 0ms
01-06 02:49:01.154   944   944 D SystemServerTiming: setBinderProxies
01-06 02:49:01.155   944   944 V SystemServerTiming: setBinderProxies took to complete: 1ms
01-06 02:49:01.155   944   944 V SystemServerTiming: ActivityManagerStartApps took to complete: 317ms
01-06 02:49:01.155   944   944 D SystemServerTiming: componentAlias
01-06 02:49:01.155   944   944 D ComponentAliasResolver: Compat listener set.
01-06 02:49:01.155   944   944 D CompatibilityChangeReporter: Compat change id reported: 196254758; UID 1000; state: DISABLED
01-06 02:49:01.155   944   944 V SystemServerTiming: componentAlias took to complete: 0ms
01-06 02:49:01.156   944   944 V SystemServerTiming: PhaseActivityManagerReady took to complete: 926ms
01-06 02:49:01.156   944   944 D SystemServerTiming: StartSystemUI
01-06 02:49:01.160  1234  1234 V WindowManagerShell: Adding init callback for DisplayChangeController
01-06 02:49:01.160  1234  1234 V WindowManagerShell: Adding init callback for DisplayController
01-06 02:49:01.161  1234  1234 V WindowManagerShell: Adding init callback for DisplayInsetsController
01-06 02:49:01.164   944   944 W ActivityManager: Unable to start service Intent { flg=0x100 cmp=com.android.systemui/.keyguard.KeyguardService } U=0: not found
01-06 02:49:01.164  1234  1234 V WindowManagerShell: Adding init callback for DisplayImeController
01-06 02:49:01.164   944   944 V SystemServerTiming: StartSystemUI took to complete: 8ms
01-06 02:49:01.164   944   944 V SystemServerTiming: startOtherServices took to complete: 3464ms
01-06 02:49:01.164   944   944 D SystemServerTiming: startApexServices
01-06 02:49:01.164   944   944 D SystemServerTiming: starting com.android.server.scheduling.RebootReadinessManagerService$Lifecycle
01-06 02:49:01.164   944   944 I SystemServiceManager: Starting com.android.server.scheduling.RebootReadinessManagerService$Lifecycle
01-06 02:49:01.164   944   944 I SystemServiceManager: Not starting an already started service com.android.server.scheduling.RebootReadinessManagerService$Lifecycle
01-06 02:49:01.164   944   944 V SystemServerTiming: starting com.android.server.scheduling.RebootReadinessManagerService$Lifecycle took to complete: 0ms
01-06 02:49:01.164   944   944 V SystemServerTiming: startApexServices took to complete: 0ms
01-06 02:49:01.164   944   944 V SystemServerTiming: StartServices took to complete: 6461ms
01-06 02:49:01.166  1234  1234 V WindowManagerShell: Adding init callback for ShellController
01-06 02:49:01.169   944   944 W Looper  : Slow delivery took 6019ms main h=android.app.PropertyInvalidatedCache$AutoCorker$1 c=null m=0
01-06 02:49:01.169  1234  1234 V WindowManagerShell: Adding init callback for DragAndDropController
01-06 02:49:01.172  1234  1234 V WindowManagerShell: Adding init callback for CompatUIController
01-06 02:49:01.177   944   975 D CountryDetector: Using custom country detector class: com.android.server.location.ComprehensiveCountryDetector
01-06 02:49:01.177   944   975 E CountryDetector: Could not instantiate the custom country detector class
01-06 02:49:01.177   944   975 D CountryDetector: Using default country detector
01-06 02:49:01.193   944   944 D ConditionProviders.SCP: onConnected
01-06 02:49:01.196   944   944 D ConditionProviders: Subscribing to condition://android/event?userId=-10000&calendar=&reply=1 with ComponentInfo{android/com.android.server.notification.EventConditionProvider}
01-06 02:49:01.196   944   944 D ConditionProviders: Subscribing to condition://android/schedule?days=1.2.3.4.5.6.7&start=22.0&end=7.0&exitAtAlarm=true with ComponentInfo{android/com.android.server.notification.ScheduleConditionProvider}
01-06 02:49:01.197   944   944 I HdmiControlService: checkAndUpdateAbsoluteVolumeControlState() AudioDeviceAttributes: role:output type:hdmi addr: name: profiles:[] descriptors:[]Not in AVC_AUDIO_OUTPUT_DEVICES
01-06 02:49:01.198  1234  1234 V WindowManagerShell: Adding init callback for ShellTaskOrganizer
01-06 02:49:01.203   944   944 D HDMI    : onInitializeCecComplete 1
01-06 02:49:01.203   944   944 D HDMI    : onInitializeCecComplete for playback with scene:1
01-06 02:49:01.203   944   944 D HDMI    : Boot queryDisplayStatus
01-06 02:49:01.203   528   528 E android.hardware.wifi@1.0-service.droidlogic: driver not ok ,wait
01-06 02:49:01.204   944   944 D HdmiControlService: Local device is under address allocation. Queue display callback for later process.
01-06 02:49:01.204   944   944 D HDMI    : onAddressAllocated address:3 reason:1
01-06 02:49:01.204   944  1068 D CompatibilityChangeReporter: Compat change id reported: 218533173; UID 10050; state: DISABLED
01-06 02:49:01.205   944  1068 D CompatibilityChangeReporter: Compat change id reported: 218533173; UID 10041; state: ENABLED
01-06 02:49:01.205   944  1068 D CompatibilityChangeReporter: Compat change id reported: 218533173; UID 10075; state: DISABLED
01-06 02:49:01.205   944   959 D CompatibilityChangeReporter: Compat change id reported: 161145287; UID 10070; state: DISABLED
01-06 02:49:01.205   944  1068 D CompatibilityChangeReporter: Compat change id reported: 218533173; UID 10081; state: ENABLED
01-06 02:49:01.206   944  1068 D CompatibilityChangeReporter: Compat change id reported: 218533173; UID 10083; state: ENABLED
01-06 02:49:01.206   944  1068 D CompatibilityChangeReporter: Compat change id reported: 218533173; UID 10027; state: ENABLED
01-06 02:49:01.207   944  1068 D CompatibilityChangeReporter: Compat change id reported: 218533173; UID 10022; state: ENABLED
01-06 02:49:01.207   944  1068 D CompatibilityChangeReporter: Compat change id reported: 218533173; UID 10007; state: ENABLED
01-06 02:49:01.208   944  1068 D CompatibilityChangeReporter: Compat change id reported: 218533173; UID 10042; state: ENABLED
01-06 02:49:01.208   944   944 D HDMI    : Launch discovery from playback
01-06 02:49:01.208   944   944 D HDMI    : DeviceDiscoveryAction start com.android.server.hdmi.DeviceDiscoveryAction@47bd671
01-06 02:49:01.208   944  1068 D CompatibilityChangeReporter: Compat change id reported: 218533173; UID 10025; state: ENABLED
01-06 02:49:01.209   944  1068 D CompatibilityChangeReporter: Compat change id reported: 218533173; UID 10036; state: ENABLED
01-06 02:49:01.210   944  1068 D CompatibilityChangeReporter: Compat change id reported: 218533173; UID 10037; state: ENABLED
01-06 02:49:01.211   944  1068 D CompatibilityChangeReporter: Compat change id reported: 218533173; UID 10024; state: ENABLED
01-06 02:49:01.211   944  1068 D CompatibilityChangeReporter: Compat change id reported: 218533173; UID 10071; state: ENABLED
01-06 02:49:01.212   944  1068 D CompatibilityChangeReporter: Compat change id reported: 218533173; UID 10063; state: ENABLED
01-06 02:49:01.212   944  1068 D CompatibilityChangeReporter: Compat change id reported: 218533173; UID 10045; state: DISABLED
01-06 02:49:01.212   944  1068 D CompatibilityChangeReporter: Compat change id reported: 218533173; UID 10058; state: ENABLED
01-06 02:49:01.213   944  1068 D CompatibilityChangeReporter: Compat change id reported: 218533173; UID 10072; state: ENABLED
01-06 02:49:01.214   944   944 D CompatibilityChangeReporter: Compat change id reported: 135634846; UID 10090; state: DISABLED
01-06 02:49:01.215   944   944 D CompatibilityChangeReporter: Compat change id reported: 177438394; UID 10090; state: DISABLED
01-06 02:49:01.215   944  1068 D CompatibilityChangeReporter: Compat change id reported: 218533173; UID 10047; state: DISABLED
01-06 02:49:01.215   944   944 D CompatibilityChangeReporter: Compat change id reported: 135772972; UID 10090; state: DISABLED
01-06 02:49:01.215   944   944 D CompatibilityChangeReporter: Compat change id reported: 135754954; UID 10090; state: ENABLED
01-06 02:49:01.216   944  1068 D CompatibilityChangeReporter: Compat change id reported: 218533173; UID 10001; state: ENABLED
01-06 02:49:01.216   944  1068 D CompatibilityChangeReporter: Compat change id reported: 218533173; UID 10079; state: DISABLED
01-06 02:49:01.217   944   944 D HDMI    : receive android.intent.action.CONFIGURATION_CHANGED
01-06 02:49:01.218   944  1068 D CompatibilityChangeReporter: Compat change id reported: 218533173; UID 10030; state: ENABLED
01-06 02:49:01.219   944  1068 D CompatibilityChangeReporter: Compat change id reported: 218533173; UID 10077; state: ENABLED
