01-06 03:03:29.606     0     0 W [0 T5757  ..] audit: audit_lost=21426 audit_rate_limit=5 audit_backlog_limit=64
01-06 03:03:29.606     0     0 E [0 T5757  ..] audit: rate limit exceeded
01-06 03:03:59.570   944  1100 W ProcessStats: Tracking association SourceState{8d88922 system/1000 BTopFgs #1367} whose proc state 2 is better than process ProcessState{a2bd69d com.sonos.connectivity/10082 pkg=com.sonos.connectivity} proc state 3 (1 skipped)
01-06 03:04:04.888     0     0 I [4 T1430  ..] [schedu][0x375c472a][03: 04:10.790065] wlan: [1430:I:OSIF] scan start scan id 40977
01-06 03:04:06.521     0     0 I [7 T1430  ..] [schedu][0x3775349b][03: 04:12.423715] wlan: [1430:I:OSIF] vdev 0, scan id 40977 type COMPLETED(1) reason COMPLETED(1) scan found 73 bss
01-06 03:04:12.605   944   944 D HDMI    : [P]:AllocatedAddress=[]
01-06 03:04:29.696     0     0 W [2 T5781  ..] audit: audit_lost=21637 audit_rate_limit=5 audit_backlog_limit=64
01-06 03:04:29.696     0     0 E [2 T5781  ..] audit: rate limit exceeded
01-06 03:05:02.195   944  1607 W ProcessStats: Tracking association SourceState{8d88922 system/1000 BTopFgs #1374} whose proc state 2 is better than process ProcessState{a2bd69d com.sonos.connectivity/10082 pkg=com.sonos.connectivity} proc state 3 (1 skipped)
01-06 03:05:04.885     0     0 I [1 T1430  ..] [schedu][0x3aefc519][03: 05:10.787744] wlan: [1430:I:OSIF] scan start scan id 40978
01-06 03:05:06.515     0     0 I [1 T1430  ..] [schedu][0x3b08a401][03: 05:12.417672] wlan: [1430:I:OSIF] vdev 0, scan id 40978 type COMPLETED(1) reason COMPLETED(1) scan found 68 bss
01-06 03:05:12.597   944   944 D HDMI    : [P]:AllocatedAddress=[]
01-06 03:05:29.800     0     0 W [1 T5976  ..] audit: audit_lost=21962 audit_rate_limit=5 audit_backlog_limit=64
01-06 03:05:29.800     0     0 E [1 T5976  ..] audit: rate limit exceeded
01-06 03:06:04.720   944  1602 W ProcessStats: Tracking association SourceState{8d88922 system/1000 BTopFgs #1381} whose proc state 2 is better than process ProcessState{a2bd69d com.sonos.connectivity/10082 pkg=com.sonos.connectivity} proc state 3 (1 skipped)
01-06 03:06:05.118   944  1221 I ActivityManager: Background started FGS: Allowed [callingPackage: com.brdgwtr.metrics.service; callingUid: 10043; uidState: BTOP; intent: Intent { act=ACTION_START_FOREGROUND cmp=com.brdgwtr.metrics.service/androidx.work.impl.foreground.SystemForegroundService (has extras) }; code:PROC_STATE_BTOP; tempAllowListReason:<null>; targetSdkVersion:30; callerTargetSdkVersion:30; startForegroundCount:0; bindFromPackage:null]
01-06 03:06:05.127   944  1598 W ActivityManager: Foreground service started from background can not have location/camera/microphone access: service com.brdgwtr.metrics.service/androidx.work.impl.foreground.SystemForegroundService
01-06 03:06:05.128   944   976 I ActivityManager: Deferring FGS notification in legacy app com.brdgwtr.metrics.service/u0a43 : Notification(channel=EventLogSyncWorker shortcut=null contentView=null vibrate=null sound=null defaults=0x0 flags=0x42 color=0x00000000 vis=PRIVATE)
01-06 03:06:04.874     0     0 I [0 T1430  ..] [schedu][0x3e831e31][03: 06:10.775992] wlan: [1430:I:OSIF] scan start scan id 40979
01-06 03:06:06.449     0     0 I [3 T1430  ..] [schedu][0x3e9b2761][03: 06:12.351208] wlan: [1430:I:OSIF] vdev 0, scan id 40979 type COMPLETED(1) reason COMPLETED(1) scan found 72 bss
01-06 03:06:12.597   944   944 D HDMI    : [P]:AllocatedAddress=[]
01-06 03:06:29.889     0     0 W [3 T6034  ..] audit: audit_lost=22104 audit_rate_limit=5 audit_backlog_limit=64
01-06 03:06:29.889     0     0 E [3 T6034  ..] audit: rate limit exceeded
01-06 03:06:30.254     0     0 I         : [7 T10    ..] kworker/dying (10) used greatest stack depth: 8720 bytes left
01-06 03:07:07.464   944  1099 W ProcessStats: Tracking association SourceState{8d88922 system/1000 BTopFgs #1396} whose proc state 2 is better than process ProcessState{a2bd69d com.sonos.connectivity/10082 pkg=com.sonos.connectivity} proc state 3 (4 skipped)
01-06 03:07:04.912     0     0 I [3 T1430  ..] [schedu][0x42173aa7][03: 07:10.814254] wlan: [1430:I:OSIF] scan start scan id 40980
01-06 03:07:06.546     0     0 I [4 T1430  ..] [schedu][0x42302969][03: 07:12.448240] wlan: [1430:I:OSIF] vdev 0, scan id 40980 type COMPLETED(1) reason COMPLETED(1) scan found 65 bss
01-06 03:07:12.601   944   944 D HDMI    : [P]:AllocatedAddress=[]
01-06 03:07:29.969     0     0 W [2 T6155  ..] audit: audit_lost=22255 audit_rate_limit=5 audit_backlog_limit=64
01-06 03:07:29.969     0     0 E [2 T6155  ..] audit: rate limit exceeded
01-06 03:08:10.010   944  1602 W ProcessStats: Tracking association SourceState{8d88922 system/1000 BTopFgs #1403} whose proc state 2 is better than process ProcessState{a2bd69d com.sonos.connectivity/10082 pkg=com.sonos.connectivity} proc state 3 (1 skipped)
01-06 03:08:04.894     0     0 I [3 T1430  ..] [schedu][0x45aa7b5b][03: 08:10.796258] wlan: [1430:I:OSIF] scan start scan id 40981
01-06 03:08:06.465     0     0 I [7 T1430  ..] [schedu][0x45c2739e][03: 08:12.367141] wlan: [1430:I:OSIF] vdev 0, scan id 40981 type COMPLETED(1) reason COMPLETED(1) scan found 65 bss
01-06 03:08:12.601   944   944 D HDMI    : [P]:AllocatedAddress=[]
01-06 03:08:25.535   944   976 W ProcessStats: Tracking association SourceState{8d88922 system/1000 BTopFgs #1409} whose proc state 2 is better than process ProcessState{a2bd69d com.sonos.connectivity/10082 pkg=com.sonos.connectivity} proc state 3 (1 skipped)
01-06 03:08:26.000   944   967 D sysclock_state: set to SYNCED, reason: OK
01-06 03:08:30.079     0     0 W [3 T6306  ..] audit: audit_lost=22463 audit_rate_limit=5 audit_backlog_limit=64
01-06 03:08:30.079     0     0 E [3 T6306  ..] audit: rate limit exceeded
01-06 03:09:03.992   944   975 I UsageStatsService: User[0] Flushing usage stats to disk
01-06 03:09:04.911     0     0 I [3 T1430  ..] [schedu][0x493e4346][03: 09:10.812877] wlan: [1430:I:OSIF] scan start scan id 40982
01-06 03:09:06.542     0     0 I [3 T1430  ..] [schedu][0x495726dc][03: 09:12.444003] wlan: [1430:I:OSIF] vdev 0, scan id 40982 type COMPLETED(1) reason COMPLETED(1) scan found 63 bss
01-06 03:09:12.597   944   944 D HDMI    : [P]:AllocatedAddress=[]
01-06 03:09:12.839   944  6331 W ProcessStats: Tracking association SourceState{8d88922 system/1000 BTopFgs #1412} whose proc state 2 is better than process ProcessState{a2bd69d com.sonos.connectivity/10082 pkg=com.sonos.connectivity} proc state 3 (1 skipped)
01-06 03:09:30.171     0     0 W [2 T6363  ..] audit: audit_lost=22593 audit_rate_limit=5 audit_backlog_limit=64
01-06 03:09:30.171     0     0 E [2 T6363  ..] audit: rate limit exceeded
01-06 03:10:04.919     0     0 I [2 T1430  ..] [schedu][0x4cd1e929][03: 10:10.820784] wlan: [1430:I:OSIF] scan start scan id 40983
01-06 03:10:06.552     0     0 I [6 T1430  ..] [schedu][0x4cead6ce][03: 10:12.454485] wlan: [1430:I:OSIF] vdev 0, scan id 40983 type COMPLETED(1) reason COMPLETED(1) scan found 72 bss
01-06 03:10:12.605   944   944 D HDMI    : [P]:AllocatedAddress=[]
01-06 03:10:15.475   944  6331 W ProcessStats: Tracking association SourceState{8d88922 system/1000 BTopFgs #1442} whose proc state 2 is better than process ProcessState{a2bd69d com.sonos.connectivity/10082 pkg=com.sonos.connectivity} proc state 3 (15 skipped)
01-06 03:10:30.250     0     0 W [2 T6389  ..] audit: audit_lost=22912 audit_rate_limit=5 audit_backlog_limit=64
01-06 03:10:30.250     0     0 E [2 T6389  ..] audit: rate limit exceeded
01-06 03:11:04.915     0     0 I [4 T1430  ..] [schedu][0x5065641d][03: 11:10.817700] wlan: [1430:I:OSIF] scan start scan id 40984
01-06 03:11:06.482     0     0 I [3 T1430  ..] [schedu][0x507d4ae4][03: 11:12.384107] wlan: [1430:I:OSIF] vdev 0, scan id 40984 type COMPLETED(1) reason COMPLETED(1) scan found 73 bss
01-06 03:11:12.605   944   944 D HDMI    : [P]:AllocatedAddress=[]
01-06 03:11:18.092   944   959 W ProcessStats: Tracking association SourceState{8d88922 system/1000 BTopFgs #1450} whose proc state 2 is better than process ProcessState{a2bd69d com.sonos.connectivity/10082 pkg=com.sonos.connectivity} proc state 3 (1 skipped)
01-06 03:11:21.512   944   944 D CompatibilityChangeReporter: Compat change id reported: 168419799; UID 1000; state: DISABLED
01-06 03:11:33.642   944  1078 D ActivityManager: freezing 2847 com.android.providers.tv
01-06 03:11:33.660   944  1078 D ActivityManager: freezing 3611 com.android.gallery3d
01-06 03:11:30.351     0     0 W [0 T6419  ..] audit: audit_lost=23045 audit_rate_limit=5 audit_backlog_limit=64
01-06 03:11:30.351     0     0 E [0 T6419  ..] audit: rate limit exceeded
01-06 03:12:04.925     0     0 I [3 T1430  ..] [schedu][0x53f90fd2][03: 12:10.827097] wlan: [1430:I:OSIF] scan start scan id 40985
01-06 03:12:06.492     0     0 I [5 T1430  ..] [schedu][0x5410faa8][03: 12:12.394544] wlan: [1430:I:OSIF] vdev 0, scan id 40985 type COMPLETED(1) reason COMPLETED(1) scan found 65 bss
01-06 03:12:12.617   944   944 D HDMI    : [P]:AllocatedAddress=[]
01-06 03:12:20.879   944  1602 W ProcessStats: Tracking association SourceState{8d88922 system/1000 BTopFgs #1462} whose proc state 2 is better than process ProcessState{a2bd69d com.sonos.connectivity/10082 pkg=com.sonos.connectivity} proc state 3 (3 skipped)
01-06 03:12:30.448     0     0 W [3 T6449  ..] audit: audit_lost=23145 audit_rate_limit=5 audit_backlog_limit=64
01-06 03:12:30.448     0     0 E [3 T6449  ..] audit: rate limit exceeded
01-06 03:13:04.918     0     0 I [3 T1430  ..] [schedu][0x578c7bb9][03: 13:10.820160] wlan: [1430:I:OSIF] scan start scan id 40986
01-06 03:13:06.498     0     0 I [7 T1430  ..] [schedu][0x57a498ce][03: 13:12.400470] wlan: [1430:I:OSIF] vdev 0, scan id 40986 type COMPLETED(1) reason COMPLETED(1) scan found 63 bss
01-06 03:13:12.605   944   944 D HDMI    : [P]:AllocatedAddress=[]
01-06 03:13:23.357   944  1099 W ProcessStats: Tracking association SourceState{8d88922 system/1000 BTopFgs #1470} whose proc state 2 is better than process ProcessState{a2bd69d com.sonos.connectivity/10082 pkg=com.sonos.connectivity} proc state 3 (1 skipped)
01-06 03:13:30.541     0     0 W [0 T6478  ..] audit: audit_lost=23239 audit_rate_limit=5 audit_backlog_limit=64
01-06 03:13:30.541     0     0 E [0 T6478  ..] audit: rate limit exceeded
01-06 03:13:55.586     0     0 I [0 T322   ..] logd: logdr: UID=2000 GID=2000 PID=6570 b tail=0 logMask=99 pid=0 start=0ns deadline=0ns
01-06 03:14:03.636   944  1602 W ProcessStats: Tracking association SourceState{58fbe86 system/1000 BTopFgs #1474} whose proc state 2 is better than process ProcessState{a2bd69d com.sonos.connectivity/10082 pkg=com.sonos.connectivity} proc state 3 (1 skipped)
01-06 03:14:03.636   944  1602 D CompatibilityChangeReporter: Compat change id reported: 168419799; UID 10082; state: DISABLED
01-06 03:14:03.645   944  1955 I ActivityManager: Force stopping io.appium.uiautomator2.server appid=10103 user=0: finished inst
01-06 03:13:57.743     0     0 E [3 T528   ..] [wifi@1][0x5ab28739][03: 14:03.645120] wlan: [528:E:OSIF] wlan_hdd_set_station_stats_request_pending: peer is null
01-06 03:14:03.646   944  1955 I ActivityManager: Killing 5666:io.appium.uiautomator2.server/u0a103 (adj 0): stop io.appium.uiautomator2.server due to finished inst
01-06 03:14:03.653   944   983 W BatteryExternalStatsWorker: error reading modem stats:ERROR_PHONE_NOT_AVAILABLE
01-06 03:14:03.669   944   983 W KernelCpuProcStringReader: File not found. It's normal if not implemented: /proc/uid_concurrent_policy_time
01-06 03:13:57.777     0     0 I [4 T121   ..] binder: release 5666:5687 transaction 150089 out, still active
01-06 03:13:57.777     0     0 I [4 T121   ..] binder: undelivered TRANSACTION_COMPLETE
01-06 03:14:03.682   944  2869 V ActivityManager: Got obituary of 5666:io.appium.uiautomator2.server
01-06 03:13:57.779     0     0 I [5 T1955  ..] binder: 944:1955 transaction failed 29189/0, size 4-0 line 2851
01-06 03:13:57.779     0     0 I [5 T1955  ..] binder: send failed reply for transaction 150089, target dead
01-06 03:13:57.855     0     0 W [2 T6613  ..] audit: audit_lost=23330 audit_rate_limit=5 audit_backlog_limit=64
01-06 03:13:57.855     0     0 E [2 T6613  ..] audit: rate limit exceeded
01-06 03:14:04.670   944  2869 I ActivityManager: Force stopping io.appium.uiautomator2.server.test appid=10104 user=0: from pid 6621
01-06 03:14:05.209   944  2869 I ActivityManager: Force stopping io.appium.uiautomator2.server appid=10103 user=0: start instr
01-06 03:14:05.211   944  2869 D CompatibilityChangeReporter: Compat change id reported: 135634846; UID 10103; state: DISABLED
01-06 03:14:05.212   944  2869 D CompatibilityChangeReporter: Compat change id reported: 177438394; UID 10103; state: DISABLED
01-06 03:14:05.212   944  2869 D CompatibilityChangeReporter: Compat change id reported: 135772972; UID 10103; state: DISABLED
01-06 03:14:05.212   944  2869 D CompatibilityChangeReporter: Compat change id reported: 135754954; UID 10103; state: ENABLED
01-06 03:14:05.212   944   977 D CompatibilityChangeReporter: Compat change id reported: 143937733; UID 10103; state: ENABLED
01-06 03:14:05.221   944   977 I ActivityManager: Start proc 6639:io.appium.uiautomator2.server/u0a103 for added application io.appium.uiautomator2.server
01-06 03:14:05.327   944  2869 D CompatibilityChangeReporter: Compat change id reported: 168419799; UID 10103; state: DISABLED
01-06 03:13:59.432     0     0 W [2 T6654  ..] audit: audit_lost=23805 audit_rate_limit=5 audit_backlog_limit=64
01-06 03:13:59.432     0     0 E [2 T6654  ..] audit: rate limit exceeded
01-06 03:14:05.758   944  1602 D CompatibilityChangeReporter: Compat change id reported: 161145287; UID 10103; state: DISABLED
01-06 03:14:08.725   944  2869 D CompatibilityChangeReporter: Compat change id reported: 149924527; UID 2000; state: ENABLED
01-06 03:14:08.726   944  2869 D CompatibilityChangeReporter: Compat change id reported: 132649864; UID 2000; state: DISABLED
01-06 03:14:09.243   944   968 D HdmiControlService: Process pid: 944 is calling oneTouchPlay.
01-06 03:14:09.243   944   944 D HDMI    : oneTouchPlay com.android.server.hdmi.OneTouchPlayAction@e649928
01-06 03:14:09.244   944   944 D HDMI    : setActiveSource logical:0x03 physical:0x2000 OneTouchPlayAction#broadcastActiveSource()
01-06 03:14:09.244   944   967 D AutofillManagerService: Close system dialogs
01-06 03:14:09.245   944   944 D HDMI    : ActiveSourceHistoryRecord active source=(0x03, 0x2000) isActiveSource=true from=OneTouchPlayAction#broadcastActiveSource()
01-06 03:14:09.245   944   944 D HdmiCecActiveness: setState active mState:inactive
01-06 03:14:09.246   944   976 D ActivityManager: sync unfroze 2239 com.netflix.ninja
01-06 03:14:09.247   944   944 D HDMI    : No wakelock is used to keep the display on.
01-06 03:14:09.247   944   968 I ActivityTaskManager: START u0 {act=android.intent.action.MAIN cat=[android.intent.category.HOME] flg=0x10000100 cmp=com.sonos.tv.launcher/com.sonos.tv.contentguidelauncher.MainActivity (has extras)} from uid 0
01-06 03:14:09.248   944   944 D HDMI    : setActiveSource logical:0x03 physical:0x2000 ActiveSourceAction
01-06 03:14:09.481   944   944 D HDMI    : ActiveSourceHistoryRecord active source=(0x03, 0x2000) isActiveSource=true from=ActiveSourceAction
01-06 03:14:09.481   944   944 D HdmiCecActiveness: setState active mState:active
01-06 03:14:09.482   944   944 D HDMI    : setLocalActivePort port:0 current:21
01-06 03:14:09.520   944   944 W Looper  : Slow dispatch took 277ms main h=android.os.Handler c=com.android.server.hdmi.WorkSourceUidPreservingRunnable@849c58 m=0
01-06 03:14:09.520   944   944 W Looper  : Slow delivery took 275ms main h=android.app.ActivityThread$H c=android.app.LoadedApk$ReceiverDispatcher$Args$$ExternalSyntheticLambda0@42991b1 m=0
01-06 03:14:09.521   944   944 I HdmiControlService: checkAndUpdateAbsoluteVolumeControlState() AudioDeviceAttributes: role:output type:hdmi addr: name: profiles:[] descriptors:[]Not in AVC_AUDIO_OUTPUT_DEVICES
01-06 03:14:09.522   944   944 I HdmiControlService: checkAndUpdateAbsoluteVolumeControlState() AudioDeviceAttributes: role:output type:hdmi addr: name: profiles:[] descriptors:[]Not in AVC_AUDIO_OUTPUT_DEVICES
01-06 03:14:09.522   944   944 W Looper  : Drained
01-06 03:14:09.593   944  1197 E HDMI    : [1]:Failed to send <Text View On> 30:0D with errorCode=1
01-06 03:14:09.722   944  1197 D HDMI    : [S]:<Active Source> 3F:82:20:00
01-06 03:14:10.061   944  1197 E HDMI    : [1]:Failed to send <Menu Status> 30:8E:00 with errorCode=1
01-06 03:14:10.401   944  1197 E HDMI    : [2]:Failed to send <Give Device Power Status> 30:8F with errorCode=1
01-06 03:14:04.930     0     0 I [6 T1430  ..] [schedu][0x5b203044][03: 14:10.831819] wlan: [1430:I:OSIF] scan start scan id 40987
01-06 03:14:11.520   944   944 D HDMI    : one touch play retry:1
01-06 03:14:06.502     0     0 I [0 T1430  ..] [schedu][0x5b382f97][03: 14:12.404510] wlan: [1430:I:OSIF] vdev 0, scan id 40987 type COMPLETED(1) reason COMPLETED(1) scan found 67 bss
01-06 03:14:12.881   944   944 D HDMI    : [P]:AllocatedAddress=[]
01-06 03:14:13.522   944   944 D HDMI    : one touch play retry:2
01-06 03:14:15.523   944   944 D HDMI    : one touch play retry:3
01-06 03:14:17.508   944   976 W ProcessStats: Tracking association SourceState{8d88922 system/1000 BTopFgs #1494} whose proc state 2 is better than process ProcessState{a2bd69d com.sonos.connectivity/10082 pkg=com.sonos.connectivity} proc state 3 (26 skipped)
01-06 03:14:17.523   944   944 D HDMI    : one touch play retry:4
01-06 03:14:12.613     0     0 I [1 T322   ..] logd: logdr: UID=2000 GID=2000 PID=6764 n tail=0 logMask=99 pid=0 start=0ns deadline=0ns
01-06 03:14:19.093   944  6719 I ActivityManager: Force stopping io.appium.uiautomator2.server appid=10103 user=0: finished inst
01-06 03:14:19.095   944  6719 I ActivityManager: Killing 6639:io.appium.uiautomator2.server/u0a103 (adj 0): stop io.appium.uiautomator2.server due to finished inst
01-06 03:14:13.213     0     0 I [4 T6719  ..] binder_alloc: 6639: binder_alloc_buf, no vma
01-06 03:14:13.213     0     0 I [4 T6719  ..] binder: 944:6719 transaction failed 29189/-3, size 4-0 line 3101
01-06 03:14:13.213     0     0 I [4 T6719  ..] binder: send failed reply for transaction 157581 to 6639:6660
01-06 03:14:13.215     0     0 I [5 T5979  ..] binder: undelivered TRANSACTION_COMPLETE
01-06 03:14:13.215     0     0 I [5 T5979  ..] binder: undelivered TRANSACTION_ERROR: 29189
01-06 03:14:19.117   944  1221 V ActivityManager: Got obituary of 6639:io.appium.uiautomator2.server
01-06 03:14:13.265     0     0 W [1 T6802  ..] audit: audit_lost=24277 audit_rate_limit=5 audit_backlog_limit=64
01-06 03:14:13.265     0     0 E [1 T6802  ..] audit: rate limit exceeded
01-06 03:14:19.525   944   944 D HDMI    : one touch play retry:5
01-06 03:14:28.217   944  1100 W ProcessStats: Tracking association SourceState{58fbe86 system/1000 BTopFgs #1513} whose proc state 2 is better than process ProcessState{a2bd69d com.sonos.connectivity/10082 pkg=com.sonos.connectivity} proc state 3 (17 skipped)
01-06 03:14:57.748     0     0 E [6 T528   ..] [wifi@1][0x5e462320][03: 15:03.650471] wlan: [528:E:OSIF] wlan_hdd_set_station_stats_request_pending: peer is null
01-06 03:15:04.944     0     0 I [3 T1430  ..] [schedu][0x5eb3f046][03: 15:10.846413] wlan: [1430:I:OSIF] scan start scan id 40988
01-06 03:15:06.508     0     0 I [3 T1430  ..] [schedu][0x5ecbcf02][03: 15:12.410761] wlan: [1430:I:OSIF] vdev 0, scan id 40988 type COMPLETED(1) reason COMPLETED(1) scan found 71 bss
01-06 03:15:12.617   944   944 D HDMI    : [P]:AllocatedAddress=[]
01-06 03:15:13.437     0     0 W [2 T6835  ..] audit: audit_lost=24798 audit_rate_limit=5 audit_backlog_limit=64
01-06 03:15:13.437     0     0 E [2 T6835  ..] audit: rate limit exceeded
01-06 03:15:28.229   944  6719 W ProcessStats: Tracking association SourceState{58fbe86 system/1000 BTopFgs #1518} whose proc state 2 is better than process ProcessState{a2bd69d com.sonos.connectivity/10082 pkg=com.sonos.connectivity} proc state 3 (1 skipped)
01-06 03:15:44.426     0     0 I [1 T322   ..] logd: logdr: UID=2000 GID=2000 PID=6887 b tail=0 logMask=99 pid=0 start=0ns deadline=0ns
01-06 03:15:52.356   944  6719 I ActivityManager: Force stopping io.appium.uiautomator2.server.test appid=10104 user=0: from pid 6914
01-06 03:15:52.357   944  6719 W ProcessStats: Tracking association SourceState{58fbe86 system/1000 BTopFgs #1522} whose proc state 2 is better than process ProcessState{a2bd69d com.sonos.connectivity/10082 pkg=com.sonos.connectivity} proc state 3 (3 skipped)
01-06 03:15:52.916   944  6719 I ActivityManager: Force stopping io.appium.uiautomator2.server appid=10103 user=0: start instr
01-06 03:15:52.919   944  6719 D CompatibilityChangeReporter: Compat change id reported: 135634846; UID 10103; state: DISABLED
01-06 03:15:52.919   944  6719 D CompatibilityChangeReporter: Compat change id reported: 177438394; UID 10103; state: DISABLED
01-06 03:15:52.919   944  6719 D CompatibilityChangeReporter: Compat change id reported: 135772972; UID 10103; state: DISABLED
01-06 03:15:52.920   944  6719 D CompatibilityChangeReporter: Compat change id reported: 135754954; UID 10103; state: ENABLED
01-06 03:15:52.920   944   977 D CompatibilityChangeReporter: Compat change id reported: 143937733; UID 10103; state: ENABLED
01-06 03:15:52.934   944   977 I ActivityManager: Start proc 6934:io.appium.uiautomator2.server/u0a103 for added application io.appium.uiautomator2.server
01-06 03:15:47.136     0     0 W [3 T6949  ..] audit: audit_lost=24991 audit_rate_limit=5 audit_backlog_limit=64
01-06 03:15:47.136     0     0 E [3 T6949  ..] audit: rate limit exceeded
01-06 03:15:56.871   944   968 D HdmiControlService: Process pid: 944 is calling oneTouchPlay.
01-06 03:15:56.871   944   944 D HDMI    : oneTouchPlay com.android.server.hdmi.OneTouchPlayAction@7962919
01-06 03:15:56.872   944   944 D HDMI    : setActiveSource logical:0x03 physical:0x2000 OneTouchPlayAction#broadcastActiveSource()
01-06 03:15:56.874   944   967 D AutofillManagerService: Close system dialogs
01-06 03:15:56.877   944   968 I ActivityTaskManager: START u0 {act=android.intent.action.MAIN cat=[android.intent.category.HOME] flg=0x10000100 cmp=com.sonos.tv.launcher/com.sonos.tv.contentguidelauncher.MainActivity (has extras)} from uid 0
01-06 03:15:56.985   944   944 D HDMI    : ActiveSourceHistoryRecord active source=(0x03, 0x2000) isActiveSource=true from=OneTouchPlayAction#broadcastActiveSource()
01-06 03:15:56.985   944   944 D HdmiCecActiveness: setState active mState:active
01-06 03:15:56.985   944   944 D HDMI    : setActiveSource logical:0x03 physical:0x2000 ActiveSourceAction
01-06 03:15:57.209   944  1197 E HDMI    : [6]:Failed to send <Text View On> 30:0D with errorCode=1
01-06 03:15:57.210   944   944 D HDMI    : ActiveSourceHistoryRecord active source=(0x03, 0x2000) isActiveSource=true from=ActiveSourceAction
01-06 03:15:57.210   944   944 D HdmiCecActiveness: setState active mState:active
01-06 03:15:57.211   944   944 D HDMI    : setLocalActivePort port:0 current:0
01-06 03:15:57.228   944   944 W Looper  : Slow dispatch took 357ms main h=android.os.Handler c=com.android.server.hdmi.WorkSourceUidPreservingRunnable@8fdfbbf m=0
01-06 03:15:57.228   944   944 W Looper  : Slow delivery took 355ms main h=android.app.ActivityThread$H c=android.app.LoadedApk$ReceiverDispatcher$Args$$ExternalSyntheticLambda0@b92928c m=0
01-06 03:15:57.230   944   944 I HdmiControlService: checkAndUpdateAbsoluteVolumeControlState() AudioDeviceAttributes: role:output type:hdmi addr: name: profiles:[] descriptors:[]Not in AVC_AUDIO_OUTPUT_DEVICES
01-06 03:15:57.233   944   944 I HdmiControlService: checkAndUpdateAbsoluteVolumeControlState() AudioDeviceAttributes: role:output type:hdmi addr: name: profiles:[] descriptors:[]Not in AVC_AUDIO_OUTPUT_DEVICES
01-06 03:15:57.233   944   944 W Looper  : Drained
01-06 03:15:57.342   944  1197 D HDMI    : [S]:<Active Source> 3F:82:20:00
01-06 03:15:57.685   944  1197 E HDMI    : [1]:Failed to send <Menu Status> 30:8E:00 with errorCode=1
01-06 03:15:58.025   944  1197 E HDMI    : [6]:Failed to send <Give Device Power Status> 30:8F with errorCode=1
01-06 03:15:59.228   944   944 D HDMI    : one touch play retry:1
01-06 03:16:01.228   944   944 D HDMI    : one touch play retry:2
01-06 03:16:03.228   944   944 D HDMI    : one touch play retry:3
01-06 03:16:05.229   944   944 D HDMI    : one touch play retry:4
01-06 03:16:07.229   944   944 D HDMI    : one touch play retry:5
01-06 03:16:08.357   944   976 W ProcessStats: Tracking association SourceState{8d88922 system/1000 BTopFgs #1541} whose proc state 2 is better than process ProcessState{a2bd69d com.sonos.connectivity/10082 pkg=com.sonos.connectivity} proc state 3 (10 skipped)
01-06 03:16:03.403     0     0 I [1 T322   ..] logd: logdr: UID=2000 GID=2000 PID=7073 n tail=0 logMask=99 pid=0 start=0ns deadline=0ns
01-06 03:16:09.770   944   960 I ActivityManager: Force stopping io.appium.uiautomator2.server appid=10103 user=0: finished inst
01-06 03:16:09.770   944   960 I ActivityManager: Killing 6934:io.appium.uiautomator2.server/u0a103 (adj 0): stop io.appium.uiautomator2.server due to finished inst
01-06 03:16:09.809   944   960 V ActivityManager: Got obituary of 6934:io.appium.uiautomator2.server
01-06 03:16:03.906     0     0 I [4 T960   ..] binder_alloc: 6934: binder_alloc_buf, no vma
01-06 03:16:03.906     0     0 I [4 T960   ..] binder: 944:960 transaction failed 29189/-3, size 4-0 line 3101
01-06 03:16:03.906     0     0 I [4 T960   ..] binder: send failed reply for transaction 169174 to 6934:6954
01-06 03:16:03.907     0     0 I [5 T5979  ..] binder: undelivered TRANSACTION_COMPLETE
01-06 03:16:03.907     0     0 I [5 T5979  ..] binder: undelivered TRANSACTION_ERROR: 29189
01-06 03:16:03.957     0     0 W [0 T7103  ..] audit: audit_lost=25520 audit_rate_limit=5 audit_backlog_limit=64
01-06 03:16:03.957     0     0 E [0 T7103  ..] audit: rate limit exceeded
01-06 03:16:04.935     0     0 I [5 T1430  ..] [schedu][0x62475368][03: 16:10.837231] wlan: [1430:I:OSIF] scan start scan id 40989
01-06 03:16:06.520     0     0 I [4 T1430  ..] [schedu][0x625f8488][03: 16:12.422671] wlan: [1430:I:OSIF] vdev 0, scan id 40989 type COMPLETED(1) reason COMPLETED(1) scan found 66 bss
01-06 03:16:12.609   944   944 D HDMI    : [P]:AllocatedAddress=[]
01-06 03:16:30.758   944   960 W ProcessStats: Tracking association SourceState{58fbe86 system/1000 BTopFgs #1560} whose proc state 2 is better than process ProcessState{a2bd69d com.sonos.connectivity/10082 pkg=com.sonos.connectivity} proc state 3 (13 skipped)
01-06 03:16:28.206     0     0 I [1 T322   ..] logd: logdr: UID=2000 GID=2000 PID=7233 b tail=0 logMask=99 pid=0 start=0ns deadline=0ns
01-06 03:16:36.151   944  3681 I ActivityManager: Force stopping io.appium.uiautomator2.server.test appid=10104 user=0: from pid 7260
01-06 03:16:36.650   944  3681 I ActivityManager: Force stopping io.appium.uiautomator2.server appid=10103 user=0: start instr
01-06 03:16:36.653   944  3681 D CompatibilityChangeReporter: Compat change id reported: 135634846; UID 10103; state: DISABLED
01-06 03:16:36.653   944  3681 D CompatibilityChangeReporter: Compat change id reported: 177438394; UID 10103; state: DISABLED
01-06 03:16:36.653   944  3681 D CompatibilityChangeReporter: Compat change id reported: 135772972; UID 10103; state: DISABLED
01-06 03:16:36.653   944  3681 D CompatibilityChangeReporter: Compat change id reported: 135754954; UID 10103; state: ENABLED
01-06 03:16:36.653   944   977 D CompatibilityChangeReporter: Compat change id reported: 143937733; UID 10103; state: ENABLED
01-06 03:16:36.667   944   977 I ActivityManager: Start proc 7278:io.appium.uiautomator2.server/u0a103 for added application io.appium.uiautomator2.server
01-06 03:16:30.872     0     0 W [4 T7293  ..] audit: audit_lost=26059 audit_rate_limit=5 audit_backlog_limit=64
01-06 03:16:30.872     0     0 E [4 T7293  ..] audit: rate limit exceeded
01-06 03:17:04.947     0     0 I [1 T1430  ..] [schedu][0x65db0783][03: 17:10.848778] wlan: [1430:I:OSIF] scan start scan id 40990
01-06 03:17:06.522     0     0 I [3 T1430  ..] [schedu][0x65f31099][03: 17:12.423968] wlan: [1430:I:OSIF] vdev 0, scan id 40990 type COMPLETED(1) reason COMPLETED(1) scan found 66 bss
01-06 03:17:12.613   944   944 D HDMI    : [P]:AllocatedAddress=[]
01-06 03:17:34.786   944  5106 W ProcessStats: Tracking association SourceState{8d88922 system/1000 BTopFgs #1577} whose proc state 2 is better than process ProcessState{a2bd69d com.sonos.connectivity/10082 pkg=com.sonos.connectivity} proc state 3 (13 skipped)
01-06 03:17:31.510     0     0 W [1 T7341  ..] audit: audit_lost=26609 audit_rate_limit=5 audit_backlog_limit=64
01-06 03:17:31.510     0     0 E [1 T7341  ..] audit: rate limit exceeded
01-06 03:17:50.981   944  5106 I ActivityTaskManager: START u0 {act=android.intent.action.VIEW dat=https://api.ws.sonos.com/... pkg=com.sonos.tv.launcher cmp=com.sonos.tv.launcher/com.sonos.tv.contentguidelauncher.MainActivity (has extras)} from uid 10058
01-06 03:17:51.024   944   970 W ProcessStats: Tracking association SourceState{8d88922 system/1000 BTopFgs #1581} whose proc state 2 is better than process ProcessState{a2bd69d com.sonos.connectivity/10082 pkg=com.sonos.connectivity} proc state 3 (1 skipped)
01-06 03:17:52.329   944   968 D AutofillManagerService: onBackKeyPressed()
01-06 03:17:53.639   944  1282 I ActivityTaskManager: START u0 {act=android.intent.action.VIEW dat=https://api.ws.sonos.com/... pkg=com.sonos.tv.launcher cmp=com.sonos.tv.launcher/com.sonos.tv.contentguidelauncher.MainActivity (has extras)} from uid 10058
01-06 03:17:54.568   944   968 D AutofillManagerService: onBackKeyPressed()
01-06 03:18:04.948     0     0 I [3 T1430  ..] [schedu][0x696e9526][03: 18:10.850477] wlan: [1430:I:OSIF] scan start scan id 40991
01-06 03:18:06.529     0     0 I [2 T1430  ..] [schedu][0x6986b4a9][03: 18:12.431408] wlan: [1430:I:OSIF] vdev 0, scan id 40991 type COMPLETED(1) reason COMPLETED(1) scan found 66 bss
01-06 03:18:12.613   944   944 D HDMI    : [P]:AllocatedAddress=[]
01-06 03:18:31.600     0     0 W [1 T7415  ..] audit: audit_lost=26925 audit_rate_limit=5 audit_backlog_limit=64
01-06 03:18:31.600     0     0 E [1 T7415  ..] audit: rate limit exceeded
01-06 03:18:37.552   944  1282 W ProcessStats: Tracking association SourceState{8d88922 system/1000 BTopFgs #1588} whose proc state 2 is better than process ProcessState{a2bd69d com.sonos.connectivity/10082 pkg=com.sonos.connectivity} proc state 3 (1 skipped)
01-06 03:18:36.122     0     0 E [7 T528   ..] [wifi@1][0x6b4a407a][03: 18:42.023937] wlan: [528:E:OSIF] wlan_hdd_set_station_stats_request_pending: peer is null
01-06 03:18:42.033   944   983 W BatteryExternalStatsWorker: error reading modem stats:ERROR_PHONE_NOT_AVAILABLE
01-06 03:19:04.963     0     0 I [3 T1430  ..] [schedu][0x6d0255d2][03: 19:10.865241] wlan: [1430:I:OSIF] scan start scan id 40992
01-06 03:19:06.541     0     0 I [4 T1430  ..] [schedu][0x6d1a695b][03: 19:12.443107] wlan: [1430:I:OSIF] vdev 0, scan id 40992 type COMPLETED(1) reason COMPLETED(1) scan found 75 bss
01-06 03:19:12.617   944   944 D HDMI    : [P]:AllocatedAddress=[]
01-06 03:19:21.679   944  7366 I ActivityManager: Killing 2051:com.android.providers.calendar/u0a27 (adj 955): empty for 1802s
01-06 03:19:21.679   944  7366 I ActivityManager: Killing 2239:com.netflix.ninja/u0a48 (adj 965): empty for 1804s
01-06 03:19:21.680   944  7366 I ActivityManager: Killing 2876:com.sonos.pinewood.tokenmanager.service/u0a56 (adj 965): empty for 1805s
01-06 03:19:21.681   944  7366 I ActivityManager: Killing 1900:android.process.media/u0a22 (adj 975): empty for 1806s
01-06 03:19:21.681   944  7366 I ActivityManager: Killing 1385:com.android.tv.settings/1000 (adj 975): empty for 1806s
01-06 03:19:21.681   944  7366 W ProcessStats: Tracking association SourceState{8d88922 system/1000 BTopFgs #1595} whose proc state 2 is better than process ProcessState{a2bd69d com.sonos.connectivity/10082 pkg=com.sonos.connectivity} proc state 3 (1 skipped)
01-06 03:19:15.842     0     0 W [2 T7449  ..] audit: audit_lost=27229 audit_rate_limit=5 audit_backlog_limit=64
01-06 03:19:15.842     0     0 E [2 T7449  ..] audit: rate limit exceeded
01-06 03:19:15.864     0     0 I [0 T1491  ..] binder: undelivered transaction 125076, process died.
01-06 03:19:15.864     0     0 I [0 T1491  ..] binder: undelivered transaction 129187, process died.
01-06 03:19:15.864     0     0 I [0 T1491  ..] binder: undelivered transaction 129611, process died.
01-06 03:19:15.864     0     0 I [0 T1491  ..] binder: undelivered transaction 130466, process died.
01-06 03:19:15.864     0     0 I [0 T1491  ..] binder: undelivered transaction 130550, process died.
01-06 03:19:15.864     0     0 I [0 T1491  ..] binder: undelivered transaction 131828, process died.
01-06 03:19:15.864     0     0 I [0 T1491  ..] binder: undelivered transaction 131837, process died.
01-06 03:19:15.864     0     0 I [0 T1491  ..] binder: undelivered transaction 131846, process died.
01-06 03:19:15.864     0     0 I [0 T1491  ..] binder: undelivered transaction 131867, process died.
01-06 03:19:15.864     0     0 I [0 T1491  ..] binder: undelivered transaction 131875, process died.
01-06 03:19:21.773   944   970 W ActivityManager: setHasOverlayUi called on unknown pid: 1385
01-06 03:19:39.167   944  1219 W ProcessStats: Tracking association SourceState{8d88922 system/1000 BTopFgs #1618} whose proc state 2 is better than process ProcessState{a2bd69d com.sonos.connectivity/10082 pkg=com.sonos.connectivity} proc state 3 (28 skipped)
01-06 03:20:04.962     0     0 I [2 T1430  ..] [schedu][0x7095d82b][03: 20:10.864050] wlan: [1430:I:OSIF] scan start scan id 40993
01-06 03:20:06.545     0     0 I [7 T1430  ..] [schedu][0x70ae0082][03: 20:12.447241] wlan: [1430:I:OSIF] vdev 0, scan id 40993 type COMPLETED(1) reason COMPLETED(1) scan found 70 bss
01-06 03:20:12.609   944   944 D HDMI    : [P]:AllocatedAddress=[]
01-06 03:20:15.803     0     0 E [7 T528   ..] [wifi@1][0x713b45b1][03: 20:21.705528] wlan: [528:E:OSIF] wlan_hdd_set_station_stats_request_pending: peer is null
01-06 03:20:15.999     0     0 W [3 T7486  ..] audit: audit_lost=27731 audit_rate_limit=5 audit_backlog_limit=64
01-06 03:20:15.999     0     0 E [3 T7486  ..] audit: rate limit exceeded
01-06 03:20:42.234   944   960 I ActivityManager: Killing 3724:com.philo.philo.google/u0a96 (adj 945): empty for 1820s
01-06 03:20:42.236   944   960 I ActivityManager: Killing 3395:com.future.moviesByFawesomeAndroidTV/u0a92 (adj 955): empty for 1853s
01-06 03:20:42.237   944   960 W ProcessStats: Tracking association SourceState{8d88922 system/1000 BTopFgs #1625} whose proc state 2 is better than process ProcessState{a2bd69d com.sonos.connectivity/10082 pkg=com.sonos.connectivity} proc state 3 (1 skipped)
01-06 03:20:36.394     0     0 W [1 T5102  d.] binder_cleanup_transaction: 37 callbacks suppressed
01-06 03:20:36.394     0     0 I [1 T5102  ..] binder: undelivered transaction 125082, process died.
01-06 03:20:36.394     0     0 I [1 T5102  ..] binder: undelivered transaction 129207, process died.
01-06 03:20:36.394     0     0 I [1 T5102  ..] binder: undelivered transaction 129615, process died.
01-06 03:20:36.394     0     0 I [1 T5102  ..] binder: undelivered transaction 130472, process died.
01-06 03:20:36.394     0     0 I [1 T5102  ..] binder: undelivered transaction 130554, process died.
01-06 03:20:36.394     0     0 I [1 T5102  ..] binder: undelivered transaction 131832, process died.
01-06 03:20:36.394     0     0 I [1 T5102  ..] binder: undelivered transaction 131842, process died.
01-06 03:20:36.394     0     0 I [1 T5102  ..] binder: undelivered transaction 131850, process died.
01-06 03:20:36.394     0     0 I [1 T5102  ..] binder: undelivered transaction 131871, process died.
01-06 03:20:36.394     0     0 I [1 T5102  ..] binder: undelivered transaction 131879, process died.
01-06 03:20:36.418     0     0 W [5 T7493  ..] audit: audit_lost=27945 audit_rate_limit=5 audit_backlog_limit=64
01-06 03:20:36.418     0     0 E [5 T7493  ..] audit: rate limit exceeded
01-06 03:21:06.821   944  6719 I ActivityManager: Background started FGS: Allowed [callingPackage: com.brdgwtr.metrics.service; callingUid: 10043; uidState: BTOP; intent: Intent { act=ACTION_START_FOREGROUND cmp=com.brdgwtr.metrics.service/androidx.work.impl.foreground.SystemForegroundService (has extras) }; code:PROC_STATE_BTOP; tempAllowListReason:<null>; targetSdkVersion:30; callerTargetSdkVersion:30; startForegroundCount:0; bindFromPackage:null]
01-06 03:21:06.823   944  6719 W ProcessStats: Tracking association SourceState{8d88922 system/1000 BTopFgs #1632} whose proc state 2 is better than process ProcessState{a2bd69d com.sonos.connectivity/10082 pkg=com.sonos.connectivity} proc state 3 (3 skipped)
01-06 03:21:06.828   944  6719 W ActivityManager: Foreground service started from background can not have location/camera/microphone access: service com.brdgwtr.metrics.service/androidx.work.impl.foreground.SystemForegroundService
01-06 03:21:06.829   944   976 I ActivityManager: Deferring FGS notification in legacy app com.brdgwtr.metrics.service/u0a43 : Notification(channel=EventLogSyncWorker shortcut=null contentView=null vibrate=null sound=null defaults=0x0 flags=0x42 color=0x00000000 vis=PRIVATE)
01-06 03:21:04.963     0     0 I [1 T1430  ..] [schedu][0x74296483][03: 21:10.865417] wlan: [1430:I:OSIF] scan start scan id 40994
01-06 03:21:06.551     0     0 I [5 T1430  ..] [schedu][0x7441a0a1][03: 21:12.453672] wlan: [1430:I:OSIF] vdev 0, scan id 40994 type COMPLETED(1) reason COMPLETED(1) scan found 73 bss
01-06 03:21:12.613   944   944 D HDMI    : [P]:AllocatedAddress=[]
01-06 03:21:36.578     0     0 W [0 T7527  ..] audit: audit_lost=28117 audit_rate_limit=5 audit_backlog_limit=64
01-06 03:21:36.578     0     0 E [0 T7527  ..] audit: rate limit exceeded
01-06 03:21:44.777   944  6719 W ProcessStats: Tracking association SourceState{8d88922 system/1000 BTopFgs #1642} whose proc state 2 is better than process ProcessState{a2bd69d com.sonos.connectivity/10082 pkg=com.sonos.connectivity} proc state 3 (2 skipped)
01-06 03:22:04.964     0     0 I [3 T1430  ..] [schedu][0x77bcee64][03: 22:10.866155] wlan: [1430:I:OSIF] scan start scan id 40995
01-06 03:22:06.557     0     0 I [7 T1430  ..] [schedu][0x77d53e64][03: 22:12.459500] wlan: [1430:I:OSIF] vdev 0, scan id 40995 type COMPLETED(1) reason COMPLETED(1) scan found 75 bss
01-06 03:22:12.613   944   944 D HDMI    : [P]:AllocatedAddress=[]
01-06 03:22:36.656     0     0 W [3 T7556  ..] audit: audit_lost=28241 audit_rate_limit=5 audit_backlog_limit=64
01-06 03:22:36.656     0     0 E [3 T7556  ..] audit: rate limit exceeded
01-06 03:22:47.221   944  1608 W ProcessStats: Tracking association SourceState{8d88922 system/1000 BTopFgs #1649} whose proc state 2 is better than process ProcessState{a2bd69d com.sonos.connectivity/10082 pkg=com.sonos.connectivity} proc state 3 (1 skipped)
01-06 03:23:04.981     0     0 I [7 T1430  ..] [schedu][0x7b50b704][03: 23:10.882956] wlan: [1430:I:OSIF] scan start scan id 40996
01-06 03:23:06.562     0     0 I [2 T1430  ..] [schedu][0x7b68d6ab][03: 23:12.463922] wlan: [1430:I:OSIF] vdev 0, scan id 40996 type COMPLETED(1) reason COMPLETED(1) scan found 73 bss
01-06 03:23:12.625   944   944 D HDMI    : [P]:AllocatedAddress=[]
01-06 03:23:36.772     0     0 W [1 T7585  ..] audit: audit_lost=28371 audit_rate_limit=5 audit_backlog_limit=64
01-06 03:23:36.772     0     0 E [1 T7585  ..] audit: rate limit exceeded
01-06 03:23:49.714   944  1100 W ProcessStats: Tracking association SourceState{8d88922 system/1000 BTopFgs #1656} whose proc state 2 is better than process ProcessState{a2bd69d com.sonos.connectivity/10082 pkg=com.sonos.connectivity} proc state 3 (1 skipped)
01-06 03:24:04.978     0     0 I [6 T1430  ..] [schedu][0x7ee43364][03: 24:10.880235] wlan: [1430:I:OSIF] scan start scan id 40997
01-06 03:24:06.572     0     0 I [6 T1430  ..] [schedu][0x7efc8482][03: 24:12.473866] wlan: [1430:I:OSIF] vdev 0, scan id 40997 type COMPLETED(1) reason COMPLETED(1) scan found 72 bss
01-06 03:24:12.617   944   944 D HDMI    : [P]:AllocatedAddress=[]
01-06 03:24:36.862     0     0 W [0 T7714  ..] audit: audit_lost=28462 audit_rate_limit=5 audit_backlog_limit=64
01-06 03:24:36.862     0     0 E [0 T7714  ..] audit: rate limit exceeded
01-06 03:24:52.182   944   959 W ProcessStats: Tracking association SourceState{8d88922 system/1000 BTopFgs #1663} whose proc state 2 is better than process ProcessState{a2bd69d com.sonos.connectivity/10082 pkg=com.sonos.connectivity} proc state 3 (1 skipped)
01-06 03:25:04.973     0     0 I [2 T1430  ..] [schedu][0x8277a57c][03: 25:10.874882] wlan: [1430:I:OSIF] scan start scan id 40998
01-06 03:25:06.575     0     0 I [2 T1430  ..] [schedu][0x82901892][03: 25:12.477209] wlan: [1430:I:OSIF] vdev 0, scan id 40998 type COMPLETED(1) reason COMPLETED(1) scan found 74 bss
01-06 03:25:12.625   944   944 D HDMI    : [P]:AllocatedAddress=[]
01-06 03:25:36.957     0     0 W [3 T7755  ..] audit: audit_lost=28786 audit_rate_limit=5 audit_backlog_limit=64
01-06 03:25:36.957     0     0 E [3 T7755  ..] audit: rate limit exceeded
01-06 03:25:54.668   944  1100 W ProcessStats: Tracking association SourceState{8d88922 system/1000 BTopFgs #1670} whose proc state 2 is better than process ProcessState{a2bd69d com.sonos.connectivity/10082 pkg=com.sonos.connectivity} proc state 3 (1 skipped)
01-06 03:26:04.963     0     0 I [2 T1430  ..] [schedu][0x860b071f][03: 26:10.865318] wlan: [1430:I:OSIF] scan start scan id 40999
01-06 03:26:06.584     0     0 I [7 T1430  ..] [schedu][0x8623c407][03: 26:12.486542] wlan: [1430:I:OSIF] vdev 0, scan id 40999 type COMPLETED(1) reason COMPLETED(1) scan found 71 bss
01-06 03:26:12.621   944   944 D HDMI    : [P]:AllocatedAddress=[]
01-06 03:26:37.048     0     0 W [2 T7852  ..] audit: audit_lost=28925 audit_rate_limit=5 audit_backlog_limit=64
01-06 03:26:37.048     0     0 E [2 T7852  ..] audit: rate limit exceeded
01-06 03:26:57.649   944  1282 W ProcessStats: Tracking association SourceState{8d88922 system/1000 BTopFgs #1677} whose proc state 2 is better than process ProcessState{a2bd69d com.sonos.connectivity/10082 pkg=com.sonos.connectivity} proc state 3 (1 skipped)
01-06 03:27:04.989     0     0 I [2 T1430  ..] [schedu][0x899ef49c][03: 27:10.891555] wlan: [1430:I:OSIF] scan start scan id 41000
01-06 03:27:06.568     0     0 I [4 T1430  ..] [schedu][0x89b70bf7][03: 27:12.470399] wlan: [1430:I:OSIF] vdev 0, scan id 41000 type COMPLETED(1) reason COMPLETED(1) scan found 77 bss
01-06 03:27:12.625   944   944 D HDMI    : [P]:AllocatedAddress=[]
01-06 03:27:37.145     0     0 W [0 T8013  ..] audit: audit_lost=29024 audit_rate_limit=5 audit_backlog_limit=64
01-06 03:27:37.145     0     0 E [0 T8013  ..] audit: rate limit exceeded
01-06 03:27:48.194   944   999 V DisplayPowerController[0]: Brightness [0.05] reason changing to: 'manual [ dim ]', previous reason: 'manual'.
01-06 03:27:48.194   944   999 I DisplayPowerController[0]: BrightnessEvent: disp=0, physDisp=local:4633127902230889483, brt=0.05, initBrt=0.39763778, rcmdBrt=NaN, preBrt=NaN, lux=0.0, preLux=0.0, hbmMax=1.0, hbmMode=off, rbcStrength=0, powerFactor=1.0, thrmMax=1.0, wasShortTermModelActive=false, flags=, reason=manual [ dim ], autoBrightness=false
01-06 03:27:48.200   944  1206 E DisplayDeviceConfig: requesting nits when no mapping exists.
01-06 03:27:48.201   944  1206 E DisplayDeviceConfig: requesting nits when no mapping exists.
01-06 03:27:48.202   944   976 I DropBoxManagerService: add tag=system_server_wtf isTagEnabled=true flags=0x2
01-06 03:27:48.204   944   976 I DropBoxManagerService: add tag=system_server_wtf isTagEnabled=true flags=0x2
01-06 03:27:48.215   944  1206 E DisplayDeviceConfig: requesting nits when no mapping exists.
01-06 03:27:48.216   944  1206 E DisplayDeviceConfig: requesting nits when no mapping exists.
01-06 03:27:48.217   944   976 I DropBoxManagerService: add tag=system_server_wtf isTagEnabled=true flags=0x2
01-06 03:27:48.221   944   976 I DropBoxManagerService: add tag=system_server_wtf isTagEnabled=true flags=0x2
01-06 03:27:48.232   944  1206 E DisplayDeviceConfig: requesting nits when no mapping exists.
01-06 03:27:48.232   944  1206 E DisplayDeviceConfig: requesting nits when no mapping exists.
01-06 03:27:48.234   944   976 I DropBoxManagerService: add tag=system_server_wtf isTagEnabled=true flags=0x2
01-06 03:27:48.239   944   976 I DropBoxManagerService: add tag=system_server_wtf isTagEnabled=true flags=0x2
01-06 03:27:48.243   944  1206 E DisplayDeviceConfig: requesting nits when no mapping exists.
01-06 03:27:48.244   944  1206 E DisplayDeviceConfig: requesting nits when no mapping exists.
01-06 03:27:48.259   944  1206 E DisplayDeviceConfig: requesting nits when no mapping exists.
01-06 03:27:48.259   944  1206 E DisplayDeviceConfig: requesting nits when no mapping exists.
01-06 03:27:48.277   944  1206 E DisplayDeviceConfig: requesting nits when no mapping exists.
01-06 03:27:48.278   944  1206 E DisplayDeviceConfig: requesting nits when no mapping exists.
01-06 03:27:48.292   944  1206 E DisplayDeviceConfig: requesting nits when no mapping exists.
01-06 03:27:48.293   944  1206 E DisplayDeviceConfig: requesting nits when no mapping exists.
01-06 03:27:48.309   944  1206 E DisplayDeviceConfig: requesting nits when no mapping exists.
01-06 03:27:48.309   944  1206 E DisplayDeviceConfig: requesting nits when no mapping exists.
01-06 03:27:48.326   944  1206 E DisplayDeviceConfig: requesting nits when no mapping exists.
01-06 03:27:48.327   944  1206 E DisplayDeviceConfig: requesting nits when no mapping exists.
01-06 03:27:48.343   944  1206 E DisplayDeviceConfig: requesting nits when no mapping exists.
01-06 03:27:48.344   944  1206 E DisplayDeviceConfig: requesting nits when no mapping exists.
01-06 03:27:48.360   944  1206 E DisplayDeviceConfig: requesting nits when no mapping exists.
01-06 03:27:48.361   944  1206 E DisplayDeviceConfig: requesting nits when no mapping exists.
01-06 03:27:48.376   944  1206 E DisplayDeviceConfig: requesting nits when no mapping exists.
01-06 03:27:48.376   944  1206 E DisplayDeviceConfig: requesting nits when no mapping exists.
01-06 03:27:48.393   944  1206 E DisplayDeviceConfig: requesting nits when no mapping exists.
01-06 03:27:48.393   944  1206 E DisplayDeviceConfig: requesting nits when no mapping exists.
01-06 03:27:48.409   944  1206 E DisplayDeviceConfig: requesting nits when no mapping exists.
01-06 03:27:48.410   944  1206 E DisplayDeviceConfig: requesting nits when no mapping exists.
01-06 03:27:48.426   944  1206 E DisplayDeviceConfig: requesting nits when no mapping exists.
01-06 03:27:48.426   944  1206 E DisplayDeviceConfig: requesting nits when no mapping exists.
01-06 03:27:48.443   944  1206 E DisplayDeviceConfig: requesting nits when no mapping exists.
01-06 03:27:48.443   944  1206 E DisplayDeviceConfig: requesting nits when no mapping exists.
01-06 03:27:48.459   944  1206 E DisplayDeviceConfig: requesting nits when no mapping exists.
01-06 03:27:48.460   944  1206 E DisplayDeviceConfig: requesting nits when no mapping exists.
01-06 03:27:48.476   944  1206 E DisplayDeviceConfig: requesting nits when no mapping exists.
01-06 03:27:48.476   944  1206 E DisplayDeviceConfig: requesting nits when no mapping exists.
01-06 03:27:48.493   944  1206 E DisplayDeviceConfig: requesting nits when no mapping exists.
01-06 03:27:48.493   944  1206 E DisplayDeviceConfig: requesting nits when no mapping exists.
01-06 03:27:48.509   944  1206 E DisplayDeviceConfig: requesting nits when no mapping exists.
01-06 03:27:48.510   944  1206 E DisplayDeviceConfig: requesting nits when no mapping exists.
01-06 03:27:48.526   944  1206 E DisplayDeviceConfig: requesting nits when no mapping exists.
01-06 03:27:48.526   944  1206 E DisplayDeviceConfig: requesting nits when no mapping exists.
01-06 03:27:48.543   944  1206 E DisplayDeviceConfig: requesting nits when no mapping exists.
01-06 03:27:48.543   944  1206 E DisplayDeviceConfig: requesting nits when no mapping exists.
01-06 03:27:48.560   944  1206 E DisplayDeviceConfig: requesting nits when no mapping exists.
01-06 03:27:48.560   944  1206 E DisplayDeviceConfig: requesting nits when no mapping exists.
01-06 03:27:48.576   944  1206 E DisplayDeviceConfig: requesting nits when no mapping exists.
01-06 03:27:48.576   944  1206 E DisplayDeviceConfig: requesting nits when no mapping exists.
01-06 03:27:48.593   944  1206 E DisplayDeviceConfig: requesting nits when no mapping exists.
01-06 03:27:48.593   944  1206 E DisplayDeviceConfig: requesting nits when no mapping exists.
01-06 03:27:48.609   944  1206 E DisplayDeviceConfig: requesting nits when no mapping exists.
01-06 03:27:48.609   944  1206 E DisplayDeviceConfig: requesting nits when no mapping exists.
01-06 03:27:48.627   944  1206 E DisplayDeviceConfig: requesting nits when no mapping exists.
01-06 03:27:48.628   944  1206 E DisplayDeviceConfig: requesting nits when no mapping exists.
01-06 03:27:48.643   944  1206 E DisplayDeviceConfig: requesting nits when no mapping exists.
01-06 03:27:48.643   944  1206 E DisplayDeviceConfig: requesting nits when no mapping exists.
01-06 03:27:48.660   944  1206 E DisplayDeviceConfig: requesting nits when no mapping exists.
01-06 03:27:48.661   944  1206 E DisplayDeviceConfig: requesting nits when no mapping exists.
01-06 03:27:48.676   944  1206 E DisplayDeviceConfig: requesting nits when no mapping exists.
01-06 03:27:48.677   944  1206 E DisplayDeviceConfig: requesting nits when no mapping exists.
01-06 03:27:48.693   944  1206 E DisplayDeviceConfig: requesting nits when no mapping exists.
