01-07 03:34:04.038     0     0 D [1 T487   ..] LibBpfLoader: Adding section 3 to cs list
01-07 03:34:04.039     0     0 D [1 T487   ..] LibBpfLoader: Couldn't find section btf_min_bpfloader_ver (defaulting to 0 [0x0]).
01-07 03:34:04.039     0     0 D [1 T487   ..] LibBpfLoader: Couldn't find section btf_min_kernel_ver (defaulting to 0 [0x0]).
01-07 03:34:04.107     0     0 I         : [3 T188   ..] Mass Storage Function, version: 2009/09/11
01-07 03:34:04.107     0     0 I [3 T188   ..] LUN: removable file: (no medium)
01-07 03:34:04.110     0     0 I         : [6 T188   ..] file system registered
01-07 03:34:04.114     0     0 W         : [0 T188   ..] using random self ethernet address
01-07 03:34:04.114     0     0 W         : [0 T188   ..] using random host ethernet address
01-07 03:34:04.280     0     0 W         : [7 T188   ..] T7 doesn't support hcodec avc encoder!!
01-07 03:34:04.409     0     0 I         : [3 T188   ..] aml-vcodec-dec vcodec_dec: v4ldec registered as /dev/video26
01-07 03:34:04.421     0     0 E         : [5 T188   ..] register_amlogic_afbc_dec_fun
01-07 03:34:04.469     0     0 I         : [5 T188   ..] Registered frame rate driver success.
01-07 03:34:04.713     0     0 E [4 T188   ..] map_store: rm default
01-07 03:34:04.713     0     0 E [6 T188   ..] map_store: add default decoder ppmgr deinterlace amvideo
01-07 03:34:04.715     0     0 I [6 T188   ..] [snd-soc]: drc high cut scale set to 0%
01-07 03:34:04.716     0     0 I [6 T188   ..] [snd-soc]: drc low boost scale set to 0%
01-07 03:34:04.717     0     0 I [4 T188   ..] [snd-soc]: drc mode set to RF
01-07 03:34:04.736     0     0 I         : [7 T409   ..] [TEE] I/TA:
01-07 03:34:04.736     0     0 I         : [7 T409   ..] [TEE] MM-module-name:Youtube TA,Version:1.0.6-gd116617(build:7738)
01-07 03:34:04.736     0     0 I         : [7 T409   ..] [TEE] M/TA: gatekeeper_messages: 412: Amlogic GATEKEEPER! Build Time: Mar 20 2023 15:26:51 version: 6030636 TDK: ab02024
01-07 03:34:04.745     0     0 W [4 T509   ..] healthd: No battery devices found
01-07 03:34:04.747     0     0 W [6 T509   ..] healthd: battery none chg=
01-07 03:34:04.786     0     0 I [3 T540   ..] [pm]: early_suspend_state=0
01-07 03:34:05.071     0     0 I         : [6 T498   ..] vdin0 req vs irq 83
01-07 03:34:05.071     0     0 I         : [6 T498   ..] vdin0 req meta_wr_done_irq
01-07 03:34:05.081     0     0 I [3 T498   ..] [efuse-unifykey]: already inited!
01-07 03:34:05.081     0     0 E [3 T498   ..] [efuse-unifykey]: could not found key hdcp22_rx_fw
01-07 03:34:05.081     0     0 E [3 T498   ..] [efuse-unifykey]: please set key name first, exist_show:751
01-07 03:34:05.082     0     0 I [3 T498   ..] [efuse-unifykey]: already inited!
01-07 03:34:05.082     0     0 E [3 T498   ..] [efuse-unifykey]: could not found key hdcp14_rx
01-07 03:34:05.098     0     0 I [1 T498   ..] [efuse-unifykey]: already inited!
01-07 03:34:05.098     0     0 E [1 T498   ..] [efuse-unifykey]: could not found key hdcp22_rx_fw
01-07 03:34:05.098     0     0 E [1 T498   ..] [efuse-unifykey]: please set key name first, exist_show:751
01-07 03:34:05.110     0     0 I         : [2 T498   ..] vt session 498-0 create
01-07 03:34:05.165     0     0 I         : [2 T508   ..] drm_hdmitx_get_vrr_cap not support vrr
01-07 03:34:05.165     0     0 I         : [2 T508   ..] drm_hdmitx_get_rx_hdcp_cap rx hdcp [1]
01-07 03:34:05.165     0     0 I         : [2 T508   ..] drm_hdmitx_get_rx_hdcp_cap rx hdcp [1]
01-07 03:34:05.589     0     0 W [1 T487   ..] printk: bpfloader: 1679 output lines suppressed due to ratelimiting
01-07 03:34:05.655     0     0 I [1 T498   ..] dim: load 0x400 pq len 168 later.
01-07 03:34:05.708     0     0 E [3 T190   ..] selinux: SELinux: Could not set context for /sys/devices/virtual/net/ipsec_test:  No such file or directory
01-07 03:34:05.709     0     0 E [3 T190   ..] selinux:  
01-07 03:34:05.709     0     0 E [3 T190   ..] selinux: SELinux:  Could not read /sys/devices/virtual/net/ipsec_test: No such file or directory.
01-07 03:34:05.710     0     0 E [3 T190   ..] selinux:  
01-07 03:34:05.711     0     0 E [3 T190   ..] ueventd: selinux_android_restorecon(/sys/devices/virtual/net/ipsec_test) failed: Success
01-07 03:34:05.760     0     0 I         : [0 T629   ..] [TEE] E/TA:   MM-module-name:Video firmware TA,Version:1.0.5-g3604ffd(build:6514)
01-07 03:34:05.760     0     0 I         : [0 T629   ..] [TEE] E/TA:   fw_check_pack_version:292 the package has 15 fws totally.
01-07 03:34:05.760     0     0 I         : [0 T629   ..] [TEE] E/TA:   fw_check_pack_version:309 The TA ver is v1.0
01-07 03:34:05.760     0     0 I         : [0 T629   ..] [TEE] E/TA:   fw_check_pack_version:310 The fw ver is v0.4
01-07 03:34:05.760     0     0 I         : [0 T629   ..] [TEE] E/TA:   fw_data_insert:389 the fw with 332 KB will be loaded.
01-07 03:34:05.760     0     0 I         : [0 T629   ..] [TEE] M/TA: TEE_Video_Load_FW success
01-07 03:34:05.893     0     0 I [4 T498   ..] dim: load 0x1000 pq len 17 later.
01-07 03:34:05.895     0     0 I [4 T498   ..] dim: load 0x2000 pq len 32 later.
01-07 03:34:06.006     0     0 E [4 T1     ..] init: Control message: Could not find 'aidl/package_native' for ctl.interface_start from pid: 315 (/system/bin/servicemanager)
01-07 03:34:06.032     0     0 E [2 T1     ..] init: Control message: Could not find 'vendor.amlogic.hardware.tvserver@1.0::ITvServer/default' for ctl.interface_start from pid: 316 (/system/bin/hwservicemanager)
01-07 03:34:06.226     0     0 I         : [0 T668   ..] read descriptors
01-07 03:34:06.226     0     0 I         : [0 T668   ..] read strings
01-07 03:34:06.235     0     0 E [2 T1     ..] init: Control message: Could not find 'vendor.amlogic.hardware.tvserver@1.0::ITvServer/default' for ctl.interface_start from pid: 316 (/system/bin/hwservicemanager)
01-07 03:34:06.435     0     0 E [0 T1     ..] init: Control message: Could not find 'vendor.amlogic.hardware.tvserver@1.0::ITvServer/default' for ctl.interface_start from pid: 316 (/system/bin/hwservicemanager)
01-07 03:34:06.459     0     0 I         : [7 T678   ..] tee load hdcp key ready
01-07 03:34:06.459     0     0 I         : [7 T678   ..] hdmi ready but hdcp not enabled, enable now
01-07 03:34:06.470     0     0 I [2 T33    ..] hdmitx: rd[0x000a] 0x00
01-07 03:34:06.523     0     0 I [0 T20    ..] android_work: sent uevent USB_STATE=CONNECTED
01-07 03:34:06.600     0     0 I [0 T20    ..] android_work: sent uevent USB_STATE=CONFIGURED
01-07 03:34:06.604     0     0 E [2 T1     ..] init: Control message: Could not find 'aidl/android.hardware.graphics.composer3.IComposer/default' for ctl.interface_start from pid: 315 (/system/bin/servicemanager)
01-07 03:34:06.636     0     0 E [2 T1     ..] init: Control message: Could not find 'vendor.amlogic.hardware.tvserver@1.0::ITvServer/default' for ctl.interface_start from pid: 316 (/system/bin/hwservicemanager)
01-07 03:34:06.657     0     0 D         : [2 T624   ..] caamkeys_ioctl(cmd=3221813249)
01-07 03:34:06.691     0     0 I [0 T182   ..] hdmitx: rd[0x062b] 0x4c
01-07 03:34:06.691     0     0 I [0 T182   ..] hdmitx: rd[0x062c] 0x4c
01-07 03:34:06.691     0     0 I [0 T182   ..] hdmitx: rd[0x062d] 0xfc
01-07 03:34:06.691     0     0 I [0 T182   ..] hdmitx: rd[0x062e] 0xe5
01-07 03:34:06.691     0     0 I [0 T182   ..] hdmitx: rd[0x062f] 0xa2
01-07 03:34:06.691     0     0 I [0 T20    ..] cec: [hdmitx_notify_callback] unsupported notify:4
01-07 03:34:06.717     0     0 I [6 T498   ..] dim: load 0x200 pq len 25 later.
01-07 03:34:06.729     0     0 I [2 T498   ..] dim: load 0x800 pq len 103 later.
01-07 03:34:06.760     0     0 I [0 T118   ..] hdcptx: 1  auth: 1
01-07 03:34:06.788     0     0 I         : [0 T8     ..] [TEE] E/TA:   OPTEE_PlatformInit:47
01-07 03:34:06.788     0     0 I         : [0 T8     ..] [TEE] MM-module-name:Widevine TA,Version:17.1-r1.14-ga3ab5eb-p1(build:1509)
01-07 03:34:06.788     0     0 I         : [0 T8     ..] [TEE] E/TA:   OPTEE_MigrateGenerationNumPersistentData:399 migrate read GenerationNum from reefs error. NOT ERROR
01-07 03:34:06.788     0     0 I         : [0 T8     ..] [TEE] I/TA: TA_CloseSessionEntryPoint
01-07 03:34:06.788     0     0 I         : [0 T8     ..] [TEE] M/TA: [PROVISION-TA] the same key [0x11 WIDEVINE_KEY] already exists
01-07 03:34:06.788     0     0 I         : [0 T8     ..] [TEE] M/TA: [PROVISION-TA] the same key [0x31 HDCP_TX14_KEY] already exists
01-07 03:34:06.788     0     0 I         : [0 T8     ..] [TEE] M/TA: [PROVISION-TA] the same key [0x33 HDCP_RX14_KEY] already exists
01-07 03:34:06.788     0     0 I         : [0 T8     ..] [TEE] M/TA: [PROVISION-TA] the same key [0x32 HDCP_TX22_KEY] already exists
01-07 03:34:06.788     0     0 I         : [0 T8     ..] [TEE] M/TA: [PROVISION-TA] the same key [0x36 HDCP_RX22_FW_PRIVATE] already exists
01-07 03:34:06.788     0     0 I         : [0 T8     ..] [TEE] E/TA:   cmd_hdcp_read_key:951 [HDCP-TA] cmd_hdcp_read_key: hdcp_read_key(hdcp_rx22_fw.bin) failed, ret = 0xffff0008
01-07 03:34:06.838     0     0 E [0 T1     ..] init: Control message: Could not find 'vendor.amlogic.hardware.tvserver@1.0::ITvServer/default' for ctl.interface_start from pid: 316 (/system/bin/hwservicemanager)
01-07 03:34:06.851     0     0 I         : [6 T498   ..] aad argp = 000000005537c30c	db_o_bl_cv.length=13 mem_size=52
01-07 03:34:06.851     0     0 I         : [6 T498   ..] db_o_bl_cv control db_cabc_aad_param_s success
01-07 03:34:06.851     0     0 I         : [6 T498   ..] db_maxbin_bl_cv control db_cabc_aad_param_s success
01-07 03:34:06.852     0     0 I         : [6 T498   ..] db_LUT_RG_gain control db_cabc_aad_param_s success
01-07 03:34:06.852     0     0 I         : [6 T498   ..] db_LUT_RG_gain control db_cabc_aad_param_s success
01-07 03:34:06.852     0     0 I         : [6 T498   ..] db_LUT_BG_gain control db_cabc_aad_param_s success
01-07 03:34:06.853     0     0 I         : [6 T498   ..] db_gain_lut control db_cabc_aad_param_s success
01-07 03:34:06.853     0     0 I         : [6 T498   ..] db_xy_lut control db_cabc_aad_param_s success
01-07 03:34:06.984     0     0 I         : [3 T508   ..] video_composer_open iminor(inode) =0
01-07 03:34:06.984     0     0 I [3 T508   ..] vc: [0]vd_render_index_get: render_index is 0.
01-07 03:34:06.985     0     0 I [3 T508   ..] vc: [0]get capability: min 64 64; max 4096 2160
01-07 03:34:06.985     0     0 I         : [3 T508   ..] video_composer_open iminor(inode) =1
01-07 03:34:06.985     0     0 I [3 T508   ..] vc: [1]vd_render_index_get: render_index is 5.
01-07 03:34:06.985     0     0 I [3 T508   ..] vc: [1]get capability: min 64 64; max 4096 2160
01-07 03:34:06.985     0     0 I         : [3 T508   ..] video_composer_open iminor(inode) =2
01-07 03:34:06.986     0     0 I [3 T508   ..] vc: [2]vd_render_index_get: render_index is 2.
01-07 03:34:06.986     0     0 I [3 T508   ..] vc: [2]get capability: min 64 64; max 4096 2160
01-07 03:34:06.988     0     0 I         : [2 T508   ..] drm_hdmitx_get_vrr_cap not support vrr
01-07 03:34:06.988     0     0 I         : [2 T508   ..] drm_hdmitx_get_rx_hdcp_cap rx hdcp [1]
01-07 03:34:06.988     0     0 I         : [2 T508   ..] drm_hdmitx_get_rx_hdcp_cap rx hdcp [1]
01-07 03:34:06.990     0     0 I         : [2 T508   ..] drm_hdmitx_get_vrr_cap not support vrr
01-07 03:34:06.990     0     0 I         : [2 T508   ..] drm_hdmitx_get_rx_hdcp_cap rx hdcp [1]
01-07 03:34:06.990     0     0 I         : [2 T508   ..] drm_hdmitx_get_rx_hdcp_cap rx hdcp [1]
01-07 03:34:06.993     0     0 I [2 T508   ..] vc: [0]get capability: min 64 64; max 4096 2160
01-07 03:34:06.993     0     0 I [2 T508   ..] vc: [2]get capability: min 64 64; max 4096 2160
01-07 03:34:07.006     0     0 E [0 T1     ..] init: Control message: Could not find 'aidl/package_native' for ctl.interface_start from pid: 315 (/system/bin/servicemanager)
01-07 03:34:07.018     0     0 I         : [3 T498   ..] avmute_store 1
01-07 03:34:07.039     0     0 E [6 T1     ..] init: Control message: Could not find 'vendor.amlogic.hardware.tvserver@1.0::ITvServer/default' for ctl.interface_start from pid: 316 (/system/bin/hwservicemanager)
01-07 03:34:07.193     0     0 I [0 T532   ..] [efuse-unifykey]: already inited!
01-07 03:34:07.193     0     0 E [0 T532   ..] [efuse-unifykey]: could not found key hdcp14_rx
01-07 03:34:07.218     0     0 I [4 T532   ..] cec: port_seq:4123
01-07 03:34:07.230     0     0 W         : [4 T532   ..] [RX]-EDID size1 =1536
01-07 03:34:07.230     0     0 W         : [4 T532   ..] [RX]-EDID size2 =1536
01-07 03:34:07.230     0     0 W [4 T532   ..] [RX]-HDMIRX: fill edid buf, size 1536
01-07 03:34:07.231     0     0 W         : [1 T532   ..] [RX]-edid select for UI HDMI4~1: 0x1111, for portD~A: 0x1111
01-07 03:34:07.231     0     0 W         : [1 T532   ..] [RX]-set vrr_func_en to: 0
01-07 03:34:07.231     0     0 W         : [1 T532   ..] [RX]-no this data blk in edid
01-07 03:34:07.231     0     0 W         : [1 T532   ..] [RX]-no this data blk in edid
01-07 03:34:07.233     0     0 W         : [1 T532   ..] [RX]-no this data blk in edid
01-07 03:34:07.233     0     0 W         : [1 T532   ..] [RX]-no this data blk in edid
01-07 03:34:07.235     0     0 W         : [1 T532   ..] [RX]-no this data blk in edid
01-07 03:34:07.235     0     0 W         : [1 T532   ..] [RX]-no this data blk in edid
01-07 03:34:07.237     0     0 W         : [1 T532   ..] [RX]-hdmirx_hw_config port:0
01-07 03:34:07.237     0     0 W         : [1 T532   ..] [RX]-force_fsm_init
01-07 03:34:07.238     0     0 W         : [1 T532   ..] [RX]-no this data blk in edid
01-07 03:34:07.238     0     0 W         : [1 T532   ..] [RX]-no this data blk in edid
01-07 03:34:07.239     0     0 W         : [1 T532   ..] [RX]-no this data blk in edid
01-07 03:34:07.239     0     0 W         : [1 T532   ..] [RX]-no this data blk in edid
01-07 03:34:07.240     0     0 E [5 T1     ..] init: Control message: Could not find 'vendor.amlogic.hardware.tvserver@1.0::ITvServer/default' for ctl.interface_start from pid: 316 (/system/bin/hwservicemanager)
01-07 03:34:07.241     0     0 W         : [1 T532   ..] [RX]-no this data blk in edid
01-07 03:34:07.242     0     0 W         : [1 T532   ..] [RX]-no this data blk in edid
01-07 03:34:07.243     0     0 W         : [1 T532   ..] [RX]-hdmirx_hw_config port:1
01-07 03:34:07.244     0     0 W         : [1 T532   ..] [RX]-force_fsm_init
01-07 03:34:07.244     0     0 W         : [1 T532   ..] [RX]-no this data blk in edid
01-07 03:34:07.244     0     0 W         : [1 T532   ..] [RX]-no this data blk in edid
01-07 03:34:07.246     0     0 W         : [1 T532   ..] [RX]-no this data blk in edid
01-07 03:34:07.246     0     0 W         : [1 T532   ..] [RX]-no this data blk in edid
01-07 03:34:07.248     0     0 W         : [1 T532   ..] [RX]-no this data blk in edid
01-07 03:34:07.248     0     0 W         : [1 T532   ..] [RX]-no this data blk in edid
01-07 03:34:07.249     0     0 W         : [1 T532   ..] [RX]-hdmirx_hw_config port:2
01-07 03:34:07.250     0     0 W         : [1 T532   ..] [RX]-force_fsm_init
01-07 03:34:07.250     0     0 W         : [1 T532   ..] [RX]-no this data blk in edid
01-07 03:34:07.250     0     0 W         : [1 T532   ..] [RX]-no this data blk in edid
01-07 03:34:07.252     0     0 W         : [1 T532   ..] [RX]-no this data blk in edid
01-07 03:34:07.252     0     0 W         : [1 T532   ..] [RX]-no this data blk in edid
01-07 03:34:07.253     0     0 W         : [1 T532   ..] [RX]-no this data blk in edid
01-07 03:34:07.253     0     0 W         : [1 T532   ..] [RX]-no this data blk in edid
01-07 03:34:07.255     0     0 W         : [1 T532   ..] [RX]-hdmirx_hw_config port:3
01-07 03:34:07.255     0     0 W         : [1 T532   ..] [RX]-force_fsm_init
01-07 03:34:07.255     0     0 W         : [1 T532   ..] [RX]-*update edid*
01-07 03:34:07.274     0     0 I         : [6 T498   ..] avmute_store -1
01-07 03:34:07.817     0     0 I         : [0 T142   ..] free_reserved_mem 293 logo start_addr=3f800000, end=40000000
01-07 03:34:07.819     0     0 I [0 T142   ..] [memory-debug]: Freeing fb-memory memory: 8192K
01-07 03:34:07.819     0     0 I         : [0 T142   ..] [drm] am_meson_free_logo_memory, free none_cma memory: addr:0x0x000000003f800000,size:0x800000
01-07 03:34:11.011     0     0 E [6 T1     ..] init: Control message: Could not find 'aidl/package_native' for ctl.interface_start from pid: 315 (/system/bin/servicemanager)
01-07 03:34:11.375     0     0 E [6 T1     ..] init: Control message: Could not find 'aidl/device_state' for ctl.interface_start from pid: 315 (/system/bin/servicemanager)
01-07 03:34:12.011     0     0 E [6 T1     ..] init: Control message: Could not find 'aidl/package_native' for ctl.interface_start from pid: 315 (/system/bin/servicemanager)
--------- beginning of system
01-07 03:34:12.123   929   929 E PackageManager: Package com.droidlogic was user id 0 but is now user SharedUserSetting{5756c41 android.uid.system/1000} with id 1000; I am not changing its files so it will probably fail!
01-07 03:34:12.123   929   929 E PackageManager: Package com.droidlogic.tv.settings was user id 0 but is now user SharedUserSetting{5756c41 android.uid.system/1000} with id 1000; I am not changing its files so it will probably fail!
01-07 03:34:12.124   929   929 E PackageManager: Package com.sonos.tv.ble.remote was user id 0 but is now user SharedUserSetting{4caf404 sonos.uid.bluetooth/7502} with id 7502; I am not changing its files so it will probably fail!
01-07 03:34:12.125   929   929 E PackageManager: Package com.android.networkstack was user id 0 but is now user SharedUserSetting{ba99eb3 android.uid.networkstack/1073} with id 1073; I am not changing its files so it will probably fail!
01-07 03:34:12.126   929   929 E PackageManager: Package android was user id 0 but is now user SharedUserSetting{5756c41 android.uid.system/1000} with id 1000; I am not changing its files so it will probably fail!
01-07 03:34:12.126   929   929 E PackageManager: Package com.android.mtp was user id 0 but is now user SharedUserSetting{daa6279 android.media/10018} with id 10018; I am not changing its files so it will probably fail!
01-07 03:34:12.126   929   929 E PackageManager: Package com.android.providers.settings was user id 0 but is now user SharedUserSetting{5756c41 android.uid.system/1000} with id 1000; I am not changing its files so it will probably fail!
01-07 03:34:12.127   929   929 E PackageManager: Package com.android.se was user id 0 but is now user SharedUserSetting{f123988 android.uid.se/1068} with id 1068; I am not changing its files so it will probably fail!
01-07 03:34:12.127   929   929 E PackageManager: Package com.android.inputdevices was user id 0 but is now user SharedUserSetting{5756c41 android.uid.system/1000} with id 1000; I am not changing its files so it will probably fail!
01-07 03:34:12.128   929   929 E PackageManager: Package com.android.keychain was user id 0 but is now user SharedUserSetting{5756c41 android.uid.system/1000} with id 1000; I am not changing its files so it will probably fail!
01-07 03:34:12.128   929   929 E PackageManager: Package com.android.localtransport was user id 0 but is now user SharedUserSetting{5756c41 android.uid.system/1000} with id 1000; I am not changing its files so it will probably fail!
01-07 03:34:12.129   929   929 E PackageManager: Package com.sonos.tv.setup was user id 0 but is now user SharedUserSetting{b769159 sonos.uid.setup/7501} with id 7501; I am not changing its files so it will probably fail!
01-07 03:34:12.129   929   929 E PackageManager: Package com.android.networkstack.tethering was user id 0 but is now user SharedUserSetting{ba99eb3 android.uid.networkstack/1073} with id 1073; I am not changing its files so it will probably fail!
01-07 03:34:12.130   929   929 E PackageManager: Package com.android.soundpicker was user id 0 but is now user SharedUserSetting{daa6279 android.media/10018} with id 10018; I am not changing its files so it will probably fail!
01-07 03:34:12.130   929   929 E PackageManager: Package com.droidlogic.miracast was user id 0 but is now user SharedUserSetting{5756c41 android.uid.system/1000} with id 1000; I am not changing its files so it will probably fail!
01-07 03:34:12.131   929   929 E PackageManager: Package com.android.cts.ctsshim was user id 0 but is now user SharedUserSetting{ece45f6 com.android.cts.ctsshim/10087} with id 10087; I am not changing its files so it will probably fail!
01-07 03:34:12.132   929   929 E PackageManager: Package com.android.shell was user id 0 but is now user SharedUserSetting{35a46cd android.uid.shell/2000} with id 2000; I am not changing its files so it will probably fail!
01-07 03:34:12.132   929   929 E PackageManager: Package com.android.wallpaperbackup was user id 0 but is now user SharedUserSetting{5756c41 android.uid.system/1000} with id 1000; I am not changing its files so it will probably fail!
01-07 03:34:12.133   929   929 E PackageManager: Package com.android.providers.userdictionary was user id 0 but is now user SharedUserSetting{4041dce android.uid.shared/10020} with id 10020; I am not changing its files so it will probably fail!
01-07 03:34:12.133   929   929 E PackageManager: Package com.android.location.fused was user id 0 but is now user SharedUserSetting{5756c41 android.uid.system/1000} with id 1000; I am not changing its files so it will probably fail!
01-07 03:34:12.134   929   929 E PackageManager: Package com.android.systemui was user id 0 but is now user SharedUserSetting{395a10b android.uid.systemui/10070} with id 10070; I am not changing its files so it will probably fail!
01-07 03:34:12.134   929   929 E PackageManager: Package com.android.bluetooth was user id 0 but is now user SharedUserSetting{47218a6 android.uid.bluetooth/1002} with id 1002; I am not changing its files so it will probably fail!
01-07 03:34:12.135   929   929 E PackageManager: Package com.android.providers.contacts was user id 0 but is now user SharedUserSetting{4041dce android.uid.shared/10020} with id 10020; I am not changing its files so it will probably fail!
01-07 03:34:12.174   929   929 V SLog    : static_init took to complete: 0ms
01-07 03:34:12.175   929   929 W PackageSettings: Missing permission state for package com.android.uwb.resources on user 0
01-07 03:34:12.175   929   929 W PackageSettings: Missing permission state for package com.android.systemui.statusbar.tv.TvStatusBar on user 0
01-07 03:34:12.175   929   929 W PackageSettings: Missing permission state for package com.android.htmlviewer on user 0
01-07 03:34:12.175   929   929 W PackageSettings: Missing permission state for package com.sonos.platform on user 0
01-07 03:34:12.175   929   929 W PackageSettings: Missing permission state for package com.android.tv.overlay.settingsprovider on user 0
01-07 03:34:12.175   929   929 W PackageSettings: Missing permission state for package com.android.connectivity.resources on user 0
01-07 03:34:12.175   929   929 W PackageSettings: Missing permission state for package com.sonos.tv.sonosscreensaver on user 0
01-07 03:34:12.175   929   929 W PackageSettings: Missing permission state for package com.sonos.pinewood.overlay.assistant on user 0
01-07 03:34:12.175   929   929 W PackageSettings: Missing permission state for package android.ext.shared on user 0
01-07 03:34:12.175   929   929 W PackageSettings: Missing permission state for package com.android.wifi.resources on user 0
01-07 03:34:12.175   929   929 W PackageSettings: Missing permission state for package com.android.networkstack.tethering.droidlogic on user 0
01-07 03:34:12.176   929   929 W PackageSettings: Missing permission state for package com.droidlogic.tv.settings.resoverlay on user 0
01-07 03:34:12.176   929   929 W PackageSettings: Missing permission state for package com.droidlogic.wifitetheringoverlay on user 0
01-07 03:34:12.176   929   929 W PackageSettings: Missing permission state for package com.sonos.tv.settings.overlay on user 0
01-07 03:34:12.176   929   929 W PackageSettings: Missing permission state for package com.android.networkstack.tethering.inprocess.droidlogic on user 0
01-07 03:34:12.176   929   929 W PackageSettings: Missing permission state for package com.sonos.pinewood.overlay.settingsprovider on user 0
01-07 03:34:12.176   929   929 W PackageSettings: Missing permission state for package com.droidlogic.wifion on user 0
01-07 03:34:12.176   929   929 W PackageSettings: Missing permission state for package com.sonos.pinewood.overlay.tvremoteprovider on user 0
01-07 03:34:12.176   929   929 W PackageSettings: Missing permission state for package com.bds.framework.overlay on user 0
01-07 03:34:12.176   929   929 W PackageSettings: Missing permission state for package com.android.tv.overlay.framework on user 0
01-07 03:34:12.177   929   929 W PackageSettings: Missing permission state for package android.auto_generated_rro_product__ on user 0
01-07 03:34:12.177   929   929 W PackageSettings: Missing permission state for package com.sonos.hdmicecoverlay on user 0
01-07 03:34:12.177   929   929 W PackageSettings: Missing permission state for package com.droidlogic.overlay on user 0
01-07 03:34:12.177   929   929 W PackageSettings: Missing permission state for package com.sonos.pinewoodirapp on user 0
01-07 03:34:12.177   929   929 W PackageSettings: Missing permission state for shared user: android.uid.log
01-07 03:34:12.177   929   929 W PackageSettings: Missing permission state for shared user: android.uid.nfc
01-07 03:34:12.177   929   929 W PackageSettings: Missing permission state for shared user: android.uid.uwb
01-07 03:34:12.178   929   929 W PackageSettings: Missing permission state for shared user: android.uid.phone
01-07 03:34:12.178   929   929 V PackageManagerTiming: read user settings took to complete: 142ms
01-07 03:34:12.202   929   929 D PackageManager: Directories scanned as system partitions: [/system:0, /vendor:524288, /odm:4194304, /oem:262144, /product:1048576, /system_ext:2097152, /apex/com.android.runtime:8388608, /apex/com.android.media.swcodec:8388608, /apex/com.android.mediaprovider:8388608, /apex/com.android.appsearch:8388608, /apex/com.android.extservices:8388608, /apex/com.android.wifi:8388608, /apex/com.android.os.statsd:8388608, /apex/com.android.scheduling:8388608, /apex/com.android.permission:8388608, /apex/com.android.neuralnetworks:8388608, /apex/com.android.apex.cts.shim:8388608, /apex/com.android.tzdata:8388608, /apex/com.android.media:8388608, /apex/com.android.btservices:8388608, /apex/com.android.ondevicepersonalization:8388608, /apex/com.sonos.player:27262976, /apex/com.android.adservices:8388608, /apex/com.android.adbd:8388608, /apex/com.android.i18n:8388608, /apex/com.android.conscrypt:8388608, /apex/com.android.art:8388608, /apex/com.android.tethering:8388608, /apex/com.android.sdkext:8388608, /apex/com.android.uwb:8388608, /apex/com.android.resolv:8388608, /apex/com.android.vndk.v33:8388608, /apex/com.android.ipsec:8388608]
01-07 03:34:12.204   929   929 D PackageManager: Keeping known cache d25594def0a9a951c7260b021a7a0e2a18b232c1
01-07 03:34:12.277     0     0 E [3 T442   ..] apexd: Can't open /product/apex for reading : No such file or directory
01-07 03:34:12.277     0     0 E [3 T442   ..] apexd: Can't open /vendor/apex for reading : No such file or directory
01-07 03:34:12.295     0     0 I [5 T500   ..] [debug]: audio_utils_open
01-07 03:34:12.295     0     0 I [5 T500   ..] [debug]: audio_utils_release
01-07 03:34:12.307     0     0 I [5 T500   ..] [debug]: audio_utils_open
01-07 03:34:12.307     0     0 I [5 T500   ..] [debug]: audio_utils_ioctl SET_LIB_SIZE 5499312
01-07 03:34:12.307     0     0 I [5 T500   ..] [debug]: audio_utils_ioctl WRITE_LIB
01-07 03:34:12.313     0     0 I [5 T500   ..] [debug]: audio_utils_release
01-07 03:34:12.315     0     0 I [5 T500   ..] [debug]: audio_utils_open
01-07 03:34:12.320     0     0 I [5 T500   ..] [debug]: audio_utils_release
01-07 03:34:12.327     0     0 I         : [4 T500   ..] hdmitx21_ext_set_audio_output enable:0
01-07 03:34:12.376     0     0 E [3 T1     ..] init: Control message: Could not find 'aidl/device_state' for ctl.interface_start from pid: 315 (/system/bin/servicemanager)
01-07 03:34:12.519     0     0 I [7 T500   ..] [snd-soc]: update audio atmos flag! audio_type = 0
01-07 03:34:12.573     0     0 I [4 T500   ..] [snd-soc]: update audio atmos flag! audio_type = 0
01-07 03:34:12.619     0     0 I [0 T500   ..] [snd-soc]: dd+ drc mode : RF
01-07 03:34:12.619     0     0 I [0 T500   ..] [snd-soc]: dd+ drc high cut scale : 0%
01-07 03:34:12.619     0     0 I [0 T500   ..] [snd-soc]: dd+ drc low boost scale : 0%
01-07 03:34:12.619     0     0 I [0 T500   ..] [debug]: audio_utils_open
01-07 03:34:12.620     0     0 I [0 T500   ..] [debug]: audio_utils_release
01-07 03:34:12.621     0     0 I [0 T500   ..] [debug]: audio_utils_open
01-07 03:34:12.625     0     0 E [0 T500   ..] [secmon]: DBG=======> dolby_fw_ioctl 438 cmd:0x40 arg3=0
01-07 03:34:12.633     0     0 E [0 T500   ..] [secmon]: DBG=======> dolby_fw_ioctl 438 cmd:0x41 arg3=0
01-07 03:34:12.634     0     0 E [0 T500   ..] [secmon]: DBG=======> dolby_fw_verify_lib_resp 296 DOLBY_FW_VERIFY_LIB_RESP arg3=0
01-07 03:34:12.635     0     0 E [0 T500   ..] [secmon]: DBG=======> dolby_fw_ioctl 438 cmd:0x50 arg3=0
01-07 03:34:12.636     0     0 E [0 T500   ..] [secmon]: DBG=======> dolby_fw_ioctl 438 cmd:0x60 arg3=0
01-07 03:34:12.637     0     0 E [0 T500   ..] [secmon]: DBG=======> dolby_fw_critical_query 389 DOLBY_FW_CRITICAL_DATA_QUERY arg3=0
01-07 03:34:12.647     0     0 I [0 T500   ..] [snd-soc]: dd+ drc mode : RF
01-07 03:34:12.647     0     0 I [0 T500   ..] [snd-soc]: dd+ drc high cut scale : 0%
01-07 03:34:12.647     0     0 I [0 T500   ..] [snd-soc]: dd+ drc low boost scale : 0%
01-07 03:34:12.653     0     0 I [3 T1031  ..] audio_ddr_mngr: frddrs[0] registered by device fe330000.audiobus:tdm@1
01-07 03:34:12.653     0     0 I [3 T1031  ..] [snd-soc]: aml_audio_reset, reg 0xa, shift 9, use_vadtop 0
01-07 03:34:12.653     0     0 I [3 T1031  ..] [snd-soc]: aml_audio_reset, reg 0xa, shift 13, use_vadtop 0
01-07 03:34:12.653     0     0 D [3 T1031  ..] [snd-soc]: spdif_a fifo ctrl, frddr:0 type:1, 16 bits, chmask 0x3, swap 0x10
01-07 03:34:12.653     0     0 D [3 T1031  ..] iec_info: rate: 48000, codec_type:0x0, channel status L:0x2000100, R:0x2000100
01-07 03:34:12.653     0     0 I         : [3 T1031  ..] err chn msk, must larger than 0
01-07 03:34:12.653     0     0 I         : [3 T1031  ..] hdmitx_notify_callback_a[3794] aud_src_if is 0, aud_output_ch is 0x0, reset aud_output_ch as 0
01-07 03:34:12.653     0     0 D [3 T1031  ..] [snd-soc]: spdif_b fifo ctrl, frddr:0 type:1, 16 bits, chmask 0x3, swap 0x10
01-07 03:34:12.653     0     0 D [3 T1031  ..] iec_info: rate: 48000, codec_type:0x0, channel status L:0x2000100, R:0x2000100
01-07 03:34:12.668     0     0 I         : [2 T1031  ..] asoc-aml-card auge_sound: TDM[1] Playback enable
01-07 03:34:12.668     0     0 D [2 T1031  ..] [snd-soc]: spdif_a is set to enable
01-07 03:34:12.668     0     0 D [2 T1031  ..] [snd-soc]: spdif_b is set to enable
01-07 03:34:13.013     0     0 E [4 T1     ..] init: Control message: Could not find 'aidl/package_native' for ctl.interface_start from pid: 315 (/system/bin/servicemanager)
01-07 03:34:13.315   356   372 I keystore2: keystore2::watchdog: Watchdog thread idle -> terminating. Have a great day.
01-07 03:34:13.377     0     0 E [5 T1     ..] init: Control message: Could not find 'aidl/device_state' for ctl.interface_start from pid: 315 (/system/bin/servicemanager)
01-07 03:34:13.883   929  1002 I PackageParsing: Parse times for '/data/apex/active/com.sonos.player@4.apex': parse=1591ms, update_cache=2 ms
01-07 03:34:13.891   929   929 D CompatibilityChangeReporter: Compat change id reported: 143539591; UID -1; state: DISABLED
01-07 03:34:13.891   929   929 D CompatibilityChangeReporter: Compat change id reported: 168782947; UID -1; state: ENABLED
01-07 03:34:13.905   929   929 W PackageManager: Failed to parse /product/overlay/TvWifiOverlay.apk: /product/overlay/TvWifiOverlay.apk (at Binary XML file line #23): <overlay> priority must be between 0 and 9999
01-07 03:34:13.912   929   929 W PackageManager: Failed to parse /system/framework/oat: Missing base APK in /system/framework/oat
01-07 03:34:13.912   929   929 W PackageManager: Failed to parse /system/framework/arm: Missing base APK in /system/framework/arm
01-07 03:34:13.912   929   929 W PackageManager: Failed to parse /system/framework/arm64: Missing base APK in /system/framework/arm64
01-07 03:34:13.959   929   929 D CompatibilityChangeReporter: Compat change id reported: 168782947; UID -1; state: DISABLED
01-07 03:34:13.965   929   929 I PackageManager: /system/priv-app/NetworkStack changed; collecting certs
01-07 03:34:13.970   929   929 W PackageManager: Failed to scan /system/priv-app/NetworkStack: Application package com.android.networkstack already installed.  Skipping duplicate.
01-07 03:34:14.013     0     0 E [0 T1     ..] init: Control message: Could not find 'aidl/package_native' for ctl.interface_start from pid: 315 (/system/bin/servicemanager)
01-07 03:34:14.087     0     0 I [2 T442   ..] AidlLazyServiceRegistrar: Process has 1 (of 1 available) client(s) in use after notification apexservice has clients: 1
01-07 03:34:14.087     0     0 I [2 T442   ..] AidlLazyServiceRegistrar: Shutdown prevented by forcePersist override flag.
01-07 03:34:14.097   929   929 I ApexManager: Registering com.android.providers.media.module as apk-in-apex of com.android.mediaprovider
01-07 03:34:14.104   929   929 I ApexManager: Registering android.ext.services as apk-in-apex of com.android.extservices
01-07 03:34:14.109   929   929 I ApexManager: Registering com.android.wifi.resources as apk-in-apex of com.android.wifi
01-07 03:34:14.113   929   929 I ApexManager: Registering com.android.wifi.dialog as apk-in-apex of com.android.wifi
01-07 03:34:14.114   929   929 I ApexManager: Registering com.android.hotspot2.osulogin as apk-in-apex of com.android.wifi
01-07 03:34:14.118   929   929 I ApexManager: Registering com.android.safetycenter.resources as apk-in-apex of com.android.permission
01-07 03:34:14.124   929   929 I ApexManager: Registering com.android.permissioncontroller as apk-in-apex of com.android.permission
01-07 03:34:14.128   929   929 I ApexManager: Registering com.android.cts.priv.ctsshim as apk-in-apex of com.android.apex.cts.shim
01-07 03:34:14.130   929   929 I ApexManager: Registering com.android.cts.ctsshim as apk-in-apex of com.android.apex.cts.shim
01-07 03:34:14.140   929   929 I ApexManager: Registering com.android.bluetooth as apk-in-apex of com.android.btservices
01-07 03:34:14.144   929   929 I ApexManager: Registering com.android.ondevicepersonalization.services as apk-in-apex of com.android.ondevicepersonalization
01-07 03:34:14.163   929   929 I ApexManager: Registering com.sonos.connectivity as apk-in-apex of com.sonos.player
01-07 03:34:14.167   929   929 I ApexManager: Registering com.android.adservices.api as apk-in-apex of com.android.adservices
01-07 03:34:14.172   929   929 I ApexManager: Registering com.android.sdksandbox as apk-in-apex of com.android.adservices
01-07 03:34:14.178   929   929 I ApexManager: Registering com.android.connectivity.resources as apk-in-apex of com.android.tethering
01-07 03:34:14.180   929   929 I ApexManager: Registering com.android.networkstack.tethering as apk-in-apex of com.android.tethering
01-07 03:34:14.185   929   929 I ApexManager: Registering com.android.nearby.halfsheet as apk-in-apex of com.android.tethering
01-07 03:34:14.191   929   929 I ApexManager: Registering com.android.uwb.resources as apk-in-apex of com.android.uwb
01-07 03:34:14.201   929   929 I PackageManager: Finished scanning system apps. Time: 2001 ms, packageCount: 115 , timePerPackage: 17 , cached: 142
01-07 03:34:14.201   929   929 I PackageManager: Finished scanning non-system apps. Time: 0 ms, packageCount: 0 , timePerPackage: 0 , cached: 0
01-07 03:34:14.207   929   929 I PackageManager: Time to scan packages: 2.007 seconds
01-07 03:34:14.207   929   929 I PackageManager: Permission ownership changed. Updating all permissions.
01-07 03:34:14.216   929   929 W PackageManager: Package android.ext.services is an APK in APEX, but has permission allowlist on the system image. Please bundle the allowlist in the com.android.extservices APEX instead.
01-07 03:34:14.216   929   929 W PackageManager: Package android.ext.services is an APK in APEX, but has permission allowlist on the system image. Please bundle the allowlist in the com.android.extservices APEX instead.
01-07 03:34:14.216   929   929 W PackageManager: Package android.ext.services is an APK in APEX, but has permission allowlist on the system image. Please bundle the allowlist in the com.android.extservices APEX instead.
01-07 03:34:14.216   929   929 W PackageManager: Package android.ext.services is an APK in APEX, but has permission allowlist on the system image. Please bundle the allowlist in the com.android.extservices APEX instead.
01-07 03:34:14.227   929   929 W PackageManager: Package com.android.providers.media.module is an APK in APEX, but has permission allowlist on the system image. Please bundle the allowlist in the com.android.mediaprovider APEX instead.
01-07 03:34:14.227   929   929 W PackageManager: Package com.android.providers.media.module is an APK in APEX, but has permission allowlist on the system image. Please bundle the allowlist in the com.android.mediaprovider APEX instead.
01-07 03:34:14.227   929   929 W PackageManager: Package com.android.providers.media.module is an APK in APEX, but has permission allowlist on the system image. Please bundle the allowlist in the com.android.mediaprovider APEX instead.
01-07 03:34:14.227   929   929 W PackageManager: Package com.android.providers.media.module is an APK in APEX, but has permission allowlist on the system image. Please bundle the allowlist in the com.android.mediaprovider APEX instead.
01-07 03:34:14.227   929   929 W PackageManager: Package com.android.providers.media.module is an APK in APEX, but has permission allowlist on the system image. Please bundle the allowlist in the com.android.mediaprovider APEX instead.
01-07 03:34:14.227   929   929 W PackageManager: Package com.android.providers.media.module is an APK in APEX, but has permission allowlist on the system image. Please bundle the allowlist in the com.android.mediaprovider APEX instead.
01-07 03:34:14.227   929   929 W PackageManager: Package com.android.providers.media.module is an APK in APEX, but has permission allowlist on the system image. Please bundle the allowlist in the com.android.mediaprovider APEX instead.
01-07 03:34:14.227   929   929 W PackageManager: Package com.android.providers.media.module is an APK in APEX, but has permission allowlist on the system image. Please bundle the allowlist in the com.android.mediaprovider APEX instead.
01-07 03:34:14.227   929   929 W PackageManager: Package com.android.providers.media.module is an APK in APEX, but has permission allowlist on the system image. Please bundle the allowlist in the com.android.mediaprovider APEX instead.
01-07 03:34:14.227   929   929 W PackageManager: Package com.android.providers.media.module is an APK in APEX, but has permission allowlist on the system image. Please bundle the allowlist in the com.android.mediaprovider APEX instead.
01-07 03:34:14.227   929   929 W PackageManager: Package com.android.providers.media.module is an APK in APEX, but has permission allowlist on the system image. Please bundle the allowlist in the com.android.mediaprovider APEX instead.
01-07 03:34:14.227   929   929 W PackageManager: Package com.android.providers.media.module is an APK in APEX, but has permission allowlist on the system image. Please bundle the allowlist in the com.android.mediaprovider APEX instead.
01-07 03:34:14.227   929   929 W PackageManager: Package com.android.providers.media.module is an APK in APEX, but has permission allowlist on the system image. Please bundle the allowlist in the com.android.mediaprovider APEX instead.
01-07 03:34:14.232   929   929 V PackageManager: reconcileAppsData for null u0 0x1 migrateAppData=true
01-07 03:34:14.302   929   929 V PackageManager: reconcileAppsData finished 16 packages
01-07 03:34:14.302   929   929 D PackageManagerTiming: write settings
01-07 03:34:14.303   929  1045 D SystemServerTimingAsync: InitThreadPoolExec:prepareAppData
01-07 03:34:14.303   929  1045 D SystemServerInitThreadPool: Started executing prepareAppData
01-07 03:34:14.332   929   929 V PackageManagerTiming: write settings took to complete: 31ms
01-07 03:34:14.333   929   929 W PackageManager: Domain verification agent not found
01-07 03:34:14.336   929   929 D PackageManager: Ephemeral resolver NOT found; no matching intent filters
01-07 03:34:14.336   929   929 D PackageManager: Instant App installer not found with android.intent.action.INSTALL_INSTANT_APP_PACKAGE
01-07 03:34:14.336   929   929 D PackageManager: Clear ephemeral installer activity
01-07 03:34:14.339   929   929 D PackageManagerTiming: GC
01-07 03:34:14.339   929   929 V PackageManagerTiming: GC took to complete: 0ms
01-07 03:34:14.340   929   929 I PackageManager: Fix for b/169414761 is applied
01-07 03:34:14.340   929   929 V PackageManagerTiming: create package manager took to complete: 2341ms
01-07 03:34:14.340   929   929 V UserSystemPackageInstaller: Checking that all system packages are whitelisted.
01-07 03:34:14.345   929   929 V UserSystemPackageInstaller: checkWhitelistedSystemPackages(mode=d) has no warnings
01-07 03:34:14.347   929   929 I Watchdog: Resuming HandlerChecker: main thread for reason: packagemanagermain. Pause count: 0
01-07 03:34:14.347   929   929 I SystemServerDexLoadReporter: Configuring system server dex reporter
01-07 03:34:14.348   929   929 V SystemServerTiming: StartPackageManagerService took to complete: 2357ms
01-07 03:34:14.349   929   929 D SystemServerTiming: StartOtaDexOptService
01-07 03:34:14.349   929   929 I Watchdog: Pausing HandlerChecker: main thread for reason: moveab. Pause count: 1
01-07 03:34:14.349   929   929 D OTADexopt: No upgrade, skipping A/B artifacts check.
01-07 03:34:14.349   929   929 I Watchdog: Resuming HandlerChecker: main thread for reason: moveab. Pause count: 0
01-07 03:34:14.349   929   929 V SystemServerTiming: StartOtaDexOptService took to complete: 1ms
01-07 03:34:14.349   929   929 D SystemServerTiming: StartUserManagerService
01-07 03:34:14.349   929   929 I SystemServiceManager: Starting com.android.server.pm.UserManagerService$LifeCycle
01-07 03:34:14.350   929   929 V SystemServerTiming: StartUserManagerService took to complete: 0ms
01-07 03:34:14.350   929   929 D SystemServerTiming: InitAttributerCache
01-07 03:34:14.350   929   929 V SystemServerTiming: InitAttributerCache took to complete: 0ms
01-07 03:34:14.350   929   929 D SystemServerTiming: SetSystemProcess
01-07 03:34:14.357   929   969 I ActivityManager: Connection with lmkd established
01-07 03:34:14.359   929   929 V SystemServerTiming: SetSystemProcess took to complete: 9ms
01-07 03:34:14.360   929   929 D CompatibilityChangeReporter: Compat change id reported: 161145287; UID 1000; state: DISABLED
01-07 03:34:14.361   929   929 D SystemServerTiming: InitWatchdog
01-07 03:34:14.361   929   929 V SystemServerTiming: InitWatchdog took to complete: 0ms
01-07 03:34:14.368   929   945 V HistoricalRegistry: Interaction before persistence initialized
01-07 03:34:14.377   929   929 D SystemServerTiming: StartOverlayManagerService
01-07 03:34:14.382     0     0 E [7 T1     ..] init: Control message: Could not find 'aidl/device_state' for ctl.interface_start from pid: 315 (/system/bin/servicemanager)
01-07 03:34:14.442   929   929 V SystemServerTiming: StartOverlayManagerService took to complete: 65ms
01-07 03:34:14.443   929   929 D SystemServerTiming: StartResourcesManagerService
01-07 03:34:14.443   929   929 V SystemServerTiming: StartResourcesManagerService took to complete: 0ms
01-07 03:34:14.443   929   929 D SystemServerTiming: StartSensorPrivacyService
01-07 03:34:14.445   929   958 W ActivityTaskManager: Skip updateConfiguration because mWindowManager isn't set
01-07 03:34:14.447   929   929 V SystemServerTiming: StartSensorPrivacyService took to complete: 3ms
01-07 03:34:14.447   929   929 D SystemServerTiming: StartSensorService
01-07 03:34:14.447   929   929 I SystemServiceManager: Starting com.android.server.sensors.SensorService
01-07 03:34:14.447   929   929 V SystemServerTiming: StartSensorService took to complete: 0ms
01-07 03:34:14.447   929   929 V SystemServerTiming: startBootstrapServices took to complete: 2842ms
01-07 03:34:14.447   929   929 D SystemServerTiming: startCoreServices
01-07 03:34:14.448   929   929 D SystemServerTiming: StartSystemConfigService
01-07 03:34:14.448   929   929 I SystemServiceManager: Starting com.android.server.SystemConfigService
01-07 03:34:14.448   929  1051 D SystemServerTimingAsync: InitThreadPoolExec:StartNativeSensorService
01-07 03:34:14.448   929  1051 D SystemServerInitThreadPool: Started executing StartNativeSensorService
01-07 03:34:14.448   929  1051 D SystemServerTimingAsync: StartNativeSensorService
01-07 03:34:14.448   929   929 V SystemServerTiming: StartSystemConfigService took to complete: 1ms
01-07 03:34:14.449   929   929 D SystemServerTiming: StartBatteryService
01-07 03:34:14.449   929   929 I SystemServiceManager: Starting com.android.server.BatteryService
01-07 03:34:14.452   929   929 I HealthServiceWrapperAidl: health: HealthServiceWrapper listening to AIDL HAL
01-07 03:34:14.452   929   929 I BatteryService: health: Waited 0ms and received the update.
01-07 03:34:14.455     0     0 W [3 T509   ..] healthd: battery none chg=
01-07 03:34:14.453   929  1051 V SystemServerTimingAsync: StartNativeSensorService took to complete: 5ms
01-07 03:34:14.453   929  1051 D SystemServerInitThreadPool: Finished executing StartNativeSensorService
01-07 03:34:14.453   929  1051 V SystemServerTimingAsync: InitThreadPoolExec:StartNativeSensorService took to complete: 5ms
01-07 03:34:14.453   929   929 V SystemServerTiming: StartBatteryService took to complete: 5ms
01-07 03:34:14.454   929   929 D SystemServerTiming: StartUsageService
01-07 03:34:14.454   929   929 I SystemServiceManager: Starting com.android.server.usage.UsageStatsService
01-07 03:34:14.459   929   929 V SystemServerTiming: StartUsageService took to complete: 5ms
01-07 03:34:14.459   929   929 D SystemServerTiming: StartWebViewUpdateService
01-07 03:34:14.459   929   929 I SystemServiceManager: Starting com.android.server.webkit.WebViewUpdateService
01-07 03:34:14.460   929   929 V SystemServerTiming: StartWebViewUpdateService took to complete: 1ms
01-07 03:34:14.460   929   929 D SystemServerTiming: StartCachedDeviceStateService
01-07 03:34:14.460   929   929 I SystemServiceManager: Starting com.android.server.CachedDeviceStateService
01-07 03:34:14.460   929   929 V SystemServerTiming: StartCachedDeviceStateService took to complete: 0ms
01-07 03:34:14.460   929   929 D SystemServerTiming: StartBinderCallsStatsService
01-07 03:34:14.460   929   929 I SystemServiceManager: Starting com.android.server.BinderCallsStatsService$LifeCycle
01-07 03:34:14.461   929   929 V SystemServerTiming: StartBinderCallsStatsService took to complete: 1ms
01-07 03:34:14.461   929   929 D SystemServerTiming: StartLooperStatsService
01-07 03:34:14.461   929   929 I SystemServiceManager: Starting com.android.server.LooperStatsService$Lifecycle
01-07 03:34:14.462   929   929 V SystemServerTiming: StartLooperStatsService took to complete: 1ms
01-07 03:34:14.462   929   929 D SystemServerTiming: StartRollbackManagerService
01-07 03:34:14.462   929   929 I SystemServiceManager: Starting com.android.server.rollback.RollbackManagerService
01-07 03:34:14.467   929   929 I PackageWatchdog: Syncing state, reason: added new observer
01-07 03:34:14.467   929   929 I PackageWatchdog: Not pruning observers, elapsed time: 0ms
01-07 03:34:14.467   929   929 I PackageWatchdog: Cancelling state sync, nothing to sync
01-07 03:34:14.467   929   966 I PackageWatchdog: Saving observer state to file
01-07 03:34:14.469   929   929 V SystemServerTiming: StartRollbackManagerService took to complete: 7ms
01-07 03:34:14.469   929   929 D SystemServerTiming: StartNativeTombstoneManagerService
01-07 03:34:14.469   929   929 I SystemServiceManager: Starting com.android.server.os.NativeTombstoneManagerService
01-07 03:34:14.470   929   929 V SystemServerTiming: StartNativeTombstoneManagerService took to complete: 1ms
01-07 03:34:14.470   929   929 D SystemServerTiming: StartBugreportManagerService
01-07 03:34:14.470   929   929 I SystemServiceManager: Starting com.android.server.os.BugreportManagerService
01-07 03:34:14.470   929   929 V SystemServerTiming: StartBugreportManagerService took to complete: 1ms
01-07 03:34:14.471   929   929 D SystemServerTiming: GpuService
01-07 03:34:14.471   929   929 I SystemServiceManager: Starting com.android.server.gpu.GpuService
01-07 03:34:14.471   929   929 V SystemServerTiming: GpuService took to complete: 0ms
01-07 03:34:14.471   929   929 V SystemServerTiming: startCoreServices took to complete: 23ms
01-07 03:34:14.471   929   929 D SystemServerTiming: startOtherServices
01-07 03:34:14.471   929   929 D SystemServerTiming: StartKeyAttestationApplicationIdProviderService
01-07 03:34:14.471   929  1061 D SystemServerTimingAsync: InitThreadPoolExec:SecondaryZygotePreload
01-07 03:34:14.471   929  1061 D SystemServerInitThreadPool: Started executing SecondaryZygotePreload
01-07 03:34:14.471   929  1061 I SystemServer: SecondaryZygotePreload
