--------- beginning of main
01-05 21:34:48.960   157   157 W linker  : Warning: failed to find generated linker configuration from "/linkerconfig/ld.config.txt"
01-05 21:34:48.966   156   156 I lowmemorykiller: Using psi monitors for memory pressure detection
01-05 21:34:48.968   156   156 I lowmemorykiller: Process polling is supported
01-05 21:34:48.968   156   156 I lowmemorykiller: Process reaper initialized with 2 threads in the pool
01-05 21:34:48.970   158   158 W linker  : Warning: failed to find generated linker configuration from "/linkerconfig/ld.config.txt"
01-05 21:34:43.472   153   153 W auditd  : type=2000 audit(0.0:1): state=initialized audit_enabled=0 res=1
01-05 21:34:47.940   153   153 W auditd  : type=1403 audit(0.0:2): auid=4294967295 ses=4294967295 lsm=selinux res=1
01-05 21:34:47.948   153   153 W auditd  : type=1404 audit(0.0:3): enforcing=1 old_enforcing=0 auid=4294967295 ses=4294967295 enabled=1 old-enabled=1 lsm=selinux res=1
01-05 21:34:48.993   158   158 I hwservicemanager: getFrameworkHalManifest: Reading VINTF information.
01-05 21:34:49.000   158   158 I hwservicemanager: getDeviceHalManifest: Reading VINTF information.
01-05 21:34:49.009   158   158 I hwservicemanager: getDeviceHalManifest: Successfully processed VINTF information
01-05 21:34:49.009   158   158 I hwservicemanager: getFrameworkHalManifest: Successfully processed VINTF information
01-05 21:34:49.010   158   158 I hwservicemanager: hwservicemanager is ready now.
01-05 21:34:49.066   168   168 I qemu-props: successfully set property 'vendor.qemu.sf.fake_camera' to 'front'
01-05 21:34:49.067   168   168 I qemu-props: successfully set property 'qemu.hw.mainkeys' to '1'
01-05 21:34:49.067   168   168 I qemu-props: successfully set property 'qemu.sf.lcd_density' to '213'
01-05 21:34:49.068   168   168 I qemu-props: successfully set property 'vendor.net.wifi_mac_prefix' to '5554'
01-05 21:34:49.068   168   168 I qemu-props: successfully set property 'vendor.qemu.timezone' to 'Asia/Bangkok'
01-05 21:34:49.069   168   168 I qemu-props: successfully set property 'vendor.qemu.vport.bluetooth' to '/dev/vport8p2'
01-05 21:34:49.069   168   168 W qemu-props: could not open '/sys/class/virtio-ports/vport8p0/name'
01-05 21:34:49.069   168   168 I qemu-props: successfully set property 'vendor.qemu.vport.modem' to '/dev/vport9p1'
01-05 21:34:49.069   168   168 W qemu-props: could not open '/sys/class/virtio-ports/vport8p1/name'
--------- beginning of system
01-05 21:34:49.152   170   170 I vold    : Vold 3.0 (the awakening) firing up
01-05 21:34:49.152   170   170 D vold    : Detected support for: ext4 f2fs vfat
01-05 21:34:49.157   170   170 D vold    : VoldNativeService::start() completed OK
01-05 21:34:49.163   170   176 I vold    : Found disk at /devices/pci0000:00/0000:00:08.0/virtio6/block/vdf but delaying scan due to secure keyguard
01-05 21:34:49.659   158   158 I hwservicemanager: getTransport: Cannot find entry android.system.suspend@1.0::ISystemSuspend/default in either framework or device VINTF manifest.
01-05 21:34:49.659   178   178 E HidlServiceManagement: Service android.system.suspend@1.0::ISystemSuspend/default must be in VINTF manifest in order to register/get.
01-05 21:34:49.659   178   178 I android.system.suspend-service: system-suspend HIDL hal not supported, use the AIDL suspend hal for requesting wakelocks
01-05 21:34:49.670   184   184 I fsverity_init: LoadKeyFromFile path=/system/etc/security/fsverity/fsverity-release.x509.der keyname=fsv_system_0
01-05 21:34:49.671   180   180 I HidlServiceManagement: Registered android.hardware.atrace@1.0::IAtraceDevice/default
01-05 21:34:49.671   180   180 I HidlServiceManagement: Removing namespace from process name android.hardware.atrace@1.0-service to atrace@1.0-service.
01-05 21:34:49.672   184   184 I fsverity_init: LoadKeyFromFile path=/product/etc/security/fsverity/gms_fsverity_cert.der keyname=fsv_product_0
01-05 21:34:49.673   184   184 I fsverity_init: LoadKeyFromFile path=/product/etc/security/fsverity/play_store_fsi_cert.der keyname=fsv_product_1
01-05 21:34:49.683   183   183 I keymaster:  patchlevel string does not match expected format.  Using patchlevel 0
01-05 21:34:49.683   183   183 I android.hardware.security.keymint-service: adding keymint service instance: android.hardware.security.keymint.IKeyMintDevice/default
01-05 21:34:49.686   183   183 I android.hardware.security.keymint-service: adding keymint service instance: android.hardware.security.secureclock.ISecureClock/default
01-05 21:34:49.687   183   183 I android.hardware.security.keymint-service: adding keymint service instance: android.hardware.security.sharedsecret.ISharedSecret/default
01-05 21:34:49.689   183   183 I android.hardware.security.keymint-service: adding keymint service instance: android.hardware.security.keymint.IRemotelyProvisionedComponent/default
01-05 21:34:49.691   170   170 D vold    : fscrypt_mount_metadata_encrypted: /data encrypt: 0 format: 0 with null block device: /dev/block/vdc and zoned device: 
01-05 21:34:49.691   170   170 D vold    : metadata_key_dir/key: /metadata/vold/metadata_encryption/key
01-05 21:34:49.692   170   170 D vold    : Key exists, using: /metadata/vold/metadata_encryption/key
01-05 21:34:49.727   179   179 I keystore2: system/security/keystore2/src/keystore2_main.rs:61 - Keystore2 is starting.
01-05 21:34:49.727   179   179 I keystore2: system/security/keystore2/src/keystore2_main.rs:67 - Setting up sqlite logging for keystore2
01-05 21:34:49.731   179   179 W keystore2: system/security/keystore2/src/metrics_store.rs:577 - In update_keystore_crash_sysprop: Failed to read the existing system property due to: system/security/keystore2/src/metrics_store.rs:608: Property not set..Therefore, keystore crashes will not be logged.
01-05 21:34:49.733   179   179 I keystore2: system/security/keystore2/src/keystore2_main.rs:97 - Starting thread pool now.
01-05 21:34:49.735   179   187 I keystore2: getDeviceHalManifest: Reading VINTF information.
01-05 21:34:49.735   179   179 I keystore2: system/security/keystore2/src/globals.rs:256 - KeyMint device is current version (Some(300)) for security level: r#TRUSTED_ENVIRONMENT
01-05 21:34:49.737   179   187 I keystore2: getDeviceHalManifest: Successfully processed VINTF information
01-05 21:34:49.738   158   158 I hwservicemanager: getTransport: Cannot find entry android.hardware.keymaster@4.0::IKeymasterDevice/default in either framework or device VINTF manifest.
01-05 21:34:49.738   158   158 I hwservicemanager: getTransport: Cannot find entry android.hardware.keymaster@3.0::IKeymasterDevice/default in either framework or device VINTF manifest.
01-05 21:34:49.739   179   187 I keystore2: system/security/keystore2/src/shared_secret_negotiation.rs:47 - Shared secret negotiation concluded successfully.
01-05 21:34:49.740   158   158 I hwservicemanager: getTransport: Cannot find entry android.hardware.keymaster@4.0::IKeymasterDevice/default in either framework or device VINTF manifest.
01-05 21:34:49.740   158   158 I hwservicemanager: getTransport: Cannot find entry android.hardware.keymaster@3.0::IKeymasterDevice/default in either framework or device VINTF manifest.
01-05 21:34:49.740   179   187 I keystore2: system/security/keystore2/src/shared_secret_negotiation.rs:294 - No StrongBox Keymint available, so no RoT transfer
01-05 21:34:49.741   179   179 I keystore2: system/security/keystore2/src/keystore2_main.rs:152 - Successfully registered Keystore 2.0 service.
01-05 21:34:49.741   179   179 I keystore2: system/security/keystore2/src/keystore2_main.rs:154 - Joining thread pool now.
01-05 21:34:49.742   179   188 I SELinux : SELinux: Loaded keystore2 context from:
01-05 21:34:49.742   179   188 I SELinux : 		/system/etc/selinux/plat_keystore2_key_contexts
01-05 21:34:49.746   170   170 D vold    : Mounting metadata-encrypted filesystem:/data
01-05 21:34:49.747   170   170 I vold    : AIDL IBootControl not available, falling back to HIDL.
01-05 21:34:49.747   158   158 I hwservicemanager: getTransport: Cannot find entry android.hardware.boot@1.0::IBootControl/default in either framework or device VINTF manifest.
01-05 21:34:49.747   170   170 E vold    : Error getting bootctrl v1.0 module.
01-05 21:34:49.749   170   170 I vold    : [libfs_mgr] superblock s_max_mnt_count:65535,/dev/block/dm-38
01-05 21:34:49.749   170   170 I vold    : [libfs_mgr] Filesystem on /dev/block/dm-38 was not cleanly shutdown; state flags: 0x1, incompat feature flags: 0x30046
01-05 21:34:49.851   170   170 I vold    : [libfs_mgr] check_fs(): mount(/dev/block/dm-38,/data,ext4)=0: Success
01-05 21:34:49.877   170   170 I vold    : [libfs_mgr] umount_retry(): unmount(/data) succeeded
01-05 21:34:49.877   170   170 I vold    : [libfs_mgr] Running /system/bin/e2fsck on /dev/block/dm-38
01-05 21:34:50.246   170   170 I vold    : [libfs_mgr] superblock s_max_mnt_count:65535,/dev/block/dm-38
01-05 21:34:50.246   170   170 W vold    : [libfs_mgr] Reserved blocks 32768 is too large; capping to 31457
01-05 21:34:50.252   170   170 I vold    : [libfs_mgr] __mount(source=/dev/block/dm-38,target=/data,type=ext4)=0: Success
01-05 21:34:50.252   170   170 D vold    : Mounted /data
01-05 21:34:50.259   157   186 W libc    : Unable to set property "ctl.interface_start" to "aidl/android.system.keystore2.IKeystoreService/default": error code: 0x20
01-05 21:34:50.294   170   170 I Checkpoint: cp_prepareCheckpoint called
01-05 21:34:50.305   170   170 I vold    : fscrypt_initialize_systemwide_keys
01-05 21:34:50.305   170   170 D vold    : Key exists, using: /data/unencrypted/key
01-05 21:34:50.313   170   170 D vold    : Installed fscrypt key with ref 0a556a21d1f507b9ed64badc637e701a to /data
01-05 21:34:50.313   170   170 D vold    : Added fscrypt-provisioning key for 0a556a21d1f507b9ed64badc637e701a to session keyring
01-05 21:34:50.320   170   170 I vold    : Wrote system DE key reference to:/data/unencrypted/ref
01-05 21:34:50.320   170   170 D vold    : Generating standard storage key
01-05 21:34:50.320   170   170 D vold    : Installed fscrypt key with ref 4e23daf69995f3506d173f4ccc4a7faf to /data
01-05 21:34:50.320   170   170 D vold    : Added fscrypt-provisioning key for 4e23daf69995f3506d173f4ccc4a7faf to session keyring
01-05 21:34:50.321   170   170 I vold    : Wrote per boot key reference to:/data/unencrypted/per_boot_ref
01-05 21:34:50.404   214   214 W init    : type=1400 audit(0.0:4): avc:  denied  { execute_no_trans } for  path="/vendor/bin/toybox_vendor" dev="dm-4" ino=218 scontext=u:r:init:s0 tcontext=u:object_r:vendor_toolbox_exec:s0 tclass=file permissive=0 bug=b/183668221
01-05 21:34:50.413   212   212 I tombstoned: tombstoned successfully initialized
01-05 21:34:50.458   170   170 I incfs   : Initial API level of the device: 34
01-05 21:34:50.458   170   170 I incfs   : ro.incremental.enable: yes
01-05 21:34:50.458   170   170 I incfs   : isFsAvailable: true
01-05 21:34:50.458   170   170 I incfs   : isFsAvailable: true
01-05 21:34:50.458   170   170 I incfs   : IncFs_Features: v2
01-05 21:34:50.458   179   188 I keystore2: system/security/keystore2/src/maintenance.rs:206 - In early_boot_ended.
01-05 21:34:50.466   179   188 I keystore2: system/security/keystore2/src/globals.rs:66 - Touching Keystore 2.0 database for this first time since boot.
01-05 21:34:50.466   179   188 I keystore2: system/security/keystore2/src/globals.rs:68 - Calling cleanup leftovers.
01-05 21:34:50.466   179   188 I keystore2: system/security/keystore2/src/boot_level_keys.rs:57 - ro.keystore.boot_level_key.strategy not set, inferring from installed KM instances
01-05 21:34:50.466   179   188 I keystore2: system/security/keystore2/src/boot_level_keys.rs:115 - In get_level_zero_key: security_level=r#SOFTWARE, deny_later_strategy=EarlyBootOnly
01-05 21:34:50.470   179   188 I keystore2: system/security/keystore2/src/super_key.rs:293 - Starting boot level watcher.
01-05 21:34:50.470   179   217 I keystore2: system/security/keystore2/src/super_key.rs:325 - Read keystore.boot_level value 30
01-05 21:34:50.470   179   188 I keystore2: system/security/keystore2/src/maintenance.rs:187 - Call to earlyBootEnded succeeded for security level TRUSTED_ENVIRONMENT.
01-05 21:34:50.470   179   217 I keystore2: system/security/keystore2/src/super_key.rs:325 - Read keystore.boot_level value 30
01-05 21:34:50.471   158   158 I hwservicemanager: getTransport: Cannot find entry android.hardware.keymaster@4.0::IKeymasterDevice/default in either framework or device VINTF manifest.
01-05 21:34:50.472   158   158 I hwservicemanager: getTransport: Cannot find entry android.hardware.keymaster@3.0::IKeymasterDevice/default in either framework or device VINTF manifest.
01-05 21:34:50.472   179   188 E keystore2: system/security/keystore2/src/maintenance.rs:192 - Call to earlyBootEnded failed for security level STRONGBOX: system/security/keystore2/src/maintenance.rs:167: getting keymint device.
01-05 21:34:50.472   179   188 E keystore2: system/security/keystore2/src/error.rs:180 - system/security/keystore2/src/maintenance.rs:167: getting keymint device
01-05 21:34:50.472   179   188 E keystore2: 
01-05 21:34:50.472   179   188 E keystore2: Caused by:
01-05 21:34:50.472   179   188 E keystore2:     0: system/security/keystore2/src/globals.rs:335: Cannot connect to Keymint
01-05 21:34:50.472   179   188 E keystore2:     1: system/security/keystore2/src/globals.rs:246: Trying to get Legacy wrapper.
01-05 21:34:50.472   179   188 E keystore2:     2: Error::Km(r#HARDWARE_TYPE_UNAVAILABLE)
01-05 21:34:50.472   170   170 E vold    : keystore2 Keystore earlyBootEnded returned service specific error: -68
01-05 21:34:50.931   313   313 I derive_sdk: Read version 7 from 15
01-05 21:34:50.931   313   313 I derive_sdk: Read version 7 from 14
01-05 21:34:50.931   313   313 I derive_sdk: Read version 7 from 9
01-05 21:34:50.932   313   313 I derive_sdk: Read version 7 from 11
01-05 21:34:50.933   313   313 I derive_sdk: Read version 7 from 3
01-05 21:34:50.933   313   313 I derive_sdk: Read version 7 from 4
01-05 21:34:50.933   313   313 I derive_sdk: Read version 7 from 1
01-05 21:34:50.934   313   313 I derive_sdk: Read version 7 from 7
01-05 21:34:50.935   313   313 I derive_sdk: Read version 7 from 13
01-05 21:34:50.935   313   313 I derive_sdk: Read version 7 from 8
01-05 21:34:50.936   313   313 I derive_sdk: Read version 7 from 10
01-05 21:34:50.937   313   313 I derive_sdk: Read version 7 from 2
01-05 21:34:50.937   313   313 I derive_sdk: Read version 7 from 12
01-05 21:34:50.937   313   313 I derive_sdk: Read version 7 from 5
01-05 21:34:50.938   313   313 I derive_sdk: Read version 7 from 16
01-05 21:34:50.938   313   313 I derive_sdk: Read version 7 from 6
01-05 21:34:50.938   313   313 I derive_sdk: extension r version is 7
01-05 21:34:50.939   313   313 I derive_sdk: extension s version is 7
01-05 21:34:50.939   313   313 I derive_sdk: extension t version is 7
01-05 21:34:50.940   313   313 I derive_sdk: extension u version is 7
01-05 21:34:50.940   313   313 I derive_sdk: extension ad_services version is 7
01-05 21:34:50.952   170   170 D vold    : fscrypt_init_user0
01-05 21:34:50.952   170   170 D vold    : Preparing: /data/misc/vold/user_keys
01-05 21:34:50.953   170   170 D vold    : Preparing: /data/misc/vold/user_keys/ce
01-05 21:34:50.953   170   170 D vold    : Preparing: /data/misc/vold/user_keys/de
01-05 21:34:50.959   170   170 D vold    : Installed fscrypt key with ref f84751761bd05f2fb4ea9a356467da48 to /data
01-05 21:34:50.959   170   170 D vold    : Added fscrypt-provisioning key for f84751761bd05f2fb4ea9a356467da48 to session keyring
01-05 21:34:50.959   170   170 D vold    : Installed de key for user 0
01-05 21:34:50.959   170   170 D vold    : Preparing: /data/data
01-05 21:34:50.961   170   170 D vold    : Preparing: /data/user/0
01-05 21:34:50.962   170   170 D vold    : Preparing: /data/media/obb
01-05 21:34:50.962   170   170 D vold    : fscrypt_prepare_user_storage for volume null, user 0, serial 0, flags 1
01-05 21:34:50.962   170   170 D vold    : Preparing: /data/system/users/0
01-05 21:34:50.963   170   170 D vold    : Preparing: /data/misc/profiles/cur/0
01-05 21:34:50.963   170   170 D vold    : Preparing: /data/system_de/0
01-05 21:34:50.964   170   170 I vold    : Verified that /data/system_de/0 has the encryption policy f84751761bd05f2fb4ea9a356467da48 v2 modes 1/4 flags 0x2
01-05 21:34:50.964   170   170 D vold    : Preparing: /data/vendor_de/0
01-05 21:34:50.965   170   170 I vold    : Verified that /data/vendor_de/0 has the encryption policy f84751761bd05f2fb4ea9a356467da48 v2 modes 1/4 flags 0x2
01-05 21:34:50.965   170   170 D vold    : Preparing: /data/misc_de/0
01-05 21:34:50.965   170   170 I vold    : Verified that /data/misc_de/0 has the encryption policy f84751761bd05f2fb4ea9a356467da48 v2 modes 1/4 flags 0x2
01-05 21:34:50.965   170   170 D vold    : Preparing: /data/user_de/0
01-05 21:34:50.966   170   170 I vold    : Verified that /data/user_de/0 has the encryption policy f84751761bd05f2fb4ea9a356467da48 v2 modes 1/4 flags 0x2
01-05 21:34:50.966   170   170 D vold    : /system/bin/vold_prepare_subdirs
01-05 21:34:50.966   170   170 D vold    :     prepare
01-05 21:34:50.966   170   170 D vold    :     
01-05 21:34:50.966   170   170 D vold    :     0
01-05 21:34:50.966   170   170 D vold    :     1
01-05 21:34:50.974   315   315 D vold_prepare_subdirs: Setting up mode 771 uid 1000 gid 1000 context u:object_r:system_data_file:s0:c512,c768 on path: /data/user_de/0
01-05 21:34:50.974   315   315 D vold_prepare_subdirs: Setting up mode 771 uid 1000 gid 1000 context u:object_r:sdk_sandbox_system_data_file:s0:c512,c768 on path: /data/misc_de/0/sdksandbox
01-05 21:34:50.975   315   315 D vold_prepare_subdirs: Setting up mode 700 uid 0 gid 0 context u:object_r:vold_data_file:s0 on path: /data/misc_de/0/vold
01-05 21:34:50.975   315   315 D vold_prepare_subdirs: Setting up mode 700 uid 0 gid 0 context u:object_r:storaged_data_file:s0 on path: /data/misc_de/0/storaged
01-05 21:34:50.975   315   315 D vold_prepare_subdirs: Setting up mode 700 uid 0 gid 0 context u:object_r:rollback_data_file:s0 on path: /data/misc_de/0/rollback
01-05 21:34:50.976   315   315 D vold_prepare_subdirs: Setting up mode 700 uid 0 gid 0 context u:object_r:apex_rollback_data_file:s0 on path: /data/misc_de/0/apexrollback
01-05 21:34:50.976   315   315 D vold_prepare_subdirs: Setting up mode 711 uid 0 gid 0 context u:object_r:apex_module_data_file:s0 on path: /data/misc_de/0/apexdata
01-05 21:34:50.977   315   315 D vold_prepare_subdirs: Setting up mode 771 uid 0 gid 1000 context u:object_r:apex_module_data_file:s0 on path: /data/misc_de/0/apexdata/com.android.configinfrastructure
01-05 21:34:50.977   315   315 D vold_prepare_subdirs: Setting up mode 771 uid 0 gid 1000 context u:object_r:apex_module_data_file:s0 on path: /data/misc_de/0/apexdata/com.android.extservices
01-05 21:34:50.977   315   315 D vold_prepare_subdirs: Setting up mode 771 uid 0 gid 1000 context u:object_r:apex_module_data_file:s0 on path: /data/misc_de/0/apexdata/com.android.adbd
01-05 21:34:50.977   315   315 D vold_prepare_subdirs: Setting up mode 771 uid 0 gid 1000 context u:object_r:apex_module_data_file:s0 on path: /data/misc_de/0/apexdata/com.android.neuralnetworks
01-05 21:34:50.977   315   315 D vold_prepare_subdirs: Setting up mode 771 uid 0 gid 1000 context u:object_r:apex_module_data_file:s0 on path: /data/misc_de/0/apexdata/com.android.media.swcodec
01-05 21:34:50.977   315   315 D vold_prepare_subdirs: Setting up mode 771 uid 0 gid 1000 context u:object_r:apex_module_data_file:s0 on path: /data/misc_de/0/apexdata/com.android.scheduling
01-05 21:34:50.977   315   315 D vold_prepare_subdirs: Setting up mode 771 uid 0 gid 1000 context u:object_r:apex_system_server_data_file:s0 on path: /data/misc_de/0/apexdata/com.android.uwb
01-05 21:34:50.978   315   315 D vold_prepare_subdirs: Setting up mode 771 uid 0 gid 1000 context u:object_r:apex_system_server_data_file:s0 on path: /data/misc_de/0/apexdata/com.android.wifi
01-05 21:34:50.978   315   315 D vold_prepare_subdirs: Setting up mode 771 uid 0 gid 1000 context u:object_r:apex_module_data_file:s0 on path: /data/misc_de/0/apexdata/com.android.adservices
01-05 21:34:50.978   315   315 D vold_prepare_subdirs: Setting up mode 771 uid 0 gid 1000 context u:object_r:apex_module_data_file:s0 on path: /data/misc_de/0/apexdata/com.android.mediaprovider
01-05 21:34:50.978   315   315 D vold_prepare_subdirs: Setting up mode 771 uid 0 gid 1000 context u:object_r:apex_system_server_data_file:s0 on path: /data/misc_de/0/apexdata/com.android.permission
01-05 21:34:50.979   315   315 D vold_prepare_subdirs: Setting up mode 771 uid 0 gid 1000 context u:object_r:apex_module_data_file:s0 on path: /data/misc_de/0/apexdata/com.android.ipsec
01-05 21:34:50.979   315   315 D vold_prepare_subdirs: Setting up mode 771 uid 0 gid 1000 context u:object_r:apex_module_data_file:s0 on path: /data/misc_de/0/apexdata/com.android.tethering
01-05 21:34:50.979   315   315 D vold_prepare_subdirs: Setting up mode 771 uid 0 gid 1000 context u:object_r:apex_module_data_file:s0 on path: /data/misc_de/0/apexdata/com.android.resolv
01-05 21:34:50.979   315   315 D vold_prepare_subdirs: Setting up mode 771 uid 0 gid 1000 context u:object_r:apex_module_data_file:s0 on path: /data/misc_de/0/apexdata/com.android.ondevicepersonalization
01-05 21:34:50.979   315   315 D vold_prepare_subdirs: Setting up mode 771 uid 0 gid 1000 context u:object_r:apex_module_data_file:s0 on path: /data/misc_de/0/apexdata/com.android.art
01-05 21:34:50.979   315   315 D vold_prepare_subdirs: Setting up mode 771 uid 0 gid 1000 context u:object_r:apex_module_data_file:s0 on path: /data/misc_de/0/apexdata/com.android.conscrypt
01-05 21:34:50.979   315   315 D vold_prepare_subdirs: Setting up mode 771 uid 0 gid 1000 context u:object_r:apex_module_data_file:s0 on path: /data/misc_de/0/apexdata/com.android.media
01-05 21:34:50.979   315   315 D vold_prepare_subdirs: Setting up mode 771 uid 0 gid 1000 context u:object_r:apex_module_data_file:s0 on path: /data/misc_de/0/apexdata/com.android.appsearch
01-05 21:34:50.979   315   315 D vold_prepare_subdirs: Setting up mode 771 uid 0 gid 1000 context u:object_r:apex_module_data_file:s0 on path: /data/misc_de/0/apexdata/com.android.sdkext
01-05 21:34:50.979   315   315 D vold_prepare_subdirs: Setting up mode 771 uid 0 gid 1000 context u:object_r:apex_module_data_file:s0 on path: /data/misc_de/0/apexdata/com.android.devicelock
01-05 21:34:50.979   315   315 D vold_prepare_subdirs: Setting up mode 771 uid 0 gid 1000 context u:object_r:apex_module_data_file:s0 on path: /data/misc_de/0/apexdata/com.google.mainline.primary.libs
01-05 21:34:50.980   315   315 D vold_prepare_subdirs: Setting up mode 771 uid 0 gid 1000 context u:object_r:apex_module_data_file:s0 on path: /data/misc_de/0/apexdata/com.android.healthfitness
01-05 21:34:50.980   315   315 D vold_prepare_subdirs: Setting up mode 771 uid 0 gid 1000 context u:object_r:apex_module_data_file:s0 on path: /data/misc_de/0/apexdata/com.android.rkpd
01-05 21:34:50.980   315   315 D vold_prepare_subdirs: Setting up mode 771 uid 0 gid 1000 context u:object_r:apex_module_data_file:s0 on path: /data/misc_de/0/apexdata/com.android.virt
01-05 21:34:50.980   315   315 D vold_prepare_subdirs: Setting up mode 771 uid 0 gid 1000 context u:object_r:apex_module_data_file:s0 on path: /data/misc_de/0/apexdata/com.android.apex.cts.shim
01-05 21:34:50.980   315   315 D vold_prepare_subdirs: Setting up mode 771 uid 0 gid 1000 context u:object_r:apex_module_data_file:s0 on path: /data/misc_de/0/apexdata/com.android.btservices
01-05 21:34:50.980   315   315 D vold_prepare_subdirs: Setting up mode 771 uid 0 gid 1000 context u:object_r:apex_module_data_file:s0 on path: /data/misc_de/0/apexdata/com.android.os.statsd
01-05 21:34:50.980   315   315 D vold_prepare_subdirs: Setting up mode 771 uid 0 gid 1000 context u:object_r:apex_module_data_file:s0 on path: /data/misc_de/0/apexdata/com.android.tzdata
01-05 21:34:50.980   315   315 D vold_prepare_subdirs: Setting up mode 771 uid 0 gid 1000 context u:object_r:apex_module_data_file:s0 on path: /data/misc_de/0/apexdata/com.android.runtime
01-05 21:34:50.980   315   315 D vold_prepare_subdirs: Setting up mode 771 uid 0 gid 1000 context u:object_r:apex_module_data_file:s0 on path: /data/misc_de/0/apexdata/com.android.i18n
01-05 21:34:50.980   315   315 D vold_prepare_subdirs: Setting up mode 771 uid 0 gid 1000 context u:object_r:apex_module_data_file:s0 on path: /data/misc_de/0/apexdata/com.android.vndk.v34
01-05 21:34:50.980   315   315 D vold_prepare_subdirs: Setting up mode 771 uid 0 gid 1000 context u:object_r:apex_module_data_file:s0 on path: /data/misc_de/0/apexdata/sharedlibs
01-05 21:34:50.981   315   315 D vold_prepare_subdirs: Setting up mode 771 uid 1000 gid 1000 context u:object_r:user_profile_root_file:s0:c512,c768 on path: /data/misc/profiles/cur/0
01-05 21:34:50.981   315   315 D vold_prepare_subdirs: Setting up mode 700 uid 1000 gid 1000 context u:object_r:fingerprint_vendor_data_file:s0 on path: /data/vendor_de/0/fpdata
01-05 21:34:50.981   315   315 D vold_prepare_subdirs: Setting up mode 700 uid 1000 gid 1000 context u:object_r:face_vendor_data_file:s0 on path: /data/vendor_de/0/facedata
01-05 21:34:50.982   170   170 D vold    : Detected support for FS_IOC_ADD_ENCRYPTION_KEY
01-05 21:34:51.019   317   317 I derive_classpath: ParseFragments for bootclasspath
01-05 21:34:51.029   317   317 I derive_classpath: ReadClasspathFragment /apex/com.android.art/etc/classpaths/bootclasspath.pb
01-05 21:34:51.030   317   317 I derive_classpath: ReadClasspathFragment /system/etc/classpaths/bootclasspath.pb
01-05 21:34:51.030   317   317 I derive_classpath: ReadClasspathFragment /apex/com.android.adservices/etc/classpaths/bootclasspath.pb
01-05 21:34:51.031   317   317 I derive_classpath: ReadClasspathFragment /apex/com.android.appsearch/etc/classpaths/bootclasspath.pb
01-05 21:34:51.031   317   317 I derive_classpath: ReadClasspathFragment /apex/com.android.btservices/etc/classpaths/bootclasspath.pb
01-05 21:34:51.032   317   317 I derive_classpath: ReadClasspathFragment /apex/com.android.configinfrastructure/etc/classpaths/bootclasspath.pb
01-05 21:34:51.032   317   317 I derive_classpath: ReadClasspathFragment /apex/com.android.conscrypt/etc/classpaths/bootclasspath.pb
01-05 21:34:51.033   317   317 I derive_classpath: ReadClasspathFragment /apex/com.android.devicelock/etc/classpaths/bootclasspath.pb
01-05 21:34:51.033   317   317 I derive_classpath: ReadClasspathFragment /apex/com.android.healthfitness/etc/classpaths/bootclasspath.pb
01-05 21:34:51.034   317   317 I derive_classpath: ReadClasspathFragment /apex/com.android.ipsec/etc/classpaths/bootclasspath.pb
01-05 21:34:51.034   317   317 I derive_classpath: ReadClasspathFragment /apex/com.android.media/etc/classpaths/bootclasspath.pb
01-05 21:34:51.035   317   317 I derive_classpath: ReadClasspathFragment /apex/com.android.mediaprovider/etc/classpaths/bootclasspath.pb
01-05 21:34:51.035   317   317 I derive_classpath: ReadClasspathFragment /apex/com.android.ondevicepersonalization/etc/classpaths/bootclasspath.pb
01-05 21:34:51.036   317   317 I derive_classpath: ReadClasspathFragment /apex/com.android.os.statsd/etc/classpaths/bootclasspath.pb
01-05 21:34:51.036   317   317 I derive_classpath: ReadClasspathFragment /apex/com.android.permission/etc/classpaths/bootclasspath.pb
01-05 21:34:51.037   317   317 I derive_classpath: ReadClasspathFragment /apex/com.android.scheduling/etc/classpaths/bootclasspath.pb
01-05 21:34:51.037   317   317 I derive_classpath: ReadClasspathFragment /apex/com.android.sdkext/etc/classpaths/bootclasspath.pb
01-05 21:34:51.037   317   317 I derive_classpath: ReadClasspathFragment /apex/com.android.tethering/etc/classpaths/bootclasspath.pb
01-05 21:34:51.038   317   317 I derive_classpath: ReadClasspathFragment /apex/com.android.uwb/etc/classpaths/bootclasspath.pb
01-05 21:34:51.038   317   317 I derive_classpath: ReadClasspathFragment /apex/com.android.virt/etc/classpaths/bootclasspath.pb
01-05 21:34:51.039   317   317 I derive_classpath: ReadClasspathFragment /apex/com.android.wifi/etc/classpaths/bootclasspath.pb
01-05 21:34:51.039   317   317 I derive_classpath: ParseFragments for systemserverclasspath
01-05 21:34:51.039   317   317 I derive_classpath: ReadClasspathFragment /system/etc/classpaths/systemserverclasspath.pb
01-05 21:34:51.040   317   317 I derive_classpath: ReadClasspathFragment /apex/com.android.adservices/etc/classpaths/systemserverclasspath.pb
01-05 21:34:51.040   317   317 I derive_classpath: ReadClasspathFragment /apex/com.android.appsearch/etc/classpaths/systemserverclasspath.pb
01-05 21:34:51.040   317   317 I derive_classpath: ReadClasspathFragment /apex/com.android.art/etc/classpaths/systemserverclasspath.pb
01-05 21:34:51.041   317   317 I derive_classpath: ReadClasspathFragment /apex/com.android.btservices/etc/classpaths/systemserverclasspath.pb
01-05 21:34:51.041   317   317 I derive_classpath: ReadClasspathFragment /apex/com.android.configinfrastructure/etc/classpaths/systemserverclasspath.pb
01-05 21:34:51.041   317   317 I derive_classpath: ReadClasspathFragment /apex/com.android.devicelock/etc/classpaths/systemserverclasspath.pb
01-05 21:34:51.042   317   317 I derive_classpath: ReadClasspathFragment /apex/com.android.healthfitness/etc/classpaths/systemserverclasspath.pb
01-05 21:34:51.042   317   317 I derive_classpath: ReadClasspathFragment /apex/com.android.media/etc/classpaths/systemserverclasspath.pb
01-05 21:34:51.043   317   317 I derive_classpath: ReadClasspathFragment /apex/com.android.ondevicepersonalization/etc/classpaths/systemserverclasspath.pb
01-05 21:34:51.043   317   317 I derive_classpath: ReadClasspathFragment /apex/com.android.os.statsd/etc/classpaths/systemserverclasspath.pb
01-05 21:34:51.043   317   317 I derive_classpath: ReadClasspathFragment /apex/com.android.permission/etc/classpaths/systemserverclasspath.pb
01-05 21:34:51.044   317   317 I derive_classpath: ReadClasspathFragment /apex/com.android.rkpd/etc/classpaths/systemserverclasspath.pb
01-05 21:34:51.044   317   317 I derive_classpath: ReadClasspathFragment /apex/com.android.scheduling/etc/classpaths/systemserverclasspath.pb
01-05 21:34:51.044   317   317 I derive_classpath: ReadClasspathFragment /apex/com.android.tethering/etc/classpaths/systemserverclasspath.pb
01-05 21:34:51.045   317   317 I derive_classpath: ReadClasspathFragment /apex/com.android.uwb/etc/classpaths/systemserverclasspath.pb
01-05 21:34:51.045   317   317 I derive_classpath: ReadClasspathFragment /apex/com.android.wifi/etc/classpaths/systemserverclasspath.pb
01-05 21:34:51.045   317   317 I derive_classpath: WriteClasspathExports /data/system/environ/classpath
01-05 21:34:51.045   317   317 I derive_classpath: WriteClasspathExports content
01-05 21:34:51.045   317   317 I derive_classpath: export BOOTCLASSPATH /apex/com.android.art/javalib/core-oj.jar:/apex/com.android.art/javalib/core-libart.jar:/apex/com.android.art/javalib/okhttp.jar:/apex/com.android.art/javalib/bouncycastle.jar:/apex/com.android.art/javalib/apache-xml.jar:/system/framework/framework.jar:/system/framework/framework-graphics.jar:/system/framework/ext.jar:/system/framework/telephony-common.jar:/system/framework/voip-common.jar:/system/framework/ims-common.jar:/apex/com.android.i18n/javalib/core-icu4j.jar:/apex/com.android.adservices/javalib/framework-adservices.jar:/apex/com.android.adservices/javalib/framework-sdksandbox.jar:/apex/com.android.appsearch/javalib/framework-appsearch.jar:/apex/com.android.btservices/javalib/framework-bluetooth.jar:/apex/com.android.configinfrastructure/javalib/framework-configinfrastructure.jar:/apex/com.android.conscrypt/javalib/conscrypt.jar:/apex/com.android.devicelock/javalib/framework-devicelock.jar:/apex/com.android.healthfitness/javalib/framework-healthfitness.jar:/apex/com.android.ipsec/javalib/android.net.ipsec.ike.jar:/apex/com.android.media/javalib/updatable-media.jar:/apex/com.android.mediaprovider/javalib/framework-mediaprovider.jar:/apex/com.android.ondevicepersonalization/javalib/framework-ondevicepersonalization.jar:/apex/com.android.os.statsd/javalib/framework-statsd.jar:/apex/com.android.permission/javalib/framework-permission.jar:/apex/com.android.permission/javalib/framework-permission-s.jar:/apex/com.android.scheduling/javalib/framework-scheduling.jar:/apex/com.android.sdkext/javalib/framework-sdkextensions.jar:/apex/com.android.tethering/javalib/framework-connectivity.jar:/apex/com.android.tethering/javalib/framework-connectivity-t.jar:/apex/com.android.tethering/javalib/framework-tethering.jar:/apex/com.android.uwb/javalib/framework-uwb.jar:/apex/com.android.virt/javalib/framework-virtualization.jar:/apex/com.android.wifi/javalib/framework-wifi.jar
01-05 21:34:51.045   317   317 I derive_classpath: export DEX2OATBOOTCLASSPATH /apex/com.android.art/javalib/core-oj.jar:/apex/com.android.art/javalib/core-libart.jar:/apex/com.android.art/javalib/okhttp.jar:/apex/com.android.art/javalib/bouncycastle.jar:/apex/com.android.art/javalib/apache-xml.jar:/system/framework/framework.jar:/system/framework/framework-graphics.jar:/system/framework/ext.jar:/system/framework/telephony-common.jar:/system/framework/voip-common.jar:/system/framework/ims-common.jar:/apex/com.android.i18n/javalib/core-icu4j.jar
01-05 21:34:51.045   317   317 I derive_classpath: export SYSTEMSERVERCLASSPATH /system/framework/com.android.location.provider.jar:/system/framework/services.jar:/apex/com.android.adservices/javalib/service-adservices.jar:/apex/com.android.adservices/javalib/service-sdksandbox.jar:/apex/com.android.appsearch/javalib/service-appsearch.jar:/apex/com.android.art/javalib/service-art.jar:/apex/com.android.configinfrastructure/javalib/service-configinfrastructure.jar:/apex/com.android.healthfitness/javalib/service-healthfitness.jar:/apex/com.android.media/javalib/service-media-s.jar:/apex/com.android.ondevicepersonalization/javalib/service-ondevicepersonalization.jar:/apex/com.android.permission/javalib/service-permission.jar:/apex/com.android.rkpd/javalib/service-rkp.jar
01-05 21:34:51.045   317   317 I derive_classpath: export STANDALONE_SYSTEMSERVER_JARS /apex/com.android.btservices/javalib/service-bluetooth.jar:/apex/com.android.devicelock/javalib/service-devicelock.jar:/apex/com.android.os.statsd/javalib/service-statsd.jar:/apex/com.android.scheduling/javalib/service-scheduling.jar:/apex/com.android.tethering/javalib/service-connectivity.jar:/apex/com.android.uwb/javalib/service-uwb.jar:/apex/com.android.wifi/javalib/service-wifi.jar
01-05 21:34:51.101   318   318 I art_boot: Property persist.device_config.runtime_native_boot.useartservice not set
01-05 21:34:51.125   319   319 I odsign  : Trying to retrieve existing HMAC key...
01-05 21:34:51.126   319   319 I odsign  : Trying to retrieve existing keystore key...
01-05 21:34:51.131   319   319 I odsign  : Verified public key signature.
01-05 21:34:51.131   319   319 I odsign  : Initialized Keystore key.
01-05 21:34:51.131   319   319 I odsign  : Found and verified existing public key certificate: /data/misc/odsign/key.cert
01-05 21:34:51.245   320   320 I odrefresh: ART APEX version 340090000
01-05 21:34:51.356   320   320 I odrefresh: Boot images on /system OK (x86)
01-05 21:34:51.358   320   320 I odrefresh: system_server artifacts on /system OK
01-05 21:34:51.365   319   319 I odsign  : /data/misc/odsign/odsign.info.signature matches.
01-05 21:34:51.366   319   319 I odsign  : Loaded /data/misc/odsign/odsign.info
01-05 21:34:51.367   319   319 I odsign  : All root hashes match.
01-05 21:34:51.367   319   319 I odsign  : odrefresh said artifacts are VALID
01-05 21:34:51.367   319   319 I odsign  : On-device signing done.
01-05 21:34:51.367   319   319 I odsign  : Metrics report is empty
01-05 21:34:51.407   179   217 I keystore2: system/security/keystore2/src/super_key.rs:330 - keystore.boot_level 1000000000 hits maximum 1000000000, finishing.
01-05 21:34:51.505   332   332 W otapreopt_slot: Slot property empty.
01-05 21:34:51.954   346   346 I ServiceManagerCppClient: Waiting for service 'statscompanion' on '/dev/binder'...
01-05 21:34:51.998   347   347 I netdClient: Skipping libnetd_client init since *we* are netd
01-05 21:34:52.009   352   352 I HidlServiceManagement: Registered android.hidl.allocator@1.0::IAllocator/ashmem
01-05 21:34:52.009   352   352 I HidlServiceManagement: Removing namespace from process name android.hidl.allocator@1.0-service to allocator@1.0-service.
01-05 21:34:52.036   347   347 I netd    : netd 1.0 starting
01-05 21:34:52.049   347   347 I netd    : Pid file removed
01-05 21:34:52.049   347   347 I netd    : SIGPIPE is blocked
01-05 21:34:52.049   347   347 I netd    : setCloseOnExec(dnsproxyd)
01-05 21:34:52.049   347   347 I netd    : setCloseOnExec(fwmarkd)
01-05 21:34:52.049   347   347 I netd    : setCloseOnExec(mdns)
01-05 21:34:52.049   347   347 I NetdUpdatable: libnetd_updatable_init: Initializing
01-05 21:34:52.049   347   347 I BpfHandler: BPF programs are loaded
01-05 21:34:52.050   347   347 I BpfHandler: initMaps successfully
01-05 21:34:52.050   347   347 I netd    : libnetd_updatable_init success
01-05 21:34:52.054   347   347 I netd    : NetlinkManager instanced
01-05 21:34:52.055   347   347 I netd    : enter NetworkController ctor
01-05 21:34:52.055   347   347 E TcUtils : NLMSG_ERROR message return error: -2
01-05 21:34:52.056   347   347 E TcUtils : NLMSG_ERROR message return error: -2
01-05 21:34:52.056   347   347 E TcUtils : NLMSG_ERROR message return error: -2
01-05 21:34:52.056   347   347 E TcUtils : NLMSG_ERROR message return error: -2
01-05 21:34:52.056   347   347 E TcUtils : NLMSG_ERROR message return error: -2
01-05 21:34:52.056   347   347 E TcUtils : NLMSG_ERROR message return error: -2
01-05 21:34:52.056   347   347 E TcUtils : NLMSG_ERROR message return error: -2
01-05 21:34:52.056   347   347 E TcUtils : NLMSG_ERROR message return error: -2
01-05 21:34:52.056   347   347 E TcUtils : NLMSG_ERROR message return error: -2
01-05 21:34:52.056   347   347 E TcUtils : NLMSG_ERROR message return error: -2
01-05 21:34:52.056   347   347 E TcUtils : NLMSG_ERROR message return error: -2
01-05 21:34:52.056   347   347 E TcUtils : NLMSG_ERROR message return error: -2
01-05 21:34:52.056   347   347 E TcUtils : NLMSG_ERROR message return error: -2
01-05 21:34:52.057   347   347 E TcUtils : NLMSG_ERROR message return error: -2
01-05 21:34:52.057   347   347 E TcUtils : NLMSG_ERROR message return error: -2
01-05 21:34:52.057   347   347 E TcUtils : NLMSG_ERROR message return error: -2
01-05 21:34:52.057   347   347 I netd    : leave NetworkController ctor
01-05 21:34:52.057   347   347 I netd    : enter TetherController ctor
01-05 21:34:52.057   347   347 D TetherController: Setting IP forward enable = 0
01-05 21:34:52.058   347   347 I netd    : leave TetherController ctor
01-05 21:34:52.080   158   158 I hwservicemanager: getDeviceHalManifest: Reloading VINTF information.
01-05 21:34:52.080   158   158 I hwservicemanager: getDeviceHalManifest: Reading VINTF information.
01-05 21:34:52.081   158   158 I hwservicemanager: getDeviceHalManifest: Successfully processed VINTF information
01-05 21:34:52.088   359   359 I android.hardware.health-service.example: Starting health HAL.
01-05 21:34:52.088   359   359 I android.hardware.health-service.example: default instance initializing with healthd_config...
01-05 21:34:52.093   359   359 I android.hardware.health-service.example: default: Hal init done
01-05 21:34:52.115   357   357 I HidlServiceManagement: Registered android.hardware.gatekeeper@1.0::IGatekeeper/default
01-05 21:34:52.115   357   357 I HidlServiceManagement: Removing namespace from process name android.hardware.gatekeeper@1.0-service.software to gatekeeper@1.0-service.software.
01-05 21:34:52.116   347   347 I netd    : Creating child chains: 49398us
01-05 21:34:52.116   347   347 I netd    : Setting up OEM hooks: 265us
01-05 21:34:52.117   347   347 I netd    : Setting up FirewallController hooks: 534us
01-05 21:34:52.118   347   347 I netd    : Setting up TetherController hooks: 1483us
01-05 21:34:52.121   347   347 I netd    : Setting up BandwidthController hooks: 2566us
01-05 21:34:52.121   347   347 I netd    : Setting up IdletimerController hooks: 71us
01-05 21:34:52.123   347   347 I netd    : Setting up StrictController hooks: 2283us
01-05 21:34:52.132   347   347 I netd    : Enabling bandwidth control: 9249us
01-05 21:34:52.133   347   347 I netd    : Initializing RouteController: 800us
01-05 21:34:52.133   347   347 D XfrmController: XfrmController::ipSecAddXfrmInterface, line=1497
01-05 21:34:52.134   347   347 D XfrmController: XfrmController::ipSecRemoveTunnelInterface, line=1710
01-05 21:34:52.134   347   347 D XfrmController: deviceName=ipsec_test
01-05 21:34:52.141   369   369 I android.hardware.thermal@2.0-service-mock: Thermal HAL Service Mock 2.0 starting...
01-05 21:34:52.144   369   369 I HidlServiceManagement: Registered android.hardware.thermal@2.0::IThermal/default
01-05 21:34:52.144   369   369 I HidlServiceManagement: Removing namespace from process name android.hardware.thermal@2.0-service.mock to thermal@2.0-service.mock.
01-05 21:34:52.144   369   369 I android.hardware.thermal@2.0-service-mock: Thermal Service started successfully.
01-05 21:34:52.152   347   347 D XfrmController: Sending Netlink XFRM Message: XFRM_MSG_FLUSHSA
01-05 21:34:52.152   347   347 D XfrmController: Sending Netlink XFRM Message: XFRM_MSG_FLUSHPOLICY
01-05 21:34:52.152   347   347 I netd    : Initializing XfrmController: 18986us
01-05 21:34:52.169   347   347 I resolv  : resolv_init: Initializing resolver
01-05 21:34:52.199   368   368 I Manager : DeviceManager::DeviceManager
01-05 21:34:52.199   368   368 I Manager : findAvailableDevices
01-05 21:34:52.199   368   368 I Manager : Enabled devices: .*
01-05 21:34:52.207   372   372 I aidl.android.hardware.bluetooth.service.default: Bluetooth HAL starting
01-05 21:34:52.208   358   358 I HidlServiceManagement: Registered android.hardware.graphics.allocator@3.0::IAllocator/default
01-05 21:34:52.209   358   358 I HidlServiceManagement: Removing namespace from process name android.hardware.graphics.allocator@3.0-service.ranchu to allocator@3.0-service.ranchu.
01-05 21:34:52.209   358   358 I android.hardware.graphics.allocator@3.0-service.ranchu: graphics IAllocator@3.0 service is initialized
01-05 21:34:52.215   368   368 I Manager : Found interface nnapi-sample_sl (version = JUST_AN_EXAMPLE)
01-05 21:34:52.218   368   368 I ShimDeviceManager: Attempting service registration for android.hardware.neuralnetworks.IDevice/nnapi-sample_sl_shim
01-05 21:34:52.221   368   368 I ShimDeviceManager: 1 NNAPI Devices/services registered, blocking
01-05 21:34:52.239   360   360 D android.hardware.media.c2@1.0-service-goldfish: Goldfish C2 Service starting...
01-05 21:34:52.240   360   360 W android.hardware.media.c2@1.0-service-goldfish: Could not read additional policy file '/vendor/etc/seccomp_policy/codec2.vendor.ext.policy'
01-05 21:34:52.240   360   360 W android.hardware.media.c2@1.0-service-goldfish: libminijail[360]: failed to get path of fd 4: No such file or directory
01-05 21:34:52.240   360   360 W android.hardware.media.c2@1.0-service-goldfish: libminijail[360]: allowing syscall: socketcall
01-05 21:34:52.240   360   360 W android.hardware.media.c2@1.0-service-goldfish: libminijail[360]: allowing syscall: writev
01-05 21:34:52.240   360   360 W android.hardware.media.c2@1.0-service-goldfish: libminijail[360]: allowing syscall: fcntl64
01-05 21:34:52.240   360   360 W android.hardware.media.c2@1.0-service-goldfish: libminijail[360]: allowing syscall: clock_gettime
01-05 21:34:52.240   360   360 W android.hardware.media.c2@1.0-service-goldfish: libminijail[360]: compile_file: <fd>(34): nonexistent syscall 'newfstatat'
01-05 21:34:52.240   360   360 W android.hardware.media.c2@1.0-service-goldfish: libminijail[360]: compile_file: <fd>(50): syscall _llseek redefined here
01-05 21:34:52.240   360   360 W android.hardware.media.c2@1.0-service-goldfish: libminijail[360]: compile_file: <fd>(38): previous definition here
01-05 21:34:52.241   360   360 W android.hardware.media.c2@1.0-service-goldfish: libminijail[360]: compile_file: <fd>(69): syscall gettid redefined here
01-05 21:34:52.241   360   360 W android.hardware.media.c2@1.0-service-goldfish: libminijail[360]: compile_file: <fd>(66): previous definition here
01-05 21:34:52.241   360   360 W android.hardware.media.c2@1.0-service-goldfish: libminijail[360]: compile_file: /system/etc/seccomp_policy/crash_dump.x86.policy(1): syscall read redefined here
01-05 21:34:52.241   360   360 W android.hardware.media.c2@1.0-service-goldfish: libminijail[360]: compile_file: <fd>(15): previous definition here
01-05 21:34:52.241   360   360 W android.hardware.media.c2@1.0-service-goldfish: libminijail[360]: compile_file: /system/etc/seccomp_policy/crash_dump.x86.policy(2): syscall write redefined here
01-05 21:34:52.241   360   360 W android.hardware.media.c2@1.0-service-goldfish: libminijail[360]: compile_file: <fd>(57): previous definition here
01-05 21:34:52.241   360   360 W android.hardware.media.c2@1.0-service-goldfish: libminijail[360]: compile_file: /system/etc/seccomp_policy/crash_dump.x86.policy(3): syscall exit redefined here
01-05 21:34:52.241   360   360 W android.hardware.media.c2@1.0-service-goldfish: libminijail[360]: compile_file: <fd>(44): previous definition here
01-05 21:34:52.241   360   360 W android.hardware.media.c2@1.0-service-goldfish: libminijail[360]: compile_file: /system/etc/seccomp_policy/crash_dump.x86.policy(4): syscall rt_sigreturn redefined here
01-05 21:34:52.242   360   360 W android.hardware.media.c2@1.0-service-goldfish: libminijail[360]: compile_file: <fd>(46): previous definition here
01-05 21:34:52.242   360   360 W android.hardware.media.c2@1.0-service-goldfish: libminijail[360]: compile_file: /system/etc/seccomp_policy/crash_dump.x86.policy(6): syscall exit_group redefined here
01-05 21:34:52.242   360   360 W android.hardware.media.c2@1.0-service-goldfish: libminijail[360]: compile_file: <fd>(45): previous definition here
01-05 21:34:52.242   360   360 W android.hardware.media.c2@1.0-service-goldfish: libminijail[360]: compile_file: /system/etc/seccomp_policy/crash_dump.x86.policy(9): syscall futex redefined here
01-05 21:34:52.242   360   360 W android.hardware.media.c2@1.0-service-goldfish: libminijail[360]: compile_file: <fd>(35): previous definition here
01-05 21:34:52.242   360   360 W android.hardware.media.c2@1.0-service-goldfish: libminijail[360]: compile_file: /system/etc/seccomp_policy/crash_dump.x86.policy(11): syscall getpid redefined here
01-05 21:34:52.242   360   360 W android.hardware.media.c2@1.0-service-goldfish: libminijail[360]: compile_file: <fd>(68): previous definition here
01-05 21:34:52.242   360   360 W android.hardware.media.c2@1.0-service-goldfish: libminijail[360]: compile_file: /system/etc/seccomp_policy/crash_dump.x86.policy(12): syscall gettid redefined here
01-05 21:34:52.242   360   360 W android.hardware.media.c2@1.0-service-goldfish: libminijail[360]: compile_file: <fd>(66): previous definition here
01-05 21:34:52.242   360   360 W android.hardware.media.c2@1.0-service-goldfish: libminijail[360]: compile_file: /system/etc/seccomp_policy/crash_dump.x86.policy(15): syscall openat redefined here
01-05 21:34:52.242   360   360 W android.hardware.media.c2@1.0-service-goldfish: libminijail[360]: compile_file: <fd>(18): previous definition here
01-05 21:34:52.242   360   360 W android.hardware.media.c2@1.0-service-goldfish: libminijail[360]: compile_file: /system/etc/seccomp_policy/crash_dump.x86.policy(16): syscall dup redefined here
01-05 21:34:52.242   360   360 W android.hardware.media.c2@1.0-service-goldfish: libminijail[360]: compile_file: <fd>(55): previous definition here
01-05 21:34:52.242   360   360 W android.hardware.media.c2@1.0-service-goldfish: libminijail[360]: compile_file: /system/etc/seccomp_policy/crash_dump.x86.policy(17): syscall close redefined here
01-05 21:34:52.242   360   360 W android.hardware.media.c2@1.0-service-goldfish: libminijail[360]: compile_file: <fd>(25): previous definition here
01-05 21:34:52.242   360   360 W android.hardware.media.c2@1.0-service-goldfish: libminijail[360]: compile_file: /system/etc/seccomp_policy/crash_dump.x86.policy(18): syscall lseek redefined here
01-05 21:34:52.242   360   360 W android.hardware.media.c2@1.0-service-goldfish: libminijail[360]: compile_file: <fd>(39): previous definition here
01-05 21:34:52.242   360   360 W android.hardware.media.c2@1.0-service-goldfish: libminijail[360]: compile_file: /system/etc/seccomp_policy/crash_dump.x86.policy(20): syscall faccessat redefined here
01-05 21:34:52.242   360   360 W android.hardware.media.c2@1.0-service-goldfish: libminijail[360]: compile_file: <fd>(37): previous definition here
01-05 21:34:52.242   360   360 W android.hardware.media.c2@1.0-service-goldfish: libminijail[360]: compile_file: /system/etc/seccomp_policy/crash_dump.x86.policy(29): syscall prctl redefined here
01-05 21:34:52.242   360   360 W android.hardware.media.c2@1.0-service-goldfish: libminijail[360]: compile_file: <fd>(17): previous definition here
01-05 21:34:52.242   360   360 W android.hardware.media.c2@1.0-service-goldfish: libminijail[360]: compile_file: /system/etc/seccomp_policy/crash_dump.x86.policy(30): syscall madvise redefined here
01-05 21:34:52.242   360   360 W android.hardware.media.c2@1.0-service-goldfish: libminijail[360]: compile_file: <fd>(32): previous definition here
