01-07 03:34:14.778   929  1105 D StorageManagerService: Thinking about init, mBootCompleted=false, mDaemonConnected=true
01-07 03:34:14.778   929  1105 D StorageManagerService: Thinking about reset, mBootCompleted=false, mDaemonConnected=true
01-07 03:34:14.779   929  1105 D StorageManagerService: Thinking about init, mBootCompleted=false, mDaemonConnected=true
01-07 03:34:14.779   929  1105 D StorageManagerService: Thinking about reset, mBootCompleted=false, mDaemonConnected=true
01-07 03:34:14.779   929   929 V SystemServerTiming: StartStorageManagerService took to complete: 9ms
01-07 03:34:14.779   929   929 D SystemServerTiming: StartStorageStatsService
01-07 03:34:14.779   929   929 I SystemServiceManager: Starting com.android.server.usage.StorageStatsService$Lifecycle
01-07 03:34:14.786   929   929 V SystemServerTiming: StartStorageStatsService took to complete: 7ms
01-07 03:34:14.787   929   929 D SystemServerTiming: StartUiModeManager
01-07 03:34:14.787   929   929 I SystemServiceManager: Starting com.android.server.UiModeManagerService
01-07 03:34:14.788   929  1107 D SystemServerTimingAsync: InitThreadPoolExec:UiModeManager.onStart
01-07 03:34:14.788   929  1107 D SystemServerInitThreadPool: Started executing UiModeManager.onStart
01-07 03:34:14.788   929   929 V SystemServerTiming: StartUiModeManager took to complete: 1ms
01-07 03:34:14.789   929   929 D SystemServerTiming: StartLocaleManagerService
01-07 03:34:14.789   929   929 I SystemServiceManager: Starting com.android.server.locales.LocaleManagerService
01-07 03:34:14.800   929  1107 D SystemServerInitThreadPool: Finished executing UiModeManager.onStart
01-07 03:34:14.800   929  1107 V SystemServerTimingAsync: InitThreadPoolExec:UiModeManager.onStart took to complete: 12ms
01-07 03:34:14.805   929   929 V SystemServerTiming: StartLocaleManagerService took to complete: 15ms
01-07 03:34:14.805   929   929 D SystemServerTiming: UpdatePackagesIfNeeded
01-07 03:34:14.805   929   929 I Watchdog: Pausing HandlerChecker: main thread for reason: dexopt. Pause count: 1
01-07 03:34:14.806   929   929 I Watchdog: Resuming HandlerChecker: main thread for reason: dexopt. Pause count: 0
01-07 03:34:14.806   929   929 V SystemServerTiming: UpdatePackagesIfNeeded took to complete: 1ms
01-07 03:34:14.806   929   929 D SystemServerTiming: PerformFstrimIfNeeded
01-07 03:34:14.807   929   929 V SystemServerTiming: PerformFstrimIfNeeded took to complete: 0ms
01-07 03:34:14.807   929   929 D SystemServerTiming: StartLockSettingsService
01-07 03:34:14.807   929   929 I SystemServiceManager: Starting com.android.server.locksettings.LockSettingsService$Lifecycle
01-07 03:34:14.828   929   929 V SystemServerTiming: StartLockSettingsService took to complete: 21ms
01-07 03:34:14.828   929   929 D SystemServerTiming: StartPersistentDataBlock
01-07 03:34:14.828   929   929 I SystemServiceManager: Starting com.android.server.PersistentDataBlockService
01-07 03:34:14.838   929   929 V SystemServerTiming: StartPersistentDataBlock took to complete: 10ms
01-07 03:34:14.838   929   929 D SystemServerTiming: StartTestHarnessMode
01-07 03:34:14.838   929   929 I SystemServiceManager: Starting com.android.server.testharness.TestHarnessModeService
01-07 03:34:14.838   929  1119 D SystemServerTimingAsync: InitThreadPoolExec:PersistentDataBlockService.onStart
01-07 03:34:14.838   929  1119 D SystemServerInitThreadPool: Started executing PersistentDataBlockService.onStart
01-07 03:34:14.839   929   929 V SystemServerTiming: StartTestHarnessMode took to complete: 1ms
01-07 03:34:14.840   929   929 D SystemServerTiming: StartOemLockService
01-07 03:34:14.840   929   929 I SystemServiceManager: Starting com.android.server.oemlock.OemLockService
01-07 03:34:14.842   929   929 I OemLock : Using vendor lock via the HAL
01-07 03:34:14.842   929   929 V SystemServerTiming: StartOemLockService took to complete: 3ms
01-07 03:34:14.843   929   929 D SystemServerTiming: StartDeviceIdleController
01-07 03:34:14.843   929   929 I SystemServiceManager: Starting com.android.server.DeviceIdleController
01-07 03:34:14.846   929   929 V SystemServerTiming: StartDeviceIdleController took to complete: 3ms
01-07 03:34:14.846   929   929 D SystemServerTiming: StartDevicePolicyManager
01-07 03:34:14.846   929   929 I SystemServiceManager: Starting com.android.server.devicepolicy.DevicePolicyManagerService$Lifecycle
01-07 03:34:14.855   929   929 V SystemServerTiming: StartDevicePolicyManager took to complete: 9ms
01-07 03:34:14.855   929   929 D SystemServerTiming: StartStatusBarManagerService
01-07 03:34:14.859   929   929 V SystemServerTiming: StartStatusBarManagerService took to complete: 3ms
01-07 03:34:14.859   929   929 D SystemServer: MusicRecognitionManagerService not defined by OEM or disabled by flag
01-07 03:34:14.859   929   929 D SystemServer: ContentCaptureService disabled because resource is not overlaid
01-07 03:34:14.859   929   929 D SystemServer: AttentionService is not configured on this device
01-07 03:34:14.859   929   929 D SystemServer: RotationResolverService is not configured on this device
01-07 03:34:14.859   929   929 D SystemServer: SystemCaptionsManagerService disabled because resource is not overlaid
01-07 03:34:14.859   929   929 D SystemServerTiming: StartTextToSpeechManagerService
01-07 03:34:14.859   929   929 I SystemServiceManager: Starting com.android.server.texttospeech.TextToSpeechManagerService
01-07 03:34:14.861   929   929 V SystemServerTiming: StartTextToSpeechManagerService took to complete: 2ms
01-07 03:34:14.861   929   929 D SystemServerTiming: StartAmbientContextService
01-07 03:34:14.861   929   929 I SystemServiceManager: Starting com.android.server.ambientcontext.AmbientContextManagerService
01-07 03:34:14.863   929   929 V SystemServerTiming: StartAmbientContextService took to complete: 2ms
01-07 03:34:14.863   929   929 D SystemServerTiming: StartSpeechRecognitionManagerService
01-07 03:34:14.864   929   929 I SystemServiceManager: Starting com.android.server.speech.SpeechRecognitionManagerService
01-07 03:34:14.865   929   929 V SystemServerTiming: StartSpeechRecognitionManagerService took to complete: 2ms
01-07 03:34:14.865   929   929 D SystemServer: AppPredictionService not defined by OEM
01-07 03:34:14.865   929   929 D SystemServer: ContentSuggestionsService not defined by OEM
01-07 03:34:14.865   929   929 D SystemServerTiming: StartSearchUiService
01-07 03:34:14.866   929   929 I SystemServiceManager: Starting com.android.server.searchui.SearchUiManagerService
01-07 03:34:14.867   929   929 V SystemServerTiming: StartSearchUiService took to complete: 1ms
01-07 03:34:14.867   929   929 D SystemServerTiming: StartSmartspaceService
01-07 03:34:14.867   929   929 I SystemServiceManager: Starting com.android.server.smartspace.SmartspaceManagerService
01-07 03:34:14.868   929   929 V SystemServerTiming: StartSmartspaceService took to complete: 1ms
01-07 03:34:14.868   929   929 D SystemServerTiming: InitConnectivityModuleConnector
01-07 03:34:14.868   929   929 D ConnectivityModuleConnector: Network stack init
01-07 03:34:14.870   929   929 V SystemServerTiming: InitConnectivityModuleConnector took to complete: 1ms
01-07 03:34:14.870   929   929 D SystemServerTiming: InitNetworkStackClient
01-07 03:34:14.870   929   929 V SystemServerTiming: InitNetworkStackClient took to complete: 0ms
01-07 03:34:14.870   929   929 D SystemServerTiming: StartNetworkManagementService
01-07 03:34:14.871   929  1119 D SystemServerInitThreadPool: Finished executing PersistentDataBlockService.onStart
01-07 03:34:14.871   929  1119 V SystemServerTimingAsync: InitThreadPoolExec:PersistentDataBlockService.onStart took to complete: 32ms
01-07 03:34:14.873   929   929 V SystemServerTiming: StartNetworkManagementService took to complete: 2ms
01-07 03:34:14.873   929   929 D SystemServerTiming: StartFontManagerService
01-07 03:34:15.058   929   929 V SystemServerTiming: StartFontManagerService took to complete: 185ms
01-07 03:34:15.058   929   929 D SystemServerTiming: StartTextServicesManager
01-07 03:34:15.058   929   929 I SystemServiceManager: Starting com.android.server.textservices.TextServicesManagerService$Lifecycle
01-07 03:34:15.060   929   929 V SystemServerTiming: StartTextServicesManager took to complete: 2ms
01-07 03:34:15.060   929   929 D SystemServerTiming: StartTextClassificationManagerService
01-07 03:34:15.060   929   929 I SystemServiceManager: Starting com.android.server.textclassifier.TextClassificationManagerService$Lifecycle
01-07 03:34:15.063   929   929 V SystemServerTiming: StartTextClassificationManagerService took to complete: 3ms
01-07 03:34:15.063   929   929 D SystemServerTiming: StartNetworkScoreService
01-07 03:34:15.063   929   929 I SystemServiceManager: Starting com.android.server.NetworkScoreService$Lifecycle
01-07 03:34:15.065   929   929 V SystemServerTiming: StartNetworkScoreService took to complete: 2ms
01-07 03:34:15.065   929   929 D SystemServerTiming: StartNetworkStatsService
01-07 03:34:15.093   929   929 I SystemServiceManager: Starting com.android.server.NetworkStatsServiceInitializer
01-07 03:34:15.146   929   929 V SystemServerTiming: StartNetworkStatsService took to complete: 81ms
01-07 03:34:15.146   929   929 D SystemServerTiming: StartNetworkPolicyManagerService
01-07 03:34:15.150   929   929 V SystemServerTiming: StartNetworkPolicyManagerService took to complete: 4ms
01-07 03:34:15.150   929   929 D SystemServerTiming: StartWifi
01-07 03:34:15.183   929   929 I SystemServiceManager: Starting com.android.server.wifi.WifiService
01-07 03:34:15.303   604   604 I wificond: New wificond event callback registered
01-07 03:34:15.308   929   929 V HistoricalRegistry: Interaction before persistence initialized
01-07 03:34:15.313   929   929 V SystemServerTiming: StartWifi took to complete: 163ms
01-07 03:34:15.313   929   929 D SystemServerTiming: StartWifiScanning
01-07 03:34:15.314   929   929 I SystemServiceManager: Starting com.android.server.wifi.scanner.WifiScanningService
01-07 03:34:15.318   929   929 V SystemServerTiming: StartWifiScanning took to complete: 5ms
01-07 03:34:15.319   929   929 D SystemServerTiming: StartWifiP2P
01-07 03:34:15.319   929   929 I SystemServiceManager: Starting com.android.server.wifi.p2p.WifiP2pService
01-07 03:34:15.330   929   929 V SystemServerTiming: StartWifiP2P took to complete: 11ms
01-07 03:34:15.330   929   929 D SystemServerTiming: StartPacProxyService
01-07 03:34:15.332   929   929 V SystemServerTiming: StartPacProxyService took to complete: 2ms
01-07 03:34:15.332   929   929 D SystemServerTiming: StartConnectivityService
01-07 03:34:15.332   929   929 I SystemServiceManager: Starting com.android.server.ConnectivityServiceInitializer
01-07 03:34:15.371   929   929 D CompatibilityChangeReporter: Compat change id reported: 182478738; UID 1000; state: ENABLED
01-07 03:34:15.408   929   929 V SystemServerTiming: StartConnectivityService took to complete: 76ms
01-07 03:34:15.408   929   929 D SystemServerTiming: StartVpnManagerService
01-07 03:34:15.413   929   929 V SystemServerTiming: StartVpnManagerService took to complete: 6ms
01-07 03:34:15.414   929   929 D SystemServerTiming: StartVcnManagementService
01-07 03:34:15.416   929   929 V SystemServerTiming: StartVcnManagementService took to complete: 2ms
01-07 03:34:15.416   929   929 D SystemServerTiming: StartSystemUpdateManagerService
01-07 03:34:15.417   929   929 I SystemUpdateManagerService: No existing info file /data/system/system-update-info.xml
01-07 03:34:15.418   929   929 V SystemServerTiming: StartSystemUpdateManagerService took to complete: 1ms
01-07 03:34:15.418   929   929 D SystemServerTiming: StartUpdateLockService
01-07 03:34:15.418   929   929 V SystemServerTiming: StartUpdateLockService took to complete: 0ms
01-07 03:34:15.418   929   929 D SystemServerTiming: StartNotificationManager
01-07 03:34:15.419   929   929 I SystemServiceManager: Starting com.android.server.notification.NotificationManagerService
01-07 03:34:15.432   929   929 D ConditionProviders.SCP: new ScheduleConditionProvider()
01-07 03:34:15.450   929   929 I NotificationAssistants: Read notification assistant permissions from xml
01-07 03:34:15.451   929   929 I ConditionProviders: Read condition provider permissions from xml
01-07 03:34:15.451   929   929 I ConditionProviders: Read condition provider permissions from xml
01-07 03:34:15.451   929   929 D NotificationAssistants: Approving default notification assistant for user 0
01-07 03:34:15.451   929   929 I ConditionProviders:  Allowing condition provider android.ext.services/android.ext.services.notification.Assistant (userSet: true)
01-07 03:34:15.459   929   929 V SystemServerTiming: StartNotificationManager took to complete: 40ms
01-07 03:34:15.459   929   929 D SystemServerTiming: StartDeviceMonitor
01-07 03:34:15.459   929   929 I SystemServiceManager: Starting com.android.server.storage.DeviceStorageMonitorService
01-07 03:34:15.462   929   929 V SystemServerTiming: StartDeviceMonitor took to complete: 3ms
01-07 03:34:15.462   929   929 D SystemServerTiming: StartLocationManagerService
01-07 03:34:15.462   929   929 I SystemServiceManager: Starting com.android.server.location.LocationManagerService$Lifecycle
01-07 03:34:15.468   929   929 V SystemServerTiming: StartLocationManagerService took to complete: 6ms
01-07 03:34:15.468   929   929 D SystemServerTiming: StartCountryDetectorService
01-07 03:34:15.469   929   929 V SystemServerTiming: StartCountryDetectorService took to complete: 1ms
01-07 03:34:15.469   929   929 D SystemServerTiming: StartTimeDetectorService
01-07 03:34:15.469   929   929 I SystemServiceManager: Starting com.android.server.timedetector.TimeDetectorService$Lifecycle
01-07 03:34:15.470   929   929 V SystemServerTiming: StartTimeDetectorService took to complete: 1ms
01-07 03:34:15.470   929   929 D SystemServerTiming: StartTimeZoneDetectorService
01-07 03:34:15.470   929   929 I SystemServiceManager: Starting com.android.server.timezonedetector.TimeZoneDetectorService$Lifecycle
01-07 03:34:15.473   929   929 V SystemServerTiming: StartTimeZoneDetectorService took to complete: 4ms
01-07 03:34:15.474   929   929 D SystemServerTiming: StartLocationTimeZoneManagerService
01-07 03:34:15.474   929   929 I SystemServiceManager: Starting com.android.server.timezonedetector.location.LocationTimeZoneManagerService$Lifecycle
01-07 03:34:15.474   929   929 D LocationTZDetector: Geo time zone detection feature is disabled in config
01-07 03:34:15.474   929   929 V SystemServerTiming: StartLocationTimeZoneManagerService took to complete: 0ms
01-07 03:34:15.474   929   929 D SystemServerTiming: StartSearchManagerService
01-07 03:34:15.474   929   929 I SystemServiceManager: Starting com.android.server.search.SearchManagerService$Lifecycle
01-07 03:34:15.476   929   929 V SystemServerTiming: StartSearchManagerService took to complete: 2ms
01-07 03:34:15.476   929   929 D SystemServerTiming: StartWallpaperManagerService
01-07 03:34:15.476   929   929 I SystemServiceManager: Starting com.android.server.wallpaper.WallpaperManagerService$Lifecycle
01-07 03:34:15.478   929   929 V SystemServerTiming: StartWallpaperManagerService took to complete: 2ms
01-07 03:34:15.478   929   929 D SystemServerTiming: StartWallpaperEffectsGenerationService
01-07 03:34:15.478   929   929 I SystemServiceManager: Starting com.android.server.wallpapereffectsgeneration.WallpaperEffectsGenerationManagerService
01-07 03:34:15.479   929   929 V SystemServerTiming: StartWallpaperEffectsGenerationService took to complete: 1ms
01-07 03:34:15.479   929   929 D SystemServerTiming: StartAudioService
01-07 03:34:15.480   929   929 I SystemServiceManager: Starting com.android.server.audio.AudioService$Lifecycle
01-07 03:34:15.520   929   929 V SystemServerTiming: StartAudioService took to complete: 40ms
01-07 03:34:15.520   929   929 D SystemServerTiming: StartSoundTriggerMiddlewareService
01-07 03:34:15.520   929   929 I SystemServiceManager: Starting com.android.server.soundtrigger_middleware.SoundTriggerMiddlewareService$Lifecycle
01-07 03:34:15.523   929   929 V SystemServerTiming: StartSoundTriggerMiddlewareService took to complete: 3ms
01-07 03:34:15.523   929   929 D SystemServerTiming: StartDockObserver
01-07 03:34:15.523   929   929 I SystemServiceManager: Starting com.android.server.DockObserver
01-07 03:34:15.524   929   929 I DockObserver: No extcon dock device found in this kernel.
01-07 03:34:15.524   929   929 V SystemServerTiming: StartDockObserver took to complete: 1ms
01-07 03:34:15.525   929   929 D SystemServerTiming: StartWiredAccessoryManager
01-07 03:34:15.525   929   929 W WiredAccessoryManager: This kernel does not have wired headset support
01-07 03:34:15.525   929   929 W WiredAccessoryManager: This kernel does not have usb audio support
01-07 03:34:15.526   929   929 W WiredAccessoryManager: This kernel does not have HDMI audio support
01-07 03:34:15.526   929   929 V SystemServerTiming: StartWiredAccessoryManager took to complete: 1ms
01-07 03:34:15.526   929   929 D SystemServerTiming: StartAdbService
01-07 03:34:15.526   929   929 I SystemServiceManager: Starting com.android.server.adb.AdbService$Lifecycle
01-07 03:34:15.528   929   929 V SystemServerTiming: StartAdbService took to complete: 2ms
01-07 03:34:15.528   929   929 D SystemServerTiming: StartUsbService
01-07 03:34:15.528   929   929 I SystemServiceManager: Starting com.android.server.usb.UsbService$Lifecycle
01-07 03:34:15.528   929   929 V SystemServerTiming: StartUsbService took to complete: 0ms
01-07 03:34:15.528   929   965 D SystemServerTimingAsync: InitThreadPoolExec:UsbService$Lifecycle#onStart
01-07 03:34:15.528   929   965 D SystemServerInitThreadPool: Started executing UsbService$Lifecycle#onStart
01-07 03:34:15.529   929   929 D SystemServerTiming: StartSerialService
01-07 03:34:15.529   929   929 V SystemServerTiming: StartSerialService took to complete: 0ms
01-07 03:34:15.529   929   929 D SystemServerTiming: StartHardwarePropertiesManagerService
01-07 03:34:15.530   929   965 I UsbDeviceManager: failed to write to /sys/class/android_usb/android0/f_rndis/ethaddr
01-07 03:34:15.534   929   929 V SystemServerTiming: StartHardwarePropertiesManagerService took to complete: 5ms
01-07 03:34:15.534   929   929 D SystemServerTiming: StartTwilightService
01-07 03:34:15.534   929   929 I SystemServiceManager: Starting com.android.server.twilight.TwilightService
01-07 03:34:15.534   929   929 V SystemServerTiming: StartTwilightService took to complete: 0ms
01-07 03:34:15.534   929   929 D SystemServerTiming: StartColorDisplay
01-07 03:34:15.534   929   929 I SystemServiceManager: Starting com.android.server.display.color.ColorDisplayService
01-07 03:34:15.536   929   929 V SystemServerTiming: StartColorDisplay took to complete: 2ms
01-07 03:34:15.536   929   929 D SystemServerTiming: StartJobScheduler
01-07 03:34:15.536   929   929 I SystemServiceManager: Starting com.android.server.job.JobSchedulerService
01-07 03:34:15.539     0     0 I         : [6 T965   ..] read descriptors
01-07 03:34:15.539     0     0 I         : [6 T965   ..] read strings
01-07 03:34:15.539     0     0 I         : [6 T965   ..] read descriptors
01-07 03:34:15.539     0     0 I         : [6 T965   ..] read strings
01-07 03:34:15.538   929   965 W StorageManagerService: No primary storage defined yet; hacking together a stub
01-07 03:34:15.540   929   929 D JobStore: Start tag: job-info
01-07 03:34:15.540   929  1052 I UsbDeviceManager: Usb gadget hal service started android.hardware.usb.gadget@1.0::IUsbGadget default
01-07 03:34:15.544   929   965 D UsbPortManager: Querying USB HAL version
01-07 03:34:15.545   929   929 I JobStore: Read 4 jobs
01-07 03:34:15.549   929   958 I UsbDeviceManager: processing MSG_GET_CURRENT_USB_FUNCTIONS
01-07 03:34:15.549   929   958 I UsbDeviceManager: updating mCurrentFunctions
01-07 03:34:15.549   929   958 I UsbDeviceManager: mCurrentFunctions:0applied:1
01-07 03:34:15.549   929   929 V HistoricalRegistry: Interaction before persistence initialized
01-07 03:34:15.550   929   929 V HistoricalRegistry: Interaction before persistence initialized
01-07 03:34:15.552   929   965 I UsbPortManager: USB HAL HIDL present
01-07 03:34:15.556   929   929 V SystemServerTiming: StartJobScheduler took to complete: 19ms
01-07 03:34:15.556   929   929 D SystemServerTiming: StartSoundTrigger
01-07 03:34:15.556   929   929 I SystemServiceManager: Starting com.android.server.soundtrigger.SoundTriggerService
01-07 03:34:15.556   929  1176 I UsbPortManager: Usb hal service started android.hardware.usb@1.0::IUsb default
01-07 03:34:15.557   929   929 V SystemServerTiming: StartSoundTrigger took to complete: 1ms
01-07 03:34:15.557   929   929 D SystemServerTiming: StartTrustManager
01-07 03:34:15.557   929   929 I SystemServiceManager: Starting com.android.server.trust.TrustManagerService
01-07 03:34:15.558   929   929 V SystemServerTiming: StartTrustManager took to complete: 1ms
01-07 03:34:15.558   929   929 D SystemServerTiming: StartBackupManager
01-07 03:34:15.558   929   929 I SystemServiceManager: Starting com.android.server.backup.BackupManagerService$Lifecycle
01-07 03:34:15.562   929   929 V SystemServerTiming: StartBackupManager took to complete: 5ms
01-07 03:34:15.563   929   929 D SystemServerTiming: StartAppWidgetService
01-07 03:34:15.563   929   929 I SystemServiceManager: Starting com.android.server.appwidget.AppWidgetService
01-07 03:34:15.564   929   965 D UsbPortManager: getInstance done
01-07 03:34:15.566   929   929 V SystemServerTiming: StartAppWidgetService took to complete: 3ms
01-07 03:34:15.566   929   929 D SystemServerTiming: StartVoiceRecognitionManager
01-07 03:34:15.566   929   929 I SystemServiceManager: Starting com.android.server.voiceinteraction.VoiceInteractionManagerService
01-07 03:34:15.567   929   965 D SystemServerInitThreadPool: Finished executing UsbService$Lifecycle#onStart
01-07 03:34:15.567   929   965 V SystemServerTimingAsync: InitThreadPoolExec:UsbService$Lifecycle#onStart took to complete: 39ms
01-07 03:34:15.583   929   929 V SystemServerTiming: StartVoiceRecognitionManager took to complete: 17ms
01-07 03:34:15.583   929   929 D SystemServerTiming: StartAppHibernationService
01-07 03:34:15.583   929   929 I SystemServiceManager: Starting com.android.server.apphibernation.AppHibernationService
01-07 03:34:15.585   929   929 V SystemServerTiming: StartAppHibernationService took to complete: 2ms
01-07 03:34:15.586   929   929 D SystemServerTiming: StartGestureLauncher
01-07 03:34:15.586   929   929 I SystemServiceManager: Starting com.android.server.GestureLauncherService
01-07 03:34:15.586   929   929 V SystemServerTiming: StartGestureLauncher took to complete: 0ms
01-07 03:34:15.586   929   929 D SystemServerTiming: StartSensorNotification
01-07 03:34:15.586   929   929 I SystemServiceManager: Starting com.android.server.SensorNotificationService
01-07 03:34:15.586   929   929 V SystemServerTiming: StartSensorNotification took to complete: 0ms
01-07 03:34:15.586   929   929 D SystemServerTiming: StartDiskStatsService
01-07 03:34:15.587   929   929 D CompatibilityChangeReporter: Compat change id reported: 194532703; UID 1000; state: ENABLED
01-07 03:34:15.590   929   929 V SystemServerTiming: StartDiskStatsService took to complete: 4ms
01-07 03:34:15.590   929   929 D SystemServerTiming: RuntimeService
01-07 03:34:15.590   929   929 V SystemServerTiming: RuntimeService took to complete: 0ms
01-07 03:34:15.590   929   929 D SystemServerTiming: StartNetworkTimeUpdateService
01-07 03:34:15.592   929   929 V SystemServerTiming: StartNetworkTimeUpdateService took to complete: 2ms
01-07 03:34:15.592   929   929 D SystemServerTiming: CertBlacklister
01-07 03:34:15.593   929   929 V SystemServerTiming: CertBlacklister took to complete: 1ms
01-07 03:34:15.593   929   929 D SystemServerTiming: StartEmergencyAffordanceService
01-07 03:34:15.593   929   929 I SystemServiceManager: Starting com.android.server.emergency.EmergencyAffordanceService
01-07 03:34:15.595   929   929 V SystemServerTiming: StartEmergencyAffordanceService took to complete: 1ms
01-07 03:34:15.595   929   929 D SystemServerTiming: startBlobStoreManagerService
01-07 03:34:15.595   929   929 I SystemServiceManager: Starting com.android.server.blob.BlobStoreManagerService
01-07 03:34:15.600   929   929 V SystemServerTiming: startBlobStoreManagerService took to complete: 5ms
01-07 03:34:15.600   929   929 D SystemServerTiming: StartDreamManager
01-07 03:34:15.600   929   929 I SystemServiceManager: Starting com.android.server.dreams.DreamManagerService
01-07 03:34:15.602   929   929 V SystemServerTiming: StartDreamManager took to complete: 2ms
01-07 03:34:15.602   929   929 D SystemServerTiming: AddGraphicsStatsService
01-07 03:34:15.605   929   929 V SystemServerTiming: AddGraphicsStatsService took to complete: 3ms
01-07 03:34:15.607   929   929 D SystemServerTiming: StartAttestationVerificationService
01-07 03:34:15.607   929   929 I SystemServiceManager: Starting com.android.server.security.AttestationVerificationManagerService
01-07 03:34:15.608   929   929 D AVF     : Started
01-07 03:34:15.610   929   929 V SystemServerTiming: StartAttestationVerificationService took to complete: 3ms
01-07 03:34:15.610   929   929 D SystemServerTiming: StartRestrictionManager
01-07 03:34:15.610   929   929 I SystemServiceManager: Starting com.android.server.restrictions.RestrictionsManagerService
01-07 03:34:15.611   929   929 V SystemServerTiming: StartRestrictionManager took to complete: 2ms
01-07 03:34:15.612   929   929 D SystemServerTiming: StartMediaSessionService
01-07 03:34:15.613   929   929 I SystemServiceManager: Starting com.android.server.media.MediaSessionService
01-07 03:34:15.616   929   929 V SystemServerTiming: StartMediaSessionService took to complete: 4ms
01-07 03:34:15.616   929   929 D SystemServerTiming: StartHdmiControlService
01-07 03:34:15.617   929   929 I SystemServiceManager: Starting com.android.server.hdmi.HdmiControlService
01-07 03:34:15.621   929   929 D HdmiCecActiveness: setState inactive mState:null
01-07 03:34:15.622   929   929 D HDMI    : Getting CEC setting value 'hdmi_cec_enabled'.
01-07 03:34:15.622   929   929 D HDMI    : Reading 'hdmi_cec_enabled' shared preference.
01-07 03:34:15.622   929   929 D HDMI    : Getting CEC setting value 'volume_control_enabled'.
01-07 03:34:15.622   929   929 D HDMI    : Reading 'volume_control_enabled' shared preference.
01-07 03:34:15.627   929   929 D HDMI    : soundbar mode:true
01-07 03:34:15.629   929   929 E HDMI    : [1]:Couldn't connect to cec@1.1java.util.NoSuchElementException
01-07 03:34:15.629   929   929 W HDMI    : [1]:Couldn't get tv.cec service.
01-07 03:34:15.629   929   929 W HDMI    : [1]:Unable to use cec@1.1
01-07 03:34:15.635   929   929 I HdmiControlService: Device does not support MHL-control.
01-07 03:34:15.636   929   929 D HDMI    : Getting CEC setting value 'hdmi_cec_version'.
01-07 03:34:15.636   929   929 D HDMI    : Reading 'hdmi_cec_version' shared preference.
01-07 03:34:15.636   929   929 D HDMI    : setOption: [flag:3, enabled:true]
01-07 03:34:15.638   929   929 D HDMI    : initializeLocalDevices type 5
01-07 03:34:15.638   929   929 D HDMI    : initializeLocalDevices skipping 5 mCecAudioSystemEnabled is false
01-07 03:34:15.638   929   929 D HDMI    : initializeLocalDevices type 4
01-07 03:34:15.639   929   929 D HDMI    : initializeLocalDevices type is 4 mCecAudioSystemEnabled is false setting to 8
01-07 03:34:15.640     0     0 I [2 T516   ..] cec: CEC framework ctrl enabled
01-07 03:34:15.642   929   929 D HDMI    : Getting CEC setting value 'routing_control'.
01-07 03:34:15.643   929   929 D HDMI    : Reading 'routing_control' shared preference.
01-07 03:34:15.711     0     0 E [4 T1     ..] init: Control message: Could not find 'aidl/clipboard' for ctl.interface_start from pid: 315 (/system/bin/servicemanager)
01-07 03:34:15.762   929  1188 D HDMI    : New logical address for device [4]: [preferred:3, assigned:3]
01-07 03:34:15.765   929   929 D HDMI    : initPortInfo port info:port_id: 3, type: HDMI_IN, address: 0x2300, cec: true, arc: false, mhl: false
01-07 03:34:15.766   929   929 D HDMI    : initPortInfo port info:port_id: 2, type: HDMI_IN, address: 0x2200, cec: true, arc: false, mhl: false
01-07 03:34:15.766   929   929 D HDMI    : initPortInfo port info:port_id: 1, type: HDMI_IN, address: 0x2100, cec: true, arc: false, mhl: false
01-07 03:34:15.766   929   929 D HDMI    : initPortInfo port info:port_id: 0, type: HDMI_OUT, address: 0x2000, cec: true, arc: true, mhl: false
01-07 03:34:15.767   929   929 I EarcController: initEarcState supported:true
01-07 03:34:15.767   929   929 D EarcController: initEarcState settings:true
01-07 03:34:15.768   929   929 D EarcController: setEarcMode true
01-07 03:34:15.770   929   929 D HDMI    : Getting CEC setting value 'system_audio_control'.
01-07 03:34:15.770   929   929 D HDMI    : Reading 'system_audio_control' shared preference.
01-07 03:34:15.770   929   929 D EarcController: initEarcState audio switch:true
01-07 03:34:15.771   929   929 D EarcController: setEarcHalSettings true
01-07 03:34:15.775   929   929 D EarcController: audioSystem get earc rx attended type hal_param_get_earcrx_attend_type=1
01-07 03:34:15.775   929   929 D HDMI    : Getting CEC setting value 'set_menu_language'.
01-07 03:34:15.775   929   929 D HDMI    : Reading 'set_menu_language' shared preference.
01-07 03:34:15.780   929   929 W SystemServiceManager: Service com.android.server.hdmi.HdmiControlService took 159 ms in onStart
01-07 03:34:15.780   929   929 V SystemServerTiming: StartHdmiControlService took to complete: 165ms
01-07 03:34:15.781   929   929 D SystemServerTiming: StartTvInteractiveAppManager
01-07 03:34:15.781   929   929 I SystemServiceManager: Starting com.android.server.tv.interactive.TvInteractiveAppManagerService
01-07 03:34:15.782   929   929 V SystemServerTiming: StartTvInteractiveAppManager took to complete: 1ms
01-07 03:34:15.782   929   929 D SystemServerTiming: StartTvInputManager
01-07 03:34:15.783   929   929 I SystemServiceManager: Starting com.android.server.tv.TvInputManagerService
01-07 03:34:15.790   929   929 V SystemServerTiming: StartTvInputManager took to complete: 8ms
01-07 03:34:15.790   929   929 D SystemServerTiming: StartTvRemoteService
01-07 03:34:15.790   929   929 I SystemServiceManager: Starting com.android.server.tv.TvRemoteService
01-07 03:34:15.791   929   929 V SystemServerTiming: StartTvRemoteService took to complete: 1ms
01-07 03:34:15.791   929   929 D SystemServerTiming: StartMediaRouterService
01-07 03:34:15.791   929   929 V HistoricalRegistry: Interaction before persistence initialized
01-07 03:34:15.793   929   929 V SystemServerTiming: StartMediaRouterService took to complete: 2ms
01-07 03:34:15.793   929   929 D SystemServerTiming: StartBiometricService
01-07 03:34:15.793   929   929 I SystemServiceManager: Starting com.android.server.biometrics.BiometricService
01-07 03:34:15.798   929   929 V SystemServerTiming: StartBiometricService took to complete: 5ms
01-07 03:34:15.798   929   929 D SystemServerTiming: StartAuthService
01-07 03:34:15.798   929   929 I SystemServiceManager: Starting com.android.server.biometrics.AuthService
01-07 03:34:15.800   929   929 V SystemServerTiming: StartAuthService took to complete: 2ms
01-07 03:34:15.800   929   929 D SystemServerTiming: StartDynamicCodeLoggingService
01-07 03:34:15.802   929   929 V SystemServerTiming: StartDynamicCodeLoggingService took to complete: 2ms
01-07 03:34:15.802   929   929 D SystemServerTiming: StartPruneInstantAppsJobService
01-07 03:34:15.802   929   929 V SystemServerTiming: StartPruneInstantAppsJobService took to complete: 1ms
01-07 03:34:15.802   929   929 D SystemServerTiming: StartShortcutServiceLifecycle
01-07 03:34:15.803   929   929 I SystemServiceManager: Starting com.android.server.pm.ShortcutService$Lifecycle
01-07 03:34:15.804   929   929 V HistoricalRegistry: Interaction before persistence initialized
01-07 03:34:15.805   929   929 V SystemServerTiming: StartShortcutServiceLifecycle took to complete: 2ms
01-07 03:34:15.805   929   929 D SystemServerTiming: StartLauncherAppsService
01-07 03:34:15.805   929   929 I SystemServiceManager: Starting com.android.server.pm.LauncherAppsService
01-07 03:34:15.807   929   929 V SystemServerTiming: StartLauncherAppsService took to complete: 2ms
01-07 03:34:15.807   929   929 D SystemServerTiming: StartCrossProfileAppsService
01-07 03:34:15.807   929   929 I SystemServiceManager: Starting com.android.server.pm.CrossProfileAppsService
01-07 03:34:15.807   929   929 V SystemServerTiming: StartCrossProfileAppsService took to complete: 1ms
01-07 03:34:15.808   929   929 D SystemServerTiming: StartPeopleService
01-07 03:34:15.808   929   929 I SystemServiceManager: Starting com.android.server.people.PeopleService
01-07 03:34:15.808   929   929 V SystemServerTiming: StartPeopleService took to complete: 0ms
01-07 03:34:15.809   929   929 D SystemServerTiming: StartMediaMetricsManager
01-07 03:34:15.809   929   929 I SystemServiceManager: Starting com.android.server.media.metrics.MediaMetricsManagerService
01-07 03:34:15.810   929   929 V SystemServerTiming: StartMediaMetricsManager took to complete: 1ms
01-07 03:34:15.810   929   929 D SystemServerTiming: StartMediaProjectionManager
01-07 03:34:15.810   929   929 I SystemServiceManager: Starting com.android.server.media.projection.MediaProjectionManagerService
01-07 03:34:15.813   929   929 V SystemServerTiming: StartMediaProjectionManager took to complete: 3ms
01-07 03:34:15.813   929   929 D SystemServerTiming: StartSliceManagerService
01-07 03:34:15.814   929   929 I SystemServiceManager: Starting com.android.server.slice.SliceManagerService$Lifecycle
01-07 03:34:15.816   929   929 V SystemServerTiming: StartSliceManagerService took to complete: 2ms
01-07 03:34:15.816   929   929 D SystemServerTiming: StartStatsCompanion
01-07 03:34:15.817   929   929 I SystemServiceManager: Starting com.android.server.stats.StatsCompanion$Lifecycle
01-07 03:34:15.820   929   929 V SystemServerTiming: StartStatsCompanion took to complete: 4ms
01-07 03:34:15.820   929   929 D SystemServerTiming: StartRebootReadinessManagerService
01-07 03:34:15.820   492   492 V ZygoteInitTiming_lazy: PreloadClasses took to complete: 1258ms
01-07 03:34:15.821   929   929 I SystemServiceManager: Starting com.android.server.scheduling.RebootReadinessManagerService$Lifecycle
01-07 03:34:15.826   929   929 V SystemServerTiming: StartRebootReadinessManagerService took to complete: 6ms
01-07 03:34:15.826   929   929 D SystemServerTiming: StartStatsPullAtomService
01-07 03:34:15.826   929   929 I SystemServiceManager: Starting com.android.server.stats.pull.StatsPullAtomService
01-07 03:34:15.827   929   929 V SystemServerTiming: StartStatsPullAtomService took to complete: 1ms
01-07 03:34:15.827   929   929 D SystemServerTiming: StatsBootstrapAtomService
01-07 03:34:15.827   929   929 I SystemServiceManager: Starting com.android.server.stats.bootstrap.StatsBootstrapAtomService$Lifecycle
01-07 03:34:15.828   929   929 V SystemServerTiming: StatsBootstrapAtomService took to complete: 1ms
01-07 03:34:15.828   929   929 D SystemServerTiming: StartIncidentCompanionService
01-07 03:34:15.828   929   929 I SystemServiceManager: Starting com.android.server.incident.IncidentCompanionService
01-07 03:34:15.829   929   929 V SystemServerTiming: StartIncidentCompanionService took to complete: 1ms
01-07 03:34:15.830   929   929 D SystemServerTiming: StarSdkSandboxManagerService
01-07 03:34:15.830   929   929 I SystemServiceManager: Starting com.android.server.sdksandbox.SdkSandboxManagerService$Lifecycle
01-07 03:34:15.833   929   929 V SystemServerTiming: StarSdkSandboxManagerService took to complete: 3ms
01-07 03:34:15.833   929   929 D SystemServerTiming: StartAdServicesManagerService
01-07 03:34:15.834   929   929 I SystemServiceManager: Starting com.android.server.adservices.AdServicesManagerService$Lifecycle
01-07 03:34:15.834   929   929 V SystemServerTiming: StartAdServicesManagerService took to complete: 1ms
01-07 03:34:15.834   929   929 D SystemServerTiming: StartAutoFillService
01-07 03:34:15.834   929   929 I SystemServiceManager: Starting com.android.server.autofill.AutofillManagerService
01-07 03:34:15.836   929   929 D AutofillManagerService: setLogLevelFromSettings(): level=2, debug=true, verbose=false
01-07 03:34:15.836   492   492 V ZygoteInitTiming_lazy: CacheNonBootClasspathClassLoaders took to complete: 16ms
01-07 03:34:15.836   929   929 D AutofillManagerService: setMaxPartitionsFromSettings(): 10
01-07 03:34:15.836   929   929 D AutofillManagerService: setMaxVisibleDatasetsFromSettings(): 0
01-07 03:34:15.837   929   929 D AutofillManagerServiceImpl: Reset component for user 0:
01-07 03:34:15.837   929   959 D AutofillUI: destroySaveUiUiThread(): already destroyed
01-07 03:34:15.839   929   929 V SystemServerTiming: StartAutoFillService took to complete: 5ms
01-07 03:34:15.839   929   929 D SystemServer: TranslationService not defined by OEM
01-07 03:34:15.839   929   929 D SystemServerTiming: StartClipboardService
01-07 03:34:15.839   929   929 I SystemServiceManager: Starting com.android.server.clipboard.ClipboardService
01-07 03:34:15.842   929   929 V SystemServerTiming: StartClipboardService took to complete: 3ms
01-07 03:34:15.842   929   929 D SystemServerTiming: AppServiceManager
01-07 03:34:15.842   929   929 I SystemServiceManager: Starting com.android.server.appbinding.AppBindingService$Lifecycle
01-07 03:34:15.845   929   929 V SystemServerTiming: AppServiceManager took to complete: 3ms
01-07 03:34:15.845   929   929 D SystemServerTiming: startTracingServiceProxy
01-07 03:34:15.845   929   929 I SystemServiceManager: Starting com.android.server.tracing.TracingServiceProxy
01-07 03:34:15.847   929   929 V SystemServerTiming: startTracingServiceProxy took to complete: 2ms
01-07 03:34:15.847   929   929 D SystemServerTiming: MakeLockSettingsServiceReady
01-07 03:34:15.853   929   929 I SyntheticPasswordManager: Device does not support weaver
01-07 03:34:15.854   929   929 I LockSettingsService: Device doesn't implement AuthSecret HAL
01-07 03:34:15.854   929   929 I LockSettingsService: FRP credential disabled, reporting device setup complete to Gatekeeper immediately
01-07 03:34:15.859   929   929 V SystemServerTiming: MakeLockSettingsServiceReady took to complete: 13ms
01-07 03:34:15.860   929   929 D SystemServerTiming: StartBootPhaseLockSettingsReady
01-07 03:34:15.860   929   929 I SystemServiceManager: Starting phase 480
01-07 03:34:15.860   929   929 D SystemServerTiming: OnBootPhase_480
01-07 03:34:15.860   929   929 D SystemServerTiming: OnBootPhase_480_com.android.server.security.FileIntegrityService
01-07 03:34:15.860   929   929 V SystemServerTiming: OnBootPhase_480_com.android.server.security.FileIntegrityService took to complete: 0ms
01-07 03:34:15.860   929   929 D SystemServerTiming: OnBootPhase_480_com.android.server.pm.Installer
01-07 03:34:15.860   929   929 V SystemServerTiming: OnBootPhase_480_com.android.server.pm.Installer took to complete: 0ms
01-07 03:34:15.860   929   929 D SystemServerTiming: OnBootPhase_480_com.android.server.os.DeviceIdentifiersPolicyService
01-07 03:34:15.860   929   929 V SystemServerTiming: OnBootPhase_480_com.android.server.os.DeviceIdentifiersPolicyService took to complete: 0ms
01-07 03:34:15.860   929   929 D SystemServerTiming: OnBootPhase_480_com.android.server.uri.UriGrantsManagerService$Lifecycle
01-07 03:34:15.860   929   929 V SystemServerTiming: OnBootPhase_480_com.android.server.uri.UriGrantsManagerService$Lifecycle took to complete: 0ms
01-07 03:34:15.860   929   929 D SystemServerTiming: OnBootPhase_480_com.android.server.powerstats.PowerStatsService
01-07 03:34:15.860   929   929 V SystemServerTiming: OnBootPhase_480_com.android.server.powerstats.PowerStatsService took to complete: 0ms
01-07 03:34:15.860   929   929 D SystemServerTiming: OnBootPhase_480_com.android.server.wm.ActivityTaskManagerService$Lifecycle
01-07 03:34:15.860   929   929 V SystemServerTiming: OnBootPhase_480_com.android.server.wm.ActivityTaskManagerService$Lifecycle took to complete: 0ms
01-07 03:34:15.860   929   929 D SystemServerTiming: OnBootPhase_480_com.android.server.am.ActivityManagerService$Lifecycle
01-07 03:34:15.860   929   929 V SystemServerTiming: OnBootPhase_480_com.android.server.am.ActivityManagerService$Lifecycle took to complete: 0ms
01-07 03:34:15.860   929   929 D SystemServerTiming: OnBootPhase_480_com.android.server.pm.DataLoaderManagerService
01-07 03:34:15.860   929   929 V SystemServerTiming: OnBootPhase_480_com.android.server.pm.DataLoaderManagerService took to complete: 0ms
01-07 03:34:15.860   929   929 D SystemServerTiming: OnBootPhase_480_com.android.server.power.PowerManagerService
01-07 03:34:15.860   929   929 V SystemServerTiming: OnBootPhase_480_com.android.server.power.PowerManagerService took to complete: 0ms
01-07 03:34:15.860   929   929 D SystemServerTiming: OnBootPhase_480_com.android.server.power.ThermalManagerService
01-07 03:34:15.860   929   929 V SystemServerTiming: OnBootPhase_480_com.android.server.power.ThermalManagerService took to complete: 0ms
01-07 03:34:15.860   929   929 D SystemServerTiming: OnBootPhase_480_com.android.server.power.hint.HintManagerService
01-07 03:34:15.860   929   929 V SystemServerTiming: OnBootPhase_480_com.android.server.power.hint.HintManagerService took to complete: 0ms
01-07 03:34:15.860   929   929 D SystemServerTiming: OnBootPhase_480_com.android.server.recoverysystem.RecoverySystemService$Lifecycle
01-07 03:34:15.860   929   929 V SystemServerTiming: OnBootPhase_480_com.android.server.recoverysystem.RecoverySystemService$Lifecycle took to complete: 0ms
01-07 03:34:15.860   929   929 D SystemServerTiming: OnBootPhase_480_com.android.server.lights.LightsService
01-07 03:34:15.860   929   929 V SystemServerTiming: OnBootPhase_480_com.android.server.lights.LightsService took to complete: 0ms
01-07 03:34:15.861   929   929 D SystemServerTiming: OnBootPhase_480_com.android.server.display.DisplayManagerService
01-07 03:34:15.861   929   929 V SystemServerTiming: OnBootPhase_480_com.android.server.display.DisplayManagerService took to complete: 0ms
01-07 03:34:15.861   929   929 D SystemServerTiming: OnBootPhase_480_com.android.server.pm.verify.domain.DomainVerificationService
01-07 03:34:15.861   929   929 V SystemServerTiming: OnBootPhase_480_com.android.server.pm.verify.domain.DomainVerificationService took to complete: 0ms
01-07 03:34:15.861   929   929 D SystemServerTiming: OnBootPhase_480_com.android.server.pm.PackageInstallerService$Lifecycle
01-07 03:34:15.861   929   929 V SystemServerTiming: OnBootPhase_480_com.android.server.pm.PackageInstallerService$Lifecycle took to complete: 0ms
01-07 03:34:15.861   929   929 D SystemServerTiming: OnBootPhase_480_com.android.server.pm.UserManagerService$LifeCycle
01-07 03:34:15.861   929   929 V SystemServerTiming: OnBootPhase_480_com.android.server.pm.UserManagerService$LifeCycle took to complete: 0ms
01-07 03:34:15.861   929   929 D SystemServerTiming: OnBootPhase_480_com.android.server.om.OverlayManagerService
01-07 03:34:15.861   929   929 V SystemServerTiming: OnBootPhase_480_com.android.server.om.OverlayManagerService took to complete: 0ms
01-07 03:34:15.861   929   929 D SystemServerTiming: OnBootPhase_480_com.android.server.resources.ResourcesManagerService
01-07 03:34:15.861   929   929 V SystemServerTiming: OnBootPhase_480_com.android.server.resources.ResourcesManagerService took to complete: 0ms
01-07 03:34:15.861   929   929 D SystemServerTiming: OnBootPhase_480_com.android.server.sensorprivacy.SensorPrivacyService
01-07 03:34:15.861   929   929 V SystemServerTiming: OnBootPhase_480_com.android.server.sensorprivacy.SensorPrivacyService took to complete: 0ms
01-07 03:34:15.861   929   929 D SystemServerTiming: OnBootPhase_480_com.android.server.sensors.SensorService
01-07 03:34:15.861   929   929 V SystemServerTiming: OnBootPhase_480_com.android.server.sensors.SensorService took to complete: 0ms
01-07 03:34:15.861   929   929 D SystemServerTiming: OnBootPhase_480_com.android.server.SystemConfigService
01-07 03:34:15.861   929   929 V SystemServerTiming: OnBootPhase_480_com.android.server.SystemConfigService took to complete: 0ms
01-07 03:34:15.861   929   929 D SystemServerTiming: OnBootPhase_480_com.android.server.BatteryService
01-07 03:34:15.861   929   929 V SystemServerTiming: OnBootPhase_480_com.android.server.BatteryService took to complete: 0ms
01-07 03:34:15.861   929   929 D SystemServerTiming: OnBootPhase_480_com.android.server.usage.UsageStatsService
01-07 03:34:15.861   929   929 V SystemServerTiming: OnBootPhase_480_com.android.server.usage.UsageStatsService took to complete: 0ms
01-07 03:34:15.861   929   929 D SystemServerTiming: OnBootPhase_480_com.android.server.webkit.WebViewUpdateService
01-07 03:34:15.861   929   929 V SystemServerTiming: OnBootPhase_480_com.android.server.webkit.WebViewUpdateService took to complete: 0ms
01-07 03:34:15.861   929   929 D SystemServerTiming: OnBootPhase_480_com.android.server.CachedDeviceStateService
01-07 03:34:15.861   929   929 V SystemServerTiming: OnBootPhase_480_com.android.server.CachedDeviceStateService took to complete: 0ms
01-07 03:34:15.861   929   929 D SystemServerTiming: OnBootPhase_480_com.android.server.BinderCallsStatsService$LifeCycle
01-07 03:34:15.861   929   929 V SystemServerTiming: OnBootPhase_480_com.android.server.BinderCallsStatsService$LifeCycle took to complete: 0ms
01-07 03:34:15.861   929   929 D SystemServerTiming: OnBootPhase_480_com.android.server.LooperStatsService$Lifecycle
01-07 03:34:15.861   929   929 V SystemServerTiming: OnBootPhase_480_com.android.server.LooperStatsService$Lifecycle took to complete: 0ms
01-07 03:34:15.861   929   929 D SystemServerTiming: OnBootPhase_480_com.android.server.rollback.RollbackManagerService
01-07 03:34:15.861   929   929 V SystemServerTiming: OnBootPhase_480_com.android.server.rollback.RollbackManagerService took to complete: 0ms
01-07 03:34:15.861   929   929 D SystemServerTiming: OnBootPhase_480_com.android.server.os.NativeTombstoneManagerService
01-07 03:34:15.862   929   929 V SystemServerTiming: OnBootPhase_480_com.android.server.os.NativeTombstoneManagerService took to complete: 0ms
01-07 03:34:15.862   929   929 D SystemServerTiming: OnBootPhase_480_com.android.server.os.BugreportManagerService
01-07 03:34:15.862   929   929 V SystemServerTiming: OnBootPhase_480_com.android.server.os.BugreportManagerService took to complete: 0ms
01-07 03:34:15.862   929   929 D SystemServerTiming: OnBootPhase_480_com.android.server.gpu.GpuService
01-07 03:34:15.862   929   929 V SystemServerTiming: OnBootPhase_480_com.android.server.gpu.GpuService took to complete: 0ms
01-07 03:34:15.862   929   929 D SystemServerTiming: OnBootPhase_480_com.android.server.security.KeyChainSystemService
01-07 03:34:15.862   929   929 V SystemServerTiming: OnBootPhase_480_com.android.server.security.KeyChainSystemService took to complete: 0ms
01-07 03:34:15.862   929   929 D SystemServerTiming: OnBootPhase_480_com.android.server.BinaryTransparencyService
01-07 03:34:15.862   929   929 V SystemServerTiming: OnBootPhase_480_com.android.server.BinaryTransparencyService took to complete: 0ms
01-07 03:34:15.862   929   929 D SystemServerTiming: OnBootPhase_480_com.android.server.accounts.AccountManagerService$Lifecycle
01-07 03:34:15.862   929   929 V SystemServerTiming: OnBootPhase_480_com.android.server.accounts.AccountManagerService$Lifecycle took to complete: 0ms
01-07 03:34:15.862   929   929 D SystemServerTiming: OnBootPhase_480_com.android.server.content.ContentService$Lifecycle
01-07 03:34:15.862   929   929 V SystemServerTiming: OnBootPhase_480_com.android.server.content.ContentService$Lifecycle took to complete: 0ms
01-07 03:34:15.862   929   929 D SystemServerTiming: OnBootPhase_480_com.android.server.DropBoxManagerService
01-07 03:34:15.862   929   929 V SystemServerTiming: OnBootPhase_480_com.android.server.DropBoxManagerService took to complete: 0ms
01-07 03:34:15.862   929   929 D SystemServerTiming: OnBootPhase_480_com.android.role.RoleService
01-07 03:34:15.862   929   929 V SystemServerTiming: OnBootPhase_480_com.android.role.RoleService took to complete: 0ms
01-07 03:34:15.862   929   929 D SystemServerTiming: OnBootPhase_480_com.android.server.vibrator.VibratorManagerService$Lifecycle
01-07 03:34:15.862   929   929 V SystemServerTiming: OnBootPhase_480_com.android.server.vibrator.VibratorManagerService$Lifecycle took to complete: 0ms
01-07 03:34:15.862   929   929 D SystemServerTiming: OnBootPhase_480_com.android.server.tare.InternalResourceService
01-07 03:34:15.862   929   929 V SystemServerTiming: OnBootPhase_480_com.android.server.tare.InternalResourceService took to complete: 0ms
01-07 03:34:15.862   929   929 D SystemServerTiming: OnBootPhase_480_com.android.server.alarm.AlarmManagerService
01-07 03:34:15.862   929   929 V SystemServerTiming: OnBootPhase_480_com.android.server.alarm.AlarmManagerService took to complete: 0ms
01-07 03:34:15.862   929   929 D SystemServerTiming: OnBootPhase_480_com.android.server.devicestate.DeviceStateManagerService
01-07 03:34:15.862   929   929 V SystemServerTiming: OnBootPhase_480_com.android.server.devicestate.DeviceStateManagerService took to complete: 0ms
01-07 03:34:15.862   929   929 D SystemServerTiming: OnBootPhase_480_com.android.server.bluetooth.BluetoothService
01-07 03:34:15.862   929   929 V SystemServerTiming: OnBootPhase_480_com.android.server.bluetooth.BluetoothService took to complete: 0ms
