01-05 12:52:08.101   458   458 D C2Store : Default ION heapmask = -1
01-05 12:52:08.102   458   458 D C2Store : Default ION flags = 0
01-05 12:52:08.102   458   458 D C2Store : Default ION align = 0
01-05 12:52:08.103   458   458 I HidlServiceManagement: Registered android.hardware.media.c2@1.2::IComponentStore/software
01-05 12:52:08.105   458   458 I CodecServiceRegistrant: Preferred Codec2 store is set to "default".
01-05 12:52:08.105   458   458 I CodecServiceRegistrant: Software Codec2 service created and registered.
01-05 12:52:08.112   406   406 I BufferProvider: found effect "Multichannel Downmix To Stereo" from The Android Open Source Project
01-05 12:52:08.113   406   406 D AudioFlinger: Failed to add event callback
01-05 12:52:08.114   406   406 E APM_AudioPolicyManager: invalid volume index range
01-05 12:52:08.114   406   406 E APM_AudioPolicyManager: invalid volume index range
01-05 12:52:08.114   406   406 E APM_AudioPolicyManager: invalid volume index range
01-05 12:52:08.114   406   406 V APM_AudioPolicyManager: checkAndSetVolume cannot set volume group 4 volume when is not requested for comm
01-05 12:52:08.114   406   406 E APM_AudioPolicyManager: invalid volume index range
01-05 12:52:08.114   406   406 E APM_AudioPolicyManager: invalid volume index range
01-05 12:52:08.114   406   406 E APM_AudioPolicyManager: invalid volume index range
01-05 12:52:08.114   406   406 E APM_AudioPolicyManager: invalid volume index range
01-05 12:52:08.115   406   406 E APM_AudioPolicyManager: invalid volume index range
01-05 12:52:08.115   406   406 E APM_AudioPolicyManager: invalid volume index range
01-05 12:52:08.115   406   406 E APM_AudioPolicyManager: invalid volume index range
01-05 12:52:08.115   406   406 E APM_AudioPolicyManager: invalid volume index range
01-05 12:52:08.116   406   406 W AudioFlinger: moveEffects() bad srcOutput 0
01-05 12:52:08.116   406   406 V APM_AudioPolicyManager: selectOutputForMusicEffects selected output 13
01-05 12:52:08.116   406   406 V APM_AudioPolicyManager: setOutputDevices device {AUDIO_DEVICE_OUT_SPEAKER, @:} delayMs 0
01-05 12:52:08.116   406   406 V APM_AudioPolicyManager: setOutputDevices() prevDevice {AUDIO_DEVICE_OUT_SPEAKER, @:}
01-05 12:52:08.116   406   406 I APM::AudioPolicyEngine: getDevicesForStrategyInt no device found for strategy 9
01-05 12:52:08.117   406   406 V APM_AudioPolicyManager: setOutputDevices changing device to {AUDIO_DEVICE_OUT_SPEAKER, @:}
01-05 12:52:08.117   406   520 I AudioFlinger: AudioFlinger's thread 0xefbf1e20 tid=520 ready to run
01-05 12:52:08.117   406   520 W AudioFlinger: no wake lock to update, system not ready yet
01-05 12:52:08.117   406   520 D AudioFlinger: ro.audio.silent is ignored since no output device is set
01-05 12:52:08.117   356   356 E android.hardware.audio@7.1-impl.ranchu: getPresentationPosition:510 failure: Result::INVALID_STATE
01-05 12:52:08.163   406   520 W AudioFlinger: no wake lock to update, system not ready yet
01-05 12:52:08.163   406   520 D AudioFlinger: ro.audio.silent is ignored since no output device is set
01-05 12:52:08.163   406   520 D AudioFlinger: updateHalSupportedLatencyModes_l: thread(13) status -38 supported latency modes: { }
01-05 12:52:08.164   406   406 V APM_AudioPolicyManager: setOutputDevices() AF::createAudioPatch returned 0 patchHandle 12 num_sources 1 num_sinks 1
01-05 12:52:08.164   406   406 E APM_AudioPolicyManager: invalid volume index range
01-05 12:52:08.165   406   406 E APM_AudioPolicyManager: invalid volume index range
01-05 12:52:08.165   406   406 E APM_AudioPolicyManager: invalid volume index range
01-05 12:52:08.165   406   406 V APM_AudioPolicyManager: checkAndSetVolume cannot set volume group 4 volume when is not requested for comm
01-05 12:52:08.165   406   406 E APM_AudioPolicyManager: invalid volume index range
01-05 12:52:08.165   406   406 E APM_AudioPolicyManager: invalid volume index range
01-05 12:52:08.165   406   406 E APM_AudioPolicyManager: invalid volume index range
01-05 12:52:08.165   406   406 E APM_AudioPolicyManager: invalid volume index range
01-05 12:52:08.165   406   406 E APM_AudioPolicyManager: invalid volume index range
01-05 12:52:08.165   406   406 E APM_AudioPolicyManager: invalid volume index range
01-05 12:52:08.165   406   406 E APM_AudioPolicyManager: invalid volume index range
01-05 12:52:08.165   406   406 E APM_AudioPolicyManager: invalid volume index range
01-05 12:52:08.165   406   406 I AudioFlinger: openOutput() this 0xf0586610, module 10 Device AUDIO_DEVICE_OUT_TELEPHONY_TX, @:, SamplingRate 48000, Format 0x000001, Channels 0x3, flags 0
01-05 12:52:08.166   406   406 I AudioFlinger: HAL output buffer size 1088 frames, normal sink buffer size 1088 frames
01-05 12:52:08.167   406   406 D AudioFlinger: Failed to add event callback
01-05 12:52:08.167   510   510 D BootAnimation: BootAnimationStartTiming start time: 11167ms
01-05 12:52:08.168   406   524 I AudioFlinger: AudioFlinger's thread 0xef4f0e20 tid=524 ready to run
01-05 12:52:08.168   510   510 D BootAnimation: BootAnimationPreloadTiming start time: 11168ms
01-05 12:52:08.168   406   406 E APM_AudioPolicyManager: invalid volume index range
01-05 12:52:08.168   406   406 E APM_AudioPolicyManager: invalid volume index range
01-05 12:52:08.168   406   406 E APM_AudioPolicyManager: invalid volume index range
01-05 12:52:08.168   406   406 V APM_AudioPolicyManager: checkAndSetVolume cannot set volume group 4 volume when is not requested for comm
01-05 12:52:08.168   406   406 E APM_AudioPolicyManager: invalid volume index range
01-05 12:52:08.168   406   406 E APM_AudioPolicyManager: invalid volume index range
01-05 12:52:08.168   406   524 W AudioFlinger: no wake lock to update, system not ready yet
01-05 12:52:08.168   406   524 D AudioFlinger: ro.audio.silent is ignored since no output device is set
01-05 12:52:08.168   406   406 E APM_AudioPolicyManager: invalid volume index range
01-05 12:52:08.168   406   406 E APM_AudioPolicyManager: invalid volume index range
01-05 12:52:08.168   356   356 E android.hardware.audio@7.1-impl.ranchu: getPresentationPosition:510 failure: Result::INVALID_STATE
01-05 12:52:08.169   406   524 W AudioFlinger: no wake lock to update, system not ready yet
01-05 12:52:08.169   406   524 D AudioFlinger: ro.audio.silent is ignored since no output device is set
01-05 12:52:08.169   406   406 E APM_AudioPolicyManager: invalid volume index range
01-05 12:52:08.169   406   406 E APM_AudioPolicyManager: invalid volume index range
01-05 12:52:08.169   406   406 E APM_AudioPolicyManager: invalid volume index range
01-05 12:52:08.169   406   406 E APM_AudioPolicyManager: invalid volume index range
01-05 12:52:08.169   406   406 V APM_AudioPolicyManager: selectOutputForMusicEffects selected output 13
01-05 12:52:08.169   406   406 V APM_AudioPolicyManager: setOutputDevices device {AUDIO_DEVICE_OUT_TELEPHONY_TX, @:} delayMs 0
01-05 12:52:08.169   406   406 V APM_AudioPolicyManager: setOutputDevices() prevDevice {AUDIO_DEVICE_OUT_TELEPHONY_TX, @:}
01-05 12:52:08.170   406   406 V APM_AudioPolicyManager: setOutputDevices changing device to {AUDIO_DEVICE_OUT_TELEPHONY_TX, @:}
01-05 12:52:08.170   510   510 D BootAnimation: /product/media/bootanimation.zip is loaded successfully
01-05 12:52:08.171   406   524 D AudioFlinger: updateHalSupportedLatencyModes_l: thread(21) status -38 supported latency modes: { }
01-05 12:52:08.171   406   406 V APM_AudioPolicyManager: setOutputDevices() AF::createAudioPatch returned 0 patchHandle 20 num_sources 1 num_sinks 1
01-05 12:52:08.172   406   406 E APM_AudioPolicyManager: invalid volume index range
01-05 12:52:08.172   406   406 E APM_AudioPolicyManager: invalid volume index range
01-05 12:52:08.172   406   406 E APM_AudioPolicyManager: invalid volume index range
01-05 12:52:08.172   406   406 E APM_AudioPolicyManager: invalid volume index range
01-05 12:52:08.172   406   406 E APM_AudioPolicyManager: invalid volume index range
01-05 12:52:08.172   406   406 E APM_AudioPolicyManager: invalid volume index range
01-05 12:52:08.172   406   406 E APM_AudioPolicyManager: invalid volume index range
01-05 12:52:08.172   406   406 E APM_AudioPolicyManager: invalid volume index range
01-05 12:52:08.172   406   406 E APM_AudioPolicyManager: invalid volume index range
01-05 12:52:08.172   406   406 E APM_AudioPolicyManager: invalid volume index range
01-05 12:52:08.172   406   406 E APM_AudioPolicyManager: invalid volume index range
01-05 12:52:08.172   406   406 E APM_AudioPolicyManager: invalid volume index range
01-05 12:52:08.175   406   526 I AudioFlinger: AudioFlinger's thread 0xef322ed0 tid=526 ready to run
01-05 12:52:08.175   406   526 W AudioFlinger: no wake lock to update, system not ready yet
01-05 12:52:08.176   406   526 W AudioFlinger: no wake lock to update, system not ready yet
01-05 12:52:08.178   406   528 I AudioFlinger: AudioFlinger's thread 0xef322ed0 tid=528 ready to run
01-05 12:52:08.178   406   528 W AudioFlinger: no wake lock to update, system not ready yet
01-05 12:52:08.180   406   528 W AudioFlinger: no wake lock to update, system not ready yet
01-05 12:52:08.181   406   530 I AudioFlinger: AudioFlinger's thread 0xef322ed0 tid=530 ready to run
01-05 12:52:08.182   406   530 W AudioFlinger: no wake lock to update, system not ready yet
01-05 12:52:08.183   406   530 W AudioFlinger: no wake lock to update, system not ready yet
01-05 12:52:08.185   356   403 I r_submix: adev_open(name=audio_hw_if)
01-05 12:52:08.185   406   406 D AudioFlinger::MelReporter: activateHalSoundDoseComputation: Forcing use of internal MEL computation.
01-05 12:52:08.186   406   406 W AudioFlinger: loadHwModule() sound dose reporting is not available
01-05 12:52:08.186   356   403 I r_submix: adev_init_check()
01-05 12:52:08.186   406   406 I AudioFlinger: loadHwModule() Loaded r_submix audio interface, handle 18
01-05 12:52:08.186   356   403 D r_submix: adev_open_input_stream(addr=0)
01-05 12:52:08.186   356   403 I r_submix: adev_open_input_stream(): about to create pipe at index 9, rate 48000, pipe size 4096
01-05 12:52:08.186   356   403 D r_submix: submix_audio_device_create_pipe_l(addr=0, idx=9)
01-05 12:52:08.186   356   403 D r_submix:   now using address 0 for route 9
01-05 12:52:08.189   406   533 I AudioFlinger: AudioFlinger's thread 0xef322ed0 tid=533 ready to run
01-05 12:52:08.190   356   403 I r_submix: in_standby()
01-05 12:52:08.190   406   533 W AudioFlinger: no wake lock to update, system not ready yet
01-05 12:52:08.191   356   403 I r_submix: in_standby()
01-05 12:52:08.191   406   533 W AudioFlinger: no wake lock to update, system not ready yet
01-05 12:52:08.192   356   403 D r_submix: adev_close_input_stream()
01-05 12:52:08.192   356   403 D r_submix: submix_audio_device_release_pipe_l(idx=9) addr=0
01-05 12:52:08.192   356   403 D r_submix: submix_audio_device_destroy_pipe_l(): pipe destroyed
01-05 12:52:08.196   406   406 D AudioFlinger::MelReporter: activateHalSoundDoseComputation: Forcing use of internal MEL computation.
01-05 12:52:08.196   406   406 W AudioFlinger: loadHwModule() sound dose reporting is not available
01-05 12:52:08.197   406   406 I AudioFlinger: loadHwModule() Loaded bluetooth audio interface, handle 26
01-05 12:52:08.198   158   158 I hwservicemanager: getTransport: Cannot find entry android.hardware.audio.effect@7.1::IEffectsFactory/default in either framework or device VINTF manifest.
01-05 12:52:08.202   406   406 I audioserver: Waiting for activity service
01-05 12:52:08.253   510   510 D BootAnimation: BootAnimationPreloadStopTiming start time: 11253ms
01-05 12:52:08.274   510   536 D libEGL  : loaded /vendor/lib/egl/libEGL_emulation.so
01-05 12:52:08.276   510   536 D libEGL  : loaded /vendor/lib/egl/libGLESv1_CM_emulation.so
01-05 12:52:08.279   510   536 D libEGL  : loaded /vendor/lib/egl/libGLESv2_emulation.so
01-05 12:52:08.282   350   350 D nativeloader: InitDefaultPublicLibraries for_preload=1: libandroid.so:libaaudio.so:libamidi.so:libbinder_ndk.so:libc.so:libcamera2ndk.so:libdl.so:libEGL.so:libGLESv1_CM.so:libGLESv2.so:libGLESv3.so:libicu.so:libicui18n.so:libicuuc.so:libjnigraphics.so:liblog.so:libmediandk.so:libm.so:libnativehelper.so:libnativewindow.so:libOpenMAXAL.so:libOpenSLES.so:libRS.so:libstdc++.so:libsync.so:libvulkan.so:libwebviewchromium_plat_support.so:libz.so
01-05 12:52:08.310   158   158 I hwservicemanager: getTransport: Cannot find entry android.hardware.configstore@1.0::ISurfaceFlingerConfigs/default in either framework or device VINTF manifest.
01-05 12:52:08.312   158   158 I hwservicemanager: getTransport: Cannot find entry android.hardware.graphics.mapper@4.0::IMapper/default in either framework or device VINTF manifest.
01-05 12:52:08.312   510   536 I Gralloc4: mapper 4.x is not supported
01-05 12:52:08.357   510   536 W emuglGLESv2_enc: error cap: 0xde1 is invalid
01-05 12:52:08.358   510   536 E emuglGLESv2_enc: device/generic/goldfish-opengl/system/GLESv2_enc/GL2Encoder.cpp:s_glEnable:5076 GL error 0x500 condition [!GLESv2Validation::allowedEnable(ctx->majorVersion(), ctx->minorVersion(), what)]
01-05 12:52:08.405   510   536 D BootAnimation: BootAnimationShownTiming start time: 11405ms
01-05 12:52:08.405   510   536 D BootAnimation: Playing files = /product/media/bootanimation.zip/part0, Requested repeat = 1, playUntilComplete = true
01-05 12:52:08.413   350   350 D zygote  : Time zone APEX ICU file found: /apex/com.android.tzdata/etc/icu/icu_tzdata.dat
01-05 12:52:08.416   350   350 D zygote  : I18n APEX ICU file found: /apex/com.android.i18n/etc/icu/icudt72l.dat
01-05 12:52:08.422   510   536 D BootAnimation: Playing files = /product/media/bootanimation.zip/part1, Requested repeat = 1, playUntilComplete = true
01-05 12:52:08.427   410   410 I SurfaceFlinger: Enter boot animation
01-05 12:52:08.604   350   350 I zygote  : Using memfd for future sealing
01-05 12:52:08.613   439   439 I bt_vhci_forwarder: ignore 0xff packet
01-05 12:52:08.625   350   350 W zygote  : Unexpected CPU variant for x86: x86.
01-05 12:52:08.625   350   350 W zygote  : Known variants: atom, sandybridge, silvermont, goldmont, goldmont-plus, tremont, kabylake, default
01-05 12:52:08.680   420   447 I adbd    : adbd mDNS service _adb._tcp registered: 1
01-05 12:52:08.852   350   350 D Zygote  : begin preload
01-05 12:52:08.853   350   350 I Zygote  : Calling ZygoteHooks.beginPreload()
01-05 12:52:08.868   350   540 I zygote  : Background verification of 154 classes from boot classpath took 108.939ms
01-05 12:52:08.953   350   350 I Zygote  : Preloading classes...
01-05 12:52:09.051   350   350 W Zygote  : Class not found for preloading: android.content.res.AssetFileDescriptor$AutoCloseInputStream$OffsetCorrectFileChannel
01-05 12:52:09.056   350   350 I Typeface: Preloading /system/fonts/Roboto-Regular.ttf
01-05 12:52:09.058   350   350 I Typeface: Preloading /system/fonts/RobotoStatic-Regular.ttf
01-05 12:52:09.059   350   350 W System  : No Compatibility callbacks set! Querying change 247079863
01-05 12:52:09.060   350   350 W System  : No Compatibility callbacks set! Querying change 247079863
01-05 12:52:09.060   350   350 W System  : No Compatibility callbacks set! Querying change 247079863
01-05 12:52:09.061   350   350 W System  : No Compatibility callbacks set! Querying change 247079863
01-05 12:52:09.061   350   350 W System  : No Compatibility callbacks set! Querying change 247079863
01-05 12:52:09.061   350   350 W System  : No Compatibility callbacks set! Querying change 247079863
01-05 12:52:09.061   350   350 W System  : No Compatibility callbacks set! Querying change 247079863
01-05 12:52:09.061   350   350 W System  : No Compatibility callbacks set! Querying change 247079863
01-05 12:52:09.061   350   350 W System  : No Compatibility callbacks set! Querying change 247079863
01-05 12:52:09.061   350   350 W System  : No Compatibility callbacks set! Querying change 247079863
01-05 12:52:09.061   350   350 W System  : No Compatibility callbacks set! Querying change 247079863
01-05 12:52:09.061   350   350 W System  : No Compatibility callbacks set! Querying change 247079863
01-05 12:52:09.061   350   350 W System  : No Compatibility callbacks set! Querying change 247079863
01-05 12:52:09.061   350   350 W System  : No Compatibility callbacks set! Querying change 247079863
01-05 12:52:09.061   350   350 W System  : No Compatibility callbacks set! Querying change 247079863
01-05 12:52:09.062   350   350 W System  : No Compatibility callbacks set! Querying change 247079863
01-05 12:52:09.062   350   350 W System  : No Compatibility callbacks set! Querying change 247079863
01-05 12:52:09.062   350   350 W System  : No Compatibility callbacks set! Querying change 247079863
01-05 12:52:09.062   350   350 W System  : No Compatibility callbacks set! Querying change 247079863
01-05 12:52:09.062   350   350 W System  : No Compatibility callbacks set! Querying change 247079863
01-05 12:52:09.062   350   350 W System  : No Compatibility callbacks set! Querying change 247079863
01-05 12:52:09.062   350   350 W System  : No Compatibility callbacks set! Querying change 247079863
01-05 12:52:09.062   350   350 W System  : No Compatibility callbacks set! Querying change 247079863
01-05 12:52:09.062   350   350 W System  : No Compatibility callbacks set! Querying change 247079863
01-05 12:52:09.062   350   350 W System  : No Compatibility callbacks set! Querying change 247079863
01-05 12:52:09.062   350   350 W System  : No Compatibility callbacks set! Querying change 247079863
01-05 12:52:09.062   350   350 W System  : No Compatibility callbacks set! Querying change 247079863
01-05 12:52:09.063   350   350 W System  : No Compatibility callbacks set! Querying change 247079863
01-05 12:52:09.063   350   350 W System  : No Compatibility callbacks set! Querying change 247079863
01-05 12:52:09.063   350   350 W System  : No Compatibility callbacks set! Querying change 247079863
01-05 12:52:09.063   350   350 W System  : No Compatibility callbacks set! Querying change 247079863
01-05 12:52:09.063   350   350 W System  : No Compatibility callbacks set! Querying change 247079863
01-05 12:52:09.063   350   350 W System  : No Compatibility callbacks set! Querying change 247079863
01-05 12:52:09.063   350   350 W System  : No Compatibility callbacks set! Querying change 247079863
01-05 12:52:09.064   350   350 W System  : No Compatibility callbacks set! Querying change 247079863
01-05 12:52:09.064   350   350 W System  : No Compatibility callbacks set! Querying change 247079863
01-05 12:52:09.064   350   350 W System  : No Compatibility callbacks set! Querying change 247079863
01-05 12:52:09.064   350   350 W System  : No Compatibility callbacks set! Querying change 247079863
01-05 12:52:09.064   350   350 W System  : No Compatibility callbacks set! Querying change 247079863
01-05 12:52:09.064   350   350 W System  : No Compatibility callbacks set! Querying change 247079863
01-05 12:52:09.065   350   350 W System  : No Compatibility callbacks set! Querying change 247079863
01-05 12:52:09.065   350   350 W System  : No Compatibility callbacks set! Querying change 247079863
01-05 12:52:09.065   350   350 W System  : No Compatibility callbacks set! Querying change 247079863
01-05 12:52:09.065   350   350 W System  : No Compatibility callbacks set! Querying change 247079863
01-05 12:52:09.065   350   350 W System  : No Compatibility callbacks set! Querying change 247079863
01-05 12:52:09.065   350   350 W System  : No Compatibility callbacks set! Querying change 247079863
01-05 12:52:09.065   350   350 W System  : No Compatibility callbacks set! Querying change 247079863
01-05 12:52:09.065   350   350 W System  : No Compatibility callbacks set! Querying change 247079863
01-05 12:52:09.065   350   350 W System  : No Compatibility callbacks set! Querying change 247079863
01-05 12:52:09.065   350   350 W System  : No Compatibility callbacks set! Querying change 247079863
01-05 12:52:09.065   350   350 W System  : No Compatibility callbacks set! Querying change 247079863
01-05 12:52:09.065   350   350 W System  : No Compatibility callbacks set! Querying change 247079863
01-05 12:52:09.065   350   350 W System  : No Compatibility callbacks set! Querying change 247079863
01-05 12:52:09.065   350   350 W System  : No Compatibility callbacks set! Querying change 247079863
01-05 12:52:09.066   350   350 W System  : No Compatibility callbacks set! Querying change 247079863
01-05 12:52:09.066   350   350 W System  : No Compatibility callbacks set! Querying change 247079863
01-05 12:52:09.066   350   350 W System  : No Compatibility callbacks set! Querying change 247079863
01-05 12:52:09.066   350   350 W System  : No Compatibility callbacks set! Querying change 247079863
01-05 12:52:09.066   350   350 W System  : No Compatibility callbacks set! Querying change 247079863
01-05 12:52:09.066   350   350 W System  : No Compatibility callbacks set! Querying change 247079863
01-05 12:52:09.066   350   350 W System  : No Compatibility callbacks set! Querying change 247079863
01-05 12:52:09.067   350   350 W System  : No Compatibility callbacks set! Querying change 247079863
01-05 12:52:09.067   350   350 W System  : No Compatibility callbacks set! Querying change 247079863
01-05 12:52:09.067   350   350 W System  : No Compatibility callbacks set! Querying change 247079863
01-05 12:52:09.067   350   350 W System  : No Compatibility callbacks set! Querying change 247079863
01-05 12:52:09.067   350   350 W System  : No Compatibility callbacks set! Querying change 247079863
01-05 12:52:09.067   350   350 W System  : No Compatibility callbacks set! Querying change 247079863
01-05 12:52:09.067   350   350 W System  : No Compatibility callbacks set! Querying change 247079863
01-05 12:52:09.067   350   350 W System  : No Compatibility callbacks set! Querying change 247079863
01-05 12:52:09.067   350   350 W System  : No Compatibility callbacks set! Querying change 247079863
01-05 12:52:09.067   350   350 W System  : No Compatibility callbacks set! Querying change 247079863
01-05 12:52:09.067   350   350 W System  : No Compatibility callbacks set! Querying change 247079863
01-05 12:52:09.067   350   350 W System  : No Compatibility callbacks set! Querying change 247079863
01-05 12:52:09.068   350   350 W System  : No Compatibility callbacks set! Querying change 247079863
01-05 12:52:09.068   350   350 W System  : No Compatibility callbacks set! Querying change 247079863
01-05 12:52:09.068   350   350 W System  : No Compatibility callbacks set! Querying change 247079863
01-05 12:52:09.068   350   350 W System  : No Compatibility callbacks set! Querying change 247079863
01-05 12:52:09.068   350   350 W System  : No Compatibility callbacks set! Querying change 247079863
01-05 12:52:09.068   350   350 W System  : No Compatibility callbacks set! Querying change 247079863
01-05 12:52:09.068   350   350 W System  : No Compatibility callbacks set! Querying change 247079863
01-05 12:52:09.068   350   350 W System  : No Compatibility callbacks set! Querying change 247079863
01-05 12:52:09.068   350   350 W System  : No Compatibility callbacks set! Querying change 247079863
01-05 12:52:09.068   350   350 W System  : No Compatibility callbacks set! Querying change 247079863
01-05 12:52:09.068   350   350 W System  : No Compatibility callbacks set! Querying change 247079863
01-05 12:52:09.068   350   350 W System  : No Compatibility callbacks set! Querying change 247079863
01-05 12:52:09.068   350   350 W System  : No Compatibility callbacks set! Querying change 247079863
01-05 12:52:09.068   350   350 W System  : No Compatibility callbacks set! Querying change 247079863
01-05 12:52:09.069   350   350 W System  : No Compatibility callbacks set! Querying change 247079863
01-05 12:52:09.069   350   350 W System  : No Compatibility callbacks set! Querying change 247079863
01-05 12:52:09.069   350   350 W System  : No Compatibility callbacks set! Querying change 247079863
01-05 12:52:09.069   350   350 W System  : No Compatibility callbacks set! Querying change 247079863
01-05 12:52:09.069   350   350 W System  : No Compatibility callbacks set! Querying change 247079863
01-05 12:52:09.069   350   350 W System  : No Compatibility callbacks set! Querying change 247079863
01-05 12:52:09.069   350   350 W System  : No Compatibility callbacks set! Querying change 247079863
01-05 12:52:09.069   350   350 W System  : No Compatibility callbacks set! Querying change 247079863
01-05 12:52:09.069   350   350 W System  : No Compatibility callbacks set! Querying change 247079863
01-05 12:52:09.069   350   350 W System  : No Compatibility callbacks set! Querying change 247079863
01-05 12:52:09.069   350   350 W System  : No Compatibility callbacks set! Querying change 247079863
01-05 12:52:09.069   350   350 W System  : No Compatibility callbacks set! Querying change 247079863
01-05 12:52:09.069   350   350 W System  : No Compatibility callbacks set! Querying change 247079863
01-05 12:52:09.069   350   350 W System  : No Compatibility callbacks set! Querying change 247079863
01-05 12:52:09.069   350   350 W System  : No Compatibility callbacks set! Querying change 247079863
01-05 12:52:09.069   350   350 W System  : No Compatibility callbacks set! Querying change 247079863
01-05 12:52:09.069   350   350 W System  : No Compatibility callbacks set! Querying change 247079863
01-05 12:52:09.069   350   350 W System  : No Compatibility callbacks set! Querying change 247079863
01-05 12:52:09.070   350   350 W System  : No Compatibility callbacks set! Querying change 247079863
01-05 12:52:09.070   350   350 W System  : No Compatibility callbacks set! Querying change 247079863
01-05 12:52:09.070   350   350 W System  : No Compatibility callbacks set! Querying change 247079863
01-05 12:52:09.070   350   350 W System  : No Compatibility callbacks set! Querying change 247079863
01-05 12:52:09.070   350   350 W System  : No Compatibility callbacks set! Querying change 247079863
01-05 12:52:09.070   350   350 W System  : No Compatibility callbacks set! Querying change 247079863
01-05 12:52:09.070   350   350 W System  : No Compatibility callbacks set! Querying change 247079863
01-05 12:52:09.070   350   350 W System  : No Compatibility callbacks set! Querying change 247079863
01-05 12:52:09.070   350   350 W System  : No Compatibility callbacks set! Querying change 247079863
01-05 12:52:09.070   350   350 W System  : No Compatibility callbacks set! Querying change 247079863
01-05 12:52:09.070   350   350 W System  : No Compatibility callbacks set! Querying change 247079863
01-05 12:52:09.070   350   350 W System  : No Compatibility callbacks set! Querying change 247079863
01-05 12:52:09.070   350   350 W System  : No Compatibility callbacks set! Querying change 247079863
01-05 12:52:09.070   350   350 W System  : No Compatibility callbacks set! Querying change 247079863
01-05 12:52:09.070   350   350 W System  : No Compatibility callbacks set! Querying change 247079863
01-05 12:52:09.070   350   350 W System  : No Compatibility callbacks set! Querying change 247079863
01-05 12:52:09.070   350   350 W System  : No Compatibility callbacks set! Querying change 247079863
01-05 12:52:09.071   350   350 W System  : No Compatibility callbacks set! Querying change 247079863
01-05 12:52:09.071   350   350 W System  : No Compatibility callbacks set! Querying change 247079863
01-05 12:52:09.071   350   350 W System  : No Compatibility callbacks set! Querying change 247079863
01-05 12:52:09.071   350   350 W System  : No Compatibility callbacks set! Querying change 247079863
01-05 12:52:09.071   350   350 W System  : No Compatibility callbacks set! Querying change 247079863
01-05 12:52:09.071   350   350 W System  : No Compatibility callbacks set! Querying change 247079863
01-05 12:52:09.071   350   350 W System  : No Compatibility callbacks set! Querying change 247079863
01-05 12:52:09.071   350   350 W System  : No Compatibility callbacks set! Querying change 247079863
01-05 12:52:09.071   350   350 W System  : No Compatibility callbacks set! Querying change 247079863
01-05 12:52:09.071   350   350 W System  : No Compatibility callbacks set! Querying change 247079863
01-05 12:52:09.071   350   350 W System  : No Compatibility callbacks set! Querying change 247079863
01-05 12:52:09.071   350   350 W System  : No Compatibility callbacks set! Querying change 247079863
01-05 12:52:09.071   350   350 W System  : No Compatibility callbacks set! Querying change 247079863
01-05 12:52:09.071   350   350 W System  : No Compatibility callbacks set! Querying change 247079863
01-05 12:52:09.071   350   350 W System  : No Compatibility callbacks set! Querying change 247079863
01-05 12:52:09.071   350   350 W System  : No Compatibility callbacks set! Querying change 247079863
01-05 12:52:09.071   350   350 W System  : No Compatibility callbacks set! Querying change 247079863
01-05 12:52:09.071   350   350 W System  : No Compatibility callbacks set! Querying change 247079863
01-05 12:52:09.071   350   350 W System  : No Compatibility callbacks set! Querying change 247079863
01-05 12:52:09.071   350   350 W System  : No Compatibility callbacks set! Querying change 247079863
01-05 12:52:09.071   350   350 W System  : No Compatibility callbacks set! Querying change 247079863
01-05 12:52:09.071   350   350 W System  : No Compatibility callbacks set! Querying change 247079863
01-05 12:52:09.072   350   350 W System  : No Compatibility callbacks set! Querying change 247079863
01-05 12:52:09.072   350   350 W System  : No Compatibility callbacks set! Querying change 247079863
01-05 12:52:09.072   350   350 W System  : No Compatibility callbacks set! Querying change 247079863
01-05 12:52:09.072   350   350 W System  : No Compatibility callbacks set! Querying change 247079863
01-05 12:52:09.072   350   350 W System  : No Compatibility callbacks set! Querying change 247079863
01-05 12:52:09.072   350   350 W System  : No Compatibility callbacks set! Querying change 247079863
01-05 12:52:09.072   350   350 W System  : No Compatibility callbacks set! Querying change 247079863
01-05 12:52:09.072   350   350 W System  : No Compatibility callbacks set! Querying change 247079863
01-05 12:52:09.072   350   350 W System  : No Compatibility callbacks set! Querying change 247079863
01-05 12:52:09.072   350   350 W System  : No Compatibility callbacks set! Querying change 247079863
01-05 12:52:09.072   350   350 W System  : No Compatibility callbacks set! Querying change 247079863
01-05 12:52:09.072   350   350 W System  : No Compatibility callbacks set! Querying change 247079863
01-05 12:52:09.072   350   350 W System  : No Compatibility callbacks set! Querying change 247079863
01-05 12:52:09.072   350   350 W System  : No Compatibility callbacks set! Querying change 247079863
01-05 12:52:09.072   350   350 W System  : No Compatibility callbacks set! Querying change 247079863
01-05 12:52:09.072   350   350 W System  : No Compatibility callbacks set! Querying change 247079863
01-05 12:52:09.072   350   350 W System  : No Compatibility callbacks set! Querying change 247079863
01-05 12:52:09.072   350   350 W System  : No Compatibility callbacks set! Querying change 247079863
01-05 12:52:09.073   350   350 W System  : No Compatibility callbacks set! Querying change 247079863
01-05 12:52:09.073   350   350 W System  : No Compatibility callbacks set! Querying change 247079863
01-05 12:52:09.073   350   350 W System  : No Compatibility callbacks set! Querying change 247079863
01-05 12:52:09.073   350   350 W System  : No Compatibility callbacks set! Querying change 247079863
01-05 12:52:09.073   350   350 W System  : No Compatibility callbacks set! Querying change 247079863
01-05 12:52:09.073   350   350 W System  : No Compatibility callbacks set! Querying change 247079863
01-05 12:52:09.073   350   350 W System  : No Compatibility callbacks set! Querying change 247079863
01-05 12:52:09.073   350   350 W System  : No Compatibility callbacks set! Querying change 247079863
01-05 12:52:09.073   350   350 W System  : No Compatibility callbacks set! Querying change 247079863
01-05 12:52:09.073   350   350 W System  : No Compatibility callbacks set! Querying change 247079863
01-05 12:52:09.073   350   350 W System  : No Compatibility callbacks set! Querying change 247079863
01-05 12:52:09.073   350   350 W System  : No Compatibility callbacks set! Querying change 247079863
01-05 12:52:09.073   350   350 W System  : No Compatibility callbacks set! Querying change 247079863
01-05 12:52:09.073   350   350 W System  : No Compatibility callbacks set! Querying change 247079863
01-05 12:52:09.073   350   350 W System  : No Compatibility callbacks set! Querying change 247079863
01-05 12:52:09.073   350   350 W System  : No Compatibility callbacks set! Querying change 247079863
01-05 12:52:09.073   350   350 W System  : No Compatibility callbacks set! Querying change 247079863
01-05 12:52:09.073   350   350 W System  : No Compatibility callbacks set! Querying change 247079863
01-05 12:52:09.073   350   350 W System  : No Compatibility callbacks set! Querying change 247079863
01-05 12:52:09.073   350   350 W System  : No Compatibility callbacks set! Querying change 247079863
01-05 12:52:09.074   350   350 W System  : No Compatibility callbacks set! Querying change 247079863
01-05 12:52:09.074   350   350 W System  : No Compatibility callbacks set! Querying change 247079863
01-05 12:52:09.074   350   350 W System  : No Compatibility callbacks set! Querying change 247079863
01-05 12:52:09.074   350   350 W System  : No Compatibility callbacks set! Querying change 247079863
01-05 12:52:09.074   350   350 W System  : No Compatibility callbacks set! Querying change 247079863
01-05 12:52:09.074   350   350 W System  : No Compatibility callbacks set! Querying change 247079863
01-05 12:52:09.074   350   350 W System  : No Compatibility callbacks set! Querying change 247079863
01-05 12:52:09.074   350   350 W System  : No Compatibility callbacks set! Querying change 247079863
01-05 12:52:09.074   350   350 W System  : No Compatibility callbacks set! Querying change 247079863
01-05 12:52:09.074   350   350 W System  : No Compatibility callbacks set! Querying change 247079863
01-05 12:52:09.074   350   350 W System  : No Compatibility callbacks set! Querying change 247079863
01-05 12:52:09.074   350   350 W System  : No Compatibility callbacks set! Querying change 247079863
01-05 12:52:09.074   350   350 W System  : No Compatibility callbacks set! Querying change 247079863
01-05 12:52:09.075   350   350 W System  : No Compatibility callbacks set! Querying change 247079863
01-05 12:52:09.075   350   350 W System  : No Compatibility callbacks set! Querying change 247079863
01-05 12:52:09.075   350   350 W System  : No Compatibility callbacks set! Querying change 247079863
01-05 12:52:09.075   350   350 W System  : No Compatibility callbacks set! Querying change 247079863
01-05 12:52:09.075   350   350 W System  : No Compatibility callbacks set! Querying change 247079863
01-05 12:52:09.075   350   350 W System  : No Compatibility callbacks set! Querying change 247079863
01-05 12:52:09.075   350   350 W System  : No Compatibility callbacks set! Querying change 247079863
01-05 12:52:09.075   350   350 W System  : No Compatibility callbacks set! Querying change 247079863
01-05 12:52:09.075   350   350 W System  : No Compatibility callbacks set! Querying change 247079863
01-05 12:52:09.075   350   350 W System  : No Compatibility callbacks set! Querying change 247079863
01-05 12:52:09.075   350   350 W System  : No Compatibility callbacks set! Querying change 247079863
01-05 12:52:09.075   350   350 W System  : No Compatibility callbacks set! Querying change 247079863
01-05 12:52:09.075   350   350 W System  : No Compatibility callbacks set! Querying change 247079863
01-05 12:52:09.075   350   350 W System  : No Compatibility callbacks set! Querying change 247079863
01-05 12:52:09.075   350   350 W System  : No Compatibility callbacks set! Querying change 247079863
01-05 12:52:09.076   350   350 W System  : No Compatibility callbacks set! Querying change 247079863
01-05 12:52:09.076   350   350 W System  : No Compatibility callbacks set! Querying change 247079863
01-05 12:52:09.076   350   350 W System  : No Compatibility callbacks set! Querying change 247079863
01-05 12:52:09.076   350   350 W System  : No Compatibility callbacks set! Querying change 247079863
01-05 12:52:09.076   350   350 W System  : No Compatibility callbacks set! Querying change 247079863
01-05 12:52:09.076   350   350 W System  : No Compatibility callbacks set! Querying change 247079863
01-05 12:52:09.076   350   350 W System  : No Compatibility callbacks set! Querying change 247079863
01-05 12:52:09.076   350   350 W System  : No Compatibility callbacks set! Querying change 247079863
01-05 12:52:09.076   350   350 W System  : No Compatibility callbacks set! Querying change 247079863
01-05 12:52:09.076   350   350 W System  : No Compatibility callbacks set! Querying change 247079863
01-05 12:52:09.076   350   350 W System  : No Compatibility callbacks set! Querying change 247079863
01-05 12:52:09.076   350   350 W System  : No Compatibility callbacks set! Querying change 247079863
01-05 12:52:09.076   350   350 W System  : No Compatibility callbacks set! Querying change 247079863
01-05 12:52:09.076   350   350 W System  : No Compatibility callbacks set! Querying change 247079863
01-05 12:52:09.076   350   350 W System  : No Compatibility callbacks set! Querying change 247079863
01-05 12:52:09.076   350   350 W System  : No Compatibility callbacks set! Querying change 247079863
01-05 12:52:09.076   350   350 W System  : No Compatibility callbacks set! Querying change 247079863
01-05 12:52:09.076   350   350 W System  : No Compatibility callbacks set! Querying change 247079863
01-05 12:52:09.076   350   350 W System  : No Compatibility callbacks set! Querying change 247079863
01-05 12:52:09.076   350   350 W System  : No Compatibility callbacks set! Querying change 247079863
01-05 12:52:09.077   350   350 W System  : No Compatibility callbacks set! Querying change 247079863
01-05 12:52:09.077   350   350 W System  : No Compatibility callbacks set! Querying change 247079863
01-05 12:52:09.077   350   350 W System  : No Compatibility callbacks set! Querying change 247079863
01-05 12:52:09.077   350   350 W System  : No Compatibility callbacks set! Querying change 247079863
01-05 12:52:09.077   350   350 W System  : No Compatibility callbacks set! Querying change 247079863
01-05 12:52:09.077   350   350 W System  : No Compatibility callbacks set! Querying change 247079863
01-05 12:52:09.077   350   350 W System  : No Compatibility callbacks set! Querying change 247079863
01-05 12:52:09.077   350   350 W System  : No Compatibility callbacks set! Querying change 247079863
01-05 12:52:09.077   350   350 W System  : No Compatibility callbacks set! Querying change 247079863
01-05 12:52:09.077   350   350 W System  : No Compatibility callbacks set! Querying change 247079863
01-05 12:52:09.077   350   350 W System  : No Compatibility callbacks set! Querying change 247079863
01-05 12:52:09.077   350   350 W System  : No Compatibility callbacks set! Querying change 247079863
01-05 12:52:09.077   350   350 W System  : No Compatibility callbacks set! Querying change 247079863
01-05 12:52:09.077   350   350 W System  : No Compatibility callbacks set! Querying change 247079863
01-05 12:52:09.077   350   350 W System  : No Compatibility callbacks set! Querying change 247079863
01-05 12:52:09.077   350   350 W System  : No Compatibility callbacks set! Querying change 247079863
01-05 12:52:09.077   350   350 W System  : No Compatibility callbacks set! Querying change 247079863
01-05 12:52:09.077   350   350 W System  : No Compatibility callbacks set! Querying change 247079863
01-05 12:52:09.077   350   350 W System  : No Compatibility callbacks set! Querying change 247079863
01-05 12:52:09.077   350   350 W System  : No Compatibility callbacks set! Querying change 247079863
01-05 12:52:09.077   350   350 W System  : No Compatibility callbacks set! Querying change 247079863
01-05 12:52:09.077   350   350 W System  : No Compatibility callbacks set! Querying change 247079863
01-05 12:52:09.077   350   350 W System  : No Compatibility callbacks set! Querying change 247079863
01-05 12:52:09.077   350   350 W System  : No Compatibility callbacks set! Querying change 247079863
01-05 12:52:09.078   350   350 W System  : No Compatibility callbacks set! Querying change 247079863
01-05 12:52:09.078   350   350 W System  : No Compatibility callbacks set! Querying change 247079863
01-05 12:52:09.078   350   350 W System  : No Compatibility callbacks set! Querying change 247079863
01-05 12:52:09.078   350   350 W System  : No Compatibility callbacks set! Querying change 247079863
01-05 12:52:09.078   350   350 W System  : No Compatibility callbacks set! Querying change 247079863
01-05 12:52:09.078   350   350 W System  : No Compatibility callbacks set! Querying change 247079863
01-05 12:52:09.078   350   350 W System  : No Compatibility callbacks set! Querying change 247079863
01-05 12:52:09.078   350   350 W System  : No Compatibility callbacks set! Querying change 247079863
01-05 12:52:09.078   350   350 W System  : No Compatibility callbacks set! Querying change 247079863
01-05 12:52:09.078   350   350 W System  : No Compatibility callbacks set! Querying change 247079863
01-05 12:52:09.078   350   350 W System  : No Compatibility callbacks set! Querying change 247079863
01-05 12:52:09.078   350   350 W System  : No Compatibility callbacks set! Querying change 247079863
01-05 12:52:09.078   350   350 W System  : No Compatibility callbacks set! Querying change 247079863
01-05 12:52:09.078   350   350 W System  : No Compatibility callbacks set! Querying change 247079863
01-05 12:52:09.078   350   350 W System  : No Compatibility callbacks set! Querying change 247079863
01-05 12:52:09.078   350   350 W System  : No Compatibility callbacks set! Querying change 247079863
01-05 12:52:09.078   350   350 W System  : No Compatibility callbacks set! Querying change 247079863
01-05 12:52:09.078   350   350 W System  : No Compatibility callbacks set! Querying change 247079863
01-05 12:52:09.078   350   350 W System  : No Compatibility callbacks set! Querying change 247079863
01-05 12:52:09.078   350   350 W System  : No Compatibility callbacks set! Querying change 247079863
01-05 12:52:09.079   350   350 W System  : No Compatibility callbacks set! Querying change 247079863
01-05 12:52:09.079   350   350 W System  : No Compatibility callbacks set! Querying change 247079863
01-05 12:52:09.079   350   350 W System  : No Compatibility callbacks set! Querying change 247079863
01-05 12:52:09.079   350   350 W System  : No Compatibility callbacks set! Querying change 247079863
01-05 12:52:09.079   350   350 W System  : No Compatibility callbacks set! Querying change 247079863
01-05 12:52:09.079   350   350 W System  : No Compatibility callbacks set! Querying change 247079863
01-05 12:52:09.079   350   350 W System  : No Compatibility callbacks set! Querying change 247079863
01-05 12:52:09.079   350   350 W System  : No Compatibility callbacks set! Querying change 247079863
01-05 12:52:09.079   350   350 W System  : No Compatibility callbacks set! Querying change 247079863
01-05 12:52:09.079   350   350 W System  : No Compatibility callbacks set! Querying change 247079863
01-05 12:52:09.080   350   350 W System  : No Compatibility callbacks set! Querying change 247079863
01-05 12:52:09.080   350   350 W System  : No Compatibility callbacks set! Querying change 247079863
01-05 12:52:09.080   350   350 W System  : No Compatibility callbacks set! Querying change 247079863
01-05 12:52:09.080   350   350 W System  : No Compatibility callbacks set! Querying change 247079863
01-05 12:52:09.080   350   350 W System  : No Compatibility callbacks set! Querying change 247079863
01-05 12:52:09.080   350   350 W System  : No Compatibility callbacks set! Querying change 247079863
01-05 12:52:09.080   350   350 W System  : No Compatibility callbacks set! Querying change 247079863
01-05 12:52:09.080   350   350 W System  : No Compatibility callbacks set! Querying change 247079863
01-05 12:52:09.080   350   350 W System  : No Compatibility callbacks set! Querying change 247079863
01-05 12:52:09.080   350   350 W System  : No Compatibility callbacks set! Querying change 247079863
01-05 12:52:09.080   350   350 W System  : No Compatibility callbacks set! Querying change 247079863
01-05 12:52:09.080   350   350 W System  : No Compatibility callbacks set! Querying change 247079863
01-05 12:52:09.080   350   350 W System  : No Compatibility callbacks set! Querying change 247079863
01-05 12:52:09.081   350   350 W System  : No Compatibility callbacks set! Querying change 247079863
01-05 12:52:09.081   350   350 W System  : No Compatibility callbacks set! Querying change 247079863
01-05 12:52:09.081   350   350 W System  : No Compatibility callbacks set! Querying change 247079863
01-05 12:52:09.081   350   350 W System  : No Compatibility callbacks set! Querying change 247079863
01-05 12:52:09.081   350   350 W System  : No Compatibility callbacks set! Querying change 247079863
01-05 12:52:09.081   350   350 W System  : No Compatibility callbacks set! Querying change 247079863
01-05 12:52:09.081   350   350 W System  : No Compatibility callbacks set! Querying change 247079863
01-05 12:52:09.081   350   350 W System  : No Compatibility callbacks set! Querying change 247079863
01-05 12:52:09.082   350   350 W System  : No Compatibility callbacks set! Querying change 247079863
01-05 12:52:09.082   350   350 W System  : No Compatibility callbacks set! Querying change 247079863
01-05 12:52:09.082   350   350 W System  : No Compatibility callbacks set! Querying change 247079863
01-05 12:52:09.082   350   350 W System  : No Compatibility callbacks set! Querying change 247079863
01-05 12:52:09.082   350   350 W System  : No Compatibility callbacks set! Querying change 247079863
01-05 12:52:09.082   350   350 W System  : No Compatibility callbacks set! Querying change 247079863
01-05 12:52:09.082   350   350 W System  : No Compatibility callbacks set! Querying change 247079863
01-05 12:52:09.083   350   350 W System  : No Compatibility callbacks set! Querying change 247079863
01-05 12:52:09.083   350   350 W System  : No Compatibility callbacks set! Querying change 247079863
01-05 12:52:09.084   350   350 W System  : No Compatibility callbacks set! Querying change 247079863
01-05 12:52:09.084   350   350 W System  : No Compatibility callbacks set! Querying change 247079863
01-05 12:52:09.084   350   350 W System  : No Compatibility callbacks set! Querying change 247079863
01-05 12:52:09.084   350   350 W System  : No Compatibility callbacks set! Querying change 247079863
01-05 12:52:09.084   350   350 W System  : No Compatibility callbacks set! Querying change 247079863
01-05 12:52:09.084   350   350 W System  : No Compatibility callbacks set! Querying change 247079863
01-05 12:52:09.084   350   350 W System  : No Compatibility callbacks set! Querying change 247079863
01-05 12:52:09.084   350   350 W System  : No Compatibility callbacks set! Querying change 247079863
01-05 12:52:09.085   350   350 W System  : No Compatibility callbacks set! Querying change 247079863
01-05 12:52:09.085   350   350 W System  : No Compatibility callbacks set! Querying change 247079863
01-05 12:52:09.085   350   350 W System  : No Compatibility callbacks set! Querying change 247079863
01-05 12:52:09.085   350   350 W System  : No Compatibility callbacks set! Querying change 247079863
01-05 12:52:09.085   350   350 W System  : No Compatibility callbacks set! Querying change 247079863
01-05 12:52:09.085   350   350 W System  : No Compatibility callbacks set! Querying change 247079863
01-05 12:52:09.085   350   350 W System  : No Compatibility callbacks set! Querying change 247079863
01-05 12:52:09.085   350   350 W System  : No Compatibility callbacks set! Querying change 247079863
01-05 12:52:09.085   350   350 W System  : No Compatibility callbacks set! Querying change 247079863
01-05 12:52:09.085   350   350 W System  : No Compatibility callbacks set! Querying change 247079863
01-05 12:52:09.085   350   350 W System  : No Compatibility callbacks set! Querying change 247079863
01-05 12:52:09.085   350   350 W System  : No Compatibility callbacks set! Querying change 247079863
01-05 12:52:09.085   350   350 W System  : No Compatibility callbacks set! Querying change 247079863
01-05 12:52:09.085   350   350 W System  : No Compatibility callbacks set! Querying change 247079863
01-05 12:52:09.085   350   350 W System  : No Compatibility callbacks set! Querying change 247079863
01-05 12:52:09.086   350   350 W System  : No Compatibility callbacks set! Querying change 247079863
01-05 12:52:09.086   350   350 W System  : No Compatibility callbacks set! Querying change 247079863
01-05 12:52:09.086   350   350 W System  : No Compatibility callbacks set! Querying change 247079863
01-05 12:52:09.086   350   350 W System  : No Compatibility callbacks set! Querying change 247079863
01-05 12:52:09.086   350   350 W System  : No Compatibility callbacks set! Querying change 247079863
01-05 12:52:09.086   350   350 W System  : No Compatibility callbacks set! Querying change 247079863
01-05 12:52:09.086   350   350 W System  : No Compatibility callbacks set! Querying change 247079863
01-05 12:52:09.086   350   350 W System  : No Compatibility callbacks set! Querying change 247079863
01-05 12:52:09.086   350   350 W System  : No Compatibility callbacks set! Querying change 247079863
01-05 12:52:09.086   350   350 W System  : No Compatibility callbacks set! Querying change 247079863
