01-05 21:34:52.968   462   462 W mediaswcodec: libminijail[462]: compile_file: /apex/com.android.media.swcodec/etc/seccomp_policy/crash_dump.x86.policy(31): syscall mprotect redefined here
01-05 21:34:52.968   462   462 W mediaswcodec: libminijail[462]: compile_file: <fd>(16): previous definition here
01-05 21:34:52.969   462   462 W mediaswcodec: libminijail[462]: compile_file: /apex/com.android.media.swcodec/etc/seccomp_policy/crash_dump.x86.policy(32): syscall munmap redefined here
01-05 21:34:52.969   462   462 W mediaswcodec: libminijail[462]: compile_file: <fd>(37): previous definition here
01-05 21:34:52.969   462   462 W mediaswcodec: libminijail[462]: compile_file: /apex/com.android.media.swcodec/etc/seccomp_policy/crash_dump.x86.policy(33): syscall getuid32 redefined here
01-05 21:34:52.969   462   462 W mediaswcodec: libminijail[462]: compile_file: <fd>(20): previous definition here
01-05 21:34:52.969   462   462 W mediaswcodec: libminijail[462]: compile_file: /apex/com.android.media.swcodec/etc/seccomp_policy/crash_dump.x86.policy(34): syscall fstat64 redefined here
01-05 21:34:52.969   462   462 W mediaswcodec: libminijail[462]: compile_file: <fd>(28): previous definition here
01-05 21:34:52.969   462   462 W mediaswcodec: libminijail[462]: compile_file: /apex/com.android.media.swcodec/etc/seccomp_policy/crash_dump.x86.policy(35): syscall mmap2 redefined here
01-05 21:34:52.969   462   462 W mediaswcodec: libminijail[462]: compile_file: <fd>(26): previous definition here
01-05 21:34:52.970   462   462 W mediaswcodec: libminijail[462]: logging seccomp filter failures
01-05 21:34:52.970   462   462 I CodecServiceRegistrant: Creating software Codec2 service...
01-05 21:34:52.972   462   462 D C2Store : Default ION heapmask = -1
01-05 21:34:52.972   462   462 D C2Store : Default ION flags = 0
01-05 21:34:52.972   462   462 D C2Store : Default ION align = 0
01-05 21:34:52.976   449   449 I MediaExtractorFactory: plugin directory not present (/system/lib/extractors)
01-05 21:34:52.976   449   449 I MediaExtractorFactory: plugin directory not present (/system_ext/lib/extractors)
01-05 21:34:52.980   462   462 I HidlServiceManagement: Registered android.hardware.media.c2@1.2::IComponentStore/software
01-05 21:34:52.982   462   462 I CodecServiceRegistrant: Preferred Codec2 store is set to "default".
01-05 21:34:52.982   462   462 I CodecServiceRegistrant: Software Codec2 service created and registered.
01-05 21:34:52.995   397   496 D AudioFlinger: updateHalSupportedLatencyModes_l: thread(13) status -38 supported latency modes: { }
01-05 21:34:52.996   397   397 V APM_AudioPolicyManager: setOutputDevices() AF::createAudioPatch returned 0 patchHandle 12 num_sources 1 num_sinks 1
01-05 21:34:52.997   397   397 E APM_AudioPolicyManager: invalid volume index range
01-05 21:34:52.997   397   397 E APM_AudioPolicyManager: invalid volume index range
01-05 21:34:52.997   397   397 E APM_AudioPolicyManager: invalid volume index range
01-05 21:34:52.997   397   397 V APM_AudioPolicyManager: checkAndSetVolume cannot set volume group 4 volume when is not requested for comm
01-05 21:34:52.997   397   397 E APM_AudioPolicyManager: invalid volume index range
01-05 21:34:52.997   397   397 E APM_AudioPolicyManager: invalid volume index range
01-05 21:34:52.997   397   397 E APM_AudioPolicyManager: invalid volume index range
01-05 21:34:52.997   397   397 E APM_AudioPolicyManager: invalid volume index range
01-05 21:34:52.998   397   397 E APM_AudioPolicyManager: invalid volume index range
01-05 21:34:52.998   397   397 E APM_AudioPolicyManager: invalid volume index range
01-05 21:34:52.998   397   397 E APM_AudioPolicyManager: invalid volume index range
01-05 21:34:52.998   397   397 E APM_AudioPolicyManager: invalid volume index range
01-05 21:34:52.998   397   397 I AudioFlinger: openOutput() this 0xf3a45c80, module 10 Device AUDIO_DEVICE_OUT_TELEPHONY_TX, @:, SamplingRate 48000, Format 0x000001, Channels 0x3, flags 0
01-05 21:34:52.998   397   397 I AudioFlinger: HAL output buffer size 1088 frames, normal sink buffer size 1088 frames
01-05 21:34:52.999   397   397 D AudioFlinger: Failed to add event callback
01-05 21:34:53.000   397   397 E APM_AudioPolicyManager: invalid volume index range
01-05 21:34:53.000   397   397 E APM_AudioPolicyManager: invalid volume index range
01-05 21:34:53.000   397   397 E APM_AudioPolicyManager: invalid volume index range
01-05 21:34:53.000   397   397 V APM_AudioPolicyManager: checkAndSetVolume cannot set volume group 4 volume when is not requested for comm
01-05 21:34:53.000   397   397 E APM_AudioPolicyManager: invalid volume index range
01-05 21:34:53.000   397   397 E APM_AudioPolicyManager: invalid volume index range
01-05 21:34:53.000   397   397 E APM_AudioPolicyManager: invalid volume index range
01-05 21:34:53.000   397   397 E APM_AudioPolicyManager: invalid volume index range
01-05 21:34:53.000   397   506 I AudioFlinger: AudioFlinger's thread 0xf34b4e20 tid=506 ready to run
01-05 21:34:53.000   397   506 W AudioFlinger: no wake lock to update, system not ready yet
01-05 21:34:53.000   397   506 D AudioFlinger: ro.audio.silent is ignored since no output device is set
01-05 21:34:53.000   353   353 E android.hardware.audio@7.1-impl.ranchu: getPresentationPosition:510 failure: Result::INVALID_STATE
01-05 21:34:53.001   397   397 E APM_AudioPolicyManager: invalid volume index range
01-05 21:34:53.001   397   397 E APM_AudioPolicyManager: invalid volume index range
01-05 21:34:53.001   397   397 E APM_AudioPolicyManager: invalid volume index range
01-05 21:34:53.001   397   397 E APM_AudioPolicyManager: invalid volume index range
01-05 21:34:53.001   397   397 V APM_AudioPolicyManager: selectOutputForMusicEffects selected output 13
01-05 21:34:53.001   397   397 V APM_AudioPolicyManager: setOutputDevices device {AUDIO_DEVICE_OUT_TELEPHONY_TX, @:} delayMs 0
01-05 21:34:53.001   397   397 V APM_AudioPolicyManager: setOutputDevices() prevDevice {AUDIO_DEVICE_OUT_TELEPHONY_TX, @:}
01-05 21:34:53.002   397   397 V APM_AudioPolicyManager: setOutputDevices changing device to {AUDIO_DEVICE_OUT_TELEPHONY_TX, @:}
01-05 21:34:53.002   397   506 W AudioFlinger: no wake lock to update, system not ready yet
01-05 21:34:53.002   397   506 D AudioFlinger: ro.audio.silent is ignored since no output device is set
01-05 21:34:53.002   397   506 D AudioFlinger: updateHalSupportedLatencyModes_l: thread(21) status -38 supported latency modes: { }
01-05 21:34:53.003   397   397 V APM_AudioPolicyManager: setOutputDevices() AF::createAudioPatch returned 0 patchHandle 20 num_sources 1 num_sinks 1
01-05 21:34:53.003   397   397 E APM_AudioPolicyManager: invalid volume index range
01-05 21:34:53.003   397   397 E APM_AudioPolicyManager: invalid volume index range
01-05 21:34:53.003   397   397 E APM_AudioPolicyManager: invalid volume index range
01-05 21:34:53.003   397   397 E APM_AudioPolicyManager: invalid volume index range
01-05 21:34:53.003   397   397 E APM_AudioPolicyManager: invalid volume index range
01-05 21:34:53.003   397   397 E APM_AudioPolicyManager: invalid volume index range
01-05 21:34:53.003   397   397 E APM_AudioPolicyManager: invalid volume index range
01-05 21:34:53.003   397   397 E APM_AudioPolicyManager: invalid volume index range
01-05 21:34:53.003   397   397 E APM_AudioPolicyManager: invalid volume index range
01-05 21:34:53.003   397   397 E APM_AudioPolicyManager: invalid volume index range
01-05 21:34:53.003   397   397 E APM_AudioPolicyManager: invalid volume index range
01-05 21:34:53.003   397   397 E APM_AudioPolicyManager: invalid volume index range
01-05 21:34:53.007   397   507 I AudioFlinger: AudioFlinger's thread 0xf2f10ed0 tid=507 ready to run
01-05 21:34:53.009   397   507 W AudioFlinger: no wake lock to update, system not ready yet
01-05 21:34:53.010   397   507 W AudioFlinger: no wake lock to update, system not ready yet
01-05 21:34:53.010   416   509 I adbd    : host-14: read thread spawning
01-05 21:34:53.010   416   511 I adbd    : host-18: read thread spawning
01-05 21:34:53.010   416   511 I adbd    : host-18: read failed: Success
01-05 21:34:53.010   416   511 I adbd    : host-18: connection terminated: read failed
01-05 21:34:53.010   416   416 I adbd    : host-18: already offline
01-05 21:34:53.010   416   416 I adbd    : Calling send_auth_request...
01-05 21:34:53.010   416   416 I adbd    : host-18: offline
01-05 21:34:53.010   416   416 I adbd    : destroying transport host-18
01-05 21:34:53.011   416   416 I adbd    : BlockingConnectionAdapter(host-18): stopping
01-05 21:34:53.011   416   512 I adbd    : host-18: write thread spawning
01-05 21:34:53.011   416   416 I adbd    : BlockingConnectionAdapter(host-18): stopped
01-05 21:34:53.011   416   416 I adbd    : BlockingConnectionAdapter(host-18): destructing
01-05 21:34:53.011   416   416 I adbd    : BlockingConnectionAdapter(host-18): already stopped
01-05 21:34:53.011   416   514 I adbd    : host-19: write thread spawning
01-05 21:34:53.011   416   510 I adbd    : host-14: write thread spawning
01-05 21:34:53.011   416   513 I adbd    : host-19: read thread spawning
01-05 21:34:53.011   416   416 I adbd    : host-19: already offline
01-05 21:34:53.011   416   416 I adbd    : Calling send_auth_request...
01-05 21:34:53.013   397   515 I AudioFlinger: AudioFlinger's thread 0xf2166ed0 tid=515 ready to run
01-05 21:34:53.013   397   515 W AudioFlinger: no wake lock to update, system not ready yet
01-05 21:34:53.014   397   515 W AudioFlinger: no wake lock to update, system not ready yet
01-05 21:34:53.016   397   517 I AudioFlinger: AudioFlinger's thread 0xf2166ed0 tid=517 ready to run
01-05 21:34:53.016   397   517 W AudioFlinger: no wake lock to update, system not ready yet
01-05 21:34:53.018   397   517 W AudioFlinger: no wake lock to update, system not ready yet
01-05 21:34:53.019   416   416 I adbd    : adbd_auth: loading keys from /data/misc/adb/adb_keys
01-05 21:34:53.022   353   401 I r_submix: adev_open(name=audio_hw_if)
01-05 21:34:53.022   397   397 D AudioFlinger::MelReporter: activateHalSoundDoseComputation: Forcing use of internal MEL computation.
01-05 21:34:53.022   397   397 W AudioFlinger: loadHwModule() sound dose reporting is not available
01-05 21:34:53.022   353   401 I r_submix: adev_init_check()
01-05 21:34:53.023   397   397 I AudioFlinger: loadHwModule() Loaded r_submix audio interface, handle 18
01-05 21:34:53.023   353   401 D r_submix: adev_open_input_stream(addr=0)
01-05 21:34:53.023   353   401 I r_submix: adev_open_input_stream(): about to create pipe at index 9, rate 48000, pipe size 4096
01-05 21:34:53.023   353   401 D r_submix: submix_audio_device_create_pipe_l(addr=0, idx=9)
01-05 21:34:53.023   353   401 D r_submix:   now using address 0 for route 9
01-05 21:34:53.026   348   348 D nativeloader: InitDefaultPublicLibraries for_preload=1: libandroid.so:libaaudio.so:libamidi.so:libbinder_ndk.so:libc.so:libcamera2ndk.so:libdl.so:libEGL.so:libGLESv1_CM.so:libGLESv2.so:libGLESv3.so:libicu.so:libicui18n.so:libicuuc.so:libjnigraphics.so:liblog.so:libmediandk.so:libm.so:libnativehelper.so:libnativewindow.so:libOpenMAXAL.so:libOpenSLES.so:libRS.so:libstdc++.so:libsync.so:libvulkan.so:libwebviewchromium_plat_support.so:libz.so
01-05 21:34:53.026   416   416 I adbd    : adb client authorized
01-05 21:34:53.027   397   519 I AudioFlinger: AudioFlinger's thread 0xf2166ed0 tid=519 ready to run
01-05 21:34:53.027   353   401 I r_submix: in_standby()
01-05 21:34:53.034   397   519 W AudioFlinger: no wake lock to update, system not ready yet
01-05 21:34:53.034   353   401 I r_submix: in_standby()
01-05 21:34:53.035   353   401 D r_submix: adev_close_input_stream()
01-05 21:34:53.035   353   401 D r_submix: submix_audio_device_release_pipe_l(idx=9) addr=0
01-05 21:34:53.035   353   401 D r_submix: submix_audio_device_destroy_pipe_l(): pipe destroyed
01-05 21:34:53.047   397   397 D AudioFlinger::MelReporter: activateHalSoundDoseComputation: Forcing use of internal MEL computation.
01-05 21:34:53.047   397   397 W AudioFlinger: loadHwModule() sound dose reporting is not available
01-05 21:34:53.049   397   397 I AudioFlinger: loadHwModule() Loaded bluetooth audio interface, handle 26
01-05 21:34:53.051   158   158 I hwservicemanager: getTransport: Cannot find entry android.hardware.audio.effect@7.1::IEffectsFactory/default in either framework or device VINTF manifest.
01-05 21:34:53.053   397   397 I audioserver: Waiting for activity service
01-05 21:34:53.055   488   488 D BootAnimation: BootAnimationStartTiming start time: 11055ms
01-05 21:34:53.056   488   488 D BootAnimation: BootAnimationPreloadTiming start time: 11056ms
01-05 21:34:53.060   488   488 D BootAnimation: /product/media/bootanimation.zip is loaded successfully
01-05 21:34:53.165   488   488 D BootAnimation: BootAnimationPreloadStopTiming start time: 11165ms
01-05 21:34:53.180   488   539 D libEGL  : loaded /vendor/lib/egl/libEGL_emulation.so
01-05 21:34:53.181   488   539 D libEGL  : loaded /vendor/lib/egl/libGLESv1_CM_emulation.so
01-05 21:34:53.184   488   539 D libEGL  : loaded /vendor/lib/egl/libGLESv2_emulation.so
01-05 21:34:53.215   158   158 I hwservicemanager: getTransport: Cannot find entry android.hardware.configstore@1.0::ISurfaceFlingerConfigs/default in either framework or device VINTF manifest.
01-05 21:34:53.218   158   158 I hwservicemanager: getTransport: Cannot find entry android.hardware.graphics.mapper@4.0::IMapper/default in either framework or device VINTF manifest.
01-05 21:34:53.218   488   539 I Gralloc4: mapper 4.x is not supported
01-05 21:34:53.247   348   348 D zygote  : Time zone APEX ICU file found: /apex/com.android.tzdata/etc/icu/icu_tzdata.dat
01-05 21:34:53.250   348   348 D zygote  : I18n APEX ICU file found: /apex/com.android.i18n/etc/icu/icudt72l.dat
01-05 21:34:53.268   488   539 W emuglGLESv2_enc: error cap: 0xde1 is invalid
01-05 21:34:53.268   488   539 E emuglGLESv2_enc: device/generic/goldfish-opengl/system/GLESv2_enc/GL2Encoder.cpp:s_glEnable:5076 GL error 0x500 condition [!GLESv2Validation::allowedEnable(ctx->majorVersion(), ctx->minorVersion(), what)]
01-05 21:34:53.305   488   539 D BootAnimation: BootAnimationShownTiming start time: 11305ms
01-05 21:34:53.305   488   539 D BootAnimation: Playing files = /product/media/bootanimation.zip/part0, Requested repeat = 1, playUntilComplete = true
01-05 21:34:53.322   488   539 D BootAnimation: Playing files = /product/media/bootanimation.zip/part1, Requested repeat = 1, playUntilComplete = true
01-05 21:34:53.325   404   404 I SurfaceFlinger: Enter boot animation
01-05 21:34:53.388   348   348 I zygote  : Using memfd for future sealing
01-05 21:34:53.405   348   348 W zygote  : Unexpected CPU variant for x86: x86.
01-05 21:34:53.405   348   348 W zygote  : Known variants: atom, sandybridge, silvermont, goldmont, goldmont-plus, tremont, kabylake, default
01-05 21:34:53.553   437   437 I bt_vhci_forwarder: ignore 0xff packet
01-05 21:34:53.621   348   348 D Zygote  : begin preload
01-05 21:34:53.621   348   348 I Zygote  : Calling ZygoteHooks.beginPreload()
01-05 21:34:53.626   348   540 I zygote  : Background verification of 154 classes from boot classpath took 108.573ms
01-05 21:34:53.709   348   348 I Zygote  : Preloading classes...
01-05 21:34:53.717   416   443 I adbd    : adbd mDNS service _adb._tcp registered: 1
01-05 21:34:53.792   348   348 W Zygote  : Class not found for preloading: android.content.res.AssetFileDescriptor$AutoCloseInputStream$OffsetCorrectFileChannel
01-05 21:34:53.798   348   348 I Typeface: Preloading /system/fonts/Roboto-Regular.ttf
01-05 21:34:53.799   348   348 I Typeface: Preloading /system/fonts/RobotoStatic-Regular.ttf
01-05 21:34:53.800   348   348 W System  : No Compatibility callbacks set! Querying change 247079863
01-05 21:34:53.801   348   348 W System  : No Compatibility callbacks set! Querying change 247079863
01-05 21:34:53.802   348   348 W System  : No Compatibility callbacks set! Querying change 247079863
01-05 21:34:53.802   348   348 W System  : No Compatibility callbacks set! Querying change 247079863
01-05 21:34:53.802   348   348 W System  : No Compatibility callbacks set! Querying change 247079863
01-05 21:34:53.802   348   348 W System  : No Compatibility callbacks set! Querying change 247079863
01-05 21:34:53.802   348   348 W System  : No Compatibility callbacks set! Querying change 247079863
01-05 21:34:53.802   348   348 W System  : No Compatibility callbacks set! Querying change 247079863
01-05 21:34:53.802   348   348 W System  : No Compatibility callbacks set! Querying change 247079863
01-05 21:34:53.802   348   348 W System  : No Compatibility callbacks set! Querying change 247079863
01-05 21:34:53.802   348   348 W System  : No Compatibility callbacks set! Querying change 247079863
01-05 21:34:53.802   348   348 W System  : No Compatibility callbacks set! Querying change 247079863
01-05 21:34:53.802   348   348 W System  : No Compatibility callbacks set! Querying change 247079863
01-05 21:34:53.802   348   348 W System  : No Compatibility callbacks set! Querying change 247079863
01-05 21:34:53.802   348   348 W System  : No Compatibility callbacks set! Querying change 247079863
01-05 21:34:53.802   348   348 W System  : No Compatibility callbacks set! Querying change 247079863
01-05 21:34:53.802   348   348 W System  : No Compatibility callbacks set! Querying change 247079863
01-05 21:34:53.802   348   348 W System  : No Compatibility callbacks set! Querying change 247079863
01-05 21:34:53.802   348   348 W System  : No Compatibility callbacks set! Querying change 247079863
01-05 21:34:53.803   348   348 W System  : No Compatibility callbacks set! Querying change 247079863
01-05 21:34:53.803   348   348 W System  : No Compatibility callbacks set! Querying change 247079863
01-05 21:34:53.803   348   348 W System  : No Compatibility callbacks set! Querying change 247079863
01-05 21:34:53.803   348   348 W System  : No Compatibility callbacks set! Querying change 247079863
01-05 21:34:53.803   348   348 W System  : No Compatibility callbacks set! Querying change 247079863
01-05 21:34:53.803   348   348 W System  : No Compatibility callbacks set! Querying change 247079863
01-05 21:34:53.803   348   348 W System  : No Compatibility callbacks set! Querying change 247079863
01-05 21:34:53.803   348   348 W System  : No Compatibility callbacks set! Querying change 247079863
01-05 21:34:53.803   348   348 W System  : No Compatibility callbacks set! Querying change 247079863
01-05 21:34:53.803   348   348 W System  : No Compatibility callbacks set! Querying change 247079863
01-05 21:34:53.803   348   348 W System  : No Compatibility callbacks set! Querying change 247079863
01-05 21:34:53.803   348   348 W System  : No Compatibility callbacks set! Querying change 247079863
01-05 21:34:53.803   348   348 W System  : No Compatibility callbacks set! Querying change 247079863
01-05 21:34:53.803   348   348 W System  : No Compatibility callbacks set! Querying change 247079863
01-05 21:34:53.803   348   348 W System  : No Compatibility callbacks set! Querying change 247079863
01-05 21:34:53.804   348   348 W System  : No Compatibility callbacks set! Querying change 247079863
01-05 21:34:53.804   348   348 W System  : No Compatibility callbacks set! Querying change 247079863
01-05 21:34:53.804   348   348 W System  : No Compatibility callbacks set! Querying change 247079863
01-05 21:34:53.804   348   348 W System  : No Compatibility callbacks set! Querying change 247079863
01-05 21:34:53.804   348   348 W System  : No Compatibility callbacks set! Querying change 247079863
01-05 21:34:53.804   348   348 W System  : No Compatibility callbacks set! Querying change 247079863
01-05 21:34:53.804   348   348 W System  : No Compatibility callbacks set! Querying change 247079863
01-05 21:34:53.804   348   348 W System  : No Compatibility callbacks set! Querying change 247079863
01-05 21:34:53.805   348   348 W System  : No Compatibility callbacks set! Querying change 247079863
01-05 21:34:53.805   348   348 W System  : No Compatibility callbacks set! Querying change 247079863
01-05 21:34:53.805   348   348 W System  : No Compatibility callbacks set! Querying change 247079863
01-05 21:34:53.805   348   348 W System  : No Compatibility callbacks set! Querying change 247079863
01-05 21:34:53.805   348   348 W System  : No Compatibility callbacks set! Querying change 247079863
01-05 21:34:53.805   348   348 W System  : No Compatibility callbacks set! Querying change 247079863
01-05 21:34:53.805   348   348 W System  : No Compatibility callbacks set! Querying change 247079863
01-05 21:34:53.805   348   348 W System  : No Compatibility callbacks set! Querying change 247079863
01-05 21:34:53.805   348   348 W System  : No Compatibility callbacks set! Querying change 247079863
01-05 21:34:53.805   348   348 W System  : No Compatibility callbacks set! Querying change 247079863
01-05 21:34:53.805   348   348 W System  : No Compatibility callbacks set! Querying change 247079863
01-05 21:34:53.805   348   348 W System  : No Compatibility callbacks set! Querying change 247079863
01-05 21:34:53.805   348   348 W System  : No Compatibility callbacks set! Querying change 247079863
01-05 21:34:53.805   348   348 W System  : No Compatibility callbacks set! Querying change 247079863
01-05 21:34:53.805   348   348 W System  : No Compatibility callbacks set! Querying change 247079863
01-05 21:34:53.805   348   348 W System  : No Compatibility callbacks set! Querying change 247079863
01-05 21:34:53.805   348   348 W System  : No Compatibility callbacks set! Querying change 247079863
01-05 21:34:53.805   348   348 W System  : No Compatibility callbacks set! Querying change 247079863
01-05 21:34:53.806   348   348 W System  : No Compatibility callbacks set! Querying change 247079863
01-05 21:34:53.806   348   348 W System  : No Compatibility callbacks set! Querying change 247079863
01-05 21:34:53.806   348   348 W System  : No Compatibility callbacks set! Querying change 247079863
01-05 21:34:53.806   348   348 W System  : No Compatibility callbacks set! Querying change 247079863
01-05 21:34:53.806   348   348 W System  : No Compatibility callbacks set! Querying change 247079863
01-05 21:34:53.806   348   348 W System  : No Compatibility callbacks set! Querying change 247079863
01-05 21:34:53.806   348   348 W System  : No Compatibility callbacks set! Querying change 247079863
01-05 21:34:53.806   348   348 W System  : No Compatibility callbacks set! Querying change 247079863
01-05 21:34:53.806   348   348 W System  : No Compatibility callbacks set! Querying change 247079863
01-05 21:34:53.806   348   348 W System  : No Compatibility callbacks set! Querying change 247079863
01-05 21:34:53.806   348   348 W System  : No Compatibility callbacks set! Querying change 247079863
01-05 21:34:53.806   348   348 W System  : No Compatibility callbacks set! Querying change 247079863
01-05 21:34:53.806   348   348 W System  : No Compatibility callbacks set! Querying change 247079863
01-05 21:34:53.806   348   348 W System  : No Compatibility callbacks set! Querying change 247079863
01-05 21:34:53.806   348   348 W System  : No Compatibility callbacks set! Querying change 247079863
01-05 21:34:53.806   348   348 W System  : No Compatibility callbacks set! Querying change 247079863
01-05 21:34:53.806   348   348 W System  : No Compatibility callbacks set! Querying change 247079863
01-05 21:34:53.806   348   348 W System  : No Compatibility callbacks set! Querying change 247079863
01-05 21:34:53.806   348   348 W System  : No Compatibility callbacks set! Querying change 247079863
01-05 21:34:53.806   348   348 W System  : No Compatibility callbacks set! Querying change 247079863
01-05 21:34:53.806   348   348 W System  : No Compatibility callbacks set! Querying change 247079863
01-05 21:34:53.806   348   348 W System  : No Compatibility callbacks set! Querying change 247079863
01-05 21:34:53.806   348   348 W System  : No Compatibility callbacks set! Querying change 247079863
01-05 21:34:53.807   348   348 W System  : No Compatibility callbacks set! Querying change 247079863
01-05 21:34:53.807   348   348 W System  : No Compatibility callbacks set! Querying change 247079863
01-05 21:34:53.807   348   348 W System  : No Compatibility callbacks set! Querying change 247079863
01-05 21:34:53.807   348   348 W System  : No Compatibility callbacks set! Querying change 247079863
01-05 21:34:53.807   348   348 W System  : No Compatibility callbacks set! Querying change 247079863
01-05 21:34:53.807   348   348 W System  : No Compatibility callbacks set! Querying change 247079863
01-05 21:34:53.807   348   348 W System  : No Compatibility callbacks set! Querying change 247079863
01-05 21:34:53.807   348   348 W System  : No Compatibility callbacks set! Querying change 247079863
01-05 21:34:53.807   348   348 W System  : No Compatibility callbacks set! Querying change 247079863
01-05 21:34:53.807   348   348 W System  : No Compatibility callbacks set! Querying change 247079863
01-05 21:34:53.807   348   348 W System  : No Compatibility callbacks set! Querying change 247079863
01-05 21:34:53.807   348   348 W System  : No Compatibility callbacks set! Querying change 247079863
01-05 21:34:53.807   348   348 W System  : No Compatibility callbacks set! Querying change 247079863
01-05 21:34:53.807   348   348 W System  : No Compatibility callbacks set! Querying change 247079863
01-05 21:34:53.807   348   348 W System  : No Compatibility callbacks set! Querying change 247079863
01-05 21:34:53.807   348   348 W System  : No Compatibility callbacks set! Querying change 247079863
01-05 21:34:53.807   348   348 W System  : No Compatibility callbacks set! Querying change 247079863
01-05 21:34:53.807   348   348 W System  : No Compatibility callbacks set! Querying change 247079863
01-05 21:34:53.807   348   348 W System  : No Compatibility callbacks set! Querying change 247079863
01-05 21:34:53.807   348   348 W System  : No Compatibility callbacks set! Querying change 247079863
01-05 21:34:53.807   348   348 W System  : No Compatibility callbacks set! Querying change 247079863
01-05 21:34:53.807   348   348 W System  : No Compatibility callbacks set! Querying change 247079863
01-05 21:34:53.807   348   348 W System  : No Compatibility callbacks set! Querying change 247079863
01-05 21:34:53.807   348   348 W System  : No Compatibility callbacks set! Querying change 247079863
01-05 21:34:53.807   348   348 W System  : No Compatibility callbacks set! Querying change 247079863
01-05 21:34:53.807   348   348 W System  : No Compatibility callbacks set! Querying change 247079863
01-05 21:34:53.807   348   348 W System  : No Compatibility callbacks set! Querying change 247079863
01-05 21:34:53.807   348   348 W System  : No Compatibility callbacks set! Querying change 247079863
01-05 21:34:53.808   348   348 W System  : No Compatibility callbacks set! Querying change 247079863
01-05 21:34:53.808   348   348 W System  : No Compatibility callbacks set! Querying change 247079863
01-05 21:34:53.808   348   348 W System  : No Compatibility callbacks set! Querying change 247079863
01-05 21:34:53.808   348   348 W System  : No Compatibility callbacks set! Querying change 247079863
01-05 21:34:53.808   348   348 W System  : No Compatibility callbacks set! Querying change 247079863
01-05 21:34:53.808   348   348 W System  : No Compatibility callbacks set! Querying change 247079863
01-05 21:34:53.808   348   348 W System  : No Compatibility callbacks set! Querying change 247079863
01-05 21:34:53.808   348   348 W System  : No Compatibility callbacks set! Querying change 247079863
01-05 21:34:53.808   348   348 W System  : No Compatibility callbacks set! Querying change 247079863
01-05 21:34:53.808   348   348 W System  : No Compatibility callbacks set! Querying change 247079863
01-05 21:34:53.808   348   348 W System  : No Compatibility callbacks set! Querying change 247079863
01-05 21:34:53.808   348   348 W System  : No Compatibility callbacks set! Querying change 247079863
01-05 21:34:53.808   348   348 W System  : No Compatibility callbacks set! Querying change 247079863
01-05 21:34:53.808   348   348 W System  : No Compatibility callbacks set! Querying change 247079863
01-05 21:34:53.808   348   348 W System  : No Compatibility callbacks set! Querying change 247079863
01-05 21:34:53.808   348   348 W System  : No Compatibility callbacks set! Querying change 247079863
01-05 21:34:53.808   348   348 W System  : No Compatibility callbacks set! Querying change 247079863
01-05 21:34:53.808   348   348 W System  : No Compatibility callbacks set! Querying change 247079863
01-05 21:34:53.808   348   348 W System  : No Compatibility callbacks set! Querying change 247079863
01-05 21:34:53.808   348   348 W System  : No Compatibility callbacks set! Querying change 247079863
01-05 21:34:53.809   348   348 W System  : No Compatibility callbacks set! Querying change 247079863
01-05 21:34:53.809   348   348 W System  : No Compatibility callbacks set! Querying change 247079863
01-05 21:34:53.809   348   348 W System  : No Compatibility callbacks set! Querying change 247079863
01-05 21:34:53.809   348   348 W System  : No Compatibility callbacks set! Querying change 247079863
01-05 21:34:53.809   348   348 W System  : No Compatibility callbacks set! Querying change 247079863
01-05 21:34:53.809   348   348 W System  : No Compatibility callbacks set! Querying change 247079863
01-05 21:34:53.809   348   348 W System  : No Compatibility callbacks set! Querying change 247079863
01-05 21:34:53.809   348   348 W System  : No Compatibility callbacks set! Querying change 247079863
01-05 21:34:53.809   348   348 W System  : No Compatibility callbacks set! Querying change 247079863
01-05 21:34:53.809   348   348 W System  : No Compatibility callbacks set! Querying change 247079863
01-05 21:34:53.809   348   348 W System  : No Compatibility callbacks set! Querying change 247079863
01-05 21:34:53.809   348   348 W System  : No Compatibility callbacks set! Querying change 247079863
01-05 21:34:53.809   348   348 W System  : No Compatibility callbacks set! Querying change 247079863
01-05 21:34:53.809   348   348 W System  : No Compatibility callbacks set! Querying change 247079863
01-05 21:34:53.809   348   348 W System  : No Compatibility callbacks set! Querying change 247079863
01-05 21:34:53.809   348   348 W System  : No Compatibility callbacks set! Querying change 247079863
01-05 21:34:53.809   348   348 W System  : No Compatibility callbacks set! Querying change 247079863
01-05 21:34:53.809   348   348 W System  : No Compatibility callbacks set! Querying change 247079863
01-05 21:34:53.809   348   348 W System  : No Compatibility callbacks set! Querying change 247079863
01-05 21:34:53.809   348   348 W System  : No Compatibility callbacks set! Querying change 247079863
01-05 21:34:53.809   348   348 W System  : No Compatibility callbacks set! Querying change 247079863
01-05 21:34:53.809   348   348 W System  : No Compatibility callbacks set! Querying change 247079863
01-05 21:34:53.809   348   348 W System  : No Compatibility callbacks set! Querying change 247079863
01-05 21:34:53.810   348   348 W System  : No Compatibility callbacks set! Querying change 247079863
01-05 21:34:53.810   348   348 W System  : No Compatibility callbacks set! Querying change 247079863
01-05 21:34:53.810   348   348 W System  : No Compatibility callbacks set! Querying change 247079863
01-05 21:34:53.810   348   348 W System  : No Compatibility callbacks set! Querying change 247079863
01-05 21:34:53.810   348   348 W System  : No Compatibility callbacks set! Querying change 247079863
01-05 21:34:53.810   348   348 W System  : No Compatibility callbacks set! Querying change 247079863
01-05 21:34:53.810   348   348 W System  : No Compatibility callbacks set! Querying change 247079863
01-05 21:34:53.810   348   348 W System  : No Compatibility callbacks set! Querying change 247079863
01-05 21:34:53.810   348   348 W System  : No Compatibility callbacks set! Querying change 247079863
01-05 21:34:53.810   348   348 W System  : No Compatibility callbacks set! Querying change 247079863
01-05 21:34:53.810   348   348 W System  : No Compatibility callbacks set! Querying change 247079863
01-05 21:34:53.810   348   348 W System  : No Compatibility callbacks set! Querying change 247079863
01-05 21:34:53.810   348   348 W System  : No Compatibility callbacks set! Querying change 247079863
01-05 21:34:53.810   348   348 W System  : No Compatibility callbacks set! Querying change 247079863
01-05 21:34:53.810   348   348 W System  : No Compatibility callbacks set! Querying change 247079863
01-05 21:34:53.810   348   348 W System  : No Compatibility callbacks set! Querying change 247079863
01-05 21:34:53.810   348   348 W System  : No Compatibility callbacks set! Querying change 247079863
01-05 21:34:53.810   348   348 W System  : No Compatibility callbacks set! Querying change 247079863
01-05 21:34:53.810   348   348 W System  : No Compatibility callbacks set! Querying change 247079863
01-05 21:34:53.810   348   348 W System  : No Compatibility callbacks set! Querying change 247079863
01-05 21:34:53.810   348   348 W System  : No Compatibility callbacks set! Querying change 247079863
01-05 21:34:53.810   348   348 W System  : No Compatibility callbacks set! Querying change 247079863
01-05 21:34:53.810   348   348 W System  : No Compatibility callbacks set! Querying change 247079863
01-05 21:34:53.810   348   348 W System  : No Compatibility callbacks set! Querying change 247079863
01-05 21:34:53.810   348   348 W System  : No Compatibility callbacks set! Querying change 247079863
01-05 21:34:53.810   348   348 W System  : No Compatibility callbacks set! Querying change 247079863
01-05 21:34:53.810   348   348 W System  : No Compatibility callbacks set! Querying change 247079863
01-05 21:34:53.810   348   348 W System  : No Compatibility callbacks set! Querying change 247079863
01-05 21:34:53.810   348   348 W System  : No Compatibility callbacks set! Querying change 247079863
01-05 21:34:53.810   348   348 W System  : No Compatibility callbacks set! Querying change 247079863
01-05 21:34:53.810   348   348 W System  : No Compatibility callbacks set! Querying change 247079863
01-05 21:34:53.810   348   348 W System  : No Compatibility callbacks set! Querying change 247079863
01-05 21:34:53.811   348   348 W System  : No Compatibility callbacks set! Querying change 247079863
01-05 21:34:53.811   348   348 W System  : No Compatibility callbacks set! Querying change 247079863
01-05 21:34:53.811   348   348 W System  : No Compatibility callbacks set! Querying change 247079863
01-05 21:34:53.811   348   348 W System  : No Compatibility callbacks set! Querying change 247079863
01-05 21:34:53.811   348   348 W System  : No Compatibility callbacks set! Querying change 247079863
01-05 21:34:53.811   348   348 W System  : No Compatibility callbacks set! Querying change 247079863
01-05 21:34:53.811   348   348 W System  : No Compatibility callbacks set! Querying change 247079863
01-05 21:34:53.811   348   348 W System  : No Compatibility callbacks set! Querying change 247079863
01-05 21:34:53.811   348   348 W System  : No Compatibility callbacks set! Querying change 247079863
01-05 21:34:53.811   348   348 W System  : No Compatibility callbacks set! Querying change 247079863
01-05 21:34:53.811   348   348 W System  : No Compatibility callbacks set! Querying change 247079863
01-05 21:34:53.811   348   348 W System  : No Compatibility callbacks set! Querying change 247079863
01-05 21:34:53.811   348   348 W System  : No Compatibility callbacks set! Querying change 247079863
01-05 21:34:53.811   348   348 W System  : No Compatibility callbacks set! Querying change 247079863
01-05 21:34:53.811   348   348 W System  : No Compatibility callbacks set! Querying change 247079863
01-05 21:34:53.811   348   348 W System  : No Compatibility callbacks set! Querying change 247079863
01-05 21:34:53.811   348   348 W System  : No Compatibility callbacks set! Querying change 247079863
01-05 21:34:53.811   348   348 W System  : No Compatibility callbacks set! Querying change 247079863
01-05 21:34:53.811   348   348 W System  : No Compatibility callbacks set! Querying change 247079863
01-05 21:34:53.811   348   348 W System  : No Compatibility callbacks set! Querying change 247079863
01-05 21:34:53.811   348   348 W System  : No Compatibility callbacks set! Querying change 247079863
01-05 21:34:53.811   348   348 W System  : No Compatibility callbacks set! Querying change 247079863
01-05 21:34:53.811   348   348 W System  : No Compatibility callbacks set! Querying change 247079863
01-05 21:34:53.811   348   348 W System  : No Compatibility callbacks set! Querying change 247079863
01-05 21:34:53.811   348   348 W System  : No Compatibility callbacks set! Querying change 247079863
01-05 21:34:53.811   348   348 W System  : No Compatibility callbacks set! Querying change 247079863
01-05 21:34:53.811   348   348 W System  : No Compatibility callbacks set! Querying change 247079863
01-05 21:34:53.811   348   348 W System  : No Compatibility callbacks set! Querying change 247079863
01-05 21:34:53.811   348   348 W System  : No Compatibility callbacks set! Querying change 247079863
01-05 21:34:53.811   348   348 W System  : No Compatibility callbacks set! Querying change 247079863
01-05 21:34:53.812   348   348 W System  : No Compatibility callbacks set! Querying change 247079863
01-05 21:34:53.812   348   348 W System  : No Compatibility callbacks set! Querying change 247079863
01-05 21:34:53.812   348   348 W System  : No Compatibility callbacks set! Querying change 247079863
01-05 21:34:53.812   348   348 W System  : No Compatibility callbacks set! Querying change 247079863
01-05 21:34:53.812   348   348 W System  : No Compatibility callbacks set! Querying change 247079863
01-05 21:34:53.812   348   348 W System  : No Compatibility callbacks set! Querying change 247079863
01-05 21:34:53.812   348   348 W System  : No Compatibility callbacks set! Querying change 247079863
01-05 21:34:53.812   348   348 W System  : No Compatibility callbacks set! Querying change 247079863
01-05 21:34:53.812   348   348 W System  : No Compatibility callbacks set! Querying change 247079863
01-05 21:34:53.812   348   348 W System  : No Compatibility callbacks set! Querying change 247079863
01-05 21:34:53.812   348   348 W System  : No Compatibility callbacks set! Querying change 247079863
01-05 21:34:53.812   348   348 W System  : No Compatibility callbacks set! Querying change 247079863
01-05 21:34:53.812   348   348 W System  : No Compatibility callbacks set! Querying change 247079863
01-05 21:34:53.812   348   348 W System  : No Compatibility callbacks set! Querying change 247079863
01-05 21:34:53.812   348   348 W System  : No Compatibility callbacks set! Querying change 247079863
01-05 21:34:53.812   348   348 W System  : No Compatibility callbacks set! Querying change 247079863
01-05 21:34:53.812   348   348 W System  : No Compatibility callbacks set! Querying change 247079863
01-05 21:34:53.812   348   348 W System  : No Compatibility callbacks set! Querying change 247079863
01-05 21:34:53.812   348   348 W System  : No Compatibility callbacks set! Querying change 247079863
01-05 21:34:53.812   348   348 W System  : No Compatibility callbacks set! Querying change 247079863
01-05 21:34:53.812   348   348 W System  : No Compatibility callbacks set! Querying change 247079863
01-05 21:34:53.812   348   348 W System  : No Compatibility callbacks set! Querying change 247079863
01-05 21:34:53.812   348   348 W System  : No Compatibility callbacks set! Querying change 247079863
01-05 21:34:53.812   348   348 W System  : No Compatibility callbacks set! Querying change 247079863
01-05 21:34:53.813   348   348 W System  : No Compatibility callbacks set! Querying change 247079863
01-05 21:34:53.813   348   348 W System  : No Compatibility callbacks set! Querying change 247079863
01-05 21:34:53.813   348   348 W System  : No Compatibility callbacks set! Querying change 247079863
01-05 21:34:53.813   348   348 W System  : No Compatibility callbacks set! Querying change 247079863
01-05 21:34:53.813   348   348 W System  : No Compatibility callbacks set! Querying change 247079863
01-05 21:34:53.813   348   348 W System  : No Compatibility callbacks set! Querying change 247079863
01-05 21:34:53.813   348   348 W System  : No Compatibility callbacks set! Querying change 247079863
01-05 21:34:53.813   348   348 W System  : No Compatibility callbacks set! Querying change 247079863
01-05 21:34:53.813   348   348 W System  : No Compatibility callbacks set! Querying change 247079863
01-05 21:34:53.813   348   348 W System  : No Compatibility callbacks set! Querying change 247079863
01-05 21:34:53.813   348   348 W System  : No Compatibility callbacks set! Querying change 247079863
01-05 21:34:53.813   348   348 W System  : No Compatibility callbacks set! Querying change 247079863
01-05 21:34:53.813   348   348 W System  : No Compatibility callbacks set! Querying change 247079863
01-05 21:34:53.813   348   348 W System  : No Compatibility callbacks set! Querying change 247079863
01-05 21:34:53.813   348   348 W System  : No Compatibility callbacks set! Querying change 247079863
01-05 21:34:53.813   348   348 W System  : No Compatibility callbacks set! Querying change 247079863
01-05 21:34:53.813   348   348 W System  : No Compatibility callbacks set! Querying change 247079863
01-05 21:34:53.813   348   348 W System  : No Compatibility callbacks set! Querying change 247079863
01-05 21:34:53.813   348   348 W System  : No Compatibility callbacks set! Querying change 247079863
01-05 21:34:53.813   348   348 W System  : No Compatibility callbacks set! Querying change 247079863
01-05 21:34:53.813   348   348 W System  : No Compatibility callbacks set! Querying change 247079863
01-05 21:34:53.813   348   348 W System  : No Compatibility callbacks set! Querying change 247079863
01-05 21:34:53.813   348   348 W System  : No Compatibility callbacks set! Querying change 247079863
01-05 21:34:53.813   348   348 W System  : No Compatibility callbacks set! Querying change 247079863
01-05 21:34:53.813   348   348 W System  : No Compatibility callbacks set! Querying change 247079863
01-05 21:34:53.813   348   348 W System  : No Compatibility callbacks set! Querying change 247079863
01-05 21:34:53.813   348   348 W System  : No Compatibility callbacks set! Querying change 247079863
01-05 21:34:53.813   348   348 W System  : No Compatibility callbacks set! Querying change 247079863
01-05 21:34:53.813   348   348 W System  : No Compatibility callbacks set! Querying change 247079863
01-05 21:34:53.813   348   348 W System  : No Compatibility callbacks set! Querying change 247079863
01-05 21:34:53.814   348   348 W System  : No Compatibility callbacks set! Querying change 247079863
01-05 21:34:53.814   348   348 W System  : No Compatibility callbacks set! Querying change 247079863
01-05 21:34:53.814   348   348 W System  : No Compatibility callbacks set! Querying change 247079863
01-05 21:34:53.814   348   348 W System  : No Compatibility callbacks set! Querying change 247079863
01-05 21:34:53.814   348   348 W System  : No Compatibility callbacks set! Querying change 247079863
01-05 21:34:53.814   348   348 W System  : No Compatibility callbacks set! Querying change 247079863
01-05 21:34:53.814   348   348 W System  : No Compatibility callbacks set! Querying change 247079863
01-05 21:34:53.814   348   348 W System  : No Compatibility callbacks set! Querying change 247079863
01-05 21:34:53.814   348   348 W System  : No Compatibility callbacks set! Querying change 247079863
01-05 21:34:53.814   348   348 W System  : No Compatibility callbacks set! Querying change 247079863
01-05 21:34:53.814   348   348 W System  : No Compatibility callbacks set! Querying change 247079863
01-05 21:34:53.814   348   348 W System  : No Compatibility callbacks set! Querying change 247079863
01-05 21:34:53.814   348   348 W System  : No Compatibility callbacks set! Querying change 247079863
01-05 21:34:53.815   348   348 W System  : No Compatibility callbacks set! Querying change 247079863
01-05 21:34:53.815   348   348 W System  : No Compatibility callbacks set! Querying change 247079863
01-05 21:34:53.815   348   348 W System  : No Compatibility callbacks set! Querying change 247079863
01-05 21:34:53.815   348   348 W System  : No Compatibility callbacks set! Querying change 247079863
01-05 21:34:53.815   348   348 W System  : No Compatibility callbacks set! Querying change 247079863
01-05 21:34:53.815   348   348 W System  : No Compatibility callbacks set! Querying change 247079863
01-05 21:34:53.815   348   348 W System  : No Compatibility callbacks set! Querying change 247079863
01-05 21:34:53.815   348   348 W System  : No Compatibility callbacks set! Querying change 247079863
01-05 21:34:53.815   348   348 W System  : No Compatibility callbacks set! Querying change 247079863
01-05 21:34:53.815   348   348 W System  : No Compatibility callbacks set! Querying change 247079863
01-05 21:34:53.815   348   348 W System  : No Compatibility callbacks set! Querying change 247079863
01-05 21:34:53.815   348   348 W System  : No Compatibility callbacks set! Querying change 247079863
01-05 21:34:53.815   348   348 W System  : No Compatibility callbacks set! Querying change 247079863
01-05 21:34:53.815   348   348 W System  : No Compatibility callbacks set! Querying change 247079863
01-05 21:34:53.815   348   348 W System  : No Compatibility callbacks set! Querying change 247079863
01-05 21:34:53.815   348   348 W System  : No Compatibility callbacks set! Querying change 247079863
01-05 21:34:53.815   348   348 W System  : No Compatibility callbacks set! Querying change 247079863
01-05 21:34:53.815   348   348 W System  : No Compatibility callbacks set! Querying change 247079863
01-05 21:34:53.815   348   348 W System  : No Compatibility callbacks set! Querying change 247079863
01-05 21:34:53.815   348   348 W System  : No Compatibility callbacks set! Querying change 247079863
01-05 21:34:53.815   348   348 W System  : No Compatibility callbacks set! Querying change 247079863
01-05 21:34:53.815   348   348 W System  : No Compatibility callbacks set! Querying change 247079863
01-05 21:34:53.815   348   348 W System  : No Compatibility callbacks set! Querying change 247079863
01-05 21:34:53.815   348   348 W System  : No Compatibility callbacks set! Querying change 247079863
01-05 21:34:53.815   348   348 W System  : No Compatibility callbacks set! Querying change 247079863
01-05 21:34:53.816   348   348 W System  : No Compatibility callbacks set! Querying change 247079863
01-05 21:34:53.816   348   348 W System  : No Compatibility callbacks set! Querying change 247079863
01-05 21:34:53.816   348   348 W System  : No Compatibility callbacks set! Querying change 247079863
01-05 21:34:53.816   348   348 W System  : No Compatibility callbacks set! Querying change 247079863
01-05 21:34:53.816   348   348 W System  : No Compatibility callbacks set! Querying change 247079863
01-05 21:34:53.816   348   348 W System  : No Compatibility callbacks set! Querying change 247079863
01-05 21:34:53.816   348   348 W System  : No Compatibility callbacks set! Querying change 247079863
01-05 21:34:53.816   348   348 W System  : No Compatibility callbacks set! Querying change 247079863
01-05 21:34:53.816   348   348 W System  : No Compatibility callbacks set! Querying change 247079863
01-05 21:34:53.816   348   348 W System  : No Compatibility callbacks set! Querying change 247079863
01-05 21:34:53.816   348   348 W System  : No Compatibility callbacks set! Querying change 247079863
01-05 21:34:53.816   348   348 W System  : No Compatibility callbacks set! Querying change 247079863
01-05 21:34:53.816   348   348 W System  : No Compatibility callbacks set! Querying change 247079863
01-05 21:34:53.816   348   348 W System  : No Compatibility callbacks set! Querying change 247079863
01-05 21:34:53.816   348   348 W System  : No Compatibility callbacks set! Querying change 247079863
01-05 21:34:53.816   348   348 W System  : No Compatibility callbacks set! Querying change 247079863
01-05 21:34:53.816   348   348 W System  : No Compatibility callbacks set! Querying change 247079863
01-05 21:34:53.816   348   348 W System  : No Compatibility callbacks set! Querying change 247079863
01-05 21:34:53.816   348   348 W System  : No Compatibility callbacks set! Querying change 247079863
01-05 21:34:53.816   348   348 W System  : No Compatibility callbacks set! Querying change 247079863
01-05 21:34:53.816   348   348 W System  : No Compatibility callbacks set! Querying change 247079863
01-05 21:34:53.816   348   348 W System  : No Compatibility callbacks set! Querying change 247079863
01-05 21:34:53.816   348   348 W System  : No Compatibility callbacks set! Querying change 247079863
01-05 21:34:53.816   348   348 W System  : No Compatibility callbacks set! Querying change 247079863
01-05 21:34:53.817   348   348 W System  : No Compatibility callbacks set! Querying change 247079863
01-05 21:34:53.817   348   348 W System  : No Compatibility callbacks set! Querying change 247079863
01-05 21:34:53.817   348   348 W System  : No Compatibility callbacks set! Querying change 247079863
01-05 21:34:53.817   348   348 W System  : No Compatibility callbacks set! Querying change 247079863
01-05 21:34:53.817   348   348 W System  : No Compatibility callbacks set! Querying change 247079863
01-05 21:34:53.817   348   348 W System  : No Compatibility callbacks set! Querying change 247079863
01-05 21:34:53.817   348   348 W System  : No Compatibility callbacks set! Querying change 247079863
