01-01 00:00:08.636     0     0 I         : [7 T396   ..] EXT4-fs (dm-26): mounted filesystem without journal. Opts: (null). Quota mode: none.
01-01 00:00:08.640     0     0 I [6 T397   ..] loop22: detected capacity change from 0 to 5848
01-01 00:00:08.652     0     0 I [7 T399   ..] device-mapper: verity: sha256 using implementation "sha256-ce"
01-01 00:00:08.685     0     0 I         : [7 T399   ..] EXT4-fs (dm-23): mounted filesystem without journal. Opts: (null). Quota mode: none.
01-01 00:00:08.693     0     0 I [7 T398   ..] loop23: detected capacity change from 0 to 17080
01-01 00:00:08.733     0     0 I [6 T397   ..] device-mapper: verity: sha256 using implementation "sha256-ce"
01-01 00:00:08.749     0     0 I [7 T396   ..] loop24: detected capacity change from 0 to 12280
01-01 00:00:08.763     0     0 I         : [6 T397   ..] EXT4-fs (dm-24): mounted filesystem without journal. Opts: (null). Quota mode: none.
01-01 00:00:08.765     0     0 I [7 T398   ..] device-mapper: verity: sha256 using implementation "sha256-ce"
01-01 00:00:08.791     0     0 I         : [7 T398   ..] EXT4-fs (dm-22): mounted filesystem without journal. Opts: (null). Quota mode: none.
01-01 00:00:08.804     0     0 I [7 T399   ..] loop25: detected capacity change from 0 to 15504
01-01 00:00:08.815     0     0 I [7 T396   ..] device-mapper: verity: sha256 using implementation "sha256-ce"
01-01 00:00:08.841     0     0 I         : [7 T396   ..] EXT4-fs (dm-21): mounted filesystem without journal. Opts: (null). Quota mode: none.
01-01 00:00:08.857     0     0 I [6 T397   ..] loop26: detected capacity change from 0 to 10184
01-01 00:00:08.875     0     0 I [7 T399   ..] device-mapper: verity: sha256 using implementation "sha256-ce"
01-01 00:00:08.903     0     0 I         : [7 T399   ..] EXT4-fs (dm-27): mounted filesystem without journal. Opts: (null). Quota mode: none.
01-01 00:00:08.913     0     0 I [5 T398   ..] loop27: detected capacity change from 0 to 27552
01-01 00:00:08.939     0     0 I [6 T397   ..] device-mapper: verity: sha256 using implementation "sha256-ce"
01-01 00:00:08.965     0     0 I         : [6 T397   ..] EXT4-fs (dm-17): mounted filesystem without journal. Opts: (null). Quota mode: none.
01-01 00:00:08.970     0     0 I [7 T396   ..] loop28: detected capacity change from 0 to 96080
01-01 00:00:08.979     0     0 I [5 T398   ..] device-mapper: verity: sha256 using implementation "sha256-ce"
01-01 00:00:09.003     0     0 I         : [5 T398   ..] EXT4-fs (dm-30): mounted filesystem without journal. Opts: (null). Quota mode: none.
01-01 00:00:09.027     0     0 I [7 T399   ..] loop29: detected capacity change from 0 to 7928
01-01 00:00:09.052     0     0 I [7 T396   ..] device-mapper: verity: sha256 using implementation "sha256-ce"
01-01 00:00:09.080     0     0 I         : [6 T396   ..] EXT4-fs (dm-29): mounted filesystem without journal. Opts: (null). Quota mode: none.
01-01 00:00:09.081     0     0 I [6 T397   ..] loop30: detected capacity change from 0 to 16512
01-01 00:00:09.104     0     0 I [4 T399   ..] device-mapper: verity: sha256 using implementation "sha256-ce"
01-01 00:00:09.130     0     0 I         : [4 T399   ..] EXT4-fs (dm-18): mounted filesystem without journal. Opts: (null). Quota mode: none.
01-01 00:00:09.165     0     0 I [6 T397   ..] device-mapper: verity: sha256 using implementation "sha256-ce"
01-01 00:00:09.193     0     0 I         : [6 T397   ..] EXT4-fs (dm-9): mounted filesystem without journal. Opts: (null). Quota mode: none.
01-01 00:00:09.480   333   333 D vold    : fscrypt_init_user0
01-01 00:00:09.480   333   333 D vold    : Preparing: /data/misc/vold/user_keys
01-01 00:00:09.481   333   333 D vold    : Preparing: /data/misc/vold/user_keys/ce
01-01 00:00:09.482   333   333 D vold    : Preparing: /data/misc/vold/user_keys/de
01-01 00:00:09.483     0     0 D [2 T449   ..] vdc: Waited 0ms for vold
01-01 00:00:09.490   333   333 D vold    : Installed fscrypt key with ref 87ff20495b036ce1f92afa4c2fa2f2bf to /data
01-01 00:00:09.490   333   333 D vold    : Added fscrypt-provisioning key for 87ff20495b036ce1f92afa4c2fa2f2bf to session keyring
01-01 00:00:09.490   333   333 D vold    : Installed de key for user 0
01-01 00:00:09.491   333   333 D vold    : fscrypt_prepare_user_storage for volume null, user 0, serial 0, flags 1
01-01 00:00:09.491   333   333 D vold    : Preparing: /data/system/users/0
01-01 00:00:09.491   333   333 D vold    : Preparing: /data/misc/profiles/cur/0
01-01 00:00:09.492   333   333 D vold    : Preparing: /data/system_de/0
01-01 00:00:09.492   333   333 D vold    : Preparing: /data/vendor_de/0
01-01 00:00:09.493   333   333 D vold    : Preparing: /data/misc_de/0
01-01 00:00:09.494   333   333 D vold    : Preparing: /data/user_de/0
01-01 00:00:09.495   333   333 I vold    : Verified that /data/system_de/0 has the encryption policy 87ff20495b036ce1f92afa4c2fa2f2bf v2 modes 1/4 flags 0x2
01-01 00:00:09.495   333   333 I vold    : Verified that /data/vendor_de/0 has the encryption policy 87ff20495b036ce1f92afa4c2fa2f2bf v2 modes 1/4 flags 0x2
01-01 00:00:09.495   333   333 I vold    : Verified that /data/misc_de/0 has the encryption policy 87ff20495b036ce1f92afa4c2fa2f2bf v2 modes 1/4 flags 0x2
01-01 00:00:09.495   333   333 I vold    : Verified that /data/user_de/0 has the encryption policy 87ff20495b036ce1f92afa4c2fa2f2bf v2 modes 1/4 flags 0x2
01-01 00:00:09.495   333   333 D vold    : /system/bin/vold_prepare_subdirs
01-01 00:00:09.496   333   333 D vold    :     prepare
01-01 00:00:09.496   333   333 D vold    :     
01-01 00:00:09.496   333   333 D vold    :     0
01-01 00:00:09.496   333   333 D vold    :     1
01-01 00:00:09.553   333   333 D vold    : Detected support for FS_IOC_ADD_ENCRYPTION_KEY
01-01 00:00:09.563     0     0 I [5 T1     ..] selinux: SELinux: Skipping restorecon on directory(/data)
01-01 00:00:09.563     0     0 I [5 T1     ..] selinux:  
01-01 00:00:09.660   452   452 I odsign  : Trying to retrieve existing HMAC key...
01-01 00:00:09.662   452   452 I odsign  : Trying to retrieve existing keystore key...
01-01 00:00:09.669   452   452 I odsign  : Verified public key signature.
01-01 00:00:09.670   452   452 I odsign  : Initialized Keystore key.
01-01 00:00:09.671   452   452 I odsign  : Found and verified existing public key certificate: /data/misc/odsign/key.cert
01-01 00:00:09.913     0     0 W [5 T454   ..] audit: audit_backlog=65 > audit_backlog_limit=64
01-01 00:00:09.913     0     0 W [5 T454   ..] audit: audit_lost=1 audit_rate_limit=0 audit_backlog_limit=64
01-01 00:00:09.913     0     0 E [5 T454   ..] audit: backlog limit exceeded
01-01 00:00:09.913     0     0 W [5 T454   ..] audit: audit_backlog=65 > audit_backlog_limit=64
01-01 00:00:09.913     0     0 W [5 T454   ..] audit: audit_lost=2 audit_rate_limit=0 audit_backlog_limit=64
01-01 00:00:09.913     0     0 E [5 T454   ..] audit: backlog limit exceeded
01-01 00:00:09.913     0     0 W [5 T454   ..] audit: audit_backlog=65 > audit_backlog_limit=64
01-01 00:00:09.913     0     0 W [5 T454   ..] audit: audit_lost=3 audit_rate_limit=0 audit_backlog_limit=64
01-01 00:00:09.918   454   454 I odrefresh: ART APEX version 330400000
01-01 00:00:09.918   454   454 I odrefresh: Factory ART APEX mounted.
01-01 00:00:09.918   454   454 I odrefresh: System properties are set to default values.
01-01 00:00:09.920   454   454 I odrefresh: Factory ART APEX mounted.
01-01 00:00:09.920   454   454 I odrefresh: System properties are set to default values.
01-01 00:00:09.921   454   454 I odrefresh: Factory APEXes mounted.
01-01 00:00:09.921   454   454 I odrefresh: System properties are set to default values.
01-01 00:00:09.934   452   452 I odsign  : Metrics report is empty
01-01 00:00:09.934   452   452 I odsign  : /data/misc/odsign/odsign.info not found.
01-01 00:00:09.936   452   452 I odsign  : odrefresh said artifacts are VALID
01-01 00:00:09.936   452   452 I odsign  : On-device signing done.
01-01 00:00:09.963   358   391 I keystore2: keystore2::super_key: keystore.boot_level 1000000000 hits maximum 1000000000, finishing.
01-01 00:00:10.001     0     0 I [5 T457   ..] apexd: Snapshot DE subcommand detected
01-01 00:00:10.003     0     0 I [0 T457   ..] apexd: Marking APEXd as ready
01-01 00:00:10.150     0     0 W         : [3 T190   ..] [ADLAK WARN] adlak_platform_get_resource() Failed to get adla_axi_clk
01-01 00:00:10.150     0     0 W         : [3 T190   ..]
01-01 00:00:10.150     0     0 W         : [3 T190   ..] ADLA KMD nn_adj_vol = 1, nn_package_id = 1, nn_efuse_type = 2
01-01 00:00:10.151     0     0 W         : [3 T190   ..] adla kmd version: 1.2.0.6
01-01 00:00:10.151     0     0 W         : [3 T190   ..] adlak_core clk requirement of 800000000 Hz,and real val is 799999988 Hz.
01-01 00:00:10.160     0     0 W         : [6 T190   ..] [ADLAK WARN] adlak_os_thread_create() kthread bind on cpu1
01-01 00:00:10.160     0     0 W         : [6 T190   ..]
01-01 00:00:10.257     0     0 I [6 T1     ..] selinux: SELinux: Skipping restorecon on directory(/data/dalvik-cache/arm)
01-01 00:00:10.257     0     0 I [6 T1     ..] selinux:  
01-01 00:00:10.260     0     0 I [2 T1     ..] selinux: SELinux: Skipping restorecon on directory(/data/dalvik-cache/arm64)
01-01 00:00:10.260     0     0 I [2 T1     ..] selinux:  
01-01 00:00:10.261     0     0 E [2 T1     ..] selinux: SELinux:  Could not stat /data/dalvik-cache/mips: No such file or directory.
01-01 00:00:10.583     0     0 I [0 T20    ..] [debug]: ramoops_io_dump=0, buffer=ffffffc00842f000 ftrace_old_log=0000000000000000, size=0, reboot_mode=cold_boot
01-01 00:00:10.868     0     0 W [7 T190   ..] init: Top-level directory needs encryption action, eg mkdir /data/media <mode> <uid> <gid> encryption=Require
01-01 00:00:10.868     0     0 I [7 T190   ..] init: Not setting encryption policy on: /data/media
01-01 00:00:10.888     0     0 E [0 T1     ..] WARNING: Unprivileged eBPF is enabled, data leaks possible via Spectre v2 BHB attacks!
01-01 00:00:10.925     0     0 D [0 T489   ..] LibBpfLoader: Loading optional ELF object /apex/com.android.tethering/etc/bpf/test.o with license Apache 2.0
01-01 00:00:10.925     0     0 I [0 T489   ..] LibBpfLoader: Section bpfloader_min_ver value is 2 [0x2]
01-01 00:00:10.925     0     0 I [0 T489   ..] LibBpfLoader: Section bpfloader_max_ver value is 65536 [0x10000]
01-01 00:00:10.925     0     0 I [0 T489   ..] LibBpfLoader: Section size_of_bpf_map_def value is 116 [0x74]
01-01 00:00:10.925     0     0 I [0 T489   ..] LibBpfLoader: Section size_of_bpf_prog_def value is 92 [0x5c]
01-01 00:00:10.925     0     0 I [0 T489   ..] LibBpfLoader: BpfLoader version 0x00013 processing ELF object /apex/com.android.tethering/etc/bpf/test.o with ver [0x00002,0x10000)
01-01 00:00:10.926     0     0 D [0 T489   ..] LibBpfLoader: Loaded code section 3 (xdp_drop_ipv4_udp_ether)
01-01 00:00:10.927     0     0 D [0 T489   ..] LibBpfLoader: Adding section 3 to cs list
01-01 00:00:10.927     0     0 I [4 T490   ..] update_verifier: Started with arg 1: nonencrypted
01-01 00:00:10.928     0     0 D [0 T489   ..] LibBpfLoader: Couldn't find section btf_min_bpfloader_ver (defaulting to 0 [0x0]).
01-01 00:00:10.928     0     0 D [0 T489   ..] LibBpfLoader: Couldn't find section btf_min_kernel_ver (defaulting to 0 [0x0]).
01-01 00:00:10.931     0     0 I [0 T490   ..] update_verifier: Booting slot 0: isSlotMarkedSuccessful=1
01-01 00:00:10.931     0     0 I [0 T490   ..] update_verifier: Leaving update_verifier.
01-01 00:00:10.998     0     0 I         : [5 T190   ..] Mass Storage Function, version: 2009/09/11
01-01 00:00:10.998     0     0 I [5 T190   ..] LUN: removable file: (no medium)
01-01 00:00:11.000     0     0 I         : [0 T190   ..] file system registered
01-01 00:00:11.003     0     0 W         : [2 T190   ..] using random self ethernet address
01-01 00:00:11.003     0     0 W         : [2 T190   ..] using random host ethernet address
01-01 00:00:11.187     0     0 W         : [7 T190   ..] T7 doesn't support hcodec avc encoder!!
01-01 00:00:11.338     0     0 I         : [7 T190   ..] aml-vcodec-dec vcodec_dec: v4ldec registered as /dev/video26
01-01 00:00:11.351     0     0 E         : [0 T190   ..] register_amlogic_afbc_dec_fun
01-01 00:00:11.406     0     0 I         : [7 T190   ..] Registered frame rate driver success.
01-01 00:00:11.642     0     0 W [4 T511   ..] healthd: No battery devices found
01-01 00:00:11.642     0     0 E [3 T190   ..] map_store: rm default
01-01 00:00:11.643     0     0 E [7 T190   ..] map_store: add default decoder ppmgr deinterlace amvideo
01-01 00:00:11.645     0     0 I [2 T190   ..] [snd-soc]: drc high cut scale set to 0%
01-01 00:00:11.645     0     0 W [7 T511   ..] healthd: battery none chg=
01-01 00:00:11.646     0     0 I [2 T190   ..] [snd-soc]: drc low boost scale set to 0%
01-01 00:00:11.647     0     0 I [7 T190   ..] [snd-soc]: drc mode set to RF
01-01 00:00:11.678     0     0 I [2 T540   ..] [pm]: early_suspend_state=0
01-01 00:00:11.744   537   537 I gsid    : no DSU: No such file or directory
01-01 00:00:11.767     0     0 I         : [5 T498   ..] [TEE] M/TA: gatekeeper_messages: 412: Amlogic GATEKEEPER! Build Time: Mar 20 2023 15:26:51 version: 6030636 TDK: ab02024
01-01 00:00:11.767     0     0 I         : [5 T498   ..] [TEE] I/TA:
01-01 00:00:11.767     0     0 I         : [5 T498   ..] [TEE] MM-module-name:Youtube TA,Version:1.0.6-gd116617(build:7738)
01-01 00:00:12.071     0     0 I         : [2 T500   ..] vdin0 req vs irq 83
01-01 00:00:12.071     0     0 I         : [2 T500   ..] vdin0 req meta_wr_done_irq
01-01 00:00:12.083     0     0 I [0 T500   ..] [efuse-unifykey]: already inited!
01-01 00:00:12.083     0     0 E [0 T500   ..] [efuse-unifykey]: could not found key hdcp22_rx_fw
01-01 00:00:12.083     0     0 E [0 T500   ..] [efuse-unifykey]: please set key name first, exist_show:751
01-01 00:00:12.084     0     0 I [0 T500   ..] [efuse-unifykey]: already inited!
01-01 00:00:12.084     0     0 E [0 T500   ..] [efuse-unifykey]: could not found key hdcp14_rx
01-01 00:00:12.099     0     0 I [7 T500   ..] [efuse-unifykey]: already inited!
01-01 00:00:12.099     0     0 E [7 T500   ..] [efuse-unifykey]: could not found key hdcp22_rx_fw
01-01 00:00:12.099     0     0 E [7 T500   ..] [efuse-unifykey]: please set key name first, exist_show:751
01-01 00:00:12.124     0     0 I         : [2 T500   ..] vt session 500-0 create
01-01 00:00:12.131     0     0 I         : [1 T510   ..] drm_hdmitx_get_vrr_cap not support vrr
01-01 00:00:12.131     0     0 I         : [1 T510   ..] drm_hdmitx_get_rx_hdcp_cap rx hdcp [1]
01-01 00:00:12.131     0     0 I         : [1 T510   ..] drm_hdmitx_get_rx_hdcp_cap rx hdcp [1]
01-01 00:00:12.303   522   522 I android.hardware.wifi@1.0-service.droidlogic: Wifi Hal is booting up...
01-01 00:00:12.348   522   522 I HidlServiceManagement: Registered android.hardware.wifi@1.6::IWifi/default
01-01 00:00:12.438     0     0 E [3 T1     ..] init: Control message: Could not find 'vendor.amlogic.hardware.tvserver@1.0::ITvServer/default' for ctl.interface_start from pid: 317 (/system/bin/hwservicemanager)
01-01 00:00:12.490     0     0 W [0 T489   ..] printk: bpfloader: 1679 output lines suppressed due to ratelimiting
01-01 00:00:12.565   602   602 I installd: installd firing up
01-01 00:00:12.602     0     0 E [2 T1     ..] init: Control message: Could not find 'vendor.amlogic.hardware.tvserver@1.0::ITvServer/default' for ctl.interface_start from pid: 317 (/system/bin/hwservicemanager)
01-01 00:00:12.608     0     0 E [2 T192   ..] selinux: SELinux: Could not set context for /sys/devices/virtual/net/ipsec_test:  No such file or directory
01-01 00:00:12.609     0     0 E [2 T192   ..] selinux:  
01-01 00:00:12.610     0     0 E [2 T192   ..] selinux: SELinux:  Could not read /sys/devices/virtual/net/ipsec_test: No such file or directory.
01-01 00:00:12.611     0     0 E [2 T192   ..] selinux:  
01-01 00:00:12.611     0     0 E [2 T192   ..] ueventd: selinux_android_restorecon(/sys/devices/virtual/net/ipsec_test) failed: Success
01-01 00:00:12.676   611   611 W storaged: health: invalid battery status
01-01 00:00:12.735   612   612 I wificond: wificond is starting up...
01-01 00:00:12.739   612   612 I HidlServiceManagement: Registered android.system.wifi.keystore@1.0::IKeystore/default
01-01 00:00:12.789     0     0 I [2 T500   ..] dim: load 0x400 pq len 168 later.
01-01 00:00:12.791     0     0 I         : [5 T8     ..] [TEE] E/TA:   MM-module-name:Video firmware TA,Version:1.0.5-g3604ffd(build:6514)
01-01 00:00:12.791     0     0 I         : [5 T8     ..] [TEE] E/TA:   fw_check_pack_version:292 the package has 15 fws totally.
01-01 00:00:12.791     0     0 I         : [5 T8     ..] [TEE] E/TA:   fw_check_pack_version:309 The TA ver is v1.0
01-01 00:00:12.791     0     0 I         : [5 T8     ..] [TEE] E/TA:   fw_check_pack_version:310 The fw ver is v0.4
01-01 00:00:12.791     0     0 I         : [5 T8     ..] [TEE] E/TA:   fw_data_insert:389 the fw with 332 KB will be loaded.
01-01 00:00:12.791     0     0 I         : [5 T8     ..] [TEE] M/TA: TEE_Video_Load_FW success
01-01 00:00:12.812     0     0 E [5 T1     ..] init: Control message: Could not find 'vendor.amlogic.hardware.tvserver@1.0::ITvServer/default' for ctl.interface_start from pid: 317 (/system/bin/hwservicemanager)
01-01 00:00:12.986     0     0 E [2 T1     ..] init: Control message: Could not find 'aidl/package_native' for ctl.interface_start from pid: 316 (/system/bin/servicemanager)
01-01 00:00:12.992     0     0 I [1 T500   ..] dim: load 0x1000 pq len 17 later.
01-01 00:00:12.993     0     0 I [1 T500   ..] dim: load 0x2000 pq len 32 later.
01-01 00:00:13.004     0     0 E [7 T1     ..] init: Control message: Could not find 'vendor.amlogic.hardware.tvserver@1.0::ITvServer/default' for ctl.interface_start from pid: 317 (/system/bin/hwservicemanager)
01-01 00:00:13.205     0     0 E [3 T1     ..] init: Control message: Could not find 'vendor.amlogic.hardware.tvserver@1.0::ITvServer/default' for ctl.interface_start from pid: 317 (/system/bin/hwservicemanager)
01-01 00:00:13.243     0     0 I         : [0 T674   ..] read descriptors
01-01 00:00:13.243     0     0 I         : [0 T674   ..] read strings
01-01 00:00:13.408     0     0 E [5 T1     ..] init: Control message: Could not find 'vendor.amlogic.hardware.tvserver@1.0::ITvServer/default' for ctl.interface_start from pid: 317 (/system/bin/hwservicemanager)
01-01 00:00:13.452     0     0 I         : [2 T681   ..] tee load hdcp key ready
01-01 00:00:13.452     0     0 I         : [2 T681   ..] hdmi ready but hdcp not enabled, enable now
01-01 00:00:13.465     0     0 I [2 T153   ..] hdmitx: rd[0x000a] 0x00
01-01 00:00:13.609     0     0 E [5 T1     ..] init: Control message: Could not find 'vendor.amlogic.hardware.tvserver@1.0::ITvServer/default' for ctl.interface_start from pid: 317 (/system/bin/hwservicemanager)
01-01 00:00:13.620     0     0 E [3 T1     ..] init: Control message: Could not find 'aidl/android.hardware.graphics.composer3.IComposer/default' for ctl.interface_start from pid: 316 (/system/bin/servicemanager)
01-01 00:00:13.680     0     0 I [0 T159   ..] hdmitx: rd[0x062b] 0x4c
01-01 00:00:13.680     0     0 I [0 T159   ..] hdmitx: rd[0x062c] 0x4c
01-01 00:00:13.680     0     0 I [0 T159   ..] hdmitx: rd[0x062d] 0xfc
01-01 00:00:13.680     0     0 I [0 T159   ..] hdmitx: rd[0x062e] 0xe5
01-01 00:00:13.680     0     0 I [0 T159   ..] hdmitx: rd[0x062f] 0xa2
01-01 00:00:13.680     0     0 I [0 T20    ..] cec: [hdmitx_notify_callback] unsupported notify:4
01-01 00:00:13.708     0     0 I [3 T500   ..] dim: load 0x200 pq len 25 later.
01-01 00:00:13.771     0     0 I [7 T121   ..] hdcptx: 1  auth: 1
01-01 00:00:13.772     0     0 D         : [6 T637   ..] caamkeys_ioctl(cmd=3221813249)
01-01 00:00:13.778     0     0 I [2 T500   ..] dim: load 0x800 pq len 103 later.
01-01 00:00:13.810     0     0 E [6 T1     ..] init: Control message: Could not find 'vendor.amlogic.hardware.tvserver@1.0::ITvServer/default' for ctl.interface_start from pid: 317 (/system/bin/hwservicemanager)
01-01 00:00:13.815     0     0 I         : [5 T10    ..] [TEE] E/TA:   OPTEE_PlatformInit:47
01-01 00:00:13.815     0     0 I         : [5 T10    ..] [TEE] MM-module-name:Widevine TA,Version:17.1-r1.14-ga3ab5eb-p1(build:1509)
01-01 00:00:13.815     0     0 I         : [5 T10    ..] [TEE] E/TA:   OPTEE_PlatformInit:62 time 12 < 2022
01-01 00:00:13.815     0     0 I         : [5 T10    ..] [TEE] E/TA:   OPTEE_MigrateGenerationNumPersistentData:399 migrate read GenerationNum from reefs error. NOT ERROR
01-01 00:00:13.815     0     0 I         : [5 T10    ..] [TEE] I/TA: TA_CloseSessionEntryPoint
01-01 00:00:13.815     0     0 I         : [5 T10    ..] [TEE] M/TA: [PROVISION-TA] the same key [0x11 WIDEVINE_KEY] already exists
01-01 00:00:13.815     0     0 I         : [5 T10    ..] [TEE] M/TA: [PROVISION-TA] the same key [0x31 HDCP_TX14_KEY] already exists
01-01 00:00:13.815     0     0 I         : [5 T10    ..] [TEE] M/TA: [PROVISION-TA] the same key [0x33 HDCP_RX14_KEY] already exists
01-01 00:00:13.815     0     0 I         : [5 T10    ..] [TEE] M/TA: [PROVISION-TA] the same key [0x32 HDCP_TX22_KEY] already exists
01-01 00:00:13.815     0     0 I         : [5 T10    ..] [TEE] M/TA: [PROVISION-TA] the same key [0x36 HDCP_RX22_FW_PRIVATE] already exists
01-01 00:00:13.815     0     0 I         : [5 T10    ..] [TEE] E/TA:   cmd_hdcp_read_key:951 [HDCP-TA] cmd_hdcp_read_key: hdcp_read_key(hdcp_rx22_fw.bin) failed, ret = 0xffff0008
01-01 00:00:13.860     0     0 I         : [0 T500   ..] aad argp = 0000000025886bd7	db_o_bl_cv.length=13 mem_size=52
01-01 00:00:13.860     0     0 I         : [0 T500   ..] db_o_bl_cv control db_cabc_aad_param_s success
01-01 00:00:13.860     0     0 I         : [0 T500   ..] db_maxbin_bl_cv control db_cabc_aad_param_s success
01-01 00:00:13.861     0     0 I         : [0 T500   ..] db_LUT_RG_gain control db_cabc_aad_param_s success
01-01 00:00:13.861     0     0 I         : [0 T500   ..] db_LUT_RG_gain control db_cabc_aad_param_s success
01-01 00:00:13.861     0     0 I         : [0 T500   ..] db_LUT_BG_gain control db_cabc_aad_param_s success
01-01 00:00:13.861     0     0 I         : [0 T500   ..] db_gain_lut control db_cabc_aad_param_s success
01-01 00:00:13.861     0     0 I         : [0 T500   ..] db_xy_lut control db_cabc_aad_param_s success
01-01 00:00:13.956     0     0 I         : [2 T510   ..] video_composer_open iminor(inode) =0
01-01 00:00:13.957     0     0 I [2 T510   ..] vc: [0]vd_render_index_get: render_index is 0.
01-01 00:00:13.957     0     0 I [2 T510   ..] vc: [0]get capability: min 64 64; max 4096 2160
01-01 00:00:13.957     0     0 I         : [2 T510   ..] video_composer_open iminor(inode) =1
01-01 00:00:13.957     0     0 I [2 T510   ..] vc: [1]vd_render_index_get: render_index is 5.
01-01 00:00:13.957     0     0 I [2 T510   ..] vc: [1]get capability: min 64 64; max 4096 2160
01-01 00:00:13.957     0     0 I         : [2 T510   ..] video_composer_open iminor(inode) =2
01-01 00:00:13.957     0     0 I [2 T510   ..] vc: [2]vd_render_index_get: render_index is 2.
01-01 00:00:13.957     0     0 I [2 T510   ..] vc: [2]get capability: min 64 64; max 4096 2160
01-01 00:00:14.005     0     0 I         : [1 T510   ..] drm_hdmitx_get_vrr_cap not support vrr
01-01 00:00:14.005     0     0 I         : [1 T510   ..] drm_hdmitx_get_rx_hdcp_cap rx hdcp [1]
01-01 00:00:14.005     0     0 I         : [1 T510   ..] drm_hdmitx_get_rx_hdcp_cap rx hdcp [1]
01-01 00:00:14.007     0     0 I         : [1 T510   ..] drm_hdmitx_get_vrr_cap not support vrr
01-01 00:00:14.007     0     0 I         : [1 T510   ..] drm_hdmitx_get_rx_hdcp_cap rx hdcp [1]
01-01 00:00:14.007     0     0 I         : [1 T510   ..] drm_hdmitx_get_rx_hdcp_cap rx hdcp [1]
01-01 00:00:14.009     0     0 I [1 T510   ..] vc: [0]get capability: min 64 64; max 4096 2160
01-01 00:00:14.009     0     0 I [1 T510   ..] vc: [2]get capability: min 64 64; max 4096 2160
01-01 00:00:14.021     0     0 I         : [0 T500   ..] avmute_store 1
01-01 00:00:14.167     0     0 I [6 T536   ..] [efuse-unifykey]: already inited!
01-01 00:00:14.167     0     0 E [6 T536   ..] [efuse-unifykey]: could not found key hdcp14_rx
01-01 00:00:14.193     0     0 I [4 T536   ..] cec: port_seq:4123
01-01 00:00:14.200     0     0 W         : [3 T536   ..] [RX]-EDID size1 =1536
01-01 00:00:14.200     0     0 W         : [3 T536   ..] [RX]-EDID size2 =1536
01-01 00:00:14.200     0     0 W [3 T536   ..] [RX]-HDMIRX: fill edid buf, size 1536
01-01 00:00:14.201     0     0 W         : [1 T536   ..] [RX]-edid select for UI HDMI4~1: 0x1111, for portD~A: 0x1111
01-01 00:00:14.201     0     0 W         : [1 T536   ..] [RX]-set vrr_func_en to: 0
01-01 00:00:14.201     0     0 W         : [1 T536   ..] [RX]-no this data blk in edid
01-01 00:00:14.201     0     0 W         : [1 T536   ..] [RX]-no this data blk in edid
01-01 00:00:14.203     0     0 W         : [1 T536   ..] [RX]-no this data blk in edid
01-01 00:00:14.203     0     0 W         : [1 T536   ..] [RX]-no this data blk in edid
01-01 00:00:14.205     0     0 W         : [1 T536   ..] [RX]-no this data blk in edid
01-01 00:00:14.205     0     0 W         : [1 T536   ..] [RX]-no this data blk in edid
01-01 00:00:14.207     0     0 W         : [1 T536   ..] [RX]-hdmirx_hw_config port:0
01-01 00:00:14.207     0     0 W         : [1 T536   ..] [RX]-force_fsm_init
01-01 00:00:14.207     0     0 W         : [1 T536   ..] [RX]-no this data blk in edid
01-01 00:00:14.207     0     0 W         : [1 T536   ..] [RX]-no this data blk in edid
01-01 00:00:14.209     0     0 W         : [1 T536   ..] [RX]-no this data blk in edid
01-01 00:00:14.209     0     0 W         : [1 T536   ..] [RX]-no this data blk in edid
01-01 00:00:14.211     0     0 W         : [1 T536   ..] [RX]-no this data blk in edid
01-01 00:00:14.211     0     0 W         : [1 T536   ..] [RX]-no this data blk in edid
01-01 00:00:14.213     0     0 W         : [1 T536   ..] [RX]-hdmirx_hw_config port:1
01-01 00:00:14.213     0     0 W         : [1 T536   ..] [RX]-force_fsm_init
01-01 00:00:14.213     0     0 W         : [1 T536   ..] [RX]-no this data blk in edid
01-01 00:00:14.213     0     0 W         : [1 T536   ..] [RX]-no this data blk in edid
01-01 00:00:14.215     0     0 W         : [1 T536   ..] [RX]-no this data blk in edid
01-01 00:00:14.215     0     0 W         : [1 T536   ..] [RX]-no this data blk in edid
01-01 00:00:14.217     0     0 W         : [1 T536   ..] [RX]-no this data blk in edid
01-01 00:00:14.217     0     0 W         : [1 T536   ..] [RX]-no this data blk in edid
01-01 00:00:14.219     0     0 W         : [1 T536   ..] [RX]-hdmirx_hw_config port:2
01-01 00:00:14.219     0     0 W         : [1 T536   ..] [RX]-force_fsm_init
01-01 00:00:14.219     0     0 W         : [1 T536   ..] [RX]-no this data blk in edid
01-01 00:00:14.219     0     0 W         : [1 T536   ..] [RX]-no this data blk in edid
01-01 00:00:14.221     0     0 W         : [1 T536   ..] [RX]-no this data blk in edid
01-01 00:00:14.221     0     0 W         : [1 T536   ..] [RX]-no this data blk in edid
01-01 00:00:14.223     0     0 W         : [1 T536   ..] [RX]-no this data blk in edid
01-01 00:00:14.223     0     0 W         : [1 T536   ..] [RX]-no this data blk in edid
01-01 00:00:14.224     0     0 W         : [1 T536   ..] [RX]-hdmirx_hw_config port:3
01-01 00:00:14.225     0     0 W         : [1 T536   ..] [RX]-force_fsm_init
01-01 00:00:14.225     0     0 W         : [1 T536   ..] [RX]-*update edid*
01-01 00:00:14.294     0     0 I         : [6 T500   ..] avmute_store -1
01-01 00:00:14.633   764   778 D BootAnimation: BootAnimation::threadLoop
01-01 00:00:14.634   764   778 D BootAnimation: bootVideoProp=50, mConfig=0, mVol=50, mMute=0
01-01 00:00:14.670   764   778 D BootAnimation: BootAnimationShownTiming start time: 14293ms
01-01 00:00:14.753   494   494 V Zygote32Timing: PostZygoteInitGC took to complete: 29ms
01-01 00:00:14.753   494   494 V Zygote32Timing: ZygoteInit took to complete: 60ms
01-01 00:00:14.789     0     0 I         : [3 T143   ..] free_reserved_mem 293 logo start_addr=3f800000, end=40000000
01-01 00:00:14.791     0     0 I [3 T143   ..] [memory-debug]: Freeing fb-memory memory: 8192K
01-01 00:00:14.791     0     0 I         : [3 T143   ..] [drm] am_meson_free_logo_memory, free none_cma memory: addr:0x0x000000003f800000,size:0x800000
01-01 00:00:14.892   493   493 V Zygote64Timing: BeginPreload took to complete: 167ms
01-01 00:00:16.414   493   493 V Zygote64Timing: PreloadClasses took to complete: 1523ms
01-01 00:00:16.449   493   493 V Zygote64Timing: CacheNonBootClasspathClassLoaders took to complete: 35ms
01-01 00:00:16.499   493   493 V Zygote64Timing: PreloadResources took to complete: 49ms
01-01 00:00:16.597   493   493 V Zygote64Timing: ZygotePreload took to complete: 1874ms
01-01 00:00:16.712   493   493 V Zygote64Timing: PostZygoteInitGC took to complete: 115ms
01-01 00:00:16.712   493   493 V Zygote64Timing: ZygoteInit took to complete: 2019ms
01-01 00:00:17.706   611   611 E storaged: getService package_native failed
01-01 00:00:17.709   611   823 I storaged: storaged: Start
01-01 00:00:17.748   807   807 D SystemServerTiming: InitBeforeStartServices
01-01 00:00:17.753   807   807 I SystemServer: Entered the Android system server!
01-01 00:00:17.992     0     0 E [0 T1     ..] init: Control message: Could not find 'aidl/package_native' for ctl.interface_start from pid: 316 (/system/bin/servicemanager)
01-01 00:00:18.188   807   807 I SystemServerInitThreadPool: Creating instance with 8 threads
01-01 00:00:18.627   807   807 V SystemServerTiming: InitBeforeStartServices took to complete: 879ms
01-01 00:00:18.627   807   807 D SystemServerTiming: StartServices
01-01 00:00:18.627   807   807 D SystemServerTiming: startBootstrapServices
01-01 00:00:18.628   807   807 D SystemServerTiming: StartWatchdog
01-01 00:00:18.637   807   807 V SystemServerTiming: StartWatchdog took to complete: 10ms
01-01 00:00:18.637   807   807 I SystemServer: Reading configuration...
01-01 00:00:18.637   807   807 D SystemServerTiming: ReadingSystemConfig
01-01 00:00:18.638   807   807 V SystemServerTiming: ReadingSystemConfig took to complete: 1ms
01-01 00:00:18.638   807   807 D SystemServerTiming: PlatformCompat
01-01 00:00:18.638   807   835 D SystemServerTimingAsync: InitThreadPoolExec:ReadingSystemConfig
01-01 00:00:18.638   807   835 D SystemServerInitThreadPool: Started executing ReadingSystemConfig
01-01 00:00:18.640   807   835 I SystemConfig: Reading permissions from /system/etc/sysconfig/hiddenapi-package-whitelist.xml
01-01 00:00:18.640   807   807 D CompatConfig: Found a config file: /system/etc/compatconfig/TeleService-platform-compat-config.xml
01-01 00:00:18.641   807   807 D CompatConfig: Adding: com.android.server.compat.config.Change@f77b1a5
01-01 00:00:18.641   807   807 D CompatConfig: Adding: com.android.server.compat.config.Change@8b5197a
01-01 00:00:18.641   807   807 D CompatConfig: Adding: com.android.server.compat.config.Change@13b352b
01-01 00:00:18.641   807   807 D CompatConfig: Adding: com.android.server.compat.config.Change@aaaed88
01-01 00:00:18.641   807   807 D CompatConfig: Adding: com.android.server.compat.config.Change@e56c321
01-01 00:00:18.641   807   807 D CompatConfig: Adding: com.android.server.compat.config.Change@6eb5346
01-01 00:00:18.642   807   807 D CompatConfig: Found a config file: /system/etc/compatconfig/services-platform-compat-config.xml
01-01 00:00:18.644   807   835 I SystemConfig: Reading permissions from /system/etc/sysconfig/netflix.xml
01-01 00:00:18.645   807   835 I SystemConfig: Reading permissions from /system/etc/sysconfig/preinstalled-packages-platform.xml
01-01 00:00:18.646   807   807 D CompatConfig: Adding: com.android.server.compat.config.Change@42f1ea3
01-01 00:00:18.646   807   835 I SystemConfig: Reading permissions from /system/etc/sysconfig/framework-sysconfig.xml
01-01 00:00:18.646   807   807 D CompatConfig: Adding: com.android.server.compat.config.Change@877e5a0
01-01 00:00:18.646   807   807 D CompatConfig: Adding: com.android.server.compat.config.Change@cc3b559
01-01 00:00:18.646   807   807 D CompatConfig: Adding: com.android.server.compat.config.Change@c6b851e
01-01 00:00:18.646   807   807 D CompatConfig: Adding: com.android.server.compat.config.Change@f8b01ff
01-01 00:00:18.646   807   807 D CompatConfig: Adding: com.android.server.compat.config.Change@305bbcc
01-01 00:00:18.646   807   807 D CompatConfig: Adding: com.android.server.compat.config.Change@4714e15
01-01 00:00:18.647   807   807 D CompatConfig: Adding: com.android.server.compat.config.Change@346d52a
01-01 00:00:18.647   807   807 D CompatConfig: Adding: com.android.server.compat.config.Change@297bf1b
01-01 00:00:18.647   807   807 D CompatConfig: Adding: com.android.server.compat.config.Change@b8c8b8
01-01 00:00:18.647   807   807 D CompatConfig: Adding: com.android.server.compat.config.Change@225b691
01-01 00:00:18.647   807   807 D CompatConfig: Adding: com.android.server.compat.config.Change@cd519f6
01-01 00:00:18.647   807   807 D CompatConfig: Adding: com.android.server.compat.config.Change@ee931f7
01-01 00:00:18.647   807   807 D CompatConfig: Adding: com.android.server.compat.config.Change@28db864
01-01 00:00:18.647   807   807 D CompatConfig: Adding: com.android.server.compat.config.Change@5de2acd
01-01 00:00:18.647   807   807 D CompatConfig: Adding: com.android.server.compat.config.Change@830df82
01-01 00:00:18.647   807   807 D CompatConfig: Adding: com.android.server.compat.config.Change@174f693
01-01 00:00:18.647   807   807 D CompatConfig: Adding: com.android.server.compat.config.Change@a9ff6d0
01-01 00:00:18.647   807   807 D CompatConfig: Adding: com.android.server.compat.config.Change@82fa6c9
01-01 00:00:18.647   807   807 D CompatConfig: Adding: com.android.server.compat.config.Change@99171ce
01-01 00:00:18.647   807   807 D CompatConfig: Adding: com.android.server.compat.config.Change@6ee68ef
01-01 00:00:18.647   807   807 D CompatConfig: Adding: com.android.server.compat.config.Change@c02e685
01-01 00:00:18.647   807   835 I SystemConfig: Reading permissions from /system/etc/sysconfig/preinstalled-packages-com.android.providers.media.module.xml
01-01 00:00:18.647   807   807 D CompatConfig: Adding: com.android.server.compat.config.Change@f56dcda
01-01 00:00:18.647   807   807 D CompatConfig: Adding: com.android.server.compat.config.Change@9e2a50b
01-01 00:00:18.647   807   807 D CompatConfig: Adding: com.android.server.compat.config.Change@54bcfe8
01-01 00:00:18.647   807   807 D CompatConfig: Adding: com.android.server.compat.config.Change@106601
01-01 00:00:18.647   807   807 D CompatConfig: Adding: com.android.server.compat.config.Change@bd5eca6
01-01 00:00:18.647   807   807 D CompatConfig: Adding: com.android.server.compat.config.Change@69486e7
01-01 00:00:18.647   807   807 D CompatConfig: Adding: com.android.server.compat.config.Change@c020294
01-01 00:00:18.647   807   807 D CompatConfig: Adding: com.android.server.compat.config.Change@c1c613d
01-01 00:00:18.647   807   807 D CompatConfig: Adding: com.android.server.compat.config.Change@fe42d32
01-01 00:00:18.647   807   807 D CompatConfig: Adding: com.android.server.compat.config.Change@98aa83
01-01 00:00:18.647   807   807 D CompatConfig: Adding: com.android.server.compat.config.Change@946b400
01-01 00:00:18.648   807   807 D CompatConfig: Adding: com.android.server.compat.config.Change@5f2d439
01-01 00:00:18.648   807   807 D CompatConfig: Adding: com.android.server.compat.config.Change@223ea7e
01-01 00:00:18.648   807   807 D CompatConfig: Adding: com.android.server.compat.config.Change@6316bdf
01-01 00:00:18.648   807   807 D CompatConfig: Adding: com.android.server.compat.config.Change@f63102c
01-01 00:00:18.648   807   807 D CompatConfig: Adding: com.android.server.compat.config.Change@a237af5
01-01 00:00:18.648   807   807 D CompatConfig: Adding: com.android.server.compat.config.Change@f10308a
01-01 00:00:18.648   807   807 D CompatConfig: Adding: com.android.server.compat.config.Change@d6ae6fb
01-01 00:00:18.648   807   807 D CompatConfig: Adding: com.android.server.compat.config.Change@a070318
01-01 00:00:18.648   807   807 D CompatConfig: Adding: com.android.server.compat.config.Change@47dd171
01-01 00:00:18.648   807   807 D CompatConfig: Adding: com.android.server.compat.config.Change@dc8cb56
01-01 00:00:18.648   807   807 D CompatConfig: Adding: com.android.server.compat.config.Change@6f6f7d7
01-01 00:00:18.648   807   807 D CompatConfig: Adding: com.android.server.compat.config.Change@df538c4
01-01 00:00:18.648   807   807 D CompatConfig: Adding: com.android.server.compat.config.Change@44d13ad
01-01 00:00:18.648   807   807 D CompatConfig: Adding: com.android.server.compat.config.Change@59e46e2
01-01 00:00:18.648   807   807 D CompatConfig: Adding: com.android.server.compat.config.Change@2c93a73
01-01 00:00:18.648   807   807 D CompatConfig: Adding: com.android.server.compat.config.Change@76f1d30
01-01 00:00:18.648   807   807 D CompatConfig: Adding: com.android.server.compat.config.Change@8543da9
01-01 00:00:18.648   807   807 D CompatConfig: Adding: com.android.server.compat.config.Change@5def2e
01-01 00:00:18.648   807   807 D CompatConfig: Adding: com.android.server.compat.config.Change@2730acf
01-01 00:00:18.648   807   807 D CompatConfig: Adding: com.android.server.compat.config.Change@360dc5c
01-01 00:00:18.648   807   807 D CompatConfig: Adding: com.android.server.compat.config.Change@e8a0b65
01-01 00:00:18.648   807   807 D CompatConfig: Adding: com.android.server.compat.config.Change@55dd03a
01-01 00:00:18.648   807   807 D CompatConfig: Adding: com.android.server.compat.config.Change@53f84eb
01-01 00:00:18.648   807   807 D CompatConfig: Adding: com.android.server.compat.config.Change@f4d6248
01-01 00:00:18.648   807   807 D CompatConfig: Adding: com.android.server.compat.config.Change@394f8e1
01-01 00:00:18.648   807   807 D CompatConfig: Adding: com.android.server.compat.config.Change@948b606
01-01 00:00:18.648   807   807 D CompatConfig: Adding: com.android.server.compat.config.Change@a0f84c7
01-01 00:00:18.648   807   807 D CompatConfig: Adding: com.android.server.compat.config.Change@bfa5af4
01-01 00:00:18.648   807   807 D CompatConfig: Adding: com.android.server.compat.config.Change@e07421d
01-01 00:00:18.648   807   807 D CompatConfig: Adding: com.android.server.compat.config.Change@eaa2c92
01-01 00:00:18.649   807   835 I SystemConfig: Reading permissions from /system/etc/permissions/android.hardware.bluetooth.xml
01-01 00:00:18.649   807   807 D CompatConfig: Found a config file: /system/etc/compatconfig/calendar-provider-compat-config.xml
01-01 00:00:18.649   807   807 D CompatConfig: Adding: com.android.server.compat.config.Change@33a7fde
01-01 00:00:18.649   807   835 I SystemConfig: Reading permissions from /system/etc/permissions/com.android.location.provider.xml
01-01 00:00:18.650   807   807 D CompatConfig: Found a config file: /system/etc/compatconfig/documents-ui-compat-config.xml
01-01 00:00:18.651   807   807 D CompatConfig: Adding: com.android.server.compat.config.Change@e42148c
01-01 00:00:18.651   807   835 I SystemConfig: Reading permissions from /system/etc/permissions/android.test.runner.xml
01-01 00:00:18.651   807   807 D CompatConfig: Found a config file: /system/etc/compatconfig/contacts-provider-platform-compat-config.xml
01-01 00:00:18.652   807   807 D CompatConfig: Found a config file: /system/etc/compatconfig/framework-platform-compat-config.xml
01-01 00:00:18.652   807   835 I SystemConfig: Reading permissions from /system/etc/permissions/com.android.mediadrm.signer.xml
01-01 00:00:18.653   807   835 I SystemConfig: Reading permissions from /system/etc/permissions/android.software.webview.xml
01-01 00:00:18.654   807   835 I SystemConfig: Reading permissions from /system/etc/permissions/privapp-permissions-platform.xml
01-01 00:00:18.656   807   807 D CompatConfig: Adding: com.android.server.compat.config.Change@79d2db7
01-01 00:00:18.656   807   807 D CompatConfig: Adding: com.android.server.compat.config.Change@4646924
01-01 00:00:18.656   807   807 D CompatConfig: Adding: com.android.server.compat.config.Change@ca1ec8d
01-01 00:00:18.656   807   807 D CompatConfig: Adding: com.android.server.compat.config.Change@912de42
01-01 00:00:18.656   807   807 D CompatConfig: Adding: com.android.server.compat.config.Change@5ccee53
01-01 00:00:18.656   807   807 D CompatConfig: Adding: com.android.server.compat.config.Change@10f390
01-01 00:00:18.656   807   807 D CompatConfig: Adding: com.android.server.compat.config.Change@2cdc489
01-01 00:00:18.656   807   807 D CompatConfig: Adding: com.android.server.compat.config.Change@e749c8e
01-01 00:00:18.656   807   807 D CompatConfig: Adding: com.android.server.compat.config.Change@32e1caf
01-01 00:00:18.656   807   807 D CompatConfig: Adding: com.android.server.compat.config.Change@5b9b8bc
01-01 00:00:18.656   807   807 D CompatConfig: Adding: com.android.server.compat.config.Change@3c52045
01-01 00:00:18.656   807   807 D CompatConfig: Adding: com.android.server.compat.config.Change@521f39a
01-01 00:00:18.656   807   807 D CompatConfig: Adding: com.android.server.compat.config.Change@ac9d4cb
01-01 00:00:18.656   807   807 D CompatConfig: Adding: com.android.server.compat.config.Change@6c7a4a8
01-01 00:00:18.656   807   807 D CompatConfig: Adding: com.android.server.compat.config.Change@91c7bc1
01-01 00:00:18.656   807   807 D CompatConfig: Adding: com.android.server.compat.config.Change@71baf66
01-01 00:00:18.656   807   807 D CompatConfig: Adding: com.android.server.compat.config.Change@51ef2a7
01-01 00:00:18.656   807   807 D CompatConfig: Adding: com.android.server.compat.config.Change@466354
01-01 00:00:18.657   807   807 D CompatConfig: Adding: com.android.server.compat.config.Change@73412fd
01-01 00:00:18.657   807   807 D CompatConfig: Adding: com.android.server.compat.config.Change@ba35bf2
01-01 00:00:18.657   807   807 D CompatConfig: Adding: com.android.server.compat.config.Change@9be1243
01-01 00:00:18.657   807   807 D CompatConfig: Adding: com.android.server.compat.config.Change@25060c0
01-01 00:00:18.657   807   807 D CompatConfig: Adding: com.android.server.compat.config.Change@e33e1f9
01-01 00:00:18.657   807   807 D CompatConfig: Adding: com.android.server.compat.config.Change@a87453e
01-01 00:00:18.657   807   807 D CompatConfig: Adding: com.android.server.compat.config.Change@ea58f9f
01-01 00:00:18.657   807   807 D CompatConfig: Adding: com.android.server.compat.config.Change@23ac8ec
01-01 00:00:18.657   807   807 D CompatConfig: Adding: com.android.server.compat.config.Change@ec7a4b5
01-01 00:00:18.657   807   807 D CompatConfig: Adding: com.android.server.compat.config.Change@82e774a
01-01 00:00:18.657   807   807 D CompatConfig: Adding: com.android.server.compat.config.Change@15d86bb
01-01 00:00:18.657   807   807 D CompatConfig: Adding: com.android.server.compat.config.Change@38187d8
01-01 00:00:18.657   807   807 D CompatConfig: Adding: com.android.server.compat.config.Change@e9ad731
01-01 00:00:18.657   807   807 D CompatConfig: Adding: com.android.server.compat.config.Change@664be16
01-01 00:00:18.657   807   807 D CompatConfig: Adding: com.android.server.compat.config.Change@5d3d397
01-01 00:00:18.657   807   807 D CompatConfig: Adding: com.android.server.compat.config.Change@3734984
01-01 00:00:18.657   807   807 D CompatConfig: Adding: com.android.server.compat.config.Change@894b56d
01-01 00:00:18.657   807   807 D CompatConfig: Adding: com.android.server.compat.config.Change@5e6a5a2
01-01 00:00:18.657   807   807 D CompatConfig: Adding: com.android.server.compat.config.Change@6f81233
01-01 00:00:18.657   807   807 D CompatConfig: Adding: com.android.server.compat.config.Change@39d79f0
01-01 00:00:18.657   807   807 D CompatConfig: Adding: com.android.server.compat.config.Change@4d43b69
01-01 00:00:18.657   807   807 D CompatConfig: Adding: com.android.server.compat.config.Change@4ad79ee
01-01 00:00:18.657   807   807 D CompatConfig: Adding: com.android.server.compat.config.Change@5179e8f
01-01 00:00:18.657   807   807 D CompatConfig: Adding: com.android.server.compat.config.Change@ef8451c
01-01 00:00:18.657   807   807 D CompatConfig: Adding: com.android.server.compat.config.Change@46c2525
01-01 00:00:18.657   807   807 D CompatConfig: Adding: com.android.server.compat.config.Change@4fb46fa
01-01 00:00:18.657   807   807 D CompatConfig: Adding: com.android.server.compat.config.Change@df994ab
01-01 00:00:18.657   807   807 D CompatConfig: Adding: com.android.server.compat.config.Change@5d29708
01-01 00:00:18.657   807   807 D CompatConfig: Adding: com.android.server.compat.config.Change@cdeeea1
01-01 00:00:18.657   807   807 D CompatConfig: Adding: com.android.server.compat.config.Change@926d8c6
01-01 00:00:18.657   807   807 D CompatConfig: Adding: com.android.server.compat.config.Change@abad087
01-01 00:00:18.657   807   807 D CompatConfig: Adding: com.android.server.compat.config.Change@c7e1bb4
01-01 00:00:18.657   807   807 D CompatConfig: Adding: com.android.server.compat.config.Change@f5ad3dd
01-01 00:00:18.657   807   807 D CompatConfig: Adding: com.android.server.compat.config.Change@27bb52
01-01 00:00:18.658   807   807 D CompatConfig: Adding: com.android.server.compat.config.Change@f69ee23
01-01 00:00:18.658   807   807 D CompatConfig: Adding: com.android.server.compat.config.Change@8bb3f20
01-01 00:00:18.658   807   807 D CompatConfig: Adding: com.android.server.compat.config.Change@7b5d0d9
01-01 00:00:18.658   807   807 D CompatConfig: Adding: com.android.server.compat.config.Change@ee23a9e
01-01 00:00:18.658   807   807 D CompatConfig: Adding: com.android.server.compat.config.Change@863497f
01-01 00:00:18.658   807   807 D CompatConfig: Adding: com.android.server.compat.config.Change@9e52d4c
01-01 00:00:18.658   807   807 D CompatConfig: Adding: com.android.server.compat.config.Change@23362aa
01-01 00:00:18.658   807   807 D CompatConfig: Adding: com.android.server.compat.config.Change@16cfe9b
01-01 00:00:18.658   807   807 D CompatConfig: Adding: com.android.server.compat.config.Change@7ddd238
01-01 00:00:18.658   807   835 I SystemConfig: Reading permissions from /system/etc/permissions/com.android.networkstack.xml
01-01 00:00:18.658   807   807 D CompatConfig: Adding: com.android.server.compat.config.Change@ecfc211
01-01 00:00:18.658   807   807 D CompatConfig: Adding: com.android.server.compat.config.Change@5bcff76
01-01 00:00:18.658   807   807 D CompatConfig: Adding: com.android.server.compat.config.Change@292e977
01-01 00:00:18.658   807   807 D CompatConfig: Adding: com.android.server.compat.config.Change@4b9d9e4
01-01 00:00:18.658   807   807 D CompatConfig: Adding: com.android.server.compat.config.Change@ddd6e4d
01-01 00:00:18.658   807   807 D CompatConfig: Adding: com.android.server.compat.config.Change@b719d02
01-01 00:00:18.658   807   807 D CompatConfig: Adding: com.android.server.compat.config.Change@ec2a613
01-01 00:00:18.658   807   807 D CompatConfig: Adding: com.android.server.compat.config.Change@d2cb050
01-01 00:00:18.658   807   807 D CompatConfig: Adding: com.android.server.compat.config.Change@79fa249
01-01 00:00:18.658   807   807 D CompatConfig: Adding: com.android.server.compat.config.Change@fe0874e
01-01 00:00:18.658   807   807 D CompatConfig: Adding: com.android.server.compat.config.Change@27906f
01-01 00:00:18.658   807   807 D CompatConfig: Adding: com.android.server.compat.config.Change@3b4817c
01-01 00:00:18.658   807   807 D CompatConfig: Adding: com.android.server.compat.config.Change@5371a05
01-01 00:00:18.658   807   807 D CompatConfig: Adding: com.android.server.compat.config.Change@741ca5a
01-01 00:00:18.658   807   807 D CompatConfig: Adding: com.android.server.compat.config.Change@e46c48b
01-01 00:00:18.658   807   807 D CompatConfig: Adding: com.android.server.compat.config.Change@2863968
01-01 00:00:18.658   807   807 D CompatConfig: Adding: com.android.server.compat.config.Change@7145181
01-01 00:00:18.658   807   807 D CompatConfig: Adding: com.android.server.compat.config.Change@f423226
01-01 00:00:18.658   807   807 D CompatConfig: Adding: com.android.server.compat.config.Change@9db1e67
01-01 00:00:18.659   807   835 I SystemConfig: Reading permissions from /system/etc/permissions/android.test.base.xml
01-01 00:00:18.660   807   807 D CompatConfig: Adding: com.android.server.compat.config.Change@398414
01-01 00:00:18.660   807   807 D CompatConfig: Adding: com.android.server.compat.config.Change@18f4ab2
01-01 00:00:18.660   807   807 D CompatConfig: Adding: com.android.server.compat.config.Change@a713a03
01-01 00:00:18.660   807   807 D CompatConfig: Adding: com.android.server.compat.config.Change@334cd80
01-01 00:00:18.660   807   807 D CompatConfig: Adding: com.android.server.compat.config.Change@518afb9
01-01 00:00:18.660   807   807 D CompatConfig: Adding: com.android.server.compat.config.Change@3235ffe
01-01 00:00:18.660   807   807 D CompatConfig: Adding: com.android.server.compat.config.Change@9c3735f
01-01 00:00:18.660   807   807 D CompatConfig: Adding: com.android.server.compat.config.Change@fd941ac
01-01 00:00:18.661   807   807 D CompatConfig: Found a config file: /system/etc/compatconfig/icu4j-platform-compat-config.xml
01-01 00:00:18.661   807   835 I SystemConfig: Reading permissions from /system/etc/permissions/javax.obex.xml
01-01 00:00:18.662   807   807 D CompatConfig: Adding: com.android.server.compat.config.Change@8d5e67b
01-01 00:00:18.662   807   835 I SystemConfig: Reading permissions from /system/etc/permissions/com.android.intentresolver.xml
01-01 00:00:18.663   807   807 D CompatConfig: No directory /system/system_ext/etc/compatconfig, skipping
