01-06 05:20:33.821     0     0 I [6 T16392 ..] vframe_rate_uevent: sent uevent FRAME_RATE_HINT=0
01-06 05:20:33.822     0     0 D [6 T16392 ..] [amlcom]: vdec_release instance 000000001ba62cf0, total 1
01-06 05:20:33.822     0     0 D [6 T16392 ..] [media_clock]: the clk_vdec_mux    clock off, ref cnt: 0
01-06 05:20:39.770   944 14499 D MediaMetricsManagerService: failed to get player_metrics_app_blocklist from DeviceConfig
01-06 05:20:39.771   944 14499 V MediaMetricsManagerService: Logging level blocked: Failed to get PLAYER_METRICS_APP_BLOCKLIST.
01-06 05:20:33.918     0     0 I [1 T516   ..] vc: [0]vc: set enable index=0, val=0
01-06 05:20:33.918     0     0 I [1 T516   ..] VID: store VD0 path_id changed 2->-1
01-06 05:20:33.918     0     0 I         : [1 T516   ..] dev->index =0, val=1
01-06 05:20:33.918     0     0 I [1 T516   ..] VID: VD1 off
01-06 05:20:33.918     0     0 I [1 T516   ..] VID: VD1 set global output as 0
01-06 05:20:33.918     0     0 I         : [1 T516   ..] common_vf_unreg_provider video_render.0: vd1 used:true, vd2 used:false, vd3 used:false, f_wait:true (546480 546480), b_out:0, cur_buf:00000000d0ec28bc
01-06 05:20:33.982     0     0 I         : [1 T592   ..] dv_inst_unmap 0
01-06 05:20:33.982     0     0 I         : [1 T592   d.] dv_inst_unmap 0 OK
01-06 05:20:43.617   944   968 D AutofillManagerService: onBackKeyPressed()
01-06 05:20:43.625   944 14499 I ActivityTaskManager: moveTaskToBack: Task{10185bb #5 type=standard A=10099:com.disney.disneyplus}
01-06 05:20:43.631   944 14499 D CompatibilityChangeReporter: Compat change id reported: 197654537; UID 10099; state: ENABLED
01-06 05:20:43.637   944   970 W ProcessStats: Tracking association SourceState{58fbe86 system/1000 BTopFgs #2939} whose proc state 2 is better than process ProcessState{a2bd69d com.sonos.connectivity/10082 pkg=com.sonos.connectivity} proc state 3 (7 skipped)
01-06 05:20:43.647   944  1607 D CompatibilityChangeReporter: Compat change id reported: 168419799; UID 10099; state: DISABLED
01-06 05:20:38.036     0     0 I [0 T2871  ..] [snd-soc]: update audio atmos flag! audio_type = 0
01-06 05:20:43.939  1367  1599 W ContextImpl: Calling a method in the system process without a qualified user: android.app.ContextImpl.sendBroadcast:1189 android.content.ContextWrapper.sendBroadcast:500 com.droidlogic.audioservice.services.AudioSystemCmdService$1.onUEvent:184 com.droidlogic.UEventObserver$UEventThread.sendEvent:213 com.droidlogic.UEventObserver$UEventThread.run:190 
01-06 05:20:43.973  1367  1599 W ContextImpl: Calling a method in the system process without a qualified user: android.app.ContextImpl.sendBroadcast:1189 android.content.ContextWrapper.sendBroadcast:500 com.droidlogic.audioservice.services.AudioSystemCmdService$1.onUEvent:184 com.droidlogic.UEventObserver$UEventThread.sendEvent:213 com.droidlogic.UEventObserver$UEventThread.run:190 
01-06 05:20:38.070     0     0 I [2 T16676 ..] [snd-soc]: update audio atmos flag! audio_type = 0
01-06 05:20:39.231     0     0 I [6 T2871  ..] [snd-soc]: update audio atmos flag! audio_type = 0
01-06 05:20:45.133  1367  1599 W ContextImpl: Calling a method in the system process without a qualified user: android.app.ContextImpl.sendBroadcast:1189 android.content.ContextWrapper.sendBroadcast:500 com.droidlogic.audioservice.services.AudioSystemCmdService$1.onUEvent:184 com.droidlogic.UEventObserver$UEventThread.sendEvent:213 com.droidlogic.UEventObserver$UEventThread.run:190 
01-06 05:20:45.413  1367  1599 W ContextImpl: Calling a method in the system process without a qualified user: android.app.ContextImpl.sendBroadcast:1189 android.content.ContextWrapper.sendBroadcast:500 com.droidlogic.audioservice.services.AudioSystemCmdService$1.onUEvent:184 com.droidlogic.UEventObserver$UEventThread.sendEvent:213 com.droidlogic.UEventObserver$UEventThread.run:190 
01-06 05:20:39.511     0     0 I [7 T2871  ..] [snd-soc]: update audio atmos flag! audio_type = 0
01-06 05:20:46.098  1367  1599 W ContextImpl: Calling a method in the system process without a qualified user: android.app.ContextImpl.sendBroadcast:1189 android.content.ContextWrapper.sendBroadcast:500 com.droidlogic.audioservice.services.AudioSystemCmdService$1.onUEvent:184 com.droidlogic.UEventObserver$UEventThread.sendEvent:213 com.droidlogic.UEventObserver$UEventThread.run:190 
01-06 05:20:40.196     0     0 I [6 T2871  ..] [snd-soc]: update audio atmos flag! audio_type = 0
01-06 05:20:40.538     0     0 I [5 T2871  ..] [snd-soc]: update audio atmos flag! audio_type = 0
01-06 05:20:46.441  1367  1599 W ContextImpl: Calling a method in the system process without a qualified user: android.app.ContextImpl.sendBroadcast:1189 android.content.ContextWrapper.sendBroadcast:500 com.droidlogic.audioservice.services.AudioSystemCmdService$1.onUEvent:184 com.droidlogic.UEventObserver$UEventThread.sendEvent:213 com.droidlogic.UEventObserver$UEventThread.run:190 
01-06 05:20:47.158   944   968 D AutofillManagerService: onBackKeyPressed()
01-06 05:20:42.255     0     0 I [6 T2871  ..] [snd-soc]: update audio atmos flag! audio_type = 0
01-06 05:20:48.158  1367  1599 W ContextImpl: Calling a method in the system process without a qualified user: android.app.ContextImpl.sendBroadcast:1189 android.content.ContextWrapper.sendBroadcast:500 com.droidlogic.audioservice.services.AudioSystemCmdService$1.onUEvent:184 com.droidlogic.UEventObserver$UEventThread.sendEvent:213 com.droidlogic.UEventObserver$UEventThread.run:190 
01-06 05:20:48.485   944  1221 I ActivityTaskManager: START u0 {act=android.intent.action.VIEW dat=https://api.ws.sonos.com/... pkg=com.sonos.tv.launcher cmp=com.sonos.tv.launcher/com.sonos.tv.contentguidelauncher.MainActivity (has extras)} from uid 10058
01-06 05:20:49.937   944   968 D AutofillManagerService: onBackKeyPressed()
01-06 05:20:44.975     0     0 I [7 T2871  ..] [snd-soc]: update audio atmos flag! audio_type = 0
01-06 05:20:50.878  1367  1599 W ContextImpl: Calling a method in the system process without a qualified user: android.app.ContextImpl.sendBroadcast:1189 android.content.ContextWrapper.sendBroadcast:500 com.droidlogic.audioservice.services.AudioSystemCmdService$1.onUEvent:184 com.droidlogic.UEventObserver$UEventThread.sendEvent:213 com.droidlogic.UEventObserver$UEventThread.run:190 
01-06 05:20:51.207   944  1221 I ActivityTaskManager: START u0 {act=android.intent.action.VIEW dat=https://api.ws.sonos.com/... pkg=com.sonos.tv.launcher cmp=com.sonos.tv.launcher/com.sonos.tv.contentguidelauncher.MainActivity (has extras)} from uid 10058
01-06 05:20:52.177   944   968 D AutofillManagerService: onBackKeyPressed()
01-06 05:21:01.644   944   976 W ProcessStats: Tracking association SourceState{58fbe86 system/1000 BTopFgs #2953} whose proc state 2 is better than process ProcessState{a2bd69d com.sonos.connectivity/10082 pkg=com.sonos.connectivity} proc state 3 (19 skipped)
01-06 05:21:05.447     0     0 I [3 T1430  ..] [schedu][0x221580d15][05: 21:11.348892] wlan: [1430:I:OSIF] scan start scan id 41114
01-06 05:21:12.885   944   944 D HDMI    : [P]:AllocatedAddress=[]
01-06 05:21:07.037     0     0 I [3 T1430  ..] [schedu][0x221705390][05: 21:12.939799] wlan: [1430:I:OSIF] vdev 0, scan id 41114 type COMPLETED(1) reason COMPLETED(1) scan found 73 bss
01-06 05:21:25.804   944  1221 I ActivityManager: Background started FGS: Allowed [callingPackage: com.brdgwtr.metrics.service; callingUid: 10043; uidState: BTOP; intent: Intent { act=ACTION_START_FOREGROUND cmp=com.brdgwtr.metrics.service/androidx.work.impl.foreground.SystemForegroundService (has extras) }; code:PROC_STATE_BTOP; tempAllowListReason:<null>; targetSdkVersion:30; callerTargetSdkVersion:30; startForegroundCount:0; bindFromPackage:null]
01-06 05:21:25.806   944 14499 W ProcessStats: Tracking association SourceState{58fbe86 system/1000 BTopFgs #2959} whose proc state 2 is better than process ProcessState{a2bd69d com.sonos.connectivity/10082 pkg=com.sonos.connectivity} proc state 3 (5 skipped)
01-06 05:21:25.810   944  1221 W ActivityManager: Foreground service started from background can not have location/camera/microphone access: service com.brdgwtr.metrics.service/androidx.work.impl.foreground.SystemForegroundService
01-06 05:21:25.812   944  1221 I ActivityManager: Deferring FGS notification in legacy app com.brdgwtr.metrics.service/u0a43 : Notification(channel=EventLogSyncWorker shortcut=null contentView=null vibrate=null sound=null defaults=0x0 flags=0x42 color=0x00000000 vis=PRIVATE)
01-06 05:21:24.310     0     0 E [1 T528   ..] [wifi@1][0x22277e18b][05: 21:30.212114] wlan: [528:E:OSIF] wlan_hdd_set_station_stats_request_pending: peer is null
01-06 05:21:25.020     0     0 W [1 T16757 ..] audit: audit_lost=61925 audit_rate_limit=5 audit_backlog_limit=64
01-06 05:21:25.020     0     0 E [1 T16757 ..] audit: rate limit exceeded
01-06 05:21:43.962   944   976 W ProcessStats: Tracking association SourceState{58fbe86 system/1000 BTopFgs #2971} whose proc state 2 is better than process ProcessState{a2bd69d com.sonos.connectivity/10082 pkg=com.sonos.connectivity} proc state 3 (9 skipped)
01-06 05:21:43.962   944   976 D ActivityManager: sync unfroze 10241 com.android.keychain
01-06 05:21:54.012   944  1068 W ProcessStats: Tracking association SourceState{58fbe86 system/1000 BTopFgs #2974} whose proc state 2 is better than process ProcessState{a2bd69d com.sonos.connectivity/10082 pkg=com.sonos.connectivity} proc state 3 (5 skipped)
01-06 05:21:50.073     0     0 I [0 T322   ..] logd: logdr: UID=2000 GID=2000 PID=16802 b tail=0 logMask=99 pid=0 start=0ns deadline=0ns
01-06 05:21:58.009   944  1221 I ActivityManager: Force stopping io.appium.uiautomator2.server.test appid=10104 user=0: from pid 16829
01-06 05:21:58.527   944  1221 I ActivityManager: Force stopping io.appium.uiautomator2.server appid=10103 user=0: start instr
01-06 05:21:58.530   944  1221 D CompatibilityChangeReporter: Compat change id reported: 135634846; UID 10103; state: DISABLED
01-06 05:21:58.531   944  1221 D CompatibilityChangeReporter: Compat change id reported: 177438394; UID 10103; state: DISABLED
01-06 05:21:58.531   944  1221 D CompatibilityChangeReporter: Compat change id reported: 135772972; UID 10103; state: DISABLED
01-06 05:21:58.531   944  1221 D CompatibilityChangeReporter: Compat change id reported: 135754954; UID 10103; state: ENABLED
01-06 05:21:58.531   944   977 D CompatibilityChangeReporter: Compat change id reported: 143937733; UID 10103; state: ENABLED
01-06 05:21:58.546   944   977 I ActivityManager: Start proc 16847:io.appium.uiautomator2.server/u0a103 for added application io.appium.uiautomator2.server
01-06 05:21:58.640   944  1221 D CompatibilityChangeReporter: Compat change id reported: 168419799; UID 10103; state: DISABLED
01-06 05:21:52.751     0     0 W [0 T16862 ..] audit: audit_lost=62336 audit_rate_limit=5 audit_backlog_limit=64
01-06 05:21:52.752     0     0 E [0 T16862 ..] audit: rate limit exceeded
01-06 05:21:59.058   944  1221 D CompatibilityChangeReporter: Compat change id reported: 161145287; UID 10103; state: DISABLED
01-06 05:21:54.407     0     0 E [3 T528   ..] [wifi@1][0x22443224a][05: 22:00.309713] wlan: [528:E:OSIF] wlan_hdd_set_station_stats_request_pending: peer is null
01-06 05:22:00.317   944   983 W BatteryExternalStatsWorker: error reading modem stats:ERROR_PHONE_NOT_AVAILABLE
01-06 05:22:02.472   944   968 D HdmiControlService: Process pid: 944 is calling oneTouchPlay.
01-06 05:22:02.473   944   944 D HDMI    : oneTouchPlay com.android.server.hdmi.OneTouchPlayAction@cb6fa8d
01-06 05:22:02.473   944   944 D HDMI    : setActiveSource logical:0x03 physical:0x2000 OneTouchPlayAction#broadcastActiveSource()
01-06 05:22:02.474   944   967 D AutofillManagerService: Close system dialogs
01-06 05:22:02.477   944   968 I ActivityTaskManager: START u0 {act=android.intent.action.MAIN cat=[android.intent.category.HOME] flg=0x10000100 cmp=com.sonos.tv.launcher/com.sonos.tv.contentguidelauncher.MainActivity (has extras)} from uid 0
01-06 05:22:02.585   944   944 D HDMI    : ActiveSourceHistoryRecord active source=(0x03, 0x2000) isActiveSource=true from=OneTouchPlayAction#broadcastActiveSource()
01-06 05:22:02.585   944   944 D HdmiCecActiveness: setState active mState:active
01-06 05:22:02.586   944   944 D HDMI    : setActiveSource logical:0x03 physical:0x2000 ActiveSourceAction
01-06 05:22:02.809   944  1197 E HDMI    : [6]:Failed to send <Text View On> 30:0D with errorCode=1
01-06 05:22:02.815   944   944 D HDMI    : ActiveSourceHistoryRecord active source=(0x03, 0x2000) isActiveSource=true from=ActiveSourceAction
01-06 05:22:02.815   944   944 D HdmiCecActiveness: setState active mState:active
01-06 05:22:02.815   944   944 D HDMI    : setLocalActivePort port:0 current:0
01-06 05:22:02.834   944   944 W Looper  : Slow dispatch took 361ms main h=android.os.Handler c=com.android.server.hdmi.WorkSourceUidPreservingRunnable@4dbac53 m=0
01-06 05:22:02.834   944   944 W Looper  : Slow delivery took 360ms main h=android.app.ActivityThread$H c=android.app.LoadedApk$ReceiverDispatcher$Args$$ExternalSyntheticLambda0@b3bd990 m=0
01-06 05:22:02.835   944   944 I HdmiControlService: checkAndUpdateAbsoluteVolumeControlState() AudioDeviceAttributes: role:output type:hdmi addr: name: profiles:[] descriptors:[]Not in AVC_AUDIO_OUTPUT_DEVICES
01-06 05:22:02.843   944   944 I HdmiControlService: checkAndUpdateAbsoluteVolumeControlState() AudioDeviceAttributes: role:output type:hdmi addr: name: profiles:[] descriptors:[]Not in AVC_AUDIO_OUTPUT_DEVICES
01-06 05:22:02.843   944   944 W Looper  : Drained
01-06 05:22:02.938   944  1197 D HDMI    : [S]:<Active Source> 3F:82:20:00
01-06 05:22:03.285   944  1197 E HDMI    : [1]:Failed to send <Menu Status> 30:8E:00 with errorCode=1
01-06 05:22:03.625   944  1197 E HDMI    : [6]:Failed to send <Give Device Power Status> 30:8F with errorCode=1
01-06 05:22:03.877  1367  1599 W ContextImpl: Calling a method in the system process without a qualified user: android.app.ContextImpl.sendBroadcast:1189 android.content.ContextWrapper.sendBroadcast:500 com.droidlogic.audioservice.services.AudioSystemCmdService$1.onUEvent:184 com.droidlogic.UEventObserver$UEventThread.sendEvent:213 com.droidlogic.UEventObserver$UEventThread.run:190 
01-06 05:21:57.975     0     0 I [4 T2871  ..] [snd-soc]: update audio atmos flag! audio_type = 0
01-06 05:22:04.834   944   944 D HDMI    : one touch play retry:1
01-06 05:22:06.545  1367  1599 W ContextImpl: Calling a method in the system process without a qualified user: android.app.ContextImpl.sendBroadcast:1189 android.content.ContextWrapper.sendBroadcast:500 com.droidlogic.audioservice.services.AudioSystemCmdService$1.onUEvent:184 com.droidlogic.UEventObserver$UEventThread.sendEvent:213 com.droidlogic.UEventObserver$UEventThread.run:190 
01-06 05:22:00.643     0     0 I [4 T2871  ..] [snd-soc]: update audio atmos flag! audio_type = 0
01-06 05:22:06.834   944   944 D HDMI    : one touch play retry:2
01-06 05:22:08.836   944   944 D HDMI    : one touch play retry:3
01-06 05:22:10.837   944   944 D HDMI    : one touch play retry:4
01-06 05:22:05.462     0     0 I [5 T1430  ..] [schedu][0x224ebd172][05: 22:11.364601] wlan: [1430:I:OSIF] scan start scan id 41115
01-06 05:22:12.838   944   944 D HDMI    : one touch play retry:5
01-06 05:22:12.881   944   944 D HDMI    : [P]:AllocatedAddress=[]
01-06 05:22:07.044     0     0 I [2 T1430  ..] [schedu][0x22503f394][05: 22:12.946203] wlan: [1430:I:OSIF] vdev 0, scan id 41115 type COMPLETED(1) reason COMPLETED(1) scan found 86 bss
01-06 05:22:53.441     0     0 W [3 T16981 ..] audit: audit_lost=62916 audit_rate_limit=5 audit_backlog_limit=64
01-06 05:22:53.441     0     0 E [3 T16981 ..] audit: rate limit exceeded
01-06 05:22:59.925     0     0 I [1 T322   ..] logd: logdr: UID=2000 GID=2000 PID=17043 b tail=0 logMask=99 pid=0 start=0ns deadline=0ns
01-06 05:23:08.385   944  9483 W ProcessStats: Tracking association SourceState{58fbe86 system/1000 BTopFgs #2996} whose proc state 2 is better than process ProcessState{a2bd69d com.sonos.connectivity/10082 pkg=com.sonos.connectivity} proc state 3 (12 skipped)
01-06 05:23:08.391   944  9483 I ActivityManager: Force stopping io.appium.uiautomator2.server appid=10103 user=0: finished inst
01-06 05:23:08.392   944  9483 I ActivityManager: Killing 16847:io.appium.uiautomator2.server/u0a103 (adj 0): stop io.appium.uiautomator2.server due to finished inst
01-06 05:23:02.529     0     0 I [1 T9483  ..] binder_alloc: 16847: binder_alloc_buf, no vma
01-06 05:23:02.529     0     0 I [1 T9483  ..] binder: 944:9483 transaction failed 29189/-3, size 4-0 line 3101
01-06 05:23:02.529     0     0 I [1 T9483  ..] binder: send failed reply for transaction 892735 to 16847:16868
01-06 05:23:08.433   944  1598 V ActivityManager: Got obituary of 16847:io.appium.uiautomator2.server
01-06 05:23:02.530     0     0 I [2 T17084 ..] binder: undelivered TRANSACTION_COMPLETE
01-06 05:23:02.530     0     0 I [2 T17084 ..] binder: undelivered TRANSACTION_ERROR: 29189
01-06 05:23:02.577     0     0 W [5 T17095 ..] audit: audit_lost=63287 audit_rate_limit=5 audit_backlog_limit=64
01-06 05:23:02.577     0     0 E [5 T17095 ..] audit: rate limit exceeded
01-06 05:23:09.003   944  1598 I ActivityManager: Force stopping io.appium.uiautomator2.server.test appid=10104 user=0: from pid 17101
01-06 05:23:09.543   944  9483 I ActivityManager: Force stopping io.appium.uiautomator2.server appid=10103 user=0: start instr
01-06 05:23:09.546   944  9483 D CompatibilityChangeReporter: Compat change id reported: 135634846; UID 10103; state: DISABLED
01-06 05:23:09.546   944  9483 D CompatibilityChangeReporter: Compat change id reported: 177438394; UID 10103; state: DISABLED
01-06 05:23:09.546   944  9483 D CompatibilityChangeReporter: Compat change id reported: 135772972; UID 10103; state: DISABLED
01-06 05:23:09.546   944  9483 D CompatibilityChangeReporter: Compat change id reported: 135754954; UID 10103; state: ENABLED
01-06 05:23:09.547   944   977 D CompatibilityChangeReporter: Compat change id reported: 143937733; UID 10103; state: ENABLED
01-06 05:23:09.561   944   977 I ActivityManager: Start proc 17119:io.appium.uiautomator2.server/u0a103 for added application io.appium.uiautomator2.server
01-06 05:23:03.770     0     0 W [6 T17134 ..] audit: audit_lost=63738 audit_rate_limit=5 audit_backlog_limit=64
01-06 05:23:03.770     0     0 E [6 T17134 ..] audit: rate limit exceeded
01-06 05:23:05.451     0     0 I [6 T1430  ..] [schedu][0x2287f2aa9][05: 23:11.352880] wlan: [1430:I:OSIF] scan start scan id 41116
01-06 05:23:12.885   944   944 D HDMI    : [P]:AllocatedAddress=[]
01-06 05:23:07.053     0     0 I [5 T1430  ..] [schedu][0x228979cbc][05: 23:12.954948] wlan: [1430:I:OSIF] vdev 0, scan id 41116 type COMPLETED(1) reason COMPLETED(1) scan found 81 bss
01-06 05:24:02.495     0     0 E [4 T528   ..] [wifi@1][0x22be5984c][05: 24:08.397267] wlan: [528:E:OSIF] wlan_hdd_set_station_stats_request_pending: peer is null
01-06 05:24:04.368     0     0 W [0 T17215 ..] audit: audit_lost=64195 audit_rate_limit=5 audit_backlog_limit=64
01-06 05:24:04.368     0     0 E [0 T17215 ..] audit: rate limit exceeded
01-06 05:24:05.454     0     0 I [2 T1430  ..] [schedu][0x22c12bf70][05: 24:11.356407] wlan: [1430:I:OSIF] scan start scan id 41117
01-06 05:24:12.881   944   944 D HDMI    : [P]:AllocatedAddress=[]
01-06 05:24:07.057     0     0 I [2 T1430  ..] [schedu][0x22c2b3680][05: 24:12.959751] wlan: [1430:I:OSIF] vdev 0, scan id 41117 type COMPLETED(1) reason COMPLETED(1) scan found 75 bss
01-06 05:25:04.483     0     0 W [1 T17235 ..] audit: audit_lost=64571 audit_rate_limit=5 audit_backlog_limit=64
01-06 05:25:04.483     0     0 E [1 T17235 ..] audit: rate limit exceeded
01-06 05:25:05.475     0     0 I [6 T1430  ..] [schedu][0x22fa697f9][05: 25:11.377280] wlan: [1430:I:OSIF] scan start scan id 41118
01-06 05:25:12.881   944   944 D HDMI    : [P]:AllocatedAddress=[]
01-06 05:25:07.064     0     0 I [3 T1430  ..] [schedu][0x22fbed747][05: 25:12.966350] wlan: [1430:I:OSIF] vdev 0, scan id 41118 type COMPLETED(1) reason COMPLETED(1) scan found 79 bss
01-06 05:25:51.546     0     0 I [1 T322   ..] logd: logdr: UID=2000 GID=2000 PID=17299 b tail=0 logMask=99 pid=0 start=0ns deadline=0ns
01-06 05:25:59.428   944  9483 W ProcessStats: Tracking association SourceState{58fbe86 system/1000 BTopFgs #3027} whose proc state 2 is better than process ProcessState{a2bd69d com.sonos.connectivity/10082 pkg=com.sonos.connectivity} proc state 3 (33 skipped)
01-06 05:25:59.432   944  6719 I ActivityManager: Force stopping io.appium.uiautomator2.server appid=10103 user=0: finished inst
01-06 05:25:59.433   944  6719 I ActivityManager: Killing 17119:io.appium.uiautomator2.server/u0a103 (adj 0): stop io.appium.uiautomator2.server due to finished inst
01-06 05:25:59.457   944  6719 V ActivityManager: Got obituary of 17119:io.appium.uiautomator2.server
01-06 05:25:53.555     0     0 I [3 T13868 ..] binder: undelivered TRANSACTION_COMPLETE
01-06 05:25:53.555     0     0 I [3 T13868 ..] binder: undelivered transaction 940357, process died.
01-06 05:25:53.601     0     0 W [6 T17342 ..] audit: audit_lost=64914 audit_rate_limit=5 audit_backlog_limit=64
01-06 05:25:53.601     0     0 E [6 T17342 ..] audit: rate limit exceeded
01-06 05:26:00.562   944  9483 I ActivityManager: Force stopping io.appium.uiautomator2.server.test appid=10104 user=0: from pid 17348
01-06 05:26:01.090   944  9483 I ActivityManager: Force stopping io.appium.uiautomator2.server appid=10103 user=0: start instr
01-06 05:26:01.093   944  9483 D CompatibilityChangeReporter: Compat change id reported: 135634846; UID 10103; state: DISABLED
01-06 05:26:01.093   944  9483 D CompatibilityChangeReporter: Compat change id reported: 177438394; UID 10103; state: DISABLED
01-06 05:26:01.093   944  9483 D CompatibilityChangeReporter: Compat change id reported: 135772972; UID 10103; state: DISABLED
01-06 05:26:01.094   944  9483 D CompatibilityChangeReporter: Compat change id reported: 135754954; UID 10103; state: ENABLED
01-06 05:26:01.094   944   977 D CompatibilityChangeReporter: Compat change id reported: 143937733; UID 10103; state: ENABLED
01-06 05:26:01.104   944   977 I ActivityManager: Start proc 17366:io.appium.uiautomator2.server/u0a103 for added application io.appium.uiautomator2.server
01-06 05:25:55.310     0     0 W [5 T17381 ..] audit: audit_lost=65380 audit_rate_limit=5 audit_backlog_limit=64
01-06 05:25:55.310     0     0 E [5 T17381 ..] audit: rate limit exceeded
01-06 05:26:05.078   944   968 D HdmiControlService: Process pid: 944 is calling oneTouchPlay.
01-06 05:26:05.079   944   944 D HDMI    : oneTouchPlay com.android.server.hdmi.OneTouchPlayAction@fac8ed2
01-06 05:26:05.079   944   944 D HDMI    : setActiveSource logical:0x03 physical:0x2000 OneTouchPlayAction#broadcastActiveSource()
01-06 05:26:05.081   944   967 D AutofillManagerService: Close system dialogs
01-06 05:26:05.082   944   968 I ActivityTaskManager: START u0 {act=android.intent.action.MAIN cat=[android.intent.category.HOME] flg=0x10000100 cmp=com.sonos.tv.launcher/com.sonos.tv.contentguidelauncher.MainActivity (has extras)} from uid 0
01-06 05:26:05.201   944   944 D HDMI    : ActiveSourceHistoryRecord active source=(0x03, 0x2000) isActiveSource=true from=OneTouchPlayAction#broadcastActiveSource()
01-06 05:26:05.201   944   944 D HdmiCecActiveness: setState active mState:active
01-06 05:26:05.202   944   944 D HDMI    : setActiveSource logical:0x03 physical:0x2000 ActiveSourceAction
01-06 05:26:05.433   944   944 D HDMI    : ActiveSourceHistoryRecord active source=(0x03, 0x2000) isActiveSource=true from=ActiveSourceAction
01-06 05:26:05.433   944  1197 E HDMI    : [6]:Failed to send <Text View On> 30:0D with errorCode=1
01-06 05:26:05.433   944   944 D HdmiCecActiveness: setState active mState:active
01-06 05:26:05.433   944   944 D HDMI    : setLocalActivePort port:0 current:0
01-06 05:26:05.453   944   944 W Looper  : Slow dispatch took 374ms main h=android.os.Handler c=com.android.server.hdmi.WorkSourceUidPreservingRunnable@470fea0 m=0
01-06 05:26:05.453   944   944 W Looper  : Slow delivery took 373ms main h=android.app.ActivityThread$H c=android.app.LoadedApk$ReceiverDispatcher$Args$$ExternalSyntheticLambda0@1715a59 m=0
01-06 05:26:05.455   944   944 I HdmiControlService: checkAndUpdateAbsoluteVolumeControlState() AudioDeviceAttributes: role:output type:hdmi addr: name: profiles:[] descriptors:[]Not in AVC_AUDIO_OUTPUT_DEVICES
01-06 05:26:05.472   944   944 I HdmiControlService: checkAndUpdateAbsoluteVolumeControlState() AudioDeviceAttributes: role:output type:hdmi addr: name: profiles:[] descriptors:[]Not in AVC_AUDIO_OUTPUT_DEVICES
01-06 05:26:05.497   944   944 W Looper  : Drained
01-06 05:26:05.562   944  1197 D HDMI    : [S]:<Active Source> 3F:82:20:00
01-06 05:26:05.909   944  1197 E HDMI    : [1]:Failed to send <Menu Status> 30:8E:00 with errorCode=1
01-06 05:26:06.253   944  1197 E HDMI    : [6]:Failed to send <Give Device Power Status> 30:8F with errorCode=1
01-06 05:26:00.570     0     0 I [1 T2871  ..] [snd-soc]: update audio atmos flag! audio_type = 0
01-06 05:26:06.476  1367  1599 W ContextImpl: Calling a method in the system process without a qualified user: android.app.ContextImpl.sendBroadcast:1189 android.content.ContextWrapper.sendBroadcast:500 com.droidlogic.audioservice.services.AudioSystemCmdService$1.onUEvent:184 com.droidlogic.UEventObserver$UEventThread.sendEvent:213 com.droidlogic.UEventObserver$UEventThread.run:190 
01-06 05:26:07.453   944   944 D HDMI    : one touch play retry:1
01-06 05:26:03.235     0     0 I [5 T2871  ..] [snd-soc]: update audio atmos flag! audio_type = 0
01-06 05:26:09.138  1367  1599 W ContextImpl: Calling a method in the system process without a qualified user: android.app.ContextImpl.sendBroadcast:1189 android.content.ContextWrapper.sendBroadcast:500 com.droidlogic.audioservice.services.AudioSystemCmdService$1.onUEvent:184 com.droidlogic.UEventObserver$UEventThread.sendEvent:213 com.droidlogic.UEventObserver$UEventThread.run:190 
01-06 05:26:09.454   944   944 D HDMI    : one touch play retry:2
01-06 05:26:05.455     0     0 I [7 T1430  ..] [schedu][0x23339d2b3][05: 26:11.357754] wlan: [1430:I:OSIF] scan start scan id 41119
01-06 05:26:11.455   944   944 D HDMI    : one touch play retry:3
01-06 05:26:12.890   944   944 D HDMI    : [P]:AllocatedAddress=[]
01-06 05:26:07.073     0     0 I [4 T1430  ..] [schedu][0x233528195][05: 26:12.975388] wlan: [1430:I:OSIF] vdev 0, scan id 41119 type COMPLETED(1) reason COMPLETED(1) scan found 84 bss
01-06 05:26:13.456   944   944 D HDMI    : one touch play retry:4
01-06 05:26:08.139     0     0 I [0 T2871  ..] [snd-soc]: update audio atmos flag! audio_type = 0
01-06 05:26:14.041  1367  1599 W ContextImpl: Calling a method in the system process without a qualified user: android.app.ContextImpl.sendBroadcast:1189 android.content.ContextWrapper.sendBroadcast:500 com.droidlogic.audioservice.services.AudioSystemCmdService$1.onUEvent:184 com.droidlogic.UEventObserver$UEventThread.sendEvent:213 com.droidlogic.UEventObserver$UEventThread.run:190 
01-06 05:26:15.181   944 11104 I ActivityTaskManager: START u0 {act=android.intent.action.VIEW dat=https://api.ws.sonos.com/... pkg=com.sonos.tv.launcher cmp=com.sonos.tv.launcher/com.sonos.tv.contentguidelauncher.MainActivity (has extras)} from uid 10058
01-06 05:26:15.216   944   970 W ProcessStats: Tracking association SourceState{8d88922 system/1000 BTopFgs #3054} whose proc state 2 is better than process ProcessState{a2bd69d com.sonos.connectivity/10082 pkg=com.sonos.connectivity} proc state 3 (27 skipped)
01-06 05:26:15.457   944   944 D HDMI    : one touch play retry:5
01-06 05:26:18.245   944   968 D AutofillManagerService: onBackKeyPressed()
01-06 05:26:17.182     0     0 I [1 T322   ..] logd: logdr: UID=2000 GID=2000 PID=17535 n tail=0 logMask=99 pid=0 start=0ns deadline=0ns
01-06 05:26:23.970   944  1221 I ActivityManager: Force stopping io.appium.uiautomator2.server appid=10103 user=0: finished inst
01-06 05:26:23.971   944  1221 I ActivityManager: Killing 17366:io.appium.uiautomator2.server/u0a103 (adj 0): stop io.appium.uiautomator2.server due to finished inst
01-06 05:26:24.021   944 15082 V ActivityManager: Got obituary of 17366:io.appium.uiautomator2.server
01-06 05:26:18.118     0     0 I [6 T1221  ..] binder_alloc: 17366: binder_alloc_buf, no vma
01-06 05:26:18.118     0     0 I [6 T1221  ..] binder: 944:1221 transaction failed 29189/-3, size 4-0 line 3101
01-06 05:26:18.118     0     0 I [6 T1221  ..] binder: send failed reply for transaction 957686 to 17366:17386
01-06 05:26:18.119     0     0 I [0 T13855 ..] binder: undelivered TRANSACTION_COMPLETE
01-06 05:26:18.119     0     0 I [0 T13855 ..] binder: undelivered TRANSACTION_ERROR: 29189
01-06 05:26:18.176     0     0 W [0 T17574 ..] audit: audit_lost=65873 audit_rate_limit=5 audit_backlog_limit=64
01-06 05:26:18.176     0     0 E [0 T17574 ..] audit: rate limit exceeded
01-06 05:27:05.486     0     0 I [2 T1430  ..] [schedu][0x236cdcff9][05: 27:11.388032] wlan: [1430:I:OSIF] scan start scan id 41120
01-06 05:27:12.889   944   944 D HDMI    : [P]:AllocatedAddress=[]
01-06 05:27:07.077     0     0 I [2 T1430  ..] [schedu][0x236e618de][05: 27:12.979557] wlan: [1430:I:OSIF] vdev 0, scan id 41120 type COMPLETED(1) reason COMPLETED(1) scan found 76 bss
01-06 05:27:18.372     0     0 W [0 T17597 ..] audit: audit_lost=66411 audit_rate_limit=5 audit_backlog_limit=64
01-06 05:27:18.372     0     0 E [0 T17597 ..] audit: rate limit exceeded
01-06 05:28:05.475     0     0 I [7 T1430  ..] [schedu][0x23a612bfb][05: 28:11.377026] wlan: [1430:I:OSIF] scan start scan id 41121
01-06 05:28:12.889   944   944 D HDMI    : [P]:AllocatedAddress=[]
01-06 05:28:07.089     0     0 I [4 T1430  ..] [schedu][0x23a79ccc8][05: 28:12.991056] wlan: [1430:I:OSIF] vdev 0, scan id 41121 type COMPLETED(1) reason COMPLETED(1) scan found 75 bss
01-06 05:28:18.465     0     0 W [1 T17624 ..] audit: audit_lost=66577 audit_rate_limit=5 audit_backlog_limit=64
01-06 05:28:18.465     0     0 E [1 T17624 ..] audit: rate limit exceeded
01-06 05:28:47.364     0     0 I [1 T322   ..] logd: logdr: UID=2000 GID=2000 PID=17671 b tail=0 logMask=99 pid=0 start=0ns deadline=0ns
01-06 05:28:55.273   944 15082 I ActivityManager: Force stopping io.appium.uiautomator2.server.test appid=10104 user=0: from pid 17698
01-06 05:28:55.274   944 15082 W ProcessStats: Tracking association SourceState{58fbe86 system/1000 BTopFgs #3076} whose proc state 2 is better than process ProcessState{a2bd69d com.sonos.connectivity/10082 pkg=com.sonos.connectivity} proc state 3 (16 skipped)
01-06 05:28:55.781   944 15082 I ActivityManager: Force stopping io.appium.uiautomator2.server appid=10103 user=0: start instr
01-06 05:28:55.783   944 15082 D CompatibilityChangeReporter: Compat change id reported: 135634846; UID 10103; state: DISABLED
01-06 05:28:55.783   944 15082 D CompatibilityChangeReporter: Compat change id reported: 177438394; UID 10103; state: DISABLED
01-06 05:28:55.783   944 15082 D CompatibilityChangeReporter: Compat change id reported: 135772972; UID 10103; state: DISABLED
01-06 05:28:55.783   944 15082 D CompatibilityChangeReporter: Compat change id reported: 135754954; UID 10103; state: ENABLED
01-06 05:28:55.783   944   977 D CompatibilityChangeReporter: Compat change id reported: 143937733; UID 10103; state: ENABLED
01-06 05:28:55.799   944   977 I ActivityManager: Start proc 17716:io.appium.uiautomator2.server/u0a103 for added application io.appium.uiautomator2.server
01-06 05:28:50.010     0     0 W [6 T17731 ..] audit: audit_lost=66728 audit_rate_limit=5 audit_backlog_limit=64
01-06 05:28:50.010     0     0 E [6 T17731 ..] audit: rate limit exceeded
01-06 05:28:51.676     0     0 E [1 T528   ..] [wifi@1][0x23d2225a6][05: 28:57.578285] wlan: [528:E:OSIF] wlan_hdd_set_station_stats_request_pending: peer is null
01-06 05:28:57.584   944   983 W BatteryExternalStatsWorker: error reading modem stats:ERROR_PHONE_NOT_AVAILABLE
01-06 05:28:59.805   944   968 D HdmiControlService: Process pid: 944 is calling oneTouchPlay.
01-06 05:28:59.806   944   944 D HDMI    : oneTouchPlay com.android.server.hdmi.OneTouchPlayAction@699849a
01-06 05:28:59.806   944   944 D HDMI    : setActiveSource logical:0x03 physical:0x2000 OneTouchPlayAction#broadcastActiveSource()
01-06 05:28:59.808   944   967 D AutofillManagerService: Close system dialogs
01-06 05:28:59.811   944   968 I ActivityTaskManager: START u0 {act=android.intent.action.MAIN cat=[android.intent.category.HOME] flg=0x10000100 cmp=com.sonos.tv.launcher/com.sonos.tv.contentguidelauncher.MainActivity (has extras)} from uid 0
01-06 05:28:59.926   944   944 D HDMI    : ActiveSourceHistoryRecord active source=(0x03, 0x2000) isActiveSource=true from=OneTouchPlayAction#broadcastActiveSource()
01-06 05:28:59.926   944   944 D HdmiCecActiveness: setState active mState:active
01-06 05:28:59.926   944   944 D HDMI    : setActiveSource logical:0x03 physical:0x2000 ActiveSourceAction
01-06 05:29:00.153   944  1197 E HDMI    : [6]:Failed to send <Text View On> 30:0D with errorCode=1
01-06 05:29:00.153   944   944 D HDMI    : ActiveSourceHistoryRecord active source=(0x03, 0x2000) isActiveSource=true from=ActiveSourceAction
01-06 05:29:00.153   944   944 D HdmiCecActiveness: setState active mState:active
01-06 05:29:00.153   944   944 D HDMI    : setLocalActivePort port:0 current:0
01-06 05:29:00.184   944   944 W Looper  : Slow dispatch took 378ms main h=android.os.Handler c=com.android.server.hdmi.WorkSourceUidPreservingRunnable@c1da8 m=0
01-06 05:29:00.184   944   944 W Looper  : Slow delivery took 376ms main h=android.app.ActivityThread$H c=android.app.LoadedApk$ReceiverDispatcher$Args$$ExternalSyntheticLambda0@e2200c1 m=0
01-06 05:29:00.185   944   944 I HdmiControlService: checkAndUpdateAbsoluteVolumeControlState() AudioDeviceAttributes: role:output type:hdmi addr: name: profiles:[] descriptors:[]Not in AVC_AUDIO_OUTPUT_DEVICES
01-06 05:29:00.194   944   944 I HdmiControlService: checkAndUpdateAbsoluteVolumeControlState() AudioDeviceAttributes: role:output type:hdmi addr: name: profiles:[] descriptors:[]Not in AVC_AUDIO_OUTPUT_DEVICES
01-06 05:29:00.194   944   944 W Looper  : Drained
01-06 05:29:00.282   944  1197 D HDMI    : [S]:<Active Source> 3F:82:20:00
01-06 05:29:00.617   944  1197 E HDMI    : [1]:Failed to send <Menu Status> 30:8E:00 with errorCode=1
01-06 05:29:00.957   944  1197 E HDMI    : [6]:Failed to send <Give Device Power Status> 30:8F with errorCode=1
01-06 05:28:55.243     0     0 I [2 T2882  ..] [snd-soc]: update audio atmos flag! audio_type = 0
01-06 05:29:01.158  1367  1599 W ContextImpl: Calling a method in the system process without a qualified user: android.app.ContextImpl.sendBroadcast:1189 android.content.ContextWrapper.sendBroadcast:500 com.droidlogic.audioservice.services.AudioSystemCmdService$1.onUEvent:184 com.droidlogic.UEventObserver$UEventThread.sendEvent:213 com.droidlogic.UEventObserver$UEventThread.run:190 
01-06 05:29:02.184   944   944 D HDMI    : one touch play retry:1
01-06 05:28:57.927     0     0 I [4 T2882  ..] [snd-soc]: update audio atmos flag! audio_type = 0
01-06 05:29:03.830  1367  1599 W ContextImpl: Calling a method in the system process without a qualified user: android.app.ContextImpl.sendBroadcast:1189 android.content.ContextWrapper.sendBroadcast:500 com.droidlogic.audioservice.services.AudioSystemCmdService$1.onUEvent:184 com.droidlogic.UEventObserver$UEventThread.sendEvent:213 com.droidlogic.UEventObserver$UEventThread.run:190 
01-06 05:29:04.185   944   944 D HDMI    : one touch play retry:2
01-06 05:29:04.635   944   975 I UsageStatsService: User[0] Flushing usage stats to disk
01-06 05:29:06.185   944   944 D HDMI    : one touch play retry:3
01-06 05:29:08.185   944   944 D HDMI    : one touch play retry:4
01-06 05:29:10.187   944   944 D HDMI    : one touch play retry:5
01-06 05:29:05.474     0     0 I [1 T1430  ..] [schedu][0x23df4b019][05: 29:11.376288] wlan: [1430:I:OSIF] scan start scan id 41122
01-06 05:29:12.905   944   944 D HDMI    : [P]:AllocatedAddress=[]
01-06 05:29:07.094     0     0 I [6 T1430  ..] [schedu][0x23e0d66de][05: 29:12.995941] wlan: [1430:I:OSIF] vdev 0, scan id 41122 type COMPLETED(1) reason COMPLETED(1) scan found 74 bss
01-06 05:29:21.665  1367  1599 W ContextImpl: Calling a method in the system process without a qualified user: android.app.ContextImpl.sendBroadcast:1189 android.content.ContextWrapper.sendBroadcast:500 com.droidlogic.audioservice.services.AudioSystemCmdService$1.onUEvent:184 com.droidlogic.UEventObserver$UEventThread.sendEvent:213 com.droidlogic.UEventObserver$UEventThread.run:190 
01-06 05:29:15.763     0     0 I [4 T2882  ..] [snd-soc]: update audio atmos flag! audio_type = 0
01-06 05:29:28.474   944  1221 I ActivityTaskManager: START u0 {act=android.intent.action.VIEW dat=https://api.ws.sonos.com/... pkg=com.sonos.tv.launcher cmp=com.sonos.tv.launcher/com.sonos.tv.contentguidelauncher.MainActivity (has extras)} from uid 10058
01-06 05:29:28.507   944   970 W ProcessStats: Tracking association SourceState{8d88922 system/1000 BTopFgs #3097} whose proc state 2 is better than process ProcessState{a2bd69d com.sonos.connectivity/10082 pkg=com.sonos.connectivity} proc state 3 (10 skipped)
01-06 05:29:36.442   944   968 D AutofillManagerService: onBackKeyPressed()
01-06 05:29:45.103   944  2869 W ProcessStats: Tracking association SourceState{3ece10a com.brdgwtr.publisherservice/10044 BTopFgs #3100} whose proc state 2 is better than process ProcessState{d13fea com.brdgwtr.dms/10050 pkg=com.brdgwtr.dms} proc state 3 (0 skipped)
01-06 05:29:50.606     0     0 W [1 T17874 ..] audit: audit_lost=67233 audit_rate_limit=5 audit_backlog_limit=64
01-06 05:29:50.606     0     0 E [1 T17874 ..] audit: rate limit exceeded
01-06 05:30:05.485     0     0 I [3 T1430  ..] [schedu][0x2418862c2][05: 30:11.387465] wlan: [1430:I:OSIF] scan start scan id 41123
01-06 05:30:12.909   944   944 D HDMI    : [P]:AllocatedAddress=[]
01-06 05:30:07.097     0     0 I [3 T1430  ..] [schedu][0x241a0fa87][05: 30:12.999182] wlan: [1430:I:OSIF] vdev 0, scan id 41123 type COMPLETED(1) reason COMPLETED(1) scan found 70 bss
01-06 05:30:30.361   944  1068 D CompatibilityChangeReporter: Compat change id reported: 218533173; UID 10099; state: ENABLED
01-06 05:30:50.694     0     0 W [1 T17940 ..] audit: audit_lost=67647 audit_rate_limit=5 audit_backlog_limit=64
01-06 05:30:50.694     0     0 E [1 T17940 ..] audit: rate limit exceeded
01-06 05:30:52.404     0     0 I [1 T322   ..] logd: logdr: UID=2000 GID=2000 PID=17984 b tail=0 logMask=99 pid=0 start=0ns deadline=0ns
01-06 05:31:00.670   944  2869 W ProcessStats: Tracking association SourceState{58fbe86 system/1000 BTopFgs #3123} whose proc state 2 is better than process ProcessState{a2bd69d com.sonos.connectivity/10082 pkg=com.sonos.connectivity} proc state 3 (27 skipped)
01-06 05:31:00.678   944  2869 I ActivityManager: Force stopping io.appium.uiautomator2.server appid=10103 user=0: finished inst
01-06 05:31:00.679   944  2869 I ActivityManager: Killing 17716:io.appium.uiautomator2.server/u0a103 (adj 0): stop io.appium.uiautomator2.server due to finished inst
01-06 05:30:54.805     0     0 I [3 T2869  ..] binder_alloc: 17716: binder_alloc_buf, no vma
01-06 05:30:54.805     0     0 I [3 T2869  ..] binder: 944:2869 transaction failed 29189/-3, size 4-0 line 3101
01-06 05:30:54.805     0     0 I [3 T2869  ..] binder: send failed reply for transaction 1041820 to 17716:17737
01-06 05:31:00.708   944  2869 V ActivityManager: Got obituary of 17716:io.appium.uiautomator2.server
01-06 05:30:54.806     0     0 I [6 T17089 ..] binder: undelivered TRANSACTION_COMPLETE
01-06 05:30:54.806     0     0 I [6 T17089 ..] binder: undelivered TRANSACTION_ERROR: 29189
01-06 05:30:54.854     0     0 W [0 T18027 ..] audit: audit_lost=67834 audit_rate_limit=5 audit_backlog_limit=64
01-06 05:30:54.854     0     0 E [0 T18027 ..] audit: rate limit exceeded
01-06 05:31:01.409   944  1219 I ActivityManager: Force stopping io.appium.uiautomator2.server.test appid=10104 user=0: from pid 18033
01-06 05:31:01.925   944  1219 I ActivityManager: Force stopping io.appium.uiautomator2.server appid=10103 user=0: start instr
01-06 05:31:01.928   944  1219 D CompatibilityChangeReporter: Compat change id reported: 135634846; UID 10103; state: DISABLED
01-06 05:31:01.928   944  1219 D CompatibilityChangeReporter: Compat change id reported: 177438394; UID 10103; state: DISABLED
01-06 05:31:01.928   944  1219 D CompatibilityChangeReporter: Compat change id reported: 135772972; UID 10103; state: DISABLED
01-06 05:31:01.928   944  1219 D CompatibilityChangeReporter: Compat change id reported: 135754954; UID 10103; state: ENABLED
01-06 05:31:01.929   944   977 D CompatibilityChangeReporter: Compat change id reported: 143937733; UID 10103; state: ENABLED
01-06 05:31:01.943   944   977 I ActivityManager: Start proc 18051:io.appium.uiautomator2.server/u0a103 for added application io.appium.uiautomator2.server
01-06 05:30:56.149     0     0 W [5 T18066 ..] audit: audit_lost=68222 audit_rate_limit=5 audit_backlog_limit=64
01-06 05:30:56.149     0     0 E [5 T18066 ..] audit: rate limit exceeded
01-06 05:31:05.490     0     0 I [3 T1430  ..] [schedu][0x2451bfdfa][05: 31:11.392641] wlan: [1430:I:OSIF] scan start scan id 41124
01-06 05:31:12.889   944   944 D HDMI    : [P]:AllocatedAddress=[]
01-06 05:31:07.105     0     0 I [3 T1430  ..] [schedu][0x24534a2e4][05: 31:13.007723] wlan: [1430:I:OSIF] vdev 0, scan id 41124 type COMPLETED(1) reason COMPLETED(1) scan found 66 bss
01-06 05:31:54.108   944  1078 D ActivityManager: freezing 10241 com.android.keychain
01-06 05:31:59.807   944   976 W ProcessStats: Tracking association SourceState{8d88922 system/1000 BTopFgs #3143} whose proc state 2 is better than process ProcessState{a2bd69d com.sonos.connectivity/10082 pkg=com.sonos.connectivity} proc state 3 (25 skipped)
01-06 05:31:54.782     0     0 E [5 T528   ..] [wifi@1][0x2480c2017][05: 32:00.684446] wlan: [528:E:OSIF] wlan_hdd_set_station_stats_request_pending: peer is null
01-06 05:31:56.762     0     0 W [1 T18124 ..] audit: audit_lost=68721 audit_rate_limit=5 audit_backlog_limit=64
01-06 05:31:56.762     0     0 E [1 T18124 ..] audit: rate limit exceeded
01-06 05:32:05.499     0     0 I [1 T1430  ..] [schedu][0x248afa886][05: 32:11.401740] wlan: [1430:I:OSIF] scan start scan id 41125
01-06 05:32:12.881   944   944 D HDMI    : [P]:AllocatedAddress=[]
01-06 05:32:07.061     0     0 I [3 T1430  ..] [schedu][0x248c77bff][05: 32:12.963206] wlan: [1430:I:OSIF] vdev 0, scan id 41125 type COMPLETED(1) reason COMPLETED(1) scan found 74 bss
01-06 05:32:28.584     0     0 I [6 T2871  ..] [snd-soc]: update audio atmos flag! audio_type = 0
01-06 05:32:34.487  1367  1599 W ContextImpl: Calling a method in the system process without a qualified user: android.app.ContextImpl.sendBroadcast:1189 android.content.ContextWrapper.sendBroadcast:500 com.droidlogic.audioservice.services.AudioSystemCmdService$1.onUEvent:184 com.droidlogic.UEventObserver$UEventThread.sendEvent:213 com.droidlogic.UEventObserver$UEventThread.run:190 
01-06 05:32:34.813   944  1282 I ActivityTaskManager: START u0 {act=android.intent.action.VIEW dat=https://api.ws.sonos.com/... pkg=com.sonos.tv.launcher cmp=com.sonos.tv.launcher/com.sonos.tv.contentguidelauncher.MainActivity (has extras)} from uid 10058
01-06 05:32:34.890   944   970 W ProcessStats: Tracking association SourceState{8d88922 system/1000 BTopFgs #3152} whose proc state 2 is better than process ProcessState{a2bd69d com.sonos.connectivity/10082 pkg=com.sonos.connectivity} proc state 3 (3 skipped)
01-06 05:32:41.943   944   968 D AutofillManagerService: onBackKeyPressed()
01-06 05:32:36.506     0     0 I [7 T2871  ..] [snd-soc]: update audio atmos flag! audio_type = 0
01-06 05:32:42.416  1367  1599 W ContextImpl: Calling a method in the system process without a qualified user: android.app.ContextImpl.sendBroadcast:1189 android.content.ContextWrapper.sendBroadcast:500 com.droidlogic.audioservice.services.AudioSystemCmdService$1.onUEvent:184 com.droidlogic.UEventObserver$UEventThread.sendEvent:213 com.droidlogic.UEventObserver$UEventThread.run:190 
01-06 05:32:36.864     0     0 I [4 T2871  ..] [snd-soc]: update audio atmos flag! audio_type = 0
01-06 05:32:42.766  1367  1599 W ContextImpl: Calling a method in the system process without a qualified user: android.app.ContextImpl.sendBroadcast:1189 android.content.ContextWrapper.sendBroadcast:500 com.droidlogic.audioservice.services.AudioSystemCmdService$1.onUEvent:184 com.droidlogic.UEventObserver$UEventThread.sendEvent:213 com.droidlogic.UEventObserver$UEventThread.run:190 
01-06 05:32:37.484     0     0 I [6 T2871  ..] [snd-soc]: update audio atmos flag! audio_type = 0
01-06 05:32:43.386  1367  1599 W ContextImpl: Calling a method in the system process without a qualified user: android.app.ContextImpl.sendBroadcast:1189 android.content.ContextWrapper.sendBroadcast:500 com.droidlogic.audioservice.services.AudioSystemCmdService$1.onUEvent:184 com.droidlogic.UEventObserver$UEventThread.sendEvent:213 com.droidlogic.UEventObserver$UEventThread.run:190 
01-06 05:32:43.672   944  1282 I ActivityTaskManager: START u0 {act=android.intent.action.VIEW dat=https://api.ws.sonos.com/... pkg=com.sonos.tv.launcher cmp=com.sonos.tv.launcher/com.sonos.tv.contentguidelauncher.MainActivity (has extras)} from uid 10058
01-06 05:32:56.875     0     0 W [1 T18181 ..] audit: audit_lost=69067 audit_rate_limit=5 audit_backlog_limit=64
01-06 05:32:56.875     0     0 E [1 T18181 ..] audit: rate limit exceeded
01-06 05:33:05.499     0     0 I [5 T1430  ..] [schedu][0x24c432f81][05: 33:11.401737] wlan: [1430:I:OSIF] scan start scan id 41126
01-06 05:33:11.982   944   968 D AutofillManagerService: onBackKeyPressed()
01-06 05:33:12.881   944   944 D HDMI    : [P]:AllocatedAddress=[]
01-06 05:33:07.130     0     0 I [0 T1430  ..] [schedu][0x24c5c0f57][05: 33:13.031902] wlan: [1430:I:OSIF] vdev 0, scan id 41126 type COMPLETED(1) reason COMPLETED(1) scan found 77 bss
01-06 05:33:56.966     0     0 W [3 T18214 ..] audit: audit_lost=69389 audit_rate_limit=5 audit_backlog_limit=64
01-06 05:33:56.966     0     0 E [3 T18214 ..] audit: rate limit exceeded
01-06 05:34:05.495     0     0 I [4 T1430  ..] [schedu][0x24fd6a4fc][05: 34:11.397251] wlan: [1430:I:OSIF] scan start scan id 41127
01-06 05:34:12.897   944   944 D HDMI    : [P]:AllocatedAddress=[]
01-06 05:34:07.127     0     0 I [6 T1430  ..] [schedu][0x24fef8c01][05: 34:13.029256] wlan: [1430:I:OSIF] vdev 0, scan id 41127 type COMPLETED(1) reason COMPLETED(1) scan found 75 bss
01-06 05:34:50.989   944   976 W ProcessStats: Tracking association SourceState{8d88922 system/1000 BTopFgs #3158} whose proc state 2 is better than process ProcessState{a2bd69d com.sonos.connectivity/10082 pkg=com.sonos.connectivity} proc state 3 (1 skipped)
01-06 05:34:51.398   944   967 D sysclock_state: set to SYNCED, reason: OK
01-06 05:34:57.054     0     0 W [2 T18244 ..] audit: audit_lost=69615 audit_rate_limit=5 audit_backlog_limit=64
01-06 05:34:57.054     0     0 E [2 T18244 ..] audit: rate limit exceeded
01-06 05:35:05.500     0     0 I [2 T1430  ..] [schedu][0x2536a3f8f][05: 35:11.402262] wlan: [1430:I:OSIF] scan start scan id 41128
01-06 05:35:12.893   944   944 D HDMI    : [P]:AllocatedAddress=[]
01-06 05:35:07.134     0     0 I [4 T1430  ..] [schedu][0x253832edd][05: 35:13.036389] wlan: [1430:I:OSIF] vdev 0, scan id 41128 type COMPLETED(1) reason COMPLETED(1) scan found 74 bss
01-06 05:35:57.152     0     0 W [2 T18264 ..] audit: audit_lost=69925 audit_rate_limit=5 audit_backlog_limit=64
01-06 05:35:57.152     0     0 E [2 T18264 ..] audit: rate limit exceeded
01-06 05:36:05.510     0     0 I [2 T1430  ..] [schedu][0x256fdebe1][05: 36:11.411816] wlan: [1430:I:OSIF] scan start scan id 41129
01-06 05:36:12.893   944   944 D HDMI    : [P]:AllocatedAddress=[]
01-06 05:36:07.137     0     0 I [3 T1430  ..] [schedu][0x25716c021][05: 36:13.039017] wlan: [1430:I:OSIF] vdev 0, scan id 41129 type COMPLETED(1) reason COMPLETED(1) scan found 79 bss
01-06 05:36:27.469   944  9483 I ActivityManager: Background started FGS: Allowed [callingPackage: com.brdgwtr.metrics.service; callingUid: 10043; uidState: BTOP; intent: Intent { act=ACTION_START_FOREGROUND cmp=com.brdgwtr.metrics.service/androidx.work.impl.foreground.SystemForegroundService (has extras) }; code:PROC_STATE_BTOP; tempAllowListReason:<null>; targetSdkVersion:30; callerTargetSdkVersion:30; startForegroundCount:0; bindFromPackage:null]
01-06 05:36:27.472   944  1282 W ProcessStats: Tracking association SourceState{8d88922 system/1000 BTopFgs #3170} whose proc state 2 is better than process ProcessState{a2bd69d com.sonos.connectivity/10082 pkg=com.sonos.connectivity} proc state 3 (3 skipped)
01-06 05:36:27.472   944  2869 W ActivityManager: Foreground service started from background can not have location/camera/microphone access: service com.brdgwtr.metrics.service/androidx.work.impl.foreground.SystemForegroundService
01-06 05:36:27.474   944   976 I ActivityManager: Deferring FGS notification in legacy app com.brdgwtr.metrics.service/u0a43 : Notification(channel=EventLogSyncWorker shortcut=null contentView=null vibrate=null sound=null defaults=0x0 flags=0x42 color=0x00000000 vis=PRIVATE)
01-06 05:36:57.233     0     0 W [2 T18287 ..] audit: audit_lost=70049 audit_rate_limit=5 audit_backlog_limit=64
01-06 05:36:57.233     0     0 E [2 T18287 ..] audit: rate limit exceeded
01-06 05:37:05.517     0     0 I [3 T1430  ..] [schedu][0x25a918fba][05: 37:11.419201] wlan: [1430:I:OSIF] scan start scan id 41130
01-06 05:37:12.889   944   944 D HDMI    : [P]:AllocatedAddress=[]
