01-01 00:00:12.515     0     0 E [1 T191   ..] selinux:  
01-01 00:00:12.516     0     0 E [1 T191   ..] selinux: SELinux:  Could not stat /sys/devices/virtual/net/ipsec_test/dev_id: No such file or directory.
01-01 00:00:12.517     0     0 E [1 T191   ..] selinux:  
01-01 00:00:12.527     0     0 E [3 T1     ..] init: Control message: Could not find 'vendor.amlogic.hardware.tvserver@1.0::ITvServer/default' for ctl.interface_start from pid: 322 (/system/bin/hwservicemanager)
01-01 00:00:12.529     0     0 I [2 T504   ..] dim: load 0x400 pq len 168 later.
01-01 00:00:12.674     0     0 E [0 T1     ..] init: Control message: Could not find 'vendor.amlogic.hardware.tvserver@1.0::ITvServer/default' for ctl.interface_start from pid: 322 (/system/bin/hwservicemanager)
01-01 00:00:12.760     0     0 I [0 T504   ..] dim: load 0x1000 pq len 17 later.
01-01 00:00:12.761     0     0 I [0 T504   ..] dim: load 0x2000 pq len 32 later.
01-01 00:00:12.785     0     0 I         : [6 T415   ..] [TEE] E/TA:   MM-module-name:Video firmware TA,Version:1.0.5-g3604ffd(build:6514)
01-01 00:00:12.785     0     0 I         : [6 T415   ..] [TEE] E/TA:   fw_check_pack_version:292 the package has 15 fws totally.
01-01 00:00:12.785     0     0 I         : [6 T415   ..] [TEE] E/TA:   fw_check_pack_version:309 The TA ver is v1.0
01-01 00:00:12.785     0     0 I         : [6 T415   ..] [TEE] E/TA:   fw_check_pack_version:310 The fw ver is v0.4
01-01 00:00:12.785     0     0 I         : [6 T415   ..] [TEE] E/TA:   fw_data_insert:389 the fw with 332 KB will be loaded.
01-01 00:00:12.785     0     0 I         : [6 T415   ..] [TEE] M/TA: TEE_Video_Load_FW success
01-01 00:00:12.860     0     0 E [5 T1     ..] init: Control message: Could not find 'aidl/package_native' for ctl.interface_start from pid: 320 (/system/bin/servicemanager)
01-01 00:00:12.866     0     0 E [3 T1     ..] init: Control message: Could not find 'vendor.amlogic.hardware.tvserver@1.0::ITvServer/default' for ctl.interface_start from pid: 322 (/system/bin/hwservicemanager)
01-01 00:00:13.068     0     0 E [4 T1     ..] init: Control message: Could not find 'vendor.amlogic.hardware.tvserver@1.0::ITvServer/default' for ctl.interface_start from pid: 322 (/system/bin/hwservicemanager)
01-01 00:00:13.154     0     0 I         : [1 T686   ..] read descriptors
01-01 00:00:13.154     0     0 I         : [1 T686   ..] read strings
01-01 00:00:13.269     0     0 E [6 T1     ..] init: Control message: Could not find 'vendor.amlogic.hardware.tvserver@1.0::ITvServer/default' for ctl.interface_start from pid: 322 (/system/bin/hwservicemanager)
01-01 00:00:13.421     0     0 I         : [0 T693   ..] tee load hdcp key ready
01-01 00:00:13.446     0     0 I [0 T20    ..] android_work: sent uevent USB_STATE=CONNECTED
01-01 00:00:13.470     0     0 E [2 T1     ..] init: Control message: Could not find 'vendor.amlogic.hardware.tvserver@1.0::ITvServer/default' for ctl.interface_start from pid: 322 (/system/bin/hwservicemanager)
01-01 00:00:13.490     0     0 E [0 T1     ..] init: Control message: Could not find 'aidl/android.hardware.graphics.composer3.IComposer/default' for ctl.interface_start from pid: 320 (/system/bin/servicemanager)
01-01 00:00:13.531     0     0 I [0 T20    ..] android_work: sent uevent USB_STATE=CONFIGURED
01-01 00:00:13.587     0     0 I [7 T504   ..] dim: load 0x200 pq len 25 later.
01-01 00:00:13.598     0     0 I [3 T504   ..] dim: load 0x800 pq len 103 later.
01-01 00:00:13.621     0     0 D         : [4 T655   ..] caamkeys_ioctl(cmd=3221813249)
01-01 00:00:13.720     0     0 E [7 T1     ..] init: Control message: Could not find 'vendor.amlogic.hardware.tvserver@1.0::ITvServer/default' for ctl.interface_start from pid: 322 (/system/bin/hwservicemanager)
01-01 00:00:13.732     0     0 I         : [3 T504   ..] aad argp = 00000000840696e3	db_o_bl_cv.length=13 mem_size=52
01-01 00:00:13.732     0     0 I         : [3 T504   ..] db_o_bl_cv control db_cabc_aad_param_s success
01-01 00:00:13.732     0     0 I         : [3 T504   ..] db_maxbin_bl_cv control db_cabc_aad_param_s success
01-01 00:00:13.733     0     0 I         : [3 T504   ..] db_LUT_RG_gain control db_cabc_aad_param_s success
01-01 00:00:13.733     0     0 I         : [3 T504   ..] db_LUT_RG_gain control db_cabc_aad_param_s success
01-01 00:00:13.733     0     0 I         : [3 T504   ..] db_LUT_BG_gain control db_cabc_aad_param_s success
01-01 00:00:13.733     0     0 I         : [3 T504   ..] db_gain_lut control db_cabc_aad_param_s success
01-01 00:00:13.733     0     0 I         : [3 T504   ..] db_xy_lut control db_cabc_aad_param_s success
01-01 00:00:13.809     0     0 I         : [6 T645   ..] [TEE] E/TA:   OPTEE_PlatformInit:47
01-01 00:00:13.809     0     0 I         : [6 T645   ..] [TEE] MM-module-name:Widevine TA,Version:17.1-r1.14-ga3ab5eb-p1(build:1509)
01-01 00:00:13.809     0     0 I         : [6 T645   ..] [TEE] E/TA:   OPTEE_PlatformInit:62 time 12 < 2022
01-01 00:00:13.809     0     0 I         : [6 T645   ..] [TEE] E/TA:   OPTEE_MigrateGenerationNumPersistentData:399 migrate read GenerationNum from reefs error. NOT ERROR
01-01 00:00:13.809     0     0 I         : [6 T645   ..] [TEE] I/TA: TA_CloseSessionEntryPoint
01-01 00:00:13.809     0     0 I         : [6 T645   ..] [TEE] M/TA: [PROVISION-TA] the same key [0x11 WIDEVINE_KEY] already exists
01-01 00:00:13.809     0     0 I         : [6 T645   ..] [TEE] M/TA: [PROVISION-TA] the same key [0x31 HDCP_TX14_KEY] already exists
01-01 00:00:13.809     0     0 I         : [6 T645   ..] [TEE] M/TA: [PROVISION-TA] the same key [0x33 HDCP_RX14_KEY] already exists
01-01 00:00:13.809     0     0 I         : [6 T645   ..] [TEE] M/TA: [PROVISION-TA] the same key [0x32 HDCP_TX22_KEY] already exists
01-01 00:00:13.809     0     0 I         : [6 T645   ..] [TEE] M/TA: [PROVISION-TA] the same key [0x36 HDCP_RX22_FW_PRIVATE] already exists
01-01 00:00:13.809     0     0 I         : [6 T645   ..] [TEE] E/TA:   cmd_hdcp_read_key:951 [HDCP-TA] cmd_hdcp_read_key: hdcp_read_key(hdcp_rx22_fw.bin) failed, ret = 0xffff0008
01-01 00:00:13.861     0     0 E [2 T1     ..] init: Control message: Could not find 'aidl/package_native' for ctl.interface_start from pid: 320 (/system/bin/servicemanager)
01-01 00:00:13.911     0     0 I [1 T514   ..] vc: [0]get capability: min 64 64; max 4096 2160
01-01 00:00:13.911     0     0 I [1 T514   ..] vc: [2]get capability: min 64 64; max 4096 2160
01-01 00:00:13.934     0     0 I         : [1 T504   ..] avmute_store 1
01-01 00:00:14.060     0     0 W         : [3 T570   d.] ------------[ cut here ]------------
01-01 00:00:14.060     0     0 W         : [3 T570   d.] meson drm-subsystem: drm_WARN_ON_ONCE(drm_drv_uses_atomic_modeset(dev))
01-01 00:00:14.060     0     0 W [3 T570   d.] WARNING: CPU: 3 PID: 570 at drivers/gpu/drm/drm_vblank.c:728 drm_crtc_vblank_helper_get_vblank_timestamp_internal+0x2b8/0x46c
01-01 00:00:14.060     0     0 W         : [3 T570   d.] Modules linked in: video_framerate_adapter(OE) media_sync(OE) amvdec_av1_v4l(OE) amvdec_av1(OE) amvdec_mavs_v4l(OE) amvdec_mavs(OE) amlogic_fbc_lib_64(POE) amlogic_multienc(OE) amvdec_ports(OE) amlogic_jpegenc(OE) amvdec_avs2_v4l(OE) amvdec_avs2(OE) amvdec_vp9_v4l(OE) amvdec_vp9(OE) amvdec_vc1(OE) amvdec_mmpeg4_v4l(OE) amvdec_mmpeg4(OE) amvdec_mmpeg12_v4l(OE) amvdec_mmpeg12(OE) amvdec_mmjpeg_v4l(OE) amvdec_mmjpeg(OE) amvdec_h265_v4l(OE) amvdec_h265(OE) amvdec_h264mvc(OE) amvdec_mh264_v4l(OE) amvdec_mh264(OE) adla_core(OE) amlcam(OE) imx290(OE) pts_server(OE) stream_input(OE) decoder_common(OE) firmware(OE) media_clock(OE) dovi_t7_5_15_stb26(POE) ldim_fw(POE) caamkeys(PE) sonos_sec_soc(PE) aes_hwkey_gcm(E) mac80211(E) cfg80211(E) amlogic_snd_codec_tas5707(E) amlogic_snd_codec_tl1(E) amlogic_snd_soc(E) amlogic_snd_codec_dummy(E) psmon(E) apple_auth(PE) gpio_ir_rx_driver(E) is31fl3195(E) ledctl(E) hwevent_queue(E) sonos_device(E) amlogic_algorithm(E)
01-01 00:00:14.060     0     0 W         : [3 T570   d.]  amlogic_hwspinlock(E) amlogic_jtag(E) amlogic_led(E) amlogic_hifidsp(E) amlogic_socinfo(E) optee(E) tee(E) aml_fixed_area_cma(E) amlogic_rtc(E) amlogic_dvb_ci(E) amlogic_dvb_demux(E) amlogic_audio_utils(E) v4l2_fwnode(E) v4l2_async(E) i2c_dev(E) dwmac_dwc_qos_eth(E) dwmac_meson8b(E) amlogic_mdio_g12a(E) dwmac_meson(E) stmmac_platform(E) stmmac(E) pcs_xpcs(E) mdio_mux(E) system_heap(E) zram(E) gpio_regulator(E) ntfs3(E) zsmalloc(E) sha1_ce(E) amlogic_pcie_v2_host(E) amlogic_wireless(E) amlogic_crypto_dma(E) hdr10_tmo_alg(PE) gdc_fw(POE) amlogic_dnlp_alg(POE) mali_kbase(OE) aml_drm(E) amlogic_inphy(E) amlogic_phy_debug(E) amlogic_irblaster(E) amlogic_usb(E) amlogic_thermal(E) amlogic_adc(E) aml_media(E) amlogic_dvb(E) amlogic_watchdog(E) amlogic_input(E) amlogic_pm(E) dvb_core(E) videobuf_core(E) amlogic_tee(E) amlogic_rng(E) amlogic_spi(E) amlogic_i2c(E) amlogic_mmc(E) amlogic_efuse_unifykey(E) amlogic_reset(E) amlogic_cpufreq(E) amlogic_cpuinfo(E)
01-01 00:00:14.060     0     0 W         : [3 T570   d.]  amlogic_power(E) pwm_regulator(E) amlogic_pwm(E) amlogic_mailbox(E) amlogic_pinctrl_soc_t7(E) amlogic_gpio(E) amlogic_clk_soc_t7(E) amlogic_clk(E) amlogic_secmon(E) amlogic_memory_debug(E) amlogic_debug(E) amlogic_gkitool(E) amlogic_uart(E)
01-01 00:00:14.060     0     0 I [3 T570   d.] PC: ffffffe40899df4c, PFN: 219d V
01-01 00:00:14.060     0     0 I [3 T570   d.] SP: ffffffc0114cba10, PFN:  9eb V
01-01 00:00:14.060     0     0 I [3 T570   d.] FAR: 0000007489047af0  U
01-01 00:00:14.060     0     0 I [3 T570   d.] R1: ffffffc0114cb788, PFN:  9eb V
01-01 00:00:14.060     0     0 I [3 T570   d.] R14: ffffffe40a630e00, PFN: 3e30 V
01-01 00:00:14.060     0     0 I [3 T570   d.] R17: ffffffffffffffff, PFN:***** V
01-01 00:00:14.060     0     0 I [3 T570   d.] R18: ffffffc0111f5070, PFN:  9ec V
01-01 00:00:14.060     0     0 I [3 T570   d.] R20: ffffffc0114cbac8, PFN:  9eb V
01-01 00:00:14.060     0     0 I [3 T570   d.] R21: ffffffc0114cbad4, PFN:  9eb V
01-01 00:00:14.060     0     0 I [3 T570   d.] R22: ffffff810855f910, PFN:10855f L
01-01 00:00:14.060     0     0 I [3 T570   d.] R23: ffffffe402386990, PFN:106801 V
01-01 00:00:14.060     0     0 I [3 T570   d.] R24: ffffff81067a2080, PFN:1067a2 L
01-01 00:00:14.060     0     0 I [3 T570   d.] R26: ffffff81067a1800, PFN:1067a1 L
01-01 00:00:14.060     0     0 I [3 T570   d.] R28: ffffff81039fb200, PFN:1039fb L
01-01 00:00:14.060     0     0 I [3 T570   d.] R29: ffffffc0114cba50, PFN:  9eb V
01-01 00:00:14.060     0     0 I [3 T570   d.] R30: ffffffe40899df48, PFN: 219d V
01-01 00:00:14.060     0     0 W [3 T570   d.] CPU: 3 PID: 570 Comm: android.hardwar Tainted: P           OE     5.15.78-android13-8-g6933e98b9f35-ab561 #1
01-01 00:00:14.060     0     0 W         : [3 T570   d.] Hardware name: Amlogic (DT)
01-01 00:00:14.060     0     0 W [3 T570   d.] pstate: 60400085 (nZCv daIf +PAN -UAO -TCO -DIT -SSBS BTYPE=--)
01-01 00:00:14.060     0     0 W [3 T570   d.] pc: drm_crtc_vblank_helper_get_vblank_timestamp_internal+0x2b8/0x46c
01-01 00:00:14.060     0     0 W [3 T570   d.] lr: drm_crtc_vblank_helper_get_vblank_timestamp_internal+0x2b4/0x46c
01-01 00:00:14.060     0     0 W [3 T570   d.] sp: ffffffc0114cba10
01-01 00:00:14.060     0     0 W [3 T570   d.] x29: ffffffc0114cba50 x28: ffffff81039fb200 x27: 0000000000000000
01-01 00:00:14.060     0     0 W [3 T570   d.] x26: ffffff81067a1800 x25: 0000000000000000 x24: ffffff81067a2080
01-01 00:00:14.060     0     0 W [3 T570   d.] x23: ffffffe402386990 x22: ffffff810855f910 x21: ffffffc0114cbad4
01-01 00:00:14.060     0     0 W [3 T570   d.] x20: ffffffc0114cbac8 x19: 0000000000000001 x18: ffffffc0111f5070
01-01 00:00:14.060     0     0 W [3 T570   d.] x17: ffffffffffffffff x16: 0000000000000002 x15: 0000000000000004
01-01 00:00:14.060     0     0 W [3 T570   d.] x14: ffffffe40a630e00 x13: 0000000000003fff x12: 0000000000000003
01-01 00:00:14.060     0     0 W [3 T570   d.] x11: 0000000000000000 x10: 0000000000000027 x9 : 502d118b416f0700
01-01 00:00:14.060     0     0 W [3 T570   d.] x8: 502d118b416f0700 x7 : 0000000000000000 x6 : 0000000000000000
01-01 00:00:14.060     0     0 W [3 T570   d.] x5: 0000000000000000 x4 : 0000000000000000 x3 : 0000000000000000
01-01 00:00:14.060     0     0 W [3 T570   d.] x2: 0000000000000000 x1 : ffffffc0114cb788 x0 : 0000000000000000
01-01 00:00:14.060     0     0 W         : [3 T570   d.]
01-01 00:00:14.060     0     0 W [3 T570   d.] PC: 0xffffffe40899decc:
01-01 00:00:14.060     0     0 W         : [3 T570   d.] decc  f9401b48 b9406349 b940b908 0a090108 121c0108 7100411f 540000c0 f941d748
01-01 00:00:14.060     0     0 W         : [3 T570   d.] deec  b4000348 f9401508 f100011f 1a9f07f3 2a1f03e0 34000b53 9000e088 3977a509
01-01 00:00:14.060     0     0 W         : [3 T570   d.] df0c  35000ae9 52800029 f9400740 3937a509 94008980 f9400748 aa0003e1 f9403902
01-01 00:00:14.060     0     0 W         : [3 T570   d.] df2c  b5000042 f9400102 d0008b00 d0008ac3 9121f000 91275863 97df4bfd 2a1f03e0
01-01 00:00:14.060     0     0 W         : [3 T570   d.] df4c  d4210000 14000046 2a1f03e0 14000044 d0008661 f9400740 91211021 2a1303e2
01-01 00:00:14.060     0     0 W         : [3 T570   d.] df6c  9400975c 2a1f03e0 1400003d f0008b81 f9400740 912ad821 94009756 2a1f03e0
01-01 00:00:14.060     0     0 W         : [3 T570   d.] df8c  14000037 52800037 b90002bb b85e43a8 794056c9 b94023ea 1b092908 52884809
01-01 00:00:14.060     0     0 W         : [3 T570   d.] dfac  72a001e9 9b297d08 b9801ec9 9ac90d08 b0010249 cb28c008 f9000288 39714128
01-01 00:00:14.060     0     0 W         : [3 T570   d.]
01-01 00:00:14.060     0     0 W [3 T570   d.] LR: 0xffffffe40899dec8:
01-01 00:00:14.060     0     0 W         : [3 T570   d.] dec8  97fff368 f9401b48 b9406349 b940b908 0a090108 121c0108 7100411f 540000c0
01-01 00:00:14.060     0     0 W         : [3 T570   d.] dee8  f941d748 b4000348 f9401508 f100011f 1a9f07f3 2a1f03e0 34000b53 9000e088
01-01 00:00:14.060     0     0 W         : [3 T570   d.] df08  3977a509 35000ae9 52800029 f9400740 3937a509 94008980 f9400748 aa0003e1
01-01 00:00:14.060     0     0 W         : [3 T570   d.] df28  f9403902 b5000042 f9400102 d0008b00 d0008ac3 9121f000 91275863 97df4bfd
01-01 00:00:14.060     0     0 W         : [3 T570   d.] df48  2a1f03e0 d4210000 14000046 2a1f03e0 14000044 d0008661 f9400740 91211021
01-01 00:00:14.060     0     0 W         : [3 T570   d.] df68  2a1303e2 9400975c 2a1f03e0 1400003d f0008b81 f9400740 912ad821 94009756
01-01 00:00:14.060     0     0 W         : [3 T570   d.] df88  2a1f03e0 14000037 52800037 b90002bb b85e43a8 794056c9 b94023ea 1b092908
01-01 00:00:14.060     0     0 W         : [3 T570   d.] dfa8  52884809 72a001e9 9b297d08 b9801ec9 9ac90d08 b0010249 cb28c008 f9000288
01-01 00:00:14.060     0     0 W         : [3 T570   d.]
01-01 00:00:14.060     0     0 W [3 T570   d.] SP: 0xffffffc0114cb990:
01-01 00:00:14.060     0     0 W         : [3 T570   d.] b990  067a1800 ffffff81 00000000 00000000 039fb200 ffffff81 114cba50 ffffffc0
01-01 00:00:14.060     0     0 W         : [3 T570   d.] b9b0  0899df48 ffffffe4 114cba10 ffffffc0 0899df4c ffffffe4 60400085 00000000
01-01 00:00:14.060     0     0 W         : [3 T570   d.] b9d0  114cb9a8 ffffffc0 00000000 00000000 ffffffc8 00000000 416f0700 502d118b
01-01 00:00:14.060     0     0 W         : [3 T570   d.] b9f0  114cba50 ffffffc0 0899df4c ffffffe4 00000000 00000000 0899decc ffffffe4
01-01 00:00:14.060     0     0 W         : [3 T570   d.] ba10  09d9edd8 ffffffe4 036cc800 ffffff81 036ccf08 ffffff81 040725a8 ffffff81
01-01 00:00:14.060     0     0 W         : [3 T570   d.] ba30  00000000 00000000 00000000 00000000 00000000 00000000 416f0700 502d118b
01-01 00:00:14.060     0     0 W         : [3 T570   d.] ba50  114cbab0 ffffffc0 0899e11c ffffffe4 00000000 00000000 00000000 00000000
01-01 00:00:14.060     0     0 W         : [3 T570   d.] ba70  023868d0 ffffffe4 0855f880 ffffff81 067a2080 ffffff81 00000000 00000000
01-01 00:00:14.060     0     0 W         : [3 T570   d.]
01-01 00:00:14.060     0     0 W [3 T570   d.] X1: 0xffffffc0114cb708:
01-01 00:00:14.060     0     0 W         : [3 T570   d.] b708  000002d8 00000000 0899df4c ffffffe4 00000000 00000000 114cb8c0 ffffffc0
01-01 00:00:14.061     0     0 W         : [3 T570   d.] b728  00000009 00000000 000005e4 00000000 00000080 00000000 0a5d0000 ffffffe4
01-01 00:00:14.061     0     0 W         : [3 T570   d.] b748  0a9a2000 ffffffe4 00000000 00000000 416f0700 502d118b 114cb7a0 ffffffc0
01-01 00:00:14.061     0     0 W         : [3 T570   d.] b768  0882274c ffffffe4 00000909 00000000 0a90608c ffffffe4 09ab1916 ffffffe4
01-01 00:00:14.061     0     0 W         : [3 T570   d.] b788  000002d8 00000000 114cb8c0 ffffffc0 0899df4c ffffffe4 114cb7e0 ffffffc0
01-01 00:00:14.061     0     0 W         : [3 T570   d.] b7a8  080bfdd0 ffffffe4 00000006 00000000 036cc800 ffffff81 091fc530 ffffffe4
01-01 00:00:14.061     0     0 W         : [3 T570   d.] b7c8  0899df4c ffffffe4 114cb8c0 ffffffc0 114cb8c0 ffffffc0 114cb810 ffffffc0
01-01 00:00:14.061     0     0 W         : [3 T570   d.] b7e8  08083b84 ffffffe4 114cb8c0 ffffffc0 082082f8 ffffffe4 039fb200 ffffff81
01-01 00:00:14.061     0     0 W         : [3 T570   d.]
01-01 00:00:14.061     0     0 W [3 T570   d.] X14: 0xffffffe40a630d80:
01-01 00:00:14.061     0     0 W         : [3 T570   d.] 0d80  00000000 00000000 00000000 00000000 00000000 00000000 00000000 00000000
01-01 00:00:14.061     0     0 W         : [3 T570   d.] 0da0  00000000 00000000 00000000 00000000 00000000 00000000 00000000 00000000
01-01 00:00:14.061     0     0 W         : [3 T570   d.] 0dc0  00000000 00000000 00000000 00000000 00000000 00000000 00000000 00000000
01-01 00:00:14.061     0     0 W         : [3 T570   d.] 0de0  00000000 00000000 ffffbfff c0000000 00000001 00000000 00000001 00000000
01-01 00:00:14.061     0     0 W         : [3 T570   d.] 0e00  00000000 00000000 00000000 00000000 c2000037 00000000 00000000 00000000
01-01 00:00:14.061     0     0 W         : [3 T570   d.] 0e20  00000000 00000000 00000000 00000000 00000000 00000000 00000000 00000000
01-01 00:00:14.061     0     0 W         : [3 T570   d.] 0e40  00000000 00000000 00000000 00000000 00000000 00000000 00000001 00000000
01-01 00:00:14.061     0     0 W         : [3 T570   d.] 0e60  00000000 00000000 a2000123 00000000 00000000 00000000 00000000 00000000
01-01 00:00:14.061     0     0 W         : [3 T570   d.]
01-01 00:00:14.061     0     0 W [3 T570   d.] X18: 0xffffffc0111f4ff0:
01-01 00:00:14.061     0     0 W         : [3 T570   d.] 4ff0  ******** ******** ******** ******** 08011648 ffffffe4 091dd874 ffffffe4
01-01 00:00:14.061     0     0 W         : [3 T570   d.] 5010  091dd8fc ffffffe4 080c93c4 ffffffe4 080c94f4 ffffffe4 080c95c4 ffffffe4
01-01 00:00:14.061     0     0 W         : [3 T570   d.] 5030  0848822c ffffffe4 08972b78 ffffffe4 08972888 ffffffe4 089a00b8 ffffffe4
01-01 00:00:14.061     0     0 W         : [3 T570   d.] 5050  0899e6dc ffffffe4 0899e904 ffffffe4 0899d240 ffffffe4 0899e11c ffffffe4
01-01 00:00:14.061     0     0 W         : [3 T570   d.] 5070  08011310 ffffffe4 091dd3a8 ffffffe4 091dd574 ffffffe4 0810b37c ffffffe4
01-01 00:00:14.061     0     0 W         : [3 T570   d.] 5090  08083b84 ffffffe4 080bfdd0 ffffffe4 0882274c ffffffe4 08170e14 ffffffe4
01-01 00:00:14.061     0     0 W         : [3 T570   d.] 50b0  0808820c ffffffe4 08e47cf0 ffffffe4 08e47f84 ffffffe4 08206b10 ffffffe4
01-01 00:00:14.061     0     0 W         : [3 T570   d.] 50d0  0820bb64 ffffffe4 08208d7c ffffffe4 0820831c ffffffe4 0820a434 ffffffe4
01-01 00:00:14.061     0     0 W         : [3 T570   d.]
01-01 00:00:14.061     0     0 W [3 T570   d.] X20: 0xffffffc0114cba48:
01-01 00:00:14.061     0     0 W         : [3 T570   d.] ba48  416f0700 502d118b 114cbab0 ffffffc0 0899e11c ffffffe4 00000000 00000000
01-01 00:00:14.061     0     0 W         : [3 T570   d.] ba68  00000000 00000000 023868d0 ffffffe4 0855f880 ffffff81 067a2080 ffffff81
01-01 00:00:14.061     0     0 W         : [3 T570   d.] ba88  00000000 00000000 00000000 00000000 00000000 00000000 0a82d000 ffffffe4
01-01 00:00:14.061     0     0 W         : [3 T570   d.] baa8  067a1800 ffffff81 114cbae0 ffffffc0 0899d240 ffffffe4 02386d08 00000000
01-01 00:00:14.061     0     0 W         : [3 T570   d.] bac8  00000000 00000000 00000000 00004e20 416f0700 502d118b 114cbb50 ffffffc0
01-01 00:00:14.061     0     0 W         : [3 T570   d.] bae8  0899e904 ffffffe4 039fb200 ffffff81 00000000 00000000 00000001 00000000
01-01 00:00:14.061     0     0 W         : [3 T570   d.] bb08  0855f880 ffffff81 00000000 00000000 0855f988 ffffff81 00000000 00000000
01-01 00:00:14.061     0     0 W         : [3 T570   d.] bb28  00000000 00000000 067a1800 ffffff81 067a1980 ffffff81 00000000 00000000
01-01 00:00:14.061     0     0 W         : [3 T570   d.]
01-01 00:00:14.061     0     0 W [3 T570   d.] X21: 0xffffffc0114cba54:
01-01 00:00:14.061     0     0 W         : [3 T570   d.] ba54  ffffffc0 0899e11c ffffffe4 00000000 00000000 00000000 00000000 023868d0
01-01 00:00:14.061     0     0 W         : [3 T570   d.] ba74  ffffffe4 0855f880 ffffff81 067a2080 ffffff81 00000000 00000000 00000000
01-01 00:00:14.061     0     0 W         : [3 T570   d.] ba94  00000000 00000000 00000000 0a82d000 ffffffe4 067a1800 ffffff81 114cbae0
01-01 00:00:14.061     0     0 W         : [3 T570   d.] bab4  ffffffc0 0899d240 ffffffe4 02386d08 00000000 00000000 00000000 00000000
01-01 00:00:14.061     0     0 W         : [3 T570   d.] bad4  00004e20 416f0700 502d118b 114cbb50 ffffffc0 0899e904 ffffffe4 039fb200
01-01 00:00:14.061     0     0 W         : [3 T570   d.] baf4  ffffff81 00000000 00000000 00000001 00000000 0855f880 ffffff81 00000000
01-01 00:00:14.061     0     0 W         : [3 T570   d.] bb14  00000000 0855f988 ffffff81 00000000 00000000 00000000 00000000 067a1800
01-01 00:00:14.061     0     0 W         : [3 T570   d.] bb34  ffffff81 067a1980 ffffff81 00000000 00000000 02386d08 ffffffe4 114cbba0
01-01 00:00:14.061     0     0 W         : [3 T570   d.]
01-01 00:00:14.061     0     0 W [3 T570   d.] X22: 0xffffff810855f890:
01-01 00:00:14.061     0     0 W         : [3 T570   d.] f890  0855f890 ffffff81 0855f890 ffffff81 00000000 00000000 00000000 00000000
01-01 00:00:14.061     0     0 W         : [3 T570   d.] f8b0  00000000 00000000 092225d0 ffffffe4 00000002 00000000 00000000 00000000
01-01 00:00:14.061     0     0 W         : [3 T570   d.] f8d0  00000000 00000000 00000000 00000000 00000000 00000000 00000000 00000000
01-01 00:00:14.061     0     0 W         : [3 T570   d.] f8f0  00000001 00000000 00000000 00000000 00000000 00000000 00000000 00000000
01-01 00:00:14.061     0     0 W         : [3 T570   d.] f910  00000000 00000000 00000000 00000000 00000000 00000000 00000000 00000000
01-01 00:00:14.061     0     0 W         : [3 T570   d.] f930  00000000 00000000 00000000 00000000 00000000 00000000 00000000 00000000
01-01 00:00:14.061     0     0 W         : [3 T570   d.] f950  00000000 00000000 00000000 00000000 00000000 00000000 00000000 00000000
01-01 00:00:14.061     0     0 W         : [3 T570   d.] f970  00000000 00000000 00000000 00000000 00000000 00000000 00000000 00000000
01-01 00:00:14.061     0     0 W         : [3 T570   d.]
01-01 00:00:14.061     0     0 W [3 T570   d.] X23: 0xffffffe402386910:
01-01 00:00:14.061     0     0 W         : [3 T570   d.] 6910  d503245f 1598058f d503245f 15973f19 d503245f 1598446f d503245f 140010b0
01-01 00:00:14.061     0     0 W         : [3 T570   d.] 6930  d503245f 140006f3 d503245f 1597a281 d503245f 14003663 d503245f 14001cb3
01-01 00:00:14.061     0     0 W         : [3 T570   d.] 6950  d503245f 140067e9 d503245f 140067f6 d503245f 14006825 d503245f 14000683
01-01 00:00:14.061     0     0 W         : [3 T570   d.] 6970  d503245f 159810e0 d503245f 159a9662 d503245f 1597aa5c d503245f 15980ef1
01-01 00:00:14.061     0     0 W         : [3 T570   d.] 6990  d503245f 140033c6 d503245f 1400509c d503245f 1400506b d503245f 14004f2c
01-01 00:00:14.061     0     0 W         : [3 T570   d.] 69b0  d503245f 14000704 d503245f 15977df4 d503245f 140005a0 d503245f 14000428
01-01 00:00:14.061     0     0 W         : [3 T570   d.] 69d0  d503245f 1400504c d503245f 14005024 d503245f 14005d5b d503245f 14005033
01-01 00:00:14.061     0     0 W         : [3 T570   d.] 69f0  d503245f 14000561 d503245f 14000c37 d503245f 14000b2c d503245f 14000c60
01-01 00:00:14.061     0     0 W         : [3 T570   d.]
01-01 00:00:14.061     0     0 W [3 T570   d.] X24: 0xffffff81067a2000:
01-01 00:00:14.061     0     0 W         : [3 T570   d.] 2000  067a5000 ffffff81 067a0000 ffffff81 0920e140 ffffffe4 09ab5a85 ffffffe4
01-01 00:00:14.061     0     0 W         : [3 T570   d.] 2020  00000740 00000000 00000000 00000000 00000000 00000000 00000000 00000000
01-01 00:00:14.061     0     0 W         : [3 T570   d.] 2040  00000000 00000000 00000000 00000000 00000000 00000000 00000000 00000000
01-01 00:00:14.061     0     0 W         : [3 T570   d.] 2060  00000000 00000000 00000000 00000000 00000000 00000000 00000000 00000000
01-01 00:00:14.061     0     0 W         : [3 T570   d.] 2080  067a1800 ffffff81 00000000 00000000 067a5090 ffffff81 067a1b68 ffffff81
01-01 00:00:14.061     0     0 W         : [3 T570   d.] 20a0  068a7380 ffffff81 00000000 00000000 00000000 00000000 067a20b8 ffffff81
01-01 00:00:14.061     0     0 W         : [3 T570   d.] 20c0  067a20b8 ffffff81 00000000 00000000 00000000 00000000 00000000 00000000
01-01 00:00:14.061     0     0 W         : [3 T570   d.] 20e0  067a20e0 ffffff81 067a20e0 ffffff81 00000050 cccccccc 067a2248 ffffff81
01-01 00:00:14.061     0     0 W         : [3 T570   d.]
01-01 00:00:14.061     0     0 W [3 T570   d.] X26: 0xffffff81067a1780:
01-01 00:00:14.061     0     0 W         : [3 T570   d.] 1780  00000000 00000000 00000000 00000000 00000000 00000000 00000000 00000000
01-01 00:00:14.061     0     0 W         : [3 T570   d.] 17a0  00000000 00000000 00000000 00000000 00000000 00000000 00000000 00000000
01-01 00:00:14.061     0     0 W         : [3 T570   d.] 17c0  00000000 00000000 00000000 00000000 00000000 00000000 00000000 00000000
01-01 00:00:14.061     0     0 W         : [3 T570   d.] 17e0  00000000 00000000 00000000 00000000 00000000 00000000 00000000 00000000
01-01 00:00:14.061     0     0 W         : [3 T570   d.] 1800  00000000 00000002 00d87c10 ffffff81 03ec6e00 ffffff81 0689f000 ffffff81
01-01 00:00:14.061     0     0 W         : [3 T570   d.] 1820  067a1800 ffffff81 00000000 00000000 023bf4f8 ffffffe4 067ae480 ffffff81
01-01 00:00:14.061     0     0 W         : [3 T570   d.] 1840  00b47180 ffffff81 00b46980 ffffff81 00000001 00000000 00316600 ffffff80
01-01 00:00:14.061     0     0 W         : [3 T570   d.] 1860  ffffffff 00000000 019002f8 ffffff81 00b46a80 ffffff81 00000000 00000000
01-01 00:00:14.061     0     0 W         : [3 T570   d.]
01-01 00:00:14.061     0     0 W [3 T570   d.] X28: 0xffffff81039fb180:
01-01 00:00:14.061     0     0 W         : [3 T570   d.] b180  00000000 00000000 00000000 00000000 00000000 00000000 00000000 00000000
01-01 00:00:14.061     0     0 W         : [3 T570   d.] b1a0  00000000 00000000 00000000 00000000 00000000 00000000 00000000 00000000
01-01 00:00:14.061     0     0 W         : [3 T570   d.] b1c0  00000000 00000000 00000000 00000000 00000000 00000000 00000000 00000000
01-01 00:00:14.061     0     0 W         : [3 T570   d.] b1e0  00000000 00000000 00000000 00000000 00000000 00000000 00000000 00000000
01-01 00:00:14.061     0     0 W         : [3 T570   d.] b200  01010001 01010001 00316600 ffffff80 00000000 00000000 0955e380 ffffff81
01-01 00:00:14.061     0     0 W         : [3 T570   d.] b220  00000000 00000000 067a1910 ffffff81 067a1910 ffffff81 00b47180 ffffff81
01-01 00:00:14.061     0     0 W         : [3 T570   d.] b240  00000000 10000004 00000000 00000000 00000001 00000000 00000000 00000000
01-01 00:00:14.061     0     0 W         : [3 T570   d.] b260  00000000 00000000 00000000 00000000 00000000 00000000 00000000 00000000
01-01 00:00:14.061     0     0 W         : [3 T570   d.]
01-01 00:00:14.061     0     0 W [3 T570   d.] X29: 0xffffffc0114cb9d0:
01-01 00:00:14.061     0     0 W         : [3 T570   d.] b9d0  114cb9a8 ffffffc0 00000000 00000000 ffffffc8 00000000 416f0700 502d118b
01-01 00:00:14.061     0     0 W         : [3 T570   d.] b9f0  114cba50 ffffffc0 0899df4c ffffffe4 00000000 00000000 0899decc ffffffe4
01-01 00:00:14.061     0     0 W         : [3 T570   d.] ba10  09d9edd8 ffffffe4 036cc800 ffffff81 036ccf08 ffffff81 040725a8 ffffff81
01-01 00:00:14.061     0     0 W         : [3 T570   d.] ba30  00000000 00000000 00000000 00000000 00000000 00000000 416f0700 502d118b
01-01 00:00:14.061     0     0 W         : [3 T570   d.] ba50  114cbab0 ffffffc0 0899e11c ffffffe4 00000000 00000000 00000000 00000000
01-01 00:00:14.061     0     0 W         : [3 T570   d.] ba70  023868d0 ffffffe4 0855f880 ffffff81 067a2080 ffffff81 00000000 00000000
01-01 00:00:14.061     0     0 W         : [3 T570   d.] ba90  00000000 00000000 00000000 00000000 0a82d000 ffffffe4 067a1800 ffffff81
01-01 00:00:14.061     0     0 W         : [3 T570   d.] bab0  114cbae0 ffffffc0 0899d240 ffffffe4 02386d08 00000000 00000000 00000000
01-01 00:00:14.061     0     0 W         : [3 T570   d.]
01-01 00:00:14.061     0     0 W         : [3 T570   d.] Call trace:
01-01 00:00:14.061     0     0 W         : [3 T570   d.]  drm_crtc_vblank_helper_get_vblank_timestamp_internal+0x2b8/0x46c
01-01 00:00:14.061     0     0 W         : [3 T570   d.]  drm_crtc_vblank_helper_get_vblank_timestamp+0x1c/0x30
01-01 00:00:14.061     0     0 W         : [3 T570   d.]  drm_update_vblank_count+0xe8/0x590
01-01 00:00:14.061     0     0 W         : [3 T570   d.]  drm_vblank_enable+0x12c/0x1fc
01-01 00:00:14.061     0     0 W         : [3 T570   d.]  drm_vblank_get+0x80/0x17c
01-01 00:00:14.061     0     0 W         : [3 T570   d.]  drm_wait_vblank_ioctl+0x164/0x4c8
01-01 00:00:14.061     0     0 W         : [3 T570   d.]  drm_ioctl_kernel+0xfc/0x1d0
01-01 00:00:14.061     0     0 W         : [3 T570   d.]  drm_ioctl+0x21c/0x348
01-01 00:00:14.061     0     0 W         : [3 T570   d.]  __arm64_sys_ioctl+0xa8/0x118
01-01 00:00:14.061     0     0 W         : [3 T570   d.]  invoke_syscall+0x60/0x150
01-01 00:00:14.061     0     0 W         : [3 T570   d.]  el0_svc_common.llvm.1445355289302584398+0xb8/0xf8
01-01 00:00:14.061     0     0 W         : [3 T570   d.]  do_el0_svc+0x28/0xa0
01-01 00:00:14.061     0     0 W         : [3 T570   d.]  el0_svc+0x24/0x84
01-01 00:00:14.061     0     0 W         : [3 T570   d.]  el0t_64_sync_handler+0x88/0xec
01-01 00:00:14.061     0     0 W         : [3 T570   d.]  el0t_64_sync+0x1b4/0x1b8
01-01 00:00:14.061     0     0 W         : [3 T570   d.] ---[ end trace 0a86a9c1071e3631 ]---
01-01 00:00:14.077     0     0 I [3 T533   ..] [efuse-unifykey]: already inited!
01-01 00:00:14.077     0     0 E [3 T533   ..] [efuse-unifykey]: could not found key hdcp14_rx
01-01 00:00:14.095     0     0 I [1 T533   ..] cec: port_seq:4123
01-01 00:00:14.107     0     0 W         : [5 T533   ..] [RX]-EDID size1 =1536
01-01 00:00:14.107     0     0 W         : [5 T533   ..] [RX]-EDID size2 =1536
01-01 00:00:14.107     0     0 W [5 T533   ..] [RX]-HDMIRX: fill edid buf, size 1536
01-01 00:00:14.107     0     0 W         : [2 T533   ..] [RX]-edid select for UI HDMI4~1: 0x1111, for portD~A: 0x1111
01-01 00:00:14.107     0     0 W         : [2 T533   ..] [RX]-set vrr_func_en to: 0
01-01 00:00:14.113     0     0 W         : [2 T533   ..] [RX]-hdmirx_hw_config port:0
01-01 00:00:14.113     0     0 W         : [2 T533   ..] [RX]-force_fsm_init
01-01 00:00:14.119     0     0 W         : [2 T533   ..] [RX]-hdmirx_hw_config port:1
01-01 00:00:14.119     0     0 W         : [2 T533   ..] [RX]-force_fsm_init
01-01 00:00:14.125     0     0 W         : [2 T533   ..] [RX]-hdmirx_hw_config port:2
01-01 00:00:14.125     0     0 W         : [2 T533   ..] [RX]-force_fsm_init
01-01 00:00:14.131     0     0 W         : [2 T533   ..] [RX]-hdmirx_hw_config port:3
01-01 00:00:14.131     0     0 W         : [2 T533   ..] [RX]-force_fsm_init
01-01 00:00:14.131     0     0 W         : [2 T533   ..] [RX]-*update edid*
01-01 00:00:14.154     0     0 I         : [4 T504   ..] avmute_store 1
01-01 00:00:14.254     0     0 I         : [0 T504   ..] phy_store 0
01-01 00:00:14.352     0     0 I [0 T762   ..] vout: enable display/debug to set voutmode.
01-01 00:00:14.409     0     0 I         : [7 T504   ..] avmute_store -1
01-01 00:00:17.731     0     0 E [1 T1     ..] init: Control message: Could not find 'aidl/device_state' for ctl.interface_start from pid: 320 (/system/bin/servicemanager)
01-01 00:00:17.865     0     0 E [0 T1     ..] init: Control message: Could not find 'aidl/package_native' for ctl.interface_start from pid: 320 (/system/bin/servicemanager)
01-01 00:00:18.184     0     0 W [3 T957   ..] audit: audit_backlog=65 > audit_backlog_limit=64
01-01 00:00:18.184     0     0 W [3 T957   ..] audit: audit_lost=1 audit_rate_limit=0 audit_backlog_limit=64
01-01 00:00:18.184     0     0 E [3 T957   ..] audit: backlog limit exceeded
01-01 00:00:18.184     0     0 W [3 T957   ..] audit: audit_backlog=65 > audit_backlog_limit=64
01-01 00:00:18.184     0     0 W [3 T957   ..] audit: audit_lost=2 audit_rate_limit=0 audit_backlog_limit=64
01-01 00:00:18.184     0     0 E [3 T957   ..] audit: backlog limit exceeded
01-01 00:00:18.184     0     0 W [3 T957   ..] audit: audit_backlog=65 > audit_backlog_limit=64
01-01 00:00:18.184     0     0 W [3 T957   ..] audit: audit_lost=3 audit_rate_limit=0 audit_backlog_limit=64
01-01 00:00:18.184     0     0 E [3 T957   ..] audit: backlog limit exceeded
01-01 00:00:18.732     0     0 E [3 T1     ..] init: Control message: Could not find 'aidl/device_state' for ctl.interface_start from pid: 320 (/system/bin/servicemanager)
01-01 00:00:18.866     0     0 E [0 T1     ..] init: Control message: Could not find 'aidl/package_native' for ctl.interface_start from pid: 320 (/system/bin/servicemanager)
01-01 00:00:19.157     0     0 I [4 T506   ..] [debug]: audio_utils_open
01-01 00:00:19.157     0     0 I [4 T506   ..] [debug]: audio_utils_release
01-01 00:00:19.170     0     0 E [3 T451   ..] apexd: Can't open /product/apex for reading : No such file or directory
01-01 00:00:19.171     0     0 E [3 T451   ..] apexd: Can't open /vendor/apex for reading : No such file or directory
01-01 00:00:19.172     0     0 I [4 T506   ..] [debug]: audio_utils_open
01-01 00:00:19.172     0     0 I [4 T506   ..] [debug]: audio_utils_ioctl SET_LIB_SIZE 5499312
01-01 00:00:19.172     0     0 I [4 T506   ..] [debug]: audio_utils_ioctl WRITE_LIB
01-01 00:00:19.179     0     0 I [4 T506   ..] [debug]: audio_utils_release
01-01 00:00:19.182     0     0 I [4 T506   ..] [debug]: audio_utils_open
01-01 00:00:19.186     0     0 I [1 T506   ..] [debug]: audio_utils_release
01-01 00:00:19.191     0     0 I         : [2 T506   ..] hdmitx21_ext_set_audio_output enable:0
01-01 00:00:19.319     0     0 I [6 T506   ..] [snd-soc]: update audio atmos flag! audio_type = 0
01-01 00:00:19.371     0     0 I [0 T506   ..] [snd-soc]: update audio atmos flag! audio_type = 0
01-01 00:00:19.412     0     0 I [1 T1033  ..] [snd-soc]: dd+ drc mode : RF
01-01 00:00:19.412     0     0 I [1 T1033  ..] [snd-soc]: dd+ drc high cut scale : 0%
01-01 00:00:19.412     0     0 I [1 T1033  ..] [snd-soc]: dd+ drc low boost scale : 0%
01-01 00:00:19.412     0     0 I [1 T1033  ..] [debug]: audio_utils_open
01-01 00:00:19.412     0     0 I [1 T1033  ..] [debug]: audio_utils_release
01-01 00:00:19.414     0     0 I [1 T1033  ..] [debug]: audio_utils_open
01-01 00:00:19.417     0     0 E [1 T1033  ..] [secmon]: DBG=======> dolby_fw_ioctl 438 cmd:0x40 arg3=0
01-01 00:00:19.425     0     0 E [1 T1033  ..] [secmon]: DBG=======> dolby_fw_ioctl 438 cmd:0x41 arg3=0
01-01 00:00:19.425     0     0 E [1 T1033  ..] [secmon]: DBG=======> dolby_fw_verify_lib_resp 296 DOLBY_FW_VERIFY_LIB_RESP arg3=0
01-01 00:00:19.426     0     0 E [1 T1033  ..] [secmon]: DBG=======> dolby_fw_ioctl 438 cmd:0x50 arg3=0
01-01 00:00:19.427     0     0 E [1 T1033  ..] [secmon]: DBG=======> dolby_fw_ioctl 438 cmd:0x60 arg3=0
01-01 00:00:19.428     0     0 E [1 T1033  ..] [secmon]: DBG=======> dolby_fw_critical_query 389 DOLBY_FW_CRITICAL_DATA_QUERY arg3=0
01-01 00:00:19.437     0     0 I [1 T1033  ..] [snd-soc]: dd+ drc mode : RF
01-01 00:00:19.437     0     0 I [1 T1033  ..] [snd-soc]: dd+ drc high cut scale : 0%
01-01 00:00:19.437     0     0 I [1 T1033  ..] [snd-soc]: dd+ drc low boost scale : 0%
01-01 00:00:19.443     0     0 I [2 T1035  ..] audio_ddr_mngr: frddrs[0] registered by device fe330000.audiobus:tdm@1
01-01 00:00:19.443     0     0 I [2 T1035  ..] [snd-soc]: aml_audio_reset, reg 0xa, shift 9, use_vadtop 0
01-01 00:00:19.443     0     0 I [2 T1035  ..] [snd-soc]: aml_audio_reset, reg 0xa, shift 13, use_vadtop 0
01-01 00:00:19.443     0     0 D [2 T1035  ..] [snd-soc]: spdif_a fifo ctrl, frddr:0 type:1, 16 bits, chmask 0x3, swap 0x10
01-01 00:00:19.444     0     0 D [2 T1035  ..] iec_info: rate: 48000, codec_type:0x0, channel status L:0x2000100, R:0x2000100
01-01 00:00:19.444     0     0 I         : [2 T1035  ..] err chn msk, must larger than 0
01-01 00:00:19.444     0     0 I         : [2 T1035  ..] hdmitx_notify_callback_a[3794] aud_src_if is 0, aud_output_ch is 0x0, reset aud_output_ch as 0
01-01 00:00:19.444     0     0 I         : [2 T1035  ..] aout notify sample rate: 3
01-01 00:00:19.444     0     0 I         : [2 T1035  ..] aout notify format CT_PCM
01-01 00:00:19.444     0     0 I         : [2 T1035  ..] aout notify sample size: 1
01-01 00:00:19.444     0     0 I         : [2 T1035  ..] aout notify channel num: 2
01-01 00:00:19.444     0     0 D [2 T1035  ..] [snd-soc]: spdif_b fifo ctrl, frddr:0 type:1, 16 bits, chmask 0x3, swap 0x10
01-01 00:00:19.444     0     0 D [2 T1035  ..] iec_info: rate: 48000, codec_type:0x0, channel status L:0x2000100, R:0x2000100
01-01 00:00:19.458     0     0 I         : [2 T1035  ..] asoc-aml-card auge_sound: TDM[1] Playback enable
01-01 00:00:19.458     0     0 D [2 T1035  ..] [snd-soc]: spdif_a is set to enable
01-01 00:00:19.458     0     0 D [2 T1035  ..] [snd-soc]: spdif_b is set to enable
01-01 00:00:19.733     0     0 E [2 T1     ..] init: Control message: Could not find 'aidl/device_state' for ctl.interface_start from pid: 320 (/system/bin/servicemanager)
01-01 00:00:19.868     0     0 E [4 T1     ..] init: Control message: Could not find 'aidl/package_native' for ctl.interface_start from pid: 320 (/system/bin/servicemanager)
01-01 00:00:20.157     0     0 W [7 T515   ..] healthd: battery none chg=
01-01 00:00:20.431     0     0 E [1 T1     ..] init: Control message: Could not find 'aidl/clipboard' for ctl.interface_start from pid: 320 (/system/bin/servicemanager)
--------- beginning of system
01-07 01:21:10.741   935   935 V SystemServerTiming: StartVpnManagerService took to complete: 3ms
01-07 01:21:10.741   935   935 D SystemServerTiming: StartVcnManagementService
01-07 01:21:10.745   935   935 V SystemServerTiming: StartVcnManagementService took to complete: 4ms
01-07 01:21:10.745   935   935 D SystemServerTiming: StartSystemUpdateManagerService
01-07 01:21:10.746   935   935 I SystemUpdateManagerService: No existing info file /data/system/system-update-info.xml
01-07 01:21:10.747   935   935 V SystemServerTiming: StartSystemUpdateManagerService took to complete: 2ms
01-07 01:21:10.747   935   935 D SystemServerTiming: StartUpdateLockService
01-07 01:21:10.748   935   935 V SystemServerTiming: StartUpdateLockService took to complete: 1ms
01-07 01:21:10.748   935   935 D SystemServerTiming: StartNotificationManager
01-07 01:21:10.748   935   935 I SystemServiceManager: Starting com.android.server.notification.NotificationManagerService
01-07 01:21:10.757   935   935 D ConditionProviders.SCP: new ScheduleConditionProvider()
01-07 01:21:10.778   935   935 I NotificationAssistants: Read notification assistant permissions from xml
01-07 01:21:10.779   935   935 I ConditionProviders: Read condition provider permissions from xml
01-07 01:21:10.779   935   935 I ConditionProviders: Read condition provider permissions from xml
01-07 01:21:10.779   935   935 D NotificationAssistants: Approving default notification assistant for user 0
01-07 01:21:10.780   935   935 I ConditionProviders:  Allowing condition provider android.ext.services/android.ext.services.notification.Assistant (userSet: true)
01-07 01:21:10.789   935   935 V SystemServerTiming: StartNotificationManager took to complete: 41ms
01-07 01:21:10.789   935   935 D SystemServerTiming: StartDeviceMonitor
01-07 01:21:10.789   935   935 I SystemServiceManager: Starting com.android.server.storage.DeviceStorageMonitorService
01-07 01:21:10.790   935   935 V SystemServerTiming: StartDeviceMonitor took to complete: 1ms
01-07 01:21:10.790   935   935 D SystemServerTiming: StartLocationManagerService
01-07 01:21:10.790   935   935 I SystemServiceManager: Starting com.android.server.location.LocationManagerService$Lifecycle
01-07 01:21:10.797   935   935 V SystemServerTiming: StartLocationManagerService took to complete: 7ms
01-07 01:21:10.797   935   935 D SystemServerTiming: StartCountryDetectorService
01-07 01:21:10.798   935   935 V SystemServerTiming: StartCountryDetectorService took to complete: 1ms
01-07 01:21:10.798   935   935 D SystemServerTiming: StartTimeDetectorService
01-07 01:21:10.798   935   935 I SystemServiceManager: Starting com.android.server.timedetector.TimeDetectorService$Lifecycle
01-07 01:21:10.800   935   935 V SystemServerTiming: StartTimeDetectorService took to complete: 2ms
01-07 01:21:10.801   935   935 D SystemServerTiming: StartTimeZoneDetectorService
01-07 01:21:10.801   935   935 I SystemServiceManager: Starting com.android.server.timezonedetector.TimeZoneDetectorService$Lifecycle
01-07 01:21:10.804   935   935 V SystemServerTiming: StartTimeZoneDetectorService took to complete: 3ms
01-07 01:21:10.804   935   935 D SystemServerTiming: StartLocationTimeZoneManagerService
01-07 01:21:10.804   935   935 I SystemServiceManager: Starting com.android.server.timezonedetector.location.LocationTimeZoneManagerService$Lifecycle
01-07 01:21:10.804   935   935 D LocationTZDetector: Geo time zone detection feature is disabled in config
01-07 01:21:10.804   935   935 V SystemServerTiming: StartLocationTimeZoneManagerService took to complete: 0ms
01-07 01:21:10.804   935   935 D SystemServerTiming: StartSearchManagerService
01-07 01:21:10.804   935   935 I SystemServiceManager: Starting com.android.server.search.SearchManagerService$Lifecycle
01-07 01:21:10.805   935   935 V SystemServerTiming: StartSearchManagerService took to complete: 1ms
01-01 00:00:21.132     0     0 I [7 T451   ..] AidlLazyServiceRegistrar: Process has 1 (of 1 available) client(s) in use after notification apexservice has clients: 1
01-01 00:00:21.132     0     0 I [7 T451   ..] AidlLazyServiceRegistrar: Shutdown prevented by forcePersist override flag.
01-01 00:00:21.133     0     0 I [7 T451   ..] AidlLazyServiceRegistrar: Process has 0 (of 1 available) client(s) in use after notification apexservice has clients: 0
01-07 01:21:10.806   935   935 D SystemServerTiming: StartWallpaperManagerService
01-01 00:00:21.133     0     0 I [7 T451   ..] AidlLazyServiceRegistrar: Shutdown prevented by forcePersist override flag.
01-07 01:21:10.806   935   935 I SystemServiceManager: Starting com.android.server.wallpaper.WallpaperManagerService$Lifecycle
01-07 01:21:10.807   935   935 V SystemServerTiming: StartWallpaperManagerService took to complete: 1ms
01-07 01:21:10.807   935   935 D SystemServerTiming: StartWallpaperEffectsGenerationService
01-07 01:21:10.807   935   935 I SystemServiceManager: Starting com.android.server.wallpapereffectsgeneration.WallpaperEffectsGenerationManagerService
01-07 01:21:10.808   935   935 V SystemServerTiming: StartWallpaperEffectsGenerationService took to complete: 1ms
01-07 01:21:10.808   935   935 D SystemServerTiming: StartAudioService
01-07 01:21:10.808   935   935 I SystemServiceManager: Starting com.android.server.audio.AudioService$Lifecycle
01-07 01:21:10.850   935   935 V SystemServerTiming: StartAudioService took to complete: 42ms
01-07 01:21:10.850   935   935 D SystemServerTiming: StartSoundTriggerMiddlewareService
01-07 01:21:10.850   935   935 I SystemServiceManager: Starting com.android.server.soundtrigger_middleware.SoundTriggerMiddlewareService$Lifecycle
01-07 01:21:10.856   935   935 V SystemServerTiming: StartSoundTriggerMiddlewareService took to complete: 6ms
01-07 01:21:10.856   935   935 D SystemServerTiming: StartDockObserver
01-07 01:21:10.856   935   935 I SystemServiceManager: Starting com.android.server.DockObserver
01-07 01:21:10.856   935   935 I DockObserver: No extcon dock device found in this kernel.
01-07 01:21:10.857   935   935 V SystemServerTiming: StartDockObserver took to complete: 1ms
01-07 01:21:10.857   935   935 D SystemServerTiming: StartWiredAccessoryManager
01-07 01:21:10.858   935   935 W WiredAccessoryManager: This kernel does not have wired headset support
01-07 01:21:10.858   935   935 W WiredAccessoryManager: This kernel does not have usb audio support
01-07 01:21:10.858   935   935 W WiredAccessoryManager: This kernel does not have HDMI audio support
01-07 01:21:10.858   935   935 V SystemServerTiming: StartWiredAccessoryManager took to complete: 1ms
01-07 01:21:10.858   935   935 D SystemServerTiming: StartAdbService
01-07 01:21:10.858   935   935 I SystemServiceManager: Starting com.android.server.adb.AdbService$Lifecycle
01-07 01:21:10.859   935   935 V SystemServerTiming: StartAdbService took to complete: 1ms
01-07 01:21:10.859   935   935 D SystemServerTiming: StartUsbService
01-07 01:21:10.859   935   935 I SystemServiceManager: Starting com.android.server.usb.UsbService$Lifecycle
01-07 01:21:10.860   935   935 V SystemServerTiming: StartUsbService took to complete: 1ms
01-07 01:21:10.860   935   968 D SystemServerTimingAsync: InitThreadPoolExec:UsbService$Lifecycle#onStart
01-07 01:21:10.860   935   968 D SystemServerInitThreadPool: Started executing UsbService$Lifecycle#onStart
01-07 01:21:10.860   935   935 D SystemServerTiming: StartSerialService
01-07 01:21:10.860   935   935 V SystemServerTiming: StartSerialService took to complete: 0ms
01-07 01:21:10.860   935   935 D SystemServerTiming: StartHardwarePropertiesManagerService
01-07 01:21:10.861   935   968 I UsbDeviceManager: failed to write to /sys/class/android_usb/android0/f_rndis/ethaddr
01-07 01:21:10.864   935   935 V SystemServerTiming: StartHardwarePropertiesManagerService took to complete: 3ms
01-07 01:21:10.865   935   935 D SystemServerTiming: StartTwilightService
01-07 01:21:10.865   935   935 I SystemServiceManager: Starting com.android.server.twilight.TwilightService
01-07 01:21:10.865   935   935 V SystemServerTiming: StartTwilightService took to complete: 0ms
01-07 01:21:10.865   935   935 D SystemServerTiming: StartColorDisplay
01-07 01:21:10.865   935   935 I SystemServiceManager: Starting com.android.server.display.color.ColorDisplayService
01-07 01:21:10.867   935   935 V SystemServerTiming: StartColorDisplay took to complete: 2ms
01-07 01:21:10.867   935   935 D SystemServerTiming: StartJobScheduler
01-07 01:21:10.867   935   935 I SystemServiceManager: Starting com.android.server.job.JobSchedulerService
01-07 01:21:10.869   935   968 W StorageManagerService: No primary storage defined yet; hacking together a stub
01-01 00:00:21.194     0     0 I         : [6 T968   ..] read descriptors
01-01 00:00:21.194     0     0 I         : [6 T968   ..] read strings
01-01 00:00:21.194     0     0 I         : [6 T968   ..] read descriptors
01-01 00:00:21.194     0     0 I         : [6 T968   ..] read strings
01-07 01:21:10.871   935  1051 I UsbDeviceManager: Usb gadget hal service started android.hardware.usb.gadget@1.0::IUsbGadget default
01-07 01:21:10.871   935   935 D JobStore: Start tag: job-info
01-07 01:21:10.872   935   935 W JobStore: Periodic job for uid='10099' persisted run-time is too big [11:36:45, 17:36:45]. Clamping to [6:00:20,12:00:20]
01-07 01:21:10.873   935   968 D UsbPortManager: Querying USB HAL version
01-07 01:21:10.873   935   961 I UsbDeviceManager: processing MSG_GET_CURRENT_USB_FUNCTIONS
01-07 01:21:10.873   935   961 I UsbDeviceManager: updating mCurrentFunctions
01-07 01:21:10.873   935   961 I UsbDeviceManager: mCurrentFunctions:0applied:1
01-07 01:21:10.874   935   935 W JobStore: Periodic job for uid='10080' persisted run-time is too big [362:06:53, 722:06:53]. Clamping to [360:00:20,720:00:20]
01-07 01:21:10.874   935   935 W JobStore: Periodic job for uid='1000' persisted run-time is too big [26:06:47, 50:06:47]. Clamping to [24:00:20,48:00:20]
01-07 01:21:10.875   935   935 I JobStore: Read 5 jobs
01-07 01:21:10.877   935   968 I UsbPortManager: USB HAL HIDL present
01-07 01:21:10.879   935   935 V HistoricalRegistry: Interaction before persistence initialized
01-07 01:21:10.879   935   935 V HistoricalRegistry: Interaction before persistence initialized
01-07 01:21:10.880   935  1183 I UsbPortManager: Usb hal service started android.hardware.usb@1.0::IUsb default
01-07 01:21:10.880   935   935 W JobScheduler: !!! RTC not yet good; tracking time updates for job scheduling
01-07 01:21:10.881   935   935 V SystemServerTiming: StartJobScheduler took to complete: 14ms
01-07 01:21:10.881   935   935 D SystemServerTiming: StartSoundTrigger
01-07 01:21:10.881   935   935 I SystemServiceManager: Starting com.android.server.soundtrigger.SoundTriggerService
01-07 01:21:10.882   935   968 D UsbPortManager: getInstance done
01-07 01:21:10.884   935   935 V SystemServerTiming: StartSoundTrigger took to complete: 3ms
01-07 01:21:10.884   935   935 D SystemServerTiming: StartTrustManager
