01-06 09:59:35.422     0     0 I [2 T571   ..] [snd-soc]: dd+ drc high cut scale : 0%
01-06 09:59:35.422     0     0 I [2 T571   ..] [snd-soc]: dd+ drc low boost scale : 0%
01-06 09:59:35.423     0     0 I [2 T571   ..] [debug]: audio_utils_open
01-06 09:59:35.423     0     0 I [2 T571   ..] [debug]: audio_utils_release
01-06 09:59:35.424     0     0 I [2 T571   ..] [debug]: audio_utils_open
01-06 09:59:35.425   952   952 I ApexManager: Registering com.android.connectivity.resources as apk-in-apex of com.android.tethering
01-06 09:59:35.427     0     0 E [2 T571   ..] [secmon]: DBG=======> dolby_fw_ioctl 438 cmd:0x40 arg3=0
01-06 09:59:35.427   952   952 I ApexManager: Registering com.android.networkstack.tethering as apk-in-apex of com.android.tethering
01-06 09:59:35.433   952   952 I ApexManager: Registering com.android.nearby.halfsheet as apk-in-apex of com.android.tethering
01-06 09:59:35.435     0     0 E [2 T571   ..] [secmon]: DBG=======> dolby_fw_ioctl 438 cmd:0x41 arg3=0
01-06 09:59:35.435     0     0 E [2 T571   ..] [secmon]: DBG=======> dolby_fw_verify_lib_resp 296 DOLBY_FW_VERIFY_LIB_RESP arg3=0
01-06 09:59:35.436     0     0 E [2 T571   ..] [secmon]: DBG=======> dolby_fw_ioctl 438 cmd:0x50 arg3=0
01-06 09:59:35.438     0     0 E [2 T571   ..] [secmon]: DBG=======> dolby_fw_ioctl 438 cmd:0x60 arg3=0
01-06 09:59:35.438     0     0 E [2 T571   ..] [secmon]: DBG=======> dolby_fw_critical_query 389 DOLBY_FW_CRITICAL_DATA_QUERY arg3=0
01-06 09:59:35.437   952   952 I ApexManager: Registering com.android.adservices.api as apk-in-apex of com.android.adservices
01-06 09:59:35.441   952   952 I ApexManager: Registering com.android.sdksandbox as apk-in-apex of com.android.adservices
01-06 09:59:35.445   952   952 I ApexManager: Registering com.android.safetycenter.resources as apk-in-apex of com.android.permission
01-06 09:59:35.447     0     0 I [2 T571   ..] [snd-soc]: dd+ drc mode : RF
01-06 09:59:35.447     0     0 I [2 T571   ..] [snd-soc]: dd+ drc high cut scale : 0%
01-06 09:59:35.447     0     0 I [2 T571   ..] [snd-soc]: dd+ drc low boost scale : 0%
01-06 09:59:35.449   952   952 I ApexManager: Registering com.android.permissioncontroller as apk-in-apex of com.android.permission
01-06 09:59:35.455     0     0 I [3 T1050  ..] audio_ddr_mngr: frddrs[0] registered by device fe330000.audiobus:tdm@1
01-06 09:59:35.455     0     0 I [3 T1050  ..] [snd-soc]: aml_audio_reset, reg 0xa, shift 9, use_vadtop 0
01-06 09:59:35.455     0     0 I [3 T1050  ..] [snd-soc]: aml_audio_reset, reg 0xa, shift 13, use_vadtop 0
01-06 09:59:35.455     0     0 D [3 T1050  ..] [snd-soc]: spdif_a fifo ctrl, frddr:0 type:1, 16 bits, chmask 0x3, swap 0x10
01-06 09:59:35.455     0     0 D [3 T1050  ..] iec_info: rate: 48000, codec_type:0x0, channel status L:0x2000100, R:0x2000100
01-06 09:59:35.455     0     0 I         : [3 T1050  ..] err chn msk, must larger than 0
01-06 09:59:35.455     0     0 I         : [3 T1050  ..] hdmitx_notify_callback_a[3794] aud_src_if is 0, aud_output_ch is 0x0, reset aud_output_ch as 0
01-06 09:59:35.455     0     0 D [3 T1050  ..] [snd-soc]: spdif_b fifo ctrl, frddr:0 type:1, 16 bits, chmask 0x3, swap 0x10
01-06 09:59:35.455     0     0 D [3 T1050  ..] iec_info: rate: 48000, codec_type:0x0, channel status L:0x2000100, R:0x2000100
01-06 09:59:35.456   952   952 I ApexManager: Registering com.android.ondevicepersonalization.services as apk-in-apex of com.android.ondevicepersonalization
01-06 09:59:35.460   952   952 I ApexManager: Registering android.ext.services as apk-in-apex of com.android.extservices
01-06 09:59:35.465   952   952 I ApexManager: Registering com.android.cts.priv.ctsshim as apk-in-apex of com.android.apex.cts.shim
01-06 09:59:35.470     0     0 I         : [3 T1050  ..] asoc-aml-card auge_sound: TDM[1] Playback enable
01-06 09:59:35.470     0     0 D [3 T1050  ..] [snd-soc]: spdif_a is set to enable
01-06 09:59:35.470     0     0 D [3 T1050  ..] [snd-soc]: spdif_b is set to enable
01-06 09:59:35.469   952   952 I ApexManager: Registering com.android.cts.ctsshim as apk-in-apex of com.android.apex.cts.shim
01-06 09:59:35.473   952   952 I ApexManager: Registering com.android.providers.media.module as apk-in-apex of com.android.mediaprovider
01-06 09:59:35.480   952   952 I ApexManager: Registering com.android.bluetooth as apk-in-apex of com.android.btservices
01-06 09:59:35.486   952   952 I ApexManager: Registering com.android.uwb.resources as apk-in-apex of com.android.uwb
01-06 09:59:35.491   952   952 I ApexManager: Registering com.android.wifi.resources as apk-in-apex of com.android.wifi
01-06 09:59:35.495   952   952 I ApexManager: Registering com.android.wifi.dialog as apk-in-apex of com.android.wifi
01-06 09:59:35.496   952   952 I ApexManager: Registering com.android.hotspot2.osulogin as apk-in-apex of com.android.wifi
01-06 09:59:35.501   952   952 I ApexManager: Registering com.sonos.connectivity as apk-in-apex of com.sonos.player
01-06 09:59:35.509   952   952 I PackageManager: Finished scanning system apps. Time: 379 ms, packageCount: 115 , timePerPackage: 3 , cached: 144
01-06 09:59:35.519   952   952 D CompatibilityChangeReporter: Compat change id reported: 133396946; UID -1; state: ENABLED
01-06 09:59:35.525     0     0 E [4 T1     ..] init: Control message: Could not find 'aidl/device_state' for ctl.interface_start from pid: 314 (/system/bin/servicemanager)
01-06 09:59:35.560   952   952 D CompatibilityChangeReporter: Compat change id reported: 133396946; UID -1; state: DISABLED
01-06 09:59:35.577   952   952 I PackageManager: Finished scanning non-system apps. Time: 68 ms, packageCount: 17 , timePerPackage: 4 , cached: 16
01-06 09:59:35.582   952   952 I PackageManager: Time to scan packages: 0.452 seconds
01-06 09:59:35.582   952   952 I PackageManager: Permission ownership changed. Updating all permissions.
01-06 09:59:35.592   952   952 W PackageManager: Package android.ext.services is an APK in APEX, but has permission allowlist on the system image. Please bundle the allowlist in the com.android.extservices APEX instead.
01-06 09:59:35.592   952   952 W PackageManager: Package android.ext.services is an APK in APEX, but has permission allowlist on the system image. Please bundle the allowlist in the com.android.extservices APEX instead.
01-06 09:59:35.592   952   952 W PackageManager: Package android.ext.services is an APK in APEX, but has permission allowlist on the system image. Please bundle the allowlist in the com.android.extservices APEX instead.
01-06 09:59:35.592   952   952 W PackageManager: Package android.ext.services is an APK in APEX, but has permission allowlist on the system image. Please bundle the allowlist in the com.android.extservices APEX instead.
01-06 09:59:35.602   952   952 W PackageManager: Package com.android.providers.media.module is an APK in APEX, but has permission allowlist on the system image. Please bundle the allowlist in the com.android.mediaprovider APEX instead.
01-06 09:59:35.602   952   952 W PackageManager: Package com.android.providers.media.module is an APK in APEX, but has permission allowlist on the system image. Please bundle the allowlist in the com.android.mediaprovider APEX instead.
01-06 09:59:35.602   952   952 W PackageManager: Package com.android.providers.media.module is an APK in APEX, but has permission allowlist on the system image. Please bundle the allowlist in the com.android.mediaprovider APEX instead.
01-06 09:59:35.602   952   952 W PackageManager: Package com.android.providers.media.module is an APK in APEX, but has permission allowlist on the system image. Please bundle the allowlist in the com.android.mediaprovider APEX instead.
01-06 09:59:35.602   952   952 W PackageManager: Package com.android.providers.media.module is an APK in APEX, but has permission allowlist on the system image. Please bundle the allowlist in the com.android.mediaprovider APEX instead.
01-06 09:59:35.602   952   952 W PackageManager: Package com.android.providers.media.module is an APK in APEX, but has permission allowlist on the system image. Please bundle the allowlist in the com.android.mediaprovider APEX instead.
01-06 09:59:35.602   952   952 W PackageManager: Package com.android.providers.media.module is an APK in APEX, but has permission allowlist on the system image. Please bundle the allowlist in the com.android.mediaprovider APEX instead.
01-06 09:59:35.602   952   952 W PackageManager: Package com.android.providers.media.module is an APK in APEX, but has permission allowlist on the system image. Please bundle the allowlist in the com.android.mediaprovider APEX instead.
01-06 09:59:35.602   952   952 W PackageManager: Package com.android.providers.media.module is an APK in APEX, but has permission allowlist on the system image. Please bundle the allowlist in the com.android.mediaprovider APEX instead.
01-06 09:59:35.602   952   952 W PackageManager: Package com.android.providers.media.module is an APK in APEX, but has permission allowlist on the system image. Please bundle the allowlist in the com.android.mediaprovider APEX instead.
01-06 09:59:35.603   952   952 W PackageManager: Package com.android.providers.media.module is an APK in APEX, but has permission allowlist on the system image. Please bundle the allowlist in the com.android.mediaprovider APEX instead.
01-06 09:59:35.603   952   952 W PackageManager: Package com.android.providers.media.module is an APK in APEX, but has permission allowlist on the system image. Please bundle the allowlist in the com.android.mediaprovider APEX instead.
01-06 09:59:35.603   952   952 W PackageManager: Package com.android.providers.media.module is an APK in APEX, but has permission allowlist on the system image. Please bundle the allowlist in the com.android.mediaprovider APEX instead.
01-06 09:59:35.608   952   952 V PackageManager: reconcileAppsData for null u0 0x1 migrateAppData=true
01-06 09:59:35.694   952   952 V PackageManager: reconcileAppsData finished 16 packages
01-06 09:59:35.694   952   952 D PackageManagerTiming: write settings
01-06 09:59:35.694   952  1060 D SystemServerTimingAsync: InitThreadPoolExec:prepareAppData
01-06 09:59:35.694   952  1060 D SystemServerInitThreadPool: Started executing prepareAppData
01-06 09:59:35.716     0     0 E [1 T1     ..] init: Control message: Could not find 'aidl/package_native' for ctl.interface_start from pid: 314 (/system/bin/servicemanager)
01-06 09:59:35.730   952   952 V PackageManagerTiming: write settings took to complete: 36ms
01-06 09:59:35.731   952   952 W PackageManager: Domain verification agent not found
01-06 09:59:35.735   952   952 D PackageManager: Ephemeral resolver NOT found; no matching intent filters
01-06 09:59:35.735   952   952 D PackageManager: Instant App installer not found with android.intent.action.INSTALL_INSTANT_APP_PACKAGE
01-06 09:59:35.735   952   952 D PackageManager: Clear ephemeral installer activity
01-06 09:59:35.739   952   952 D PackageManagerTiming: GC
01-06 09:59:35.739   952   952 V PackageManagerTiming: GC took to complete: 0ms
01-06 09:59:35.740   952   952 I PackageManager: Fix for b/169414761 is applied
01-06 09:59:35.740   952   952 V PackageManagerTiming: create package manager took to complete: 830ms
01-06 09:59:35.740   952   952 V UserSystemPackageInstaller: Checking that all system packages are whitelisted.
01-06 09:59:35.744   952   952 V UserSystemPackageInstaller: checkWhitelistedSystemPackages(mode=d) has no warnings
01-06 09:59:35.744   952   952 I Watchdog: Resuming HandlerChecker: main thread for reason: packagemanagermain. Pause count: 0
01-06 09:59:35.745   952   952 I SystemServerDexLoadReporter: Configuring system server dex reporter
01-06 09:59:35.747   952   952 V SystemServerTiming: StartPackageManagerService took to complete: 842ms
01-06 09:59:35.747   952   952 D SystemServerTiming: StartOtaDexOptService
01-06 09:59:35.747   952   952 I Watchdog: Pausing HandlerChecker: main thread for reason: moveab. Pause count: 1
01-06 09:59:35.749   952   952 D OTADexopt: No upgrade, skipping A/B artifacts check.
01-06 09:59:35.749   952   952 I Watchdog: Resuming HandlerChecker: main thread for reason: moveab. Pause count: 0
01-06 09:59:35.749   952   952 V SystemServerTiming: StartOtaDexOptService took to complete: 2ms
01-06 09:59:35.749   952   952 D SystemServerTiming: StartUserManagerService
01-06 09:59:35.749   952   952 I SystemServiceManager: Starting com.android.server.pm.UserManagerService$LifeCycle
01-06 09:59:35.750   952   952 V SystemServerTiming: StartUserManagerService took to complete: 1ms
01-06 09:59:35.750   952   952 D SystemServerTiming: InitAttributerCache
01-06 09:59:35.751   952   952 V SystemServerTiming: InitAttributerCache took to complete: 0ms
01-06 09:59:35.751   952   952 D SystemServerTiming: SetSystemProcess
01-06 09:59:35.763   952   990 I ActivityManager: Connection with lmkd established
01-06 09:59:35.765   952   952 V SystemServerTiming: SetSystemProcess took to complete: 14ms
01-06 09:59:35.767   952   952 D CompatibilityChangeReporter: Compat change id reported: 161145287; UID 1000; state: DISABLED
01-06 09:59:35.767   952   952 D SystemServerTiming: InitWatchdog
01-06 09:59:35.767   952   952 V SystemServerTiming: InitWatchdog took to complete: 0ms
01-06 09:59:35.776   952   967 V HistoricalRegistry: Interaction before persistence initialized
01-06 09:59:35.795   952   952 D SystemServerTiming: StartOverlayManagerService
01-06 09:59:35.878   356   372 I keystore2: keystore2::watchdog: Watchdog thread idle -> terminating. Have a great day.
01-06 09:59:35.886   952   952 V SystemServerTiming: StartOverlayManagerService took to complete: 91ms
01-06 09:59:35.887   952   952 D SystemServerTiming: StartResourcesManagerService
01-06 09:59:35.888   952   952 V SystemServerTiming: StartResourcesManagerService took to complete: 2ms
01-06 09:59:35.888   952   952 D SystemServerTiming: StartSensorPrivacyService
01-06 09:59:35.889   952   978 W ActivityTaskManager: Skip updateConfiguration because mWindowManager isn't set
01-06 09:59:35.893   952   952 V SystemServerTiming: StartSensorPrivacyService took to complete: 5ms
01-06 09:59:35.893   952   952 D SystemServerTiming: StartSensorService
01-06 09:59:35.893   952   952 I SystemServiceManager: Starting com.android.server.sensors.SensorService
01-06 09:59:35.893   952   952 V SystemServerTiming: StartSensorService took to complete: 0ms
01-06 09:59:35.893   952   952 V SystemServerTiming: startBootstrapServices took to complete: 1411ms
01-06 09:59:35.893   952   952 D SystemServerTiming: startCoreServices
01-06 09:59:35.893   952   952 D SystemServerTiming: StartSystemConfigService
01-06 09:59:35.893   952  1067 D SystemServerTimingAsync: InitThreadPoolExec:StartNativeSensorService
01-06 09:59:35.893   952  1067 D SystemServerInitThreadPool: Started executing StartNativeSensorService
01-06 09:59:35.893   952   952 I SystemServiceManager: Starting com.android.server.SystemConfigService
01-06 09:59:35.893   952  1067 D SystemServerTimingAsync: StartNativeSensorService
01-06 09:59:35.894   952   952 V SystemServerTiming: StartSystemConfigService took to complete: 1ms
01-06 09:59:35.894   952   952 D SystemServerTiming: StartBatteryService
01-06 09:59:35.894   952   952 I SystemServiceManager: Starting com.android.server.BatteryService
01-06 09:59:35.899   952  1067 V SystemServerTimingAsync: StartNativeSensorService took to complete: 5ms
01-06 09:59:35.899   952  1067 D SystemServerInitThreadPool: Finished executing StartNativeSensorService
01-06 09:59:35.899   952  1067 V SystemServerTimingAsync: InitThreadPoolExec:StartNativeSensorService took to complete: 6ms
01-06 09:59:35.902     0     0 W [5 T515   ..] healthd: battery none chg=
01-06 09:59:35.899   952   952 I HealthServiceWrapperAidl: health: HealthServiceWrapper listening to AIDL HAL
01-06 09:59:35.899   952   952 I BatteryService: health: Waited 0ms and received the update.
01-06 09:59:35.900   952   952 V SystemServerTiming: StartBatteryService took to complete: 6ms
01-06 09:59:35.900   952   952 D SystemServerTiming: StartUsageService
01-06 09:59:35.900   952   952 I SystemServiceManager: Starting com.android.server.usage.UsageStatsService
01-06 09:59:35.904   952   952 V SystemServerTiming: StartUsageService took to complete: 4ms
01-06 09:59:35.904   952   952 D SystemServerTiming: StartWebViewUpdateService
01-06 09:59:35.904   952   952 I SystemServiceManager: Starting com.android.server.webkit.WebViewUpdateService
01-06 09:59:35.906   952   952 V SystemServerTiming: StartWebViewUpdateService took to complete: 1ms
01-06 09:59:35.906   952   952 D SystemServerTiming: StartCachedDeviceStateService
01-06 09:59:35.906   952   952 I SystemServiceManager: Starting com.android.server.CachedDeviceStateService
01-06 09:59:35.906   952   952 V SystemServerTiming: StartCachedDeviceStateService took to complete: 0ms
01-06 09:59:35.906   952   952 D SystemServerTiming: StartBinderCallsStatsService
01-06 09:59:35.906   952   952 I SystemServiceManager: Starting com.android.server.BinderCallsStatsService$LifeCycle
01-06 09:59:35.907   952   952 V SystemServerTiming: StartBinderCallsStatsService took to complete: 1ms
01-06 09:59:35.907   952   952 D SystemServerTiming: StartLooperStatsService
01-06 09:59:35.907   952   952 I SystemServiceManager: Starting com.android.server.LooperStatsService$Lifecycle
01-06 09:59:35.907   952   952 V SystemServerTiming: StartLooperStatsService took to complete: 0ms
01-06 09:59:35.908   952   952 D SystemServerTiming: StartRollbackManagerService
01-06 09:59:35.908   952   952 I SystemServiceManager: Starting com.android.server.rollback.RollbackManagerService
01-06 09:59:35.912   952   952 I PackageWatchdog: Syncing state, reason: added new observer
01-06 09:59:35.912   952   952 I PackageWatchdog: Not pruning observers, elapsed time: 0ms
01-06 09:59:35.912   952   952 I PackageWatchdog: Cancelling state sync, nothing to sync
01-06 09:59:35.912   952   987 I PackageWatchdog: Saving observer state to file
01-06 09:59:35.919   952   952 V SystemServerTiming: StartRollbackManagerService took to complete: 12ms
01-06 09:59:35.919   952   952 D SystemServerTiming: StartNativeTombstoneManagerService
01-06 09:59:35.919   952   952 I SystemServiceManager: Starting com.android.server.os.NativeTombstoneManagerService
01-06 09:59:35.920   952   952 V SystemServerTiming: StartNativeTombstoneManagerService took to complete: 1ms
01-06 09:59:35.920   952   952 D SystemServerTiming: StartBugreportManagerService
01-06 09:59:35.920   952   952 I SystemServiceManager: Starting com.android.server.os.BugreportManagerService
01-06 09:59:35.920   952   952 V SystemServerTiming: StartBugreportManagerService took to complete: 0ms
01-06 09:59:35.920   952   952 D SystemServerTiming: GpuService
01-06 09:59:35.920   952   952 I SystemServiceManager: Starting com.android.server.gpu.GpuService
01-06 09:59:35.920   952   952 V SystemServerTiming: GpuService took to complete: 0ms
01-06 09:59:35.921   952   952 V SystemServerTiming: startCoreServices took to complete: 27ms
01-06 09:59:35.921   952   952 D SystemServerTiming: startOtherServices
01-06 09:59:35.921   952   952 D SystemServerTiming: StartKeyAttestationApplicationIdProviderService
01-06 09:59:35.921   952  1076 D SystemServerTimingAsync: InitThreadPoolExec:SecondaryZygotePreload
01-06 09:59:35.921   952  1076 D SystemServerInitThreadPool: Started executing SecondaryZygotePreload
01-06 09:59:35.921   952  1076 I SystemServer: SecondaryZygotePreload
01-06 09:59:35.921   952  1076 D SystemServerTimingAsync: SecondaryZygotePreload
01-06 09:59:35.922   952   952 V SystemServerTiming: StartKeyAttestationApplicationIdProviderService took to complete: 0ms
01-06 09:59:35.922   952   952 D SystemServerTiming: StartKeyChainSystemService
01-06 09:59:35.922   952   952 I SystemServiceManager: Starting com.android.server.security.KeyChainSystemService
01-06 09:59:35.922   952   952 V SystemServerTiming: StartKeyChainSystemService took to complete: 0ms
01-06 09:59:35.922   952   952 D SystemServerTiming: StartBinaryTransparencyService
01-06 09:59:35.922   952   952 I SystemServiceManager: Starting com.android.server.BinaryTransparencyService
01-06 09:59:35.923   952   952 I TransparencyService: Started BinaryTransparencyService
01-06 09:59:35.923   952   952 V SystemServerTiming: StartBinaryTransparencyService took to complete: 1ms
01-06 09:59:35.923   952   952 D SystemServerTiming: StartSchedulingPolicyService
01-06 09:59:35.924   952  1077 D SystemServerTimingAsync: InitThreadPoolExec:SchedulingPolicyService.<init>
01-06 09:59:35.924   952  1077 D SystemServerInitThreadPool: Started executing SchedulingPolicyService.<init>
01-06 09:59:35.924   952   952 V SystemServerTiming: StartSchedulingPolicyService took to complete: 1ms
01-06 09:59:35.924   952   952 D SystemServerTiming: StartTelephonyRegistry
01-06 09:59:35.925   952   952 V SystemServerTiming: StartTelephonyRegistry took to complete: 1ms
01-06 09:59:35.925   952   952 D SystemServerTiming: StartEntropyMixer
01-06 09:59:35.926   952   952 I EntropyMixer: Loaded existing seed file
01-06 09:59:35.930   952   952 I EntropyMixer: Updated seed file
01-06 09:59:35.930   952   952 V SystemServerTiming: StartEntropyMixer took to complete: 5ms
01-06 09:59:35.930   952   952 D SystemServerTiming: StartAccountManagerService
01-06 09:59:35.930   952   952 I SystemServiceManager: Starting com.android.server.accounts.AccountManagerService$Lifecycle
01-06 09:59:35.935   952  1077 D SystemServerInitThreadPool: Finished executing SchedulingPolicyService.<init>
01-06 09:59:35.935   952  1077 V SystemServerTimingAsync: InitThreadPoolExec:SchedulingPolicyService.<init> took to complete: 11ms
01-06 09:59:35.936   952   952 V SystemServerTiming: StartAccountManagerService took to complete: 6ms
01-06 09:59:35.937   952   952 D SystemServerTiming: StartContentService
01-06 09:59:35.937   952   952 I SystemServiceManager: Starting com.android.server.content.ContentService$Lifecycle
01-06 09:59:35.938   952  1060 V SystemServerTimingAsync: AppDataFixup took to complete: 244ms
01-06 09:59:35.938   952   952 V SystemServerTiming: StartContentService took to complete: 2ms
01-06 09:59:35.938   952   952 D SystemServerTiming: InstallSystemProviders
01-06 09:59:35.939   952  1060 W PackageManager: Skipping preparing app data for com.android.sdksandbox
01-06 09:59:36.002   952   988 D ActivityManager: Freezer enabled
01-06 09:59:36.002   952   988 D ActivityManager: freezer override set to false
01-06 09:59:36.002   952   952 V SystemServerTiming: InstallSystemProviders took to complete: 64ms
01-06 09:59:36.002   952   952 D SystemServerTiming: UpdateWatchdogTimeout
01-06 09:59:36.002   952   952 I Watchdog: Watchdog timeout updated to 60000 millis
01-06 09:59:36.002   952   952 V SystemServerTiming: UpdateWatchdogTimeout took to complete: 0ms
01-06 09:59:36.002   952   952 D SystemServerTiming: StartDropBoxManager
01-06 09:59:36.003   952   952 I SystemServiceManager: Starting com.android.server.DropBoxManagerService
01-06 09:59:36.003   952   952 V SystemServerTiming: StartDropBoxManager took to complete: 1ms
01-06 09:59:36.004   952   952 D SystemServerTiming: StartRoleManagerService
01-06 09:59:36.004   952   952 I SystemServiceManager: Starting com.android.role.RoleService
01-06 09:59:36.022   499   499 V ZygoteInitTiming_lazy: BeginPreload took to complete: 99ms
01-06 09:59:36.034   952   952 V SystemServerTiming: StartRoleManagerService took to complete: 31ms
01-06 09:59:36.034   952   952 D SystemServerTiming: StartVibratorManagerService
01-06 09:59:36.034   952   952 I SystemServiceManager: Starting com.android.server.vibrator.VibratorManagerService$Lifecycle
01-06 09:59:36.040   952   952 V SystemServerTiming: StartVibratorManagerService took to complete: 5ms
01-06 09:59:36.040   952   952 D SystemServerTiming: StartDynamicSystemService
01-06 09:59:36.040   952   952 V SystemServerTiming: StartDynamicSystemService took to complete: 0ms
01-06 09:59:36.040   952   952 D SystemServerTiming: StartConsumerIrService
01-06 09:59:36.042   952   952 V SystemServerTiming: StartConsumerIrService took to complete: 1ms
01-06 09:59:36.042   952   952 D SystemServerTiming: StartResourceEconomy
01-06 09:59:36.043   952   952 I SystemServiceManager: Starting com.android.server.tare.InternalResourceService
01-06 09:59:36.047   952   952 V SystemServerTiming: StartResourceEconomy took to complete: 5ms
01-06 09:59:36.047   952   952 D SystemServerTiming: StartAlarmManagerService
01-06 09:59:36.048   952   952 I SystemServiceManager: Starting com.android.server.alarm.AlarmManagerService
01-06 09:59:36.054   952   952 V SystemServerTiming: StartAlarmManagerService took to complete: 7ms
01-06 09:59:36.054   952   952 D SystemServerTiming: StartInputManagerService
01-06 09:59:36.060   952   952 I InputManager: Initializing input manager, mUseDevInputEventForAudioJack=false
01-06 09:59:36.060   952   952 V SystemServerTiming: StartInputManagerService took to complete: 6ms
01-06 09:59:36.060   952   952 D SystemServerTiming: DeviceStateManagerService
01-06 09:59:36.060   952   952 I SystemServiceManager: Starting com.android.server.devicestate.DeviceStateManagerService
01-06 09:59:36.067   952   952 V SystemServerTiming: DeviceStateManagerService took to complete: 7ms
01-06 09:59:36.067   952   952 D SystemServerTiming: StartWindowManagerService
01-06 09:59:36.067   952   952 I SystemServiceManager: Starting phase 200
01-06 09:59:36.067   952   952 D SystemServerTiming: OnBootPhase_200
01-06 09:59:36.067   952   952 D SystemServerTiming: OnBootPhase_200_com.android.server.security.FileIntegrityService
01-06 09:59:36.067   952   952 V SystemServerTiming: OnBootPhase_200_com.android.server.security.FileIntegrityService took to complete: 0ms
01-06 09:59:36.067   952   952 D SystemServerTiming: OnBootPhase_200_com.android.server.pm.Installer
01-06 09:59:36.067   952   952 V SystemServerTiming: OnBootPhase_200_com.android.server.pm.Installer took to complete: 0ms
01-06 09:59:36.067   952   952 D SystemServerTiming: OnBootPhase_200_com.android.server.os.DeviceIdentifiersPolicyService
01-06 09:59:36.067   952   952 V SystemServerTiming: OnBootPhase_200_com.android.server.os.DeviceIdentifiersPolicyService took to complete: 0ms
01-06 09:59:36.067   952   952 D SystemServerTiming: OnBootPhase_200_com.android.server.uri.UriGrantsManagerService$Lifecycle
01-06 09:59:36.067   952   952 V SystemServerTiming: OnBootPhase_200_com.android.server.uri.UriGrantsManagerService$Lifecycle took to complete: 0ms
01-06 09:59:36.067   952   952 D SystemServerTiming: OnBootPhase_200_com.android.server.powerstats.PowerStatsService
01-06 09:59:36.067   952   952 V SystemServerTiming: OnBootPhase_200_com.android.server.powerstats.PowerStatsService took to complete: 0ms
01-06 09:59:36.067   952   952 D SystemServerTiming: OnBootPhase_200_com.android.server.wm.ActivityTaskManagerService$Lifecycle
01-06 09:59:36.068   952   952 V SystemServerTiming: OnBootPhase_200_com.android.server.wm.ActivityTaskManagerService$Lifecycle took to complete: 0ms
01-06 09:59:36.068   952   952 D SystemServerTiming: OnBootPhase_200_com.android.server.am.ActivityManagerService$Lifecycle
01-06 09:59:36.068   952   952 V SystemServerTiming: OnBootPhase_200_com.android.server.am.ActivityManagerService$Lifecycle took to complete: 0ms
01-06 09:59:36.068   952   952 D SystemServerTiming: OnBootPhase_200_com.android.server.pm.DataLoaderManagerService
01-06 09:59:36.068   952   952 V SystemServerTiming: OnBootPhase_200_com.android.server.pm.DataLoaderManagerService took to complete: 0ms
01-06 09:59:36.068   952   952 D SystemServerTiming: OnBootPhase_200_com.android.server.power.PowerManagerService
01-06 09:59:36.068   952   952 V SystemServerTiming: OnBootPhase_200_com.android.server.power.PowerManagerService took to complete: 0ms
01-06 09:59:36.068   952   952 D SystemServerTiming: OnBootPhase_200_com.android.server.power.ThermalManagerService
01-06 09:59:36.068   952   952 V SystemServerTiming: OnBootPhase_200_com.android.server.power.ThermalManagerService took to complete: 0ms
01-06 09:59:36.068   952   952 D SystemServerTiming: OnBootPhase_200_com.android.server.power.hint.HintManagerService
01-06 09:59:36.068   952   952 V SystemServerTiming: OnBootPhase_200_com.android.server.power.hint.HintManagerService took to complete: 0ms
01-06 09:59:36.068   952   952 D SystemServerTiming: OnBootPhase_200_com.android.server.recoverysystem.RecoverySystemService$Lifecycle
01-06 09:59:36.068   952   952 V SystemServerTiming: OnBootPhase_200_com.android.server.recoverysystem.RecoverySystemService$Lifecycle took to complete: 0ms
01-06 09:59:36.068   952   952 D SystemServerTiming: OnBootPhase_200_com.android.server.lights.LightsService
01-06 09:59:36.068   952   952 V SystemServerTiming: OnBootPhase_200_com.android.server.lights.LightsService took to complete: 0ms
01-06 09:59:36.068   952   952 D SystemServerTiming: OnBootPhase_200_com.android.server.display.DisplayManagerService
01-06 09:59:36.068   952   952 V SystemServerTiming: OnBootPhase_200_com.android.server.display.DisplayManagerService took to complete: 0ms
01-06 09:59:36.068   952   952 D SystemServerTiming: OnBootPhase_200_com.android.server.pm.verify.domain.DomainVerificationService
01-06 09:59:36.068   952   952 V SystemServerTiming: OnBootPhase_200_com.android.server.pm.verify.domain.DomainVerificationService took to complete: 0ms
01-06 09:59:36.068   952   952 D SystemServerTiming: OnBootPhase_200_com.android.server.pm.PackageInstallerService$Lifecycle
01-06 09:59:36.068   952   952 V SystemServerTiming: OnBootPhase_200_com.android.server.pm.PackageInstallerService$Lifecycle took to complete: 0ms
01-06 09:59:36.068   952   952 D SystemServerTiming: OnBootPhase_200_com.android.server.pm.UserManagerService$LifeCycle
01-06 09:59:36.068   952   952 V SystemServerTiming: OnBootPhase_200_com.android.server.pm.UserManagerService$LifeCycle took to complete: 0ms
01-06 09:59:36.069   952   952 D SystemServerTiming: OnBootPhase_200_com.android.server.om.OverlayManagerService
01-06 09:59:36.069   952   952 V SystemServerTiming: OnBootPhase_200_com.android.server.om.OverlayManagerService took to complete: 0ms
01-06 09:59:36.069   952   952 D SystemServerTiming: OnBootPhase_200_com.android.server.resources.ResourcesManagerService
01-06 09:59:36.069   952   952 V SystemServerTiming: OnBootPhase_200_com.android.server.resources.ResourcesManagerService took to complete: 0ms
01-06 09:59:36.069   952   952 D SystemServerTiming: OnBootPhase_200_com.android.server.sensorprivacy.SensorPrivacyService
01-06 09:59:36.069   952   952 V SystemServerTiming: OnBootPhase_200_com.android.server.sensorprivacy.SensorPrivacyService took to complete: 0ms
01-06 09:59:36.069   952   952 D SystemServerTiming: OnBootPhase_200_com.android.server.sensors.SensorService
01-06 09:59:36.069   952   952 V SystemServerTiming: OnBootPhase_200_com.android.server.sensors.SensorService took to complete: 0ms
01-06 09:59:36.069   952   952 D SystemServerTiming: OnBootPhase_200_com.android.server.SystemConfigService
01-06 09:59:36.069   952   952 V SystemServerTiming: OnBootPhase_200_com.android.server.SystemConfigService took to complete: 0ms
01-06 09:59:36.069   952   952 D SystemServerTiming: OnBootPhase_200_com.android.server.BatteryService
01-06 09:59:36.069   952   952 V SystemServerTiming: OnBootPhase_200_com.android.server.BatteryService took to complete: 0ms
01-06 09:59:36.069   952   952 D SystemServerTiming: OnBootPhase_200_com.android.server.usage.UsageStatsService
01-06 09:59:36.069   952   952 V SystemServerTiming: OnBootPhase_200_com.android.server.usage.UsageStatsService took to complete: 0ms
01-06 09:59:36.069   952   952 D SystemServerTiming: OnBootPhase_200_com.android.server.webkit.WebViewUpdateService
01-06 09:59:36.069   952   952 V SystemServerTiming: OnBootPhase_200_com.android.server.webkit.WebViewUpdateService took to complete: 0ms
01-06 09:59:36.069   952   952 D SystemServerTiming: OnBootPhase_200_com.android.server.CachedDeviceStateService
01-06 09:59:36.069   952   952 V SystemServerTiming: OnBootPhase_200_com.android.server.CachedDeviceStateService took to complete: 0ms
01-06 09:59:36.069   952   952 D SystemServerTiming: OnBootPhase_200_com.android.server.BinderCallsStatsService$LifeCycle
01-06 09:59:36.069   952   952 V SystemServerTiming: OnBootPhase_200_com.android.server.BinderCallsStatsService$LifeCycle took to complete: 0ms
01-06 09:59:36.069   952   952 D SystemServerTiming: OnBootPhase_200_com.android.server.LooperStatsService$Lifecycle
01-06 09:59:36.069   952   952 V SystemServerTiming: OnBootPhase_200_com.android.server.LooperStatsService$Lifecycle took to complete: 0ms
01-06 09:59:36.069   952   952 D SystemServerTiming: OnBootPhase_200_com.android.server.rollback.RollbackManagerService
01-06 09:59:36.069   952   952 V SystemServerTiming: OnBootPhase_200_com.android.server.rollback.RollbackManagerService took to complete: 0ms
01-06 09:59:36.069   952   952 D SystemServerTiming: OnBootPhase_200_com.android.server.os.NativeTombstoneManagerService
01-06 09:59:36.069   952   952 V SystemServerTiming: OnBootPhase_200_com.android.server.os.NativeTombstoneManagerService took to complete: 0ms
01-06 09:59:36.069   952   952 D SystemServerTiming: OnBootPhase_200_com.android.server.os.BugreportManagerService
01-06 09:59:36.069   952   952 V SystemServerTiming: OnBootPhase_200_com.android.server.os.BugreportManagerService took to complete: 0ms
01-06 09:59:36.069   952   952 D SystemServerTiming: OnBootPhase_200_com.android.server.gpu.GpuService
01-06 09:59:36.069   952   952 V SystemServerTiming: OnBootPhase_200_com.android.server.gpu.GpuService took to complete: 0ms
01-06 09:59:36.069   952   952 D SystemServerTiming: OnBootPhase_200_com.android.server.security.KeyChainSystemService
01-06 09:59:36.069   952   952 V SystemServerTiming: OnBootPhase_200_com.android.server.security.KeyChainSystemService took to complete: 0ms
01-06 09:59:36.069   952   952 D SystemServerTiming: OnBootPhase_200_com.android.server.BinaryTransparencyService
01-06 09:59:36.069   952   952 V SystemServerTiming: OnBootPhase_200_com.android.server.BinaryTransparencyService took to complete: 0ms
01-06 09:59:36.069   952   952 D SystemServerTiming: OnBootPhase_200_com.android.server.accounts.AccountManagerService$Lifecycle
01-06 09:59:36.069   952   952 V SystemServerTiming: OnBootPhase_200_com.android.server.accounts.AccountManagerService$Lifecycle took to complete: 0ms
01-06 09:59:36.069   952   952 D SystemServerTiming: OnBootPhase_200_com.android.server.content.ContentService$Lifecycle
01-06 09:59:36.070   952   952 V SystemServerTiming: OnBootPhase_200_com.android.server.content.ContentService$Lifecycle took to complete: 0ms
01-06 09:59:36.071   952   952 D SystemServerTiming: OnBootPhase_200_com.android.server.DropBoxManagerService
01-06 09:59:36.071   952   952 V SystemServerTiming: OnBootPhase_200_com.android.server.DropBoxManagerService took to complete: 0ms
01-06 09:59:36.071   952   952 D SystemServerTiming: OnBootPhase_200_com.android.role.RoleService
01-06 09:59:36.071   952   952 V SystemServerTiming: OnBootPhase_200_com.android.role.RoleService took to complete: 0ms
01-06 09:59:36.071   952   952 D SystemServerTiming: OnBootPhase_200_com.android.server.vibrator.VibratorManagerService$Lifecycle
01-06 09:59:36.071   952   952 V SystemServerTiming: OnBootPhase_200_com.android.server.vibrator.VibratorManagerService$Lifecycle took to complete: 0ms
01-06 09:59:36.071   952   952 D SystemServerTiming: OnBootPhase_200_com.android.server.tare.InternalResourceService
01-06 09:59:36.071   952   952 V SystemServerTiming: OnBootPhase_200_com.android.server.tare.InternalResourceService took to complete: 0ms
01-06 09:59:36.071   952   952 D SystemServerTiming: OnBootPhase_200_com.android.server.alarm.AlarmManagerService
01-06 09:59:36.071   952   952 V SystemServerTiming: OnBootPhase_200_com.android.server.alarm.AlarmManagerService took to complete: 0ms
01-06 09:59:36.071   952   952 D SystemServerTiming: OnBootPhase_200_com.android.server.devicestate.DeviceStateManagerService
01-06 09:59:36.071   952   952 V SystemServerTiming: OnBootPhase_200_com.android.server.devicestate.DeviceStateManagerService took to complete: 0ms
01-06 09:59:36.071   952   952 V SystemServerTiming: OnBootPhase_200 took to complete: 4ms
01-06 09:59:36.073   952   952 I WindowManager: No existing display settings, starting empty
01-06 09:59:36.074   952   952 I WindowManager: No existing display settings, starting empty
01-06 09:59:36.078   952   981 E WindowManager: Error reading from LetterboxConfigurationPersister. Using default values!
01-06 09:59:36.078   952   981 E WindowManager: java.io.FileNotFoundException: /data/system/letterbox_config: open failed: ENOENT (No such file or directory)
01-06 09:59:36.078   952   981 E WindowManager: 	at libcore.io.IoBridge.open(IoBridge.java:574)
01-06 09:59:36.078   952   981 E WindowManager: 	at java.io.FileInputStream.<init>(FileInputStream.java:160)
01-06 09:59:36.078   952   981 E WindowManager: 	at android.util.AtomicFile.openRead(AtomicFile.java:260)
01-06 09:59:36.078   952   981 E WindowManager: 	at com.android.server.wm.LetterboxConfigurationPersister.readCurrentConfiguration(LetterboxConfigurationPersister.java:221)
01-06 09:59:36.078   952   981 E WindowManager: 	at com.android.server.wm.LetterboxConfigurationPersister.<init>(LetterboxConfigurationPersister.java:128)
01-06 09:59:36.078   952   981 E WindowManager: 	at com.android.server.wm.LetterboxConfigurationPersister.<init>(LetterboxConfigurationPersister.java:101)
01-06 09:59:36.078   952   981 E WindowManager: 	at com.android.server.wm.LetterboxConfiguration.<init>(LetterboxConfiguration.java:242)
01-06 09:59:36.078   952   981 E WindowManager: 	at com.android.server.wm.WindowManagerService.<init>(WindowManagerService.java:1224)
01-06 09:59:36.078   952   981 E WindowManager: 	at com.android.server.wm.WindowManagerService.lambda$main$1(WindowManagerService.java:1168)
01-06 09:59:36.078   952   981 E WindowManager: 	at com.android.server.wm.WindowManagerService.$r8$lambda$mdM6IEP25omWg9Thw5NvWNLhRLE(Unknown Source:0)
01-06 09:59:36.078   952   981 E WindowManager: 	at com.android.server.wm.WindowManagerService$$ExternalSyntheticLambda3.run(Unknown Source:20)
01-06 09:59:36.078   952   981 E WindowManager: 	at android.os.Handler$BlockingRunnable.run(Handler.java:965)
01-06 09:59:36.078   952   981 E WindowManager: 	at android.os.Handler.handleCallback(Handler.java:942)
01-06 09:59:36.078   952   981 E WindowManager: 	at android.os.Handler.dispatchMessage(Handler.java:99)
01-06 09:59:36.078   952   981 E WindowManager: 	at android.os.Looper.loopOnce(Looper.java:201)
01-06 09:59:36.078   952   981 E WindowManager: 	at android.os.Looper.loop(Looper.java:288)
01-06 09:59:36.078   952   981 E WindowManager: 	at android.os.HandlerThread.run(HandlerThread.java:67)
01-06 09:59:36.078   952   981 E WindowManager: 	at com.android.server.ServiceThread.run(ServiceThread.java:44)
01-06 09:59:36.078   952   981 E WindowManager: Caused by: android.system.ErrnoException: open failed: ENOENT (No such file or directory)
01-06 09:59:36.078   952   981 E WindowManager: 	at libcore.io.Linux.open(Native Method)
01-06 09:59:36.078   952   981 E WindowManager: 	at libcore.io.ForwardingOs.open(ForwardingOs.java:563)
01-06 09:59:36.078   952   981 E WindowManager: 	at libcore.io.BlockGuardOs.open(BlockGuardOs.java:274)
01-06 09:59:36.078   952   981 E WindowManager: 	at libcore.io.IoBridge.open(IoBridge.java:560)
01-06 09:59:36.078   952   981 E WindowManager: 	... 17 more
01-06 09:59:36.107   952   952 V SystemServerTiming: StartWindowManagerService took to complete: 40ms
01-06 09:59:36.107   952   952 D SystemServerTiming: SetWindowManagerService
01-06 09:59:36.107   952   980 I DropBoxManagerService: add tag=system_server_strictmode isTagEnabled=true flags=0x2
01-06 09:59:36.138   952   980 I DropBoxManagerService: add tag=system_server_strictmode isTagEnabled=true flags=0x2
01-06 09:59:36.139   952   980 I DropBoxManagerService: add tag=system_server_strictmode isTagEnabled=true flags=0x2
01-06 09:59:36.152   952   952 I ActivityTaskManager: Loaded persisted task ids for user 0
01-06 09:59:36.154   952   952 V SystemServerTiming: SetWindowManagerService took to complete: 47ms
01-06 09:59:36.154   952   952 D SystemServerTiming: WindowManagerServiceOnInitReady
01-06 09:59:36.161     0     0 E [5 T1     ..] init: Control message: Could not find 'aidl/clipboard' for ctl.interface_start from pid: 314 (/system/bin/servicemanager)
01-06 09:59:36.166   952   952 V SystemServerTiming: WindowManagerServiceOnInitReady took to complete: 12ms
01-06 09:59:36.166   952   952 D SystemServerTiming: StartInputManager
01-06 09:59:36.166   952   952 I InputManager: Starting input manager
01-06 09:59:36.166   952  1102 D SystemServerTimingAsync: InitThreadPoolExec:StartHidlServices
01-06 09:59:36.166   952  1102 D SystemServerInitThreadPool: Started executing StartHidlServices
01-06 09:59:36.166   952  1102 D SystemServerTimingAsync: StartHidlServices
01-06 09:59:36.169   952  1102 V SystemServerTimingAsync: StartHidlServices took to complete: 3ms
01-06 09:59:36.169   952  1102 D SystemServerInitThreadPool: Finished executing StartHidlServices
01-06 09:59:36.169   952  1102 V SystemServerTimingAsync: InitThreadPoolExec:StartHidlServices took to complete: 3ms
01-06 09:59:36.170   952   952 V SystemServerTiming: StartInputManager took to complete: 4ms
01-06 09:59:36.170   952   952 D SystemServerTiming: DisplayManagerWindowManagerAndInputReady
01-06 09:59:36.170   952   952 V SystemServerTiming: DisplayManagerWindowManagerAndInputReady took to complete: 0ms
01-06 09:59:36.170   952   952 D SystemServerTiming: StartBluetoothService
01-06 09:59:36.175   952   981 I LogicalDisplayMapper: Requesting Transition to state: 0, from state=-1, interactive=true, mBootCompleted=false
01-06 09:59:36.175   952   981 I LogicalDisplayMapper: Applying layout: [{addr: {port=11, model=0x404c2d479b6c44}, dispId: 0(ON)}], Previous layout: [{addr: {port=11, model=0x404c2d479b6c44}, dispId: 0(ON)}]
01-06 09:59:36.180   952   952 I SystemServiceManager: Starting com.android.server.bluetooth.BluetoothService
01-06 09:59:36.191   952   952 V SystemServerTiming: StartBluetoothService took to complete: 21ms
01-06 09:59:36.191   952   952 D SystemServerTiming: IpConnectivityMetrics
01-06 09:59:36.191   952   952 I SystemServiceManager: Starting com.android.server.connectivity.IpConnectivityMetrics
01-06 09:59:36.192   952   952 V SystemServerTiming: IpConnectivityMetrics took to complete: 0ms
01-06 09:59:36.192   952   952 D SystemServerTiming: NetworkWatchlistService
01-06 09:59:36.192   952   952 I SystemServiceManager: Starting com.android.server.net.watchlist.NetworkWatchlistService$Lifecycle
01-06 09:59:36.196   952   952 I WatchlistSettings: Reload watchlist settings done
01-06 09:59:36.197   952   952 V SystemServerTiming: NetworkWatchlistService took to complete: 6ms
01-06 09:59:36.197   952   952 D SystemServerTiming: PinnerService
01-06 09:59:36.197   952   952 I SystemServiceManager: Starting com.android.server.PinnerService
01-06 09:59:36.197   952  1113 I WatchlistLoggingHandler: No need to aggregate record yet.
01-06 09:59:36.197   952  1113 I WatchlistLoggingHandler: Milliseconds spent on tryAggregateRecords(): 0
01-06 09:59:36.198   952   952 V HistoricalRegistry: Interaction before persistence initialized
01-06 09:59:36.199   952   952 V SystemServerTiming: PinnerService took to complete: 2ms
01-06 09:59:36.199   952   987 D PinnerService: pinRangeStream: null
01-06 09:59:36.199   952   952 D SystemServerTiming: SignedConfigService
01-06 09:59:36.200   952   952 V SystemServerTiming: SignedConfigService took to complete: 1ms
01-06 09:59:36.200   952   952 D SystemServerTiming: AppIntegrityService
01-06 09:59:36.200   952   952 I SystemServiceManager: Starting com.android.server.integrity.AppIntegrityManagerService
01-06 09:59:36.204   952   952 E IntegrityFileManager: Error creating staging and rules directory
01-06 09:59:36.205   952   987 D PinnerService: pinRangeStream: null
01-06 09:59:36.206   952   987 E PinnerService: Could not pin file /system/bin/logd
01-06 09:59:36.206   952   987 E PinnerService: android.system.ErrnoException: open failed: EACCES (Permission denied)
01-06 09:59:36.206   952   987 E PinnerService: 	at libcore.io.Linux.open(Native Method)
01-06 09:59:36.206   952   987 E PinnerService: 	at libcore.io.ForwardingOs.open(ForwardingOs.java:563)
01-06 09:59:36.206   952   987 E PinnerService: 	at libcore.io.BlockGuardOs.open(BlockGuardOs.java:274)
01-06 09:59:36.206   952   987 E PinnerService: 	at android.system.Os.open(Os.java:494)
01-06 09:59:36.206   952   987 E PinnerService: 	at com.android.server.PinnerService.pinFileRanges(PinnerService.java:975)
01-06 09:59:36.206   952   987 E PinnerService: 	at com.android.server.PinnerService.pinFile(PinnerService.java:850)
01-06 09:59:36.206   952   987 E PinnerService: 	at com.android.server.PinnerService.handlePinOnStart(PinnerService.java:305)
01-06 09:59:36.206   952   987 E PinnerService: 	at com.android.server.PinnerService.-$$Nest$mhandlePinOnStart(Unknown Source:0)
01-06 09:59:36.206   952   987 E PinnerService: 	at com.android.server.PinnerService$PinnerHandler.handleMessage(PinnerService.java:1219)
01-06 09:59:36.206   952   987 E PinnerService: 	at android.os.Handler.dispatchMessage(Handler.java:106)
01-06 09:59:36.206   952   987 E PinnerService: 	at android.os.Looper.loopOnce(Looper.java:201)
01-06 09:59:36.206   952   987 E PinnerService: 	at android.os.Looper.loop(Looper.java:288)
01-06 09:59:36.206   952   987 E PinnerService: 	at android.os.HandlerThread.run(HandlerThread.java:67)
01-06 09:59:36.206   952   987 E PinnerService: Failed to pin file = /system/bin/logd
01-06 09:59:36.206   952   987 D PinnerService: pinRangeStream: null
01-06 09:59:36.206   952   987 E PinnerService: Could not pin file /system/lib/libjavacrypto.so
01-06 09:59:36.206   952   987 E PinnerService: android.system.ErrnoException: open failed: ENOENT (No such file or directory)
01-06 09:59:36.206   952   987 E PinnerService: 	at libcore.io.Linux.open(Native Method)
01-06 09:59:36.206   952   987 E PinnerService: 	at libcore.io.ForwardingOs.open(ForwardingOs.java:563)
01-06 09:59:36.206   952   987 E PinnerService: 	at libcore.io.BlockGuardOs.open(BlockGuardOs.java:274)
01-06 09:59:36.206   952   987 E PinnerService: 	at android.system.Os.open(Os.java:494)
01-06 09:59:36.206   952   987 E PinnerService: 	at com.android.server.PinnerService.pinFileRanges(PinnerService.java:975)
01-06 09:59:36.206   952   987 E PinnerService: 	at com.android.server.PinnerService.pinFile(PinnerService.java:850)
01-06 09:59:36.206   952   987 E PinnerService: 	at com.android.server.PinnerService.handlePinOnStart(PinnerService.java:305)
01-06 09:59:36.206   952   987 E PinnerService: 	at com.android.server.PinnerService.-$$Nest$mhandlePinOnStart(Unknown Source:0)
01-06 09:59:36.206   952   987 E PinnerService: 	at com.android.server.PinnerService$PinnerHandler.handleMessage(PinnerService.java:1219)
01-06 09:59:36.206   952   987 E PinnerService: 	at android.os.Handler.dispatchMessage(Handler.java:106)
01-06 09:59:36.206   952   987 E PinnerService: 	at android.os.Looper.loopOnce(Looper.java:201)
01-06 09:59:36.206   952   987 E PinnerService: 	at android.os.Looper.loop(Looper.java:288)
01-06 09:59:36.206   952   987 E PinnerService: 	at android.os.HandlerThread.run(HandlerThread.java:67)
01-06 09:59:36.206   952   987 E PinnerService: Failed to pin file = /system/lib/libjavacrypto.so
01-06 09:59:36.206   952   952 V SystemServerTiming: AppIntegrityService took to complete: 6ms
01-06 09:59:36.206   952   987 D PinnerService: pinRangeStream: null
01-06 09:59:36.206   952   952 D SystemServerTiming: StartLogcatManager
01-06 09:59:36.206   952   952 I SystemServiceManager: Starting com.android.server.logcat.LogcatManagerService
01-06 09:59:36.210   952   952 V SystemServerTiming: StartLogcatManager took to complete: 4ms
01-06 09:59:36.210   952   952 I WindowManager: SAFE MODE not enabled
01-06 09:59:36.211   952   952 D SystemServerTiming: StartInputMethodManagerLifecycle
01-06 09:59:36.211   952   952 I SystemServiceManager: Starting com.android.server.inputmethod.InputMethodManagerService$Lifecycle
01-06 09:59:36.214   952   952 V SystemServerTiming: StartInputMethodManagerLifecycle took to complete: 4ms
01-06 09:59:36.214   952   952 D SystemServerTiming: StartAccessibilityManagerService
01-06 09:59:36.214   952   952 I SystemServiceManager: Starting com.android.server.accessibility.AccessibilityManagerService$Lifecycle
01-06 09:59:36.220   952   952 V SystemServerTiming: StartAccessibilityManagerService took to complete: 6ms
01-06 09:59:36.221   952   952 D SystemServerTiming: MakeDisplayReady
01-06 09:59:36.224   952   952 I ActivityTaskManager: Config changes=20005df8 {1.0 ?mcc?mnc [en_US] ldltr sw540dp w960dp h540dp 320dpi lrg long land ?uimode ?night -touch -keyb/v/h dpad/v winConfig={ mBounds=Rect(0, 0 - 1920, 1080) mAppBounds=Rect(0, 0 - 1920, 1080) mMaxBounds=Rect(0, 0 - 1920, 1080) mDisplayRotation=ROTATION_0 mWindowingMode=fullscreen mDisplayWindowingMode=fullscreen mActivityType=undefined mAlwaysOnTop=undefined mRotation=ROTATION_0} s.2 ?fontWeightAdjustment}
