01-06 02:48:46.968     0     0 D [6 T495   ..] LibBpfLoader: Adding section 3 to cs list
01-06 02:48:46.969     0     0 D [6 T495   ..] LibBpfLoader: Couldn't find section btf_min_bpfloader_ver (defaulting to 0 [0x0]).
01-06 02:48:46.969     0     0 D [6 T495   ..] LibBpfLoader: Couldn't find section btf_min_kernel_ver (defaulting to 0 [0x0]).
01-06 02:48:47.049     0     0 I         : [5 T186   ..] Mass Storage Function, version: 2009/09/11
01-06 02:48:47.049     0     0 I [5 T186   ..] LUN: removable file: (no medium)
01-06 02:48:47.052     0     0 I         : [5 T186   ..] file system registered
01-06 02:48:47.057     0     0 W         : [6 T186   ..] using random self ethernet address
01-06 02:48:47.057     0     0 W         : [6 T186   ..] using random host ethernet address
01-06 02:48:47.239     0     0 W         : [6 T186   ..] T7 doesn't support hcodec avc encoder!!
01-06 02:48:47.408     0     0 I         : [5 T186   ..] aml-vcodec-dec vcodec_dec: v4ldec registered as /dev/video26
01-06 02:48:47.419     0     0 E         : [2 T186   ..] register_amlogic_afbc_dec_fun
01-06 02:48:47.459     0     0 I         : [2 T186   ..] Registered frame rate driver success.
01-06 02:48:47.709     0     0 E [5 T186   ..] map_store: rm default
01-06 02:48:47.710     0     0 E [5 T186   ..] map_store: add default decoder ppmgr deinterlace amvideo
01-06 02:48:47.711     0     0 I [1 T186   ..] [snd-soc]: drc high cut scale set to 0%
01-06 02:48:47.711     0     0 I [2 T186   ..] [snd-soc]: drc low boost scale set to 0%
01-06 02:48:47.712     0     0 I [2 T186   ..] [snd-soc]: drc mode set to RF
01-06 02:48:47.722     0     0 W [0 T517   ..] healthd: No battery devices found
01-06 02:48:47.726     0     0 W [1 T517   ..] healthd: battery none chg=
01-06 02:48:47.737     0     0 I         : [5 T8     ..] [TEE] I/TA:
01-06 02:48:47.737     0     0 I         : [5 T8     ..] [TEE] MM-module-name:Youtube TA,Version:1.0.6-gd116617(build:7738)
01-06 02:48:47.760     0     0 I [7 T548   ..] [pm]: early_suspend_state=0
01-06 02:48:48.047     0     0 E [2 T1     ..] init: Control message: Could not find 'vendor.amlogic.hardware.tvserver@1.0::ITvServer/default' for ctl.interface_start from pid: 317 (/system/bin/hwservicemanager)
01-06 02:48:48.102     0     0 I         : [4 T506   ..] vdin0 req vs irq 83
01-06 02:48:48.102     0     0 I         : [4 T506   ..] vdin0 req meta_wr_done_irq
01-06 02:48:48.111     0     0 I [7 T506   ..] [efuse-unifykey]: already inited!
01-06 02:48:48.111     0     0 E [7 T506   ..] [efuse-unifykey]: could not found key hdcp22_rx_fw
01-06 02:48:48.111     0     0 E [7 T506   ..] [efuse-unifykey]: please set key name first, exist_show:751
01-06 02:48:48.112     0     0 I [7 T506   ..] [efuse-unifykey]: already inited!
01-06 02:48:48.113     0     0 E [7 T506   ..] [efuse-unifykey]: could not found key hdcp14_rx
01-06 02:48:48.137     0     0 I [7 T506   ..] [efuse-unifykey]: already inited!
01-06 02:48:48.137     0     0 E [7 T506   ..] [efuse-unifykey]: could not found key hdcp22_rx_fw
01-06 02:48:48.137     0     0 E [7 T506   ..] [efuse-unifykey]: please set key name first, exist_show:751
01-06 02:48:48.150     0     0 I         : [7 T506   ..] vt session 506-0 create
01-06 02:48:48.223     0     0 I         : [3 T516   ..] drm_hdmitx_get_vrr_cap not support vrr
01-06 02:48:48.223     0     0 I         : [3 T516   ..] drm_hdmitx_get_rx_hdcp_cap rx hdcp [1]
01-06 02:48:48.223     0     0 I         : [3 T516   ..] drm_hdmitx_get_rx_hdcp_cap rx hdcp [1]
01-06 02:48:48.248     0     0 E [1 T1     ..] init: Control message: Could not find 'vendor.amlogic.hardware.tvserver@1.0::ITvServer/default' for ctl.interface_start from pid: 317 (/system/bin/hwservicemanager)
01-06 02:48:48.462     0     0 E [1 T1     ..] init: Control message: Could not find 'vendor.amlogic.hardware.tvserver@1.0::ITvServer/default' for ctl.interface_start from pid: 317 (/system/bin/hwservicemanager)
01-06 02:48:48.528     0     0 W [1 T495   ..] printk: bpfloader: 1679 output lines suppressed due to ratelimiting
01-06 02:48:48.648     0     0 E [1 T188   ..] selinux: SELinux:  Could not stat /sys/devices/virtual/net/ipsec_test/carrier_changes: No such file or directory.
01-06 02:48:48.649     0     0 E [1 T188   ..] selinux:  
01-06 02:48:48.650     0     0 E [1 T188   ..] selinux: SELinux:  Could not stat /sys/devices/virtual/net/ipsec_test/testing: No such file or directory.
01-06 02:48:48.651     0     0 E [1 T188   ..] selinux:  
01-06 02:48:48.652     0     0 E [1 T188   ..] selinux: SELinux:  Could not stat /sys/devices/virtual/net/ipsec_test/carrier: No such file or directory.
01-06 02:48:48.653     0     0 E [1 T188   ..] selinux:  
01-06 02:48:48.653     0     0 E [1 T188   ..] selinux: SELinux:  Could not stat /sys/devices/virtual/net/ipsec_test/carrier_down_count: No such file or directory.
01-06 02:48:48.655     0     0 E [1 T188   ..] selinux:  
01-06 02:48:48.655     0     0 E [1 T188   ..] selinux: SELinux:  Could not stat /sys/devices/virtual/net/ipsec_test/proto_down: No such file or directory.
01-06 02:48:48.657     0     0 E [1 T188   ..] selinux:  
01-06 02:48:48.670     0     0 E [7 T1     ..] init: Control message: Could not find 'vendor.amlogic.hardware.tvserver@1.0::ITvServer/default' for ctl.interface_start from pid: 317 (/system/bin/hwservicemanager)
01-06 02:48:48.761     0     0 I         : [5 T422   ..] [TEE] M/TA: gatekeeper_messages: 412: Amlogic GATEKEEPER! Build Time: Mar 20 2023 15:26:51 version: 6030636 TDK: ab02024
01-06 02:48:48.761     0     0 I         : [5 T422   ..] [TEE] E/TA:   MM-module-name:Video firmware TA,Version:1.0.5-g3604ffd(build:6514)
01-06 02:48:48.761     0     0 I         : [5 T422   ..] [TEE] E/TA:   fw_check_pack_version:292 the package has 15 fws totally.
01-06 02:48:48.761     0     0 I         : [5 T422   ..] [TEE] E/TA:   fw_check_pack_version:309 The TA ver is v1.0
01-06 02:48:48.761     0     0 I         : [5 T422   ..] [TEE] E/TA:   fw_check_pack_version:310 The fw ver is v0.4
01-06 02:48:48.761     0     0 I         : [5 T422   ..] [TEE] E/TA:   fw_data_insert:389 the fw with 332 KB will be loaded.
01-06 02:48:48.761     0     0 I         : [5 T422   ..] [TEE] M/TA: TEE_Video_Load_FW success
01-06 02:48:48.777     0     0 I [0 T506   ..] dim: load 0x400 pq len 168 later.
01-06 02:48:48.862     0     0 E [4 T1     ..] init: Control message: Could not find 'vendor.amlogic.hardware.tvserver@1.0::ITvServer/default' for ctl.interface_start from pid: 317 (/system/bin/hwservicemanager)
01-06 02:48:48.952     0     0 E [5 T1     ..] init: Control message: Could not find 'aidl/package_native' for ctl.interface_start from pid: 316 (/system/bin/servicemanager)
01-06 02:48:49.002     0     0 I [5 T506   ..] dim: load 0x1000 pq len 17 later.
01-06 02:48:49.004     0     0 I [5 T506   ..] dim: load 0x2000 pq len 32 later.
01-06 02:48:49.063     0     0 E [6 T1     ..] init: Control message: Could not find 'vendor.amlogic.hardware.tvserver@1.0::ITvServer/default' for ctl.interface_start from pid: 317 (/system/bin/hwservicemanager)
01-06 02:48:49.170     0     0 I         : [2 T673   ..] read descriptors
01-06 02:48:49.170     0     0 I         : [2 T673   ..] read strings
01-06 02:48:49.264     0     0 E [2 T1     ..] init: Control message: Could not find 'vendor.amlogic.hardware.tvserver@1.0::ITvServer/default' for ctl.interface_start from pid: 317 (/system/bin/hwservicemanager)
01-06 02:48:49.405     0     0 I         : [1 T682   ..] tee load hdcp key ready
01-06 02:48:49.405     0     0 I         : [1 T682   ..] hdmi ready but hdcp not enabled, enable now
01-06 02:48:49.415     0     0 I [1 T190   ..] hdmitx: rd[0x000a] 0x00
01-06 02:48:49.464     0     0 I [0 T20    ..] android_work: sent uevent USB_STATE=CONNECTED
01-06 02:48:49.465     0     0 E [4 T1     ..] init: Control message: Could not find 'vendor.amlogic.hardware.tvserver@1.0::ITvServer/default' for ctl.interface_start from pid: 317 (/system/bin/hwservicemanager)
01-06 02:48:49.548     0     0 I [0 T20    ..] android_work: sent uevent USB_STATE=CONFIGURED
01-06 02:48:49.630     0     0 I [0 T182   ..] hdmitx: rd[0x062b] 0x4c
01-06 02:48:49.630     0     0 I [0 T182   ..] hdmitx: rd[0x062c] 0x4c
01-06 02:48:49.630     0     0 I [0 T182   ..] hdmitx: rd[0x062d] 0xfc
01-06 02:48:49.630     0     0 I [0 T182   ..] hdmitx: rd[0x062e] 0xe5
01-06 02:48:49.630     0     0 I [0 T182   ..] hdmitx: rd[0x062f] 0xa2
01-06 02:48:49.630     0     0 I [0 T20    ..] cec: [hdmitx_notify_callback] unsupported notify:4
01-06 02:48:49.642     0     0 E [3 T1     ..] init: Control message: Could not find 'aidl/android.hardware.graphics.composer3.IComposer/default' for ctl.interface_start from pid: 316 (/system/bin/servicemanager)
01-06 02:48:49.643     0     0 D         : [0 T631   ..] caamkeys_ioctl(cmd=3221813249)
01-06 02:48:49.690     0     0 I [3 T120   ..] hdcptx: 1  auth: 1
01-06 02:48:49.743     0     0 I [7 T506   ..] dim: load 0x200 pq len 25 later.
01-06 02:48:49.760     0     0 I [6 T506   ..] dim: load 0x800 pq len 103 later.
01-06 02:48:49.785     0     0 I         : [1 T446   ..] [TEE] E/TA:   OPTEE_PlatformInit:47
01-06 02:48:49.785     0     0 I         : [1 T446   ..] [TEE] MM-module-name:Widevine TA,Version:17.1-r1.14-ga3ab5eb-p1(build:1509)
01-06 02:48:49.786     0     0 I         : [1 T446   ..] [TEE] E/TA:   OPTEE_MigrateGenerationNumPersistentData:399 migrate read GenerationNum from reefs error. NOT ERROR
01-06 02:48:49.786     0     0 I         : [1 T446   ..] [TEE] I/TA: TA_CloseSessionEntryPoint
01-06 02:48:49.786     0     0 I         : [1 T446   ..] [TEE] M/TA: [PROVISION-TA] the same key [0x11 WIDEVINE_KEY] already exists
01-06 02:48:49.786     0     0 I         : [1 T446   ..] [TEE] M/TA: [PROVISION-TA] the same key [0x31 HDCP_TX14_KEY] already exists
01-06 02:48:49.786     0     0 I         : [1 T446   ..] [TEE] M/TA: [PROVISION-TA] the same key [0x33 HDCP_RX14_KEY] already exists
01-06 02:48:49.786     0     0 I         : [1 T446   ..] [TEE] M/TA: [PROVISION-TA] the same key [0x32 HDCP_TX22_KEY] already exists
01-06 02:48:49.786     0     0 I         : [1 T446   ..] [TEE] M/TA: [PROVISION-TA] the same key [0x36 HDCP_RX22_FW_PRIVATE] already exists
01-06 02:48:49.786     0     0 I         : [1 T446   ..] [TEE] E/TA:   cmd_hdcp_read_key:951 [HDCP-TA] cmd_hdcp_read_key: hdcp_read_key(hdcp_rx22_fw.bin) failed, ret = 0xffff0008
01-06 02:48:49.870     0     0 I         : [3 T506   ..] aad argp = 00000000c88460c8	db_o_bl_cv.length=13 mem_size=52
01-06 02:48:49.870     0     0 I         : [3 T506   ..] db_o_bl_cv control db_cabc_aad_param_s success
01-06 02:48:49.870     0     0 I         : [3 T506   ..] db_maxbin_bl_cv control db_cabc_aad_param_s success
01-06 02:48:49.871     0     0 I         : [3 T506   ..] db_LUT_RG_gain control db_cabc_aad_param_s success
01-06 02:48:49.871     0     0 I         : [3 T506   ..] db_LUT_RG_gain control db_cabc_aad_param_s success
01-06 02:48:49.871     0     0 I         : [3 T506   ..] db_LUT_BG_gain control db_cabc_aad_param_s success
01-06 02:48:49.871     0     0 I         : [3 T506   ..] db_gain_lut control db_cabc_aad_param_s success
01-06 02:48:49.871     0     0 I         : [3 T506   ..] db_xy_lut control db_cabc_aad_param_s success
01-06 02:48:49.895     0     0 W [3 T727   d.] audit_log_start: 223 callbacks suppressed
01-06 02:48:49.895     0     0 W [3 T727   ..] audit: audit_backlog=66 > audit_backlog_limit=64
01-06 02:48:49.895     0     0 W [3 T727   ..] audit: audit_lost=78 audit_rate_limit=0 audit_backlog_limit=64
01-06 02:48:49.895     0     0 E [3 T727   ..] audit: backlog limit exceeded
01-06 02:48:49.895     0     0 W [0 T729   ..] audit: audit_backlog=66 > audit_backlog_limit=64
01-06 02:48:49.895     0     0 W [0 T729   ..] audit: audit_lost=79 audit_rate_limit=0 audit_backlog_limit=64
01-06 02:48:49.895     0     0 E [0 T729   ..] audit: backlog limit exceeded
01-06 02:48:49.895     0     0 W [3 T727   ..] audit: audit_backlog=66 > audit_backlog_limit=64
01-06 02:48:49.896     0     0 W [3 T727   ..] audit: audit_lost=80 audit_rate_limit=0 audit_backlog_limit=64
01-06 02:48:49.896     0     0 E [3 T727   ..] audit: backlog limit exceeded
01-06 02:48:49.897     0     0 W [0 T729   ..] audit: audit_backlog=65 > audit_backlog_limit=64
01-06 02:48:50.042     0     0 I         : [0 T516   ..] video_composer_open iminor(inode) =0
01-06 02:48:50.042     0     0 I [0 T516   ..] vc: [0]vd_render_index_get: render_index is 0.
01-06 02:48:50.042     0     0 I [0 T516   ..] vc: [0]get capability: min 64 64; max 4096 2160
01-06 02:48:50.042     0     0 I         : [0 T516   ..] video_composer_open iminor(inode) =1
01-06 02:48:50.043     0     0 I [0 T516   ..] vc: [1]vd_render_index_get: render_index is 5.
01-06 02:48:50.043     0     0 I [0 T516   ..] vc: [1]get capability: min 64 64; max 4096 2160
01-06 02:48:50.043     0     0 I         : [0 T516   ..] video_composer_open iminor(inode) =2
01-06 02:48:50.043     0     0 I [0 T516   ..] vc: [2]vd_render_index_get: render_index is 2.
01-06 02:48:50.043     0     0 I [0 T516   ..] vc: [2]get capability: min 64 64; max 4096 2160
01-06 02:48:50.046     0     0 I         : [3 T516   ..] drm_hdmitx_get_vrr_cap not support vrr
01-06 02:48:50.046     0     0 I         : [3 T516   ..] drm_hdmitx_get_rx_hdcp_cap rx hdcp [1]
01-06 02:48:50.046     0     0 I         : [3 T516   ..] drm_hdmitx_get_rx_hdcp_cap rx hdcp [1]
01-06 02:48:50.048     0     0 I         : [3 T516   ..] drm_hdmitx_get_vrr_cap not support vrr
01-06 02:48:50.048     0     0 I         : [3 T516   ..] drm_hdmitx_get_rx_hdcp_cap rx hdcp [1]
01-06 02:48:50.048     0     0 I         : [3 T516   ..] drm_hdmitx_get_rx_hdcp_cap rx hdcp [1]
01-06 02:48:50.051     0     0 I [3 T516   ..] vc: [0]get capability: min 64 64; max 4096 2160
01-06 02:48:50.051     0     0 I [3 T516   ..] vc: [2]get capability: min 64 64; max 4096 2160
01-06 02:48:50.076     0     0 I         : [3 T506   ..] avmute_store 1
01-06 02:48:50.111     0     0 I [7 T536   ..] [efuse-unifykey]: already inited!
01-06 02:48:50.111     0     0 E [7 T536   ..] [efuse-unifykey]: could not found key hdcp14_rx
01-06 02:48:50.129     0     0 I [2 T536   ..] cec: port_seq:4123
01-06 02:48:50.136     0     0 W         : [4 T536   ..] [RX]-EDID size1 =1536
01-06 02:48:50.136     0     0 W         : [4 T536   ..] [RX]-EDID size2 =1536
01-06 02:48:50.136     0     0 W [4 T536   ..] [RX]-HDMIRX: fill edid buf, size 1536
01-06 02:48:50.137     0     0 W         : [4 T536   ..] [RX]-edid select for UI HDMI4~1: 0x1111, for portD~A: 0x1111
01-06 02:48:50.137     0     0 W         : [4 T536   ..] [RX]-set vrr_func_en to: 0
01-06 02:48:50.137     0     0 W         : [4 T536   ..] [RX]-no this data blk in edid
01-06 02:48:50.137     0     0 W         : [4 T536   ..] [RX]-no this data blk in edid
01-06 02:48:50.144     0     0 W         : [4 T536   ..] [RX]-no this data blk in edid
01-06 02:48:50.144     0     0 W         : [4 T536   ..] [RX]-no this data blk in edid
01-06 02:48:50.149     0     0 W         : [4 T536   ..] [RX]-no this data blk in edid
01-06 02:48:50.149     0     0 W         : [4 T536   ..] [RX]-no this data blk in edid
01-06 02:48:50.152     0     0 W         : [4 T536   ..] [RX]-hdmirx_hw_config port:0
01-06 02:48:50.152     0     0 W         : [4 T536   ..] [RX]-force_fsm_init
01-06 02:48:50.153     0     0 W         : [4 T536   ..] [RX]-no this data blk in edid
01-06 02:48:50.153     0     0 W         : [4 T536   ..] [RX]-no this data blk in edid
01-06 02:48:50.156     0     0 W         : [4 T536   ..] [RX]-no this data blk in edid
01-06 02:48:50.156     0     0 W         : [4 T536   ..] [RX]-no this data blk in edid
01-06 02:48:50.160     0     0 W         : [4 T536   ..] [RX]-no this data blk in edid
01-06 02:48:50.160     0     0 W         : [4 T536   ..] [RX]-no this data blk in edid
01-06 02:48:50.163     0     0 W         : [4 T536   ..] [RX]-hdmirx_hw_config port:1
01-06 02:48:50.164     0     0 W         : [4 T536   ..] [RX]-force_fsm_init
01-06 02:48:50.164     0     0 W         : [4 T536   ..] [RX]-no this data blk in edid
01-06 02:48:50.164     0     0 W         : [4 T536   ..] [RX]-no this data blk in edid
01-06 02:48:50.167     0     0 W         : [2 T536   ..] [RX]-no this data blk in edid
01-06 02:48:50.167     0     0 W         : [2 T536   ..] [RX]-no this data blk in edid
01-06 02:48:50.169     0     0 W         : [2 T536   ..] [RX]-no this data blk in edid
01-06 02:48:50.169     0     0 W         : [2 T536   ..] [RX]-no this data blk in edid
01-06 02:48:50.171     0     0 W         : [2 T536   ..] [RX]-hdmirx_hw_config port:2
01-06 02:48:50.171     0     0 W         : [2 T536   ..] [RX]-force_fsm_init
01-06 02:48:50.171     0     0 W         : [2 T536   ..] [RX]-no this data blk in edid
01-06 02:48:50.171     0     0 W         : [2 T536   ..] [RX]-no this data blk in edid
01-06 02:48:50.173     0     0 W         : [2 T536   ..] [RX]-no this data blk in edid
01-06 02:48:50.173     0     0 W         : [2 T536   ..] [RX]-no this data blk in edid
01-06 02:48:50.175     0     0 W         : [2 T536   ..] [RX]-no this data blk in edid
01-06 02:48:50.175     0     0 W         : [2 T536   ..] [RX]-no this data blk in edid
01-06 02:48:50.178     0     0 W         : [2 T536   ..] [RX]-hdmirx_hw_config port:3
01-06 02:48:50.178     0     0 W         : [2 T536   ..] [RX]-force_fsm_init
01-06 02:48:50.178     0     0 W         : [2 T536   ..] [RX]-*update edid*
01-06 02:48:50.329     0     0 I         : [1 T506   ..] avmute_store -1
01-06 02:48:50.857     0     0 I         : [0 T143   ..] free_reserved_mem 293 logo start_addr=3f800000, end=40000000
01-06 02:48:50.858     0     0 I [0 T143   ..] [memory-debug]: Freeing fb-memory memory: 8192K
01-06 02:48:50.859     0     0 I         : [0 T143   ..] [drm] am_meson_free_logo_memory, free none_cma memory: addr:0x0x000000003f800000,size:0x800000
01-06 02:48:53.680     0     0 E [2 T1     ..] init: Control message: Could not find 'aidl/device_state' for ctl.interface_start from pid: 316 (/system/bin/servicemanager)
01-06 02:48:53.958     0     0 E [4 T1     ..] init: Control message: Could not find 'aidl/package_native' for ctl.interface_start from pid: 316 (/system/bin/servicemanager)
01-06 02:48:54.681     0     0 E [5 T1     ..] init: Control message: Could not find 'aidl/device_state' for ctl.interface_start from pid: 316 (/system/bin/servicemanager)
01-06 02:48:54.960     0     0 E [5 T1     ..] init: Control message: Could not find 'aidl/package_native' for ctl.interface_start from pid: 316 (/system/bin/servicemanager)
01-06 02:48:55.340     0     0 I [6 T508   ..] [debug]: audio_utils_open
01-06 02:48:55.340     0     0 I [6 T508   ..] [debug]: audio_utils_release
01-06 02:48:55.351     0     0 I [0 T508   ..] [debug]: audio_utils_open
01-06 02:48:55.351     0     0 I [0 T508   ..] [debug]: audio_utils_ioctl SET_LIB_SIZE 5499312
01-06 02:48:55.351     0     0 I [0 T508   ..] [debug]: audio_utils_ioctl WRITE_LIB
01-06 02:48:55.354     0     0 I [0 T508   ..] [debug]: audio_utils_release
01-06 02:48:55.355     0     0 I [0 T508   ..] [debug]: audio_utils_open
01-06 02:48:55.358     0     0 I [0 T508   ..] [debug]: audio_utils_release
01-06 02:48:55.362     0     0 I         : [3 T508   ..] hdmitx21_ext_set_audio_output enable:0
01-06 02:48:55.391     0     0 E [5 T452   ..] apexd: Can't open /product/apex for reading : No such file or directory
01-06 02:48:55.391     0     0 E [5 T452   ..] apexd: Can't open /vendor/apex for reading : No such file or directory
01-06 02:48:55.513     0     0 I [5 T508   ..] [snd-soc]: update audio atmos flag! audio_type = 0
01-06 02:48:55.561     0     0 I [0 T573   ..] [snd-soc]: update audio atmos flag! audio_type = 0
01-06 02:48:55.601     0     0 I [3 T508   ..] [snd-soc]: dd+ drc mode : RF
01-06 02:48:55.601     0     0 I [3 T508   ..] [snd-soc]: dd+ drc high cut scale : 0%
01-06 02:48:55.601     0     0 I [3 T508   ..] [snd-soc]: dd+ drc low boost scale : 0%
01-06 02:48:55.601     0     0 I [3 T508   ..] [debug]: audio_utils_open
01-06 02:48:55.601     0     0 I [3 T508   ..] [debug]: audio_utils_release
01-06 02:48:55.603     0     0 I [3 T508   ..] [debug]: audio_utils_open
01-06 02:48:55.605     0     0 E [3 T508   ..] [secmon]: DBG=======> dolby_fw_ioctl 438 cmd:0x40 arg3=0
01-06 02:48:55.613     0     0 E [3 T508   ..] [secmon]: DBG=======> dolby_fw_ioctl 438 cmd:0x41 arg3=0
01-06 02:48:55.613     0     0 E [3 T508   ..] [secmon]: DBG=======> dolby_fw_verify_lib_resp 296 DOLBY_FW_VERIFY_LIB_RESP arg3=0
01-06 02:48:55.615     0     0 E [3 T508   ..] [secmon]: DBG=======> dolby_fw_ioctl 438 cmd:0x50 arg3=0
01-06 02:48:55.616     0     0 E [3 T508   ..] [secmon]: DBG=======> dolby_fw_ioctl 438 cmd:0x60 arg3=0
01-06 02:48:55.617     0     0 E [3 T508   ..] [secmon]: DBG=======> dolby_fw_critical_query 389 DOLBY_FW_CRITICAL_DATA_QUERY arg3=0
01-06 02:48:55.625     0     0 I [3 T508   ..] [snd-soc]: dd+ drc mode : RF
01-06 02:48:55.625     0     0 I [3 T508   ..] [snd-soc]: dd+ drc high cut scale : 0%
01-06 02:48:55.625     0     0 I [3 T508   ..] [snd-soc]: dd+ drc low boost scale : 0%
01-06 02:48:55.633     0     0 I [2 T1045  ..] audio_ddr_mngr: frddrs[0] registered by device fe330000.audiobus:tdm@1
01-06 02:48:55.633     0     0 I [2 T1045  ..] [snd-soc]: aml_audio_reset, reg 0xa, shift 9, use_vadtop 0
01-06 02:48:55.633     0     0 I [2 T1045  ..] [snd-soc]: aml_audio_reset, reg 0xa, shift 13, use_vadtop 0
01-06 02:48:55.633     0     0 D [2 T1045  ..] [snd-soc]: spdif_a fifo ctrl, frddr:0 type:1, 16 bits, chmask 0x3, swap 0x10
01-06 02:48:55.633     0     0 D [2 T1045  ..] iec_info: rate: 48000, codec_type:0x0, channel status L:0x2000100, R:0x2000100
01-06 02:48:55.633     0     0 I         : [2 T1045  ..] err chn msk, must larger than 0
01-06 02:48:55.633     0     0 I         : [2 T1045  ..] hdmitx_notify_callback_a[3794] aud_src_if is 0, aud_output_ch is 0x0, reset aud_output_ch as 0
01-06 02:48:55.633     0     0 D [2 T1045  ..] [snd-soc]: spdif_b fifo ctrl, frddr:0 type:1, 16 bits, chmask 0x3, swap 0x10
01-06 02:48:55.633     0     0 D [2 T1045  ..] iec_info: rate: 48000, codec_type:0x0, channel status L:0x2000100, R:0x2000100
01-06 02:48:55.648     0     0 I         : [2 T1045  ..] asoc-aml-card auge_sound: TDM[1] Playback enable
01-06 02:48:55.648     0     0 D [2 T1045  ..] [snd-soc]: spdif_a is set to enable
01-06 02:48:55.648     0     0 D [2 T1045  ..] [snd-soc]: spdif_b is set to enable
01-06 02:48:55.682     0     0 E [4 T1     ..] init: Control message: Could not find 'aidl/device_state' for ctl.interface_start from pid: 316 (/system/bin/servicemanager)
01-06 02:48:55.961     0     0 E [4 T1     ..] init: Control message: Could not find 'aidl/package_native' for ctl.interface_start from pid: 316 (/system/bin/servicemanager)
01-06 02:48:56.683     0     0 E [4 T1     ..] init: Control message: Could not find 'aidl/device_state' for ctl.interface_start from pid: 316 (/system/bin/servicemanager)
01-06 02:48:56.963     0     0 E [5 T1     ..] init: Control message: Could not find 'aidl/package_native' for ctl.interface_start from pid: 316 (/system/bin/servicemanager)
01-06 02:48:57.145     0     0 I [3 T452   ..] AidlLazyServiceRegistrar: Process has 1 (of 1 available) client(s) in use after notification apexservice has clients: 1
01-06 02:48:57.145     0     0 I [3 T452   ..] AidlLazyServiceRegistrar: Shutdown prevented by forcePersist override flag.
01-06 02:48:57.684     0     0 E [6 T1     ..] init: Control message: Could not find 'aidl/device_state' for ctl.interface_start from pid: 316 (/system/bin/servicemanager)
01-06 02:48:57.685     0     0 W [2 T517   ..] healthd: battery none chg=
01-06 02:48:57.938     0     0 E [6 T1     ..] init: Control message: Could not find 'aidl/clipboard' for ctl.interface_start from pid: 316 (/system/bin/servicemanager)
01-06 02:48:58.765     0     0 I         : [5 T974   ..] read descriptors
01-06 02:48:58.765     0     0 I         : [5 T974   ..] read strings
01-06 02:48:58.765     0     0 I         : [5 T974   ..] read descriptors
01-06 02:48:58.765     0     0 I         : [5 T974   ..] read strings
01-06 02:48:58.884     0     0 I [3 T524   ..] cec: CEC framework ctrl enabled
01-06 02:48:58.940     0     0 E [7 T1     ..] init: Control message: Could not find 'aidl/clipboard' for ctl.interface_start from pid: 316 (/system/bin/servicemanager)
01-06 02:48:59.287     0     0 I         : [4 T498   ..] Airoha AN8801R 0.0:07: Disable CLKOUT !
01-06 02:48:59.292     0     0 I         : [3 T498   ..] Airoha AN8801R 0.0:07: Rxdelay align
01-06 02:48:59.296     0     0 I         : [4 T498   ..] Airoha AN8801R 0.0:07: Force rxdelay = 0(0x1000010)
01-06 02:48:59.299     0     0 I         : [4 T498   ..] Airoha AN8801R 0.0:07: Force txdelay = 4(0x1000004)
01-06 02:48:59.330     0     0 I         : [6 T498   ..] Airoha AN8801R 0.0:07: LED initialize OK !
01-06 02:48:59.330     0     0 I         : [6 T498   ..] Airoha AN8801R 0.0:07: Initialize OK ! (1.0.8)
01-06 02:48:59.330     0     0 I         : [6 T498   ..] meson8b-dwmac fdc00000.ethernet eth0: PHY [0.0:07] driver [Airoha AN8801R] (irq=POLL)
01-06 02:48:59.335     0     0 I [5 T528   ..] NET: Registered PF_QIPCRTR protocol family
01-06 02:48:59.335     0     0 E [5 T528   ..] cnss: PCI device not probed yet
01-06 02:48:59.336     0     0 W         : [5 T528   ..] Failed to set up IOMMU for device 0000:01:00.0; retaining platform DMA ops
01-06 02:48:59.336     0     0 D [5 T528   ..] cnss: PCI is probing, vendor ID: 0x17cb, device ID: 0x1107
01-06 02:48:59.336     0     0 E [5 T528   ..] cnss: Failed to init reserved mem device, err = -22
01-06 02:48:59.336     0     0 D [5 T528   ..] cnss: Ramdump size 0x780000
01-06 02:48:59.336     0     0 I         : [5 T528   ..] cnss_pci 0000:01:00.0: BAR 0: assigned [mem 0xf5800000-0xf59fffff 64bit]
01-06 02:48:59.336     0     0 I         : [5 T528   ..] cnss_pci 0000:01:00.0: enabling device (0000 -> 0002)
01-06 02:48:59.336     0     0 D [5 T528   ..] cnss: Set PCI DMA MASK (0xfffffffff)
01-06 02:48:59.337     0     0 I         : [3 T498   ..] meson8b-dwmac fdc00000.ethernet eth0: Register MEM_TYPE_PAGE_POOL RxQ-0
01-06 02:48:59.339     0     0 D [6 T528   ..] cnss: request MSI one vector
01-06 02:48:59.339     0     0 D [6 T528   ..] cnss: MSI base data is 1
01-06 02:48:59.339     0     0 D [6 T528   ..] cnss: BAR starts at 0x00000000f5800000, length is 200000
01-06 02:48:59.339     0     0 D [6 T528   ..] cnss: Assign MSI to user: MHI, num_vectors: 1, user_base_data: 1, base_vector: 0
01-06 02:48:59.339     0     0 D [6 T528   ..] cnss: Number of assigned MSI for MHI is 3, base vector is 0
01-06 02:48:59.339     0     0 D [6 T528   ..] cnss: Get IRQ number 101 for vector index 0
01-06 02:48:59.339     0     0 D [6 T528   ..] cnss: Get IRQ number 101 for vector index 0
01-06 02:48:59.339     0     0 D [6 T528   ..] cnss: Get IRQ number 101 for vector index 0
01-06 02:48:59.340     0     0 D [6 T528   ..] cnss: Get device version info, family number: 0x4, device number: 0x17, major version: 0x2, minor version: 0x0
01-06 02:48:59.340     0     0 D [6 T528   ..] cnss: FW name is amss20.bin, FW fallback name is amss20.bin
01-06 02:48:59.340     0     0 D [6 T528   ..] cnss: Get PCI link status register: 4114
01-06 02:48:59.340     0     0 D [6 T528   ..] cnss: Default PCI link speed is 0x2, link width is 0x1
01-06 02:48:59.340     0     0 D [6 T528   ..] cnss: pci link_ctl 0x0040
01-06 02:48:59.340     0     0 I [6 T528   ..] cnss: Platform driver probed successfully.
01-06 02:48:59.340     0     0 I [6 T528   ..] cnss_prealloc: created mempool cnss-pool-8k of min size 22 * 8192
01-06 02:48:59.340     0     0 I [6 T528   ..] cnss_prealloc: created mempool cnss-pool-16k of min size 16 * 16384
01-06 02:48:59.341     0     0 I [6 T528   ..] cnss_prealloc: created mempool cnss-pool-32k of min size 6 * 32768
01-06 02:48:59.341     0     0 I [6 T528   ..] cnss_prealloc: created mempool cnss-pool-64k of min size 8 * 65536
01-06 02:48:59.341     0     0 I [6 T528   ..] cnss_prealloc: created mempool cnss-pool-128k of min size 2 * 131072
01-06 02:48:59.345     0     0 I         : [7 T498   ..] meson8b-dwmac fdc00000.ethernet eth0: No Safety Features support found
01-06 02:48:59.345     0     0 I         : [7 T498   ..] meson8b-dwmac fdc00000.ethernet eth0: IEEE 1588-2008 Advanced Timestamp supported
01-06 02:48:59.346     0     0 I         : [5 T498   ..] meson8b-dwmac fdc00000.ethernet eth0: registered PTP clock
01-06 02:48:59.347     0     0 I         : [5 T498   ..] meson8b-dwmac fdc00000.ethernet eth0: configuring for phy/rgmii-id link mode
01-06 02:48:59.632     0     0 E [1 T528   ..] wlan: Loading driver v5.2.1.62C.010 +TIMER_MANAGER +MEMORY_DEBUG +PANIC_ON_BUG
01-06 02:48:59.638     0     0 D [0 T528   ..] cnss: Posting event: REGISTER_DRIVER(7)-sync, state: 0x400000 flags: 0x5
01-06 02:48:59.638     0     0 D [5 T650   ..] cnss: Processing driver event: REGISTER_DRIVER-sync(7), state: 0x400000
01-06 02:48:59.638     0     0 D [5 T650   ..] cnss: Get device version info, family number: 0x4, device number: 0x17, major version: 0x2, minor version: 0x0
01-06 02:48:59.638     0     0 D [5 T650   ..] cnss: FW name is amss20.bin, FW fallback name is amss20.bin
01-06 02:48:59.638     0     0 D [5 T650   ..] cnss: New driver mode is 0
01-06 02:48:59.638     0     0 I [5 T650   ..] cnss: PCI link is already resumed
01-06 02:48:59.658     0     0 E [5 T650   ..] cnss: mhi_reg_write_remap ioaddr 000000002dc533ef iooffset 33030940 val 62
01-06 02:48:59.658     0     0 E [5 T650   ..] cnss: mhi_reg_write_remap ioaddr 000000002dc533ef iooffset 864 val 0
01-06 02:48:59.659     0     0 E [5 T650   ..] cnss: mhi_reg_write_remap ioaddr 000000002dc533ef iooffset 872 val 0
01-06 02:48:59.660     0     0 E [5 T650   ..] cnss: mhi_reg_write_remap ioaddr 000000002dc533ef iooffset 916 val 0
01-06 02:48:59.661     0     0 E [5 T650   ..] cnss: mhi_reg_write_remap ioaddr 000000002dc533ef iooffset 924 val 0
01-06 02:48:59.662     0     0 E [5 T650   ..] cnss: mhi_reg_write_remap ioaddr 000000002dc533ef iooffset 12296 val 5
01-06 02:48:59.681     0     0 E [5 T650   ..] cnss: mhi_reg_write_remap ioaddr 000000002dc533ef iooffset 12296 val 4
01-06 02:48:59.701     0     0 E [5 T650   ..] cnss: MHISTATUS 0xff04
01-06 02:48:59.702     0     0 E [5 T650   ..] cnss: mhi_reg_write_remap ioaddr 000000002dc533ef iooffset 56 val 2
01-06 02:48:59.741     0     0 E [6 T650   ..] cnss: mhi_reg_write_remap ioaddr 000000002dc533ef iooffset 33031428 val 0
01-06 02:48:59.762     0     0 I [6 T650   ..] cnss: HW Revision(JTAGID): 0x101a70e1
01-06 02:48:59.762     0     0 D [6 T650   ..] cnss: Setting MHI state: INIT(0)
01-06 02:48:59.846     0     0 D [5 T650   ..] cnss: Setting MHI state: POWER_ON(2)
01-06 02:48:59.846     0     0 I         : [5 T650   ..] mhi mhi0: Requested to power ON
01-06 02:48:59.847     0     0 I         : [5 T650   ..] mhi mhi0: Power on setup success
01-06 02:49:00.000     0     0 I         : [7 T386   ..] mhi mhi0: Wait for device to enter SBL or Mission mode
--------- beginning of system
01-06 02:49:00.371   944   944 D SystemServerTiming: OnBootPhase_550_com.android.server.stats.bootstrap.StatsBootstrapAtomService$Lifecycle
01-06 02:49:00.371   944   944 V SystemServerTiming: OnBootPhase_550_com.android.server.stats.bootstrap.StatsBootstrapAtomService$Lifecycle took to complete: 0ms
01-06 02:49:00.371   944   944 D SystemServerTiming: OnBootPhase_550_com.android.server.incident.IncidentCompanionService
01-06 02:49:00.371   944   944 V SystemServerTiming: OnBootPhase_550_com.android.server.incident.IncidentCompanionService took to complete: 0ms
01-06 02:49:00.371   944   944 D SystemServerTiming: OnBootPhase_550_com.android.server.sdksandbox.SdkSandboxManagerService$Lifecycle
01-06 02:49:00.371   944   944 V SystemServerTiming: OnBootPhase_550_com.android.server.sdksandbox.SdkSandboxManagerService$Lifecycle took to complete: 0ms
01-06 02:49:00.371   944   944 D SystemServerTiming: OnBootPhase_550_com.android.server.adservices.AdServicesManagerService$Lifecycle
01-06 02:49:00.372   944   944 V SystemServerTiming: OnBootPhase_550_com.android.server.adservices.AdServicesManagerService$Lifecycle took to complete: 0ms
01-06 02:49:00.372   944   944 D SystemServerTiming: OnBootPhase_550_com.android.server.autofill.AutofillManagerService
01-06 02:49:00.372   944   944 V SystemServerTiming: OnBootPhase_550_com.android.server.autofill.AutofillManagerService took to complete: 0ms
01-06 02:49:00.372   944   944 D SystemServerTiming: OnBootPhase_550_com.android.server.clipboard.ClipboardService
01-06 02:49:00.372   944   944 V SystemServerTiming: OnBootPhase_550_com.android.server.clipboard.ClipboardService took to complete: 0ms
01-06 02:49:00.372   944   944 D SystemServerTiming: OnBootPhase_550_com.android.server.appbinding.AppBindingService$Lifecycle
01-06 02:49:00.372   944   944 I AppBindingService: Updating constants with: null
01-06 02:49:00.373   944   944 V SystemServerTiming: OnBootPhase_550_com.android.server.appbinding.AppBindingService$Lifecycle took to complete: 0ms
01-06 02:49:00.373   944   944 D SystemServerTiming: OnBootPhase_550_com.android.server.tracing.TracingServiceProxy
01-06 02:49:00.373   944   944 V SystemServerTiming: OnBootPhase_550_com.android.server.tracing.TracingServiceProxy took to complete: 0ms
01-06 02:49:00.373   944   944 D SystemServerTiming: OnBootPhase_550_com.android.server.policy.PermissionPolicyService
01-06 02:49:00.373   944   944 D SystemServerTiming: Permission_grant_default_permissions-0
01-06 02:49:00.373   944   944 V SystemServerTiming: Permission_grant_default_permissions-0 took to complete: 0ms
01-06 02:49:00.373   944   944 D SystemServerTiming: Permission_synchronize_permissions-0
01-06 02:49:00.373   944   944 D SystemServerTiming: Permission_synchronize_addPackages-0
01-06 02:49:00.374   944  1177 D AudioService: updateHdmiAudioSystemClient false
01-06 02:49:00.375   944  1177 D AudioService: setHdmiSystemAudioSupported false
01-06 02:49:00.379   944  1177 D AudioService: No vibrator found
01-06 02:49:00.392     0     0 D [6 T383   ..] cnss: MHI status cb is called with reason MISSION_MODE(5)
01-06 02:49:00.392     0     0 D [0 T650   ..] cnss: MSI base data is 1
01-06 02:49:00.392     0     0 D [0 T528   ..] cnss: Completed event: REGISTER_DRIVER(7), state: 0x400010, ret: 0/0
01-06 02:49:00.395   944   944 V SystemServerTiming: Permission_synchronize_addPackages-0 took to complete: 21ms
01-06 02:49:00.395   944   944 D SystemServerTiming: Permission_syncPackages-0
01-06 02:49:00.399   528   528 E android.hardware.wifi@1.0-service.droidlogic: check loading wifi driver is ok...
01-06 02:49:00.404   944   944 V SystemServerTiming: Permission_syncPackages-0 took to complete: 9ms
01-06 02:49:00.404   944   944 V SystemServerTiming: Permission_synchronize_permissions-0 took to complete: 31ms
01-06 02:49:00.404   944   944 D SystemServerTiming: Permission_onInitialized-0
01-06 02:49:00.404   944   944 I PackageManager: Permission ownership changed. Updating all permissions.
01-06 02:49:00.407     0     0 D [6 T650   ..] cnss: WLFW server arriving: node 7 port 1
01-06 02:49:00.407     0     0 D [6 T650   ..] cnss: Posting event: SERVER_ARRIVE(0), state: 0x400010 flags: 0x0
01-06 02:49:00.407     0     0 D [6 T650   ..] cnss: Processing driver event: SERVER_ARRIVE(0), state: 0x400010
01-06 02:49:00.407     0     0 I [6 T650   ..] cnss: QMI WLFW service connected, state: 0x400011
01-06 02:49:00.407     0     0 D [6 T650   ..] cnss: Sending indication register message, state: 0x400011
01-06 02:49:00.408     0     0 D [6 T650   ..] cnss: Sending host capability message, state: 0x400011
01-06 02:49:00.408     0     0 D [6 T650   ..] cnss: Number of clients is 1
01-06 02:49:00.408     0     0 D [6 T650   ..] cnss: Assign MSI to user: WAKE, num_vectors: 1, user_base_data: 1, base_vector: 0
01-06 02:49:00.408     0     0 D [6 T650   ..] cnss: WAKE MSI base data is 1
01-06 02:49:00.408     0     0 D [6 T650   ..] cnss: Calibration done is 0
01-06 02:49:00.408     0     0 D [6 T650   ..] cnss: Sending feature list 0x0
01-06 02:49:00.409     0     0 D [4 T650   ..] cnss: Received QMI WLFW request memory indication
01-06 02:49:00.409     0     0 D [4 T650   ..] cnss: FW requests for memory, size: 0x6b0000, type: 1
01-06 02:49:00.409     0     0 D [4 T650   ..] cnss: FW requests for memory, size: 0x810000, type: 4
01-06 02:49:00.409     0     0 D [4 T650   ..] cnss: FW requests for memory, size: 0x10000, type: 10
01-06 02:49:00.409     0     0 D [4 T650   ..] cnss: Posting event: REQUEST_MEM(2), state: 0x400011 flags: 0x0
01-06 02:49:00.409     0     0 D [4 T650   ..] cnss: Processing driver event: REQUEST_MEM(2), state: 0x400011
01-06 02:49:00.421     0     0 E [6 T650   ..] cnss: remote mem vaddr=0x00000000e7fa9696 size=6b0000
01-06 02:49:00.431   944  1100 D CompatibilityChangeReporter: Compat change id reported: 168419799; UID 10070; state: DISABLED
01-06 02:49:00.439     0     0 D [4 T650   ..] cnss: Sending respond memory message, state: 0x400011
01-06 02:49:00.439     0     0 D [4 T650   ..] cnss: Memory for FW, va: 0x0000000000000000, pa: 0x00000000dcf00000, size: 0x6b0000, type: 1
01-06 02:49:00.439     0     0 D [4 T650   ..] cnss: Memory for FW, va: 0x0000000000000000, pa: 0x00000000dd600000, size: 0x810000, type: 4
01-06 02:49:00.439     0     0 D [4 T650   ..] cnss: Memory for FW, va: 0x0000000000000000, pa: 0x00000000dc090000, size: 0x10000, type: 10
01-06 02:49:00.442   944   944 W PackageManager: Package android.ext.services is an APK in APEX, but has permission allowlist on the system image. Please bundle the allowlist in the com.android.extservices APEX instead.
01-06 02:49:00.442   944   944 W PackageManager: Package android.ext.services is an APK in APEX, but has permission allowlist on the system image. Please bundle the allowlist in the com.android.extservices APEX instead.
01-06 02:49:00.442     0     0 D [5 T446   ..] cnss: Received QMI WLFW FW memory ready indication
01-06 02:49:00.442     0     0 D [5 T446   ..] cnss: Posting event: FW_MEM_READY(3), state: 0x400011 flags: 0x0
01-06 02:49:00.443     0     0 D [2 T650   ..] cnss: Processing driver event: FW_MEM_READY(3), state: 0x400011
01-06 02:49:00.443     0     0 D [2 T650   ..] cnss: Sending target capability message, state: 0x400013
01-06 02:49:00.445     0     0 D [4 T650   ..] cnss: Device frequency is 19200000 HZ
01-06 02:49:00.445     0     0 D [4 T650   ..] cnss: Device memory info[0]: start = 0x113000, size = 0x5000
01-06 02:49:00.445     0     0 D [4 T650   ..] cnss: Device memory info[1]: start = 0x0, size = 0x0
01-06 02:49:00.445     0     0 D [4 T650   ..] cnss: Device memory info[2]: start = 0x0, size = 0x0
01-06 02:49:00.445     0     0 D [4 T650   ..] cnss: Device memory info[3]: start = 0x0, size = 0x0
01-06 02:49:00.445     0     0 D [4 T650   ..] cnss: Target capability: chip_id: 0x2, chip_family: 0x4, board_id: 0xff, soc_id: 0x40170200, otp_version: 0x0
01-06 02:49:00.445     0     0 D [4 T650   ..] cnss: fw_version: 0x110effff, fw_build_timestamp: 2024-05-29 09:21, fw_build_id: QC_IMAGE_VERSION_STRING=WLAN.HMT.1.1-02730-QCAHMTSWPL_V1.0_V2.0_SILICONZ-1.69999.4
01-06 02:49:00.445     0     0 D [4 T650   ..] cnss: Sending BDF download message, state: 0x400013, type: 4
01-06 02:49:00.442   944   944 W PackageManager: Package android.ext.services is an APK in APEX, but has permission allowlist on the system image. Please bundle the allowlist in the com.android.extservices APEX instead.
01-06 02:49:00.442   944   944 W PackageManager: Package android.ext.services is an APK in APEX, but has permission allowlist on the system image. Please bundle the allowlist in the com.android.extservices APEX instead.
01-06 02:49:00.447     0     0 D [0 T650   ..] cnss: Downloading BDF: regdb.bin, size: 24278
01-06 02:49:00.452     0     0 D [2 T650   ..] cnss: Sending BDF download message, state: 0x400013, type: 1
01-06 02:49:00.454     0     0 D [2 T650   ..] cnss: Downloading BDF: bdwlan.elf, size: 88728
01-06 02:49:00.467   944   944 W PackageManager: Package com.android.providers.media.module is an APK in APEX, but has permission allowlist on the system image. Please bundle the allowlist in the com.android.mediaprovider APEX instead.
01-06 02:49:00.467   944   944 W PackageManager: Package com.android.providers.media.module is an APK in APEX, but has permission allowlist on the system image. Please bundle the allowlist in the com.android.mediaprovider APEX instead.
01-06 02:49:00.468   944   944 W PackageManager: Package com.android.providers.media.module is an APK in APEX, but has permission allowlist on the system image. Please bundle the allowlist in the com.android.mediaprovider APEX instead.
01-06 02:49:00.468   944   944 W PackageManager: Package com.android.providers.media.module is an APK in APEX, but has permission allowlist on the system image. Please bundle the allowlist in the com.android.mediaprovider APEX instead.
01-06 02:49:00.468   944   944 W PackageManager: Package com.android.providers.media.module is an APK in APEX, but has permission allowlist on the system image. Please bundle the allowlist in the com.android.mediaprovider APEX instead.
01-06 02:49:00.468   944   944 W PackageManager: Package com.android.providers.media.module is an APK in APEX, but has permission allowlist on the system image. Please bundle the allowlist in the com.android.mediaprovider APEX instead.
01-06 02:49:00.468   944   944 W PackageManager: Package com.android.providers.media.module is an APK in APEX, but has permission allowlist on the system image. Please bundle the allowlist in the com.android.mediaprovider APEX instead.
01-06 02:49:00.468   944   944 W PackageManager: Package com.android.providers.media.module is an APK in APEX, but has permission allowlist on the system image. Please bundle the allowlist in the com.android.mediaprovider APEX instead.
01-06 02:49:00.468   944   944 W PackageManager: Package com.android.providers.media.module is an APK in APEX, but has permission allowlist on the system image. Please bundle the allowlist in the com.android.mediaprovider APEX instead.
01-06 02:49:00.469   944   944 W PackageManager: Package com.android.providers.media.module is an APK in APEX, but has permission allowlist on the system image. Please bundle the allowlist in the com.android.mediaprovider APEX instead.
01-06 02:49:00.469   944   944 W PackageManager: Package com.android.providers.media.module is an APK in APEX, but has permission allowlist on the system image. Please bundle the allowlist in the com.android.mediaprovider APEX instead.
01-06 02:49:00.469   944   944 W PackageManager: Package com.android.providers.media.module is an APK in APEX, but has permission allowlist on the system image. Please bundle the allowlist in the com.android.mediaprovider APEX instead.
01-06 02:49:00.469   944   944 W PackageManager: Package com.android.providers.media.module is an APK in APEX, but has permission allowlist on the system image. Please bundle the allowlist in the com.android.mediaprovider APEX instead.
01-06 02:49:00.469     0     0 I [4 T650   ..] cnss: Host BDF config: HW_XPA: 1 CalDB: 0
01-06 02:49:00.476     0     0 D [4 T650   ..] cnss: Sending M3 information message, state: 0x400013
01-06 02:49:00.476     0     0 D [4 T650   ..] cnss: M3 memory, va: 0x0000000000000000, pa: 0x00000000dde80000, size: 0x4928c
01-06 02:49:00.477     0     0 D [0 T650   ..] cnss: Sending QDSS config download message, state: 0x400013
01-06 02:49:00.478     0     0 D [7 T650   ..] cnss: Downloading QDSS: qdss_trace_config_v2.cfg, size: 4911
01-06 02:49:00.483     0     0 D [3 T650   ..] cnss: Received QMI WLFW FW initialization done indication
01-06 02:49:00.483     0     0 D [3 T650   ..] cnss: Posting event: FW_READY(4), state: 0x400013 flags: 0x0
01-06 02:49:00.483     0     0 D [3 T650   ..] cnss: Processing driver event: FW_READY(4), state: 0x400013
01-06 02:49:00.483     0     0 D [3 T650   ..] cnss: Processing FW Init Done..
01-06 02:49:00.483     0     0 D [3 T650   ..] cnss: PCIE Gen speed not setup
01-06 02:49:00.483     0     0 E [3 T650   ..] cnss: DMS QMI connection not established
01-06 02:49:00.485   944   944 V SystemServerTiming: Permission_onInitialized-0 took to complete: 81ms
01-06 02:49:00.485   944   944 W SystemServiceManager: Service com.android.server.policy.PermissionPolicyService took 112 ms in onBootPhase
01-06 02:49:00.485   944   944 V SystemServerTiming: OnBootPhase_550_com.android.server.policy.PermissionPolicyService took to complete: 112ms
01-06 02:49:00.485   944   944 D SystemServerTiming: OnBootPhase_550_com.android.server.pm.StagingManager$Lifecycle
01-06 02:49:00.485   944   944 V SystemServerTiming: OnBootPhase_550_com.android.server.pm.StagingManager$Lifecycle took to complete: 0ms
01-06 02:49:00.485   944   944 D SystemServerTiming: OnBootPhase_550_com.android.server.app.GameManagerService$Lifecycle
01-06 02:49:00.485   944   944 V SystemServerTiming: OnBootPhase_550_com.android.server.app.GameManagerService$Lifecycle took to complete: 0ms
01-06 02:49:00.485   944   944 D SystemServerTiming: OnBootPhase_550_com.android.safetycenter.SafetyCenterService
01-06 02:49:00.485   944   944 V SystemServerTiming: OnBootPhase_550_com.android.safetycenter.SafetyCenterService took to complete: 0ms
01-06 02:49:00.485   944   944 D SystemServerTiming: OnBootPhase_550_com.android.server.appsearch.AppSearchModule$Lifecycle
01-06 02:49:00.485   944   944 V SystemServerTiming: OnBootPhase_550_com.android.server.appsearch.AppSearchModule$Lifecycle took to complete: 0ms
01-06 02:49:00.485   944   944 D SystemServerTiming: OnBootPhase_550_com.android.server.media.MediaCommunicationService
01-06 02:49:00.485   944   944 V SystemServerTiming: OnBootPhase_550_com.android.server.media.MediaCommunicationService took to complete: 0ms
01-06 02:49:00.485   944   944 D SystemServerTiming: OnBootPhase_550_com.android.server.compat.overrides.AppCompatOverridesService$Lifecycle
01-06 02:49:00.485   944   944 V SystemServerTiming: OnBootPhase_550_com.android.server.compat.overrides.AppCompatOverridesService$Lifecycle took to complete: 0ms
01-06 02:49:00.485   944   944 V SystemServerTiming: OnBootPhase_550 took to complete: 221ms
01-06 02:49:00.485   944   944 V SystemServerTiming: StartActivityManagerReadyPhase took to complete: 221ms
01-06 02:49:00.485   944   944 D SystemServerTiming: StartObservingNativeCrashes
01-06 02:49:00.486   944   944 V SystemServerTiming: StartObservingNativeCrashes took to complete: 0ms
01-06 02:49:00.486   944   944 D SystemServerTiming: RegisterAppOpsPolicy
01-06 02:49:00.510   944   944 V SystemServerTiming: RegisterAppOpsPolicy took to complete: 24ms
01-06 02:49:00.510   944   944 D SystemServerTiming: MakeNetworkManagementServiceReady
01-06 02:49:00.511   944  1064 D SystemServerTimingAsync: InitThreadPoolExec:WebViewFactoryPreparation
01-06 02:49:00.511   944  1064 D SystemServerInitThreadPool: Started executing WebViewFactoryPreparation
01-06 02:49:00.511   944  1064 I SystemServer: WebViewFactoryPreparation
01-06 02:49:00.511   944  1064 D SystemServerTimingAsync: WebViewFactoryPreparation
01-06 02:49:00.516   944  1064 E AppOps  : Bad call made by uid 1000. Package "android" does not belong to uid 1037.
01-06 02:49:00.517   944   944 V SystemServerTiming: MakeNetworkManagementServiceReady took to complete: 7ms
01-06 02:49:00.517   944   944 D SystemServerTiming: MakeConnectivityServiceReady
01-06 02:49:00.524   944  1064 E AppOps  : checkOperation
01-06 02:49:00.524   944  1064 E AppOps  : java.lang.SecurityException: Specified package "android" under uid 1037 but it is not
01-06 02:49:00.524   944  1064 E AppOps  : 	at com.android.server.appop.AppOpsService.verifyAndGetBypass(AppOpsService.java:4700)
01-06 02:49:00.524   944  1064 E AppOps  : 	at com.android.server.appop.AppOpsService.verifyAndGetBypass(AppOpsService.java:4568)
01-06 02:49:00.524   944  1064 E AppOps  : 	at com.android.server.appop.AppOpsService.checkOperationUnchecked(AppOpsService.java:3253)
01-06 02:49:00.524   944  1064 E AppOps  : 	at com.android.server.appop.AppOpsService.checkOperationImpl(AppOpsService.java:3236)
01-06 02:49:00.524   944  1064 E AppOps  : 	at com.android.server.appop.AppOpsService.-$$Nest$mcheckOperationImpl(Unknown Source:0)
01-06 02:49:00.524   944  1064 E AppOps  : 	at com.android.server.appop.AppOpsService$CheckOpsDelegateDispatcher.lambda$checkOperation$0(AppOpsService.java:7630)
01-06 02:49:00.524   944  1064 E AppOps  : 	at com.android.server.appop.AppOpsService$CheckOpsDelegateDispatcher.$r8$lambda$KrwrxMLmGzFSEjEyo0aJ63o5J9E(Unknown Source:0)
01-06 02:49:00.524   944  1064 E AppOps  : 	at com.android.server.appop.AppOpsService$CheckOpsDelegateDispatcher$$ExternalSyntheticLambda9.apply(Unknown Source:24)
01-06 02:49:00.524   944  1064 E AppOps  : 	at com.android.server.policy.AppOpsPolicy.checkOperation(AppOpsPolicy.java:211)
01-06 02:49:00.524   944  1064 E AppOps  : 	at com.android.server.appop.AppOpsService$CheckOpsDelegateDispatcher.checkOperation(AppOpsService.java:7629)
01-06 02:49:00.524   944  1064 E AppOps  : 	at com.android.server.appop.AppOpsService.checkOperation(AppOpsService.java:3223)
01-06 02:49:00.524   944  1064 E AppOps  : 	at com.android.server.StorageManagerService$StorageManagerInternalImpl.hasExternalStorageAccess(StorageManagerService.java:4835)
01-06 02:49:00.524   944  1064 E AppOps  : 	at com.android.server.am.ProcessList.startProcessLocked(ProcessList.java:1690)
01-06 02:49:00.524   944  1064 E AppOps  : 	at com.android.server.am.ProcessList.startProcessLocked(ProcessList.java:2368)
01-06 02:49:00.524   944  1064 E AppOps  : 	at com.android.server.am.ProcessList.startProcessLocked(ProcessList.java:2508)
