01-07 01:21:11.651   935  1059 D SystemServerInitThreadPool: Finished executing Update app-ops uidState in case package com.sonos.tv.launcher changed
01-07 01:21:11.651   935  1059 V SystemServerTimingAsync: InitThreadPoolExec:Update app-ops uidState in case package com.sonos.tv.launcher changed took to complete: 0ms
01-07 01:21:11.651   935  1059 D SystemServerTimingAsync: InitThreadPoolExec:Update app-ops uidState in case package com.brdgwtr.publisherservice changed
01-07 01:21:11.651   935  1059 D SystemServerInitThreadPool: Started executing Update app-ops uidState in case package com.brdgwtr.publisherservice changed
01-07 01:21:11.651   935  1059 D SystemServerInitThreadPool: Finished executing Update app-ops uidState in case package com.brdgwtr.publisherservice changed
01-07 01:21:11.651   935  1059 V SystemServerTimingAsync: InitThreadPoolExec:Update app-ops uidState in case package com.brdgwtr.publisherservice changed took to complete: 0ms
01-07 01:21:11.651   935  1059 D SystemServerTimingAsync: InitThreadPoolExec:Update app-ops uidState in case package com.brdgwtr.CentralMessageService changed
01-07 01:21:11.651   935  1059 D SystemServerInitThreadPool: Started executing Update app-ops uidState in case package com.brdgwtr.CentralMessageService changed
01-07 01:21:11.651   935  1059 D SystemServerInitThreadPool: Finished executing Update app-ops uidState in case package com.brdgwtr.CentralMessageService changed
01-07 01:21:11.651   935  1059 V SystemServerTimingAsync: InitThreadPoolExec:Update app-ops uidState in case package com.brdgwtr.CentralMessageService changed took to complete: 0ms
01-07 01:21:11.651   935  1059 D SystemServerTimingAsync: InitThreadPoolExec:Update app-ops uidState in case package com.netflix.ninja changed
01-07 01:21:11.651   935  1059 D SystemServerInitThreadPool: Started executing Update app-ops uidState in case package com.netflix.ninja changed
01-07 01:21:11.651   935  1059 D SystemServerInitThreadPool: Finished executing Update app-ops uidState in case package com.netflix.ninja changed
01-07 01:21:11.652   935  1059 V SystemServerTimingAsync: InitThreadPoolExec:Update app-ops uidState in case package com.netflix.ninja changed took to complete: 1ms
01-07 01:21:11.652   935  1059 D SystemServerTimingAsync: InitThreadPoolExec:Update app-ops uidState in case package com.brdgwtr.dms changed
01-07 01:21:11.652   935  1059 D SystemServerInitThreadPool: Started executing Update app-ops uidState in case package com.brdgwtr.dms changed
01-07 01:21:11.652   935  1114 V SystemServerTimingAsync: InitThreadPoolExec:Update app-ops uidState in case package com.sonos.connectivity changed took to complete: 0ms
01-07 01:21:11.652   935  1114 D SystemServerTimingAsync: InitThreadPoolExec:Update app-ops uidState in case package com.brdgwtr.metrics.service changed
01-07 01:21:11.652   935  1114 D SystemServerInitThreadPool: Started executing Update app-ops uidState in case package com.brdgwtr.metrics.service changed
01-07 01:21:11.652   935  1114 D SystemServerInitThreadPool: Finished executing Update app-ops uidState in case package com.brdgwtr.metrics.service changed
01-07 01:21:11.652   935  1114 V SystemServerTimingAsync: InitThreadPoolExec:Update app-ops uidState in case package com.brdgwtr.metrics.service changed took to complete: 0ms
01-07 01:21:11.652   935  1114 D SystemServerTimingAsync: InitThreadPoolExec:Update app-ops uidState in case package com.brdgwtr.mediasession changed
01-07 01:21:11.652   935  1114 D SystemServerInitThreadPool: Started executing Update app-ops uidState in case package com.brdgwtr.mediasession changed
01-07 01:21:11.652   935  1114 D SystemServerInitThreadPool: Finished executing Update app-ops uidState in case package com.brdgwtr.mediasession changed
01-07 01:21:11.652   935  1114 V SystemServerTimingAsync: InitThreadPoolExec:Update app-ops uidState in case package com.brdgwtr.mediasession changed took to complete: 0ms
01-07 01:21:11.652   935  1114 D SystemServerTimingAsync: InitThreadPoolExec:Update app-ops uidState in case package com.android.providers.tv changed
01-07 01:21:11.652   935  1114 D SystemServerInitThreadPool: Started executing Update app-ops uidState in case package com.android.providers.tv changed
01-07 01:21:11.653   935  1114 D SystemServerInitThreadPool: Finished executing Update app-ops uidState in case package com.android.providers.tv changed
01-07 01:21:11.653   935  1114 V SystemServerTimingAsync: InitThreadPoolExec:Update app-ops uidState in case package com.android.providers.tv changed took to complete: 1ms
01-07 01:21:11.653   935  1114 D SystemServerTimingAsync: InitThreadPoolExec:Update app-ops uidState in case package com.android.providers.calendar changed
01-07 01:21:11.653   935  1114 D SystemServerInitThreadPool: Started executing Update app-ops uidState in case package com.android.providers.calendar changed
01-07 01:21:11.653   935  1114 D SystemServerInitThreadPool: Finished executing Update app-ops uidState in case package com.android.providers.calendar changed
01-07 01:21:11.653   935  1114 V SystemServerTimingAsync: InitThreadPoolExec:Update app-ops uidState in case package com.android.providers.calendar changed took to complete: 0ms
01-07 01:21:11.653   935  1114 D SystemServerTimingAsync: InitThreadPoolExec:Update app-ops uidState in case package com.android.providers.contacts changed
01-07 01:21:11.653   935  1114 D SystemServerInitThreadPool: Started executing Update app-ops uidState in case package com.android.providers.contacts changed
01-07 01:21:11.653   935  1114 D SystemServerInitThreadPool: Finished executing Update app-ops uidState in case package com.android.providers.contacts changed
01-07 01:21:11.653   935  1114 V SystemServerTimingAsync: InitThreadPoolExec:Update app-ops uidState in case package com.android.providers.contacts changed took to complete: 0ms
01-07 01:21:11.653   935  1114 D SystemServerTimingAsync: InitThreadPoolExec:Update app-ops uidState in case package com.sonos.tv.ble.remote changed
01-07 01:21:11.653   935  1114 D SystemServerInitThreadPool: Started executing Update app-ops uidState in case package com.sonos.tv.ble.remote changed
01-07 01:21:11.653   935  1114 D SystemServerInitThreadPool: Finished executing Update app-ops uidState in case package com.sonos.tv.ble.remote changed
01-07 01:21:11.653   935  1114 V SystemServerTimingAsync: InitThreadPoolExec:Update app-ops uidState in case package com.sonos.tv.ble.remote changed took to complete: 0ms
01-07 01:21:11.653   935  1114 D SystemServerTimingAsync: InitThreadPoolExec:Update app-ops uidState in case package com.android.shell changed
01-07 01:21:11.653   935  1114 D SystemServerInitThreadPool: Started executing Update app-ops uidState in case package com.android.shell changed
01-07 01:21:11.653   935  1114 D SystemServerInitThreadPool: Finished executing Update app-ops uidState in case package com.android.shell changed
01-07 01:21:11.653   935  1114 V SystemServerTimingAsync: InitThreadPoolExec:Update app-ops uidState in case package com.android.shell changed took to complete: 0ms
01-07 01:21:11.653   935  1114 D SystemServerTimingAsync: InitThreadPoolExec:Update app-ops uidState in case package com.android.bluetooth changed
01-07 01:21:11.653   935  1114 D SystemServerInitThreadPool: Started executing Update app-ops uidState in case package com.android.bluetooth changed
01-07 01:21:11.653   935  1114 D SystemServerInitThreadPool: Finished executing Update app-ops uidState in case package com.android.bluetooth changed
01-07 01:21:11.654   935  1046 D SystemServerTimingAsync: InitThreadPoolExec:Update app-ops uidState in case package com.brdgwtr.android.webview changed
01-07 01:21:11.654   935  1046 D SystemServerInitThreadPool: Started executing Update app-ops uidState in case package com.brdgwtr.android.webview changed
01-07 01:21:11.654   935  1081 D SystemServerInitThreadPool: Started executing Update app-ops uidState in case package com.sonos.tv.settings changed
01-07 01:21:11.654   935  1114 V SystemServerTimingAsync: InitThreadPoolExec:Update app-ops uidState in case package com.android.bluetooth changed took to complete: 0ms
01-07 01:21:11.654   935  1081 D SystemServerInitThreadPool: Finished executing Update app-ops uidState in case package com.sonos.tv.settings changed
01-07 01:21:11.654   935  1081 V SystemServerTimingAsync: InitThreadPoolExec:Update app-ops uidState in case package com.sonos.tv.settings changed took to complete: 3ms
01-07 01:21:11.654   935  1081 D SystemServerTimingAsync: InitThreadPoolExec:Update app-ops uidState in case package com.droidlogic changed
01-07 01:21:11.654   935  1107 D SystemServerInitThreadPool: Started executing Update app-ops uidState in case package com.disney.disneyplus changed
01-07 01:21:11.654   935  1050 D SystemServerInitThreadPool: Finished executing Update app-ops uidState in case package tv.pluto.android changed
01-07 01:21:11.654   935  1050 V SystemServerTimingAsync: InitThreadPoolExec:Update app-ops uidState in case package tv.pluto.android changed took to complete: 5ms
01-07 01:21:11.654   935  1050 D SystemServerTimingAsync: InitThreadPoolExec:Update app-ops uidState in case package com.droidlogic.tv.settings changed
01-07 01:21:11.654   935  1050 D SystemServerInitThreadPool: Started executing Update app-ops uidState in case package com.droidlogic.tv.settings changed
01-07 01:21:11.654   935  1081 D SystemServerInitThreadPool: Started executing Update app-ops uidState in case package com.droidlogic changed
01-07 01:21:11.654   935  1059 D SystemServerInitThreadPool: Finished executing Update app-ops uidState in case package com.brdgwtr.dms changed
01-07 01:21:11.654   935  1059 V SystemServerTimingAsync: InitThreadPoolExec:Update app-ops uidState in case package com.brdgwtr.dms changed took to complete: 2ms
01-07 01:21:11.654   935  1059 D SystemServerTimingAsync: InitThreadPoolExec:Update app-ops uidState in case package android changed
01-07 01:21:11.654   935  1059 D SystemServerInitThreadPool: Started executing Update app-ops uidState in case package android changed
01-07 01:21:11.654   935  1046 D SystemServerInitThreadPool: Finished executing Update app-ops uidState in case package com.brdgwtr.android.webview changed
01-07 01:21:11.655   935  1046 V SystemServerTimingAsync: InitThreadPoolExec:Update app-ops uidState in case package com.brdgwtr.android.webview changed took to complete: 1ms
01-07 01:21:11.655   935  1046 D SystemServerTimingAsync: InitThreadPoolExec:Update app-ops uidState in case package com.android.inputdevices changed
01-07 01:21:11.655   935  1059 D SystemServerInitThreadPool: Finished executing Update app-ops uidState in case package android changed
01-07 01:21:11.655   935  1059 V SystemServerTimingAsync: InitThreadPoolExec:Update app-ops uidState in case package android changed took to complete: 1ms
01-07 01:21:11.655   935  1059 D SystemServerTimingAsync: InitThreadPoolExec:Update app-ops uidState in case package com.android.keychain changed
01-07 01:21:11.655   935  1059 D SystemServerInitThreadPool: Started executing Update app-ops uidState in case package com.android.keychain changed
01-07 01:21:11.655   935  1058 D SystemServerInitThreadPool: Started executing Update app-ops uidState in case package com.android.systemui changed
01-07 01:21:11.655   935  1107 D SystemServerInitThreadPool: Finished executing Update app-ops uidState in case package com.disney.disneyplus changed
01-07 01:21:11.655   935  1046 D SystemServerInitThreadPool: Started executing Update app-ops uidState in case package com.android.inputdevices changed
01-07 01:21:11.655   935  1114 D SystemServerTimingAsync: InitThreadPoolExec:Update app-ops uidState in case package com.android.tv.settings changed
01-07 01:21:11.655   935  1114 D SystemServerInitThreadPool: Started executing Update app-ops uidState in case package com.android.tv.settings changed
01-07 01:21:11.655   935  1050 D SystemServerInitThreadPool: Finished executing Update app-ops uidState in case package com.droidlogic.tv.settings changed
01-07 01:21:11.655   935  1081 D SystemServerInitThreadPool: Finished executing Update app-ops uidState in case package com.droidlogic changed
01-07 01:21:11.655   935  1081 V SystemServerTimingAsync: InitThreadPoolExec:Update app-ops uidState in case package com.droidlogic changed took to complete: 2ms
01-07 01:21:11.656   935  1058 D SystemServerInitThreadPool: Finished executing Update app-ops uidState in case package com.android.systemui changed
01-07 01:21:11.656   935  1058 V SystemServerTimingAsync: InitThreadPoolExec:Update app-ops uidState in case package com.android.systemui changed took to complete: 7ms
01-07 01:21:11.656   935  1046 D SystemServerInitThreadPool: Finished executing Update app-ops uidState in case package com.android.inputdevices changed
01-07 01:21:11.656   935  1046 V SystemServerTimingAsync: InitThreadPoolExec:Update app-ops uidState in case package com.android.inputdevices changed took to complete: 1ms
01-07 01:21:11.656   935  1114 D SystemServerInitThreadPool: Finished executing Update app-ops uidState in case package com.android.tv.settings changed
01-07 01:21:11.656   935  1114 V SystemServerTimingAsync: InitThreadPoolExec:Update app-ops uidState in case package com.android.tv.settings changed took to complete: 1ms
01-07 01:21:11.656   935  1059 D SystemServerInitThreadPool: Finished executing Update app-ops uidState in case package com.android.keychain changed
01-07 01:21:11.656   935  1059 V SystemServerTimingAsync: InitThreadPoolExec:Update app-ops uidState in case package com.android.keychain changed took to complete: 1ms
01-07 01:21:11.656   935   968 D SystemServerInitThreadPool: Started executing Update app-ops uidState in case package com.android.providers.media.module changed
01-07 01:21:11.656   935  1050 V SystemServerTimingAsync: InitThreadPoolExec:Update app-ops uidState in case package com.droidlogic.tv.settings changed took to complete: 1ms
01-07 01:21:11.656   935   968 D SystemServerInitThreadPool: Finished executing Update app-ops uidState in case package com.android.providers.media.module changed
01-07 01:21:11.656   935  1107 V SystemServerTimingAsync: InitThreadPoolExec:Update app-ops uidState in case package com.disney.disneyplus changed took to complete: 5ms
01-07 01:21:11.656   935   968 V SystemServerTimingAsync: InitThreadPoolExec:Update app-ops uidState in case package com.android.providers.media.module changed took to complete: 7ms
01-07 01:21:11.671   935   935 V SystemServerTiming: controllersReady took to complete: 31ms
01-07 01:21:11.672   935   935 D SystemServerTiming: killProcesses
01-07 01:21:11.672   935   935 V SystemServerTiming: killProcesses took to complete: 0ms
01-07 01:21:11.672   935   935 I ActivityManager: System now ready
01-07 01:21:11.672   935   935 D SystemServerTiming: updateTopComponentForFactoryTest
01-07 01:21:11.672   935   935 V SystemServerTiming: updateTopComponentForFactoryTest took to complete: 1ms
01-07 01:21:11.673   935   935 D SystemServerTiming: registerActivityLaunchObserver
01-07 01:21:11.673   935   935 V SystemServerTiming: registerActivityLaunchObserver took to complete: 0ms
01-07 01:21:11.673   935   935 D SystemServerTiming: watchDeviceProvisioning
01-07 01:21:11.693   935   935 V SystemServerTiming: watchDeviceProvisioning took to complete: 20ms
01-07 01:21:11.693   935   935 D SystemServerTiming: retrieveSettings
01-07 01:21:11.695   935   935 I ActivityTaskManager: Config changes=10000000 {1.0 ?mcc?mnc [en_US] ldltr sw540dp w960dp h540dp 320dpi lrg long land television night -touch -keyb/v/h dpad/v winConfig={ mBounds=Rect(0, 0 - 1920, 1080) mAppBounds=Rect(0, 0 - 1920, 1080) mMaxBounds=Rect(0, 0 - 1920, 1080) mDisplayRotation=ROTATION_0 mWindowingMode=fullscreen mDisplayWindowingMode=fullscreen mActivityType=undefined mAlwaysOnTop=undefined mRotation=ROTATION_0} s.6 fontWeightAdjustment=0}
01-07 01:21:11.695   935   935 I WindowManager: Override config changes=10000000 {1.0 ?mcc?mnc [en_US] ldltr sw540dp w960dp h540dp 320dpi lrg long land television night -touch -keyb/v/h dpad/v winConfig={ mBounds=Rect(0, 0 - 1920, 1080) mAppBounds=Rect(0, 0 - 1920, 1080) mMaxBounds=Rect(0, 0 - 1920, 1080) mDisplayRotation=ROTATION_0 mWindowingMode=fullscreen mDisplayWindowingMode=fullscreen mActivityType=undefined mAlwaysOnTop=undefined mRotation=ROTATION_0} s.6 fontWeightAdjustment=0} for displayId=0
01-07 01:21:11.699   935   935 V SystemServerTiming: retrieveSettings took to complete: 6ms
01-07 01:21:11.699   935   935 D SystemServerTiming: Ugm.onSystemReady
01-07 01:21:11.700   935   935 V SystemServerTiming: Ugm.onSystemReady took to complete: 1ms
01-07 01:21:11.700   935   935 D SystemServerTiming: updateForceBackgroundCheck
01-07 01:21:11.700   935   935 V SystemServerTiming: updateForceBackgroundCheck took to complete: 0ms
01-07 01:21:11.700   935   935 I SystemServer: Making services ready
01-07 01:21:11.700   935   935 D SystemServerTiming: StartActivityManagerReadyPhase
01-07 01:21:11.700   935   935 I SystemServiceManager: Starting phase 550
01-07 01:21:11.700   935   935 D SystemServerTiming: OnBootPhase_550
01-07 01:21:11.700   935   935 D SystemServerTiming: OnBootPhase_550_com.android.server.security.FileIntegrityService
01-07 01:21:11.700   935   935 V SystemServerTiming: OnBootPhase_550_com.android.server.security.FileIntegrityService took to complete: 0ms
01-07 01:21:11.700   935   935 D SystemServerTiming: OnBootPhase_550_com.android.server.pm.Installer
01-07 01:21:11.700   935   935 V SystemServerTiming: OnBootPhase_550_com.android.server.pm.Installer took to complete: 0ms
01-07 01:21:11.700   935   935 D SystemServerTiming: OnBootPhase_550_com.android.server.os.DeviceIdentifiersPolicyService
01-07 01:21:11.700   935   935 V SystemServerTiming: OnBootPhase_550_com.android.server.os.DeviceIdentifiersPolicyService took to complete: 0ms
01-07 01:21:11.700   935   935 D SystemServerTiming: OnBootPhase_550_com.android.server.uri.UriGrantsManagerService$Lifecycle
01-07 01:21:11.700   935   935 V SystemServerTiming: OnBootPhase_550_com.android.server.uri.UriGrantsManagerService$Lifecycle took to complete: 0ms
01-07 01:21:11.700   935   935 D SystemServerTiming: OnBootPhase_550_com.android.server.powerstats.PowerStatsService
01-07 01:21:11.700   935   935 V SystemServerTiming: OnBootPhase_550_com.android.server.powerstats.PowerStatsService took to complete: 0ms
01-07 01:21:11.700   935   935 D SystemServerTiming: OnBootPhase_550_com.android.server.wm.ActivityTaskManagerService$Lifecycle
01-07 01:21:11.700   935   935 V SystemServerTiming: OnBootPhase_550_com.android.server.wm.ActivityTaskManagerService$Lifecycle took to complete: 0ms
01-07 01:21:11.700   935   935 D SystemServerTiming: OnBootPhase_550_com.android.server.am.ActivityManagerService$Lifecycle
01-07 01:21:11.701   935   935 V SystemServerTiming: OnBootPhase_550_com.android.server.am.ActivityManagerService$Lifecycle took to complete: 1ms
01-07 01:21:11.701   935   935 D SystemServerTiming: OnBootPhase_550_com.android.server.pm.DataLoaderManagerService
01-07 01:21:11.701   935   935 V SystemServerTiming: OnBootPhase_550_com.android.server.pm.DataLoaderManagerService took to complete: 0ms
01-07 01:21:11.701   935   935 D SystemServerTiming: OnBootPhase_550_com.android.server.power.PowerManagerService
01-07 01:21:11.701   935   935 V SystemServerTiming: OnBootPhase_550_com.android.server.power.PowerManagerService took to complete: 0ms
01-07 01:21:11.701   935   935 D SystemServerTiming: OnBootPhase_550_com.android.server.power.ThermalManagerService
01-07 01:21:11.704   935   935 I ThermalHalWrapper: Thermal HAL 2.0 service connected.
01-07 01:21:11.705   935   935 E ThermalHalWrapper: Couldn't get temperature thresholds because of HAL error: Failed to read thermal sensors.
01-07 01:21:11.705   935   935 V SystemServerTiming: OnBootPhase_550_com.android.server.power.ThermalManagerService took to complete: 4ms
01-07 01:21:11.705   935   935 D SystemServerTiming: OnBootPhase_550_com.android.server.power.hint.HintManagerService
01-07 01:21:11.705   935   935 V SystemServerTiming: OnBootPhase_550_com.android.server.power.hint.HintManagerService took to complete: 0ms
01-07 01:21:11.705   935   935 D SystemServerTiming: OnBootPhase_550_com.android.server.recoverysystem.RecoverySystemService$Lifecycle
01-07 01:21:11.706   935   935 V SystemServerTiming: OnBootPhase_550_com.android.server.recoverysystem.RecoverySystemService$Lifecycle took to complete: 0ms
01-07 01:21:11.706   935   935 D SystemServerTiming: OnBootPhase_550_com.android.server.lights.LightsService
01-07 01:21:11.706   935   935 V SystemServerTiming: OnBootPhase_550_com.android.server.lights.LightsService took to complete: 0ms
01-07 01:21:11.706   935   935 D SystemServerTiming: OnBootPhase_550_com.android.server.display.DisplayManagerService
01-07 01:21:11.706   935   935 V SystemServerTiming: OnBootPhase_550_com.android.server.display.DisplayManagerService took to complete: 0ms
01-07 01:21:11.706   935   935 D SystemServerTiming: OnBootPhase_550_com.android.server.pm.verify.domain.DomainVerificationService
01-07 01:21:11.706   935   935 V SystemServerTiming: OnBootPhase_550_com.android.server.pm.verify.domain.DomainVerificationService took to complete: 0ms
01-07 01:21:11.706   935   935 D SystemServerTiming: OnBootPhase_550_com.android.server.pm.PackageInstallerService$Lifecycle
01-07 01:21:11.706   935   935 V SystemServerTiming: OnBootPhase_550_com.android.server.pm.PackageInstallerService$Lifecycle took to complete: 0ms
01-07 01:21:11.706   935   935 D SystemServerTiming: OnBootPhase_550_com.android.server.pm.UserManagerService$LifeCycle
01-07 01:21:11.706   935   935 V SystemServerTiming: OnBootPhase_550_com.android.server.pm.UserManagerService$LifeCycle took to complete: 0ms
01-07 01:21:11.706   935   935 D SystemServerTiming: OnBootPhase_550_com.android.server.om.OverlayManagerService
01-07 01:21:11.706   935   935 V SystemServerTiming: OnBootPhase_550_com.android.server.om.OverlayManagerService took to complete: 0ms
01-07 01:21:11.706   935   935 D SystemServerTiming: OnBootPhase_550_com.android.server.resources.ResourcesManagerService
01-07 01:21:11.706   935   935 V SystemServerTiming: OnBootPhase_550_com.android.server.resources.ResourcesManagerService took to complete: 0ms
01-07 01:21:11.706   935   935 D SystemServerTiming: OnBootPhase_550_com.android.server.sensorprivacy.SensorPrivacyService
01-07 01:21:11.707   935   935 V SystemServerTiming: OnBootPhase_550_com.android.server.sensorprivacy.SensorPrivacyService took to complete: 1ms
01-07 01:21:11.707   935   935 D SystemServerTiming: OnBootPhase_550_com.android.server.sensors.SensorService
01-07 01:21:11.707   935   935 V SystemServerTiming: OnBootPhase_550_com.android.server.sensors.SensorService took to complete: 0ms
01-07 01:21:11.707   935   935 D SystemServerTiming: OnBootPhase_550_com.android.server.SystemConfigService
01-07 01:21:11.707   935   935 V SystemServerTiming: OnBootPhase_550_com.android.server.SystemConfigService took to complete: 0ms
01-07 01:21:11.707   935   935 D SystemServerTiming: OnBootPhase_550_com.android.server.BatteryService
01-07 01:21:11.708   935   935 V SystemServerTiming: OnBootPhase_550_com.android.server.BatteryService took to complete: 1ms
01-07 01:21:11.708   935   935 D SystemServerTiming: OnBootPhase_550_com.android.server.usage.UsageStatsService
01-07 01:21:11.708   935   935 V SystemServerTiming: OnBootPhase_550_com.android.server.usage.UsageStatsService took to complete: 0ms
01-07 01:21:11.708   935   935 D SystemServerTiming: OnBootPhase_550_com.android.server.webkit.WebViewUpdateService
01-07 01:21:11.708   935   935 V SystemServerTiming: OnBootPhase_550_com.android.server.webkit.WebViewUpdateService took to complete: 0ms
01-07 01:21:11.708   935   935 D SystemServerTiming: OnBootPhase_550_com.android.server.CachedDeviceStateService
01-07 01:21:11.708   935   935 V SystemServerTiming: OnBootPhase_550_com.android.server.CachedDeviceStateService took to complete: 0ms
01-07 01:21:11.708   935   935 D SystemServerTiming: OnBootPhase_550_com.android.server.BinderCallsStatsService$LifeCycle
01-07 01:21:11.708   935   935 V SystemServerTiming: OnBootPhase_550_com.android.server.BinderCallsStatsService$LifeCycle took to complete: 0ms
01-07 01:21:11.708   935   935 D SystemServerTiming: OnBootPhase_550_com.android.server.LooperStatsService$Lifecycle
01-07 01:21:11.708   935   935 V SystemServerTiming: OnBootPhase_550_com.android.server.LooperStatsService$Lifecycle took to complete: 0ms
01-07 01:21:11.708   935   935 D SystemServerTiming: OnBootPhase_550_com.android.server.rollback.RollbackManagerService
01-07 01:21:11.708   935   935 V SystemServerTiming: OnBootPhase_550_com.android.server.rollback.RollbackManagerService took to complete: 0ms
01-07 01:21:11.708   935   935 D SystemServerTiming: OnBootPhase_550_com.android.server.os.NativeTombstoneManagerService
01-07 01:21:11.709   935   935 V SystemServerTiming: OnBootPhase_550_com.android.server.os.NativeTombstoneManagerService took to complete: 1ms
01-07 01:21:11.709   935   935 D SystemServerTiming: OnBootPhase_550_com.android.server.os.BugreportManagerService
01-07 01:21:11.709   935   935 V SystemServerTiming: OnBootPhase_550_com.android.server.os.BugreportManagerService took to complete: 0ms
01-07 01:21:11.709   935   935 D SystemServerTiming: OnBootPhase_550_com.android.server.gpu.GpuService
01-07 01:21:11.709   935   935 V SystemServerTiming: OnBootPhase_550_com.android.server.gpu.GpuService took to complete: 0ms
01-07 01:21:11.709   935   935 D SystemServerTiming: OnBootPhase_550_com.android.server.security.KeyChainSystemService
01-07 01:21:11.709   935   935 V SystemServerTiming: OnBootPhase_550_com.android.server.security.KeyChainSystemService took to complete: 0ms
01-07 01:21:11.709   935   935 D SystemServerTiming: OnBootPhase_550_com.android.server.BinaryTransparencyService
01-07 01:21:11.709   935   935 V SystemServerTiming: OnBootPhase_550_com.android.server.BinaryTransparencyService took to complete: 0ms
01-07 01:21:11.709   935   935 D SystemServerTiming: OnBootPhase_550_com.android.server.accounts.AccountManagerService$Lifecycle
01-07 01:21:11.709   935   935 V SystemServerTiming: OnBootPhase_550_com.android.server.accounts.AccountManagerService$Lifecycle took to complete: 0ms
01-07 01:21:11.709   935   935 D SystemServerTiming: OnBootPhase_550_com.android.server.content.ContentService$Lifecycle
01-07 01:21:11.714   935   935 I SyncManager: No initial accounts
01-07 01:21:11.718   935   935 V SystemServerTiming: OnBootPhase_550_com.android.server.content.ContentService$Lifecycle took to complete: 9ms
01-07 01:21:11.718   935   935 D SystemServerTiming: OnBootPhase_550_com.android.server.DropBoxManagerService
01-07 01:21:11.718   935   935 V SystemServerTiming: OnBootPhase_550_com.android.server.DropBoxManagerService took to complete: 0ms
01-07 01:21:11.718   935   935 D SystemServerTiming: OnBootPhase_550_com.android.role.RoleService
01-07 01:21:11.718   935   935 V SystemServerTiming: OnBootPhase_550_com.android.role.RoleService took to complete: 0ms
01-07 01:21:11.718   935   935 D SystemServerTiming: OnBootPhase_550_com.android.server.vibrator.VibratorManagerService$Lifecycle
01-07 01:21:11.718   935   935 V SystemServerTiming: OnBootPhase_550_com.android.server.vibrator.VibratorManagerService$Lifecycle took to complete: 0ms
01-07 01:21:11.718   935   935 D SystemServerTiming: OnBootPhase_550_com.android.server.tare.InternalResourceService
01-07 01:21:11.719   935   935 V SystemServerTiming: OnBootPhase_550_com.android.server.tare.InternalResourceService took to complete: 0ms
01-07 01:21:11.719   935   935 D SystemServerTiming: OnBootPhase_550_com.android.server.alarm.AlarmManagerService
01-07 01:21:11.719   935   935 V SystemServerTiming: OnBootPhase_550_com.android.server.alarm.AlarmManagerService took to complete: 0ms
01-07 01:21:11.719   935   935 D SystemServerTiming: OnBootPhase_550_com.android.server.devicestate.DeviceStateManagerService
01-07 01:21:11.719   935   935 V SystemServerTiming: OnBootPhase_550_com.android.server.devicestate.DeviceStateManagerService took to complete: 0ms
01-07 01:21:11.719   935   935 D SystemServerTiming: OnBootPhase_550_com.android.server.bluetooth.BluetoothService
01-07 01:21:11.719   935   935 V SystemServerTiming: OnBootPhase_550_com.android.server.bluetooth.BluetoothService took to complete: 0ms
01-07 01:21:11.719   935   935 D SystemServerTiming: OnBootPhase_550_com.android.server.connectivity.IpConnectivityMetrics
01-07 01:21:11.720   935   935 V SystemServerTiming: OnBootPhase_550_com.android.server.connectivity.IpConnectivityMetrics took to complete: 0ms
01-07 01:21:11.720   935   935 D SystemServerTiming: OnBootPhase_550_com.android.server.net.watchlist.NetworkWatchlistService$Lifecycle
01-07 01:21:11.721   935   935 V SystemServerTiming: OnBootPhase_550_com.android.server.net.watchlist.NetworkWatchlistService$Lifecycle took to complete: 1ms
01-07 01:21:11.721   935   935 D SystemServerTiming: OnBootPhase_550_com.android.server.PinnerService
01-07 01:21:11.721   935   935 V SystemServerTiming: OnBootPhase_550_com.android.server.PinnerService took to complete: 0ms
01-07 01:21:11.721   935   935 D SystemServerTiming: OnBootPhase_550_com.android.server.integrity.AppIntegrityManagerService
01-07 01:21:11.721   935   935 V SystemServerTiming: OnBootPhase_550_com.android.server.integrity.AppIntegrityManagerService took to complete: 0ms
01-07 01:21:11.721   935   935 D SystemServerTiming: OnBootPhase_550_com.android.server.logcat.LogcatManagerService
01-07 01:21:11.721   935   935 V SystemServerTiming: OnBootPhase_550_com.android.server.logcat.LogcatManagerService took to complete: 0ms
01-07 01:21:11.721   935   935 D SystemServerTiming: OnBootPhase_550_com.android.server.inputmethod.InputMethodManagerService$Lifecycle
01-07 01:21:11.722   935  1057 E NativeTombstoneManager: Tombstone's UID (1046) not an app, ignoring
01-07 01:21:11.722   935  1081 D SystemServerTimingAsync: InitThreadPoolExec:Lazily initialize IMMS#mImeDrawsImeNavBarRes
01-07 01:21:11.722   935  1081 D SystemServerInitThreadPool: Started executing Lazily initialize IMMS#mImeDrawsImeNavBarRes
01-07 01:21:11.723   935   935 W InputMethodUtils: Found no fallback locale. imis=[]
01-07 01:21:11.724   935   935 W InputMethodUtils: No software keyboard is found. imis=[] systemLocale=en_US fallbackLocale=null
01-07 01:21:11.724   935   935 W InputMethodUtils: getApplicationInfo failed. packageName=com.android.inputmethod.latin userId=0
01-07 01:21:11.724   935   935 W InputMethodUtils: android.content.pm.PackageManager$NameNotFoundException: com.android.inputmethod.latin
01-07 01:21:11.724   935   935 W InputMethodUtils: 	at android.app.ApplicationPackageManager.getApplicationInfoAsUser(ApplicationPackageManager.java:504)
01-07 01:21:11.724   935   935 W InputMethodUtils: 	at android.app.ApplicationPackageManager.getApplicationInfo(ApplicationPackageManager.java:487)
01-07 01:21:11.724   935   935 W InputMethodUtils: 	at com.android.server.inputmethod.InputMethodUtils.setNonSelectedSystemImesDisabledUntilUsed(InputMethodUtils.java:706)
01-07 01:21:11.724   935   935 W InputMethodUtils: 	at com.android.server.inputmethod.InputMethodManagerService.systemRunning(InputMethodManagerService.java:2031)
01-07 01:21:11.724   935   935 W InputMethodUtils: 	at com.android.server.inputmethod.InputMethodManagerService$Lifecycle.onBootPhase(InputMethodManagerService.java:1684)
01-07 01:21:11.724   935   935 W InputMethodUtils: 	at com.android.server.SystemServiceManager.startBootPhase(SystemServiceManager.java:294)
01-07 01:21:11.724   935   935 W InputMethodUtils: 	at com.android.server.SystemServer.lambda$startOtherServices$5(SystemServer.java:2799)
01-07 01:21:11.724   935   935 W InputMethodUtils: 	at com.android.server.SystemServer.$r8$lambda$jmaWUpWMxP4IiPakY5L6Y7rVWik(Unknown Source:0)
01-07 01:21:11.724   935   935 W InputMethodUtils: 	at com.android.server.SystemServer$$ExternalSyntheticLambda5.run(Unknown Source:30)
01-07 01:21:11.724   935   935 W InputMethodUtils: 	at com.android.server.am.ActivityManagerService.systemReady(ActivityManagerService.java:8216)
01-07 01:21:11.724   935   935 W InputMethodUtils: 	at com.android.server.SystemServer.startOtherServices(SystemServer.java:2796)
01-07 01:21:11.724   935   935 W InputMethodUtils: 	at com.android.server.SystemServer.run(SystemServer.java:938)
01-07 01:21:11.724   935   935 W InputMethodUtils: 	at com.android.server.SystemServer.main(SystemServer.java:648)
01-07 01:21:11.724   935   935 W InputMethodUtils: 	at java.lang.reflect.Method.invoke(Native Method)
01-07 01:21:11.724   935   935 W InputMethodUtils: 	at com.android.internal.os.RuntimeInit$MethodAndArgsCaller.run(RuntimeInit.java:548)
01-07 01:21:11.724   935   935 W InputMethodUtils: 	at com.android.internal.os.ZygoteInit.main(ZygoteInit.java:914)
01-07 01:21:11.725   935   935 V SystemServerTiming: OnBootPhase_550_com.android.server.inputmethod.InputMethodManagerService$Lifecycle took to complete: 4ms
01-07 01:21:11.725   935   935 D SystemServerTiming: OnBootPhase_550_com.android.server.accessibility.AccessibilityManagerService$Lifecycle
01-07 01:21:11.725   935   935 V SystemServerTiming: OnBootPhase_550_com.android.server.accessibility.AccessibilityManagerService$Lifecycle took to complete: 0ms
01-07 01:21:11.725   935   935 D SystemServerTiming: OnBootPhase_550_com.android.server.StorageManagerService$Lifecycle
01-07 01:21:11.725   935   935 V SystemServerTiming: OnBootPhase_550_com.android.server.StorageManagerService$Lifecycle took to complete: 0ms
01-07 01:21:11.725   935   935 D SystemServerTiming: OnBootPhase_550_com.android.server.usage.StorageStatsService$Lifecycle
01-07 01:21:11.725   935   935 V SystemServerTiming: OnBootPhase_550_com.android.server.usage.StorageStatsService$Lifecycle took to complete: 0ms
01-07 01:21:11.725   935   935 D SystemServerTiming: OnBootPhase_550_com.android.server.UiModeManagerService
01-07 01:21:11.725   935   935 V SystemServerTiming: OnBootPhase_550_com.android.server.UiModeManagerService took to complete: 0ms
01-07 01:21:11.725   935   935 D SystemServerTiming: OnBootPhase_550_com.android.server.locales.LocaleManagerService
01-07 01:21:11.725   935   935 V SystemServerTiming: OnBootPhase_550_com.android.server.locales.LocaleManagerService took to complete: 0ms
01-07 01:21:11.725   935   935 D SystemServerTiming: OnBootPhase_550_com.android.server.locksettings.LockSettingsService$Lifecycle
01-07 01:21:11.725   935   935 I RebootEscrowManager: No reboot escrow data found for users, skipping loading escrow data
01-07 01:21:11.732   935   935 V SystemServerTiming: OnBootPhase_550_com.android.server.locksettings.LockSettingsService$Lifecycle took to complete: 7ms
01-07 01:21:11.732   935   935 D SystemServerTiming: OnBootPhase_550_com.android.server.PersistentDataBlockService
01-07 01:21:11.732   935   935 V SystemServerTiming: OnBootPhase_550_com.android.server.PersistentDataBlockService took to complete: 0ms
01-07 01:21:11.732   935   935 D SystemServerTiming: OnBootPhase_550_com.android.server.testharness.TestHarnessModeService
01-07 01:21:11.732   935   935 V SystemServerTiming: OnBootPhase_550_com.android.server.testharness.TestHarnessModeService took to complete: 0ms
01-07 01:21:11.732   935   935 D SystemServerTiming: OnBootPhase_550_com.android.server.oemlock.OemLockService
01-07 01:21:11.732   935   935 V SystemServerTiming: OnBootPhase_550_com.android.server.oemlock.OemLockService took to complete: 0ms
01-07 01:21:11.732   935   935 D SystemServerTiming: OnBootPhase_550_com.android.server.DeviceIdleController
01-07 01:21:11.732   935   935 V SystemServerTiming: OnBootPhase_550_com.android.server.DeviceIdleController took to complete: 0ms
01-07 01:21:11.732   935   935 D SystemServerTiming: OnBootPhase_550_com.android.server.devicepolicy.DevicePolicyManagerService$Lifecycle
01-07 01:21:11.732   935   935 V SystemServerTiming: OnBootPhase_550_com.android.server.devicepolicy.DevicePolicyManagerService$Lifecycle took to complete: 0ms
01-07 01:21:11.732   935   935 D SystemServerTiming: OnBootPhase_550_com.android.server.texttospeech.TextToSpeechManagerService
01-07 01:21:11.732   935   935 V SystemServerTiming: OnBootPhase_550_com.android.server.texttospeech.TextToSpeechManagerService took to complete: 0ms
01-07 01:21:11.732   935   935 D SystemServerTiming: OnBootPhase_550_com.android.server.ambientcontext.AmbientContextManagerService
01-07 01:21:11.732   935   935 V SystemServerTiming: OnBootPhase_550_com.android.server.ambientcontext.AmbientContextManagerService took to complete: 0ms
01-07 01:21:11.733   935   935 D SystemServerTiming: OnBootPhase_550_com.android.server.speech.SpeechRecognitionManagerService
01-07 01:21:11.733   935   935 V SystemServerTiming: OnBootPhase_550_com.android.server.speech.SpeechRecognitionManagerService took to complete: 0ms
01-07 01:21:11.733   935   935 D SystemServerTiming: OnBootPhase_550_com.android.server.searchui.SearchUiManagerService
01-07 01:21:11.733   935   935 V SystemServerTiming: OnBootPhase_550_com.android.server.searchui.SearchUiManagerService took to complete: 0ms
01-07 01:21:11.733   935   935 D SystemServerTiming: OnBootPhase_550_com.android.server.smartspace.SmartspaceManagerService
01-07 01:21:11.733   935   935 V SystemServerTiming: OnBootPhase_550_com.android.server.smartspace.SmartspaceManagerService took to complete: 0ms
01-07 01:21:11.733   935   935 D SystemServerTiming: OnBootPhase_550_com.android.server.graphics.fonts.FontManagerService$Lifecycle
01-07 01:21:11.733   935   935 V SystemServerTiming: OnBootPhase_550_com.android.server.graphics.fonts.FontManagerService$Lifecycle took to complete: 0ms
01-07 01:21:11.733   935   935 D SystemServerTiming: OnBootPhase_550_com.android.server.textservices.TextServicesManagerService$Lifecycle
01-07 01:21:11.733   935   935 V SystemServerTiming: OnBootPhase_550_com.android.server.textservices.TextServicesManagerService$Lifecycle took to complete: 0ms
01-07 01:21:11.733   935   935 D SystemServerTiming: OnBootPhase_550_com.android.server.textclassifier.TextClassificationManagerService$Lifecycle
01-07 01:21:11.733   935   935 V SystemServerTiming: OnBootPhase_550_com.android.server.textclassifier.TextClassificationManagerService$Lifecycle took to complete: 0ms
01-07 01:21:11.733   935   935 D SystemServerTiming: OnBootPhase_550_com.android.server.NetworkScoreService$Lifecycle
01-07 01:21:11.733   935  1081 D SystemServerInitThreadPool: Finished executing Lazily initialize IMMS#mImeDrawsImeNavBarRes
01-07 01:21:11.733   935   935 V SystemServerTiming: OnBootPhase_550_com.android.server.NetworkScoreService$Lifecycle took to complete: 0ms
01-07 01:21:11.733   935   935 D SystemServerTiming: OnBootPhase_550_com.android.server.NetworkStatsServiceInitializer
01-07 01:21:11.733   935  1081 V SystemServerTimingAsync: InitThreadPoolExec:Lazily initialize IMMS#mImeDrawsImeNavBarRes took to complete: 11ms
01-07 01:21:11.738   935  1057 E NativeTombstoneManager: Tombstone's UID (1046) not an app, ignoring
01-07 01:21:11.810   935   935 W SystemServiceManager: Service com.android.server.NetworkStatsServiceInitializer took 77 ms in onBootPhase
01-07 01:21:11.810   935   935 V SystemServerTiming: OnBootPhase_550_com.android.server.NetworkStatsServiceInitializer took to complete: 78ms
01-07 01:21:11.811   935   935 D SystemServerTiming: OnBootPhase_550_com.android.server.wifi.WifiService
01-07 01:21:11.811   935   935 V SystemServerTiming: OnBootPhase_550_com.android.server.wifi.WifiService took to complete: 0ms
01-07 01:21:11.811   935   935 D SystemServerTiming: OnBootPhase_550_com.android.server.wifi.scanner.WifiScanningService
01-07 01:21:11.811   935   935 V SystemServerTiming: OnBootPhase_550_com.android.server.wifi.scanner.WifiScanningService took to complete: 0ms
01-07 01:21:11.811   935   935 D SystemServerTiming: OnBootPhase_550_com.android.server.wifi.p2p.WifiP2pService
01-07 01:21:11.811   935   935 V SystemServerTiming: OnBootPhase_550_com.android.server.wifi.p2p.WifiP2pService took to complete: 0ms
01-07 01:21:11.811   935   935 D SystemServerTiming: OnBootPhase_550_com.android.server.ConnectivityServiceInitializer
01-07 01:21:11.811   935   935 V SystemServerTiming: OnBootPhase_550_com.android.server.ConnectivityServiceInitializer took to complete: 0ms
01-07 01:21:11.811   935   935 D SystemServerTiming: OnBootPhase_550_com.android.server.notification.NotificationManagerService
01-07 01:21:11.811   935   935 V SystemServerTiming: OnBootPhase_550_com.android.server.notification.NotificationManagerService took to complete: 0ms
01-07 01:21:11.811   935   935 D SystemServerTiming: OnBootPhase_550_com.android.server.storage.DeviceStorageMonitorService
01-07 01:21:11.811   935   935 V SystemServerTiming: OnBootPhase_550_com.android.server.storage.DeviceStorageMonitorService took to complete: 0ms
01-07 01:21:11.811   935   935 D SystemServerTiming: OnBootPhase_550_com.android.server.location.LocationManagerService$Lifecycle
01-07 01:21:11.811   935   935 V SystemServerTiming: OnBootPhase_550_com.android.server.location.LocationManagerService$Lifecycle took to complete: 0ms
01-07 01:21:11.811   935   935 D SystemServerTiming: OnBootPhase_550_com.android.server.timedetector.TimeDetectorService$Lifecycle
01-07 01:21:11.811   935   935 V SystemServerTiming: OnBootPhase_550_com.android.server.timedetector.TimeDetectorService$Lifecycle took to complete: 0ms
01-07 01:21:11.811   935   935 D SystemServerTiming: OnBootPhase_550_com.android.server.timezonedetector.TimeZoneDetectorService$Lifecycle
01-07 01:21:11.811   935   935 V SystemServerTiming: OnBootPhase_550_com.android.server.timezonedetector.TimeZoneDetectorService$Lifecycle took to complete: 0ms
01-07 01:21:11.811   935   935 D SystemServerTiming: OnBootPhase_550_com.android.server.timezonedetector.location.LocationTimeZoneManagerService$Lifecycle
01-07 01:21:11.811   935   935 V SystemServerTiming: OnBootPhase_550_com.android.server.timezonedetector.location.LocationTimeZoneManagerService$Lifecycle took to complete: 0ms
01-07 01:21:11.811   935   935 D SystemServerTiming: OnBootPhase_550_com.android.server.search.SearchManagerService$Lifecycle
01-07 01:21:11.811   935   935 V SystemServerTiming: OnBootPhase_550_com.android.server.search.SearchManagerService$Lifecycle took to complete: 0ms
01-07 01:21:11.811   935   935 D SystemServerTiming: OnBootPhase_550_com.android.server.wallpaper.WallpaperManagerService$Lifecycle
01-07 01:21:11.813   935   935 I WallpaperManagerService: No static wallpaper imagery; defaults will be shown
01-07 01:21:11.814   935   935 V WallpaperManagerService: bindWallpaperComponentLocked: componentName=ComponentInfo{com.android.systemui/com.android.systemui.wallpapers.ImageWallpaper}
01-07 01:21:11.814   935   935 D WallpaperManagerService: WPMS.bindWallpaperComponentLocked-ComponentInfo{com.android.systemui/com.android.systemui.wallpapers.ImageWallpaper}
01-07 01:21:11.818   935   935 D CompatibilityChangeReporter: Compat change id reported: 135634846; UID 10070; state: DISABLED
01-07 01:21:11.818   935   935 D CompatibilityChangeReporter: Compat change id reported: 177438394; UID 10070; state: DISABLED
01-07 01:21:11.818   935   935 D CompatibilityChangeReporter: Compat change id reported: 135772972; UID 10070; state: DISABLED
01-07 01:21:11.818   935   935 D CompatibilityChangeReporter: Compat change id reported: 135754954; UID 10070; state: ENABLED
01-07 01:21:11.819   935   971 D CompatibilityChangeReporter: Compat change id reported: 143937733; UID 10070; state: ENABLED
01-07 01:21:11.819   935   935 V WallpaperManagerService: WPMS.bindWallpaperComponentLocked-ComponentInfo{com.android.systemui/com.android.systemui.wallpapers.ImageWallpaper} took to complete: 5ms
01-07 01:21:11.821   935   935 D WallpaperManagerService: WPMS.generateCrop
01-07 01:21:11.821   935   935 W WallpaperManagerService: Invalid wallpaper data
01-07 01:21:11.821   935   935 E WallpaperManagerService: Unable to apply new wallpaper
01-07 01:21:11.822   935   935 V WallpaperManagerService: WPMS.generateCrop took to complete: 1ms
01-07 01:21:11.822   935   935 V SystemServerTiming: OnBootPhase_550_com.android.server.wallpaper.WallpaperManagerService$Lifecycle took to complete: 11ms
01-07 01:21:11.822   935   935 D SystemServerTiming: OnBootPhase_550_com.android.server.wallpapereffectsgeneration.WallpaperEffectsGenerationManagerService
01-07 01:21:11.822   935   935 V SystemServerTiming: OnBootPhase_550_com.android.server.wallpapereffectsgeneration.WallpaperEffectsGenerationManagerService took to complete: 0ms
01-07 01:21:11.822   935   935 D SystemServerTiming: OnBootPhase_550_com.android.server.audio.AudioService$Lifecycle
01-07 01:21:11.823   935   935 V SystemServerTiming: OnBootPhase_550_com.android.server.audio.AudioService$Lifecycle took to complete: 0ms
01-07 01:21:11.823   935   935 D SystemServerTiming: OnBootPhase_550_com.android.server.soundtrigger_middleware.SoundTriggerMiddlewareService$Lifecycle
01-07 01:21:11.823   935   935 V SystemServerTiming: OnBootPhase_550_com.android.server.soundtrigger_middleware.SoundTriggerMiddlewareService$Lifecycle took to complete: 0ms
01-07 01:21:11.823   935   935 D SystemServerTiming: OnBootPhase_550_com.android.server.DockObserver
01-07 01:21:11.823   935   935 V SystemServerTiming: OnBootPhase_550_com.android.server.DockObserver took to complete: 0ms
01-07 01:21:11.823   935   935 D SystemServerTiming: OnBootPhase_550_com.android.server.adb.AdbService$Lifecycle
01-07 01:21:11.823   935   935 V SystemServerTiming: OnBootPhase_550_com.android.server.adb.AdbService$Lifecycle took to complete: 0ms
01-07 01:21:11.823   935   935 D SystemServerTiming: OnBootPhase_550_com.android.server.usb.UsbService$Lifecycle
01-07 01:21:11.824   935   935 V SystemServerTiming: OnBootPhase_550_com.android.server.usb.UsbService$Lifecycle took to complete: 0ms
01-07 01:21:11.824   935  1058 D SystemServerTimingAsync: InitThreadPoolExec:UsbService$Lifecycle#onBootPhase
01-07 01:21:11.824   935   935 D SystemServerTiming: OnBootPhase_550_com.android.server.twilight.TwilightService
01-07 01:21:11.824   935   935 V SystemServerTiming: OnBootPhase_550_com.android.server.twilight.TwilightService took to complete: 0ms
01-07 01:21:11.824   935   935 D SystemServerTiming: OnBootPhase_550_com.android.server.display.color.ColorDisplayService
01-07 01:21:11.824   935   935 V SystemServerTiming: OnBootPhase_550_com.android.server.display.color.ColorDisplayService took to complete: 0ms
01-07 01:21:11.824   935   935 D SystemServerTiming: OnBootPhase_550_com.android.server.job.JobSchedulerService
01-07 01:21:11.824   935   935 V SystemServerTiming: OnBootPhase_550_com.android.server.job.JobSchedulerService took to complete: 0ms
01-07 01:21:11.824   935   935 D SystemServerTiming: OnBootPhase_550_com.android.server.soundtrigger.SoundTriggerService
01-07 01:21:11.824   935  1058 D SystemServerInitThreadPool: Started executing UsbService$Lifecycle#onBootPhase
01-07 01:21:11.824   935   935 D SoundTriggerService: onBootPhase: 550 : false
01-07 01:21:11.824   935   935 V SystemServerTiming: OnBootPhase_550_com.android.server.soundtrigger.SoundTriggerService took to complete: 0ms
01-07 01:21:11.824   935   935 D SystemServerTiming: OnBootPhase_550_com.android.server.trust.TrustManagerService
01-07 01:21:11.824   935   935 V SystemServerTiming: OnBootPhase_550_com.android.server.trust.TrustManagerService took to complete: 0ms
01-07 01:21:11.824   935   935 D SystemServerTiming: OnBootPhase_550_com.android.server.backup.BackupManagerService$Lifecycle
01-07 01:21:11.824   935   935 V SystemServerTiming: OnBootPhase_550_com.android.server.backup.BackupManagerService$Lifecycle took to complete: 0ms
01-07 01:21:11.824   935   935 D SystemServerTiming: OnBootPhase_550_com.android.server.appwidget.AppWidgetService
01-07 01:21:11.824   935   935 V SystemServerTiming: OnBootPhase_550_com.android.server.appwidget.AppWidgetService took to complete: 0ms
01-07 01:21:11.824   935   935 D SystemServerTiming: OnBootPhase_550_com.android.server.voiceinteraction.VoiceInteractionManagerService
01-07 01:21:11.824   935   935 V SystemServerTiming: OnBootPhase_550_com.android.server.voiceinteraction.VoiceInteractionManagerService took to complete: 0ms
01-07 01:21:11.824   935   935 D SystemServerTiming: OnBootPhase_550_com.android.server.apphibernation.AppHibernationService
01-07 01:21:11.824   935   935 V SystemServerTiming: OnBootPhase_550_com.android.server.apphibernation.AppHibernationService took to complete: 0ms
01-07 01:21:11.824   935   935 D SystemServerTiming: OnBootPhase_550_com.android.server.GestureLauncherService
01-07 01:21:11.824   935   935 V SystemServerTiming: OnBootPhase_550_com.android.server.GestureLauncherService took to complete: 0ms
01-07 01:21:11.824   935   935 D SystemServerTiming: OnBootPhase_550_com.android.server.SensorNotificationService
01-07 01:21:11.824   935   935 V SystemServerTiming: OnBootPhase_550_com.android.server.SensorNotificationService took to complete: 0ms
01-07 01:21:11.824   935   935 D SystemServerTiming: OnBootPhase_550_com.android.server.emergency.EmergencyAffordanceService
01-07 01:21:11.825   935   935 V SystemServerTiming: OnBootPhase_550_com.android.server.emergency.EmergencyAffordanceService took to complete: 0ms
01-07 01:21:11.825   935   935 D SystemServerTiming: OnBootPhase_550_com.android.server.blob.BlobStoreManagerService
01-07 01:21:11.825   935   935 V SystemServerTiming: OnBootPhase_550_com.android.server.blob.BlobStoreManagerService took to complete: 0ms
01-07 01:21:11.826   935   935 D SystemServerTiming: OnBootPhase_550_com.android.server.dreams.DreamManagerService
