01-07 07:24:57.148     0     0 I         : [7 T402   ..] EXT4-fs (dm-15): mounted filesystem without journal. Opts: (null). Quota mode: none.
01-07 07:24:57.155     0     0 I [6 T400   ..] loop27: detected capacity change from 0 to 96080
01-07 07:24:57.165     0     0 I [5 T403   ..] device-mapper: verity: sha256 using implementation "sha256-ce"
01-07 07:24:57.198     0     0 I         : [5 T403   ..] EXT4-fs (dm-14): mounted filesystem without journal. Opts: (null). Quota mode: none.
01-07 07:24:57.217     0     0 I [4 T401   ..] loop28: detected capacity change from 0 to 27552
01-07 07:24:57.225     0     0 I [6 T400   ..] device-mapper: verity: sha256 using implementation "sha256-ce"
01-07 07:24:57.251     0     0 I         : [6 T400   ..] EXT4-fs (dm-29): mounted filesystem without journal. Opts: (null). Quota mode: none.
01-07 07:24:57.273     0     0 I [7 T402   ..] loop29: detected capacity change from 0 to 18952
01-07 07:24:57.294     0     0 I [4 T401   ..] device-mapper: verity: sha256 using implementation "sha256-ce"
01-07 07:24:57.320     0     0 I         : [4 T401   ..] EXT4-fs (dm-10): mounted filesystem without journal. Opts: (null). Quota mode: none.
01-07 07:24:57.332     0     0 I [5 T403   ..] loop30: detected capacity change from 0 to 1480
01-07 07:24:57.396     0     0 I [7 T402   ..] device-mapper: verity: sha256 using implementation "sha256-ce"
01-07 07:24:57.404     0     0 I [5 T403   ..] device-mapper: verity: sha256 using implementation "sha256-ce"
01-07 07:24:57.422     0     0 I         : [7 T402   ..] EXT4-fs (dm-26): mounted filesystem without journal. Opts: (null). Quota mode: none.
01-07 07:24:57.439     0     0 I         : [5 T403   ..] EXT4-fs (dm-11): mounted filesystem without journal. Opts: (null). Quota mode: none.
01-07 07:24:57.710   331   331 D vold    : fscrypt_init_user0
01-07 07:24:57.710   331   331 D vold    : Preparing: /data/misc/vold/user_keys
01-07 07:24:57.710   331   331 D vold    : Preparing: /data/misc/vold/user_keys/ce
01-07 07:24:57.711   331   331 D vold    : Preparing: /data/misc/vold/user_keys/de
01-07 07:24:57.714     0     0 D [0 T453   ..] vdc: Waited 0ms for vold
01-07 07:24:57.717   331   331 D vold    : Installed fscrypt key with ref 2115a23252063795ddd1533855bd3c38 to /data
01-07 07:24:57.718   331   331 D vold    : Added fscrypt-provisioning key for 2115a23252063795ddd1533855bd3c38 to session keyring
01-07 07:24:57.718   331   331 D vold    : Installed de key for user 0
01-07 07:24:57.718   331   331 D vold    : fscrypt_prepare_user_storage for volume null, user 0, serial 0, flags 1
01-07 07:24:57.718   331   331 D vold    : Preparing: /data/system/users/0
01-07 07:24:57.718   331   331 D vold    : Preparing: /data/misc/profiles/cur/0
01-07 07:24:57.718   331   331 D vold    : Preparing: /data/system_de/0
01-07 07:24:57.718   331   331 D vold    : Preparing: /data/vendor_de/0
01-07 07:24:57.719   331   331 D vold    : Preparing: /data/misc_de/0
01-07 07:24:57.719   331   331 D vold    : Preparing: /data/user_de/0
01-07 07:24:57.719   331   331 I vold    : Verified that /data/system_de/0 has the encryption policy 2115a23252063795ddd1533855bd3c38 v2 modes 1/4 flags 0x2
01-07 07:24:57.720   331   331 I vold    : Verified that /data/vendor_de/0 has the encryption policy 2115a23252063795ddd1533855bd3c38 v2 modes 1/4 flags 0x2
01-07 07:24:57.720   331   331 I vold    : Verified that /data/misc_de/0 has the encryption policy 2115a23252063795ddd1533855bd3c38 v2 modes 1/4 flags 0x2
01-07 07:24:57.720   331   331 I vold    : Verified that /data/user_de/0 has the encryption policy 2115a23252063795ddd1533855bd3c38 v2 modes 1/4 flags 0x2
01-07 07:24:57.720   331   331 D vold    : /system/bin/vold_prepare_subdirs
01-07 07:24:57.720   331   331 D vold    :     prepare
01-07 07:24:57.720   331   331 D vold    :     
01-07 07:24:57.720   331   331 D vold    :     0
01-07 07:24:57.720   331   331 D vold    :     1
01-07 07:24:57.777   331   331 D vold    : Detected support for FS_IOC_ADD_ENCRYPTION_KEY
01-07 07:24:57.793     0     0 I [6 T1     ..] selinux: SELinux: Skipping restorecon on directory(/data)
01-07 07:24:57.793     0     0 I [6 T1     ..] selinux:  
01-07 07:24:57.890   456   456 I odsign  : Trying to retrieve existing HMAC key...
01-07 07:24:57.896   456   456 I odsign  : Trying to retrieve existing keystore key...
01-07 07:24:57.904   456   456 I odsign  : Verified public key signature.
01-07 07:24:57.904   456   456 I odsign  : Initialized Keystore key.
01-07 07:24:57.906   456   456 I odsign  : Found and verified existing public key certificate: /data/misc/odsign/key.cert
01-07 07:24:58.099     0     0 W [7 T458   ..] audit: audit_backlog=65 > audit_backlog_limit=64
01-07 07:24:58.099     0     0 W [7 T458   ..] audit: audit_lost=1 audit_rate_limit=0 audit_backlog_limit=64
01-07 07:24:58.099     0     0 E [7 T458   ..] audit: backlog limit exceeded
01-07 07:24:58.100     0     0 W [7 T458   ..] audit: audit_backlog=65 > audit_backlog_limit=64
01-07 07:24:58.100     0     0 W [7 T458   ..] audit: audit_lost=2 audit_rate_limit=0 audit_backlog_limit=64
01-07 07:24:58.100     0     0 E [7 T458   ..] audit: backlog limit exceeded
01-07 07:24:58.100     0     0 W [7 T458   ..] audit: audit_backlog=65 > audit_backlog_limit=64
01-07 07:24:58.100     0     0 W [7 T458   ..] audit: audit_lost=3 audit_rate_limit=0 audit_backlog_limit=64
01-07 07:24:58.102   458   458 I odrefresh: ART APEX version 330400000
01-07 07:24:58.103   458   458 I odrefresh: Factory ART APEX mounted.
01-07 07:24:58.103   458   458 I odrefresh: System properties are set to default values.
01-07 07:24:58.104   458   458 I odrefresh: Factory ART APEX mounted.
01-07 07:24:58.104   458   458 I odrefresh: System properties are set to default values.
01-07 07:24:58.105   458   458 I odrefresh: Factory APEXes mounted.
01-07 07:24:58.105   458   458 I odrefresh: System properties are set to default values.
01-07 07:24:58.116   456   456 I odsign  : Metrics report is empty
01-07 07:24:58.117   456   456 I odsign  : /data/misc/odsign/odsign.info not found.
01-07 07:24:58.118   456   456 I odsign  : odrefresh said artifacts are VALID
01-07 07:24:58.118   456   456 I odsign  : On-device signing done.
01-07 07:24:58.138   357   396 I keystore2: keystore2::super_key: keystore.boot_level 1000000000 hits maximum 1000000000, finishing.
01-07 07:24:58.174     0     0 I [0 T461   ..] apexd: Snapshot DE subcommand detected
01-07 07:24:58.176     0     0 I [0 T461   ..] apexd: Marking APEXd as ready
01-07 07:24:58.331     0     0 W         : [4 T190   ..] [ADLAK WARN] adlak_platform_get_resource() Failed to get adla_axi_clk
01-07 07:24:58.331     0     0 W         : [4 T190   ..]
01-07 07:24:58.331     0     0 W         : [4 T190   ..] ADLA KMD nn_adj_vol = 1, nn_package_id = 1, nn_efuse_type = 2
01-07 07:24:58.331     0     0 W         : [4 T190   ..] adla kmd version: 1.2.0.6
01-07 07:24:58.331     0     0 W         : [4 T190   ..] adlak_core clk requirement of 800000000 Hz,and real val is 799999988 Hz.
01-07 07:24:58.345     0     0 W         : [4 T190   ..] [ADLAK WARN] adlak_os_thread_create() kthread bind on cpu1
01-07 07:24:58.345     0     0 W         : [4 T190   ..]
01-07 07:24:58.466     0     0 E [3 T1     ..] selinux: SELinux:  Could not stat /data/dalvik-cache/mips: No such file or directory.
01-07 07:24:58.467     0     0 E [3 T1     ..] selinux:  
01-07 07:24:58.467     0     0 E [3 T1     ..] selinux: SELinux:  Could not stat /data/dalvik-cache/mips64: No such file or directory.
01-07 07:24:58.468     0     0 E [3 T1     ..] selinux:  
01-07 07:24:58.469     0     0 E [3 T1     ..] selinux: SELinux:  Could not stat /data/dalvik-cache/x86: No such file or directory.
01-07 07:24:58.556     0     0 I [0 T20    ..] [debug]: ramoops_io_dump=0, buffer=ffffffc00842f000 ftrace_old_log=0000000000000000, size=0, reboot_mode=normal
01-07 07:24:59.056     0     0 W [0 T190   ..] init: Top-level directory needs encryption action, eg mkdir /data/media <mode> <uid> <gid> encryption=Require
01-07 07:24:59.056     0     0 I [0 T190   ..] init: Not setting encryption policy on: /data/media
01-07 07:24:59.080     0     0 E [0 T1     ..] WARNING: Unprivileged eBPF is enabled, data leaks possible via Spectre v2 BHB attacks!
01-07 07:24:59.118     0     0 I [1 T494   ..] update_verifier: Started with arg 1: nonencrypted
01-07 07:24:59.119     0     0 D [7 T493   ..] LibBpfLoader: Loading optional ELF object /apex/com.android.tethering/etc/bpf/test.o with license Apache 2.0
01-07 07:24:59.119     0     0 I [7 T493   ..] LibBpfLoader: Section bpfloader_min_ver value is 2 [0x2]
01-07 07:24:59.119     0     0 I [7 T493   ..] LibBpfLoader: Section bpfloader_max_ver value is 65536 [0x10000]
01-07 07:24:59.119     0     0 I [7 T493   ..] LibBpfLoader: Section size_of_bpf_map_def value is 116 [0x74]
01-07 07:24:59.119     0     0 I [7 T493   ..] LibBpfLoader: Section size_of_bpf_prog_def value is 92 [0x5c]
01-07 07:24:59.119     0     0 I [7 T493   ..] LibBpfLoader: BpfLoader version 0x00013 processing ELF object /apex/com.android.tethering/etc/bpf/test.o with ver [0x00002,0x10000)
01-07 07:24:59.120     0     0 D [7 T493   ..] LibBpfLoader: Loaded code section 3 (xdp_drop_ipv4_udp_ether)
01-07 07:24:59.120     0     0 D [7 T493   ..] LibBpfLoader: Adding section 3 to cs list
01-07 07:24:59.121     0     0 D [7 T493   ..] LibBpfLoader: Couldn't find section btf_min_bpfloader_ver (defaulting to 0 [0x0]).
01-07 07:24:59.121     0     0 D [7 T493   ..] LibBpfLoader: Couldn't find section btf_min_kernel_ver (defaulting to 0 [0x0]).
01-07 07:24:59.122     0     0 I [1 T494   ..] update_verifier: Booting slot 0: isSlotMarkedSuccessful=1
01-07 07:24:59.122     0     0 I [1 T494   ..] update_verifier: Leaving update_verifier.
01-07 07:24:59.200     0     0 I         : [0 T190   ..] Mass Storage Function, version: 2009/09/11
01-07 07:24:59.200     0     0 I [0 T190   ..] LUN: removable file: (no medium)
01-07 07:24:59.202     0     0 I         : [3 T190   ..] file system registered
01-07 07:24:59.204     0     0 W         : [0 T190   ..] using random self ethernet address
01-07 07:24:59.204     0     0 W         : [0 T190   ..] using random host ethernet address
01-07 07:24:59.364     0     0 W         : [0 T190   ..] T7 doesn't support hcodec avc encoder!!
01-07 07:24:59.480     0     0 I         : [4 T190   ..] aml-vcodec-dec vcodec_dec: v4ldec registered as /dev/video26
01-07 07:24:59.493     0     0 E         : [7 T190   ..] register_amlogic_afbc_dec_fun
01-07 07:24:59.543     0     0 I         : [5 T190   ..] Registered frame rate driver success.
01-07 07:24:59.769     0     0 E [6 T190   ..] map_store: rm default
01-07 07:24:59.769     0     0 E [6 T190   ..] map_store: add default decoder ppmgr deinterlace amvideo
01-07 07:24:59.771     0     0 I [6 T190   ..] [snd-soc]: drc high cut scale set to 0%
01-07 07:24:59.772     0     0 I [4 T190   ..] [snd-soc]: drc low boost scale set to 0%
01-07 07:24:59.773     0     0 I [4 T190   ..] [snd-soc]: drc mode set to RF
01-07 07:24:59.779     0     0 W [1 T514   ..] healthd: No battery devices found
01-07 07:24:59.782     0     0 W [1 T514   ..] healthd: battery none chg=
01-07 07:24:59.824     0     0 I [3 T545   ..] [pm]: early_suspend_state=0
01-07 07:24:59.888   540   540 I gsid    : no DSU: No such file or directory
01-07 07:25:00.141     0     0 E [3 T1     ..] init: Control message: Could not find 'vendor.amlogic.hardware.tvserver@1.0::ITvServer/default' for ctl.interface_start from pid: 315 (/system/bin/hwservicemanager)
01-07 07:25:00.208     0     0 I         : [7 T503   ..] vdin0 req vs irq 83
01-07 07:25:00.208     0     0 I         : [7 T503   ..] vdin0 req meta_wr_done_irq
01-07 07:25:00.214     0     0 I [4 T503   ..] [efuse-unifykey]: already inited!
01-07 07:25:00.214     0     0 E [4 T503   ..] [efuse-unifykey]: could not found key hdcp22_rx_fw
01-07 07:25:00.215     0     0 E [4 T503   ..] [efuse-unifykey]: please set key name first, exist_show:751
01-07 07:25:00.216     0     0 I [4 T503   ..] [efuse-unifykey]: already inited!
01-07 07:25:00.216     0     0 E [4 T503   ..] [efuse-unifykey]: could not found key hdcp14_rx
01-07 07:25:00.232     0     0 I [5 T503   ..] [efuse-unifykey]: already inited!
01-07 07:25:00.232     0     0 E [5 T503   ..] [efuse-unifykey]: could not found key hdcp22_rx_fw
01-07 07:25:00.232     0     0 E [5 T503   ..] [efuse-unifykey]: please set key name first, exist_show:751
01-07 07:25:00.241     0     0 I         : [3 T503   ..] vt session 503-0 create
01-07 07:25:00.277     0     0 I         : [2 T513   ..] drm_hdmitx_get_vrr_cap not support vrr
01-07 07:25:00.277     0     0 I         : [2 T513   ..] drm_hdmitx_get_rx_hdcp_cap rx hdcp [1]
01-07 07:25:00.277     0     0 I         : [2 T513   ..] drm_hdmitx_get_rx_hdcp_cap rx hdcp [1]
01-07 07:25:00.341     0     0 E [0 T1     ..] init: Control message: Could not find 'vendor.amlogic.hardware.tvserver@1.0::ITvServer/default' for ctl.interface_start from pid: 315 (/system/bin/hwservicemanager)
01-07 07:25:00.416   525   525 I android.hardware.wifi@1.0-service.droidlogic: Wifi Hal is booting up...
01-07 07:25:00.475   525   525 I HidlServiceManagement: Registered android.hardware.wifi@1.6::IWifi/default
01-07 07:25:00.553     0     0 E [1 T1     ..] init: Control message: Could not find 'vendor.amlogic.hardware.tvserver@1.0::ITvServer/default' for ctl.interface_start from pid: 315 (/system/bin/hwservicemanager)
01-07 07:25:00.622   595   595 I installd: installd firing up
01-07 07:25:00.708     0     0 W [3 T493   ..] printk: bpfloader: 1679 output lines suppressed due to ratelimiting
01-07 07:25:00.738   603   603 W storaged: health: invalid battery status
01-07 07:25:00.748     0     0 E [6 T1     ..] init: Control message: Could not find 'vendor.amlogic.hardware.tvserver@1.0::ITvServer/default' for ctl.interface_start from pid: 315 (/system/bin/hwservicemanager)
01-07 07:25:00.760     0     0 I         : [3 T10    ..] [TEE] M/TA: gatekeeper_messages: 412: Amlogic GATEKEEPER! Build Time: Mar 20 2023 15:26:51 version: 6030636 TDK: ab02024
01-07 07:25:00.760     0     0 I         : [3 T10    ..] [TEE] I/TA:
01-07 07:25:00.760     0     0 I         : [3 T10    ..] [TEE] MM-module-name:Youtube TA,Version:1.0.6-gd116617(build:7738)
01-07 07:25:00.760     0     0 I         : [3 T10    ..] [TEE] E/TA:   MM-module-name:Video firmware TA,Version:1.0.5-g3604ffd(build:6514)
01-07 07:25:00.760     0     0 I         : [3 T10    ..] [TEE] E/TA:   fw_check_pack_version:292 the package has 15 fws totally.
01-07 07:25:00.760     0     0 I         : [3 T10    ..] [TEE] E/TA:   fw_check_pack_version:309 The TA ver is v1.0
01-07 07:25:00.760     0     0 I         : [3 T10    ..] [TEE] E/TA:   fw_check_pack_version:310 The fw ver is v0.4
01-07 07:25:00.760     0     0 I         : [3 T10    ..] [TEE] E/TA:   fw_data_insert:389 the fw with 332 KB will be loaded.
01-07 07:25:00.760     0     0 I         : [3 T10    ..] [TEE] M/TA: TEE_Video_Load_FW success
01-07 07:25:00.787   604   604 I wificond: wificond is starting up...
01-07 07:25:00.791   604   604 I HidlServiceManagement: Registered android.system.wifi.keystore@1.0::IKeystore/default
01-07 07:25:00.818     0     0 E [7 T192   ..] selinux: SELinux: Could not set context for /sys/devices/virtual/net/ipsec_test:  No such file or directory
01-07 07:25:00.819     0     0 E [7 T192   ..] selinux:  
01-07 07:25:00.819     0     0 E [7 T192   ..] selinux: SELinux:  Could not read /sys/devices/virtual/net/ipsec_test: No such file or directory.
01-07 07:25:00.821     0     0 E [7 T192   ..] selinux:  
01-07 07:25:00.821     0     0 E [7 T192   ..] ueventd: selinux_android_restorecon(/sys/devices/virtual/net/ipsec_test) failed: Success
01-07 07:25:00.912     0     0 I [2 T503   ..] dim: load 0x400 pq len 168 later.
01-07 07:25:00.947     0     0 E [5 T1     ..] init: Control message: Could not find 'vendor.amlogic.hardware.tvserver@1.0::ITvServer/default' for ctl.interface_start from pid: 315 (/system/bin/hwservicemanager)
01-07 07:25:01.023     0     0 E [6 T1     ..] init: Control message: Could not find 'aidl/package_native' for ctl.interface_start from pid: 314 (/system/bin/servicemanager)
01-07 07:25:01.149     0     0 E [6 T1     ..] init: Control message: Could not find 'vendor.amlogic.hardware.tvserver@1.0::ITvServer/default' for ctl.interface_start from pid: 315 (/system/bin/hwservicemanager)
01-07 07:25:01.180     0     0 I [3 T503   ..] dim: load 0x1000 pq len 17 later.
01-07 07:25:01.181     0     0 I [3 T503   ..] dim: load 0x2000 pq len 32 later.
01-07 07:25:01.265     0     0 I         : [6 T670   ..] read descriptors
01-07 07:25:01.265     0     0 I         : [6 T670   ..] read strings
01-07 07:25:01.350     0     0 E [1 T1     ..] init: Control message: Could not find 'vendor.amlogic.hardware.tvserver@1.0::ITvServer/default' for ctl.interface_start from pid: 315 (/system/bin/hwservicemanager)
01-07 07:25:01.507     0     0 I         : [1 T682   ..] tee load hdcp key ready
01-07 07:25:01.507     0     0 I         : [1 T682   ..] hdmi ready but hdcp not enabled, enable now
01-07 07:25:01.518     0     0 I [1 T152   ..] hdmitx: rd[0x000a] 0x00
01-07 07:25:01.550     0     0 E [0 T1     ..] init: Control message: Could not find 'vendor.amlogic.hardware.tvserver@1.0::ITvServer/default' for ctl.interface_start from pid: 315 (/system/bin/hwservicemanager)
01-07 07:25:01.559     0     0 I [0 T20    ..] android_work: sent uevent USB_STATE=CONNECTED
01-07 07:25:01.641     0     0 I [0 T20    ..] android_work: sent uevent USB_STATE=CONFIGURED
01-07 07:25:01.719     0     0 E [3 T1     ..] init: Control message: Could not find 'aidl/android.hardware.graphics.composer3.IComposer/default' for ctl.interface_start from pid: 314 (/system/bin/servicemanager)
01-07 07:25:01.729     0     0 D         : [6 T632   ..] caamkeys_ioctl(cmd=3221813249)
01-07 07:25:01.736     0     0 I [0 T162   ..] hdmitx: rd[0x062b] 0x4c
01-07 07:25:01.736     0     0 I [0 T162   ..] hdmitx: rd[0x062c] 0x4c
01-07 07:25:01.736     0     0 I [0 T162   ..] hdmitx: rd[0x062d] 0xfc
01-07 07:25:01.736     0     0 I [0 T162   ..] hdmitx: rd[0x062e] 0xe5
01-07 07:25:01.736     0     0 I [0 T162   ..] hdmitx: rd[0x062f] 0xa2
01-07 07:25:01.736     0     0 I [0 T20    ..] cec: [hdmitx_notify_callback] unsupported notify:4
01-07 07:25:01.783     0     0 I [7 T503   ..] dim: load 0x200 pq len 25 later.
01-07 07:25:01.784     0     0 I         : [3 T415   ..] [TEE] E/TA:   OPTEE_PlatformInit:47
01-07 07:25:01.784     0     0 I         : [3 T415   ..] [TEE] MM-module-name:Widevine TA,Version:17.1-r1.14-ga3ab5eb-p1(build:1509)
01-07 07:25:01.784     0     0 I         : [3 T415   ..] [TEE] E/TA:   OPTEE_MigrateGenerationNumPersistentData:399 migrate read GenerationNum from reefs error. NOT ERROR
01-07 07:25:01.784     0     0 I         : [3 T415   ..] [TEE] I/TA: TA_CloseSessionEntryPoint
01-07 07:25:01.784     0     0 I         : [3 T415   ..] [TEE] M/TA: [PROVISION-TA] the same key [0x11 WIDEVINE_KEY] already exists
01-07 07:25:01.784     0     0 I         : [3 T415   ..] [TEE] M/TA: [PROVISION-TA] the same key [0x31 HDCP_TX14_KEY] already exists
01-07 07:25:01.784     0     0 I         : [3 T415   ..] [TEE] M/TA: [PROVISION-TA] the same key [0x33 HDCP_RX14_KEY] already exists
01-07 07:25:01.784     0     0 I         : [3 T415   ..] [TEE] M/TA: [PROVISION-TA] the same key [0x32 HDCP_TX22_KEY] already exists
01-07 07:25:01.784     0     0 I         : [3 T415   ..] [TEE] M/TA: [PROVISION-TA] the same key [0x36 HDCP_RX22_FW_PRIVATE] already exists
01-07 07:25:01.784     0     0 I         : [3 T415   ..] [TEE] E/TA:   cmd_hdcp_read_key:951 [HDCP-TA] cmd_hdcp_read_key: hdcp_read_key(hdcp_rx22_fw.bin) failed, ret = 0xffff0008
01-07 07:25:01.796     0     0 I [1 T503   ..] dim: load 0x800 pq len 103 later.
01-07 07:25:01.836     0     0 I [6 T121   ..] hdcptx: 1  auth: 1
01-07 07:25:01.882     0     0 I         : [5 T503   ..] aad argp = 00000000c7c2967c	db_o_bl_cv.length=13 mem_size=52
01-07 07:25:01.882     0     0 I         : [5 T503   ..] db_o_bl_cv control db_cabc_aad_param_s success
01-07 07:25:01.882     0     0 I         : [5 T503   ..] db_maxbin_bl_cv control db_cabc_aad_param_s success
01-07 07:25:01.883     0     0 I         : [5 T503   ..] db_LUT_RG_gain control db_cabc_aad_param_s success
01-07 07:25:01.883     0     0 I         : [5 T503   ..] db_LUT_RG_gain control db_cabc_aad_param_s success
01-07 07:25:01.883     0     0 I         : [5 T503   ..] db_LUT_BG_gain control db_cabc_aad_param_s success
01-07 07:25:01.883     0     0 I         : [5 T503   ..] db_gain_lut control db_cabc_aad_param_s success
01-07 07:25:01.883     0     0 I         : [5 T503   ..] db_xy_lut control db_cabc_aad_param_s success
01-07 07:25:02.095     0     0 I         : [2 T513   ..] video_composer_open iminor(inode) =0
01-07 07:25:02.095     0     0 I [2 T513   ..] vc: [0]vd_render_index_get: render_index is 0.
01-07 07:25:02.095     0     0 I [2 T513   ..] vc: [0]get capability: min 64 64; max 4096 2160
01-07 07:25:02.095     0     0 I         : [2 T513   ..] video_composer_open iminor(inode) =1
01-07 07:25:02.095     0     0 I [2 T513   ..] vc: [1]vd_render_index_get: render_index is 5.
01-07 07:25:02.095     0     0 I [2 T513   ..] vc: [1]get capability: min 64 64; max 4096 2160
01-07 07:25:02.095     0     0 I         : [2 T513   ..] video_composer_open iminor(inode) =2
01-07 07:25:02.096     0     0 I [2 T513   ..] vc: [2]vd_render_index_get: render_index is 2.
01-07 07:25:02.096     0     0 I [2 T513   ..] vc: [2]get capability: min 64 64; max 4096 2160
01-07 07:25:02.100     0     0 I         : [1 T513   ..] drm_hdmitx_get_vrr_cap not support vrr
01-07 07:25:02.100     0     0 I         : [1 T513   ..] drm_hdmitx_get_rx_hdcp_cap rx hdcp [1]
01-07 07:25:02.100     0     0 I         : [1 T513   ..] drm_hdmitx_get_rx_hdcp_cap rx hdcp [1]
01-07 07:25:02.101     0     0 I         : [1 T513   ..] drm_hdmitx_get_vrr_cap not support vrr
01-07 07:25:02.102     0     0 I         : [1 T513   ..] drm_hdmitx_get_rx_hdcp_cap rx hdcp [1]
01-07 07:25:02.102     0     0 I         : [1 T513   ..] drm_hdmitx_get_rx_hdcp_cap rx hdcp [1]
01-07 07:25:02.104     0     0 I [1 T513   ..] vc: [0]get capability: min 64 64; max 4096 2160
01-07 07:25:02.104     0     0 I [1 T513   ..] vc: [2]get capability: min 64 64; max 4096 2160
01-07 07:25:02.128     0     0 I         : [4 T503   ..] avmute_store 1
01-07 07:25:02.258     0     0 I [0 T537   ..] [efuse-unifykey]: already inited!
01-07 07:25:02.258     0     0 E [0 T537   ..] [efuse-unifykey]: could not found key hdcp14_rx
01-07 07:25:02.276     0     0 I [0 T537   ..] cec: port_seq:4123
01-07 07:25:02.281     0     0 W         : [3 T537   ..] [RX]-EDID size1 =1536
01-07 07:25:02.281     0     0 W         : [3 T537   ..] [RX]-EDID size2 =1536
01-07 07:25:02.281     0     0 W [3 T537   ..] [RX]-HDMIRX: fill edid buf, size 1536
01-07 07:25:02.282     0     0 W         : [2 T537   ..] [RX]-edid select for UI HDMI4~1: 0x1111, for portD~A: 0x1111
01-07 07:25:02.282     0     0 W         : [2 T537   ..] [RX]-set vrr_func_en to: 0
01-07 07:25:02.282     0     0 W         : [2 T537   ..] [RX]-no this data blk in edid
01-07 07:25:02.282     0     0 W         : [2 T537   ..] [RX]-no this data blk in edid
01-07 07:25:02.284     0     0 W         : [2 T537   ..] [RX]-no this data blk in edid
01-07 07:25:02.284     0     0 W         : [2 T537   ..] [RX]-no this data blk in edid
01-07 07:25:02.286     0     0 W         : [2 T537   ..] [RX]-no this data blk in edid
01-07 07:25:02.286     0     0 W         : [2 T537   ..] [RX]-no this data blk in edid
01-07 07:25:02.288     0     0 W         : [2 T537   ..] [RX]-hdmirx_hw_config port:0
01-07 07:25:02.288     0     0 W         : [2 T537   ..] [RX]-force_fsm_init
01-07 07:25:02.288     0     0 W         : [2 T537   ..] [RX]-no this data blk in edid
01-07 07:25:02.288     0     0 W         : [2 T537   ..] [RX]-no this data blk in edid
01-07 07:25:02.290     0     0 W         : [2 T537   ..] [RX]-no this data blk in edid
01-07 07:25:02.290     0     0 W         : [2 T537   ..] [RX]-no this data blk in edid
01-07 07:25:02.292     0     0 W         : [2 T537   ..] [RX]-no this data blk in edid
01-07 07:25:02.292     0     0 W         : [2 T537   ..] [RX]-no this data blk in edid
01-07 07:25:02.294     0     0 W         : [2 T537   ..] [RX]-hdmirx_hw_config port:1
01-07 07:25:02.294     0     0 W         : [2 T537   ..] [RX]-force_fsm_init
01-07 07:25:02.294     0     0 W         : [2 T537   ..] [RX]-no this data blk in edid
01-07 07:25:02.294     0     0 W         : [2 T537   ..] [RX]-no this data blk in edid
01-07 07:25:02.301     0     0 W         : [7 T537   ..] [RX]-no this data blk in edid
01-07 07:25:02.301     0     0 W         : [7 T537   ..] [RX]-no this data blk in edid
01-07 07:25:02.304     0     0 W         : [7 T537   ..] [RX]-no this data blk in edid
01-07 07:25:02.304     0     0 W         : [7 T537   ..] [RX]-no this data blk in edid
01-07 07:25:02.308     0     0 W         : [7 T537   ..] [RX]-hdmirx_hw_config port:2
01-07 07:25:02.309     0     0 W         : [7 T537   ..] [RX]-force_fsm_init
01-07 07:25:02.309     0     0 W         : [7 T537   ..] [RX]-no this data blk in edid
01-07 07:25:02.309     0     0 W         : [7 T537   ..] [RX]-no this data blk in edid
01-07 07:25:02.312     0     0 W         : [7 T537   ..] [RX]-no this data blk in edid
01-07 07:25:02.312     0     0 W         : [7 T537   ..] [RX]-no this data blk in edid
01-07 07:25:02.315     0     0 W         : [7 T537   ..] [RX]-no this data blk in edid
01-07 07:25:02.315     0     0 W         : [7 T537   ..] [RX]-no this data blk in edid
01-07 07:25:02.318     0     0 W         : [7 T537   ..] [RX]-hdmirx_hw_config port:3
01-07 07:25:02.318     0     0 W         : [7 T537   ..] [RX]-force_fsm_init
01-07 07:25:02.318     0     0 W         : [7 T537   ..] [RX]-*update edid*
01-07 07:25:02.381     0     0 I         : [3 T503   ..] avmute_store -1
01-07 07:25:02.782   773   779 D BootAnimation: BootAnimation::threadLoop
01-07 07:25:02.784   773   779 D BootAnimation: bootVideoProp=50, mConfig=0, mVol=50, mMute=0
01-07 07:25:02.826   773   779 D BootAnimation: BootAnimationShownTiming start time: 14482ms
01-07 07:25:02.925   498   498 V Zygote32Timing: PostZygoteInitGC took to complete: 32ms
01-07 07:25:02.925   498   498 V Zygote32Timing: ZygoteInit took to complete: 59ms
01-07 07:25:02.946     0     0 I         : [1 T145   ..] free_reserved_mem 293 logo start_addr=3f800000, end=40000000
01-07 07:25:02.948     0     0 I [1 T145   ..] [memory-debug]: Freeing fb-memory memory: 8192K
01-07 07:25:02.948     0     0 I         : [1 T145   ..] [drm] am_meson_free_logo_memory, free none_cma memory: addr:0x0x000000003f800000,size:0x800000
01-07 07:25:03.068   497   497 V Zygote64Timing: BeginPreload took to complete: 175ms
01-07 07:25:04.633   497   497 V Zygote64Timing: PreloadClasses took to complete: 1565ms
01-07 07:25:04.651   497   497 V Zygote64Timing: CacheNonBootClasspathClassLoaders took to complete: 18ms
01-07 07:25:04.699   497   497 V Zygote64Timing: PreloadResources took to complete: 48ms
01-07 07:25:04.785   497   497 V Zygote64Timing: ZygotePreload took to complete: 1893ms
01-07 07:25:04.913   497   497 V Zygote64Timing: PostZygoteInitGC took to complete: 128ms
01-07 07:25:04.913   497   497 V Zygote64Timing: ZygoteInit took to complete: 2047ms
01-07 07:25:05.381     0     0 E [5 T1     ..] init: Control message: Could not find 'aidl/device_state' for ctl.interface_start from pid: 314 (/system/bin/servicemanager)
01-07 07:25:05.772   603   603 E storaged: getService package_native failed
01-07 07:25:05.774   603   946 I storaged: storaged: Start
01-07 07:25:05.944   939   939 D SystemServerTiming: InitBeforeStartServices
01-07 07:25:05.950   939   939 I SystemServer: Entered the Android system server!
01-07 07:25:06.028     0     0 E [7 T1     ..] init: Control message: Could not find 'aidl/package_native' for ctl.interface_start from pid: 314 (/system/bin/servicemanager)
01-07 07:25:06.374   939   939 I SystemServerInitThreadPool: Creating instance with 8 threads
01-07 07:25:06.381     0     0 E [1 T1     ..] init: Control message: Could not find 'aidl/device_state' for ctl.interface_start from pid: 314 (/system/bin/servicemanager)
01-07 07:25:06.844   939   939 V SystemServerTiming: InitBeforeStartServices took to complete: 900ms
01-07 07:25:06.844   939   939 D SystemServerTiming: StartServices
01-07 07:25:06.844   939   939 D SystemServerTiming: startBootstrapServices
01-07 07:25:06.844   939   939 D SystemServerTiming: StartWatchdog
01-07 07:25:06.855   939   939 V SystemServerTiming: StartWatchdog took to complete: 11ms
01-07 07:25:06.855   939   939 I SystemServer: Reading configuration...
01-07 07:25:06.855   939   939 D SystemServerTiming: ReadingSystemConfig
01-07 07:25:06.855   939   939 V SystemServerTiming: ReadingSystemConfig took to complete: 0ms
01-07 07:25:06.855   939   939 D SystemServerTiming: PlatformCompat
01-07 07:25:06.856   939   975 D SystemServerTimingAsync: InitThreadPoolExec:ReadingSystemConfig
01-07 07:25:06.856   939   975 D SystemServerInitThreadPool: Started executing ReadingSystemConfig
01-07 07:25:06.857   939   939 D CompatConfig: Found a config file: /system/etc/compatconfig/calendar-provider-compat-config.xml
01-07 07:25:06.858   939   975 I SystemConfig: Reading permissions from /system/etc/sysconfig/framework-sysconfig.xml
01-07 07:25:06.858   939   939 D CompatConfig: Adding: com.android.server.compat.config.Change@1382ec6
01-07 07:25:06.859   939   939 D CompatConfig: Found a config file: /system/etc/compatconfig/framework-platform-compat-config.xml
01-07 07:25:06.860   939   975 I SystemConfig: Reading permissions from /system/etc/sysconfig/preinstalled-packages-com.android.providers.media.module.xml
01-07 07:25:06.861   939   975 I SystemConfig: Reading permissions from /system/etc/sysconfig/hiddenapi-package-whitelist.xml
01-07 07:25:06.861   939   939 D CompatConfig: Adding: com.android.server.compat.config.Change@6f87152
01-07 07:25:06.861   939   939 D CompatConfig: Adding: com.android.server.compat.config.Change@1bb6c23
01-07 07:25:06.861   939   939 D CompatConfig: Adding: com.android.server.compat.config.Change@dd1e520
01-07 07:25:06.861   939   939 D CompatConfig: Adding: com.android.server.compat.config.Change@cee7ed9
01-07 07:25:06.862   939   939 D CompatConfig: Adding: com.android.server.compat.config.Change@108509e
01-07 07:25:06.862   939   939 D CompatConfig: Adding: com.android.server.compat.config.Change@14ea77f
01-07 07:25:06.862   939   939 D CompatConfig: Adding: com.android.server.compat.config.Change@c0334c
01-07 07:25:06.862   939   939 D CompatConfig: Adding: com.android.server.compat.config.Change@a3f2f95
01-07 07:25:06.862   939   939 D CompatConfig: Adding: com.android.server.compat.config.Change@fa4d8aa
01-07 07:25:06.862   939   939 D CompatConfig: Adding: com.android.server.compat.config.Change@b03c9b
01-07 07:25:06.862   939   939 D CompatConfig: Adding: com.android.server.compat.config.Change@8633838
01-07 07:25:06.862   939   939 D CompatConfig: Adding: com.android.server.compat.config.Change@b03011
01-07 07:25:06.862   939   939 D CompatConfig: Adding: com.android.server.compat.config.Change@7cfd576
01-07 07:25:06.862   939   939 D CompatConfig: Adding: com.android.server.compat.config.Change@5cc0777
01-07 07:25:06.862   939   939 D CompatConfig: Adding: com.android.server.compat.config.Change@f2f9fe4
01-07 07:25:06.862   939   939 D CompatConfig: Adding: com.android.server.compat.config.Change@856bc4d
01-07 07:25:06.862   939   939 D CompatConfig: Adding: com.android.server.compat.config.Change@adbd302
01-07 07:25:06.862   939   939 D CompatConfig: Adding: com.android.server.compat.config.Change@f6fa413
01-07 07:25:06.862   939   939 D CompatConfig: Adding: com.android.server.compat.config.Change@38d650
01-07 07:25:06.862   939   939 D CompatConfig: Adding: com.android.server.compat.config.Change@b5fd049
01-07 07:25:06.862   939   939 D CompatConfig: Adding: com.android.server.compat.config.Change@ab81d4e
01-07 07:25:06.862   939   939 D CompatConfig: Adding: com.android.server.compat.config.Change@1a66e6f
01-07 07:25:06.862   939   939 D CompatConfig: Adding: com.android.server.compat.config.Change@25d077c
01-07 07:25:06.862   939   939 D CompatConfig: Adding: com.android.server.compat.config.Change@6fcc05a
01-07 07:25:06.862   939   939 D CompatConfig: Adding: com.android.server.compat.config.Change@bd5828b
01-07 07:25:06.862   939   939 D CompatConfig: Adding: com.android.server.compat.config.Change@a311f68
01-07 07:25:06.862   939   939 D CompatConfig: Adding: com.android.server.compat.config.Change@ec3f81
01-07 07:25:06.862   939   939 D CompatConfig: Adding: com.android.server.compat.config.Change@eb68826
01-07 07:25:06.862   939   939 D CompatConfig: Adding: com.android.server.compat.config.Change@497bc67
01-07 07:25:06.862   939   939 D CompatConfig: Adding: com.android.server.compat.config.Change@eacca14
01-07 07:25:06.862   939   939 D CompatConfig: Adding: com.android.server.compat.config.Change@49c52bd
01-07 07:25:06.862   939   939 D CompatConfig: Adding: com.android.server.compat.config.Change@2f300b2
01-07 07:25:06.862   939   975 I SystemConfig: Reading permissions from /system/etc/sysconfig/netflix.xml
01-07 07:25:06.862   939   939 D CompatConfig: Adding: com.android.server.compat.config.Change@759b803
01-07 07:25:06.862   939   939 D CompatConfig: Adding: com.android.server.compat.config.Change@c967380
01-07 07:25:06.863   939   939 D CompatConfig: Adding: com.android.server.compat.config.Change@8405db9
01-07 07:25:06.863   939   939 D CompatConfig: Adding: com.android.server.compat.config.Change@60c75fe
01-07 07:25:06.863   939   939 D CompatConfig: Adding: com.android.server.compat.config.Change@fb5d15f
01-07 07:25:06.863   939   939 D CompatConfig: Adding: com.android.server.compat.config.Change@4af47ac
01-07 07:25:06.863   939   939 D CompatConfig: Adding: com.android.server.compat.config.Change@1801c75
01-07 07:25:06.863   939   939 D CompatConfig: Adding: com.android.server.compat.config.Change@3b5f40a
01-07 07:25:06.863   939   939 D CompatConfig: Adding: com.android.server.compat.config.Change@e90247b
01-07 07:25:06.863   939   939 D CompatConfig: Adding: com.android.server.compat.config.Change@9f3298
01-07 07:25:06.863   939   939 D CompatConfig: Adding: com.android.server.compat.config.Change@ec30af1
01-07 07:25:06.863   939   939 D CompatConfig: Adding: com.android.server.compat.config.Change@dc746d6
01-07 07:25:06.863   939   939 D CompatConfig: Adding: com.android.server.compat.config.Change@4f28d57
01-07 07:25:06.863   939   939 D CompatConfig: Adding: com.android.server.compat.config.Change@aa0e044
01-07 07:25:06.863   939   939 D CompatConfig: Adding: com.android.server.compat.config.Change@36c652d
01-07 07:25:06.863   939   939 D CompatConfig: Adding: com.android.server.compat.config.Change@9c8fa62
01-07 07:25:06.863   939   939 D CompatConfig: Adding: com.android.server.compat.config.Change@a8a7f3
01-07 07:25:06.863   939   939 D CompatConfig: Adding: com.android.server.compat.config.Change@3edbcb0
01-07 07:25:06.863   939   939 D CompatConfig: Adding: com.android.server.compat.config.Change@bd72729
01-07 07:25:06.863   939   939 D CompatConfig: Adding: com.android.server.compat.config.Change@b405aae
01-07 07:25:06.863   939   939 D CompatConfig: Adding: com.android.server.compat.config.Change@69bd04f
01-07 07:25:06.863   939   939 D CompatConfig: Adding: com.android.server.compat.config.Change@5e9f3dc
01-07 07:25:06.863   939   939 D CompatConfig: Adding: com.android.server.compat.config.Change@6bb73ba
01-07 07:25:06.863   939   939 D CompatConfig: Adding: com.android.server.compat.config.Change@6ef226b
01-07 07:25:06.863   939   939 D CompatConfig: Adding: com.android.server.compat.config.Change@a1071c8
01-07 07:25:06.863   939   975 I SystemConfig: Reading permissions from /system/etc/sysconfig/preinstalled-packages-platform.xml
01-07 07:25:06.863   939   939 D CompatConfig: Adding: com.android.server.compat.config.Change@45b9261
01-07 07:25:06.863   939   939 D CompatConfig: Adding: com.android.server.compat.config.Change@99d1186
01-07 07:25:06.863   939   939 D CompatConfig: Adding: com.android.server.compat.config.Change@6db7a47
01-07 07:25:06.863   939   939 D CompatConfig: Adding: com.android.server.compat.config.Change@49ee274
01-07 07:25:06.863   939   939 D CompatConfig: Adding: com.android.server.compat.config.Change@a5df39d
01-07 07:25:06.863   939   939 D CompatConfig: Adding: com.android.server.compat.config.Change@2a8c012
01-07 07:25:06.863   939   939 D CompatConfig: Adding: com.android.server.compat.config.Change@c4b73e3
01-07 07:25:06.864   939   939 D CompatConfig: Adding: com.android.server.compat.config.Change@e01b1e0
01-07 07:25:06.864   939   939 D CompatConfig: Adding: com.android.server.compat.config.Change@e2b2c99
01-07 07:25:06.864   939   939 D CompatConfig: Adding: com.android.server.compat.config.Change@74ecb5e
01-07 07:25:06.864   939   939 D CompatConfig: Adding: com.android.server.compat.config.Change@7376b3f
01-07 07:25:06.864   939   939 D CompatConfig: Adding: com.android.server.compat.config.Change@7000c0c
01-07 07:25:06.864   939   939 D CompatConfig: Adding: com.android.server.compat.config.Change@bf8f955
01-07 07:25:06.864   939   939 D CompatConfig: Adding: com.android.server.compat.config.Change@1b83f6a
01-07 07:25:06.864   939   939 D CompatConfig: Adding: com.android.server.compat.config.Change@4c17c5b
01-07 07:25:06.864   939   939 D CompatConfig: Adding: com.android.server.compat.config.Change@3a7dcf8
01-07 07:25:06.864   939   939 D CompatConfig: Adding: com.android.server.compat.config.Change@39cd5d1
01-07 07:25:06.864   939   939 D CompatConfig: Adding: com.android.server.compat.config.Change@392e836
01-07 07:25:06.864   939   939 D CompatConfig: Adding: com.android.server.compat.config.Change@8118337
01-07 07:25:06.864   939   939 D CompatConfig: Adding: com.android.server.compat.config.Change@8f9d0a4
01-07 07:25:06.864   939   939 D CompatConfig: Adding: com.android.server.compat.config.Change@2c7fe0d
01-07 07:25:06.864   939   939 D CompatConfig: Adding: com.android.server.compat.config.Change@99d51c2
01-07 07:25:06.864   939   939 D CompatConfig: Adding: com.android.server.compat.config.Change@4f11bd3
01-07 07:25:06.864   939   939 D CompatConfig: Adding: com.android.server.compat.config.Change@9555310
01-07 07:25:06.864   939   939 D CompatConfig: Adding: com.android.server.compat.config.Change@7036e09
01-07 07:25:06.864   939   939 D CompatConfig: Adding: com.android.server.compat.config.Change@bf2c80e
01-07 07:25:06.864   939   939 D CompatConfig: Adding: com.android.server.compat.config.Change@827a22f
01-07 07:25:06.864   939   939 D CompatConfig: Adding: com.android.server.compat.config.Change@ba4903c
01-07 07:25:06.864   939   939 D CompatConfig: Adding: com.android.server.compat.config.Change@36be1c5
01-07 07:25:06.864   939   939 D CompatConfig: Adding: com.android.server.compat.config.Change@717571a
01-07 07:25:06.864   939   939 D CompatConfig: Adding: com.android.server.compat.config.Change@996324b
01-07 07:25:06.865   939   939 D CompatConfig: Found a config file: /system/etc/compatconfig/TeleService-platform-compat-config.xml
01-07 07:25:06.866   939   975 I SystemConfig: Reading permissions from /system/etc/permissions/tahoe_core_hardware.xml
01-07 07:25:06.866   939   939 D CompatConfig: Adding: com.android.server.compat.config.Change@9c3cae6
01-07 07:25:06.866   939   939 D CompatConfig: Adding: com.android.server.compat.config.Change@413a827
01-07 07:25:06.866   939   939 D CompatConfig: Adding: com.android.server.compat.config.Change@ec4aad4
01-07 07:25:06.866   939   939 D CompatConfig: Adding: com.android.server.compat.config.Change@9c1847d
01-07 07:25:06.866   939   939 D CompatConfig: Adding: com.android.server.compat.config.Change@371af72
01-07 07:25:06.866   939   939 D CompatConfig: Adding: com.android.server.compat.config.Change@f089fc3
01-07 07:25:06.867   939   939 D CompatConfig: Found a config file: /system/etc/compatconfig/documents-ui-compat-config.xml
01-07 07:25:06.867   939   975 I SystemConfig: Reading permissions from /system/etc/permissions/privapp-permissions-platform.xml
01-07 07:25:06.868   939   939 D CompatConfig: Adding: com.android.server.compat.config.Change@fa750be
01-07 07:25:06.868   939   939 D CompatConfig: Found a config file: /system/etc/compatconfig/services-platform-compat-config.xml
01-07 07:25:06.870   939   939 D CompatConfig: Adding: com.android.server.compat.config.Change@a4a806c
01-07 07:25:06.870   939   939 D CompatConfig: Adding: com.android.server.compat.config.Change@461c635
01-07 07:25:06.870   939   939 D CompatConfig: Adding: com.android.server.compat.config.Change@a03baca
01-07 07:25:06.870   939   939 D CompatConfig: Adding: com.android.server.compat.config.Change@8bc443b
01-07 07:25:06.870   939   939 D CompatConfig: Adding: com.android.server.compat.config.Change@5953758
01-07 07:25:06.870   939   939 D CompatConfig: Adding: com.android.server.compat.config.Change@d7590b1
01-07 07:25:06.870   939   939 D CompatConfig: Adding: com.android.server.compat.config.Change@70ab996
01-07 07:25:06.870   939   939 D CompatConfig: Adding: com.android.server.compat.config.Change@420e917
01-07 07:25:06.870   939   939 D CompatConfig: Adding: com.android.server.compat.config.Change@7d27104
01-07 07:25:06.870   939   939 D CompatConfig: Adding: com.android.server.compat.config.Change@2186ed
01-07 07:25:06.870   939   939 D CompatConfig: Adding: com.android.server.compat.config.Change@db0d922
01-07 07:25:06.870   939   939 D CompatConfig: Adding: com.android.server.compat.config.Change@8c0ffb3
01-07 07:25:06.870   939   939 D CompatConfig: Adding: com.android.server.compat.config.Change@f879970
01-07 07:25:06.870   939   939 D CompatConfig: Adding: com.android.server.compat.config.Change@a1ca4e9
01-07 07:25:06.870   939   939 D CompatConfig: Adding: com.android.server.compat.config.Change@da7656e
01-07 07:25:06.871   939   939 D CompatConfig: Adding: com.android.server.compat.config.Change@241e40f
01-07 07:25:06.871   939   939 D CompatConfig: Adding: com.android.server.compat.config.Change@c24dc9c
01-07 07:25:06.871   939   939 D CompatConfig: Adding: com.android.server.compat.config.Change@391a6a5
01-07 07:25:06.871   939   939 D CompatConfig: Adding: com.android.server.compat.config.Change@e686a7a
01-07 07:25:06.871   939   939 D CompatConfig: Adding: com.android.server.compat.config.Change@742b22b
01-07 07:25:06.871   939   939 D CompatConfig: Adding: com.android.server.compat.config.Change@1f12688
01-07 07:25:06.871   939   939 D CompatConfig: Adding: com.android.server.compat.config.Change@29b0821
01-07 07:25:06.871   939   939 D CompatConfig: Adding: com.android.server.compat.config.Change@302b446
01-07 07:25:06.871   939   939 D CompatConfig: Adding: com.android.server.compat.config.Change@f384607
01-07 07:25:06.871   939   939 D CompatConfig: Adding: com.android.server.compat.config.Change@b62334
01-07 07:25:06.871   939   939 D CompatConfig: Adding: com.android.server.compat.config.Change@a7f055d
01-07 07:25:06.871   939   939 D CompatConfig: Adding: com.android.server.compat.config.Change@ea5ced2
01-07 07:25:06.871   939   939 D CompatConfig: Adding: com.android.server.compat.config.Change@a093ba3
01-07 07:25:06.871   939   939 D CompatConfig: Adding: com.android.server.compat.config.Change@92c3ea0
01-07 07:25:06.871   939   939 D CompatConfig: Adding: com.android.server.compat.config.Change@2ab9a59
01-07 07:25:06.871   939   939 D CompatConfig: Adding: com.android.server.compat.config.Change@5ee061e
01-07 07:25:06.871   939   939 D CompatConfig: Adding: com.android.server.compat.config.Change@569eeff
01-07 07:25:06.871   939   939 D CompatConfig: Adding: com.android.server.compat.config.Change@d26a4cc
01-07 07:25:06.871   939   939 D CompatConfig: Adding: com.android.server.compat.config.Change@1728315
01-07 07:25:06.871   939   939 D CompatConfig: Adding: com.android.server.compat.config.Change@8f0662a
01-07 07:25:06.871   939   939 D CompatConfig: Adding: com.android.server.compat.config.Change@bf87c1b
01-07 07:25:06.871   939   939 D CompatConfig: Adding: com.android.server.compat.config.Change@67f41b8
01-07 07:25:06.871   939   939 D CompatConfig: Adding: com.android.server.compat.config.Change@6853b91
01-07 07:25:06.871   939   939 D CompatConfig: Adding: com.android.server.compat.config.Change@206baf6
01-07 07:25:06.871   939   939 D CompatConfig: Adding: com.android.server.compat.config.Change@a18bef7
01-07 07:25:06.871   939   939 D CompatConfig: Adding: com.android.server.compat.config.Change@c2c164
01-07 07:25:06.871   939   939 D CompatConfig: Adding: com.android.server.compat.config.Change@130ffcd
01-07 07:25:06.871   939   939 D CompatConfig: Adding: com.android.server.compat.config.Change@55b9082
01-07 07:25:06.871   939   939 D CompatConfig: Adding: com.android.server.compat.config.Change@4905393
01-07 07:25:06.871   939   939 D CompatConfig: Adding: com.android.server.compat.config.Change@19c8fd0
01-07 07:25:06.871   939   939 D CompatConfig: Adding: com.android.server.compat.config.Change@e5acbc9
01-07 07:25:06.871   939   939 D CompatConfig: Adding: com.android.server.compat.config.Change@d3632ce
01-07 07:25:06.871   939   939 D CompatConfig: Adding: com.android.server.compat.config.Change@ce295ef
01-07 07:25:06.872   939   939 D CompatConfig: Adding: com.android.server.compat.config.Change@c02d8fc
01-07 07:25:06.872   939   939 D CompatConfig: Adding: com.android.server.compat.config.Change@a3b5b85
01-07 07:25:06.872   939   939 D CompatConfig: Adding: com.android.server.compat.config.Change@f06adda
01-07 07:25:06.872   939   939 D CompatConfig: Adding: com.android.server.compat.config.Change@f6ca20b
01-07 07:25:06.872   939   939 D CompatConfig: Adding: com.android.server.compat.config.Change@a2288e8
01-07 07:25:06.872   939   939 D CompatConfig: Adding: com.android.server.compat.config.Change@1db2b01
01-07 07:25:06.872   939   939 D CompatConfig: Adding: com.android.server.compat.config.Change@531cda6
01-07 07:25:06.872   939   939 D CompatConfig: Adding: com.android.server.compat.config.Change@74153e7
01-07 07:25:06.872   939   939 D CompatConfig: Adding: com.android.server.compat.config.Change@a0b4b94
01-07 07:25:06.872   939   939 D CompatConfig: Adding: com.android.server.compat.config.Change@4e763d
01-07 07:25:06.872   939   939 D CompatConfig: Adding: com.android.server.compat.config.Change@99d1e32
01-07 07:25:06.872   939   939 D CompatConfig: Adding: com.android.server.compat.config.Change@3c54783
01-07 07:25:06.872   939   939 D CompatConfig: Adding: com.android.server.compat.config.Change@91b8d00
01-07 07:25:06.872   939   939 D CompatConfig: Adding: com.android.server.compat.config.Change@3b13939
01-07 07:25:06.872   939   939 D CompatConfig: Adding: com.android.server.compat.config.Change@cfaeb7e
01-07 07:25:06.872   939   939 D CompatConfig: Found a config file: /system/etc/compatconfig/contacts-provider-platform-compat-config.xml
01-07 07:25:06.873   939   939 D CompatConfig: Found a config file: /system/etc/compatconfig/icu4j-platform-compat-config.xml
01-07 07:25:06.873   939   975 I SystemConfig: Reading permissions from /system/etc/permissions/android.test.runner.xml
01-07 07:25:06.874   939   939 D CompatConfig: Adding: com.android.server.compat.config.Change@6d6418a
01-07 07:25:06.874   939   939 D CompatConfig: No directory /system/system_ext/etc/compatconfig, skipping
01-07 07:25:06.875   939   975 I SystemConfig: Reading permissions from /system/etc/permissions/privapp_allowlist_com.android.providers.media.module.xml
01-07 07:25:06.876   939   975 I SystemConfig: Reading permissions from /system/etc/permissions/android.test.mock.xml
01-07 07:25:06.877   939   939 D ApexManagerTiming: getActiveApexInfos_noCache
01-07 07:25:06.877   939   975 I SystemConfig: Reading permissions from /system/etc/permissions/privapp_allowlist_com.android.adservices.api.xml
01-07 07:25:06.878   939   975 I SystemConfig: Reading permissions from /system/etc/permissions/com.android.future.usb.accessory.xml
01-07 07:25:06.880   939   975 I SystemConfig: Reading permissions from /system/etc/permissions/tv_core_hardware.xml
01-07 07:25:06.881   939   975 I SystemConfig: Reading permissions from /system/etc/permissions/com.android.location.provider.xml
01-07 07:25:06.882   939   975 I SystemConfig: Reading permissions from /system/etc/permissions/javax.obex.xml
01-07 07:25:06.883   939   975 I SystemConfig: Reading permissions from /system/etc/permissions/sonos_platform.xml
01-07 07:25:06.885   939   975 I SystemConfig: Reading permissions from /system/etc/permissions/android.hardware.bluetooth.xml
01-07 07:25:06.886   939   975 I SystemConfig: Reading permissions from /system/etc/permissions/android.hardware.bluetooth_le.xml
01-07 07:25:06.887   939   975 I SystemConfig: Reading permissions from /system/etc/permissions/android.test.base.xml
01-07 07:25:06.888   939   975 I SystemConfig: Reading permissions from /system/etc/permissions/com.android.networkstack.xml
01-07 07:25:06.889   939   975 I SystemConfig: Reading permissions from /system/etc/permissions/com.android.media.remotedisplay.xml
01-07 07:25:06.890   939   975 I SystemConfig: Reading permissions from /system/etc/permissions/privapp_allowlist_android.ext.services.xml
01-07 07:25:06.891   939   975 I SystemConfig: Reading permissions from /system/etc/permissions/com.android.media.tv.remoteprovider.xml
01-07 07:25:06.892   939   975 I SystemConfig: Reading permissions from /system/etc/permissions/com.android.mediadrm.signer.xml
