01-07 03:34:24.091     0     0 D [3 T2884  ..] [snd-soc]: spdif_b is set to enable
01-07 03:34:24.093     0     0 W [7 T441   ..] printk: binder:391_1: 142 output lines suppressed due to ratelimiting
01-07 03:34:24.194     0     0 I         : [3 T8     ..] [TEE] E/TA:   OPTEE_PlatformInit:47
01-07 03:34:24.194     0     0 I         : [3 T8     ..] [TEE] MM-module-name:Widevine TA,Version:17.1-r1.14-ga3ab5eb-p1(build:1509)
01-07 03:34:24.194     0     0 I         : [3 T8     ..] [TEE] E/TA:   OPTEE_MigrateGenerationNumPersistentData:399 migrate read GenerationNum from reefs error. NOT ERROR
01-07 03:34:24.226     0     0 W [5 T2924  ..] audit: audit_lost=9263 audit_rate_limit=5 audit_backlog_limit=64
01-07 03:34:24.226     0     0 E [5 T2924  ..] audit: rate limit exceeded
--------- beginning of system
01-07 03:34:30.519   929  3086 V SystemServerTimingAsync: ssm.onCompletedEventUser-0_{|Unlocked|}_com.android.server.timezonedetector.TimeZoneDetectorService$Lifecycle took to complete: 0ms
01-07 03:34:30.519   929  3086 D SystemServerTimingAsync: ssm.onCompletedEventUser-0_{|Unlocked|}_com.android.server.audio.AudioService$Lifecycle
01-07 03:34:30.519   929  3084 V SystemServerTimingAsync: ssm.onCompletedEventUser-0_{|Unlocked|}_com.android.server.search.SearchManagerService$Lifecycle took to complete: 0ms
01-07 03:34:30.519   929  3084 D SystemServerTimingAsync: ssm.onCompletedEventUser-0_{|Unlocked|}_com.android.server.soundtrigger_middleware.SoundTriggerMiddlewareService$Lifecycle
01-07 03:34:30.519   929  3086 V SystemServerTimingAsync: ssm.onCompletedEventUser-0_{|Unlocked|}_com.android.server.audio.AudioService$Lifecycle took to complete: 0ms
01-07 03:34:30.519   929  3086 D SystemServerTimingAsync: ssm.onCompletedEventUser-0_{|Unlocked|}_com.android.server.DockObserver
01-07 03:34:30.519   929  3084 V SystemServerTimingAsync: ssm.onCompletedEventUser-0_{|Unlocked|}_com.android.server.soundtrigger_middleware.SoundTriggerMiddlewareService$Lifecycle took to complete: 0ms
01-07 03:34:30.519   929  3084 D SystemServerTimingAsync: ssm.onCompletedEventUser-0_{|Unlocked|}_com.android.server.adb.AdbService$Lifecycle
01-07 03:34:30.519   929  3086 V SystemServerTimingAsync: ssm.onCompletedEventUser-0_{|Unlocked|}_com.android.server.DockObserver took to complete: 0ms
01-07 03:34:30.519   929  3085 D SystemServerTimingAsync: ssm.onCompletedEventUser-0_{|Unlocked|}_com.android.server.wallpapereffectsgeneration.WallpaperEffectsGenerationManagerService
01-07 03:34:30.519   929  3084 V SystemServerTimingAsync: ssm.onCompletedEventUser-0_{|Unlocked|}_com.android.server.adb.AdbService$Lifecycle took to complete: 0ms
01-07 03:34:30.520   929  3084 D SystemServerTimingAsync: ssm.onCompletedEventUser-0_{|Unlocked|}_com.android.server.twilight.TwilightService
01-07 03:34:30.520   929  3085 V SystemServerTimingAsync: ssm.onCompletedEventUser-0_{|Unlocked|}_com.android.server.wallpapereffectsgeneration.WallpaperEffectsGenerationManagerService took to complete: 0ms
01-07 03:34:30.520   929  3085 D SystemServerTimingAsync: ssm.onCompletedEventUser-0_{|Unlocked|}_com.android.server.display.color.ColorDisplayService
01-07 03:34:30.520   929  3084 V SystemServerTimingAsync: ssm.onCompletedEventUser-0_{|Unlocked|}_com.android.server.twilight.TwilightService took to complete: 0ms
01-07 03:34:30.520   929  3084 D SystemServerTimingAsync: ssm.onCompletedEventUser-0_{|Unlocked|}_com.android.server.job.JobSchedulerService
01-07 03:34:30.520   929  3085 V SystemServerTimingAsync: ssm.onCompletedEventUser-0_{|Unlocked|}_com.android.server.display.color.ColorDisplayService took to complete: 0ms
01-07 03:34:30.520   929  3085 D SystemServerTimingAsync: ssm.onCompletedEventUser-0_{|Unlocked|}_com.android.server.soundtrigger.SoundTriggerService
01-07 03:34:30.520   929  3084 V SystemServerTimingAsync: ssm.onCompletedEventUser-0_{|Unlocked|}_com.android.server.job.JobSchedulerService took to complete: 0ms
01-07 03:34:30.520   929  3084 D SystemServerTimingAsync: ssm.onCompletedEventUser-0_{|Unlocked|}_com.android.server.trust.TrustManagerService
01-07 03:34:30.520   929  3085 V SystemServerTimingAsync: ssm.onCompletedEventUser-0_{|Unlocked|}_com.android.server.soundtrigger.SoundTriggerService took to complete: 0ms
01-07 03:34:30.520   929  3085 D SystemServerTimingAsync: ssm.onCompletedEventUser-0_{|Unlocked|}_com.android.server.backup.BackupManagerService$Lifecycle
01-07 03:34:30.520   929  3084 V SystemServerTimingAsync: ssm.onCompletedEventUser-0_{|Unlocked|}_com.android.server.trust.TrustManagerService took to complete: 0ms
01-07 03:34:30.520   929  3084 D SystemServerTimingAsync: ssm.onCompletedEventUser-0_{|Unlocked|}_com.android.server.appwidget.AppWidgetService
01-07 03:34:30.520   929  3085 V SystemServerTimingAsync: ssm.onCompletedEventUser-0_{|Unlocked|}_com.android.server.backup.BackupManagerService$Lifecycle took to complete: 0ms
01-07 03:34:30.520   929  3085 D SystemServerTimingAsync: ssm.onCompletedEventUser-0_{|Unlocked|}_com.android.server.voiceinteraction.VoiceInteractionManagerService
01-07 03:34:30.520   929  3084 V SystemServerTimingAsync: ssm.onCompletedEventUser-0_{|Unlocked|}_com.android.server.appwidget.AppWidgetService took to complete: 0ms
01-07 03:34:30.520   929  3084 D SystemServerTimingAsync: ssm.onCompletedEventUser-0_{|Unlocked|}_com.android.server.apphibernation.AppHibernationService
01-07 03:34:30.520   929  3084 V SystemServerTimingAsync: ssm.onCompletedEventUser-0_{|Unlocked|}_com.android.server.apphibernation.AppHibernationService took to complete: 0ms
01-07 03:34:30.520   929  3084 D SystemServerTimingAsync: ssm.onCompletedEventUser-0_{|Unlocked|}_com.android.server.GestureLauncherService
01-07 03:34:30.520   929  3086 D SystemServerTimingAsync: ssm.onCompletedEventUser-0_{|Unlocked|}_com.android.server.usb.UsbService$Lifecycle
01-07 03:34:30.520   929  3086 V SystemServerTimingAsync: ssm.onCompletedEventUser-0_{|Unlocked|}_com.android.server.usb.UsbService$Lifecycle took to complete: 0ms
01-07 03:34:30.520   929  3086 D SystemServerTimingAsync: ssm.onCompletedEventUser-0_{|Unlocked|}_com.android.server.SensorNotificationService
01-07 03:34:30.520   929  3085 V SystemServerTimingAsync: ssm.onCompletedEventUser-0_{|Unlocked|}_com.android.server.voiceinteraction.VoiceInteractionManagerService took to complete: 0ms
01-07 03:34:30.520   929  3085 D SystemServerTimingAsync: ssm.onCompletedEventUser-0_{|Unlocked|}_com.android.server.emergency.EmergencyAffordanceService
01-07 03:34:30.520   929  3086 V SystemServerTimingAsync: ssm.onCompletedEventUser-0_{|Unlocked|}_com.android.server.SensorNotificationService took to complete: 0ms
01-07 03:34:30.520   929  3086 D SystemServerTimingAsync: ssm.onCompletedEventUser-0_{|Unlocked|}_com.android.server.blob.BlobStoreManagerService
01-07 03:34:30.520   929  3085 V SystemServerTimingAsync: ssm.onCompletedEventUser-0_{|Unlocked|}_com.android.server.emergency.EmergencyAffordanceService took to complete: 0ms
01-07 03:34:30.521   929  3085 D SystemServerTimingAsync: ssm.onCompletedEventUser-0_{|Unlocked|}_com.android.server.dreams.DreamManagerService
01-07 03:34:30.521   929  3086 V SystemServerTimingAsync: ssm.onCompletedEventUser-0_{|Unlocked|}_com.android.server.blob.BlobStoreManagerService took to complete: 0ms
01-07 03:34:30.521   929  3086 D SystemServerTimingAsync: ssm.onCompletedEventUser-0_{|Unlocked|}_com.android.server.security.AttestationVerificationManagerService
01-07 03:34:30.521   929  3086 V SystemServerTimingAsync: ssm.onCompletedEventUser-0_{|Unlocked|}_com.android.server.security.AttestationVerificationManagerService took to complete: 0ms
01-07 03:34:30.521   929  3086 D SystemServerTimingAsync: ssm.onCompletedEventUser-0_{|Unlocked|}_com.android.server.restrictions.RestrictionsManagerService
01-07 03:34:30.521   929  3086 V SystemServerTimingAsync: ssm.onCompletedEventUser-0_{|Unlocked|}_com.android.server.restrictions.RestrictionsManagerService took to complete: 0ms
01-07 03:34:30.521   929  3086 D SystemServerTimingAsync: ssm.onCompletedEventUser-0_{|Unlocked|}_com.android.server.media.MediaSessionService
01-07 03:34:30.521   929  3085 V SystemServerTimingAsync: ssm.onCompletedEventUser-0_{|Unlocked|}_com.android.server.dreams.DreamManagerService took to complete: 0ms
01-07 03:34:30.521   929  3084 V SystemServerTimingAsync: ssm.onCompletedEventUser-0_{|Unlocked|}_com.android.server.GestureLauncherService took to complete: 0ms
01-07 03:34:30.521   929  3084 D SystemServerTimingAsync: ssm.onCompletedEventUser-0_{|Unlocked|}_com.android.server.tv.interactive.TvInteractiveAppManagerService
01-07 03:34:30.521   929  3084 V SystemServerTimingAsync: ssm.onCompletedEventUser-0_{|Unlocked|}_com.android.server.tv.interactive.TvInteractiveAppManagerService took to complete: 0ms
01-07 03:34:30.521   929  3084 D SystemServerTimingAsync: ssm.onCompletedEventUser-0_{|Unlocked|}_com.android.server.tv.TvInputManagerService
01-07 03:34:30.521   929  3084 V SystemServerTimingAsync: ssm.onCompletedEventUser-0_{|Unlocked|}_com.android.server.tv.TvInputManagerService took to complete: 0ms
01-07 03:34:30.521   929  3084 D SystemServerTimingAsync: ssm.onCompletedEventUser-0_{|Unlocked|}_com.android.server.tv.TvRemoteService
01-07 03:34:30.521   929  3085 D SystemServerTimingAsync: ssm.onCompletedEventUser-0_{|Unlocked|}_com.android.server.hdmi.HdmiControlService
01-07 03:34:30.521   929  3085 V SystemServerTimingAsync: ssm.onCompletedEventUser-0_{|Unlocked|}_com.android.server.hdmi.HdmiControlService took to complete: 0ms
01-07 03:34:30.522   929  3085 D SystemServerTimingAsync: ssm.onCompletedEventUser-0_{|Unlocked|}_com.android.server.biometrics.BiometricService
01-07 03:34:30.522   929  3085 V SystemServerTimingAsync: ssm.onCompletedEventUser-0_{|Unlocked|}_com.android.server.biometrics.BiometricService took to complete: 0ms
01-07 03:34:30.522   929  3084 V SystemServerTimingAsync: ssm.onCompletedEventUser-0_{|Unlocked|}_com.android.server.tv.TvRemoteService took to complete: 0ms
01-07 03:34:30.522   929  3085 D SystemServerTimingAsync: ssm.onCompletedEventUser-0_{|Unlocked|}_com.android.server.biometrics.AuthService
01-07 03:34:30.522   929  3084 D SystemServerTimingAsync: ssm.onCompletedEventUser-0_{|Unlocked|}_com.android.server.pm.ShortcutService$Lifecycle
01-07 03:34:30.522   929  3084 V SystemServerTimingAsync: ssm.onCompletedEventUser-0_{|Unlocked|}_com.android.server.pm.ShortcutService$Lifecycle took to complete: 0ms
01-07 03:34:30.522   929  3084 D SystemServerTimingAsync: ssm.onCompletedEventUser-0_{|Unlocked|}_com.android.server.pm.LauncherAppsService
01-07 03:34:30.522   929  3084 V SystemServerTimingAsync: ssm.onCompletedEventUser-0_{|Unlocked|}_com.android.server.pm.LauncherAppsService took to complete: 0ms
01-07 03:34:30.522   929  3084 D SystemServerTimingAsync: ssm.onCompletedEventUser-0_{|Unlocked|}_com.android.server.pm.CrossProfileAppsService
01-07 03:34:30.522   929  3084 V SystemServerTimingAsync: ssm.onCompletedEventUser-0_{|Unlocked|}_com.android.server.pm.CrossProfileAppsService took to complete: 0ms
01-07 03:34:30.522   929  3084 D SystemServerTimingAsync: ssm.onCompletedEventUser-0_{|Unlocked|}_com.android.server.people.PeopleService
01-07 03:34:30.522   929  3084 V SystemServerTimingAsync: ssm.onCompletedEventUser-0_{|Unlocked|}_com.android.server.people.PeopleService took to complete: 0ms
01-07 03:34:30.522   929  3084 D SystemServerTimingAsync: ssm.onCompletedEventUser-0_{|Unlocked|}_com.android.server.media.metrics.MediaMetricsManagerService
01-07 03:34:30.522   929  3085 V SystemServerTimingAsync: ssm.onCompletedEventUser-0_{|Unlocked|}_com.android.server.biometrics.AuthService took to complete: 0ms
01-07 03:34:30.522   929  3084 V SystemServerTimingAsync: ssm.onCompletedEventUser-0_{|Unlocked|}_com.android.server.media.metrics.MediaMetricsManagerService took to complete: 0ms
01-07 03:34:30.522   929  3086 V SystemServerTimingAsync: ssm.onCompletedEventUser-0_{|Unlocked|}_com.android.server.media.MediaSessionService took to complete: 1ms
01-07 03:34:30.522   929  3086 D SystemServerTimingAsync: ssm.onCompletedEventUser-0_{|Unlocked|}_com.android.server.stats.StatsCompanion$Lifecycle
01-07 03:34:30.522   929  3085 D SystemServerTimingAsync: ssm.onCompletedEventUser-0_{|Unlocked|}_com.android.server.media.projection.MediaProjectionManagerService
01-07 03:34:30.522   929  3085 V SystemServerTimingAsync: ssm.onCompletedEventUser-0_{|Unlocked|}_com.android.server.media.projection.MediaProjectionManagerService took to complete: 0ms
01-07 03:34:30.522   929  3084 D SystemServerTimingAsync: ssm.onCompletedEventUser-0_{|Unlocked|}_com.android.server.slice.SliceManagerService$Lifecycle
01-07 03:34:30.523   929  3086 V SystemServerTimingAsync: ssm.onCompletedEventUser-0_{|Unlocked|}_com.android.server.stats.StatsCompanion$Lifecycle took to complete: 0ms
01-07 03:34:30.523   929  3086 D SystemServerTimingAsync: ssm.onCompletedEventUser-0_{|Unlocked|}_com.android.server.stats.pull.StatsPullAtomService
01-07 03:34:30.523   929  3086 V SystemServerTimingAsync: ssm.onCompletedEventUser-0_{|Unlocked|}_com.android.server.stats.pull.StatsPullAtomService took to complete: 0ms
01-07 03:34:30.523   929  3086 D SystemServerTimingAsync: ssm.onCompletedEventUser-0_{|Unlocked|}_com.android.server.stats.bootstrap.StatsBootstrapAtomService$Lifecycle
01-07 03:34:30.523   929  3086 V SystemServerTimingAsync: ssm.onCompletedEventUser-0_{|Unlocked|}_com.android.server.stats.bootstrap.StatsBootstrapAtomService$Lifecycle took to complete: 0ms
01-07 03:34:30.523   929  3086 D SystemServerTimingAsync: ssm.onCompletedEventUser-0_{|Unlocked|}_com.android.server.incident.IncidentCompanionService
01-07 03:34:30.523   929  3086 V SystemServerTimingAsync: ssm.onCompletedEventUser-0_{|Unlocked|}_com.android.server.incident.IncidentCompanionService took to complete: 0ms
01-07 03:34:30.523   929  3086 D SystemServerTimingAsync: ssm.onCompletedEventUser-0_{|Unlocked|}_com.android.server.sdksandbox.SdkSandboxManagerService$Lifecycle
01-07 03:34:30.523   929  3086 V SystemServerTimingAsync: ssm.onCompletedEventUser-0_{|Unlocked|}_com.android.server.sdksandbox.SdkSandboxManagerService$Lifecycle took to complete: 0ms
01-07 03:34:30.523   929  3084 V SystemServerTimingAsync: ssm.onCompletedEventUser-0_{|Unlocked|}_com.android.server.slice.SliceManagerService$Lifecycle took to complete: 0ms
01-07 03:34:30.523   929  3084 D SystemServerTimingAsync: ssm.onCompletedEventUser-0_{|Unlocked|}_com.android.server.autofill.AutofillManagerService
01-07 03:34:30.523   929  3084 V SystemServerTimingAsync: ssm.onCompletedEventUser-0_{|Unlocked|}_com.android.server.autofill.AutofillManagerService took to complete: 0ms
01-07 03:34:30.523   929  3084 D SystemServerTimingAsync: ssm.onCompletedEventUser-0_{|Unlocked|}_com.android.server.clipboard.ClipboardService
01-07 03:34:30.523   929  3084 V SystemServerTimingAsync: ssm.onCompletedEventUser-0_{|Unlocked|}_com.android.server.clipboard.ClipboardService took to complete: 0ms
01-07 03:34:30.523   929  3084 D SystemServerTimingAsync: ssm.onCompletedEventUser-0_{|Unlocked|}_com.android.server.appbinding.AppBindingService$Lifecycle
01-07 03:34:30.523   929  3084 V SystemServerTimingAsync: ssm.onCompletedEventUser-0_{|Unlocked|}_com.android.server.appbinding.AppBindingService$Lifecycle took to complete: 0ms
01-07 03:34:30.523   929  3084 D SystemServerTimingAsync: ssm.onCompletedEventUser-0_{|Unlocked|}_com.android.server.tracing.TracingServiceProxy
01-07 03:34:30.523   929  3084 V SystemServerTimingAsync: ssm.onCompletedEventUser-0_{|Unlocked|}_com.android.server.tracing.TracingServiceProxy took to complete: 0ms
01-07 03:34:30.523   929  3084 D SystemServerTimingAsync: ssm.onCompletedEventUser-0_{|Unlocked|}_com.android.server.policy.PermissionPolicyService
01-07 03:34:30.523   929  3084 V SystemServerTimingAsync: ssm.onCompletedEventUser-0_{|Unlocked|}_com.android.server.policy.PermissionPolicyService took to complete: 0ms
01-07 03:34:30.523   929  3084 D SystemServerTimingAsync: ssm.onCompletedEventUser-0_{|Unlocked|}_com.android.server.pm.StagingManager$Lifecycle
01-07 03:34:30.523   929  3084 V SystemServerTimingAsync: ssm.onCompletedEventUser-0_{|Unlocked|}_com.android.server.pm.StagingManager$Lifecycle took to complete: 0ms
01-07 03:34:30.523   929  3084 D SystemServerTimingAsync: ssm.onCompletedEventUser-0_{|Unlocked|}_com.android.server.app.GameManagerService$Lifecycle
01-07 03:34:30.523   929  3084 V SystemServerTimingAsync: ssm.onCompletedEventUser-0_{|Unlocked|}_com.android.server.app.GameManagerService$Lifecycle took to complete: 0ms
01-07 03:34:30.523   929  3084 D SystemServerTimingAsync: ssm.onCompletedEventUser-0_{|Unlocked|}_com.android.safetycenter.SafetyCenterService
01-07 03:34:30.523   929  3084 V SystemServerTimingAsync: ssm.onCompletedEventUser-0_{|Unlocked|}_com.android.safetycenter.SafetyCenterService took to complete: 0ms
01-07 03:34:30.523   929  3084 D SystemServerTimingAsync: ssm.onCompletedEventUser-0_{|Unlocked|}_com.android.server.appsearch.AppSearchModule$Lifecycle
01-07 03:34:30.523   929  3084 V SystemServerTimingAsync: ssm.onCompletedEventUser-0_{|Unlocked|}_com.android.server.appsearch.AppSearchModule$Lifecycle took to complete: 0ms
01-07 03:34:30.524   929  3084 D SystemServerTimingAsync: ssm.onCompletedEventUser-0_{|Unlocked|}_com.android.server.media.MediaCommunicationService
01-07 03:34:30.524   929  3084 V SystemServerTimingAsync: ssm.onCompletedEventUser-0_{|Unlocked|}_com.android.server.media.MediaCommunicationService took to complete: 0ms
01-07 03:34:30.524   929  3084 D SystemServerTimingAsync: ssm.onCompletedEventUser-0_{|Unlocked|}_com.android.server.compat.overrides.AppCompatOverridesService$Lifecycle
01-07 03:34:30.524   929  3084 V SystemServerTimingAsync: ssm.onCompletedEventUser-0_{|Unlocked|}_com.android.server.compat.overrides.AppCompatOverridesService$Lifecycle took to complete: 0ms
01-07 03:34:30.526   929  3085 D SystemServerTimingAsync: ssm.onCompletedEventUser-0_{|Unlocked|}_com.android.server.scheduling.RebootReadinessManagerService$Lifecycle
01-07 03:34:30.526   929  3085 V SystemServerTimingAsync: ssm.onCompletedEventUser-0_{|Unlocked|}_com.android.server.scheduling.RebootReadinessManagerService$Lifecycle took to complete: 0ms
01-07 03:34:30.526   929  1168 D AudioService: No vibrator found
01-07 03:34:30.534   929  3086 D SystemServerTimingAsync: ssm.onCompletedEventUser-0_{|Unlocked|}_com.android.server.adservices.AdServicesManagerService$Lifecycle
01-07 03:34:30.534   929  3086 V SystemServerTimingAsync: ssm.onCompletedEventUser-0_{|Unlocked|}_com.android.server.adservices.AdServicesManagerService$Lifecycle took to complete: 0ms
01-07 03:34:30.534   929   967 V SystemServerTimingAsync: ssm.CompletedEventUser-0 took to complete: 23ms
01-07 03:34:30.549   929  1374 W ActivityManager: Foreground service started from background can not have location/camera/microphone access: service com.brdgwtr.metrics.service/.MetricsService
01-07 03:34:30.562   929  1374 W ActivityManager: Foreground service started from background can not have location/camera/microphone access: service com.brdgwtr.dms/com.brdgwtr.pdss.PdsService
01-07 03:34:30.571   929  1374 D CompatibilityChangeReporter: Compat change id reported: 161145287; UID 10044; state: DISABLED
01-07 03:34:30.650   929  2388 D CompatibilityChangeReporter: Compat change id reported: 161145287; UID 1000; state: DISABLED
01-07 03:34:30.675   929  2734 D CompatibilityChangeReporter: Compat change id reported: 168419799; UID 10041; state: DISABLED
01-07 03:34:30.685   929  2388 D CompatibilityChangeReporter: Compat change id reported: 168419799; UID 10054; state: DISABLED
01-07 03:34:25.185     0     0 I [0 T2740  ..] VDDIO_C: SD/TF: disabling
01-07 03:34:30.692   929  2854 D CompatibilityChangeReporter: Compat change id reported: 135634846; UID 10058; state: DISABLED
01-07 03:34:30.692   929  2854 D CompatibilityChangeReporter: Compat change id reported: 177438394; UID 10058; state: DISABLED
01-07 03:34:30.692   929  2854 D CompatibilityChangeReporter: Compat change id reported: 135772972; UID 10058; state: DISABLED
01-07 03:34:30.692   929  2854 D CompatibilityChangeReporter: Compat change id reported: 135754954; UID 10058; state: ENABLED
01-07 03:34:30.693   929   968 D CompatibilityChangeReporter: Compat change id reported: 143937733; UID 10058; state: ENABLED
01-07 03:34:30.704   929   968 I ActivityManager: Start proc 3151:com.sonos.tv.music/u0a58 for broadcast {com.sonos.tv.music/com.sonos.tv.bridge.service.SonosBridgeBroadcastReceiver}
01-07 03:34:30.729   929  1374 D CompatibilityChangeReporter: Compat change id reported: 168419799; UID 10058; state: DISABLED
01-07 03:34:30.756   929   929 W Looper  : Slow dispatch took 163ms main h=android.app.ActivityThread$H c=android.app.LoadedApk$ReceiverDispatcher$Args$$ExternalSyntheticLambda0@e8d5e3f m=0
01-07 03:34:30.771   929   929 W NotificationHistory: Attempted to add notif for locked/gone/disabled user 0
01-07 03:34:25.270     0     0 W [7 T3169  ..] audit: audit_lost=11019 audit_rate_limit=5 audit_backlog_limit=64
01-07 03:34:25.270     0     0 E [7 T3169  ..] audit: rate limit exceeded
01-07 03:34:31.030   929  1374 D CompatibilityChangeReporter: Compat change id reported: 161145287; UID 10058; state: DISABLED
01-07 03:34:31.192   929  1374 I ActivityManager: Background started FGS: Allowed [callingPackage: com.sonos.tv.music; callingUid: 10058; uidState: RCVR; intent: Intent { cmp=com.sonos.tv.music/com.sonos.tv.bridge.service.SonosBridgeService }; code:BACKGROUND_ACTIVITY_PERMISSION; tempAllowListReason:<broadcast:1000:android.intent.action.BOOT_COMPLETED,reason:,reasonCode:BOOT_COMPLETED,duration:20000,callingUid:1000>; targetSdkVersion:33; callerTargetSdkVersion:33; startForegroundCount:0; bindFromPackage:null]
01-07 03:34:31.198   929  1374 I ActivityManager: Finished processing BOOT_COMPLETED for u0
01-07 03:34:31.199   929  1374 I BroadcastQueue: BOOT_COMPLETED_BROADCAST_COMPLETION_LATENCY_REPORTED action:android.intent.action.BOOT_COMPLETED dispatchLatency:52 completeLatency:5700 dispatchRealLatency:52 completeRealLatency:5700 receiversSize:42 userId:0 userType:android.os.usertype.full.SYSTEM
01-07 03:34:31.202   929  1374 D CompatibilityChangeReporter: Compat change id reported: 161252188; UID 10088; state: ENABLED
01-07 03:34:31.862   929   960 I DropBoxManagerService: add tag=system_app_strictmode isTagEnabled=true flags=0x2
01-07 03:34:27.264     0     0 I         : [5 T646   ..] [TEE] M/TA: KeymasterTA (info): app/ipc/keymaster_ipc.cpp, Line 1090: Amlogic KEYMINT! Build Time: May  3 2023 12:16:11 version: a6237c9 TDK: ab02024
01-07 03:34:27.264     0     0 I         : [5 T646   ..] [TEE] E/TC:? 00 syscall_extend_func:2996 extend func 0x1010 not implemented
01-07 03:34:27.264     0     0 I         : [5 T646   ..] [TEE] M/TA: KeymasterTA (err): app/secure_storage_manager.cpp, Line 963: Error: Unable to open file: attestationkeybox
01-07 03:34:27.264     0     0 I         : [5 T646   ..] [TEE] M/TA: KeymasterTA (info): app/ipc/keymaster_ipc.cpp, Line 1102: Goodbye Keymint!
01-07 03:34:27.264     0     0 I         : [5 T646   ..] [TEE] I/TA: TA_CloseSessionEntryPoint
01-07 03:34:27.264     0     0 I         : [5 T646   ..] [TEE] I/TA: MM-module-name:Netflix TA,Version:1.0.7-gb791da4(build:1327)
01-07 03:34:27.264     0     0 I         : [5 T646   ..] [TEE] E/TA:   _storage_read:74 open netflix_mgkid from RPMB, ret ffff0008
01-07 03:34:27.264     0     0 I         : [5 T646   ..] [TEE] E/TA:   _storage_read:74 open netflix_mgkid from REE, ret ffff0008
01-07 03:34:27.264     0     0 I         : [5 T646   ..] [TEE] M/TA: KeymasterTA (info): app/ipc/keymaster_ipc.cpp, Line 1090: Amlogic KEYMINT! Build Time: May  3 2023 12:16:11 version: a6237c9 TDK: ab02024
01-07 03:34:27.264     0     0 I         : [5 T646   ..] [TEE] E/TC:? 00 syscall_extend_func:2996 extend func 0x1010 not implemented
01-07 03:34:27.264     0     0 I         : [5 T646   ..] [TEE] M/TA: KeymasterTA (err): app/secure_storage_manager.cpp, Line 963: Error: Unable to open file: attestationkeybox
01-07 03:34:27.264     0     0 I         : [5 T646   ..] [TEE] M/TA: KeymasterTA (info): app/ipc/keymaster_ipc.cpp, Line 1102: Goodbye Keymint!
01-07 03:34:27.264     0     0 I         : [5 T646   ..] [TEE] M/TA: KeymasterTA (info): app/ipc/keymaster_ipc.cpp, Line 1090: Amlogic KEYMINT! Build Time: May  3 2023 12:16:11 version: a6237c9 TDK: ab02024
01-07 03:34:27.264     0     0 I         : [5 T646   ..] [TEE] E/TC:? 00 syscall_extend_func:2996 extend func 0x1010 not implemented
01-07 03:34:27.264     0     0 I         : [5 T646   ..] [TEE] M/TA: KeymasterTA (err): app/secure_storage_manager.cpp, Line 963: Error: Unable to open file: attestationkeybox
01-07 03:34:27.264     0     0 I         : [5 T646   ..] [TEE] M/TA: KeymasterTA (info): app/ipc/keymaster_ipc.cpp, Line 1102: Goodbye Keymint!
01-07 03:34:27.264     0     0 I         : [5 T646   ..] [TEE] I/TA: TA_CloseSessionEntryPoint
01-07 03:34:27.264     0     0 I         : [5 T646   ..] [TEE] I/TA: TA_CloseSessionEntryPoint
01-07 03:34:27.264     0     0 I         : [5 T646   ..] [TEE] I/TA: MM-module-name:Netflix TA,Version:1.0.7-gb791da4(build:1327)
01-07 03:34:27.264     0     0 I         : [5 T646   ..] [TEE] E/TA:   _storage_read:74 open netflix_mgkid from RPMB, ret ffff0008
01-07 03:34:27.264     0     0 I         : [5 T646   ..] [TEE] E/TA:   _storage_read:74 open netflix_mgkid from REE, ret ffff0008
01-07 03:34:27.264     0     0 I         : [5 T646   ..] [TEE] I/TA: MM-module-name:Netflix TA,Version:1.0.7-gb791da4(build:1327)
01-07 03:34:27.264     0     0 I         : [5 T646   ..] [TEE] E/TA:   _storage_read:74 open netflix_mgkid from RPMB, ret ffff0008
01-07 03:34:27.264     0     0 I         : [5 T646   ..] [TEE] E/TA:   _storage_read:74 open netflix_mgkid from REE, ret ffff0008
01-07 03:34:32.777  1336  1562 W ContextImpl: Calling a method in the system process without a qualified user: android.app.ContextImpl.sendBroadcast:1189 android.content.ContextWrapper.sendBroadcast:500 com.droidlogic.audioservice.services.AudioSystemCmdService$1.onUEvent:184 com.droidlogic.UEventObserver$UEventThread.sendEvent:213 com.droidlogic.UEventObserver$UEventThread.run:190 
01-07 03:34:27.271     0     0 I         : [7 T2769  ..] hdmitx21_ext_set_audio_output enable:1
01-07 03:34:27.271     0     0 I [7 T2769  ..] [snd-soc]: update audio atmos flag! audio_type = 0
01-07 03:34:32.797   929  1168 D CompatibilityChangeReporter: Compat change id reported: 171306433; UID 1000; state: ENABLED
01-07 03:34:32.798   929  1168 D CompatibilityChangeReporter: Compat change id reported: 218533173; UID 1000; state: ENABLED
01-07 03:34:27.299     0     0 I [3 T3333  ..] [snd-soc]: update audio atmos flag! audio_type = 0
01-07 03:34:32.805  1336  1562 W ContextImpl: Calling a method in the system process without a qualified user: android.app.ContextImpl.sendBroadcast:1189 android.content.ContextWrapper.sendBroadcast:500 com.droidlogic.audioservice.services.AudioSystemCmdService$1.onUEvent:184 com.droidlogic.UEventObserver$UEventThread.sendEvent:213 com.droidlogic.UEventObserver$UEventThread.run:190 
01-07 03:34:32.947   929   966 D OomAdjuster: Not killing cached processes
01-07 03:34:33.105   929   929 D CompatibilityChangeReporter: Compat change id reported: 168419799; UID 10046; state: DISABLED
01-07 03:34:33.109   929  1457 D PackageManager: Instant App installer not found with android.intent.action.INSTALL_INSTANT_APP_PACKAGE
01-07 03:34:33.109   929  1457 D PackageManager: Clear ephemeral installer activity
01-07 03:34:33.122   929  2854 W JobScheduler: Job didn't exist in JobStore: ddfb16c #u0a46/1 com.netflix.ninja/androidx.work.impl.background.systemjob.SystemJobService
01-07 03:34:34.154   929  1374 D CompatibilityChangeReporter: Compat change id reported: 194532703; UID 10021; state: ENABLED
01-07 03:34:36.634   929   929 W NotificationHistory: Attempted to add notif for locked/gone/disabled user 0
01-07 03:34:37.397   929   929 W NotificationHistory: Attempted to add notif for locked/gone/disabled user 0
01-07 03:34:38.130   929  1055 D OomAdjuster: Not killing cached processes
01-07 03:34:38.169   929   992 I AppsFilter: interaction: PackageSetting{7755390 com.sonos.pinewood.tokenmanager.service/10053} -> PackageSetting{dcaa489 com.netflix.ninja/10046} BLOCKED
01-07 03:34:38.169   929   992 I AppsFilter: interaction: PackageSetting{85ffc8e com.sonos.pinewood.ota.service/10049} -> PackageSetting{dcaa489 com.netflix.ninja/10046} BLOCKED
01-07 03:34:38.169   929   992 I AppsFilter: interaction: PackageSetting{3a5fcaf com.sonos.pinewood.ota.test/10048} -> PackageSetting{dcaa489 com.netflix.ninja/10046} BLOCKED
01-07 03:34:38.182   929   966 W VoiceInteractionManager: no available voice recognition services found for user 0
01-07 03:34:32.682     0     0 I [4 T2734  ..] input: SonosTvProviderService as /devices/virtual/input/input6
01-07 03:34:39.838   929   929 W NotificationHistory: Attempted to add notif for locked/gone/disabled user 0
01-07 03:34:40.473   929   929 W NotificationHistory: Attempted to add notif for locked/gone/disabled user 0
01-07 03:34:41.610   356  1253 I keystore2: keystore2::watchdog: Watchdog thread idle -> terminating. Have a great day.
01-07 03:34:45.706   929  1055 D OomAdjuster: Not killing cached processes
01-07 03:34:58.197   929   967 D OomAdjuster: Not killing cached processes
01-07 03:35:08.954   929  1069 D OomAdjuster: Not killing cached processes
01-07 03:35:08.956   929  1069 D CompatibilityChangeReporter: Compat change id reported: 168419799; UID 10028; state: DISABLED
01-07 03:35:18.290   929  1055 D OomAdjuster: Not killing cached processes
01-07 03:35:21.797   929  2854 D CompatibilityChangeReporter: Compat change id reported: 161145287; UID 10080; state: DISABLED
01-07 03:35:20.718     0     0 E [6 T520   ..] [wifi@1][0x53333ee][03: 35:26.223997] wlan: [520:E:OSIF] wlan_hdd_set_station_stats_request_pending: peer is null
01-07 03:35:26.261   929  1546 D CompatibilityChangeReporter: Compat change id reported: 161252188; UID 10053; state: ENABLED
01-07 03:35:26.264   929  1546 D CompatibilityChangeReporter: Compat change id reported: 135634846; UID 10053; state: DISABLED
01-07 03:35:26.264   929  1546 D CompatibilityChangeReporter: Compat change id reported: 177438394; UID 10053; state: DISABLED
01-07 03:35:26.264   929  1546 D CompatibilityChangeReporter: Compat change id reported: 135772972; UID 10053; state: DISABLED
01-07 03:35:26.264   929  1546 D CompatibilityChangeReporter: Compat change id reported: 135754954; UID 10053; state: ENABLED
01-07 03:35:26.265   929   968 D CompatibilityChangeReporter: Compat change id reported: 143937733; UID 10053; state: ENABLED
01-07 03:35:26.286   929   968 I ActivityManager: Start proc 3384:com.sonos.pinewood.tokenmanager.service/u0a53 for service {com.sonos.pinewood.tokenmanager.service/com.sonos.pinewood.tokenmanager.service.TokenManagerService}
01-07 03:35:20.889     0     0 W [7 T3399  ..] audit: audit_lost=11842 audit_rate_limit=5 audit_backlog_limit=64
01-07 03:35:20.889     0     0 E [7 T3399  ..] audit: rate limit exceeded
01-07 03:35:26.401   929  1546 D CompatibilityChangeReporter: Compat change id reported: 168419799; UID 10053; state: DISABLED
01-07 03:35:21.285     0     0 I [5 T1523  ..] [schedu][0x53bdc7b][03: 35:26.791434] wlan: [1523:I:OSIF] scan start scan id 40963
01-07 03:35:26.802   929  2854 D CompatibilityChangeReporter: Compat change id reported: 161145287; UID 10053; state: DISABLED
01-07 03:35:26.843   929  2854 D PackageManager: Instant App installer not found with android.intent.action.INSTALL_INSTANT_APP_PACKAGE
01-07 03:35:26.843   929  2854 D PackageManager: Clear ephemeral installer activity
01-07 03:35:26.908   929  2734 D OomAdjuster: Not killing cached processes
01-07 03:35:26.941   929  2734 D CompatibilityChangeReporter: Compat change id reported: 201794303; UID 10020; state: ENABLED
01-07 03:35:27.848   929  1055 D CompatibilityChangeReporter: Compat change id reported: 218533173; UID 10053; state: ENABLED
01-07 03:35:27.866   929   966 W VoiceInteractionManager: no available voice recognition services found for user 0
01-07 03:35:22.866     0     0 I [3 T1523  ..] [schedu][0x553fb38][03: 35:28.372167] wlan: [1523:I:OSIF] vdev 0, scan id 40963 type COMPLETED(1) reason COMPLETED(1) scan found 72 bss
01-07 03:35:28.439   929   929 D HDMI    : [P]:AllocatedAddress=[]
01-07 03:35:26.710     0     0 I         : [6 T2668  ..] DefaultDispatch (2668) used greatest stack depth: 10192 bytes left
01-07 03:35:32.802   929   967 D OomAdjuster: Not killing cached processes
01-07 03:35:32.808   929   967 W ProcessStats: Tracking association SourceState{3f8abb5 com.brdgwtr.dms:pdssService/10044 BTopFgs #523} whose proc state 2 is better than process ProcessState{b8785c3 com.brdgwtr.dms/10044 pkg=com.brdgwtr.dms} proc state 3 (205 skipped)
01-07 03:35:42.861   929  1055 D OomAdjuster: Not killing cached processes
01-07 03:35:51.897   929  1457 D OomAdjuster: Not killing cached processes
01-07 03:35:51.928   929  1457 D PackageManager: Instant App installer not found with android.intent.action.INSTALL_INSTANT_APP_PACKAGE
01-07 03:35:51.928   929  1457 D PackageManager: Clear ephemeral installer activity
01-07 03:35:51.930   929  1457 D PackageManager: Instant App installer not found with android.intent.action.INSTALL_INSTANT_APP_PACKAGE
01-07 03:35:51.930   929  1457 D PackageManager: Clear ephemeral installer activity
01-07 03:35:51.932   929  1546 D PackageManager: Instant App installer not found with android.intent.action.INSTALL_INSTANT_APP_PACKAGE
01-07 03:35:51.932   929  1546 D PackageManager: Clear ephemeral installer activity
01-07 03:35:51.945   929  1546 D CompatibilityChangeReporter: Compat change id reported: 194532703; UID 10053; state: ENABLED
01-07 03:35:51.984   929  1457 D CompatibilityChangeReporter: Compat change id reported: 194532703; UID 10054; state: ENABLED
01-07 03:35:52.001   929  1457 D CompatibilityChangeReporter: Compat change id reported: 194532703; UID 10058; state: ENABLED
01-07 03:35:52.003   929  1546 D PackageManager: Instant App installer not found with android.intent.action.INSTALL_INSTANT_APP_PACKAGE
01-07 03:35:52.003   929  1546 D PackageManager: Clear ephemeral installer activity
01-07 03:35:52.006   929   929 D CompatibilityChangeReporter: Compat change id reported: 168419799; UID 10058; state: DISABLED
01-07 03:35:52.016   929  1457 D CompatibilityChangeReporter: Compat change id reported: 194532703; UID 10056; state: ENABLED
01-07 03:35:52.030   929  1457 D PackageManager: Instant App installer not found with android.intent.action.INSTALL_INSTANT_APP_PACKAGE
01-07 03:35:52.030   929  1457 D PackageManager: Clear ephemeral installer activity
01-07 03:35:52.040   929  1546 D PackageManager: Instant App installer not found with android.intent.action.INSTALL_INSTANT_APP_PACKAGE
01-07 03:35:52.040   929  1546 D PackageManager: Clear ephemeral installer activity
01-07 03:35:52.933   929  1055 D CompatibilityChangeReporter: Compat change id reported: 218533173; UID 10056; state: ENABLED
01-07 03:35:52.948   929   966 W VoiceInteractionManager: no available voice recognition services found for user 0
01-07 03:35:52.950   929  1055 D CompatibilityChangeReporter: Compat change id reported: 218533173; UID 10058; state: ENABLED
01-07 03:35:52.988   929   966 W VoiceInteractionManager: no available voice recognition services found for user 0
01-07 03:35:52.989   929  1055 D CompatibilityChangeReporter: Compat change id reported: 218533173; UID 10054; state: ENABLED
01-07 03:35:53.006   929   966 W VoiceInteractionManager: no available voice recognition services found for user 0
01-07 03:35:53.009   929   966 W VoiceInteractionManager: no available voice recognition services found for user 0
01-07 03:35:53.016   929  1457 D PackageManager: Instant App installer not found with android.intent.action.INSTALL_INSTANT_APP_PACKAGE
01-07 03:35:53.017   929  1457 D PackageManager: Clear ephemeral installer activity
01-07 03:35:53.035   929  1457 D PackageManager: Instant App installer not found with android.intent.action.INSTALL_INSTANT_APP_PACKAGE
01-07 03:35:53.036   929  1457 D PackageManager: Clear ephemeral installer activity
01-07 03:35:53.229   929   961 D ColorDisplayService: setUp: currentUser=0
01-07 03:35:53.229   929   966 D AutofillManagerServiceImpl: Reset component for user 0:
01-07 03:35:53.229   929   966 D FieldClassificationStrategy: reset(): service is not bound. Do nothing.
01-07 03:35:53.229   929   959 D AutofillUI: destroySaveUiUiThread(): already destroyed
01-07 03:35:53.233   929   929 D HDMI    : settings onchange user_setup_complete to true
01-07 03:35:53.233   929   929 I HDMI    : set up complete!
01-07 03:35:53.236   929   966 D PinnerService: pinRangeStream: null
01-07 03:35:53.267   929   966 D PinnerService: pinRangeStream: null
01-07 03:35:53.267   929   966 D PinnerService: pinRangeStream: null
01-07 03:35:54.050   929   966 W VoiceInteractionManager: no available voice recognition services found for user 0
01-07 03:35:54.054   929   966 W VoiceInteractionManager: no available voice recognition services found for user 0
01-07 03:35:56.092   929  1195 D TextClassificationManagerService: Binding to ComponentInfo{android.ext.services/com.android.textclassifier.DefaultTextClassifierService}
01-07 03:35:56.110   929  2854 D PackageManager: Instant App installer not found with android.intent.action.INSTALL_INSTANT_APP_PACKAGE
01-07 03:35:56.110   929  2854 D PackageManager: Clear ephemeral installer activity
01-07 03:35:57.111   929   992 I WindowManager:   Force finishing ActivityRecord{15b261b u0 com.sonos.tv.setup/.SetupActivity} t3}
01-07 03:35:57.116   929   992 I ActivityTaskManager: START u0 {act=android.intent.action.MAIN cat=[android.intent.category.HOME] flg=0x10000100 cmp=com.sonos.tv.launcher/com.sonos.tv.contentguidelauncher.MainActivity (has extras)} from uid 0
01-07 03:35:57.136   929   992 D CompatibilityChangeReporter: Compat change id reported: 184838306; UID 10052; state: DISABLED
01-07 03:35:57.136   929   992 D CompatibilityChangeReporter: Compat change id reported: 185004937; UID 10052; state: DISABLED
01-07 03:35:57.136   929   992 D CompatibilityChangeReporter: Compat change id reported: 181136395; UID 10052; state: DISABLED
01-07 03:35:57.136   929   992 D CompatibilityChangeReporter: Compat change id reported: 174042936; UID 10052; state: DISABLED
01-07 03:35:57.136   929   992 D CompatibilityChangeReporter: Compat change id reported: 174042980; UID 10052; state: DISABLED
01-07 03:35:57.137   929   992 D CompatibilityChangeReporter: Compat change id reported: 194480991; UID 10052; state: ENABLED
01-07 03:35:57.144   929   992 D CompatibilityChangeReporter: Compat change id reported: 197654537; UID 10052; state: ENABLED
01-07 03:35:57.160   929   961 D OomAdjuster: Not killing cached processes
01-07 03:35:57.163   929   961 D CompatibilityChangeReporter: Compat change id reported: 135634846; UID 10052; state: DISABLED
01-07 03:35:57.163   929   961 D CompatibilityChangeReporter: Compat change id reported: 177438394; UID 10052; state: DISABLED
01-07 03:35:57.163   929   961 D CompatibilityChangeReporter: Compat change id reported: 135772972; UID 10052; state: DISABLED
01-07 03:35:57.163   929   961 D CompatibilityChangeReporter: Compat change id reported: 135754954; UID 10052; state: ENABLED
01-07 03:35:57.164   929   968 D CompatibilityChangeReporter: Compat change id reported: 143937733; UID 10052; state: ENABLED
01-07 03:35:57.167   929   966 W VoiceInteractionManager: no available voice recognition services found for user 0
01-07 03:35:57.181   929   968 I ActivityManager: Start proc 3533:com.sonos.tv.launcher/u0a52 for top-activity {com.sonos.tv.launcher/com.sonos.tv.contentguidelauncher.MainActivity}
01-07 03:35:51.748     0     0 W [3 T3548  ..] audit: audit_lost=12517 audit_rate_limit=5 audit_backlog_limit=64
01-07 03:35:51.748     0     0 E [3 T3548  ..] audit: rate limit exceeded
01-07 03:35:57.257   929  2854 D CompatibilityChangeReporter: Compat change id reported: 168419799; UID 10052; state: DISABLED
01-07 03:35:57.259   929  2854 D CompatibilityChangeReporter: Compat change id reported: 184838306; UID 7501; state: DISABLED
01-07 03:35:57.259   929  2854 D CompatibilityChangeReporter: Compat change id reported: 185004937; UID 7501; state: DISABLED
01-07 03:35:57.418   929   945 D CompatibilityChangeReporter: Compat change id reported: 161145287; UID 10052; state: DISABLED
01-07 03:35:57.464   929  2854 D PackageManager: Instant App installer not found with android.intent.action.INSTALL_INSTANT_APP_PACKAGE
01-07 03:35:57.464   929  2854 D PackageManager: Clear ephemeral installer activity
01-07 03:35:57.478   929  2854 W ProcessStats: Tracking association SourceState{547b033 system/1000 BTopFgs #567} whose proc state 2 is better than process ProcessState{b551007 com.sonos.connectivity/10088 pkg=com.sonos.connectivity} proc state 3 (0 skipped)
01-07 03:35:57.545   929  2854 D CompatibilityChangeReporter: Compat change id reported: 194532703; UID 10052; state: ENABLED
01-07 03:35:57.576   929  2854 D PackageManager: Instant App installer not found with android.intent.action.INSTALL_INSTANT_APP_PACKAGE
01-07 03:35:57.576   929  2854 D PackageManager: Clear ephemeral installer activity
01-07 03:35:57.646   929  1374 W WindowManager: Failed looking up window session=Session{2fbea14 3533:u0a10052} callers=com.android.server.wm.WindowManagerService.windowForClientLocked:5976 com.android.server.wm.Session.updateRequestedVisibilities:701 android.view.IWindowSession$Stub.onTransact:1075 
01-07 03:35:57.649   929   945 D CoreBackPreview: Window{ecb5803 u0 com.sonos.tv.launcher/com.sonos.tv.contentguidelauncher.MainActivity}: Setting back callback OnBackInvokedCallbackInfo{mCallback=android.window.IOnBackInvokedCallback$Stub$Proxy@1afdb9, mPriority=0}
01-07 03:35:57.681   929  1374 D AutofillManagerServiceImpl: Reset component for user 0:
01-07 03:35:57.681   929   959 D AutofillUI: destroySaveUiUiThread(): already destroyed
01-07 03:35:58.476   929  1055 D CompatibilityChangeReporter: Compat change id reported: 218533173; UID 10052; state: ENABLED
01-07 03:35:58.481   929   966 W VoiceInteractionManager: no available voice recognition services found for user 0
01-07 03:35:58.527   929   945 D CompatibilityChangeReporter: Compat change id reported: 214016041; UID 10052; state: ENABLED
01-07 03:35:58.830   929  2388 D CoreBackPreview: Window{60c3c01 u0 com.sonos.tv.setup/com.sonos.tv.setup.SetupActivity}: Setting back callback null
01-07 03:36:00.664   929  1546 D CompatibilityChangeReporter: Compat change id reported: 161252188; UID 10051; state: ENABLED
01-07 03:36:01.731   929   929 W JobServiceContext: No response from client for onStartJob cf49e41 #u0a54/3 com.sonos.tv.appdirector/androidx.work.impl.background.systemjob.SystemJobService
01-07 03:36:01.747   929   929 W JobServiceContext: No response from client for onStopJob 698a14f #u0a54/1 com.sonos.tv.appdirector/androidx.work.impl.background.systemjob.SystemJobService
01-07 03:36:01.748   929   929 W JobScheduler: Job didn't exist in JobStore: 698a14f #u0a54/1 com.sonos.tv.appdirector/androidx.work.impl.background.systemjob.SystemJobService
01-07 03:36:02.190   929  2388 D OomAdjuster: Not killing cached processes
01-07 03:36:02.949  2100  2100 W Looper  : Slow dispatch took 9269ms main h=android.os.Handler c=CancellableContinuation(DispatchedContinuation[Dispatchers.Main, Continuation at kotlinx.coroutines.flow.StateFlowImpl.collect(StateFlow.kt:406)@2485f4f]){Completed}@bf4d6dc m=0
01-07 03:36:02.950  2100  2100 W Looper  : Slow delivery took 9263ms main h=android.os.Handler c=CancellableContinuation(DispatchedContinuation[androidx.work.impl.utils.taskexecutor.WorkManagerTaskExecutor$1@adeb3e5, Continuation at androidx.work.impl.WorkerWrapper$runWorker$result$1.invokeSuspend(WorkerWrapper.kt:311)@3c08eba]){Completed}@255a16b m=0
01-07 03:36:02.969   929   929 W JobServiceContext: No response from client for onStopJob 5163ec8 #u0a54/2 com.sonos.tv.appdirector/androidx.work.impl.background.systemjob.SystemJobService
01-07 03:36:02.972   929   929 W JobScheduler: Job didn't exist in JobStore: 5163ec8 #u0a54/2 com.sonos.tv.appdirector/androidx.work.impl.background.systemjob.SystemJobService
01-07 03:36:08.494   929   958 D OomAdjuster: Not killing cached processes
01-07 03:36:08.495   929   958 W ProcessStats: Tracking association SourceState{547b033 system/1000 BTopFgs #630} whose proc state 2 is better than process ProcessState{b551007 com.sonos.connectivity/10088 pkg=com.sonos.connectivity} proc state 3 (96 skipped)
01-07 03:36:13.700   929  1066 D OomAdjuster: Not killing cached processes
01-07 03:36:14.796  2100  2100 W Looper  : Slow dispatch took 11839ms main h=android.os.Handler c=CancellableContinuation(DispatchedContinuation[Dispatchers.Main, Continuation at kotlinx.coroutines.flow.StateFlowImpl.collect(StateFlow.kt:406)@f40cc0d]){Completed}@bd107c2 m=0
01-07 03:36:14.802  2100  2100 W Looper  : Drained
01-07 03:36:21.310     0     0 I [2 T1523  ..] [schedu][0x8cfc519][03: 36:26.816424] wlan: [1523:I:OSIF] scan start scan id 40964
01-07 03:36:22.877     0     0 I [7 T1523  ..] [schedu][0x8e7abe1][03: 36:28.382833] wlan: [1523:I:OSIF] vdev 0, scan id 40964 type COMPLETED(1) reason COMPLETED(1) scan found 72 bss
01-07 03:36:28.435   929   929 D HDMI    : [P]:AllocatedAddress=[]
01-07 03:36:31.718   929   992 E PackageManager: ERROR: could not load root hash from incremental install
01-07 03:36:31.718   929   967 D OomAdjuster: Not killing cached processes
01-07 03:36:31.718   929   992 E PackageManager: Required verifier is null
01-07 03:36:31.719   929   967 W ProcessStats: Tracking association SourceState{547b033 system/1000 BTopFgs #643} whose proc state 2 is better than process ProcessState{b551007 com.sonos.connectivity/10088 pkg=com.sonos.connectivity} proc state 3 (7 skipped)
01-07 03:36:31.728   929  1098 W PackageParsing: No actions in intent-filter at /data/app/vmdl361784400.tmp/base.apk Binary XML file line #57
01-07 03:36:31.739   929  1098 W RuleEvaluation: Integrity rule files are not available.
01-07 03:36:31.740   929   992 I PackageManager: Integrity check passed for file:///data/app/vmdl361784400.tmp
01-07 03:36:31.751   929   992 W PackageParsing: No actions in intent-filter at /data/app/vmdl361784400.tmp/base.apk Binary XML file line #57
01-07 03:36:31.806   929   992 D CompatibilityChangeReporter: Compat change id reported: 133396946; UID -1; state: ENABLED
01-07 03:36:31.838   929   992 D PackageManager: Instant App installer not found with android.intent.action.INSTALL_INSTANT_APP_PACKAGE
01-07 03:36:31.838   929   992 D PackageManager: Clear ephemeral installer activity
01-07 03:36:32.764   929   992 V BackupManagerService: [UserID:0] restoreAtInstall pkg=com.hulu.livingroomplus token=1 restoreSet=0
01-07 03:36:32.765   929   992 V BackupManagerService: [UserID:0] Finishing install immediately
01-07 03:36:32.767   929   992 I AppsFilter: interaction: PackageSetting{4c2d619 com.sonos.pinewood.tokenmanager.service/10053} -> PackageSetting{486f6de com.hulu.livingroomplus/10091} BLOCKED
01-07 03:36:32.767   929   992 I AppsFilter: interaction: PackageSetting{85ffc8e com.sonos.pinewood.ota.service/10049} -> PackageSetting{486f6de com.hulu.livingroomplus/10091} BLOCKED
01-07 03:36:32.767   929   992 I AppsFilter: interaction: PackageSetting{3a5fcaf com.sonos.pinewood.ota.test/10048} -> PackageSetting{486f6de com.hulu.livingroomplus/10091} BLOCKED
01-07 03:36:32.770   929   992 D PackageInstallerSession: Marking session 361784400 as applied
01-07 03:36:32.774   929   992 D CompatibilityChangeReporter: Compat change id reported: 168419799; UID 10091; state: DISABLED
01-07 03:36:32.785   929   967 W BroadcastQueue: Background execution not allowed: receiving Intent { act=android.intent.action.PACKAGE_ADDED dat=package: flg=0x4000010 (has extras) } to com.android.packageinstaller/.PackageInstalledReceiver
01-07 03:36:32.785   929   967 W BroadcastQueue: Background execution not allowed: receiving Intent { act=android.intent.action.PACKAGE_ADDED dat=package: flg=0x4000010 (has extras) } to com.android.gallery3d/.app.PackagesMonitor
01-07 03:36:32.794   929  1163 I VcnManagementService: new snapshot: TelephonySubscriptionSnapshot{ mActiveDataSubId=-1, mSubIdToInfoMap={}, mSubIdToCarrierConfigMap={}, mPrivilegedPackages={} }
01-07 03:36:32.796   929   967 D CompatibilityChangeReporter: Compat change id reported: 168419799; UID 10025; state: DISABLED
01-07 03:36:32.799   929   966 W TextServicesManagerService: no available spell checker services found
01-07 03:36:32.815   929   966 W VoiceInteractionManager: no available voice recognition services found for user 0
01-07 03:36:32.819   929   929 I AppsFilter: interaction: PackageSetting{4c2d619 com.sonos.pinewood.tokenmanager.service/10053} -> PackageSetting{8115940 com.hulu.livingroomplus/10091} BLOCKED
01-07 03:36:32.819   929   929 I AppsFilter: interaction: PackageSetting{85ffc8e com.sonos.pinewood.ota.service/10049} -> PackageSetting{8115940 com.hulu.livingroomplus/10091} BLOCKED
01-07 03:36:32.819   929   929 I AppsFilter: interaction: PackageSetting{3a5fcaf com.sonos.pinewood.ota.test/10048} -> PackageSetting{8115940 com.hulu.livingroomplus/10091} BLOCKED
01-07 03:36:32.824   929  1055 D CompatibilityChangeReporter: Compat change id reported: 218533173; UID 10091; state: ENABLED
01-07 03:36:32.826   929   967 D CompatibilityChangeReporter: Compat change id reported: 135634846; UID 10059; state: DISABLED
01-07 03:36:32.826   929   967 D CompatibilityChangeReporter: Compat change id reported: 177438394; UID 10059; state: DISABLED
