01-07 03:45:45.471   929  1188 E HDMI    : [6]:Failed to send <Text View On> 30:0D with errorCode=1
01-07 03:45:45.472   929   929 D HDMI    : ActiveSourceHistoryRecord active source=(0x03, 0x2000) isActiveSource=true from=ActiveSourceAction
01-07 03:45:45.472   929   929 D HdmiCecActiveness: setState active mState:active
01-07 03:45:45.472   929   929 D HDMI    : setLocalActivePort port:0 current:0
01-07 03:45:45.485   929   929 W Looper  : Slow dispatch took 361ms main h=android.os.Handler c=com.android.server.hdmi.WorkSourceUidPreservingRunnable@9ffb34c m=0
01-07 03:45:45.485   929   929 W Looper  : Slow delivery took 360ms main h=android.app.ActivityThread$H c=android.app.LoadedApk$ReceiverDispatcher$Args$$ExternalSyntheticLambda0@348af95 m=0
01-07 03:45:45.485   929   929 I HdmiControlService: checkAndUpdateAbsoluteVolumeControlState() AudioDeviceAttributes: role:output type:hdmi addr: name: profiles:[] descriptors:[]Not in AVC_AUDIO_OUTPUT_DEVICES
01-07 03:45:45.495   929   929 I HdmiControlService: checkAndUpdateAbsoluteVolumeControlState() AudioDeviceAttributes: role:output type:hdmi addr: name: profiles:[] descriptors:[]Not in AVC_AUDIO_OUTPUT_DEVICES
01-07 03:45:45.495   929   929 W Looper  : Drained
01-07 03:45:45.601   929  1188 D HDMI    : [S]:<Active Source> 3F:82:20:00
01-07 03:45:45.940   929  1188 E HDMI    : [1]:Failed to send <Menu Status> 30:8E:00 with errorCode=1
01-07 03:45:45.951   929   961 W ProcessStats: Tracking association SourceState{507ce49 com.brdgwtr.publisherservice/10051 BTopFgs #1641} whose proc state 2 is better than process ProcessState{b8785c3 com.brdgwtr.dms/10044 pkg=com.brdgwtr.dms} proc state 3 (30 skipped)
01-07 03:45:46.283   929  1188 E HDMI    : [6]:Failed to send <Give Device Power Status> 30:8F with errorCode=1
01-07 03:45:47.485   929   929 D HDMI    : one touch play retry:1
01-07 03:45:49.205   929   992 E PackageManager: ERROR: could not load root hash from incremental install
01-07 03:45:49.205   929   992 E PackageManager: ERROR: could not load root hash from incremental install
01-07 03:45:49.206   929   992 E PackageManager: ERROR: could not load root hash from incremental install
01-07 03:45:49.206   929   992 E PackageManager: ERROR: could not load root hash from incremental install
01-07 03:45:49.206   929   992 E PackageManager: Required verifier is null
01-07 03:45:49.265   929  1098 W RuleEvaluation: Integrity rule files are not available.
01-07 03:45:49.266   929   992 I PackageManager: Integrity check passed for file:///data/app/vmdl119936953.tmp
01-07 03:45:49.309   929   992 I PackageManager: Permission ownership changed. Updating all permissions.
01-07 03:45:49.322   929   992 W PackageManager: Package android.ext.services is an APK in APEX, but has permission allowlist on the system image. Please bundle the allowlist in the com.android.extservices APEX instead.
01-07 03:45:49.322   929   992 W PackageManager: Package android.ext.services is an APK in APEX, but has permission allowlist on the system image. Please bundle the allowlist in the com.android.extservices APEX instead.
01-07 03:45:49.322   929   992 W PackageManager: Package android.ext.services is an APK in APEX, but has permission allowlist on the system image. Please bundle the allowlist in the com.android.extservices APEX instead.
01-07 03:45:49.322   929   992 W PackageManager: Package android.ext.services is an APK in APEX, but has permission allowlist on the system image. Please bundle the allowlist in the com.android.extservices APEX instead.
01-07 03:45:49.332   929   992 W PackageManager: Package com.android.providers.media.module is an APK in APEX, but has permission allowlist on the system image. Please bundle the allowlist in the com.android.mediaprovider APEX instead.
01-07 03:45:49.332   929   992 W PackageManager: Package com.android.providers.media.module is an APK in APEX, but has permission allowlist on the system image. Please bundle the allowlist in the com.android.mediaprovider APEX instead.
01-07 03:45:49.332   929   992 W PackageManager: Package com.android.providers.media.module is an APK in APEX, but has permission allowlist on the system image. Please bundle the allowlist in the com.android.mediaprovider APEX instead.
01-07 03:45:49.332   929   992 W PackageManager: Package com.android.providers.media.module is an APK in APEX, but has permission allowlist on the system image. Please bundle the allowlist in the com.android.mediaprovider APEX instead.
01-07 03:45:49.332   929   992 W PackageManager: Package com.android.providers.media.module is an APK in APEX, but has permission allowlist on the system image. Please bundle the allowlist in the com.android.mediaprovider APEX instead.
01-07 03:45:49.332   929   992 W PackageManager: Package com.android.providers.media.module is an APK in APEX, but has permission allowlist on the system image. Please bundle the allowlist in the com.android.mediaprovider APEX instead.
01-07 03:45:49.332   929   992 W PackageManager: Package com.android.providers.media.module is an APK in APEX, but has permission allowlist on the system image. Please bundle the allowlist in the com.android.mediaprovider APEX instead.
01-07 03:45:49.332   929   992 W PackageManager: Package com.android.providers.media.module is an APK in APEX, but has permission allowlist on the system image. Please bundle the allowlist in the com.android.mediaprovider APEX instead.
01-07 03:45:49.332   929   992 W PackageManager: Package com.android.providers.media.module is an APK in APEX, but has permission allowlist on the system image. Please bundle the allowlist in the com.android.mediaprovider APEX instead.
01-07 03:45:49.332   929   992 W PackageManager: Package com.android.providers.media.module is an APK in APEX, but has permission allowlist on the system image. Please bundle the allowlist in the com.android.mediaprovider APEX instead.
01-07 03:45:49.332   929   992 W PackageManager: Package com.android.providers.media.module is an APK in APEX, but has permission allowlist on the system image. Please bundle the allowlist in the com.android.mediaprovider APEX instead.
01-07 03:45:49.332   929   992 W PackageManager: Package com.android.providers.media.module is an APK in APEX, but has permission allowlist on the system image. Please bundle the allowlist in the com.android.mediaprovider APEX instead.
01-07 03:45:49.333   929   992 W PackageManager: Package com.android.providers.media.module is an APK in APEX, but has permission allowlist on the system image. Please bundle the allowlist in the com.android.mediaprovider APEX instead.
01-07 03:45:49.362   929   992 D PackageManager: Instant App installer not found with android.intent.action.INSTALL_INSTANT_APP_PACKAGE
01-07 03:45:49.362   929   992 D PackageManager: Clear ephemeral installer activity
01-07 03:45:43.853     0     0 I [1 T5209  ..] logd: start watching /data/system/packages.list ...
01-07 03:45:43.854     0     0 I [1 T5209  ..] logd: ReadPackageList, total packages: 113
01-07 03:45:49.486   929   929 D HDMI    : one touch play retry:2
01-07 03:45:50.196   929   992 V BackupManagerService: [UserID:0] restoreAtInstall pkg=com.apple.atve.androidtv.appletv token=10 restoreSet=0
01-07 03:45:50.197   929   992 V BackupManagerService: [UserID:0] Finishing install immediately
01-07 03:45:50.202   929   992 I AppsFilter: interaction: PackageSetting{832a5c9 io.appium.uiautomator2.server.test/10103} -> PackageSetting{5663446 com.apple.atve.androidtv.appletv/10105} BLOCKED
01-07 03:45:50.202   929   992 I AppsFilter: interaction: PackageSetting{4c2d619 com.sonos.pinewood.tokenmanager.service/10053} -> PackageSetting{5663446 com.apple.atve.androidtv.appletv/10105} BLOCKED
01-07 03:45:50.202   929   992 I AppsFilter: interaction: PackageSetting{85ffc8e com.sonos.pinewood.ota.service/10049} -> PackageSetting{5663446 com.apple.atve.androidtv.appletv/10105} BLOCKED
01-07 03:45:50.202   929   992 I AppsFilter: interaction: PackageSetting{3a5fcaf com.sonos.pinewood.ota.test/10048} -> PackageSetting{5663446 com.apple.atve.androidtv.appletv/10105} BLOCKED
01-07 03:45:50.202   929   992 I AppsFilter: interaction: PackageSetting{7862179 io.appium.uiautomator2.server/10102} -> PackageSetting{5663446 com.apple.atve.androidtv.appletv/10105} BLOCKED
01-07 03:45:50.202   929   992 I AppsFilter: interaction: PackageSetting{fc1d83 com.amazon.amazonvideo.livingroom.qa/10096} -> PackageSetting{5663446 com.apple.atve.androidtv.appletv/10105} BLOCKED
01-07 03:45:50.204   929   992 D PackageInstallerSession: Marking session 119936953 as applied
01-07 03:45:50.208   929   992 D CompatibilityChangeReporter: Compat change id reported: 168419799; UID 10105; state: DISABLED
01-07 03:45:50.215   929   967 W BroadcastQueue: Background execution not allowed: receiving Intent { act=android.intent.action.PACKAGE_ADDED dat=package: flg=0x4000010 (has extras) } to com.android.packageinstaller/.PackageInstalledReceiver
01-07 03:45:50.215   929   967 W BroadcastQueue: Background execution not allowed: receiving Intent { act=android.intent.action.PACKAGE_ADDED dat=package: flg=0x4000010 (has extras) } to com.android.gallery3d/.app.PackagesMonitor
01-07 03:45:50.229   929   929 V BackupManagerConstants: getFullBackupIntervalMilliseconds(...) returns 86400000
01-07 03:45:50.229   929   929 V BackupManagerConstants: getFullBackupRequiredNetworkType(...) returns 2
01-07 03:45:50.229   929   929 V BackupManagerConstants: getFullBackupRequireCharging(...) returns true
01-07 03:45:50.229   929   929 D CompatibilityChangeReporter: Compat change id reported: 194532703; UID 1000; state: ENABLED
01-07 03:45:50.247   929   966 W TextServicesManagerService: no available spell checker services found
01-07 03:45:50.249   929   929 I AppsFilter: interaction: PackageSetting{832a5c9 io.appium.uiautomator2.server.test/10103} -> PackageSetting{d67f63d com.apple.atve.androidtv.appletv/10105} BLOCKED
01-07 03:45:50.249   929   929 I AppsFilter: interaction: PackageSetting{4c2d619 com.sonos.pinewood.tokenmanager.service/10053} -> PackageSetting{d67f63d com.apple.atve.androidtv.appletv/10105} BLOCKED
01-07 03:45:50.249   929   929 I AppsFilter: interaction: PackageSetting{85ffc8e com.sonos.pinewood.ota.service/10049} -> PackageSetting{d67f63d com.apple.atve.androidtv.appletv/10105} BLOCKED
01-07 03:45:50.250   929   929 I AppsFilter: interaction: PackageSetting{3a5fcaf com.sonos.pinewood.ota.test/10048} -> PackageSetting{d67f63d com.apple.atve.androidtv.appletv/10105} BLOCKED
01-07 03:45:50.250   929   929 I AppsFilter: interaction: PackageSetting{7862179 io.appium.uiautomator2.server/10102} -> PackageSetting{d67f63d com.apple.atve.androidtv.appletv/10105} BLOCKED
01-07 03:45:50.250   929   929 I AppsFilter: interaction: PackageSetting{fc1d83 com.amazon.amazonvideo.livingroom.qa/10096} -> PackageSetting{d67f63d com.apple.atve.androidtv.appletv/10105} BLOCKED
01-07 03:45:50.277   929  1055 D CompatibilityChangeReporter: Compat change id reported: 218533173; UID 10105; state: ENABLED
01-07 03:45:50.310   929  1735 W BackupTransportManager: Package com.apple.atve.androidtv.appletv enabled setting: 0
01-07 03:45:50.320   929  2854 D CompatibilityChangeReporter: Compat change id reported: 161252188; UID 10105; state: ENABLED
01-07 03:45:50.320   929   966 W VoiceInteractionManager: no available voice recognition services found for user 0
01-07 03:45:50.326   929   966 W TextServicesManagerService: no available spell checker services found
01-07 03:45:50.333   929  2734 D CompatibilityChangeReporter: Compat change id reported: 135634846; UID 10105; state: DISABLED
01-07 03:45:50.333   929   968 D CompatibilityChangeReporter: Compat change id reported: 143937733; UID 10105; state: ENABLED
01-07 03:45:50.344   929   966 W VoiceInteractionManager: no available voice recognition services found for user 0
01-07 03:45:50.352   929   968 I ActivityManager: Start proc 5923:com.apple.atve.androidtv.appletv/u0a105 for broadcast {com.apple.atve.androidtv.appletv/com.apple.atve.generic.LunaChannelNotificationReceiver}
01-07 03:45:45.108     0     0 W [7 T5936  ..] audit: audit_lost=23256 audit_rate_limit=5 audit_backlog_limit=64
01-07 03:45:45.108     0     0 E [7 T5936  ..] audit: rate limit exceeded
01-07 03:45:50.738   929  2734 D PackageManager: Instant App installer not found with android.intent.action.INSTALL_INSTANT_APP_PACKAGE
01-07 03:45:50.738   929  2734 D PackageManager: Clear ephemeral installer activity
01-07 03:45:50.758   929  2734 D CompatibilityChangeReporter: Compat change id reported: 161145287; UID 10105; state: DISABLED
01-07 03:45:50.814   929   992 E PackageManager: ERROR: could not load root hash from incremental install
01-07 03:45:50.814   929   992 E PackageManager: ERROR: could not load root hash from incremental install
01-07 03:45:50.814   929   992 E PackageManager: ERROR: could not load root hash from incremental install
01-07 03:45:50.814   929   992 E PackageManager: ERROR: could not load root hash from incremental install
01-07 03:45:50.814   929   992 E PackageManager: ERROR: could not load root hash from incremental install
01-07 03:45:50.814   929   992 E PackageManager: Required verifier is null
01-07 03:45:50.844   929  2734 D PackageManager: Instant App installer not found with android.intent.action.INSTALL_INSTANT_APP_PACKAGE
01-07 03:45:50.844   929  2734 D PackageManager: Clear ephemeral installer activity
01-07 03:45:50.857   929  2734 D CompatibilityChangeReporter: Compat change id reported: 194532703; UID 10105; state: ENABLED
01-07 03:45:50.875   929  1098 W RuleEvaluation: Integrity rule files are not available.
01-07 03:45:50.875   929   992 I PackageManager: Integrity check passed for file:///data/app/vmdl1059619068.tmp
01-07 03:45:50.930   929   992 I PackageManager: Permission ownership changed. Updating all permissions.
01-07 03:45:50.942   929   992 W PackageManager: Package android.ext.services is an APK in APEX, but has permission allowlist on the system image. Please bundle the allowlist in the com.android.extservices APEX instead.
01-07 03:45:50.942   929   992 W PackageManager: Package android.ext.services is an APK in APEX, but has permission allowlist on the system image. Please bundle the allowlist in the com.android.extservices APEX instead.
01-07 03:45:50.942   929   992 W PackageManager: Package android.ext.services is an APK in APEX, but has permission allowlist on the system image. Please bundle the allowlist in the com.android.extservices APEX instead.
01-07 03:45:50.943   929   992 W PackageManager: Package android.ext.services is an APK in APEX, but has permission allowlist on the system image. Please bundle the allowlist in the com.android.extservices APEX instead.
01-07 03:45:50.955   929   992 W PackageManager: Package com.android.providers.media.module is an APK in APEX, but has permission allowlist on the system image. Please bundle the allowlist in the com.android.mediaprovider APEX instead.
01-07 03:45:50.955   929   992 W PackageManager: Package com.android.providers.media.module is an APK in APEX, but has permission allowlist on the system image. Please bundle the allowlist in the com.android.mediaprovider APEX instead.
01-07 03:45:50.955   929   992 W PackageManager: Package com.android.providers.media.module is an APK in APEX, but has permission allowlist on the system image. Please bundle the allowlist in the com.android.mediaprovider APEX instead.
01-07 03:45:50.955   929   992 W PackageManager: Package com.android.providers.media.module is an APK in APEX, but has permission allowlist on the system image. Please bundle the allowlist in the com.android.mediaprovider APEX instead.
01-07 03:45:50.955   929   992 W PackageManager: Package com.android.providers.media.module is an APK in APEX, but has permission allowlist on the system image. Please bundle the allowlist in the com.android.mediaprovider APEX instead.
01-07 03:45:50.955   929   992 W PackageManager: Package com.android.providers.media.module is an APK in APEX, but has permission allowlist on the system image. Please bundle the allowlist in the com.android.mediaprovider APEX instead.
01-07 03:45:50.955   929   992 W PackageManager: Package com.android.providers.media.module is an APK in APEX, but has permission allowlist on the system image. Please bundle the allowlist in the com.android.mediaprovider APEX instead.
01-07 03:45:50.956   929   992 W PackageManager: Package com.android.providers.media.module is an APK in APEX, but has permission allowlist on the system image. Please bundle the allowlist in the com.android.mediaprovider APEX instead.
01-07 03:45:50.956   929   992 W PackageManager: Package com.android.providers.media.module is an APK in APEX, but has permission allowlist on the system image. Please bundle the allowlist in the com.android.mediaprovider APEX instead.
01-07 03:45:50.956   929   992 W PackageManager: Package com.android.providers.media.module is an APK in APEX, but has permission allowlist on the system image. Please bundle the allowlist in the com.android.mediaprovider APEX instead.
01-07 03:45:50.956   929   992 W PackageManager: Package com.android.providers.media.module is an APK in APEX, but has permission allowlist on the system image. Please bundle the allowlist in the com.android.mediaprovider APEX instead.
01-07 03:45:50.956   929   992 W PackageManager: Package com.android.providers.media.module is an APK in APEX, but has permission allowlist on the system image. Please bundle the allowlist in the com.android.mediaprovider APEX instead.
01-07 03:45:50.956   929   992 W PackageManager: Package com.android.providers.media.module is an APK in APEX, but has permission allowlist on the system image. Please bundle the allowlist in the com.android.mediaprovider APEX instead.
01-07 03:45:45.478     0     0 I [0 T5209  ..] logd: start watching /data/system/packages.list ...
01-07 03:45:50.987   929   992 D PackageManager: Instant App installer not found with android.intent.action.INSTALL_INSTANT_APP_PACKAGE
01-07 03:45:50.987   929   992 D PackageManager: Clear ephemeral installer activity
01-07 03:45:51.486   929   929 D HDMI    : one touch play retry:3
01-07 03:45:51.982   929  1065 D ActivityManager: freezing 3384 com.sonos.pinewood.tokenmanager.service
01-07 03:45:53.488   929   929 D HDMI    : one touch play retry:4
01-07 03:45:54.605   929  2734 I ActivityTaskManager: START u0 {act=android.intent.action.VIEW dat=https://api.ws.sonos.com/... pkg=com.sonos.tv.launcher cmp=com.sonos.tv.launcher/com.sonos.tv.contentguidelauncher.MainActivity (has extras)} from uid 10052
01-07 03:45:55.489   929   929 D HDMI    : one touch play retry:5
01-07 03:45:56.286   929   966 W ProcessStats: Tracking association SourceState{547b033 system/1000 BTopFgs #1701} whose proc state 2 is better than process ProcessState{b551007 com.sonos.connectivity/10088 pkg=com.sonos.connectivity} proc state 3 (70 skipped)
01-07 03:45:56.481   929  1546 D PackageManager: Instant App installer not found with android.intent.action.INSTALL_INSTANT_APP_PACKAGE
01-07 03:45:56.481   929  1546 D PackageManager: Clear ephemeral installer activity
01-07 03:45:56.513   929  1545 D PackageManager: Instant App installer not found with android.intent.action.INSTALL_INSTANT_APP_PACKAGE
01-07 03:45:56.514   929  1545 D PackageManager: Clear ephemeral installer activity
01-07 03:45:56.949   929   992 V BackupManagerService: [UserID:0] restoreAtInstall pkg=tv.pluto.android token=11 restoreSet=0
01-07 03:45:56.950   929   992 V BackupManagerService: [UserID:0] Finishing install immediately
01-07 03:45:56.952   929   992 I AppsFilter: interaction: PackageSetting{832a5c9 io.appium.uiautomator2.server.test/10103} -> PackageSetting{1f05fba com.brdgwtr.publisherservice/10051} BLOCKED
01-07 03:45:56.952   929   992 I AppsFilter: interaction: PackageSetting{4c2d619 com.sonos.pinewood.tokenmanager.service/10053} -> PackageSetting{1f05fba com.brdgwtr.publisherservice/10051} BLOCKED
01-07 03:45:56.952   929   992 I AppsFilter: interaction: PackageSetting{85ffc8e com.sonos.pinewood.ota.service/10049} -> PackageSetting{1f05fba com.brdgwtr.publisherservice/10051} BLOCKED
01-07 03:45:56.952   929   992 I AppsFilter: interaction: PackageSetting{3a5fcaf com.sonos.pinewood.ota.test/10048} -> PackageSetting{1f05fba com.brdgwtr.publisherservice/10051} BLOCKED
01-07 03:45:56.952   929   992 I AppsFilter: interaction: PackageSetting{7862179 io.appium.uiautomator2.server/10102} -> PackageSetting{1f05fba com.brdgwtr.publisherservice/10051} BLOCKED
01-07 03:45:56.952   929   992 I AppsFilter: interaction: PackageSetting{832a5c9 io.appium.uiautomator2.server.test/10103} -> PackageSetting{45f9e6b com.apple.atve.androidtv.appletv/10105} BLOCKED
01-07 03:45:56.952   929   992 I AppsFilter: interaction: PackageSetting{4c2d619 com.sonos.pinewood.tokenmanager.service/10053} -> PackageSetting{45f9e6b com.apple.atve.androidtv.appletv/10105} BLOCKED
01-07 03:45:56.953   929   992 I AppsFilter: interaction: PackageSetting{85ffc8e com.sonos.pinewood.ota.service/10049} -> PackageSetting{45f9e6b com.apple.atve.androidtv.appletv/10105} BLOCKED
01-07 03:45:56.953   929   992 I AppsFilter: interaction: PackageSetting{3a5fcaf com.sonos.pinewood.ota.test/10048} -> PackageSetting{45f9e6b com.apple.atve.androidtv.appletv/10105} BLOCKED
01-07 03:45:56.953   929   992 I AppsFilter: interaction: PackageSetting{7862179 io.appium.uiautomator2.server/10102} -> PackageSetting{45f9e6b com.apple.atve.androidtv.appletv/10105} BLOCKED
01-07 03:45:56.953   929   992 I AppsFilter: interaction: PackageSetting{fc1d83 com.amazon.amazonvideo.livingroom.qa/10096} -> PackageSetting{45f9e6b com.apple.atve.androidtv.appletv/10105} BLOCKED
01-07 03:45:56.962   929   992 I AppsFilter: interaction: PackageSetting{832a5c9 io.appium.uiautomator2.server.test/10103} -> PackageSetting{a166e61 tv.pluto.android/10106} BLOCKED
01-07 03:45:56.962   929   992 I AppsFilter: interaction: PackageSetting{4c2d619 com.sonos.pinewood.tokenmanager.service/10053} -> PackageSetting{a166e61 tv.pluto.android/10106} BLOCKED
01-07 03:45:56.962   929   992 I AppsFilter: interaction: PackageSetting{85ffc8e com.sonos.pinewood.ota.service/10049} -> PackageSetting{a166e61 tv.pluto.android/10106} BLOCKED
01-07 03:45:56.962   929   992 I AppsFilter: interaction: PackageSetting{3a5fcaf com.sonos.pinewood.ota.test/10048} -> PackageSetting{a166e61 tv.pluto.android/10106} BLOCKED
01-07 03:45:56.962   929   992 I AppsFilter: interaction: PackageSetting{7862179 io.appium.uiautomator2.server/10102} -> PackageSetting{a166e61 tv.pluto.android/10106} BLOCKED
01-07 03:45:56.962   929   992 I AppsFilter: interaction: PackageSetting{fc1d83 com.amazon.amazonvideo.livingroom.qa/10096} -> PackageSetting{a166e61 tv.pluto.android/10106} BLOCKED
01-07 03:45:56.964   929   992 D PackageInstallerSession: Marking session 1059619068 as applied
01-07 03:45:56.982   929  1055 D CompatibilityChangeReporter: Compat change id reported: 218533173; UID 10105; state: ENABLED
01-07 03:45:56.985   929   992 D CompatibilityChangeReporter: Compat change id reported: 168419799; UID 10106; state: DISABLED
01-07 03:45:57.000   929   967 W BroadcastQueue: Background execution not allowed: receiving Intent { act=android.intent.action.PACKAGE_ADDED dat=package: flg=0x4000010 (has extras) } to com.android.packageinstaller/.PackageInstalledReceiver
01-07 03:45:57.003   929   967 W BroadcastQueue: Background execution not allowed: receiving Intent { act=android.intent.action.PACKAGE_ADDED dat=package: flg=0x4000010 (has extras) } to com.android.gallery3d/.app.PackagesMonitor
01-07 03:45:57.075   929   929 I AppsFilter: interaction: PackageSetting{832a5c9 io.appium.uiautomator2.server.test/10103} -> PackageSetting{44270b4 tv.pluto.android/10106} BLOCKED
01-07 03:45:57.075   929   929 I AppsFilter: interaction: PackageSetting{4c2d619 com.sonos.pinewood.tokenmanager.service/10053} -> PackageSetting{44270b4 tv.pluto.android/10106} BLOCKED
01-07 03:45:57.075   929   929 I AppsFilter: interaction: PackageSetting{85ffc8e com.sonos.pinewood.ota.service/10049} -> PackageSetting{44270b4 tv.pluto.android/10106} BLOCKED
01-07 03:45:57.075   929   929 I AppsFilter: interaction: PackageSetting{3a5fcaf com.sonos.pinewood.ota.test/10048} -> PackageSetting{44270b4 tv.pluto.android/10106} BLOCKED
01-07 03:45:57.075   929   929 I AppsFilter: interaction: PackageSetting{7862179 io.appium.uiautomator2.server/10102} -> PackageSetting{44270b4 tv.pluto.android/10106} BLOCKED
01-07 03:45:57.075   929   929 I AppsFilter: interaction: PackageSetting{fc1d83 com.amazon.amazonvideo.livingroom.qa/10096} -> PackageSetting{44270b4 tv.pluto.android/10106} BLOCKED
01-07 03:45:57.092   929  1055 D CompatibilityChangeReporter: Compat change id reported: 218533173; UID 10106; state: ENABLED
01-07 03:45:57.120   929  1735 W BackupTransportManager: Package tv.pluto.android enabled setting: 0
01-07 03:45:57.127   929  4469 D CompatibilityChangeReporter: Compat change id reported: 161252188; UID 10106; state: ENABLED
01-07 03:45:57.140   929  5276 D CompatibilityChangeReporter: Compat change id reported: 135634846; UID 10106; state: DISABLED
01-07 03:45:57.141   929  5276 D CompatibilityChangeReporter: Compat change id reported: 177438394; UID 10106; state: DISABLED
01-07 03:45:57.141   929  5276 D CompatibilityChangeReporter: Compat change id reported: 135772972; UID 10106; state: DISABLED
01-07 03:45:57.141   929  5276 D CompatibilityChangeReporter: Compat change id reported: 135754954; UID 10106; state: ENABLED
01-07 03:45:57.141   929   968 D CompatibilityChangeReporter: Compat change id reported: 143937733; UID 10106; state: ENABLED
01-07 03:45:57.166   929   929 I HdmiCecLocalDevicePlaybackSwitch: onInputAdded: tv.pluto.android/tv.pluto.feature.leanbacklivetv.LiveTVInputService
01-07 03:45:57.166   929   929 I HdmiCecLocalDevicePlaybackSwitch: addOrUpdateTvInput: return HdmiDeviceInfo null
01-07 03:45:57.174   929   966 W VoiceInteractionManager: no available voice recognition services found for user 0
01-07 03:45:57.179   929   968 I ActivityManager: Start proc 5991:tv.pluto.android/u0a106 for broadcast {tv.pluto.android/tv.pluto.android.MultipleInitializeProgramsReceiver}
01-07 03:45:57.245   929   966 W VoiceInteractionManager: no available voice recognition services found for user 0
01-07 03:45:57.251   929   966 W TextServicesManagerService: no available spell checker services found
01-07 03:45:57.263   929   966 W VoiceInteractionManager: no available voice recognition services found for user 0
01-07 03:45:51.758     0     0 W [5 T6008  ..] audit: audit_lost=24002 audit_rate_limit=5 audit_backlog_limit=64
01-07 03:45:51.758     0     0 E [5 T6008  ..] audit: rate limit exceeded
01-07 03:45:57.270   929   966 W TextServicesManagerService: no available spell checker services found
01-07 03:45:57.289   929   966 W VoiceInteractionManager: no available voice recognition services found for user 0
01-07 03:45:58.134   929   959 D AutofillManagerService: onBackKeyPressed()
01-07 03:45:58.497   929  1065 D ActivityManager: freezing 2073 android.process.acore
01-07 03:45:58.847   929  1065 D ActivityManager: freezing 1804 com.sonos.tv.setup
01-07 03:45:59.003   929   944 D CompatibilityChangeReporter: Compat change id reported: 161145287; UID 10106; state: DISABLED
01-07 03:45:59.006   929   967 W BroadcastQueue: Exported Denial: sending Intent { act=android.intent.action.BATTERY_CHANGED flg=0x60000010 (has extras) }, action: android.intent.action.BATTERY_CHANGED from null (uid=-1) due to receiver ProcessRecord{e25be68 5991:tv.pluto.android/u0a106} (uid 10106) not specifying RECEIVER_EXPORTED
01-07 03:45:59.557  5991  5991 W Looper  : Slow dispatch took 2270ms main h=android.app.ActivityThread$H c=null m=110
01-07 03:45:59.565  5991  5991 W Looper  : Slow delivery took 2276ms main h=android.app.ActivityThread$H c=null m=113
01-07 03:45:59.570   929  1210 D CompatibilityChangeReporter: Compat change id reported: 135634846; UID 10106; state: DISABLED
01-07 03:45:59.570   929  1210 D CompatibilityChangeReporter: Compat change id reported: 177438394; UID 10106; state: DISABLED
01-07 03:45:59.570   929  1210 D CompatibilityChangeReporter: Compat change id reported: 135772972; UID 10106; state: DISABLED
01-07 03:45:59.570   929  1210 D CompatibilityChangeReporter: Compat change id reported: 135754954; UID 10106; state: ENABLED
01-07 03:45:59.571   929   968 D CompatibilityChangeReporter: Compat change id reported: 143937733; UID 10106; state: ENABLED
01-07 03:45:59.585  5991  5991 W Looper  : Drained
01-07 03:45:59.586   929   968 I ActivityManager: Start proc 6139:tv.pluto.android:input/u0a106 for broadcast {tv.pluto.android/tv.pluto.feature.leanbacklivetv.LiveTVBootLocalReceiver}
01-07 03:45:54.180     0     0 W [4 T6156  ..] audit: audit_lost=24732 audit_rate_limit=5 audit_backlog_limit=64
01-07 03:45:54.180     0     0 E [4 T6156  ..] audit: rate limit exceeded
01-07 03:45:59.950   929   992 E PackageManager: ERROR: could not load root hash from incremental install
01-07 03:45:59.950   929   992 E PackageManager: Required verifier is null
01-07 03:45:59.969   929  1098 W RuleEvaluation: Integrity rule files are not available.
01-07 03:45:59.970   929   992 I PackageManager: Integrity check passed for file:///data/app/vmdl2095058482.tmp
01-07 03:46:00.001   929   967 I ActivityManager: Force stopping com.philo.philo.google appid=10098 user=-1: installPackageLI
01-07 03:46:00.003   929   992 I PackageManager: Update package com.philo.philo.google code path from /data/app/~~979pG0JNbdMVlvKysGtrWw==/com.philo.philo.google-dhS__t_aQQYWHGAlGoYyaw== to /data/app/~~UeS3GDG5RixiOcHDkioMRQ==/com.philo.philo.google-g-xiSQMcAUiCKqD4BfimMw==; Retain data and using new
01-07 03:46:00.004   929   992 I AppsFilter: interaction: PackageSetting{c10a982 io.appium.uiautomator2.server.test/10103} -> PackageSetting{2085240 com.philo.philo.google/10098} BLOCKED
01-07 03:46:00.004   929   992 I AppsFilter: interaction: PackageSetting{4edd0d0 com.sonos.pinewood.tokenmanager.service/10053} -> PackageSetting{2085240 com.philo.philo.google/10098} BLOCKED
01-07 03:46:00.004   929   992 I AppsFilter: interaction: PackageSetting{fc178c9 com.sonos.pinewood.ota.service/10049} -> PackageSetting{2085240 com.philo.philo.google/10098} BLOCKED
01-07 03:46:00.004   929   992 I AppsFilter: interaction: PackageSetting{ca3dbce com.sonos.pinewood.ota.test/10048} -> PackageSetting{2085240 com.philo.philo.google/10098} BLOCKED
01-07 03:46:00.004   929   992 I AppsFilter: interaction: PackageSetting{e118aef io.appium.uiautomator2.server/10102} -> PackageSetting{2085240 com.philo.philo.google/10098} BLOCKED
01-07 03:46:00.004   929   967 I ActivityManager: Killing 5550:com.philo.philo.google/u0a98 (adj 925): stop com.philo.philo.google due to installPackageLI
01-07 03:46:00.004   929   992 I AppsFilter: interaction: PackageSetting{9a729fc com.amazon.amazonvideo.livingroom.qa/10096} -> PackageSetting{2085240 com.philo.philo.google/10098} BLOCKED
01-07 03:46:00.004   929   992 I AppsFilter: interaction: PackageSetting{c10a982 io.appium.uiautomator2.server.test/10103} -> PackageSetting{fdfd885 com.philo.philo.google/10098} BLOCKED
01-07 03:46:00.004   929   992 I AppsFilter: interaction: PackageSetting{4edd0d0 com.sonos.pinewood.tokenmanager.service/10053} -> PackageSetting{fdfd885 com.philo.philo.google/10098} BLOCKED
01-07 03:46:00.004   929   992 I AppsFilter: interaction: PackageSetting{fc178c9 com.sonos.pinewood.ota.service/10049} -> PackageSetting{fdfd885 com.philo.philo.google/10098} BLOCKED
01-07 03:46:00.005   929   992 I AppsFilter: interaction: PackageSetting{ca3dbce com.sonos.pinewood.ota.test/10048} -> PackageSetting{fdfd885 com.philo.philo.google/10098} BLOCKED
01-07 03:46:00.005   929   992 I AppsFilter: interaction: PackageSetting{e118aef io.appium.uiautomator2.server/10102} -> PackageSetting{fdfd885 com.philo.philo.google/10098} BLOCKED
01-07 03:46:00.005   929   992 I AppsFilter: interaction: PackageSetting{9a729fc com.amazon.amazonvideo.livingroom.qa/10096} -> PackageSetting{fdfd885 com.philo.philo.google/10098} BLOCKED
01-07 03:46:00.053   929   992 D PackageManager: Instant App installer not found with android.intent.action.INSTALL_INSTANT_APP_PACKAGE
01-07 03:46:00.053   929   992 D PackageManager: Clear ephemeral installer activity
01-07 03:46:00.061   929  1267 D CompatibilityChangeReporter: Compat change id reported: 161145287; UID 10106; state: DISABLED
01-07 03:46:00.081   929   967 W BroadcastQueue: Exported Denial: sending Intent { act=android.intent.action.BATTERY_CHANGED flg=0x60000010 (has extras) }, action: android.intent.action.BATTERY_CHANGED from null (uid=-1) due to receiver ProcessRecord{a7c0f2d 6139:tv.pluto.android:input/u0a106} (uid 10106) not specifying RECEIVER_EXPORTED
01-07 03:46:00.086   929  1541 D PackageManager: Instant App installer not found with android.intent.action.INSTALL_INSTANT_APP_PACKAGE
01-07 03:46:00.086   929  1541 D PackageManager: Clear ephemeral installer activity
01-07 03:46:00.103   929  1267 V ActivityManager: Got obituary of 5550:com.philo.philo.google
01-07 03:46:00.108   929  1541 D PackageManager: Instant App installer not found with android.intent.action.INSTALL_INSTANT_APP_PACKAGE
01-07 03:46:00.108   929  1541 D PackageManager: Clear ephemeral installer activity
01-07 03:46:00.520   929  1267 D CompatibilityChangeReporter: Compat change id reported: 194532703; UID 10106; state: ENABLED
01-07 03:46:00.835   929  1267 D CompatibilityChangeReporter: Compat change id reported: 168419799; UID 10106; state: DISABLED
01-07 03:46:00.867   929  1210 D PackageManager: Instant App installer not found with android.intent.action.INSTALL_INSTANT_APP_PACKAGE
01-07 03:46:00.867   929  1210 D PackageManager: Clear ephemeral installer activity
01-07 03:46:01.191   929  1267 D PackageManager: Instant App installer not found with android.intent.action.INSTALL_INSTANT_APP_PACKAGE
01-07 03:46:01.191   929  1267 D PackageManager: Clear ephemeral installer activity
01-07 03:46:01.999   929   944 I ActivityTaskManager: START u0 {act=android.intent.action.VIEW dat=https://api.ws.sonos.com/... pkg=com.sonos.tv.launcher cmp=com.sonos.tv.launcher/com.sonos.tv.contentguidelauncher.MainActivity (has extras)} from uid 10052
01-07 03:46:05.580   929   959 D AutofillManagerService: onBackKeyPressed()
01-07 03:46:06.449   929  1066 W ProcessStats: Tracking association SourceState{507ce49 com.brdgwtr.publisherservice/10051 BTopFgs #1840} whose proc state 2 is better than process ProcessState{b8785c3 com.brdgwtr.dms/10044 pkg=com.brdgwtr.dms} proc state 3 (159 skipped)
01-07 03:46:06.846   929   992 I AppsFilter: interaction: PackageSetting{832a5c9 io.appium.uiautomator2.server.test/10103} -> PackageSetting{8cc48a8 tv.pluto.android/10106} BLOCKED
01-07 03:46:06.846   929   992 I AppsFilter: interaction: PackageSetting{4c2d619 com.sonos.pinewood.tokenmanager.service/10053} -> PackageSetting{8cc48a8 tv.pluto.android/10106} BLOCKED
01-07 03:46:06.846   929   992 I AppsFilter: interaction: PackageSetting{85ffc8e com.sonos.pinewood.ota.service/10049} -> PackageSetting{8cc48a8 tv.pluto.android/10106} BLOCKED
01-07 03:46:06.846   929   992 I AppsFilter: interaction: PackageSetting{3a5fcaf com.sonos.pinewood.ota.test/10048} -> PackageSetting{8cc48a8 tv.pluto.android/10106} BLOCKED
01-07 03:46:06.846   929   992 I AppsFilter: interaction: PackageSetting{7862179 io.appium.uiautomator2.server/10102} -> PackageSetting{8cc48a8 tv.pluto.android/10106} BLOCKED
01-07 03:46:06.846   929   992 I AppsFilter: interaction: PackageSetting{fc1d83 com.amazon.amazonvideo.livingroom.qa/10096} -> PackageSetting{8cc48a8 tv.pluto.android/10106} BLOCKED
01-07 03:46:06.847   929   992 I AppsFilter: interaction: PackageSetting{832a5c9 io.appium.uiautomator2.server.test/10103} -> PackageSetting{daaf366 com.apple.atve.androidtv.appletv/10105} BLOCKED
01-07 03:46:06.847   929   992 I AppsFilter: interaction: PackageSetting{4c2d619 com.sonos.pinewood.tokenmanager.service/10053} -> PackageSetting{daaf366 com.apple.atve.androidtv.appletv/10105} BLOCKED
01-07 03:46:06.847   929   992 I AppsFilter: interaction: PackageSetting{85ffc8e com.sonos.pinewood.ota.service/10049} -> PackageSetting{daaf366 com.apple.atve.androidtv.appletv/10105} BLOCKED
01-07 03:46:06.847   929   992 I AppsFilter: interaction: PackageSetting{3a5fcaf com.sonos.pinewood.ota.test/10048} -> PackageSetting{daaf366 com.apple.atve.androidtv.appletv/10105} BLOCKED
01-07 03:46:06.847   929   992 I AppsFilter: interaction: PackageSetting{7862179 io.appium.uiautomator2.server/10102} -> PackageSetting{daaf366 com.apple.atve.androidtv.appletv/10105} BLOCKED
01-07 03:46:06.847   929   992 I AppsFilter: interaction: PackageSetting{fc1d83 com.amazon.amazonvideo.livingroom.qa/10096} -> PackageSetting{daaf366 com.apple.atve.androidtv.appletv/10105} BLOCKED
01-07 03:46:06.859   929   992 I AppsFilter: interaction: PackageSetting{c10a982 io.appium.uiautomator2.server.test/10103} -> PackageSetting{fdfd885 com.philo.philo.google/10098} BLOCKED
01-07 03:46:06.859   929   992 I AppsFilter: interaction: PackageSetting{4edd0d0 com.sonos.pinewood.tokenmanager.service/10053} -> PackageSetting{fdfd885 com.philo.philo.google/10098} BLOCKED
01-07 03:46:06.859   929   992 I AppsFilter: interaction: PackageSetting{fc178c9 com.sonos.pinewood.ota.service/10049} -> PackageSetting{fdfd885 com.philo.philo.google/10098} BLOCKED
01-07 03:46:06.859   929   992 I AppsFilter: interaction: PackageSetting{ca3dbce com.sonos.pinewood.ota.test/10048} -> PackageSetting{fdfd885 com.philo.philo.google/10098} BLOCKED
01-07 03:46:06.860   929   992 I AppsFilter: interaction: PackageSetting{e118aef io.appium.uiautomator2.server/10102} -> PackageSetting{fdfd885 com.philo.philo.google/10098} BLOCKED
01-07 03:46:06.860   929   992 I AppsFilter: interaction: PackageSetting{9a729fc com.amazon.amazonvideo.livingroom.qa/10096} -> PackageSetting{fdfd885 com.philo.philo.google/10098} BLOCKED
01-07 03:46:06.921   929  1055 D CompatibilityChangeReporter: Compat change id reported: 218533173; UID 10106; state: ENABLED
01-07 03:46:06.937   929   992 I ActivityManager: Force stopping com.philo.philo.google appid=10098 user=0: pkg removed
01-07 03:46:06.943   929   992 I ActivityManager: Force stopping com.philo.philo.google appid=10098 user=0: pkg removed
01-07 03:46:06.969   929   967 W BroadcastQueue: Background execution not allowed: receiving Intent { act=android.intent.action.PACKAGE_REMOVED dat=package: flg=0x4000010 (has extras) } to com.android.gallery3d/.app.PackagesMonitor
01-07 03:46:06.980   929   992 D CompatibilityChangeReporter: Compat change id reported: 168419799; UID 10098; state: DISABLED
01-07 03:46:06.981   929   966 W VoiceInteractionManager: no available voice recognition services found for user 0
01-07 03:46:06.984   929   929 D CompatibilityChangeReporter: Compat change id reported: 168419799; UID 1000; state: DISABLED
01-07 03:46:06.989   929   929 D CompatibilityChangeReporter: Compat change id reported: 218533173; UID 10098; state: ENABLED
01-07 03:46:06.989   929   929 D CompatibilityChangeReporter: Compat change id reported: 171306433; UID 10098; state: ENABLED
01-07 03:46:06.989   929   929 W AlarmManager: Package com.philo.philo.google, uid 10098 lost permission to set exact alarms!
01-07 03:46:06.991   929   967 W BroadcastQueue: Background execution not allowed: receiving Intent { act=android.intent.action.PACKAGE_ADDED dat=package: flg=0x4000010 (has extras) } to com.android.packageinstaller/.PackageInstalledReceiver
01-07 03:46:06.991   929   967 W BroadcastQueue: Background execution not allowed: receiving Intent { act=android.intent.action.PACKAGE_ADDED dat=package: flg=0x4000010 (has extras) } to com.android.gallery3d/.app.PackagesMonitor
01-07 03:46:06.996   929   929 V BackupManagerConstants: getFullBackupIntervalMilliseconds(...) returns 86400000
01-07 03:46:06.996   929   929 V BackupManagerConstants: getFullBackupRequiredNetworkType(...) returns 2
01-07 03:46:06.996   929   929 V BackupManagerConstants: getFullBackupRequireCharging(...) returns true
01-07 03:46:07.010   929   992 D PackageInstallerSession: Marking session 2095058482 as applied
01-07 03:46:01.570     0     0 I [1 T5209  ..] logd: start watching /data/system/packages.list ...
01-07 03:46:01.571     0     0 I [1 T5209  ..] logd: ReadPackageList, total packages: 114
01-07 03:46:07.090   929   966 W VoiceInteractionManager: no available voice recognition services found for user 0
01-07 03:46:07.218   929  6338 D CompatibilityChangeReporter: Compat change id reported: 161252188; UID 10098; state: ENABLED
01-07 03:46:07.221   929   967 D CompatibilityChangeReporter: Compat change id reported: 135634846; UID 10098; state: DISABLED
01-07 03:46:07.221   929   967 D CompatibilityChangeReporter: Compat change id reported: 177438394; UID 10098; state: DISABLED
01-07 03:46:07.221   929   967 D CompatibilityChangeReporter: Compat change id reported: 135772972; UID 10098; state: DISABLED
01-07 03:46:07.222   929   967 D CompatibilityChangeReporter: Compat change id reported: 135754954; UID 10098; state: ENABLED
01-07 03:46:07.224   929   968 D CompatibilityChangeReporter: Compat change id reported: 143937733; UID 10098; state: ENABLED
01-07 03:46:07.247   929   968 I ActivityManager: Start proc 6341:com.philo.philo.google/u0a98 for broadcast {com.philo.philo.google/com.philo.philo.tif.LauncherNotificationReceiver}
01-07 03:46:01.904     0     0 W [3 T6358  ..] audit: audit_lost=25666 audit_rate_limit=5 audit_backlog_limit=64
01-07 03:46:01.904     0     0 E [3 T6358  ..] audit: rate limit exceeded
01-07 03:46:07.369   929   966 W TextServicesManagerService: no available spell checker services found
01-07 03:46:07.408   929   966 W VoiceInteractionManager: no available voice recognition services found for user 0
01-07 03:46:07.470   929  1046 E PackageInstallerSession: com.brdgwtr.publisherservice drops manifest attribute android:installLocation in base.apk for com.wbd.stream
01-07 03:46:07.478   929   967 I DropBoxManagerService: add tag=system_server_wtf isTagEnabled=true flags=0x2
01-07 03:46:07.542  6341  6369 E ActivityThread: Failed to find provider info for com.google.android.gms.chimera
01-07 03:46:07.640   929  6336 D CompatibilityChangeReporter: Compat change id reported: 161145287; UID 10098; state: DISABLED
01-07 03:46:07.666   929   967 W BroadcastQueue: Exported Denial: sending Intent { act=android.net.conn.CONNECTIVITY_CHANGE flg=0x4200010 (has extras) }, action: android.net.conn.CONNECTIVITY_CHANGE from null (uid=-1) due to receiver ProcessRecord{d1aae17 6341:com.philo.philo.google/u0a98} (uid 10098) not specifying RECEIVER_EXPORTED
01-07 03:46:07.796   929  6338 D CompatibilityChangeReporter: Compat change id reported: 194532703; UID 10098; state: ENABLED
01-07 03:46:07.920   929   992 E PackageManager: ERROR: could not load root hash from incremental install
01-07 03:46:07.920   929   992 E PackageManager: ERROR: could not load root hash from incremental install
01-07 03:46:07.920   929   992 E PackageManager: ERROR: could not load root hash from incremental install
01-07 03:46:07.920   929   992 E PackageManager: ERROR: could not load root hash from incremental install
01-07 03:46:07.920   929   992 E PackageManager: Required verifier is null
01-07 03:46:07.979   929  1098 W RuleEvaluation: Integrity rule files are not available.
01-07 03:46:07.980   929   992 I PackageManager: Integrity check passed for file:///data/app/vmdl774640428.tmp
01-07 03:46:07.988   356  5917 I keystore2: keystore2::watchdog: Watchdog thread idle -> terminating. Have a great day.
01-07 03:46:08.101   929   992 I PackageManager: Permission ownership changed. Updating all permissions.
01-07 03:46:08.114   929   992 W PackageManager: Package android.ext.services is an APK in APEX, but has permission allowlist on the system image. Please bundle the allowlist in the com.android.extservices APEX instead.
01-07 03:46:08.114   929   992 W PackageManager: Package android.ext.services is an APK in APEX, but has permission allowlist on the system image. Please bundle the allowlist in the com.android.extservices APEX instead.
01-07 03:46:08.114   929   992 W PackageManager: Package android.ext.services is an APK in APEX, but has permission allowlist on the system image. Please bundle the allowlist in the com.android.extservices APEX instead.
01-07 03:46:08.114   929   992 W PackageManager: Package android.ext.services is an APK in APEX, but has permission allowlist on the system image. Please bundle the allowlist in the com.android.extservices APEX instead.
01-07 03:46:08.124   929   992 W PackageManager: Package com.android.providers.media.module is an APK in APEX, but has permission allowlist on the system image. Please bundle the allowlist in the com.android.mediaprovider APEX instead.
01-07 03:46:08.124   929   992 W PackageManager: Package com.android.providers.media.module is an APK in APEX, but has permission allowlist on the system image. Please bundle the allowlist in the com.android.mediaprovider APEX instead.
01-07 03:46:08.124   929   992 W PackageManager: Package com.android.providers.media.module is an APK in APEX, but has permission allowlist on the system image. Please bundle the allowlist in the com.android.mediaprovider APEX instead.
01-07 03:46:08.124   929   992 W PackageManager: Package com.android.providers.media.module is an APK in APEX, but has permission allowlist on the system image. Please bundle the allowlist in the com.android.mediaprovider APEX instead.
01-07 03:46:08.124   929   992 W PackageManager: Package com.android.providers.media.module is an APK in APEX, but has permission allowlist on the system image. Please bundle the allowlist in the com.android.mediaprovider APEX instead.
01-07 03:46:08.124   929   992 W PackageManager: Package com.android.providers.media.module is an APK in APEX, but has permission allowlist on the system image. Please bundle the allowlist in the com.android.mediaprovider APEX instead.
01-07 03:46:08.125   929   992 W PackageManager: Package com.android.providers.media.module is an APK in APEX, but has permission allowlist on the system image. Please bundle the allowlist in the com.android.mediaprovider APEX instead.
01-07 03:46:08.125   929   992 W PackageManager: Package com.android.providers.media.module is an APK in APEX, but has permission allowlist on the system image. Please bundle the allowlist in the com.android.mediaprovider APEX instead.
01-07 03:46:08.125   929   992 W PackageManager: Package com.android.providers.media.module is an APK in APEX, but has permission allowlist on the system image. Please bundle the allowlist in the com.android.mediaprovider APEX instead.
01-07 03:46:08.125   929   992 W PackageManager: Package com.android.providers.media.module is an APK in APEX, but has permission allowlist on the system image. Please bundle the allowlist in the com.android.mediaprovider APEX instead.
01-07 03:46:08.125   929   992 W PackageManager: Package com.android.providers.media.module is an APK in APEX, but has permission allowlist on the system image. Please bundle the allowlist in the com.android.mediaprovider APEX instead.
01-07 03:46:08.125   929   992 W PackageManager: Package com.android.providers.media.module is an APK in APEX, but has permission allowlist on the system image. Please bundle the allowlist in the com.android.mediaprovider APEX instead.
01-07 03:46:08.125   929   992 W PackageManager: Package com.android.providers.media.module is an APK in APEX, but has permission allowlist on the system image. Please bundle the allowlist in the com.android.mediaprovider APEX instead.
01-07 03:46:02.649     0     0 I [0 T5209  ..] logd: start watching /data/system/packages.list ...
01-07 03:46:02.650     0     0 I [0 T5209  ..] logd: ReadPackageList, total packages: 115
01-07 03:46:08.158   929   992 D PackageManager: Instant App installer not found with android.intent.action.INSTALL_INSTANT_APP_PACKAGE
01-07 03:46:08.158   929   992 D PackageManager: Clear ephemeral installer activity
01-07 03:46:08.203   929   958 V StorageManagerService: Package null does not have legacy storage
01-07 03:46:08.305   929  6338 I ActivityManager: Killing 1960:com.android.providers.calendar/u0a21 (adj 975): empty #17
01-07 03:46:08.319   929  1546 I ActivityTaskManager: START u0 {act=android.intent.action.VIEW dat=https://api.ws.sonos.com/... pkg=com.sonos.tv.launcher cmp=com.sonos.tv.launcher/com.sonos.tv.contentguidelauncher.MainActivity (has extras)} from uid 10052
01-07 03:46:02.846     0     0 I [0 T5476  ..] binder: undelivered transaction 366252, process died.
01-07 03:46:02.846     0     0 I [0 T5476  ..] binder: undelivered transaction 366443, process died.
01-07 03:46:02.846     0     0 I [0 T5476  ..] binder: undelivered transaction 366614, process died.
01-07 03:46:02.846     0     0 I [0 T5476  ..] binder: undelivered transaction 366207, process died.
01-07 03:46:02.919     0     0 W [6 T6420  ..] audit: audit_lost=26333 audit_rate_limit=5 audit_backlog_limit=64
01-07 03:46:02.919     0     0 E [6 T6420  ..] audit: rate limit exceeded
01-07 03:46:09.655   929   967 W BroadcastQueue: Background execution not allowed: receiving Intent { act=com.brdgwtr.publisher.RECOMMENDATIONS_UPDATE flg=0x10 } to com.sonos.tv.launcher/com.sonos.tv.contentguidelauncher.bridgewater.BridgewaterPublisherEventReceiver
01-07 03:46:11.242   929   992 V BackupManagerService: [UserID:0] restoreAtInstall pkg=com.wbd.stream token=13 restoreSet=0
01-07 03:46:11.242   929   992 V BackupManagerService: [UserID:0] Finishing install immediately
01-07 03:46:11.249   929   992 I AppsFilter: interaction: PackageSetting{832a5c9 io.appium.uiautomator2.server.test/10103} -> PackageSetting{3979b55 com.wbd.stream/10107} BLOCKED
