01-07 03:43:47.265   929   967 W BroadcastQueue: Background execution not allowed: receiving Intent { act=android.intent.action.PACKAGE_ADDED dat=package: flg=0x4000010 (has extras) } to com.android.packageinstaller/.PackageInstalledReceiver
01-07 03:43:47.266   929   967 W BroadcastQueue: Background execution not allowed: receiving Intent { act=android.intent.action.PACKAGE_ADDED dat=package: flg=0x4000010 (has extras) } to com.android.gallery3d/.app.PackagesMonitor
01-07 03:43:47.270   929   966 W TextServicesManagerService: no available spell checker services found
01-07 03:43:47.301   929   929 I AppsFilter: interaction: PackageSetting{4c2d619 com.sonos.pinewood.tokenmanager.service/10053} -> PackageSetting{b1122c0 io.appium.settings/10101} BLOCKED
01-07 03:43:47.301   929   929 I AppsFilter: interaction: PackageSetting{85ffc8e com.sonos.pinewood.ota.service/10049} -> PackageSetting{b1122c0 io.appium.settings/10101} BLOCKED
01-07 03:43:47.301   929   929 I AppsFilter: interaction: PackageSetting{3a5fcaf com.sonos.pinewood.ota.test/10048} -> PackageSetting{b1122c0 io.appium.settings/10101} BLOCKED
01-07 03:43:47.301   929   929 I AppsFilter: interaction: PackageSetting{fc1d83 com.amazon.amazonvideo.livingroom.qa/10096} -> PackageSetting{b1122c0 io.appium.settings/10101} BLOCKED
01-07 03:43:47.314   929  1055 D CompatibilityChangeReporter: Compat change id reported: 218533173; UID 10101; state: DISABLED
01-07 03:43:47.318   929  1735 W BackupTransportManager: Package io.appium.settings enabled setting: 0
01-07 03:43:47.318   929   966 W VoiceInteractionManager: no available voice recognition services found for user 0
01-07 03:43:47.323   929  1374 W ProcessStats: Tracking association SourceState{69d793d system/1000 BTopFgs #1315} whose proc state 2 is better than process ProcessState{b551007 com.sonos.connectivity/10088 pkg=com.sonos.connectivity} proc state 3 (25 skipped)
01-07 03:43:47.333   929   974 W KernelCpuProcStringReader: File not found. It's normal if not implemented: /proc/uid_concurrent_policy_time
01-07 03:43:47.341   929   966 W TextServicesManagerService: no available spell checker services found
01-07 03:43:47.364   929   966 W VoiceInteractionManager: no available voice recognition services found for user 0
01-07 03:43:47.431   929   960 I DropBoxManagerService: add tag=system_server_strictmode isTagEnabled=true flags=0x2
01-07 03:43:50.311   929  1545 D CompatibilityChangeReporter: Compat change id reported: 161252188; UID 10101; state: DISABLED
01-07 03:43:50.311   929  1545 I ActivityTaskManager: START u0 {act=android.intent.action.MAIN cat=[android.intent.category.LAUNCHER] flg=0x10000000 cmp=io.appium.settings/.Settings} from uid 2000
01-07 03:43:50.318   929  1545 D CompatibilityChangeReporter: Compat change id reported: 194480991; UID 10101; state: ENABLED
01-07 03:43:50.324   929  1545 D CompatibilityChangeReporter: Compat change id reported: 174042980; UID 10101; state: DISABLED
01-07 03:43:50.327   929  1545 D CompatibilityChangeReporter: Compat change id reported: 184838306; UID 10101; state: DISABLED
01-07 03:43:50.328   929  1545 D CompatibilityChangeReporter: Compat change id reported: 185004937; UID 10101; state: DISABLED
01-07 03:43:50.328   929  1545 D CompatibilityChangeReporter: Compat change id reported: 181136395; UID 10101; state: DISABLED
01-07 03:43:50.328   929  1545 D CompatibilityChangeReporter: Compat change id reported: 174042936; UID 10101; state: DISABLED
01-07 03:43:50.329   929  1545 D CompatibilityChangeReporter: Compat change id reported: 197654537; UID 10101; state: DISABLED
01-07 03:43:50.331   929  1545 V SplashScreenExceptionList: SplashScreen checking exception for package io.appium.settings (target sdk:28) -> false
01-07 03:43:50.331   929  1545 D CompatibilityChangeReporter: Compat change id reported: 205907456; UID 10101; state: DISABLED
01-07 03:43:50.335   929  1545 D CompatibilityChangeReporter: Compat change id reported: 194833441; UID 10101; state: DISABLED
01-07 03:43:50.349   929   961 D CompatibilityChangeReporter: Compat change id reported: 135634846; UID 10101; state: DISABLED
01-07 03:43:50.350   929   961 D CompatibilityChangeReporter: Compat change id reported: 177438394; UID 10101; state: DISABLED
01-07 03:43:50.350   929   961 D CompatibilityChangeReporter: Compat change id reported: 135772972; UID 10101; state: DISABLED
01-07 03:43:50.350   929   961 D CompatibilityChangeReporter: Compat change id reported: 135754954; UID 10101; state: DISABLED
01-07 03:43:50.351   929   968 D CompatibilityChangeReporter: Compat change id reported: 143937733; UID 10101; state: DISABLED
01-07 03:43:50.380   929   968 I ActivityManager: Start proc 5051:io.appium.settings/u0a101 for next-top-activity {io.appium.settings/io.appium.settings.Settings}
01-07 03:43:50.392   929   945 D CoreBackPreview: Window{c115d3a u0 Splash Screen io.appium.settings}: Setting back callback OnBackInvokedCallbackInfo{mCallback=android.window.IOnBackInvokedCallback$Stub$Proxy@bc43748, mPriority=0}
01-07 03:43:44.998     0     0 W [4 T5070  ..] audit: audit_lost=18350 audit_rate_limit=5 audit_backlog_limit=64
01-07 03:43:44.998     0     0 E [4 T5070  ..] audit: rate limit exceeded
01-07 03:43:50.766   929   945 D CompatibilityChangeReporter: Compat change id reported: 161145287; UID 10101; state: DISABLED
01-07 03:43:50.839   929  1374 D CoreBackPreview: Window{8cacc69 u0 io.appium.settings/io.appium.settings.Settings}: Setting back callback OnBackInvokedCallbackInfo{mCallback=android.window.IOnBackInvokedCallback$Stub$Proxy@a73178f, mPriority=0}
01-07 03:43:50.876   929   967 I ActivityManager: Deferring FGS notification in legacy app io.appium.settings/u0a101 : Notification(channel=main_channel shortcut=null contentView=null vibrate=null sound=null defaults=0x0 flags=0x40 color=0x00000000 vis=PRIVATE)
01-07 03:43:51.008   929   945 D CompatibilityChangeReporter: Compat change id reported: 214016041; UID 10101; state: DISABLED
01-07 03:43:51.037   929  4469 D CoreBackPreview: Window{c115d3a u0 Splash Screen io.appium.settings EXITING}: Setting back callback null
01-07 03:43:52.350   929   961 D OomAdjuster: Not killing cached processes
01-07 03:43:52.375   929  1545 D CoreBackPreview: Window{8cacc69 u0 io.appium.settings/io.appium.settings.Settings}: Setting back callback null
01-07 03:43:52.691   929   992 E PackageManager: ERROR: could not load root hash from incremental install
01-07 03:43:52.691   929   992 E PackageManager: Required verifier is null
01-07 03:43:52.719   929  1098 W RuleEvaluation: Integrity rule files are not available.
01-07 03:43:52.720   929   992 I PackageManager: Integrity check passed for file:///data/app/vmdl1616732726.tmp
01-07 03:43:52.773   929   992 D PackageManager: Instant App installer not found with android.intent.action.INSTALL_INSTANT_APP_PACKAGE
01-07 03:43:52.773   929   992 D PackageManager: Clear ephemeral installer activity
01-07 03:43:52.776   929   958 V StorageManagerService: Package null does not have legacy storage
01-07 03:43:52.787   929   992 V BackupManagerService: [UserID:0] restoreAtInstall pkg=io.appium.uiautomator2.server token=c restoreSet=0
01-07 03:43:52.788   929   992 V BackupManagerService: [UserID:0] Finishing install immediately
01-07 03:43:52.790   929   992 I AppsFilter: interaction: PackageSetting{4c2d619 com.sonos.pinewood.tokenmanager.service/10053} -> PackageSetting{c8db10d io.appium.uiautomator2.server/10102} BLOCKED
01-07 03:43:52.790   929   992 I AppsFilter: interaction: PackageSetting{85ffc8e com.sonos.pinewood.ota.service/10049} -> PackageSetting{c8db10d io.appium.uiautomator2.server/10102} BLOCKED
01-07 03:43:52.790   929   992 I AppsFilter: interaction: PackageSetting{3a5fcaf com.sonos.pinewood.ota.test/10048} -> PackageSetting{c8db10d io.appium.uiautomator2.server/10102} BLOCKED
01-07 03:43:52.790   929   992 I AppsFilter: interaction: PackageSetting{fc1d83 com.amazon.amazonvideo.livingroom.qa/10096} -> PackageSetting{c8db10d io.appium.uiautomator2.server/10102} BLOCKED
01-07 03:43:52.793   929   992 D PackageInstallerSession: Marking session 1616732726 as applied
01-07 03:43:52.795   929   992 D CompatibilityChangeReporter: Compat change id reported: 168419799; UID 10102; state: DISABLED
01-07 03:43:52.809   929   967 W BroadcastQueue: Background execution not allowed: receiving Intent { act=android.intent.action.PACKAGE_ADDED dat=package: flg=0x4000010 (has extras) } to com.android.packageinstaller/.PackageInstalledReceiver
01-07 03:43:52.809   929   967 W BroadcastQueue: Background execution not allowed: receiving Intent { act=android.intent.action.PACKAGE_ADDED dat=package: flg=0x4000010 (has extras) } to com.android.gallery3d/.app.PackagesMonitor
01-07 03:43:52.810   929   929 V BackupManagerConstants: getFullBackupIntervalMilliseconds(...) returns 86400000
01-07 03:43:52.810   929   929 V BackupManagerConstants: getFullBackupRequiredNetworkType(...) returns 2
01-07 03:43:52.811   929   929 V BackupManagerConstants: getFullBackupRequireCharging(...) returns true
01-07 03:43:52.835   929   929 I AppsFilter: interaction: PackageSetting{4c2d619 com.sonos.pinewood.tokenmanager.service/10053} -> PackageSetting{161b2cd io.appium.uiautomator2.server/10102} BLOCKED
01-07 03:43:52.835   929   929 I AppsFilter: interaction: PackageSetting{85ffc8e com.sonos.pinewood.ota.service/10049} -> PackageSetting{161b2cd io.appium.uiautomator2.server/10102} BLOCKED
01-07 03:43:52.835   929   929 I AppsFilter: interaction: PackageSetting{3a5fcaf com.sonos.pinewood.ota.test/10048} -> PackageSetting{161b2cd io.appium.uiautomator2.server/10102} BLOCKED
01-07 03:43:52.835   929   929 I AppsFilter: interaction: PackageSetting{fc1d83 com.amazon.amazonvideo.livingroom.qa/10096} -> PackageSetting{161b2cd io.appium.uiautomator2.server/10102} BLOCKED
01-07 03:43:52.838   929   966 W TextServicesManagerService: no available spell checker services found
01-07 03:43:52.842   929  1055 D CompatibilityChangeReporter: Compat change id reported: 218533173; UID 10102; state: DISABLED
01-07 03:43:52.844   929  1735 W BackupTransportManager: Package io.appium.uiautomator2.server enabled setting: 0
01-07 03:43:52.875   929   966 W VoiceInteractionManager: no available voice recognition services found for user 0
01-07 03:43:52.880   929   966 W TextServicesManagerService: no available spell checker services found
01-07 03:43:52.892   929   966 W VoiceInteractionManager: no available voice recognition services found for user 0
01-07 03:43:52.931   929   960 I DropBoxManagerService: add tag=system_server_strictmode isTagEnabled=true flags=0x2
01-07 03:43:52.933   929   960 I DropBoxManagerService: add tag=system_server_strictmode isTagEnabled=true flags=0x2
01-07 03:43:52.943   929   992 E PackageManager: ERROR: could not load root hash from incremental install
01-07 03:43:52.943   929   992 E PackageManager: Required verifier is null
01-07 03:43:52.955   929  1098 W RuleEvaluation: Integrity rule files are not available.
01-07 03:43:52.955   929   992 I PackageManager: Integrity check passed for file:///data/app/vmdl722552430.tmp
01-07 03:43:52.989   929   992 D PackageManager: Instant App installer not found with android.intent.action.INSTALL_INSTANT_APP_PACKAGE
01-07 03:43:52.989   929   992 D PackageManager: Clear ephemeral installer activity
01-07 03:43:52.997   929   992 V BackupManagerService: [UserID:0] restoreAtInstall pkg=io.appium.uiautomator2.server.test token=d restoreSet=0
01-07 03:43:52.998   929   992 V BackupManagerService: [UserID:0] Finishing install immediately
01-07 03:43:52.999   929   992 I AppsFilter: interaction: PackageSetting{4c2d619 com.sonos.pinewood.tokenmanager.service/10053} -> PackageSetting{cd13a4f io.appium.uiautomator2.server.test/10103} BLOCKED
01-07 03:43:52.999   929   992 I AppsFilter: interaction: PackageSetting{85ffc8e com.sonos.pinewood.ota.service/10049} -> PackageSetting{cd13a4f io.appium.uiautomator2.server.test/10103} BLOCKED
01-07 03:43:52.999   929   992 I AppsFilter: interaction: PackageSetting{3a5fcaf com.sonos.pinewood.ota.test/10048} -> PackageSetting{cd13a4f io.appium.uiautomator2.server.test/10103} BLOCKED
01-07 03:43:52.999   929   992 I AppsFilter: interaction: PackageSetting{fc1d83 com.amazon.amazonvideo.livingroom.qa/10096} -> PackageSetting{cd13a4f io.appium.uiautomator2.server.test/10103} BLOCKED
01-07 03:43:53.001   929   992 D PackageInstallerSession: Marking session 722552430 as applied
01-07 03:43:53.003   929   992 D CompatibilityChangeReporter: Compat change id reported: 168419799; UID 10103; state: DISABLED
01-07 03:43:53.010   929   967 W BroadcastQueue: Background execution not allowed: receiving Intent { act=android.intent.action.PACKAGE_ADDED dat=package: flg=0x4000010 (has extras) } to com.android.packageinstaller/.PackageInstalledReceiver
01-07 03:43:53.013   929   967 W BroadcastQueue: Background execution not allowed: receiving Intent { act=android.intent.action.PACKAGE_ADDED dat=package: flg=0x4000010 (has extras) } to com.android.gallery3d/.app.PackagesMonitor
01-07 03:43:53.024   929   929 V BackupManagerConstants: getFullBackupIntervalMilliseconds(...) returns 86400000
01-07 03:43:53.024   929   929 V BackupManagerConstants: getFullBackupRequiredNetworkType(...) returns 2
01-07 03:43:53.024   929   929 V BackupManagerConstants: getFullBackupRequireCharging(...) returns true
01-07 03:43:53.029   929   929 I AppsFilter: interaction: PackageSetting{4c2d619 com.sonos.pinewood.tokenmanager.service/10053} -> PackageSetting{832a5c9 io.appium.uiautomator2.server.test/10103} BLOCKED
01-07 03:43:53.029   929   929 I AppsFilter: interaction: PackageSetting{85ffc8e com.sonos.pinewood.ota.service/10049} -> PackageSetting{832a5c9 io.appium.uiautomator2.server.test/10103} BLOCKED
01-07 03:43:53.029   929   929 I AppsFilter: interaction: PackageSetting{3a5fcaf com.sonos.pinewood.ota.test/10048} -> PackageSetting{832a5c9 io.appium.uiautomator2.server.test/10103} BLOCKED
01-07 03:43:53.029   929   929 I AppsFilter: interaction: PackageSetting{fc1d83 com.amazon.amazonvideo.livingroom.qa/10096} -> PackageSetting{832a5c9 io.appium.uiautomator2.server.test/10103} BLOCKED
01-07 03:43:53.032   929   966 W TextServicesManagerService: no available spell checker services found
01-07 03:43:53.042   929  1055 D CompatibilityChangeReporter: Compat change id reported: 218533173; UID 10103; state: DISABLED
01-07 03:43:53.048   929  1735 W BackupTransportManager: Package io.appium.uiautomator2.server.test enabled setting: 0
01-07 03:43:53.060   929   966 W VoiceInteractionManager: no available voice recognition services found for user 0
01-07 03:43:53.068   929   966 W TextServicesManagerService: no available spell checker services found
01-07 03:43:53.081   929   966 W VoiceInteractionManager: no available voice recognition services found for user 0
01-07 03:43:53.307   929  1055 D CompatibilityChangeReporter: Compat change id reported: 218533173; UID 10044; state: DISABLED
01-07 03:43:53.308   929  1055 D CompatibilityChangeReporter: Compat change id reported: 218533173; UID 10096; state: ENABLED
01-07 03:43:53.308   929  1055 D CompatibilityChangeReporter: Compat change id reported: 218533173; UID 10018; state: ENABLED
01-07 03:43:53.308   929  1055 D CompatibilityChangeReporter: Compat change id reported: 218533173; UID 10094; state: ENABLED
01-07 03:43:53.309   929  1055 D CompatibilityChangeReporter: Compat change id reported: 218533173; UID 10047; state: ENABLED
01-07 03:43:53.309   929  1055 D CompatibilityChangeReporter: Compat change id reported: 218533173; UID 10026; state: ENABLED
01-07 03:43:53.309   929  1055 D CompatibilityChangeReporter: Compat change id reported: 218533173; UID 10028; state: ENABLED
01-07 03:43:53.310   929  1055 D CompatibilityChangeReporter: Compat change id reported: 218533173; UID 10042; state: DISABLED
01-07 03:43:53.311   929  1055 D CompatibilityChangeReporter: Compat change id reported: 218533173; UID 10067; state: ENABLED
01-07 03:43:53.311   929  1055 D CompatibilityChangeReporter: Compat change id reported: 218533173; UID 10068; state: DISABLED
01-07 03:43:53.312   929  1055 D CompatibilityChangeReporter: Compat change id reported: 218533173; UID 10024; state: DISABLED
01-07 03:43:53.312   929  1055 D CompatibilityChangeReporter: Compat change id reported: 218533173; UID 10051; state: ENABLED
01-07 03:43:53.312   929  1055 D CompatibilityChangeReporter: Compat change id reported: 218533173; UID 10050; state: ENABLED
01-07 03:43:53.312   929  1055 D CompatibilityChangeReporter: Compat change id reported: 218533173; UID 10098; state: ENABLED
01-07 03:43:53.313   929  1055 D CompatibilityChangeReporter: Compat change id reported: 218533173; UID 10088; state: ENABLED
01-07 03:43:53.313   929  1055 D CompatibilityChangeReporter: Compat change id reported: 218533173; UID 10059; state: DISABLED
01-07 03:43:53.313   929  1055 D CompatibilityChangeReporter: Compat change id reported: 218533173; UID 10025; state: ENABLED
01-07 03:43:53.314   929  1055 D CompatibilityChangeReporter: Compat change id reported: 218533173; UID 10022; state: ENABLED
01-07 03:43:53.315   929  1055 D CompatibilityChangeReporter: Compat change id reported: 218533173; UID 10043; state: DISABLED
01-07 03:43:53.316   929  1055 D CompatibilityChangeReporter: Compat change id reported: 218533173; UID 10066; state: ENABLED
01-07 03:43:53.316   929  1055 D CompatibilityChangeReporter: Compat change id reported: 218533173; UID 10063; state: ENABLED
01-07 03:43:53.316   929  1055 D CompatibilityChangeReporter: Compat change id reported: 218533173; UID 10057; state: DISABLED
01-07 03:43:53.317   929  1055 D CompatibilityChangeReporter: Compat change id reported: 218533173; UID 10020; state: ENABLED
01-07 03:43:53.317   929  1055 D CompatibilityChangeReporter: Compat change id reported: 218533173; UID 10075; state: ENABLED
01-07 03:43:53.317   929  1055 D CompatibilityChangeReporter: Compat change id reported: 218533173; UID 10064; state: ENABLED
01-07 03:43:53.318   929  1055 D CompatibilityChangeReporter: Compat change id reported: 218533173; UID 10080; state: DISABLED
01-07 03:43:53.318   929  1055 D CompatibilityChangeReporter: Compat change id reported: 218533173; UID 10100; state: ENABLED
01-07 03:43:53.513   929  1542 I ActivityManager: Force stopping io.appium.uiautomator2.server.test appid=10103 user=0: from pid 5160
01-07 03:43:54.110   929  1374 I ActivityManager: Force stopping io.appium.uiautomator2.server appid=10102 user=0: start instr
01-07 03:43:54.113   929  1374 D CompatibilityChangeReporter: Compat change id reported: 135634846; UID 10102; state: DISABLED
01-07 03:43:54.114   929  1374 D CompatibilityChangeReporter: Compat change id reported: 177438394; UID 10102; state: DISABLED
01-07 03:43:54.114   929  1374 D CompatibilityChangeReporter: Compat change id reported: 135772972; UID 10102; state: DISABLED
01-07 03:43:54.114   929  1374 D CompatibilityChangeReporter: Compat change id reported: 135754954; UID 10102; state: ENABLED
01-07 03:43:54.114   929   968 D CompatibilityChangeReporter: Compat change id reported: 143937733; UID 10102; state: ENABLED
01-07 03:43:54.132   929   968 I ActivityManager: Start proc 5179:io.appium.uiautomator2.server/u0a102 for added application io.appium.uiautomator2.server
01-07 03:43:48.730     0     0 W [1 T5194  ..] audit: audit_lost=19161 audit_rate_limit=5 audit_backlog_limit=64
01-07 03:43:48.730     0     0 E [1 T5194  ..] audit: rate limit exceeded
01-07 03:43:54.681   929  1374 D CompatibilityChangeReporter: Compat change id reported: 161145287; UID 10102; state: DISABLED
01-07 03:43:57.640   929  1374 D CompatibilityChangeReporter: Compat change id reported: 149924527; UID 2000; state: ENABLED
01-07 03:43:57.641   929  1374 D CompatibilityChangeReporter: Compat change id reported: 132649864; UID 2000; state: DISABLED
01-07 03:43:58.067   929   959 D HdmiControlService: Process pid: 929 is calling oneTouchPlay.
01-07 03:43:58.068   929   929 D HDMI    : oneTouchPlay com.android.server.hdmi.OneTouchPlayAction@1f2857d
01-07 03:43:58.068   929   929 D HDMI    : setActiveSource logical:0x03 physical:0x2000 OneTouchPlayAction#broadcastActiveSource()
01-07 03:43:58.069   929   958 D AutofillManagerService: Close system dialogs
01-07 03:43:58.073   929   959 I ActivityTaskManager: START u0 {act=android.intent.action.MAIN cat=[android.intent.category.HOME] flg=0x10000100 cmp=com.sonos.tv.launcher/com.sonos.tv.contentguidelauncher.MainActivity (has extras)} from uid 0
01-07 03:43:58.173   929   961 D OomAdjuster: Not killing cached processes
01-07 03:43:58.173   929   961 W ProcessStats: Tracking association SourceState{547b033 system/1000 BTopFgs #1419} whose proc state 2 is better than process ProcessState{b551007 com.sonos.connectivity/10088 pkg=com.sonos.connectivity} proc state 3 (127 skipped)
01-07 03:43:58.180   929   929 D HDMI    : ActiveSourceHistoryRecord active source=(0x03, 0x2000) isActiveSource=true from=OneTouchPlayAction#broadcastActiveSource()
01-07 03:43:58.180   929   929 D HdmiCecActiveness: setState active mState:active
01-07 03:43:58.180   929   929 D HDMI    : setActiveSource logical:0x03 physical:0x2000 ActiveSourceAction
01-07 03:43:58.404   929  1188 E HDMI    : [6]:Failed to send <Text View On> 30:0D with errorCode=1
01-07 03:43:58.404   929   929 D HDMI    : ActiveSourceHistoryRecord active source=(0x03, 0x2000) isActiveSource=true from=ActiveSourceAction
01-07 03:43:58.404   929   929 D HdmiCecActiveness: setState active mState:active
01-07 03:43:58.405   929   929 D HDMI    : setLocalActivePort port:0 current:0
01-07 03:43:58.422   929   929 W Looper  : Slow dispatch took 354ms main h=android.os.Handler c=com.android.server.hdmi.WorkSourceUidPreservingRunnable@f8d5540 m=0
01-07 03:43:58.422   929   929 W Looper  : Slow delivery took 353ms main h=android.app.ActivityThread$H c=android.app.LoadedApk$ReceiverDispatcher$Args$$ExternalSyntheticLambda0@ea6fc79 m=0
01-07 03:43:58.423   929   929 I HdmiControlService: checkAndUpdateAbsoluteVolumeControlState() AudioDeviceAttributes: role:output type:hdmi addr: name: profiles:[] descriptors:[]Not in AVC_AUDIO_OUTPUT_DEVICES
01-07 03:43:58.424   929   929 I HdmiControlService: checkAndUpdateAbsoluteVolumeControlState() AudioDeviceAttributes: role:output type:hdmi addr: name: profiles:[] descriptors:[]Not in AVC_AUDIO_OUTPUT_DEVICES
01-07 03:43:58.424   929   929 W Looper  : Drained
01-07 03:43:58.537   929  1188 D HDMI    : [S]:<Active Source> 3F:82:20:00
01-07 03:43:58.884   929  1188 E HDMI    : [1]:Failed to send <Menu Status> 30:8E:00 with errorCode=1
01-07 03:43:59.223   929  1188 E HDMI    : [6]:Failed to send <Give Device Power Status> 30:8F with errorCode=1
01-07 03:44:00.422   929   929 D HDMI    : one touch play retry:1
01-07 03:44:01.094   929   929 W NotificationHistory: Attempted to add notif for locked/gone/disabled user 0
01-07 03:44:02.423   929   929 D HDMI    : one touch play retry:2
01-07 03:44:03.509   356  5031 I keystore2: keystore2::watchdog: Watchdog thread idle -> terminating. Have a great day.
01-07 03:44:04.424   929   929 D HDMI    : one touch play retry:3
01-07 03:44:06.425   929   929 D HDMI    : one touch play retry:4
01-07 03:44:08.425   929   929 D HDMI    : one touch play retry:5
01-07 03:44:09.006   929  1066 D OomAdjuster: Not killing cached processes
01-07 03:44:09.008   929  1066 W ProcessStats: Tracking association SourceState{547b033 system/1000 BTopFgs #1435} whose proc state 2 is better than process ProcessState{b551007 com.sonos.connectivity/10088 pkg=com.sonos.connectivity} proc state 3 (1 skipped)
01-07 03:44:09.771   929  1054 I ActivityTaskManager: START u0 {act=android.intent.action.VIEW dat=https://api.ws.sonos.com/... pkg=com.sonos.tv.launcher cmp=com.sonos.tv.launcher/com.sonos.tv.contentguidelauncher.MainActivity (has extras)} from uid 10052
01-07 03:44:21.348     0     0 I [5 T1523  ..] [schedu][0x256c8e20][03: 44:26.853551] wlan: [1523:I:OSIF] scan start scan id 40974
01-07 03:44:27.218   929   967 I ActivityManager: Killing 2905:com.android.shell/2000 (adj 985): empty #17
01-07 03:44:27.218   929   967 I ActivityManager: Killing 2136:com.android.remoteprovisioner/u0a66 (adj 985): empty #18
01-07 03:44:27.219   929   967 I ActivityManager: Killing 1886:android.process.media/u0a18 (adj 995): empty #19
01-07 03:44:27.219   929   967 I ActivityManager: Killing 2817:com.android.externalstorage/u0a26 (adj 995): empty #20
01-07 03:44:27.220   929   967 I ActivityManager: Killing 2707:com.android.localtransport/1000 (adj 999): empty #21
01-07 03:44:27.220   929   967 I ActivityManager: Killing 2512:com.android.dynsystem:dynsystem/1000 (adj 999): empty #22
01-07 03:44:27.220   929   967 I ActivityManager: Killing 2495:com.android.music/u0a57 (adj 999): empty #23
01-07 03:44:27.221   929   967 I ActivityManager: Killing 2527:com.android.managedprovisioning/u0a22 (adj 999): empty #24
01-07 03:44:27.221   929   967 I ActivityManager: Killing 2431:com.android.dynsystem/1000 (adj 999): empty #25
01-07 03:44:27.221   929   967 I ActivityManager: Killing 1816:com.android.keychain/1000 (adj 999): empty #26
01-07 03:44:27.221   929   967 I ActivityManager: Killing 2049:com.droidlogic.mediacenter/1000 (adj 999): empty #27
01-07 03:44:27.222   929   967 W ProcessStats: Tracking association SourceState{547b033 system/1000 BTopFgs #1452} whose proc state 2 is better than process ProcessState{b551007 com.sonos.connectivity/10088 pkg=com.sonos.connectivity} proc state 3 (6 skipped)
01-07 03:44:21.831     0     0 W [6 T5390  ..] audit: audit_lost=19746 audit_rate_limit=5 audit_backlog_limit=64
01-07 03:44:21.831     0     0 E [6 T5390  ..] audit: rate limit exceeded
01-07 03:44:22.909     0     0 I [1 T322   ..] logd: logdr: UID=2000 GID=2000 PID=5405 n tail=0 logMask=99 pid=0 start=0ns deadline=0ns
01-07 03:44:28.436   929   929 D HDMI    : [P]:AllocatedAddress=[]
01-07 03:44:22.933     0     0 I [7 T1523  ..] [schedu][0x2584bf8a][03: 44:28.439066] wlan: [1523:I:OSIF] vdev 0, scan id 40974 type COMPLETED(1) reason COMPLETED(1) scan found 67 bss
01-07 03:44:29.043   929  2854 D CompatibilityChangeReporter: Compat change id reported: 168419799; UID 10088; state: DISABLED
01-07 03:44:29.051   929  2854 I ActivityManager: Force stopping io.appium.uiautomator2.server appid=10102 user=0: finished inst
01-07 03:44:29.053   929  2854 I ActivityManager: Killing 5179:io.appium.uiautomator2.server/u0a102 (adj 0): stop io.appium.uiautomator2.server due to finished inst
01-07 03:44:29.104   929  5276 V ActivityManager: Got obituary of 5179:io.appium.uiautomator2.server
01-07 03:44:23.599     0     0 I [6 T269   ..] binder: undelivered TRANSACTION_COMPLETE
01-07 03:44:23.599     0     0 I [6 T269   ..] binder: undelivered transaction 248150, process died.
01-07 03:44:23.648     0     0 W [1 T5442  ..] audit: audit_lost=20371 audit_rate_limit=5 audit_backlog_limit=64
01-07 03:44:23.648     0     0 E [1 T5442  ..] audit: rate limit exceeded
01-07 03:44:45.774   929   992 E PackageManager: ERROR: could not load root hash from incremental install
01-07 03:44:45.774   929   992 E PackageManager: Required verifier is null
01-07 03:44:45.775   929   967 W ProcessStats: Tracking association SourceState{69d793d system/1000 BTopFgs #1481} whose proc state 2 is better than process ProcessState{b551007 com.sonos.connectivity/10088 pkg=com.sonos.connectivity} proc state 3 (24 skipped)
01-07 03:44:45.803   929  1098 W PackageParsing: Ignoring duplicate uses-permissions/uses-permissions-sdk-m: com.android.providers.tv.permission.WRITE_EPG_DATA in package: com.future.moviesByFawesomeAndroidTV at: Binary XML file line #37
01-07 03:44:45.820   929  1098 W RuleEvaluation: Integrity rule files are not available.
01-07 03:44:45.820   929   992 I PackageManager: Integrity check passed for file:///data/app/vmdl130675582.tmp
01-07 03:44:45.835   929   992 W PackageParsing: Ignoring duplicate uses-permissions/uses-permissions-sdk-m: com.android.providers.tv.permission.WRITE_EPG_DATA in package: com.future.moviesByFawesomeAndroidTV at: Binary XML file line #37
01-07 03:44:40.408     0     0 I [0 T5209  ..] logd: start watching /data/system/packages.list ...
01-07 03:44:45.917   929   992 D PackageManager: Instant App installer not found with android.intent.action.INSTALL_INSTANT_APP_PACKAGE
01-07 03:44:45.917   929   992 D PackageManager: Clear ephemeral installer activity
01-07 03:44:40.409     0     0 I [0 T5209  ..] logd: ReadPackageList, total packages: 112
01-07 03:44:41.767     0     0 E [4 T520   ..] [wifi@1][0x26a42207][03: 44:47.273110] wlan: [520:E:OSIF] wlan_hdd_set_station_stats_request_pending: peer is null
01-07 03:44:49.090   929   992 V BackupManagerService: [UserID:0] restoreAtInstall pkg=com.future.moviesByFawesomeAndroidTV token=e restoreSet=0
01-07 03:44:49.091   929   992 V BackupManagerService: [UserID:0] Finishing install immediately
01-07 03:44:49.092   929   992 I AppsFilter: interaction: PackageSetting{832a5c9 io.appium.uiautomator2.server.test/10103} -> PackageSetting{38dee40 com.future.moviesByFawesomeAndroidTV/10104} BLOCKED
01-07 03:44:49.092   929   992 I AppsFilter: interaction: PackageSetting{4c2d619 com.sonos.pinewood.tokenmanager.service/10053} -> PackageSetting{38dee40 com.future.moviesByFawesomeAndroidTV/10104} BLOCKED
01-07 03:44:49.092   929   992 I AppsFilter: interaction: PackageSetting{85ffc8e com.sonos.pinewood.ota.service/10049} -> PackageSetting{38dee40 com.future.moviesByFawesomeAndroidTV/10104} BLOCKED
01-07 03:44:49.092   929   992 I AppsFilter: interaction: PackageSetting{3a5fcaf com.sonos.pinewood.ota.test/10048} -> PackageSetting{38dee40 com.future.moviesByFawesomeAndroidTV/10104} BLOCKED
01-07 03:44:49.092   929   992 I AppsFilter: interaction: PackageSetting{7862179 io.appium.uiautomator2.server/10102} -> PackageSetting{38dee40 com.future.moviesByFawesomeAndroidTV/10104} BLOCKED
01-07 03:44:49.092   929   992 I AppsFilter: interaction: PackageSetting{fc1d83 com.amazon.amazonvideo.livingroom.qa/10096} -> PackageSetting{38dee40 com.future.moviesByFawesomeAndroidTV/10104} BLOCKED
01-07 03:44:49.095   929   992 D PackageInstallerSession: Marking session 130675582 as applied
01-07 03:44:49.099   929   992 D CompatibilityChangeReporter: Compat change id reported: 168419799; UID 10104; state: DISABLED
01-07 03:44:49.122   929   929 V BackupManagerConstants: getFullBackupIntervalMilliseconds(...) returns 86400000
01-07 03:44:49.122   929   929 V BackupManagerConstants: getFullBackupRequiredNetworkType(...) returns 2
01-07 03:44:49.122   929   929 V BackupManagerConstants: getFullBackupRequireCharging(...) returns true
01-07 03:44:49.128   929   967 W BroadcastQueue: Background execution not allowed: receiving Intent { act=android.intent.action.PACKAGE_ADDED dat=package: flg=0x4000010 (has extras) } to com.android.packageinstaller/.PackageInstalledReceiver
01-07 03:44:49.129   929   967 W BroadcastQueue: Background execution not allowed: receiving Intent { act=android.intent.action.PACKAGE_ADDED dat=package: flg=0x4000010 (has extras) } to com.android.gallery3d/.app.PackagesMonitor
01-07 03:44:49.139   929   929 I AppsFilter: interaction: PackageSetting{832a5c9 io.appium.uiautomator2.server.test/10103} -> PackageSetting{37bdb00 com.future.moviesByFawesomeAndroidTV/10104} BLOCKED
01-07 03:44:49.139   929   929 I AppsFilter: interaction: PackageSetting{4c2d619 com.sonos.pinewood.tokenmanager.service/10053} -> PackageSetting{37bdb00 com.future.moviesByFawesomeAndroidTV/10104} BLOCKED
01-07 03:44:49.139   929   929 I AppsFilter: interaction: PackageSetting{85ffc8e com.sonos.pinewood.ota.service/10049} -> PackageSetting{37bdb00 com.future.moviesByFawesomeAndroidTV/10104} BLOCKED
01-07 03:44:49.139   929   929 I AppsFilter: interaction: PackageSetting{3a5fcaf com.sonos.pinewood.ota.test/10048} -> PackageSetting{37bdb00 com.future.moviesByFawesomeAndroidTV/10104} BLOCKED
01-07 03:44:49.139   929   929 I AppsFilter: interaction: PackageSetting{7862179 io.appium.uiautomator2.server/10102} -> PackageSetting{37bdb00 com.future.moviesByFawesomeAndroidTV/10104} BLOCKED
01-07 03:44:49.139   929   929 I AppsFilter: interaction: PackageSetting{fc1d83 com.amazon.amazonvideo.livingroom.qa/10096} -> PackageSetting{37bdb00 com.future.moviesByFawesomeAndroidTV/10104} BLOCKED
01-07 03:44:49.162   929   966 W TextServicesManagerService: no available spell checker services found
01-07 03:44:49.180   929  1055 D CompatibilityChangeReporter: Compat change id reported: 218533173; UID 10104; state: DISABLED
01-07 03:44:49.182   929  1735 W BackupTransportManager: Package com.future.moviesByFawesomeAndroidTV enabled setting: 0
01-07 03:44:49.227   929   966 W VoiceInteractionManager: no available voice recognition services found for user 0
01-07 03:44:49.233   929   966 W TextServicesManagerService: no available spell checker services found
01-07 03:44:49.245   929   966 W VoiceInteractionManager: no available voice recognition services found for user 0
01-07 03:44:59.203   929   958 W ProcessStats: Tracking association SourceState{547b033 system/1000 BTopFgs #1521} whose proc state 2 is better than process ProcessState{b551007 com.sonos.connectivity/10088 pkg=com.sonos.connectivity} proc state 3 (53 skipped)
01-07 03:44:59.612   356  5507 I keystore2: keystore2::watchdog: Watchdog thread idle -> terminating. Have a great day.
01-07 03:45:12.299   929   944 W ProcessStats: Tracking association SourceState{547b033 system/1000 BTopFgs #1526} whose proc state 2 is better than process ProcessState{b551007 com.sonos.connectivity/10088 pkg=com.sonos.connectivity} proc state 3 (5 skipped)
01-07 03:45:20.067   929   992 E PackageManager: ERROR: could not load root hash from incremental install
01-07 03:45:20.067   929   992 E PackageManager: Required verifier is null
01-07 03:45:20.098   929  1098 W RuleEvaluation: Integrity rule files are not available.
01-07 03:45:20.099   929   992 I PackageManager: Integrity check passed for file:///data/app/vmdl739728835.tmp
01-07 03:45:20.141   929   967 I ActivityManager: Force stopping com.philo.philo.google appid=10098 user=-1: installPackageLI
01-07 03:45:20.142   929   967 I ActivityManager: Killing 4651:com.philo.philo.google/u0a98 (adj 935): stop com.philo.philo.google due to installPackageLI
01-07 03:45:20.151   929   992 I PackageManager: Update package com.philo.philo.google code path from /data/app/~~Y7um_Y7yB_MXWArjhC5CRg==/com.philo.philo.google-Cjo6UWxDc760OMw8rQV7uQ== to /data/app/~~979pG0JNbdMVlvKysGtrWw==/com.philo.philo.google-dhS__t_aQQYWHGAlGoYyaw==; Retain data and using new
01-07 03:45:20.152   929   992 I AppsFilter: interaction: PackageSetting{c10a982 io.appium.uiautomator2.server.test/10103} -> PackageSetting{349f893 com.philo.philo.google/10098} BLOCKED
01-07 03:45:20.152   929   992 I AppsFilter: interaction: PackageSetting{4edd0d0 com.sonos.pinewood.tokenmanager.service/10053} -> PackageSetting{349f893 com.philo.philo.google/10098} BLOCKED
01-07 03:45:20.152   929   992 I AppsFilter: interaction: PackageSetting{fc178c9 com.sonos.pinewood.ota.service/10049} -> PackageSetting{349f893 com.philo.philo.google/10098} BLOCKED
01-07 03:45:20.152   929   992 I AppsFilter: interaction: PackageSetting{ca3dbce com.sonos.pinewood.ota.test/10048} -> PackageSetting{349f893 com.philo.philo.google/10098} BLOCKED
01-07 03:45:20.152   929   992 I AppsFilter: interaction: PackageSetting{e118aef io.appium.uiautomator2.server/10102} -> PackageSetting{349f893 com.philo.philo.google/10098} BLOCKED
01-07 03:45:20.152   929   992 I AppsFilter: interaction: PackageSetting{9a729fc com.amazon.amazonvideo.livingroom.qa/10096} -> PackageSetting{349f893 com.philo.philo.google/10098} BLOCKED
01-07 03:45:20.153   929   992 I AppsFilter: interaction: PackageSetting{c10a982 io.appium.uiautomator2.server.test/10103} -> PackageSetting{fdfd885 com.philo.philo.google/10098} BLOCKED
01-07 03:45:20.153   929   992 I AppsFilter: interaction: PackageSetting{4edd0d0 com.sonos.pinewood.tokenmanager.service/10053} -> PackageSetting{fdfd885 com.philo.philo.google/10098} BLOCKED
01-07 03:45:20.153   929   992 I AppsFilter: interaction: PackageSetting{fc178c9 com.sonos.pinewood.ota.service/10049} -> PackageSetting{fdfd885 com.philo.philo.google/10098} BLOCKED
01-07 03:45:20.153   929   992 I AppsFilter: interaction: PackageSetting{ca3dbce com.sonos.pinewood.ota.test/10048} -> PackageSetting{fdfd885 com.philo.philo.google/10098} BLOCKED
01-07 03:45:20.153   929   992 I AppsFilter: interaction: PackageSetting{e118aef io.appium.uiautomator2.server/10102} -> PackageSetting{fdfd885 com.philo.philo.google/10098} BLOCKED
01-07 03:45:20.153   929   992 I AppsFilter: interaction: PackageSetting{9a729fc com.amazon.amazonvideo.livingroom.qa/10096} -> PackageSetting{fdfd885 com.philo.philo.google/10098} BLOCKED
01-07 03:45:20.191   929  1546 V ActivityManager: Got obituary of 4651:com.philo.philo.google
01-07 03:45:14.700     0     0 I [0 T5209  ..] logd: start watching /data/system/packages.list ...
01-07 03:45:14.701     0     0 I [0 T5209  ..] logd: ReadPackageList, total packages: 112
01-07 03:45:20.211   929   992 D PackageManager: Instant App installer not found with android.intent.action.INSTALL_INSTANT_APP_PACKAGE
01-07 03:45:20.211   929   992 D PackageManager: Clear ephemeral installer activity
01-07 03:45:14.735     0     0 W [6 T5517  ..] audit: audit_lost=20828 audit_rate_limit=5 audit_backlog_limit=64
01-07 03:45:14.735     0     0 E [6 T5517  ..] audit: rate limit exceeded
01-07 03:45:22.803   929  1055 W DeviceIdleController: motion timeout went off and device isn't stationary
01-07 03:45:24.626   929   992 W ProcessStats: Tracking association SourceState{547b033 system/1000 BTopFgs #1534} whose proc state 2 is better than process ProcessState{b551007 com.sonos.connectivity/10088 pkg=com.sonos.connectivity} proc state 3 (11 skipped)
01-07 03:45:24.628   929   992 I AppsFilter: interaction: PackageSetting{c10a982 io.appium.uiautomator2.server.test/10103} -> PackageSetting{fdfd885 com.philo.philo.google/10098} BLOCKED
01-07 03:45:24.628   929   992 I AppsFilter: interaction: PackageSetting{4edd0d0 com.sonos.pinewood.tokenmanager.service/10053} -> PackageSetting{fdfd885 com.philo.philo.google/10098} BLOCKED
01-07 03:45:24.628   929   992 I AppsFilter: interaction: PackageSetting{fc178c9 com.sonos.pinewood.ota.service/10049} -> PackageSetting{fdfd885 com.philo.philo.google/10098} BLOCKED
01-07 03:45:24.628   929   992 I AppsFilter: interaction: PackageSetting{ca3dbce com.sonos.pinewood.ota.test/10048} -> PackageSetting{fdfd885 com.philo.philo.google/10098} BLOCKED
01-07 03:45:24.628   929   992 I AppsFilter: interaction: PackageSetting{e118aef io.appium.uiautomator2.server/10102} -> PackageSetting{fdfd885 com.philo.philo.google/10098} BLOCKED
01-07 03:45:24.628   929   992 I AppsFilter: interaction: PackageSetting{9a729fc com.amazon.amazonvideo.livingroom.qa/10096} -> PackageSetting{fdfd885 com.philo.philo.google/10098} BLOCKED
01-07 03:45:24.687   929   992 I ActivityManager: Force stopping com.philo.philo.google appid=10098 user=0: pkg removed
01-07 03:45:24.705   929   967 W BroadcastQueue: Background execution not allowed: receiving Intent { act=android.intent.action.PACKAGE_REMOVED dat=package: flg=0x4000010 (has extras) } to com.android.gallery3d/.app.PackagesMonitor
01-07 03:45:24.706   929   992 I ActivityManager: Force stopping com.philo.philo.google appid=10098 user=0: pkg removed
01-07 03:45:24.714   929   992 D CompatibilityChangeReporter: Compat change id reported: 168419799; UID 10098; state: DISABLED
01-07 03:45:24.724   929   967 W BroadcastQueue: Background execution not allowed: receiving Intent { act=android.intent.action.PACKAGE_ADDED dat=package: flg=0x4000010 (has extras) } to com.android.packageinstaller/.PackageInstalledReceiver
01-07 03:45:24.735   929   929 D CompatibilityChangeReporter: Compat change id reported: 135634846; UID 1000; state: DISABLED
01-07 03:45:24.735   929   929 D CompatibilityChangeReporter: Compat change id reported: 177438394; UID 1000; state: DISABLED
01-07 03:45:24.735   929   929 D CompatibilityChangeReporter: Compat change id reported: 135772972; UID 1000; state: DISABLED
01-07 03:45:24.735   929   929 D CompatibilityChangeReporter: Compat change id reported: 135754954; UID 1000; state: ENABLED
01-07 03:45:24.736   929   966 W TextServicesManagerService: no available spell checker services found
01-07 03:45:24.754   929   967 W BroadcastQueue: Background execution not allowed: receiving Intent { act=android.intent.action.PACKAGE_ADDED dat=package: flg=0x4000010 (has extras) } to com.android.gallery3d/.app.PackagesMonitor
01-07 03:45:24.757   929   929 V BackupManagerConstants: getFullBackupIntervalMilliseconds(...) returns 86400000
01-07 03:45:24.757   929   929 V BackupManagerConstants: getFullBackupRequiredNetworkType(...) returns 2
01-07 03:45:24.757   929   929 V BackupManagerConstants: getFullBackupRequireCharging(...) returns true
01-07 03:45:24.763   929   992 D PackageInstallerSession: Marking session 739728835 as applied
01-07 03:45:24.776   929   929 D CompatibilityChangeReporter: Compat change id reported: 171306433; UID 10098; state: ENABLED
01-07 03:45:24.777   929   929 W AlarmManager: Package com.philo.philo.google, uid 10098 lost permission to set exact alarms!
01-07 03:45:24.787   929   968 W ActivityManager: Slow operation: 58ms so far, now at startProcess: done updating battery stats
01-07 03:45:24.787   929   968 W ActivityManager: Slow operation: 58ms so far, now at startProcess: building log message
01-07 03:45:24.787   929   968 I ActivityManager: Start proc 5532:com.android.keychain/1000 for service {com.android.keychain/com.android.keychain.KeyChainService}
01-07 03:45:24.787   929   968 W ActivityManager: Slow operation: 58ms so far, now at startProcess: starting to update pids map
01-07 03:45:24.788   929   968 W ActivityManager: Slow operation: 58ms so far, now at startProcess: done updating pids map
01-07 03:45:24.838   929   966 W VoiceInteractionManager: no available voice recognition services found for user 0
01-07 03:45:24.843   929   944 D CompatibilityChangeReporter: Compat change id reported: 161252188; UID 10098; state: ENABLED
01-07 03:45:24.844   929   967 D CompatibilityChangeReporter: Compat change id reported: 135634846; UID 10098; state: DISABLED
01-07 03:45:24.844   929   967 D CompatibilityChangeReporter: Compat change id reported: 177438394; UID 10098; state: DISABLED
01-07 03:45:24.845   929   967 D CompatibilityChangeReporter: Compat change id reported: 135772972; UID 10098; state: DISABLED
01-07 03:45:24.846   929   967 D CompatibilityChangeReporter: Compat change id reported: 135754954; UID 10098; state: ENABLED
01-07 03:45:24.846   929   968 D CompatibilityChangeReporter: Compat change id reported: 143937733; UID 10098; state: ENABLED
01-07 03:45:24.864   929   968 I ActivityManager: Start proc 5550:com.philo.philo.google/u0a98 for broadcast {com.philo.philo.google/com.philo.philo.tif.LauncherNotificationReceiver}
01-07 03:45:19.408     0     0 W [6 T5548  ..] audit: audit_lost=21393 audit_rate_limit=5 audit_backlog_limit=64
01-07 03:45:19.409     0     0 E [6 T5548  ..] audit: rate limit exceeded
01-07 03:45:25.095  5550  5576 E ActivityThread: Failed to find provider info for com.google.android.gms.chimera
01-07 03:45:25.287   929  4345 D CompatibilityChangeReporter: Compat change id reported: 161145287; UID 10098; state: DISABLED
01-07 03:45:25.359   929   967 W BroadcastQueue: Exported Denial: sending Intent { act=android.net.conn.CONNECTIVITY_CHANGE flg=0x4200010 (has extras) }, action: android.net.conn.CONNECTIVITY_CHANGE from null (uid=-1) due to receiver ProcessRecord{59c1744 5550:com.philo.philo.google/u0a98} (uid 10098) not specifying RECEIVER_EXPORTED
01-07 03:45:25.529   929   944 D CompatibilityChangeReporter: Compat change id reported: 194532703; UID 10098; state: ENABLED
01-07 03:45:21.351     0     0 I [7 T1523  ..] [schedu][0x29002251][03: 45:26.856929] wlan: [1523:I:OSIF] scan start scan id 40975
01-07 03:45:26.991   929  1065 D ActivityManager: freezing 1960 com.android.providers.calendar
01-07 03:45:28.431   929   929 D HDMI    : [P]:AllocatedAddress=[]
01-07 03:45:22.939     0     0 I [4 T1523  ..] [schedu][0x29185cf6][03: 45:28.444806] wlan: [1523:I:OSIF] vdev 0, scan id 40975 type COMPLETED(1) reason COMPLETED(1) scan found 71 bss
01-07 03:45:34.637   929  1055 W ProcessStats: Tracking association SourceState{3f8abb5 com.brdgwtr.dms:pdssService/10044 BTopFgs #1606} whose proc state 2 is better than process ProcessState{b8785c3 com.brdgwtr.dms/10044 pkg=com.brdgwtr.dms} proc state 3 (105 skipped)
01-07 03:45:34.825   929  1546 I ActivityManager: Killing 3048:com.droidlogic.tv.settings/1000 (adj 975): empty #17
01-07 03:45:29.396     0     0 W [1 T5665  ..] audit: audit_lost=22216 audit_rate_limit=5 audit_backlog_limit=64
01-07 03:45:29.396     0     0 E [1 T5665  ..] audit: rate limit exceeded
01-07 03:45:35.579   356  5578 I keystore2: keystore2::watchdog: Watchdog thread idle -> terminating. Have a great day.
01-07 03:45:31.832     0     0 I [0 T322   ..] logd: logdr: UID=2000 GID=2000 PID=5711 b tail=0 logMask=99 pid=0 start=0ns deadline=0ns
01-07 03:45:31.911     0     0 I [1 T5209  ..] logd: start watching /data/system/packages.list ...
01-07 03:45:31.912     0     0 I [1 T5209  ..] logd: ReadPackageList, total packages: 112
01-07 03:45:38.217   929   959 D AutofillManagerService: onBackKeyPressed()
01-07 03:45:39.347   929  5276 I ActivityTaskManager: START u0 {act=android.intent.action.VIEW dat=https://api.ws.sonos.com/... pkg=com.sonos.tv.launcher cmp=com.sonos.tv.launcher/com.sonos.tv.contentguidelauncher.MainActivity (has extras)} from uid 10052
01-07 03:45:39.435   929  5276 I ActivityManager: Force stopping io.appium.uiautomator2.server.test appid=10103 user=0: from pid 5754
01-07 03:45:40.230   929  1546 I ActivityManager: Force stopping io.appium.uiautomator2.server appid=10102 user=0: start instr
01-07 03:45:40.233   929  1546 D CompatibilityChangeReporter: Compat change id reported: 135634846; UID 10102; state: DISABLED
01-07 03:45:40.233   929  1546 D CompatibilityChangeReporter: Compat change id reported: 177438394; UID 10102; state: DISABLED
01-07 03:45:40.233   929  1546 D CompatibilityChangeReporter: Compat change id reported: 135772972; UID 10102; state: DISABLED
01-07 03:45:40.233   929  1546 D CompatibilityChangeReporter: Compat change id reported: 135754954; UID 10102; state: ENABLED
01-07 03:45:40.234   929   968 D CompatibilityChangeReporter: Compat change id reported: 143937733; UID 10102; state: ENABLED
01-07 03:45:40.253   929   968 I ActivityManager: Start proc 5776:io.appium.uiautomator2.server/u0a102 for added application io.appium.uiautomator2.server
01-07 03:45:34.864     0     0 W [5 T5791  ..] audit: audit_lost=22616 audit_rate_limit=5 audit_backlog_limit=64
01-07 03:45:34.864     0     0 E [5 T5791  ..] audit: rate limit exceeded
01-07 03:45:40.370   929  1546 D CompatibilityChangeReporter: Compat change id reported: 168419799; UID 10102; state: DISABLED
01-07 03:45:40.946   929  2854 D CompatibilityChangeReporter: Compat change id reported: 161145287; UID 10102; state: DISABLED
01-07 03:45:42.129   929  1546 D PackageManager: Instant App installer not found with android.intent.action.INSTALL_INSTANT_APP_PACKAGE
01-07 03:45:42.129   929  1546 D PackageManager: Clear ephemeral installer activity
01-07 03:45:42.158   929  1546 D PackageManager: Instant App installer not found with android.intent.action.INSTALL_INSTANT_APP_PACKAGE
01-07 03:45:42.159   929  1546 D PackageManager: Clear ephemeral installer activity
01-07 03:45:43.132   929   992 I AppsFilter: interaction: PackageSetting{832a5c9 io.appium.uiautomator2.server.test/10103} -> PackageSetting{f706292 com.brdgwtr.publisherservice/10051} BLOCKED
01-07 03:45:43.132   929   992 I AppsFilter: interaction: PackageSetting{4c2d619 com.sonos.pinewood.tokenmanager.service/10053} -> PackageSetting{f706292 com.brdgwtr.publisherservice/10051} BLOCKED
01-07 03:45:43.132   929   992 I AppsFilter: interaction: PackageSetting{85ffc8e com.sonos.pinewood.ota.service/10049} -> PackageSetting{f706292 com.brdgwtr.publisherservice/10051} BLOCKED
01-07 03:45:43.133   929   992 I AppsFilter: interaction: PackageSetting{3a5fcaf com.sonos.pinewood.ota.test/10048} -> PackageSetting{f706292 com.brdgwtr.publisherservice/10051} BLOCKED
01-07 03:45:43.133   929   992 I AppsFilter: interaction: PackageSetting{7862179 io.appium.uiautomator2.server/10102} -> PackageSetting{f706292 com.brdgwtr.publisherservice/10051} BLOCKED
01-07 03:45:43.155   929   959 D AutofillManagerService: onBackKeyPressed()
01-07 03:45:43.163   929   966 W VoiceInteractionManager: no available voice recognition services found for user 0
01-07 03:45:45.123   929   959 D HdmiControlService: Process pid: 929 is calling oneTouchPlay.
01-07 03:45:45.123   929   929 D HDMI    : oneTouchPlay com.android.server.hdmi.OneTouchPlayAction@d5bd09e
01-07 03:45:45.124   929   929 D HDMI    : setActiveSource logical:0x03 physical:0x2000 OneTouchPlayAction#broadcastActiveSource()
01-07 03:45:45.124   929   958 D AutofillManagerService: Close system dialogs
01-07 03:45:45.127   929   959 I ActivityTaskManager: START u0 {act=android.intent.action.MAIN cat=[android.intent.category.HOME] flg=0x10000100 cmp=com.sonos.tv.launcher/com.sonos.tv.contentguidelauncher.MainActivity (has extras)} from uid 0
01-07 03:45:45.355   929   929 D HDMI    : ActiveSourceHistoryRecord active source=(0x03, 0x2000) isActiveSource=true from=OneTouchPlayAction#broadcastActiveSource()
01-07 03:45:45.355   929   929 D HdmiCecActiveness: setState active mState:active
01-07 03:45:45.356   929   929 D HDMI    : setActiveSource logical:0x03 physical:0x2000 ActiveSourceAction
