01-07 03:34:19.027     0     0 D [3 T496   ..] cnss: Assign MSI to user: DP, num_vectors: 1, user_base_data: 1, base_vector: 0
01-07 03:34:19.027     0     0 D [3 T496   ..] cnss: Get MSI low addr = 0x81000, high addr = 0x0
01-07 03:34:19.027     0     0 I [3 T496   ..] [kworke][0x185de3f][03: 34:19.023304] wlan: [496:I:HAL] hal_srng_update_high_wm_thresholds: ring_id: 189, wm_thresh- <50:0, 50-60:512, 60-70:614, 70-80:716, 80-90:819, 90-100:921
01-07 03:34:19.027     0     0 I [3 T496   ..] [kworke][0x185de53][03: 34:19.023324] wlan: [496:I:DP] Peer pool init
01-07 03:34:19.028     0     0 D [3 T496   ..] cnss: Assign MSI to user: DP, num_vectors: 1, user_base_data: 1, base_vector: 0
01-07 03:34:19.028     0     0 I [3 T496   ..] [kworke][0x185e1e4][03: 34:19.024237] wlan: [496:I:HAL] hal_srng_update_high_wm_thresholds: ring_id: 185, wm_thresh- <50:0, 50-60:2048, 60-70:2457, 70-80:2867, 80-90:3276, 90-100:3686
01-07 03:34:19.028     0     0 D [3 T496   ..] cnss: Assign MSI to user: DP, num_vectors: 1, user_base_data: 1, base_vector: 0
01-07 03:34:19.028     0     0 I [3 T496   ..] [kworke][0x185e20d][03: 34:19.024278] wlan: [496:I:HAL] hal_srng_update_high_wm_thresholds: ring_id: 198, wm_thresh- <50:0, 50-60:2048, 60-70:2457, 70-80:2867, 80-90:3276, 90-100:3686
01-07 03:34:19.028     0     0 I [3 T496   ..] [kworke][0x185e257][03: 34:19.024352] wlan: [496:I:HAL] hal_srng_update_high_wm_thresholds: ring_id: 188, wm_thresh- <50:0, 50-60:512, 60-70:614, 70-80:716, 80-90:819, 90-100:921
01-07 03:34:19.028     0     0 I [3 T496   ..] [kworke][0x185e263][03: 34:19.024364] wlan: [496:I:HAL] hal_srng_update_high_wm_thresholds: ring_id: 201, wm_thresh- <50:0, 50-60:512, 60-70:614, 70-80:716, 80-90:819, 90-100:921
01-07 03:34:19.047     0     0 E [3 T496   ..] [kworke][0x1862dd2][03: 34:19.043675] wlan: [496:E:DP] dp_rx_buffer_pool_init: RX buffer pool support is disabled
01-07 03:34:19.088     0     0 I [2 T442   ..] AidlLazyServiceRegistrar: Process has 0 (of 1 available) client(s) in use after notification apexservice has clients: 0
01-07 03:34:19.088     0     0 I [2 T442   ..] AidlLazyServiceRegistrar: Shutdown prevented by forcePersist override flag.
01-07 03:34:19.089   929  1169 I AS.AudioDeviceInventory: sendDeviceConnectionIntent(dev:0x400 state:0x1 address: name:);
01-07 03:34:19.090  1336  1560 I AudioSystemCmdService: onAudioPortListUpdate ++++
01-07 03:34:19.100  1336  1560 I AudioSystemCmdService: onAudioPortListUpdate ++++
01-07 03:34:19.121   520   520 E android.hardware.wifi@1.0-service.droidlogic: driver not ok ,wait
01-07 03:34:19.159   929  1374 D WallpaperManagerService: WPMS.saveSettingsLocked-0
01-07 03:34:19.162   929  1374 V WallpaperManagerService: WPMS.saveSettingsLocked-0 took to complete: 3ms
01-07 03:34:19.175  1223  1223 V SystemUIBootTiming: DependencyInjection took to complete: 0ms
01-07 03:34:19.177     0     0 D [3 T496   ..] cnss: Assign MSI to user: DP, num_vectors: 1, user_base_data: 1, base_vector: 0
01-07 03:34:19.177     0     0 D [3 T496   ..] cnss: Get IRQ number 101 for vector index 0
01-07 03:34:19.177     0     0 I [4 T496   ..] [kworke][0x18829a5][03: 34:19.173678] wlan: [496:I:HIF] hif_event_history_init: SRNG events history initialized for group: 0
01-07 03:34:19.177     0     0 D [4 T496   ..] cnss: Assign MSI to user: DP, num_vectors: 1, user_base_data: 1, base_vector: 0
01-07 03:34:19.177     0     0 D [4 T496   ..] cnss: Get IRQ number 101 for vector index 0
01-07 03:34:19.177     0     0 I [4 T496   ..] [kworke][0x1882a58][03: 34:19.173857] wlan: [496:I:HIF] hif_event_history_init: SRNG events history initialized for group: 1
01-07 03:34:19.177     0     0 D [4 T496   ..] cnss: Assign MSI to user: DP, num_vectors: 1, user_base_data: 1, base_vector: 0
01-07 03:34:19.177     0     0 D [4 T496   ..] cnss: Get IRQ number 101 for vector index 0
01-07 03:34:19.177     0     0 I [6 T496   ..] [kworke][0x1882add][03: 34:19.173990] wlan: [496:I:HIF] hif_event_history_init: SRNG events history initialized for group: 2
01-07 03:34:19.177     0     0 D [6 T496   ..] cnss: Assign MSI to user: DP, num_vectors: 1, user_base_data: 1, base_vector: 0
01-07 03:34:19.177     0     0 D [6 T496   ..] cnss: Get IRQ number 101 for vector index 0
01-07 03:34:19.177     0     0 I [5 T496   ..] [kworke][0x1882b4d][03: 34:19.174102] wlan: [496:I:HIF] hif_event_history_init: SRNG events history initialized for group: 3
01-07 03:34:19.177     0     0 D [5 T496   ..] cnss: Assign MSI to user: DP, num_vectors: 1, user_base_data: 1, base_vector: 0
01-07 03:34:19.178     0     0 D [5 T496   ..] cnss: Get IRQ number 101 for vector index 0
01-07 03:34:19.178     0     0 I [6 T496   ..] [kworke][0x1882bcd][03: 34:19.174230] wlan: [496:I:HIF] hif_event_history_init: SRNG events history initialized for group: 4
01-07 03:34:19.178     0     0 D [6 T496   ..] cnss: Assign MSI to user: DP, num_vectors: 1, user_base_data: 1, base_vector: 0
01-07 03:34:19.178     0     0 D [6 T496   ..] cnss: Get IRQ number 101 for vector index 0
01-07 03:34:19.178     0     0 I [6 T496   ..] [kworke][0x1882c42][03: 34:19.174348] wlan: [496:I:HIF] hif_event_history_init: SRNG events history initialized for group: 5
01-07 03:34:19.178     0     0 D [6 T496   ..] cnss: Assign MSI to user: DP, num_vectors: 1, user_base_data: 1, base_vector: 0
01-07 03:34:19.178     0     0 D [6 T496   ..] cnss: Get IRQ number 101 for vector index 0
01-07 03:34:19.178     0     0 I [6 T496   ..] [kworke][0x1882cb3][03: 34:19.174460] wlan: [496:I:HIF] hif_event_history_init: SRNG events history initialized for group: 6
01-07 03:34:19.178     0     0 D [6 T496   ..] cnss: Assign MSI to user: DP, num_vectors: 1, user_base_data: 1, base_vector: 0
01-07 03:34:19.178     0     0 D [6 T496   ..] cnss: Get IRQ number 101 for vector index 0
01-07 03:34:19.178     0     0 I [2 T88    ..] binder: undelivered transaction 32542, process died.
01-07 03:34:19.178     0     0 I [3 T496   ..] [kworke][0x1882e05][03: 34:19.174798] wlan: [496:I:HIF] hif_event_history_init: SRNG events history initialized for group: 7
01-07 03:34:19.178     0     0 D [3 T496   ..] cnss: Assign MSI to user: DP, num_vectors: 1, user_base_data: 1, base_vector: 0
01-07 03:34:19.178     0     0 D [3 T496   ..] cnss: Get IRQ number 101 for vector index 0
01-07 03:34:19.182     0     0 I [2 T496   ..] [kworke][0x1883b14][03: 34:19.178141] wlan: [496:I:HIF] hif_event_history_init: SRNG events history initialized for group: 8
01-07 03:34:19.182     0     0 D [2 T496   ..] cnss: Assign MSI to user: DP, num_vectors: 1, user_base_data: 1, base_vector: 0
01-07 03:34:19.182     0     0 D [2 T496   ..] cnss: Get IRQ number 101 for vector index 0
01-07 03:34:19.182     0     0 I [3 T496   ..] [kworke][0x1883c19][03: 34:19.178402] wlan: [496:I:HIF] hif_event_history_init: SRNG events history initialized for group: 9
01-07 03:34:19.182     0     0 D [3 T496   ..] cnss: Assign MSI to user: DP, num_vectors: 1, user_base_data: 1, base_vector: 0
01-07 03:34:19.182     0     0 D [3 T496   ..] cnss: Get IRQ number 101 for vector index 0
01-07 03:34:19.182     0     0 I [3 T496   ..] [kworke][0x1883ca5][03: 34:19.178542] wlan: [496:I:HIF] hif_event_history_init: SRNG events history initialized for group: 10
01-07 03:34:19.182     0     0 D [3 T496   ..] cnss: Assign MSI to user: DP, num_vectors: 1, user_base_data: 1, base_vector: 0
01-07 03:34:19.182     0     0 D [3 T496   ..] cnss: Get IRQ number 101 for vector index 0
01-07 03:34:19.182     0     0 I [3 T496   ..] [kworke][0x1883d2a][03: 34:19.178675] wlan: [496:I:HIF] hif_event_history_init: SRNG events history initialized for group: 11
01-07 03:34:19.182     0     0 D [3 T496   ..] cnss: Assign MSI to user: DP, num_vectors: 1, user_base_data: 1, base_vector: 0
01-07 03:34:19.182     0     0 D [3 T496   ..] cnss: Get IRQ number 101 for vector index 0
01-07 03:34:19.182     0     0 I [3 T496   ..] [kworke][0x1883dae][03: 34:19.178807] wlan: [496:I:HIF] hif_event_history_init: SRNG events history initialized for group: 12
01-07 03:34:19.182     0     0 D [3 T496   ..] cnss: Assign MSI to user: DP, num_vectors: 1, user_base_data: 1, base_vector: 0
01-07 03:34:19.182     0     0 D [3 T496   ..] cnss: Get IRQ number 101 for vector index 0
01-07 03:34:19.182     0     0 I [3 T496   ..] [kworke][0x1883e33][03: 34:19.178940] wlan: [496:I:HIF] hif_event_history_init: SRNG events history initialized for group: 13
01-07 03:34:19.182     0     0 D [3 T496   ..] cnss: Assign MSI to user: DP, num_vectors: 1, user_base_data: 1, base_vector: 0
01-07 03:34:19.182     0     0 D [3 T496   ..] cnss: Get IRQ number 101 for vector index 0
01-07 03:34:19.182     0     0 I [3 T496   ..] [kworke][0x1883eaa][03: 34:19.179059] wlan: [496:I:HIF] hif_event_history_init: SRNG events history initialized for group: 14
01-07 03:34:19.182     0     0 D [3 T496   ..] cnss: Assign MSI to user: DP, num_vectors: 1, user_base_data: 1, base_vector: 0
01-07 03:34:19.182     0     0 D [3 T496   ..] cnss: Get IRQ number 101 for vector index 0
01-07 03:34:19.183     0     0 I [3 T496   ..] [kworke][0x1883f1c][03: 34:19.179173] wlan: [496:I:HIF] hif_event_history_init: SRNG events history initialized for group: 15
01-07 03:34:19.183     0     0 D [3 T496   ..] cnss: Assign MSI to user: DP, num_vectors: 1, user_base_data: 1, base_vector: 0
01-07 03:34:19.183     0     0 D [3 T496   ..] cnss: Get IRQ number 101 for vector index 0
01-07 03:34:19.183     0     0 I [3 T496   ..] [kworke][0x1883f83][03: 34:19.179276] wlan: [496:I:HIF] hif_event_history_init: SRNG events history initialized for group: 16
01-07 03:34:19.183     0     0 D [3 T496   ..] cnss: Assign MSI to user: DP, num_vectors: 1, user_base_data: 1, base_vector: 0
01-07 03:34:19.183     0     0 D [3 T496   ..] cnss: Get IRQ number 101 for vector index 0
01-07 03:34:19.183     0     0 I [3 T496   ..] [kworke][0x1883feb][03: 34:19.179380] wlan: [496:I:HIF] hif_event_history_init: SRNG events history initialized for group: 17
01-07 03:34:19.183  1223  1223 W Looper  : Slow dispatch took 2048ms main h=android.app.ActivityThread$H c=null m=110
01-07 03:34:19.184  1223  1223 W Looper  : Slow delivery took 2048ms main h=android.app.ActivityThread$H c=null m=114
01-07 03:34:19.187     0     0 E [3 T496   ..] [kworke][0x1884f67][03: 34:19.183344] wlan: [496:E:HIF] hif_pci_ce_irq_set_affinity_hint: Unable to set cpu mask for offline CPU 0
01-07 03:34:19.187  1223  1223 V SystemUIBootTiming: StartServices com.android.systemui.SliceBroadcastRelayHandler took to complete: 0ms
01-07 03:34:19.190     0     0 I [6 T629   ..] [kworke][0x1885ad8][03: 34:19.186273] wlan: [629:I:WMA] wma_rx_service_ready_event: Firmware build version : 110effff
01-07 03:34:19.190     0     0 I [6 T629   ..] [kworke][0x1885af6][03: 34:19.186303] wlan: [629:I:WMA] wma_rx_service_ready_event: Board id: 0, Board version: 8 0 0 4 1
01-07 03:34:19.194     0     0 E [6 T629   ..] [kworke][0x1886b57][03: 34:19.190496] wlan: [629:E:WMA] wma_update_supported_bands: wrong supported band
01-07 03:34:19.195     0     0 E [6 T629   ..] [kworke][0x1886e7c][03: 34:19.191302] wlan: [629:E:WMA] wma_update_supported_bands: wrong supported band
01-07 03:34:19.196     0     0 I [6 T629   ..] [kworke][0x188744b][03: 34:19.192788] wlan: [629:I:POLICY_MGR] policy_mgr_modify_sbs_freq: Invalid SBS range with all 5Ghz shared
01-07 03:34:19.196     0     0 I [6 T629   ..] [kworke][0x1887535][03: 34:19.193022] wlan: [629:I:WMI] extract_hw_bdf_status: BDF VER is 0, FW and BDF ver check skipped
01-07 03:34:19.197     0     0 W [6 T629   ..] resource_cfg->flag1: 0xc0080600, resource_cfg->flags2: 0x140d0
01-07 03:34:19.197     0     0 W         : [6 T629   ..] Disable PCIE_GET_Switch, resource_cfg->flag1: 0x40080600, resource_cfg->flags2: 0x140d0
01-07 03:34:19.198   929  1188 E HDMI    : [1]:Failed to send <Set Osd Name> 30:47 <Redacted len=8> with errorCode=1
01-07 03:34:19.203  1336  1562 W ContextImpl: Calling a method in the system process without a qualified user: android.app.ContextImpl.sendBroadcast:1189 android.content.ContextWrapper.sendBroadcast:500 com.droidlogic.audioservice.services.AudioSystemCmdService$1.onUEvent:184 com.droidlogic.UEventObserver$UEventThread.sendEvent:213 com.droidlogic.UEventObserver$UEventThread.run:190 
01-07 03:34:19.205     0     0 I         : [0 T20    ..] meson8b-dwmac fdc00000.ethernet eth0: Link is Up - 1Gbps/Full - flow control rx/tx
01-07 03:34:19.205     0     0 I [0 T20    ..] IPv6: ADDRCONF(NETDEV_CHANGE): eth0: link becomes ready
01-07 03:34:19.206     0     0 I         : [7 T565   ..] hdmitx21_ext_set_audio_output enable:1
01-07 03:34:19.206     0     0 I [7 T565   ..] [snd-soc]: update audio atmos flag! audio_type = 0
01-07 03:34:19.223   929   961 I WindowManager: ******* TELLING SURFACE FLINGER WE ARE BOOTED!
01-07 03:34:19.227   929   961 D ActivityManagerTiming: FinishBooting
01-07 03:34:19.231   929   961 I ActivityManager: About to commit checkpoint
01-07 03:34:19.236   331   331 I Checkpoint: Marked slot as booted successfully.
01-07 03:34:19.249     0     0 I         : [4 T331   ..] F2FS-fs (dm-35): Preserve previous reserve_root=32768
01-07 03:34:19.254     0     0 I         : [2 T1031  ..] asoc-aml-card auge_sound: TDM[1] Playback stop
01-07 03:34:19.254     0     0 D [2 T1031  ..] [snd-soc]: spdif_a is set to disable
01-07 03:34:19.254     0     0 D [2 T1031  ..] [snd-soc]: spdif_b is set to disable
01-07 03:34:19.254     0     0 I [2 T1031  ..] [snd-soc]: ss_free() samesrc 3, lvl 1
01-07 03:34:19.254     0     0 I [2 T1031  ..] [snd-soc]: ss_free() samesrc 4, lvl 2
01-07 03:34:19.254     0     0 I [2 T1031  ..] audio_ddr_mngr: frddrs[0] released by device fe330000.audiobus:tdm@1
01-07 03:34:19.257     0     0 I [1 T1628  ..] [snd-soc]: dd+ drc mode : RF
01-07 03:34:19.257     0     0 I [1 T1628  ..] [snd-soc]: dd+ drc high cut scale : 0%
01-07 03:34:19.257     0     0 I [1 T1628  ..] [snd-soc]: dd+ drc low boost scale : 0%
01-07 03:34:19.257     0     0 I [1 T1628  ..] [debug]: audio_utils_open
01-07 03:34:19.257     0     0 I [1 T1628  ..] [debug]: audio_utils_release
01-07 03:34:19.259     0     0 E [1 T1628  ..] [secmon]: DBG=======> dolby_fw_ioctl 438 cmd:0x40 arg3=0
01-07 03:34:19.267     0     0 E [1 T1628  ..] [secmon]: DBG=======> dolby_fw_ioctl 438 cmd:0x41 arg3=0
01-07 03:34:19.268     0     0 E [1 T1628  ..] [secmon]: DBG=======> dolby_fw_verify_lib_resp 296 DOLBY_FW_VERIFY_LIB_RESP arg3=0
01-07 03:34:19.267  1223  1223 V SystemUIBootTiming: StartServices com.android.systemui.accessibility.WindowMagnification took to complete: 80ms
01-07 03:34:19.267  1223  1223 V SystemUIBootTiming: StartServices com.android.systemui.broadcast.BroadcastDispatcherStartable took to complete: 0ms
01-07 03:34:19.269     0     0 E [1 T1628  ..] [secmon]: DBG=======> dolby_fw_ioctl 438 cmd:0x50 arg3=0
01-07 03:34:19.270     0     0 E [1 T1628  ..] [secmon]: DBG=======> dolby_fw_ioctl 438 cmd:0x60 arg3=0
01-07 03:34:19.271     0     0 E [1 T1628  ..] [secmon]: DBG=======> dolby_fw_critical_query 389 DOLBY_FW_CRITICAL_DATA_QUERY arg3=0
01-07 03:34:19.271  1223  1223 V SystemUIBootTiming: StartServices com.android.systemui.flags.FeatureFlagsDebugStartable took to complete: 4ms
01-07 03:34:19.275   929   967 I DropBoxManagerService: add tag=system_server_wtf isTagEnabled=true flags=0x2
01-07 03:34:19.277     0     0 I [1 T1628  ..] [snd-soc]: dd+ drc mode : RF
01-07 03:34:19.277     0     0 I [1 T1628  ..] [snd-soc]: dd+ drc high cut scale : 0%
01-07 03:34:19.277     0     0 I [1 T1628  ..] [snd-soc]: dd+ drc low boost scale : 0%
01-07 03:34:19.282     0     0 I [2 T1638  ..] audio_ddr_mngr: frddrs[0] registered by device fe330000.audiobus:tdm@1
01-07 03:34:19.283     0     0 I [2 T1638  ..] [snd-soc]: aml_audio_reset, reg 0xa, shift 9, use_vadtop 0
01-07 03:34:19.283     0     0 I [2 T1638  ..] [snd-soc]: aml_audio_reset, reg 0xa, shift 13, use_vadtop 0
01-07 03:34:19.283     0     0 D [2 T1638  ..] [snd-soc]: spdif_a fifo ctrl, frddr:0 type:1, 16 bits, chmask 0x3, swap 0x10
01-07 03:34:19.283     0     0 D [2 T1638  ..] iec_info: rate: 48000, codec_type:0x0, channel status L:0x2000100, R:0x2000100
01-07 03:34:19.283     0     0 I         : [2 T1638  ..] err chn msk, must larger than 0
01-07 03:34:19.283     0     0 I         : [2 T1638  ..] hdmitx_notify_callback_a[3794] aud_src_if is 0, aud_output_ch is 0x0, reset aud_output_ch as 0
01-07 03:34:19.283     0     0 D [2 T1638  ..] [snd-soc]: spdif_b fifo ctrl, frddr:0 type:1, 16 bits, chmask 0x3, swap 0x10
01-07 03:34:19.283     0     0 D [2 T1638  ..] iec_info: rate: 48000, codec_type:0x0, channel status L:0x2000100, R:0x2000100
01-07 03:34:19.288  1223  1223 V SystemUIBootTiming: StartServices com.android.systemui.globalactions.GlobalActionsComponent took to complete: 17ms
01-07 03:34:19.289  1223  1223 V SystemUIBootTiming: StartServices com.android.systemui.keyboard.KeyboardUI took to complete: 1ms
01-07 03:34:19.295     0     0 E [6 T8     ..] [kworke][0x189f546][03: 34:19.291343] wlan: [8:E:QDF] ready_extract_init_status_tlv: ready_extract_init_status_tlv:0
01-07 03:34:19.298     0     0 I         : [3 T1638  ..] asoc-aml-card auge_sound: TDM[1] Playback enable
01-07 03:34:19.298     0     0 D [3 T1638  ..] [snd-soc]: spdif_a is set to enable
01-07 03:34:19.298     0     0 E [6 T8     ..] [kworke][0x18a007c][03: 34:19.294213] wlan: [8:E:REGULATORY] reg_init_indoor_channel_list: reg pdev priv obj is NULL
01-07 03:34:19.298     0     0 D [3 T1638  ..] [snd-soc]: spdif_b is set to enable
01-07 03:34:19.299     0     0 I [6 T8     ..] [kworke][0x18a0516][03: 34:19.295391] wlan: [8:I:dfs] WLAN_DEBUG_DFS_ALWAYS : wlan_dfs_pdev_obj_create_notification: dfs_offload 1
01-07 03:34:19.299     0     0 I [6 T8     ..] [kworke][0x18a0520][03: 34:19.295401] wlan: [8:I:dfs] WLAN_DEBUG_DFS_ALWAYS : wlan_dfs_pdev_obj_create_notification: dfs_bangradar_320_support 0
01-07 03:34:19.299     0     0 I [6 T8     ..] [kworke][0x18a0536][03: 34:19.295423] wlan: [8:I:SPECTRAL] null_get_capability: SPECTRAL : get_capability not registered
01-07 03:34:19.299     0     0 I         : [6 T8     ..]
01-07 03:34:19.299     0     0 I [6 T8     ..] [kworke][0x18a053e][03: 34:19.295431] wlan: [8:I:SPECTRAL] target_if_pdev_spectral_init: HAL_CAP_PHYDIAG : Capable
01-07 03:34:19.299     0     0 I [6 T8     ..] [kworke][0x18a0546][03: 34:19.295439] wlan: [8:I:SPECTRAL] null_get_capability: SPECTRAL : get_capability not registered
01-07 03:34:19.299     0     0 I         : [6 T8     ..]
01-07 03:34:19.299     0     0 I [6 T8     ..] [kworke][0x18a054d][03: 34:19.295446] wlan: [8:I:SPECTRAL] target_if_pdev_spectral_init: HAL_CAP_RADAR   : Capable
01-07 03:34:19.299     0     0 I [6 T8     ..] [kworke][0x18a0554][03: 34:19.295454] wlan: [8:I:SPECTRAL] null_get_capability: SPECTRAL : get_capability not registered
01-07 03:34:19.299     0     0 I         : [6 T8     ..]
01-07 03:34:19.299     0     0 I [6 T8     ..] [kworke][0x18a055c][03: 34:19.295461] wlan: [8:I:SPECTRAL] target_if_pdev_spectral_init: HAL_CAP_SPECTRAL_SCAN : Capable
01-07 03:34:19.299     0     0 I [6 T8     ..] [kworke][0x18a0565][03: 34:19.295470] wlan: [8:I:SPECTRAL] null_get_tsf64: SPECTRAL : get_tsf64 not registered
01-07 03:34:19.299     0     0 I         : [6 T8     ..]
01-07 03:34:19.299     0     0 I [6 T8     ..] [kworke][0x18a0592][03: 34:19.295515] wlan: [8:I:GREEN_AP] wlan_green_ap_pdev_obj_create_notification: Green AP creation successful, green ap ctx: 0000000000000000, pdev: 0000000000000000
01-07 03:34:19.301     0     0 I [7 T8     ..] [kworke][0x18a0eda][03: 34:19.297891] wlan: [8:I:HAL] hal_srng_update_high_wm_thresholds: ring_id: 193, wm_thresh- <50:0, 50-60:24, 60-70:28, 70-80:33, 80-90:38, 90-100:43
01-07 03:34:19.303     0     0 I [6 T8     ..] [kworke][0x18a1718][03: 34:19.300001] wlan: [8:I:HAL] hal_srng_update_high_wm_thresholds: ring_id: 206, wm_thresh- <50:0, 50-60:24, 60-70:28, 70-80:33, 80-90:38, 90-100:43
01-07 03:34:19.304     0     0 E [6 T8     ..] [kworke][0x18a18c3][03: 34:19.300428] wlan: [8:E:CFR] cfr_streamfs_init: Directory create failed
01-07 03:34:19.305     0     0 E [6 T8     ..] [kworke][0x18a1b8b][03: 34:19.301140] wlan: [8:E:CFR] wlan_cfr_pdev_open: cfr_streamfs_init failed with 16
01-07 03:34:19.305     0     0 E         : [6 T8     ..]
01-07 03:34:19.306     0     0 I [6 T8     ..] [kworke][0x18a22ab][03: 34:19.302964] wlan: [8:I:REGULATORY] reg_set_band: same band 7
01-07 03:34:19.306     0     0 I [6 T8     ..] [kworke][0x18a22bc][03: 34:19.302981] wlan: [8:I:HDD] hdd_intersect_igmp_offload_setting: fw cap to handle igmp 1 igmp_offload_enable ini 0
01-07 03:34:19.307     0     0 I [6 T8     ..] [kworke][0x18a23f9][03: 34:19.303298] wlan: [8:I:GREEN_AP] target_if_green_ap_register_egap_event_handler: Set the Enhance Green AP event handler
01-07 03:34:19.307     0     0 I [1 T496   ..] [kworke][0x18a2456][03: 34:19.303391] wlan: [496:I:WMA] wma_wait_for_ready_event: FW ready event received
01-07 03:34:19.307     0     0 I [3 T496   ..] [kworke][0x18a259e][03: 34:19.303719] wlan: [496:I:HAL] hal_srng_update_high_wm_thresholds: ring_id: 192, wm_thresh- <50:0, 50-60:64, 60-70:76, 70-80:89, 80-90:102, 90-100:115
01-07 03:34:19.308     0     0 I [3 T496   ..] [kworke][0x18a29fb][03: 34:19.304836] wlan: [496:I:HAL] hal_srng_update_high_wm_thresholds: ring_id: 205, wm_thresh- <50:0, 50-60:64, 60-70:76, 70-80:89, 80-90:102, 90-100:115
01-07 03:34:19.309     0     0 E [3 T496   ..] [kworke][0x18a2db8][03: 34:19.305793] wlan: [496:E:DP] dp_rxdma_ring_config: pdev_id 0 max_mac_rings 2
01-07 03:34:19.310     0     0 E [3 T496   ..] [kworke][0x18a309f][03: 34:19.306536] wlan: [496:E:TXRX] dp_rxdma_ring_config: mac_id 0
01-07 03:34:19.311     0     0 E [3 T496   ..] [kworke][0x18a35d3][03: 34:19.307868] wlan: [496:E:TXRX] dp_rxdma_ring_config: mac_id 1
01-07 03:34:19.313     0     0 I [3 T496   ..] [kworke][0x18a3b2e][03: 34:19.309239] wlan: [496:I:HAL] hal_reo_set_err_dst_remap_kiwi: HWIO_REO_R0_ERROR_DESTINATION_MAPPING_IX_0 0x0
01-07 03:34:19.313     0     0 I [3 T496   ..] [kworke][0x18a3b44][03: 34:19.309261] wlan: [496:I:HAL] hal_reo_set_err_dst_remap_kiwi: HWIO_REO_R0_ERROR_DESTINATION_MAPPING_IX_1 0x0
01-07 03:34:19.313     0     0 I [3 T496   ..] [kworke][0x18a3ba2][03: 34:19.309355] wlan: [496:I:DIRECT_BUF_RX] target_if_direct_buf_rx_register_events: DBR Handler Context 1
01-07 03:34:19.313     0     0 E [3 T496   ..] [kworke][0x18a3dc1][03: 34:19.309898] wlan: [496:E:WMI] send_action_oui_cmd_tlv: Invalid action id
01-07 03:34:19.314     0     0 E [3 T496   ..] [kworke][0x18a407f][03: 34:19.310600] wlan: [496:E:action_oui] action_oui_send_config: Failed to send: 7
01-07 03:34:19.315     0     0 E [3 T496   ..] [kworke][0x18a4617][03: 34:19.312032] wlan: [496:E:WMI] send_action_oui_cmd_tlv: Invalid action id
01-07 03:34:19.317     0     0 E [3 T496   ..] [kworke][0x18a4bd8][03: 34:19.313505] wlan: [496:E:action_oui] action_oui_send_config: Failed to send: 8
01-07 03:34:19.322   520   520 E android.hardware.wifi@1.0-service.droidlogic: driver not ok ,wait
01-07 03:34:19.321     0     0 E [1 T1523  ..] [schedu][0x18a5b5d][03: 34:19.317478] wlan: [1523:E:REGULATORY] reg_fill_chan320mhz_seg0_center: Cannot find 160Mhz centers for freq 7075
01-07 03:34:19.322     0     0 E [1 T1523  ..] [schedu][0x18a5fcd][03: 34:19.318614] wlan: [1523:E:REGULATORY] reg_fill_chan320mhz_seg0_center: Cannot find 160Mhz centers for freq 7095
01-07 03:34:19.324     0     0 E [1 T1523  ..] [schedu][0x18a66ca][03: 34:19.320403] wlan: [1523:E:REGULATORY] reg_fill_chan320mhz_seg0_center: Cannot find 160Mhz centers for freq 7115
01-07 03:34:19.332     0     0 E [3 T496   ..] [kworke][0x18a8522][03: 34:19.328171] wlan: [496:E:fwol] ucfg_fwol_send_get_thermal_stats_cmd: Command Disabled in Ini gThermalStatsTempOffset 5 or not enabled in FW 0
01-07 03:34:19.333     0     0 E [3 T496   ..] [kworke][0x18a8b14][03: 34:19.329693] wlan: [496:E:OSIF] os_if_fwol_get_thermal_stats_req: Failed to send get thermal stats cmd to FW, 4
01-07 03:34:19.335     0     0 D [3 T496   ..] cnss: Cooling device ID not found: 1
01-07 03:34:19.335     0     0 D [3 T496   ..] cnss: Cooling device ID not found: 2
01-07 03:34:19.336     0     0 I [3 T496   ..] [kworke][0x18a9532][03: 34:19.332283] wlan: [496:I:HDD] hdd_initialize_mac_address: using default MAC address
01-07 03:34:19.343     0     0 E [3 T496   ..] debugfs: Directory 'null' with parent '/' already present!
01-07 03:34:19.343     0     0 I [3 T496   ..] [kworke][0x18ab306][03: 34:19.339919] wlan: [496:I:HDD] hdd_psoc_idle_timer_start: psoc idle timer is disabled
01-07 03:34:19.344     0     0 E [3 T496   ..] cnss: Failed to get cooling device node
01-07 03:34:19.344     0     0 E [3 T496   ..] cnss: Failed to get cooling device node
01-07 03:34:19.386   331   331 I Checkpoint: Checkpoint has been committed.
01-07 03:34:19.387   929   961 I SystemServiceManager: Starting phase 1000
01-07 03:34:19.387   929   961 D ActivityManagerTiming: OnBootPhase_1000
01-07 03:34:19.387   929   961 D ActivityManagerTiming: OnBootPhase_1000_com.android.server.security.FileIntegrityService
01-07 03:34:19.387   929   961 V ActivityManagerTiming: OnBootPhase_1000_com.android.server.security.FileIntegrityService took to complete: 0ms
01-07 03:34:19.387   929   961 D ActivityManagerTiming: OnBootPhase_1000_com.android.server.pm.Installer
01-07 03:34:19.387   929   961 V ActivityManagerTiming: OnBootPhase_1000_com.android.server.pm.Installer took to complete: 0ms
01-07 03:34:19.387   929   961 D ActivityManagerTiming: OnBootPhase_1000_com.android.server.os.DeviceIdentifiersPolicyService
01-07 03:34:19.387   929   961 V ActivityManagerTiming: OnBootPhase_1000_com.android.server.os.DeviceIdentifiersPolicyService took to complete: 0ms
01-07 03:34:19.387   929   961 D ActivityManagerTiming: OnBootPhase_1000_com.android.server.uri.UriGrantsManagerService$Lifecycle
01-07 03:34:19.387   929   961 V ActivityManagerTiming: OnBootPhase_1000_com.android.server.uri.UriGrantsManagerService$Lifecycle took to complete: 0ms
01-07 03:34:19.387   929   961 D ActivityManagerTiming: OnBootPhase_1000_com.android.server.powerstats.PowerStatsService
01-07 03:34:19.387   929   961 E PowerStatsService: Failed to start PowerStatsService loggers
01-07 03:34:19.387   929   961 V ActivityManagerTiming: OnBootPhase_1000_com.android.server.powerstats.PowerStatsService took to complete: 0ms
01-07 03:34:19.387   929   961 D ActivityManagerTiming: OnBootPhase_1000_com.android.server.wm.ActivityTaskManagerService$Lifecycle
01-07 03:34:19.387   929   961 V ActivityManagerTiming: OnBootPhase_1000_com.android.server.wm.ActivityTaskManagerService$Lifecycle took to complete: 0ms
01-07 03:34:19.387   929   961 D ActivityManagerTiming: OnBootPhase_1000_com.android.server.am.ActivityManagerService$Lifecycle
01-07 03:34:19.387   929   961 V ActivityManagerTiming: OnBootPhase_1000_com.android.server.am.ActivityManagerService$Lifecycle took to complete: 0ms
01-07 03:34:19.387   929   961 D ActivityManagerTiming: OnBootPhase_1000_com.android.server.pm.DataLoaderManagerService
01-07 03:34:19.387   929   961 V ActivityManagerTiming: OnBootPhase_1000_com.android.server.pm.DataLoaderManagerService took to complete: 0ms
01-07 03:34:19.387   929   961 D ActivityManagerTiming: OnBootPhase_1000_com.android.server.power.PowerManagerService
01-07 03:34:19.389   929   985 V DisplayPowerController[0]: Brightness [0.39763778] reason changing to: 'manual', previous reason: 'override'.
01-07 03:34:19.389   929   985 I DisplayPowerController[0]: BrightnessEvent: disp=0, physDisp=local:4633127902230889483, brt=0.39763778, initBrt=0.39763778, rcmdBrt=NaN, preBrt=NaN, lux=0.0, preLux=0.0, hbmMax=1.0, hbmMode=off, rbcStrength=0, powerFactor=1.0, thrmMax=1.0, wasShortTermModelActive=false, flags=, reason=manual, autoBrightness=false
01-07 03:34:19.389   929   961 V ActivityManagerTiming: OnBootPhase_1000_com.android.server.power.PowerManagerService took to complete: 1ms
01-07 03:34:19.389   929   961 D ActivityManagerTiming: OnBootPhase_1000_com.android.server.power.ThermalManagerService
01-07 03:34:19.389   929   961 V ActivityManagerTiming: OnBootPhase_1000_com.android.server.power.ThermalManagerService took to complete: 0ms
01-07 03:34:19.389   929   961 D ActivityManagerTiming: OnBootPhase_1000_com.android.server.power.hint.HintManagerService
01-07 03:34:19.389   929   961 V ActivityManagerTiming: OnBootPhase_1000_com.android.server.power.hint.HintManagerService took to complete: 0ms
01-07 03:34:19.389   929   961 D ActivityManagerTiming: OnBootPhase_1000_com.android.server.recoverysystem.RecoverySystemService$Lifecycle
01-07 03:34:19.389   929   961 V ActivityManagerTiming: OnBootPhase_1000_com.android.server.recoverysystem.RecoverySystemService$Lifecycle took to complete: 0ms
01-07 03:34:19.389   929   961 D ActivityManagerTiming: OnBootPhase_1000_com.android.server.lights.LightsService
01-07 03:34:19.389   929   961 V ActivityManagerTiming: OnBootPhase_1000_com.android.server.lights.LightsService took to complete: 0ms
01-07 03:34:19.389   929   961 D ActivityManagerTiming: OnBootPhase_1000_com.android.server.display.DisplayManagerService
01-07 03:34:19.390   929   961 V ActivityManagerTiming: OnBootPhase_1000_com.android.server.display.DisplayManagerService took to complete: 0ms
01-07 03:34:19.390   929   961 D ActivityManagerTiming: OnBootPhase_1000_com.android.server.pm.verify.domain.DomainVerificationService
01-07 03:34:19.390   929   961 V ActivityManagerTiming: OnBootPhase_1000_com.android.server.pm.verify.domain.DomainVerificationService took to complete: 0ms
01-07 03:34:19.390   929   961 D ActivityManagerTiming: OnBootPhase_1000_com.android.server.pm.PackageInstallerService$Lifecycle
01-07 03:34:19.390   929   961 V ActivityManagerTiming: OnBootPhase_1000_com.android.server.pm.PackageInstallerService$Lifecycle took to complete: 0ms
01-07 03:34:19.390   929   961 D ActivityManagerTiming: OnBootPhase_1000_com.android.server.pm.UserManagerService$LifeCycle
01-07 03:34:19.390   929   961 V ActivityManagerTiming: OnBootPhase_1000_com.android.server.pm.UserManagerService$LifeCycle took to complete: 0ms
01-07 03:34:19.390   929   961 D ActivityManagerTiming: OnBootPhase_1000_com.android.server.om.OverlayManagerService
01-07 03:34:19.390   929   961 V ActivityManagerTiming: OnBootPhase_1000_com.android.server.om.OverlayManagerService took to complete: 0ms
01-07 03:34:19.390   929   961 D ActivityManagerTiming: OnBootPhase_1000_com.android.server.resources.ResourcesManagerService
01-07 03:34:19.390   929   961 V ActivityManagerTiming: OnBootPhase_1000_com.android.server.resources.ResourcesManagerService took to complete: 0ms
01-07 03:34:19.390   929   961 D ActivityManagerTiming: OnBootPhase_1000_com.android.server.sensorprivacy.SensorPrivacyService
01-07 03:34:19.390   929   961 V ActivityManagerTiming: OnBootPhase_1000_com.android.server.sensorprivacy.SensorPrivacyService took to complete: 0ms
01-07 03:34:19.390   929   961 D ActivityManagerTiming: OnBootPhase_1000_com.android.server.sensors.SensorService
01-07 03:34:19.390   929   961 V ActivityManagerTiming: OnBootPhase_1000_com.android.server.sensors.SensorService took to complete: 0ms
01-07 03:34:19.390   929   961 D ActivityManagerTiming: OnBootPhase_1000_com.android.server.SystemConfigService
01-07 03:34:19.390   929   961 V ActivityManagerTiming: OnBootPhase_1000_com.android.server.SystemConfigService took to complete: 0ms
01-07 03:34:19.390   929   961 D ActivityManagerTiming: OnBootPhase_1000_com.android.server.BatteryService
01-07 03:34:19.390   929   961 V ActivityManagerTiming: OnBootPhase_1000_com.android.server.BatteryService took to complete: 0ms
01-07 03:34:19.390   929   961 D ActivityManagerTiming: OnBootPhase_1000_com.android.server.usage.UsageStatsService
01-07 03:34:19.390   929   961 V ActivityManagerTiming: OnBootPhase_1000_com.android.server.usage.UsageStatsService took to complete: 1ms
01-07 03:34:19.391   929   961 D ActivityManagerTiming: OnBootPhase_1000_com.android.server.webkit.WebViewUpdateService
01-07 03:34:19.391   929   961 V ActivityManagerTiming: OnBootPhase_1000_com.android.server.webkit.WebViewUpdateService took to complete: 0ms
01-07 03:34:19.391   929   961 D ActivityManagerTiming: OnBootPhase_1000_com.android.server.CachedDeviceStateService
01-07 03:34:19.391   929   961 V ActivityManagerTiming: OnBootPhase_1000_com.android.server.CachedDeviceStateService took to complete: 0ms
01-07 03:34:19.391   929   961 D ActivityManagerTiming: OnBootPhase_1000_com.android.server.BinderCallsStatsService$LifeCycle
01-07 03:34:19.391   929   961 V ActivityManagerTiming: OnBootPhase_1000_com.android.server.BinderCallsStatsService$LifeCycle took to complete: 0ms
01-07 03:34:19.391   929   961 D ActivityManagerTiming: OnBootPhase_1000_com.android.server.LooperStatsService$Lifecycle
01-07 03:34:19.391   929   961 V ActivityManagerTiming: OnBootPhase_1000_com.android.server.LooperStatsService$Lifecycle took to complete: 0ms
01-07 03:34:19.391   929   961 D ActivityManagerTiming: OnBootPhase_1000_com.android.server.rollback.RollbackManagerService
01-07 03:34:19.391   929   961 V ActivityManagerTiming: OnBootPhase_1000_com.android.server.rollback.RollbackManagerService took to complete: 0ms
01-07 03:34:19.391   929   961 D ActivityManagerTiming: OnBootPhase_1000_com.android.server.os.NativeTombstoneManagerService
01-07 03:34:19.391   929   961 V ActivityManagerTiming: OnBootPhase_1000_com.android.server.os.NativeTombstoneManagerService took to complete: 0ms
01-07 03:34:19.391   929   961 D ActivityManagerTiming: OnBootPhase_1000_com.android.server.os.BugreportManagerService
01-07 03:34:19.391   929   961 V ActivityManagerTiming: OnBootPhase_1000_com.android.server.os.BugreportManagerService took to complete: 0ms
01-07 03:34:19.391   929   961 D ActivityManagerTiming: OnBootPhase_1000_com.android.server.gpu.GpuService
01-07 03:34:19.391   929   961 V ActivityManagerTiming: OnBootPhase_1000_com.android.server.gpu.GpuService took to complete: 0ms
01-07 03:34:19.391   929   961 D ActivityManagerTiming: OnBootPhase_1000_com.android.server.security.KeyChainSystemService
01-07 03:34:19.391   929   961 V ActivityManagerTiming: OnBootPhase_1000_com.android.server.security.KeyChainSystemService took to complete: 0ms
01-07 03:34:19.391   929   961 D ActivityManagerTiming: OnBootPhase_1000_com.android.server.BinaryTransparencyService
01-07 03:34:19.391   929  1059 D RollbackManager: mRollbackLifetimeDurationInMillis=1209600000
01-07 03:34:19.392   929   961 I TransparencyService: Boot completed. Getting VBMeta Digest.
01-07 03:34:19.392   929   961 D TransparencyService: VBMeta Digest: 8deb4ef344e4bb6f5f909d51350fa8705006e9389cbc69cc58566eded1fb2ceb
01-07 03:34:19.392   929   961 I TransparencyService: Scheduling APEX and Module measurements to be updated.
01-07 03:34:19.392   929   961 I TransparencyService: Scheduling APEX & Module SHA256 digest computation job
01-07 03:34:19.393   929   961 D CompatibilityChangeReporter: Compat change id reported: 194532703; UID 1000; state: ENABLED
01-07 03:34:19.393   929   961 D TransparencyService: Job 44134615 to update binary measurements scheduled successfully.
01-07 03:34:19.393   929   961 V ActivityManagerTiming: OnBootPhase_1000_com.android.server.BinaryTransparencyService took to complete: 2ms
01-07 03:34:19.394   929   961 D ActivityManagerTiming: OnBootPhase_1000_com.android.server.accounts.AccountManagerService$Lifecycle
01-07 03:34:19.394   929   961 V ActivityManagerTiming: OnBootPhase_1000_com.android.server.accounts.AccountManagerService$Lifecycle took to complete: 0ms
01-07 03:34:19.394   929   961 D ActivityManagerTiming: OnBootPhase_1000_com.android.server.content.ContentService$Lifecycle
01-07 03:34:19.394   929   961 V ActivityManagerTiming: OnBootPhase_1000_com.android.server.content.ContentService$Lifecycle took to complete: 0ms
01-07 03:34:19.394   929   961 D ActivityManagerTiming: OnBootPhase_1000_com.android.server.DropBoxManagerService
01-07 03:34:19.394   929   961 V ActivityManagerTiming: OnBootPhase_1000_com.android.server.DropBoxManagerService took to complete: 0ms
01-07 03:34:19.394   929   961 D ActivityManagerTiming: OnBootPhase_1000_com.android.role.RoleService
01-07 03:34:19.394   929   961 V ActivityManagerTiming: OnBootPhase_1000_com.android.role.RoleService took to complete: 0ms
01-07 03:34:19.394   929   961 D ActivityManagerTiming: OnBootPhase_1000_com.android.server.vibrator.VibratorManagerService$Lifecycle
01-07 03:34:19.394   929   961 V ActivityManagerTiming: OnBootPhase_1000_com.android.server.vibrator.VibratorManagerService$Lifecycle took to complete: 0ms
01-07 03:34:19.394   929   961 D ActivityManagerTiming: OnBootPhase_1000_com.android.server.tare.InternalResourceService
01-07 03:34:19.394   929   961 V ActivityManagerTiming: OnBootPhase_1000_com.android.server.tare.InternalResourceService took to complete: 0ms
01-07 03:34:19.394   929   961 D ActivityManagerTiming: OnBootPhase_1000_com.android.server.alarm.AlarmManagerService
01-07 03:34:19.394   929   961 V ActivityManagerTiming: OnBootPhase_1000_com.android.server.alarm.AlarmManagerService took to complete: 0ms
01-07 03:34:19.394   929   961 D ActivityManagerTiming: OnBootPhase_1000_com.android.server.devicestate.DeviceStateManagerService
01-07 03:34:19.394   929   961 V ActivityManagerTiming: OnBootPhase_1000_com.android.server.devicestate.DeviceStateManagerService took to complete: 0ms
01-07 03:34:19.394   929   961 D ActivityManagerTiming: OnBootPhase_1000_com.android.server.bluetooth.BluetoothService
01-07 03:34:19.394   929   961 V ActivityManagerTiming: OnBootPhase_1000_com.android.server.bluetooth.BluetoothService took to complete: 0ms
01-07 03:34:19.394   929   961 D ActivityManagerTiming: OnBootPhase_1000_com.android.server.connectivity.IpConnectivityMetrics
01-07 03:34:19.394   929   961 V ActivityManagerTiming: OnBootPhase_1000_com.android.server.connectivity.IpConnectivityMetrics took to complete: 0ms
01-07 03:34:19.394   929   961 D ActivityManagerTiming: OnBootPhase_1000_com.android.server.net.watchlist.NetworkWatchlistService$Lifecycle
01-07 03:34:19.394   929   961 V ActivityManagerTiming: OnBootPhase_1000_com.android.server.net.watchlist.NetworkWatchlistService$Lifecycle took to complete: 0ms
01-07 03:34:19.394   929   961 D ActivityManagerTiming: OnBootPhase_1000_com.android.server.PinnerService
01-07 03:34:19.394   929   961 V ActivityManagerTiming: OnBootPhase_1000_com.android.server.PinnerService took to complete: 0ms
01-07 03:34:19.394   929   961 D ActivityManagerTiming: OnBootPhase_1000_com.android.server.integrity.AppIntegrityManagerService
01-07 03:34:19.394   929   961 V ActivityManagerTiming: OnBootPhase_1000_com.android.server.integrity.AppIntegrityManagerService took to complete: 0ms
01-07 03:34:19.394   929   961 D ActivityManagerTiming: OnBootPhase_1000_com.android.server.logcat.LogcatManagerService
01-07 03:34:19.395   929   961 V ActivityManagerTiming: OnBootPhase_1000_com.android.server.logcat.LogcatManagerService took to complete: 0ms
01-07 03:34:19.395   929   961 D ActivityManagerTiming: OnBootPhase_1000_com.android.server.inputmethod.InputMethodManagerService$Lifecycle
01-07 03:34:19.395   929   961 V ActivityManagerTiming: OnBootPhase_1000_com.android.server.inputmethod.InputMethodManagerService$Lifecycle took to complete: 0ms
01-07 03:34:19.395   929   961 D ActivityManagerTiming: OnBootPhase_1000_com.android.server.accessibility.AccessibilityManagerService$Lifecycle
01-07 03:34:19.395   929   961 V ActivityManagerTiming: OnBootPhase_1000_com.android.server.accessibility.AccessibilityManagerService$Lifecycle took to complete: 0ms
01-07 03:34:19.395   929   961 D ActivityManagerTiming: OnBootPhase_1000_com.android.server.StorageManagerService$Lifecycle
01-07 03:34:19.395   929   961 V ActivityManagerTiming: OnBootPhase_1000_com.android.server.StorageManagerService$Lifecycle took to complete: 0ms
01-07 03:34:19.395   929   961 D ActivityManagerTiming: OnBootPhase_1000_com.android.server.usage.StorageStatsService$Lifecycle
01-07 03:34:19.395   929   961 V ActivityManagerTiming: OnBootPhase_1000_com.android.server.usage.StorageStatsService$Lifecycle took to complete: 0ms
01-07 03:34:19.395   929   961 D ActivityManagerTiming: OnBootPhase_1000_com.android.server.UiModeManagerService
01-07 03:34:19.395   929   961 V ActivityManagerTiming: OnBootPhase_1000_com.android.server.UiModeManagerService took to complete: 0ms
01-07 03:34:19.395   929   961 D ActivityManagerTiming: OnBootPhase_1000_com.android.server.locales.LocaleManagerService
01-07 03:34:19.395   929   961 V ActivityManagerTiming: OnBootPhase_1000_com.android.server.locales.LocaleManagerService took to complete: 0ms
01-07 03:34:19.395   929   961 D ActivityManagerTiming: OnBootPhase_1000_com.android.server.locksettings.LockSettingsService$Lifecycle
01-07 03:34:19.395   929   961 V ActivityManagerTiming: OnBootPhase_1000_com.android.server.locksettings.LockSettingsService$Lifecycle took to complete: 0ms
01-07 03:34:19.395   929   961 D ActivityManagerTiming: OnBootPhase_1000_com.android.server.PersistentDataBlockService
01-07 03:34:19.395   929   961 V ActivityManagerTiming: OnBootPhase_1000_com.android.server.PersistentDataBlockService took to complete: 0ms
01-07 03:34:19.395   929   961 D ActivityManagerTiming: OnBootPhase_1000_com.android.server.testharness.TestHarnessModeService
01-07 03:34:19.395   929  1105 D StorageManagerService: Thinking about init, mBootCompleted=true, mDaemonConnected=true
01-07 03:34:19.395   929  1105 D StorageManagerService: Thinking about reset, mBootCompleted=true, mDaemonConnected=true
01-07 03:34:19.395   929   961 D TestHarnessModeService: Completing Test Harness Mode setup.
01-07 03:34:19.395   929  1055 D AppStandbyController: Loaded headless system app cache in 4 ms: appIdleEnabled=true
01-07 03:34:19.396   929  1105 I StorageSessionController: Started resetting external storage service...
01-07 03:34:19.396   929  1105 I StorageSessionController: Finished resetting external storage service
01-07 03:34:19.396   929  1105 I StorageManagerService: Resetting vold...
01-07 03:34:19.396   929  1105 I StorageManagerService: Reset vold
01-07 03:34:19.397   331   331 I vold    : onUserAdded: 0
01-07 03:34:19.399   929  1055 D CompatibilityChangeReporter: Compat change id reported: 218533173; UID 10041; state: ENABLED
01-07 03:34:19.403   929  1055 D CompatibilityChangeReporter: Compat change id reported: 218533173; UID 10084; state: DISABLED
01-07 03:34:19.417  1223  1223 V SystemUIBootTiming: StartServices com.android.systemui.keyguard.domain.interactor.KeyguardTransitionCoreStartable took to complete: 127ms
01-07 03:34:19.419  1223  1223 V SystemUIBootTiming: StartServices com.android.systemui.media.RingtonePlayer took to complete: 2ms
01-07 03:34:19.420  1223  1223 V SystemUIBootTiming: StartServices com.android.systemui.media.systemsounds.HomeSoundEffectController took to complete: 1ms
01-07 03:34:19.421  1223  1223 V SystemUIBootTiming: StartServices com.android.systemui.motiontool.MotionToolStartable took to complete: 1ms
01-07 03:34:19.425   929   961 V ActivityManagerTiming: OnBootPhase_1000_com.android.server.testharness.TestHarnessModeService took to complete: 30ms
01-07 03:34:19.425   929   961 D ActivityManagerTiming: OnBootPhase_1000_com.android.server.oemlock.OemLockService
01-07 03:34:19.425   929   961 V ActivityManagerTiming: OnBootPhase_1000_com.android.server.oemlock.OemLockService took to complete: 0ms
01-07 03:34:19.425   929   961 D ActivityManagerTiming: OnBootPhase_1000_com.android.server.DeviceIdleController
01-07 03:34:19.425   929   961 V ActivityManagerTiming: OnBootPhase_1000_com.android.server.DeviceIdleController took to complete: 0ms
01-07 03:34:19.425   929   961 D ActivityManagerTiming: OnBootPhase_1000_com.android.server.devicepolicy.DevicePolicyManagerService$Lifecycle
01-07 03:34:19.425   929   961 V ActivityManagerTiming: OnBootPhase_1000_com.android.server.devicepolicy.DevicePolicyManagerService$Lifecycle took to complete: 0ms
01-07 03:34:19.425   929   961 D ActivityManagerTiming: OnBootPhase_1000_com.android.server.texttospeech.TextToSpeechManagerService
01-07 03:34:19.425   929   961 V ActivityManagerTiming: OnBootPhase_1000_com.android.server.texttospeech.TextToSpeechManagerService took to complete: 0ms
01-07 03:34:19.425   929   961 D ActivityManagerTiming: OnBootPhase_1000_com.android.server.ambientcontext.AmbientContextManagerService
01-07 03:34:19.425   929   961 V ActivityManagerTiming: OnBootPhase_1000_com.android.server.ambientcontext.AmbientContextManagerService took to complete: 0ms
01-07 03:34:19.425   929   961 D ActivityManagerTiming: OnBootPhase_1000_com.android.server.speech.SpeechRecognitionManagerService
01-07 03:34:19.425   929   961 V ActivityManagerTiming: OnBootPhase_1000_com.android.server.speech.SpeechRecognitionManagerService took to complete: 0ms
01-07 03:34:19.425   929   961 D ActivityManagerTiming: OnBootPhase_1000_com.android.server.searchui.SearchUiManagerService
01-07 03:34:19.425   929   961 V ActivityManagerTiming: OnBootPhase_1000_com.android.server.searchui.SearchUiManagerService took to complete: 0ms
01-07 03:34:19.425   929   961 D ActivityManagerTiming: OnBootPhase_1000_com.android.server.smartspace.SmartspaceManagerService
01-07 03:34:19.425   929   961 V ActivityManagerTiming: OnBootPhase_1000_com.android.server.smartspace.SmartspaceManagerService took to complete: 0ms
01-07 03:34:19.425   929   961 D ActivityManagerTiming: OnBootPhase_1000_com.android.server.graphics.fonts.FontManagerService$Lifecycle
01-07 03:34:19.425   929   961 V ActivityManagerTiming: OnBootPhase_1000_com.android.server.graphics.fonts.FontManagerService$Lifecycle took to complete: 0ms
01-07 03:34:19.425   929   961 D ActivityManagerTiming: OnBootPhase_1000_com.android.server.textservices.TextServicesManagerService$Lifecycle
01-07 03:34:19.425   929   961 V ActivityManagerTiming: OnBootPhase_1000_com.android.server.textservices.TextServicesManagerService$Lifecycle took to complete: 0ms
01-07 03:34:19.425   929   961 D ActivityManagerTiming: OnBootPhase_1000_com.android.server.textclassifier.TextClassificationManagerService$Lifecycle
01-07 03:34:19.426   929   961 V ActivityManagerTiming: OnBootPhase_1000_com.android.server.textclassifier.TextClassificationManagerService$Lifecycle took to complete: 0ms
01-07 03:34:19.426   929   961 D ActivityManagerTiming: OnBootPhase_1000_com.android.server.NetworkScoreService$Lifecycle
01-07 03:34:19.426   929   961 V ActivityManagerTiming: OnBootPhase_1000_com.android.server.NetworkScoreService$Lifecycle took to complete: 0ms
01-07 03:34:19.426   929   961 D ActivityManagerTiming: OnBootPhase_1000_com.android.server.NetworkStatsServiceInitializer
01-07 03:34:19.426   929   961 V ActivityManagerTiming: OnBootPhase_1000_com.android.server.NetworkStatsServiceInitializer took to complete: 0ms
01-07 03:34:19.426   929   961 D ActivityManagerTiming: OnBootPhase_1000_com.android.server.wifi.WifiService
01-07 03:34:19.426   929   961 V ActivityManagerTiming: OnBootPhase_1000_com.android.server.wifi.WifiService took to complete: 0ms
01-07 03:34:19.426   929   961 D ActivityManagerTiming: OnBootPhase_1000_com.android.server.wifi.scanner.WifiScanningService
01-07 03:34:19.426   929   961 V ActivityManagerTiming: OnBootPhase_1000_com.android.server.wifi.scanner.WifiScanningService took to complete: 0ms
01-07 03:34:19.426   929   961 D ActivityManagerTiming: OnBootPhase_1000_com.android.server.wifi.p2p.WifiP2pService
01-07 03:34:19.426   929   961 V ActivityManagerTiming: OnBootPhase_1000_com.android.server.wifi.p2p.WifiP2pService took to complete: 0ms
01-07 03:34:19.426   929   961 D ActivityManagerTiming: OnBootPhase_1000_com.android.server.ConnectivityServiceInitializer
01-07 03:34:19.428   929   961 E SystemServiceRegistry: Manager wrapper not available: contexthub
01-07 03:34:19.429   929   967 I DropBoxManagerService: add tag=system_server_wtf isTagEnabled=true flags=0x2
01-07 03:34:19.430   929   961 V ActivityManagerTiming: OnBootPhase_1000_com.android.server.ConnectivityServiceInitializer took to complete: 4ms
01-07 03:34:19.430   929   961 D ActivityManagerTiming: OnBootPhase_1000_com.android.server.notification.NotificationManagerService
01-07 03:34:19.430   929   961 V ActivityManagerTiming: OnBootPhase_1000_com.android.server.notification.NotificationManagerService took to complete: 0ms
01-07 03:34:19.430   929   961 D ActivityManagerTiming: OnBootPhase_1000_com.android.server.storage.DeviceStorageMonitorService
01-07 03:34:19.430   929   961 V ActivityManagerTiming: OnBootPhase_1000_com.android.server.storage.DeviceStorageMonitorService took to complete: 0ms
01-07 03:34:19.430   929   961 D ActivityManagerTiming: OnBootPhase_1000_com.android.server.location.LocationManagerService$Lifecycle
01-07 03:34:19.430   929   961 V ActivityManagerTiming: OnBootPhase_1000_com.android.server.location.LocationManagerService$Lifecycle took to complete: 0ms
01-07 03:34:19.431   929   961 D ActivityManagerTiming: OnBootPhase_1000_com.android.server.timedetector.TimeDetectorService$Lifecycle
01-07 03:34:19.431   929   961 V ActivityManagerTiming: OnBootPhase_1000_com.android.server.timedetector.TimeDetectorService$Lifecycle took to complete: 0ms
01-07 03:34:19.431   929   961 D ActivityManagerTiming: OnBootPhase_1000_com.android.server.timezonedetector.TimeZoneDetectorService$Lifecycle
01-07 03:34:19.431   929   961 V ActivityManagerTiming: OnBootPhase_1000_com.android.server.timezonedetector.TimeZoneDetectorService$Lifecycle took to complete: 0ms
01-07 03:34:19.431   929   961 D ActivityManagerTiming: OnBootPhase_1000_com.android.server.timezonedetector.location.LocationTimeZoneManagerService$Lifecycle
