01-06 02:49:02.799  1234  1234 V SystemUIBootTiming: StartServices com.android.systemui.statusbar.notification.interruption.KeyguardNotificationVisibilityProvider took to complete: 8ms
01-06 02:49:02.813   944   944 W Looper  : Slow dispatch took 693ms main h=com.android.server.media.MediaRouter2ServiceImpl$UserHandler c=<recycled PooledLambda@5af4402> m=0
01-06 02:49:02.813   944   944 I ExplicitHealthCheckController: Explicit health check service is connected ComponentInfo{android.ext.services/android.ext.services.watchdog.ExplicitHealthCheckServiceImpl}
01-06 02:49:02.814   944   944 I ExplicitHealthCheckController: Service initialized, syncing requests
01-06 02:49:02.815   944   944 I ConnectivityModuleConnector: Networking module service connected
01-06 02:49:02.819   944   944 V NotificationAssistants: 0 notification assistant service connected: ComponentInfo{android.ext.services/android.ext.services.notification.Assistant}
01-06 02:49:02.825  1367  1592 I AudioSystemCmdService: onAudioPortListUpdate ++++
01-06 02:49:02.825   944   944 D WallpaperManagerService: WPMS.onServiceConnected-ComponentInfo{com.android.systemui/com.android.systemui.wallpapers.ImageWallpaper}
01-06 02:49:02.825   944   944 D WallpaperManagerService: WPMS.attachServiceLocked
01-06 02:49:02.825   944   944 D WallpaperManagerService: WPMS.connectLocked-ComponentInfo{com.android.systemui/com.android.systemui.wallpapers.ImageWallpaper}
01-06 02:49:02.827   944   944 V WallpaperManagerService: WPMS.connectLocked-ComponentInfo{com.android.systemui/com.android.systemui.wallpapers.ImageWallpaper} took to complete: 2ms
01-06 02:49:02.827   944   944 V WallpaperManagerService: WPMS.attachServiceLocked took to complete: 2ms
01-06 02:49:02.827   944   944 D WallpaperManagerService: WPMS.saveSettingsLocked-0
01-06 02:49:02.829   944   944 V WallpaperManagerService: WPMS.saveSettingsLocked-0 took to complete: 2ms
01-06 02:49:02.829   944   944 V WallpaperManagerService: WPMS.onServiceConnected-ComponentInfo{com.android.systemui/com.android.systemui.wallpapers.ImageWallpaper} took to complete: 4ms
01-06 02:49:02.829   944   944 D WallpaperManagerService: WPMS.onServiceConnected-ComponentInfo{com.android.systemui/com.android.systemui.wallpapers.ImageWallpaper}
01-06 02:49:02.829   944   944 D WallpaperManagerService: WPMS.attachServiceLocked
01-06 02:49:02.829   944   944 V WallpaperManagerService: WPMS.attachServiceLocked took to complete: 0ms
01-06 02:49:02.829   944   944 V WallpaperManagerService: WPMS.onServiceConnected-ComponentInfo{com.android.systemui/com.android.systemui.wallpapers.ImageWallpaper} took to complete: 0ms
01-06 02:49:02.830   944   944 I HdmiCecLocalDeviceSource: queryDisplayStatus already in progress
01-06 02:49:02.830   944   944 I ConnectivityModuleConnector: Networking module service connected
01-06 02:49:02.832   944   970 I WindowManager: ******* TELLING SURFACE FLINGER WE ARE BOOTED!
01-06 02:49:02.836   944   944 I HDMI    : screen state is changing to 0
01-06 02:49:02.836   944   970 D ActivityManagerTiming: FinishBooting
01-06 02:49:02.840   944   944 D HDMI    : Failed to send cec command <Set Osd Name> 30:47 <Redacted len=8>
01-06 02:49:02.840   944   970 I ActivityManager: About to commit checkpoint
01-06 02:49:02.846   944   944 I PackageWatchdog: Syncing health check requests for packages: {}
01-06 02:49:02.846   944   944 D ExplicitHealthCheckController: Getting health check supported packages
01-06 02:49:02.850   332   332 I Checkpoint: Marked slot as booted successfully.
01-06 02:49:02.851   944   944 W NotificationHistory: Attempted to add notif for locked/gone/disabled user 0
01-06 02:49:02.860     0     0 I         : [2 T332   ..] F2FS-fs (dm-35): Preserve previous reserve_root=32768
01-06 02:49:02.858   944  1219 I ExplicitHealthCheckController: Explicit health check supported packages [PackageConfig{com.android.networkstack, 86400000}]
01-06 02:49:02.858   944  1219 D PackageWatchdog: Received supported packages [PackageConfig{com.android.networkstack, 86400000}]
01-06 02:49:02.858   944  1219 D ExplicitHealthCheckController: Getting health check requested packages
01-06 02:49:02.859   944  1219 I ExplicitHealthCheckController: Explicit health check requested packages []
01-06 02:49:02.860   944  1219 I ExplicitHealthCheckController: No more health check requests, unbinding...
01-06 02:49:02.861   944  1219 I ExplicitHealthCheckController: Explicit health check service is unbound
01-06 02:49:02.887   944  1511 D CompatibilityChangeReporter: Compat change id reported: 182478738; UID 10070; state: ENABLED
01-06 02:49:02.887   944   944 W Looper  : Drained
01-06 02:49:02.891   944  1219 D CompatibilityChangeReporter: Compat change id reported: 214016041; UID 1000; state: ENABLED
01-06 02:49:02.894  1234  1234 V SystemUIBootTiming: StartServices com.android.systemui.statusbar.pipeline.mobile.ui.MobileUiAdapter took to complete: 95ms
01-06 02:49:02.896   944  1219 I StatusBarManagerService: registerStatusBar bar=com.android.internal.statusbar.IStatusBar$Stub$Proxy@f549761
01-06 02:49:02.898  1234  1234 V SystemUIBootTiming: StartServices com.android.systemui.statusbar.tv.TvStatusBar took to complete: 3ms
01-06 02:49:02.907  1234  1234 V SystemUIBootTiming: StartServices com.android.systemui.statusbar.tv.VpnStatusObserver took to complete: 8ms
01-06 02:49:02.908  1234  1234 V SystemUIBootTiming: StartServices com.android.systemui.statusbar.tv.notifications.TvNotificationHandler took to complete: 1ms
01-06 02:49:02.909  1234  1234 V SystemUIBootTiming: StartServices com.android.systemui.statusbar.tv.notifications.TvNotificationPanel took to complete: 1ms
01-06 02:49:02.914  1234  1234 V SystemUIBootTiming: StartServices com.android.systemui.theme.ThemeOverlayController took to complete: 5ms
01-06 02:49:02.916  1234  1234 V SystemUIBootTiming: StartServices com.android.systemui.toast.ToastUI took to complete: 1ms
01-06 02:49:02.919  1234  1234 V SystemUIBootTiming: StartServices com.android.systemui.usb.StorageNotification took to complete: 3ms
01-06 02:49:02.935  1234  1234 V SystemUIBootTiming: StartServices com.android.systemui.user.ui.dialog.UserSwitcherDialogCoordinator took to complete: 16ms
01-06 02:49:02.937  1234  1234 V SystemUIBootTiming: StartServices com.android.systemui.util.NotificationChannels took to complete: 2ms
01-06 02:49:02.947  1367  1599 W ContextImpl: Calling a method in the system process without a qualified user: android.app.ContextImpl.sendBroadcast:1189 android.content.ContextWrapper.sendBroadcast:500 com.droidlogic.audioservice.services.AudioSystemCmdService$1.onUEvent:184 com.droidlogic.UEventObserver$UEventThread.sendEvent:213 com.droidlogic.UEventObserver$UEventThread.run:190 
01-06 02:49:02.950     0     0 I         : [6 T572   ..] hdmitx21_ext_set_audio_output enable:1
01-06 02:49:02.950     0     0 I [6 T572   ..] [snd-soc]: update audio atmos flag! audio_type = 0
01-06 02:49:02.951     0     0 I [2 T1644  ..] capability: warning: `wpa_supplicant' uses 32-bit capabilities (legacy support in use)
01-06 02:49:02.979   944  1219 D CompatibilityChangeReporter: Compat change id reported: 168419799; UID 1002; state: DISABLED
01-06 02:49:02.981   332   332 I Checkpoint: Checkpoint has been committed.
01-06 02:49:02.990   944   970 I SystemServiceManager: Starting phase 1000
01-06 02:49:02.990   944   970 D ActivityManagerTiming: OnBootPhase_1000
01-06 02:49:02.990   944   970 D ActivityManagerTiming: OnBootPhase_1000_com.android.server.security.FileIntegrityService
01-06 02:49:02.990   944   970 V ActivityManagerTiming: OnBootPhase_1000_com.android.server.security.FileIntegrityService took to complete: 0ms
01-06 02:49:02.990   944   970 D ActivityManagerTiming: OnBootPhase_1000_com.android.server.pm.Installer
01-06 02:49:02.990   944   970 V ActivityManagerTiming: OnBootPhase_1000_com.android.server.pm.Installer took to complete: 0ms
01-06 02:49:02.990   944   970 D ActivityManagerTiming: OnBootPhase_1000_com.android.server.os.DeviceIdentifiersPolicyService
01-06 02:49:02.990   944   970 V ActivityManagerTiming: OnBootPhase_1000_com.android.server.os.DeviceIdentifiersPolicyService took to complete: 0ms
01-06 02:49:02.990   944   970 D ActivityManagerTiming: OnBootPhase_1000_com.android.server.uri.UriGrantsManagerService$Lifecycle
01-06 02:49:02.990   944   970 V ActivityManagerTiming: OnBootPhase_1000_com.android.server.uri.UriGrantsManagerService$Lifecycle took to complete: 0ms
01-06 02:49:02.990   944   970 D ActivityManagerTiming: OnBootPhase_1000_com.android.server.powerstats.PowerStatsService
01-06 02:49:02.990   944   970 E PowerStatsService: Failed to start PowerStatsService loggers
01-06 02:49:02.990   944   970 V ActivityManagerTiming: OnBootPhase_1000_com.android.server.powerstats.PowerStatsService took to complete: 0ms
01-06 02:49:02.990   944   970 D ActivityManagerTiming: OnBootPhase_1000_com.android.server.wm.ActivityTaskManagerService$Lifecycle
01-06 02:49:02.990   944   970 V ActivityManagerTiming: OnBootPhase_1000_com.android.server.wm.ActivityTaskManagerService$Lifecycle took to complete: 0ms
01-06 02:49:02.990   944   970 D ActivityManagerTiming: OnBootPhase_1000_com.android.server.am.ActivityManagerService$Lifecycle
01-06 02:49:02.990   944   970 V ActivityManagerTiming: OnBootPhase_1000_com.android.server.am.ActivityManagerService$Lifecycle took to complete: 0ms
01-06 02:49:02.990   944   970 D ActivityManagerTiming: OnBootPhase_1000_com.android.server.pm.DataLoaderManagerService
01-06 02:49:02.990   944   970 V ActivityManagerTiming: OnBootPhase_1000_com.android.server.pm.DataLoaderManagerService took to complete: 0ms
01-06 02:49:02.990   944   970 D ActivityManagerTiming: OnBootPhase_1000_com.android.server.power.PowerManagerService
01-06 02:49:02.998   944   999 V DisplayPowerController[0]: Brightness [0.39763778] reason changing to: 'manual', previous reason: 'override'.
01-06 02:49:02.998   944   999 I DisplayPowerController[0]: BrightnessEvent: disp=0, physDisp=local:4633127902230889483, brt=0.39763778, initBrt=0.39763778, rcmdBrt=NaN, preBrt=NaN, lux=0.0, preLux=0.0, hbmMax=1.0, hbmMode=off, rbcStrength=0, powerFactor=1.0, thrmMax=1.0, wasShortTermModelActive=false, flags=, reason=manual, autoBrightness=false
01-06 02:49:02.998   944   970 V ActivityManagerTiming: OnBootPhase_1000_com.android.server.power.PowerManagerService took to complete: 8ms
01-06 02:49:02.998   944   970 D ActivityManagerTiming: OnBootPhase_1000_com.android.server.power.ThermalManagerService
01-06 02:49:02.998   944   970 V ActivityManagerTiming: OnBootPhase_1000_com.android.server.power.ThermalManagerService took to complete: 0ms
01-06 02:49:02.998   944   970 D ActivityManagerTiming: OnBootPhase_1000_com.android.server.power.hint.HintManagerService
01-06 02:49:02.999   944   970 V ActivityManagerTiming: OnBootPhase_1000_com.android.server.power.hint.HintManagerService took to complete: 1ms
01-06 02:49:02.999   944   970 D ActivityManagerTiming: OnBootPhase_1000_com.android.server.recoverysystem.RecoverySystemService$Lifecycle
01-06 02:49:02.999   944   970 V ActivityManagerTiming: OnBootPhase_1000_com.android.server.recoverysystem.RecoverySystemService$Lifecycle took to complete: 0ms
01-06 02:49:02.999   944   970 D ActivityManagerTiming: OnBootPhase_1000_com.android.server.lights.LightsService
01-06 02:49:02.999   944   970 V ActivityManagerTiming: OnBootPhase_1000_com.android.server.lights.LightsService took to complete: 0ms
01-06 02:49:02.999   944   970 D ActivityManagerTiming: OnBootPhase_1000_com.android.server.display.DisplayManagerService
01-06 02:49:02.999   944   970 V ActivityManagerTiming: OnBootPhase_1000_com.android.server.display.DisplayManagerService took to complete: 0ms
01-06 02:49:02.999   944   970 D ActivityManagerTiming: OnBootPhase_1000_com.android.server.pm.verify.domain.DomainVerificationService
01-06 02:49:02.999   944   970 V ActivityManagerTiming: OnBootPhase_1000_com.android.server.pm.verify.domain.DomainVerificationService took to complete: 0ms
01-06 02:49:02.999   944   970 D ActivityManagerTiming: OnBootPhase_1000_com.android.server.pm.PackageInstallerService$Lifecycle
01-06 02:49:02.999   944   970 V ActivityManagerTiming: OnBootPhase_1000_com.android.server.pm.PackageInstallerService$Lifecycle took to complete: 0ms
01-06 02:49:02.999   944   970 D ActivityManagerTiming: OnBootPhase_1000_com.android.server.pm.UserManagerService$LifeCycle
01-06 02:49:02.999   944   970 V ActivityManagerTiming: OnBootPhase_1000_com.android.server.pm.UserManagerService$LifeCycle took to complete: 0ms
01-06 02:49:02.999   944   970 D ActivityManagerTiming: OnBootPhase_1000_com.android.server.om.OverlayManagerService
01-06 02:49:03.000   944   970 V ActivityManagerTiming: OnBootPhase_1000_com.android.server.om.OverlayManagerService took to complete: 0ms
01-06 02:49:03.000   944   970 D ActivityManagerTiming: OnBootPhase_1000_com.android.server.resources.ResourcesManagerService
01-06 02:49:03.000   944   970 V ActivityManagerTiming: OnBootPhase_1000_com.android.server.resources.ResourcesManagerService took to complete: 0ms
01-06 02:49:03.000   944   970 D ActivityManagerTiming: OnBootPhase_1000_com.android.server.sensorprivacy.SensorPrivacyService
01-06 02:49:03.000   944   970 V ActivityManagerTiming: OnBootPhase_1000_com.android.server.sensorprivacy.SensorPrivacyService took to complete: 0ms
01-06 02:49:03.000   944   970 D ActivityManagerTiming: OnBootPhase_1000_com.android.server.sensors.SensorService
01-06 02:49:03.000   944   970 V ActivityManagerTiming: OnBootPhase_1000_com.android.server.sensors.SensorService took to complete: 0ms
01-06 02:49:03.000   944   970 D ActivityManagerTiming: OnBootPhase_1000_com.android.server.SystemConfigService
01-06 02:49:03.000   944   970 V ActivityManagerTiming: OnBootPhase_1000_com.android.server.SystemConfigService took to complete: 0ms
01-06 02:49:03.000   944   970 D ActivityManagerTiming: OnBootPhase_1000_com.android.server.BatteryService
01-06 02:49:03.000   944   970 V ActivityManagerTiming: OnBootPhase_1000_com.android.server.BatteryService took to complete: 0ms
01-06 02:49:03.000   944   970 D ActivityManagerTiming: OnBootPhase_1000_com.android.server.usage.UsageStatsService
01-06 02:49:03.000   944   970 V ActivityManagerTiming: OnBootPhase_1000_com.android.server.usage.UsageStatsService took to complete: 0ms
01-06 02:49:03.001   944   970 D ActivityManagerTiming: OnBootPhase_1000_com.android.server.webkit.WebViewUpdateService
01-06 02:49:03.001   944   970 V ActivityManagerTiming: OnBootPhase_1000_com.android.server.webkit.WebViewUpdateService took to complete: 0ms
01-06 02:49:03.001   944   970 D ActivityManagerTiming: OnBootPhase_1000_com.android.server.CachedDeviceStateService
01-06 02:49:03.001   944   970 V ActivityManagerTiming: OnBootPhase_1000_com.android.server.CachedDeviceStateService took to complete: 0ms
01-06 02:49:03.001   944   970 D ActivityManagerTiming: OnBootPhase_1000_com.android.server.BinderCallsStatsService$LifeCycle
01-06 02:49:03.001   944   970 V ActivityManagerTiming: OnBootPhase_1000_com.android.server.BinderCallsStatsService$LifeCycle took to complete: 0ms
01-06 02:49:03.001   944   970 D ActivityManagerTiming: OnBootPhase_1000_com.android.server.LooperStatsService$Lifecycle
01-06 02:49:03.001   944   970 V ActivityManagerTiming: OnBootPhase_1000_com.android.server.LooperStatsService$Lifecycle took to complete: 0ms
01-06 02:49:03.001   944   970 D ActivityManagerTiming: OnBootPhase_1000_com.android.server.rollback.RollbackManagerService
01-06 02:49:03.001   944   970 V ActivityManagerTiming: OnBootPhase_1000_com.android.server.rollback.RollbackManagerService took to complete: 0ms
01-06 02:49:03.001   944   970 D ActivityManagerTiming: OnBootPhase_1000_com.android.server.os.NativeTombstoneManagerService
01-06 02:49:03.001   944   970 V ActivityManagerTiming: OnBootPhase_1000_com.android.server.os.NativeTombstoneManagerService took to complete: 0ms
01-06 02:49:03.001   944   970 D ActivityManagerTiming: OnBootPhase_1000_com.android.server.os.BugreportManagerService
01-06 02:49:03.005     0     0 I         : [3 T1045  ..] asoc-aml-card auge_sound: TDM[1] Playback stop
01-06 02:49:03.001   944   970 V ActivityManagerTiming: OnBootPhase_1000_com.android.server.os.BugreportManagerService took to complete: 0ms
01-06 02:49:03.001   944   970 D ActivityManagerTiming: OnBootPhase_1000_com.android.server.gpu.GpuService
01-06 02:49:03.005     0     0 D [3 T1045  ..] [snd-soc]: spdif_a is set to disable
01-06 02:49:03.001   944   970 V ActivityManagerTiming: OnBootPhase_1000_com.android.server.gpu.GpuService took to complete: 0ms
01-06 02:49:03.001   944   970 D ActivityManagerTiming: OnBootPhase_1000_com.android.server.security.KeyChainSystemService
01-06 02:49:03.005     0     0 D [3 T1045  ..] [snd-soc]: spdif_b is set to disable
01-06 02:49:03.001   944   970 V ActivityManagerTiming: OnBootPhase_1000_com.android.server.security.KeyChainSystemService took to complete: 0ms
01-06 02:49:03.001   944   970 D ActivityManagerTiming: OnBootPhase_1000_com.android.server.BinaryTransparencyService
01-06 02:49:03.005     0     0 I [3 T1045  ..] [snd-soc]: ss_free() samesrc 3, lvl 1
01-06 02:49:03.002   944   970 I TransparencyService: Boot completed. Getting VBMeta Digest.
01-06 02:49:03.002   944  1072 D RollbackManager: mRollbackLifetimeDurationInMillis=1209600000
01-06 02:49:03.005     0     0 I [3 T1045  ..] [snd-soc]: ss_free() samesrc 4, lvl 2
01-06 02:49:03.005     0     0 I [3 T1045  ..] audio_ddr_mngr: frddrs[0] released by device fe330000.audiobus:tdm@1
01-06 02:49:03.005   944  1068 D AppStandbyController: Loaded headless system app cache in 4 ms: appIdleEnabled=true
01-06 02:49:03.007     0     0 I [4 T1691  ..] [snd-soc]: dd+ drc mode : RF
01-06 02:49:03.007     0     0 I [4 T1691  ..] [snd-soc]: dd+ drc high cut scale : 0%
01-06 02:49:03.007     0     0 I [4 T1691  ..] [snd-soc]: dd+ drc low boost scale : 0%
01-06 02:49:03.008     0     0 I [4 T1691  ..] [debug]: audio_utils_open
01-06 02:49:03.008     0     0 I [4 T1691  ..] [debug]: audio_utils_release
01-06 02:49:03.010     0     0 E [4 T1691  ..] [secmon]: DBG=======> dolby_fw_ioctl 438 cmd:0x40 arg3=0
01-06 02:49:03.009   944  1068 D CompatibilityChangeReporter: Compat change id reported: 218533173; UID 10041; state: ENABLED
01-06 02:49:03.010   944   970 D TransparencyService: VBMeta Digest: 55401011f083e86063fca64e3b8a4c3fe79a8f36c1eec6e7d5dda02ca64986d7
01-06 02:49:03.010   944   970 I TransparencyService: Scheduling APEX and Module measurements to be updated.
01-06 02:49:03.010   944   970 I TransparencyService: Scheduling APEX & Module SHA256 digest computation job
01-06 02:49:03.011   944   970 D CompatibilityChangeReporter: Compat change id reported: 194532703; UID 1000; state: ENABLED
01-06 02:49:03.012   944   970 D TransparencyService: Job 137011756 to update binary measurements scheduled successfully.
01-06 02:49:03.012   944   970 V ActivityManagerTiming: OnBootPhase_1000_com.android.server.BinaryTransparencyService took to complete: 11ms
01-06 02:49:03.012   944   970 D ActivityManagerTiming: OnBootPhase_1000_com.android.server.accounts.AccountManagerService$Lifecycle
01-06 02:49:03.012   944   970 V ActivityManagerTiming: OnBootPhase_1000_com.android.server.accounts.AccountManagerService$Lifecycle took to complete: 0ms
01-06 02:49:03.012   944   970 D ActivityManagerTiming: OnBootPhase_1000_com.android.server.content.ContentService$Lifecycle
01-06 02:49:03.012   944   970 V ActivityManagerTiming: OnBootPhase_1000_com.android.server.content.ContentService$Lifecycle took to complete: 0ms
01-06 02:49:03.012   944   970 D ActivityManagerTiming: OnBootPhase_1000_com.android.server.DropBoxManagerService
01-06 02:49:03.012   944   970 V ActivityManagerTiming: OnBootPhase_1000_com.android.server.DropBoxManagerService took to complete: 0ms
01-06 02:49:03.012   944   970 D ActivityManagerTiming: OnBootPhase_1000_com.android.role.RoleService
01-06 02:49:03.012   944   970 V ActivityManagerTiming: OnBootPhase_1000_com.android.role.RoleService took to complete: 0ms
01-06 02:49:03.012   944   970 D ActivityManagerTiming: OnBootPhase_1000_com.android.server.vibrator.VibratorManagerService$Lifecycle
01-06 02:49:03.013   944   970 V ActivityManagerTiming: OnBootPhase_1000_com.android.server.vibrator.VibratorManagerService$Lifecycle took to complete: 0ms
01-06 02:49:03.013   944   970 D ActivityManagerTiming: OnBootPhase_1000_com.android.server.tare.InternalResourceService
01-06 02:49:03.013   944   970 V ActivityManagerTiming: OnBootPhase_1000_com.android.server.tare.InternalResourceService took to complete: 1ms
01-06 02:49:03.013   944   970 D ActivityManagerTiming: OnBootPhase_1000_com.android.server.alarm.AlarmManagerService
01-06 02:49:03.013   944   970 V ActivityManagerTiming: OnBootPhase_1000_com.android.server.alarm.AlarmManagerService took to complete: 0ms
01-06 02:49:03.013   944   970 D ActivityManagerTiming: OnBootPhase_1000_com.android.server.devicestate.DeviceStateManagerService
01-06 02:49:03.013   944   970 V ActivityManagerTiming: OnBootPhase_1000_com.android.server.devicestate.DeviceStateManagerService took to complete: 0ms
01-06 02:49:03.013   944   970 D ActivityManagerTiming: OnBootPhase_1000_com.android.server.bluetooth.BluetoothService
01-06 02:49:03.013   944   970 V ActivityManagerTiming: OnBootPhase_1000_com.android.server.bluetooth.BluetoothService took to complete: 0ms
01-06 02:49:03.013   944   970 D ActivityManagerTiming: OnBootPhase_1000_com.android.server.connectivity.IpConnectivityMetrics
01-06 02:49:03.013   944   970 V ActivityManagerTiming: OnBootPhase_1000_com.android.server.connectivity.IpConnectivityMetrics took to complete: 0ms
01-06 02:49:03.013   944   970 D ActivityManagerTiming: OnBootPhase_1000_com.android.server.net.watchlist.NetworkWatchlistService$Lifecycle
01-06 02:49:03.013   944   970 V ActivityManagerTiming: OnBootPhase_1000_com.android.server.net.watchlist.NetworkWatchlistService$Lifecycle took to complete: 0ms
01-06 02:49:03.013   944   970 D ActivityManagerTiming: OnBootPhase_1000_com.android.server.PinnerService
01-06 02:49:03.013   944   970 V ActivityManagerTiming: OnBootPhase_1000_com.android.server.PinnerService took to complete: 0ms
01-06 02:49:03.013   944   970 D ActivityManagerTiming: OnBootPhase_1000_com.android.server.integrity.AppIntegrityManagerService
01-06 02:49:03.013   944   970 V ActivityManagerTiming: OnBootPhase_1000_com.android.server.integrity.AppIntegrityManagerService took to complete: 0ms
01-06 02:49:03.013   944   970 D ActivityManagerTiming: OnBootPhase_1000_com.android.server.logcat.LogcatManagerService
01-06 02:49:03.013   944   970 V ActivityManagerTiming: OnBootPhase_1000_com.android.server.logcat.LogcatManagerService took to complete: 0ms
01-06 02:49:03.013   944   970 D ActivityManagerTiming: OnBootPhase_1000_com.android.server.inputmethod.InputMethodManagerService$Lifecycle
01-06 02:49:03.013   944   970 V ActivityManagerTiming: OnBootPhase_1000_com.android.server.inputmethod.InputMethodManagerService$Lifecycle took to complete: 0ms
01-06 02:49:03.013   944   970 D ActivityManagerTiming: OnBootPhase_1000_com.android.server.accessibility.AccessibilityManagerService$Lifecycle
01-06 02:49:03.013   944   970 V ActivityManagerTiming: OnBootPhase_1000_com.android.server.accessibility.AccessibilityManagerService$Lifecycle took to complete: 0ms
01-06 02:49:03.013   944   970 D ActivityManagerTiming: OnBootPhase_1000_com.android.server.StorageManagerService$Lifecycle
01-06 02:49:03.014   944   970 V ActivityManagerTiming: OnBootPhase_1000_com.android.server.StorageManagerService$Lifecycle took to complete: 0ms
01-06 02:49:03.014   944   970 D ActivityManagerTiming: OnBootPhase_1000_com.android.server.usage.StorageStatsService$Lifecycle
01-06 02:49:03.014   944   970 V ActivityManagerTiming: OnBootPhase_1000_com.android.server.usage.StorageStatsService$Lifecycle took to complete: 0ms
01-06 02:49:03.014   944   970 D ActivityManagerTiming: OnBootPhase_1000_com.android.server.UiModeManagerService
01-06 02:49:03.014   944   970 V ActivityManagerTiming: OnBootPhase_1000_com.android.server.UiModeManagerService took to complete: 0ms
01-06 02:49:03.014   944   970 D ActivityManagerTiming: OnBootPhase_1000_com.android.server.locales.LocaleManagerService
01-06 02:49:03.014   944  1126 D StorageManagerService: Thinking about init, mBootCompleted=true, mDaemonConnected=true
01-06 02:49:03.014   944  1126 D StorageManagerService: Thinking about reset, mBootCompleted=true, mDaemonConnected=true
01-06 02:49:03.014   944  1126 I StorageSessionController: Started resetting external storage service...
01-06 02:49:03.014   944  1126 I StorageSessionController: Finished resetting external storage service
01-06 02:49:03.014   944  1126 I StorageManagerService: Resetting vold...
01-06 02:49:03.014   944   970 V ActivityManagerTiming: OnBootPhase_1000_com.android.server.locales.LocaleManagerService took to complete: 0ms
01-06 02:49:03.014   944   970 D ActivityManagerTiming: OnBootPhase_1000_com.android.server.locksettings.LockSettingsService$Lifecycle
01-06 02:49:03.014   944   970 V ActivityManagerTiming: OnBootPhase_1000_com.android.server.locksettings.LockSettingsService$Lifecycle took to complete: 0ms
01-06 02:49:03.014   944   970 D ActivityManagerTiming: OnBootPhase_1000_com.android.server.PersistentDataBlockService
01-06 02:49:03.014   944  1068 D CompatibilityChangeReporter: Compat change id reported: 218533173; UID 10090; state: DISABLED
01-06 02:49:03.015   944   970 V ActivityManagerTiming: OnBootPhase_1000_com.android.server.PersistentDataBlockService took to complete: 0ms
01-06 02:49:03.015   944   970 D ActivityManagerTiming: OnBootPhase_1000_com.android.server.testharness.TestHarnessModeService
01-06 02:49:03.015   944   970 D TestHarnessModeService: Completing Test Harness Mode setup.
01-06 02:49:03.027     0     0 E [4 T1691  ..] [secmon]: DBG=======> dolby_fw_ioctl 438 cmd:0x41 arg3=0
01-06 02:49:03.027     0     0 E [4 T1691  ..] [secmon]: DBG=======> dolby_fw_verify_lib_resp 296 DOLBY_FW_VERIFY_LIB_RESP arg3=0
01-06 02:49:03.029     0     0 E [4 T1691  ..] [secmon]: DBG=======> dolby_fw_ioctl 438 cmd:0x50 arg3=0
01-06 02:49:03.030     0     0 E [4 T1691  ..] [secmon]: DBG=======> dolby_fw_ioctl 438 cmd:0x60 arg3=0
01-06 02:49:03.030     0     0 E [4 T1691  ..] [secmon]: DBG=======> dolby_fw_critical_query 389 DOLBY_FW_CRITICAL_DATA_QUERY arg3=0
01-06 02:49:03.038     0     0 I [4 T1691  ..] [snd-soc]: dd+ drc mode : RF
01-06 02:49:03.038     0     0 I [4 T1691  ..] [snd-soc]: dd+ drc high cut scale : 0%
01-06 02:49:03.038     0     0 I [4 T1691  ..] [snd-soc]: dd+ drc low boost scale : 0%
01-06 02:49:03.041     0     0 I [3 T1697  ..] audio_ddr_mngr: frddrs[0] registered by device fe330000.audiobus:tdm@1
01-06 02:49:03.042     0     0 I [3 T1697  ..] [snd-soc]: aml_audio_reset, reg 0xa, shift 9, use_vadtop 0
01-06 02:49:03.042     0     0 I [3 T1697  ..] [snd-soc]: aml_audio_reset, reg 0xa, shift 13, use_vadtop 0
01-06 02:49:03.042     0     0 D [3 T1697  ..] [snd-soc]: spdif_a fifo ctrl, frddr:0 type:1, 16 bits, chmask 0x3, swap 0x10
01-06 02:49:03.042     0     0 D [3 T1697  ..] iec_info: rate: 48000, codec_type:0x0, channel status L:0x2000100, R:0x2000100
01-06 02:49:03.042     0     0 I         : [3 T1697  ..] err chn msk, must larger than 0
01-06 02:49:03.042     0     0 I         : [3 T1697  ..] hdmitx_notify_callback_a[3794] aud_src_if is 0, aud_output_ch is 0x0, reset aud_output_ch as 0
01-06 02:49:03.042     0     0 D [3 T1697  ..] [snd-soc]: spdif_b fifo ctrl, frddr:0 type:1, 16 bits, chmask 0x3, swap 0x10
01-06 02:49:03.042     0     0 D [3 T1697  ..] iec_info: rate: 48000, codec_type:0x0, channel status L:0x2000100, R:0x2000100
01-06 02:49:03.046   944  1126 I StorageManagerService: Reset vold
01-06 02:49:03.046   332   332 I vold    : onUserAdded: 0
01-06 02:49:03.056     0     0 I         : [3 T1697  ..] asoc-aml-card auge_sound: TDM[1] Playback enable
01-06 02:49:03.056     0     0 D [3 T1697  ..] [snd-soc]: spdif_a is set to enable
01-06 02:49:03.056     0     0 D [3 T1697  ..] [snd-soc]: spdif_b is set to enable
01-06 02:49:03.054  1234  1234 V SystemUIBootTiming: StartServices com.android.systemui.volume.VolumeUI took to complete: 117ms
01-06 02:49:03.058  1234  1234 V SystemUIBootTiming: StartServices com.android.systemui.wmshell.WMShell took to complete: 4ms
01-06 02:49:03.059  1234  1234 V SystemUIBootTiming: StartServices com.android.systemui.VendorServices took to complete: 0ms
01-06 02:49:03.059  1234  1234 V SystemUIBootTiming: StartServices took to complete: 852ms
01-06 02:49:03.060   944   970 V ActivityManagerTiming: OnBootPhase_1000_com.android.server.testharness.TestHarnessModeService took to complete: 45ms
01-06 02:49:03.060   944   970 D ActivityManagerTiming: OnBootPhase_1000_com.android.server.oemlock.OemLockService
01-06 02:49:03.060   944   970 V ActivityManagerTiming: OnBootPhase_1000_com.android.server.oemlock.OemLockService took to complete: 0ms
01-06 02:49:03.060   944   970 D ActivityManagerTiming: OnBootPhase_1000_com.android.server.DeviceIdleController
01-06 02:49:03.060   944   970 V ActivityManagerTiming: OnBootPhase_1000_com.android.server.DeviceIdleController took to complete: 0ms
01-06 02:49:03.060   944   970 D ActivityManagerTiming: OnBootPhase_1000_com.android.server.devicepolicy.DevicePolicyManagerService$Lifecycle
01-06 02:49:03.060   944   970 V ActivityManagerTiming: OnBootPhase_1000_com.android.server.devicepolicy.DevicePolicyManagerService$Lifecycle took to complete: 0ms
01-06 02:49:03.060   944   970 D ActivityManagerTiming: OnBootPhase_1000_com.android.server.texttospeech.TextToSpeechManagerService
01-06 02:49:03.060   944   970 V ActivityManagerTiming: OnBootPhase_1000_com.android.server.texttospeech.TextToSpeechManagerService took to complete: 0ms
01-06 02:49:03.060   944   970 D ActivityManagerTiming: OnBootPhase_1000_com.android.server.ambientcontext.AmbientContextManagerService
01-06 02:49:03.060   944   970 V ActivityManagerTiming: OnBootPhase_1000_com.android.server.ambientcontext.AmbientContextManagerService took to complete: 0ms
01-06 02:49:03.060   944   970 D ActivityManagerTiming: OnBootPhase_1000_com.android.server.speech.SpeechRecognitionManagerService
01-06 02:49:03.060   944   970 V ActivityManagerTiming: OnBootPhase_1000_com.android.server.speech.SpeechRecognitionManagerService took to complete: 0ms
01-06 02:49:03.060   944   970 D ActivityManagerTiming: OnBootPhase_1000_com.android.server.searchui.SearchUiManagerService
01-06 02:49:03.060   944   970 V ActivityManagerTiming: OnBootPhase_1000_com.android.server.searchui.SearchUiManagerService took to complete: 0ms
01-06 02:49:03.060   944   970 D ActivityManagerTiming: OnBootPhase_1000_com.android.server.smartspace.SmartspaceManagerService
01-06 02:49:03.060   944   970 V ActivityManagerTiming: OnBootPhase_1000_com.android.server.smartspace.SmartspaceManagerService took to complete: 0ms
01-06 02:49:03.060   944   970 D ActivityManagerTiming: OnBootPhase_1000_com.android.server.graphics.fonts.FontManagerService$Lifecycle
01-06 02:49:03.060   944   970 V ActivityManagerTiming: OnBootPhase_1000_com.android.server.graphics.fonts.FontManagerService$Lifecycle took to complete: 0ms
01-06 02:49:03.060   944   970 D ActivityManagerTiming: OnBootPhase_1000_com.android.server.textservices.TextServicesManagerService$Lifecycle
01-06 02:49:03.060   944   970 V ActivityManagerTiming: OnBootPhase_1000_com.android.server.textservices.TextServicesManagerService$Lifecycle took to complete: 0ms
01-06 02:49:03.060   944   970 D ActivityManagerTiming: OnBootPhase_1000_com.android.server.textclassifier.TextClassificationManagerService$Lifecycle
01-06 02:49:03.060   944   970 V ActivityManagerTiming: OnBootPhase_1000_com.android.server.textclassifier.TextClassificationManagerService$Lifecycle took to complete: 0ms
01-06 02:49:03.060   944   970 D ActivityManagerTiming: OnBootPhase_1000_com.android.server.NetworkScoreService$Lifecycle
01-06 02:49:03.061   944   970 V ActivityManagerTiming: OnBootPhase_1000_com.android.server.NetworkScoreService$Lifecycle took to complete: 0ms
01-06 02:49:03.061   944   970 D ActivityManagerTiming: OnBootPhase_1000_com.android.server.NetworkStatsServiceInitializer
01-06 02:49:03.061   944   970 V ActivityManagerTiming: OnBootPhase_1000_com.android.server.NetworkStatsServiceInitializer took to complete: 0ms
01-06 02:49:03.061   944   970 D ActivityManagerTiming: OnBootPhase_1000_com.android.server.wifi.WifiService
01-06 02:49:03.061   944   970 V ActivityManagerTiming: OnBootPhase_1000_com.android.server.wifi.WifiService took to complete: 0ms
01-06 02:49:03.061   944   970 D ActivityManagerTiming: OnBootPhase_1000_com.android.server.wifi.scanner.WifiScanningService
01-06 02:49:03.061   944   970 V ActivityManagerTiming: OnBootPhase_1000_com.android.server.wifi.scanner.WifiScanningService took to complete: 0ms
01-06 02:49:03.061   944   970 D ActivityManagerTiming: OnBootPhase_1000_com.android.server.wifi.p2p.WifiP2pService
01-06 02:49:03.061   944   970 V ActivityManagerTiming: OnBootPhase_1000_com.android.server.wifi.p2p.WifiP2pService took to complete: 0ms
01-06 02:49:03.061   944   970 D ActivityManagerTiming: OnBootPhase_1000_com.android.server.ConnectivityServiceInitializer
01-06 02:49:03.068   944  1511 D CompatibilityChangeReporter: Compat change id reported: 168419799; UID 10070; state: DISABLED
01-06 02:49:03.069  1234  1234 V WindowManagerShell: Display added: 0
01-06 02:49:03.071   944   970 E SystemServiceRegistry: Manager wrapper not available: contexthub
01-06 02:49:03.073   944   976 I DropBoxManagerService: add tag=system_server_wtf isTagEnabled=true flags=0x2
01-06 02:49:03.073   944   970 D CompatibilityChangeReporter: Compat change id reported: 161145287; UID 1000; state: DISABLED
01-06 02:49:03.078   944   976 I DropBoxManagerService: add tag=system_server_wtf isTagEnabled=true flags=0x2
01-06 02:49:03.079   944   970 V ActivityManagerTiming: OnBootPhase_1000_com.android.server.ConnectivityServiceInitializer took to complete: 18ms
01-06 02:49:03.079   944   970 D ActivityManagerTiming: OnBootPhase_1000_com.android.server.notification.NotificationManagerService
01-06 02:49:03.079   944   970 V ActivityManagerTiming: OnBootPhase_1000_com.android.server.notification.NotificationManagerService took to complete: 0ms
01-06 02:49:03.080   944   970 D ActivityManagerTiming: OnBootPhase_1000_com.android.server.storage.DeviceStorageMonitorService
01-06 02:49:03.080   944   970 V ActivityManagerTiming: OnBootPhase_1000_com.android.server.storage.DeviceStorageMonitorService took to complete: 0ms
01-06 02:49:03.080   944   970 D ActivityManagerTiming: OnBootPhase_1000_com.android.server.location.LocationManagerService$Lifecycle
01-06 02:49:03.080   944   970 V ActivityManagerTiming: OnBootPhase_1000_com.android.server.location.LocationManagerService$Lifecycle took to complete: 1ms
01-06 02:49:03.080   944   970 D ActivityManagerTiming: OnBootPhase_1000_com.android.server.timedetector.TimeDetectorService$Lifecycle
01-06 02:49:03.080   944   970 V ActivityManagerTiming: OnBootPhase_1000_com.android.server.timedetector.TimeDetectorService$Lifecycle took to complete: 0ms
01-06 02:49:03.080   944   970 D ActivityManagerTiming: OnBootPhase_1000_com.android.server.timezonedetector.TimeZoneDetectorService$Lifecycle
01-06 02:49:03.080   944   970 V ActivityManagerTiming: OnBootPhase_1000_com.android.server.timezonedetector.TimeZoneDetectorService$Lifecycle took to complete: 0ms
01-06 02:49:03.080   944   970 D ActivityManagerTiming: OnBootPhase_1000_com.android.server.timezonedetector.location.LocationTimeZoneManagerService$Lifecycle
01-06 02:49:03.080   944   970 V ActivityManagerTiming: OnBootPhase_1000_com.android.server.timezonedetector.location.LocationTimeZoneManagerService$Lifecycle took to complete: 0ms
01-06 02:49:03.080   944   970 D ActivityManagerTiming: OnBootPhase_1000_com.android.server.search.SearchManagerService$Lifecycle
01-06 02:49:03.080   944   970 V ActivityManagerTiming: OnBootPhase_1000_com.android.server.search.SearchManagerService$Lifecycle took to complete: 0ms
01-06 02:49:03.080   944   970 D ActivityManagerTiming: OnBootPhase_1000_com.android.server.wallpaper.WallpaperManagerService$Lifecycle
01-06 02:49:03.080   944   970 V ActivityManagerTiming: OnBootPhase_1000_com.android.server.wallpaper.WallpaperManagerService$Lifecycle took to complete: 0ms
01-06 02:49:03.080   944   970 D ActivityManagerTiming: OnBootPhase_1000_com.android.server.wallpapereffectsgeneration.WallpaperEffectsGenerationManagerService
01-06 02:49:03.080   944   970 V ActivityManagerTiming: OnBootPhase_1000_com.android.server.wallpapereffectsgeneration.WallpaperEffectsGenerationManagerService took to complete: 0ms
01-06 02:49:03.080   944   970 D ActivityManagerTiming: OnBootPhase_1000_com.android.server.audio.AudioService$Lifecycle
01-06 02:49:03.080   944   970 V ActivityManagerTiming: OnBootPhase_1000_com.android.server.audio.AudioService$Lifecycle took to complete: 0ms
01-06 02:49:03.080   944   970 D ActivityManagerTiming: OnBootPhase_1000_com.android.server.soundtrigger_middleware.SoundTriggerMiddlewareService$Lifecycle
01-06 02:49:03.080   944   970 V ActivityManagerTiming: OnBootPhase_1000_com.android.server.soundtrigger_middleware.SoundTriggerMiddlewareService$Lifecycle took to complete: 0ms
01-06 02:49:03.080   944   970 D ActivityManagerTiming: OnBootPhase_1000_com.android.server.DockObserver
01-06 02:49:03.080   944   970 V ActivityManagerTiming: OnBootPhase_1000_com.android.server.DockObserver took to complete: 0ms
01-06 02:49:03.081   944   970 D ActivityManagerTiming: OnBootPhase_1000_com.android.server.adb.AdbService$Lifecycle
01-06 02:49:03.081   944   970 V ActivityManagerTiming: OnBootPhase_1000_com.android.server.adb.AdbService$Lifecycle took to complete: 1ms
01-06 02:49:03.081   944   970 D ActivityManagerTiming: OnBootPhase_1000_com.android.server.usb.UsbService$Lifecycle
01-06 02:49:03.081   944   970 V ActivityManagerTiming: OnBootPhase_1000_com.android.server.usb.UsbService$Lifecycle took to complete: 0ms
01-06 02:49:03.081   944   970 D ActivityManagerTiming: OnBootPhase_1000_com.android.server.twilight.TwilightService
01-06 02:49:03.081   944  1197 E HDMI    : [1]:Failed to send <Give System Audio Mode Status> 35:7D with errorCode=1
01-06 02:49:03.082   944   944 D HDMI    : AVR did not respond to <Give System Audio Mode Status>
01-06 02:49:03.082   944   970 V ActivityManagerTiming: OnBootPhase_1000_com.android.server.twilight.TwilightService took to complete: 1ms
01-06 02:49:03.082   944   970 D ActivityManagerTiming: OnBootPhase_1000_com.android.server.display.color.ColorDisplayService
01-06 02:49:03.082   944   970 V ActivityManagerTiming: OnBootPhase_1000_com.android.server.display.color.ColorDisplayService took to complete: 0ms
01-06 02:49:03.082   944   944 I HdmiControlService: checkAndUpdateAbsoluteVolumeControlState() AudioDeviceAttributes: role:output type:hdmi addr: name: profiles:[] descriptors:[]Not in AVC_AUDIO_OUTPUT_DEVICES
01-06 02:49:03.082   944   970 D ActivityManagerTiming: OnBootPhase_1000_com.android.server.job.JobSchedulerService
01-06 02:49:03.082   944   970 V ActivityManagerTiming: OnBootPhase_1000_com.android.server.job.JobSchedulerService took to complete: 0ms
01-06 02:49:03.082   944   970 D ActivityManagerTiming: OnBootPhase_1000_com.android.server.soundtrigger.SoundTriggerService
01-06 02:49:03.082   944   970 D SoundTriggerService: onBootPhase: 1000 : false
01-06 02:49:03.082   944   970 V ActivityManagerTiming: OnBootPhase_1000_com.android.server.soundtrigger.SoundTriggerService took to complete: 0ms
01-06 02:49:03.082   944   970 D ActivityManagerTiming: OnBootPhase_1000_com.android.server.trust.TrustManagerService
01-06 02:49:03.082   944   970 V ActivityManagerTiming: OnBootPhase_1000_com.android.server.trust.TrustManagerService took to complete: 0ms
01-06 02:49:03.082   944   970 D ActivityManagerTiming: OnBootPhase_1000_com.android.server.backup.BackupManagerService$Lifecycle
01-06 02:49:03.082   944   970 V ActivityManagerTiming: OnBootPhase_1000_com.android.server.backup.BackupManagerService$Lifecycle took to complete: 0ms
01-06 02:49:03.082   944   970 D ActivityManagerTiming: OnBootPhase_1000_com.android.server.appwidget.AppWidgetService
01-06 02:49:03.082   944   970 V ActivityManagerTiming: OnBootPhase_1000_com.android.server.appwidget.AppWidgetService took to complete: 0ms
01-06 02:49:03.083   944   970 D ActivityManagerTiming: OnBootPhase_1000_com.android.server.voiceinteraction.VoiceInteractionManagerService
01-06 02:49:03.083   944   970 V ActivityManagerTiming: OnBootPhase_1000_com.android.server.voiceinteraction.VoiceInteractionManagerService took to complete: 1ms
01-06 02:49:03.083   944   970 D ActivityManagerTiming: OnBootPhase_1000_com.android.server.apphibernation.AppHibernationService
01-06 02:49:03.083   944   970 V ActivityManagerTiming: OnBootPhase_1000_com.android.server.apphibernation.AppHibernationService took to complete: 0ms
01-06 02:49:03.083   944   970 D ActivityManagerTiming: OnBootPhase_1000_com.android.server.GestureLauncherService
01-06 02:49:03.083   944   970 V ActivityManagerTiming: OnBootPhase_1000_com.android.server.GestureLauncherService took to complete: 0ms
01-06 02:49:03.083   944   970 D ActivityManagerTiming: OnBootPhase_1000_com.android.server.SensorNotificationService
01-06 02:49:03.084   944   970 D CompatibilityChangeReporter: Compat change id reported: 168936375; UID 1000; state: ENABLED
01-06 02:49:03.085   944  1704 I HibernationStateDiskStore: No hibernation file on disk for file /data/system/hibernation/states
01-06 02:49:03.087   944   970 D CompatibilityChangeReporter: Compat change id reported: 73144566; UID 1000; state: ENABLED
01-06 02:49:03.088   944   970 V ActivityManagerTiming: OnBootPhase_1000_com.android.server.SensorNotificationService took to complete: 5ms
01-06 02:49:03.088   944   970 D ActivityManagerTiming: OnBootPhase_1000_com.android.server.emergency.EmergencyAffordanceService
01-06 02:49:03.088   944   970 V ActivityManagerTiming: OnBootPhase_1000_com.android.server.emergency.EmergencyAffordanceService took to complete: 0ms
01-06 02:49:03.088   944   970 D ActivityManagerTiming: OnBootPhase_1000_com.android.server.blob.BlobStoreManagerService
01-06 02:49:03.090   944   970 V ActivityManagerTiming: OnBootPhase_1000_com.android.server.blob.BlobStoreManagerService took to complete: 2ms
01-06 02:49:03.090   944   970 D ActivityManagerTiming: OnBootPhase_1000_com.android.server.dreams.DreamManagerService
01-06 02:49:03.090   944   970 V ActivityManagerTiming: OnBootPhase_1000_com.android.server.dreams.DreamManagerService took to complete: 0ms
01-06 02:49:03.090   944   970 D ActivityManagerTiming: OnBootPhase_1000_com.android.server.security.AttestationVerificationManagerService
01-06 02:49:03.090   944   970 V ActivityManagerTiming: OnBootPhase_1000_com.android.server.security.AttestationVerificationManagerService took to complete: 0ms
01-06 02:49:03.090   944   970 D ActivityManagerTiming: OnBootPhase_1000_com.android.server.restrictions.RestrictionsManagerService
01-06 02:49:03.090   944   970 V ActivityManagerTiming: OnBootPhase_1000_com.android.server.restrictions.RestrictionsManagerService took to complete: 0ms
01-06 02:49:03.091   944   970 D ActivityManagerTiming: OnBootPhase_1000_com.android.server.media.MediaSessionService
01-06 02:49:03.092   944   970 V ActivityManagerTiming: OnBootPhase_1000_com.android.server.media.MediaSessionService took to complete: 2ms
01-06 02:49:03.092   944   970 D ActivityManagerTiming: OnBootPhase_1000_com.android.server.hdmi.HdmiControlService
01-06 02:49:03.092   944   970 V ActivityManagerTiming: OnBootPhase_1000_com.android.server.hdmi.HdmiControlService took to complete: 0ms
01-06 02:49:03.092   944   970 D ActivityManagerTiming: OnBootPhase_1000_com.android.server.tv.interactive.TvInteractiveAppManagerService
01-06 02:49:03.092   944   970 V ActivityManagerTiming: OnBootPhase_1000_com.android.server.tv.interactive.TvInteractiveAppManagerService took to complete: 0ms
01-06 02:49:03.092   944   970 D ActivityManagerTiming: OnBootPhase_1000_com.android.server.tv.TvInputManagerService
01-06 02:49:03.092   944   944 I HdmiControlService: bootCompleted
01-06 02:49:03.092   944   944 D EarcController: bootCompleted init with connected type:1
01-06 02:49:03.092   944   944 D EarcController: onEarcStateChanged old:0 new:1
01-06 02:49:03.093   944   944 D EarcController: onEarcStateChanged tv and audio system can't be null!
01-06 02:49:03.093   944   970 V ActivityManagerTiming: OnBootPhase_1000_com.android.server.tv.TvInputManagerService took to complete: 0ms
01-06 02:49:03.093   944   970 D ActivityManagerTiming: OnBootPhase_1000_com.android.server.tv.TvRemoteService
01-06 02:49:03.093   944   970 V ActivityManagerTiming: OnBootPhase_1000_com.android.server.tv.TvRemoteService took to complete: 0ms
01-06 02:49:03.093   944   970 D ActivityManagerTiming: OnBootPhase_1000_com.android.server.biometrics.BiometricService
01-06 02:49:03.093   944   970 V ActivityManagerTiming: OnBootPhase_1000_com.android.server.biometrics.BiometricService took to complete: 0ms
01-06 02:49:03.093   944   970 D ActivityManagerTiming: OnBootPhase_1000_com.android.server.biometrics.AuthService
01-06 02:49:03.093   944   970 V ActivityManagerTiming: OnBootPhase_1000_com.android.server.biometrics.AuthService took to complete: 0ms
01-06 02:49:03.093   944   970 D ActivityManagerTiming: OnBootPhase_1000_com.android.server.pm.ShortcutService$Lifecycle
01-06 02:49:03.093   944   970 V ActivityManagerTiming: OnBootPhase_1000_com.android.server.pm.ShortcutService$Lifecycle took to complete: 0ms
01-06 02:49:03.093   944   970 D ActivityManagerTiming: OnBootPhase_1000_com.android.server.pm.LauncherAppsService
01-06 02:49:03.093   944   970 V ActivityManagerTiming: OnBootPhase_1000_com.android.server.pm.LauncherAppsService took to complete: 0ms
01-06 02:49:03.093   944   970 D ActivityManagerTiming: OnBootPhase_1000_com.android.server.pm.CrossProfileAppsService
01-06 02:49:03.093   944   970 V ActivityManagerTiming: OnBootPhase_1000_com.android.server.pm.CrossProfileAppsService took to complete: 0ms
01-06 02:49:03.093   944   970 D ActivityManagerTiming: OnBootPhase_1000_com.android.server.people.PeopleService
01-06 02:49:03.093   944   970 V ActivityManagerTiming: OnBootPhase_1000_com.android.server.people.PeopleService took to complete: 0ms
01-06 02:49:03.093   944   970 D ActivityManagerTiming: OnBootPhase_1000_com.android.server.media.metrics.MediaMetricsManagerService
01-06 02:49:03.093   944   970 V ActivityManagerTiming: OnBootPhase_1000_com.android.server.media.metrics.MediaMetricsManagerService took to complete: 0ms
01-06 02:49:03.093   944   970 D ActivityManagerTiming: OnBootPhase_1000_com.android.server.media.projection.MediaProjectionManagerService
01-06 02:49:03.093   944   970 V ActivityManagerTiming: OnBootPhase_1000_com.android.server.media.projection.MediaProjectionManagerService took to complete: 0ms
01-06 02:49:03.093   944   970 D ActivityManagerTiming: OnBootPhase_1000_com.android.server.slice.SliceManagerService$Lifecycle
01-06 02:49:03.094   944   970 V ActivityManagerTiming: OnBootPhase_1000_com.android.server.slice.SliceManagerService$Lifecycle took to complete: 0ms
01-06 02:49:03.094   944   970 D ActivityManagerTiming: OnBootPhase_1000_com.android.server.stats.StatsCompanion$Lifecycle
01-06 02:49:03.094   944   970 V ActivityManagerTiming: OnBootPhase_1000_com.android.server.stats.StatsCompanion$Lifecycle took to complete: 0ms
01-06 02:49:03.094   944   970 D ActivityManagerTiming: OnBootPhase_1000_com.android.server.scheduling.RebootReadinessManagerService$Lifecycle
01-06 02:49:03.094   944   970 V ActivityManagerTiming: OnBootPhase_1000_com.android.server.scheduling.RebootReadinessManagerService$Lifecycle took to complete: 0ms
01-06 02:49:03.094   944   970 D ActivityManagerTiming: OnBootPhase_1000_com.android.server.stats.pull.StatsPullAtomService
01-06 02:49:03.094   944   970 V ActivityManagerTiming: OnBootPhase_1000_com.android.server.stats.pull.StatsPullAtomService took to complete: 0ms
01-06 02:49:03.094   944   970 D ActivityManagerTiming: OnBootPhase_1000_com.android.server.stats.bootstrap.StatsBootstrapAtomService$Lifecycle
01-06 02:49:03.094   944   970 V ActivityManagerTiming: OnBootPhase_1000_com.android.server.stats.bootstrap.StatsBootstrapAtomService$Lifecycle took to complete: 0ms
01-06 02:49:03.094   944   970 D ActivityManagerTiming: OnBootPhase_1000_com.android.server.incident.IncidentCompanionService
01-06 02:49:03.094   944   970 V ActivityManagerTiming: OnBootPhase_1000_com.android.server.incident.IncidentCompanionService took to complete: 0ms
01-06 02:49:03.094   944   970 D ActivityManagerTiming: OnBootPhase_1000_com.android.server.sdksandbox.SdkSandboxManagerService$Lifecycle
01-06 02:49:03.094   944   970 V ActivityManagerTiming: OnBootPhase_1000_com.android.server.sdksandbox.SdkSandboxManagerService$Lifecycle took to complete: 0ms
01-06 02:49:03.094   944   970 D ActivityManagerTiming: OnBootPhase_1000_com.android.server.adservices.AdServicesManagerService$Lifecycle
01-06 02:49:03.094   944   970 V ActivityManagerTiming: OnBootPhase_1000_com.android.server.adservices.AdServicesManagerService$Lifecycle took to complete: 0ms
01-06 02:49:03.094   944   970 D ActivityManagerTiming: OnBootPhase_1000_com.android.server.autofill.AutofillManagerService
01-06 02:49:03.094   944   970 V ActivityManagerTiming: OnBootPhase_1000_com.android.server.autofill.AutofillManagerService took to complete: 0ms
01-06 02:49:03.094   944   970 D ActivityManagerTiming: OnBootPhase_1000_com.android.server.clipboard.ClipboardService
