01-06 05:52:21.970     0     0 I [0 T18092 ..] binder: undelivered transaction 1398667, process died.
01-06 05:52:21.970     0     0 I [0 T18092 ..] binder: undelivered transaction 1399714, process died.
01-06 05:52:21.970     0     0 I [0 T18092 ..] binder: undelivered transaction 1399724, process died.
01-06 05:52:21.970     0     0 I [0 T18092 ..] binder: undelivered transaction 1399731, process died.
01-06 05:52:21.970     0     0 I [0 T18092 ..] binder: undelivered transaction 1399768, process died.
01-06 05:52:21.974     0     0 I [1 T3036  ..] logd: start watching /data/system/packages.list ...
01-06 05:52:21.975     0     0 I [1 T3036  ..] logd: ReadPackageList, total packages: 115
01-06 05:52:22.016     0     0 W [1 T19196 ..] audit: audit_lost=75892 audit_rate_limit=5 audit_backlog_limit=64
01-06 05:52:22.016     0     0 E [1 T19196 ..] audit: rate limit exceeded
01-06 05:52:25.971     0     0 I [6 T2871  ..] [snd-soc]: update audio atmos flag! audio_type = 0
01-06 05:52:26.686     0     0 W [0 T19248 ..] audit: audit_lost=76434 audit_rate_limit=5 audit_backlog_limit=64
01-06 05:52:26.686     0     0 E [0 T19248 ..] audit: rate limit exceeded
01-06 05:52:32.375     0     0 I [3 T2871  ..] [snd-soc]: update audio atmos flag! audio_type = 0
01-06 05:52:37.899     0     0 I [0 T3036  ..] logd: start watching /data/system/packages.list ...
01-06 05:52:37.903     0     0 I [0 T3036  ..] logd: ReadPackageList, total packages: 115
01-06 05:52:38.735     0     0 I [7 T2871  ..] [snd-soc]: update audio atmos flag! audio_type = 0
01-06 05:52:39.218     0     0 I [0 T3036  ..] logd: start watching /data/system/packages.list ...
01-06 05:52:39.219     0     0 I [0 T3036  ..] logd: ReadPackageList, total packages: 115
01-06 05:52:39.255     0     0 W [2 T19331 ..] audit: audit_lost=77122 audit_rate_limit=5 audit_backlog_limit=64
01-06 05:52:39.255     0     0 E [2 T19331 ..] audit: rate limit exceeded
01-06 05:52:43.191     0     0 W [7 T19377 ..] audit: audit_lost=77666 audit_rate_limit=5 audit_backlog_limit=64
01-06 05:52:43.191     0     0 E [7 T19377 ..] audit: rate limit exceeded
01-06 05:52:45.572     0     0 I [6 T2871  ..] [snd-soc]: update audio atmos flag! audio_type = 0
01-06 05:52:49.044     0     0 W [5 T19461 ..] audit: audit_lost=78327 audit_rate_limit=5 audit_backlog_limit=64
01-06 05:52:49.044     0     0 E [5 T19461 ..] audit: rate limit exceeded
01-06 05:52:52.483     0     0 I [1 T3036  ..] logd: start watching /data/system/packages.list ...
01-06 05:52:52.483     0     0 I [1 T3036  ..] logd: ReadPackageList, total packages: 115
01-06 05:52:52.526     0     0 W [1 T19545 ..] audit: audit_lost=78968 audit_rate_limit=5 audit_backlog_limit=64
01-06 05:52:52.526     0     0 E [1 T19545 ..] audit: rate limit exceeded
01-06 05:52:52.799     0     0 I [5 T2871  ..] [snd-soc]: update audio atmos flag! audio_type = 0
01-06 05:52:53.833     0     0 W [7 T19575 ..] audit: audit_lost=79470 audit_rate_limit=5 audit_backlog_limit=64
01-06 05:52:53.833     0     0 E [7 T19575 ..] audit: rate limit exceeded
01-06 05:52:57.092     0     0 I [0 T3036  ..] logd: start watching /data/system/packages.list ...
01-06 05:52:57.093     0     0 I [0 T3036  ..] logd: ReadPackageList, total packages: 115
01-06 05:52:57.415     0     0 W [7 T19698 ..] audit: audit_lost=80491 audit_rate_limit=5 audit_backlog_limit=64
01-06 05:52:57.415     0     0 E [7 T19698 ..] audit: rate limit exceeded
01-06 05:52:58.206     0     0 E [4 T528   ..] [wifi@1][0x2935a70f6][05: 53:04.108157] wlan: [528:E:OSIF] wlan_hdd_set_station_stats_request_pending: peer is null
01-06 05:52:58.957     0     0 W [3 T19760 ..] audit: audit_lost=81030 audit_rate_limit=5 audit_backlog_limit=64
01-06 05:52:58.957     0     0 E [3 T19760 ..] audit: rate limit exceeded
01-06 05:53:04.471     0     0 I [5 T2882  ..] [snd-soc]: update audio atmos flag! audio_type = 0
01-06 05:53:04.870     0     0 I [6 T2882  ..] [snd-soc]: update audio atmos flag! audio_type = 0
01-06 05:53:05.579     0     0 I [1 T1430  ..] [schedu][0x293caf067][05: 53:11.480814] wlan: [1430:I:OSIF] scan start scan id 41146
01-06 05:53:06.754     0     0 I [4 T2882  ..] [snd-soc]: update audio atmos flag! audio_type = 0
01-06 05:53:07.152     0     0 I [4 T1430  ..] [schedu][0x293e2f24d][05: 53:13.054165] wlan: [1430:I:OSIF] vdev 0, scan id 41146 type COMPLETED(1) reason COMPLETED(1) scan found 76 bss
01-06 05:53:07.810     0     0 I [0 T2882  ..] [snd-soc]: update audio atmos flag! audio_type = 0
01-06 05:53:08.335     0     0 I [0 T3036  ..] logd: start watching /data/system/packages.list ...
01-06 05:53:08.337     0     0 I [0 T3036  ..] logd: ReadPackageList, total packages: 115
01-06 05:53:59.378     0     0 W [1 T19877 ..] audit: audit_lost=81448 audit_rate_limit=5 audit_backlog_limit=64
01-06 05:53:59.378     0     0 E [1 T19877 ..] audit: rate limit exceeded
01-06 05:54:00.433     0     0 I [6 T1100  ..] binder_alloc: 19015: binder_alloc_buf, no vma
01-06 05:54:00.433     0     0 I [6 T1100  ..] binder: 944:1100 transaction failed 29189/-3, size 4-0 line 3101
01-06 05:54:00.433     0     0 I [6 T1100  ..] binder: send failed reply for transaction 1498537 to 19015:19036
01-06 05:54:00.434     0     0 I [5 T18901 ..] binder: undelivered TRANSACTION_COMPLETE
01-06 05:54:00.434     0     0 I [5 T18901 ..] binder: undelivered TRANSACTION_ERROR: 29189
01-06 05:54:00.484     0     0 W [1 T19917 ..] audit: audit_lost=81827 audit_rate_limit=5 audit_backlog_limit=64
01-06 05:54:00.484     0     0 E [1 T19917 ..] audit: rate limit exceeded
01-06 05:54:05.581     0     0 I [2 T1430  ..] [schedu][0x2975e80c0][05: 54:11.483207] wlan: [1430:I:OSIF] scan start scan id 41147
01-06 05:54:07.158     0     0 I [6 T1430  ..] [schedu][0x2977690d5][05: 54:13.060189] wlan: [1430:I:OSIF] vdev 0, scan id 41147 type COMPLETED(1) reason COMPLETED(1) scan found 79 bss
01-06 05:55:00.659     0     0 W [0 T19939 ..] audit: audit_lost=82149 audit_rate_limit=5 audit_backlog_limit=64
01-06 05:55:00.659     0     0 E [0 T19939 ..] audit: rate limit exceeded
01-06 05:55:05.580     0     0 I [4 T1430  ..] [schedu][0x29af203a5][05: 55:11.482156] wlan: [1430:I:OSIF] scan start scan id 41148
01-06 05:55:07.168     0     0 I [3 T1430  ..] [schedu][0x29b0a3f3e][05: 55:13.070277] wlan: [1430:I:OSIF] vdev 0, scan id 41148 type COMPLETED(1) reason COMPLETED(1) scan found 82 bss
01-06 05:56:00.769     0     0 W [0 T19968 ..] audit: audit_lost=82456 audit_rate_limit=5 audit_backlog_limit=64
01-06 05:56:00.769     0     0 E [0 T19968 ..] audit: rate limit exceeded
01-06 05:56:05.596     0     0 I [2 T1430  ..] [schedu][0x29e85c7e2][05: 56:11.497833] wlan: [1430:I:OSIF] scan start scan id 41149
01-06 05:56:07.167     0     0 I [1 T1430  ..] [schedu][0x29e9dc223][05: 56:13.069226] wlan: [1430:I:OSIF] vdev 0, scan id 41149 type COMPLETED(1) reason COMPLETED(1) scan found 72 bss
01-06 05:57:00.857     0     0 W [0 T19986 ..] audit: audit_lost=82622 audit_rate_limit=5 audit_backlog_limit=64
01-06 05:57:00.857     0     0 E [0 T19986 ..] audit: rate limit exceeded
01-06 05:57:05.600     0     0 I [6 T1430  ..] [schedu][0x2a2196080][05: 57:11.502343] wlan: [1430:I:OSIF] scan start scan id 41150
01-06 05:57:07.177     0     0 I [7 T1430  ..] [schedu][0x2a2317003][05: 57:13.079179] wlan: [1430:I:OSIF] vdev 0, scan id 41150 type COMPLETED(1) reason COMPLETED(1) scan found 62 bss
01-06 05:58:00.929     0     0 W [1 T20010 ..] audit: audit_lost=82722 audit_rate_limit=5 audit_backlog_limit=64
01-06 05:58:00.929     0     0 E [1 T20010 ..] audit: rate limit exceeded
01-06 05:58:05.604     0     0 I [3 T1430  ..] [schedu][0x2a5acf6a8][05: 58:11.506223] wlan: [1430:I:OSIF] scan start scan id 41151
01-06 05:58:07.183     0     0 I [7 T1430  ..] [schedu][0x2a5c50ea4][05: 58:13.085228] wlan: [1430:I:OSIF] vdev 0, scan id 41151 type COMPLETED(1) reason COMPLETED(1) scan found 68 bss
01-06 05:59:01.017     0     0 W [2 T20043 ..] audit: audit_lost=82825 audit_rate_limit=5 audit_backlog_limit=64
01-06 05:59:01.017     0     0 E [2 T20043 ..] audit: rate limit exceeded
01-06 05:59:05.603     0     0 I [2 T1430  ..] [schedu][0x2a9407a5c][05: 59:11.505379] wlan: [1430:I:OSIF] scan start scan id 41152
01-06 05:59:07.191     0     0 I [7 T1430  ..] [schedu][0x2a958b64b][05: 59:13.093587] wlan: [1430:I:OSIF] vdev 0, scan id 41152 type COMPLETED(1) reason COMPLETED(1) scan found 80 bss
01-06 06:00:01.096     0     0 W [5 T20103 ..] audit: audit_lost=82901 audit_rate_limit=5 audit_backlog_limit=64
01-06 06:00:01.096     0     0 E [5 T20103 ..] audit: rate limit exceeded
01-06 06:00:05.594     0     0 I [1 T1430  ..] [schedu][0x2acd3dc6f][06: 00:11.495926] wlan: [1430:I:OSIF] scan start scan id 41153
01-06 06:00:07.196     0     0 I [7 T1430  ..] [schedu][0x2acec4ea4][06: 00:13.098027] wlan: [1430:I:OSIF] vdev 0, scan id 41153 type COMPLETED(1) reason COMPLETED(1) scan found 72 bss
01-06 06:00:17.746     0     0 I [1 T322   ..] logd: logdr: UID=2000 GID=2000 PID=20162 b tail=0 logMask=99 pid=0 start=0ns deadline=0ns
01-06 06:00:20.482     0     0 W [4 T20222 ..] audit: audit_lost=83196 audit_rate_limit=5 audit_backlog_limit=64
01-06 06:00:20.482     0     0 E [4 T20222 ..] audit: rate limit exceeded
01-06 06:00:22.152     0     0 E [3 T528   ..] [wifi@1][0x2add085c5][06: 00:28.054348] wlan: [528:E:OSIF] wlan_hdd_set_station_stats_request_pending: peer is null
01-06 06:00:36.404     0     0 I [1 T322   ..] logd: logdr: UID=2000 GID=2000 PID=20312 b tail=0 logMask=99 pid=0 start=0ns deadline=0ns
01-06 06:00:39.286     0     0 I [7 T62    ..] binder: undelivered TRANSACTION_COMPLETE
01-06 06:00:39.286     0     0 W [7 T62    d.] binder_cleanup_transaction: 2 callbacks suppressed
01-06 06:00:39.286     0     0 I [7 T62    ..] binder: undelivered transaction 1606907, process died.
01-06 06:00:39.333     0     0 W [0 T20354 ..] audit: audit_lost=83728 audit_rate_limit=5 audit_backlog_limit=64
01-06 06:00:39.333     0     0 E [0 T20354 ..] audit: rate limit exceeded
01-06 06:00:40.598     0     0 W [1 T20401 ..] audit: audit_lost=84654 audit_rate_limit=5 audit_backlog_limit=64
01-06 06:00:40.598     0     0 E [1 T20401 ..] audit: rate limit exceeded
01-06 06:00:55.983     0     0 I [6 T2882  ..] [snd-soc]: update audio atmos flag! audio_type = 0
01-06 06:00:58.647     0     0 I [1 T2882  ..] [snd-soc]: update audio atmos flag! audio_type = 0
01-06 06:01:05.606     0     0 I [4 T1430  ..] [schedu][0x2b0679498][06: 01:11.508512] wlan: [1430:I:OSIF] scan start scan id 41154
01-06 06:01:06.607     0     0 I [5 T2882  ..] [snd-soc]: update audio atmos flag! audio_type = 0
01-06 06:01:07.200     0     0 I [2 T1430  ..] [schedu][0x2b07fe69f][06: 01:13.102374] wlan: [1430:I:OSIF] vdev 0, scan id 41154 type COMPLETED(1) reason COMPLETED(1) scan found 79 bss
01-06 06:01:10.870     0     0 I [5 T2871  ..] [snd-soc]: update audio atmos flag! audio_type = 0
01-06 06:01:15.234     0     0 I [4 T2871  ..] [snd-soc]: update audio atmos flag! audio_type = 0
01-06 06:01:19.538     0     0 I [6 T2871  ..] [snd-soc]: update audio atmos flag! audio_type = 0
01-06 06:01:23.858     0     0 I [2 T2871  ..] [snd-soc]: update audio atmos flag! audio_type = 0
01-06 06:01:28.162     0     0 I [6 T2871  ..] [snd-soc]: update audio atmos flag! audio_type = 0
01-06 06:01:39.249     0     0 E [4 T528   ..] [wifi@1][0x2b268edeb][06: 01:45.151347] wlan: [528:E:OSIF] wlan_hdd_set_station_stats_request_pending: peer is null
01-06 06:01:40.678     0     0 W [1 T20791 ..] audit: audit_lost=84706 audit_rate_limit=5 audit_backlog_limit=64
01-06 06:01:40.678     0     0 E [1 T20791 ..] audit: rate limit exceeded
01-06 06:02:05.621     0     0 I [1 T1430  ..] [schedu][0x2b3fb5566][06: 02:11.523309] wlan: [1430:I:OSIF] scan start scan id 41155
01-06 06:02:07.207     0     0 I [3 T1430  ..] [schedu][0x2b4138808][06: 02:13.109136] wlan: [1430:I:OSIF] vdev 0, scan id 41155 type COMPLETED(1) reason COMPLETED(1) scan found 79 bss
01-06 06:02:33.905     0     0 I [5 T1099  ..] binder_alloc: 20378: binder_alloc_buf, no vma
01-06 06:02:33.905     0     0 I [5 T1099  ..] binder: 944:1099 transaction failed 29189/-3, size 4-0 line 3101
01-06 06:02:33.905     0     0 I [5 T1099  ..] binder: send failed reply for transaction 1664624 to 20378:20399
01-06 06:02:33.906     0     0 I [6 T17089 ..] binder: undelivered TRANSACTION_COMPLETE
01-06 06:02:33.906     0     0 I [6 T17089 ..] binder: undelivered TRANSACTION_ERROR: 29189
01-06 06:02:33.945     0     0 W [0 T20876 ..] audit: audit_lost=85120 audit_rate_limit=5 audit_backlog_limit=64
01-06 06:02:33.945     0     0 E [0 T20876 ..] audit: rate limit exceeded
01-06 06:02:40.134     0     0 I [1 T322   ..] logd: logdr: UID=2000 GID=2000 PID=20922 b tail=0 logMask=99 pid=0 start=0ns deadline=0ns
01-06 06:02:42.759     0     0 W [6 T20982 ..] audit: audit_lost=85586 audit_rate_limit=5 audit_backlog_limit=64
01-06 06:02:42.759     0     0 E [6 T20982 ..] audit: rate limit exceeded
01-06 06:02:48.012     0     0 I [7 T2871  ..] [snd-soc]: update audio atmos flag! audio_type = 0
01-06 06:02:50.726     0     0 I [7 T2871  ..] [snd-soc]: update audio atmos flag! audio_type = 0
01-06 06:02:58.571     0     0 I [7 T2871  ..] [snd-soc]: update audio atmos flag! audio_type = 0
01-06 06:03:02.858     0     0 I [5 T2882  ..] [snd-soc]: update audio atmos flag! audio_type = 0
01-06 06:03:05.597     0     0 I [3 T1430  ..] [schedu][0x2b78e7cf4][06: 03:11.498875] wlan: [1430:I:OSIF] scan start scan id 41156
01-06 06:03:07.145     0     0 I [6 T2882  ..] [snd-soc]: update audio atmos flag! audio_type = 0
01-06 06:03:07.217     0     0 I [6 T1430  ..] [schedu][0x2b7a7356e][06: 03:13.118965] wlan: [1430:I:OSIF] vdev 0, scan id 41156 type COMPLETED(1) reason COMPLETED(1) scan found 77 bss
01-06 06:03:11.435     0     0 I [5 T2882  ..] [snd-soc]: update audio atmos flag! audio_type = 0
01-06 06:03:15.769     0     0 I [7 T2882  ..] [snd-soc]: update audio atmos flag! audio_type = 0
01-06 06:03:20.089     0     0 I [3 T2871  ..] [snd-soc]: update audio atmos flag! audio_type = 0
01-06 06:03:43.365     0     0 W [1 T21166 ..] audit: audit_lost=86133 audit_rate_limit=5 audit_backlog_limit=64
01-06 06:03:43.365     0     0 E [1 T21166 ..] audit: rate limit exceeded
01-06 06:04:05.601     0     0 I [3 T1430  ..] [schedu][0x2bb2216dc][06: 04:11.503714] wlan: [1430:I:OSIF] scan start scan id 41157
01-06 06:04:07.220     0     0 I [2 T1430  ..] [schedu][0x2bb3aca44][06: 04:13.122507] wlan: [1430:I:OSIF] vdev 0, scan id 41157 type COMPLETED(1) reason COMPLETED(1) scan found 81 bss
01-06 06:04:25.577     0     0 I [5 T13565 ..] binder_alloc: 20967: binder_alloc_buf, no vma
01-06 06:04:25.577     0     0 I [5 T13565 ..] binder: 944:13565 transaction failed 29189/-3, size 4-0 line 3101
01-06 06:04:25.577     0     0 I [5 T13565 ..] binder: send failed reply for transaction 1719454 to 20967:20987
01-06 06:04:25.579     0     0 I [6 T17089 ..] binder: undelivered TRANSACTION_COMPLETE
01-06 06:04:25.579     0     0 I [6 T17089 ..] binder: undelivered TRANSACTION_ERROR: 29189
01-06 06:04:25.628     0     0 W [1 T21239 ..] audit: audit_lost=86519 audit_rate_limit=5 audit_backlog_limit=64
01-06 06:04:25.628     0     0 E [1 T21239 ..] audit: rate limit exceeded
01-06 06:05:05.623     0     0 I [2 T1430  ..] [schedu][0x2beb5f0c4][06: 05:11.524939] wlan: [1430:I:OSIF] scan start scan id 41158
01-06 06:05:07.227     0     0 I [2 T1430  ..] [schedu][0x2bece6d18][06: 05:13.129631] wlan: [1430:I:OSIF] vdev 0, scan id 41158 type COMPLETED(1) reason COMPLETED(1) scan found 77 bss
01-06 06:05:25.787     0     0 W [0 T21261 ..] audit: audit_lost=87039 audit_rate_limit=5 audit_backlog_limit=64
01-06 06:05:25.787     0     0 E [0 T21261 ..] audit: rate limit exceeded
01-06 06:05:29.414     0     0 I [0 T322   ..] logd: logdr: UID=2000 GID=2000 PID=21305 b tail=0 logMask=99 pid=0 start=0ns deadline=0ns
01-06 06:05:32.113     0     0 W [4 T21365 ..] audit: audit_lost=87214 audit_rate_limit=5 audit_backlog_limit=64
01-06 06:05:32.113     0     0 E [4 T21365 ..] audit: rate limit exceeded
01-06 06:05:33.805     0     0 E [2 T528   ..] [wifi@1][0x2c063f824][06: 05:39.707307] wlan: [528:E:OSIF] wlan_hdd_set_station_stats_request_pending: peer is null
01-06 06:05:37.281     0     0 I [6 T2871  ..] [snd-soc]: update audio atmos flag! audio_type = 0
01-06 06:05:39.948     0     0 I [3 T2871  ..] [snd-soc]: update audio atmos flag! audio_type = 0
01-06 06:06:05.616     0     0 I [7 T1430  ..] [schedu][0x2c2495c89][06: 06:11.517968] wlan: [1430:I:OSIF] scan start scan id 41159
01-06 06:06:07.236     0     0 I [6 T1430  ..] [schedu][0x2c2621736][06: 06:13.138621] wlan: [1430:I:OSIF] vdev 0, scan id 41159 type COMPLETED(1) reason COMPLETED(1) scan found 72 bss
01-06 06:06:32.726     0     0 W [1 T21545 ..] audit: audit_lost=87764 audit_rate_limit=5 audit_backlog_limit=64
01-06 06:06:32.726     0     0 E [1 T21545 ..] audit: rate limit exceeded
01-06 06:06:58.067     0     0 I [0 T322   ..] logd: logdr: UID=2000 GID=2000 PID=21591 b tail=0 logMask=99 pid=0 start=0ns deadline=0ns
01-06 06:07:00.925     0     0 I [4 T14499 ..] binder_alloc: 21350: binder_alloc_buf, no vma
01-06 06:07:00.925     0     0 I [4 T14499 ..] binder: 944:14499 transaction failed 29189/-3, size 4-0 line 3101
01-06 06:07:00.925     0     0 I [4 T14499 ..] binder: send failed reply for transaction 1779768 to 21350:21371
01-06 06:07:00.926     0     0 I [2 T17084 ..] binder: undelivered TRANSACTION_COMPLETE
01-06 06:07:00.926     0     0 I [2 T17084 ..] binder: undelivered TRANSACTION_ERROR: 29189
01-06 06:07:00.975     0     0 W [0 T21634 ..] audit: audit_lost=88141 audit_rate_limit=5 audit_backlog_limit=64
01-06 06:07:00.975     0     0 E [0 T21634 ..] audit: rate limit exceeded
01-06 06:07:02.352     0     0 W [0 T21681 ..] audit: audit_lost=89051 audit_rate_limit=5 audit_backlog_limit=64
01-06 06:07:02.352     0     0 E [0 T21681 ..] audit: rate limit exceeded
01-06 06:07:05.623     0     0 I [4 T1430  ..] [schedu][0x2c5dd0134][06: 07:11.525563] wlan: [1430:I:OSIF] scan start scan id 41160
01-06 06:07:07.240     0     0 I [5 T1430  ..] [schedu][0x2c5f5ade7][06: 07:13.142638] wlan: [1430:I:OSIF] vdev 0, scan id 41160 type COMPLETED(1) reason COMPLETED(1) scan found 78 bss
01-06 06:07:10.305     0     0 I [1 T2871  ..] [snd-soc]: update audio atmos flag! audio_type = 0
01-06 06:07:13.009     0     0 I [7 T2871  ..] [snd-soc]: update audio atmos flag! audio_type = 0
01-06 06:07:20.999     0     0 I [5 T2871  ..] [snd-soc]: update audio atmos flag! audio_type = 0
01-06 06:07:25.303     0     0 I [7 T2871  ..] [snd-soc]: update audio atmos flag! audio_type = 0
01-06 06:07:29.643     0     0 I [4 T2871  ..] [snd-soc]: update audio atmos flag! audio_type = 0
01-06 06:07:33.979     0     0 I [7 T2871  ..] [snd-soc]: update audio atmos flag! audio_type = 0
01-06 06:07:38.249     0     0 I [6 T2871  ..] [snd-soc]: update audio atmos flag! audio_type = 0
01-06 06:07:42.585     0     0 I [7 T2871  ..] [snd-soc]: update audio atmos flag! audio_type = 0
01-06 06:08:00.902     0     0 E [2 T528   ..] [wifi@1][0x2c9287c59][06: 08:06.803936] wlan: [528:E:OSIF] wlan_hdd_set_station_stats_request_pending: peer is null
01-06 06:08:02.434     0     0 W [1 T22031 ..] audit: audit_lost=89121 audit_rate_limit=5 audit_backlog_limit=64
01-06 06:08:02.434     0     0 E [1 T22031 ..] audit: rate limit exceeded
01-06 06:08:05.643     0     0 I [6 T1430  ..] [schedu][0x2c970d745][06: 08:11.545804] wlan: [1430:I:OSIF] scan start scan id 41161
01-06 06:08:07.254     0     0 I [3 T1430  ..] [schedu][0x2c989692c][06: 08:13.156019] wlan: [1430:I:OSIF] vdev 0, scan id 41161 type COMPLETED(1) reason COMPLETED(1) scan found 67 bss
01-06 06:08:47.636     0     0 I [2 T14498 ..] binder_alloc: 21658: binder_alloc_buf, no vma
01-06 06:08:47.636     0     0 I [2 T14498 ..] binder: 944:14498 transaction failed 29189/-3, size 4-0 line 3101
01-06 06:08:47.636     0     0 I [2 T14498 ..] binder: send failed reply for transaction 1835094 to 21658:21679
01-06 06:08:47.637     0     0 I [7 T62    ..] binder: undelivered TRANSACTION_COMPLETE
01-06 06:08:47.637     0     0 I [7 T62    ..] binder: undelivered TRANSACTION_ERROR: 29189
01-06 06:08:47.688     0     0 W [6 T22103 ..] audit: audit_lost=89531 audit_rate_limit=5 audit_backlog_limit=64
01-06 06:08:47.688     0     0 E [6 T22103 ..] audit: rate limit exceeded
01-06 06:08:57.324     0     0 W [7 T22122 ..] audit: audit_lost=90012 audit_rate_limit=5 audit_backlog_limit=64
01-06 06:08:57.324     0     0 E [7 T22122 ..] audit: rate limit exceeded
01-06 06:08:59.202     0     0 W [2 T22145 ..] audit: audit_lost=90463 audit_rate_limit=5 audit_backlog_limit=64
01-06 06:08:59.202     0     0 E [2 T22145 ..] audit: rate limit exceeded
01-06 06:09:05.641     0     0 I [2 T1430  ..] [schedu][0x2cd0452d3][06: 09:11.542874] wlan: [1430:I:OSIF] scan start scan id 41162
01-06 06:09:07.268     0     0 I [7 T1430  ..] [schedu][0x2cd1d2835][06: 09:13.170365] wlan: [1430:I:OSIF] vdev 0, scan id 41162 type COMPLETED(1) reason COMPLETED(1) scan found 76 bss
01-06 06:09:59.380     0     0 W [0 T22180 ..] audit: audit_lost=90665 audit_rate_limit=5 audit_backlog_limit=64
01-06 06:09:59.380     0     0 E [0 T22180 ..] audit: rate limit exceeded
01-06 06:10:05.657     0     0 I [3 T1430  ..] [schedu][0x2d0981afb][06: 10:11.559554] wlan: [1430:I:OSIF] scan start scan id 41163
01-06 06:10:07.272     0     0 I [1 T1430  ..] [schedu][0x2d0b0bf95][06: 10:13.174556] wlan: [1430:I:OSIF] vdev 0, scan id 41163 type COMPLETED(1) reason COMPLETED(1) scan found 68 bss
01-06 06:10:59.494     0     0 W [1 T22203 ..] audit: audit_lost=90975 audit_rate_limit=5 audit_backlog_limit=64
01-06 06:10:59.494     0     0 E [1 T22203 ..] audit: rate limit exceeded
01-06 06:11:05.651     0     0 I [4 T1430  ..] [schedu][0x2d42b8ad4][06: 11:11.553627] wlan: [1430:I:OSIF] scan start scan id 41164
01-06 06:11:07.279     0     0 I [3 T1430  ..] [schedu][0x2d4445f4e][06: 11:13.180885] wlan: [1430:I:OSIF] vdev 0, scan id 41164 type COMPLETED(1) reason COMPLETED(1) scan found 72 bss
01-06 06:11:59.573     0     0 W [1 T22230 ..] audit: audit_lost=91123 audit_rate_limit=5 audit_backlog_limit=64
01-06 06:11:59.573     0     0 E [1 T22230 ..] audit: rate limit exceeded
01-06 06:12:05.660     0     0 I [6 T1430  ..] [schedu][0x2d7bf348a][06: 12:11.562513] wlan: [1430:I:OSIF] scan start scan id 41165
01-06 06:12:07.288     0     0 I [6 T1430  ..] [schedu][0x2d7d80b2b][06: 12:13.190323] wlan: [1430:I:OSIF] vdev 0, scan id 41165 type COMPLETED(1) reason COMPLETED(1) scan found 70 bss
01-06 06:12:59.659     0     0 W [2 T22257 ..] audit: audit_lost=91235 audit_rate_limit=5 audit_backlog_limit=64
01-06 06:12:59.659     0     0 E [2 T22257 ..] audit: rate limit exceeded
01-06 06:13:05.653     0     0 I [3 T1430  ..] [schedu][0x2db529e78][06: 13:11.555071] wlan: [1430:I:OSIF] scan start scan id 41166
01-06 06:13:07.287     0     0 I [7 T1430  ..] [schedu][0x2db6b8e8b][06: 13:13.189395] wlan: [1430:I:OSIF] vdev 0, scan id 41166 type COMPLETED(1) reason COMPLETED(1) scan found 77 bss
01-06 06:13:59.736     0     0 W [2 T22280 ..] audit: audit_lost=91293 audit_rate_limit=5 audit_backlog_limit=64
01-06 06:13:59.736     0     0 E [2 T22280 ..] audit: rate limit exceeded
01-06 06:14:05.659     0     0 I [4 T1430  ..] [schedu][0x2dee63e86][06: 14:11.561486] wlan: [1430:I:OSIF] scan start scan id 41167
01-06 06:14:07.294     0     0 I [6 T1430  ..] [schedu][0x2deff2ebc][06: 14:13.195843] wlan: [1430:I:OSIF] vdev 0, scan id 41167 type COMPLETED(1) reason COMPLETED(1) scan found 82 bss
01-06 06:14:59.837     0     0 W [6 T22301 ..] audit: audit_lost=91360 audit_rate_limit=5 audit_backlog_limit=64
01-06 06:14:59.837     0     0 E [6 T22301 ..] audit: rate limit exceeded
01-06 06:15:05.665     0     0 I [2 T1430  ..] [schedu][0x2e279dc52][06: 15:11.567321] wlan: [1430:I:OSIF] scan start scan id 41168
01-06 06:15:07.299     0     0 I [6 T1430  ..] [schedu][0x2e292cacc][06: 15:13.201236] wlan: [1430:I:OSIF] vdev 0, scan id 41168 type COMPLETED(1) reason COMPLETED(1) scan found 80 bss
01-06 06:15:59.922     0     0 W [0 T22325 ..] audit: audit_lost=91610 audit_rate_limit=5 audit_backlog_limit=64
01-06 06:15:59.922     0     0 E [0 T22325 ..] audit: rate limit exceeded
01-06 06:16:05.664     0     0 I [5 T1430  ..] [schedu][0x2e60d60b8][06: 16:11.566655] wlan: [1430:I:OSIF] scan start scan id 41169
01-06 06:16:07.299     0     0 I [3 T1430  ..] [schedu][0x2e626515b][06: 16:13.201121] wlan: [1430:I:OSIF] vdev 0, scan id 41169 type COMPLETED(1) reason COMPLETED(1) scan found 74 bss
01-06 06:17:00.008     0     0 W [0 T22347 ..] audit: audit_lost=91731 audit_rate_limit=5 audit_backlog_limit=64
01-06 06:17:00.008     0     0 E [0 T22347 ..] audit: rate limit exceeded
01-06 06:17:05.675     0     0 I [3 T1430  ..] [schedu][0x2e9a111ec][06: 17:11.577459] wlan: [1430:I:OSIF] scan start scan id 41170
01-06 06:17:07.306     0     0 I [3 T1430  ..] [schedu][0x2e9b9f4a1][06: 17:13.208360] wlan: [1430:I:OSIF] vdev 0, scan id 41170 type COMPLETED(1) reason COMPLETED(1) scan found 79 bss
01-06 06:18:00.082     0     0 W [3 T22369 ..] audit: audit_lost=91813 audit_rate_limit=5 audit_backlog_limit=64
01-06 06:18:00.082     0     0 E [3 T22369 ..] audit: rate limit exceeded
01-06 06:18:05.675     0     0 I [3 T1430  ..] [schedu][0x2ed349a40][06: 18:11.577799] wlan: [1430:I:OSIF] scan start scan id 41171
01-06 06:18:07.311     0     0 I [6 T1430  ..] [schedu][0x2ed4d8eab][06: 18:13.213234] wlan: [1430:I:OSIF] vdev 0, scan id 41171 type COMPLETED(1) reason COMPLETED(1) scan found 73 bss
01-06 06:18:36.291     0     0 E [4 T528   ..] [wifi@1][0x2ef07c329][06: 18:42.193584] wlan: [528:E:OSIF] wlan_hdd_set_station_stats_request_pending: peer is null
01-06 06:19:00.180     0     0 W [0 T22396 ..] audit: audit_lost=91979 audit_rate_limit=5 audit_backlog_limit=64
01-06 06:19:00.180     0     0 E [0 T22396 ..] audit: rate limit exceeded
01-06 06:19:05.673     0     0 I [7 T1430  ..] [schedu][0x2f0c815a8][06: 19:11.574831] wlan: [1430:I:OSIF] scan start scan id 41172
01-06 06:19:07.309     0     0 I [4 T1430  ..] [schedu][0x2f0e10ca6][06: 19:13.210926] wlan: [1430:I:OSIF] vdev 0, scan id 41172 type COMPLETED(1) reason COMPLETED(1) scan found 76 bss
01-06 06:20:00.292     0     0 W [1 T22427 ..] audit: audit_lost=92325 audit_rate_limit=5 audit_backlog_limit=64
01-06 06:20:00.292     0     0 E [1 T22427 ..] audit: rate limit exceeded
01-06 06:20:05.679     0     0 I [3 T1430  ..] [schedu][0x2f45bb58c][06: 20:11.581203] wlan: [1430:I:OSIF] scan start scan id 41173
01-06 06:20:07.310     0     0 I [2 T1430  ..] [schedu][0x2f47499f1][06: 20:13.212536] wlan: [1430:I:OSIF] vdev 0, scan id 41173 type COMPLETED(1) reason COMPLETED(1) scan found 68 bss
01-06 06:21:00.412     0     0 W [0 T22454 ..] audit: audit_lost=92614 audit_rate_limit=5 audit_backlog_limit=64
01-06 06:21:00.412     0     0 E [0 T22454 ..] audit: rate limit exceeded
01-06 06:21:05.682     0     0 I [3 T1430  ..] [schedu][0x2f7ef4841][06: 21:11.584200] wlan: [1430:I:OSIF] scan start scan id 41174
01-06 06:21:07.313     0     0 I [3 T1430  ..] [schedu][0x2f8082cb0][06: 21:13.215543] wlan: [1430:I:OSIF] vdev 0, scan id 41174 type COMPLETED(1) reason COMPLETED(1) scan found 78 bss
01-06 06:21:50.123     0     0 I [6 T2882  ..] [snd-soc]: update audio atmos flag! audio_type = 0
01-06 06:21:50.414     0     0 I [4 T2882  ..] [snd-soc]: update audio atmos flag! audio_type = 0
01-06 06:21:50.845     0     0 I [0 T2882  ..] [snd-soc]: update audio atmos flag! audio_type = 0
--------- beginning of system
01-06 06:21:56.746  1367  1599 W ContextImpl: Calling a method in the system process without a qualified user: android.app.ContextImpl.sendBroadcast:1189 android.content.ContextWrapper.sendBroadcast:500 com.droidlogic.audioservice.services.AudioSystemCmdService$1.onUEvent:184 com.droidlogic.UEventObserver$UEventThread.sendEvent:213 com.droidlogic.UEventObserver$UEventThread.run:190 
01-06 06:21:57.670   944  1608 I ActivityTaskManager: START u0 {act=android.intent.action.VIEW dat=https://api.ws.sonos.com/... pkg=com.sonos.tv.launcher cmp=com.sonos.tv.launcher/com.sonos.tv.contentguidelauncher.MainActivity (has extras)} from uid 10058
01-06 06:21:57.746   944   970 W ProcessStats: Tracking association SourceState{952b5a8 system/1000 BTopFgs #4179} whose proc state 2 is better than process ProcessState{a2bd69d com.sonos.connectivity/10082 pkg=com.sonos.connectivity} proc state 3 (5 skipped)
01-06 06:21:58.580   944   968 D AutofillManagerService: onBackKeyPressed()
01-06 06:21:58.779     0     0 I [3 T2882  ..] [snd-soc]: update audio atmos flag! audio_type = 0
01-06 06:22:04.682  1367  1599 W ContextImpl: Calling a method in the system process without a qualified user: android.app.ContextImpl.sendBroadcast:1189 android.content.ContextWrapper.sendBroadcast:500 com.droidlogic.audioservice.services.AudioSystemCmdService$1.onUEvent:184 com.droidlogic.UEventObserver$UEventThread.sendEvent:213 com.droidlogic.UEventObserver$UEventThread.run:190 
01-06 06:22:05.809  1367  1599 W ContextImpl: Calling a method in the system process without a qualified user: android.app.ContextImpl.sendBroadcast:1189 android.content.ContextWrapper.sendBroadcast:500 com.droidlogic.audioservice.services.AudioSystemCmdService$1.onUEvent:184 com.droidlogic.UEventObserver$UEventThread.sendEvent:213 com.droidlogic.UEventObserver$UEventThread.run:190 
01-06 06:21:59.907     0     0 I [4 T2882  ..] [snd-soc]: update audio atmos flag! audio_type = 0
01-06 06:22:00.526     0     0 W [7 T22523 ..] audit: audit_lost=92765 audit_rate_limit=5 audit_backlog_limit=64
01-06 06:22:00.526     0     0 E [7 T22523 ..] audit: rate limit exceeded
01-06 06:22:01.462     0     0 I [7 T2882  ..] [snd-soc]: update audio atmos flag! audio_type = 0
01-06 06:22:07.366  1367  1599 W ContextImpl: Calling a method in the system process without a qualified user: android.app.ContextImpl.sendBroadcast:1189 android.content.ContextWrapper.sendBroadcast:500 com.droidlogic.audioservice.services.AudioSystemCmdService$1.onUEvent:184 com.droidlogic.UEventObserver$UEventThread.sendEvent:213 com.droidlogic.UEventObserver$UEventThread.run:190 
01-06 06:22:07.953  1367  1599 W ContextImpl: Calling a method in the system process without a qualified user: android.app.ContextImpl.sendBroadcast:1189 android.content.ContextWrapper.sendBroadcast:500 com.droidlogic.audioservice.services.AudioSystemCmdService$1.onUEvent:184 com.droidlogic.UEventObserver$UEventThread.sendEvent:213 com.droidlogic.UEventObserver$UEventThread.run:190 
01-06 06:22:02.051     0     0 I [5 T2882  ..] [snd-soc]: update audio atmos flag! audio_type = 0
01-06 06:22:08.411  1367  1599 W ContextImpl: Calling a method in the system process without a qualified user: android.app.ContextImpl.sendBroadcast:1189 android.content.ContextWrapper.sendBroadcast:500 com.droidlogic.audioservice.services.AudioSystemCmdService$1.onUEvent:184 com.droidlogic.UEventObserver$UEventThread.sendEvent:213 com.droidlogic.UEventObserver$UEventThread.run:190 
01-06 06:22:02.508     0     0 I [7 T2882  ..] [snd-soc]: update audio atmos flag! audio_type = 0
01-06 06:22:10.330  1367  1599 W ContextImpl: Calling a method in the system process without a qualified user: android.app.ContextImpl.sendBroadcast:1189 android.content.ContextWrapper.sendBroadcast:500 com.droidlogic.audioservice.services.AudioSystemCmdService$1.onUEvent:184 com.droidlogic.UEventObserver$UEventThread.sendEvent:213 com.droidlogic.UEventObserver$UEventThread.run:190 
01-06 06:22:04.428     0     0 I [6 T2882  ..] [snd-soc]: update audio atmos flag! audio_type = 0
01-06 06:22:04.994     0     0 I [4 T2882  ..] [snd-soc]: update audio atmos flag! audio_type = 0
01-06 06:22:10.904  1367  1599 W ContextImpl: Calling a method in the system process without a qualified user: android.app.ContextImpl.sendBroadcast:1189 android.content.ContextWrapper.sendBroadcast:500 com.droidlogic.audioservice.services.AudioSystemCmdService$1.onUEvent:184 com.droidlogic.UEventObserver$UEventThread.sendEvent:213 com.droidlogic.UEventObserver$UEventThread.run:190 
01-06 06:22:05.688     0     0 I [3 T1430  ..] [schedu][0x2fb82e884][06: 22:11.590667] wlan: [1430:I:OSIF] scan start scan id 41175
01-06 06:22:11.784  1367  1599 W ContextImpl: Calling a method in the system process without a qualified user: android.app.ContextImpl.sendBroadcast:1189 android.content.ContextWrapper.sendBroadcast:500 com.droidlogic.audioservice.services.AudioSystemCmdService$1.onUEvent:184 com.droidlogic.UEventObserver$UEventThread.sendEvent:213 com.droidlogic.UEventObserver$UEventThread.run:190 
01-06 06:22:05.881     0     0 I [4 T2882  ..] [snd-soc]: update audio atmos flag! audio_type = 0
01-06 06:22:12.969   944   944 D HDMI    : [P]:AllocatedAddress=[]
01-06 06:22:12.980  1367  1599 W ContextImpl: Calling a method in the system process without a qualified user: android.app.ContextImpl.sendBroadcast:1189 android.content.ContextWrapper.sendBroadcast:500 com.droidlogic.audioservice.services.AudioSystemCmdService$1.onUEvent:184 com.droidlogic.UEventObserver$UEventThread.sendEvent:213 com.droidlogic.UEventObserver$UEventThread.run:190 
01-06 06:22:07.077     0     0 I [5 T2882  ..] [snd-soc]: update audio atmos flag! audio_type = 0
01-06 06:22:07.252     0     0 I [5 T1430  ..] [schedu][0x2fb9ac66b][06: 22:13.154802] wlan: [1430:I:OSIF] vdev 0, scan id 41175 type COMPLETED(1) reason COMPLETED(1) scan found 76 bss
01-06 06:22:07.638     0     0 I [5 T2882  ..] [snd-soc]: update audio atmos flag! audio_type = 0
01-06 06:22:13.545  1367  1599 W ContextImpl: Calling a method in the system process without a qualified user: android.app.ContextImpl.sendBroadcast:1189 android.content.ContextWrapper.sendBroadcast:500 com.droidlogic.audioservice.services.AudioSystemCmdService$1.onUEvent:184 com.droidlogic.UEventObserver$UEventThread.sendEvent:213 com.droidlogic.UEventObserver$UEventThread.run:190 
01-06 06:22:14.306  1367  1599 W ContextImpl: Calling a method in the system process without a qualified user: android.app.ContextImpl.sendBroadcast:1189 android.content.ContextWrapper.sendBroadcast:500 com.droidlogic.audioservice.services.AudioSystemCmdService$1.onUEvent:184 com.droidlogic.UEventObserver$UEventThread.sendEvent:213 com.droidlogic.UEventObserver$UEventThread.run:190 
01-06 06:22:08.404     0     0 I [6 T2882  ..] [snd-soc]: update audio atmos flag! audio_type = 0
01-06 06:22:09.095     0     0 I [7 T2882  ..] [snd-soc]: update audio atmos flag! audio_type = 0
01-06 06:22:14.998  1367  1599 W ContextImpl: Calling a method in the system process without a qualified user: android.app.ContextImpl.sendBroadcast:1189 android.content.ContextWrapper.sendBroadcast:500 com.droidlogic.audioservice.services.AudioSystemCmdService$1.onUEvent:184 com.droidlogic.UEventObserver$UEventThread.sendEvent:213 com.droidlogic.UEventObserver$UEventThread.run:190 
01-06 06:22:15.859   944  1221 D CompatibilityChangeReporter: Compat change id reported: 161252188; UID 10099; state: ENABLED
01-06 06:22:15.859   944  1221 I ActivityTaskManager: START u0 {act=android.intent.action.MAIN cat=[android.intent.category.LEANBACK_LAUNCHER] flg=0x10004000 pkg=com.disney.disneyplus cmp=com.disney.disneyplus/com.bamtechmedia.dominguez.main.MainActivity} from uid 10062
01-06 06:22:15.860   944  1221 D CompatibilityChangeReporter: Compat change id reported: 194480991; UID 10099; state: ENABLED
01-06 06:22:15.861   944  1221 D CompatibilityChangeReporter: Compat change id reported: 174042980; UID 10099; state: DISABLED
01-06 06:22:15.865   944  1221 D CompatibilityChangeReporter: Compat change id reported: 205907456; UID 10099; state: ENABLED
01-06 06:22:15.868   944  1221 D CompatibilityChangeReporter: Compat change id reported: 194833441; UID 10099; state: ENABLED
01-06 06:22:15.876   944 13565 D CompatibilityChangeReporter: Compat change id reported: 184838306; UID 10099; state: DISABLED
01-06 06:22:15.876   944   970 W ProcessStats: Tracking association SourceState{952b5a8 system/1000 BTopFgs #4189} whose proc state 2 is better than process ProcessState{a2bd69d com.sonos.connectivity/10082 pkg=com.sonos.connectivity} proc state 3 (1 skipped)
01-06 06:22:15.876   944 13565 D CompatibilityChangeReporter: Compat change id reported: 185004937; UID 10099; state: DISABLED
01-06 06:22:15.877   944 13565 D CompatibilityChangeReporter: Compat change id reported: 181136395; UID 10099; state: DISABLED
01-06 06:22:15.877   944 13565 D CompatibilityChangeReporter: Compat change id reported: 174042936; UID 10099; state: DISABLED
01-06 06:22:15.889   944 13565 D CoreBackPreview: Window{7b0cdd4 u0 Splash Screen com.disney.disneyplus}: Setting back callback OnBackInvokedCallbackInfo{mCallback=android.window.IOnBackInvokedCallback$Stub$Proxy@eb15ec3, mPriority=0}
01-06 06:22:15.928   944   976 W BroadcastQueue: Exported Denial: sending Intent { act=android.media.action.HDMI_AUDIO_PLUG flg=0x40000010 (has extras) }, action: android.media.action.HDMI_AUDIO_PLUG from null (uid=-1) due to receiver ProcessRecord{538c297 16279:com.disney.disneyplus/u0a99} (uid 10099) not specifying RECEIVER_EXPORTED
01-06 06:22:15.929   944   976 W BroadcastQueue: Exported Denial: sending Intent { act=android.hardware.usb.action.USB_STATE flg=0x31000010 (has extras) }, action: android.hardware.usb.action.USB_STATE from null (uid=-1) due to receiver ProcessRecord{538c297 16279:com.disney.disneyplus/u0a99} (uid 10099) not specifying RECEIVER_EXPORTED
01-06 06:22:16.113   944 13565 D CoreBackPreview: Window{7b0cdd4 u0 Splash Screen com.disney.disneyplus EXITING}: Setting back callback null
01-06 06:22:16.118  1367  1599 W ContextImpl: Calling a method in the system process without a qualified user: android.app.ContextImpl.sendBroadcast:1189 android.content.ContextWrapper.sendBroadcast:500 com.droidlogic.audioservice.services.AudioSystemCmdService$1.onUEvent:184 com.droidlogic.UEventObserver$UEventThread.sendEvent:213 com.droidlogic.UEventObserver$UEventThread.run:190 
01-06 06:22:10.215     0     0 I [6 T2882  ..] [snd-soc]: update audio atmos flag! audio_type = 0
01-06 06:22:16.882   944   968 D AutofillManagerService: onBackKeyPressed()
01-06 06:22:16.887   944  2869 I ActivityTaskManager: moveTaskToBack: Task{10185bb #5 type=standard A=10099:com.disney.disneyplus}
01-06 06:22:17.222  1367  1599 W ContextImpl: Calling a method in the system process without a qualified user: android.app.ContextImpl.sendBroadcast:1189 android.content.ContextWrapper.sendBroadcast:500 com.droidlogic.audioservice.services.AudioSystemCmdService$1.onUEvent:184 com.droidlogic.UEventObserver$UEventThread.sendEvent:213 com.droidlogic.UEventObserver$UEventThread.run:190 
01-06 06:22:11.319     0     0 I [5 T2882  ..] [snd-soc]: update audio atmos flag! audio_type = 0
01-06 06:22:11.338     0     0 I [5 T5180  ..] [snd-soc]: update audio atmos flag! audio_type = 0
01-06 06:22:17.248  1367  1599 W ContextImpl: Calling a method in the system process without a qualified user: android.app.ContextImpl.sendBroadcast:1189 android.content.ContextWrapper.sendBroadcast:500 com.droidlogic.audioservice.services.AudioSystemCmdService$1.onUEvent:184 com.droidlogic.UEventObserver$UEventThread.sendEvent:213 com.droidlogic.UEventObserver$UEventThread.run:190 
01-06 06:22:11.941     0     0 I [6 T2882  ..] [snd-soc]: update audio atmos flag! audio_type = 0
01-06 06:22:17.843  1367  1599 W ContextImpl: Calling a method in the system process without a qualified user: android.app.ContextImpl.sendBroadcast:1189 android.content.ContextWrapper.sendBroadcast:500 com.droidlogic.audioservice.services.AudioSystemCmdService$1.onUEvent:184 com.droidlogic.UEventObserver$UEventThread.sendEvent:213 com.droidlogic.UEventObserver$UEventThread.run:190 
01-06 06:22:18.210   944  1221 D CompatibilityChangeReporter: Compat change id reported: 161252188; UID 10095; state: ENABLED
01-06 06:22:18.211   944  1221 I ActivityTaskManager: START u0 {act=android.intent.action.MAIN cat=[android.intent.category.LEANBACK_LAUNCHER] flg=0x10004000 pkg=com.hulu.livingroomplus cmp=com.hulu.livingroomplus/.WKFactivity} from uid 10062
01-06 06:22:18.214   944  1221 D CompatibilityChangeReporter: Compat change id reported: 194480991; UID 10095; state: ENABLED
01-06 06:22:18.215   944  1221 D CompatibilityChangeReporter: Compat change id reported: 174042980; UID 10095; state: DISABLED
01-06 06:22:18.217   944  1221 D CompatibilityChangeReporter: Compat change id reported: 184838306; UID 10095; state: DISABLED
01-06 06:22:18.218   944  1221 D CompatibilityChangeReporter: Compat change id reported: 185004937; UID 10095; state: DISABLED
01-06 06:22:18.218   944  1221 D CompatibilityChangeReporter: Compat change id reported: 181136395; UID 10095; state: DISABLED
01-06 06:22:18.218   944  1221 D CompatibilityChangeReporter: Compat change id reported: 174042936; UID 10095; state: DISABLED
01-06 06:22:18.219   944  1221 D CompatibilityChangeReporter: Compat change id reported: 197654537; UID 10095; state: ENABLED
01-06 06:22:18.221   944  1221 V SplashScreenExceptionList: SplashScreen checking exception for package com.hulu.livingroomplus (target sdk:33) -> false
01-06 06:22:18.222   944  1221 D CompatibilityChangeReporter: Compat change id reported: 205907456; UID 10095; state: ENABLED
01-06 06:22:18.225   944  1221 D CompatibilityChangeReporter: Compat change id reported: 194833441; UID 10095; state: ENABLED
01-06 06:22:18.253   944  1221 D CoreBackPreview: Window{3159603 u0 Splash Screen com.hulu.livingroomplus}: Setting back callback OnBackInvokedCallbackInfo{mCallback=android.window.IOnBackInvokedCallback$Stub$Proxy@ee86bfe, mPriority=0}
01-06 06:22:18.255   944   970 D CompatibilityChangeReporter: Compat change id reported: 135634846; UID 10095; state: DISABLED
01-06 06:22:18.256   944   977 D CompatibilityChangeReporter: Compat change id reported: 143937733; UID 10095; state: ENABLED
01-06 06:22:18.287   944   977 I ActivityManager: Start proc 22731:com.hulu.livingroomplus/u0a95 for next-top-activity {com.hulu.livingroomplus/com.hulu.livingroomplus.WKFactivity}
01-06 06:22:12.467     0     0 W [6 T22746 ..] audit: audit_lost=93027 audit_rate_limit=5 audit_backlog_limit=64
01-06 06:22:12.467     0     0 E [6 T22746 ..] audit: rate limit exceeded
01-06 06:22:12.513     0     0 I [4 T2882  ..] [snd-soc]: update audio atmos flag! audio_type = 0
01-06 06:22:18.415  1367  1599 W ContextImpl: Calling a method in the system process without a qualified user: android.app.ContextImpl.sendBroadcast:1189 android.content.ContextWrapper.sendBroadcast:500 com.droidlogic.audioservice.services.AudioSystemCmdService$1.onUEvent:184 com.droidlogic.UEventObserver$UEventThread.sendEvent:213 com.droidlogic.UEventObserver$UEventThread.run:190 
01-06 06:22:19.089   944  5106 D CompatibilityChangeReporter: Compat change id reported: 161145287; UID 10095; state: DISABLED
01-06 06:22:19.388   944  1753 E TaskPersister: File error accessing recents directory (directory doesn't exist?).
01-06 06:22:19.638   944   959 W WindowManager: Failed looking up window session=Session{aab3e0e 22731:u0a10095} callers=com.android.server.wm.WindowManagerService.windowForClientLocked:5976 com.android.server.wm.Session.updateRequestedVisibilities:701 android.view.IWindowSession$Stub.onTransact:1075 
01-06 06:22:19.645   944 13565 D CoreBackPreview: Window{7f4fc5 u0 com.hulu.livingroomplus/com.hulu.livingroomplus.WKFactivity}: Setting back callback OnBackInvokedCallbackInfo{mCallback=android.window.IOnBackInvokedCallback$Stub$Proxy@2ba504b, mPriority=0}
01-06 06:22:19.731   944  5106 D CoreBackPreview: Window{3159603 u0 Splash Screen com.hulu.livingroomplus EXITING}: Setting back callback null
01-06 06:22:19.762   944   959 D CompatibilityChangeReporter: Compat change id reported: 214016041; UID 10095; state: ENABLED
01-06 06:22:20.280   944   968 D AutofillManagerService: onBackKeyPressed()
01-06 06:22:21.201   944   968 D AutofillManagerService: onBackKeyPressed()
01-06 06:22:22.422   944   968 D AutofillManagerService: onBackKeyPressed()
01-06 06:22:23.102   944   968 D HdmiControlService: Process pid: 944 is calling oneTouchPlay.
01-06 06:22:23.102   944   944 D HDMI    : oneTouchPlay com.android.server.hdmi.OneTouchPlayAction@2f0ef22
01-06 06:22:23.103   944   944 D HDMI    : setActiveSource logical:0x03 physical:0x2000 OneTouchPlayAction#broadcastActiveSource()
01-06 06:22:23.105   944   967 D AutofillManagerService: Close system dialogs
01-06 06:22:23.108   944   968 I ActivityTaskManager: START u0 {act=android.intent.action.MAIN cat=[android.intent.category.HOME] flg=0x10000100 cmp=com.sonos.tv.launcher/com.sonos.tv.contentguidelauncher.MainActivity (has extras)} from uid 0
01-06 06:22:23.217   944   944 D HDMI    : ActiveSourceHistoryRecord active source=(0x03, 0x2000) isActiveSource=true from=OneTouchPlayAction#broadcastActiveSource()
01-06 06:22:23.217   944   944 D HdmiCecActiveness: setState active mState:active
01-06 06:22:23.217   944   944 D HDMI    : setActiveSource logical:0x03 physical:0x2000 ActiveSourceAction
01-06 06:22:23.441   944   944 D HDMI    : ActiveSourceHistoryRecord active source=(0x03, 0x2000) isActiveSource=true from=ActiveSourceAction
01-06 06:22:23.441   944   944 D HdmiCecActiveness: setState active mState:active
01-06 06:22:23.441   944  1197 E HDMI    : [6]:Failed to send <Text View On> 30:0D with errorCode=1
01-06 06:22:23.441   944   944 D HDMI    : setLocalActivePort port:0 current:0
01-06 06:22:23.452   944   944 W Looper  : Slow dispatch took 351ms main h=android.os.Handler c=com.android.server.hdmi.WorkSourceUidPreservingRunnable@b65621 m=0
01-06 06:22:23.452   944   944 W Looper  : Slow delivery took 349ms main h=android.app.ActivityThread$H c=android.app.LoadedApk$ReceiverDispatcher$Args$$ExternalSyntheticLambda0@a66ea46 m=0
01-06 06:22:23.454   944   944 I HdmiControlService: checkAndUpdateAbsoluteVolumeControlState() AudioDeviceAttributes: role:output type:hdmi addr: name: profiles:[] descriptors:[]Not in AVC_AUDIO_OUTPUT_DEVICES
01-06 06:22:23.454   944   944 I HdmiControlService: checkAndUpdateAbsoluteVolumeControlState() AudioDeviceAttributes: role:output type:hdmi addr: name: profiles:[] descriptors:[]Not in AVC_AUDIO_OUTPUT_DEVICES
01-06 06:22:23.454   944   944 W Looper  : Drained
01-06 06:22:17.653     0     0 I [4 T2871  ..] [snd-soc]: update audio atmos flag! audio_type = 0
01-06 06:22:23.561  1367  1599 W ContextImpl: Calling a method in the system process without a qualified user: android.app.ContextImpl.sendBroadcast:1189 android.content.ContextWrapper.sendBroadcast:500 com.droidlogic.audioservice.services.AudioSystemCmdService$1.onUEvent:184 com.droidlogic.UEventObserver$UEventThread.sendEvent:213 com.droidlogic.UEventObserver$UEventThread.run:190 
01-06 06:22:23.571   944  1197 D HDMI    : [S]:<Active Source> 3F:82:20:00
01-06 06:22:23.588  1367  1599 W ContextImpl: Calling a method in the system process without a qualified user: android.app.ContextImpl.sendBroadcast:1189 android.content.ContextWrapper.sendBroadcast:500 com.droidlogic.audioservice.services.AudioSystemCmdService$1.onUEvent:184 com.droidlogic.UEventObserver$UEventThread.sendEvent:213 com.droidlogic.UEventObserver$UEventThread.run:190 
01-06 06:22:17.685     0     0 I [3 T22823 ..] [snd-soc]: update audio atmos flag! audio_type = 0
01-06 06:22:23.913   944  1197 E HDMI    : [1]:Failed to send <Menu Status> 30:8E:00 with errorCode=1
01-06 06:22:24.249   944  1197 E HDMI    : [6]:Failed to send <Give Device Power Status> 30:8F with errorCode=1
01-06 06:22:25.454   944   944 D HDMI    : one touch play retry:1
01-06 06:22:27.456   944   944 D HDMI    : one touch play retry:2
01-06 06:22:29.457   944   944 D HDMI    : one touch play retry:3
01-06 06:22:31.459   944   944 D HDMI    : one touch play retry:4
01-06 06:22:33.459   944   944 D HDMI    : one touch play retry:5
01-06 06:22:34.923   944   976 W ProcessStats: Tracking association SourceState{952b5a8 system/1000 BTopFgs #4222} whose proc state 2 is better than process ProcessState{a2bd69d com.sonos.connectivity/10082 pkg=com.sonos.connectivity} proc state 3 (56 skipped)
01-06 06:22:34.974   944  1156 D CompatibilityChangeReporter: Compat change id reported: 168419799; UID 10095; state: DISABLED
01-06 06:22:35.332   944   967 D sysclock_state: set to SYNCED, reason: OK
01-06 06:23:05.691     0     0 I [7 T1430  ..] [schedu][0x2ff167b34][06: 23:11.593659] wlan: [1430:I:OSIF] scan start scan id 41176
01-06 06:23:12.973   944   944 D HDMI    : [P]:AllocatedAddress=[]
01-06 06:23:07.259     0     0 I [6 T1430  ..] [schedu][0x2ff2e661d][06: 23:13.161125] wlan: [1430:I:OSIF] vdev 0, scan id 41176 type COMPLETED(1) reason COMPLETED(1) scan found 78 bss
01-06 06:23:09.979     0     0 E [7 T528   ..] [wifi@1][0x2ff57e6aa][06: 23:15.881009] wlan: [528:E:OSIF] wlan_hdd_set_station_stats_request_pending: peer is null
01-06 06:23:13.070     0     0 W [0 T22852 ..] audit: audit_lost=93767 audit_rate_limit=5 audit_backlog_limit=64
01-06 06:23:13.070     0     0 E [0 T22852 ..] audit: rate limit exceeded
01-06 06:23:23.588   944   976 W ProcessStats: Tracking association SourceState{952b5a8 system/1000 BTopFgs #4229} whose proc state 2 is better than process ProcessState{a2bd69d com.sonos.connectivity/10082 pkg=com.sonos.connectivity} proc state 3 (11 skipped)
01-06 06:23:23.589   944   976 D ActivityManager: sync unfroze 10241 com.android.keychain
01-06 06:23:33.638   944  1068 W ProcessStats: Tracking association SourceState{952b5a8 system/1000 BTopFgs #4233} whose proc state 2 is better than process ProcessState{a2bd69d com.sonos.connectivity/10082 pkg=com.sonos.connectivity} proc state 3 (6 skipped)
01-06 06:24:05.694     0     0 I [6 T1430  ..] [schedu][0x302aa0ca2][06: 24:11.596330] wlan: [1430:I:OSIF] scan start scan id 41177
01-06 06:24:12.969   944   944 D HDMI    : [P]:AllocatedAddress=[]
