01-06 02:49:10.459   944   944 D CompatibilityChangeReporter: Compat change id reported: 135634846; UID 1000; state: DISABLED
01-06 02:49:10.459   944   944 D CompatibilityChangeReporter: Compat change id reported: 177438394; UID 1000; state: DISABLED
01-06 02:49:10.459   944   944 D CompatibilityChangeReporter: Compat change id reported: 135772972; UID 1000; state: DISABLED
01-06 02:49:10.459   944   944 D CompatibilityChangeReporter: Compat change id reported: 135754954; UID 1000; state: ENABLED
01-06 02:49:10.465   944   959 D CompatibilityChangeReporter: Compat change id reported: 194532703; UID 10060; state: ENABLED
01-06 02:49:10.468   944   977 W ActivityManager: Slow operation: 98ms so far, now at startProcess: returned from zygote!
01-06 02:49:10.468   944   977 W ActivityManager: Slow operation: 99ms so far, now at startProcess: done updating battery stats
01-06 02:49:10.469   944   977 W ActivityManager: Slow operation: 99ms so far, now at startProcess: building log message
01-06 02:49:10.469   944   977 I ActivityManager: Start proc 2086:android.process.acore/u0a28 for content provider {com.android.providers.contacts/com.android.providers.contacts.ContactsProvider2}
01-06 02:49:10.469   944   977 W ActivityManager: Slow operation: 99ms so far, now at startProcess: starting to update pids map
01-06 02:49:10.469   944   977 W ActivityManager: Slow operation: 99ms so far, now at startProcess: done updating pids map
01-06 02:49:10.476   944  1219 D CompatibilityChangeReporter: Compat change id reported: 161145287; UID 10069; state: DISABLED
01-06 02:49:10.487   944   977 I ActivityManager: Start proc 2092:com.droidlogic.mediacenter/1000 for broadcast {com.droidlogic.mediacenter/com.droidlogic.mediacenter.DMRBroadcastReceiver}
01-06 02:49:10.509   944   959 D CompatibilityChangeReporter: Compat change id reported: 168419799; UID 10028; state: DISABLED
01-06 02:49:10.556   944  1607 D CompatibilityChangeReporter: Compat change id reported: 161145287; UID 10089; state: DISABLED
01-06 02:49:10.566   944  2139 I DropBoxManagerService: add tag=system_app_wtf isTagEnabled=true flags=0x2
01-06 02:49:10.591   944   975 I UsageStatsService: User[0] Rollover scheduled @ 2025-01-07 02:39:00(1736217540304)
01-06 02:49:10.592   944   975 I UsageStatsService: Time changed in by 5 seconds
01-06 02:49:10.601   944   975 I UsageStatsService: User[0] Flushing usage stats to disk
01-06 02:49:10.674   944   975 D WallpaperManagerService: Wallpaper_selinux_restorecon-0
01-06 02:49:10.676   944   975 V WallpaperManagerService: Wallpaper_selinux_restorecon-0 took to complete: 1ms
01-06 02:49:10.678   944   975 D CompatibilityChangeReporter: Compat change id reported: 168419799; UID 1000; state: DISABLED
01-06 02:49:10.737   944  1742 I StorageUserConnection: Service: [ComponentInfo{com.android.providers.media.module/com.android.providers.media.fuse.ExternalStorageServiceImpl}] connected. User [0]
01-06 02:49:10.741   944  1607 D CompatibilityChangeReporter: Compat change id reported: 161145287; UID 10027; state: DISABLED
01-06 02:49:10.746   944  1219 D CompatibilityChangeReporter: Compat change id reported: 161145287; UID 10047; state: DISABLED
01-06 02:49:10.762   944  1174 D CompatibilityChangeReporter: Compat change id reported: 143231523; UID 1000; state: DISABLED
01-06 02:49:10.779   944  1219 D CompatibilityChangeReporter: Compat change id reported: 161145287; UID 10028; state: DISABLED
01-06 02:49:10.792   944   959 D CompatibilityChangeReporter: Compat change id reported: 143231523; UID 10027; state: DISABLED
01-06 02:49:10.825   944   960 D CountryDetector: The first listener is added
01-06 02:49:10.871   944  1607 I ActivityManager: Background started FGS: Allowed [callingPackage: com.brdgwtr.mediasession; callingUid: 10047; uidState: BFGS; intent: Intent { cmp=com.brdgwtr.mediasession/.service.MediaSessionService }; code:PROC_STATE_BFGS; tempAllowListReason:<null>; targetSdkVersion:30; callerTargetSdkVersion:30; startForegroundCount:0; bindFromPackage:null]
01-06 02:49:10.879   944  1607 D CompatibilityChangeReporter: Compat change id reported: 168419799; UID 10047; state: DISABLED
01-06 02:49:10.896   944   959 I ActivityManager: com.brdgwtr.publisherservice is exempt from freezer
01-06 02:49:10.897   944   959 D CompatibilityChangeReporter: Compat change id reported: 135634846; UID 10044; state: DISABLED
01-06 02:49:10.897   944   959 D CompatibilityChangeReporter: Compat change id reported: 177438394; UID 10044; state: DISABLED
01-06 02:49:10.897   944   959 D CompatibilityChangeReporter: Compat change id reported: 135772972; UID 10044; state: DISABLED
01-06 02:49:10.897   944   959 D CompatibilityChangeReporter: Compat change id reported: 135754954; UID 10044; state: ENABLED
01-06 02:49:10.897   944   977 D CompatibilityChangeReporter: Compat change id reported: 143937733; UID 10044; state: ENABLED
01-06 02:49:10.900   944   960 D CompatibilityChangeReporter: Compat change id reported: 135634846; UID 10048; state: DISABLED
01-06 02:49:10.929   944   977 I ActivityManager: Start proc 2224:com.brdgwtr.publisherservice/u0a44 for content provider {com.brdgwtr.publisherservice/com.brdgwtr.publisher.auth.AuthenticationContentProvider}
01-06 02:49:10.930   944   977 D CompatibilityChangeReporter: Compat change id reported: 143937733; UID 10048; state: ENABLED
01-06 02:49:10.938   944   959 W ActivityManager: Foreground service started from background can not have location/camera/microphone access: service com.brdgwtr.mediasession/.service.MediaSessionService
01-06 02:49:10.940   944   976 I ActivityManager: Deferring FGS notification in legacy app com.brdgwtr.mediasession/u0a47 : Notification(channel=media_session_service shortcut=null contentView=null vibrate=null sound=null tick defaults=0x0 flags=0x40 color=0x00000000 vis=PRIVATE)
01-06 02:49:05.078     0     0 I [1 T1430  ..] [schedu][0x1ba449e][02: 49:10.980134] wlan: [1430:I:OSIF] vdev 0, scan id 40961 type COMPLETED(1) reason COMPLETED(1) scan found 81 bss
01-06 02:49:10.989   944  1219 W ProcessStats: Tracking association SourceState{15554b0 com.sonos.connectivity/10082 BTopFgs #190} whose proc state 2 is better than process ProcessState{728df14 com.brdgwtr.mediasession/10047 pkg=com.brdgwtr.mediasession} proc state 3 (0 skipped)
01-06 02:49:10.997   944   977 W ActivityManager: Slow operation: 97ms so far, now at startProcess: returned from zygote!
01-06 02:49:10.998   944   977 W ActivityManager: Slow operation: 98ms so far, now at startProcess: done updating battery stats
01-06 02:49:10.998   944   977 W ActivityManager: Slow operation: 98ms so far, now at startProcess: building log message
01-06 02:49:10.998   944   977 I ActivityManager: Start proc 2239:com.netflix.ninja/u0a48 for broadcast {com.netflix.ninja/com.netflix.ninja.BootCompleteReceiver}
01-06 02:49:10.998   944   977 W ActivityManager: Slow operation: 98ms so far, now at startProcess: starting to update pids map
01-06 02:49:10.999   944   977 W ActivityManager: Slow operation: 99ms so far, now at startProcess: done updating pids map
01-06 02:49:05.143     0     0 E [5 T631   ..] [netsta][0x1bb414f][02: 49:11.044822] wlan: [631:E:DP] dp_rx_flush_rx_cached: txrx_peer NULL!! peer mac_addr(00:03:7f:95:78:9c)
01-06 02:49:05.144     0     0 E [5 T631   ..] [netsta][0x1bb45c2][02: 49:11.045961] wlan: [631:E:DP] dp_tx_flow_pool_unmap_handler: flow pool id: 1 is inactive, ignore unmap
01-06 02:49:11.050   944  1167 W ContextImpl: Calling a method in the system process without a qualified user: android.app.ContextImpl.sendStickyBroadcast:1586 com.android.server.ConnectivityService.sendStickyBroadcast:3074 com.android.server.ConnectivityService.sendGeneralBroadcast:3047 com.android.server.ConnectivityService.sendInetConditionBroadcast:3024 com.android.server.ConnectivityService.updateInetCondition:9169 
01-06 02:49:05.156     0     0 E [2 T631   ..] [netsta][0x1bb7521][02: 49:11.058088] wlan: [631:E:DP] dp_rx_flush_rx_cached: txrx_peer NULL!! peer mac_addr(00:03:7f:96:78:9c)
01-06 02:49:05.157     0     0 E [2 T631   ..] [netsta][0x1bb7954][02: 49:11.059163] wlan: [631:E:DP] dp_tx_flow_pool_unmap_handler: flow pool id: 0 is inactive, ignore unmap
01-06 02:49:11.057   944   971 D CompatibilityChangeReporter: Compat change id reported: 197654537; UID 10058; state: ENABLED
01-06 02:49:11.075   944  1219 D CompatibilityChangeReporter: Compat change id reported: 168419799; UID 10044; state: DISABLED
01-06 02:49:11.118   944   944 D CompatibilityChangeReporter: Compat change id reported: 168419799; UID 10058; state: DISABLED
01-06 02:49:05.220     0     0 I [7 T1430  ..] [schedu][0x1bc6de2][02: 49:11.121769] wlan: [1430:I:OSIF] scan start scan id 40962
01-06 02:49:05.279     0     0 I [1 T398   ..] apexd: Deleting /metadata/apex/sessions/1783959929
01-06 02:49:05.281     0     0 I [1 T398   ..] apexd: Deleting unused dm device com.android.apex.cts.shim
01-06 02:49:05.302     0     0 E [3 T398   ..] apexd: Didn't generate uevent for [com.android.apex.cts.shim] removal
01-06 02:49:05.302     0     0 W [3 T398   ..] apexd: Failed to delete dm-device com.android.apex.cts.shim
01-06 02:49:05.302     0     0 I [3 T398   ..] apexd: Deleting unused dm device com.android.appsearch
01-06 02:49:05.303     0     0 E [7 T398   ..] apexd: Didn't generate uevent for [com.android.appsearch] removal
01-06 02:49:05.303     0     0 W [7 T398   ..] apexd: Failed to delete dm-device com.android.appsearch
01-06 02:49:05.304     0     0 I [7 T398   ..] apexd: Deleting unused dm device com.android.btservices
01-06 02:49:11.205   944   944 W Looper  : Slow dispatch took 164ms main h=com.android.server.job.JobSchedulerService$JobHandler c=null m=8
01-06 02:49:11.205   944  1602 D CompatibilityChangeReporter: Compat change id reported: 168419799; UID 10048; state: DISABLED
01-06 02:49:11.206   944  1602 D CompatibilityChangeReporter: Compat change id reported: 181136395; UID 10058; state: DISABLED
01-06 02:49:11.206   944  1602 D CompatibilityChangeReporter: Compat change id reported: 174042936; UID 10058; state: DISABLED
01-06 02:49:11.207   944  1602 D CompatibilityChangeReporter: Compat change id reported: 174042980; UID 10058; state: DISABLED
01-06 02:49:11.213   944  1607 D CompatibilityChangeReporter: Compat change id reported: 214016041; UID 10058; state: ENABLED
01-06 02:49:11.216   944  1607 D CompatibilityChangeReporter: Compat change id reported: 135634846; UID 10049; state: DISABLED
01-06 02:49:11.216   944  1607 D CompatibilityChangeReporter: Compat change id reported: 177438394; UID 10049; state: DISABLED
01-06 02:49:11.216   944  1607 D CompatibilityChangeReporter: Compat change id reported: 135772972; UID 10049; state: DISABLED
01-06 02:49:11.216   944  1607 D CompatibilityChangeReporter: Compat change id reported: 135754954; UID 10049; state: ENABLED
01-06 02:49:11.216   944   977 D CompatibilityChangeReporter: Compat change id reported: 143937733; UID 10049; state: ENABLED
01-06 02:49:11.256   944   977 I ActivityManager: Start proc 2295:com.brdgwtr.keyboard.ime.pinewood/u0a49 for service {com.brdgwtr.keyboard.ime.pinewood/com.brdgwtr.keyboard.ime.KeyboardService}
01-06 02:49:11.337   944  1598 D CompatibilityChangeReporter: Compat change id reported: 168419799; UID 10049; state: DISABLED
01-06 02:49:11.345   944  1955 D CompatibilityChangeReporter: Compat change id reported: 135634846; UID 10066; state: DISABLED
01-06 02:49:11.346   944  1955 D CompatibilityChangeReporter: Compat change id reported: 177438394; UID 10066; state: DISABLED
01-06 02:49:11.346   944  1955 D CompatibilityChangeReporter: Compat change id reported: 135772972; UID 10066; state: DISABLED
01-06 02:49:11.346   944  1955 D CompatibilityChangeReporter: Compat change id reported: 135754954; UID 10066; state: ENABLED
01-06 02:49:11.346   944   977 D CompatibilityChangeReporter: Compat change id reported: 143937733; UID 10066; state: ENABLED
01-06 02:49:11.363   944   977 I ActivityManager: Start proc 2320:com.android.remoteprovisioner/u0a66 for broadcast {com.android.remoteprovisioner/androidx.work.impl.background.systemalarm.RescheduleReceiver}
01-06 02:49:11.466  1367  1592 I AudioSystemCmdService: onAudioPortListUpdate ++++
01-06 02:49:11.505   944  1955 D CompatibilityChangeReporter: Compat change id reported: 168419799; UID 10066; state: DISABLED
01-06 02:49:11.517   944  1598 D CoreBackPreview: Window{3210c0d u0 com.android.tv.settings/com.android.tv.settings.system.FallbackHome}: Setting back callback null
01-06 02:49:05.676     0     0 E [3 T1817  ..] [secmon]: DBG=======> dolby_fw_ioctl 438 cmd:0x40 arg3=0
01-06 02:49:05.721     0     0 I [5 T1691  ..] [snd-soc]: update audio atmos flag! audio_type = 0
01-06 02:49:11.624  1367  1599 W ContextImpl: Calling a method in the system process without a qualified user: android.app.ContextImpl.sendBroadcast:1189 android.content.ContextWrapper.sendBroadcast:500 com.droidlogic.audioservice.services.AudioSystemCmdService$1.onUEvent:184 com.droidlogic.UEventObserver$UEventThread.sendEvent:213 com.droidlogic.UEventObserver$UEventThread.run:190 
01-06 02:49:11.639   944  1955 D CompatibilityChangeReporter: Compat change id reported: 201794303; UID 10028; state: ENABLED
01-06 02:49:11.736   944  1099 D CompatibilityChangeReporter: Compat change id reported: 161145287; UID 10062; state: DISABLED
01-06 02:49:05.840     0     0 E [4 T1817  ..] [secmon]: DBG=======> dolby_fw_ioctl 438 cmd:0x41 arg3=1
01-06 02:49:05.840     0     0 E [4 T1817  ..] [secmon]: DBG=======> dolby_fw_verify_lib_resp 296 DOLBY_FW_VERIFY_LIB_RESP arg3=1
01-06 02:49:05.842     0     0 E [4 T1817  ..] [secmon]: DBG=======> dolby_fw_ioctl 438 cmd:0x50 arg3=0
01-06 02:49:05.842     0     0 E [4 T1817  ..] [secmon]: DBG=======> dolby_fw_ioctl 438 cmd:0x60 arg3=1
01-06 02:49:05.843     0     0 E [4 T1817  ..] [secmon]: DBG=======> dolby_fw_critical_query 389 DOLBY_FW_CRITICAL_DATA_QUERY arg3=1
01-06 02:49:11.751   332   332 I vold    : Bind mounting //data/media/0/Android/data on /mnt/user/0/emulated/0/Android/data
01-06 02:49:11.753   332   332 I vold    : Bind mounted //data/media/0/Android/data on /mnt/user/0/emulated/0/Android/data
01-06 02:49:11.753   332   332 I vold    : Bind mounting //data/media/0/Android/obb on /mnt/user/0/emulated/0/Android/obb
01-06 02:49:05.851     0     0 E [3 T1817  ..] [secmon]: DBG=======> dolby_fw_ioctl 438 cmd:0x40 arg3=0
01-06 02:49:11.757   332   332 I vold    : Bind mounted //data/media/0/Android/obb on /mnt/user/0/emulated/0/Android/obb
01-06 02:49:11.757   332   332 I vold    : Configuring read_ahead of /mnt/user/0/emulated fuse filesystem to 256kb
01-06 02:49:11.758   332   332 I vold    : Writing 256 to /sys/class/bdi/0:63/read_ahead_kb
01-06 02:49:11.758   332   332 I vold    : Configuring max_ratio of /mnt/user/0/emulated fuse filesystem to 40
01-06 02:49:11.758   332   332 I vold    : Writing 40 to /sys/class/bdi/0:63/max_ratio
01-06 02:49:11.759   944  1126 I StorageManagerService: Mounted volume VolumeInfo{emulated;0}:
01-06 02:49:11.759   944  1126 I StorageManagerService:     type=EMULATED diskId=null partGuid= mountFlags=PRIMARY|VISIBLE_FOR_WRITE 
01-06 02:49:11.759   944  1126 I StorageManagerService:     mountUserId=0 state=MOUNTED 
01-06 02:49:11.759   944  1126 I StorageManagerService:     fsType=null fsUuid=null fsLabel=null 
01-06 02:49:11.759   944  1126 I StorageManagerService:     path=/storage/emulated internalPath=/data/media 
01-06 02:49:11.760   944  1955 D OomAdjuster: Not killing cached processes
01-06 02:49:11.762   944  1608 W ActivityTaskManager: Current config: {1.0 ?mcc?mnc [en_US] ldltr sw540dp w960dp h540dp 320dpi lrg long land television night -touch -keyb/v/h dpad/v winConfig={ mBounds=Rect(0, 0 - 1920, 1080) mAppBounds=Rect(0, 0 - 1920, 1080) mMaxBounds=Rect(0, 0 - 1920, 1080) mDisplayRotation=ROTATION_0 mWindowingMode=fullscreen mDisplayWindowingMode=fullscreen mActivityType=undefined mAlwaysOnTop=undefined mRotation=ROTATION_0} s.6 fontWeightAdjustment=0} unchanged for IME proc com.brdgwtr.keyboard.ime.pinewood
01-06 02:49:11.762   944  1608 W ActivityTaskManager: Current config: {1.0 ?mcc?mnc [en_US] ldltr sw540dp w960dp h540dp 320dpi lrg long land television night -touch -keyb/v/h dpad/v winConfig={ mBounds=Rect(0, 0 - 1920, 1080) mAppBounds=Rect(0, 0 - 1920, 1080) mMaxBounds=Rect(0, 0 - 1920, 1080) mDisplayRotation=ROTATION_0 mWindowingMode=fullscreen mDisplayWindowingMode=fullscreen mActivityType=undefined mAlwaysOnTop=undefined mRotation=ROTATION_0} s.6 fontWeightAdjustment=0} unchanged for IME proc com.brdgwtr.keyboard.ime.pinewood
01-06 02:49:11.763   944  1126 I StorageSessionController: Notifying volume state changed for session with id: emulated;0
01-06 02:49:11.768   944  1955 D CompatibilityChangeReporter: Compat change id reported: 161252188; UID 10055; state: DISABLED
01-06 02:49:11.769   944  1608 D CoreBackPreview: Window{e2cb98b u0 InputMethod}: Setting back callback OnBackInvokedCallbackInfo{mCallback=android.window.IOnBackInvokedCallback$Stub$Proxy@d3d3e80, mPriority=0}
01-06 02:49:11.771   944  1955 D CompatibilityChangeReporter: Compat change id reported: 135634846; UID 10055; state: DISABLED
01-06 02:49:11.771   944  1955 D CompatibilityChangeReporter: Compat change id reported: 177438394; UID 10055; state: DISABLED
01-06 02:49:11.771   944  1955 D CompatibilityChangeReporter: Compat change id reported: 135772972; UID 10055; state: DISABLED
01-06 02:49:11.771   944  1955 D CompatibilityChangeReporter: Compat change id reported: 135754954; UID 10055; state: ENABLED
01-06 02:49:11.772   944   977 D CompatibilityChangeReporter: Compat change id reported: 143937733; UID 10055; state: ENABLED
01-06 02:49:11.788   944   977 I ActivityManager: Start proc 2389:com.android.music/u0a55 for service {com.android.music/com.android.music.MediaPlaybackService}
01-06 02:49:11.792   944  1126 I StorageSessionController: Notifying volume state changed for session with id: emulated;0
01-06 02:49:11.840   944  1608 D CompatibilityChangeReporter: Compat change id reported: 168419799; UID 10055; state: DISABLED
01-06 02:49:11.850   944  1126 I StorageSessionController: Notifying volume state changed for session with id: emulated;0
01-06 02:49:05.953     0     0 E [0 T1817  ..] [secmon]: DBG=======> dolby_fw_ioctl 438 cmd:0x41 arg3=1
01-06 02:49:05.954     0     0 E [0 T1817  ..] [secmon]: DBG=======> dolby_fw_verify_lib_resp 296 DOLBY_FW_VERIFY_LIB_RESP arg3=1
01-06 02:49:05.955     0     0 E [0 T1817  ..] [secmon]: DBG=======> dolby_fw_ioctl 438 cmd:0x50 arg3=0
01-06 02:49:05.956     0     0 E [0 T1817  ..] [secmon]: DBG=======> dolby_fw_ioctl 438 cmd:0x60 arg3=1
01-06 02:49:05.957     0     0 E [0 T1817  ..] [secmon]: DBG=======> dolby_fw_critical_query 389 DOLBY_FW_CRITICAL_DATA_QUERY arg3=1
01-06 02:49:05.959     0     0 E [0 T1817  ..] [secmon]: DBG=======> dolby_fw_ioctl 438 cmd:0x40 arg3=0
01-06 02:49:11.868   944  1099 D CompatibilityChangeReporter: Compat change id reported: 194532703; UID 10089; state: ENABLED
01-06 02:49:11.883   944  1099 D CompatibilityChangeReporter: Compat change id reported: 168419799; UID 10089; state: DISABLED
01-06 02:49:11.893   944   944 D HDMI    : [P]:AllocatedAddress=[]
01-06 02:49:11.893   944   944 I HDMI    : No device is detected.
01-06 02:49:11.893   944   944 I HDMI    : ---------Wrap up Device Discovery:[0]---------com.android.server.hdmi.DeviceDiscoveryAction@47bd671
01-06 02:49:11.893   944   944 I HDMI    : --------------------------------------------
01-06 02:49:11.893   944   944 D HDMI    : addCecDevice old:null
01-06 02:49:11.894   944   944 D HDMI    : addCecDevice new:CEC: logical_address: 0x03 device_type: 4 cec_version: 5 vendor_id: 0x1CA410 display_name: pinewood power_status: 0 physical_address: 0x2000 port_id: 0
01-06 02:49:11.894   944   944 D HDMI    :   Device features: record_tv_screen: N set_osd_string: N deck_control: N set_audio_rate: N arc_tx: N arc_rx: N set_audio_volume_level: N 
01-06 02:49:11.918   944  1126 D StorageManagerService: Volume emulated;0 broadcasting checking to UserHandle{0}
01-06 02:49:11.918   944  1126 D StorageManagerService: Volume emulated;0 broadcasting mounted to UserHandle{0}
01-06 02:49:11.932   944  1955 D CompatibilityChangeReporter: Compat change id reported: 194532703; UID 10066; state: ENABLED
01-06 02:49:11.939   944  1955 D CompatibilityChangeReporter: Compat change id reported: 135634846; UID 10017; state: DISABLED
01-06 02:49:11.939   944  1955 D CompatibilityChangeReporter: Compat change id reported: 177438394; UID 10017; state: DISABLED
01-06 02:49:11.939   944  1955 D CompatibilityChangeReporter: Compat change id reported: 135772972; UID 10017; state: DISABLED
01-06 02:49:11.939   944  1955 D CompatibilityChangeReporter: Compat change id reported: 135754954; UID 10017; state: DISABLED
01-06 02:49:11.940   944   977 D CompatibilityChangeReporter: Compat change id reported: 143937733; UID 10017; state: DISABLED
01-06 02:49:06.046     0     0 E [6 T1817  ..] [secmon]: DBG=======> dolby_fw_ioctl 438 cmd:0x41 arg3=1
01-06 02:49:06.046     0     0 E [6 T1817  ..] [secmon]: DBG=======> dolby_fw_verify_lib_resp 296 DOLBY_FW_VERIFY_LIB_RESP arg3=1
01-06 02:49:06.048     0     0 E [6 T1817  ..] [secmon]: DBG=======> dolby_fw_ioctl 438 cmd:0x50 arg3=0
01-06 02:49:06.048     0     0 E [6 T1817  ..] [secmon]: DBG=======> dolby_fw_ioctl 438 cmd:0x60 arg3=1
01-06 02:49:06.049     0     0 E [6 T1817  ..] [secmon]: DBG=======> dolby_fw_critical_query 389 DOLBY_FW_CRITICAL_DATA_QUERY arg3=1
01-06 02:49:11.956   944   977 I ActivityManager: Start proc 2430:com.android.statementservice/u0a17 for broadcast {com.android.statementservice/androidx.work.impl.background.systemalarm.RescheduleReceiver}
01-06 02:49:06.065     0     0 I [0 T1430  .s] nf_conntrack: default automatic helper assignment has been turned off for security reasons and CT-based firewall rule not found. Use the iptables CT target to attach helpers instead.
01-06 02:49:06.082     0     0 E [4 T1817  ..] [secmon]: DBG=======> dolby_fw_ioctl 438 cmd:0x40 arg3=0
01-06 02:49:06.153     0     0 E [0 T1817  ..] [secmon]: DBG=======> dolby_fw_ioctl 438 cmd:0x41 arg3=1
01-06 02:49:06.153     0     0 E [0 T1817  ..] [secmon]: DBG=======> dolby_fw_verify_lib_resp 296 DOLBY_FW_VERIFY_LIB_RESP arg3=1
01-06 02:49:06.154     0     0 E [0 T1817  ..] [secmon]: DBG=======> dolby_fw_ioctl 438 cmd:0x50 arg3=0
01-06 02:49:06.156     0     0 E [0 T1817  ..] [secmon]: DBG=======> dolby_fw_ioctl 438 cmd:0x60 arg3=1
01-06 02:49:06.156     0     0 E [0 T1817  ..] [secmon]: DBG=======> dolby_fw_critical_query 389 DOLBY_FW_CRITICAL_DATA_QUERY arg3=1
01-06 02:49:12.066   944  1598 D CompatibilityChangeReporter: Compat change id reported: 168419799; UID 10017; state: DISABLED
01-06 02:49:12.073   944  1099 D CompatibilityChangeReporter: Compat change id reported: 135634846; UID 10050; state: DISABLED
01-06 02:49:12.073   944  1099 D CompatibilityChangeReporter: Compat change id reported: 177438394; UID 10050; state: DISABLED
01-06 02:49:12.073   944  1099 D CompatibilityChangeReporter: Compat change id reported: 135772972; UID 10050; state: DISABLED
01-06 02:49:12.073   944  1099 D CompatibilityChangeReporter: Compat change id reported: 135754954; UID 10050; state: ENABLED
01-06 02:49:12.073   944   977 D CompatibilityChangeReporter: Compat change id reported: 143937733; UID 10050; state: ENABLED
01-06 02:49:12.109   944   977 I ActivityManager: Start proc 2468:com.brdgwtr.dms/u0a50 for content provider {com.brdgwtr.dms/com.brdgwtr.credentialservice.CredentialProvider}
01-06 02:49:12.113   944   960 D CompatibilityChangeReporter: Compat change id reported: 161145287; UID 10048; state: DISABLED
01-06 02:49:06.249     0     0 E [7 T1817  ..] [secmon]: DBG=======> dolby_fw_ioctl 438 cmd:0x40 arg3=0
01-06 02:49:12.172   944  1607 D CompatibilityChangeReporter: Compat change id reported: 135634846; UID 1000; state: DISABLED
01-06 02:49:12.173   944  1607 D CompatibilityChangeReporter: Compat change id reported: 177438394; UID 1000; state: DISABLED
01-06 02:49:12.173   944  1607 D CompatibilityChangeReporter: Compat change id reported: 135772972; UID 1000; state: DISABLED
01-06 02:49:12.173   944  1607 D CompatibilityChangeReporter: Compat change id reported: 135754954; UID 1000; state: ENABLED
01-06 02:49:12.176   944  1955 D CompatibilityChangeReporter: Compat change id reported: 168419799; UID 10050; state: DISABLED
01-06 02:49:12.184   944   977 I ActivityManager: Start proc 2501:com.android.dynsystem/1000 for broadcast {com.android.dynsystem/com.android.dynsystem.BootCompletedReceiver}
01-06 02:49:12.203   944   960 D CompatibilityChangeReporter: Compat change id reported: 194532703; UID 10062; state: ENABLED
01-06 02:49:06.346     0     0 E [4 T1817  ..] [secmon]: DBG=======> dolby_fw_ioctl 438 cmd:0x41 arg3=1
01-06 02:49:06.346     0     0 E [4 T1817  ..] [secmon]: DBG=======> dolby_fw_verify_lib_resp 296 DOLBY_FW_VERIFY_LIB_RESP arg3=1
01-06 02:49:06.347     0     0 E [4 T1817  ..] [secmon]: DBG=======> dolby_fw_ioctl 438 cmd:0x50 arg3=0
01-06 02:49:06.348     0     0 E [4 T1817  ..] [secmon]: DBG=======> dolby_fw_ioctl 438 cmd:0x60 arg3=1
01-06 02:49:06.349     0     0 E [4 T1817  ..] [secmon]: DBG=======> dolby_fw_critical_query 389 DOLBY_FW_CRITICAL_DATA_QUERY arg3=1
01-06 02:49:12.293   944  1955 D CompatibilityChangeReporter: Compat change id reported: 168419799; UID 10062; state: DISABLED
01-06 02:49:12.320   944   960 D CompatibilityChangeReporter: Compat change id reported: 149924527; UID 10089; state: ENABLED
01-06 02:49:12.321   944   960 D CompatibilityChangeReporter: Compat change id reported: 132649864; UID 10089; state: DISABLED
01-06 02:49:12.323   944   960 D CompatibilityChangeReporter: Compat change id reported: 182734110; UID 10089; state: ENABLED
01-06 02:49:12.355   944  1607 D CompatibilityChangeReporter: Compat change id reported: 135634846; UID 1000; state: DISABLED
01-06 02:49:12.355   944  1607 D CompatibilityChangeReporter: Compat change id reported: 177438394; UID 1000; state: DISABLED
01-06 02:49:12.355   944  1607 D CompatibilityChangeReporter: Compat change id reported: 135772972; UID 1000; state: DISABLED
01-06 02:49:12.355   944  1607 D CompatibilityChangeReporter: Compat change id reported: 135754954; UID 1000; state: ENABLED
01-06 02:49:12.359   944  1607 I ActivityManager: com.android.managedprovisioning is exempt from freezer
01-06 02:49:12.359   944  1607 D CompatibilityChangeReporter: Compat change id reported: 135634846; UID 10021; state: DISABLED
01-06 02:49:12.359   944  1607 D CompatibilityChangeReporter: Compat change id reported: 177438394; UID 10021; state: DISABLED
01-06 02:49:12.359   944  1607 D CompatibilityChangeReporter: Compat change id reported: 135772972; UID 10021; state: DISABLED
01-06 02:49:12.359   944  1607 D CompatibilityChangeReporter: Compat change id reported: 135754954; UID 10021; state: ENABLED
01-06 02:49:12.367   944   977 I ActivityManager: Start proc 2538:com.android.dynsystem:dynsystem/1000 for service {com.android.dynsystem/com.android.dynsystem.DynamicSystemInstallationService}
01-06 02:49:12.367   944   977 D CompatibilityChangeReporter: Compat change id reported: 143937733; UID 10021; state: ENABLED
01-06 02:49:12.389   944   977 I ActivityManager: Start proc 2550:com.android.managedprovisioning/u0a21 for broadcast {com.android.managedprovisioning/com.android.managedprovisioning.BootReminder}
01-06 02:49:12.417   944  1741 D CompatibilityChangeReporter: Compat change id reported: 135634846; UID 1000; state: DISABLED
01-06 02:49:12.417   944  1741 D CompatibilityChangeReporter: Compat change id reported: 177438394; UID 1000; state: DISABLED
01-06 02:49:12.417   944  1741 D CompatibilityChangeReporter: Compat change id reported: 135772972; UID 1000; state: DISABLED
01-06 02:49:12.417   944  1741 D CompatibilityChangeReporter: Compat change id reported: 135754954; UID 1000; state: ENABLED
01-06 02:49:12.437   944   977 I ActivityManager: Start proc 2557:com.android.localtransport/1000 for service {com.android.localtransport/com.android.localtransport.LocalTransportService}
01-06 02:49:12.458   944   960 D CompatibilityChangeReporter: Compat change id reported: 168419799; UID 10021; state: DISABLED
01-06 02:49:12.499   944  1607 D CompatibilityChangeReporter: Compat change id reported: 194532703; UID 10017; state: DISABLED
01-06 02:49:12.513   944   960 D CompatibilityChangeReporter: Compat change id reported: 135634846; UID 10043; state: DISABLED
01-06 02:49:12.513   944   960 D CompatibilityChangeReporter: Compat change id reported: 177438394; UID 10043; state: DISABLED
01-06 02:49:12.513   944   960 D CompatibilityChangeReporter: Compat change id reported: 135772972; UID 10043; state: DISABLED
01-06 02:49:12.513   944   960 D CompatibilityChangeReporter: Compat change id reported: 135754954; UID 10043; state: ENABLED
01-06 02:49:12.514   944   977 D CompatibilityChangeReporter: Compat change id reported: 143937733; UID 10043; state: ENABLED
01-06 02:49:12.517   944   960 D PackageManager: Instant App installer not found with android.intent.action.INSTALL_INSTANT_APP_PACKAGE
01-06 02:49:12.517   944   960 D PackageManager: Clear ephemeral installer activity
01-06 02:49:12.522   944  1955 D CompatibilityChangeReporter: Compat change id reported: 168419799; UID 1000; state: DISABLED
01-06 02:49:12.530   944   977 I ActivityManager: Start proc 2610:com.brdgwtr.metrics.service/u0a43 for broadcast {com.brdgwtr.metrics.service/androidx.work.impl.background.systemalarm.RescheduleReceiver}
01-06 02:49:12.536   944  1955 I DynamicSystemService: isInstalled(): false
01-06 02:49:12.577   944  1598 D CompatibilityChangeReporter: Compat change id reported: 161145287; UID 10050; state: DISABLED
01-06 02:49:12.590   944   960 D CompatibilityChangeReporter: Compat change id reported: 168419799; UID 10043; state: DISABLED
01-06 02:49:12.613   944  1598 D CompatibilityChangeReporter: Compat change id reported: 194532703; UID 10048; state: ENABLED
01-06 02:49:06.783     0     0 W [3 T2667  d.] audit_log_lost: 5 callbacks suppressed
01-06 02:49:06.783     0     0 W [3 T2667  ..] audit: audit_lost=7052 audit_rate_limit=5 audit_backlog_limit=64
01-06 02:49:06.784     0     0 E [3 T2667  ..] audit: rate limit exceeded
01-06 02:49:12.663  1983  1983 W Looper  : Slow dispatch took 2303ms main h=android.app.ActivityThread$H c=null m=110
01-06 02:49:12.677  1983  1983 W Looper  : Slow delivery took 2303ms main h=android.app.ActivityThread$H c=null m=114
01-06 02:49:12.697   944   944 I TransportConnection: LocalTransportService#0: Notifying [TransportManager.registerTransport()] transport = BackupTransportClient
01-06 02:49:12.743   944  1741 D BackupTransportManager: Transport com.android.localtransport/.LocalTransportService registered
01-06 02:49:12.744   944  1741 D BackupManagerService: [UserID:0] Transport com.android.localtransport/.LocalTransport registered 3341ms after first request (delay = 3000ms)
01-06 02:49:12.747   944  1741 I BackupManagerService: [UserID:0] Found 1 stale backup journal(s), scheduling.
01-06 02:49:06.851     0     0 I [2 T1430  ..] [schedu][0x1d55124][02: 49:12.752811] wlan: [1430:I:OSIF] vdev 0, scan id 40962 type COMPLETED(1) reason COMPLETED(1) scan found 67 bss
01-06 02:49:12.808   944  1741 I BackupManagerService: [UserID:0] Stale backup journals: Scheduled 6 package(s) total
01-06 02:49:12.891   944  1607 D PackageManager: Instant App installer not found with android.intent.action.INSTALL_INSTANT_APP_PACKAGE
01-06 02:49:12.891   944  1607 D PackageManager: Clear ephemeral installer activity
01-06 02:49:13.012  1367  1592 I AudioSystemCmdService: onAudioPortListUpdate ++++
01-06 02:49:13.041   944  1607 D CompatibilityChangeReporter: Compat change id reported: 168419799; UID 10022; state: DISABLED
01-06 02:49:07.150     0     0 W [4 T452   ..] printk: binder:398_2: 126 output lines suppressed due to ratelimiting
01-06 02:49:13.067   944  1955 D CompatibilityChangeReporter: Compat change id reported: 161145287; UID 10022; state: DISABLED
01-06 02:49:13.072   944  1955 I ActivityManager: com.android.packageinstaller is exempt from freezer
01-06 02:49:13.072   944  1955 D CompatibilityChangeReporter: Compat change id reported: 135634846; UID 10019; state: DISABLED
01-06 02:49:13.073   944  1955 D CompatibilityChangeReporter: Compat change id reported: 177438394; UID 10019; state: DISABLED
01-06 02:49:13.073   944  1955 D CompatibilityChangeReporter: Compat change id reported: 135772972; UID 10019; state: DISABLED
01-06 02:49:13.073   944  1955 D CompatibilityChangeReporter: Compat change id reported: 135754954; UID 10019; state: ENABLED
01-06 02:49:13.074   944   977 D CompatibilityChangeReporter: Compat change id reported: 143937733; UID 10019; state: ENABLED
01-06 02:49:13.089   944   977 I ActivityManager: Start proc 2740:com.android.packageinstaller/u0a19 for broadcast {com.android.packageinstaller/com.android.packageinstaller.TemporaryFileManager}
01-06 02:49:13.096   944  1511 D CompatibilityChangeReporter: Compat change id reported: 168419799; UID 10044; state: DISABLED
01-06 02:49:13.174   944   960 D CompatibilityChangeReporter: Compat change id reported: 168419799; UID 10019; state: DISABLED
01-06 02:49:07.276     0     0 E [5 T2744  ..] [secmon]: DBG=======> dolby_fw_ioctl 438 cmd:0x10 arg3=0
01-06 02:49:07.277     0     0 E [5 T2744  ..] [secmon]: DBG=======> dolby_fw_ioctl 438 cmd:0x20 arg3=0
01-06 02:49:13.545   944  1511 D CompatibilityChangeReporter: Compat change id reported: 194532703; UID 10044; state: ENABLED
01-06 02:49:13.560   944  1955 W OverlayManager: service 'idmap' died
01-06 02:49:07.682     0     0 E [5 T2744  ..] [secmon]: DBG=======> dolby_fw_ioctl 438 cmd:0x30 arg3=0
01-06 02:49:13.596   944  1955 D CompatibilityChangeReporter: Compat change id reported: 161145287; UID 10043; state: DISABLED
01-06 02:49:13.625   944   960 D CompatibilityChangeReporter: Compat change id reported: 168419799; UID 10080; state: DISABLED
01-06 02:49:13.643   944   960 D CompatibilityChangeReporter: Compat change id reported: 194532703; UID 10080; state: DISABLED
01-06 02:49:13.670   944  1955 D CompatibilityChangeReporter: Compat change id reported: 161145287; UID 10044; state: DISABLED
01-06 02:49:07.778     0     0 E [6 T2744  ..] [secmon]: DBG=======> dolby_fw_verify 231 DOLBY_FW_VERIFY_CRITICAL arg2=768 arg3=0
01-06 02:49:07.801     0     0 I [0 T1491  ..] VDDIO_C: SD/TF: disabling
01-06 02:49:13.724   944  1955 D CompatibilityChangeReporter: Compat change id reported: 168419799; UID 10027; state: DISABLED
01-06 02:49:13.741   944   960 D CompatibilityChangeReporter: Compat change id reported: 171306433; UID 10027; state: ENABLED
01-06 02:49:13.742   944   960 D CompatibilityChangeReporter: Compat change id reported: 218533173; UID 10027; state: ENABLED
01-06 02:49:13.776   944  1511 D CompatibilityChangeReporter: Compat change id reported: 194532703; UID 10022; state: ENABLED
01-06 02:49:13.788   944  1511 D CompatibilityChangeReporter: Compat change id reported: 135634846; UID 10024; state: DISABLED
01-06 02:49:13.788   944  1511 D CompatibilityChangeReporter: Compat change id reported: 177438394; UID 10024; state: DISABLED
01-06 02:49:13.788   944  1511 D CompatibilityChangeReporter: Compat change id reported: 135772972; UID 10024; state: DISABLED
01-06 02:49:13.788   944  1511 D CompatibilityChangeReporter: Compat change id reported: 135754954; UID 10024; state: ENABLED
01-06 02:49:13.789   944   977 D CompatibilityChangeReporter: Compat change id reported: 143937733; UID 10024; state: ENABLED
01-06 02:49:13.805   944   977 I ActivityManager: Start proc 2847:com.android.providers.tv/u0a24 for broadcast {com.android.providers.tv/com.android.providers.tv.BootCompletedReceiver}
01-06 02:49:07.899     0     0 I         : [0 T1698  ..] asoc-aml-card auge_sound: TDM[1] Playback stop
01-06 02:49:07.899     0     0 D [0 T1698  ..] [snd-soc]: spdif_a is set to disable
01-06 02:49:07.899     0     0 D [0 T1698  ..] [snd-soc]: spdif_b is set to disable
01-06 02:49:07.902     0     0 W [0 T2831  ..] audit: audit_lost=8183 audit_rate_limit=5 audit_backlog_limit=64
01-06 02:49:07.902     0     0 E [0 T2831  ..] audit: rate limit exceeded
01-06 02:49:13.860   944  1511 D CompatibilityChangeReporter: Compat change id reported: 168419799; UID 10024; state: DISABLED
01-06 02:49:08.006     0     0 I [0 T539   ..] [snd-soc]: ss_free() samesrc 3, lvl 1
01-06 02:49:08.006     0     0 I [0 T539   ..] [snd-soc]: ss_free() samesrc 4, lvl 2
01-06 02:49:08.006     0     0 I [0 T539   ..] audio_ddr_mngr: frddrs[0] released by device fe330000.audiobus:tdm@1
01-06 02:49:08.023     0     0 I [4 T539   ..] [debug]: audio_utils_release
01-06 02:49:08.037     0     0 I [7 T62    ..] binder: undelivered death notification, b400007097630610
01-06 02:49:13.946   944  2869 D CompatibilityChangeReporter: Compat change id reported: 194532703; UID 10043; state: DISABLED
01-06 02:49:13.975   944  2869 D CompatibilityChangeReporter: Compat change id reported: 135634846; UID 10056; state: DISABLED
01-06 02:49:13.975   944  2869 D CompatibilityChangeReporter: Compat change id reported: 177438394; UID 10056; state: DISABLED
01-06 02:49:13.975   944  2869 D CompatibilityChangeReporter: Compat change id reported: 135772972; UID 10056; state: DISABLED
01-06 02:49:13.976   944  2869 D CompatibilityChangeReporter: Compat change id reported: 135754954; UID 10056; state: ENABLED
01-06 02:49:13.976   944   977 D CompatibilityChangeReporter: Compat change id reported: 143937733; UID 10056; state: ENABLED
01-06 02:49:13.988   944   977 I ActivityManager: Start proc 2876:com.sonos.pinewood.tokenmanager.service/u0a56 for broadcast {com.sonos.pinewood.tokenmanager.service/androidx.work.impl.background.systemalarm.RescheduleReceiver}
01-06 02:49:14.100   944  2869 D CompatibilityChangeReporter: Compat change id reported: 168419799; UID 10056; state: DISABLED
01-06 02:49:14.179   944   960 D CompatibilityChangeReporter: Compat change id reported: 168419799; UID 10066; state: DISABLED
01-06 02:49:08.408     0     0 I [7 T2871  ..] [debug]: audio_utils_open
01-06 02:49:08.408     0     0 I [7 T2871  ..] [debug]: audio_utils_release
01-06 02:49:08.422     0     0 I [7 T2871  ..] [debug]: audio_utils_open
01-06 02:49:08.422     0     0 I [7 T2871  ..] [debug]: audio_utils_ioctl SET_LIB_SIZE 5499312
01-06 02:49:08.422     0     0 I [7 T2871  ..] [debug]: audio_utils_ioctl WRITE_LIB
01-06 02:49:08.422     0     0 E [7 T2871  ..] [debug]: audio_utils_ioctl have written
01-06 02:49:08.422     0     0 I [7 T2871  ..] [debug]: audio_utils_release
01-06 02:49:08.425     0     0 I [7 T2871  ..] [debug]: audio_utils_open
01-06 02:49:08.430     0     0 I [7 T2871  ..] [debug]: audio_utils_release
01-06 02:49:08.434     0     0 I         : [7 T2871  ..] hdmitx21_ext_set_audio_output enable:0
01-06 02:49:14.403   944   960 I ActivityManager: com.android.shell is exempt from freezer
01-06 02:49:14.403   944   960 D CompatibilityChangeReporter: Compat change id reported: 135634846; UID 2000; state: DISABLED
01-06 02:49:14.403   944   960 D CompatibilityChangeReporter: Compat change id reported: 177438394; UID 2000; state: DISABLED
01-06 02:49:14.403   944   960 D CompatibilityChangeReporter: Compat change id reported: 135772972; UID 2000; state: DISABLED
01-06 02:49:14.404   944   960 D CompatibilityChangeReporter: Compat change id reported: 135754954; UID 2000; state: ENABLED
01-06 02:49:14.418   944  1511 D CompatibilityChangeReporter: Compat change id reported: 161252188; UID 10044; state: ENABLED
01-06 02:49:14.433  1367  1599 W ContextImpl: Calling a method in the system process without a qualified user: android.app.ContextImpl.sendBroadcast:1189 android.content.ContextWrapper.sendBroadcast:500 com.droidlogic.audioservice.services.AudioSystemCmdService$1.onUEvent:184 com.droidlogic.UEventObserver$UEventThread.sendEvent:213 com.droidlogic.UEventObserver$UEventThread.run:190 
01-06 02:49:08.531     0     0 I [6 T2871  ..] [snd-soc]: update audio atmos flag! audio_type = 0
01-06 02:49:14.437   944   977 I ActivityManager: Start proc 2946:com.android.shell/2000 for broadcast {com.android.shell/com.android.shell.HeapDumpReceiver}
01-06 02:49:14.449   944   976 I ActivityManager: reportOnUserCompletedEvent(0): stored=10, eligible=111
01-06 02:49:14.452   944   976 D SystemServerTimingAsync: ssm.CompletedEventUser-0
01-06 02:49:14.452   944   976 I SystemServiceManager: Calling onCompletedEventUser 0
01-06 02:49:14.458   944  2957 D SystemServerTimingAsync: ssm.onCompletedEventUser-0_{|Unlocked|}_com.android.server.security.FileIntegrityService
01-06 02:49:14.458   944  2957 V SystemServerTimingAsync: ssm.onCompletedEventUser-0_{|Unlocked|}_com.android.server.security.FileIntegrityService took to complete: 0ms
01-06 02:49:14.458   944  2957 D SystemServerTimingAsync: ssm.onCompletedEventUser-0_{|Unlocked|}_com.android.server.uri.UriGrantsManagerService$Lifecycle
01-06 02:49:14.458   944  2957 V SystemServerTimingAsync: ssm.onCompletedEventUser-0_{|Unlocked|}_com.android.server.uri.UriGrantsManagerService$Lifecycle took to complete: 0ms
01-06 02:49:14.458   944  2957 D SystemServerTimingAsync: ssm.onCompletedEventUser-0_{|Unlocked|}_com.android.server.powerstats.PowerStatsService
01-06 02:49:14.458   944  2957 V SystemServerTimingAsync: ssm.onCompletedEventUser-0_{|Unlocked|}_com.android.server.powerstats.PowerStatsService took to complete: 0ms
01-06 02:49:14.458   944  2957 D SystemServerTimingAsync: ssm.onCompletedEventUser-0_{|Unlocked|}_com.android.server.wm.ActivityTaskManagerService$Lifecycle
01-06 02:49:14.458   944  2957 V SystemServerTimingAsync: ssm.onCompletedEventUser-0_{|Unlocked|}_com.android.server.wm.ActivityTaskManagerService$Lifecycle took to complete: 0ms
01-06 02:49:14.458   944  2957 D SystemServerTimingAsync: ssm.onCompletedEventUser-0_{|Unlocked|}_com.android.server.am.ActivityManagerService$Lifecycle
01-06 02:49:14.458   944  2957 V SystemServerTimingAsync: ssm.onCompletedEventUser-0_{|Unlocked|}_com.android.server.am.ActivityManagerService$Lifecycle took to complete: 0ms
01-06 02:49:14.458   944  2957 D SystemServerTimingAsync: ssm.onCompletedEventUser-0_{|Unlocked|}_com.android.server.pm.DataLoaderManagerService
01-06 02:49:14.458   944  2957 V SystemServerTimingAsync: ssm.onCompletedEventUser-0_{|Unlocked|}_com.android.server.pm.DataLoaderManagerService took to complete: 0ms
01-06 02:49:14.458   944  2957 D SystemServerTimingAsync: ssm.onCompletedEventUser-0_{|Unlocked|}_com.android.server.power.PowerManagerService
01-06 02:49:14.458   944  2957 V SystemServerTimingAsync: ssm.onCompletedEventUser-0_{|Unlocked|}_com.android.server.power.PowerManagerService took to complete: 0ms
01-06 02:49:14.458   944  2957 D SystemServerTimingAsync: ssm.onCompletedEventUser-0_{|Unlocked|}_com.android.server.power.ThermalManagerService
01-06 02:49:14.458   944  2957 V SystemServerTimingAsync: ssm.onCompletedEventUser-0_{|Unlocked|}_com.android.server.power.ThermalManagerService took to complete: 0ms
01-06 02:49:14.458   944  2957 D SystemServerTimingAsync: ssm.onCompletedEventUser-0_{|Unlocked|}_com.android.server.power.hint.HintManagerService
01-06 02:49:14.458   944  2957 V SystemServerTimingAsync: ssm.onCompletedEventUser-0_{|Unlocked|}_com.android.server.power.hint.HintManagerService took to complete: 0ms
01-06 02:49:14.458   944  2957 D SystemServerTimingAsync: ssm.onCompletedEventUser-0_{|Unlocked|}_com.android.server.recoverysystem.RecoverySystemService$Lifecycle
01-06 02:49:14.458   944  2957 V SystemServerTimingAsync: ssm.onCompletedEventUser-0_{|Unlocked|}_com.android.server.recoverysystem.RecoverySystemService$Lifecycle took to complete: 0ms
01-06 02:49:14.458   944  2957 D SystemServerTimingAsync: ssm.onCompletedEventUser-0_{|Unlocked|}_com.android.server.lights.LightsService
01-06 02:49:14.458   944  2957 V SystemServerTimingAsync: ssm.onCompletedEventUser-0_{|Unlocked|}_com.android.server.lights.LightsService took to complete: 0ms
01-06 02:49:14.458   944  2957 D SystemServerTimingAsync: ssm.onCompletedEventUser-0_{|Unlocked|}_com.android.server.display.DisplayManagerService
01-06 02:49:14.458   944  2957 V SystemServerTimingAsync: ssm.onCompletedEventUser-0_{|Unlocked|}_com.android.server.display.DisplayManagerService took to complete: 0ms
01-06 02:49:14.459   944  2957 D SystemServerTimingAsync: ssm.onCompletedEventUser-0_{|Unlocked|}_com.android.server.pm.verify.domain.DomainVerificationService
01-06 02:49:14.459   944  2957 V SystemServerTimingAsync: ssm.onCompletedEventUser-0_{|Unlocked|}_com.android.server.pm.verify.domain.DomainVerificationService took to complete: 0ms
01-06 02:49:14.459   944  2957 D SystemServerTimingAsync: ssm.onCompletedEventUser-0_{|Unlocked|}_com.android.server.pm.PackageInstallerService$Lifecycle
01-06 02:49:14.459   944  2957 V SystemServerTimingAsync: ssm.onCompletedEventUser-0_{|Unlocked|}_com.android.server.pm.PackageInstallerService$Lifecycle took to complete: 0ms
01-06 02:49:14.459   944  2957 D SystemServerTimingAsync: ssm.onCompletedEventUser-0_{|Unlocked|}_com.android.server.pm.UserManagerService$LifeCycle
01-06 02:49:14.459   944  2957 V SystemServerTimingAsync: ssm.onCompletedEventUser-0_{|Unlocked|}_com.android.server.pm.UserManagerService$LifeCycle took to complete: 0ms
01-06 02:49:14.459   944  2957 D SystemServerTimingAsync: ssm.onCompletedEventUser-0_{|Unlocked|}_com.android.server.om.OverlayManagerService
01-06 02:49:14.459   944  2957 V SystemServerTimingAsync: ssm.onCompletedEventUser-0_{|Unlocked|}_com.android.server.om.OverlayManagerService took to complete: 0ms
01-06 02:49:14.459   944  2957 D SystemServerTimingAsync: ssm.onCompletedEventUser-0_{|Unlocked|}_com.android.server.resources.ResourcesManagerService
01-06 02:49:14.459   944  2957 V SystemServerTimingAsync: ssm.onCompletedEventUser-0_{|Unlocked|}_com.android.server.resources.ResourcesManagerService took to complete: 0ms
01-06 02:49:14.459   944  2957 D SystemServerTimingAsync: ssm.onCompletedEventUser-0_{|Unlocked|}_com.android.server.sensorprivacy.SensorPrivacyService
01-06 02:49:14.459   944  2957 V SystemServerTimingAsync: ssm.onCompletedEventUser-0_{|Unlocked|}_com.android.server.sensorprivacy.SensorPrivacyService took to complete: 0ms
01-06 02:49:14.459   944  2957 D SystemServerTimingAsync: ssm.onCompletedEventUser-0_{|Unlocked|}_com.android.server.sensors.SensorService
01-06 02:49:14.459   944  2957 V SystemServerTimingAsync: ssm.onCompletedEventUser-0_{|Unlocked|}_com.android.server.sensors.SensorService took to complete: 0ms
01-06 02:49:14.459   944  2957 D SystemServerTimingAsync: ssm.onCompletedEventUser-0_{|Unlocked|}_com.android.server.SystemConfigService
01-06 02:49:14.459   944  2957 V SystemServerTimingAsync: ssm.onCompletedEventUser-0_{|Unlocked|}_com.android.server.SystemConfigService took to complete: 0ms
01-06 02:49:14.459   944  2957 D SystemServerTimingAsync: ssm.onCompletedEventUser-0_{|Unlocked|}_com.android.server.BatteryService
01-06 02:49:14.459   944  2957 V SystemServerTimingAsync: ssm.onCompletedEventUser-0_{|Unlocked|}_com.android.server.BatteryService took to complete: 0ms
01-06 02:49:14.459   944  2957 D SystemServerTimingAsync: ssm.onCompletedEventUser-0_{|Unlocked|}_com.android.server.usage.UsageStatsService
01-06 02:49:14.459   944  2959 D SystemServerTimingAsync: ssm.onCompletedEventUser-0_{|Unlocked|}_com.android.server.os.DeviceIdentifiersPolicyService
01-06 02:49:14.459   944  2959 V SystemServerTimingAsync: ssm.onCompletedEventUser-0_{|Unlocked|}_com.android.server.os.DeviceIdentifiersPolicyService took to complete: 0ms
01-06 02:49:14.459   944  2959 D SystemServerTimingAsync: ssm.onCompletedEventUser-0_{|Unlocked|}_com.android.server.webkit.WebViewUpdateService
01-06 02:49:14.459   944  2959 V SystemServerTimingAsync: ssm.onCompletedEventUser-0_{|Unlocked|}_com.android.server.webkit.WebViewUpdateService took to complete: 0ms
01-06 02:49:14.459   944  2959 D SystemServerTimingAsync: ssm.onCompletedEventUser-0_{|Unlocked|}_com.android.server.CachedDeviceStateService
01-06 02:49:14.459   944  2959 V SystemServerTimingAsync: ssm.onCompletedEventUser-0_{|Unlocked|}_com.android.server.CachedDeviceStateService took to complete: 0ms
01-06 02:49:14.459   944  2959 D SystemServerTimingAsync: ssm.onCompletedEventUser-0_{|Unlocked|}_com.android.server.BinderCallsStatsService$LifeCycle
01-06 02:49:14.459   944  2959 V SystemServerTimingAsync: ssm.onCompletedEventUser-0_{|Unlocked|}_com.android.server.BinderCallsStatsService$LifeCycle took to complete: 0ms
01-06 02:49:14.459   944  2959 D SystemServerTimingAsync: ssm.onCompletedEventUser-0_{|Unlocked|}_com.android.server.LooperStatsService$Lifecycle
01-06 02:49:14.460   944  2959 V SystemServerTimingAsync: ssm.onCompletedEventUser-0_{|Unlocked|}_com.android.server.LooperStatsService$Lifecycle took to complete: 0ms
01-06 02:49:14.460   944  2959 D SystemServerTimingAsync: ssm.onCompletedEventUser-0_{|Unlocked|}_com.android.server.rollback.RollbackManagerService
01-06 02:49:14.462   944  2959 V SystemServerTimingAsync: ssm.onCompletedEventUser-0_{|Unlocked|}_com.android.server.rollback.RollbackManagerService took to complete: 2ms
01-06 02:49:14.462   944  2959 D SystemServerTimingAsync: ssm.onCompletedEventUser-0_{|Unlocked|}_com.android.server.os.NativeTombstoneManagerService
01-06 02:49:14.462   944  2959 V SystemServerTimingAsync: ssm.onCompletedEventUser-0_{|Unlocked|}_com.android.server.os.NativeTombstoneManagerService took to complete: 0ms
01-06 02:49:14.462   944  2959 D SystemServerTimingAsync: ssm.onCompletedEventUser-0_{|Unlocked|}_com.android.server.os.BugreportManagerService
01-06 02:49:14.462   944  2959 V SystemServerTimingAsync: ssm.onCompletedEventUser-0_{|Unlocked|}_com.android.server.os.BugreportManagerService took to complete: 0ms
