01-06 02:49:00.369   944   944 V SystemServerTiming: OnBootPhase_550_com.android.server.security.AttestationVerificationManagerService took to complete: 0ms
01-06 02:49:00.369   944   944 D SystemServerTiming: OnBootPhase_550_com.android.server.restrictions.RestrictionsManagerService
01-06 02:49:00.369   944   944 V SystemServerTiming: OnBootPhase_550_com.android.server.restrictions.RestrictionsManagerService took to complete: 0ms
01-06 02:49:00.369   944   944 D SystemServerTiming: OnBootPhase_550_com.android.server.media.MediaSessionService
01-06 02:49:00.370   944   944 V SystemServerTiming: OnBootPhase_550_com.android.server.media.MediaSessionService took to complete: 1ms
01-06 02:49:00.370   944   944 D SystemServerTiming: OnBootPhase_550_com.android.server.hdmi.HdmiControlService
01-06 02:49:00.370   944   944 V SystemServerTiming: OnBootPhase_550_com.android.server.hdmi.HdmiControlService took to complete: 0ms
01-06 02:49:00.370   944   944 D SystemServerTiming: OnBootPhase_550_com.android.server.tv.interactive.TvInteractiveAppManagerService
01-06 02:49:00.370   944   944 V SystemServerTiming: OnBootPhase_550_com.android.server.tv.interactive.TvInteractiveAppManagerService took to complete: 0ms
01-06 02:49:00.370   944   944 D SystemServerTiming: OnBootPhase_550_com.android.server.tv.TvInputManagerService
01-06 02:49:00.370   944   944 V SystemServerTiming: OnBootPhase_550_com.android.server.tv.TvInputManagerService took to complete: 0ms
01-06 02:49:00.370   944   944 D SystemServerTiming: OnBootPhase_550_com.android.server.tv.TvRemoteService
01-06 02:49:00.370   944   944 V SystemServerTiming: OnBootPhase_550_com.android.server.tv.TvRemoteService took to complete: 0ms
01-06 02:49:00.370   944   944 D SystemServerTiming: OnBootPhase_550_com.android.server.biometrics.BiometricService
01-06 02:49:00.370   944   944 V SystemServerTiming: OnBootPhase_550_com.android.server.biometrics.BiometricService took to complete: 0ms
01-06 02:49:00.370   944   944 D SystemServerTiming: OnBootPhase_550_com.android.server.biometrics.AuthService
01-06 02:49:00.370   944   944 V SystemServerTiming: OnBootPhase_550_com.android.server.biometrics.AuthService took to complete: 0ms
01-06 02:49:00.370   944   944 D SystemServerTiming: OnBootPhase_550_com.android.server.pm.ShortcutService$Lifecycle
01-06 02:49:00.370   944   944 V SystemServerTiming: OnBootPhase_550_com.android.server.pm.ShortcutService$Lifecycle took to complete: 0ms
01-06 02:49:00.371   944   944 D SystemServerTiming: OnBootPhase_550_com.android.server.pm.LauncherAppsService
01-06 02:49:00.371   944   944 V SystemServerTiming: OnBootPhase_550_com.android.server.pm.LauncherAppsService took to complete: 0ms
01-06 02:49:00.371   944   944 D SystemServerTiming: OnBootPhase_550_com.android.server.pm.CrossProfileAppsService
01-06 02:49:00.371   944   944 V SystemServerTiming: OnBootPhase_550_com.android.server.pm.CrossProfileAppsService took to complete: 0ms
01-06 02:49:00.371   944   944 D SystemServerTiming: OnBootPhase_550_com.android.server.people.PeopleService
01-06 02:49:00.371   944   944 V SystemServerTiming: OnBootPhase_550_com.android.server.people.PeopleService took to complete: 0ms
01-06 02:49:00.371   944   944 D SystemServerTiming: OnBootPhase_550_com.android.server.media.metrics.MediaMetricsManagerService
01-06 02:49:00.371   944   944 V SystemServerTiming: OnBootPhase_550_com.android.server.media.metrics.MediaMetricsManagerService took to complete: 0ms
01-06 02:49:00.371   944   944 D SystemServerTiming: OnBootPhase_550_com.android.server.media.projection.MediaProjectionManagerService
01-06 02:49:00.371   944   977 I ActivityManager: Start proc 1234:com.android.systemui/u0a70 for service {com.android.systemui/com.android.systemui.wallpapers.ImageWallpaper}
01-06 02:49:00.371   944   944 V SystemServerTiming: OnBootPhase_550_com.android.server.media.projection.MediaProjectionManagerService took to complete: 0ms
01-06 02:49:00.371   944   944 D SystemServerTiming: OnBootPhase_550_com.android.server.slice.SliceManagerService$Lifecycle
01-06 02:49:00.371   944   944 V SystemServerTiming: OnBootPhase_550_com.android.server.slice.SliceManagerService$Lifecycle took to complete: 0ms
01-06 02:49:00.371   944   944 D SystemServerTiming: OnBootPhase_550_com.android.server.stats.StatsCompanion$Lifecycle
01-06 02:49:00.371   944   944 V SystemServerTiming: OnBootPhase_550_com.android.server.stats.StatsCompanion$Lifecycle took to complete: 0ms
01-06 02:49:00.371   944   944 D SystemServerTiming: OnBootPhase_550_com.android.server.scheduling.RebootReadinessManagerService$Lifecycle
01-06 02:49:00.371   944   944 V SystemServerTiming: OnBootPhase_550_com.android.server.scheduling.RebootReadinessManagerService$Lifecycle took to complete: 0ms
01-06 02:49:00.371   944   944 D SystemServerTiming: OnBootPhase_550_com.android.server.stats.pull.StatsPullAtomService
01-06 02:49:00.371   944   944 V SystemServerTiming: OnBootPhase_550_com.android.server.stats.pull.StatsPullAtomService took to complete: 0ms
01-06 02:49:00.371   944   944 D SystemServerTiming: OnBootPhase_550_com.android.server.stats.bootstrap.StatsBootstrapAtomService$Lifecycle
01-06 02:49:00.371   944   944 V SystemServerTiming: OnBootPhase_550_com.android.server.stats.bootstrap.StatsBootstrapAtomService$Lifecycle took to complete: 0ms
01-06 02:49:00.371   944   944 D SystemServerTiming: OnBootPhase_550_com.android.server.incident.IncidentCompanionService
01-06 02:49:00.371   944   944 V SystemServerTiming: OnBootPhase_550_com.android.server.incident.IncidentCompanionService took to complete: 0ms
01-06 02:49:00.371   944   944 D SystemServerTiming: OnBootPhase_550_com.android.server.sdksandbox.SdkSandboxManagerService$Lifecycle
01-06 02:49:00.371   944   944 V SystemServerTiming: OnBootPhase_550_com.android.server.sdksandbox.SdkSandboxManagerService$Lifecycle took to complete: 0ms
01-06 02:49:00.371   944   944 D SystemServerTiming: OnBootPhase_550_com.android.server.adservices.AdServicesManagerService$Lifecycle
01-06 02:49:00.372   944   944 V SystemServerTiming: OnBootPhase_550_com.android.server.adservices.AdServicesManagerService$Lifecycle took to complete: 0ms
01-06 02:49:00.372   944   944 D SystemServerTiming: OnBootPhase_550_com.android.server.autofill.AutofillManagerService
01-06 02:49:00.372   944   944 V SystemServerTiming: OnBootPhase_550_com.android.server.autofill.AutofillManagerService took to complete: 0ms
01-06 02:49:00.372   944   944 D SystemServerTiming: OnBootPhase_550_com.android.server.clipboard.ClipboardService
01-06 02:49:00.372   944   944 V SystemServerTiming: OnBootPhase_550_com.android.server.clipboard.ClipboardService took to complete: 0ms
01-06 02:49:00.372   944   944 D SystemServerTiming: OnBootPhase_550_com.android.server.appbinding.AppBindingService$Lifecycle
01-06 02:49:00.372   944   944 I AppBindingService: Updating constants with: null
01-06 02:49:00.373   944   944 V SystemServerTiming: OnBootPhase_550_com.android.server.appbinding.AppBindingService$Lifecycle took to complete: 0ms
01-06 02:49:00.373   944   944 D SystemServerTiming: OnBootPhase_550_com.android.server.tracing.TracingServiceProxy
01-06 02:49:00.373   944   944 V SystemServerTiming: OnBootPhase_550_com.android.server.tracing.TracingServiceProxy took to complete: 0ms
01-06 02:49:00.373   944   944 D SystemServerTiming: OnBootPhase_550_com.android.server.policy.PermissionPolicyService
01-06 02:49:00.373   944   944 D SystemServerTiming: Permission_grant_default_permissions-0
01-06 02:49:00.373   944   944 V SystemServerTiming: Permission_grant_default_permissions-0 took to complete: 0ms
01-06 02:49:00.373   944   944 D SystemServerTiming: Permission_synchronize_permissions-0
01-06 02:49:00.373   944   944 D SystemServerTiming: Permission_synchronize_addPackages-0
01-06 02:49:00.374   944  1177 D AudioService: updateHdmiAudioSystemClient false
01-06 02:49:00.375   944  1177 D AudioService: setHdmiSystemAudioSupported false
01-06 02:49:00.379   944  1177 D AudioService: No vibrator found
01-06 02:49:00.392     0     0 D [6 T383   ..] cnss: MHI status cb is called with reason MISSION_MODE(5)
01-06 02:49:00.392     0     0 D [0 T650   ..] cnss: MSI base data is 1
01-06 02:49:00.392     0     0 D [0 T528   ..] cnss: Completed event: REGISTER_DRIVER(7), state: 0x400010, ret: 0/0
01-06 02:49:00.395   944   944 V SystemServerTiming: Permission_synchronize_addPackages-0 took to complete: 21ms
01-06 02:49:00.395   944   944 D SystemServerTiming: Permission_syncPackages-0
01-06 02:49:00.399   528   528 E android.hardware.wifi@1.0-service.droidlogic: check loading wifi driver is ok...
01-06 02:49:00.404   944   944 V SystemServerTiming: Permission_syncPackages-0 took to complete: 9ms
01-06 02:49:00.404   944   944 V SystemServerTiming: Permission_synchronize_permissions-0 took to complete: 31ms
01-06 02:49:00.404   944   944 D SystemServerTiming: Permission_onInitialized-0
01-06 02:49:00.404   944   944 I PackageManager: Permission ownership changed. Updating all permissions.
01-06 02:49:00.407     0     0 D [6 T650   ..] cnss: WLFW server arriving: node 7 port 1
01-06 02:49:00.407     0     0 D [6 T650   ..] cnss: Posting event: SERVER_ARRIVE(0), state: 0x400010 flags: 0x0
01-06 02:49:00.407     0     0 D [6 T650   ..] cnss: Processing driver event: SERVER_ARRIVE(0), state: 0x400010
01-06 02:49:00.407     0     0 I [6 T650   ..] cnss: QMI WLFW service connected, state: 0x400011
01-06 02:49:00.407     0     0 D [6 T650   ..] cnss: Sending indication register message, state: 0x400011
01-06 02:49:00.408     0     0 D [6 T650   ..] cnss: Sending host capability message, state: 0x400011
01-06 02:49:00.408     0     0 D [6 T650   ..] cnss: Number of clients is 1
01-06 02:49:00.408     0     0 D [6 T650   ..] cnss: Assign MSI to user: WAKE, num_vectors: 1, user_base_data: 1, base_vector: 0
01-06 02:49:00.408     0     0 D [6 T650   ..] cnss: WAKE MSI base data is 1
01-06 02:49:00.408     0     0 D [6 T650   ..] cnss: Calibration done is 0
01-06 02:49:00.408     0     0 D [6 T650   ..] cnss: Sending feature list 0x0
01-06 02:49:00.409     0     0 D [4 T650   ..] cnss: Received QMI WLFW request memory indication
01-06 02:49:00.409     0     0 D [4 T650   ..] cnss: FW requests for memory, size: 0x6b0000, type: 1
01-06 02:49:00.409     0     0 D [4 T650   ..] cnss: FW requests for memory, size: 0x810000, type: 4
01-06 02:49:00.409     0     0 D [4 T650   ..] cnss: FW requests for memory, size: 0x10000, type: 10
01-06 02:49:00.409     0     0 D [4 T650   ..] cnss: Posting event: REQUEST_MEM(2), state: 0x400011 flags: 0x0
01-06 02:49:00.409     0     0 D [4 T650   ..] cnss: Processing driver event: REQUEST_MEM(2), state: 0x400011
01-06 02:49:00.421     0     0 E [6 T650   ..] cnss: remote mem vaddr=0x00000000e7fa9696 size=6b0000
01-06 02:49:00.431   944  1100 D CompatibilityChangeReporter: Compat change id reported: 168419799; UID 10070; state: DISABLED
01-06 02:49:00.439     0     0 D [4 T650   ..] cnss: Sending respond memory message, state: 0x400011
01-06 02:49:00.439     0     0 D [4 T650   ..] cnss: Memory for FW, va: 0x0000000000000000, pa: 0x00000000dcf00000, size: 0x6b0000, type: 1
01-06 02:49:00.439     0     0 D [4 T650   ..] cnss: Memory for FW, va: 0x0000000000000000, pa: 0x00000000dd600000, size: 0x810000, type: 4
01-06 02:49:00.439     0     0 D [4 T650   ..] cnss: Memory for FW, va: 0x0000000000000000, pa: 0x00000000dc090000, size: 0x10000, type: 10
01-06 02:49:00.442   944   944 W PackageManager: Package android.ext.services is an APK in APEX, but has permission allowlist on the system image. Please bundle the allowlist in the com.android.extservices APEX instead.
01-06 02:49:00.442   944   944 W PackageManager: Package android.ext.services is an APK in APEX, but has permission allowlist on the system image. Please bundle the allowlist in the com.android.extservices APEX instead.
01-06 02:49:00.442     0     0 D [5 T446   ..] cnss: Received QMI WLFW FW memory ready indication
01-06 02:49:00.442     0     0 D [5 T446   ..] cnss: Posting event: FW_MEM_READY(3), state: 0x400011 flags: 0x0
01-06 02:49:00.443     0     0 D [2 T650   ..] cnss: Processing driver event: FW_MEM_READY(3), state: 0x400011
01-06 02:49:00.443     0     0 D [2 T650   ..] cnss: Sending target capability message, state: 0x400013
01-06 02:49:00.445     0     0 D [4 T650   ..] cnss: Device frequency is 19200000 HZ
01-06 02:49:00.445     0     0 D [4 T650   ..] cnss: Device memory info[0]: start = 0x113000, size = 0x5000
01-06 02:49:00.445     0     0 D [4 T650   ..] cnss: Device memory info[1]: start = 0x0, size = 0x0
01-06 02:49:00.445     0     0 D [4 T650   ..] cnss: Device memory info[2]: start = 0x0, size = 0x0
01-06 02:49:00.445     0     0 D [4 T650   ..] cnss: Device memory info[3]: start = 0x0, size = 0x0
01-06 02:49:00.445     0     0 D [4 T650   ..] cnss: Target capability: chip_id: 0x2, chip_family: 0x4, board_id: 0xff, soc_id: 0x40170200, otp_version: 0x0
01-06 02:49:00.445     0     0 D [4 T650   ..] cnss: fw_version: 0x110effff, fw_build_timestamp: 2024-05-29 09:21, fw_build_id: QC_IMAGE_VERSION_STRING=WLAN.HMT.1.1-02730-QCAHMTSWPL_V1.0_V2.0_SILICONZ-1.69999.4
01-06 02:49:00.445     0     0 D [4 T650   ..] cnss: Sending BDF download message, state: 0x400013, type: 4
01-06 02:49:00.442   944   944 W PackageManager: Package android.ext.services is an APK in APEX, but has permission allowlist on the system image. Please bundle the allowlist in the com.android.extservices APEX instead.
01-06 02:49:00.442   944   944 W PackageManager: Package android.ext.services is an APK in APEX, but has permission allowlist on the system image. Please bundle the allowlist in the com.android.extservices APEX instead.
01-06 02:49:00.447     0     0 D [0 T650   ..] cnss: Downloading BDF: regdb.bin, size: 24278
01-06 02:49:00.452     0     0 D [2 T650   ..] cnss: Sending BDF download message, state: 0x400013, type: 1
01-06 02:49:00.454     0     0 D [2 T650   ..] cnss: Downloading BDF: bdwlan.elf, size: 88728
01-06 02:49:00.467   944   944 W PackageManager: Package com.android.providers.media.module is an APK in APEX, but has permission allowlist on the system image. Please bundle the allowlist in the com.android.mediaprovider APEX instead.
01-06 02:49:00.467   944   944 W PackageManager: Package com.android.providers.media.module is an APK in APEX, but has permission allowlist on the system image. Please bundle the allowlist in the com.android.mediaprovider APEX instead.
01-06 02:49:00.468   944   944 W PackageManager: Package com.android.providers.media.module is an APK in APEX, but has permission allowlist on the system image. Please bundle the allowlist in the com.android.mediaprovider APEX instead.
01-06 02:49:00.468   944   944 W PackageManager: Package com.android.providers.media.module is an APK in APEX, but has permission allowlist on the system image. Please bundle the allowlist in the com.android.mediaprovider APEX instead.
01-06 02:49:00.468   944   944 W PackageManager: Package com.android.providers.media.module is an APK in APEX, but has permission allowlist on the system image. Please bundle the allowlist in the com.android.mediaprovider APEX instead.
01-06 02:49:00.468   944   944 W PackageManager: Package com.android.providers.media.module is an APK in APEX, but has permission allowlist on the system image. Please bundle the allowlist in the com.android.mediaprovider APEX instead.
01-06 02:49:00.468   944   944 W PackageManager: Package com.android.providers.media.module is an APK in APEX, but has permission allowlist on the system image. Please bundle the allowlist in the com.android.mediaprovider APEX instead.
01-06 02:49:00.468   944   944 W PackageManager: Package com.android.providers.media.module is an APK in APEX, but has permission allowlist on the system image. Please bundle the allowlist in the com.android.mediaprovider APEX instead.
01-06 02:49:00.468   944   944 W PackageManager: Package com.android.providers.media.module is an APK in APEX, but has permission allowlist on the system image. Please bundle the allowlist in the com.android.mediaprovider APEX instead.
01-06 02:49:00.469   944   944 W PackageManager: Package com.android.providers.media.module is an APK in APEX, but has permission allowlist on the system image. Please bundle the allowlist in the com.android.mediaprovider APEX instead.
01-06 02:49:00.469   944   944 W PackageManager: Package com.android.providers.media.module is an APK in APEX, but has permission allowlist on the system image. Please bundle the allowlist in the com.android.mediaprovider APEX instead.
01-06 02:49:00.469   944   944 W PackageManager: Package com.android.providers.media.module is an APK in APEX, but has permission allowlist on the system image. Please bundle the allowlist in the com.android.mediaprovider APEX instead.
01-06 02:49:00.469   944   944 W PackageManager: Package com.android.providers.media.module is an APK in APEX, but has permission allowlist on the system image. Please bundle the allowlist in the com.android.mediaprovider APEX instead.
01-06 02:49:00.469     0     0 I [4 T650   ..] cnss: Host BDF config: HW_XPA: 1 CalDB: 0
01-06 02:49:00.476     0     0 D [4 T650   ..] cnss: Sending M3 information message, state: 0x400013
01-06 02:49:00.476     0     0 D [4 T650   ..] cnss: M3 memory, va: 0x0000000000000000, pa: 0x00000000dde80000, size: 0x4928c
01-06 02:49:00.477     0     0 D [0 T650   ..] cnss: Sending QDSS config download message, state: 0x400013
01-06 02:49:00.478     0     0 D [7 T650   ..] cnss: Downloading QDSS: qdss_trace_config_v2.cfg, size: 4911
01-06 02:49:00.483     0     0 D [3 T650   ..] cnss: Received QMI WLFW FW initialization done indication
01-06 02:49:00.483     0     0 D [3 T650   ..] cnss: Posting event: FW_READY(4), state: 0x400013 flags: 0x0
01-06 02:49:00.483     0     0 D [3 T650   ..] cnss: Processing driver event: FW_READY(4), state: 0x400013
01-06 02:49:00.483     0     0 D [3 T650   ..] cnss: Processing FW Init Done..
01-06 02:49:00.483     0     0 D [3 T650   ..] cnss: PCIE Gen speed not setup
01-06 02:49:00.483     0     0 E [3 T650   ..] cnss: DMS QMI connection not established
01-06 02:49:00.485   944   944 V SystemServerTiming: Permission_onInitialized-0 took to complete: 81ms
01-06 02:49:00.485   944   944 W SystemServiceManager: Service com.android.server.policy.PermissionPolicyService took 112 ms in onBootPhase
01-06 02:49:00.485   944   944 V SystemServerTiming: OnBootPhase_550_com.android.server.policy.PermissionPolicyService took to complete: 112ms
01-06 02:49:00.485   944   944 D SystemServerTiming: OnBootPhase_550_com.android.server.pm.StagingManager$Lifecycle
01-06 02:49:00.485   944   944 V SystemServerTiming: OnBootPhase_550_com.android.server.pm.StagingManager$Lifecycle took to complete: 0ms
01-06 02:49:00.485   944   944 D SystemServerTiming: OnBootPhase_550_com.android.server.app.GameManagerService$Lifecycle
01-06 02:49:00.485   944   944 V SystemServerTiming: OnBootPhase_550_com.android.server.app.GameManagerService$Lifecycle took to complete: 0ms
01-06 02:49:00.485   944   944 D SystemServerTiming: OnBootPhase_550_com.android.safetycenter.SafetyCenterService
01-06 02:49:00.485   944   944 V SystemServerTiming: OnBootPhase_550_com.android.safetycenter.SafetyCenterService took to complete: 0ms
01-06 02:49:00.485   944   944 D SystemServerTiming: OnBootPhase_550_com.android.server.appsearch.AppSearchModule$Lifecycle
01-06 02:49:00.485   944   944 V SystemServerTiming: OnBootPhase_550_com.android.server.appsearch.AppSearchModule$Lifecycle took to complete: 0ms
01-06 02:49:00.485   944   944 D SystemServerTiming: OnBootPhase_550_com.android.server.media.MediaCommunicationService
01-06 02:49:00.485   944   944 V SystemServerTiming: OnBootPhase_550_com.android.server.media.MediaCommunicationService took to complete: 0ms
01-06 02:49:00.485   944   944 D SystemServerTiming: OnBootPhase_550_com.android.server.compat.overrides.AppCompatOverridesService$Lifecycle
01-06 02:49:00.485   944   944 V SystemServerTiming: OnBootPhase_550_com.android.server.compat.overrides.AppCompatOverridesService$Lifecycle took to complete: 0ms
01-06 02:49:00.485   944   944 V SystemServerTiming: OnBootPhase_550 took to complete: 221ms
01-06 02:49:00.485   944   944 V SystemServerTiming: StartActivityManagerReadyPhase took to complete: 221ms
01-06 02:49:00.485   944   944 D SystemServerTiming: StartObservingNativeCrashes
01-06 02:49:00.486   944   944 V SystemServerTiming: StartObservingNativeCrashes took to complete: 0ms
01-06 02:49:00.486   944   944 D SystemServerTiming: RegisterAppOpsPolicy
01-06 02:49:00.510   944   944 V SystemServerTiming: RegisterAppOpsPolicy took to complete: 24ms
01-06 02:49:00.510   944   944 D SystemServerTiming: MakeNetworkManagementServiceReady
01-06 02:49:00.511   944  1064 D SystemServerTimingAsync: InitThreadPoolExec:WebViewFactoryPreparation
01-06 02:49:00.511   944  1064 D SystemServerInitThreadPool: Started executing WebViewFactoryPreparation
01-06 02:49:00.511   944  1064 I SystemServer: WebViewFactoryPreparation
01-06 02:49:00.511   944  1064 D SystemServerTimingAsync: WebViewFactoryPreparation
01-06 02:49:00.516   944  1064 E AppOps  : Bad call made by uid 1000. Package "android" does not belong to uid 1037.
01-06 02:49:00.517   944   944 V SystemServerTiming: MakeNetworkManagementServiceReady took to complete: 7ms
01-06 02:49:00.517   944   944 D SystemServerTiming: MakeConnectivityServiceReady
01-06 02:49:00.524   944  1064 E AppOps  : checkOperation
01-06 02:49:00.524   944  1064 E AppOps  : java.lang.SecurityException: Specified package "android" under uid 1037 but it is not
01-06 02:49:00.524   944  1064 E AppOps  : 	at com.android.server.appop.AppOpsService.verifyAndGetBypass(AppOpsService.java:4700)
01-06 02:49:00.524   944  1064 E AppOps  : 	at com.android.server.appop.AppOpsService.verifyAndGetBypass(AppOpsService.java:4568)
01-06 02:49:00.524   944  1064 E AppOps  : 	at com.android.server.appop.AppOpsService.checkOperationUnchecked(AppOpsService.java:3253)
01-06 02:49:00.524   944  1064 E AppOps  : 	at com.android.server.appop.AppOpsService.checkOperationImpl(AppOpsService.java:3236)
01-06 02:49:00.524   944  1064 E AppOps  : 	at com.android.server.appop.AppOpsService.-$$Nest$mcheckOperationImpl(Unknown Source:0)
01-06 02:49:00.524   944  1064 E AppOps  : 	at com.android.server.appop.AppOpsService$CheckOpsDelegateDispatcher.lambda$checkOperation$0(AppOpsService.java:7630)
01-06 02:49:00.524   944  1064 E AppOps  : 	at com.android.server.appop.AppOpsService$CheckOpsDelegateDispatcher.$r8$lambda$KrwrxMLmGzFSEjEyo0aJ63o5J9E(Unknown Source:0)
01-06 02:49:00.524   944  1064 E AppOps  : 	at com.android.server.appop.AppOpsService$CheckOpsDelegateDispatcher$$ExternalSyntheticLambda9.apply(Unknown Source:24)
01-06 02:49:00.524   944  1064 E AppOps  : 	at com.android.server.policy.AppOpsPolicy.checkOperation(AppOpsPolicy.java:211)
01-06 02:49:00.524   944  1064 E AppOps  : 	at com.android.server.appop.AppOpsService$CheckOpsDelegateDispatcher.checkOperation(AppOpsService.java:7629)
01-06 02:49:00.524   944  1064 E AppOps  : 	at com.android.server.appop.AppOpsService.checkOperation(AppOpsService.java:3223)
01-06 02:49:00.524   944  1064 E AppOps  : 	at com.android.server.StorageManagerService$StorageManagerInternalImpl.hasExternalStorageAccess(StorageManagerService.java:4835)
01-06 02:49:00.524   944  1064 E AppOps  : 	at com.android.server.am.ProcessList.startProcessLocked(ProcessList.java:1690)
01-06 02:49:00.524   944  1064 E AppOps  : 	at com.android.server.am.ProcessList.startProcessLocked(ProcessList.java:2368)
01-06 02:49:00.524   944  1064 E AppOps  : 	at com.android.server.am.ProcessList.startProcessLocked(ProcessList.java:2508)
01-06 02:49:00.524   944  1064 E AppOps  : 	at com.android.server.am.ActivityManagerService.startIsolatedProcess(ActivityManagerService.java:2809)
01-06 02:49:00.524   944  1064 E AppOps  : 	at com.android.server.am.ActivityManagerService$LocalService.startIsolatedProcess(ActivityManagerService.java:16549)
01-06 02:49:00.524   944  1064 E AppOps  : 	at android.webkit.WebViewLibraryLoader.createRelroFile(WebViewLibraryLoader.java:126)
01-06 02:49:00.524   944  1064 E AppOps  : 	at android.webkit.WebViewLibraryLoader.createRelros(WebViewLibraryLoader.java:164)
01-06 02:49:00.524   944  1064 E AppOps  : 	at android.webkit.WebViewLibraryLoader.prepareNativeLibraries(WebViewLibraryLoader.java:152)
01-06 02:49:00.524   944  1064 E AppOps  : 	at android.webkit.WebViewFactory.onWebViewProviderChanged(WebViewFactory.java:555)
01-06 02:49:00.524   944  1064 E AppOps  : 	at com.android.server.webkit.SystemImpl.onWebViewProviderChanged(SystemImpl.java:174)
01-06 02:49:00.524   944  1064 E AppOps  : 	at com.android.server.webkit.WebViewUpdateServiceImpl.onWebViewProviderChanged(WebViewUpdateServiceImpl.java:351)
01-06 02:49:00.524   944  1064 E AppOps  : 	at com.android.server.webkit.WebViewUpdateServiceImpl.prepareWebViewInSystemServer(WebViewUpdateServiceImpl.java:182)
01-06 02:49:00.524   944  1064 E AppOps  : 	at com.android.server.webkit.WebViewUpdateService.prepareWebViewInSystemServer(WebViewUpdateService.java:129)
01-06 02:49:00.524   944  1064 E AppOps  : 	at com.android.server.SystemServer.lambda$startOtherServices$3(SystemServer.java:2828)
01-06 02:49:00.524   944  1064 E AppOps  : 	at com.android.server.SystemServer.$r8$lambda$nG7XwJlwV2eNiP3C-iTim-mbKmM(Unknown Source:0)
01-06 02:49:00.524   944  1064 E AppOps  : 	at com.android.server.SystemServer$$ExternalSyntheticLambda6.run(Unknown Source:2)
01-06 02:49:00.524   944  1064 E AppOps  : 	at com.android.server.SystemServerInitThreadPool.lambda$submitTask$0(SystemServerInitThreadPool.java:106)
01-06 02:49:00.524   944  1064 E AppOps  : 	at com.android.server.SystemServerInitThreadPool.$r8$lambda$aGlXt69ihU44Qi7EB_RNeu8pnrY(Unknown Source:0)
01-06 02:49:00.524   944  1064 E AppOps  : 	at com.android.server.SystemServerInitThreadPool$$ExternalSyntheticLambda0.run(Unknown Source:6)
01-06 02:49:00.524   944  1064 E AppOps  : 	at java.util.concurrent.Executors$RunnableAdapter.call(Executors.java:463)
01-06 02:49:00.524   944  1064 E AppOps  : 	at java.util.concurrent.FutureTask.run(FutureTask.java:264)
01-06 02:49:00.524   944  1064 E AppOps  : 	at java.util.concurrent.ThreadPoolExecutor.runWorker(ThreadPoolExecutor.java:1137)
01-06 02:49:00.524   944  1064 E AppOps  : 	at java.util.concurrent.ThreadPoolExecutor$Worker.run(ThreadPoolExecutor.java:637)
01-06 02:49:00.524   944  1064 E AppOps  : 	at com.android.internal.util.ConcurrentUtils$1$1.run(ConcurrentUtils.java:65)
01-06 02:49:00.526   944  1064 D CompatibilityChangeReporter: Compat change id reported: 135634846; UID 1000; state: DISABLED
01-06 02:49:00.526   944  1064 D CompatibilityChangeReporter: Compat change id reported: 177438394; UID 1000; state: DISABLED
01-06 02:49:00.526   944  1064 D CompatibilityChangeReporter: Compat change id reported: 135772972; UID 1000; state: DISABLED
01-06 02:49:00.526   944  1064 D CompatibilityChangeReporter: Compat change id reported: 178038272; UID 1000; state: DISABLED
01-06 02:49:00.527   944  1064 E AppOps  : Bad call made by uid 1000. Package "android" does not belong to uid 1037.
01-06 02:49:00.528   944  1064 E AppOps  : checkOperation
01-06 02:49:00.528   944  1064 E AppOps  : java.lang.SecurityException: Specified package "android" under uid 1037 but it is not
01-06 02:49:00.528   944  1064 E AppOps  : 	at com.android.server.appop.AppOpsService.verifyAndGetBypass(AppOpsService.java:4700)
01-06 02:49:00.528   944  1064 E AppOps  : 	at com.android.server.appop.AppOpsService.verifyAndGetBypass(AppOpsService.java:4568)
01-06 02:49:00.528   944  1064 E AppOps  : 	at com.android.server.appop.AppOpsService.checkOperationUnchecked(AppOpsService.java:3253)
01-06 02:49:00.528   944  1064 E AppOps  : 	at com.android.server.appop.AppOpsService.checkOperationImpl(AppOpsService.java:3236)
01-06 02:49:00.528   944  1064 E AppOps  : 	at com.android.server.appop.AppOpsService.-$$Nest$mcheckOperationImpl(Unknown Source:0)
01-06 02:49:00.528   944  1064 E AppOps  : 	at com.android.server.appop.AppOpsService$CheckOpsDelegateDispatcher.lambda$checkOperation$0(AppOpsService.java:7630)
01-06 02:49:00.528   944  1064 E AppOps  : 	at com.android.server.appop.AppOpsService$CheckOpsDelegateDispatcher.$r8$lambda$KrwrxMLmGzFSEjEyo0aJ63o5J9E(Unknown Source:0)
01-06 02:49:00.528   944  1064 E AppOps  : 	at com.android.server.appop.AppOpsService$CheckOpsDelegateDispatcher$$ExternalSyntheticLambda9.apply(Unknown Source:24)
01-06 02:49:00.528   944  1064 E AppOps  : 	at com.android.server.policy.AppOpsPolicy.checkOperation(AppOpsPolicy.java:211)
01-06 02:49:00.528   944  1064 E AppOps  : 	at com.android.server.appop.AppOpsService$CheckOpsDelegateDispatcher.checkOperation(AppOpsService.java:7629)
01-06 02:49:00.528   944  1064 E AppOps  : 	at com.android.server.appop.AppOpsService.checkOperation(AppOpsService.java:3223)
01-06 02:49:00.528   944  1064 E AppOps  : 	at com.android.server.StorageManagerService$StorageManagerInternalImpl.hasExternalStorageAccess(StorageManagerService.java:4835)
01-06 02:49:00.528   944  1064 E AppOps  : 	at com.android.server.am.ProcessList.startProcessLocked(ProcessList.java:1690)
01-06 02:49:00.528   944  1064 E AppOps  : 	at com.android.server.am.ProcessList.startProcessLocked(ProcessList.java:2368)
01-06 02:49:00.528   944  1064 E AppOps  : 	at com.android.server.am.ProcessList.startProcessLocked(ProcessList.java:2508)
01-06 02:49:00.528   944  1064 E AppOps  : 	at com.android.server.am.ActivityManagerService.startIsolatedProcess(ActivityManagerService.java:2809)
01-06 02:49:00.528   944  1064 E AppOps  : 	at com.android.server.am.ActivityManagerService$LocalService.startIsolatedProcess(ActivityManagerService.java:16549)
01-06 02:49:00.528   944  1064 E AppOps  : 	at android.webkit.WebViewLibraryLoader.createRelroFile(WebViewLibraryLoader.java:126)
01-06 02:49:00.528   944  1064 E AppOps  : 	at android.webkit.WebViewLibraryLoader.createRelros(WebViewLibraryLoader.java:170)
01-06 02:49:00.528   944  1064 E AppOps  : 	at android.webkit.WebViewLibraryLoader.prepareNativeLibraries(WebViewLibraryLoader.java:152)
01-06 02:49:00.528   944  1064 E AppOps  : 	at android.webkit.WebViewFactory.onWebViewProviderChanged(WebViewFactory.java:555)
01-06 02:49:00.528   944  1064 E AppOps  : 	at com.android.server.webkit.SystemImpl.onWebViewProviderChanged(SystemImpl.java:174)
01-06 02:49:00.528   944  1064 E AppOps  : 	at com.android.server.webkit.WebViewUpdateServiceImpl.onWebViewProviderChanged(WebViewUpdateServiceImpl.java:351)
01-06 02:49:00.528   944  1064 E AppOps  : 	at com.android.server.webkit.WebViewUpdateServiceImpl.prepareWebViewInSystemServer(WebViewUpdateServiceImpl.java:182)
01-06 02:49:00.528   944  1064 E AppOps  : 	at com.android.server.webkit.WebViewUpdateService.prepareWebViewInSystemServer(WebViewUpdateService.java:129)
01-06 02:49:00.528   944  1064 E AppOps  : 	at com.android.server.SystemServer.lambda$startOtherServices$3(SystemServer.java:2828)
01-06 02:49:00.528   944  1064 E AppOps  : 	at com.android.server.SystemServer.$r8$lambda$nG7XwJlwV2eNiP3C-iTim-mbKmM(Unknown Source:0)
01-06 02:49:00.528   944  1064 E AppOps  : 	at com.android.server.SystemServer$$ExternalSyntheticLambda6.run(Unknown Source:2)
01-06 02:49:00.528   944  1064 E AppOps  : 	at com.android.server.SystemServerInitThreadPool.lambda$submitTask$0(SystemServerInitThreadPool.java:106)
01-06 02:49:00.528   944  1064 E AppOps  : 	at com.android.server.SystemServerInitThreadPool.$r8$lambda$aGlXt69ihU44Qi7EB_RNeu8pnrY(Unknown Source:0)
01-06 02:49:00.528   944  1064 E AppOps  : 	at com.android.server.SystemServerInitThreadPool$$ExternalSyntheticLambda0.run(Unknown Source:6)
01-06 02:49:00.528   944  1064 E AppOps  : 	at java.util.concurrent.Executors$RunnableAdapter.call(Executors.java:463)
01-06 02:49:00.528   944  1064 E AppOps  : 	at java.util.concurrent.FutureTask.run(FutureTask.java:264)
01-06 02:49:00.528   944  1064 E AppOps  : 	at java.util.concurrent.ThreadPoolExecutor.runWorker(ThreadPoolExecutor.java:1137)
01-06 02:49:00.528   944  1064 E AppOps  : 	at java.util.concurrent.ThreadPoolExecutor$Worker.run(ThreadPoolExecutor.java:637)
01-06 02:49:00.528   944  1064 E AppOps  : 	at com.android.internal.util.ConcurrentUtils$1$1.run(ConcurrentUtils.java:65)
01-06 02:49:00.528   944  1157 W NetworkPolicy: setRestrictBackgroundUL: already false
01-06 02:49:00.529   944  1064 V SystemServerTimingAsync: WebViewFactoryPreparation took to complete: 18ms
01-06 02:49:00.530   944  1064 D SystemServerInitThreadPool: Finished executing WebViewFactoryPreparation
01-06 02:49:00.530   944  1064 V SystemServerTimingAsync: InitThreadPoolExec:WebViewFactoryPreparation took to complete: 19ms
01-06 02:49:00.548   944  1157 D CompatibilityChangeReporter: Compat change id reported: 218533173; UID 10092; state: DISABLED
01-06 02:49:00.550   944  1157 D CompatibilityChangeReporter: Compat change id reported: 218533173; UID 10091; state: ENABLED
01-06 02:49:00.600   528   528 E android.hardware.wifi@1.0-service.droidlogic: driver not ok ,wait
01-06 02:49:00.604   944   944 V SystemServerTiming: MakeConnectivityServiceReady took to complete: 87ms
01-06 02:49:00.604   944   944 D SystemServerTiming: MakeVpnManagerServiceReady
01-06 02:49:00.648   944   944 V SystemServerTiming: MakeVpnManagerServiceReady took to complete: 44ms
01-06 02:49:00.648   944   944 D SystemServerTiming: MakeVcnManagementServiceReady
01-06 02:49:00.652   944   944 V SystemServerTiming: MakeVcnManagementServiceReady took to complete: 4ms
01-06 02:49:00.652   944   944 D SystemServerTiming: MakeNetworkPolicyServiceReady
01-06 02:49:00.655   944   944 V SystemServerTiming: MakeNetworkPolicyServiceReady took to complete: 3ms
01-06 02:49:00.655   944   944 D SystemServerTiming: PhaseThirdPartyAppsCanStart
01-06 02:49:00.655   944   944 I SystemServiceManager: Starting phase 600
01-06 02:49:00.656   944   944 D SystemServerTiming: OnBootPhase_600
01-06 02:49:00.656   944   944 D SystemServerTiming: OnBootPhase_600_com.android.server.security.FileIntegrityService
01-06 02:49:00.656   944   944 V SystemServerTiming: OnBootPhase_600_com.android.server.security.FileIntegrityService took to complete: 0ms
01-06 02:49:00.656   944   944 D SystemServerTiming: OnBootPhase_600_com.android.server.pm.Installer
01-06 02:49:00.656   944   944 V SystemServerTiming: OnBootPhase_600_com.android.server.pm.Installer took to complete: 0ms
01-06 02:49:00.656   944   944 D SystemServerTiming: OnBootPhase_600_com.android.server.os.DeviceIdentifiersPolicyService
01-06 02:49:00.656   944   944 V SystemServerTiming: OnBootPhase_600_com.android.server.os.DeviceIdentifiersPolicyService took to complete: 0ms
01-06 02:49:00.656   944   944 D SystemServerTiming: OnBootPhase_600_com.android.server.uri.UriGrantsManagerService$Lifecycle
01-06 02:49:00.656   944   944 V SystemServerTiming: OnBootPhase_600_com.android.server.uri.UriGrantsManagerService$Lifecycle took to complete: 0ms
01-06 02:49:00.656   944   944 D SystemServerTiming: OnBootPhase_600_com.android.server.powerstats.PowerStatsService
01-06 02:49:00.656   944   944 V SystemServerTiming: OnBootPhase_600_com.android.server.powerstats.PowerStatsService took to complete: 0ms
01-06 02:49:00.656   944   944 D SystemServerTiming: OnBootPhase_600_com.android.server.wm.ActivityTaskManagerService$Lifecycle
01-06 02:49:00.656   944   944 V SystemServerTiming: OnBootPhase_600_com.android.server.wm.ActivityTaskManagerService$Lifecycle took to complete: 0ms
01-06 02:49:00.656   944   944 D SystemServerTiming: OnBootPhase_600_com.android.server.am.ActivityManagerService$Lifecycle
01-06 02:49:00.658   944   944 I ExplicitHealthCheckController: Explicit health checks enabled.
01-06 02:49:00.660   944   944 I PackageWatchdog: Syncing state, reason: health check state enabled
01-06 02:49:00.660   944   944 I PackageWatchdog: Not pruning observers, elapsed time: 0ms
01-06 02:49:00.661   944   975 I PackageWatchdog: Saving observer state to file
01-06 02:49:00.661   944   944 I PackageWatchdog: Cancelling state sync, nothing to sync
01-06 02:49:00.661   944   944 V SystemServerTiming: OnBootPhase_600_com.android.server.am.ActivityManagerService$Lifecycle took to complete: 5ms
01-06 02:49:00.661   944   944 D SystemServerTiming: OnBootPhase_600_com.android.server.pm.DataLoaderManagerService
01-06 02:49:00.661   944   944 V SystemServerTiming: OnBootPhase_600_com.android.server.pm.DataLoaderManagerService took to complete: 0ms
01-06 02:49:00.661   944   944 D SystemServerTiming: OnBootPhase_600_com.android.server.power.PowerManagerService
01-06 02:49:00.666   944   944 V SystemServerTiming: OnBootPhase_600_com.android.server.power.PowerManagerService took to complete: 4ms
01-06 02:49:00.666   944   944 D SystemServerTiming: OnBootPhase_600_com.android.server.power.ThermalManagerService
01-06 02:49:00.666   944   944 V SystemServerTiming: OnBootPhase_600_com.android.server.power.ThermalManagerService took to complete: 0ms
01-06 02:49:00.666   944   944 D SystemServerTiming: OnBootPhase_600_com.android.server.power.hint.HintManagerService
01-06 02:49:00.666   944   944 V SystemServerTiming: OnBootPhase_600_com.android.server.power.hint.HintManagerService took to complete: 0ms
01-06 02:49:00.666   944   944 D SystemServerTiming: OnBootPhase_600_com.android.server.recoverysystem.RecoverySystemService$Lifecycle
01-06 02:49:00.666   944   944 V SystemServerTiming: OnBootPhase_600_com.android.server.recoverysystem.RecoverySystemService$Lifecycle took to complete: 0ms
01-06 02:49:00.666   944   944 D SystemServerTiming: OnBootPhase_600_com.android.server.lights.LightsService
01-06 02:49:00.666   944   944 V SystemServerTiming: OnBootPhase_600_com.android.server.lights.LightsService took to complete: 0ms
01-06 02:49:00.666   944   944 D SystemServerTiming: OnBootPhase_600_com.android.server.display.DisplayManagerService
01-06 02:49:00.666   944   944 V SystemServerTiming: OnBootPhase_600_com.android.server.display.DisplayManagerService took to complete: 0ms
01-06 02:49:00.666   944   944 D SystemServerTiming: OnBootPhase_600_com.android.server.pm.verify.domain.DomainVerificationService
01-06 02:49:00.666   944   944 V SystemServerTiming: OnBootPhase_600_com.android.server.pm.verify.domain.DomainVerificationService took to complete: 0ms
01-06 02:49:00.666   944   944 D SystemServerTiming: OnBootPhase_600_com.android.server.pm.PackageInstallerService$Lifecycle
01-06 02:49:00.666   944   944 V SystemServerTiming: OnBootPhase_600_com.android.server.pm.PackageInstallerService$Lifecycle took to complete: 0ms
01-06 02:49:00.666   944   944 D SystemServerTiming: OnBootPhase_600_com.android.server.pm.UserManagerService$LifeCycle
01-06 02:49:00.666   944   944 V SystemServerTiming: OnBootPhase_600_com.android.server.pm.UserManagerService$LifeCycle took to complete: 0ms
01-06 02:49:00.666   944   944 D SystemServerTiming: OnBootPhase_600_com.android.server.om.OverlayManagerService
01-06 02:49:00.666   944   944 V SystemServerTiming: OnBootPhase_600_com.android.server.om.OverlayManagerService took to complete: 0ms
01-06 02:49:00.666   944   944 D SystemServerTiming: OnBootPhase_600_com.android.server.resources.ResourcesManagerService
01-06 02:49:00.667   944   944 V SystemServerTiming: OnBootPhase_600_com.android.server.resources.ResourcesManagerService took to complete: 0ms
01-06 02:49:00.667   944   944 D SystemServerTiming: OnBootPhase_600_com.android.server.sensorprivacy.SensorPrivacyService
01-06 02:49:00.667   944   944 V SystemServerTiming: OnBootPhase_600_com.android.server.sensorprivacy.SensorPrivacyService took to complete: 0ms
01-06 02:49:00.667   944   944 D SystemServerTiming: OnBootPhase_600_com.android.server.sensors.SensorService
01-06 02:49:00.667   944   944 V SystemServerTiming: OnBootPhase_600_com.android.server.sensors.SensorService took to complete: 0ms
01-06 02:49:00.667   944   944 D SystemServerTiming: OnBootPhase_600_com.android.server.SystemConfigService
01-06 02:49:00.667   944   944 V SystemServerTiming: OnBootPhase_600_com.android.server.SystemConfigService took to complete: 0ms
01-06 02:49:00.667   944   944 D SystemServerTiming: OnBootPhase_600_com.android.server.BatteryService
01-06 02:49:00.667   944   944 V SystemServerTiming: OnBootPhase_600_com.android.server.BatteryService took to complete: 0ms
01-06 02:49:00.667   944   944 D SystemServerTiming: OnBootPhase_600_com.android.server.usage.UsageStatsService
01-06 02:49:00.667   944   944 V SystemServerTiming: OnBootPhase_600_com.android.server.usage.UsageStatsService took to complete: 0ms
01-06 02:49:00.667   944   944 D SystemServerTiming: OnBootPhase_600_com.android.server.webkit.WebViewUpdateService
01-06 02:49:00.667   944   944 V SystemServerTiming: OnBootPhase_600_com.android.server.webkit.WebViewUpdateService took to complete: 0ms
01-06 02:49:00.667   944   944 D SystemServerTiming: OnBootPhase_600_com.android.server.CachedDeviceStateService
01-06 02:49:00.667   944   944 V SystemServerTiming: OnBootPhase_600_com.android.server.CachedDeviceStateService took to complete: 0ms
01-06 02:49:00.667   944   944 D SystemServerTiming: OnBootPhase_600_com.android.server.BinderCallsStatsService$LifeCycle
01-06 02:49:00.667   944   944 V SystemServerTiming: OnBootPhase_600_com.android.server.BinderCallsStatsService$LifeCycle took to complete: 0ms
01-06 02:49:00.667   944   944 D SystemServerTiming: OnBootPhase_600_com.android.server.LooperStatsService$Lifecycle
01-06 02:49:00.667   944   944 V SystemServerTiming: OnBootPhase_600_com.android.server.LooperStatsService$Lifecycle took to complete: 0ms
01-06 02:49:00.667   944   944 D SystemServerTiming: OnBootPhase_600_com.android.server.rollback.RollbackManagerService
01-06 02:49:00.668   944   944 V SystemServerTiming: OnBootPhase_600_com.android.server.rollback.RollbackManagerService took to complete: 0ms
01-06 02:49:00.668   944   944 D SystemServerTiming: OnBootPhase_600_com.android.server.os.NativeTombstoneManagerService
01-06 02:49:00.668   944   944 V SystemServerTiming: OnBootPhase_600_com.android.server.os.NativeTombstoneManagerService took to complete: 0ms
01-06 02:49:00.668   944   944 D SystemServerTiming: OnBootPhase_600_com.android.server.os.BugreportManagerService
01-06 02:49:00.668   944   944 V SystemServerTiming: OnBootPhase_600_com.android.server.os.BugreportManagerService took to complete: 0ms
01-06 02:49:00.668   944   944 D SystemServerTiming: OnBootPhase_600_com.android.server.gpu.GpuService
01-06 02:49:00.668   944   944 V SystemServerTiming: OnBootPhase_600_com.android.server.gpu.GpuService took to complete: 0ms
01-06 02:49:00.668   944   944 D SystemServerTiming: OnBootPhase_600_com.android.server.security.KeyChainSystemService
01-06 02:49:00.668   944   944 V SystemServerTiming: OnBootPhase_600_com.android.server.security.KeyChainSystemService took to complete: 0ms
01-06 02:49:00.668   944   944 D SystemServerTiming: OnBootPhase_600_com.android.server.BinaryTransparencyService
01-06 02:49:00.668   944   944 V SystemServerTiming: OnBootPhase_600_com.android.server.BinaryTransparencyService took to complete: 0ms
01-06 02:49:00.668   944   944 D SystemServerTiming: OnBootPhase_600_com.android.server.accounts.AccountManagerService$Lifecycle
01-06 02:49:00.668   944   944 V SystemServerTiming: OnBootPhase_600_com.android.server.accounts.AccountManagerService$Lifecycle took to complete: 0ms
01-06 02:49:00.668   944   944 D SystemServerTiming: OnBootPhase_600_com.android.server.content.ContentService$Lifecycle
01-06 02:49:00.668   944   944 V SystemServerTiming: OnBootPhase_600_com.android.server.content.ContentService$Lifecycle took to complete: 0ms
01-06 02:49:00.668   944   944 D SystemServerTiming: OnBootPhase_600_com.android.server.DropBoxManagerService
01-06 02:49:00.668   944   944 V SystemServerTiming: OnBootPhase_600_com.android.server.DropBoxManagerService took to complete: 0ms
01-06 02:49:00.668   944   944 D SystemServerTiming: OnBootPhase_600_com.android.role.RoleService
01-06 02:49:00.669   944   944 V SystemServerTiming: OnBootPhase_600_com.android.role.RoleService took to complete: 0ms
01-06 02:49:00.669   944   944 D SystemServerTiming: OnBootPhase_600_com.android.server.vibrator.VibratorManagerService$Lifecycle
01-06 02:49:00.669   944   944 V SystemServerTiming: OnBootPhase_600_com.android.server.vibrator.VibratorManagerService$Lifecycle took to complete: 0ms
01-06 02:49:00.669   944   944 D SystemServerTiming: OnBootPhase_600_com.android.server.tare.InternalResourceService
01-06 02:49:00.669   944   944 V SystemServerTiming: OnBootPhase_600_com.android.server.tare.InternalResourceService took to complete: 0ms
01-06 02:49:00.669   944   944 D SystemServerTiming: OnBootPhase_600_com.android.server.alarm.AlarmManagerService
01-06 02:49:00.670   944   944 V SystemServerTiming: OnBootPhase_600_com.android.server.alarm.AlarmManagerService took to complete: 0ms
01-06 02:49:00.670   944   944 D SystemServerTiming: OnBootPhase_600_com.android.server.devicestate.DeviceStateManagerService
01-06 02:49:00.670   944   944 V SystemServerTiming: OnBootPhase_600_com.android.server.devicestate.DeviceStateManagerService took to complete: 0ms
01-06 02:49:00.671   944   944 D SystemServerTiming: OnBootPhase_600_com.android.server.bluetooth.BluetoothService
01-06 02:49:00.672   944   944 V SystemServerTiming: OnBootPhase_600_com.android.server.bluetooth.BluetoothService took to complete: 0ms
01-06 02:49:00.672   944   944 D SystemServerTiming: OnBootPhase_600_com.android.server.connectivity.IpConnectivityMetrics
01-06 02:49:00.672   944   944 V SystemServerTiming: OnBootPhase_600_com.android.server.connectivity.IpConnectivityMetrics took to complete: 0ms
01-06 02:49:00.672   944   944 D SystemServerTiming: OnBootPhase_600_com.android.server.net.watchlist.NetworkWatchlistService$Lifecycle
01-06 02:49:00.672   944   944 V SystemServerTiming: OnBootPhase_600_com.android.server.net.watchlist.NetworkWatchlistService$Lifecycle took to complete: 0ms
01-06 02:49:00.672   944   944 D SystemServerTiming: OnBootPhase_600_com.android.server.PinnerService
01-06 02:49:00.672   944   944 V SystemServerTiming: OnBootPhase_600_com.android.server.PinnerService took to complete: 0ms
01-06 02:49:00.672   944   944 D SystemServerTiming: OnBootPhase_600_com.android.server.integrity.AppIntegrityManagerService
01-06 02:49:00.672   944   944 V SystemServerTiming: OnBootPhase_600_com.android.server.integrity.AppIntegrityManagerService took to complete: 0ms
01-06 02:49:00.672   944   944 D SystemServerTiming: OnBootPhase_600_com.android.server.logcat.LogcatManagerService
01-06 02:49:00.672   944   944 V SystemServerTiming: OnBootPhase_600_com.android.server.logcat.LogcatManagerService took to complete: 0ms
01-06 02:49:00.672   944   944 D SystemServerTiming: OnBootPhase_600_com.android.server.inputmethod.InputMethodManagerService$Lifecycle
01-06 02:49:00.672   944   944 V SystemServerTiming: OnBootPhase_600_com.android.server.inputmethod.InputMethodManagerService$Lifecycle took to complete: 0ms
01-06 02:49:00.672   944   944 D SystemServerTiming: OnBootPhase_600_com.android.server.accessibility.AccessibilityManagerService$Lifecycle
01-06 02:49:00.673   944   944 V SystemServerTiming: OnBootPhase_600_com.android.server.accessibility.AccessibilityManagerService$Lifecycle took to complete: 1ms
01-06 02:49:00.673   944   944 D SystemServerTiming: OnBootPhase_600_com.android.server.StorageManagerService$Lifecycle
01-06 02:49:00.673   944   944 V SystemServerTiming: OnBootPhase_600_com.android.server.StorageManagerService$Lifecycle took to complete: 0ms
01-06 02:49:00.673   944   944 D SystemServerTiming: OnBootPhase_600_com.android.server.usage.StorageStatsService$Lifecycle
01-06 02:49:00.673   944   944 V SystemServerTiming: OnBootPhase_600_com.android.server.usage.StorageStatsService$Lifecycle took to complete: 0ms
01-06 02:49:00.673   944   944 D SystemServerTiming: OnBootPhase_600_com.android.server.UiModeManagerService
01-06 02:49:00.673   944   944 V SystemServerTiming: OnBootPhase_600_com.android.server.UiModeManagerService took to complete: 0ms
01-06 02:49:00.673   944   944 D SystemServerTiming: OnBootPhase_600_com.android.server.locales.LocaleManagerService
01-06 02:49:00.673   944   944 V SystemServerTiming: OnBootPhase_600_com.android.server.locales.LocaleManagerService took to complete: 0ms
01-06 02:49:00.674   944   944 D SystemServerTiming: OnBootPhase_600_com.android.server.locksettings.LockSettingsService$Lifecycle
01-06 02:49:00.674   944   944 V SystemServerTiming: OnBootPhase_600_com.android.server.locksettings.LockSettingsService$Lifecycle took to complete: 0ms
01-06 02:49:00.674   944   944 D SystemServerTiming: OnBootPhase_600_com.android.server.PersistentDataBlockService
01-06 02:49:00.674   944   944 V SystemServerTiming: OnBootPhase_600_com.android.server.PersistentDataBlockService took to complete: 0ms
01-06 02:49:00.674   944   944 D SystemServerTiming: OnBootPhase_600_com.android.server.testharness.TestHarnessModeService
01-06 02:49:00.674   944   944 V SystemServerTiming: OnBootPhase_600_com.android.server.testharness.TestHarnessModeService took to complete: 0ms
01-06 02:49:00.674   944   944 D SystemServerTiming: OnBootPhase_600_com.android.server.oemlock.OemLockService
01-06 02:49:00.674   944   944 V SystemServerTiming: OnBootPhase_600_com.android.server.oemlock.OemLockService took to complete: 0ms
01-06 02:49:00.674   944   944 D SystemServerTiming: OnBootPhase_600_com.android.server.DeviceIdleController
01-06 02:49:00.674   944   944 V SystemServerTiming: OnBootPhase_600_com.android.server.DeviceIdleController took to complete: 0ms
01-06 02:49:00.674   944   944 D SystemServerTiming: OnBootPhase_600_com.android.server.devicepolicy.DevicePolicyManagerService$Lifecycle
