01-06 02:51:14.790   944  1059 E PackageInstallerSession: com.brdgwtr.publisherservice drops manifest attribute android:installLocation in base.apk for com.amazon.amazonvideo.livingroom.qa
01-06 02:51:16.470   944  1007 V BackupManagerService: [UserID:0] restoreAtInstall pkg=com.plexapp.android token=5 restoreSet=0
01-06 02:51:16.471   944  1007 V BackupManagerService: [UserID:0] Finishing install immediately
01-06 02:51:16.472   944  1007 D OomAdjuster: Not killing cached processes
01-06 02:51:16.472   944  1007 W ProcessStats: Tracking association SourceState{8d88922 system/1000 BTopFgs #821} whose proc state 2 is better than process ProcessState{a2bd69d com.sonos.connectivity/10082 pkg=com.sonos.connectivity} proc state 3 (9 skipped)
01-06 02:51:16.480   944  1007 E PackageManager: ERROR: could not load root hash from incremental install
01-06 02:51:16.480   944  1007 E PackageManager: Required verifier is null
01-06 02:51:16.480   944  1007 I AppsFilter: interaction: PackageSetting{1580650 com.sonos.pinewood.tokenmanager.service/10056} -> PackageSetting{63b6a8b com.plexapp.android/10097} BLOCKED
01-06 02:51:16.480   944  1007 I AppsFilter: interaction: PackageSetting{362cd4e com.sonos.pinewood.ota.service/10046} -> PackageSetting{63b6a8b com.plexapp.android/10097} BLOCKED
01-06 02:51:16.480   944  1007 I AppsFilter: interaction: PackageSetting{3f35e6f com.sonos.pinewood.ota.test/10051} -> PackageSetting{63b6a8b com.plexapp.android/10097} BLOCKED
01-06 02:51:16.482   944  1007 D PackageInstallerSession: Marking session 513759800 as applied
01-06 02:51:16.491   944  1007 D CompatibilityChangeReporter: Compat change id reported: 168419799; UID 10097; state: DISABLED
01-06 02:51:16.505   944   976 W BroadcastQueue: Background execution not allowed: receiving Intent { act=android.intent.action.PACKAGE_ADDED dat=package: flg=0x4000010 (has extras) } to com.android.packageinstaller/.PackageInstalledReceiver
01-06 02:51:16.505   944   976 W BroadcastQueue: Background execution not allowed: receiving Intent { act=android.intent.action.PACKAGE_ADDED dat=package: flg=0x4000010 (has extras) } to com.android.gallery3d/.app.PackagesMonitor
01-06 02:51:16.520   944  1114 W RuleEvaluation: Integrity rule files are not available.
01-06 02:51:16.520   944  1007 I PackageManager: Integrity check passed for file:///data/app/vmdl1812610925.tmp
01-06 02:51:16.524   944   944 I AppsFilter: interaction: PackageSetting{1580650 com.sonos.pinewood.tokenmanager.service/10056} -> PackageSetting{fca79e0 com.plexapp.android/10097} BLOCKED
01-06 02:51:16.524   944   944 I AppsFilter: interaction: PackageSetting{362cd4e com.sonos.pinewood.ota.service/10046} -> PackageSetting{fca79e0 com.plexapp.android/10097} BLOCKED
01-06 02:51:16.524   944   944 I AppsFilter: interaction: PackageSetting{3f35e6f com.sonos.pinewood.ota.test/10051} -> PackageSetting{fca79e0 com.plexapp.android/10097} BLOCKED
01-06 02:51:16.564   944  1007 I PackageManager: Permission ownership changed. Updating all permissions.
01-06 02:51:16.577   944  1007 W PackageManager: Package android.ext.services is an APK in APEX, but has permission allowlist on the system image. Please bundle the allowlist in the com.android.extservices APEX instead.
01-06 02:51:16.577   944  1007 W PackageManager: Package android.ext.services is an APK in APEX, but has permission allowlist on the system image. Please bundle the allowlist in the com.android.extservices APEX instead.
01-06 02:51:16.577   944  1007 W PackageManager: Package android.ext.services is an APK in APEX, but has permission allowlist on the system image. Please bundle the allowlist in the com.android.extservices APEX instead.
01-06 02:51:16.577   944  1007 W PackageManager: Package android.ext.services is an APK in APEX, but has permission allowlist on the system image. Please bundle the allowlist in the com.android.extservices APEX instead.
01-06 02:51:16.589   944  1007 W PackageManager: Package com.android.providers.media.module is an APK in APEX, but has permission allowlist on the system image. Please bundle the allowlist in the com.android.mediaprovider APEX instead.
01-06 02:51:16.589   944  1007 W PackageManager: Package com.android.providers.media.module is an APK in APEX, but has permission allowlist on the system image. Please bundle the allowlist in the com.android.mediaprovider APEX instead.
01-06 02:51:16.589   944  1007 W PackageManager: Package com.android.providers.media.module is an APK in APEX, but has permission allowlist on the system image. Please bundle the allowlist in the com.android.mediaprovider APEX instead.
01-06 02:51:16.589   944  1007 W PackageManager: Package com.android.providers.media.module is an APK in APEX, but has permission allowlist on the system image. Please bundle the allowlist in the com.android.mediaprovider APEX instead.
01-06 02:51:16.589   944  1007 W PackageManager: Package com.android.providers.media.module is an APK in APEX, but has permission allowlist on the system image. Please bundle the allowlist in the com.android.mediaprovider APEX instead.
01-06 02:51:16.589   944  1007 W PackageManager: Package com.android.providers.media.module is an APK in APEX, but has permission allowlist on the system image. Please bundle the allowlist in the com.android.mediaprovider APEX instead.
01-06 02:51:16.589   944  1007 W PackageManager: Package com.android.providers.media.module is an APK in APEX, but has permission allowlist on the system image. Please bundle the allowlist in the com.android.mediaprovider APEX instead.
01-06 02:51:16.589   944  1007 W PackageManager: Package com.android.providers.media.module is an APK in APEX, but has permission allowlist on the system image. Please bundle the allowlist in the com.android.mediaprovider APEX instead.
01-06 02:51:16.589   944  1007 W PackageManager: Package com.android.providers.media.module is an APK in APEX, but has permission allowlist on the system image. Please bundle the allowlist in the com.android.mediaprovider APEX instead.
01-06 02:51:16.589   944  1007 W PackageManager: Package com.android.providers.media.module is an APK in APEX, but has permission allowlist on the system image. Please bundle the allowlist in the com.android.mediaprovider APEX instead.
01-06 02:51:16.590   944  1007 W PackageManager: Package com.android.providers.media.module is an APK in APEX, but has permission allowlist on the system image. Please bundle the allowlist in the com.android.mediaprovider APEX instead.
01-06 02:51:16.590   944  1007 W PackageManager: Package com.android.providers.media.module is an APK in APEX, but has permission allowlist on the system image. Please bundle the allowlist in the com.android.mediaprovider APEX instead.
01-06 02:51:16.590   944  1007 W PackageManager: Package com.android.providers.media.module is an APK in APEX, but has permission allowlist on the system image. Please bundle the allowlist in the com.android.mediaprovider APEX instead.
01-06 02:51:10.720     0     0 I [0 T3036  ..] logd: start watching /data/system/packages.list ...
01-06 02:51:10.721     0     0 I [0 T3036  ..] logd: ReadPackageList, total packages: 106
01-06 02:51:16.628   944  1007 D PackageManager: Instant App installer not found with android.intent.action.INSTALL_INSTANT_APP_PACKAGE
01-06 02:51:16.628   944  1007 D PackageManager: Clear ephemeral installer activity
01-06 02:51:16.642   944   975 W TextServicesManagerService: no available spell checker services found
01-06 02:51:16.656   944   975 W VoiceInteractionManager: no available voice recognition services found for user 0
01-06 02:51:16.656   944  1007 V BackupManagerService: [UserID:0] restoreAtInstall pkg=com.amazon.amazonvideo.livingroom.qa token=6 restoreSet=0
01-06 02:51:16.657   944  1007 V BackupManagerService: [UserID:0] Finishing install immediately
01-06 02:51:16.668   944  1068 D CompatibilityChangeReporter: Compat change id reported: 218533173; UID 10097; state: ENABLED
01-06 02:51:16.671   944  1741 W BackupTransportManager: Package com.plexapp.android enabled setting: 0
01-06 02:51:16.676   944  1007 I AppsFilter: interaction: PackageSetting{1580650 com.sonos.pinewood.tokenmanager.service/10056} -> PackageSetting{efd256f com.amazon.amazonvideo.livingroom.qa/10098} BLOCKED
01-06 02:51:16.676   944  1007 I AppsFilter: interaction: PackageSetting{362cd4e com.sonos.pinewood.ota.service/10046} -> PackageSetting{efd256f com.amazon.amazonvideo.livingroom.qa/10098} BLOCKED
01-06 02:51:16.676   944  1007 I AppsFilter: interaction: PackageSetting{3f35e6f com.sonos.pinewood.ota.test/10051} -> PackageSetting{efd256f com.amazon.amazonvideo.livingroom.qa/10098} BLOCKED
01-06 02:51:16.678   944   975 W TextServicesManagerService: no available spell checker services found
01-06 02:51:16.678   944  1007 D PackageInstallerSession: Marking session 1812610925 as applied
01-06 02:51:16.689   944  1007 D CompatibilityChangeReporter: Compat change id reported: 168419799; UID 10098; state: DISABLED
01-06 02:51:16.689   944   975 W VoiceInteractionManager: no available voice recognition services found for user 0
01-06 02:51:16.718   944   975 W TextServicesManagerService: no available spell checker services found
01-06 02:51:16.719   944  1955 W BroadcastQueue: Background execution not allowed: receiving Intent { act=android.intent.action.PACKAGE_ADDED dat=package: flg=0x4000010 (has extras) } to com.android.packageinstaller/.PackageInstalledReceiver
01-06 02:51:16.722   944   976 W BroadcastQueue: Background execution not allowed: receiving Intent { act=android.intent.action.PACKAGE_ADDED dat=package: flg=0x4000010 (has extras) } to com.android.gallery3d/.app.PackagesMonitor
01-06 02:51:16.727   944   975 W VoiceInteractionManager: no available voice recognition services found for user 0
01-06 02:51:16.741   944   944 I AppsFilter: interaction: PackageSetting{1580650 com.sonos.pinewood.tokenmanager.service/10056} -> PackageSetting{39fe092 com.amazon.amazonvideo.livingroom.qa/10098} BLOCKED
01-06 02:51:16.741   944   944 I AppsFilter: interaction: PackageSetting{362cd4e com.sonos.pinewood.ota.service/10046} -> PackageSetting{39fe092 com.amazon.amazonvideo.livingroom.qa/10098} BLOCKED
01-06 02:51:16.741   944   944 I AppsFilter: interaction: PackageSetting{3f35e6f com.sonos.pinewood.ota.test/10051} -> PackageSetting{39fe092 com.amazon.amazonvideo.livingroom.qa/10098} BLOCKED
01-06 02:51:16.741   944  1219 D CompatibilityChangeReporter: Compat change id reported: 161252188; UID 10098; state: ENABLED
01-06 02:51:16.743   944   976 D CompatibilityChangeReporter: Compat change id reported: 135634846; UID 10098; state: DISABLED
01-06 02:51:16.744   944   977 D CompatibilityChangeReporter: Compat change id reported: 143937733; UID 10098; state: ENABLED
01-06 02:51:16.748   944  1068 D CompatibilityChangeReporter: Compat change id reported: 218533173; UID 10098; state: ENABLED
01-06 02:51:16.752   944   975 W TextServicesManagerService: no available spell checker services found
01-06 02:51:16.754   944   977 I ActivityManager: Start proc 3965:com.amazon.amazonvideo.livingroom.qa/u0a98 for broadcast {com.amazon.amazonvideo.livingroom.qa/com.amazon.ignition.receiver.RunOnInstallReceiver}
01-06 02:51:16.762   944  1741 W BackupTransportManager: Package com.amazon.amazonvideo.livingroom.qa enabled setting: 0
01-06 02:51:16.767   944   975 W VoiceInteractionManager: no available voice recognition services found for user 0
01-06 02:51:10.967     0     0 W [5 T3992  ..] audit: audit_lost=15068 audit_rate_limit=5 audit_backlog_limit=64
01-06 02:51:10.967     0     0 E [5 T3992  ..] audit: rate limit exceeded
01-06 02:51:17.653   944  1282 D PackageManager: Instant App installer not found with android.intent.action.INSTALL_INSTANT_APP_PACKAGE
01-06 02:51:17.653   944  1282 D PackageManager: Clear ephemeral installer activity
01-06 02:51:17.811   944  1282 D PackageManager: Instant App installer not found with android.intent.action.INSTALL_INSTANT_APP_PACKAGE
01-06 02:51:17.811   944  1282 D PackageManager: Clear ephemeral installer activity
01-06 02:51:17.840   944  1955 D CompatibilityChangeReporter: Compat change id reported: 194532703; UID 10098; state: ENABLED
01-06 02:51:18.654   944  1007 I AppsFilter: interaction: PackageSetting{1580650 com.sonos.pinewood.tokenmanager.service/10056} -> PackageSetting{e1cd357 com.amazon.amazonvideo.livingroom.qa/10098} BLOCKED
01-06 02:51:18.654   944  1007 I AppsFilter: interaction: PackageSetting{362cd4e com.sonos.pinewood.ota.service/10046} -> PackageSetting{e1cd357 com.amazon.amazonvideo.livingroom.qa/10098} BLOCKED
01-06 02:51:18.654   944  1007 I AppsFilter: interaction: PackageSetting{3f35e6f com.sonos.pinewood.ota.test/10051} -> PackageSetting{e1cd357 com.amazon.amazonvideo.livingroom.qa/10098} BLOCKED
01-06 02:51:18.676   944   975 W VoiceInteractionManager: no available voice recognition services found for user 0
01-06 02:51:18.958   944  1221 W JobScheduler: Job didn't exist in JobStore: c4dd441 #u0a17/14 com.android.statementservice/androidx.work.impl.background.systemjob.SystemJobService
01-06 02:51:21.280  3965  3965 W Looper  : Slow dispatch took 3591ms main h=android.app.ActivityThread$H c=null m=113
01-06 02:51:21.280  3965  3965 W Looper  : Slow delivery took 3389ms main h=android.os.Handler c=androidx.lifecycle.LiveData$1@de6dd02 m=0
01-06 02:51:21.296  3965  3965 W Looper  : Drained
01-06 02:51:22.743   944   975 D OomAdjuster: Not killing cached processes
01-06 02:51:26.681   944  1068 W ProcessStats: Tracking association SourceState{8d88922 system/1000 BTopFgs #928} whose proc state 2 is better than process ProcessState{a2bd69d com.sonos.connectivity/10082 pkg=com.sonos.connectivity} proc state 3 (149 skipped)
01-06 02:51:27.195   358  3951 I keystore2: keystore2::watchdog: Watchdog thread idle -> terminating. Have a great day.
01-06 02:51:22.645     0     0 I [0 T3036  ..] logd: start watching /data/system/packages.list ...
01-06 02:51:22.646     0     0 I [0 T3036  ..] logd: ReadPackageList, total packages: 106
01-06 02:51:33.870   944  1079 D OomAdjuster: Not killing cached processes
01-06 02:51:40.020   944  1007 E PackageManager: ERROR: could not load root hash from incremental install
01-06 02:51:40.020   944  1007 E PackageManager: Required verifier is null
01-06 02:51:40.021   944   976 D OomAdjuster: Not killing cached processes
01-06 02:51:40.022   944   976 W ProcessStats: Tracking association SourceState{8d88922 system/1000 BTopFgs #936} whose proc state 2 is better than process ProcessState{a2bd69d com.sonos.connectivity/10082 pkg=com.sonos.connectivity} proc state 3 (7 skipped)
01-06 02:51:40.072   944  1114 W RuleEvaluation: Integrity rule files are not available.
01-06 02:51:40.073   944  1007 I PackageManager: Integrity check passed for file:///data/app/vmdl170355161.tmp
01-06 02:51:40.158   944  1007 I PackageManager: Permission ownership changed. Updating all permissions.
01-06 02:51:40.168   944  1007 W PackageManager: Package android.ext.services is an APK in APEX, but has permission allowlist on the system image. Please bundle the allowlist in the com.android.extservices APEX instead.
01-06 02:51:40.168   944  1007 W PackageManager: Package android.ext.services is an APK in APEX, but has permission allowlist on the system image. Please bundle the allowlist in the com.android.extservices APEX instead.
01-06 02:51:40.168   944  1007 W PackageManager: Package android.ext.services is an APK in APEX, but has permission allowlist on the system image. Please bundle the allowlist in the com.android.extservices APEX instead.
01-06 02:51:40.168   944  1007 W PackageManager: Package android.ext.services is an APK in APEX, but has permission allowlist on the system image. Please bundle the allowlist in the com.android.extservices APEX instead.
01-06 02:51:40.178   944  1007 W PackageManager: Package com.android.providers.media.module is an APK in APEX, but has permission allowlist on the system image. Please bundle the allowlist in the com.android.mediaprovider APEX instead.
01-06 02:51:40.178   944  1007 W PackageManager: Package com.android.providers.media.module is an APK in APEX, but has permission allowlist on the system image. Please bundle the allowlist in the com.android.mediaprovider APEX instead.
01-06 02:51:40.178   944  1007 W PackageManager: Package com.android.providers.media.module is an APK in APEX, but has permission allowlist on the system image. Please bundle the allowlist in the com.android.mediaprovider APEX instead.
01-06 02:51:40.178   944  1007 W PackageManager: Package com.android.providers.media.module is an APK in APEX, but has permission allowlist on the system image. Please bundle the allowlist in the com.android.mediaprovider APEX instead.
01-06 02:51:40.178   944  1007 W PackageManager: Package com.android.providers.media.module is an APK in APEX, but has permission allowlist on the system image. Please bundle the allowlist in the com.android.mediaprovider APEX instead.
01-06 02:51:40.178   944  1007 W PackageManager: Package com.android.providers.media.module is an APK in APEX, but has permission allowlist on the system image. Please bundle the allowlist in the com.android.mediaprovider APEX instead.
01-06 02:51:40.178   944  1007 W PackageManager: Package com.android.providers.media.module is an APK in APEX, but has permission allowlist on the system image. Please bundle the allowlist in the com.android.mediaprovider APEX instead.
01-06 02:51:40.178   944  1007 W PackageManager: Package com.android.providers.media.module is an APK in APEX, but has permission allowlist on the system image. Please bundle the allowlist in the com.android.mediaprovider APEX instead.
01-06 02:51:40.178   944  1007 W PackageManager: Package com.android.providers.media.module is an APK in APEX, but has permission allowlist on the system image. Please bundle the allowlist in the com.android.mediaprovider APEX instead.
01-06 02:51:40.178   944  1007 W PackageManager: Package com.android.providers.media.module is an APK in APEX, but has permission allowlist on the system image. Please bundle the allowlist in the com.android.mediaprovider APEX instead.
01-06 02:51:40.178   944  1007 W PackageManager: Package com.android.providers.media.module is an APK in APEX, but has permission allowlist on the system image. Please bundle the allowlist in the com.android.mediaprovider APEX instead.
01-06 02:51:40.179   944  1007 W PackageManager: Package com.android.providers.media.module is an APK in APEX, but has permission allowlist on the system image. Please bundle the allowlist in the com.android.mediaprovider APEX instead.
01-06 02:51:40.179   944  1007 W PackageManager: Package com.android.providers.media.module is an APK in APEX, but has permission allowlist on the system image. Please bundle the allowlist in the com.android.mediaprovider APEX instead.
01-06 02:51:34.304     0     0 I [0 T3036  ..] logd: start watching /data/system/packages.list ...
01-06 02:51:34.305     0     0 I [0 T3036  ..] logd: ReadPackageList, total packages: 107
01-06 02:51:40.209   944  1007 D PackageManager: Instant App installer not found with android.intent.action.INSTALL_INSTANT_APP_PACKAGE
01-06 02:51:40.209   944  1007 D PackageManager: Clear ephemeral installer activity
01-06 02:51:44.028   944  1007 V BackupManagerService: [UserID:0] restoreAtInstall pkg=com.disney.disneyplus token=7 restoreSet=0
01-06 02:51:44.029   944  1007 V BackupManagerService: [UserID:0] Finishing install immediately
01-06 02:51:44.033   944  1007 I AppsFilter: interaction: PackageSetting{1580650 com.sonos.pinewood.tokenmanager.service/10056} -> PackageSetting{fcfc36f com.disney.disneyplus/10099} BLOCKED
01-06 02:51:44.033   944  1007 I AppsFilter: interaction: PackageSetting{362cd4e com.sonos.pinewood.ota.service/10046} -> PackageSetting{fcfc36f com.disney.disneyplus/10099} BLOCKED
01-06 02:51:44.033   944  1007 I AppsFilter: interaction: PackageSetting{3f35e6f com.sonos.pinewood.ota.test/10051} -> PackageSetting{fcfc36f com.disney.disneyplus/10099} BLOCKED
01-06 02:51:44.033   944  1007 I AppsFilter: interaction: PackageSetting{e1cd357 com.amazon.amazonvideo.livingroom.qa/10098} -> PackageSetting{fcfc36f com.disney.disneyplus/10099} BLOCKED
01-06 02:51:44.035   944  1007 D PackageInstallerSession: Marking session 170355161 as applied
01-06 02:51:44.038   944  1007 D CompatibilityChangeReporter: Compat change id reported: 168419799; UID 10099; state: DISABLED
01-06 02:51:44.051   944   976 W BroadcastQueue: Background execution not allowed: receiving Intent { act=android.intent.action.PACKAGE_ADDED dat=package: flg=0x4000010 (has extras) } to com.android.packageinstaller/.PackageInstalledReceiver
01-06 02:51:44.051   944   976 W BroadcastQueue: Background execution not allowed: receiving Intent { act=android.intent.action.PACKAGE_ADDED dat=package: flg=0x4000010 (has extras) } to com.android.gallery3d/.app.PackagesMonitor
01-06 02:51:44.075   944   944 I AppsFilter: interaction: PackageSetting{1580650 com.sonos.pinewood.tokenmanager.service/10056} -> PackageSetting{d929655 com.disney.disneyplus/10099} BLOCKED
01-06 02:51:44.075   944   944 I AppsFilter: interaction: PackageSetting{362cd4e com.sonos.pinewood.ota.service/10046} -> PackageSetting{d929655 com.disney.disneyplus/10099} BLOCKED
01-06 02:51:44.075   944   944 I AppsFilter: interaction: PackageSetting{3f35e6f com.sonos.pinewood.ota.test/10051} -> PackageSetting{d929655 com.disney.disneyplus/10099} BLOCKED
01-06 02:51:44.075   944   944 I AppsFilter: interaction: PackageSetting{e1cd357 com.amazon.amazonvideo.livingroom.qa/10098} -> PackageSetting{d929655 com.disney.disneyplus/10099} BLOCKED
01-06 02:51:44.089   944  1068 D CompatibilityChangeReporter: Compat change id reported: 218533173; UID 10099; state: ENABLED
01-06 02:51:44.114   944  1741 W BackupTransportManager: Package com.disney.disneyplus enabled setting: 0
01-06 02:51:44.134   944   975 W TextServicesManagerService: no available spell checker services found
01-06 02:51:44.151   944   975 W VoiceInteractionManager: no available voice recognition services found for user 0
01-06 02:51:44.156   944   975 W TextServicesManagerService: no available spell checker services found
01-06 02:51:44.166   944   975 W VoiceInteractionManager: no available voice recognition services found for user 0
01-06 02:51:44.654   944  1007 E PackageManager: ERROR: could not load root hash from incremental install
01-06 02:51:44.654   944  1007 E PackageManager: ERROR: could not load root hash from incremental install
01-06 02:51:44.654   944  1007 E PackageManager: ERROR: could not load root hash from incremental install
01-06 02:51:44.654   944  1007 E PackageManager: ERROR: could not load root hash from incremental install
01-06 02:51:44.654   944  1007 E PackageManager: ERROR: could not load root hash from incremental install
01-06 02:51:44.654   944  1007 E PackageManager: Required verifier is null
01-06 02:51:44.721   944  1114 W RuleEvaluation: Integrity rule files are not available.
01-06 02:51:44.722   944  1007 I PackageManager: Integrity check passed for file:///data/app/vmdl1906584164.tmp
01-06 02:51:44.781   944  1007 I PackageManager: Permission ownership changed. Updating all permissions.
01-06 02:51:44.791   944  1007 W PackageManager: Package android.ext.services is an APK in APEX, but has permission allowlist on the system image. Please bundle the allowlist in the com.android.extservices APEX instead.
01-06 02:51:44.791   944  1007 W PackageManager: Package android.ext.services is an APK in APEX, but has permission allowlist on the system image. Please bundle the allowlist in the com.android.extservices APEX instead.
01-06 02:51:44.791   944  1007 W PackageManager: Package android.ext.services is an APK in APEX, but has permission allowlist on the system image. Please bundle the allowlist in the com.android.extservices APEX instead.
01-06 02:51:44.791   944  1007 W PackageManager: Package android.ext.services is an APK in APEX, but has permission allowlist on the system image. Please bundle the allowlist in the com.android.extservices APEX instead.
01-06 02:51:44.800   944  1007 W PackageManager: Package com.android.providers.media.module is an APK in APEX, but has permission allowlist on the system image. Please bundle the allowlist in the com.android.mediaprovider APEX instead.
01-06 02:51:44.800   944  1007 W PackageManager: Package com.android.providers.media.module is an APK in APEX, but has permission allowlist on the system image. Please bundle the allowlist in the com.android.mediaprovider APEX instead.
01-06 02:51:44.800   944  1007 W PackageManager: Package com.android.providers.media.module is an APK in APEX, but has permission allowlist on the system image. Please bundle the allowlist in the com.android.mediaprovider APEX instead.
01-06 02:51:44.800   944  1007 W PackageManager: Package com.android.providers.media.module is an APK in APEX, but has permission allowlist on the system image. Please bundle the allowlist in the com.android.mediaprovider APEX instead.
01-06 02:51:44.800   944  1007 W PackageManager: Package com.android.providers.media.module is an APK in APEX, but has permission allowlist on the system image. Please bundle the allowlist in the com.android.mediaprovider APEX instead.
01-06 02:51:44.800   944  1007 W PackageManager: Package com.android.providers.media.module is an APK in APEX, but has permission allowlist on the system image. Please bundle the allowlist in the com.android.mediaprovider APEX instead.
01-06 02:51:44.800   944  1007 W PackageManager: Package com.android.providers.media.module is an APK in APEX, but has permission allowlist on the system image. Please bundle the allowlist in the com.android.mediaprovider APEX instead.
01-06 02:51:44.800   944  1007 W PackageManager: Package com.android.providers.media.module is an APK in APEX, but has permission allowlist on the system image. Please bundle the allowlist in the com.android.mediaprovider APEX instead.
01-06 02:51:44.801   944  1007 W PackageManager: Package com.android.providers.media.module is an APK in APEX, but has permission allowlist on the system image. Please bundle the allowlist in the com.android.mediaprovider APEX instead.
01-06 02:51:44.801   944  1007 W PackageManager: Package com.android.providers.media.module is an APK in APEX, but has permission allowlist on the system image. Please bundle the allowlist in the com.android.mediaprovider APEX instead.
01-06 02:51:44.801   944  1007 W PackageManager: Package com.android.providers.media.module is an APK in APEX, but has permission allowlist on the system image. Please bundle the allowlist in the com.android.mediaprovider APEX instead.
01-06 02:51:44.801   944  1007 W PackageManager: Package com.android.providers.media.module is an APK in APEX, but has permission allowlist on the system image. Please bundle the allowlist in the com.android.mediaprovider APEX instead.
01-06 02:51:44.801   944  1007 W PackageManager: Package com.android.providers.media.module is an APK in APEX, but has permission allowlist on the system image. Please bundle the allowlist in the com.android.mediaprovider APEX instead.
01-06 02:51:44.833   944  1007 D PackageManager: Instant App installer not found with android.intent.action.INSTALL_INSTANT_APP_PACKAGE
01-06 02:51:44.833   944  1007 D PackageManager: Clear ephemeral installer activity
01-06 02:51:38.930     0     0 I [1 T3036  ..] logd: start watching /data/system/packages.list ...
01-06 02:51:38.930     0     0 I [1 T3036  ..] logd: ReadPackageList, total packages: 108
01-06 02:51:45.248   944  1221 D OomAdjuster: Not killing cached processes
01-06 02:51:49.134   944  1007 V BackupManagerService: [UserID:0] restoreAtInstall pkg=tv.pluto.android token=8 restoreSet=0
01-06 02:51:49.134   944  1007 V BackupManagerService: [UserID:0] Finishing install immediately
01-06 02:51:49.136   944  1007 I AppsFilter: interaction: PackageSetting{1580650 com.sonos.pinewood.tokenmanager.service/10056} -> PackageSetting{997860b tv.pluto.android/10100} BLOCKED
01-06 02:51:49.136   944  1007 I AppsFilter: interaction: PackageSetting{362cd4e com.sonos.pinewood.ota.service/10046} -> PackageSetting{997860b tv.pluto.android/10100} BLOCKED
01-06 02:51:49.136   944  1007 I AppsFilter: interaction: PackageSetting{3f35e6f com.sonos.pinewood.ota.test/10051} -> PackageSetting{997860b tv.pluto.android/10100} BLOCKED
01-06 02:51:49.136   944  1007 I AppsFilter: interaction: PackageSetting{e1cd357 com.amazon.amazonvideo.livingroom.qa/10098} -> PackageSetting{997860b tv.pluto.android/10100} BLOCKED
01-06 02:51:49.137   944  1007 D PackageInstallerSession: Marking session 1906584164 as applied
01-06 02:51:49.140   944  1007 D CompatibilityChangeReporter: Compat change id reported: 168419799; UID 10100; state: DISABLED
01-06 02:51:49.153   944   976 W BroadcastQueue: Background execution not allowed: receiving Intent { act=android.intent.action.PACKAGE_ADDED dat=package: flg=0x4000010 (has extras) } to com.android.packageinstaller/.PackageInstalledReceiver
01-06 02:51:49.153   944   976 W BroadcastQueue: Background execution not allowed: receiving Intent { act=android.intent.action.PACKAGE_ADDED dat=package: flg=0x4000010 (has extras) } to com.android.gallery3d/.app.PackagesMonitor
01-06 02:51:49.164   944   975 W TextServicesManagerService: no available spell checker services found
01-06 02:51:49.177   944   944 I AppsFilter: interaction: PackageSetting{1580650 com.sonos.pinewood.tokenmanager.service/10056} -> PackageSetting{7bf2090 tv.pluto.android/10100} BLOCKED
01-06 02:51:49.177   944   944 I AppsFilter: interaction: PackageSetting{362cd4e com.sonos.pinewood.ota.service/10046} -> PackageSetting{7bf2090 tv.pluto.android/10100} BLOCKED
01-06 02:51:49.177   944   944 I AppsFilter: interaction: PackageSetting{3f35e6f com.sonos.pinewood.ota.test/10051} -> PackageSetting{7bf2090 tv.pluto.android/10100} BLOCKED
01-06 02:51:49.177   944   944 I AppsFilter: interaction: PackageSetting{e1cd357 com.amazon.amazonvideo.livingroom.qa/10098} -> PackageSetting{7bf2090 tv.pluto.android/10100} BLOCKED
01-06 02:51:49.188   944  1068 D CompatibilityChangeReporter: Compat change id reported: 218533173; UID 10100; state: ENABLED
01-06 02:51:49.188   944  1741 W BackupTransportManager: Package tv.pluto.android enabled setting: 0
01-06 02:51:49.218   944   944 I HdmiCecLocalDevicePlaybackSwitch: onInputAdded: tv.pluto.android/tv.pluto.feature.leanbacklivetv.LiveTVInputService
01-06 02:51:49.218   944  1955 D CompatibilityChangeReporter: Compat change id reported: 161252188; UID 10100; state: ENABLED
01-06 02:51:49.219   944   975 W VoiceInteractionManager: no available voice recognition services found for user 0
01-06 02:51:49.220   944   944 I HdmiCecLocalDevicePlaybackSwitch: addOrUpdateTvInput: return HdmiDeviceInfo null
01-06 02:51:49.221   944   976 D CompatibilityChangeReporter: Compat change id reported: 135634846; UID 10100; state: DISABLED
01-06 02:51:49.221   944   976 D CompatibilityChangeReporter: Compat change id reported: 177438394; UID 10100; state: DISABLED
01-06 02:51:49.221   944   976 D CompatibilityChangeReporter: Compat change id reported: 135772972; UID 10100; state: DISABLED
01-06 02:51:49.222   944   976 D CompatibilityChangeReporter: Compat change id reported: 135754954; UID 10100; state: ENABLED
01-06 02:51:49.222   944   977 D CompatibilityChangeReporter: Compat change id reported: 143937733; UID 10100; state: ENABLED
01-06 02:51:49.225   944   975 W TextServicesManagerService: no available spell checker services found
01-06 02:51:49.236   944   977 I ActivityManager: Start proc 4127:tv.pluto.android/u0a100 for broadcast {tv.pluto.android/tv.pluto.android.MultipleInitializeProgramsReceiver}
01-06 02:51:49.249   944   975 W VoiceInteractionManager: no available voice recognition services found for user 0
01-06 02:51:43.419     0     0 W [3 T4142  ..] audit: audit_lost=15678 audit_rate_limit=5 audit_backlog_limit=64
01-06 02:51:43.419     0     0 E [3 T4142  ..] audit: rate limit exceeded
01-06 02:51:50.705   944  1955 D CompatibilityChangeReporter: Compat change id reported: 161145287; UID 10100; state: DISABLED
01-06 02:51:50.731   944   976 W BroadcastQueue: Exported Denial: sending Intent { act=android.intent.action.BATTERY_CHANGED flg=0x60000010 (has extras) }, action: android.intent.action.BATTERY_CHANGED from null (uid=-1) due to receiver ProcessRecord{c0d2070 4127:tv.pluto.android/u0a100} (uid 10100) not specifying RECEIVER_EXPORTED
01-06 02:51:50.894   944  1282 D OomAdjuster: Not killing cached processes
01-06 02:51:50.895   944  1282 W ProcessStats: Tracking association SourceState{8d88922 system/1000 BTopFgs #1046} whose proc state 2 is better than process ProcessState{a2bd69d com.sonos.connectivity/10082 pkg=com.sonos.connectivity} proc state 3 (145 skipped)
01-06 02:51:51.289   944  1955 D CompatibilityChangeReporter: Compat change id reported: 135634846; UID 10100; state: DISABLED
01-06 02:51:51.289   944  1955 D CompatibilityChangeReporter: Compat change id reported: 177438394; UID 10100; state: DISABLED
01-06 02:51:51.289   944  1955 D CompatibilityChangeReporter: Compat change id reported: 135772972; UID 10100; state: DISABLED
01-06 02:51:51.289   944  1955 D CompatibilityChangeReporter: Compat change id reported: 135754954; UID 10100; state: ENABLED
01-06 02:51:51.290   944   977 D CompatibilityChangeReporter: Compat change id reported: 143937733; UID 10100; state: ENABLED
01-06 02:51:51.313   944   977 I ActivityManager: Start proc 4266:tv.pluto.android:input/u0a100 for broadcast {tv.pluto.android/tv.pluto.feature.leanbacklivetv.LiveTVBootLocalReceiver}
01-06 02:51:45.498     0     0 W [4 T4281  ..] audit: audit_lost=16261 audit_rate_limit=5 audit_backlog_limit=64
01-06 02:51:45.498     0     0 E [4 T4281  ..] audit: rate limit exceeded
01-06 02:51:51.592   944  1955 D CompatibilityChangeReporter: Compat change id reported: 194532703; UID 10100; state: ENABLED
01-06 02:51:51.831   944   976 W BroadcastQueue: Exported Denial: sending Intent { act=android.intent.action.BATTERY_CHANGED flg=0x60000010 (has extras) }, action: android.intent.action.BATTERY_CHANGED from null (uid=-1) due to receiver ProcessRecord{df08b55 4266:tv.pluto.android:input/u0a100} (uid 10100) not specifying RECEIVER_EXPORTED
01-06 02:51:52.284   944  1955 D PackageManager: Instant App installer not found with android.intent.action.INSTALL_INSTANT_APP_PACKAGE
01-06 02:51:52.284   944  1955 D PackageManager: Clear ephemeral installer activity
01-06 02:51:52.392   944  1955 D PackageManager: Instant App installer not found with android.intent.action.INSTALL_INSTANT_APP_PACKAGE
01-06 02:51:52.392   944  1955 D PackageManager: Clear ephemeral installer activity
01-06 02:51:53.286   944  1007 I AppsFilter: interaction: PackageSetting{1580650 com.sonos.pinewood.tokenmanager.service/10056} -> PackageSetting{4d05ac5 tv.pluto.android/10100} BLOCKED
01-06 02:51:53.287   944  1007 I AppsFilter: interaction: PackageSetting{362cd4e com.sonos.pinewood.ota.service/10046} -> PackageSetting{4d05ac5 tv.pluto.android/10100} BLOCKED
01-06 02:51:53.287   944  1007 I AppsFilter: interaction: PackageSetting{3f35e6f com.sonos.pinewood.ota.test/10051} -> PackageSetting{4d05ac5 tv.pluto.android/10100} BLOCKED
01-06 02:51:53.287   944  1007 I AppsFilter: interaction: PackageSetting{e1cd357 com.amazon.amazonvideo.livingroom.qa/10098} -> PackageSetting{4d05ac5 tv.pluto.android/10100} BLOCKED
01-06 02:51:53.300   944   975 W VoiceInteractionManager: no available voice recognition services found for user 0
01-06 02:51:56.609   944  3681 D OomAdjuster: Not killing cached processes
01-06 02:51:56.698   944  1059 E PackageInstallerSession: com.brdgwtr.publisherservice drops manifest attribute android:installLocation in base.apk for com.cbs.ttd
01-06 02:51:56.705   944  1007 E PackageManager: ERROR: could not load root hash from incremental install
01-06 02:51:56.705   944  1007 E PackageManager: Required verifier is null
01-06 02:51:56.720   944  1114 W PackageParsing: Unknown element under <application>: enable-feature at /data/app/vmdl1962248069.tmp/base.apk Binary XML file line #210
01-06 02:51:56.731   944  1114 W RuleEvaluation: Integrity rule files are not available.
01-06 02:51:56.732   944  1007 I PackageManager: Integrity check passed for file:///data/app/vmdl1962248069.tmp
01-06 02:51:56.757   944  1007 W PackageParsing: Unknown element under <application>: enable-feature at /data/app/vmdl1962248069.tmp/base.apk Binary XML file line #210
01-06 02:51:56.813   944  1007 I PackageManager: Permission ownership changed. Updating all permissions.
01-06 02:51:56.822   944  1007 W PackageManager: Package android.ext.services is an APK in APEX, but has permission allowlist on the system image. Please bundle the allowlist in the com.android.extservices APEX instead.
01-06 02:51:56.822   944  1007 W PackageManager: Package android.ext.services is an APK in APEX, but has permission allowlist on the system image. Please bundle the allowlist in the com.android.extservices APEX instead.
01-06 02:51:56.822   944  1007 W PackageManager: Package android.ext.services is an APK in APEX, but has permission allowlist on the system image. Please bundle the allowlist in the com.android.extservices APEX instead.
01-06 02:51:56.822   944  1007 W PackageManager: Package android.ext.services is an APK in APEX, but has permission allowlist on the system image. Please bundle the allowlist in the com.android.extservices APEX instead.
01-06 02:51:56.832   944  1007 W PackageManager: Package com.android.providers.media.module is an APK in APEX, but has permission allowlist on the system image. Please bundle the allowlist in the com.android.mediaprovider APEX instead.
01-06 02:51:56.832   944  1007 W PackageManager: Package com.android.providers.media.module is an APK in APEX, but has permission allowlist on the system image. Please bundle the allowlist in the com.android.mediaprovider APEX instead.
01-06 02:51:56.832   944  1007 W PackageManager: Package com.android.providers.media.module is an APK in APEX, but has permission allowlist on the system image. Please bundle the allowlist in the com.android.mediaprovider APEX instead.
01-06 02:51:56.832   944  1007 W PackageManager: Package com.android.providers.media.module is an APK in APEX, but has permission allowlist on the system image. Please bundle the allowlist in the com.android.mediaprovider APEX instead.
01-06 02:51:56.832   944  1007 W PackageManager: Package com.android.providers.media.module is an APK in APEX, but has permission allowlist on the system image. Please bundle the allowlist in the com.android.mediaprovider APEX instead.
01-06 02:51:56.832   944  1007 W PackageManager: Package com.android.providers.media.module is an APK in APEX, but has permission allowlist on the system image. Please bundle the allowlist in the com.android.mediaprovider APEX instead.
01-06 02:51:56.832   944  1007 W PackageManager: Package com.android.providers.media.module is an APK in APEX, but has permission allowlist on the system image. Please bundle the allowlist in the com.android.mediaprovider APEX instead.
01-06 02:51:56.832   944  1007 W PackageManager: Package com.android.providers.media.module is an APK in APEX, but has permission allowlist on the system image. Please bundle the allowlist in the com.android.mediaprovider APEX instead.
01-06 02:51:56.832   944  1007 W PackageManager: Package com.android.providers.media.module is an APK in APEX, but has permission allowlist on the system image. Please bundle the allowlist in the com.android.mediaprovider APEX instead.
01-06 02:51:56.832   944  1007 W PackageManager: Package com.android.providers.media.module is an APK in APEX, but has permission allowlist on the system image. Please bundle the allowlist in the com.android.mediaprovider APEX instead.
01-06 02:51:56.832   944  1007 W PackageManager: Package com.android.providers.media.module is an APK in APEX, but has permission allowlist on the system image. Please bundle the allowlist in the com.android.mediaprovider APEX instead.
01-06 02:51:56.832   944  1007 W PackageManager: Package com.android.providers.media.module is an APK in APEX, but has permission allowlist on the system image. Please bundle the allowlist in the com.android.mediaprovider APEX instead.
01-06 02:51:56.832   944  1007 W PackageManager: Package com.android.providers.media.module is an APK in APEX, but has permission allowlist on the system image. Please bundle the allowlist in the com.android.mediaprovider APEX instead.
01-06 02:51:50.960     0     0 I [1 T3036  ..] logd: start watching /data/system/packages.list ...
01-06 02:51:50.961     0     0 I [1 T3036  ..] logd: ReadPackageList, total packages: 109
01-06 02:51:56.865   944  1007 D PackageManager: Instant App installer not found with android.intent.action.INSTALL_INSTANT_APP_PACKAGE
01-06 02:51:56.865   944  1007 D PackageManager: Clear ephemeral installer activity
01-06 02:51:59.652   358  4085 I keystore2: keystore2::watchdog: Watchdog thread idle -> terminating. Have a great day.
01-06 02:51:54.757     0     0 I [4 T121   ..] ldim_fw: fw_valid = 0, load exit
01-06 02:52:01.143   944  1007 V BackupManagerService: [UserID:0] restoreAtInstall pkg=com.cbs.ttd token=9 restoreSet=0
01-06 02:52:01.143   944  1007 V BackupManagerService: [UserID:0] Finishing install immediately
01-06 02:51:55.256     0     0 I [1 T3036  ..] logd: start watching /data/system/packages.list ...
01-06 02:51:55.257     0     0 I [1 T3036  ..] logd: ReadPackageList, total packages: 109
01-06 02:52:01.162   944  1007 I AppsFilter: interaction: PackageSetting{1580650 com.sonos.pinewood.tokenmanager.service/10056} -> PackageSetting{b8f6fee com.cbs.ttd/10101} BLOCKED
01-06 02:52:01.162   944  1007 I AppsFilter: interaction: PackageSetting{362cd4e com.sonos.pinewood.ota.service/10046} -> PackageSetting{b8f6fee com.cbs.ttd/10101} BLOCKED
01-06 02:52:01.162   944  1007 I AppsFilter: interaction: PackageSetting{3f35e6f com.sonos.pinewood.ota.test/10051} -> PackageSetting{b8f6fee com.cbs.ttd/10101} BLOCKED
01-06 02:52:01.162   944  1007 I AppsFilter: interaction: PackageSetting{e1cd357 com.amazon.amazonvideo.livingroom.qa/10098} -> PackageSetting{b8f6fee com.cbs.ttd/10101} BLOCKED
01-06 02:52:01.163   944  1007 D PackageInstallerSession: Marking session 1962248069 as applied
01-06 02:52:01.165   944  1007 D CompatibilityChangeReporter: Compat change id reported: 168419799; UID 10101; state: DISABLED
01-06 02:52:01.180   944   975 W TextServicesManagerService: no available spell checker services found
01-06 02:52:01.190   944   976 W BroadcastQueue: Background execution not allowed: receiving Intent { act=android.intent.action.PACKAGE_ADDED dat=package: flg=0x4000010 (has extras) } to com.android.packageinstaller/.PackageInstalledReceiver
01-06 02:52:01.190   944   976 W BroadcastQueue: Background execution not allowed: receiving Intent { act=android.intent.action.PACKAGE_ADDED dat=package: flg=0x4000010 (has extras) } to com.android.gallery3d/.app.PackagesMonitor
01-06 02:52:01.192   944   976 W ProcessStats: Tracking association SourceState{8d88922 system/1000 BTopFgs #1085} whose proc state 2 is better than process ProcessState{a2bd69d com.sonos.connectivity/10082 pkg=com.sonos.connectivity} proc state 3 (55 skipped)
01-06 02:52:01.211   944   975 W VoiceInteractionManager: no available voice recognition services found for user 0
01-06 02:52:01.214   944   944 I AppsFilter: interaction: PackageSetting{1580650 com.sonos.pinewood.tokenmanager.service/10056} -> PackageSetting{c1c7e32 com.cbs.ttd/10101} BLOCKED
01-06 02:52:01.214   944   944 I AppsFilter: interaction: PackageSetting{362cd4e com.sonos.pinewood.ota.service/10046} -> PackageSetting{c1c7e32 com.cbs.ttd/10101} BLOCKED
01-06 02:52:01.214   944   944 I AppsFilter: interaction: PackageSetting{3f35e6f com.sonos.pinewood.ota.test/10051} -> PackageSetting{c1c7e32 com.cbs.ttd/10101} BLOCKED
01-06 02:52:01.214   944   944 I AppsFilter: interaction: PackageSetting{e1cd357 com.amazon.amazonvideo.livingroom.qa/10098} -> PackageSetting{c1c7e32 com.cbs.ttd/10101} BLOCKED
01-06 02:52:01.216   944  1068 D CompatibilityChangeReporter: Compat change id reported: 218533173; UID 10101; state: ENABLED
01-06 02:52:01.223   944   975 W TextServicesManagerService: no available spell checker services found
01-06 02:52:01.229   944  1741 W BackupTransportManager: Package com.cbs.ttd enabled setting: 0
01-06 02:52:01.253   944   975 W VoiceInteractionManager: no available voice recognition services found for user 0
01-06 02:52:01.260   944  1219 D CompatibilityChangeReporter: Compat change id reported: 161252188; UID 10101; state: ENABLED
01-06 02:52:01.262   944   976 D CompatibilityChangeReporter: Compat change id reported: 135634846; UID 10101; state: DISABLED
01-06 02:52:01.263   944   976 D CompatibilityChangeReporter: Compat change id reported: 177438394; UID 10101; state: DISABLED
01-06 02:52:01.263   944   976 D CompatibilityChangeReporter: Compat change id reported: 135772972; UID 10101; state: DISABLED
01-06 02:52:01.263   944   976 D CompatibilityChangeReporter: Compat change id reported: 135754954; UID 10101; state: ENABLED
01-06 02:52:01.264   944   977 D CompatibilityChangeReporter: Compat change id reported: 143937733; UID 10101; state: ENABLED
01-06 02:52:01.266   944  1219 W JobScheduler: Job didn't exist in JobStore: 38b1011 #u0a44/24 com.brdgwtr.publisherservice/androidx.work.impl.background.systemjob.SystemJobService
01-06 02:52:01.274   944   977 I ActivityManager: Start proc 4422:com.cbs.ttd/u0a101 for broadcast {com.cbs.ttd/com.paramount.android.pplus.features.device.home.channels.core.receiver.LauncherReceiver}
01-06 02:51:55.453     0     0 W [7 T4437  ..] audit: audit_lost=16892 audit_rate_limit=5 audit_backlog_limit=64
01-06 02:51:55.453     0     0 E [7 T4437  ..] audit: rate limit exceeded
01-06 02:52:01.456   944  1219 D CompatibilityChangeReporter: Compat change id reported: 194532703; UID 10101; state: ENABLED
01-06 02:52:05.390   944  1602 I ActivityTaskManager: START u0 {act=android.intent.action.SEARCH flg=0x10000000 pkg=com.sonos.tv.launcher cmp=com.sonos.tv.launcher/com.sonos.tv.contentguidelauncher.MainActivity (has extras)} from uid 10058
01-06 02:52:05.393   944  1602 D CompatibilityChangeReporter: Compat change id reported: 194480991; UID 10058; state: ENABLED
01-06 02:52:06.008   944   970 D OomAdjuster: Not killing cached processes
01-06 02:52:04.821     0     0 I [3 T1430  ..] [schedu][0xc70ee59][02: 52:10.723296] wlan: [1430:I:OSIF] scan start scan id 40965
01-06 02:52:11.675   358  4420 I keystore2: keystore2::watchdog: Watchdog thread idle -> terminating. Have a great day.
01-06 02:52:06.454     0     0 I [4 T1430  ..] [schedu][0xc89dad5][02: 52:12.356700] wlan: [1430:I:OSIF] vdev 0, scan id 40965 type COMPLETED(1) reason COMPLETED(1) scan found 65 bss
01-06 02:52:12.573   944   944 D HDMI    : [P]:AllocatedAddress=[]
01-06 02:52:16.367   944  1079 D OomAdjuster: Not killing cached processes
01-06 02:52:16.368   944  1079 W ProcessStats: Tracking association SourceState{8d88922 system/1000 BTopFgs #1122} whose proc state 2 is better than process ProcessState{a2bd69d com.sonos.connectivity/10082 pkg=com.sonos.connectivity} proc state 3 (47 skipped)
01-06 02:52:22.658   944  1608 D OomAdjuster: Not killing cached processes
01-06 02:52:56.048     0     0 W [0 T4652  ..] audit: audit_lost=17473 audit_rate_limit=5 audit_backlog_limit=64
01-06 02:52:56.048     0     0 E [0 T4652  ..] audit: rate limit exceeded
01-06 02:53:04.830     0     0 I [3 T1430  ..] [schedu][0x100499df][02: 53:10.732646] wlan: [1430:I:OSIF] scan start scan id 40966
01-06 02:53:06.463     0     0 I [4 T1430  ..] [schedu][0x101d8324][02: 53:12.365228] wlan: [1430:I:OSIF] vdev 0, scan id 40966 type COMPLETED(1) reason COMPLETED(1) scan found 57 bss
01-06 02:53:12.573   944   944 D HDMI    : [P]:AllocatedAddress=[]
01-06 02:53:22.673   944  1607 D OomAdjuster: Not killing cached processes
01-06 02:53:22.674   944  1607 W ProcessStats: Tracking association SourceState{8d88922 system/1000 BTopFgs #1133} whose proc state 2 is better than process ProcessState{a2bd69d com.sonos.connectivity/10082 pkg=com.sonos.connectivity} proc state 3 (5 skipped)
01-06 02:53:56.159     0     0 W [6 T4813  ..] audit: audit_lost=17780 audit_rate_limit=5 audit_backlog_limit=64
01-06 02:53:56.159     0     0 E [6 T4813  ..] audit: rate limit exceeded
01-06 02:54:06.198   944   969 I DropBoxManagerService: add tag=system_server_strictmode isTagEnabled=true flags=0x2
01-06 02:54:06.200   944   969 I DropBoxManagerService: add tag=system_server_strictmode isTagEnabled=true flags=0x2
01-06 02:54:06.201   944   969 I DropBoxManagerService: add tag=system_server_strictmode isTagEnabled=true flags=0x2
01-06 02:54:06.202   944   969 I DropBoxManagerService: add tag=system_server_strictmode isTagEnabled=true flags=0x2
01-06 02:54:04.838     0     0 I [3 T1430  ..] [schedu][0x13983db8][02: 54:10.740031] wlan: [1430:I:OSIF] scan start scan id 40967
01-06 02:54:06.471     0     0 I [6 T1430  ..] [schedu][0x13b12926][02: 54:12.373165] wlan: [1430:I:OSIF] vdev 0, scan id 40967 type COMPLETED(1) reason COMPLETED(1) scan found 67 bss
01-06 02:54:12.581   944   944 D HDMI    : [P]:AllocatedAddress=[]
01-06 02:54:25.711   944  1282 D OomAdjuster: Not killing cached processes
01-06 02:54:25.711   944  1282 W ProcessStats: Tracking association SourceState{8d88922 system/1000 BTopFgs #1141} whose proc state 2 is better than process ProcessState{a2bd69d com.sonos.connectivity/10082 pkg=com.sonos.connectivity} proc state 3 (3 skipped)
01-06 02:54:56.245     0     0 W [3 T4877  ..] audit: audit_lost=17976 audit_rate_limit=5 audit_backlog_limit=64
01-06 02:54:56.245     0     0 E [3 T4877  ..] audit: rate limit exceeded
