01-05 12:52:07.332   366   366 W android.hardware.media.c2@1.0-service-goldfish: libminijail[366]: compile_file: <fd>(57): previous definition here
01-05 12:52:07.332   366   366 W android.hardware.media.c2@1.0-service-goldfish: libminijail[366]: compile_file: /system/etc/seccomp_policy/crash_dump.x86.policy(3): syscall exit redefined here
01-05 12:52:07.332   366   366 W android.hardware.media.c2@1.0-service-goldfish: libminijail[366]: compile_file: <fd>(44): previous definition here
01-05 12:52:07.332   366   366 W android.hardware.media.c2@1.0-service-goldfish: libminijail[366]: compile_file: /system/etc/seccomp_policy/crash_dump.x86.policy(4): syscall rt_sigreturn redefined here
01-05 12:52:07.332   366   366 W android.hardware.media.c2@1.0-service-goldfish: libminijail[366]: compile_file: <fd>(46): previous definition here
01-05 12:52:07.332   366   366 W android.hardware.media.c2@1.0-service-goldfish: libminijail[366]: compile_file: /system/etc/seccomp_policy/crash_dump.x86.policy(6): syscall exit_group redefined here
01-05 12:52:07.332   366   366 W android.hardware.media.c2@1.0-service-goldfish: libminijail[366]: compile_file: <fd>(45): previous definition here
01-05 12:52:07.332   366   366 W android.hardware.media.c2@1.0-service-goldfish: libminijail[366]: compile_file: /system/etc/seccomp_policy/crash_dump.x86.policy(9): syscall futex redefined here
01-05 12:52:07.333   366   366 W android.hardware.media.c2@1.0-service-goldfish: libminijail[366]: compile_file: <fd>(35): previous definition here
01-05 12:52:07.333   366   366 W android.hardware.media.c2@1.0-service-goldfish: libminijail[366]: compile_file: /system/etc/seccomp_policy/crash_dump.x86.policy(11): syscall getpid redefined here
01-05 12:52:07.333   366   366 W android.hardware.media.c2@1.0-service-goldfish: libminijail[366]: compile_file: <fd>(68): previous definition here
01-05 12:52:07.333   366   366 W android.hardware.media.c2@1.0-service-goldfish: libminijail[366]: compile_file: /system/etc/seccomp_policy/crash_dump.x86.policy(12): syscall gettid redefined here
01-05 12:52:07.333   366   366 W android.hardware.media.c2@1.0-service-goldfish: libminijail[366]: compile_file: <fd>(66): previous definition here
01-05 12:52:07.333   366   366 W android.hardware.media.c2@1.0-service-goldfish: libminijail[366]: compile_file: /system/etc/seccomp_policy/crash_dump.x86.policy(15): syscall openat redefined here
01-05 12:52:07.333   366   366 W android.hardware.media.c2@1.0-service-goldfish: libminijail[366]: compile_file: <fd>(18): previous definition here
01-05 12:52:07.333   366   366 W android.hardware.media.c2@1.0-service-goldfish: libminijail[366]: compile_file: /system/etc/seccomp_policy/crash_dump.x86.policy(16): syscall dup redefined here
01-05 12:52:07.333   366   366 W android.hardware.media.c2@1.0-service-goldfish: libminijail[366]: compile_file: <fd>(55): previous definition here
01-05 12:52:07.333   366   366 W android.hardware.media.c2@1.0-service-goldfish: libminijail[366]: compile_file: /system/etc/seccomp_policy/crash_dump.x86.policy(17): syscall close redefined here
01-05 12:52:07.333   366   366 W android.hardware.media.c2@1.0-service-goldfish: libminijail[366]: compile_file: <fd>(25): previous definition here
01-05 12:52:07.333   366   366 W android.hardware.media.c2@1.0-service-goldfish: libminijail[366]: compile_file: /system/etc/seccomp_policy/crash_dump.x86.policy(18): syscall lseek redefined here
01-05 12:52:07.333   366   366 W android.hardware.media.c2@1.0-service-goldfish: libminijail[366]: compile_file: <fd>(39): previous definition here
01-05 12:52:07.333   366   366 W android.hardware.media.c2@1.0-service-goldfish: libminijail[366]: compile_file: /system/etc/seccomp_policy/crash_dump.x86.policy(20): syscall faccessat redefined here
01-05 12:52:07.333   366   366 W android.hardware.media.c2@1.0-service-goldfish: libminijail[366]: compile_file: <fd>(37): previous definition here
01-05 12:52:07.333   366   366 W android.hardware.media.c2@1.0-service-goldfish: libminijail[366]: compile_file: /system/etc/seccomp_policy/crash_dump.x86.policy(29): syscall prctl redefined here
01-05 12:52:07.333   366   366 W android.hardware.media.c2@1.0-service-goldfish: libminijail[366]: compile_file: <fd>(17): previous definition here
01-05 12:52:07.333   366   366 W android.hardware.media.c2@1.0-service-goldfish: libminijail[366]: compile_file: /system/etc/seccomp_policy/crash_dump.x86.policy(30): syscall madvise redefined here
01-05 12:52:07.333   366   366 W android.hardware.media.c2@1.0-service-goldfish: libminijail[366]: compile_file: <fd>(32): previous definition here
01-05 12:52:07.334   366   366 W android.hardware.media.c2@1.0-service-goldfish: libminijail[366]: compile_file: /system/etc/seccomp_policy/crash_dump.x86.policy(31): syscall mprotect redefined here
01-05 12:52:07.334   366   366 W android.hardware.media.c2@1.0-service-goldfish: libminijail[366]: compile_file: <fd>(16): previous definition here
01-05 12:52:07.334   366   366 W android.hardware.media.c2@1.0-service-goldfish: libminijail[366]: compile_file: /system/etc/seccomp_policy/crash_dump.x86.policy(32): syscall munmap redefined here
01-05 12:52:07.334   366   366 W android.hardware.media.c2@1.0-service-goldfish: libminijail[366]: compile_file: <fd>(36): previous definition here
01-05 12:52:07.334   366   366 W android.hardware.media.c2@1.0-service-goldfish: libminijail[366]: compile_file: /system/etc/seccomp_policy/crash_dump.x86.policy(33): syscall getuid32 redefined here
01-05 12:52:07.334   366   366 W android.hardware.media.c2@1.0-service-goldfish: libminijail[366]: compile_file: <fd>(20): previous definition here
01-05 12:52:07.334   366   366 W android.hardware.media.c2@1.0-service-goldfish: libminijail[366]: compile_file: /system/etc/seccomp_policy/crash_dump.x86.policy(34): syscall fstat64 redefined here
01-05 12:52:07.334   366   366 W android.hardware.media.c2@1.0-service-goldfish: libminijail[366]: compile_file: <fd>(28): previous definition here
01-05 12:52:07.334   366   366 W android.hardware.media.c2@1.0-service-goldfish: libminijail[366]: compile_file: /system/etc/seccomp_policy/crash_dump.x86.policy(35): syscall mmap2 redefined here
01-05 12:52:07.334   366   366 W android.hardware.media.c2@1.0-service-goldfish: libminijail[366]: compile_file: <fd>(26): previous definition here
01-05 12:52:07.334   366   366 W android.hardware.media.c2@1.0-service-goldfish: libminijail[366]: logging seccomp filter failures
01-05 12:52:07.334   366   366 D android.hardware.media.c2@1.0-service-goldfish: Instantiating Codec2's Goldfish IComponentStore service...
01-05 12:52:07.334   366   366 I GoldfishComponentStore: Create()
01-05 12:52:07.334   366   366 W GoldfishComponentStore: created goldfish store 0xedfcd9e0 reflector of param 0xee20349c
01-05 12:52:07.334   366   366 D GoldfishComponentStore: useAndroidGoldfishComponentInstance 253 found prop ro.boot.qemu.hwcodec.vpxdec val 2
01-05 12:52:07.334   366   366 D GoldfishComponentStore: useAndroidGoldfishComponentInstance 253 found prop ro.boot.qemu.hwcodec.avcdec val 2
01-05 12:52:07.334   366   366 D GoldfishComponentStore: useAndroidGoldfishComponentInstance 253 found prop ro.boot.qemu.hwcodec.hevcdec val 2
01-05 12:52:07.337   356   356 I audiohalservice: createIBluetoothAudioProviderFactory() from android.hardware.bluetooth.audio-impl success
01-05 12:52:07.337   356   356 E audiohalservice: Failed to dlopen android.hardware.audio.sounddose-vendor-impl.so: dlopen failed: library "android.hardware.audio.sounddose-vendor-impl.so" not found
01-05 12:52:07.337   356   356 W audiohalservice: createISoundDoseFactory() from android.hardware.audio.sounddose-vendor-impl failed
01-05 12:52:07.337   366   366 I HidlServiceManagement: Registered android.hardware.media.c2@1.0::IComponentStore/default
01-05 12:52:07.337   366   366 I HidlServiceManagement: Removing namespace from process name android.hardware.media.c2@1.0-service-goldfish to c2@1.0-service-goldfish.
01-05 12:52:07.338   366   366 I android.hardware.media.c2@1.0-service-goldfish: Codec2's IComponentStore service created.
01-05 12:52:07.360   407   407 I credstore: Registered binder service
01-05 12:52:07.407   412   412 I gsid    : no DSU: No such file or directory
01-05 12:52:07.419   359   359 I EmulatedCameraProviderHwlImpl: Create: Created EmulatedCameraProviderHwlImpl
01-05 12:52:07.419   359   359 E GCH_CameraProvider: Initialize: HWL doesn't support vendor buffer allocation Function not implemented(-38)
01-05 12:52:07.500   406   406 I FastMixerState: sMaxFastTracks = 8
01-05 12:52:07.508   406   406 D audioserver: main: starting
01-05 12:52:07.508   406   406 V MediaUtils: physMem: 2069590016
01-05 12:52:07.508   406   406 V MediaUtils: requested limit: 413918000
01-05 12:52:07.508   406   406 I libc    : malloc_limit: Allocation limit enabled, max size 413918000 bytes
01-05 12:52:07.511   406   406 W BatteryNotifier: batterystats service unavailable!
01-05 12:52:07.511   158   158 I hwservicemanager: getTransport: Cannot find entry android.hardware.audio.effect@7.1::IEffectsFactory/default in either framework or device VINTF manifest.
01-05 12:52:07.537   158   158 I hwservicemanager: getTransport: Cannot find entry android.hardware.configstore@1.0::ISurfaceFlingerConfigs/default in either framework or device VINTF manifest.
01-05 12:52:07.541   424   424 I bootstat: Service started: /system/bin/bootstat --set_system_boot_reason 
01-05 12:52:07.542   424   424 I bootstat: Canonical boot reason: reboot
01-05 12:52:07.542   424   424 I bootstat: Canonical boot reason: reboot
01-05 12:52:07.549   158   158 I hwservicemanager: getTransport: Cannot find entry android.hardware.audio.effect@7.1::IEffectsFactory/default in either framework or device VINTF manifest.
01-05 12:52:07.550   424   424 E bootstat: Failed to read /metadata/bootstat/persist.sys.boot.reason: No such file or directory
01-05 12:52:07.550   424   424 I bootstat: Value of persist.sys.boot.reason : 
01-05 12:52:07.550   424   424 I bootstat: Normalized last reboot reason : reboot
01-05 12:52:07.551   406   406 I ServiceManagerCppClient: Waiting for service 'media.metrics' on '/dev/binder'...
01-05 12:52:07.557   424   424 E bootstat: Failed to unlink /metadata/bootstat/persist.sys.boot.reason: No such file or directory
01-05 12:52:07.564   410   410 I SurfaceFlinger: Using HWComposer service: default
01-05 12:52:07.564   410   410 I SurfaceFlinger: SurfaceFlinger is starting
01-05 12:52:07.564   410   410 I SurfaceFlinger: Enabling backpressure for GPU composition
01-05 12:52:07.571   410   410 I SurfaceFlinger: SurfaceFlinger's main thread ready to run. Initializing graphics H/W...
01-05 12:52:07.571   410   410 E SurfaceFlinger: Unrecognized RenderEngineType ; ignoring!
01-05 12:52:07.571   410   410 D RenderEngine: Threaded RenderEngine with SkiaGL Backend
01-05 12:52:07.580   350   350 D AndroidRuntime: >>>>>> START com.android.internal.os.ZygoteInit uid 0 <<<<<<
01-05 12:52:07.584   410   433 D libEGL  : loaded /vendor/lib/egl/libEGL_emulation.so
01-05 12:52:07.586   410   433 D libEGL  : loaded /vendor/lib/egl/libGLESv1_CM_emulation.so
01-05 12:52:07.586   350   350 I AndroidRuntime: Using default boot image
01-05 12:52:07.586   350   350 I AndroidRuntime: Leaving lock profiling enabled
01-05 12:52:07.588   428   428 I perfetto:           probes.cc:104 Starting /system/bin/traced_probes service
01-05 12:52:07.584     1     1 W init    : type=1400 audit(0.0:5): avc:  denied  { getattr } for  path="/system/bin/logcat" dev="dm-5" ino=340 scontext=u:r:init:s0 tcontext=u:object_r:logcat_exec:s0 tclass=file permissive=0
01-05 12:52:07.589   410   433 D libEGL  : loaded /vendor/lib/egl/libGLESv2_emulation.so
01-05 12:52:07.590   428   428 I perfetto:  probes_producer.cc:382 Disconnected from tracing service
01-05 12:52:07.590   428   438 I perfetto: _activity_trigger.cc:71 mm_events ftrace instance not found. Triggering of traces on memory pressure will not be available on this device.
01-05 12:52:07.593   432   432 W perfetto:          service.cc:248 Started traced, listening on /dev/socket/traced_producer /dev/socket/traced_consumer
01-05 12:52:07.594   350   350 I zygote  : option[0]=-Xzygote
01-05 12:52:07.595   350   350 I zygote  : option[1]=exit
01-05 12:52:07.595   350   350 I zygote  : option[2]=vfprintf
01-05 12:52:07.595   350   350 I zygote  : option[3]=sensitiveThread
01-05 12:52:07.595   350   350 I zygote  : option[4]=-verbose:gc
01-05 12:52:07.595   350   350 I zygote  : option[5]=-XX:PerfettoHprof=true
01-05 12:52:07.595   350   350 I zygote  : option[6]=-XX:PerfettoJavaHeapStackProf=true
01-05 12:52:07.595   350   350 I zygote  : option[7]=-Xprimaryzygote
01-05 12:52:07.595   350   350 I zygote  : option[8]=-Xms8m
01-05 12:52:07.595   350   350 I zygote  : option[9]=-Xmx512m
01-05 12:52:07.595   350   350 I zygote  : option[10]=-XX:HeapGrowthLimit=192m
01-05 12:52:07.595   350   350 I zygote  : option[11]=-XX:HeapMinFree=512k
01-05 12:52:07.595   350   350 I zygote  : option[12]=-XX:HeapMaxFree=8m
01-05 12:52:07.595   350   350 I zygote  : option[13]=-XX:HeapTargetUtilization=0.75
01-05 12:52:07.595   350   350 I zygote  : option[14]=-Xusejit:true
01-05 12:52:07.595   350   350 I zygote  : option[15]=-Xjitsaveprofilinginfo
01-05 12:52:07.595   350   350 I zygote  : option[16]=-XMadviseWillNeedVdexFileSize:104857600
01-05 12:52:07.595   350   350 I zygote  : option[17]=-XMadviseWillNeedOdexFileSize:104857600
01-05 12:52:07.595   350   350 I zygote  : option[18]=-XMadviseWillNeedArtFileSize:4294967295
01-05 12:52:07.595   350   350 I zygote  : option[19]=-XjdwpOptions:suspend=n,server=y
01-05 12:52:07.595   350   350 I zygote  : option[20]=-XjdwpProvider:default
01-05 12:52:07.595   350   350 I zygote  : option[21]=-Xopaque-jni-ids:swapable
01-05 12:52:07.595   350   350 I zygote  : option[22]=-Xcompiler-option
01-05 12:52:07.595   350   350 I zygote  : option[23]=--instruction-set-variant=x86
01-05 12:52:07.595   350   350 I zygote  : option[24]=-Xcompiler-option
01-05 12:52:07.595   350   350 I zygote  : option[25]=--instruction-set-features=default
01-05 12:52:07.595   350   350 I zygote  : option[26]=-Xcompiler-option
01-05 12:52:07.595   350   350 I zygote  : option[27]=--generate-mini-debug-info
01-05 12:52:07.595   350   350 I zygote  : option[28]=-Ximage-compiler-option
01-05 12:52:07.595   350   350 I zygote  : option[29]=--runtime-arg
01-05 12:52:07.595   350   350 I zygote  : option[30]=-Ximage-compiler-option
01-05 12:52:07.595   350   350 I zygote  : option[31]=-Xms64m
01-05 12:52:07.595   350   350 I zygote  : option[32]=-Ximage-compiler-option
01-05 12:52:07.595   350   350 I zygote  : option[33]=--runtime-arg
01-05 12:52:07.595   350   350 I zygote  : option[34]=-Ximage-compiler-option
01-05 12:52:07.595   350   350 I zygote  : option[35]=-Xmx64m
01-05 12:52:07.595   350   350 I zygote  : option[36]=-Ximage-compiler-option
01-05 12:52:07.595   350   350 I zygote  : option[37]=--dirty-image-objects=/system/etc/dirty-image-objects
01-05 12:52:07.595   350   350 I zygote  : option[38]=-Ximage-compiler-option
01-05 12:52:07.595   350   350 I zygote  : option[39]=--instruction-set-variant=x86
01-05 12:52:07.595   350   350 I zygote  : option[40]=-Ximage-compiler-option
01-05 12:52:07.595   350   350 I zygote  : option[41]=--instruction-set-features=default
01-05 12:52:07.595   350   350 I zygote  : option[42]=-Ximage-compiler-option
01-05 12:52:07.595   350   350 I zygote  : option[43]=--generate-mini-debug-info
01-05 12:52:07.595   350   350 I zygote  : option[44]=-Duser.locale=en-US
01-05 12:52:07.595   350   350 I zygote  : option[45]=-XX:NativeBridge=libndk_translation.so
01-05 12:52:07.595   350   350 I zygote  : option[46]=--cpu-abilist=x86,armeabi-v7a,armeabi
01-05 12:52:07.595   350   350 I zygote  : option[47]=-Xfingerprint:google/sdk_google_atv_x86/emulator_x86_arm:14/UTT1.240131.001.F1/11825476:user/dev-keys
01-05 12:52:07.604   439   439 E bt_vhci_forwarder: setTerminalRaw failed /dev/bluetooth0: Inappropriate ioctl for device
01-05 12:52:07.606   420   420 I adbd    : persist.adb.watchdog set to ''
01-05 12:52:07.606   420   420 I adbd    : persist.sys.test_harness set to ''
01-05 12:52:07.606   420   420 I adbd    : adb watchdog timeout set to 600 seconds
01-05 12:52:07.606   420   420 I adbd    : Setup mdns on port= 5555
01-05 12:52:07.606   420   420 I adbd    : adbd listening on tcp:5555
01-05 12:52:07.606   420   420 I adbd    : adbd listening on vsock:5555
01-05 12:52:07.606   420   420 I adbd    : adbd started
01-05 12:52:07.607   420   445 I adbd    : Waiting for persist.adb.tls_server.enable=1
01-05 12:52:07.618   410   433 I RenderEngine: EGL information:
01-05 12:52:07.618   410   433 I RenderEngine: vendor    : Android
01-05 12:52:07.618   410   433 I RenderEngine: version   : 1.4 Android META-EGL
01-05 12:52:07.618   410   433 I RenderEngine: extensions: EGL_ANDROID_front_buffer_auto_refresh EGL_ANDROID_get_native_client_buffer EGL_ANDROID_presentation_time EGL_EXT_surface_CTA861_3_metadata EGL_EXT_surface_SMPTE2086_metadata EGL_KHR_get_all_proc_addresses EGL_KHR_swap_buffers_with_damage EGL_ANDROID_get_frame_timestamps EGL_ANDROID_image_native_buffer EGL_ANDROID_native_fence_sync EGL_ANDROID_recordable EGL_KHR_create_context EGL_KHR_fence_sync EGL_KHR_gl_texture_2D_image EGL_KHR_image EGL_KHR_image_base EGL_KHR_wait_sync 
01-05 12:52:07.618   410   433 I RenderEngine: Client API: OpenGL_ES
01-05 12:52:07.618   410   433 I RenderEngine: EGLSurface: 8-8-8-8, config=0x2
01-05 12:52:07.630   350   350 I zygote  : Using CollectorTypeCC GC.
01-05 12:52:07.638   410   433 D RenderEngine: Background Blurs Enabled
01-05 12:52:07.651   442   442 I idmap2d : Starting
01-05 12:52:07.672   410   433 I RenderEngine: OpenGL ES informations:
01-05 12:52:07.672   410   433 I RenderEngine: vendor    : Google (Intel)
01-05 12:52:07.672   410   433 I RenderEngine: renderer  : Android Emulator OpenGL ES Translator (Intel(R) UHD Graphics 730)
01-05 12:52:07.673   410   433 I RenderEngine: version   : OpenGL ES 3.0 (4.5.0 - Build 31.0.101.5186)
01-05 12:52:07.673   410   433 I RenderEngine: extensions: GL_EXT_debug_marker GL_EXT_robustness GL_OES_EGL_sync GL_OES_EGL_image GL_OES_EGL_image_external GL_OES_depth24 GL_OES_depth32 GL_OES_element_index_uint GL_OES_texture_float GL_OES_texture_float_linear GL_OES_compressed_paletted_texture GL_OES_compressed_ETC1_RGB8_texture GL_OES_depth_texture GL_OES_texture_half_float GL_OES_texture_half_float_linear GL_OES_packed_depth_stencil GL_OES_vertex_half_float GL_OES_texture_npot GL_OES_rgb8_rgba8 GL_EXT_color_buffer_float GL_EXT_color_buffer_half_float GL_EXT_texture_format_BGRA8888 GL_APPLE_texture_format_BGRA8888 ANDROID_EMU_CHECKSUM_HELPER_v1 ANDROID_EMU_native_sync_v2 ANDROID_EMU_native_sync_v3 ANDROID_EMU_native_sync_v4 ANDROID_EMU_dma_v1 ANDROID_EMU_direct_mem ANDROID_EMU_host_composition_v1 ANDROID_EMU_host_composition_v2 ANDROID_EMU_vulkan ANDROID_EMU_deferred_vulkan_commands ANDROID_EMU_vulkan_null_optional_strings ANDROID_EMU_vulkan_create_resources_with_requirements ANDROID_EMU_YUV_Cache ANDROID_EMU_vulkan_ignored_handles ANDROID_EMU_has_shar
01-05 12:52:07.673   410   433 I RenderEngine: GL_MAX_TEXTURE_SIZE = 16384
01-05 12:52:07.673   410   433 I RenderEngine: GL_MAX_VIEWPORT_DIMS = 16384
01-05 12:52:07.679   451   451 I installd: installd firing up
01-05 12:52:07.742   158   158 I hwservicemanager: getTransport: Cannot find entry android.hardware.graphics.mapper@4.0::IMapper/default in either framework or device VINTF manifest.
01-05 12:52:07.742   387   409 I ComposerResources: failed to get mapper 4.0 service, falling back to mapper 3.0
01-05 12:52:07.736   456   456 I wificond: wificond is starting up...
01-05 12:52:07.764   452   452 I main_extractorservice: enable media.extractor memory limits
01-05 12:52:07.764   452   452 V MediaUtils: physMem: 2069590016
01-05 12:52:07.764   452   452 V MediaUtils: requested limit: 413918000
01-05 12:52:07.764   452   452 I libc    : malloc_limit: Allocation limit enabled, max size 413918000 bytes
01-05 12:52:07.777   461   461 I gatekeeperd: Starting gatekeeperd...
01-05 12:52:07.779   452   452 W mediaextractor: Could not read additional policy file '/vendor/etc/seccomp_policy/mediaextractor.policy'
01-05 12:52:07.780   452   452 W mediaextractor: libminijail[452]: failed to get path of fd 4: No such file or directory
01-05 12:52:07.780   452   452 W mediaextractor: libminijail[452]: allowing syscall: socketcall
01-05 12:52:07.780   452   452 W mediaextractor: libminijail[452]: allowing syscall: writev
01-05 12:52:07.780   452   452 W mediaextractor: libminijail[452]: allowing syscall: fcntl64
01-05 12:52:07.780   452   452 W mediaextractor: libminijail[452]: allowing syscall: clock_gettime
01-05 12:52:07.780   452   452 W mediaextractor: libminijail[452]: compile_file: <fd>(53): syscall readlinkat redefined here
01-05 12:52:07.780   452   452 W mediaextractor: libminijail[452]: compile_file: <fd>(48): previous definition here
01-05 12:52:07.781   452   452 W mediaextractor: libminijail[452]: compile_file: <fd>(60): syscall gettid redefined here
01-05 12:52:07.781   452   452 W mediaextractor: libminijail[452]: compile_file: <fd>(57): previous definition here
01-05 12:52:07.782   452   452 W mediaextractor: libminijail[452]: compile_file: /apex/com.android.media/etc/seccomp_policy/crash_dump.x86.policy(1): syscall read redefined here
01-05 12:52:07.782   452   452 W mediaextractor: libminijail[452]: compile_file: <fd>(19): previous definition here
01-05 12:52:07.782   452   452 W mediaextractor: libminijail[452]: compile_file: /apex/com.android.media/etc/seccomp_policy/crash_dump.x86.policy(2): syscall write redefined here
01-05 12:52:07.782   452   452 W mediaextractor: libminijail[452]: compile_file: <fd>(6): previous definition here
01-05 12:52:07.782   452   452 W mediaextractor: libminijail[452]: compile_file: /apex/com.android.media/etc/seccomp_policy/crash_dump.x86.policy(3): syscall exit redefined here
01-05 12:52:07.782   452   452 W mediaextractor: libminijail[452]: compile_file: <fd>(29): previous definition here
01-05 12:52:07.782   452   452 W mediaextractor: libminijail[452]: compile_file: /apex/com.android.media/etc/seccomp_policy/crash_dump.x86.policy(4): syscall rt_sigreturn redefined here
01-05 12:52:07.782   452   452 W mediaextractor: libminijail[452]: compile_file: <fd>(31): previous definition here
01-05 12:52:07.782   452   452 W mediaextractor: libminijail[452]: compile_file: /apex/com.android.media/etc/seccomp_policy/crash_dump.x86.policy(6): syscall exit_group redefined here
01-05 12:52:07.782   452   452 W mediaextractor: libminijail[452]: compile_file: <fd>(30): previous definition here
01-05 12:52:07.783   452   452 W mediaextractor: libminijail[452]: compile_file: /apex/com.android.media/etc/seccomp_policy/crash_dump.x86.policy(7): syscall clock_gettime redefined here
01-05 12:52:07.783   452   452 W mediaextractor: libminijail[452]: compile_file: <fd>(15): previous definition here
01-05 12:52:07.783   453   453 V MediaUtils: physMem: 2069590016
01-05 12:52:07.783   452   452 W mediaextractor: libminijail[452]: compile_file: /apex/com.android.media/etc/seccomp_policy/crash_dump.x86.policy(9): syscall futex redefined here
01-05 12:52:07.783   453   453 V MediaUtils: requested limit: 134217728
01-05 12:52:07.783   452   452 W mediaextractor: libminijail[452]: compile_file: <fd>(4): previous definition here
01-05 12:52:07.783   452   452 W mediaextractor: libminijail[452]: compile_file: /apex/com.android.media/etc/seccomp_policy/crash_dump.x86.policy(10): syscall getrandom redefined here
01-05 12:52:07.783   452   452 W mediaextractor: libminijail[452]: compile_file: <fd>(41): previous definition here
01-05 12:52:07.783   453   453 I libc    : malloc_limit: Allocation limit enabled, max size 134217728 bytes
01-05 12:52:07.783   452   452 W mediaextractor: libminijail[452]: compile_file: /apex/com.android.media/etc/seccomp_policy/crash_dump.x86.policy(11): syscall getpid redefined here
01-05 12:52:07.783   452   452 W mediaextractor: libminijail[452]: compile_file: <fd>(59): previous definition here
01-05 12:52:07.783   452   452 W mediaextractor: libminijail[452]: compile_file: /apex/com.android.media/etc/seccomp_policy/crash_dump.x86.policy(12): syscall gettid redefined here
01-05 12:52:07.783   452   452 W mediaextractor: libminijail[452]: compile_file: <fd>(57): previous definition here
01-05 12:52:07.783   452   452 W mediaextractor: libminijail[452]: compile_file: /apex/com.android.media/etc/seccomp_policy/crash_dump.x86.policy(15): syscall openat redefined here
01-05 12:52:07.783   452   452 W mediaextractor: libminijail[452]: compile_file: <fd>(13): previous definition here
01-05 12:52:07.784   452   452 W mediaextractor: libminijail[452]: compile_file: /apex/com.android.media/etc/seccomp_policy/crash_dump.x86.policy(16): syscall dup redefined here
01-05 12:52:07.784   452   452 W mediaextractor: libminijail[452]: compile_file: <fd>(9): previous definition here
01-05 12:52:07.784   452   452 W mediaextractor: libminijail[452]: compile_file: /apex/com.android.media/etc/seccomp_policy/crash_dump.x86.policy(17): syscall close redefined here
01-05 12:52:07.784   452   452 W mediaextractor: libminijail[452]: compile_file: <fd>(8): previous definition here
01-05 12:52:07.784   452   452 W mediaextractor: libminijail[452]: compile_file: /apex/com.android.media/etc/seccomp_policy/crash_dump.x86.policy(18): syscall lseek redefined here
01-05 12:52:07.784   452   452 W mediaextractor: libminijail[452]: compile_file: <fd>(20): previous definition here
01-05 12:52:07.784   452   452 W mediaextractor: libminijail[452]: compile_file: /apex/com.android.media/etc/seccomp_policy/crash_dump.x86.policy(19): syscall getdents64 redefined here
01-05 12:52:07.784   452   452 W mediaextractor: libminijail[452]: compile_file: <fd>(47): previous definition here
01-05 12:52:07.784   452   452 W mediaextractor: libminijail[452]: compile_file: /apex/com.android.media/etc/seccomp_policy/crash_dump.x86.policy(20): syscall faccessat redefined here
01-05 12:52:07.784   452   452 W mediaextractor: libminijail[452]: compile_file: <fd>(32): previous definition here
01-05 12:52:07.784   452   452 W mediaextractor: libminijail[452]: compile_file: /apex/com.android.media/etc/seccomp_policy/crash_dump.x86.policy(29): syscall prctl redefined here
01-05 12:52:07.784   452   452 W mediaextractor: libminijail[452]: compile_file: <fd>(5): previous definition here
01-05 12:52:07.784   452   452 W mediaextractor: libminijail[452]: compile_file: /apex/com.android.media/etc/seccomp_policy/crash_dump.x86.policy(30): syscall madvise redefined here
01-05 12:52:07.784   452   452 W mediaextractor: libminijail[452]: compile_file: <fd>(12): previous definition here
01-05 12:52:07.785   452   452 W mediaextractor: libminijail[452]: compile_file: /apex/com.android.media/etc/seccomp_policy/crash_dump.x86.policy(31): syscall mprotect redefined here
01-05 12:52:07.785   452   452 W mediaextractor: libminijail[452]: compile_file: <fd>(18): previous definition here
01-05 12:52:07.785   452   452 W mediaextractor: libminijail[452]: compile_file: /apex/com.android.media/etc/seccomp_policy/crash_dump.x86.policy(32): syscall munmap redefined here
01-05 12:52:07.785   452   452 W mediaextractor: libminijail[452]: compile_file: <fd>(10): previous definition here
01-05 12:52:07.785   452   452 W mediaextractor: libminijail[452]: compile_file: /apex/com.android.media/etc/seccomp_policy/crash_dump.x86.policy(33): syscall getuid32 redefined here
01-05 12:52:07.785   452   452 W mediaextractor: libminijail[452]: compile_file: <fd>(21): previous definition here
01-05 12:52:07.785   452   452 W mediaextractor: libminijail[452]: compile_file: /apex/com.android.media/etc/seccomp_policy/crash_dump.x86.policy(34): syscall fstat64 redefined here
01-05 12:52:07.785   452   452 W mediaextractor: libminijail[452]: compile_file: <fd>(27): previous definition here
01-05 12:52:07.785   452   452 W mediaextractor: libminijail[452]: compile_file: /apex/com.android.media/etc/seccomp_policy/crash_dump.x86.policy(35): syscall mmap2 redefined here
01-05 12:52:07.785   452   452 W mediaextractor: libminijail[452]: compile_file: <fd>(11): previous definition here
01-05 12:52:07.785   452   452 W mediaextractor: libminijail[452]: compile_file: /apex/com.android.media/etc/seccomp_policy/crash_dump.x86.policy(36): syscall geteuid32 redefined here
01-05 12:52:07.785   452   452 W mediaextractor: libminijail[452]: compile_file: <fd>(36): previous definition here
01-05 12:52:07.785   452   452 W mediaextractor: libminijail[452]: compile_file: /apex/com.android.media/etc/seccomp_policy/crash_dump.x86.policy(37): syscall getgid32 redefined here
01-05 12:52:07.785   452   452 W mediaextractor: libminijail[452]: compile_file: <fd>(37): previous definition here
01-05 12:52:07.785   452   452 W mediaextractor: libminijail[452]: compile_file: /apex/com.android.media/etc/seccomp_policy/crash_dump.x86.policy(38): syscall getegid32 redefined here
01-05 12:52:07.785   452   452 W mediaextractor: libminijail[452]: compile_file: <fd>(38): previous definition here
01-05 12:52:07.786   452   452 W mediaextractor: libminijail[452]: compile_file: /apex/com.android.media/etc/seccomp_policy/crash_dump.x86.policy(39): syscall getgroups32 redefined here
01-05 12:52:07.786   452   452 W mediaextractor: libminijail[452]: compile_file: <fd>(39): previous definition here
01-05 12:52:07.788   461   461 I ServiceManagerCppClient: Waiting for service 'android.hardware.gatekeeper.IGatekeeper/default' on '/dev/binder'...
01-05 12:52:07.792   428   428 I perfetto:  probes_producer.cc:341 Connected to the service
01-05 12:52:07.797   453   453 D AudioPowerUsage: AudioPowerUsage
01-05 12:52:07.797   453   453 D AudioAnalytics: AudioAnalytics
01-05 12:52:07.797   453   453 D MediaMetricsService: MediaMetricsService
01-05 12:52:07.802   420   472 I adbd    : host-14: read thread spawning
01-05 12:52:07.802   452   452 W mediaextractor: libminijail[452]: logging seccomp filter failures
01-05 12:52:07.805   464   464 I usbd    : persistent prop is adb
01-05 12:52:07.810   467   467 I flags_health_check: ServerConfigurableFlagsReset reset_mode value: 0
01-05 12:52:07.810   467   467 I flags_health_check: ServerConfigurableFlagsReset attempted boot count is under threshold, skipping reset.
01-05 12:52:07.812   456   456 I HidlServiceManagement: Registered android.system.wifi.keystore@1.0::IKeystore/default
01-05 12:52:07.815   420   473 I adbd    : host-14: write thread spawning
01-05 12:52:07.816   420   474 I adbd    : host-18: read thread spawning
01-05 12:52:07.817   420   475 I adbd    : host-18: write thread spawning
01-05 12:52:07.817   420   420 I adbd    : host-18: already offline
01-05 12:52:07.817   420   420 I adbd    : Calling send_auth_request...
01-05 12:52:07.825   387   409 E RanchuHwc: loadPersistentKeyValues: persistent key-value store path not available.
01-05 12:52:07.826   420   420 I adbd    : adbd_auth: loading keys from /data/misc/adb/adb_keys
01-05 12:52:07.826   158   158 I hwservicemanager: getTransport: Cannot find entry android.hardware.usb.gadget@1.0::IUsbGadget/default in either framework or device VINTF manifest.
01-05 12:52:07.826   464   464 I usbd    : Usb HAL not found
01-05 12:52:07.829   387   409 E RanchuHwc: getPersistentKeyValue: failed to load pmem json
01-05 12:52:07.829   387   409 E RanchuHwc: getBootConfigId: display:0 failed to get persistent boot config
01-05 12:52:07.830   387   409 D RanchuHwc: init display:0 with config: id: 0 w:1280 h:720 dpi-x:213 dpi-y:213 vsync:60.000002 config-group:0
01-05 12:52:07.830   387   409 E RanchuHwc: start: failed to set Vsync thread name: Math result not representable
01-05 12:52:07.830   387   409 E RanchuHwc: start: failed to set Vsync thread priority: Invalid argument
01-05 12:52:07.833   455   455 W storaged: health: invalid battery status
01-05 12:52:07.833   158   158 I hwservicemanager: getTransport: Cannot find entry android.hardware.graphics.mapper@4.0::IMapper/default in either framework or device VINTF manifest.
01-05 12:52:07.833   387   409 I Gralloc4: mapper 4.x is not supported
01-05 12:52:07.834   420   420 I adbd    : adb client authorized
01-05 12:52:07.856   387   479 I RanchuHwc: Vsync thread for display:0 starting
01-05 12:52:07.864   406   406 I ServiceManagerCppClient: Waiting for service 'media.metrics' on '/dev/binder' successful after waiting 313ms
01-05 12:52:07.868   453   471 I ServiceManagerCppClient: Waiting for service 'package_native' on '/dev/binder'...
01-05 12:52:07.875   406   406 I AudioFlinger: Using default 3000 mSec as standby time.
01-05 12:52:07.885   455   455 I ServiceManagerCppClient: Waiting for service 'package_native' on '/dev/binder'...
01-05 12:52:07.885   406   406 D audioserver: main: AudioFlinger created
01-05 12:52:07.891   387   409 E android.hardware.graphics.composer3-service.ranchu: freeBuffer:127 failed with 'Error3::BAD_BUFFER'
01-05 12:52:07.891   387   409 E Gralloc3: freeBuffer(0x0) failed with 2
01-05 12:52:07.894   387   409 E android.hardware.graphics.composer3-service.ranchu: freeBuffer:127 failed with 'Error3::BAD_BUFFER'
01-05 12:52:07.894   387   409 E Gralloc3: freeBuffer(0x0) failed with 2
01-05 12:52:07.894   387   409 E android.hardware.graphics.composer3-service.ranchu: freeBuffer:127 failed with 'Error3::BAD_BUFFER'
01-05 12:52:07.894   387   409 E Gralloc3: freeBuffer(0x0) failed with 2
01-05 12:52:07.896   387   409 E android.hardware.graphics.composer3-service.ranchu: freeBuffer:127 failed with 'Error3::BAD_BUFFER'
01-05 12:52:07.896   387   409 E Gralloc3: freeBuffer(0x0) failed with 2
01-05 12:52:07.896   387   409 E android.hardware.graphics.composer3-service.ranchu: freeBuffer:127 failed with 'Error3::BAD_BUFFER'
01-05 12:52:07.896   387   409 E Gralloc3: freeBuffer(0x0) failed with 2
01-05 12:52:07.896   387   409 E android.hardware.graphics.composer3-service.ranchu: freeBuffer:127 failed with 'Error3::BAD_BUFFER'
01-05 12:52:07.896   387   409 E Gralloc3: freeBuffer(0x0) failed with 2
01-05 12:52:07.896   468   468 W atrace  : type=1400 audit(0.0:6): avc:  denied  { write } for  name="enable" dev="tracefs" ino=8676 scontext=u:r:atrace:s0 tcontext=u:object_r:debugfs_tracing_debug:s0 tclass=file permissive=0
01-05 12:52:07.905   410   410 I HwcComposer: Loaded AIDL composer3 HAL service
01-05 12:52:07.940   410   410 W surfaceflinger: Binder 0xf3d8231c destroyed after setMinSchedulerPolicy before being parceled.
01-05 12:52:07.940   410   410 W surfaceflinger: Binder 0xf3d8231c destroyed after setMinSchedulerPolicy before being parceled.
01-05 12:52:07.942   410   410 I HWComposer: Switching to generalized multi-display mode
01-05 12:52:07.946   410   410 I SurfaceFlinger: Connecting display 4619827259835644672 (HAL ID 0)
01-05 12:52:07.946   410   410 E HwcComposer: getPerFrameMetadataKeys failed Status(-8, EX_SERVICE_SPECIFIC): '8: '
01-05 12:52:07.950   158   158 I hwservicemanager: getTransport: Cannot find entry android.hardware.graphics.mapper@4.0::IMapper/default in either framework or device VINTF manifest.
01-05 12:52:07.950   410   410 I Gralloc4: mapper 4.x is not supported
01-05 12:52:07.955   454   454 I mediaserver: ServiceManager: 0xf4280460
01-05 12:52:07.956   454   454 W BatteryNotifier: batterystats service unavailable!
01-05 12:52:07.965   454   454 W BatteryNotifier: batterystats service unavailable!
01-05 12:52:07.968   441   441 I cameraserver: ServiceManager: 0xf5402830
01-05 12:52:07.979   441   441 I CameraService: CameraService started (pid=441)
01-05 12:52:07.979   441   441 I CameraService: CameraService process starting
01-05 12:52:07.980   441   441 W BatteryNotifier: batterystats service unavailable!
01-05 12:52:07.980   441   441 W BatteryNotifier: batterystats service unavailable!
01-05 12:52:07.985   441   441 I cameraserver: Connecting to new camera provider: android.hardware.camera.provider.ICameraProvider/internal/0, isRemote? 1
01-05 12:52:07.986   441   441 W BpBinder: Linking to death on android.hardware.camera.provider.ICameraProvider but there are no threads (yet?) listening to incoming transactions. See ProcessState::startThreadPool and ProcessState::setThreadPoolMaxThreadCount. Generally you should setup the binder threadpool before other initialization steps.
01-05 12:52:07.992   441   441 I CameraProviderManager: Enumerating new camera device: device@1.1/internal/1
01-05 12:52:07.992   359   359 I EmulatedCameraDeviceHwlImpl: Create: Created EmulatedCameraDeviceHwlImpl for camera 1
01-05 12:52:07.993   359   359 D GCH_Utils: FindLibraryPaths: Unable to open directory /vendor/lib/camera/capture_sessions/ (No such file or directory)
01-05 12:52:07.993   359   359 I GCH_CameraDevice: Create: Created a camera device for public(1)
01-05 12:52:07.994   359   359 W GCH_HalVendorTags: ModifyCharacteristicsKeys: failed to get ANDROID_REQUEST_AVAILABLE_SESSION_KEYS
01-05 12:52:07.995   441   441 E CameraProviderManager: addDynamicDepthTags: Advertised depth exclusive tag but value is not present!
01-05 12:52:07.995   441   441 E cameraserver: AidlDeviceInfo3: Failed appending dynamic depth tags: Invalid argument (-22)
01-05 12:52:07.996   441   441 W CameraProviderManager: Camera provider android.hardware.camera.provider.ICameraProvider/internal/0 says an unknown camera device@1.1/internal/1 now has torch status 1. Curious.
01-05 12:52:07.996   359   359 W GCH_HalVendorTags: ModifyCharacteristicsKeys: failed to get ANDROID_REQUEST_AVAILABLE_SESSION_KEYS
01-05 12:52:07.996   359   359 W GCH_HalVendorTags: ModifyCharacteristicsKeys: failed to get ANDROID_REQUEST_AVAILABLE_SESSION_KEYS
01-05 12:52:07.996   441   441 I CameraProviderManager: Camera provider android.hardware.camera.provider.ICameraProvider/internal/0 ready with 1 camera devices
01-05 12:52:07.996   441   441 I cameraserver: Connecting to new camera provider: android.hardware.camera.provider.ICameraProvider/internal/1, isRemote? 1
01-05 12:52:07.997   441   441 W BpBinder: Linking to death on android.hardware.camera.provider.ICameraProvider but there are no threads (yet?) listening to incoming transactions. See ProcessState::startThreadPool and ProcessState::setThreadPoolMaxThreadCount. Generally you should setup the binder threadpool before other initialization steps.
01-05 12:52:07.997   441   441 I CameraProviderManager: Camera provider android.hardware.camera.provider.ICameraProvider/internal/1 ready with 0 camera devices
01-05 12:52:07.997   441   441 I CameraService: onDeviceStatusChanged: Status changed for cameraId=1, newStatus=1
01-05 12:52:07.997   441   441 I CameraService: onDeviceStatusChanged: Unknown camera ID 1, a new camera is added
01-05 12:52:08.016   441   441 I HidlServiceManagement: Registered android.frameworks.cameraservice.service@2.2::ICameraService/default
01-05 12:52:08.027   410   410 I Scheduler: Display 4619827259835644672 is the pacesetter
01-05 12:52:08.028   410   500 W EventThread: Ignoring VSYNC request while display is disconnected
01-05 12:52:08.029   406   406 D APM_EngineLoader: Loaded engine from libaudiopolicyenginedefault.so
01-05 12:52:08.029   406   406 D APM::AudioPolicyEngine/Base: loadAudioPolicyEngineConfig: No configuration found, using default matching phone experience.
01-05 12:52:08.030   441   441 I CameraService: CameraService pinged cameraservice proxy
01-05 12:52:08.031   441   441 I cameraserver: ServiceManager: 0xf5402830 done instantiate
01-05 12:52:08.031   441   441 W CameraProviderManager: addAidlProviderLocked: Camera provider HAL with name 'android.hardware.camera.provider.ICameraProvider/internal/0' already registered
01-05 12:52:08.031   441   441 W CameraProviderManager: addAidlProviderLocked: Camera provider HAL with name 'android.hardware.camera.provider.ICameraProvider/internal/1' already registered
01-05 12:52:08.034   406   406 W APM::AudioPolicyEngine/Base: loadAudioPolicyEngineConfig: No configuration of AUDIO_STREAM_CALL_ASSISTANT found, using default volume configuration
01-05 12:52:08.039   406   406 D AudioFlinger::MelReporter: activateHalSoundDoseComputation: Forcing use of internal MEL computation.
01-05 12:52:08.039   406   406 W AudioFlinger: loadHwModule() sound dose reporting is not available
01-05 12:52:08.042   406   406 I AudioFlinger: loadHwModule() Loaded primary audio interface, handle 10
01-05 12:52:08.045   410   500 W EventThread: Ignoring VSYNC request while display is disconnected
01-05 12:52:08.045   410   505 W EventThread: Ignoring VSYNC request while display is disconnected
01-05 12:52:08.045   410   505 W EventThread: Ignoring VSYNC request while display is disconnected
01-05 12:52:08.046   410   410 I Scheduler: Display 4619827259835644672 is the pacesetter
01-05 12:52:08.047   406   406 I AudioFlinger: openOutput() this 0xf0586610, module 10 Device AUDIO_DEVICE_OUT_SPEAKER, @:, SamplingRate 48000, Format 0x000001, Channels 0x3, flags 0x2
01-05 12:52:08.050   158   158 I hwservicemanager: getTransport: Cannot find entry android.frameworks.displayservice@1.0::IDisplayService/default in either framework or device VINTF manifest.
01-05 12:52:08.050   410   410 E HidlServiceManagement: Service android.frameworks.displayservice@1.0::IDisplayService/default must be in VINTF manifest in order to register/get.
01-05 12:52:08.050   410   410 E SurfaceFlinger: Did not register (deprecated) IDisplayService service.
01-05 12:52:08.050   410   410 D SurfaceFlinger: Setting power mode 2 on display 4619827259835644672
01-05 12:52:08.051   410   410 D SurfaceFlinger: Finished setting power mode 2 on display 4619827259835644672
01-05 12:52:08.058   410   508 W SurfaceFlinger: Failed to set thread name on dispatch thread
01-05 12:52:08.063   452   452 I MediaExtractorFactory: plugin directory not present (/system/lib/extractors)
01-05 12:52:08.063   452   452 I MediaExtractorFactory: plugin directory not present (/system_ext/lib/extractors)
01-05 12:52:08.070   406   406 I AudioFlinger: HAL output buffer size 1088 frames, normal sink buffer size 1088 frames
01-05 12:52:08.071   158   158 I hwservicemanager: getTransport: Cannot find entry android.hardware.audio.effect@7.1::IEffectsFactory/default in either framework or device VINTF manifest.
01-05 12:52:08.081   458   458 I mediaswcodec: media swcodec service starting
01-05 12:52:08.084   458   458 W mediaswcodec: Could not read additional policy file '/vendor/etc/seccomp_policy/mediaswcodec.policy'
01-05 12:52:08.084   458   458 W mediaswcodec: libminijail[458]: failed to get path of fd 4: No such file or directory
01-05 12:52:08.084   458   458 W mediaswcodec: libminijail[458]: allowing syscall: socketcall
01-05 12:52:08.084   458   458 W mediaswcodec: libminijail[458]: allowing syscall: writev
01-05 12:52:08.085   458   458 W mediaswcodec: libminijail[458]: allowing syscall: fcntl64
01-05 12:52:08.085   458   458 W mediaswcodec: libminijail[458]: allowing syscall: clock_gettime
01-05 12:52:08.085   458   458 W mediaswcodec: libminijail[458]: compile_file: <fd>(35): nonexistent syscall 'newfstatat'
01-05 12:52:08.085   458   458 W mediaswcodec: libminijail[458]: compile_file: <fd>(51): syscall _llseek redefined here
01-05 12:52:08.085   458   458 W mediaswcodec: libminijail[458]: compile_file: <fd>(39): previous definition here
01-05 12:52:08.085   458   458 W mediaswcodec: libminijail[458]: compile_file: <fd>(70): syscall gettid redefined here
01-05 12:52:08.086   458   458 W mediaswcodec: libminijail[458]: compile_file: <fd>(67): previous definition here
01-05 12:52:08.087   458   458 W mediaswcodec: libminijail[458]: compile_file: /apex/com.android.media.swcodec/etc/seccomp_policy/crash_dump.x86.policy(1): syscall read redefined here
01-05 12:52:08.087   458   458 W mediaswcodec: libminijail[458]: compile_file: <fd>(15): previous definition here
01-05 12:52:08.087   458   458 W mediaswcodec: libminijail[458]: compile_file: /apex/com.android.media.swcodec/etc/seccomp_policy/crash_dump.x86.policy(2): syscall write redefined here
01-05 12:52:08.087   458   458 W mediaswcodec: libminijail[458]: compile_file: <fd>(58): previous definition here
01-05 12:52:08.087   458   458 W mediaswcodec: libminijail[458]: compile_file: /apex/com.android.media.swcodec/etc/seccomp_policy/crash_dump.x86.policy(3): syscall exit redefined here
01-05 12:52:08.087   458   458 W mediaswcodec: libminijail[458]: compile_file: <fd>(45): previous definition here
01-05 12:52:08.087   458   458 W mediaswcodec: libminijail[458]: compile_file: /apex/com.android.media.swcodec/etc/seccomp_policy/crash_dump.x86.policy(4): syscall rt_sigreturn redefined here
01-05 12:52:08.087   458   458 W mediaswcodec: libminijail[458]: compile_file: <fd>(47): previous definition here
01-05 12:52:08.087   458   458 W mediaswcodec: libminijail[458]: compile_file: /apex/com.android.media.swcodec/etc/seccomp_policy/crash_dump.x86.policy(6): syscall exit_group redefined here
01-05 12:52:08.087   458   458 W mediaswcodec: libminijail[458]: compile_file: <fd>(46): previous definition here
01-05 12:52:08.087   458   458 W mediaswcodec: libminijail[458]: compile_file: /apex/com.android.media.swcodec/etc/seccomp_policy/crash_dump.x86.policy(9): syscall futex redefined here
01-05 12:52:08.087   458   458 W mediaswcodec: libminijail[458]: compile_file: <fd>(36): previous definition here
01-05 12:52:08.088   458   458 W mediaswcodec: libminijail[458]: compile_file: /apex/com.android.media.swcodec/etc/seccomp_policy/crash_dump.x86.policy(11): syscall getpid redefined here
01-05 12:52:08.088   458   458 W mediaswcodec: libminijail[458]: compile_file: <fd>(69): previous definition here
01-05 12:52:08.088   458   458 W mediaswcodec: libminijail[458]: compile_file: /apex/com.android.media.swcodec/etc/seccomp_policy/crash_dump.x86.policy(12): syscall gettid redefined here
01-05 12:52:08.088   458   458 W mediaswcodec: libminijail[458]: compile_file: <fd>(67): previous definition here
01-05 12:52:08.088   458   458 W mediaswcodec: libminijail[458]: compile_file: /apex/com.android.media.swcodec/etc/seccomp_policy/crash_dump.x86.policy(15): syscall openat redefined here
01-05 12:52:08.088   458   458 W mediaswcodec: libminijail[458]: compile_file: <fd>(18): previous definition here
01-05 12:52:08.088   458   458 W mediaswcodec: libminijail[458]: compile_file: /apex/com.android.media.swcodec/etc/seccomp_policy/crash_dump.x86.policy(16): syscall dup redefined here
01-05 12:52:08.088   458   458 W mediaswcodec: libminijail[458]: compile_file: <fd>(56): previous definition here
01-05 12:52:08.088   458   458 W mediaswcodec: libminijail[458]: compile_file: /apex/com.android.media.swcodec/etc/seccomp_policy/crash_dump.x86.policy(17): syscall close redefined here
01-05 12:52:08.088   458   458 W mediaswcodec: libminijail[458]: compile_file: <fd>(25): previous definition here
01-05 12:52:08.088   458   458 W mediaswcodec: libminijail[458]: compile_file: /apex/com.android.media.swcodec/etc/seccomp_policy/crash_dump.x86.policy(18): syscall lseek redefined here
01-05 12:52:08.088   458   458 W mediaswcodec: libminijail[458]: compile_file: <fd>(40): previous definition here
01-05 12:52:08.088   458   458 W mediaswcodec: libminijail[458]: compile_file: /apex/com.android.media.swcodec/etc/seccomp_policy/crash_dump.x86.policy(20): syscall faccessat redefined here
01-05 12:52:08.089   458   458 W mediaswcodec: libminijail[458]: compile_file: <fd>(38): previous definition here
01-05 12:52:08.089   458   458 W mediaswcodec: libminijail[458]: compile_file: /apex/com.android.media.swcodec/etc/seccomp_policy/crash_dump.x86.policy(29): syscall prctl redefined here
01-05 12:52:08.089   458   458 W mediaswcodec: libminijail[458]: compile_file: <fd>(17): previous definition here
01-05 12:52:08.089   458   458 W mediaswcodec: libminijail[458]: compile_file: /apex/com.android.media.swcodec/etc/seccomp_policy/crash_dump.x86.policy(30): syscall madvise redefined here
01-05 12:52:08.089   458   458 W mediaswcodec: libminijail[458]: compile_file: <fd>(33): previous definition here
01-05 12:52:08.089   458   458 W mediaswcodec: libminijail[458]: compile_file: /apex/com.android.media.swcodec/etc/seccomp_policy/crash_dump.x86.policy(31): syscall mprotect redefined here
01-05 12:52:08.089   458   458 W mediaswcodec: libminijail[458]: compile_file: <fd>(16): previous definition here
01-05 12:52:08.089   458   458 W mediaswcodec: libminijail[458]: compile_file: /apex/com.android.media.swcodec/etc/seccomp_policy/crash_dump.x86.policy(32): syscall munmap redefined here
01-05 12:52:08.089   458   458 W mediaswcodec: libminijail[458]: compile_file: <fd>(37): previous definition here
01-05 12:52:08.089   458   458 W mediaswcodec: libminijail[458]: compile_file: /apex/com.android.media.swcodec/etc/seccomp_policy/crash_dump.x86.policy(33): syscall getuid32 redefined here
01-05 12:52:08.089   458   458 W mediaswcodec: libminijail[458]: compile_file: <fd>(20): previous definition here
01-05 12:52:08.089   458   458 W mediaswcodec: libminijail[458]: compile_file: /apex/com.android.media.swcodec/etc/seccomp_policy/crash_dump.x86.policy(34): syscall fstat64 redefined here
01-05 12:52:08.089   458   458 W mediaswcodec: libminijail[458]: compile_file: <fd>(28): previous definition here
01-05 12:52:08.089   458   458 W mediaswcodec: libminijail[458]: compile_file: /apex/com.android.media.swcodec/etc/seccomp_policy/crash_dump.x86.policy(35): syscall mmap2 redefined here
01-05 12:52:08.090   458   458 W mediaswcodec: libminijail[458]: compile_file: <fd>(26): previous definition here
01-05 12:52:08.091   458   458 W mediaswcodec: libminijail[458]: logging seccomp filter failures
01-05 12:52:08.097   458   458 I CodecServiceRegistrant: Creating software Codec2 service...
