01-07 03:34:14.471   929  1061 D SystemServerTimingAsync: SecondaryZygotePreload
01-07 03:34:14.472   929   929 V SystemServerTiming: StartKeyAttestationApplicationIdProviderService took to complete: 1ms
01-07 03:34:14.472   929   929 D SystemServerTiming: StartKeyChainSystemService
01-07 03:34:14.472   929   929 I SystemServiceManager: Starting com.android.server.security.KeyChainSystemService
01-07 03:34:14.472   929   929 V SystemServerTiming: StartKeyChainSystemService took to complete: 0ms
01-07 03:34:14.472   929   929 D SystemServerTiming: StartBinaryTransparencyService
01-07 03:34:14.472   929   929 I SystemServiceManager: Starting com.android.server.BinaryTransparencyService
01-07 03:34:14.473   929  1045 V SystemServerTimingAsync: AppDataFixup took to complete: 170ms
01-07 03:34:14.473   929   929 I TransparencyService: Started BinaryTransparencyService
01-07 03:34:14.473   929   929 V SystemServerTiming: StartBinaryTransparencyService took to complete: 1ms
01-07 03:34:14.473   929   929 D SystemServerTiming: StartSchedulingPolicyService
01-07 03:34:14.474   929  1045 W PackageManager: Skipping preparing app data for com.android.sdksandbox
01-07 03:34:14.474   929  1062 D SystemServerTimingAsync: InitThreadPoolExec:SchedulingPolicyService.<init>
01-07 03:34:14.474   929  1062 D SystemServerInitThreadPool: Started executing SchedulingPolicyService.<init>
01-07 03:34:14.474   929   929 V SystemServerTiming: StartSchedulingPolicyService took to complete: 1ms
01-07 03:34:14.474   929   929 D SystemServerTiming: StartTelephonyRegistry
01-07 03:34:14.475   929   929 V SystemServerTiming: StartTelephonyRegistry took to complete: 1ms
01-07 03:34:14.475   929   929 D SystemServerTiming: StartEntropyMixer
01-07 03:34:14.476   929   929 I EntropyMixer: Loaded existing seed file
01-07 03:34:14.477   929   929 I EntropyMixer: Updated seed file
01-07 03:34:14.478   929   929 V SystemServerTiming: StartEntropyMixer took to complete: 3ms
01-07 03:34:14.478   929   929 D SystemServerTiming: StartAccountManagerService
01-07 03:34:14.478   929   929 I SystemServiceManager: Starting com.android.server.accounts.AccountManagerService$Lifecycle
01-07 03:34:14.484   929   929 V SystemServerTiming: StartAccountManagerService took to complete: 6ms
01-07 03:34:14.484   929   929 D SystemServerTiming: StartContentService
01-07 03:34:14.484   929   929 I SystemServiceManager: Starting com.android.server.content.ContentService$Lifecycle
01-07 03:34:14.486   929   929 V SystemServerTiming: StartContentService took to complete: 2ms
01-07 03:34:14.486   929   929 D SystemServerTiming: InstallSystemProviders
01-07 03:34:14.487   929  1062 D SystemServerInitThreadPool: Finished executing SchedulingPolicyService.<init>
01-07 03:34:14.487   929  1062 V SystemServerTimingAsync: InitThreadPoolExec:SchedulingPolicyService.<init> took to complete: 13ms
01-07 03:34:14.545   929   967 D ActivityManager: Freezer enabled
01-07 03:34:14.545   929   929 V SystemServerTiming: InstallSystemProviders took to complete: 59ms
01-07 03:34:14.545   929   929 D SystemServerTiming: UpdateWatchdogTimeout
01-07 03:34:14.545   929   967 D ActivityManager: freezer override set to false
01-07 03:34:14.546   929   929 I Watchdog: Watchdog timeout updated to 60000 millis
01-07 03:34:14.546   929   929 V SystemServerTiming: UpdateWatchdogTimeout took to complete: 0ms
01-07 03:34:14.547   929   929 D SystemServerTiming: StartDropBoxManager
01-07 03:34:14.547   929   929 I SystemServiceManager: Starting com.android.server.DropBoxManagerService
01-07 03:34:14.548   929   929 V SystemServerTiming: StartDropBoxManager took to complete: 1ms
01-07 03:34:14.548   929   929 D SystemServerTiming: StartRoleManagerService
01-07 03:34:14.549   929   929 I SystemServiceManager: Starting com.android.role.RoleService
01-07 03:34:14.562   492   492 V ZygoteInitTiming_lazy: BeginPreload took to complete: 88ms
01-07 03:34:14.578   929   929 V SystemServerTiming: StartRoleManagerService took to complete: 30ms
01-07 03:34:14.578   929   929 D SystemServerTiming: StartVibratorManagerService
01-07 03:34:14.578   929   929 I SystemServiceManager: Starting com.android.server.vibrator.VibratorManagerService$Lifecycle
01-07 03:34:14.584   929   929 V SystemServerTiming: StartVibratorManagerService took to complete: 6ms
01-07 03:34:14.584   929   929 D SystemServerTiming: StartDynamicSystemService
01-07 03:34:14.585   929   929 V SystemServerTiming: StartDynamicSystemService took to complete: 1ms
01-07 03:34:14.585   929   929 D SystemServerTiming: StartConsumerIrService
01-07 03:34:14.586   929   929 V SystemServerTiming: StartConsumerIrService took to complete: 1ms
01-07 03:34:14.586   929   929 D SystemServerTiming: StartResourceEconomy
01-07 03:34:14.588   929   929 I SystemServiceManager: Starting com.android.server.tare.InternalResourceService
01-07 03:34:14.593   929   929 V SystemServerTiming: StartResourceEconomy took to complete: 7ms
01-07 03:34:14.593   929   929 D SystemServerTiming: StartAlarmManagerService
01-07 03:34:14.594   929   929 I SystemServiceManager: Starting com.android.server.alarm.AlarmManagerService
01-07 03:34:14.601   929   929 V SystemServerTiming: StartAlarmManagerService took to complete: 8ms
01-07 03:34:14.601   929   929 D SystemServerTiming: StartInputManagerService
01-07 03:34:14.609   929   929 I InputManager: Initializing input manager, mUseDevInputEventForAudioJack=false
01-07 03:34:14.609   929   929 V SystemServerTiming: StartInputManagerService took to complete: 8ms
01-07 03:34:14.609   929   929 D SystemServerTiming: DeviceStateManagerService
01-07 03:34:14.609   929   929 I SystemServiceManager: Starting com.android.server.devicestate.DeviceStateManagerService
01-07 03:34:14.614   929   929 V SystemServerTiming: DeviceStateManagerService took to complete: 5ms
01-07 03:34:14.614   929   929 D SystemServerTiming: StartWindowManagerService
01-07 03:34:14.614   929   929 I SystemServiceManager: Starting phase 200
01-07 03:34:14.614   929   929 D SystemServerTiming: OnBootPhase_200
01-07 03:34:14.614   929   929 D SystemServerTiming: OnBootPhase_200_com.android.server.security.FileIntegrityService
01-07 03:34:14.614   929   929 V SystemServerTiming: OnBootPhase_200_com.android.server.security.FileIntegrityService took to complete: 0ms
01-07 03:34:14.614   929   929 D SystemServerTiming: OnBootPhase_200_com.android.server.pm.Installer
01-07 03:34:14.614   929   929 V SystemServerTiming: OnBootPhase_200_com.android.server.pm.Installer took to complete: 0ms
01-07 03:34:14.614   929   929 D SystemServerTiming: OnBootPhase_200_com.android.server.os.DeviceIdentifiersPolicyService
01-07 03:34:14.614   929   929 V SystemServerTiming: OnBootPhase_200_com.android.server.os.DeviceIdentifiersPolicyService took to complete: 0ms
01-07 03:34:14.614   929   929 D SystemServerTiming: OnBootPhase_200_com.android.server.uri.UriGrantsManagerService$Lifecycle
01-07 03:34:14.614   929   929 V SystemServerTiming: OnBootPhase_200_com.android.server.uri.UriGrantsManagerService$Lifecycle took to complete: 1ms
01-07 03:34:14.614   929   929 D SystemServerTiming: OnBootPhase_200_com.android.server.powerstats.PowerStatsService
01-07 03:34:14.614   929   929 V SystemServerTiming: OnBootPhase_200_com.android.server.powerstats.PowerStatsService took to complete: 0ms
01-07 03:34:14.614   929   929 D SystemServerTiming: OnBootPhase_200_com.android.server.wm.ActivityTaskManagerService$Lifecycle
01-07 03:34:14.615   929   929 V SystemServerTiming: OnBootPhase_200_com.android.server.wm.ActivityTaskManagerService$Lifecycle took to complete: 0ms
01-07 03:34:14.615   929   929 D SystemServerTiming: OnBootPhase_200_com.android.server.am.ActivityManagerService$Lifecycle
01-07 03:34:14.615   929   929 V SystemServerTiming: OnBootPhase_200_com.android.server.am.ActivityManagerService$Lifecycle took to complete: 0ms
01-07 03:34:14.615   929   929 D SystemServerTiming: OnBootPhase_200_com.android.server.pm.DataLoaderManagerService
01-07 03:34:14.615   929   929 V SystemServerTiming: OnBootPhase_200_com.android.server.pm.DataLoaderManagerService took to complete: 0ms
01-07 03:34:14.615   929   929 D SystemServerTiming: OnBootPhase_200_com.android.server.power.PowerManagerService
01-07 03:34:14.615   929   929 V SystemServerTiming: OnBootPhase_200_com.android.server.power.PowerManagerService took to complete: 0ms
01-07 03:34:14.615   929   929 D SystemServerTiming: OnBootPhase_200_com.android.server.power.ThermalManagerService
01-07 03:34:14.615   929   929 V SystemServerTiming: OnBootPhase_200_com.android.server.power.ThermalManagerService took to complete: 0ms
01-07 03:34:14.615   929   929 D SystemServerTiming: OnBootPhase_200_com.android.server.power.hint.HintManagerService
01-07 03:34:14.615   929   929 V SystemServerTiming: OnBootPhase_200_com.android.server.power.hint.HintManagerService took to complete: 0ms
01-07 03:34:14.615   929   929 D SystemServerTiming: OnBootPhase_200_com.android.server.recoverysystem.RecoverySystemService$Lifecycle
01-07 03:34:14.615   929   929 V SystemServerTiming: OnBootPhase_200_com.android.server.recoverysystem.RecoverySystemService$Lifecycle took to complete: 0ms
01-07 03:34:14.615   929   929 D SystemServerTiming: OnBootPhase_200_com.android.server.lights.LightsService
01-07 03:34:14.615   929   929 V SystemServerTiming: OnBootPhase_200_com.android.server.lights.LightsService took to complete: 0ms
01-07 03:34:14.615   929   929 D SystemServerTiming: OnBootPhase_200_com.android.server.display.DisplayManagerService
01-07 03:34:14.615   929   929 V SystemServerTiming: OnBootPhase_200_com.android.server.display.DisplayManagerService took to complete: 0ms
01-07 03:34:14.615   929   929 D SystemServerTiming: OnBootPhase_200_com.android.server.pm.verify.domain.DomainVerificationService
01-07 03:34:14.615   929   929 V SystemServerTiming: OnBootPhase_200_com.android.server.pm.verify.domain.DomainVerificationService took to complete: 0ms
01-07 03:34:14.615   929   929 D SystemServerTiming: OnBootPhase_200_com.android.server.pm.PackageInstallerService$Lifecycle
01-07 03:34:14.615   929   929 V SystemServerTiming: OnBootPhase_200_com.android.server.pm.PackageInstallerService$Lifecycle took to complete: 0ms
01-07 03:34:14.615   929   929 D SystemServerTiming: OnBootPhase_200_com.android.server.pm.UserManagerService$LifeCycle
01-07 03:34:14.615   929   929 V SystemServerTiming: OnBootPhase_200_com.android.server.pm.UserManagerService$LifeCycle took to complete: 0ms
01-07 03:34:14.615   929   929 D SystemServerTiming: OnBootPhase_200_com.android.server.om.OverlayManagerService
01-07 03:34:14.615   929   929 V SystemServerTiming: OnBootPhase_200_com.android.server.om.OverlayManagerService took to complete: 0ms
01-07 03:34:14.615   929   929 D SystemServerTiming: OnBootPhase_200_com.android.server.resources.ResourcesManagerService
01-07 03:34:14.615   929   929 V SystemServerTiming: OnBootPhase_200_com.android.server.resources.ResourcesManagerService took to complete: 0ms
01-07 03:34:14.615   929   929 D SystemServerTiming: OnBootPhase_200_com.android.server.sensorprivacy.SensorPrivacyService
01-07 03:34:14.615   929   929 V SystemServerTiming: OnBootPhase_200_com.android.server.sensorprivacy.SensorPrivacyService took to complete: 0ms
01-07 03:34:14.615   929   929 D SystemServerTiming: OnBootPhase_200_com.android.server.sensors.SensorService
01-07 03:34:14.615   929   929 V SystemServerTiming: OnBootPhase_200_com.android.server.sensors.SensorService took to complete: 0ms
01-07 03:34:14.615   929   929 D SystemServerTiming: OnBootPhase_200_com.android.server.SystemConfigService
01-07 03:34:14.615   929   929 V SystemServerTiming: OnBootPhase_200_com.android.server.SystemConfigService took to complete: 0ms
01-07 03:34:14.616   929   929 D SystemServerTiming: OnBootPhase_200_com.android.server.BatteryService
01-07 03:34:14.616   929   929 V SystemServerTiming: OnBootPhase_200_com.android.server.BatteryService took to complete: 0ms
01-07 03:34:14.616   929   929 D SystemServerTiming: OnBootPhase_200_com.android.server.usage.UsageStatsService
01-07 03:34:14.616   929   929 V SystemServerTiming: OnBootPhase_200_com.android.server.usage.UsageStatsService took to complete: 0ms
01-07 03:34:14.616   929   929 D SystemServerTiming: OnBootPhase_200_com.android.server.webkit.WebViewUpdateService
01-07 03:34:14.616   929   929 V SystemServerTiming: OnBootPhase_200_com.android.server.webkit.WebViewUpdateService took to complete: 0ms
01-07 03:34:14.616   929   929 D SystemServerTiming: OnBootPhase_200_com.android.server.CachedDeviceStateService
01-07 03:34:14.616   929   929 V SystemServerTiming: OnBootPhase_200_com.android.server.CachedDeviceStateService took to complete: 0ms
01-07 03:34:14.616   929   929 D SystemServerTiming: OnBootPhase_200_com.android.server.BinderCallsStatsService$LifeCycle
01-07 03:34:14.616   929   929 V SystemServerTiming: OnBootPhase_200_com.android.server.BinderCallsStatsService$LifeCycle took to complete: 0ms
01-07 03:34:14.616   929   929 D SystemServerTiming: OnBootPhase_200_com.android.server.LooperStatsService$Lifecycle
01-07 03:34:14.616   929   929 V SystemServerTiming: OnBootPhase_200_com.android.server.LooperStatsService$Lifecycle took to complete: 0ms
01-07 03:34:14.616   929   929 D SystemServerTiming: OnBootPhase_200_com.android.server.rollback.RollbackManagerService
01-07 03:34:14.616   929   929 V SystemServerTiming: OnBootPhase_200_com.android.server.rollback.RollbackManagerService took to complete: 0ms
01-07 03:34:14.616   929   929 D SystemServerTiming: OnBootPhase_200_com.android.server.os.NativeTombstoneManagerService
01-07 03:34:14.616   929   929 V SystemServerTiming: OnBootPhase_200_com.android.server.os.NativeTombstoneManagerService took to complete: 0ms
01-07 03:34:14.616   929   929 D SystemServerTiming: OnBootPhase_200_com.android.server.os.BugreportManagerService
01-07 03:34:14.616   929   929 V SystemServerTiming: OnBootPhase_200_com.android.server.os.BugreportManagerService took to complete: 0ms
01-07 03:34:14.616   929   929 D SystemServerTiming: OnBootPhase_200_com.android.server.gpu.GpuService
01-07 03:34:14.616   929   929 V SystemServerTiming: OnBootPhase_200_com.android.server.gpu.GpuService took to complete: 0ms
01-07 03:34:14.616   929   929 D SystemServerTiming: OnBootPhase_200_com.android.server.security.KeyChainSystemService
01-07 03:34:14.616   929   929 V SystemServerTiming: OnBootPhase_200_com.android.server.security.KeyChainSystemService took to complete: 0ms
01-07 03:34:14.616   929   929 D SystemServerTiming: OnBootPhase_200_com.android.server.BinaryTransparencyService
01-07 03:34:14.616   929   929 V SystemServerTiming: OnBootPhase_200_com.android.server.BinaryTransparencyService took to complete: 0ms
01-07 03:34:14.616   929   929 D SystemServerTiming: OnBootPhase_200_com.android.server.accounts.AccountManagerService$Lifecycle
01-07 03:34:14.616   929   929 V SystemServerTiming: OnBootPhase_200_com.android.server.accounts.AccountManagerService$Lifecycle took to complete: 0ms
01-07 03:34:14.616   929   929 D SystemServerTiming: OnBootPhase_200_com.android.server.content.ContentService$Lifecycle
01-07 03:34:14.616   929   929 V SystemServerTiming: OnBootPhase_200_com.android.server.content.ContentService$Lifecycle took to complete: 0ms
01-07 03:34:14.616   929   929 D SystemServerTiming: OnBootPhase_200_com.android.server.DropBoxManagerService
01-07 03:34:14.616   929   929 V SystemServerTiming: OnBootPhase_200_com.android.server.DropBoxManagerService took to complete: 0ms
01-07 03:34:14.616   929   929 D SystemServerTiming: OnBootPhase_200_com.android.role.RoleService
01-07 03:34:14.616   929   929 V SystemServerTiming: OnBootPhase_200_com.android.role.RoleService took to complete: 0ms
01-07 03:34:14.618   929   929 D SystemServerTiming: OnBootPhase_200_com.android.server.vibrator.VibratorManagerService$Lifecycle
01-07 03:34:14.618   929   929 V SystemServerTiming: OnBootPhase_200_com.android.server.vibrator.VibratorManagerService$Lifecycle took to complete: 0ms
01-07 03:34:14.618   929   929 D SystemServerTiming: OnBootPhase_200_com.android.server.tare.InternalResourceService
01-07 03:34:14.618   929   929 V SystemServerTiming: OnBootPhase_200_com.android.server.tare.InternalResourceService took to complete: 0ms
01-07 03:34:14.618   929   929 D SystemServerTiming: OnBootPhase_200_com.android.server.alarm.AlarmManagerService
01-07 03:34:14.618   929   929 V SystemServerTiming: OnBootPhase_200_com.android.server.alarm.AlarmManagerService took to complete: 0ms
01-07 03:34:14.618   929   929 D SystemServerTiming: OnBootPhase_200_com.android.server.devicestate.DeviceStateManagerService
01-07 03:34:14.618   929   929 V SystemServerTiming: OnBootPhase_200_com.android.server.devicestate.DeviceStateManagerService took to complete: 0ms
01-07 03:34:14.618   929   929 V SystemServerTiming: OnBootPhase_200 took to complete: 4ms
01-07 03:34:14.619   929   929 I WindowManager: No existing display settings, starting empty
01-07 03:34:14.620   929   929 I WindowManager: No existing display settings, starting empty
01-07 03:34:14.630   929   961 E WindowManager: Error reading from LetterboxConfigurationPersister. Using default values!
01-07 03:34:14.630   929   961 E WindowManager: java.io.FileNotFoundException: /data/system/letterbox_config: open failed: ENOENT (No such file or directory)
01-07 03:34:14.630   929   961 E WindowManager: 	at libcore.io.IoBridge.open(IoBridge.java:574)
01-07 03:34:14.630   929   961 E WindowManager: 	at java.io.FileInputStream.<init>(FileInputStream.java:160)
01-07 03:34:14.630   929   961 E WindowManager: 	at android.util.AtomicFile.openRead(AtomicFile.java:260)
01-07 03:34:14.630   929   961 E WindowManager: 	at com.android.server.wm.LetterboxConfigurationPersister.readCurrentConfiguration(LetterboxConfigurationPersister.java:221)
01-07 03:34:14.630   929   961 E WindowManager: 	at com.android.server.wm.LetterboxConfigurationPersister.<init>(LetterboxConfigurationPersister.java:128)
01-07 03:34:14.630   929   961 E WindowManager: 	at com.android.server.wm.LetterboxConfigurationPersister.<init>(LetterboxConfigurationPersister.java:101)
01-07 03:34:14.630   929   961 E WindowManager: 	at com.android.server.wm.LetterboxConfiguration.<init>(LetterboxConfiguration.java:242)
01-07 03:34:14.630   929   961 E WindowManager: 	at com.android.server.wm.WindowManagerService.<init>(WindowManagerService.java:1224)
01-07 03:34:14.630   929   961 E WindowManager: 	at com.android.server.wm.WindowManagerService.lambda$main$1(WindowManagerService.java:1168)
01-07 03:34:14.630   929   961 E WindowManager: 	at com.android.server.wm.WindowManagerService.$r8$lambda$mdM6IEP25omWg9Thw5NvWNLhRLE(Unknown Source:0)
01-07 03:34:14.630   929   961 E WindowManager: 	at com.android.server.wm.WindowManagerService$$ExternalSyntheticLambda3.run(Unknown Source:20)
01-07 03:34:14.630   929   961 E WindowManager: 	at android.os.Handler$BlockingRunnable.run(Handler.java:965)
01-07 03:34:14.630   929   961 E WindowManager: 	at android.os.Handler.handleCallback(Handler.java:942)
01-07 03:34:14.630   929   961 E WindowManager: 	at android.os.Handler.dispatchMessage(Handler.java:99)
01-07 03:34:14.630   929   961 E WindowManager: 	at android.os.Looper.loopOnce(Looper.java:201)
01-07 03:34:14.630   929   961 E WindowManager: 	at android.os.Looper.loop(Looper.java:288)
01-07 03:34:14.630   929   961 E WindowManager: 	at android.os.HandlerThread.run(HandlerThread.java:67)
01-07 03:34:14.630   929   961 E WindowManager: 	at com.android.server.ServiceThread.run(ServiceThread.java:44)
01-07 03:34:14.630   929   961 E WindowManager: Caused by: android.system.ErrnoException: open failed: ENOENT (No such file or directory)
01-07 03:34:14.630   929   961 E WindowManager: 	at libcore.io.Linux.open(Native Method)
01-07 03:34:14.630   929   961 E WindowManager: 	at libcore.io.ForwardingOs.open(ForwardingOs.java:563)
01-07 03:34:14.630   929   961 E WindowManager: 	at libcore.io.BlockGuardOs.open(BlockGuardOs.java:274)
01-07 03:34:14.630   929   961 E WindowManager: 	at libcore.io.IoBridge.open(IoBridge.java:560)
01-07 03:34:14.630   929   961 E WindowManager: 	... 17 more
01-07 03:34:14.648   929   929 V SystemServerTiming: StartWindowManagerService took to complete: 34ms
01-07 03:34:14.648   929   929 D SystemServerTiming: SetWindowManagerService
01-07 03:34:14.649   929   960 I DropBoxManagerService: add tag=system_server_strictmode isTagEnabled=true flags=0x2
01-07 03:34:14.654   929   960 I DropBoxManagerService: add tag=system_server_strictmode isTagEnabled=true flags=0x2
01-07 03:34:14.655   929   960 I DropBoxManagerService: add tag=system_server_strictmode isTagEnabled=true flags=0x2
01-07 03:34:14.682   929   929 I ActivityTaskManager: Loaded persisted task ids for user 0
01-07 03:34:14.684   929   929 V SystemServerTiming: SetWindowManagerService took to complete: 36ms
01-07 03:34:14.685   929   929 D SystemServerTiming: WindowManagerServiceOnInitReady
01-07 03:34:14.699   929   929 V SystemServerTiming: WindowManagerServiceOnInitReady took to complete: 14ms
01-07 03:34:14.700   929   929 D SystemServerTiming: StartInputManager
01-07 03:34:14.700   929   929 I InputManager: Starting input manager
01-07 03:34:14.702   929  1083 D SystemServerTimingAsync: InitThreadPoolExec:StartHidlServices
01-07 03:34:14.702   929  1083 D SystemServerInitThreadPool: Started executing StartHidlServices
01-07 03:34:14.702   929  1083 D SystemServerTimingAsync: StartHidlServices
01-07 03:34:14.704   929  1083 V SystemServerTimingAsync: StartHidlServices took to complete: 2ms
01-07 03:34:14.704   929  1083 D SystemServerInitThreadPool: Finished executing StartHidlServices
01-07 03:34:14.704   929  1083 V SystemServerTimingAsync: InitThreadPoolExec:StartHidlServices took to complete: 2ms
01-07 03:34:14.705   929   929 V SystemServerTiming: StartInputManager took to complete: 5ms
01-07 03:34:14.705   929   929 D SystemServerTiming: DisplayManagerWindowManagerAndInputReady
01-07 03:34:14.705   929   929 V SystemServerTiming: DisplayManagerWindowManagerAndInputReady took to complete: 0ms
01-07 03:34:14.705   929   929 D SystemServerTiming: StartBluetoothService
01-07 03:34:14.705   929   961 I LogicalDisplayMapper: Requesting Transition to state: 0, from state=-1, interactive=true, mBootCompleted=false
01-07 03:34:14.705   929   961 I LogicalDisplayMapper: Applying layout: [{addr: {port=11, model=0x404c2d479b6c44}, dispId: 0(ON)}], Previous layout: [{addr: {port=11, model=0x404c2d479b6c44}, dispId: 0(ON)}]
01-07 03:34:14.709     0     0 E [6 T1     ..] init: Control message: Could not find 'aidl/clipboard' for ctl.interface_start from pid: 315 (/system/bin/servicemanager)
01-07 03:34:14.718   929   929 I SystemServiceManager: Starting com.android.server.bluetooth.BluetoothService
01-07 03:34:14.721   929  1045 V SystemServerTimingAsync: AppDataPrepare took to complete: 248ms
01-07 03:34:14.721   929  1045 I PackageManager: Deferred reconcileAppsData finished 99 packages
01-07 03:34:14.721   929  1045 D SystemServerInitThreadPool: Finished executing prepareAppData
01-07 03:34:14.721   929  1045 V SystemServerTimingAsync: InitThreadPoolExec:prepareAppData took to complete: 418ms
01-07 03:34:14.726   929   929 V SystemServerTiming: StartBluetoothService took to complete: 21ms
01-07 03:34:14.726   929   929 D SystemServerTiming: IpConnectivityMetrics
01-07 03:34:14.726   929   929 I SystemServiceManager: Starting com.android.server.connectivity.IpConnectivityMetrics
01-07 03:34:14.727   929   929 V SystemServerTiming: IpConnectivityMetrics took to complete: 1ms
01-07 03:34:14.727   929   929 D SystemServerTiming: NetworkWatchlistService
01-07 03:34:14.727   929   929 I SystemServiceManager: Starting com.android.server.net.watchlist.NetworkWatchlistService$Lifecycle
01-07 03:34:14.731   929   929 I WatchlistSettings: Reload watchlist settings done
01-07 03:34:14.731   929  1095 I WatchlistLoggingHandler: No need to aggregate record yet.
01-07 03:34:14.731   929  1095 I WatchlistLoggingHandler: Milliseconds spent on tryAggregateRecords(): 0
01-07 03:34:14.731   929   929 V SystemServerTiming: NetworkWatchlistService took to complete: 4ms
01-07 03:34:14.731   929   929 D SystemServerTiming: PinnerService
01-07 03:34:14.731   929   929 I SystemServiceManager: Starting com.android.server.PinnerService
01-07 03:34:14.732   929   929 V HistoricalRegistry: Interaction before persistence initialized
01-07 03:34:14.733   929   929 V SystemServerTiming: PinnerService took to complete: 1ms
01-07 03:34:14.733   929   966 D PinnerService: pinRangeStream: null
01-07 03:34:14.734   929   929 D SystemServerTiming: SignedConfigService
01-07 03:34:14.734   929   929 V SystemServerTiming: SignedConfigService took to complete: 0ms
01-07 03:34:14.734   929   929 D SystemServerTiming: AppIntegrityService
01-07 03:34:14.734   929   929 I SystemServiceManager: Starting com.android.server.integrity.AppIntegrityManagerService
01-07 03:34:14.739   929   929 E IntegrityFileManager: Error creating staging and rules directory
01-07 03:34:14.739   929   966 D PinnerService: pinRangeStream: null
01-07 03:34:14.740   929   966 E PinnerService: Could not pin file /system/bin/logd
01-07 03:34:14.740   929   966 E PinnerService: android.system.ErrnoException: open failed: EACCES (Permission denied)
01-07 03:34:14.740   929   966 E PinnerService: 	at libcore.io.Linux.open(Native Method)
01-07 03:34:14.740   929   966 E PinnerService: 	at libcore.io.ForwardingOs.open(ForwardingOs.java:563)
01-07 03:34:14.740   929   966 E PinnerService: 	at libcore.io.BlockGuardOs.open(BlockGuardOs.java:274)
01-07 03:34:14.740   929   966 E PinnerService: 	at android.system.Os.open(Os.java:494)
01-07 03:34:14.740   929   966 E PinnerService: 	at com.android.server.PinnerService.pinFileRanges(PinnerService.java:975)
01-07 03:34:14.740   929   966 E PinnerService: 	at com.android.server.PinnerService.pinFile(PinnerService.java:850)
01-07 03:34:14.740   929   966 E PinnerService: 	at com.android.server.PinnerService.handlePinOnStart(PinnerService.java:305)
01-07 03:34:14.740   929   966 E PinnerService: 	at com.android.server.PinnerService.-$$Nest$mhandlePinOnStart(Unknown Source:0)
01-07 03:34:14.740   929   966 E PinnerService: 	at com.android.server.PinnerService$PinnerHandler.handleMessage(PinnerService.java:1219)
01-07 03:34:14.740   929   966 E PinnerService: 	at android.os.Handler.dispatchMessage(Handler.java:106)
01-07 03:34:14.740   929   966 E PinnerService: 	at android.os.Looper.loopOnce(Looper.java:201)
01-07 03:34:14.740   929   966 E PinnerService: 	at android.os.Looper.loop(Looper.java:288)
01-07 03:34:14.740   929   966 E PinnerService: 	at android.os.HandlerThread.run(HandlerThread.java:67)
01-07 03:34:14.741   929   966 E PinnerService: Failed to pin file = /system/bin/logd
01-07 03:34:14.741   929   966 D PinnerService: pinRangeStream: null
01-07 03:34:14.741   929   966 E PinnerService: Could not pin file /system/lib/libjavacrypto.so
01-07 03:34:14.741   929   966 E PinnerService: android.system.ErrnoException: open failed: ENOENT (No such file or directory)
01-07 03:34:14.741   929   966 E PinnerService: 	at libcore.io.Linux.open(Native Method)
01-07 03:34:14.741   929   966 E PinnerService: 	at libcore.io.ForwardingOs.open(ForwardingOs.java:563)
01-07 03:34:14.741   929   966 E PinnerService: 	at libcore.io.BlockGuardOs.open(BlockGuardOs.java:274)
01-07 03:34:14.741   929   966 E PinnerService: 	at android.system.Os.open(Os.java:494)
01-07 03:34:14.741   929   966 E PinnerService: 	at com.android.server.PinnerService.pinFileRanges(PinnerService.java:975)
01-07 03:34:14.741   929   966 E PinnerService: 	at com.android.server.PinnerService.pinFile(PinnerService.java:850)
01-07 03:34:14.741   929   966 E PinnerService: 	at com.android.server.PinnerService.handlePinOnStart(PinnerService.java:305)
01-07 03:34:14.741   929   966 E PinnerService: 	at com.android.server.PinnerService.-$$Nest$mhandlePinOnStart(Unknown Source:0)
01-07 03:34:14.741   929   966 E PinnerService: 	at com.android.server.PinnerService$PinnerHandler.handleMessage(PinnerService.java:1219)
01-07 03:34:14.741   929   966 E PinnerService: 	at android.os.Handler.dispatchMessage(Handler.java:106)
01-07 03:34:14.741   929   966 E PinnerService: 	at android.os.Looper.loopOnce(Looper.java:201)
01-07 03:34:14.741   929   966 E PinnerService: 	at android.os.Looper.loop(Looper.java:288)
01-07 03:34:14.741   929   966 E PinnerService: 	at android.os.HandlerThread.run(HandlerThread.java:67)
01-07 03:34:14.741   929   966 E PinnerService: Failed to pin file = /system/lib/libjavacrypto.so
01-07 03:34:14.741   929   966 D PinnerService: pinRangeStream: null
01-07 03:34:14.742   929   929 V SystemServerTiming: AppIntegrityService took to complete: 8ms
01-07 03:34:14.742   929   929 D SystemServerTiming: StartLogcatManager
01-07 03:34:14.742   929   929 I SystemServiceManager: Starting com.android.server.logcat.LogcatManagerService
01-07 03:34:14.746   929   929 V SystemServerTiming: StartLogcatManager took to complete: 4ms
01-07 03:34:14.746   929   929 I WindowManager: SAFE MODE not enabled
01-07 03:34:14.746   929   929 D SystemServerTiming: StartInputMethodManagerLifecycle
01-07 03:34:14.746   929   929 I SystemServiceManager: Starting com.android.server.inputmethod.InputMethodManagerService$Lifecycle
01-07 03:34:14.750   929   929 V SystemServerTiming: StartInputMethodManagerLifecycle took to complete: 3ms
01-07 03:34:14.750   929   929 D SystemServerTiming: StartAccessibilityManagerService
01-07 03:34:14.750   929   929 I SystemServiceManager: Starting com.android.server.accessibility.AccessibilityManagerService$Lifecycle
01-07 03:34:14.756   929   929 V SystemServerTiming: StartAccessibilityManagerService took to complete: 6ms
01-07 03:34:14.756   929   929 D SystemServerTiming: MakeDisplayReady
01-07 03:34:14.760   929   929 I ActivityTaskManager: Config changes=20005df8 {1.0 ?mcc?mnc [en_US] ldltr sw540dp w960dp h540dp 320dpi lrg long land ?uimode ?night -touch -keyb/v/h dpad/v winConfig={ mBounds=Rect(0, 0 - 1920, 1080) mAppBounds=Rect(0, 0 - 1920, 1080) mMaxBounds=Rect(0, 0 - 1920, 1080) mDisplayRotation=ROTATION_0 mWindowingMode=fullscreen mDisplayWindowingMode=fullscreen mActivityType=undefined mAlwaysOnTop=undefined mRotation=ROTATION_0} s.2 ?fontWeightAdjustment}
01-07 03:34:14.763   929   929 I WindowManager: Override config changes=60007dfc {1.0 ?mcc?mnc [en_US] ldltr sw540dp w960dp h540dp 320dpi lrg long land ?uimode ?night -touch -keyb/v/h dpad/v winConfig={ mBounds=Rect(0, 0 - 1920, 1080) mAppBounds=Rect(0, 0 - 1920, 1080) mMaxBounds=Rect(0, 0 - 1920, 1080) mDisplayRotation=ROTATION_0 mWindowingMode=fullscreen mDisplayWindowingMode=fullscreen mActivityType=undefined mAlwaysOnTop=undefined mRotation=ROTATION_0} s.2 ?fontWeightAdjustment} for displayId=0
01-07 03:34:14.769   929   929 V SystemServerTiming: MakeDisplayReady took to complete: 13ms
01-07 03:34:14.769   929   929 D SystemServerTiming: StartStorageManagerService
01-07 03:34:14.769   929   929 I SystemServiceManager: Starting com.android.server.StorageManagerService$Lifecycle
01-07 03:34:14.778   929  1105 D StorageManagerService: Thinking about init, mBootCompleted=false, mDaemonConnected=true
01-07 03:34:14.778   929  1105 D StorageManagerService: Thinking about reset, mBootCompleted=false, mDaemonConnected=true
01-07 03:34:14.779   929  1105 D StorageManagerService: Thinking about init, mBootCompleted=false, mDaemonConnected=true
01-07 03:34:14.779   929  1105 D StorageManagerService: Thinking about reset, mBootCompleted=false, mDaemonConnected=true
01-07 03:34:14.779   929   929 V SystemServerTiming: StartStorageManagerService took to complete: 9ms
01-07 03:34:14.779   929   929 D SystemServerTiming: StartStorageStatsService
01-07 03:34:14.779   929   929 I SystemServiceManager: Starting com.android.server.usage.StorageStatsService$Lifecycle
01-07 03:34:14.786   929   929 V SystemServerTiming: StartStorageStatsService took to complete: 7ms
01-07 03:34:14.787   929   929 D SystemServerTiming: StartUiModeManager
01-07 03:34:14.787   929   929 I SystemServiceManager: Starting com.android.server.UiModeManagerService
01-07 03:34:14.788   929  1107 D SystemServerTimingAsync: InitThreadPoolExec:UiModeManager.onStart
01-07 03:34:14.788   929  1107 D SystemServerInitThreadPool: Started executing UiModeManager.onStart
01-07 03:34:14.788   929   929 V SystemServerTiming: StartUiModeManager took to complete: 1ms
01-07 03:34:14.789   929   929 D SystemServerTiming: StartLocaleManagerService
01-07 03:34:14.789   929   929 I SystemServiceManager: Starting com.android.server.locales.LocaleManagerService
01-07 03:34:14.800   929  1107 D SystemServerInitThreadPool: Finished executing UiModeManager.onStart
01-07 03:34:14.800   929  1107 V SystemServerTimingAsync: InitThreadPoolExec:UiModeManager.onStart took to complete: 12ms
01-07 03:34:14.805   929   929 V SystemServerTiming: StartLocaleManagerService took to complete: 15ms
01-07 03:34:14.805   929   929 D SystemServerTiming: UpdatePackagesIfNeeded
01-07 03:34:14.805   929   929 I Watchdog: Pausing HandlerChecker: main thread for reason: dexopt. Pause count: 1
01-07 03:34:14.806   929   929 I Watchdog: Resuming HandlerChecker: main thread for reason: dexopt. Pause count: 0
01-07 03:34:14.806   929   929 V SystemServerTiming: UpdatePackagesIfNeeded took to complete: 1ms
01-07 03:34:14.806   929   929 D SystemServerTiming: PerformFstrimIfNeeded
01-07 03:34:14.807   929   929 V SystemServerTiming: PerformFstrimIfNeeded took to complete: 0ms
01-07 03:34:14.807   929   929 D SystemServerTiming: StartLockSettingsService
01-07 03:34:14.807   929   929 I SystemServiceManager: Starting com.android.server.locksettings.LockSettingsService$Lifecycle
01-07 03:34:14.828   929   929 V SystemServerTiming: StartLockSettingsService took to complete: 21ms
01-07 03:34:14.828   929   929 D SystemServerTiming: StartPersistentDataBlock
01-07 03:34:14.828   929   929 I SystemServiceManager: Starting com.android.server.PersistentDataBlockService
01-07 03:34:14.838   929   929 V SystemServerTiming: StartPersistentDataBlock took to complete: 10ms
01-07 03:34:14.838   929   929 D SystemServerTiming: StartTestHarnessMode
01-07 03:34:14.838   929   929 I SystemServiceManager: Starting com.android.server.testharness.TestHarnessModeService
01-07 03:34:14.838   929  1119 D SystemServerTimingAsync: InitThreadPoolExec:PersistentDataBlockService.onStart
01-07 03:34:14.838   929  1119 D SystemServerInitThreadPool: Started executing PersistentDataBlockService.onStart
01-07 03:34:14.839   929   929 V SystemServerTiming: StartTestHarnessMode took to complete: 1ms
01-07 03:34:14.840   929   929 D SystemServerTiming: StartOemLockService
01-07 03:34:14.840   929   929 I SystemServiceManager: Starting com.android.server.oemlock.OemLockService
01-07 03:34:14.842   929   929 I OemLock : Using vendor lock via the HAL
01-07 03:34:14.842   929   929 V SystemServerTiming: StartOemLockService took to complete: 3ms
01-07 03:34:14.843   929   929 D SystemServerTiming: StartDeviceIdleController
01-07 03:34:14.843   929   929 I SystemServiceManager: Starting com.android.server.DeviceIdleController
01-07 03:34:14.846   929   929 V SystemServerTiming: StartDeviceIdleController took to complete: 3ms
01-07 03:34:14.846   929   929 D SystemServerTiming: StartDevicePolicyManager
01-07 03:34:14.846   929   929 I SystemServiceManager: Starting com.android.server.devicepolicy.DevicePolicyManagerService$Lifecycle
01-07 03:34:14.855   929   929 V SystemServerTiming: StartDevicePolicyManager took to complete: 9ms
01-07 03:34:14.855   929   929 D SystemServerTiming: StartStatusBarManagerService
01-07 03:34:14.859   929   929 V SystemServerTiming: StartStatusBarManagerService took to complete: 3ms
01-07 03:34:14.859   929   929 D SystemServer: MusicRecognitionManagerService not defined by OEM or disabled by flag
01-07 03:34:14.859   929   929 D SystemServer: ContentCaptureService disabled because resource is not overlaid
01-07 03:34:14.859   929   929 D SystemServer: AttentionService is not configured on this device
01-07 03:34:14.859   929   929 D SystemServer: RotationResolverService is not configured on this device
01-07 03:34:14.859   929   929 D SystemServer: SystemCaptionsManagerService disabled because resource is not overlaid
01-07 03:34:14.859   929   929 D SystemServerTiming: StartTextToSpeechManagerService
01-07 03:34:14.859   929   929 I SystemServiceManager: Starting com.android.server.texttospeech.TextToSpeechManagerService
01-07 03:34:14.861   929   929 V SystemServerTiming: StartTextToSpeechManagerService took to complete: 2ms
01-07 03:34:14.861   929   929 D SystemServerTiming: StartAmbientContextService
01-07 03:34:14.861   929   929 I SystemServiceManager: Starting com.android.server.ambientcontext.AmbientContextManagerService
01-07 03:34:14.863   929   929 V SystemServerTiming: StartAmbientContextService took to complete: 2ms
01-07 03:34:14.863   929   929 D SystemServerTiming: StartSpeechRecognitionManagerService
01-07 03:34:14.864   929   929 I SystemServiceManager: Starting com.android.server.speech.SpeechRecognitionManagerService
01-07 03:34:14.865   929   929 V SystemServerTiming: StartSpeechRecognitionManagerService took to complete: 2ms
01-07 03:34:14.865   929   929 D SystemServer: AppPredictionService not defined by OEM
01-07 03:34:14.865   929   929 D SystemServer: ContentSuggestionsService not defined by OEM
01-07 03:34:14.865   929   929 D SystemServerTiming: StartSearchUiService
01-07 03:34:14.866   929   929 I SystemServiceManager: Starting com.android.server.searchui.SearchUiManagerService
01-07 03:34:14.867   929   929 V SystemServerTiming: StartSearchUiService took to complete: 1ms
01-07 03:34:14.867   929   929 D SystemServerTiming: StartSmartspaceService
01-07 03:34:14.867   929   929 I SystemServiceManager: Starting com.android.server.smartspace.SmartspaceManagerService
01-07 03:34:14.868   929   929 V SystemServerTiming: StartSmartspaceService took to complete: 1ms
01-07 03:34:14.868   929   929 D SystemServerTiming: InitConnectivityModuleConnector
01-07 03:34:14.868   929   929 D ConnectivityModuleConnector: Network stack init
01-07 03:34:14.870   929   929 V SystemServerTiming: InitConnectivityModuleConnector took to complete: 1ms
01-07 03:34:14.870   929   929 D SystemServerTiming: InitNetworkStackClient
01-07 03:34:14.870   929   929 V SystemServerTiming: InitNetworkStackClient took to complete: 0ms
01-07 03:34:14.870   929   929 D SystemServerTiming: StartNetworkManagementService
01-07 03:34:14.871   929  1119 D SystemServerInitThreadPool: Finished executing PersistentDataBlockService.onStart
01-07 03:34:14.871   929  1119 V SystemServerTimingAsync: InitThreadPoolExec:PersistentDataBlockService.onStart took to complete: 32ms
01-07 03:34:14.873   929   929 V SystemServerTiming: StartNetworkManagementService took to complete: 2ms
01-07 03:34:14.873   929   929 D SystemServerTiming: StartFontManagerService
01-07 03:34:15.058   929   929 V SystemServerTiming: StartFontManagerService took to complete: 185ms
01-07 03:34:15.058   929   929 D SystemServerTiming: StartTextServicesManager
01-07 03:34:15.058   929   929 I SystemServiceManager: Starting com.android.server.textservices.TextServicesManagerService$Lifecycle
01-07 03:34:15.060   929   929 V SystemServerTiming: StartTextServicesManager took to complete: 2ms
01-07 03:34:15.060   929   929 D SystemServerTiming: StartTextClassificationManagerService
01-07 03:34:15.060   929   929 I SystemServiceManager: Starting com.android.server.textclassifier.TextClassificationManagerService$Lifecycle
01-07 03:34:15.063   929   929 V SystemServerTiming: StartTextClassificationManagerService took to complete: 3ms
01-07 03:34:15.063   929   929 D SystemServerTiming: StartNetworkScoreService
01-07 03:34:15.063   929   929 I SystemServiceManager: Starting com.android.server.NetworkScoreService$Lifecycle
01-07 03:34:15.065   929   929 V SystemServerTiming: StartNetworkScoreService took to complete: 2ms
01-07 03:34:15.065   929   929 D SystemServerTiming: StartNetworkStatsService
01-07 03:34:15.093   929   929 I SystemServiceManager: Starting com.android.server.NetworkStatsServiceInitializer
01-07 03:34:15.146   929   929 V SystemServerTiming: StartNetworkStatsService took to complete: 81ms
01-07 03:34:15.146   929   929 D SystemServerTiming: StartNetworkPolicyManagerService
01-07 03:34:15.150   929   929 V SystemServerTiming: StartNetworkPolicyManagerService took to complete: 4ms
01-07 03:34:15.150   929   929 D SystemServerTiming: StartWifi
01-07 03:34:15.183   929   929 I SystemServiceManager: Starting com.android.server.wifi.WifiService
01-07 03:34:15.303   604   604 I wificond: New wificond event callback registered
01-07 03:34:15.308   929   929 V HistoricalRegistry: Interaction before persistence initialized
01-07 03:34:15.313   929   929 V SystemServerTiming: StartWifi took to complete: 163ms
01-07 03:34:15.313   929   929 D SystemServerTiming: StartWifiScanning
01-07 03:34:15.314   929   929 I SystemServiceManager: Starting com.android.server.wifi.scanner.WifiScanningService
01-07 03:34:15.318   929   929 V SystemServerTiming: StartWifiScanning took to complete: 5ms
01-07 03:34:15.319   929   929 D SystemServerTiming: StartWifiP2P
01-07 03:34:15.319   929   929 I SystemServiceManager: Starting com.android.server.wifi.p2p.WifiP2pService
01-07 03:34:15.330   929   929 V SystemServerTiming: StartWifiP2P took to complete: 11ms
01-07 03:34:15.330   929   929 D SystemServerTiming: StartPacProxyService
01-07 03:34:15.332   929   929 V SystemServerTiming: StartPacProxyService took to complete: 2ms
01-07 03:34:15.332   929   929 D SystemServerTiming: StartConnectivityService
01-07 03:34:15.332   929   929 I SystemServiceManager: Starting com.android.server.ConnectivityServiceInitializer
01-07 03:34:15.371   929   929 D CompatibilityChangeReporter: Compat change id reported: 182478738; UID 1000; state: ENABLED
01-07 03:34:15.408   929   929 V SystemServerTiming: StartConnectivityService took to complete: 76ms
01-07 03:34:15.408   929   929 D SystemServerTiming: StartVpnManagerService
01-07 03:34:15.413   929   929 V SystemServerTiming: StartVpnManagerService took to complete: 6ms
01-07 03:34:15.414   929   929 D SystemServerTiming: StartVcnManagementService
01-07 03:34:15.416   929   929 V SystemServerTiming: StartVcnManagementService took to complete: 2ms
01-07 03:34:15.416   929   929 D SystemServerTiming: StartSystemUpdateManagerService
01-07 03:34:15.417   929   929 I SystemUpdateManagerService: No existing info file /data/system/system-update-info.xml
01-07 03:34:15.418   929   929 V SystemServerTiming: StartSystemUpdateManagerService took to complete: 1ms
01-07 03:34:15.418   929   929 D SystemServerTiming: StartUpdateLockService
01-07 03:34:15.418   929   929 V SystemServerTiming: StartUpdateLockService took to complete: 0ms
01-07 03:34:15.418   929   929 D SystemServerTiming: StartNotificationManager
01-07 03:34:15.419   929   929 I SystemServiceManager: Starting com.android.server.notification.NotificationManagerService
01-07 03:34:15.432   929   929 D ConditionProviders.SCP: new ScheduleConditionProvider()
01-07 03:34:15.450   929   929 I NotificationAssistants: Read notification assistant permissions from xml
01-07 03:34:15.451   929   929 I ConditionProviders: Read condition provider permissions from xml
01-07 03:34:15.451   929   929 I ConditionProviders: Read condition provider permissions from xml
01-07 03:34:15.451   929   929 D NotificationAssistants: Approving default notification assistant for user 0
01-07 03:34:15.451   929   929 I ConditionProviders:  Allowing condition provider android.ext.services/android.ext.services.notification.Assistant (userSet: true)
01-07 03:34:15.459   929   929 V SystemServerTiming: StartNotificationManager took to complete: 40ms
01-07 03:34:15.459   929   929 D SystemServerTiming: StartDeviceMonitor
01-07 03:34:15.459   929   929 I SystemServiceManager: Starting com.android.server.storage.DeviceStorageMonitorService
01-07 03:34:15.462   929   929 V SystemServerTiming: StartDeviceMonitor took to complete: 3ms
01-07 03:34:15.462   929   929 D SystemServerTiming: StartLocationManagerService
01-07 03:34:15.462   929   929 I SystemServiceManager: Starting com.android.server.location.LocationManagerService$Lifecycle
01-07 03:34:15.468   929   929 V SystemServerTiming: StartLocationManagerService took to complete: 6ms
01-07 03:34:15.468   929   929 D SystemServerTiming: StartCountryDetectorService
01-07 03:34:15.469   929   929 V SystemServerTiming: StartCountryDetectorService took to complete: 1ms
01-07 03:34:15.469   929   929 D SystemServerTiming: StartTimeDetectorService
01-07 03:34:15.469   929   929 I SystemServiceManager: Starting com.android.server.timedetector.TimeDetectorService$Lifecycle
01-07 03:34:15.470   929   929 V SystemServerTiming: StartTimeDetectorService took to complete: 1ms
01-07 03:34:15.470   929   929 D SystemServerTiming: StartTimeZoneDetectorService
01-07 03:34:15.470   929   929 I SystemServiceManager: Starting com.android.server.timezonedetector.TimeZoneDetectorService$Lifecycle
01-07 03:34:15.473   929   929 V SystemServerTiming: StartTimeZoneDetectorService took to complete: 4ms
01-07 03:34:15.474   929   929 D SystemServerTiming: StartLocationTimeZoneManagerService
01-07 03:34:15.474   929   929 I SystemServiceManager: Starting com.android.server.timezonedetector.location.LocationTimeZoneManagerService$Lifecycle
01-07 03:34:15.474   929   929 D LocationTZDetector: Geo time zone detection feature is disabled in config
01-07 03:34:15.474   929   929 V SystemServerTiming: StartLocationTimeZoneManagerService took to complete: 0ms
01-07 03:34:15.474   929   929 D SystemServerTiming: StartSearchManagerService
01-07 03:34:15.474   929   929 I SystemServiceManager: Starting com.android.server.search.SearchManagerService$Lifecycle
01-07 03:34:15.476   929   929 V SystemServerTiming: StartSearchManagerService took to complete: 2ms
01-07 03:34:15.476   929   929 D SystemServerTiming: StartWallpaperManagerService
01-07 03:34:15.476   929   929 I SystemServiceManager: Starting com.android.server.wallpaper.WallpaperManagerService$Lifecycle
01-07 03:34:15.478   929   929 V SystemServerTiming: StartWallpaperManagerService took to complete: 2ms
01-07 03:34:15.478   929   929 D SystemServerTiming: StartWallpaperEffectsGenerationService
01-07 03:34:15.478   929   929 I SystemServiceManager: Starting com.android.server.wallpapereffectsgeneration.WallpaperEffectsGenerationManagerService
01-07 03:34:15.479   929   929 V SystemServerTiming: StartWallpaperEffectsGenerationService took to complete: 1ms
01-07 03:34:15.479   929   929 D SystemServerTiming: StartAudioService
01-07 03:34:15.480   929   929 I SystemServiceManager: Starting com.android.server.audio.AudioService$Lifecycle
01-07 03:34:15.520   929   929 V SystemServerTiming: StartAudioService took to complete: 40ms
01-07 03:34:15.520   929   929 D SystemServerTiming: StartSoundTriggerMiddlewareService
01-07 03:34:15.520   929   929 I SystemServiceManager: Starting com.android.server.soundtrigger_middleware.SoundTriggerMiddlewareService$Lifecycle
01-07 03:34:15.523   929   929 V SystemServerTiming: StartSoundTriggerMiddlewareService took to complete: 3ms
01-07 03:34:15.523   929   929 D SystemServerTiming: StartDockObserver
01-07 03:34:15.523   929   929 I SystemServiceManager: Starting com.android.server.DockObserver
01-07 03:34:15.524   929   929 I DockObserver: No extcon dock device found in this kernel.
01-07 03:34:15.524   929   929 V SystemServerTiming: StartDockObserver took to complete: 1ms
01-07 03:34:15.525   929   929 D SystemServerTiming: StartWiredAccessoryManager
01-07 03:34:15.525   929   929 W WiredAccessoryManager: This kernel does not have wired headset support
01-07 03:34:15.525   929   929 W WiredAccessoryManager: This kernel does not have usb audio support
01-07 03:34:15.526   929   929 W WiredAccessoryManager: This kernel does not have HDMI audio support
01-07 03:34:15.526   929   929 V SystemServerTiming: StartWiredAccessoryManager took to complete: 1ms
01-07 03:34:15.526   929   929 D SystemServerTiming: StartAdbService
01-07 03:34:15.526   929   929 I SystemServiceManager: Starting com.android.server.adb.AdbService$Lifecycle
01-07 03:34:15.528   929   929 V SystemServerTiming: StartAdbService took to complete: 2ms
01-07 03:34:15.528   929   929 D SystemServerTiming: StartUsbService
01-07 03:34:15.528   929   929 I SystemServiceManager: Starting com.android.server.usb.UsbService$Lifecycle
01-07 03:34:15.528   929   929 V SystemServerTiming: StartUsbService took to complete: 0ms
01-07 03:34:15.528   929   965 D SystemServerTimingAsync: InitThreadPoolExec:UsbService$Lifecycle#onStart
01-07 03:34:15.528   929   965 D SystemServerInitThreadPool: Started executing UsbService$Lifecycle#onStart
01-07 03:34:15.529   929   929 D SystemServerTiming: StartSerialService
01-07 03:34:15.529   929   929 V SystemServerTiming: StartSerialService took to complete: 0ms
01-07 03:34:15.529   929   929 D SystemServerTiming: StartHardwarePropertiesManagerService
01-07 03:34:15.530   929   965 I UsbDeviceManager: failed to write to /sys/class/android_usb/android0/f_rndis/ethaddr
01-07 03:34:15.534   929   929 V SystemServerTiming: StartHardwarePropertiesManagerService took to complete: 5ms
01-07 03:34:15.534   929   929 D SystemServerTiming: StartTwilightService
01-07 03:34:15.534   929   929 I SystemServiceManager: Starting com.android.server.twilight.TwilightService
01-07 03:34:15.534   929   929 V SystemServerTiming: StartTwilightService took to complete: 0ms
01-07 03:34:15.534   929   929 D SystemServerTiming: StartColorDisplay
01-07 03:34:15.534   929   929 I SystemServiceManager: Starting com.android.server.display.color.ColorDisplayService
