01-06 09:52:15.119   935   935 I ApexManager: Registering com.sonos.connectivity as apk-in-apex of com.sonos.player
01-06 09:52:15.121     0     0 I [2 T566   ..] [debug]: audio_utils_open
01-06 09:52:15.124     0     0 E [2 T566   ..] [secmon]: DBG=======> dolby_fw_ioctl 438 cmd:0x40 arg3=0
01-06 09:52:15.125   935   935 I ApexManager: Registering com.android.providers.media.module as apk-in-apex of com.android.mediaprovider
01-06 09:52:15.130   935   935 I ApexManager: Registering android.ext.services as apk-in-apex of com.android.extservices
01-06 09:52:15.132     0     0 E [2 T566   ..] [secmon]: DBG=======> dolby_fw_ioctl 438 cmd:0x41 arg3=0
01-06 09:52:15.132     0     0 E [2 T566   ..] [secmon]: DBG=======> dolby_fw_verify_lib_resp 296 DOLBY_FW_VERIFY_LIB_RESP arg3=0
01-06 09:52:15.134     0     0 E [2 T566   ..] [secmon]: DBG=======> dolby_fw_ioctl 438 cmd:0x50 arg3=0
01-06 09:52:15.134     0     0 E [2 T566   ..] [secmon]: DBG=======> dolby_fw_ioctl 438 cmd:0x60 arg3=0
01-06 09:52:15.135     0     0 E [2 T566   ..] [secmon]: DBG=======> dolby_fw_critical_query 389 DOLBY_FW_CRITICAL_DATA_QUERY arg3=0
01-06 09:52:15.135   935   935 I ApexManager: Registering com.android.wifi.resources as apk-in-apex of com.android.wifi
01-06 09:52:15.140   935   935 I ApexManager: Registering com.android.hotspot2.osulogin as apk-in-apex of com.android.wifi
01-06 09:52:15.142   935   935 I ApexManager: Registering com.android.wifi.dialog as apk-in-apex of com.android.wifi
01-06 09:52:15.145     0     0 I [2 T566   ..] [snd-soc]: dd+ drc mode : RF
01-06 09:52:15.145     0     0 I [2 T566   ..] [snd-soc]: dd+ drc high cut scale : 0%
01-06 09:52:15.145     0     0 I [2 T566   ..] [snd-soc]: dd+ drc low boost scale : 0%
01-06 09:52:15.151     0     0 I [3 T1032  ..] audio_ddr_mngr: frddrs[0] registered by device fe330000.audiobus:tdm@1
01-06 09:52:15.151     0     0 I [3 T1032  ..] [snd-soc]: aml_audio_reset, reg 0xa, shift 9, use_vadtop 0
01-06 09:52:15.151     0     0 I [3 T1032  ..] [snd-soc]: aml_audio_reset, reg 0xa, shift 13, use_vadtop 0
01-06 09:52:15.151     0     0 D [3 T1032  ..] [snd-soc]: spdif_a fifo ctrl, frddr:0 type:1, 16 bits, chmask 0x3, swap 0x10
01-06 09:52:15.151     0     0 D [3 T1032  ..] iec_info: rate: 48000, codec_type:0x0, channel status L:0x2000100, R:0x2000100
01-06 09:52:15.151     0     0 I         : [3 T1032  ..] err chn msk, must larger than 0
01-06 09:52:15.151     0     0 I         : [3 T1032  ..] hdmitx_notify_callback_a[3794] aud_src_if is 0, aud_output_ch is 0x0, reset aud_output_ch as 0
01-06 09:52:15.151     0     0 D [3 T1032  ..] [snd-soc]: spdif_b fifo ctrl, frddr:0 type:1, 16 bits, chmask 0x3, swap 0x10
01-06 09:52:15.151     0     0 D [3 T1032  ..] iec_info: rate: 48000, codec_type:0x0, channel status L:0x2000100, R:0x2000100
01-06 09:52:15.153   935   935 I ApexManager: Registering com.android.bluetooth as apk-in-apex of com.android.btservices
01-06 09:52:15.163   935   935 I ApexManager: Registering com.android.connectivity.resources as apk-in-apex of com.android.tethering
01-06 09:52:15.166     0     0 I         : [3 T1032  ..] asoc-aml-card auge_sound: TDM[1] Playback enable
01-06 09:52:15.166     0     0 D [3 T1032  ..] [snd-soc]: spdif_a is set to enable
01-06 09:52:15.166     0     0 D [3 T1032  ..] [snd-soc]: spdif_b is set to enable
01-06 09:52:15.165   935   935 I ApexManager: Registering com.android.networkstack.tethering as apk-in-apex of com.android.tethering
01-06 09:52:15.170   935   935 I ApexManager: Registering com.android.nearby.halfsheet as apk-in-apex of com.android.tethering
01-06 09:52:15.174   935   935 I ApexManager: Registering com.android.safetycenter.resources as apk-in-apex of com.android.permission
01-06 09:52:15.176   935   935 I ApexManager: Registering com.android.permissioncontroller as apk-in-apex of com.android.permission
01-06 09:52:15.180   935   935 I ApexManager: Registering com.android.ondevicepersonalization.services as apk-in-apex of com.android.ondevicepersonalization
01-06 09:52:15.185   935   935 I ApexManager: Registering com.android.adservices.api as apk-in-apex of com.android.adservices
01-06 09:52:15.188   935   935 I ApexManager: Registering com.android.sdksandbox as apk-in-apex of com.android.adservices
01-06 09:52:15.197   935   935 I PackageManager: Finished scanning system apps. Time: 415 ms, packageCount: 115 , timePerPackage: 3 , cached: 144
01-06 09:52:15.206   935   935 D CompatibilityChangeReporter: Compat change id reported: 133396946; UID -1; state: ENABLED
01-06 09:52:15.221   935  1015 W PackageParsing: No actions in intent-filter at /data/app/~~5TGE7e6UFPHrdaL6s0Vy0g==/com.hulu.livingroomplus-3lRmc2hc7_A53hVEzQ1mTA==/base.apk Binary XML file line #57
01-06 09:52:15.236   935  1013 W PackageParsing: Ignoring duplicate uses-permissions/uses-permissions-sdk-m: com.android.providers.tv.permission.WRITE_EPG_DATA in package: com.future.filmrise at: Binary XML file line #37
01-06 09:52:15.243   935  1016 W PackageParsing: Ignoring duplicate uses-permissions/uses-permissions-sdk-m: com.android.providers.tv.permission.WRITE_EPG_DATA in package: com.ifood.tv at: Binary XML file line #37
01-06 09:52:15.354   935  1013 W PackageParsing: Unknown element under <application>: enable-feature at /data/app/~~aXh2hLSX16PCAfPZ4Vc6ZQ==/com.cbs.ttd-rGBRZTaBoOOyLPIKoRHFMA==/base.apk Binary XML file line #210
01-06 09:52:15.360   935  1016 I PackageParsing: Parse times for '/data/app/~~ECzprB4D0eXtAcFNzR_L-Q==': parse=109ms, update_cache=2 ms
01-06 09:52:15.377   935  1016 D CompatibilityChangeReporter: Compat change id reported: 150232615; UID -1; state: DISABLED
01-06 09:52:15.381   935   935 D CompatibilityChangeReporter: Compat change id reported: 133396946; UID -1; state: DISABLED
01-06 09:52:15.391   935  1015 I PackageParsing: Parse times for '/data/app/~~K57m5PAr3tSAYW1GVvcvVA==': parse=165ms, update_cache=3 ms
01-06 09:52:15.415   935  1013 W PackageParsing: Ignoring duplicate uses-permissions/uses-permissions-sdk-m: com.android.providers.tv.permission.WRITE_EPG_DATA in package: com.future.HappyKids at: Binary XML file line #37
01-06 09:52:15.559   935  1014 I PackageParsing: Parse times for '/data/app/~~WMMp8v9AvXm78NG4tCuEBw==': parse=309ms, update_cache=2 ms
01-06 09:52:15.561     0     0 E [0 T1     ..] init: Control message: Could not find 'aidl/package_native' for ctl.interface_start from pid: 317 (/system/bin/servicemanager)
01-06 09:52:15.564   935   935 I PackageManager: Finished scanning non-system apps. Time: 367 ms, packageCount: 17 , timePerPackage: 21 , cached: 2
01-06 09:52:15.568   935   935 I PackageManager: Time to scan packages: 0.787 seconds
01-06 09:52:15.568   935   935 I PackageManager: Permission ownership changed. Updating all permissions.
01-06 09:52:15.579   935   935 W PackageManager: Package android.ext.services is an APK in APEX, but has permission allowlist on the system image. Please bundle the allowlist in the com.android.extservices APEX instead.
01-06 09:52:15.579   935   935 W PackageManager: Package android.ext.services is an APK in APEX, but has permission allowlist on the system image. Please bundle the allowlist in the com.android.extservices APEX instead.
01-06 09:52:15.580   935   935 W PackageManager: Package android.ext.services is an APK in APEX, but has permission allowlist on the system image. Please bundle the allowlist in the com.android.extservices APEX instead.
01-06 09:52:15.580   935   935 W PackageManager: Package android.ext.services is an APK in APEX, but has permission allowlist on the system image. Please bundle the allowlist in the com.android.extservices APEX instead.
01-06 09:52:15.590   935   935 W PackageManager: Package com.android.providers.media.module is an APK in APEX, but has permission allowlist on the system image. Please bundle the allowlist in the com.android.mediaprovider APEX instead.
01-06 09:52:15.590   935   935 W PackageManager: Package com.android.providers.media.module is an APK in APEX, but has permission allowlist on the system image. Please bundle the allowlist in the com.android.mediaprovider APEX instead.
01-06 09:52:15.590   935   935 W PackageManager: Package com.android.providers.media.module is an APK in APEX, but has permission allowlist on the system image. Please bundle the allowlist in the com.android.mediaprovider APEX instead.
01-06 09:52:15.590   935   935 W PackageManager: Package com.android.providers.media.module is an APK in APEX, but has permission allowlist on the system image. Please bundle the allowlist in the com.android.mediaprovider APEX instead.
01-06 09:52:15.590   935   935 W PackageManager: Package com.android.providers.media.module is an APK in APEX, but has permission allowlist on the system image. Please bundle the allowlist in the com.android.mediaprovider APEX instead.
01-06 09:52:15.590   935   935 W PackageManager: Package com.android.providers.media.module is an APK in APEX, but has permission allowlist on the system image. Please bundle the allowlist in the com.android.mediaprovider APEX instead.
01-06 09:52:15.590   935   935 W PackageManager: Package com.android.providers.media.module is an APK in APEX, but has permission allowlist on the system image. Please bundle the allowlist in the com.android.mediaprovider APEX instead.
01-06 09:52:15.590   935   935 W PackageManager: Package com.android.providers.media.module is an APK in APEX, but has permission allowlist on the system image. Please bundle the allowlist in the com.android.mediaprovider APEX instead.
01-06 09:52:15.590   935   935 W PackageManager: Package com.android.providers.media.module is an APK in APEX, but has permission allowlist on the system image. Please bundle the allowlist in the com.android.mediaprovider APEX instead.
01-06 09:52:15.590   935   935 W PackageManager: Package com.android.providers.media.module is an APK in APEX, but has permission allowlist on the system image. Please bundle the allowlist in the com.android.mediaprovider APEX instead.
01-06 09:52:15.590   935   935 W PackageManager: Package com.android.providers.media.module is an APK in APEX, but has permission allowlist on the system image. Please bundle the allowlist in the com.android.mediaprovider APEX instead.
01-06 09:52:15.590   935   935 W PackageManager: Package com.android.providers.media.module is an APK in APEX, but has permission allowlist on the system image. Please bundle the allowlist in the com.android.mediaprovider APEX instead.
01-06 09:52:15.590   935   935 W PackageManager: Package com.android.providers.media.module is an APK in APEX, but has permission allowlist on the system image. Please bundle the allowlist in the com.android.mediaprovider APEX instead.
01-06 09:52:15.596   935   935 V PackageManager: reconcileAppsData for null u0 0x1 migrateAppData=true
01-06 09:52:15.672   935   935 V PackageManager: reconcileAppsData finished 16 packages
01-06 09:52:15.673   935   935 D PackageManagerTiming: write settings
01-06 09:52:15.673   935  1043 D SystemServerTimingAsync: InitThreadPoolExec:prepareAppData
01-06 09:52:15.674   935  1043 D SystemServerInitThreadPool: Started executing prepareAppData
01-06 09:52:15.713   935   935 V PackageManagerTiming: write settings took to complete: 40ms
01-06 09:52:15.714   935   935 W PackageManager: Domain verification agent not found
01-06 09:52:15.717   935   935 D PackageManager: Ephemeral resolver NOT found; no matching intent filters
01-06 09:52:15.717   935   935 D PackageManager: Instant App installer not found with android.intent.action.INSTALL_INSTANT_APP_PACKAGE
01-06 09:52:15.717   935   935 D PackageManager: Clear ephemeral installer activity
01-06 09:52:15.723   935   935 D PackageManagerTiming: GC
01-06 09:52:15.723   935   935 V PackageManagerTiming: GC took to complete: 0ms
01-06 09:52:15.723   935   935 I PackageManager: Fix for b/169414761 is applied
01-06 09:52:15.723   935   935 V PackageManagerTiming: create package manager took to complete: 1160ms
01-06 09:52:15.723   935   935 V UserSystemPackageInstaller: Checking that all system packages are whitelisted.
01-06 09:52:15.727   935   935 V UserSystemPackageInstaller: checkWhitelistedSystemPackages(mode=d) has no warnings
01-06 09:52:15.728   935   935 I Watchdog: Resuming HandlerChecker: main thread for reason: packagemanagermain. Pause count: 0
01-06 09:52:15.728   935   935 I SystemServerDexLoadReporter: Configuring system server dex reporter
01-06 09:52:15.730   935   935 V SystemServerTiming: StartPackageManagerService took to complete: 1171ms
01-06 09:52:15.730   935   935 D SystemServerTiming: StartOtaDexOptService
01-06 09:52:15.730   935   935 I Watchdog: Pausing HandlerChecker: main thread for reason: moveab. Pause count: 1
01-06 09:52:15.731   935   935 D OTADexopt: No upgrade, skipping A/B artifacts check.
01-06 09:52:15.731   935   935 I Watchdog: Resuming HandlerChecker: main thread for reason: moveab. Pause count: 0
01-06 09:52:15.731   935   935 V SystemServerTiming: StartOtaDexOptService took to complete: 1ms
01-06 09:52:15.731   935   935 D SystemServerTiming: StartUserManagerService
01-06 09:52:15.731   935   935 I SystemServiceManager: Starting com.android.server.pm.UserManagerService$LifeCycle
01-06 09:52:15.733   935   935 V SystemServerTiming: StartUserManagerService took to complete: 2ms
01-06 09:52:15.734   935   935 D SystemServerTiming: InitAttributerCache
01-06 09:52:15.736   935   935 V SystemServerTiming: InitAttributerCache took to complete: 2ms
01-06 09:52:15.736   935   935 D SystemServerTiming: SetSystemProcess
01-06 09:52:15.741   935   970 I ActivityManager: Connection with lmkd established
01-06 09:52:15.742   935   935 V SystemServerTiming: SetSystemProcess took to complete: 6ms
01-06 09:52:15.743   935   935 D CompatibilityChangeReporter: Compat change id reported: 161145287; UID 1000; state: DISABLED
01-06 09:52:15.744   935   935 D SystemServerTiming: InitWatchdog
01-06 09:52:15.744   935   935 V SystemServerTiming: InitWatchdog took to complete: 0ms
01-06 09:52:15.755   935   952 V HistoricalRegistry: Interaction before persistence initialized
01-06 09:52:15.764   935   935 D SystemServerTiming: StartOverlayManagerService
01-06 09:52:15.782   357   373 I keystore2: keystore2::watchdog: Watchdog thread idle -> terminating. Have a great day.
01-06 09:52:15.849   935   935 V SystemServerTiming: StartOverlayManagerService took to complete: 85ms
01-06 09:52:15.849   935   935 D SystemServerTiming: StartResourcesManagerService
01-06 09:52:15.851   935   959 W ActivityTaskManager: Skip updateConfiguration because mWindowManager isn't set
01-06 09:52:15.851   935   935 V SystemServerTiming: StartResourcesManagerService took to complete: 2ms
01-06 09:52:15.851   935   935 D SystemServerTiming: StartSensorPrivacyService
01-06 09:52:15.856   935   935 V SystemServerTiming: StartSensorPrivacyService took to complete: 5ms
01-06 09:52:15.856   935   935 D SystemServerTiming: StartSensorService
01-06 09:52:15.856   935   935 I SystemServiceManager: Starting com.android.server.sensors.SensorService
01-06 09:52:15.857   935   935 V SystemServerTiming: StartSensorService took to complete: 1ms
01-06 09:52:15.857   935   935 V SystemServerTiming: startBootstrapServices took to complete: 1708ms
01-06 09:52:15.857   935   935 D SystemServerTiming: startCoreServices
01-06 09:52:15.857   935   935 D SystemServerTiming: StartSystemConfigService
01-06 09:52:15.857   935   935 I SystemServiceManager: Starting com.android.server.SystemConfigService
01-06 09:52:15.858   935   935 V SystemServerTiming: StartSystemConfigService took to complete: 1ms
01-06 09:52:15.858   935   935 D SystemServerTiming: StartBatteryService
01-06 09:52:15.858   935   935 I SystemServiceManager: Starting com.android.server.BatteryService
01-06 09:52:15.858   935  1048 D SystemServerTimingAsync: InitThreadPoolExec:StartNativeSensorService
01-06 09:52:15.858   935  1048 D SystemServerInitThreadPool: Started executing StartNativeSensorService
01-06 09:52:15.858   935  1048 D SystemServerTimingAsync: StartNativeSensorService
01-06 09:52:15.862   935   935 I HealthServiceWrapperAidl: health: HealthServiceWrapper listening to AIDL HAL
01-06 09:52:15.862   935   935 I BatteryService: health: Waited 0ms and received the update.
01-06 09:52:15.863   935  1048 V SystemServerTimingAsync: StartNativeSensorService took to complete: 5ms
01-06 09:52:15.863   935  1048 D SystemServerInitThreadPool: Finished executing StartNativeSensorService
01-06 09:52:15.863   935  1048 V SystemServerTimingAsync: InitThreadPoolExec:StartNativeSensorService took to complete: 5ms
01-06 09:52:15.863   935   935 V SystemServerTiming: StartBatteryService took to complete: 5ms
01-06 09:52:15.863   935   935 D SystemServerTiming: StartUsageService
01-06 09:52:15.863   935   935 I SystemServiceManager: Starting com.android.server.usage.UsageStatsService
01-06 09:52:15.865     0     0 W [7 T510   ..] healthd: battery none chg=
01-06 09:52:15.868   935   935 V SystemServerTiming: StartUsageService took to complete: 5ms
01-06 09:52:15.869   935   935 D SystemServerTiming: StartWebViewUpdateService
01-06 09:52:15.869   935   935 I SystemServiceManager: Starting com.android.server.webkit.WebViewUpdateService
01-06 09:52:15.870   935   935 V SystemServerTiming: StartWebViewUpdateService took to complete: 1ms
01-06 09:52:15.870   935   935 D SystemServerTiming: StartCachedDeviceStateService
01-06 09:52:15.870   935   935 I SystemServiceManager: Starting com.android.server.CachedDeviceStateService
01-06 09:52:15.870   935   935 V SystemServerTiming: StartCachedDeviceStateService took to complete: 0ms
01-06 09:52:15.870   935   935 D SystemServerTiming: StartBinderCallsStatsService
01-06 09:52:15.870   935   935 I SystemServiceManager: Starting com.android.server.BinderCallsStatsService$LifeCycle
01-06 09:52:15.871   935   935 V SystemServerTiming: StartBinderCallsStatsService took to complete: 1ms
01-06 09:52:15.871   935   935 D SystemServerTiming: StartLooperStatsService
01-06 09:52:15.871   935   935 I SystemServiceManager: Starting com.android.server.LooperStatsService$Lifecycle
01-06 09:52:15.872   935   935 V SystemServerTiming: StartLooperStatsService took to complete: 1ms
01-06 09:52:15.872   935   935 D SystemServerTiming: StartRollbackManagerService
01-06 09:52:15.872   935   935 I SystemServiceManager: Starting com.android.server.rollback.RollbackManagerService
01-06 09:52:15.877   935   935 I PackageWatchdog: Syncing state, reason: added new observer
01-06 09:52:15.877   935   935 I PackageWatchdog: Not pruning observers, elapsed time: 0ms
01-06 09:52:15.877   935   935 I PackageWatchdog: Cancelling state sync, nothing to sync
01-06 09:52:15.877   935   967 I PackageWatchdog: Saving observer state to file
01-06 09:52:15.880   935   935 V SystemServerTiming: StartRollbackManagerService took to complete: 8ms
01-06 09:52:15.880   935   935 D SystemServerTiming: StartNativeTombstoneManagerService
01-06 09:52:15.880   935   935 I SystemServiceManager: Starting com.android.server.os.NativeTombstoneManagerService
01-06 09:52:15.881   935   935 V SystemServerTiming: StartNativeTombstoneManagerService took to complete: 1ms
01-06 09:52:15.881   935   935 D SystemServerTiming: StartBugreportManagerService
01-06 09:52:15.881   935   935 I SystemServiceManager: Starting com.android.server.os.BugreportManagerService
01-06 09:52:15.882   935   935 V SystemServerTiming: StartBugreportManagerService took to complete: 1ms
01-06 09:52:15.882   935   935 D SystemServerTiming: GpuService
01-06 09:52:15.882   935   935 I SystemServiceManager: Starting com.android.server.gpu.GpuService
01-06 09:52:15.882   935   935 V SystemServerTiming: GpuService took to complete: 0ms
01-06 09:52:15.882   935   935 V SystemServerTiming: startCoreServices took to complete: 25ms
01-06 09:52:15.882   935   935 D SystemServerTiming: startOtherServices
01-06 09:52:15.883   935   935 D SystemServerTiming: StartKeyAttestationApplicationIdProviderService
01-06 09:52:15.883   935  1058 D SystemServerTimingAsync: InitThreadPoolExec:SecondaryZygotePreload
01-06 09:52:15.883   935  1058 D SystemServerInitThreadPool: Started executing SecondaryZygotePreload
01-06 09:52:15.883   935  1058 I SystemServer: SecondaryZygotePreload
01-06 09:52:15.883   935  1058 D SystemServerTimingAsync: SecondaryZygotePreload
01-06 09:52:15.883   935   935 V SystemServerTiming: StartKeyAttestationApplicationIdProviderService took to complete: 0ms
01-06 09:52:15.883   935   935 D SystemServerTiming: StartKeyChainSystemService
01-06 09:52:15.884   935   935 I SystemServiceManager: Starting com.android.server.security.KeyChainSystemService
01-06 09:52:15.884   935   935 V SystemServerTiming: StartKeyChainSystemService took to complete: 1ms
01-06 09:52:15.884   935   935 D SystemServerTiming: StartBinaryTransparencyService
01-06 09:52:15.884   935   935 I SystemServiceManager: Starting com.android.server.BinaryTransparencyService
01-06 09:52:15.885   935   935 I TransparencyService: Started BinaryTransparencyService
01-06 09:52:15.885   935   935 V SystemServerTiming: StartBinaryTransparencyService took to complete: 1ms
01-06 09:52:15.885   935   935 D SystemServerTiming: StartSchedulingPolicyService
01-06 09:52:15.886   935  1059 D SystemServerTimingAsync: InitThreadPoolExec:SchedulingPolicyService.<init>
01-06 09:52:15.886   935  1059 D SystemServerInitThreadPool: Started executing SchedulingPolicyService.<init>
01-06 09:52:15.886   935   935 V SystemServerTiming: StartSchedulingPolicyService took to complete: 1ms
01-06 09:52:15.886   935   935 D SystemServerTiming: StartTelephonyRegistry
01-06 09:52:15.887   935   935 V SystemServerTiming: StartTelephonyRegistry took to complete: 1ms
01-06 09:52:15.887   935   935 D SystemServerTiming: StartEntropyMixer
01-06 09:52:15.888   935   935 I EntropyMixer: Loaded existing seed file
01-06 09:52:15.890   935   935 I EntropyMixer: Updated seed file
01-06 09:52:15.890   935   935 V SystemServerTiming: StartEntropyMixer took to complete: 3ms
01-06 09:52:15.890   935   935 D SystemServerTiming: StartAccountManagerService
01-06 09:52:15.890   935   935 I SystemServiceManager: Starting com.android.server.accounts.AccountManagerService$Lifecycle
01-06 09:52:15.895   935   935 V SystemServerTiming: StartAccountManagerService took to complete: 5ms
01-06 09:52:15.895   935   935 D SystemServerTiming: StartContentService
01-06 09:52:15.895   935   935 I SystemServiceManager: Starting com.android.server.content.ContentService$Lifecycle
01-06 09:52:15.897   935   935 V SystemServerTiming: StartContentService took to complete: 2ms
01-06 09:52:15.897   935   935 D SystemServerTiming: InstallSystemProviders
01-06 09:52:15.899   935  1059 D SystemServerInitThreadPool: Finished executing SchedulingPolicyService.<init>
01-06 09:52:15.899   935  1059 V SystemServerTimingAsync: InitThreadPoolExec:SchedulingPolicyService.<init> took to complete: 13ms
01-06 09:52:15.901   935  1043 V SystemServerTimingAsync: AppDataFixup took to complete: 227ms
01-06 09:52:15.902   935  1043 W PackageManager: Skipping preparing app data for com.android.sdksandbox
01-06 09:52:15.904     0     0 E [6 T1     ..] init: Control message: Could not find 'aidl/device_state' for ctl.interface_start from pid: 317 (/system/bin/servicemanager)
01-06 09:52:15.958   493   493 V ZygoteInitTiming_lazy: BeginPreload took to complete: 73ms
01-06 09:52:15.959   935   968 D ActivityManager: Freezer enabled
01-06 09:52:15.959   935   968 D ActivityManager: freezer override set to false
01-06 09:52:15.959   935   935 V SystemServerTiming: InstallSystemProviders took to complete: 62ms
01-06 09:52:15.959   935   935 D SystemServerTiming: UpdateWatchdogTimeout
01-06 09:52:15.960   935   935 I Watchdog: Watchdog timeout updated to 60000 millis
01-06 09:52:15.960   935   935 V SystemServerTiming: UpdateWatchdogTimeout took to complete: 1ms
01-06 09:52:15.960   935   935 D SystemServerTiming: StartDropBoxManager
01-06 09:52:15.960   935   935 I SystemServiceManager: Starting com.android.server.DropBoxManagerService
01-06 09:52:15.961   935   935 V SystemServerTiming: StartDropBoxManager took to complete: 1ms
01-06 09:52:15.961   935   935 D SystemServerTiming: StartRoleManagerService
01-06 09:52:15.961   935   935 I SystemServiceManager: Starting com.android.role.RoleService
01-06 09:52:15.987   935   935 V SystemServerTiming: StartRoleManagerService took to complete: 26ms
01-06 09:52:15.987   935   935 D SystemServerTiming: StartVibratorManagerService
01-06 09:52:15.987   935   935 I SystemServiceManager: Starting com.android.server.vibrator.VibratorManagerService$Lifecycle
01-06 09:52:15.994   935   935 V SystemServerTiming: StartVibratorManagerService took to complete: 7ms
01-06 09:52:15.994   935   935 D SystemServerTiming: StartDynamicSystemService
01-06 09:52:15.994   935   935 V SystemServerTiming: StartDynamicSystemService took to complete: 0ms
01-06 09:52:15.994   935   935 D SystemServerTiming: StartConsumerIrService
01-06 09:52:15.996   935   935 V SystemServerTiming: StartConsumerIrService took to complete: 2ms
01-06 09:52:15.996   935   935 D SystemServerTiming: StartResourceEconomy
01-06 09:52:15.997   935   935 I SystemServiceManager: Starting com.android.server.tare.InternalResourceService
01-06 09:52:16.003   935   935 V SystemServerTiming: StartResourceEconomy took to complete: 7ms
01-06 09:52:16.003   935   935 D SystemServerTiming: StartAlarmManagerService
01-06 09:52:16.004   935   935 I SystemServiceManager: Starting com.android.server.alarm.AlarmManagerService
01-06 09:52:16.011   935   935 V SystemServerTiming: StartAlarmManagerService took to complete: 8ms
01-06 09:52:16.011   935   935 D SystemServerTiming: StartInputManagerService
01-06 09:52:16.018   935   935 I InputManager: Initializing input manager, mUseDevInputEventForAudioJack=false
01-06 09:52:16.018   935   935 V SystemServerTiming: StartInputManagerService took to complete: 7ms
01-06 09:52:16.018   935   935 D SystemServerTiming: DeviceStateManagerService
01-06 09:52:16.018   935   935 I SystemServiceManager: Starting com.android.server.devicestate.DeviceStateManagerService
01-06 09:52:16.024   935   935 V SystemServerTiming: DeviceStateManagerService took to complete: 5ms
01-06 09:52:16.024   935   935 D SystemServerTiming: StartWindowManagerService
01-06 09:52:16.024   935   935 I SystemServiceManager: Starting phase 200
01-06 09:52:16.024   935   935 D SystemServerTiming: OnBootPhase_200
01-06 09:52:16.024   935   935 D SystemServerTiming: OnBootPhase_200_com.android.server.security.FileIntegrityService
01-06 09:52:16.024   935   935 V SystemServerTiming: OnBootPhase_200_com.android.server.security.FileIntegrityService took to complete: 0ms
01-06 09:52:16.024   935   935 D SystemServerTiming: OnBootPhase_200_com.android.server.pm.Installer
01-06 09:52:16.024   935   935 V SystemServerTiming: OnBootPhase_200_com.android.server.pm.Installer took to complete: 0ms
01-06 09:52:16.024   935   935 D SystemServerTiming: OnBootPhase_200_com.android.server.os.DeviceIdentifiersPolicyService
01-06 09:52:16.024   935   935 V SystemServerTiming: OnBootPhase_200_com.android.server.os.DeviceIdentifiersPolicyService took to complete: 0ms
01-06 09:52:16.024   935   935 D SystemServerTiming: OnBootPhase_200_com.android.server.uri.UriGrantsManagerService$Lifecycle
01-06 09:52:16.024   935   935 V SystemServerTiming: OnBootPhase_200_com.android.server.uri.UriGrantsManagerService$Lifecycle took to complete: 0ms
01-06 09:52:16.024   935   935 D SystemServerTiming: OnBootPhase_200_com.android.server.powerstats.PowerStatsService
01-06 09:52:16.024   935   935 V SystemServerTiming: OnBootPhase_200_com.android.server.powerstats.PowerStatsService took to complete: 0ms
01-06 09:52:16.024   935   935 D SystemServerTiming: OnBootPhase_200_com.android.server.wm.ActivityTaskManagerService$Lifecycle
01-06 09:52:16.024   935   935 V SystemServerTiming: OnBootPhase_200_com.android.server.wm.ActivityTaskManagerService$Lifecycle took to complete: 0ms
01-06 09:52:16.024   935   935 D SystemServerTiming: OnBootPhase_200_com.android.server.am.ActivityManagerService$Lifecycle
01-06 09:52:16.024   935   935 V SystemServerTiming: OnBootPhase_200_com.android.server.am.ActivityManagerService$Lifecycle took to complete: 0ms
01-06 09:52:16.024   935   935 D SystemServerTiming: OnBootPhase_200_com.android.server.pm.DataLoaderManagerService
01-06 09:52:16.024   935   935 V SystemServerTiming: OnBootPhase_200_com.android.server.pm.DataLoaderManagerService took to complete: 0ms
01-06 09:52:16.024   935   935 D SystemServerTiming: OnBootPhase_200_com.android.server.power.PowerManagerService
01-06 09:52:16.024   935   935 V SystemServerTiming: OnBootPhase_200_com.android.server.power.PowerManagerService took to complete: 0ms
01-06 09:52:16.024   935   935 D SystemServerTiming: OnBootPhase_200_com.android.server.power.ThermalManagerService
01-06 09:52:16.024   935   935 V SystemServerTiming: OnBootPhase_200_com.android.server.power.ThermalManagerService took to complete: 0ms
01-06 09:52:16.024   935   935 D SystemServerTiming: OnBootPhase_200_com.android.server.power.hint.HintManagerService
01-06 09:52:16.024   935   935 V SystemServerTiming: OnBootPhase_200_com.android.server.power.hint.HintManagerService took to complete: 0ms
01-06 09:52:16.024   935   935 D SystemServerTiming: OnBootPhase_200_com.android.server.recoverysystem.RecoverySystemService$Lifecycle
01-06 09:52:16.024   935   935 V SystemServerTiming: OnBootPhase_200_com.android.server.recoverysystem.RecoverySystemService$Lifecycle took to complete: 0ms
01-06 09:52:16.024   935   935 D SystemServerTiming: OnBootPhase_200_com.android.server.lights.LightsService
01-06 09:52:16.024   935   935 V SystemServerTiming: OnBootPhase_200_com.android.server.lights.LightsService took to complete: 0ms
01-06 09:52:16.024   935   935 D SystemServerTiming: OnBootPhase_200_com.android.server.display.DisplayManagerService
01-06 09:52:16.024   935   935 V SystemServerTiming: OnBootPhase_200_com.android.server.display.DisplayManagerService took to complete: 0ms
01-06 09:52:16.024   935   935 D SystemServerTiming: OnBootPhase_200_com.android.server.pm.verify.domain.DomainVerificationService
01-06 09:52:16.025   935   935 V SystemServerTiming: OnBootPhase_200_com.android.server.pm.verify.domain.DomainVerificationService took to complete: 0ms
01-06 09:52:16.025   935   935 D SystemServerTiming: OnBootPhase_200_com.android.server.pm.PackageInstallerService$Lifecycle
01-06 09:52:16.025   935   935 V SystemServerTiming: OnBootPhase_200_com.android.server.pm.PackageInstallerService$Lifecycle took to complete: 0ms
01-06 09:52:16.025   935   935 D SystemServerTiming: OnBootPhase_200_com.android.server.pm.UserManagerService$LifeCycle
01-06 09:52:16.025   935   935 V SystemServerTiming: OnBootPhase_200_com.android.server.pm.UserManagerService$LifeCycle took to complete: 0ms
01-06 09:52:16.025   935   935 D SystemServerTiming: OnBootPhase_200_com.android.server.om.OverlayManagerService
01-06 09:52:16.025   935   935 V SystemServerTiming: OnBootPhase_200_com.android.server.om.OverlayManagerService took to complete: 0ms
01-06 09:52:16.025   935   935 D SystemServerTiming: OnBootPhase_200_com.android.server.resources.ResourcesManagerService
01-06 09:52:16.025   935   935 V SystemServerTiming: OnBootPhase_200_com.android.server.resources.ResourcesManagerService took to complete: 0ms
01-06 09:52:16.025   935   935 D SystemServerTiming: OnBootPhase_200_com.android.server.sensorprivacy.SensorPrivacyService
01-06 09:52:16.025   935   935 V SystemServerTiming: OnBootPhase_200_com.android.server.sensorprivacy.SensorPrivacyService took to complete: 0ms
01-06 09:52:16.025   935   935 D SystemServerTiming: OnBootPhase_200_com.android.server.sensors.SensorService
01-06 09:52:16.025   935   935 V SystemServerTiming: OnBootPhase_200_com.android.server.sensors.SensorService took to complete: 0ms
01-06 09:52:16.025   935   935 D SystemServerTiming: OnBootPhase_200_com.android.server.SystemConfigService
01-06 09:52:16.025   935   935 V SystemServerTiming: OnBootPhase_200_com.android.server.SystemConfigService took to complete: 0ms
01-06 09:52:16.025   935   935 D SystemServerTiming: OnBootPhase_200_com.android.server.BatteryService
01-06 09:52:16.025   935   935 V SystemServerTiming: OnBootPhase_200_com.android.server.BatteryService took to complete: 0ms
01-06 09:52:16.025   935   935 D SystemServerTiming: OnBootPhase_200_com.android.server.usage.UsageStatsService
01-06 09:52:16.025   935   935 V SystemServerTiming: OnBootPhase_200_com.android.server.usage.UsageStatsService took to complete: 0ms
01-06 09:52:16.025   935   935 D SystemServerTiming: OnBootPhase_200_com.android.server.webkit.WebViewUpdateService
01-06 09:52:16.025   935   935 V SystemServerTiming: OnBootPhase_200_com.android.server.webkit.WebViewUpdateService took to complete: 0ms
01-06 09:52:16.025   935   935 D SystemServerTiming: OnBootPhase_200_com.android.server.CachedDeviceStateService
01-06 09:52:16.025   935   935 V SystemServerTiming: OnBootPhase_200_com.android.server.CachedDeviceStateService took to complete: 0ms
01-06 09:52:16.025   935   935 D SystemServerTiming: OnBootPhase_200_com.android.server.BinderCallsStatsService$LifeCycle
01-06 09:52:16.025   935   935 V SystemServerTiming: OnBootPhase_200_com.android.server.BinderCallsStatsService$LifeCycle took to complete: 0ms
01-06 09:52:16.025   935   935 D SystemServerTiming: OnBootPhase_200_com.android.server.LooperStatsService$Lifecycle
01-06 09:52:16.025   935   935 V SystemServerTiming: OnBootPhase_200_com.android.server.LooperStatsService$Lifecycle took to complete: 0ms
01-06 09:52:16.025   935   935 D SystemServerTiming: OnBootPhase_200_com.android.server.rollback.RollbackManagerService
01-06 09:52:16.025   935   935 V SystemServerTiming: OnBootPhase_200_com.android.server.rollback.RollbackManagerService took to complete: 0ms
01-06 09:52:16.025   935   935 D SystemServerTiming: OnBootPhase_200_com.android.server.os.NativeTombstoneManagerService
01-06 09:52:16.025   935   935 V SystemServerTiming: OnBootPhase_200_com.android.server.os.NativeTombstoneManagerService took to complete: 0ms
01-06 09:52:16.025   935   935 D SystemServerTiming: OnBootPhase_200_com.android.server.os.BugreportManagerService
01-06 09:52:16.025   935   935 V SystemServerTiming: OnBootPhase_200_com.android.server.os.BugreportManagerService took to complete: 0ms
01-06 09:52:16.026   935   935 D SystemServerTiming: OnBootPhase_200_com.android.server.gpu.GpuService
01-06 09:52:16.026   935   935 V SystemServerTiming: OnBootPhase_200_com.android.server.gpu.GpuService took to complete: 0ms
01-06 09:52:16.026   935   935 D SystemServerTiming: OnBootPhase_200_com.android.server.security.KeyChainSystemService
01-06 09:52:16.026   935   935 V SystemServerTiming: OnBootPhase_200_com.android.server.security.KeyChainSystemService took to complete: 0ms
01-06 09:52:16.026   935   935 D SystemServerTiming: OnBootPhase_200_com.android.server.BinaryTransparencyService
01-06 09:52:16.026   935   935 V SystemServerTiming: OnBootPhase_200_com.android.server.BinaryTransparencyService took to complete: 0ms
01-06 09:52:16.026   935   935 D SystemServerTiming: OnBootPhase_200_com.android.server.accounts.AccountManagerService$Lifecycle
01-06 09:52:16.026   935   935 V SystemServerTiming: OnBootPhase_200_com.android.server.accounts.AccountManagerService$Lifecycle took to complete: 0ms
01-06 09:52:16.026   935   935 D SystemServerTiming: OnBootPhase_200_com.android.server.content.ContentService$Lifecycle
01-06 09:52:16.026   935   935 V SystemServerTiming: OnBootPhase_200_com.android.server.content.ContentService$Lifecycle took to complete: 0ms
01-06 09:52:16.026   935   935 D SystemServerTiming: OnBootPhase_200_com.android.server.DropBoxManagerService
01-06 09:52:16.026   935   935 V SystemServerTiming: OnBootPhase_200_com.android.server.DropBoxManagerService took to complete: 0ms
01-06 09:52:16.026   935   935 D SystemServerTiming: OnBootPhase_200_com.android.role.RoleService
01-06 09:52:16.026   935   935 V SystemServerTiming: OnBootPhase_200_com.android.role.RoleService took to complete: 0ms
01-06 09:52:16.026   935   935 D SystemServerTiming: OnBootPhase_200_com.android.server.vibrator.VibratorManagerService$Lifecycle
01-06 09:52:16.026   935   935 V SystemServerTiming: OnBootPhase_200_com.android.server.vibrator.VibratorManagerService$Lifecycle took to complete: 0ms
01-06 09:52:16.026   935   935 D SystemServerTiming: OnBootPhase_200_com.android.server.tare.InternalResourceService
01-06 09:52:16.026   935   935 V SystemServerTiming: OnBootPhase_200_com.android.server.tare.InternalResourceService took to complete: 0ms
01-06 09:52:16.026   935   935 D SystemServerTiming: OnBootPhase_200_com.android.server.alarm.AlarmManagerService
01-06 09:52:16.026   935   935 V SystemServerTiming: OnBootPhase_200_com.android.server.alarm.AlarmManagerService took to complete: 0ms
01-06 09:52:16.026   935   935 D SystemServerTiming: OnBootPhase_200_com.android.server.devicestate.DeviceStateManagerService
01-06 09:52:16.026   935   935 V SystemServerTiming: OnBootPhase_200_com.android.server.devicestate.DeviceStateManagerService took to complete: 0ms
01-06 09:52:16.026   935   935 V SystemServerTiming: OnBootPhase_200 took to complete: 2ms
01-06 09:52:16.027   935   935 I WindowManager: No existing display settings, starting empty
01-06 09:52:16.027   935   935 I WindowManager: No existing display settings, starting empty
01-06 09:52:16.032   935   962 E WindowManager: Error reading from LetterboxConfigurationPersister. Using default values!
01-06 09:52:16.032   935   962 E WindowManager: java.io.FileNotFoundException: /data/system/letterbox_config: open failed: ENOENT (No such file or directory)
01-06 09:52:16.032   935   962 E WindowManager: 	at libcore.io.IoBridge.open(IoBridge.java:574)
01-06 09:52:16.032   935   962 E WindowManager: 	at java.io.FileInputStream.<init>(FileInputStream.java:160)
01-06 09:52:16.032   935   962 E WindowManager: 	at android.util.AtomicFile.openRead(AtomicFile.java:260)
01-06 09:52:16.032   935   962 E WindowManager: 	at com.android.server.wm.LetterboxConfigurationPersister.readCurrentConfiguration(LetterboxConfigurationPersister.java:221)
01-06 09:52:16.032   935   962 E WindowManager: 	at com.android.server.wm.LetterboxConfigurationPersister.<init>(LetterboxConfigurationPersister.java:128)
01-06 09:52:16.032   935   962 E WindowManager: 	at com.android.server.wm.LetterboxConfigurationPersister.<init>(LetterboxConfigurationPersister.java:101)
01-06 09:52:16.032   935   962 E WindowManager: 	at com.android.server.wm.LetterboxConfiguration.<init>(LetterboxConfiguration.java:242)
01-06 09:52:16.032   935   962 E WindowManager: 	at com.android.server.wm.WindowManagerService.<init>(WindowManagerService.java:1224)
01-06 09:52:16.032   935   962 E WindowManager: 	at com.android.server.wm.WindowManagerService.lambda$main$1(WindowManagerService.java:1168)
01-06 09:52:16.032   935   962 E WindowManager: 	at com.android.server.wm.WindowManagerService.$r8$lambda$mdM6IEP25omWg9Thw5NvWNLhRLE(Unknown Source:0)
01-06 09:52:16.032   935   962 E WindowManager: 	at com.android.server.wm.WindowManagerService$$ExternalSyntheticLambda3.run(Unknown Source:20)
01-06 09:52:16.032   935   962 E WindowManager: 	at android.os.Handler$BlockingRunnable.run(Handler.java:965)
01-06 09:52:16.032   935   962 E WindowManager: 	at android.os.Handler.handleCallback(Handler.java:942)
01-06 09:52:16.032   935   962 E WindowManager: 	at android.os.Handler.dispatchMessage(Handler.java:99)
01-06 09:52:16.032   935   962 E WindowManager: 	at android.os.Looper.loopOnce(Looper.java:201)
01-06 09:52:16.032   935   962 E WindowManager: 	at android.os.Looper.loop(Looper.java:288)
01-06 09:52:16.032   935   962 E WindowManager: 	at android.os.HandlerThread.run(HandlerThread.java:67)
01-06 09:52:16.032   935   962 E WindowManager: 	at com.android.server.ServiceThread.run(ServiceThread.java:44)
01-06 09:52:16.032   935   962 E WindowManager: Caused by: android.system.ErrnoException: open failed: ENOENT (No such file or directory)
01-06 09:52:16.032   935   962 E WindowManager: 	at libcore.io.Linux.open(Native Method)
01-06 09:52:16.032   935   962 E WindowManager: 	at libcore.io.ForwardingOs.open(ForwardingOs.java:563)
01-06 09:52:16.032   935   962 E WindowManager: 	at libcore.io.BlockGuardOs.open(BlockGuardOs.java:274)
01-06 09:52:16.032   935   962 E WindowManager: 	at libcore.io.IoBridge.open(IoBridge.java:560)
01-06 09:52:16.032   935   962 E WindowManager: 	... 17 more
01-06 09:52:16.046   935   935 V SystemServerTiming: StartWindowManagerService took to complete: 22ms
01-06 09:52:16.046   935   935 D SystemServerTiming: SetWindowManagerService
01-06 09:52:16.046   935   961 I DropBoxManagerService: add tag=system_server_strictmode isTagEnabled=true flags=0x2
01-06 09:52:16.071   935   961 I DropBoxManagerService: add tag=system_server_strictmode isTagEnabled=true flags=0x2
01-06 09:52:16.072   935   961 I DropBoxManagerService: add tag=system_server_strictmode isTagEnabled=true flags=0x2
01-06 09:52:16.092   935   935 I ActivityTaskManager: Loaded persisted task ids for user 0
01-06 09:52:16.094   935   935 V SystemServerTiming: SetWindowManagerService took to complete: 48ms
01-06 09:52:16.094   935   935 D SystemServerTiming: WindowManagerServiceOnInitReady
01-06 09:52:16.110   935   935 V SystemServerTiming: WindowManagerServiceOnInitReady took to complete: 16ms
01-06 09:52:16.110   935   935 D SystemServerTiming: StartInputManager
01-06 09:52:16.110   935   935 I InputManager: Starting input manager
01-06 09:52:16.112   935  1082 D SystemServerTimingAsync: InitThreadPoolExec:StartHidlServices
01-06 09:52:16.112   935  1082 D SystemServerInitThreadPool: Started executing StartHidlServices
01-06 09:52:16.112   935  1082 D SystemServerTimingAsync: StartHidlServices
01-06 09:52:16.117   935  1082 V SystemServerTimingAsync: StartHidlServices took to complete: 4ms
01-06 09:52:16.117   935  1082 D SystemServerInitThreadPool: Finished executing StartHidlServices
01-06 09:52:16.117   935  1082 V SystemServerTimingAsync: InitThreadPoolExec:StartHidlServices took to complete: 5ms
01-06 09:52:16.119     0     0 E [0 T1     ..] init: Control message: Could not find 'aidl/clipboard' for ctl.interface_start from pid: 317 (/system/bin/servicemanager)
01-06 09:52:16.120   935   935 V SystemServerTiming: StartInputManager took to complete: 10ms
01-06 09:52:16.120   935   935 D SystemServerTiming: DisplayManagerWindowManagerAndInputReady
01-06 09:52:16.120   935   935 V SystemServerTiming: DisplayManagerWindowManagerAndInputReady took to complete: 0ms
01-06 09:52:16.120   935   962 I LogicalDisplayMapper: Requesting Transition to state: 0, from state=-1, interactive=true, mBootCompleted=false
01-06 09:52:16.120   935   935 D SystemServerTiming: StartBluetoothService
01-06 09:52:16.120   935   962 I LogicalDisplayMapper: Applying layout: [{addr: {port=11, model=0x404c2d479b6c44}, dispId: 0(ON)}], Previous layout: [{addr: {port=11, model=0x404c2d479b6c44}, dispId: 0(ON)}]
01-06 09:52:16.133   935   935 I SystemServiceManager: Starting com.android.server.bluetooth.BluetoothService
01-06 09:52:16.141   935   935 V SystemServerTiming: StartBluetoothService took to complete: 21ms
01-06 09:52:16.141   935   935 D SystemServerTiming: IpConnectivityMetrics
01-06 09:52:16.141   935   935 I SystemServiceManager: Starting com.android.server.connectivity.IpConnectivityMetrics
01-06 09:52:16.142   935   935 V SystemServerTiming: IpConnectivityMetrics took to complete: 1ms
01-06 09:52:16.142   935   935 D SystemServerTiming: NetworkWatchlistService
01-06 09:52:16.142   935   935 I SystemServiceManager: Starting com.android.server.net.watchlist.NetworkWatchlistService$Lifecycle
01-06 09:52:16.146   935   935 I WatchlistSettings: Reload watchlist settings done
01-06 09:52:16.147   935  1096 I WatchlistLoggingHandler: No need to aggregate record yet.
01-06 09:52:16.147   935  1096 I WatchlistLoggingHandler: Milliseconds spent on tryAggregateRecords(): 0
01-06 09:52:16.147   935   935 V SystemServerTiming: NetworkWatchlistService took to complete: 5ms
01-06 09:52:16.149   935   935 D SystemServerTiming: PinnerService
01-06 09:52:16.149   935   935 I SystemServiceManager: Starting com.android.server.PinnerService
01-06 09:52:16.149   935   935 V HistoricalRegistry: Interaction before persistence initialized
01-06 09:52:16.152   935   935 V SystemServerTiming: PinnerService took to complete: 3ms
01-06 09:52:16.153   935   967 D PinnerService: pinRangeStream: null
01-06 09:52:16.153   935   935 D SystemServerTiming: SignedConfigService
01-06 09:52:16.153   935   935 V SystemServerTiming: SignedConfigService took to complete: 0ms
01-06 09:52:16.153   935   935 D SystemServerTiming: AppIntegrityService
01-06 09:52:16.153   935   935 I SystemServiceManager: Starting com.android.server.integrity.AppIntegrityManagerService
01-06 09:52:16.157   935   935 E IntegrityFileManager: Error creating staging and rules directory
01-06 09:52:16.158   935   967 D PinnerService: pinRangeStream: null
01-06 09:52:16.159   935   967 E PinnerService: Could not pin file /system/bin/logd
01-06 09:52:16.159   935   967 E PinnerService: android.system.ErrnoException: open failed: EACCES (Permission denied)
01-06 09:52:16.159   935   967 E PinnerService: 	at libcore.io.Linux.open(Native Method)
01-06 09:52:16.159   935   967 E PinnerService: 	at libcore.io.ForwardingOs.open(ForwardingOs.java:563)
01-06 09:52:16.159   935   967 E PinnerService: 	at libcore.io.BlockGuardOs.open(BlockGuardOs.java:274)
01-06 09:52:16.159   935   967 E PinnerService: 	at android.system.Os.open(Os.java:494)
01-06 09:52:16.159   935   967 E PinnerService: 	at com.android.server.PinnerService.pinFileRanges(PinnerService.java:975)
01-06 09:52:16.159   935   967 E PinnerService: 	at com.android.server.PinnerService.pinFile(PinnerService.java:850)
01-06 09:52:16.159   935   967 E PinnerService: 	at com.android.server.PinnerService.handlePinOnStart(PinnerService.java:305)
01-06 09:52:16.159   935   967 E PinnerService: 	at com.android.server.PinnerService.-$$Nest$mhandlePinOnStart(Unknown Source:0)
01-06 09:52:16.159   935   967 E PinnerService: 	at com.android.server.PinnerService$PinnerHandler.handleMessage(PinnerService.java:1219)
01-06 09:52:16.159   935   967 E PinnerService: 	at android.os.Handler.dispatchMessage(Handler.java:106)
01-06 09:52:16.159   935   967 E PinnerService: 	at android.os.Looper.loopOnce(Looper.java:201)
01-06 09:52:16.159   935   967 E PinnerService: 	at android.os.Looper.loop(Looper.java:288)
01-06 09:52:16.159   935   967 E PinnerService: 	at android.os.HandlerThread.run(HandlerThread.java:67)
01-06 09:52:16.159   935   967 E PinnerService: Failed to pin file = /system/bin/logd
01-06 09:52:16.159   935   967 D PinnerService: pinRangeStream: null
01-06 09:52:16.159   935   935 V SystemServerTiming: AppIntegrityService took to complete: 6ms
01-06 09:52:16.159   935   935 D SystemServerTiming: StartLogcatManager
01-06 09:52:16.159   935   935 I SystemServiceManager: Starting com.android.server.logcat.LogcatManagerService
01-06 09:52:16.160   935   967 E PinnerService: Could not pin file /system/lib/libjavacrypto.so
01-06 09:52:16.160   935   967 E PinnerService: android.system.ErrnoException: open failed: ENOENT (No such file or directory)
01-06 09:52:16.160   935   967 E PinnerService: 	at libcore.io.Linux.open(Native Method)
01-06 09:52:16.160   935   967 E PinnerService: 	at libcore.io.ForwardingOs.open(ForwardingOs.java:563)
01-06 09:52:16.160   935   967 E PinnerService: 	at libcore.io.BlockGuardOs.open(BlockGuardOs.java:274)
01-06 09:52:16.160   935   967 E PinnerService: 	at android.system.Os.open(Os.java:494)
01-06 09:52:16.160   935   967 E PinnerService: 	at com.android.server.PinnerService.pinFileRanges(PinnerService.java:975)
01-06 09:52:16.160   935   967 E PinnerService: 	at com.android.server.PinnerService.pinFile(PinnerService.java:850)
01-06 09:52:16.160   935   967 E PinnerService: 	at com.android.server.PinnerService.handlePinOnStart(PinnerService.java:305)
01-06 09:52:16.160   935   967 E PinnerService: 	at com.android.server.PinnerService.-$$Nest$mhandlePinOnStart(Unknown Source:0)
01-06 09:52:16.160   935   967 E PinnerService: 	at com.android.server.PinnerService$PinnerHandler.handleMessage(PinnerService.java:1219)
01-06 09:52:16.160   935   967 E PinnerService: 	at android.os.Handler.dispatchMessage(Handler.java:106)
01-06 09:52:16.160   935   967 E PinnerService: 	at android.os.Looper.loopOnce(Looper.java:201)
01-06 09:52:16.160   935   967 E PinnerService: 	at android.os.Looper.loop(Looper.java:288)
01-06 09:52:16.160   935   967 E PinnerService: 	at android.os.HandlerThread.run(HandlerThread.java:67)
01-06 09:52:16.160   935   967 E PinnerService: Failed to pin file = /system/lib/libjavacrypto.so
01-06 09:52:16.160   935   967 D PinnerService: pinRangeStream: null
01-06 09:52:16.163   935   935 V SystemServerTiming: StartLogcatManager took to complete: 4ms
01-06 09:52:16.164   935   935 I WindowManager: SAFE MODE not enabled
01-06 09:52:16.164   935   935 D SystemServerTiming: StartInputMethodManagerLifecycle
01-06 09:52:16.164   935   935 I SystemServiceManager: Starting com.android.server.inputmethod.InputMethodManagerService$Lifecycle
01-06 09:52:16.169   935   935 V SystemServerTiming: StartInputMethodManagerLifecycle took to complete: 5ms
01-06 09:52:16.169   935   935 D SystemServerTiming: StartAccessibilityManagerService
01-06 09:52:16.169   935   935 I SystemServiceManager: Starting com.android.server.accessibility.AccessibilityManagerService$Lifecycle
01-06 09:52:16.175   935   935 V SystemServerTiming: StartAccessibilityManagerService took to complete: 5ms
01-06 09:52:16.175   935   935 D SystemServerTiming: MakeDisplayReady
