01-03 08:10:25.439     0     0 I         : [7 T399   ..] EXT4-fs (dm-19): mounted filesystem without journal. Opts: (null). Quota mode: none.
01-03 08:10:25.468     0     0 I [6 T398   ..] loop28: detected capacity change from 0 to 7928
01-03 08:10:25.495     0     0 I [7 T396   ..] device-mapper: verity: sha256 using implementation "sha256-ce"
01-03 08:10:25.523     0     0 I         : [7 T396   ..] EXT4-fs (dm-26): mounted filesystem without journal. Opts: (null). Quota mode: none.
01-03 08:10:25.526     0     0 I [5 T397   ..] loop29: detected capacity change from 0 to 96080
01-03 08:10:25.579     0     0 I [7 T399   ..] loop30: detected capacity change from 0 to 27552
01-03 08:10:25.584     0     0 I [6 T398   ..] device-mapper: verity: sha256 using implementation "sha256-ce"
01-03 08:10:25.607     0     0 I [5 T397   ..] device-mapper: verity: sha256 using implementation "sha256-ce"
01-03 08:10:25.610     0     0 I         : [6 T398   ..] EXT4-fs (dm-13): mounted filesystem without journal. Opts: (null). Quota mode: none.
01-03 08:10:25.635     0     0 I         : [5 T397   ..] EXT4-fs (dm-29): mounted filesystem without journal. Opts: (null). Quota mode: none.
01-03 08:10:25.643     0     0 I [7 T399   ..] device-mapper: verity: sha256 using implementation "sha256-ce"
01-03 08:10:25.668     0     0 I         : [5 T399   ..] EXT4-fs (dm-10): mounted filesystem without journal. Opts: (null). Quota mode: none.
01-03 08:10:25.947   334   334 D vold    : fscrypt_init_user0
01-03 08:10:25.947   334   334 D vold    : Preparing: /data/misc/vold/user_keys
01-03 08:10:25.951     0     0 D [1 T449   ..] vdc: Waited 0ms for vold
01-03 08:10:25.948   334   334 D vold    : Preparing: /data/misc/vold/user_keys/ce
01-03 08:10:25.949   334   334 D vold    : Preparing: /data/misc/vold/user_keys/de
01-03 08:10:25.957   334   334 D vold    : Installed fscrypt key with ref 9f22951012ae839940a6268d483386c8 to /data
01-03 08:10:25.957   334   334 D vold    : Added fscrypt-provisioning key for 9f22951012ae839940a6268d483386c8 to session keyring
01-03 08:10:25.957   334   334 D vold    : Installed de key for user 0
01-03 08:10:25.957   334   334 D vold    : fscrypt_prepare_user_storage for volume null, user 0, serial 0, flags 1
01-03 08:10:25.957   334   334 D vold    : Preparing: /data/system/users/0
01-03 08:10:25.958   334   334 D vold    : Preparing: /data/misc/profiles/cur/0
01-03 08:10:25.959   334   334 D vold    : Preparing: /data/system_de/0
01-03 08:10:25.959   334   334 D vold    : Preparing: /data/vendor_de/0
01-03 08:10:25.959   334   334 D vold    : Preparing: /data/misc_de/0
01-03 08:10:25.960   334   334 D vold    : Preparing: /data/user_de/0
01-03 08:10:25.960   334   334 I vold    : Verified that /data/system_de/0 has the encryption policy 9f22951012ae839940a6268d483386c8 v2 modes 1/4 flags 0x2
01-03 08:10:25.961   334   334 I vold    : Verified that /data/vendor_de/0 has the encryption policy 9f22951012ae839940a6268d483386c8 v2 modes 1/4 flags 0x2
01-03 08:10:25.961   334   334 I vold    : Verified that /data/misc_de/0 has the encryption policy 9f22951012ae839940a6268d483386c8 v2 modes 1/4 flags 0x2
01-03 08:10:25.961   334   334 I vold    : Verified that /data/user_de/0 has the encryption policy 9f22951012ae839940a6268d483386c8 v2 modes 1/4 flags 0x2
01-03 08:10:25.961   334   334 D vold    : /system/bin/vold_prepare_subdirs
01-03 08:10:25.961   334   334 D vold    :     prepare
01-03 08:10:25.961   334   334 D vold    :     
01-03 08:10:25.961   334   334 D vold    :     0
01-03 08:10:25.961   334   334 D vold    :     1
01-03 08:10:26.026   334   334 D vold    : Detected support for FS_IOC_ADD_ENCRYPTION_KEY
01-03 08:10:26.036     0     0 I [7 T1     ..] selinux: SELinux: Skipping restorecon on directory(/data)
01-03 08:10:26.037     0     0 I [7 T1     ..] selinux:  
01-03 08:10:26.138   452   452 I odsign  : Trying to retrieve existing HMAC key...
01-03 08:10:26.139   452   452 I odsign  : Trying to retrieve existing keystore key...
01-03 08:10:26.148   452   452 I odsign  : Verified public key signature.
01-03 08:10:26.148   452   452 I odsign  : Initialized Keystore key.
01-03 08:10:26.149   452   452 I odsign  : Found and verified existing public key certificate: /data/misc/odsign/key.cert
01-03 08:10:26.341     0     0 W [6 T454   ..] audit: audit_backlog=65 > audit_backlog_limit=64
01-03 08:10:26.341     0     0 W [6 T454   ..] audit: audit_lost=1 audit_rate_limit=0 audit_backlog_limit=64
01-03 08:10:26.341     0     0 E [6 T454   ..] audit: backlog limit exceeded
01-03 08:10:26.341     0     0 W [6 T454   ..] audit: audit_backlog=65 > audit_backlog_limit=64
01-03 08:10:26.341     0     0 W [6 T454   ..] audit: audit_lost=2 audit_rate_limit=0 audit_backlog_limit=64
01-03 08:10:26.341     0     0 E [6 T454   ..] audit: backlog limit exceeded
01-03 08:10:26.343   454   454 I odrefresh: ART APEX version 330400000
01-03 08:10:26.344   454   454 I odrefresh: Factory ART APEX mounted.
01-03 08:10:26.344   454   454 I odrefresh: System properties are set to default values.
01-03 08:10:26.345   454   454 I odrefresh: Factory ART APEX mounted.
01-03 08:10:26.345   454   454 I odrefresh: System properties are set to default values.
01-03 08:10:26.346   454   454 I odrefresh: Factory APEXes mounted.
01-03 08:10:26.346   454   454 I odrefresh: System properties are set to default values.
01-03 08:10:26.354   452   452 I odsign  : Metrics report is empty
01-03 08:10:26.355   452   452 I odsign  : /data/misc/odsign/odsign.info not found.
01-03 08:10:26.356   452   452 I odsign  : odrefresh said artifacts are VALID
01-03 08:10:26.356   452   452 I odsign  : On-device signing done.
01-03 08:10:26.375   359   392 I keystore2: keystore2::super_key: keystore.boot_level 1000000000 hits maximum 1000000000, finishing.
01-03 08:10:26.411     0     0 I [0 T456   ..] apexd: Snapshot DE subcommand detected
01-03 08:10:26.412     0     0 I [1 T456   ..] apexd: Marking APEXd as ready
01-03 08:10:26.581     0     0 W         : [3 T191   ..] [ADLAK WARN] adlak_platform_get_resource() Failed to get adla_axi_clk
01-03 08:10:26.581     0     0 W         : [3 T191   ..]
01-03 08:10:26.581     0     0 W         : [3 T191   ..] ADLA KMD nn_adj_vol = 1, nn_package_id = 1, nn_efuse_type = 2
01-03 08:10:26.582     0     0 W         : [3 T191   ..] adla kmd version: 1.2.0.6
01-03 08:10:26.582     0     0 W         : [3 T191   ..] adlak_core clk requirement of 800000000 Hz,and real val is 799999988 Hz.
01-03 08:10:26.596     0     0 W         : [1 T191   ..] [ADLAK WARN] adlak_os_thread_create() kthread bind on cpu1
01-03 08:10:26.596     0     0 W         : [1 T191   ..]
01-03 08:10:26.703     0     0 I [0 T1     ..] selinux: SELinux: Skipping restorecon on directory(/data/dalvik-cache/arm)
01-03 08:10:26.703     0     0 I [0 T1     ..] selinux:  
01-03 08:10:26.705     0     0 I [0 T1     ..] selinux: SELinux: Skipping restorecon on directory(/data/dalvik-cache/arm64)
01-03 08:10:26.705     0     0 I [0 T1     ..] selinux:  
01-03 08:10:26.705     0     0 E [0 T1     ..] selinux: SELinux:  Could not stat /data/dalvik-cache/mips: No such file or directory.
01-03 08:10:27.250     0     0 W [0 T191   ..] init: Top-level directory needs encryption action, eg mkdir /data/media <mode> <uid> <gid> encryption=Require
01-03 08:10:27.250     0     0 I [0 T191   ..] init: Not setting encryption policy on: /data/media
01-03 08:10:27.277     0     0 E [1 T1     ..] WARNING: Unprivileged eBPF is enabled, data leaks possible via Spectre v2 BHB attacks!
01-03 08:10:27.318     0     0 I [3 T489   ..] update_verifier: Started with arg 1: nonencrypted
01-03 08:10:27.319     0     0 D [4 T488   ..] LibBpfLoader: Loading optional ELF object /apex/com.android.tethering/etc/bpf/test.o with license Apache 2.0
01-03 08:10:27.319     0     0 I [4 T488   ..] LibBpfLoader: Section bpfloader_min_ver value is 2 [0x2]
01-03 08:10:27.319     0     0 I [4 T488   ..] LibBpfLoader: Section bpfloader_max_ver value is 65536 [0x10000]
01-03 08:10:27.320     0     0 I [4 T488   ..] LibBpfLoader: Section size_of_bpf_map_def value is 116 [0x74]
01-03 08:10:27.320     0     0 I [4 T488   ..] LibBpfLoader: Section size_of_bpf_prog_def value is 92 [0x5c]
01-03 08:10:27.320     0     0 I [4 T488   ..] LibBpfLoader: BpfLoader version 0x00013 processing ELF object /apex/com.android.tethering/etc/bpf/test.o with ver [0x00002,0x10000)
01-03 08:10:27.320     0     0 D [4 T488   ..] LibBpfLoader: Loaded code section 3 (xdp_drop_ipv4_udp_ether)
01-03 08:10:27.321     0     0 D [4 T488   ..] LibBpfLoader: Adding section 3 to cs list
01-03 08:10:27.321     0     0 I [1 T489   ..] update_verifier: Booting slot 0: isSlotMarkedSuccessful=1
01-03 08:10:27.321     0     0 I [1 T489   ..] update_verifier: Leaving update_verifier.
01-03 08:10:27.322     0     0 D [4 T488   ..] LibBpfLoader: Couldn't find section btf_min_bpfloader_ver (defaulting to 0 [0x0]).
01-03 08:10:27.322     0     0 D [4 T488   ..] LibBpfLoader: Couldn't find section btf_min_kernel_ver (defaulting to 0 [0x0]).
01-03 08:10:27.392     0     0 I         : [4 T191   ..] Mass Storage Function, version: 2009/09/11
01-03 08:10:27.392     0     0 I [4 T191   ..] LUN: removable file: (no medium)
01-03 08:10:27.396     0     0 I         : [6 T191   ..] file system registered
01-03 08:10:27.400     0     0 W         : [6 T191   ..] using random self ethernet address
01-03 08:10:27.400     0     0 W         : [6 T191   ..] using random host ethernet address
01-03 08:10:27.575     0     0 W         : [4 T191   ..] T7 doesn't support hcodec avc encoder!!
01-03 08:10:27.601     0     0 I [0 T116   ..] [debug]: ramoops_io_dump=0, buffer=ffffffc00842f000 ftrace_old_log=0000000000000000, size=0, reboot_mode=normal
01-03 08:10:27.706     0     0 I         : [2 T191   ..] aml-vcodec-dec vcodec_dec: v4ldec registered as /dev/video26
01-03 08:10:27.719     0     0 E         : [2 T191   ..] register_amlogic_afbc_dec_fun
01-03 08:10:27.777     0     0 I         : [6 T191   ..] Registered frame rate driver success.
01-03 08:10:28.020     0     0 E [0 T191   ..] map_store: rm default
01-03 08:10:28.020     0     0 E [0 T191   ..] map_store: add default decoder ppmgr deinterlace amvideo
01-03 08:10:28.022     0     0 I [6 T191   ..] [snd-soc]: drc high cut scale set to 0%
01-03 08:10:28.023     0     0 I [2 T191   ..] [snd-soc]: drc low boost scale set to 0%
01-03 08:10:28.023     0     0 I [2 T191   ..] [snd-soc]: drc mode set to RF
01-03 08:10:28.035     0     0 W [5 T509   ..] healthd: No battery devices found
01-03 08:10:28.038     0     0 W [3 T509   ..] healthd: battery none chg=
01-03 08:10:28.097     0     0 I [6 T542   ..] [pm]: early_suspend_state=0
01-03 08:10:28.124   535   535 I gsid    : no DSU: No such file or directory
01-03 08:10:28.391     0     0 I         : [4 T498   ..] vdin0 req vs irq 83
01-03 08:10:28.391     0     0 I         : [4 T498   ..] vdin0 req meta_wr_done_irq
01-03 08:10:28.406     0     0 I [2 T498   ..] [efuse-unifykey]: already inited!
01-03 08:10:28.406     0     0 E [2 T498   ..] [efuse-unifykey]: could not found key hdcp22_rx_fw
01-03 08:10:28.406     0     0 E [2 T498   ..] [efuse-unifykey]: please set key name first, exist_show:751
01-03 08:10:28.407     0     0 I [2 T498   ..] [efuse-unifykey]: already inited!
01-03 08:10:28.407     0     0 E [2 T498   ..] [efuse-unifykey]: could not found key hdcp14_rx
01-03 08:10:28.428     0     0 I [2 T498   ..] [efuse-unifykey]: already inited!
01-03 08:10:28.428     0     0 E [2 T498   ..] [efuse-unifykey]: could not found key hdcp22_rx_fw
01-03 08:10:28.428     0     0 E [2 T498   ..] [efuse-unifykey]: please set key name first, exist_show:751
01-03 08:10:28.441     0     0 I         : [6 T498   ..] vt session 498-0 create
01-03 08:10:28.492     0     0 I         : [0 T508   ..] drm_hdmitx_get_vrr_cap not support vrr
01-03 08:10:28.492     0     0 I         : [0 T508   ..] drm_hdmitx_get_rx_hdcp_cap rx hdcp [1]
01-03 08:10:28.492     0     0 I         : [0 T508   ..] drm_hdmitx_get_rx_hdcp_cap rx hdcp [1]
01-03 08:10:28.670   520   520 I android.hardware.wifi@1.0-service.droidlogic: Wifi Hal is booting up...
01-03 08:10:28.719   520   520 I HidlServiceManagement: Registered android.hardware.wifi@1.6::IWifi/default
01-03 08:10:28.753     0     0 I         : [4 T85    ..] [TEE] I/TA:
01-03 08:10:28.753     0     0 I         : [4 T85    ..] [TEE] MM-module-name:Youtube TA,Version:1.0.6-gd116617(build:7738)
01-03 08:10:28.753     0     0 I         : [4 T85    ..] [TEE] M/TA: gatekeeper_messages: 412: Amlogic GATEKEEPER! Build Time: Mar 20 2023 15:26:51 version: 6030636 TDK: ab02024
01-03 08:10:28.920     0     0 W [0 T488   ..] printk: bpfloader: 1679 output lines suppressed due to ratelimiting
01-03 08:10:28.932     0     0 I [3 T498   ..] dim: load 0x400 pq len 168 later.
01-03 08:10:28.937   597   597 I installd: installd firing up
01-03 08:10:29.035     0     0 E [0 T193   ..] selinux: SELinux: Could not set context for /sys/devices/virtual/net/ipsec_test:  No such file or directory
01-03 08:10:29.036     0     0 E [0 T193   ..] selinux:  
01-03 08:10:29.036     0     0 E [0 T193   ..] selinux: SELinux:  Could not read /sys/devices/virtual/net/ipsec_test: No such file or directory.
01-03 08:10:29.038     0     0 E [0 T193   ..] selinux:  
01-03 08:10:29.038     0     0 E [0 T193   ..] ueventd: selinux_android_restorecon(/sys/devices/virtual/net/ipsec_test) failed: Success
01-03 08:10:29.055   607   607 W storaged: health: invalid battery status
01-03 08:10:29.120   609   609 I wificond: wificond is starting up...
01-03 08:10:29.124   609   609 I HidlServiceManagement: Registered android.system.wifi.keystore@1.0::IKeystore/default
01-03 08:10:29.153     0     0 E [0 T1     ..] init: Control message: Could not find 'vendor.amlogic.hardware.tvserver@1.0::ITvServer/default' for ctl.interface_start from pid: 318 (/system/bin/hwservicemanager)
01-03 08:10:29.232     0     0 I [4 T498   ..] dim: load 0x1000 pq len 17 later.
01-03 08:10:29.233     0     0 I [4 T498   ..] dim: load 0x2000 pq len 32 later.
01-03 08:10:29.340     0     0 E [3 T1     ..] init: Control message: Could not find 'vendor.amlogic.hardware.tvserver@1.0::ITvServer/default' for ctl.interface_start from pid: 318 (/system/bin/hwservicemanager)
01-03 08:10:29.349     0     0 E [3 T1     ..] init: Control message: Could not find 'aidl/package_native' for ctl.interface_start from pid: 317 (/system/bin/servicemanager)
01-03 08:10:29.541     0     0 E [1 T1     ..] init: Control message: Could not find 'vendor.amlogic.hardware.tvserver@1.0::ITvServer/default' for ctl.interface_start from pid: 318 (/system/bin/hwservicemanager)
01-03 08:10:29.591     0     0 I         : [2 T673   ..] read descriptors
01-03 08:10:29.591     0     0 I         : [2 T673   ..] read strings
01-03 08:10:29.743     0     0 E [4 T1     ..] init: Control message: Could not find 'vendor.amlogic.hardware.tvserver@1.0::ITvServer/default' for ctl.interface_start from pid: 318 (/system/bin/hwservicemanager)
01-03 08:10:29.777     0     0 I         : [4 T640   ..] [TEE] E/TA:   MM-module-name:Video firmware TA,Version:1.0.5-g3604ffd(build:6514)
01-03 08:10:29.777     0     0 I         : [4 T640   ..] [TEE] E/TA:   fw_check_pack_version:292 the package has 15 fws totally.
01-03 08:10:29.777     0     0 I         : [4 T640   ..] [TEE] E/TA:   fw_check_pack_version:309 The TA ver is v1.0
01-03 08:10:29.777     0     0 I         : [4 T640   ..] [TEE] E/TA:   fw_check_pack_version:310 The fw ver is v0.4
01-03 08:10:29.777     0     0 I         : [4 T640   ..] [TEE] E/TA:   fw_data_insert:389 the fw with 332 KB will be loaded.
01-03 08:10:29.777     0     0 I         : [4 T640   ..] [TEE] M/TA: TEE_Video_Load_FW success
01-03 08:10:29.777     0     0 I         : [4 T640   ..] [TEE] E/TA:   OPTEE_PlatformInit:47
01-03 08:10:29.777     0     0 I         : [4 T640   ..] [TEE] MM-module-name:Widevine TA,Version:17.1-r1.14-ga3ab5eb-p1(build:1509)
01-03 08:10:29.777     0     0 I         : [4 T640   ..] [TEE] E/TA:   OPTEE_MigrateGenerationNumPersistentData:399 migrate read GenerationNum from reefs error. NOT ERROR
01-03 08:10:29.777     0     0 I         : [4 T640   ..] [TEE] I/TA: TA_CloseSessionEntryPoint
01-03 08:10:29.777     0     0 I         : [4 T640   ..] [TEE] M/TA: [PROVISION-TA] the same key [0x11 WIDEVINE_KEY] already exists
01-03 08:10:29.777     0     0 I         : [4 T640   ..] [TEE] M/TA: [PROVISION-TA] the same key [0x31 HDCP_TX14_KEY] already exists
01-03 08:10:29.777     0     0 I         : [4 T640   ..] [TEE] M/TA: [PROVISION-TA] the same key [0x33 HDCP_RX14_KEY] already exists
01-03 08:10:29.777     0     0 I         : [4 T640   ..] [TEE] M/TA: [PROVISION-TA] the same key [0x32 HDCP_TX22_KEY] already exists
01-03 08:10:29.777     0     0 I         : [4 T640   ..] [TEE] M/TA: [PROVISION-TA] the same key [0x36 HDCP_RX22_FW_PRIVATE] already exists
01-03 08:10:29.815     0     0 I         : [3 T680   ..] tee load hdcp key ready
01-03 08:10:29.815     0     0 I         : [3 T680   ..] hdmi ready but hdcp not enabled, enable now
01-03 08:10:29.828     0     0 I [1 T153   ..] hdmitx: rd[0x000a] 0x00
01-03 08:10:29.884     0     0 I [0 T116   ..] android_work: sent uevent USB_STATE=CONNECTED
01-03 08:10:29.900     0     0 E [4 T1     ..] init: Control message: Could not find 'aidl/android.hardware.graphics.composer3.IComposer/default' for ctl.interface_start from pid: 317 (/system/bin/servicemanager)
01-03 08:10:29.902     0     0 D         : [5 T638   ..] caamkeys_ioctl(cmd=3221813249)
01-03 08:10:29.943     0     0 E [2 T1     ..] init: Control message: Could not find 'vendor.amlogic.hardware.tvserver@1.0::ITvServer/default' for ctl.interface_start from pid: 318 (/system/bin/hwservicemanager)
01-03 08:10:29.945     0     0 I [1 T498   ..] dim: load 0x200 pq len 25 later.
01-03 08:10:29.960     0     0 I [7 T498   ..] dim: load 0x800 pq len 103 later.
01-03 08:10:29.964     0     0 I [0 T116   ..] android_work: sent uevent USB_STATE=CONFIGURED
01-03 08:10:30.043     0     0 I [0 T187   ..] hdmitx: rd[0x062b] 0x4c
01-03 08:10:30.043     0     0 I [0 T187   ..] hdmitx: rd[0x062c] 0x4c
01-03 08:10:30.043     0     0 I [0 T187   ..] hdmitx: rd[0x062d] 0xfc
01-03 08:10:30.043     0     0 I [0 T187   ..] hdmitx: rd[0x062e] 0xe5
01-03 08:10:30.043     0     0 I [0 T187   ..] hdmitx: rd[0x062f] 0xa2
01-03 08:10:30.043     0     0 I [0 T116   ..] cec: [hdmitx_notify_callback] unsupported notify:4
01-03 08:10:30.049     0     0 I         : [3 T498   ..] aad argp = 00000000a5eabb4e	db_o_bl_cv.length=13 mem_size=52
01-03 08:10:30.049     0     0 I         : [3 T498   ..] db_o_bl_cv control db_cabc_aad_param_s success
01-03 08:10:30.049     0     0 I         : [3 T498   ..] db_maxbin_bl_cv control db_cabc_aad_param_s success
01-03 08:10:30.050     0     0 I         : [3 T498   ..] db_LUT_RG_gain control db_cabc_aad_param_s success
01-03 08:10:30.050     0     0 I         : [3 T498   ..] db_LUT_RG_gain control db_cabc_aad_param_s success
01-03 08:10:30.050     0     0 I         : [3 T498   ..] db_LUT_BG_gain control db_cabc_aad_param_s success
01-03 08:10:30.050     0     0 I         : [3 T498   ..] db_gain_lut control db_cabc_aad_param_s success
01-03 08:10:30.050     0     0 I         : [3 T498   ..] db_xy_lut control db_cabc_aad_param_s success
01-03 08:10:30.137     0     0 I [2 T121   ..] hdcptx: 1  auth: 1
01-03 08:10:30.144     0     0 E [7 T1     ..] init: Control message: Could not find 'vendor.amlogic.hardware.tvserver@1.0::ITvServer/default' for ctl.interface_start from pid: 318 (/system/bin/hwservicemanager)
01-03 08:10:30.151     0     0 I         : [2 T508   ..] video_composer_open iminor(inode) =0
01-03 08:10:30.152     0     0 I [2 T508   ..] vc: [0]vd_render_index_get: render_index is 0.
01-03 08:10:30.152     0     0 I [2 T508   ..] vc: [0]get capability: min 64 64; max 4096 2160
01-03 08:10:30.152     0     0 I         : [2 T508   ..] video_composer_open iminor(inode) =1
01-03 08:10:30.152     0     0 I [2 T508   ..] vc: [1]vd_render_index_get: render_index is 5.
01-03 08:10:30.152     0     0 I [2 T508   ..] vc: [1]get capability: min 64 64; max 4096 2160
01-03 08:10:30.152     0     0 I         : [2 T508   ..] video_composer_open iminor(inode) =2
01-03 08:10:30.152     0     0 I [2 T508   ..] vc: [2]vd_render_index_get: render_index is 2.
01-03 08:10:30.153     0     0 I [2 T508   ..] vc: [2]get capability: min 64 64; max 4096 2160
01-03 08:10:30.156     0     0 I         : [3 T508   ..] drm_hdmitx_get_vrr_cap not support vrr
01-03 08:10:30.156     0     0 I         : [3 T508   ..] drm_hdmitx_get_rx_hdcp_cap rx hdcp [1]
01-03 08:10:30.156     0     0 I         : [3 T508   ..] drm_hdmitx_get_rx_hdcp_cap rx hdcp [1]
01-03 08:10:30.158     0     0 I         : [3 T508   ..] drm_hdmitx_get_vrr_cap not support vrr
01-03 08:10:30.158     0     0 I         : [3 T508   ..] drm_hdmitx_get_rx_hdcp_cap rx hdcp [1]
01-03 08:10:30.158     0     0 I         : [3 T508   ..] drm_hdmitx_get_rx_hdcp_cap rx hdcp [1]
01-03 08:10:30.162     0     0 I [3 T508   ..] vc: [0]get capability: min 64 64; max 4096 2160
01-03 08:10:30.162     0     0 I [3 T508   ..] vc: [2]get capability: min 64 64; max 4096 2160
01-03 08:10:30.188     0     0 I         : [2 T498   ..] avmute_store 1
01-03 08:10:30.349     0     0 E [0 T1     ..] init: Control message: Could not find 'vendor.amlogic.hardware.tvserver@1.0::ITvServer/default' for ctl.interface_start from pid: 318 (/system/bin/hwservicemanager)
01-03 08:10:30.350     0     0 E [0 T1     ..] init: Control message: Could not find 'aidl/package_native' for ctl.interface_start from pid: 317 (/system/bin/servicemanager)
01-03 08:10:30.448     0     0 I         : [6 T498   ..] avmute_store -1
01-03 08:10:30.457     0     0 I [2 T532   ..] [efuse-unifykey]: already inited!
01-03 08:10:30.457     0     0 E [2 T532   ..] [efuse-unifykey]: could not found key hdcp14_rx
01-03 08:10:30.474     0     0 I [6 T532   ..] cec: port_seq:4123
01-03 08:10:30.485     0     0 W         : [3 T532   ..] [RX]-EDID size1 =1536
01-03 08:10:30.485     0     0 W         : [3 T532   ..] [RX]-EDID size2 =1536
01-03 08:10:30.485     0     0 W [3 T532   ..] [RX]-HDMIRX: fill edid buf, size 1536
01-03 08:10:30.486     0     0 W         : [6 T532   ..] [RX]-edid select for UI HDMI4~1: 0x1111, for portD~A: 0x1111
01-03 08:10:30.486     0     0 W         : [6 T532   ..] [RX]-set vrr_func_en to: 0
01-03 08:10:30.486     0     0 W         : [6 T532   ..] [RX]-no this data blk in edid
01-03 08:10:30.486     0     0 W         : [6 T532   ..] [RX]-no this data blk in edid
01-03 08:10:30.489     0     0 W         : [6 T532   ..] [RX]-no this data blk in edid
01-03 08:10:30.489     0     0 W         : [6 T532   ..] [RX]-no this data blk in edid
01-03 08:10:30.492     0     0 W         : [6 T532   ..] [RX]-no this data blk in edid
01-03 08:10:30.492     0     0 W         : [6 T532   ..] [RX]-no this data blk in edid
01-03 08:10:30.495     0     0 W         : [6 T532   ..] [RX]-hdmirx_hw_config port:0
01-03 08:10:30.495     0     0 W         : [6 T532   ..] [RX]-force_fsm_init
01-03 08:10:30.495     0     0 W         : [6 T532   ..] [RX]-no this data blk in edid
01-03 08:10:30.495     0     0 W         : [6 T532   ..] [RX]-no this data blk in edid
01-03 08:10:30.498     0     0 W         : [6 T532   ..] [RX]-no this data blk in edid
01-03 08:10:30.498     0     0 W         : [6 T532   ..] [RX]-no this data blk in edid
01-03 08:10:30.501     0     0 W         : [6 T532   ..] [RX]-no this data blk in edid
01-03 08:10:30.502     0     0 W         : [6 T532   ..] [RX]-no this data blk in edid
01-03 08:10:30.505     0     0 W         : [6 T532   ..] [RX]-hdmirx_hw_config port:1
01-03 08:10:30.505     0     0 W         : [6 T532   ..] [RX]-force_fsm_init
01-03 08:10:30.505     0     0 W         : [6 T532   ..] [RX]-no this data blk in edid
01-03 08:10:30.505     0     0 W         : [6 T532   ..] [RX]-no this data blk in edid
01-03 08:10:30.509     0     0 W         : [6 T532   ..] [RX]-no this data blk in edid
01-03 08:10:30.509     0     0 W         : [6 T532   ..] [RX]-no this data blk in edid
01-03 08:10:30.512     0     0 W         : [6 T532   ..] [RX]-no this data blk in edid
01-03 08:10:30.512     0     0 W         : [6 T532   ..] [RX]-no this data blk in edid
01-03 08:10:30.516     0     0 W         : [6 T532   ..] [RX]-hdmirx_hw_config port:2
01-03 08:10:30.516     0     0 W         : [6 T532   ..] [RX]-force_fsm_init
01-03 08:10:30.516     0     0 W         : [6 T532   ..] [RX]-no this data blk in edid
01-03 08:10:30.516     0     0 W         : [6 T532   ..] [RX]-no this data blk in edid
01-03 08:10:30.519     0     0 W         : [6 T532   ..] [RX]-no this data blk in edid
01-03 08:10:30.519     0     0 W         : [6 T532   ..] [RX]-no this data blk in edid
01-03 08:10:30.523     0     0 W         : [6 T532   ..] [RX]-no this data blk in edid
01-03 08:10:30.523     0     0 W         : [6 T532   ..] [RX]-no this data blk in edid
01-03 08:10:30.526     0     0 W         : [6 T532   ..] [RX]-hdmirx_hw_config port:3
01-03 08:10:30.526     0     0 W         : [6 T532   ..] [RX]-force_fsm_init
01-03 08:10:30.526     0     0 W         : [6 T532   ..] [RX]-*update edid*
01-03 08:10:30.801     0     0 I         : [4 T10    ..] [TEE] E/TA:   cmd_hdcp_read_key:951 [HDCP-TA] cmd_hdcp_read_key: hdcp_read_key(hdcp_rx22_fw.bin) failed, ret = 0xffff0008
01-03 08:10:30.894   753   766 D BootAnimation: BootAnimation::threadLoop
01-03 08:10:30.895   753   766 D BootAnimation: bootVideoProp=50, mConfig=0, mVol=50, mMute=0
01-03 08:10:30.944   753   766 D BootAnimation: BootAnimationShownTiming start time: 13551ms
01-03 08:10:31.069     0     0 I         : [2 T145   ..] free_reserved_mem 293 logo start_addr=3f800000, end=40000000
01-03 08:10:31.071     0     0 I [2 T145   ..] [memory-debug]: Freeing fb-memory memory: 8192K
01-03 08:10:31.071     0     0 I         : [2 T145   ..] [drm] am_meson_free_logo_memory, free none_cma memory: addr:0x0x000000003f800000,size:0x800000
01-03 08:10:31.079   493   493 V Zygote32Timing: PostZygoteInitGC took to complete: 27ms
01-03 08:10:31.079   493   493 V Zygote32Timing: ZygoteInit took to complete: 50ms
01-03 08:10:31.194   492   492 V Zygote64Timing: BeginPreload took to complete: 141ms
01-03 08:10:32.760   492   492 V Zygote64Timing: PreloadClasses took to complete: 1565ms
01-03 08:10:32.780   492   492 V Zygote64Timing: CacheNonBootClasspathClassLoaders took to complete: 21ms
01-03 08:10:32.824   492   492 V Zygote64Timing: PreloadResources took to complete: 44ms
01-03 08:10:32.905   492   492 V Zygote64Timing: ZygotePreload took to complete: 1852ms
01-03 08:10:33.020   492   492 V Zygote64Timing: PostZygoteInitGC took to complete: 116ms
01-03 08:10:33.020   492   492 V Zygote64Timing: ZygoteInit took to complete: 1991ms
01-03 08:10:34.084   607   607 E storaged: getService package_native failed
01-03 08:10:34.088   607   942 I storaged: storaged: Start
01-03 08:10:34.092   925   925 D SystemServerTiming: InitBeforeStartServices
01-03 08:10:34.097   925   925 I SystemServer: Entered the Android system server!
01-03 08:10:34.354     0     0 E [0 T1     ..] init: Control message: Could not find 'aidl/package_native' for ctl.interface_start from pid: 317 (/system/bin/servicemanager)
01-03 08:10:34.589   925   925 I SystemServerInitThreadPool: Creating instance with 8 threads
01-03 08:10:34.654     0     0 E [7 T1     ..] init: Control message: Could not find 'aidl/device_state' for ctl.interface_start from pid: 317 (/system/bin/servicemanager)
01-03 08:10:35.062   925   925 V SystemServerTiming: InitBeforeStartServices took to complete: 970ms
01-03 08:10:35.062   925   925 D SystemServerTiming: StartServices
01-03 08:10:35.062   925   925 D SystemServerTiming: startBootstrapServices
01-03 08:10:35.062   925   925 D SystemServerTiming: StartWatchdog
01-03 08:10:35.073   925   925 V SystemServerTiming: StartWatchdog took to complete: 11ms
01-03 08:10:35.073   925   925 I SystemServer: Reading configuration...
01-03 08:10:35.074   925   925 D SystemServerTiming: ReadingSystemConfig
01-03 08:10:35.074   925   925 V SystemServerTiming: ReadingSystemConfig took to complete: 0ms
01-03 08:10:35.074   925   925 D SystemServerTiming: PlatformCompat
01-03 08:10:35.074   925   959 D SystemServerTimingAsync: InitThreadPoolExec:ReadingSystemConfig
01-03 08:10:35.074   925   959 D SystemServerInitThreadPool: Started executing ReadingSystemConfig
01-03 08:10:35.076   925   925 D CompatConfig: Found a config file: /system/etc/compatconfig/calendar-provider-compat-config.xml
01-03 08:10:35.076   925   959 I SystemConfig: Reading permissions from /system/etc/sysconfig/framework-sysconfig.xml
01-03 08:10:35.077   925   925 D CompatConfig: Adding: com.android.server.compat.config.Change@cdc626e
01-03 08:10:35.078   925   925 D CompatConfig: Found a config file: /system/etc/compatconfig/TeleService-platform-compat-config.xml
01-03 08:10:35.078   925   925 D CompatConfig: Adding: com.android.server.compat.config.Change@312a19c
01-03 08:10:35.078   925   925 D CompatConfig: Adding: com.android.server.compat.config.Change@6d487a5
01-03 08:10:35.078   925   925 D CompatConfig: Adding: com.android.server.compat.config.Change@870377a
01-03 08:10:35.078   925   925 D CompatConfig: Adding: com.android.server.compat.config.Change@b0afb2b
01-03 08:10:35.078   925   925 D CompatConfig: Adding: com.android.server.compat.config.Change@a763b88
01-03 08:10:35.078   925   925 D CompatConfig: Adding: com.android.server.compat.config.Change@a3a5146
01-03 08:10:35.079   925   959 I SystemConfig: Reading permissions from /system/etc/sysconfig/netflix.xml
01-03 08:10:35.079   925   925 D CompatConfig: Found a config file: /system/etc/compatconfig/contacts-provider-platform-compat-config.xml
01-03 08:10:35.079   925   959 I SystemConfig: Reading permissions from /system/etc/sysconfig/preinstalled-packages-platform.xml
01-03 08:10:35.080   925   925 D CompatConfig: Found a config file: /system/etc/compatconfig/framework-platform-compat-config.xml
01-03 08:10:35.080   925   959 I SystemConfig: Reading permissions from /system/etc/sysconfig/hiddenapi-package-whitelist.xml
01-03 08:10:35.081   925   959 I SystemConfig: Reading permissions from /system/etc/sysconfig/preinstalled-packages-com.android.providers.media.module.xml
01-03 08:10:35.082   925   925 D CompatConfig: Adding: com.android.server.compat.config.Change@9ef3a0
01-03 08:10:35.082   925   925 D CompatConfig: Adding: com.android.server.compat.config.Change@fa8ab59
01-03 08:10:35.082   925   925 D CompatConfig: Adding: com.android.server.compat.config.Change@edc431e
01-03 08:10:35.082   925   925 D CompatConfig: Adding: com.android.server.compat.config.Change@76fe7ff
01-03 08:10:35.082   925   925 D CompatConfig: Adding: com.android.server.compat.config.Change@18fa9cc
01-03 08:10:35.082   925   925 D CompatConfig: Adding: com.android.server.compat.config.Change@fafa415
01-03 08:10:35.082   925   925 D CompatConfig: Adding: com.android.server.compat.config.Change@f05732a
01-03 08:10:35.082   925   925 D CompatConfig: Adding: com.android.server.compat.config.Change@ae5051b
01-03 08:10:35.082   925   925 D CompatConfig: Adding: com.android.server.compat.config.Change@8f396b8
01-03 08:10:35.082   925   925 D CompatConfig: Adding: com.android.server.compat.config.Change@1f36c91
01-03 08:10:35.082   925   925 D CompatConfig: Adding: com.android.server.compat.config.Change@8df97f6
01-03 08:10:35.082   925   925 D CompatConfig: Adding: com.android.server.compat.config.Change@5c4d7f7
01-03 08:10:35.082   925   925 D CompatConfig: Adding: com.android.server.compat.config.Change@ea76664
01-03 08:10:35.082   925   925 D CompatConfig: Adding: com.android.server.compat.config.Change@3d140cd
01-03 08:10:35.082   925   925 D CompatConfig: Adding: com.android.server.compat.config.Change@d653d82
01-03 08:10:35.082   925   925 D CompatConfig: Adding: com.android.server.compat.config.Change@164fc93
01-03 08:10:35.082   925   925 D CompatConfig: Adding: com.android.server.compat.config.Change@9a684d0
01-03 08:10:35.082   925   925 D CompatConfig: Adding: com.android.server.compat.config.Change@13e1cc9
01-03 08:10:35.082   925   925 D CompatConfig: Adding: com.android.server.compat.config.Change@adafce
01-03 08:10:35.083   925   925 D CompatConfig: Adding: com.android.server.compat.config.Change@cd8ceef
01-03 08:10:35.083   925   925 D CompatConfig: Adding: com.android.server.compat.config.Change@3371dfc
01-03 08:10:35.083   925   925 D CompatConfig: Adding: com.android.server.compat.config.Change@682bc85
01-03 08:10:35.083   925   925 D CompatConfig: Adding: com.android.server.compat.config.Change@b0d6b0b
01-03 08:10:35.083   925   925 D CompatConfig: Adding: com.android.server.compat.config.Change@d61de8
01-03 08:10:35.083   925   925 D CompatConfig: Adding: com.android.server.compat.config.Change@1b79c01
01-03 08:10:35.083   925   925 D CompatConfig: Adding: com.android.server.compat.config.Change@67beaa6
01-03 08:10:35.083   925   959 I SystemConfig: Reading permissions from /system/etc/permissions/privapp-permissions-platform.xml
01-03 08:10:35.083   925   925 D CompatConfig: Adding: com.android.server.compat.config.Change@6a5ace7
01-03 08:10:35.083   925   925 D CompatConfig: Adding: com.android.server.compat.config.Change@e33094
01-03 08:10:35.083   925   925 D CompatConfig: Adding: com.android.server.compat.config.Change@f73d
01-03 08:10:35.083   925   925 D CompatConfig: Adding: com.android.server.compat.config.Change@1ec0b32
01-03 08:10:35.083   925   925 D CompatConfig: Adding: com.android.server.compat.config.Change@7963083
01-03 08:10:35.083   925   925 D CompatConfig: Adding: com.android.server.compat.config.Change@60cc200
01-03 08:10:35.083   925   925 D CompatConfig: Adding: com.android.server.compat.config.Change@28aca39
01-03 08:10:35.083   925   925 D CompatConfig: Adding: com.android.server.compat.config.Change@fcba87e
01-03 08:10:35.083   925   925 D CompatConfig: Adding: com.android.server.compat.config.Change@68151df
01-03 08:10:35.083   925   925 D CompatConfig: Adding: com.android.server.compat.config.Change@d7bfe2c
01-03 08:10:35.083   925   925 D CompatConfig: Adding: com.android.server.compat.config.Change@744d0f5
01-03 08:10:35.083   925   925 D CompatConfig: Adding: com.android.server.compat.config.Change@275ce8a
01-03 08:10:35.083   925   925 D CompatConfig: Adding: com.android.server.compat.config.Change@9d32cfb
01-03 08:10:35.083   925   925 D CompatConfig: Adding: com.android.server.compat.config.Change@bc0d118
01-03 08:10:35.083   925   925 D CompatConfig: Adding: com.android.server.compat.config.Change@15e8771
01-03 08:10:35.083   925   925 D CompatConfig: Adding: com.android.server.compat.config.Change@4ea4956
01-03 08:10:35.083   925   925 D CompatConfig: Adding: com.android.server.compat.config.Change@89d9dd7
01-03 08:10:35.083   925   925 D CompatConfig: Adding: com.android.server.compat.config.Change@c7de6c4
01-03 08:10:35.083   925   925 D CompatConfig: Adding: com.android.server.compat.config.Change@d8329ad
01-03 08:10:35.083   925   925 D CompatConfig: Adding: com.android.server.compat.config.Change@59a4e2
01-03 08:10:35.083   925   925 D CompatConfig: Adding: com.android.server.compat.config.Change@f344073
01-03 08:10:35.083   925   925 D CompatConfig: Adding: com.android.server.compat.config.Change@d4ab30
01-03 08:10:35.083   925   925 D CompatConfig: Adding: com.android.server.compat.config.Change@dd5b3a9
01-03 08:10:35.084   925   925 D CompatConfig: Adding: com.android.server.compat.config.Change@e712d2e
01-03 08:10:35.084   925   925 D CompatConfig: Adding: com.android.server.compat.config.Change@18870cf
01-03 08:10:35.084   925   925 D CompatConfig: Adding: com.android.server.compat.config.Change@8914a5c
01-03 08:10:35.084   925   925 D CompatConfig: Adding: com.android.server.compat.config.Change@9ace165
01-03 08:10:35.084   925   925 D CompatConfig: Adding: com.android.server.compat.config.Change@466ee3a
01-03 08:10:35.084   925   925 D CompatConfig: Adding: com.android.server.compat.config.Change@7454aeb
01-03 08:10:35.084   925   925 D CompatConfig: Adding: com.android.server.compat.config.Change@216b048
01-03 08:10:35.084   925   925 D CompatConfig: Adding: com.android.server.compat.config.Change@d0f2ee1
01-03 08:10:35.084   925   925 D CompatConfig: Adding: com.android.server.compat.config.Change@2c5b406
01-03 08:10:35.084   925   925 D CompatConfig: Adding: com.android.server.compat.config.Change@dabaac7
01-03 08:10:35.084   925   925 D CompatConfig: Adding: com.android.server.compat.config.Change@d0a88f4
01-03 08:10:35.084   925   925 D CompatConfig: Adding: com.android.server.compat.config.Change@3eed81d
01-03 08:10:35.084   925   925 D CompatConfig: Adding: com.android.server.compat.config.Change@5f90a92
01-03 08:10:35.084   925   925 D CompatConfig: Adding: com.android.server.compat.config.Change@b2e2c63
01-03 08:10:35.084   925   925 D CompatConfig: Adding: com.android.server.compat.config.Change@bc14060
01-03 08:10:35.084   925   925 D CompatConfig: Adding: com.android.server.compat.config.Change@d25d919
01-03 08:10:35.084   925   925 D CompatConfig: Adding: com.android.server.compat.config.Change@3993dde
01-03 08:10:35.084   925   925 D CompatConfig: Adding: com.android.server.compat.config.Change@cd2bbf
01-03 08:10:35.084   925   925 D CompatConfig: Adding: com.android.server.compat.config.Change@f6a028c
01-03 08:10:35.084   925   925 D CompatConfig: Adding: com.android.server.compat.config.Change@131edd5
01-03 08:10:35.084   925   925 D CompatConfig: Adding: com.android.server.compat.config.Change@7759ea
01-03 08:10:35.084   925   925 D CompatConfig: Adding: com.android.server.compat.config.Change@532c4db
01-03 08:10:35.084   925   925 D CompatConfig: Adding: com.android.server.compat.config.Change@afabb78
01-03 08:10:35.084   925   925 D CompatConfig: Adding: com.android.server.compat.config.Change@8b09251
01-03 08:10:35.084   925   925 D CompatConfig: Adding: com.android.server.compat.config.Change@b692ab6
01-03 08:10:35.084   925   925 D CompatConfig: Adding: com.android.server.compat.config.Change@58ed3b7
01-03 08:10:35.084   925   925 D CompatConfig: Adding: com.android.server.compat.config.Change@8dc1724
01-03 08:10:35.084   925   925 D CompatConfig: Adding: com.android.server.compat.config.Change@e9b028d
01-03 08:10:35.084   925   925 D CompatConfig: Adding: com.android.server.compat.config.Change@8d53c42
01-03 08:10:35.084   925   925 D CompatConfig: Adding: com.android.server.compat.config.Change@832f453
01-03 08:10:35.084   925   925 D CompatConfig: Adding: com.android.server.compat.config.Change@f558190
01-03 08:10:35.084   925   925 D CompatConfig: Adding: com.android.server.compat.config.Change@a423a89
01-03 08:10:35.084   925   925 D CompatConfig: Adding: com.android.server.compat.config.Change@afeda8e
01-03 08:10:35.084   925   925 D CompatConfig: Adding: com.android.server.compat.config.Change@cee82af
01-03 08:10:35.085   925   925 D CompatConfig: Adding: com.android.server.compat.config.Change@fb926bc
01-03 08:10:35.085   925   925 D CompatConfig: Adding: com.android.server.compat.config.Change@d0af645
01-03 08:10:35.085   925   925 D CompatConfig: Adding: com.android.server.compat.config.Change@312119a
01-03 08:10:35.085   925   925 D CompatConfig: Adding: com.android.server.compat.config.Change@72a9acb
01-03 08:10:35.085   925   925 D CompatConfig: Adding: com.android.server.compat.config.Change@c4ff2a8
01-03 08:10:35.085   925   925 D CompatConfig: Found a config file: /system/etc/compatconfig/icu4j-platform-compat-config.xml
01-03 08:10:35.086   925   925 D CompatConfig: Adding: com.android.server.compat.config.Change@6efad66
01-03 08:10:35.086   925   925 D CompatConfig: Found a config file: /system/etc/compatconfig/services-platform-compat-config.xml
01-03 08:10:35.089   925   959 I SystemConfig: Reading permissions from /system/etc/permissions/android.hardware.bluetooth.xml
01-03 08:10:35.089   925   925 D CompatConfig: Adding: com.android.server.compat.config.Change@c9ea8fd
01-03 08:10:35.089   925   925 D CompatConfig: Adding: com.android.server.compat.config.Change@7b939f2
01-03 08:10:35.089   925   925 D CompatConfig: Adding: com.android.server.compat.config.Change@cb19843
01-03 08:10:35.089   925   925 D CompatConfig: Adding: com.android.server.compat.config.Change@ad46ec0
01-03 08:10:35.089   925   925 D CompatConfig: Adding: com.android.server.compat.config.Change@eb1d7f9
01-03 08:10:35.089   925   925 D CompatConfig: Adding: com.android.server.compat.config.Change@51d033e
01-03 08:10:35.089   925   925 D CompatConfig: Adding: com.android.server.compat.config.Change@44b759f
01-03 08:10:35.089   925   925 D CompatConfig: Adding: com.android.server.compat.config.Change@9f1b6ec
01-03 08:10:35.089   925   925 D CompatConfig: Adding: com.android.server.compat.config.Change@82efab5
01-03 08:10:35.089   925   925 D CompatConfig: Adding: com.android.server.compat.config.Change@962154a
01-03 08:10:35.089   925   925 D CompatConfig: Adding: com.android.server.compat.config.Change@27bccbb
01-03 08:10:35.090   925   925 D CompatConfig: Adding: com.android.server.compat.config.Change@ab955d8
01-03 08:10:35.090   925   925 D CompatConfig: Adding: com.android.server.compat.config.Change@6218d31
01-03 08:10:35.090   925   925 D CompatConfig: Adding: com.android.server.compat.config.Change@a343c16
01-03 08:10:35.090   925   925 D CompatConfig: Adding: com.android.server.compat.config.Change@1907997
01-03 08:10:35.090   925   925 D CompatConfig: Adding: com.android.server.compat.config.Change@159f784
01-03 08:10:35.090   925   925 D CompatConfig: Adding: com.android.server.compat.config.Change@d0cb6d
01-03 08:10:35.090   925   925 D CompatConfig: Adding: com.android.server.compat.config.Change@a3003a2
01-03 08:10:35.090   925   925 D CompatConfig: Adding: com.android.server.compat.config.Change@8d91833
01-03 08:10:35.090   925   925 D CompatConfig: Adding: com.android.server.compat.config.Change@44107f0
01-03 08:10:35.090   925   925 D CompatConfig: Adding: com.android.server.compat.config.Change@3bbb169
01-03 08:10:35.090   925   925 D CompatConfig: Adding: com.android.server.compat.config.Change@72eb7ee
01-03 08:10:35.090   925   925 D CompatConfig: Adding: com.android.server.compat.config.Change@b03048f
01-03 08:10:35.090   925   925 D CompatConfig: Adding: com.android.server.compat.config.Change@146b31c
01-03 08:10:35.090   925   925 D CompatConfig: Adding: com.android.server.compat.config.Change@954fb25
01-03 08:10:35.090   925   925 D CompatConfig: Adding: com.android.server.compat.config.Change@15264fa
01-03 08:10:35.090   925   925 D CompatConfig: Adding: com.android.server.compat.config.Change@e355aab
01-03 08:10:35.090   925   925 D CompatConfig: Adding: com.android.server.compat.config.Change@999e508
01-03 08:10:35.090   925   925 D CompatConfig: Adding: com.android.server.compat.config.Change@67f24a1
01-03 08:10:35.090   925   925 D CompatConfig: Adding: com.android.server.compat.config.Change@6d1d6c6
01-03 08:10:35.090   925   925 D CompatConfig: Adding: com.android.server.compat.config.Change@6c49b4
01-03 08:10:35.090   925   925 D CompatConfig: Adding: com.android.server.compat.config.Change@1c869dd
01-03 08:10:35.090   925   959 I SystemConfig: Reading permissions from /system/etc/permissions/sonos_platform.xml
01-03 08:10:35.090   925   925 D CompatConfig: Adding: com.android.server.compat.config.Change@849952
01-03 08:10:35.090   925   925 D CompatConfig: Adding: com.android.server.compat.config.Change@6987423
01-03 08:10:35.090   925   925 D CompatConfig: Adding: com.android.server.compat.config.Change@85e4d20
01-03 08:10:35.090   925   925 D CompatConfig: Adding: com.android.server.compat.config.Change@266c6d9
01-03 08:10:35.090   925   925 D CompatConfig: Adding: com.android.server.compat.config.Change@b2ef89e
01-03 08:10:35.090   925   925 D CompatConfig: Adding: com.android.server.compat.config.Change@af42f7f
01-03 08:10:35.090   925   925 D CompatConfig: Adding: com.android.server.compat.config.Change@bab1b4c
01-03 08:10:35.090   925   925 D CompatConfig: Adding: com.android.server.compat.config.Change@2f3f795
01-03 08:10:35.090   925   925 D CompatConfig: Adding: com.android.server.compat.config.Change@98e00aa
01-03 08:10:35.090   925   925 D CompatConfig: Adding: com.android.server.compat.config.Change@326449b
01-03 08:10:35.090   925   925 D CompatConfig: Adding: com.android.server.compat.config.Change@b14a038
01-03 08:10:35.091   925   925 D CompatConfig: Adding: com.android.server.compat.config.Change@3e97811
01-03 08:10:35.091   925   925 D CompatConfig: Adding: com.android.server.compat.config.Change@b237d76
01-03 08:10:35.091   925   925 D CompatConfig: Adding: com.android.server.compat.config.Change@d9a8f77
01-03 08:10:35.091   925   925 D CompatConfig: Adding: com.android.server.compat.config.Change@f8f87e4
01-03 08:10:35.091   925   925 D CompatConfig: Adding: com.android.server.compat.config.Change@9dc844d
01-03 08:10:35.091   925   925 D CompatConfig: Adding: com.android.server.compat.config.Change@3c1fb02
01-03 08:10:35.091   925   925 D CompatConfig: Adding: com.android.server.compat.config.Change@99eac13
01-03 08:10:35.091   925   925 D CompatConfig: Adding: com.android.server.compat.config.Change@aaf3e50
01-03 08:10:35.091   925   925 D CompatConfig: Adding: com.android.server.compat.config.Change@37a1849
01-03 08:10:35.091   925   925 D CompatConfig: Adding: com.android.server.compat.config.Change@fd8c54e
01-03 08:10:35.091   925   925 D CompatConfig: Adding: com.android.server.compat.config.Change@3bdf66f
01-03 08:10:35.091   925   925 D CompatConfig: Adding: com.android.server.compat.config.Change@1d1ef7c
01-03 08:10:35.091   925   925 D CompatConfig: Adding: com.android.server.compat.config.Change@342f005
01-03 08:10:35.091   925   925 D CompatConfig: Adding: com.android.server.compat.config.Change@17fe85a
01-03 08:10:35.091   925   925 D CompatConfig: Adding: com.android.server.compat.config.Change@bdd8a8b
01-03 08:10:35.091   925   925 D CompatConfig: Adding: com.android.server.compat.config.Change@c8768
01-03 08:10:35.091   925   925 D CompatConfig: Adding: com.android.server.compat.config.Change@9078781
01-03 08:10:35.091   925   925 D CompatConfig: Adding: com.android.server.compat.config.Change@2443026
01-03 08:10:35.091   925   925 D CompatConfig: Adding: com.android.server.compat.config.Change@1184467
01-03 08:10:35.091   925   925 D CompatConfig: Adding: com.android.server.compat.config.Change@ad6b214
01-03 08:10:35.091   925   959 I SystemConfig: Reading permissions from /system/etc/permissions/android.hardware.bluetooth_le.xml
01-03 08:10:35.092   925   925 D CompatConfig: Found a config file: /system/etc/compatconfig/documents-ui-compat-config.xml
01-03 08:10:35.092   925   925 D CompatConfig: Adding: com.android.server.compat.config.Change@f5ac003
01-03 08:10:35.092   925   959 I SystemConfig: Reading permissions from /system/etc/permissions/com.android.media.tv.remoteprovider.xml
01-03 08:10:35.093   925   925 D CompatConfig: No directory /system/system_ext/etc/compatconfig, skipping
01-03 08:10:35.093   925   959 I SystemConfig: Reading permissions from /system/etc/permissions/tv_core_hardware.xml
01-03 08:10:35.095   925   959 I SystemConfig: Reading permissions from /system/etc/permissions/privapp_allowlist_android.ext.services.xml
01-03 08:10:35.095   925   925 D ApexManagerTiming: getActiveApexInfos_noCache
01-03 08:10:35.096   925   959 I SystemConfig: Reading permissions from /system/etc/permissions/com.android.mediadrm.signer.xml
01-03 08:10:35.097   925   959 I SystemConfig: Reading permissions from /system/etc/permissions/javax.obex.xml
01-03 08:10:35.098   925   959 I SystemConfig: Reading permissions from /system/etc/permissions/privapp_allowlist_com.android.providers.media.module.xml
01-03 08:10:35.099   925   959 I SystemConfig: Reading permissions from /system/etc/permissions/android.test.runner.xml
01-03 08:10:35.100   925   959 I SystemConfig: Reading permissions from /system/etc/permissions/android.test.base.xml
01-03 08:10:35.100   925   959 I SystemConfig: Reading permissions from /system/etc/permissions/android.test.mock.xml
01-03 08:10:35.101   925   959 I SystemConfig: Reading permissions from /system/etc/permissions/privapp_allowlist_com.android.adservices.api.xml
01-03 08:10:35.103   925   959 I SystemConfig: Reading permissions from /system/etc/permissions/com.android.future.usb.accessory.xml
01-03 08:10:35.105   925   959 I SystemConfig: Reading permissions from /system/etc/permissions/android.software.webview.xml
01-03 08:10:35.107   925   959 I SystemConfig: Reading permissions from /system/etc/permissions/tahoe_core_hardware.xml
01-03 08:10:35.108   925   959 I SystemConfig: Reading permissions from /system/etc/permissions/org.apache.http.legacy.xml
01-03 08:10:35.109   925   959 I SystemConfig: Reading permissions from /system/etc/permissions/com.android.networkstack.xml
01-03 08:10:35.111   925   959 I SystemConfig: Reading permissions from /system/etc/permissions/com.android.media.remotedisplay.xml
01-03 08:10:35.112   925   959 I SystemConfig: Reading permissions from /system/etc/permissions/com.android.location.provider.xml
01-03 08:10:35.112   925   959 I SystemConfig: Reading permissions from /system/etc/permissions/com.android.intentresolver.xml
01-03 08:10:35.114   925   959 I SystemConfig: Reading permissions from /system/etc/permissions/platform.xml
01-03 08:10:35.120   925   959 I SystemConfig: Reading permissions from /vendor/etc/permissions/android.hardware.bluetooth.xml
01-03 08:10:35.122   925   959 I SystemConfig: Reading permissions from /vendor/etc/permissions/nrdp.xml
