01-03 08:10:20.018     0     0 I         : [3 T234   ..] EXT4-fs (loop1): mounted filesystem without journal. Opts: (null). Quota mode: none.
01-03 08:10:20.018     0     0 I         : [5 T231   ..] EXT4-fs (loop0): mounted filesystem without journal. Opts: (null). Quota mode: none.
01-03 08:10:20.019     0     0 I         : [5 T232   ..] EXT4-fs (loop2): mounted filesystem without journal. Opts: (null). Quota mode: none.
01-03 08:10:20.040     0     0 W [5 T194   ..] printk: apexd: 35 output lines suppressed due to ratelimiting
01-03 08:10:20.040     0     0 I         : [5 T194   ..] apexd (194) used greatest stack depth: 11552 bytes left
01-03 08:10:20.329     0     0 W [5 T191   ..] mali_kbase: loading out-of-tree module taints kernel.
01-03 08:10:20.355     0     0 I         : [0 T10    ..] mali fe400000.bifrost: Kernel DDK version r38p1-01bet0
01-03 08:10:20.356     0     0 I         : [0 T10    ..] mali fe400000.bifrost: GPU identified as 0x2 arch 7.4.0 r1p0 status 0
01-03 08:10:20.357     0     0 I         : [0 T10    ..] mali fe400000.bifrost: No priority control manager is configured
01-03 08:10:20.357     0     0 I         : [0 T10    ..] mali fe400000.bifrost: No memory group manager is configured
01-03 08:10:20.357     0     0 I         : [0 T10    ..] mali fe400000.bifrost: Using coherency mode 0 set from dtb
01-03 08:10:20.359     0     0 I         : [6 T10    ..] mali fe400000.bifrost: Probed as mali0
01-03 08:10:20.578     0     0 W [4 T191   ..] amlogic_dnlp_alg: module license 'Copyright (C) 2015 Amlogic, Inc. All rights reserved.' taints kernel.
01-03 08:10:20.578     0     0 W         : [4 T191   ..] Disabling lock debugging due to kernel taint
01-03 08:10:20.578     0     0 W [4 T191   ..] amlogic_dnlp_alg: disagrees about version of symbol dnlp_alg_function
01-03 08:10:20.578     0     0 W         : [4 T191   ..] !!!MUST FIX!!! amlogic_dnlp_alg: ko need recompile.
01-03 08:10:20.578     0     0 W [4 T191   d.] CPU: 4 PID: 191 Comm: init Tainted: P           OE     5.15.78-android13-8-g6933e98b9f35-ab557 #1
01-03 08:10:20.578     0     0 W         : [4 T191   d.] Hardware name: Amlogic (DT)
01-03 08:10:20.578     0     0 W         : [4 T191   d.] Call trace:
01-03 08:10:20.578     0     0 W         : [4 T191   d.]  dump_backtrace.cfi_jt+0x0/0x8
01-03 08:10:20.578     0     0 W         : [4 T191   d.]  show_stack+0x1c/0x2c
01-03 08:10:20.578     0     0 W         : [4 T191   d.]  dump_stack_lvl+0x7c/0xc4
01-03 08:10:20.578     0     0 W         : [4 T191   d.]  check_version+0x108/0x114
01-03 08:10:20.578     0     0 W         : [4 T191   d.]  resolve_symbol+0xc8/0x464
01-03 08:10:20.578     0     0 W         : [4 T191   d.]  simplify_symbols+0x188/0x3bc
01-03 08:10:20.578     0     0 W         : [4 T191   d.]  load_module+0xb5c/0x1644
01-03 08:10:20.578     0     0 W         : [4 T191   d.]  __arm64_sys_finit_module+0xbc/0xfc
01-03 08:10:20.578     0     0 W         : [4 T191   d.]  invoke_syscall+0x60/0x150
01-03 08:10:20.578     0     0 W         : [4 T191   d.]  el0_svc_common.llvm.1445355289302584398+0xb8/0xf8
01-03 08:10:20.578     0     0 W         : [4 T191   d.]  do_el0_svc+0x28/0xa0
01-03 08:10:20.578     0     0 W         : [4 T191   d.]  el0_svc+0x24/0x84
01-03 08:10:20.578     0     0 W         : [4 T191   d.]  el0t_64_sync_handler+0x88/0xec
01-03 08:10:20.578     0     0 W         : [4 T191   d.]  el0t_64_sync+0x1b4/0x1b8
01-03 08:10:20.579     0     0 W         : [4 T191   ..] Kernel module BTF mismatch detected, BTF debug info may be unavailable for some modules
01-03 08:10:20.579     0     0 I [4 T191   ..] [dnlp_alg]: aml_dnlp_alg_init insmod ok. v001.07x_20220908
01-03 08:10:20.579     0     0 I [4 T191   ..] [dnlp_alg]: dnlp_alg_init: is ok
01-03 08:10:20.582     0     0 I [7 T191   ..] gdc: register_gdc_fw_funcs: register_gdc_fw_funcs, func_ptr:000000000a76d3b1 version:GDC FW Module: v2022.11.11
01-03 08:10:20.584     0     0 I [7 T191   ..] hdr10_tmo_alg: hdr10_tmo_alg_driver_init insmod ok. v1.0_2022-5-12
01-03 08:10:20.592     0     0 I [0 T0     dh] dnlp_alg_param_init: is ok
01-03 08:10:20.701     0     0 I [4 T253   ..] [wireless]: amlogic rfkill init
01-03 08:10:20.725     0     0 I         : [7 T254   ..] amlogic-pcie-v2 f5000000.pcie: host bridge /soc/pcie@f5000000 ranges:
01-03 08:10:20.725     0     0 I         : [7 T254   ..] amlogic-pcie-v2 f5000000.pcie:       IO 0x00f5600000..0x00f56fffff -> 0x0000000000
01-03 08:10:20.725     0     0 I         : [7 T254   ..] amlogic-pcie-v2 f5000000.pcie:      MEM 0x00f5700000..0x00f6ffffff -> 0x00f5700000
01-03 08:10:20.725     0     0 I         : [7 T254   ..] amlogic-pcie-v2 f5000000.pcie: GPIO normal: assert reset
01-03 08:10:20.742     0     0 I         : [7 T254   ..] amlogic-pcie-v2 f5000000.pcie: iATU unroll: enabled
01-03 08:10:20.742     0     0 I         : [7 T254   ..] amlogic-pcie-v2 f5000000.pcie: Detected iATU regions: 4 outbound, 4 inbound
01-03 08:10:20.897     0     0 I         : [5 T69    ..] lcd vlock_en=1, vlock_mode=0x8 i=101
01-03 08:10:20.930     0     0 I         : [0 T254   ..] amlogic-pcie-v2 f5000000.pcie: Link up
01-03 08:10:20.930     0     0 I         : [0 T254   ..] amlogic-pcie-v2 f5000000.pcie: PCI host bridge to bus 0000:00
01-03 08:10:20.930     0     0 I         : [0 T254   ..] pci_bus 0000:00: root bus resource [bus 00-ff]
01-03 08:10:20.930     0     0 I         : [0 T254   ..] pci_bus 0000:00: root bus resource [io  0x0000-0xfffff]
01-03 08:10:20.930     0     0 I         : [0 T254   ..] pci_bus 0000:00: root bus resource [mem 0xf5700000-0xf6ffffff]
01-03 08:10:20.930     0     0 I         : [0 T254   ..] pci 0000:00:00.0: [16c3:abcd] type 01 class 0x060400
01-03 08:10:20.930     0     0 I         : [0 T254   ..] pci 0000:00:00.0: reg 0x38: [mem 0x00000000-0x0000ffff pref]
01-03 08:10:20.930     0     0 I         : [0 T254   ..] pci 0000:00:00.0: supports D1
01-03 08:10:20.930     0     0 I         : [0 T254   ..] pci 0000:00:00.0: PME# supported from D0 D1 D3hot D3cold
01-03 08:10:20.933     0     0 I         : [0 T254   ..] pci 0000:01:00.0: [17cb:1107] type 00 class 0x028000
01-03 08:10:20.933     0     0 I         : [0 T254   ..] pci 0000:01:00.0: reg 0x10: [mem 0x00000000-0x001fffff 64bit]
01-03 08:10:20.933     0     0 I         : [0 T254   ..] pci 0000:01:00.0: Upstream bridge's Max Payload Size set to 128 (was 256, max 256)
01-03 08:10:20.933     0     0 I         : [0 T254   ..] pci 0000:01:00.0: Max Payload Size set to 128 (was 128, max 128)
01-03 08:10:20.933     0     0 I         : [0 T254   ..] pci 0000:01:00.0: PME# supported from D0 D3hot D3cold
01-03 08:10:20.933     0     0 I         : [0 T254   ..] pci 0000:01:00.0: 4.000 Gb/s available PCIe bandwidth, limited by 5.0 GT/s PCIe x1 link at 0000:00:00.0 (capable of 15.752 Gb/s with 8.0 GT/s PCIe x2 link)
01-03 08:10:20.948     0     0 I         : [0 T254   ..] pci 0000:00:00.0: BAR 14: assigned [mem 0xf5800000-0xf59fffff]
01-03 08:10:20.948     0     0 I         : [0 T254   ..] pci 0000:00:00.0: BAR 6: assigned [mem 0xf5700000-0xf570ffff pref]
01-03 08:10:20.948     0     0 I         : [0 T254   ..] pci 0000:01:00.0: BAR 0: assigned [mem 0xf5800000-0xf59fffff 64bit]
01-03 08:10:20.948     0     0 I         : [0 T254   ..] pci 0000:00:00.0: PCI bridge to [bus 01-ff]
01-03 08:10:20.948     0     0 I         : [0 T254   ..] pci 0000:00:00.0:   bridge window [mem 0xf5800000-0xf59fffff]
01-03 08:10:20.948     0     0 I [0 T254   ..] OF: /soc/pcie@f5000000: no iommu-map translation for id 0x0 on (null)
01-03 08:10:20.948     0     0 I         : [0 T254   ..] pcieport 0000:00:00.0: PME: Signaling with IRQ 97
01-03 08:10:20.949     0     0 I         : [0 T254   ..] pcieport 0000:00:00.0: AER: enabled with IRQ 97
01-03 08:10:20.949     0     0 I         : [0 T254   ..] amlogic-pcie-v2 f5000000.pcie: Link up, GEN2,link width is x1
01-03 08:10:20.950     0     0 I         : [0 T254   ..] insmod (254) used greatest stack depth: 10736 bytes left
01-03 08:10:21.025     0     0 I [7 T258   ..] ntfs3: Max link count 4000
01-03 08:10:21.073     0     0 I [6 T260   ..] zram: Added device: zram0
01-03 08:10:21.280     0     0 I         : [6 T268   ..] meson8b-dwmac fdc00000.ethernet: IRQ eth_wake_irq not found
01-03 08:10:21.280     0     0 I         : [6 T268   ..] meson8b-dwmac fdc00000.ethernet: IRQ eth_lpi not found
01-03 08:10:21.280     0     0 I         : [6 T268   ..] meson8b-dwmac fdc00000.ethernet: PTP uses main clock
01-03 08:10:21.282     0     0 I         : [6 T268   ..] meson8b-dwmac fdc00000.ethernet: User ID: 0x12, Synopsys ID: 0x51
01-03 08:10:21.282     0     0 I         : [6 T268   ..] meson8b-dwmac fdc00000.ethernet: 	DWMAC4/5
01-03 08:10:21.282     0     0 I         : [6 T268   ..] meson8b-dwmac fdc00000.ethernet: DMA HW capability register supported
01-03 08:10:21.282     0     0 I         : [6 T268   ..] meson8b-dwmac fdc00000.ethernet: RX Checksum Offload Engine supported
01-03 08:10:21.282     0     0 I         : [6 T268   ..] meson8b-dwmac fdc00000.ethernet: TX Checksum insertion supported
01-03 08:10:21.282     0     0 I         : [6 T268   ..] meson8b-dwmac fdc00000.ethernet: Wake-Up On Lan supported
01-03 08:10:21.282     0     0 I         : [6 T268   ..] meson8b-dwmac fdc00000.ethernet: Enable RX Mitigation via HW Watchdog Timer
01-03 08:10:21.282     0     0 I         : [6 T268   ..] meson8b-dwmac fdc00000.ethernet: device MAC address 02:ad:36:01:f7:10
01-03 08:10:21.282     0     0 I         : [6 T268   ..] meson8b-dwmac fdc00000.ethernet: Enabled RFS Flow TC (entries=8)
01-03 08:10:21.282     0     0 I         : [6 T268   ..] meson8b-dwmac fdc00000.ethernet: Using 32 bits DMA width
01-03 08:10:21.286     0     0 I         : [5 T268   ..] aml_cust_setting
01-03 08:10:21.287     0     0 I [5 T268   ..] input: input_ethrcu as /devices/platform/soc/fdc00000.ethernet/input/input3
01-03 08:10:21.289     0     0 E         : [5 T8     ..] mdio_bus 0.0: ethernet-phy@0 has invalid PHY address
01-03 08:10:21.289     0     0 I         : [5 T8     ..] mdio_bus 0.0: scan phy ethernet-phy at address 0
01-03 08:10:21.289     0     0 I         : [5 T8     ..] mdio_bus 0.0: scan phy ethernet-phy at address 1
01-03 08:10:21.290     0     0 I         : [5 T8     ..] mdio_bus 0.0: scan phy ethernet-phy at address 2
01-03 08:10:21.290     0     0 I         : [5 T8     ..] mdio_bus 0.0: scan phy ethernet-phy at address 3
01-03 08:10:21.290     0     0 I         : [5 T8     ..] mdio_bus 0.0: scan phy ethernet-phy at address 4
01-03 08:10:21.291     0     0 I         : [5 T8     ..] mdio_bus 0.0: scan phy ethernet-phy at address 5
01-03 08:10:21.291     0     0 I         : [5 T8     ..] mdio_bus 0.0: scan phy ethernet-phy at address 6
01-03 08:10:21.291     0     0 I         : [5 T8     ..] mdio_bus 0.0: scan phy ethernet-phy at address 7
01-03 08:10:21.292     0     0 I         : [5 T8     ..] Airoha AN8801R 0.0:07: PHY-ID = c0ff0421
01-03 08:10:21.292     0     0 I [5 T8     ..] [mdio-g12a]: tx_amp_addr fe010330
01-03 08:10:21.292     0     0 I [5 T8     ..] [mdio-g12a]: txamp 0x33
01-03 08:10:21.292     0     0 I [5 T8     ..] [mdio-g12a]: use default st_mode
01-03 08:10:21.335     0     0 I [2 T271   ..] i2c_dev: i2c /dev entries driver
01-03 08:10:21.437     0     0 W         : [4 T275   ..] aml dvb init
01-03 08:10:21.464     0     0 E [7 T276   ..] [dvb-ci]: aml_ci: Amlogic CI mode init
01-03 08:10:21.503     0     0 I         : [6 T277   ..] meson-vrtc fe010288.rtc: registered as rtc0
01-03 08:10:21.504     0     0 I         : [6 T277   ..] meson-vrtc fe010288.rtc: setting system clock to 2025-01-03T08:10:21 UTC (1735891821)
01-03 08:10:21.590     0     0 I [7 T280   ..] optee: probing for conduit method.
01-03 08:10:21.590     0     0 I [7 T280   ..] optee: revision 3.8 (9eacf4f3)
01-03 08:10:21.591     0     0 I [7 T280   ..] optee: dynamic shared memory is enabled
01-03 08:10:21.591     0     0 I [7 T280   ..] optee: initialized driver
01-03 08:10:21.640     0     0 I         : [7 T284   ..] hifi4dsp fe340018.hifi4dsp: assigned reserved memory node linux,dsp_fw
01-03 08:10:21.642     0     0 I [7 T284   ..] [hifidsp]: of read shmem phys = [0x40820000 0x80000]
01-03 08:10:21.642     0     0 I [7 T284   ..] [hifidsp]: sharemem map phys:0x40820000-->virt:0xffffffc00d574000
01-03 08:10:21.642     0     0 I [7 T284   ..] [hifidsp]: register dsp-0 start
01-03 08:10:21.643     0     0 I [3 T284   ..] [hifidsp]: register dsp-0 done
01-03 08:10:21.643     0     0 I [3 T284   ..] [hifidsp]: register dsp-1 start
01-03 08:10:21.643     0     0 I [5 T284   ..] [hifidsp]: register dsp-1 done
01-03 08:10:21.643     0     0 I [5 T284   ..] [hifidsp]: hifi4dsp_platform_probe done
01-03 08:10:21.645     0     0 I         : [5 T284   ..] insmod (284) used greatest stack depth: 10368 bytes left
01-03 08:10:21.785     0     0 I         : [7 T290   ..] Registered hwevent_queue driver
01-03 08:10:21.807     0     0 I         : [4 T292   ..] Registered LED control at 478.
01-03 08:10:21.831     0     0 I         : [4 T294   ..] Found IS31FL3195 at i2c address 54
01-03 08:10:21.861     0     0 I         : [4 T295   ..] Initing gpio ir driver.
01-03 08:10:21.861     0     0 I [4 T295   ..] gpio_ir_receiver: [gpio_ir_receiver_init]
01-03 08:10:21.861     0     0 I [4 T295   ..] gpio_ir_receiver: [rc_dev_init]
01-03 08:10:21.862     0     0 I         : [4 T295   ..] Registered IR keymap rc-empty
01-03 08:10:21.862     0     0 I         : [4 T295   ..] rc rc0: CAAVO_GPIO_RX as /devices/virtual/rc/rc0
01-03 08:10:21.862     0     0 I         : [1 T295   ..] rc rc0: lirc_dev: driver CAAVO_GPIO_RX registered at minor = 0, raw IR receiver, no transmitter
01-03 08:10:21.862     0     0 I [1 T295   ..] input: CAAVO_GPIO_RX as /devices/virtual/rc/rc0/input4
01-03 08:10:21.862     0     0 I [5 T295   ..] gpio_ir_receiver: gpio_to_irq irq_pin is 100
01-03 08:10:21.862     0     0 I [5 T295   ..] gpio_ir_receiver: Init completed for version 1.0.8
01-03 08:10:22.451     0     0 I         : [0 T297   ..] apple_auth 3-0010: Write retries exceeded
01-03 08:10:22.451     0     0 I         : [0 T297   ..] Apple Auth chip was NOT found on i2c bus at addr:0x10 !
01-03 08:10:22.451     0     0 E         : [0 T297   ..] Registered Apple Authentication Chip driver with major number: 477
01-03 08:10:22.480     0     0 I         : [1 T298   ..] psmon psmon: initiallized in ADC mode
01-03 08:10:22.481     0     0 I         : [2 T298   ..] psmon psmon: started power supply brownout monitor.
01-03 08:10:22.482     0     0 I         : [4 T299   ..] psmon brownout detection thread started, shutdown limit 10000 mV.
01-03 08:10:22.558     0     0 I [6 T301   ..] [snd-soc]: regmap_resource, hdmirx-arc, start:0xfe39c000, size:0x10c
01-03 08:10:22.578     0     0 I         : [1 T301   ..] audio-ddr-manager fe330000.audiobus:ddr_manager: 0, irqs frddr 36
01-03 08:10:22.578     0     0 I         : [1 T301   ..] audio-ddr-manager fe330000.audiobus:ddr_manager: 1, irqs frddr 37
01-03 08:10:22.578     0     0 I         : [1 T301   ..] audio-ddr-manager fe330000.audiobus:ddr_manager: 2, irqs frddr 38
01-03 08:10:22.578     0     0 I         : [1 T301   ..] audio-ddr-manager fe330000.audiobus:ddr_manager: 3, irqs frddr 39
01-03 08:10:22.579     0     0 I [1 T301   ..] [snd-soc]: regmap_resource, tx_cmdc, start:0xfe333000, size:0x400
01-03 08:10:22.579     0     0 I [1 T301   ..] [snd-soc]: regmap_resource, tx_dmac, start:0xfe333400, size:0x200
01-03 08:10:22.579     0     0 I [1 T301   ..] [snd-soc]: regmap_resource, tx_top, start:0xfe333600, size:0x200
01-03 08:10:22.580     0     0 I [1 T301   ..] [snd-soc]: regmap_resource, rx_cmdc, start:0xfe333800, size:0x400
01-03 08:10:22.580     0     0 I [1 T301   ..] [snd-soc]: regmap_resource, rx_dmac, start:0xfe333c00, size:0x200
01-03 08:10:22.580     0     0 I [1 T301   ..] [snd-soc]: regmap_resource, rx_top, start:0xfe333e00, size:0x200
01-03 08:10:22.580     0     0 E         : [1 T301   ..] EARC fe333000.earc: Can't retrieve suspend-clk-off
01-03 08:10:22.580     0     0 I         : [1 T301   ..] EARC fe333000.earc: earc_platform_probe, irq_earc_rx:44
01-03 08:10:22.580     0     0 I         : [1 T301   ..] EARC fe333000.earc: earc_platform_probe, irq_earc_tx:45
01-03 08:10:22.581     0     0 I         : [0 T302   ..] EARC fe333000.earc: EARCRX_CMDC_TIMEOUT
01-03 08:10:22.581     0     0 I         : [0 T302   ..] EARC fe333000.earc: EARCRX_CMDC_IDLE2
01-03 08:10:22.581     0     0 I         : [0 T302   ..] EARC fe333000.earc: EARCRX_CMDC_IDLE1
01-03 08:10:22.581     0     0 I         : [0 T302   ..] EARC fe333000.earc: EARCRX_CMDC_DISC2
01-03 08:10:22.581     0     0 I         : [0 T302   ..] EARC fe333000.earc: EARCRX_CMDC_DISC1
01-03 08:10:22.581     0     0 I         : [0 T302   ..] EARC fe333000.earc: EARCRX_CMDC_LOSTHB
01-03 08:10:22.581     0     0 I         : [1 T301   ..] EARC fe333000.earc: HDMITX cable is plugin
01-03 08:10:22.581     0     0 I         : [0 T303   ..] EARC fe333000.earc: EARCTX_CMDC_IDLE1
01-03 08:10:22.581     0     0 E         : [1 T301   ..] EARC fe333000.earc: registered eARC platform
01-03 08:10:22.582     0     0 I [1 T301   ..] [snd-soc]: effect_platform_probe 	 module:1, lane_mask:1, ch_mask:255
01-03 08:10:22.583     0     0 I [1 T301   ..] [snd-soc]: extn_platform_probe, register soc platform
01-03 08:10:22.585     0     0 I [1 T301   ..] [snd-soc]: resample_platform_probe
01-03 08:10:22.585     0     0 E         : [1 T301   ..] audioresample fe330000.audiobus:resample@0: Can't retrieve suspend-clk-off
01-03 08:10:22.585     0     0 I [1 T301   ..] [snd-soc]: new_resample_init: Start init new resample A parameters!
01-03 08:10:22.585     0     0 E         : [1 T301   ..] Codec io: No support bus type 2 to write.
01-03 08:10:22.586     0     0 E         : [1 T301   ..] Codec io: write cbus reg 45 error -1
01-03 08:10:22.588     0     0 I [1 T301   ..] [snd-soc]: resample_clk_set:set hifi pll
01-03 08:10:22.588     0     0 I [1 T301   ..] [snd-soc]: resample_clk_set, resample_pll:983999940, sclk:12300000, clk:12300000
01-03 08:10:22.588     0     0 I [1 T301   ..] [snd-soc]: new_resample_set_ratio(), id = 0, phase_step = 0x10000000, input_sr = 48000, output_sr = 48000
01-03 08:10:22.588     0     0 I [1 T301   ..] [snd-soc]: resample id = 0, new resample = 2, resample_module = 8
01-03 08:10:22.589     0     0 I [1 T301   ..] [snd-soc]: resample_platform_probe
01-03 08:10:22.589     0     0 E         : [1 T301   ..] audioresample fe330000.audiobus:resample@1: Can't retrieve suspend-clk-off
01-03 08:10:22.589     0     0 I [1 T301   ..] [snd-soc]: new_resample_init: Start init new resample B parameters!
01-03 08:10:22.589     0     0 E         : [1 T301   ..] Codec io: No support bus type 2 to write.
01-03 08:10:22.590     0     0 E         : [1 T301   ..] Codec io: write cbus reg 45 error -1
01-03 08:10:22.590     0     0 I [1 T301   ..] [snd-soc]: resample_clk_set, resample_pll:491517535, sclk:12287939, clk:12287939
01-03 08:10:22.590     0     0 I [1 T301   ..] [snd-soc]: new_resample_set_ratio(), id = 1, phase_step = 0x30000000, input_sr = 48000, output_sr = 16000
01-03 08:10:22.592     0     0 I [1 T301   ..] [snd-soc]: resample id = 1, new resample = 2, resample_module = 7
01-03 08:10:22.592     0     0 E         : [1 T301   ..] snd_spdif fe330000.audiobus:spdif@0: Can't retrieve suspend-clk-off
01-03 08:10:22.593     0     0 W         : [1 T301   ..] snd_spdif fe330000.audiobus:spdif@0: no clk_src_cd clock for 44k case
01-03 08:10:22.593     0     0 E         : [1 T301   ..] snd_spdif fe330000.audiobus:spdif@1: Can't retrieve suspend-clk-off
01-03 08:10:22.594     0     0 W         : [1 T301   ..] snd_spdif fe330000.audiobus:spdif@1: no clk_src_cd clock for 44k case
01-03 08:10:22.596     0     0 I [1 T301   ..] [snd-soc]: aml_tdm_platform_probe, tdm ID = 0, lane_cnt = 4
01-03 08:10:22.596     0     0 E         : [1 T301   ..] snd_tdm fe330000.audiobus:tdm@0: Can't retrieve suspend-clk-off
01-03 08:10:22.596     0     0 W         : [1 T301   ..] snd_tdm fe330000.audiobus:tdm@0: no clk_src_cd clock for 44k case
01-03 08:10:22.596     0     0 I [1 T301   ..] [snd-soc]: aml_tdm_platform_probe, tdm ID = 1, lane_cnt = 4
01-03 08:10:22.596     0     0 E         : [1 T301   ..] snd_tdm fe330000.audiobus:tdm@1: Can't retrieve suspend-clk-off
01-03 08:10:22.597     0     0 I [1 T301   ..] [snd-soc]: TDM id 1 supports hdmirx
01-03 08:10:22.597     0     0 W         : [1 T301   ..] snd_tdm fe330000.audiobus:tdm@1: no clk_src_cd clock for 44k case
01-03 08:10:22.597     0     0 I [1 T301   ..] [snd-soc]: aml_tdm_get_pins error!
01-03 08:10:22.597     0     0 I [1 T301   ..] [snd-soc]: TDM id 1 output clk enable:1
01-03 08:10:22.597     0     0 I [1 T301   ..] [snd-soc]: TDM id 1 tuning clk enable:1
01-03 08:10:22.597     0     0 I [1 T301   ..] [snd-soc]: aml_tdm_platform_probe, tdm ID = 2, lane_cnt = 4
01-03 08:10:22.597     0     0 E         : [1 T301   ..] snd_tdm fe330000.audiobus:tdm@2: Can't retrieve suspend-clk-off
01-03 08:10:22.598     0     0 I [1 T301   ..] [snd-soc]: TDM id 2 supports hdmirx
01-03 08:10:22.598     0     0 I [1 T301   ..] [snd-soc]: TDM id 2 i2s2hdmi:1
01-03 08:10:22.598     0     0 W         : [1 T301   ..] snd_tdm fe330000.audiobus:tdm@2: no clk_src_cd clock for 44k case
01-03 08:10:22.598     0     0 I [1 T301   ..] [snd-soc]: aml_tdm_get_pins error!
01-03 08:10:22.598     0     0 I [1 T301   ..] [snd-soc]: aml_tdm_platform_probe, tdm ID = 3, lane_cnt = 4
01-03 08:10:22.598     0     0 E         : [1 T301   ..] snd_tdm fe330000.audiobus:tdm@3: Can't retrieve suspend-clk-off
01-03 08:10:22.599     0     0 W         : [1 T301   ..] snd_tdm fe330000.audiobus:tdm@3: no clk_src_cd clock for 44k case
01-03 08:10:22.599     0     0 E         : [1 T301   ..] meson-t7-pinctrl fe000000.apb4:pinctrl@4000: pin GPIOM_4 already requested by fe330000.audiobus:pdm; cannot claim for fe330000.audiobus:tdm@3
01-03 08:10:22.601     0     0 E         : [1 T301   ..] meson-t7-pinctrl fe000000.apb4:pinctrl@4000: pin-119 (fe330000.audiobus:tdm@3) status -22
01-03 08:10:22.602     0     0 E         : [1 T301   ..] meson-t7-pinctrl fe000000.apb4:pinctrl@4000: could not request pin 119 (GPIOM_4) from group tdm_sclk3  on device pinctrl-meson
01-03 08:10:22.604     0     0 E         : [1 T301   ..] snd_tdm fe330000.audiobus:tdm@3: Error applying setting, reverse things back
01-03 08:10:22.605     0     0 I [1 T301   ..] [snd-soc]: aml_tdm_get_pins error!
01-03 08:10:22.605     0     0 I [1 T301   ..] [snd-soc]: TDM id 3 output clk enable:1
01-03 08:10:22.605     0     0 I [1 T301   ..] [snd-soc]: TDM id 3 tuning clk enable:1
01-03 08:10:22.607     0     0 I [1 T301   ..] input: vad_keypad as /devices/platform/soc/fe330000.audiobus/fe330000.audiobus:vad/input/input5
01-03 08:10:22.608     0     0 E         : [1 T301   ..] asoc-aml-card auge_sound: aml_card_dai_link_of, error dai-link idx:1, error getting codec dai, ret -517
01-03 08:10:22.609     0     0 E         : [1 T301   ..] asoc-aml-card auge_sound: parse dai_link-1 fail
01-03 08:10:22.610     0     0 E         : [1 T301   ..] asoc-aml-card auge_sound: aml_card_probe, aml_card_parse_of error -517 PROBE RETRY
01-03 08:10:22.611     0     0 E [1 T301   ..] [snd-soc]: aml_card_probe error ret:-517
01-03 08:10:22.612     0     0 I [1 T301   ..] [snd-soc]: [dsp]register dsp to char device(272)
01-03 08:10:22.614     0     0 E         : [2 T8     ..] asoc-aml-card auge_sound: aml_card_dai_link_of, error dai-link idx:1, error getting codec dai, ret -517
01-03 08:10:22.615     0     0 E         : [2 T8     ..] asoc-aml-card auge_sound: parse dai_link-1 fail
01-03 08:10:22.616     0     0 E         : [2 T8     ..] asoc-aml-card auge_sound: aml_card_probe, aml_card_parse_of error -517 PROBE RETRY
01-03 08:10:22.617     0     0 E [2 T8     ..] [snd-soc]: aml_card_probe error ret:-517
01-03 08:10:22.618     0     0 E         : [2 T8     ..] asoc-aml-card auge_sound: aml_card_dai_link_of, error dai-link idx:1, error getting codec dai, ret -517
01-03 08:10:22.619     0     0 E         : [2 T8     ..] asoc-aml-card auge_sound: parse dai_link-1 fail
01-03 08:10:22.620     0     0 E         : [2 T8     ..] asoc-aml-card auge_sound: aml_card_probe, aml_card_parse_of error -517 PROBE RETRY
01-03 08:10:22.621     0     0 E [2 T8     ..] [snd-soc]: aml_card_probe error ret:-517
01-03 08:10:22.647     0     0 I         : [5 T304   ..] tl1_acodec fe01a000.codec: aml_tl1_acodec_probe
01-03 08:10:22.647     0     0 I         : [5 T304   ..] tl1_acodec fe01a000.codec: Can't retrieve acodec clock
01-03 08:10:22.647     0     0 I [5 T304   ..] [snd-codec-tl1]: aml_tl1_acodec tdmout_index=1
01-03 08:10:22.647     0     0 I [5 T304   ..] [snd-codec-tl1]: aml_tl1_acodec dat1_ch_sel=0
01-03 08:10:22.647     0     0 I [5 T304   ..] [snd-codec-tl1]: aml_tl1_acodec tdmin_index=1
01-03 08:10:22.647     0     0 I [5 T304   ..] [snd-codec-tl1]: aml_tl1_acodec_probe over
01-03 08:10:22.649     0     0 I [7 T71    ..] [snd-codec-tl1]: tl1_acodec_release_fast_mode_work_func
01-03 08:10:22.649     0     0 I [7 T71    ..] [snd-codec-tl1]: tl1_acodec_set_toacodec, is_bclk_cap_inv true
01-03 08:10:22.649     0     0 I [7 T71    ..] [snd-codec-tl1]: tl1_acodec_set_toacodec, is_bclk_o_inv false
01-03 08:10:22.649     0     0 I [7 T71    ..] [snd-codec-tl1]: tl1_acodec_set_toacodec, is_lrclk_inv false
01-03 08:10:22.649     0     0 I [7 T71    ..] [snd-codec-tl1]: tl1_acodec_set_toacodec read EE_AUDIO_TOACODEC_CTRL0=0xe0091211
01-03 08:10:22.649     0     0 I [7 T71    ..] [snd-codec-tl1]: call standard reset interface
01-03 08:10:22.650     0     0 I [7 T8     ..] [snd-codec-tl1]: tl1_acodec_probe
01-03 08:10:22.652     0     0 I [7 T8     ..] [snd-soc]: asoc debug: extn_dai_probe-480
01-03 08:10:22.652     0     0 I [7 T8     ..] [snd-soc]: hdmirx_arc_write_reg reg 0x42, value 0x0
01-03 08:10:22.652     0     0 D [7 T8     ..] [snd-soc]: resample_set resample_a to Enable:48K, last Disable
01-03 08:10:22.652     0     0 I [7 T8     ..] [snd-soc]: new_resample_set_ratio(), id = 0, phase_step = 0x10000000, input_sr = 48000, output_sr = 48000
01-03 08:10:22.652     0     0 E         : [7 T8     ..] asoc-aml-card auge_sound: control 2:0:0:TDM MCLK Fine Setting:0 is already present
01-03 08:10:22.652     0     0 E         : [7 T8     ..] snd_tdm fe330000.audiobus:tdm@3: ASoC: Failed to add TDM MCLK Fine Setting: -16
01-03 08:10:22.653     0     0 E [7 T8     ..] [snd-soc]: aml_dai_tdm_probe, failed add snd tdm clk controls
01-03 08:10:22.655     0     0 I [7 T8     ..] [snd-soc]: aml_set_spdifclk_1: spdif_id 0, freq = 6144000
01-03 08:10:22.655     0     0 D [7 T8     ..] [snd-soc]: spdifout_play_with_zerodata_free, spdif id:0
01-03 08:10:22.655     0     0 D [7 T8     ..] [snd-soc]: spdifout_play_with_zerodata_free, spdif id:1
01-03 08:10:22.655     0     0 I [7 T8     ..] [snd-soc]:  
01-03 08:10:22.655     0     0 I         : [7 T8     ..] loopback_dai_set_sysclk, 0, 12288000, 0
01-03 08:10:22.655     0     0 I [7 T8     ..] [snd-soc]: asoc loopback_dai_set_fmt, 0x4010, 0000000078f65d38
01-03 08:10:22.658     0     0 I [7 T8     ..] [snd-soc]: snd_card_add_kcontrols card:000000004126a757
01-03 08:10:22.659     0     0 W [7 T8     ..] [snd-soc]: no node audio_effect for eq/drc info!
01-03 08:10:22.739     0     0 I [3 T307   ..] cfg80211: Loading compiled-in X.509 certificates for regulatory database
01-03 08:10:22.740     0     0 I [3 T307   ..] cfg80211: Loaded X.509 cert 'sforshee: 00b28ddf47aef9cea7'
01-03 08:10:22.857     0     0 I [7 T71    ..] [snd-codec-tl1]: call standard reset interface
01-03 08:10:22.858     0     0 I [6 T313   ..] sonos_sec_soc: CPUID: 360c010600000000131b50842d409990
01-03 08:10:22.881     0     0 I [7 T314   ..] caamkeys_init: module inserted for major 475
01-03 08:10:23.049     0     0 I         : [4 T1     ..] Registered swp emulation handler
01-03 08:10:23.116     0     0 I [3 T191   ..] [mmc]: emmc_key_read:552, read ok
01-03 08:10:23.116     0     0 I [3 T191   ..] [efuse-unifykey]: mark is not found
01-03 08:10:23.130     0     0 I [5 T191   ..] [dovi_t7_5_15_stb26]: *** amlogic_dolby_vision_init dv: t7 ***
01-03 08:10:23.130     0     0 I         : [5 T191   ..] *** register_dv_multi_stb_functions.***
01-03 08:10:23.131     0     0 I [5 T191   ..] [dovi_t7_5_15_stb26]: Creating DV mp success
01-03 08:10:23.131     0     0 I [5 T191   ..] [dovi_t7_5_15_stb26]: Creating DV mp success
01-03 08:10:23.131     0     0 I         : [5 T191   ..] enable DV HLG when stb v2.6. policy 41
01-03 08:10:23.131     0     0 I         : [5 T191   ..] efuse_mode=0 reg_value = 0x45
01-03 08:10:23.131     0     0 I         : [5 T191   ..] dv capability 7
01-03 08:10:23.135     0     0 I [0 T191   ..] init: wait for '/odm/lib/ms12' took 0ms
01-03 08:10:23.139     0     0 I [2 T315   ..] logd.auditd: start
01-03 08:10:23.151     0     0 I [3 T315   ..] logd: Loaded bug_map file: /system_ext/etc/selinux/bug_map
01-03 08:10:23.151     0     0 I [3 T315   ..] logd: Loaded bug_map file: /vendor/etc/selinux/selinux_denial_metadata
01-03 08:10:23.152     0     0 I [3 T315   ..] logd: Loaded bug_map file: /system/etc/selinux/bug_map
01-03 08:10:23.185     0     0 I [7 T62    ..] [snd-soc]: av out status: high
01-03 08:10:23.203     0     0 E [4 T328   ..] [secmon]: DBG=======> dolby_fw_ioctl 438 cmd:0x10 arg3=0
01-03 08:10:23.204     0     0 E [4 T328   ..] [secmon]: DBG=======> dolby_fw_ioctl 438 cmd:0x20 arg3=0
01-03 08:10:23.422     0     0 E [0 T328   ..] [secmon]: DBG=======> dolby_fw_ioctl 438 cmd:0x30 arg3=0
01-03 08:10:23.458     0     0 E [0 T328   ..] [secmon]: DBG=======> dolby_fw_verify 231 DOLBY_FW_VERIFY_CRITICAL arg2=768 arg3=0
01-03 08:10:23.472     0     0 I [7 T191   ..] init: wait for '/dev/dolby_fw' took 0ms
01-03 08:10:23.537     0     0 E [5 T191   ..] [media_clock]: of_address_to_resource failed
01-03 08:10:23.544     0     0 W         : [5 T191   ..] firmware_codec firmware_vdec: Direct firmware load for video/h264_enc.bin failed with error -2
01-03 08:10:23.544     0     0 I [5 T191   ..] [firmware]: Error : -2 can't load the video/h264_enc.bin.
01-03 08:10:23.544     0     0 I [5 T191   ..] [firmware]: get data from fsys fail.
01-03 08:10:23.544     0     0 I [5 T191   ..] [firmware]: invalid file type.
01-03 08:10:23.571     0     0 E         : [6 T191   ..] vdec vdec: Get pwrc-vdec-2 failed, pm-domain: 0
01-03 08:10:23.571     0     0 E         : [6 T191   ..] vdec vdec: Get pwrc-hevc-b failed, pm-domain: 0
01-03 08:10:23.584     0     0 E         : [1 T191   ..] Amlogic A/V streaming port init
01-03 08:10:23.586     0     0 I [1 T191   ..] [media_clock]: get gate demux control failed 0000000000000000
01-03 08:10:23.586     0     0 I [1 T191   ..] [media_clock]: get gate parser_top control failed 0000000000000000
01-03 08:10:23.586     0     0 I [1 T191   ..] [media_clock]: get gate clk_81 control failed 0000000000000000
01-03 08:10:23.586     0     0 I [1 T191   ..] [media_clock]: get gate clk_hevc_mux control failed 0000000000000000
01-03 08:10:23.586     0     0 I [1 T191   ..] [media_clock]: get gate ahbarb0 control failed 0000000000000000
01-03 08:10:23.586     0     0 I [1 T191   ..] [media_clock]: get gate asyncfifo control failed 0000000000000000
01-03 08:10:23.586     0     0 I [1 T191   ..] [media_clock]: set_clock_gate get hevc_mux_str
01-03 08:10:23.586     0     0 I [1 T191   ..] [media_clock]: set_clock_gate get hevcb mux
01-03 08:10:23.586     0     0 I [1 T191   ..] [media_clock]: set_clock_gate get hcodec mux
01-03 08:10:23.586     0     0 I [1 T191   ..] [media_clock]: set_clock_gate get vdec mux
01-03 08:10:23.620     0     0 I [0 T1     ..] tune2fs: tune2fs 1.46.2 (28-Feb-2021)
01-03 08:10:23.624     0     0 I [7 T1     ..] tune2fs: Cannot enable project quota; inode size too small.
01-03 08:10:23.625     0     0 I [7 T1     ..] tune2fs: tune2fs terminated by exit(1)
01-03 08:10:23.625     0     0 I         : [7 T1     ..]
--------- beginning of system
01-03 08:10:23.624   334   334 I vold    : Vold 3.0 (the awakening) firing up
01-03 08:10:23.624   334   334 D vold    : Detected support for: ext4 f2fs vfat exfat
01-03 08:10:23.625     0     0 W         : [7 T1     ..] EXT4-fs (mmcblk0p15): Ignoring removed nomblk_io_submit option
01-03 08:10:23.629     0     0 I         : [5 T1     ..] EXT4-fs (mmcblk0p15): mounted filesystem with ordered data mode. Opts: errors=remount-ro,nomblk_io_submit. Quota mode: none.
01-03 08:10:23.629     0     0 W         : [5 T1     ..] ext4 filesystem being mounted at /mnt/vendor/param supports timestamps until 2038 (0x7fffffff)
01-03 08:10:23.635   334   334 D vold    : VoldNativeService::start() completed OK
01-03 08:10:23.648     0     0 I [5 T1     ..] e2fsck: e2fsck 1.46.2 (28-Feb-2021)
01-03 08:10:23.651     0     0 I [5 T1     ..] e2fsck: Pass 1: Checking inodes, blocks, and sizes
01-03 08:10:23.652     0     0 I [5 T1     ..] e2fsck: Pass 2: Checking directory structure
01-03 08:10:23.654     0     0 I [5 T1     ..] e2fsck: Pass 3: Checking directory connectivity
01-03 08:10:23.654     0     0 I [7 T1     ..] e2fsck: Pass 4: Checking reference counts
01-03 08:10:23.654     0     0 I [5 T1     ..] e2fsck: Pass 5: Checking group summary information
01-03 08:10:23.657     0     0 I [5 T1     ..] e2fsck: /dev/block/by-name/param: 18/4096 files (27.8% non-contiguous), 2059/4096 blocks
01-03 08:10:23.660     0     0 W         : [7 T1     ..] EXT4-fs (mmcblk0p15): Ignoring removed nomblk_io_submit option
01-03 08:10:23.662     0     0 I         : [5 T1     ..] EXT4-fs (mmcblk0p15): mounted filesystem with ordered data mode. Opts: nodelalloc,nomblk_io_submit,errors=panic. Quota mode: none.
01-03 08:10:23.662     0     0 W         : [5 T1     ..] ext4 filesystem being mounted at /mnt/vendor/param supports timestamps until 2038 (0x7fffffff)
01-03 08:10:23.664     0     0 W         : [5 T1     ..] EXT4-fs (mmcblk0p9): Ignoring removed nomblk_io_submit option
01-03 08:10:23.667     0     0 I         : [6 T1     ..] EXT4-fs (mmcblk0p9): mounted filesystem with ordered data mode. Opts: errors=remount-ro,nomblk_io_submit. Quota mode: none.
01-03 08:10:23.691     0     0 W         : [5 T1     ..] EXT4-fs (mmcblk0p9): Ignoring removed nomblk_io_submit option
01-03 08:10:23.694     0     0 I         : [5 T1     ..] EXT4-fs (mmcblk0p9): mounted filesystem with ordered data mode. Opts: nodelalloc,nomblk_io_submit,errors=panic. Quota mode: none.
01-03 08:10:23.698     0     0 W         : [4 T1     ..] FAT-fs (mmcblk0p4): Volume was not properly unmounted. Some data may be corrupt. Please run fsck.
01-03 08:10:23.958     0     0 D [4 T366   ..] vdc: Waited 0ms for vold
01-03 08:10:23.989     0     0 E [0 T1     ..] init: [libfs_mgr]mount_with_alternatives(): skipping mount due to invalid magic, mountpoint=/data blk_dev=/dev/block/mmcblk0p33 rec[12].fs_type=f2fs
01-03 08:10:24.003   334   334 D vold    : fscrypt_mount_metadata_encrypted: /data encrypt: 0 format: 0 with null
01-03 08:10:24.003   334   334 D vold    : metadata_key_dir/key: /metadata/vold/metadata_encryption/key
01-03 08:10:24.004   334   334 D vold    : Key exists, using: /metadata/vold/metadata_encryption/key
01-03 08:10:24.006     0     0 D [3 T370   ..] vdc: Waited 0ms for vold
01-03 08:10:24.036   359   359 I keystore2: keystore2_main: Keystore2 is starting.
01-03 08:10:24.036   359   359 I keystore2: keystore2_main: Setting up sqlite logging for keystore2
01-03 08:10:24.041   359   359 W keystore2: keystore2::metrics_store: In update_keystore_crash_sysprop: Failed to read the existing system property due to: In read_keystore_crash_count: Property not set..Therefore, keystore crashes will not be logged.
01-03 08:10:24.045   359   359 I keystore2: keystore2_main: Starting thread pool now.
01-03 08:10:24.051   359   359 I keystore2: keystore2::globals: KeyMint device is current version (Some(200)) for security level: SecurityLevel(1)
01-03 08:10:24.095   359   372 I keystore2: keystore2::shared_secret_negotiation: Shared secret negotiation concluded successfully.
01-03 08:10:24.096   359   372 I keystore2: keystore2::shared_secret_negotiation: No StrongBox Keymint available, so no RoT transfer
01-03 08:10:24.097   359   359 I keystore2: keystore2_main: Successfully registered Keystore 2.0 service.
01-03 08:10:24.097   359   359 I keystore2: keystore2_main: Joining thread pool now.
01-03 08:10:24.182   334   334 D vold    : Mounting metadata-encrypted filesystem:/data
01-03 08:10:24.186   334   334 I vold    : [libfs_mgr]Running /system/bin/fsck.f2fs -a -c 10000 --debug-cache /dev/block/dm-35
01-03 08:10:24.211     0     0 I [0 T334   ..] fsck.f2fs: Info: Fix the reported corruption.
01-03 08:10:24.212     0     0 I [0 T334   ..] fsck.f2fs: Info: not exist /proc/version!
01-03 08:10:24.212     0     0 I [0 T334   ..] fsck.f2fs: Info: Segments per section = 1
01-03 08:10:24.212     0     0 I [0 T334   ..] fsck.f2fs: Info: Sections per zone = 1
01-03 08:10:24.212     0     0 I [0 T334   ..] fsck.f2fs: Info: sector size = 4096
01-03 08:10:24.212     0     0 I [0 T334   ..] fsck.f2fs: Info: total sectors = 3036416 (11861 MB)
01-03 08:10:24.213     0     0 I [0 T334   ..] fsck.f2fs: Info: MKFS version
01-03 08:10:24.213     0     0 I [0 T334   ..] fsck.f2fs: "5.15.78-android13-8-g6933e98b9f35-ab557"
01-03 08:10:24.213     0     0 I [0 T334   ..] fsck.f2fs: Info: FSCK version
01-03 08:10:24.213     0     0 I [0 T334   ..] fsck.f2fs: from "5.15.78-android13-8-g6933e98b9f35-ab557"
01-03 08:10:24.299     0     0 I         : [7 T334   ..] F2FS-fs (dm-35): Using encoding defined by superblock: utf8-12.1.0 with flags 0x0
01-03 08:10:24.380     0     0 I         : [7 T334   ..] F2FS-fs (dm-35): Mounted with checkpoint version = 797f8392
01-03 08:10:24.377   334   334 I vold    : [libfs_mgr]__mount(source=/dev/block/dm-35,target=/data,type=f2fs)=0: Success
01-03 08:10:24.378   334   334 D vold    : Mounted /data
01-03 08:10:24.424     0     0 I [2 T1     ..] zram0: detected capacity change from 0 to 944952
01-03 08:10:24.458     0     0 I         : [5 T1     ..] Adding 472472k swap on /dev/block/zram0.  Priority:-2 extents:1 across:472472k SS
01-03 08:10:24.460     0     0 E [5 T1     ..] init: Control message: Could not find 'aidl/android.system.keystore2.IKeystoreService/default' for ctl.interface_start from pid: 317 (/system/bin/servicemanager)
01-03 08:10:24.477   334   334 I Checkpoint: cp_prepareCheckpoint called
01-03 08:10:24.507   334   334 I vold    : fscrypt_initialize_systemwide_keys
01-03 08:10:24.508   334   334 D vold    : Key exists, using: /data/unencrypted/key
01-03 08:10:24.511     0     0 D [3 T387   ..] vdc: Waited 0ms for vold
01-03 08:10:24.518   334   334 D vold    : Installed fscrypt key with ref 1b504b2f89b120524f9c486ce5a833a6 to /data
01-03 08:10:24.518   334   334 D vold    : Added fscrypt-provisioning key for 1b504b2f89b120524f9c486ce5a833a6 to session keyring
01-03 08:10:24.521   334   334 I vold    : Wrote system DE key reference to:/data/unencrypted/ref
01-03 08:10:24.522   334   334 D vold    : Generating standard storage key
01-03 08:10:24.522   334   334 D vold    : Installed fscrypt key with ref e4259654570a2c8d01eb977c034d6bf3 to /data
01-03 08:10:24.522   334   334 D vold    : Added fscrypt-provisioning key for e4259654570a2c8d01eb977c034d6bf3 to session keyring
01-03 08:10:24.524   334   334 I vold    : Wrote per boot key reference to:/data/unencrypted/per_boot_ref
01-03 08:10:24.533     0     0 I [5 T1     ..] fscrypt: AES-256-CTS-CBC using implementation "cts-cbc-aes-ce"
01-03 08:10:24.534     0     0 I [5 T1     ..] fscrypt: AES-256-XTS using implementation "xts-aes-ce"
01-03 08:10:24.585   334   334 I incfs   : Initial API level of the device: 33
01-03 08:10:24.585   334   334 I incfs   : ro.incremental.enable: yes
01-03 08:10:24.585   334   334 I incfs   : isFsAvailable: true
01-03 08:10:24.585   334   334 I incfs   : isFsAvailable: true
01-03 08:10:24.585   334   334 I incfs   : IncFs_Features: v2
01-03 08:10:24.587   359   359 I keystore2: keystore2::maintenance: In early_boot_ended.
01-03 08:10:24.602   359   359 I keystore2: keystore2::globals: Touching Keystore 2.0 database for this first time since boot.
01-03 08:10:24.602   359   359 I keystore2: keystore2::globals: Calling cleanup leftovers.
01-03 08:10:24.606   359   359 I keystore2: keystore2::super_key: Starting boot level watcher.
01-03 08:10:24.607   359   392 I keystore2: keystore2::super_key: Read keystore.boot_level value 30
01-03 08:10:24.607   359   359 I keystore2: keystore2::maintenance: Call to earlyBootEnded succeeded for security level TRUSTED_ENVIRONMENT.
01-03 08:10:24.607   359   392 I keystore2: keystore2::super_key: Read keystore.boot_level value 30
01-03 08:10:24.608   359   359 E keystore2: keystore2::maintenance: Call to earlyBootEnded failed for security level STRONGBOX: In call_with_watchdog: getting keymint device.
01-03 08:10:24.609   359   359 E keystore2: keystore2::error: In call_with_watchdog: getting keymint device
01-03 08:10:24.609   359   359 E keystore2: 
01-03 08:10:24.609   359   359 E keystore2: Caused by:
01-03 08:10:24.609   359   359 E keystore2:     0: In get_keymint_device.
01-03 08:10:24.609   359   359 E keystore2:     1: In connect_keymint: Trying to get Legacy wrapper.
01-03 08:10:24.609   359   359 E keystore2:     2: Error::Km(ErrorCode(-68))
01-03 08:10:24.609   334   334 E vold    : keystore2 Keystore earlyBootEnded returned service specific error: -68
01-03 08:10:24.613     0     0 E [4 T334   ..] vold: keystore2 Keystore earlyBootEnded returned service specific error: -68
01-03 08:10:24.618     0     0 E [7 T190   ..] init: Loading peristant properties
01-03 08:10:24.657     0     0 I         : [3 T10    ..] [TEE] M/TA: KeymasterTA (info): app/ipc/keymaster_ipc.cpp, Line 1090: Amlogic KEYMINT! Build Time: May  3 2023 12:16:11 version: a6237c9 TDK: ab02024
01-03 08:10:24.657     0     0 I         : [3 T10    ..] [TEE] M/TA: KeymasterTA (warn): app/ipc/keymaster_ipc.cpp, Line 492: Dispatching GET_VERSION_2, size: 4
01-03 08:10:24.657     0     0 I         : [3 T10    ..] [TEE] M/TA: KeymasterTA (info): app/trusty_keymaster_context.cpp, Line 827: Master key is derived from KDF
01-03 08:10:24.662     0     0 I [3 T394   ..] apexd: Scanning /system/apex for pre-installed ApexFiles
01-03 08:10:24.663     0     0 I [3 T394   ..] apexd: Found pre-installed APEX /system/apex/com.android.neuralnetworks.capex
01-03 08:10:24.663     0     0 I [3 T394   ..] apexd: Found pre-installed APEX /system/apex/com.android.tethering.capex
01-03 08:10:24.664     0     0 I [3 T394   ..] apexd: Found pre-installed APEX /system/apex/com.android.tzdata.apex
01-03 08:10:24.664     0     0 I [3 T394   ..] apexd: Found pre-installed APEX /system/apex/com.android.apex.cts.shim.apex
01-03 08:10:24.664     0     0 I [3 T394   ..] apexd: Found pre-installed APEX /system/apex/com.android.adservices.capex
01-03 08:10:24.665     0     0 I [3 T394   ..] apexd: Found pre-installed APEX /system/apex/com.android.media.swcodec.capex
01-03 08:10:24.665     0     0 I [3 T394   ..] apexd: Found pre-installed APEX /system/apex/com.android.appsearch.apex
01-03 08:10:24.665     0     0 I [3 T394   ..] apexd: Found pre-installed APEX /system/apex/com.android.btservices.apex
01-03 08:10:24.666     0     0 I [3 T394   ..] apexd: Found pre-installed APEX /system/apex/com.android.adbd.capex
01-03 08:10:24.779     0     0 I [0 T396   ..] loop4: detected capacity change from 0 to 536
01-03 08:10:24.781     0     0 I [0 T399   ..] loop5: detected capacity change from 0 to 536
01-03 08:10:24.782     0     0 I [6 T397   ..] loop6: detected capacity change from 0 to 1728
01-03 08:10:24.783     0     0 I [0 T398   ..] loop7: detected capacity change from 0 to 536
01-03 08:10:24.835     0     0 I         : [6 T398   ..] EXT4-fs (loop7): mounted filesystem without journal. Opts: (null). Quota mode: none.
01-03 08:10:24.839     0     0 I [6 T398   ..] loop8: detected capacity change from 0 to 40864
01-03 08:10:24.847     0     0 I         : [4 T397   ..] EXT4-fs (loop6): mounted filesystem without journal. Opts: (null). Quota mode: none.
01-03 08:10:24.849     0     0 I [4 T397   ..] loop9: detected capacity change from 0 to 3848
01-03 08:10:24.867     0     0 I         : [5 T399   ..] EXT4-fs (loop5): mounted filesystem without journal. Opts: (null). Quota mode: none.
01-03 08:10:24.868     0     0 I [5 T399   ..] loop10: detected capacity change from 0 to 94152
01-03 08:10:24.869     0     0 I         : [6 T396   ..] EXT4-fs (loop4): mounted filesystem without journal. Opts: (null). Quota mode: none.
01-03 08:10:24.871     0     0 I [6 T396   ..] loop11: detected capacity change from 0 to 15880
01-03 08:10:24.888     0     0 I         : [7 T398   ..] EXT4-fs (loop8): mounted filesystem without journal. Opts: (null). Quota mode: none.
01-03 08:10:24.889     0     0 I [7 T398   ..] loop12: detected capacity change from 0 to 1504
01-03 08:10:24.935     0     0 I         : [4 T397   ..] EXT4-fs (loop9): mounted filesystem without journal. Opts: (null). Quota mode: none.
01-03 08:10:24.938     0     0 I [4 T397   ..] loop13: detected capacity change from 0 to 73616
01-03 08:10:24.947     0     0 I         : [7 T399   ..] EXT4-fs (loop10): mounted filesystem without journal. Opts: (null). Quota mode: none.
01-03 08:10:24.949     0     0 I [7 T399   ..] loop14: detected capacity change from 0 to 6824
01-03 08:10:24.952     0     0 I         : [6 T396   ..] EXT4-fs (loop11): mounted filesystem without journal. Opts: (null). Quota mode: none.
01-03 08:10:24.953     0     0 I [6 T396   ..] loop15: detected capacity change from 0 to 168152
01-03 08:10:24.963     0     0 I         : [6 T398   ..] EXT4-fs (loop12): mounted filesystem without journal. Opts: (null). Quota mode: none.
01-03 08:10:24.965     0     0 I [6 T398   ..] loop16: detected capacity change from 0 to 18952
01-03 08:10:25.002     0     0 I         : [6 T397   ..] EXT4-fs (loop13): mounted filesystem without journal. Opts: (null). Quota mode: none.
01-03 08:10:25.007     0     0 I [6 T397   ..] loop17: detected capacity change from 0 to 1480
01-03 08:10:25.056     0     0 I         : [6 T396   ..] EXT4-fs (loop15): mounted filesystem without journal. Opts: (null). Quota mode: none.
01-03 08:10:25.057     0     0 I         : [6 T399   ..] EXT4-fs (loop14): mounted filesystem without journal. Opts: (null). Quota mode: none.
01-03 08:10:25.063     0     0 I [6 T398   ..] device-mapper: verity: sha256 using implementation "sha256-ce"
01-03 08:10:25.065     0     0 I [6 T396   ..] loop18: detected capacity change from 0 to 536
01-03 08:10:25.083     0     0 I [6 T399   ..] loop19: detected capacity change from 0 to 39536
01-03 08:10:25.090     0     0 I [6 T397   ..] device-mapper: verity: sha256 using implementation "sha256-ce"
01-03 08:10:25.092     0     0 I         : [6 T398   ..] EXT4-fs (dm-34): mounted filesystem without journal. Opts: (null). Quota mode: none.
01-03 08:10:25.094     0     0 I [6 T398   ..] loop20: detected capacity change from 0 to 16312
01-03 08:10:25.114     0     0 I         : [4 T397   ..] EXT4-fs (dm-32): mounted filesystem without journal. Opts: (null). Quota mode: none.
01-03 08:10:25.116     0     0 I [4 T397   ..] loop21: detected capacity change from 0 to 10184
01-03 08:10:25.141     0     0 I [1 T399   ..] device-mapper: verity: sha256 using implementation "sha256-ce"
01-03 08:10:25.141     0     0 I [0 T396   ..] device-mapper: verity: sha256 using implementation "sha256-ce"
01-03 08:10:25.156     0     0 I [1 T398   ..] device-mapper: verity: sha256 using implementation "sha256-ce"
01-03 08:10:25.166     0     0 I         : [7 T399   ..] EXT4-fs (dm-25): mounted filesystem without journal. Opts: (null). Quota mode: none.
01-03 08:10:25.168     0     0 I [5 T396   ..] loop22: detected capacity change from 0 to 16512
01-03 08:10:25.171     0     0 I [7 T399   ..] loop23: detected capacity change from 0 to 12280
01-03 08:10:25.180     0     0 I         : [5 T398   ..] EXT4-fs (dm-24): mounted filesystem without journal. Opts: (null). Quota mode: none.
01-03 08:10:25.193     0     0 I [4 T397   ..] device-mapper: verity: sha256 using implementation "sha256-ce"
01-03 08:10:25.217     0     0 I         : [6 T397   ..] EXT4-fs (dm-30): mounted filesystem without journal. Opts: (null). Quota mode: none.
01-03 08:10:25.231     0     0 I [0 T399   ..] device-mapper: verity: sha256 using implementation "sha256-ce"
01-03 08:10:25.233     0     0 I [6 T398   ..] loop24: detected capacity change from 0 to 11784
01-03 08:10:25.239     0     0 I [7 T396   ..] device-mapper: verity: sha256 using implementation "sha256-ce"
01-03 08:10:25.255     0     0 I         : [7 T399   ..] EXT4-fs (dm-17): mounted filesystem without journal. Opts: (null). Quota mode: none.
01-03 08:10:25.264     0     0 I         : [7 T396   ..] EXT4-fs (dm-15): mounted filesystem without journal. Opts: (null). Quota mode: none.
01-03 08:10:25.286     0     0 I [0 T397   ..] loop25: detected capacity change from 0 to 5848
01-03 08:10:25.293     0     0 I [6 T398   ..] device-mapper: verity: sha256 using implementation "sha256-ce"
01-03 08:10:25.320     0     0 I         : [6 T398   ..] EXT4-fs (dm-20): mounted filesystem without journal. Opts: (null). Quota mode: none.
01-03 08:10:25.340     0     0 I [0 T397   ..] device-mapper: verity: sha256 using implementation "sha256-ce"
01-03 08:10:25.348     0     0 I [7 T399   ..] loop26: detected capacity change from 0 to 17080
01-03 08:10:25.364     0     0 I         : [0 T397   ..] EXT4-fs (dm-21): mounted filesystem without journal. Opts: (null). Quota mode: none.
01-03 08:10:25.410     0     0 I [7 T399   ..] device-mapper: verity: sha256 using implementation "sha256-ce"
01-03 08:10:25.411     0     0 I [7 T396   ..] loop27: detected capacity change from 0 to 15504
