01-03 08:10:36.892   925   925 D SystemServerTiming: StartUiModeManager
01-03 08:10:36.892   925   925 I SystemServiceManager: Starting com.android.server.UiModeManagerService
01-03 08:10:36.893   925  1102 D SystemServerTimingAsync: InitThreadPoolExec:UiModeManager.onStart
01-03 08:10:36.893   925  1102 D SystemServerInitThreadPool: Started executing UiModeManager.onStart
01-03 08:10:36.895   925   925 V SystemServerTiming: StartUiModeManager took to complete: 3ms
01-03 08:10:36.895   925   925 D SystemServerTiming: StartLocaleManagerService
01-03 08:10:36.896   925   925 I SystemServiceManager: Starting com.android.server.locales.LocaleManagerService
01-03 08:10:36.900   925   925 V SystemServerTiming: StartLocaleManagerService took to complete: 5ms
01-03 08:10:36.900   925   925 D SystemServerTiming: UpdatePackagesIfNeeded
01-03 08:10:36.900   925   925 I Watchdog: Pausing HandlerChecker: main thread for reason: dexopt. Pause count: 1
01-03 08:10:36.901   925   925 I Watchdog: Resuming HandlerChecker: main thread for reason: dexopt. Pause count: 0
01-03 08:10:36.901   925   925 V SystemServerTiming: UpdatePackagesIfNeeded took to complete: 1ms
01-03 08:10:36.901   925   925 D SystemServerTiming: PerformFstrimIfNeeded
01-03 08:10:36.902   925   925 V SystemServerTiming: PerformFstrimIfNeeded took to complete: 0ms
01-03 08:10:36.902   925   925 D SystemServerTiming: StartLockSettingsService
01-03 08:10:36.902   925   925 I SystemServiceManager: Starting com.android.server.locksettings.LockSettingsService$Lifecycle
01-03 08:10:36.910   925  1102 D SystemServerInitThreadPool: Finished executing UiModeManager.onStart
01-03 08:10:36.910   925  1102 V SystemServerTimingAsync: InitThreadPoolExec:UiModeManager.onStart took to complete: 18ms
01-03 08:10:36.915   925  1035 V SystemServerTimingAsync: AppDataPrepare took to complete: 350ms
01-03 08:10:36.915   925  1035 I PackageManager: Deferred reconcileAppsData finished 116 packages
01-03 08:10:36.915   925  1035 D SystemServerInitThreadPool: Finished executing prepareAppData
01-03 08:10:36.915   925  1035 V SystemServerTimingAsync: InitThreadPoolExec:prepareAppData took to complete: 603ms
01-03 08:10:36.922   925   925 V SystemServerTiming: StartLockSettingsService took to complete: 21ms
01-03 08:10:36.923   925   925 D SystemServerTiming: StartPersistentDataBlock
01-03 08:10:36.923   925   925 I SystemServiceManager: Starting com.android.server.PersistentDataBlockService
01-03 08:10:36.923   925   925 V SystemServerTiming: StartPersistentDataBlock took to complete: 1ms
01-03 08:10:36.923   925   925 D SystemServerTiming: StartTestHarnessMode
01-03 08:10:36.923   925   925 I SystemServiceManager: Starting com.android.server.testharness.TestHarnessModeService
01-03 08:10:36.923   925  1107 D SystemServerTimingAsync: InitThreadPoolExec:PersistentDataBlockService.onStart
01-03 08:10:36.923   925  1107 D SystemServerInitThreadPool: Started executing PersistentDataBlockService.onStart
01-03 08:10:36.924   925   925 V SystemServerTiming: StartTestHarnessMode took to complete: 0ms
01-03 08:10:36.924   925   925 D SystemServerTiming: StartOemLockService
01-03 08:10:36.924   925   925 I SystemServiceManager: Starting com.android.server.oemlock.OemLockService
01-03 08:10:36.929   925   925 I OemLock : Using vendor lock via the HAL
01-03 08:10:36.929   925   925 V SystemServerTiming: StartOemLockService took to complete: 6ms
01-03 08:10:36.929   925   925 D SystemServerTiming: StartDeviceIdleController
01-03 08:10:36.929   925   925 I SystemServiceManager: Starting com.android.server.DeviceIdleController
01-03 08:10:36.938   925   925 V SystemServerTiming: StartDeviceIdleController took to complete: 8ms
01-03 08:10:36.938   925   925 D SystemServerTiming: StartDevicePolicyManager
01-03 08:10:36.938   925   925 I SystemServiceManager: Starting com.android.server.devicepolicy.DevicePolicyManagerService$Lifecycle
01-03 08:10:36.959   925   925 V SystemServerTiming: StartDevicePolicyManager took to complete: 20ms
01-03 08:10:36.959   925   925 D SystemServerTiming: StartStatusBarManagerService
01-03 08:10:36.961   925   925 V SystemServerTiming: StartStatusBarManagerService took to complete: 3ms
01-03 08:10:36.961   925   925 D SystemServer: MusicRecognitionManagerService not defined by OEM or disabled by flag
01-03 08:10:36.962   925   925 D SystemServer: ContentCaptureService disabled because resource is not overlaid
01-03 08:10:36.962   925   925 D SystemServer: AttentionService is not configured on this device
01-03 08:10:36.962   925   925 D SystemServer: RotationResolverService is not configured on this device
01-03 08:10:36.962   925   925 D SystemServer: SystemCaptionsManagerService disabled because resource is not overlaid
01-03 08:10:36.962   925   925 D SystemServerTiming: StartTextToSpeechManagerService
01-03 08:10:36.962   925   925 I SystemServiceManager: Starting com.android.server.texttospeech.TextToSpeechManagerService
01-03 08:10:36.966   925   925 V SystemServerTiming: StartTextToSpeechManagerService took to complete: 3ms
01-03 08:10:36.966   925   925 D SystemServerTiming: StartAmbientContextService
01-03 08:10:36.966   925   925 I SystemServiceManager: Starting com.android.server.ambientcontext.AmbientContextManagerService
01-03 08:10:36.969   925   925 V SystemServerTiming: StartAmbientContextService took to complete: 3ms
01-03 08:10:36.969   925   925 D SystemServerTiming: StartSpeechRecognitionManagerService
01-03 08:10:36.970   925   925 I SystemServiceManager: Starting com.android.server.speech.SpeechRecognitionManagerService
01-03 08:10:36.972   925  1107 D SystemServerInitThreadPool: Finished executing PersistentDataBlockService.onStart
01-03 08:10:36.972   925  1107 V SystemServerTimingAsync: InitThreadPoolExec:PersistentDataBlockService.onStart took to complete: 48ms
01-03 08:10:36.972   925   925 V SystemServerTiming: StartSpeechRecognitionManagerService took to complete: 4ms
01-03 08:10:36.973   925   925 D SystemServer: AppPredictionService not defined by OEM
01-03 08:10:36.973   925   925 D SystemServer: ContentSuggestionsService not defined by OEM
01-03 08:10:36.973   925   925 D SystemServerTiming: StartSearchUiService
01-03 08:10:36.973   925   925 I SystemServiceManager: Starting com.android.server.searchui.SearchUiManagerService
01-03 08:10:36.974   925   925 V SystemServerTiming: StartSearchUiService took to complete: 2ms
01-03 08:10:36.974   925   925 D SystemServerTiming: StartSmartspaceService
01-03 08:10:36.974   925   925 I SystemServiceManager: Starting com.android.server.smartspace.SmartspaceManagerService
01-03 08:10:36.975   925   925 V SystemServerTiming: StartSmartspaceService took to complete: 1ms
01-03 08:10:36.976   925   925 D SystemServerTiming: InitConnectivityModuleConnector
01-03 08:10:36.976   925   925 D ConnectivityModuleConnector: Network stack init
01-03 08:10:36.977   925   925 V SystemServerTiming: InitConnectivityModuleConnector took to complete: 2ms
01-03 08:10:36.977   925   925 D SystemServerTiming: InitNetworkStackClient
01-03 08:10:36.977   925   925 V SystemServerTiming: InitNetworkStackClient took to complete: 0ms
01-03 08:10:36.977   925   925 D SystemServerTiming: StartNetworkManagementService
01-03 08:10:36.980   925   925 V SystemServerTiming: StartNetworkManagementService took to complete: 2ms
01-03 08:10:36.980   925   925 D SystemServerTiming: StartFontManagerService
01-03 08:10:37.159   925   925 V SystemServerTiming: StartFontManagerService took to complete: 179ms
01-03 08:10:37.159   925   925 D SystemServerTiming: StartTextServicesManager
01-03 08:10:37.159   925   925 I SystemServiceManager: Starting com.android.server.textservices.TextServicesManagerService$Lifecycle
01-03 08:10:37.160   925   925 V SystemServerTiming: StartTextServicesManager took to complete: 2ms
01-03 08:10:37.160   925   925 D SystemServerTiming: StartTextClassificationManagerService
01-03 08:10:37.160   925   925 I SystemServiceManager: Starting com.android.server.textclassifier.TextClassificationManagerService$Lifecycle
01-03 08:10:37.163   925   925 V SystemServerTiming: StartTextClassificationManagerService took to complete: 3ms
01-03 08:10:37.163   925   925 D SystemServerTiming: StartNetworkScoreService
01-03 08:10:37.163   925   925 I SystemServiceManager: Starting com.android.server.NetworkScoreService$Lifecycle
01-03 08:10:37.165   925   925 V SystemServerTiming: StartNetworkScoreService took to complete: 2ms
01-03 08:10:37.165   925   925 D SystemServerTiming: StartNetworkStatsService
01-03 08:10:37.195   925   925 I SystemServiceManager: Starting com.android.server.NetworkStatsServiceInitializer
01-03 08:10:37.241   925   925 V SystemServerTiming: StartNetworkStatsService took to complete: 75ms
01-03 08:10:37.241   925   925 D SystemServerTiming: StartNetworkPolicyManagerService
01-03 08:10:37.247   925   925 V SystemServerTiming: StartNetworkPolicyManagerService took to complete: 7ms
01-03 08:10:37.249   925   925 D SystemServerTiming: StartWifi
01-03 08:10:37.289   925   925 I SystemServiceManager: Starting com.android.server.wifi.WifiService
01-03 08:10:37.418   609   609 I wificond: New wificond event callback registered
01-03 08:10:37.420   925   925 V HistoricalRegistry: Interaction before persistence initialized
01-03 08:10:37.424   925   925 V SystemServerTiming: StartWifi took to complete: 174ms
01-03 08:10:37.424   925   925 D SystemServerTiming: StartWifiScanning
01-03 08:10:37.424   925   925 I SystemServiceManager: Starting com.android.server.wifi.scanner.WifiScanningService
01-03 08:10:37.430   925   925 V SystemServerTiming: StartWifiScanning took to complete: 6ms
01-03 08:10:37.432   925   925 D SystemServerTiming: StartWifiP2P
01-03 08:10:37.433   925   925 I SystemServiceManager: Starting com.android.server.wifi.p2p.WifiP2pService
01-03 08:10:37.444   925   925 V SystemServerTiming: StartWifiP2P took to complete: 13ms
01-03 08:10:37.444   925   925 D SystemServerTiming: StartPacProxyService
01-03 08:10:37.447   925   925 V SystemServerTiming: StartPacProxyService took to complete: 2ms
01-03 08:10:37.447   925   925 D SystemServerTiming: StartConnectivityService
01-03 08:10:37.447   925   925 I SystemServiceManager: Starting com.android.server.ConnectivityServiceInitializer
01-03 08:10:37.487   925   925 D CompatibilityChangeReporter: Compat change id reported: 182478738; UID 1000; state: ENABLED
01-03 08:10:37.521   925   925 V SystemServerTiming: StartConnectivityService took to complete: 75ms
01-03 08:10:37.522   925   925 D SystemServerTiming: StartVpnManagerService
01-03 08:10:37.525   925   925 V SystemServerTiming: StartVpnManagerService took to complete: 4ms
01-03 08:10:37.525   925   925 D SystemServerTiming: StartVcnManagementService
01-03 08:10:37.531   925   925 V SystemServerTiming: StartVcnManagementService took to complete: 5ms
01-03 08:10:37.531   925   925 D SystemServerTiming: StartSystemUpdateManagerService
01-03 08:10:37.531   925   925 I SystemUpdateManagerService: No existing info file /data/system/system-update-info.xml
01-03 08:10:37.532   925   925 V SystemServerTiming: StartSystemUpdateManagerService took to complete: 1ms
01-03 08:10:37.532   925   925 D SystemServerTiming: StartUpdateLockService
01-03 08:10:37.533   925   925 V SystemServerTiming: StartUpdateLockService took to complete: 0ms
01-03 08:10:37.533   925   925 D SystemServerTiming: StartNotificationManager
01-03 08:10:37.533   925   925 I SystemServiceManager: Starting com.android.server.notification.NotificationManagerService
01-03 08:10:37.546   925   925 D ConditionProviders.SCP: new ScheduleConditionProvider()
01-03 08:10:37.565   925   925 I NotificationAssistants: Read notification assistant permissions from xml
01-03 08:10:37.565   925   925 I ConditionProviders: Read condition provider permissions from xml
01-03 08:10:37.565   925   925 I ConditionProviders: Read condition provider permissions from xml
01-03 08:10:37.566   925   925 D NotificationAssistants: Approving default notification assistant for user 0
01-03 08:10:37.566   925   925 I ConditionProviders:  Allowing condition provider android.ext.services/android.ext.services.notification.Assistant (userSet: true)
01-03 08:10:37.574   925   925 V SystemServerTiming: StartNotificationManager took to complete: 42ms
01-03 08:10:37.574   925   925 D SystemServerTiming: StartDeviceMonitor
01-03 08:10:37.574   925   925 I SystemServiceManager: Starting com.android.server.storage.DeviceStorageMonitorService
01-03 08:10:37.576   925   925 V SystemServerTiming: StartDeviceMonitor took to complete: 2ms
01-03 08:10:37.576   925   925 D SystemServerTiming: StartLocationManagerService
01-03 08:10:37.576   925   925 I SystemServiceManager: Starting com.android.server.location.LocationManagerService$Lifecycle
01-03 08:10:37.582   925   925 V SystemServerTiming: StartLocationManagerService took to complete: 5ms
01-03 08:10:37.582   925   925 D SystemServerTiming: StartCountryDetectorService
01-03 08:10:37.582   925   925 V SystemServerTiming: StartCountryDetectorService took to complete: 1ms
01-03 08:10:37.582   925   925 D SystemServerTiming: StartTimeDetectorService
01-03 08:10:37.582   925   925 I SystemServiceManager: Starting com.android.server.timedetector.TimeDetectorService$Lifecycle
01-03 08:10:37.584   925   925 V SystemServerTiming: StartTimeDetectorService took to complete: 1ms
01-03 08:10:37.584   925   925 D SystemServerTiming: StartTimeZoneDetectorService
01-03 08:10:37.584   925   925 I SystemServiceManager: Starting com.android.server.timezonedetector.TimeZoneDetectorService$Lifecycle
01-03 08:10:37.586   925   925 V SystemServerTiming: StartTimeZoneDetectorService took to complete: 3ms
01-03 08:10:37.586   925   925 D SystemServerTiming: StartLocationTimeZoneManagerService
01-03 08:10:37.586   925   925 I SystemServiceManager: Starting com.android.server.timezonedetector.location.LocationTimeZoneManagerService$Lifecycle
01-03 08:10:37.586   925   925 D LocationTZDetector: Geo time zone detection feature is disabled in config
01-03 08:10:37.586   925   925 V SystemServerTiming: StartLocationTimeZoneManagerService took to complete: 0ms
01-03 08:10:37.586   925   925 D SystemServerTiming: StartSearchManagerService
01-03 08:10:37.586   925   925 I SystemServiceManager: Starting com.android.server.search.SearchManagerService$Lifecycle
01-03 08:10:37.587   925   925 V SystemServerTiming: StartSearchManagerService took to complete: 1ms
01-03 08:10:37.587   925   925 D SystemServerTiming: StartWallpaperManagerService
01-03 08:10:37.588   925   925 I SystemServiceManager: Starting com.android.server.wallpaper.WallpaperManagerService$Lifecycle
01-03 08:10:37.588   925   925 V SystemServerTiming: StartWallpaperManagerService took to complete: 1ms
01-03 08:10:37.588   925   925 D SystemServerTiming: StartWallpaperEffectsGenerationService
01-03 08:10:37.589   925   925 I SystemServiceManager: Starting com.android.server.wallpapereffectsgeneration.WallpaperEffectsGenerationManagerService
01-03 08:10:37.590   925   925 V SystemServerTiming: StartWallpaperEffectsGenerationService took to complete: 1ms
01-03 08:10:37.590   925   925 D SystemServerTiming: StartAudioService
01-03 08:10:37.590   925   925 I SystemServiceManager: Starting com.android.server.audio.AudioService$Lifecycle
01-03 08:10:37.631   925   925 V SystemServerTiming: StartAudioService took to complete: 42ms
01-03 08:10:37.631   925   925 D SystemServerTiming: StartSoundTriggerMiddlewareService
01-03 08:10:37.631   925   925 I SystemServiceManager: Starting com.android.server.soundtrigger_middleware.SoundTriggerMiddlewareService$Lifecycle
01-03 08:10:37.634   925   925 V SystemServerTiming: StartSoundTriggerMiddlewareService took to complete: 3ms
01-03 08:10:37.634   925   925 D SystemServerTiming: StartDockObserver
01-03 08:10:37.634   925   925 I SystemServiceManager: Starting com.android.server.DockObserver
01-03 08:10:37.635   925   925 I DockObserver: No extcon dock device found in this kernel.
01-03 08:10:37.635   925   925 V SystemServerTiming: StartDockObserver took to complete: 1ms
01-03 08:10:37.635   925   925 D SystemServerTiming: StartWiredAccessoryManager
01-03 08:10:37.636   925   925 W WiredAccessoryManager: This kernel does not have wired headset support
01-03 08:10:37.636   925   925 W WiredAccessoryManager: This kernel does not have usb audio support
01-03 08:10:37.636   925   925 W WiredAccessoryManager: This kernel does not have HDMI audio support
01-03 08:10:37.636   925   925 V SystemServerTiming: StartWiredAccessoryManager took to complete: 1ms
01-03 08:10:37.636   925   925 D SystemServerTiming: StartAdbService
01-03 08:10:37.636   925   925 I SystemServiceManager: Starting com.android.server.adb.AdbService$Lifecycle
01-03 08:10:37.638   925   925 V SystemServerTiming: StartAdbService took to complete: 1ms
01-03 08:10:37.638   925   925 D SystemServerTiming: StartUsbService
01-03 08:10:37.638   925   925 I SystemServiceManager: Starting com.android.server.usb.UsbService$Lifecycle
01-03 08:10:37.638   925   925 V SystemServerTiming: StartUsbService took to complete: 1ms
01-03 08:10:37.638   925   925 D SystemServerTiming: StartSerialService
01-03 08:10:37.638   925   959 D SystemServerTimingAsync: InitThreadPoolExec:UsbService$Lifecycle#onStart
01-03 08:10:37.638   925   959 D SystemServerInitThreadPool: Started executing UsbService$Lifecycle#onStart
01-03 08:10:37.639   925   925 V SystemServerTiming: StartSerialService took to complete: 0ms
01-03 08:10:37.639   925   925 D SystemServerTiming: StartHardwarePropertiesManagerService
01-03 08:10:37.639   925   959 I UsbDeviceManager: failed to write to /sys/class/android_usb/android0/f_rndis/ethaddr
01-03 08:10:37.642   925   925 V SystemServerTiming: StartHardwarePropertiesManagerService took to complete: 4ms
01-03 08:10:37.642   925   925 D SystemServerTiming: StartTwilightService
01-03 08:10:37.642   925   925 I SystemServiceManager: Starting com.android.server.twilight.TwilightService
01-03 08:10:37.643   925   925 V SystemServerTiming: StartTwilightService took to complete: 0ms
01-03 08:10:37.643   925   925 D SystemServerTiming: StartColorDisplay
01-03 08:10:37.643   925   925 I SystemServiceManager: Starting com.android.server.display.color.ColorDisplayService
01-03 08:10:37.644   925   925 V SystemServerTiming: StartColorDisplay took to complete: 2ms
01-03 08:10:37.644   925   925 D SystemServerTiming: StartJobScheduler
01-03 08:10:37.645   925   925 I SystemServiceManager: Starting com.android.server.job.JobSchedulerService
01-03 08:10:37.652     0     0 I         : [3 T959   ..] read descriptors
01-03 08:10:37.652     0     0 I         : [3 T959   ..] read strings
01-03 08:10:37.652     0     0 I         : [3 T959   ..] read descriptors
01-03 08:10:37.652     0     0 I         : [3 T959   ..] read strings
01-03 08:10:37.650   925   959 W StorageManagerService: No primary storage defined yet; hacking together a stub
01-03 08:10:37.651   925   925 D JobStore: Start tag: job-info
01-03 08:10:37.652   925  1042 I UsbDeviceManager: Usb gadget hal service started android.hardware.usb.gadget@1.0::IUsbGadget default
01-03 08:10:37.654   925   925 I JobStore: Read 5 jobs
01-03 08:10:37.655   925   959 D UsbPortManager: Querying USB HAL version
01-03 08:10:37.656   925   952 I UsbDeviceManager: processing MSG_GET_CURRENT_USB_FUNCTIONS
01-03 08:10:37.656   925   952 I UsbDeviceManager: updating mCurrentFunctions
01-03 08:10:37.656   925   952 I UsbDeviceManager: mCurrentFunctions:0applied:1
01-03 08:10:37.659   925   925 V HistoricalRegistry: Interaction before persistence initialized
01-03 08:10:37.659   925   959 I UsbPortManager: USB HAL HIDL present
01-03 08:10:37.659   925   925 V HistoricalRegistry: Interaction before persistence initialized
01-03 08:10:37.661   925   925 V SystemServerTiming: StartJobScheduler took to complete: 16ms
01-03 08:10:37.661   925   925 D SystemServerTiming: StartSoundTrigger
01-03 08:10:37.661   925   925 I SystemServiceManager: Starting com.android.server.soundtrigger.SoundTriggerService
01-03 08:10:37.661   925  1170 I UsbPortManager: Usb hal service started android.hardware.usb@1.0::IUsb default
01-03 08:10:37.661   925   925 V SystemServerTiming: StartSoundTrigger took to complete: 1ms
01-03 08:10:37.662   925   925 D SystemServerTiming: StartTrustManager
01-03 08:10:37.662   925   925 I SystemServiceManager: Starting com.android.server.trust.TrustManagerService
01-03 08:10:37.663   925   925 V SystemServerTiming: StartTrustManager took to complete: 2ms
01-03 08:10:37.663   925   925 D SystemServerTiming: StartBackupManager
01-03 08:10:37.663   925   925 I SystemServiceManager: Starting com.android.server.backup.BackupManagerService$Lifecycle
01-03 08:10:37.664   925   959 D UsbPortManager: getInstance done
01-03 08:10:37.666   925   925 V SystemServerTiming: StartBackupManager took to complete: 3ms
01-03 08:10:37.666   925   925 D SystemServerTiming: StartAppWidgetService
01-03 08:10:37.666   925   925 I SystemServiceManager: Starting com.android.server.appwidget.AppWidgetService
01-03 08:10:37.667   925   959 D SystemServerInitThreadPool: Finished executing UsbService$Lifecycle#onStart
01-03 08:10:37.667   925   959 V SystemServerTimingAsync: InitThreadPoolExec:UsbService$Lifecycle#onStart took to complete: 28ms
01-03 08:10:37.669   925   925 V SystemServerTiming: StartAppWidgetService took to complete: 3ms
01-03 08:10:37.669   925   925 D SystemServerTiming: StartVoiceRecognitionManager
01-03 08:10:37.669   925   925 I SystemServiceManager: Starting com.android.server.voiceinteraction.VoiceInteractionManagerService
01-03 08:10:37.687   925   925 V SystemServerTiming: StartVoiceRecognitionManager took to complete: 17ms
01-03 08:10:37.687   925   925 D SystemServerTiming: StartAppHibernationService
01-03 08:10:37.687   925   925 I SystemServiceManager: Starting com.android.server.apphibernation.AppHibernationService
01-03 08:10:37.690   925   925 V SystemServerTiming: StartAppHibernationService took to complete: 3ms
01-03 08:10:37.690   925   925 D SystemServerTiming: StartGestureLauncher
01-03 08:10:37.690   925   925 I SystemServiceManager: Starting com.android.server.GestureLauncherService
01-03 08:10:37.691   925   925 V SystemServerTiming: StartGestureLauncher took to complete: 0ms
01-03 08:10:37.691   925   925 D SystemServerTiming: StartSensorNotification
01-03 08:10:37.691   925   925 I SystemServiceManager: Starting com.android.server.SensorNotificationService
01-03 08:10:37.691   925   925 V SystemServerTiming: StartSensorNotification took to complete: 0ms
01-03 08:10:37.691   925   925 D SystemServerTiming: StartDiskStatsService
01-03 08:10:37.693   925   925 D CompatibilityChangeReporter: Compat change id reported: 194532703; UID 1000; state: ENABLED
01-03 08:10:37.695   925   925 V SystemServerTiming: StartDiskStatsService took to complete: 4ms
01-03 08:10:37.695   925   925 D SystemServerTiming: RuntimeService
01-03 08:10:37.696   925   925 V SystemServerTiming: RuntimeService took to complete: 1ms
01-03 08:10:37.696   925   925 D SystemServerTiming: StartNetworkTimeUpdateService
01-03 08:10:37.697   925   925 V SystemServerTiming: StartNetworkTimeUpdateService took to complete: 1ms
01-03 08:10:37.698   925   925 D SystemServerTiming: CertBlacklister
01-03 08:10:37.699   925   925 V SystemServerTiming: CertBlacklister took to complete: 1ms
01-03 08:10:37.699   925   925 D SystemServerTiming: StartEmergencyAffordanceService
01-03 08:10:37.699   925   925 I SystemServiceManager: Starting com.android.server.emergency.EmergencyAffordanceService
01-03 08:10:37.700   925   925 V SystemServerTiming: StartEmergencyAffordanceService took to complete: 1ms
01-03 08:10:37.700   925   925 D SystemServerTiming: startBlobStoreManagerService
01-03 08:10:37.700   925   925 I SystemServiceManager: Starting com.android.server.blob.BlobStoreManagerService
01-03 08:10:37.703   925   925 V SystemServerTiming: startBlobStoreManagerService took to complete: 4ms
01-03 08:10:37.703   925   925 D SystemServerTiming: StartDreamManager
01-03 08:10:37.703   925   925 I SystemServiceManager: Starting com.android.server.dreams.DreamManagerService
01-03 08:10:37.705   925   925 V SystemServerTiming: StartDreamManager took to complete: 1ms
01-03 08:10:37.705   925   925 D SystemServerTiming: AddGraphicsStatsService
01-03 08:10:37.711   925   925 V SystemServerTiming: AddGraphicsStatsService took to complete: 6ms
01-03 08:10:37.711   925   925 D SystemServerTiming: StartAttestationVerificationService
01-03 08:10:37.711   925   925 I SystemServiceManager: Starting com.android.server.security.AttestationVerificationManagerService
01-03 08:10:37.712   925   925 D AVF     : Started
01-03 08:10:37.713   925   925 V SystemServerTiming: StartAttestationVerificationService took to complete: 2ms
01-03 08:10:37.713   925   925 D SystemServerTiming: StartRestrictionManager
01-03 08:10:37.713   925   925 I SystemServiceManager: Starting com.android.server.restrictions.RestrictionsManagerService
01-03 08:10:37.715   925   925 V SystemServerTiming: StartRestrictionManager took to complete: 1ms
01-03 08:10:37.715   925   925 D SystemServerTiming: StartMediaSessionService
01-03 08:10:37.716   925   925 I SystemServiceManager: Starting com.android.server.media.MediaSessionService
01-03 08:10:37.718   925   925 V SystemServerTiming: StartMediaSessionService took to complete: 4ms
01-03 08:10:37.718   925   925 D SystemServerTiming: StartHdmiControlService
01-03 08:10:37.720   925   925 I SystemServiceManager: Starting com.android.server.hdmi.HdmiControlService
01-03 08:10:37.723   925   925 D HdmiCecActiveness: setState inactive mState:null
01-03 08:10:37.725   925   925 D HDMI    : Getting CEC setting value 'hdmi_cec_enabled'.
01-03 08:10:37.725   925   925 D HDMI    : Reading 'hdmi_cec_enabled' shared preference.
01-03 08:10:37.725   925   925 D HDMI    : Getting CEC setting value 'volume_control_enabled'.
01-03 08:10:37.725   925   925 D HDMI    : Reading 'volume_control_enabled' shared preference.
01-03 08:10:37.737   925   925 D HDMI    : soundbar mode:true
01-03 08:10:37.738   925   925 E HDMI    : [1]:Couldn't connect to cec@1.1java.util.NoSuchElementException
01-03 08:10:37.738   925   925 W HDMI    : [1]:Couldn't get tv.cec service.
01-03 08:10:37.738   925   925 W HDMI    : [1]:Unable to use cec@1.1
01-03 08:10:37.748   925   925 I HdmiControlService: Device does not support MHL-control.
01-03 08:10:37.750   925   925 D HDMI    : Getting CEC setting value 'hdmi_cec_version'.
01-03 08:10:37.750   925   925 D HDMI    : Reading 'hdmi_cec_version' shared preference.
01-03 08:10:37.750   925   925 D HDMI    : setOption: [flag:3, enabled:true]
01-03 08:10:37.751   925   925 D HDMI    : initializeLocalDevices type 5
01-03 08:10:37.751   925   925 D HDMI    : initializeLocalDevices skipping 5 mCecAudioSystemEnabled is false
01-03 08:10:37.751   925   925 D HDMI    : initializeLocalDevices type 4
01-03 08:10:37.751   925   925 D HDMI    : initializeLocalDevices type is 4 mCecAudioSystemEnabled is false setting to 8
01-03 08:10:37.755     0     0 I [6 T516   ..] cec: CEC framework ctrl enabled
01-03 08:10:37.754   925   925 D HDMI    : Getting CEC setting value 'routing_control'.
01-03 08:10:37.754   925   925 D HDMI    : Reading 'routing_control' shared preference.
01-03 08:10:37.768   925   925 D HDMI    : initPortInfo port info:port_id: 3, type: HDMI_IN, address: 0x2300, cec: true, arc: false, mhl: false
01-03 08:10:37.769   925   925 D HDMI    : initPortInfo port info:port_id: 2, type: HDMI_IN, address: 0x2200, cec: true, arc: false, mhl: false
01-03 08:10:37.770   925   925 D HDMI    : initPortInfo port info:port_id: 1, type: HDMI_IN, address: 0x2100, cec: true, arc: false, mhl: false
01-03 08:10:37.770   925   925 D HDMI    : initPortInfo port info:port_id: 0, type: HDMI_OUT, address: 0x2000, cec: true, arc: true, mhl: false
01-03 08:10:37.771   925   925 I EarcController: initEarcState supported:true
01-03 08:10:37.771   925   925 D EarcController: initEarcState settings:true
01-03 08:10:37.771   925   925 D EarcController: setEarcMode true
01-03 08:10:37.773   925   925 D HDMI    : Getting CEC setting value 'system_audio_control'.
01-03 08:10:37.773   925   925 D HDMI    : Reading 'system_audio_control' shared preference.
01-03 08:10:37.773   925   925 D EarcController: initEarcState audio switch:true
01-03 08:10:37.773   925   925 D EarcController: setEarcHalSettings true
01-03 08:10:37.776   925   925 D EarcController: audioSystem get earc rx attended type hal_param_get_earcrx_attend_type=1
01-03 08:10:37.780   925   925 D HDMI    : Getting CEC setting value 'set_menu_language'.
01-03 08:10:37.780   925   925 D HDMI    : Reading 'set_menu_language' shared preference.
01-03 08:10:37.782   925   925 W SystemServiceManager: Service com.android.server.hdmi.HdmiControlService took 59 ms in onStart
01-03 08:10:37.783   925   925 V SystemServerTiming: StartHdmiControlService took to complete: 64ms
01-03 08:10:37.783   925   925 D SystemServerTiming: StartTvInteractiveAppManager
01-03 08:10:37.783   925   925 I SystemServiceManager: Starting com.android.server.tv.interactive.TvInteractiveAppManagerService
01-03 08:10:37.784   925   925 V SystemServerTiming: StartTvInteractiveAppManager took to complete: 2ms
01-03 08:10:37.784   925   925 D SystemServerTiming: StartTvInputManager
01-03 08:10:37.784   925   925 I SystemServiceManager: Starting com.android.server.tv.TvInputManagerService
01-03 08:10:37.797   925   925 V SystemServerTiming: StartTvInputManager took to complete: 13ms
01-03 08:10:37.797   925   925 D SystemServerTiming: StartTvRemoteService
01-03 08:10:37.798   925   925 I SystemServiceManager: Starting com.android.server.tv.TvRemoteService
01-03 08:10:37.799   925   925 V SystemServerTiming: StartTvRemoteService took to complete: 1ms
01-03 08:10:37.799   925   925 D SystemServerTiming: StartMediaRouterService
01-03 08:10:37.800   925   925 V HistoricalRegistry: Interaction before persistence initialized
01-03 08:10:37.801     0     0 E [4 T1     ..] init: Control message: Could not find 'aidl/clipboard' for ctl.interface_start from pid: 317 (/system/bin/servicemanager)
01-03 08:10:37.802   925   925 V SystemServerTiming: StartMediaRouterService took to complete: 2ms
01-03 08:10:37.802   925   925 D SystemServerTiming: StartBiometricService
01-03 08:10:37.802   925   925 I SystemServiceManager: Starting com.android.server.biometrics.BiometricService
01-03 08:10:37.808   925   925 V SystemServerTiming: StartBiometricService took to complete: 5ms
01-03 08:10:37.808   925   925 D SystemServerTiming: StartAuthService
01-03 08:10:37.808   925   925 I SystemServiceManager: Starting com.android.server.biometrics.AuthService
01-03 08:10:37.810   925   925 V SystemServerTiming: StartAuthService took to complete: 3ms
01-03 08:10:37.810   925   925 D SystemServerTiming: StartDynamicCodeLoggingService
01-03 08:10:37.813   925   925 V SystemServerTiming: StartDynamicCodeLoggingService took to complete: 3ms
01-03 08:10:37.814   925   925 D SystemServerTiming: StartPruneInstantAppsJobService
01-03 08:10:37.814   925   925 V SystemServerTiming: StartPruneInstantAppsJobService took to complete: 1ms
01-03 08:10:37.815   925   925 D SystemServerTiming: StartShortcutServiceLifecycle
01-03 08:10:37.815   925   925 I SystemServiceManager: Starting com.android.server.pm.ShortcutService$Lifecycle
01-03 08:10:37.816   925   925 V HistoricalRegistry: Interaction before persistence initialized
01-03 08:10:37.817   925   925 V SystemServerTiming: StartShortcutServiceLifecycle took to complete: 3ms
01-03 08:10:37.818   925   925 D SystemServerTiming: StartLauncherAppsService
01-03 08:10:37.818   925   925 I SystemServiceManager: Starting com.android.server.pm.LauncherAppsService
01-03 08:10:37.820   925   925 V SystemServerTiming: StartLauncherAppsService took to complete: 3ms
01-03 08:10:37.820   925   925 D SystemServerTiming: StartCrossProfileAppsService
01-03 08:10:37.820   925   925 I SystemServiceManager: Starting com.android.server.pm.CrossProfileAppsService
01-03 08:10:37.821   925   925 V SystemServerTiming: StartCrossProfileAppsService took to complete: 1ms
01-03 08:10:37.821   925   925 D SystemServerTiming: StartPeopleService
01-03 08:10:37.821   925   925 I SystemServiceManager: Starting com.android.server.people.PeopleService
01-03 08:10:37.822   925   925 V SystemServerTiming: StartPeopleService took to complete: 1ms
01-03 08:10:37.822   925   925 D SystemServerTiming: StartMediaMetricsManager
01-03 08:10:37.822   925   925 I SystemServiceManager: Starting com.android.server.media.metrics.MediaMetricsManagerService
01-03 08:10:37.824   925   925 V SystemServerTiming: StartMediaMetricsManager took to complete: 1ms
01-03 08:10:37.825   925   925 D SystemServerTiming: StartMediaProjectionManager
01-03 08:10:37.825   925   925 I SystemServiceManager: Starting com.android.server.media.projection.MediaProjectionManagerService
01-03 08:10:37.835   925   925 V SystemServerTiming: StartMediaProjectionManager took to complete: 10ms
01-03 08:10:37.836   925   925 D SystemServerTiming: StartSliceManagerService
01-03 08:10:37.836   925   925 I SystemServiceManager: Starting com.android.server.slice.SliceManagerService$Lifecycle
01-03 08:10:37.838   925   925 V SystemServerTiming: StartSliceManagerService took to complete: 3ms
01-03 08:10:37.838   925   925 D SystemServerTiming: StartStatsCompanion
01-03 08:10:37.855   925   925 I SystemServiceManager: Starting com.android.server.stats.StatsCompanion$Lifecycle
01-03 08:10:37.858   925   925 V SystemServerTiming: StartStatsCompanion took to complete: 20ms
01-03 08:10:37.858   925   925 D SystemServerTiming: StartRebootReadinessManagerService
01-03 08:10:37.859   925   925 I SystemServiceManager: Starting com.android.server.scheduling.RebootReadinessManagerService$Lifecycle
01-03 08:10:37.869   925   925 V SystemServerTiming: StartRebootReadinessManagerService took to complete: 11ms
01-03 08:10:37.869   925   925 D SystemServerTiming: StartStatsPullAtomService
01-03 08:10:37.869   925   925 I SystemServiceManager: Starting com.android.server.stats.pull.StatsPullAtomService
01-03 08:10:37.869   925   925 V SystemServerTiming: StartStatsPullAtomService took to complete: 0ms
01-03 08:10:37.869   925   925 D SystemServerTiming: StatsBootstrapAtomService
01-03 08:10:37.869   925   925 I SystemServiceManager: Starting com.android.server.stats.bootstrap.StatsBootstrapAtomService$Lifecycle
01-03 08:10:37.870   925   925 V SystemServerTiming: StatsBootstrapAtomService took to complete: 1ms
01-03 08:10:37.870   925   925 D SystemServerTiming: StartIncidentCompanionService
01-03 08:10:37.870   925   925 I SystemServiceManager: Starting com.android.server.incident.IncidentCompanionService
01-03 08:10:37.871   925   925 V SystemServerTiming: StartIncidentCompanionService took to complete: 1ms
01-03 08:10:37.871   925   925 D SystemServerTiming: StarSdkSandboxManagerService
01-03 08:10:37.871   925   925 I SystemServiceManager: Starting com.android.server.sdksandbox.SdkSandboxManagerService$Lifecycle
01-03 08:10:37.874   925   925 V SystemServerTiming: StarSdkSandboxManagerService took to complete: 3ms
01-03 08:10:37.875   925   925 D SystemServerTiming: StartAdServicesManagerService
01-03 08:10:37.875   925   925 I SystemServiceManager: Starting com.android.server.adservices.AdServicesManagerService$Lifecycle
01-03 08:10:37.877   925   925 V SystemServerTiming: StartAdServicesManagerService took to complete: 2ms
01-03 08:10:37.877   925   925 D SystemServerTiming: StartAutoFillService
01-03 08:10:37.877   925   925 I SystemServiceManager: Starting com.android.server.autofill.AutofillManagerService
01-03 08:10:37.878   925  1182 D HDMI    : New logical address for device [4]: [preferred:3, assigned:3]
01-03 08:10:37.878   925   925 D AutofillManagerService: setLogLevelFromSettings(): level=2, debug=true, verbose=false
01-03 08:10:37.879   925   925 D AutofillManagerService: setMaxPartitionsFromSettings(): 10
01-03 08:10:37.879   925   925 D AutofillManagerService: setMaxVisibleDatasetsFromSettings(): 0
01-03 08:10:37.881   925   925 D AutofillManagerServiceImpl: Reset component for user 0:
01-03 08:10:37.881   925   953 D AutofillUI: destroySaveUiUiThread(): already destroyed
01-03 08:10:37.883   925   925 V SystemServerTiming: StartAutoFillService took to complete: 6ms
01-03 08:10:37.883   925   925 D SystemServer: TranslationService not defined by OEM
01-03 08:10:37.883   925   925 D SystemServerTiming: StartClipboardService
01-03 08:10:37.883   925   925 I SystemServiceManager: Starting com.android.server.clipboard.ClipboardService
01-03 08:10:37.886   925   925 V SystemServerTiming: StartClipboardService took to complete: 2ms
01-03 08:10:37.886   925   925 D SystemServerTiming: AppServiceManager
01-03 08:10:37.886   925   925 I SystemServiceManager: Starting com.android.server.appbinding.AppBindingService$Lifecycle
01-03 08:10:37.887   925   925 V SystemServerTiming: AppServiceManager took to complete: 1ms
01-03 08:10:37.887   925   925 D SystemServerTiming: startTracingServiceProxy
01-03 08:10:37.887   925   925 I SystemServiceManager: Starting com.android.server.tracing.TracingServiceProxy
01-03 08:10:37.888   925  1074 V HistoricalRegistry: Interaction before persistence initialized
01-03 08:10:37.890   925   925 V SystemServerTiming: startTracingServiceProxy took to complete: 3ms
01-03 08:10:37.890   925   925 D SystemServerTiming: MakeLockSettingsServiceReady
01-03 08:10:37.894   925  1188 V HistoricalRegistry: Interaction before persistence initialized
01-03 08:10:37.896   925  1074 V HistoricalRegistry: Interaction before persistence initialized
01-03 08:10:37.899   925   925 I SyntheticPasswordManager: Device does not support weaver
01-03 08:10:37.900   925   925 I LockSettingsService: Device doesn't implement AuthSecret HAL
01-03 08:10:37.901   925   925 V SystemServerTiming: MakeLockSettingsServiceReady took to complete: 11ms
01-03 08:10:37.901   925   925 D SystemServerTiming: StartBootPhaseLockSettingsReady
01-03 08:10:37.901   925   925 I SystemServiceManager: Starting phase 480
01-03 08:10:37.901   925   925 D SystemServerTiming: OnBootPhase_480
01-03 08:10:37.901   925   925 D SystemServerTiming: OnBootPhase_480_com.android.server.security.FileIntegrityService
01-03 08:10:37.901   925   925 V SystemServerTiming: OnBootPhase_480_com.android.server.security.FileIntegrityService took to complete: 0ms
01-03 08:10:37.901   925   925 D SystemServerTiming: OnBootPhase_480_com.android.server.pm.Installer
01-03 08:10:37.902   925   925 V SystemServerTiming: OnBootPhase_480_com.android.server.pm.Installer took to complete: 0ms
01-03 08:10:37.902   925   925 D SystemServerTiming: OnBootPhase_480_com.android.server.os.DeviceIdentifiersPolicyService
01-03 08:10:37.902   925   925 V SystemServerTiming: OnBootPhase_480_com.android.server.os.DeviceIdentifiersPolicyService took to complete: 0ms
01-03 08:10:37.902   925   925 D SystemServerTiming: OnBootPhase_480_com.android.server.uri.UriGrantsManagerService$Lifecycle
01-03 08:10:37.902   925   925 V SystemServerTiming: OnBootPhase_480_com.android.server.uri.UriGrantsManagerService$Lifecycle took to complete: 0ms
01-03 08:10:37.902   925   925 D SystemServerTiming: OnBootPhase_480_com.android.server.powerstats.PowerStatsService
01-03 08:10:37.902   925   925 V SystemServerTiming: OnBootPhase_480_com.android.server.powerstats.PowerStatsService took to complete: 0ms
01-03 08:10:37.902   925   925 D SystemServerTiming: OnBootPhase_480_com.android.server.wm.ActivityTaskManagerService$Lifecycle
01-03 08:10:37.902   925   925 V SystemServerTiming: OnBootPhase_480_com.android.server.wm.ActivityTaskManagerService$Lifecycle took to complete: 0ms
01-03 08:10:37.902   925   925 D SystemServerTiming: OnBootPhase_480_com.android.server.am.ActivityManagerService$Lifecycle
01-03 08:10:37.902   925   925 V SystemServerTiming: OnBootPhase_480_com.android.server.am.ActivityManagerService$Lifecycle took to complete: 0ms
01-03 08:10:37.902   925   925 D SystemServerTiming: OnBootPhase_480_com.android.server.pm.DataLoaderManagerService
01-03 08:10:37.902   925   925 V SystemServerTiming: OnBootPhase_480_com.android.server.pm.DataLoaderManagerService took to complete: 0ms
01-03 08:10:37.902   925   925 D SystemServerTiming: OnBootPhase_480_com.android.server.power.PowerManagerService
01-03 08:10:37.902   925   925 V SystemServerTiming: OnBootPhase_480_com.android.server.power.PowerManagerService took to complete: 0ms
01-03 08:10:37.902   925   925 D SystemServerTiming: OnBootPhase_480_com.android.server.power.ThermalManagerService
01-03 08:10:37.902   925   925 V SystemServerTiming: OnBootPhase_480_com.android.server.power.ThermalManagerService took to complete: 0ms
01-03 08:10:37.902   925   925 D SystemServerTiming: OnBootPhase_480_com.android.server.power.hint.HintManagerService
01-03 08:10:37.902   925   925 V SystemServerTiming: OnBootPhase_480_com.android.server.power.hint.HintManagerService took to complete: 0ms
01-03 08:10:37.902   925   925 D SystemServerTiming: OnBootPhase_480_com.android.server.recoverysystem.RecoverySystemService$Lifecycle
01-03 08:10:37.902   925   925 V SystemServerTiming: OnBootPhase_480_com.android.server.recoverysystem.RecoverySystemService$Lifecycle took to complete: 0ms
01-03 08:10:37.902   925   925 D SystemServerTiming: OnBootPhase_480_com.android.server.lights.LightsService
01-03 08:10:37.902   925   925 V SystemServerTiming: OnBootPhase_480_com.android.server.lights.LightsService took to complete: 0ms
01-03 08:10:37.902   925   925 D SystemServerTiming: OnBootPhase_480_com.android.server.display.DisplayManagerService
01-03 08:10:37.902   925   925 V SystemServerTiming: OnBootPhase_480_com.android.server.display.DisplayManagerService took to complete: 0ms
01-03 08:10:37.902   925   925 D SystemServerTiming: OnBootPhase_480_com.android.server.pm.verify.domain.DomainVerificationService
01-03 08:10:37.902   925   925 V SystemServerTiming: OnBootPhase_480_com.android.server.pm.verify.domain.DomainVerificationService took to complete: 0ms
01-03 08:10:37.902   925   925 D SystemServerTiming: OnBootPhase_480_com.android.server.pm.PackageInstallerService$Lifecycle
01-03 08:10:37.902   925   925 V SystemServerTiming: OnBootPhase_480_com.android.server.pm.PackageInstallerService$Lifecycle took to complete: 0ms
01-03 08:10:37.902   925   925 D SystemServerTiming: OnBootPhase_480_com.android.server.pm.UserManagerService$LifeCycle
01-03 08:10:37.902   925   925 V SystemServerTiming: OnBootPhase_480_com.android.server.pm.UserManagerService$LifeCycle took to complete: 0ms
01-03 08:10:37.902   925   925 D SystemServerTiming: OnBootPhase_480_com.android.server.om.OverlayManagerService
01-03 08:10:37.902   925   925 V SystemServerTiming: OnBootPhase_480_com.android.server.om.OverlayManagerService took to complete: 0ms
01-03 08:10:37.902   925   925 D SystemServerTiming: OnBootPhase_480_com.android.server.resources.ResourcesManagerService
01-03 08:10:37.902   925   925 V SystemServerTiming: OnBootPhase_480_com.android.server.resources.ResourcesManagerService took to complete: 0ms
01-03 08:10:37.902   925   925 D SystemServerTiming: OnBootPhase_480_com.android.server.sensorprivacy.SensorPrivacyService
01-03 08:10:37.903   925   925 V SystemServerTiming: OnBootPhase_480_com.android.server.sensorprivacy.SensorPrivacyService took to complete: 0ms
01-03 08:10:37.903   925   925 D SystemServerTiming: OnBootPhase_480_com.android.server.sensors.SensorService
01-03 08:10:37.903   925   925 V SystemServerTiming: OnBootPhase_480_com.android.server.sensors.SensorService took to complete: 0ms
01-03 08:10:37.903   925   925 D SystemServerTiming: OnBootPhase_480_com.android.server.SystemConfigService
01-03 08:10:37.903   925   925 V SystemServerTiming: OnBootPhase_480_com.android.server.SystemConfigService took to complete: 0ms
01-03 08:10:37.903   925   925 D SystemServerTiming: OnBootPhase_480_com.android.server.BatteryService
01-03 08:10:37.903   925   925 V SystemServerTiming: OnBootPhase_480_com.android.server.BatteryService took to complete: 0ms
01-03 08:10:37.903   925   925 D SystemServerTiming: OnBootPhase_480_com.android.server.usage.UsageStatsService
01-03 08:10:37.903   925   925 V SystemServerTiming: OnBootPhase_480_com.android.server.usage.UsageStatsService took to complete: 0ms
01-03 08:10:37.903   925   925 D SystemServerTiming: OnBootPhase_480_com.android.server.webkit.WebViewUpdateService
01-03 08:10:37.903   925   925 V SystemServerTiming: OnBootPhase_480_com.android.server.webkit.WebViewUpdateService took to complete: 0ms
01-03 08:10:37.903   925   925 D SystemServerTiming: OnBootPhase_480_com.android.server.CachedDeviceStateService
01-03 08:10:37.903   925   925 V SystemServerTiming: OnBootPhase_480_com.android.server.CachedDeviceStateService took to complete: 0ms
01-03 08:10:37.903   925   925 D SystemServerTiming: OnBootPhase_480_com.android.server.BinderCallsStatsService$LifeCycle
01-03 08:10:37.903   925   925 V SystemServerTiming: OnBootPhase_480_com.android.server.BinderCallsStatsService$LifeCycle took to complete: 0ms
01-03 08:10:37.903   925   925 D SystemServerTiming: OnBootPhase_480_com.android.server.LooperStatsService$Lifecycle
01-03 08:10:37.903   925   925 V SystemServerTiming: OnBootPhase_480_com.android.server.LooperStatsService$Lifecycle took to complete: 0ms
01-03 08:10:37.903   925   925 D SystemServerTiming: OnBootPhase_480_com.android.server.rollback.RollbackManagerService
01-03 08:10:37.903   925   925 V SystemServerTiming: OnBootPhase_480_com.android.server.rollback.RollbackManagerService took to complete: 0ms
01-03 08:10:37.903   925   925 D SystemServerTiming: OnBootPhase_480_com.android.server.os.NativeTombstoneManagerService
01-03 08:10:37.903   925   925 V SystemServerTiming: OnBootPhase_480_com.android.server.os.NativeTombstoneManagerService took to complete: 0ms
01-03 08:10:37.903   925   925 D SystemServerTiming: OnBootPhase_480_com.android.server.os.BugreportManagerService
01-03 08:10:37.903   925   925 V SystemServerTiming: OnBootPhase_480_com.android.server.os.BugreportManagerService took to complete: 0ms
01-03 08:10:37.903   925   925 D SystemServerTiming: OnBootPhase_480_com.android.server.gpu.GpuService
01-03 08:10:37.903   925   925 V SystemServerTiming: OnBootPhase_480_com.android.server.gpu.GpuService took to complete: 0ms
01-03 08:10:37.903   925   925 D SystemServerTiming: OnBootPhase_480_com.android.server.security.KeyChainSystemService
01-03 08:10:37.903   925   925 V SystemServerTiming: OnBootPhase_480_com.android.server.security.KeyChainSystemService took to complete: 0ms
01-03 08:10:37.903   925   925 D SystemServerTiming: OnBootPhase_480_com.android.server.BinaryTransparencyService
01-03 08:10:37.903   925   925 V SystemServerTiming: OnBootPhase_480_com.android.server.BinaryTransparencyService took to complete: 0ms
01-03 08:10:37.903   925   925 D SystemServerTiming: OnBootPhase_480_com.android.server.accounts.AccountManagerService$Lifecycle
01-03 08:10:37.903   925   925 V SystemServerTiming: OnBootPhase_480_com.android.server.accounts.AccountManagerService$Lifecycle took to complete: 0ms
01-03 08:10:37.903   925   925 D SystemServerTiming: OnBootPhase_480_com.android.server.content.ContentService$Lifecycle
01-03 08:10:37.903   925   925 V SystemServerTiming: OnBootPhase_480_com.android.server.content.ContentService$Lifecycle took to complete: 0ms
01-03 08:10:37.903   925   925 D SystemServerTiming: OnBootPhase_480_com.android.server.DropBoxManagerService
01-03 08:10:37.903   925   925 V SystemServerTiming: OnBootPhase_480_com.android.server.DropBoxManagerService took to complete: 0ms
01-03 08:10:37.903   925   925 D SystemServerTiming: OnBootPhase_480_com.android.role.RoleService
01-03 08:10:37.904   925   925 V SystemServerTiming: OnBootPhase_480_com.android.role.RoleService took to complete: 0ms
01-03 08:10:37.904   925   925 D SystemServerTiming: OnBootPhase_480_com.android.server.vibrator.VibratorManagerService$Lifecycle
01-03 08:10:37.904   925   925 V SystemServerTiming: OnBootPhase_480_com.android.server.vibrator.VibratorManagerService$Lifecycle took to complete: 0ms
01-03 08:10:37.904   925   925 D SystemServerTiming: OnBootPhase_480_com.android.server.tare.InternalResourceService
01-03 08:10:37.904   925   925 V SystemServerTiming: OnBootPhase_480_com.android.server.tare.InternalResourceService took to complete: 0ms
01-03 08:10:37.904   925   925 D SystemServerTiming: OnBootPhase_480_com.android.server.alarm.AlarmManagerService
01-03 08:10:37.904   925   925 V SystemServerTiming: OnBootPhase_480_com.android.server.alarm.AlarmManagerService took to complete: 0ms
01-03 08:10:37.904   925   925 D SystemServerTiming: OnBootPhase_480_com.android.server.devicestate.DeviceStateManagerService
01-03 08:10:37.904   925   925 V SystemServerTiming: OnBootPhase_480_com.android.server.devicestate.DeviceStateManagerService took to complete: 0ms
01-03 08:10:37.904   925   925 D SystemServerTiming: OnBootPhase_480_com.android.server.bluetooth.BluetoothService
01-03 08:10:37.904   925   925 V SystemServerTiming: OnBootPhase_480_com.android.server.bluetooth.BluetoothService took to complete: 0ms
01-03 08:10:37.904   925   925 D SystemServerTiming: OnBootPhase_480_com.android.server.connectivity.IpConnectivityMetrics
01-03 08:10:37.904   925   925 V SystemServerTiming: OnBootPhase_480_com.android.server.connectivity.IpConnectivityMetrics took to complete: 0ms
01-03 08:10:37.904   925   925 D SystemServerTiming: OnBootPhase_480_com.android.server.net.watchlist.NetworkWatchlistService$Lifecycle
01-03 08:10:37.904   925   925 V SystemServerTiming: OnBootPhase_480_com.android.server.net.watchlist.NetworkWatchlistService$Lifecycle took to complete: 0ms
