01-03 08:10:35.123   925   959 I SystemConfig: Reading permissions from /vendor/etc/permissions/android.software.farfield.xml
01-03 08:10:35.124   925   959 I SystemConfig: Reading permissions from /vendor/etc/permissions/android.software.backup.xml
01-03 08:10:35.126   925   959 I SystemConfig: Reading permissions from /vendor/etc/permissions/com.droidlogic.appinstaller.xml
01-03 08:10:35.127   925   959 I SystemConfig: Reading permissions from /vendor/etc/permissions/android.hardware.bluetooth_le.xml
01-03 08:10:35.127   925   959 I SystemConfig: Reading permissions from /vendor/etc/permissions/prime.xml
01-03 08:10:35.128   925   959 I SystemConfig: Reading permissions from /vendor/etc/permissions/android.hardware.usb.host.xml
01-03 08:10:35.129   925   959 I SystemConfig: Reading permissions from /vendor/etc/permissions/android.hardware.audio.output.xml
01-03 08:10:35.130   925   959 I SystemConfig: Reading permissions from /vendor/etc/permissions/android.hardware.hardware_keystore.amlogic.xml
01-03 08:10:35.132   925   959 I SystemConfig: Reading permissions from /vendor/etc/permissions/android.software.opengles.deqp.level-2022-03-01.xml
01-03 08:10:35.132   925   925 V ApexManagerTiming: getActiveApexInfos_noCache took to complete: 37ms
01-03 08:10:35.132   925   925 D CompatConfig: No directory /apex/com.android.ipsec/etc/compatconfig, skipping
01-03 08:10:35.133   925   925 D CompatConfig: Found a config file: /apex/com.android.tethering/etc/compatconfig/connectivity-platform-compat-config.xml
01-03 08:10:35.133   925   959 I SystemConfig: Reading permissions from /vendor/etc/permissions/android.software.live_tv.xml
01-03 08:10:35.133   925   925 D CompatConfig: Adding: com.android.server.compat.config.Change@85c3027
01-03 08:10:35.134   925   925 D CompatConfig: No directory /apex/com.android.os.statsd/etc/compatconfig, skipping
01-03 08:10:35.134   925   925 D CompatConfig: No directory /apex/com.android.runtime/etc/compatconfig, skipping
01-03 08:10:35.134   925   959 I SystemConfig: Reading permissions from /vendor/etc/permissions/droidlogic.software.core.xml
01-03 08:10:35.134   925   925 D CompatConfig: Found a config file: /apex/com.android.wifi/etc/compatconfig/wifi-compat-config.xml
01-03 08:10:35.135   925   925 D CompatConfig: Adding: com.android.server.compat.config.Change@699d772
01-03 08:10:35.135   925   925 D CompatConfig: Adding: com.android.server.compat.config.Change@351a7c3
01-03 08:10:35.135   925   959 W SystemConfig: name is required for <deny-permission> in START_TAG (empty) <deny-permission name=''>@27:35 in java.io.FileReader@eb40840
01-03 08:10:35.136   925   925 D CompatConfig: No directory /apex/com.android.media.swcodec/etc/compatconfig, skipping
01-03 08:10:35.136   925   959 I SystemConfig: Reading permissions from /vendor/etc/permissions/android.hardware.vulkan.compute.xml
01-03 08:10:35.137   925   925 D CompatConfig: Found a config file: /apex/com.android.btservices/etc/compatconfig/bluetooth-compat-config.xml
01-03 08:10:35.137   925   959 I SystemConfig: Reading permissions from /vendor/etc/permissions/android.software.app_widgets.xml
01-03 08:10:35.137   925   925 D CompatConfig: Adding: com.android.server.compat.config.Change@1f1686c
01-03 08:10:35.138   925   925 D CompatConfig: No directory /apex/com.android.neuralnetworks/etc/compatconfig, skipping
01-03 08:10:35.138   925   925 D CompatConfig: No directory /apex/com.android.sdkext/etc/compatconfig, skipping
01-03 08:10:35.138   925   959 I SystemConfig: Reading permissions from /vendor/etc/permissions/android.hardware.wifi.direct.xml
01-03 08:10:35.138   925   925 D CompatConfig: No directory /apex/com.android.scheduling/etc/compatconfig, skipping
01-03 08:10:35.139   925   925 D CompatConfig: Found a config file: /apex/com.android.mediaprovider/etc/compatconfig/media-provider-platform-compat-config.xml
01-03 08:10:35.139   925   959 I SystemConfig: Reading permissions from /vendor/etc/permissions/aosp_excluded_hardware.xml
01-03 08:10:35.139   925   925 D CompatConfig: Adding: com.android.server.compat.config.Change@4c29f58
01-03 08:10:35.139   925   925 D CompatConfig: Adding: com.android.server.compat.config.Change@97ad8b1
01-03 08:10:35.140   925   925 D CompatConfig: Adding: com.android.server.compat.config.Change@13a6196
01-03 08:10:35.140   925   925 D CompatConfig: Adding: com.android.server.compat.config.Change@f9b7117
01-03 08:10:35.140   925   925 D CompatConfig: Adding: com.android.server.compat.config.Change@6e5904
01-03 08:10:35.140   925   925 D CompatConfig: Adding: com.android.server.compat.config.Change@b334eed
01-03 08:10:35.140   925   925 D CompatConfig: Adding: com.android.server.compat.config.Change@f330122
01-03 08:10:35.140   925   959 D SystemConfig: Removed unavailable feature android.hardware.location.network
01-03 08:10:35.140   925   925 D CompatConfig: No directory /apex/com.android.adbd/etc/compatconfig, skipping
01-03 08:10:35.140   925   925 D CompatConfig: No directory /apex/com.android.permission/etc/compatconfig, skipping
01-03 08:10:35.141   925   925 D CompatConfig: No directory /apex/com.android.appsearch/etc/compatconfig, skipping
01-03 08:10:35.141   925   959 I SystemConfig: Reading permissions from /vendor/etc/permissions/android.hardware.consumerir.xml
01-03 08:10:35.141   925   925 D CompatConfig: No directory /apex/com.android.resolv/etc/compatconfig, skipping
01-03 08:10:35.141   925   925 D CompatConfig: No directory /apex/com.android.adservices/etc/compatconfig, skipping
01-03 08:10:35.141   925   925 D CompatConfig: No directory /apex/com.android.media/etc/compatconfig, skipping
01-03 08:10:35.141   925   925 D CompatConfig: No directory /apex/com.android.extservices/etc/compatconfig, skipping
01-03 08:10:35.141   925   925 D CompatConfig: No directory /apex/com.android.conscrypt/etc/compatconfig, skipping
01-03 08:10:35.141   925   925 D CompatConfig: Found a config file: /apex/com.android.art/etc/compatconfig/libcore-platform-compat-config.xml
01-03 08:10:35.141   925   959 I SystemConfig: Reading permissions from /vendor/etc/permissions/android.hardware.vulkan.version.xml
01-03 08:10:35.142   925   925 D CompatConfig: Adding: com.android.server.compat.config.Change@9240d6e
01-03 08:10:35.142   925   925 D CompatConfig: Adding: com.android.server.compat.config.Change@1856c0f
01-03 08:10:35.142   925   925 D CompatConfig: Adding: com.android.server.compat.config.Change@f55c49c
01-03 08:10:35.142   925   925 D CompatConfig: Adding: com.android.server.compat.config.Change@6146ea5
01-03 08:10:35.142   925   925 D CompatConfig: Adding: com.android.server.compat.config.Change@907927a
01-03 08:10:35.142   925   925 D CompatConfig: Adding: com.android.server.compat.config.Change@b36ba2b
01-03 08:10:35.142   925   959 I SystemConfig: Reading permissions from /vendor/etc/permissions/android.hardware.opengles.aep.xml
01-03 08:10:35.142   925   925 D CompatConfig: No directory /apex/com.sonos.player/etc/compatconfig, skipping
01-03 08:10:35.143   925   925 D CompatConfig: No directory /apex/com.android.vndk.v33/etc/compatconfig, skipping
01-03 08:10:35.143   925   925 D CompatConfig: No directory /apex/com.android.i18n/etc/compatconfig, skipping
01-03 08:10:35.143   925   925 D CompatConfig: No directory /apex/com.android.tzdata/etc/compatconfig, skipping
01-03 08:10:35.143   925   959 I SystemConfig: Reading permissions from /vendor/etc/permissions/droidlogic.software.netflix.xml
01-03 08:10:35.143   925   925 D CompatConfig: No directory /apex/com.android.uwb/etc/compatconfig, skipping
01-03 08:10:35.143   925   925 D CompatConfig: No directory /apex/com.android.apex.cts.shim/etc/compatconfig, skipping
01-03 08:10:35.143   925   925 D CompatConfig: No directory /apex/com.android.ondevicepersonalization/etc/compatconfig, skipping
01-03 08:10:35.144   925   959 I SystemConfig: Reading permissions from /vendor/etc/permissions/android.hardware.wifi.passpoint.xml
01-03 08:10:35.144   925   959 I SystemConfig: Reading permissions from /vendor/etc/permissions/android.software.cant_save_state.xml
01-03 08:10:35.145   925   925 V SystemServerTiming: PlatformCompat took to complete: 70ms
01-03 08:10:35.145   925   925 D SystemServerTiming: StartFileIntegrityService
01-03 08:10:35.145   925   925 I SystemServiceManager: Starting com.android.server.security.FileIntegrityService
01-03 08:10:35.145   925   959 I SystemConfig: Reading permissions from /vendor/etc/permissions/android.hardware.location.xml
01-03 08:10:35.146   925   959 D SystemConfig: Removed unavailable feature android.hardware.location.network
01-03 08:10:35.146   925   959 I SystemConfig: Reading permissions from /vendor/etc/permissions/android.software.verified_boot.xml
01-03 08:10:35.147   925   959 I SystemConfig: Reading permissions from /vendor/etc/permissions/android.hardware.keystore.app_attest_key.xml
01-03 08:10:35.147   925   959 I SystemConfig: Reading permissions from /vendor/etc/permissions/android.hardware.gamepad.xml
01-03 08:10:35.148   925   925 V SystemServerTiming: StartFileIntegrityService took to complete: 3ms
01-03 08:10:35.148   925   925 D SystemServerTiming: StartInstaller
01-03 08:10:35.148   925   925 I SystemServiceManager: Starting com.android.server.pm.Installer
01-03 08:10:35.148   925   959 I SystemConfig: Reading permissions from /vendor/etc/permissions/android.hardware.wifi.xml
01-03 08:10:35.150   925   959 I SystemConfig: Reading permissions from /vendor/etc/permissions/droidlogic.tv.software.core.xml
01-03 08:10:35.150   925   959 I SystemConfig: Reading permissions from /vendor/etc/permissions/android.software.ipsec_tunnels.xml
01-03 08:10:35.151   925   959 I SystemConfig: Reading permissions from /vendor/etc/permissions/android.software.vulkan.deqp.level-2022-03-01.xml
01-03 08:10:35.151   925   959 I SystemConfig: Reading permissions from /vendor/etc/permissions/android.hardware.hdmi.cec.xml
01-03 08:10:35.152   925   959 I SystemConfig: Reading permissions from /vendor/etc/permissions/android.hardware.vulkan.level.xml
01-03 08:10:35.153   925   959 I SystemConfig: Reading permissions from /vendor/etc/permissions/android.hardware.ethernet.xml
01-03 08:10:35.153   925   925 V SystemServerTiming: StartInstaller took to complete: 6ms
01-03 08:10:35.154   925   925 D SystemServerTiming: DeviceIdentifiersPolicyService
01-03 08:10:35.154   925   925 I SystemServiceManager: Starting com.android.server.os.DeviceIdentifiersPolicyService
01-03 08:10:35.154   925   925 V SystemServerTiming: DeviceIdentifiersPolicyService took to complete: 1ms
01-03 08:10:35.154   925   925 D SystemServerTiming: UriGrantsManagerService
01-03 08:10:35.154   925   925 I SystemServiceManager: Starting com.android.server.uri.UriGrantsManagerService$Lifecycle
01-03 08:10:35.157   925   925 V SystemServerTiming: UriGrantsManagerService took to complete: 3ms
01-03 08:10:35.157   925   925 D SystemServerTiming: StartPowerStatsService
01-03 08:10:35.157   925   925 I SystemServiceManager: Starting com.android.server.powerstats.PowerStatsService
01-03 08:10:35.157   925   959 I SystemConfig: Reading permissions from /product/etc/sysconfig/configs_com.sonos.pinewood.ota.service.xml
01-03 08:10:35.159   925   959 I SystemConfig: Reading permissions from /product/etc/sysconfig/atv-component-overrides.xml
01-03 08:10:35.160   925   959 I SystemConfig: Reading permissions from /product/etc/permissions/privapp-permissions-tahoe-product.xml
01-03 08:10:35.162   925   959 I SystemConfig: Reading permissions from /product/etc/permissions/privapp_allowlist_com.sonos.tv.ble.remote.xml
01-03 08:10:35.163   925   959 I SystemConfig: Reading permissions from /product/etc/permissions/privapp_allowlist_com.sonos.pinewood.ota.test.xml
01-03 08:10:35.163   925   925 V SystemServerTiming: StartPowerStatsService took to complete: 6ms
01-03 08:10:35.163   925   925 D SystemServerTiming: StartIStatsService
01-03 08:10:35.164   925   959 I SystemConfig: Reading permissions from /product/etc/permissions/android.hardware.gamepad.xml
01-03 08:10:35.164   925   925 V SystemServerTiming: StartIStatsService took to complete: 0ms
01-03 08:10:35.164   925   925 D SystemServerTiming: MemtrackProxyService
01-03 08:10:35.164   925   959 I SystemConfig: Reading permissions from /product/etc/permissions/privapp_allowlist_com.sonos.pinewood.ota.service.xml
01-03 08:10:35.166   925   959 I SystemConfig: Reading permissions from /product/etc/permissions/privapp_allowlist_com.sonos.tv.settings.xml
01-03 08:10:35.166   925   925 V SystemServerTiming: MemtrackProxyService took to complete: 1ms
01-03 08:10:35.166   925   925 D SystemServerTiming: StartActivityManager
01-03 08:10:35.166   925   925 I SystemServiceManager: Starting com.android.server.wm.ActivityTaskManagerService$Lifecycle
01-03 08:10:35.167   925   959 I SystemConfig: Reading permissions from /product/etc/permissions/com.droidlogic.updater.xml
01-03 08:10:35.167   925   959 I SystemConfig: Reading permissions from /product/etc/permissions/privapp_allowlist_com.sonos.tv.setup.xml
01-03 08:10:35.168   925   959 I SystemConfig: Reading permissions from /product/etc/permissions/privapp_allowlist_com.sonos.tv.appdirector.xml
01-03 08:10:35.172   925   959 I SystemConfig: Reading permissions from /system_ext/etc/sysconfig/configs_com.sonos.connectivity.xml
01-03 08:10:35.172   925   925 I SystemServiceManager: Starting com.android.server.am.ActivityManagerService$Lifecycle
01-03 08:10:35.174   925   959 I SystemConfig: Reading permissions from /system_ext/etc/permissions/com.sonos.tv.logging.xml
01-03 08:10:35.176   925   959 I SystemConfig: Reading permissions from /system_ext/etc/permissions/com.droidlogic.tv.settings.xml
01-03 08:10:35.177   925   959 I SystemConfig: Reading permissions from /system_ext/etc/permissions/com.sonos.livetv.xml
01-03 08:10:35.178   925   959 I SystemConfig: Reading permissions from /system_ext/etc/permissions/com.caavo.pw.ceccontroller.xml
01-03 08:10:35.179   925   925 I ActivityManager: Memory class: 384
01-03 08:10:35.179   925   959 I SystemConfig: Reading permissions from /system_ext/etc/permissions/androidx.window.extensions.xml
01-03 08:10:35.180   925   959 I SystemConfig: Reading permissions from /system_ext/etc/permissions/com.sonos.tv.networking.xml
01-03 08:10:35.181   925   961 I Binder  : Setting heavy hitter watcher config: false, 0, 0.0
01-03 08:10:35.181   925   959 I SystemConfig: Reading permissions from /system_ext/etc/permissions/com.android.systemui.xml
01-03 08:10:35.182   925   959 I SystemConfig: Reading permissions from /system_ext/etc/permissions/droidlogic_permissions.xml
01-03 08:10:35.183   925   959 I SystemConfig: Reading permissions from /system_ext/etc/permissions/com.android.tv.settings.xml
01-03 08:10:35.184   925   959 I SystemConfig: Reading permissions from /system_ext/etc/permissions/com.sonos.pinewood.ir.rx.xml
01-03 08:10:35.185   925   959 I SystemConfig: Reading permissions from /system_ext/etc/permissions/privapp_allowlist_com.sonos.connectivity.xml
01-03 08:10:35.186   925   959 I SystemConfig: Reading permissions from /system_ext/etc/permissions/com.sonos.tv.os.xml
01-03 08:10:35.187   925   959 I SystemConfig: Reading permissions from /system_ext/etc/permissions/androidx.window.sidecar.xml
01-03 08:10:35.189   925   959 I SystemConfig: Reading permissions from /apex/com.android.permission/etc/permissions/privapp_allowlist_com.android.permissioncontroller.xml
01-03 08:10:35.191   925   959 I SystemConfig: Reading permissions from /apex/com.android.mediaprovider/etc/permissions/privapp_allowlist_com.android.providers.media.module.xml
01-03 08:10:35.192   925   959 I SystemConfig: Reading permissions from /apex/com.android.extservices/etc/permissions/privapp_allowlist_android.ext.services.xml
01-03 08:10:35.193   925   959 I SystemConfig: Reading permissions from /apex/com.android.adservices/etc/permissions/privapp_allowlist_com.android.adservices.api.xml
01-03 08:10:35.194   925   959 I SystemConfig: Reading permissions from /apex/com.android.ipsec/etc/permissions/android.net.ipsec.ike.xml
01-03 08:10:35.195   925   959 I SystemConfig: Reading permissions from /apex/com.android.tethering/etc/permissions/permissions.xml
01-03 08:10:35.197   925   959 I SystemConfig: Reading permissions from /apex/com.android.btservices/etc/permissions/privapp_allowlist_com.android.bluetooth.xml
01-03 08:10:35.199   925   959 W SystemConfig: Failed to read public libraries file /vendor/etc/public.libraries.txt
01-03 08:10:35.199   925   959 W SystemConfig: java.io.FileNotFoundException: /vendor/etc/public.libraries.txt: open failed: ENOENT (No such file or directory)
01-03 08:10:35.199   925   959 W SystemConfig: 	at libcore.io.IoBridge.open(IoBridge.java:574)
01-03 08:10:35.199   925   959 W SystemConfig: 	at java.io.FileInputStream.<init>(FileInputStream.java:160)
01-03 08:10:35.199   925   959 W SystemConfig: 	at java.io.FileReader.<init>(FileReader.java:75)
01-03 08:10:35.199   925   959 W SystemConfig: 	at com.android.server.SystemConfig.readPublicLibrariesListFile(SystemConfig.java:1825)
01-03 08:10:35.199   925   959 W SystemConfig: 	at com.android.server.SystemConfig.readPublicNativeLibrariesList(SystemConfig.java:1807)
01-03 08:10:35.199   925   959 W SystemConfig: 	at com.android.server.SystemConfig.<init>(SystemConfig.java:605)
01-03 08:10:35.199   925   959 W SystemConfig: 	at com.android.server.SystemConfig.getInstance(SystemConfig.java:369)
01-03 08:10:35.199   925   959 W SystemConfig: 	at com.android.server.SystemServer$$ExternalSyntheticLambda2.run(Unknown Source:0)
01-03 08:10:35.199   925   959 W SystemConfig: 	at com.android.server.SystemServerInitThreadPool.lambda$submitTask$0(SystemServerInitThreadPool.java:106)
01-03 08:10:35.199   925   959 W SystemConfig: 	at com.android.server.SystemServerInitThreadPool.$r8$lambda$aGlXt69ihU44Qi7EB_RNeu8pnrY(Unknown Source:0)
01-03 08:10:35.199   925   959 W SystemConfig: 	at com.android.server.SystemServerInitThreadPool$$ExternalSyntheticLambda0.run(Unknown Source:6)
01-03 08:10:35.199   925   959 W SystemConfig: 	at java.util.concurrent.Executors$RunnableAdapter.call(Executors.java:463)
01-03 08:10:35.199   925   959 W SystemConfig: 	at java.util.concurrent.FutureTask.run(FutureTask.java:264)
01-03 08:10:35.199   925   959 W SystemConfig: 	at java.util.concurrent.ThreadPoolExecutor.runWorker(ThreadPoolExecutor.java:1137)
01-03 08:10:35.199   925   959 W SystemConfig: 	at java.util.concurrent.ThreadPoolExecutor$Worker.run(ThreadPoolExecutor.java:637)
01-03 08:10:35.199   925   959 W SystemConfig: 	at com.android.internal.util.ConcurrentUtils$1$1.run(ConcurrentUtils.java:65)
01-03 08:10:35.199   925   959 W SystemConfig: Caused by: android.system.ErrnoException: open failed: ENOENT (No such file or directory)
01-03 08:10:35.199   925   959 W SystemConfig: 	at libcore.io.Linux.open(Native Method)
01-03 08:10:35.199   925   959 W SystemConfig: 	at libcore.io.ForwardingOs.open(ForwardingOs.java:563)
01-03 08:10:35.199   925   959 W SystemConfig: 	at libcore.io.BlockGuardOs.open(BlockGuardOs.java:274)
01-03 08:10:35.199   925   959 W SystemConfig: 	at libcore.io.IoBridge.open(IoBridge.java:560)
01-03 08:10:35.199   925   959 W SystemConfig: 	... 15 more
01-03 08:10:35.200   925   959 V SystemConfig: readAllPermissions took to complete: 125ms
01-03 08:10:35.200   925   959 D SystemServerInitThreadPool: Finished executing ReadingSystemConfig
01-03 08:10:35.200   925   959 V SystemServerTimingAsync: InitThreadPoolExec:ReadingSystemConfig took to complete: 125ms
01-03 08:10:35.220   925   925 D BatteryStatsImpl: Reading daily items from /data/system/batterystats-daily.xml
01-03 08:10:35.226   925   925 I KernelCpuUidFreqTimeReader: mPerClusterTimesAvailable=false
01-03 08:10:35.246   925   968 W KernelMemoryBandwidthStats: No kernel memory bandwidth stats available
01-03 08:10:35.355     0     0 E [3 T1     ..] init: Control message: Could not find 'aidl/package_native' for ctl.interface_start from pid: 317 (/system/bin/servicemanager)
01-03 08:10:35.355   925   925 I IntentFirewall: Read new rules (A:0 B:0 S:0)
01-03 08:10:35.362   925   925 D OomAdjuster: Not killing cached processes
01-03 08:10:35.381   925   925 I FramerateMonitorService: userdebug
01-03 08:10:35.384   925   925 D AppOps  : AppOpsService published
01-03 08:10:35.398   925   925 V SystemServerTiming: StartActivityManager took to complete: 232ms
01-03 08:10:35.398   925   925 D SystemServerTiming: StartDataLoaderManagerService
01-03 08:10:35.398   925   925 I SystemServiceManager: Starting com.android.server.pm.DataLoaderManagerService
01-03 08:10:35.399   925   925 V SystemServerTiming: StartDataLoaderManagerService took to complete: 1ms
01-03 08:10:35.399   925   925 D SystemServerTiming: StartIncrementalService
01-03 08:10:35.403   925   925 V SystemServerTiming: StartIncrementalService took to complete: 4ms
01-03 08:10:35.403   925   925 D SystemServerTiming: StartPowerManager
01-03 08:10:35.403   925   925 I SystemServiceManager: Starting com.android.server.power.PowerManagerService
01-03 08:10:35.418   925   925 V SystemServerTiming: StartPowerManager took to complete: 14ms
01-03 08:10:35.418   925   925 D SystemServerTiming: StartThermalManager
01-03 08:10:35.418   925   925 I SystemServiceManager: Starting com.android.server.power.ThermalManagerService
01-03 08:10:35.419   925   925 V SystemServerTiming: StartThermalManager took to complete: 0ms
01-03 08:10:35.419   925   925 D SystemServerTiming: StartHintManager
01-03 08:10:35.419   925   925 I SystemServiceManager: Starting com.android.server.power.hint.HintManagerService
01-03 08:10:35.420   925   925 V SystemServerTiming: StartHintManager took to complete: 0ms
01-03 08:10:35.420   925   925 D SystemServerTiming: InitPowerManagement
01-03 08:10:35.421   925   925 V SystemServerTiming: InitPowerManagement took to complete: 2ms
01-03 08:10:35.421   925   925 D SystemServerTiming: StartRecoverySystemService
01-03 08:10:35.421   925   925 I SystemServiceManager: Starting com.android.server.recoverysystem.RecoverySystemService$Lifecycle
01-03 08:10:35.423   925   925 V SystemServerTiming: StartRecoverySystemService took to complete: 1ms
01-03 08:10:35.423   925   925 I PackageWatchdog: Syncing state, reason: added new observer
01-03 08:10:35.423   925   925 I PackageWatchdog: Not pruning observers, elapsed time: 0ms
01-03 08:10:35.423   925   925 I PackageWatchdog: Cancelling state sync, nothing to sync
01-03 08:10:35.423   925   960 I PackageWatchdog: Saving observer state to file
01-03 08:10:35.424   925   925 D SystemServerTiming: StartLightsService
01-03 08:10:35.424   925   925 I SystemServiceManager: Starting com.android.server.lights.LightsService
01-03 08:10:35.429   925   925 V SystemServerTiming: StartLightsService took to complete: 5ms
01-03 08:10:35.430   925   925 D SystemServerTiming: StartDisplayOffloadService
01-03 08:10:35.430   925   925 V SystemServerTiming: StartDisplayOffloadService took to complete: 0ms
01-03 08:10:35.430   925   925 D SystemServerTiming: StartSidekickService
01-03 08:10:35.430   925   925 V SystemServerTiming: StartSidekickService took to complete: 0ms
01-03 08:10:35.430   925   925 D SystemServerTiming: StartDisplayManager
01-03 08:10:35.430   925   925 I SystemServiceManager: Starting com.android.server.display.DisplayManagerService
01-03 08:10:35.441   925   925 V SystemServerTiming: StartDisplayManager took to complete: 11ms
01-03 08:10:35.441   925   925 D SystemServerTiming: WaitForDisplay
01-03 08:10:35.441   925   925 I SystemServiceManager: Starting phase 100
01-03 08:10:35.441   925   925 D SystemServerTiming: OnBootPhase_100
01-03 08:10:35.441   925   925 D SystemServerTiming: OnBootPhase_100_com.android.server.security.FileIntegrityService
01-03 08:10:35.441   925   925 V SystemServerTiming: OnBootPhase_100_com.android.server.security.FileIntegrityService took to complete: 0ms
01-03 08:10:35.441   925   925 D SystemServerTiming: OnBootPhase_100_com.android.server.pm.Installer
01-03 08:10:35.441   925   925 V SystemServerTiming: OnBootPhase_100_com.android.server.pm.Installer took to complete: 0ms
01-03 08:10:35.441   925   925 D SystemServerTiming: OnBootPhase_100_com.android.server.os.DeviceIdentifiersPolicyService
01-03 08:10:35.441   925   925 V SystemServerTiming: OnBootPhase_100_com.android.server.os.DeviceIdentifiersPolicyService took to complete: 0ms
01-03 08:10:35.441   925   925 D SystemServerTiming: OnBootPhase_100_com.android.server.uri.UriGrantsManagerService$Lifecycle
01-03 08:10:35.441   925   925 V SystemServerTiming: OnBootPhase_100_com.android.server.uri.UriGrantsManagerService$Lifecycle took to complete: 0ms
01-03 08:10:35.441   925   925 D SystemServerTiming: OnBootPhase_100_com.android.server.powerstats.PowerStatsService
01-03 08:10:35.441   925   925 V SystemServerTiming: OnBootPhase_100_com.android.server.powerstats.PowerStatsService took to complete: 0ms
01-03 08:10:35.441   925   925 D SystemServerTiming: OnBootPhase_100_com.android.server.wm.ActivityTaskManagerService$Lifecycle
01-03 08:10:35.441   925   925 V SystemServerTiming: OnBootPhase_100_com.android.server.wm.ActivityTaskManagerService$Lifecycle took to complete: 0ms
01-03 08:10:35.441   925   925 D SystemServerTiming: OnBootPhase_100_com.android.server.am.ActivityManagerService$Lifecycle
01-03 08:10:35.441   925   925 V SystemServerTiming: OnBootPhase_100_com.android.server.am.ActivityManagerService$Lifecycle took to complete: 0ms
01-03 08:10:35.441   925   925 D SystemServerTiming: OnBootPhase_100_com.android.server.pm.DataLoaderManagerService
01-03 08:10:35.441   925   925 V SystemServerTiming: OnBootPhase_100_com.android.server.pm.DataLoaderManagerService took to complete: 0ms
01-03 08:10:35.441   925   925 D SystemServerTiming: OnBootPhase_100_com.android.server.power.PowerManagerService
01-03 08:10:35.441   925   925 V SystemServerTiming: OnBootPhase_100_com.android.server.power.PowerManagerService took to complete: 0ms
01-03 08:10:35.441   925   925 D SystemServerTiming: OnBootPhase_100_com.android.server.power.ThermalManagerService
01-03 08:10:35.441   925   925 V SystemServerTiming: OnBootPhase_100_com.android.server.power.ThermalManagerService took to complete: 0ms
01-03 08:10:35.442   925   925 D SystemServerTiming: OnBootPhase_100_com.android.server.power.hint.HintManagerService
01-03 08:10:35.442   925   925 V SystemServerTiming: OnBootPhase_100_com.android.server.power.hint.HintManagerService took to complete: 0ms
01-03 08:10:35.442   925   925 D SystemServerTiming: OnBootPhase_100_com.android.server.recoverysystem.RecoverySystemService$Lifecycle
01-03 08:10:35.442   925   925 V SystemServerTiming: OnBootPhase_100_com.android.server.recoverysystem.RecoverySystemService$Lifecycle took to complete: 0ms
01-03 08:10:35.442   925   925 D SystemServerTiming: OnBootPhase_100_com.android.server.lights.LightsService
01-03 08:10:35.442   925   925 V SystemServerTiming: OnBootPhase_100_com.android.server.lights.LightsService took to complete: 0ms
01-03 08:10:35.442   925   925 D SystemServerTiming: OnBootPhase_100_com.android.server.display.DisplayManagerService
01-03 08:10:35.448   925   955 W LocalDisplayAdapter: DisplayModeSpecs base mode no longer available, using currently active mode.
01-03 08:10:35.459   925   955 I DisplayDeviceRepository: Display device added: DisplayDeviceInfo{"Built-in Screen": uniqueId="local:4633127902230889483", 1920 x 1080, modeId 1, defaultModeId 1, supportedModes [{id=1, width=1920, height=1080, fps=59.94006, alternativeRefreshRates=[]}, {id=2, width=1920, height=1080, fps=60.000004, alternativeRefreshRates=[]}, {id=3, width=1920, height=1080, fps=50.0, alternativeRefreshRates=[]}, {id=4, width=1920, height=1080, fps=29.97003, alternativeRefreshRates=[]}, {id=5, width=1920, height=1080, fps=30.000002, alternativeRefreshRates=[]}, {id=6, width=1920, height=1080, fps=25.0, alternativeRefreshRates=[]}, {id=7, width=1920, height=1080, fps=23.976025, alternativeRefreshRates=[]}, {id=8, width=1920, height=1080, fps=24.000002, alternativeRefreshRates=[]}, {id=9, width=1280, height=720, fps=59.94006, alternativeRefreshRates=[]}, {id=10, width=1280, height=720, fps=60.000004, alternativeRefreshRates=[]}, {id=11, width=1280, height=720, fps=50.0, alternativeRefreshRates=[]}, {id=12, width=720, height=576, fps=50.0, alternativeRefreshRates=[]}, {id=13, width=720, height=480, fps=59.94006, alternativeRefreshRates=[]}, {id=14, width=720, height=480, fps=60.000004, alternativeRefreshRates=[]}], colorMode 0, supportedColorModes [0], hdrCapabilities HdrCapabilities{mSupportedHdrTypes=[2, 3], mMaxLuminance=500.0, mMaxAverageLuminance=500.0, mMinLuminance=0.0}, allmSupported false, gameContentTypeSupported false, density 320, 93.784 x 94.593 dpi, appVsyncOff 2000000, presDeadline 13683333, touch INTERNAL, rotation 0, type INTERNAL, address {port=11, model=0x404c2d479b6c44}, deviceProductInfo DeviceProductInfo{name=SAMSUNG, manufacturerPnpId=SAM, productId=2866, modelYear=null, manufactureDate=ManufactureDate{week=44, year=2013}, connectionToSinkType=2}, state UNKNOWN, frameRateOverride , brightnessMinimum 0.0, brightnessMaximum 1.0, brightnessDefault 0.39763778, FLAG_ALLOWED_TO_BE_DEFAULT_DISPLAY, FLAG_ROTATES_WITH_CONTENT, FLAG_SECURE, FLAG_SUPPORTS_PROTECTED_BUFFERS, installOrientation 0}
01-03 08:10:35.460   925   955 I LogicalDisplayMapper: Applying layout: [{addr: {port=11, model=0x404c2d479b6c44}, dispId: 0(ON)}], Previous layout: null
01-03 08:10:35.462   925   955 I LogicalDisplayMapper: Adding new display: 0: DisplayInfo{"Built-in Screen", displayId 0", displayGroupId -1, FLAG_SECURE, FLAG_SUPPORTS_PROTECTED_BUFFERS, FLAG_TRUSTED, real 1920 x 1080, largest app 1920 x 1080, smallest app 1920 x 1080, appVsyncOff 2000000, presDeadline 13683333, mode 1, defaultMode 1, modes [{id=1, width=1920, height=1080, fps=59.94006, alternativeRefreshRates=[]}, {id=2, width=1920, height=1080, fps=60.000004, alternativeRefreshRates=[]}, {id=3, width=1920, height=1080, fps=50.0, alternativeRefreshRates=[]}, {id=4, width=1920, height=1080, fps=29.97003, alternativeRefreshRates=[]}, {id=5, width=1920, height=1080, fps=30.000002, alternativeRefreshRates=[]}, {id=6, width=1920, height=1080, fps=25.0, alternativeRefreshRates=[]}, {id=7, width=1920, height=1080, fps=23.976025, alternativeRefreshRates=[]}, {id=8, width=1920, height=1080, fps=24.000002, alternativeRefreshRates=[]}, {id=9, width=1280, height=720, fps=59.94006, alternativeRefreshRates=[]}, {id=10, width=1280, height=720, fps=60.000004, alternativeRefreshRates=[]}, {id=11, width=1280, height=720, fps=50.0, alternativeRefreshRates=[]}, {id=12, width=720, height=576, fps=50.0, alternativeRefreshRates=[]}, {id=13, width=720, height=480, fps=59.94006, alternativeRefreshRates=[]}, {id=14, width=720, height=480, fps=60.000004, alternativeRefreshRates=[]}], hdrCapabilities HdrCapabilities{mSupportedHdrTypes=[2, 3], mMaxLuminance=500.0, mMaxAverageLuminance=500.0, mMinLuminance=0.0}, userDisabledHdrTypes [], minimalPostProcessingSupported false, rotation 0, state UNKNOWN, type INTERNAL, uniqueId "local:4633127902230889483", app 1920 x 1080, density 320 (93.784 x 94.593) dpi, layerStack 0, colorMode 0, supportedColorModes [0], address {port=11, model=0x404c2d479b6c44}, deviceProductInfo DeviceProductInfo{name=SAMSUNG, manufacturerPnpId=SAM, productId=2866, modelYear=null, manufactureDate=ManufactureDate{week=44, year=2013}, connectionToSinkType=2}, removeMode 0, refreshRateOverride 0.0, brightnessMinimum 0.0, brightnessMaximum 1.0, brightnessDefault 0.39763778, installOrientation ROTATION_0}
01-03 08:10:35.462   925   955 I LogicalDisplayMapper: Setting new display group 0 for display 0, from previous group: null
01-03 08:10:35.463   925   955 W android.permission.PermissionManager: Missing ActivityManager; assuming 1000 holds android.permission.READ_DEVICE_CONFIG
01-03 08:10:35.466   925   925 V SystemServerTiming: OnBootPhase_100_com.android.server.display.DisplayManagerService took to complete: 25ms
01-03 08:10:35.466   925   925 V SystemServerTiming: OnBootPhase_100 took to complete: 26ms
01-03 08:10:35.466   925   925 V SystemServerTiming: WaitForDisplay took to complete: 26ms
01-03 08:10:35.467   925   925 D SystemServerTiming: StartDomainVerificationService
01-03 08:10:35.471   925   925 V SystemServerTiming: StartDomainVerificationService took to complete: 5ms
01-03 08:10:35.471   925   925 D SystemServerTiming: StartPackageManagerService
01-03 08:10:35.471   925   925 I Watchdog: Pausing HandlerChecker: main thread for reason: packagemanagermain. Pause count: 1
01-03 08:10:35.476   925   925 D PackageManagerTiming: create package manager
01-03 08:10:35.482   925   925 D PackageManagerTiming: createSubComponents
01-03 08:10:35.492   925   925 I UserTypeFactory: Creating custom user type com.android.tv.profile
01-03 08:10:35.510   925   925 V PackageManagerTiming: createSubComponents took to complete: 28ms
01-03 08:10:35.510   925   925 D PackageManagerTiming: addSharedUsers
01-03 08:10:35.511   925   925 V PackageManagerTiming: addSharedUsers took to complete: 0ms
01-03 08:10:35.511   925   925 W BackgroundDexOptService: SysProp pm.dexopt.downgrade_after_inactive_days not set
01-03 08:10:35.512   925   925 D PackageManagerTiming: get system config
01-03 08:10:35.512   925   925 V PackageManagerTiming: get system config took to complete: 0ms
01-03 08:10:35.516   925   925 D SELinuxMMAC: Using policy file /system/etc/selinux/plat_mac_permissions.xml
01-03 08:10:35.519   925   925 D SELinuxMMAC: Using policy file /system_ext/etc/selinux/system_ext_mac_permissions.xml
01-03 08:10:35.519   925   925 D SELinuxMMAC: Using policy file /product/etc/selinux/product_mac_permissions.xml
01-03 08:10:35.520   925   925 D SELinuxMMAC: Using policy file /vendor/etc/selinux/vendor_mac_permissions.xml
01-03 08:10:35.521   925   925 D PackageManagerTiming: loadFallbacks
01-03 08:10:35.524   925   925 V PackageManagerTiming: loadFallbacks took to complete: 3ms
01-03 08:10:35.524   925   925 D PackageManagerTiming: read user settings
01-03 08:10:35.534   925   941 W android.permission.PermissionManager: Missing ActivityManager; assuming 1041 does not hold android.permission.UPDATE_DEVICE_STATS
01-03 08:10:35.617   925   925 E PackageManager: Package com.android.dynsystem was user id 0 but is now user SharedUserSetting{c619970 android.uid.system/1000} with id 1000; I am not changing its files so it will probably fail!
01-03 08:10:35.619   925   925 E PackageManager: Package com.android.providers.calendar was user id 0 but is now user SharedUserSetting{63e40f android.uid.calendar/10019} with id 10019; I am not changing its files so it will probably fail!
01-03 08:10:35.619   925   925 E PackageManager: Package com.android.tv.settings was user id 0 but is now user SharedUserSetting{c619970 android.uid.system/1000} with id 1000; I am not changing its files so it will probably fail!
01-03 08:10:35.620   925   925 E PackageManager: Package com.android.providers.media was user id 0 but is now user SharedUserSetting{b2688 android.media/10017} with id 10017; I am not changing its files so it will probably fail!
01-03 08:10:35.621   925   925 E PackageManager: Package com.android.providers.downloads was user id 0 but is now user SharedUserSetting{b2688 android.media/10017} with id 10017; I am not changing its files so it will probably fail!
01-03 08:10:35.623   925   925 E PackageManager: Package com.droidlogic.mediacenter was user id 0 but is now user SharedUserSetting{c619970 android.uid.system/1000} with id 1000; I am not changing its files so it will probably fail!
01-03 08:10:35.624   925   925 E PackageManager: Package com.droidlogic was user id 0 but is now user SharedUserSetting{c619970 android.uid.system/1000} with id 1000; I am not changing its files so it will probably fail!
01-03 08:10:35.624   925   925 E PackageManager: Package com.droidlogic.tv.settings was user id 0 but is now user SharedUserSetting{c619970 android.uid.system/1000} with id 1000; I am not changing its files so it will probably fail!
01-03 08:10:35.625   925   925 E PackageManager: Package com.sonos.tv.ble.remote was user id 0 but is now user SharedUserSetting{beeff sonos.uid.bluetooth/7502} with id 7502; I am not changing its files so it will probably fail!
01-03 08:10:35.626   925   925 E PackageManager: Package com.android.networkstack was user id 0 but is now user SharedUserSetting{57a662a android.uid.networkstack/1073} with id 1073; I am not changing its files so it will probably fail!
01-03 08:10:35.626   925   925 E PackageManager: Package android was user id 0 but is now user SharedUserSetting{c619970 android.uid.system/1000} with id 1000; I am not changing its files so it will probably fail!
01-03 08:10:35.627   925   925 E PackageManager: Package com.android.mtp was user id 0 but is now user SharedUserSetting{b2688 android.media/10017} with id 10017; I am not changing its files so it will probably fail!
01-03 08:10:35.627   925   925 E PackageManager: Package com.android.providers.settings was user id 0 but is now user SharedUserSetting{c619970 android.uid.system/1000} with id 1000; I am not changing its files so it will probably fail!
01-03 08:10:35.628   925   925 E PackageManager: Package com.android.se was user id 0 but is now user SharedUserSetting{d925393 android.uid.se/1068} with id 1068; I am not changing its files so it will probably fail!
01-03 08:10:35.628   925   925 E PackageManager: Package com.android.inputdevices was user id 0 but is now user SharedUserSetting{c619970 android.uid.system/1000} with id 1000; I am not changing its files so it will probably fail!
01-03 08:10:35.628   925   925 E PackageManager: Package com.android.keychain was user id 0 but is now user SharedUserSetting{c619970 android.uid.system/1000} with id 1000; I am not changing its files so it will probably fail!
01-03 08:10:35.629   925   925 E PackageManager: Package com.android.localtransport was user id 0 but is now user SharedUserSetting{c619970 android.uid.system/1000} with id 1000; I am not changing its files so it will probably fail!
01-03 08:10:35.629   925   925 E PackageManager: Package com.sonos.tv.setup was user id 0 but is now user SharedUserSetting{d3c88e8 sonos.uid.setup/7501} with id 7501; I am not changing its files so it will probably fail!
01-03 08:10:35.630   925   925 E PackageManager: Package com.android.networkstack.tethering was user id 0 but is now user SharedUserSetting{57a662a android.uid.networkstack/1073} with id 1073; I am not changing its files so it will probably fail!
01-03 08:10:35.630   925   925 E PackageManager: Package com.android.soundpicker was user id 0 but is now user SharedUserSetting{b2688 android.media/10017} with id 10017; I am not changing its files so it will probably fail!
01-03 08:10:35.631   925   925 E PackageManager: Package com.droidlogic.miracast was user id 0 but is now user SharedUserSetting{c619970 android.uid.system/1000} with id 1000; I am not changing its files so it will probably fail!
01-03 08:10:35.631   925   925 E PackageManager: Package com.android.cts.ctsshim was user id 0 but is now user SharedUserSetting{2033939 com.android.cts.ctsshim/10089} with id 10089; I am not changing its files so it will probably fail!
01-03 08:10:35.631   925   925 E PackageManager: Package com.android.shell was user id 0 but is now user SharedUserSetting{226792c android.uid.shell/2000} with id 2000; I am not changing its files so it will probably fail!
01-03 08:10:35.632   925   925 E PackageManager: Package com.android.wallpaperbackup was user id 0 but is now user SharedUserSetting{c619970 android.uid.system/1000} with id 1000; I am not changing its files so it will probably fail!
01-03 08:10:35.632   925   925 E PackageManager: Package com.android.providers.userdictionary was user id 0 but is now user SharedUserSetting{b95d671 android.uid.shared/10023} with id 10023; I am not changing its files so it will probably fail!
01-03 08:10:35.633   925   925 E PackageManager: Package com.android.location.fused was user id 0 but is now user SharedUserSetting{c619970 android.uid.system/1000} with id 1000; I am not changing its files so it will probably fail!
01-03 08:10:35.633   925   925 E PackageManager: Package com.android.systemui was user id 0 but is now user SharedUserSetting{cbf77e2 android.uid.systemui/10070} with id 10070; I am not changing its files so it will probably fail!
01-03 08:10:35.634   925   925 E PackageManager: Package com.android.bluetooth was user id 0 but is now user SharedUserSetting{fc7e2a9 android.uid.bluetooth/1002} with id 1002; I am not changing its files so it will probably fail!
01-03 08:10:35.634   925   925 E PackageManager: Package com.android.providers.contacts was user id 0 but is now user SharedUserSetting{b95d671 android.uid.shared/10023} with id 10023; I am not changing its files so it will probably fail!
01-03 08:10:35.654     0     0 E [0 T1     ..] init: Control message: Could not find 'aidl/device_state' for ctl.interface_start from pid: 317 (/system/bin/servicemanager)
01-03 08:10:35.683   925   925 V SLog    : static_init took to complete: 1ms
01-03 08:10:35.683   925   925 W PackageSettings: Missing permission state for package com.android.uwb.resources on user 0
01-03 08:10:35.684   925   925 W PackageSettings: Missing permission state for package com.android.systemui.statusbar.tv.TvStatusBar on user 0
01-03 08:10:35.684   925   925 W PackageSettings: Missing permission state for package com.android.htmlviewer on user 0
01-03 08:10:35.684   925   925 W PackageSettings: Missing permission state for package com.sonos.platform on user 0
01-03 08:10:35.684   925   925 W PackageSettings: Missing permission state for package com.android.tv.overlay.settingsprovider on user 0
01-03 08:10:35.684   925   925 W PackageSettings: Missing permission state for package com.android.connectivity.resources on user 0
01-03 08:10:35.684   925   925 W PackageSettings: Missing permission state for package com.sonos.tv.sonosscreensaver on user 0
01-03 08:10:35.684   925   925 W PackageSettings: Missing permission state for package com.sonos.pinewood.overlay.assistant on user 0
01-03 08:10:35.684   925   925 W PackageSettings: Missing permission state for package android.ext.shared on user 0
01-03 08:10:35.685   925   925 W PackageSettings: Missing permission state for package com.android.wifi.resources on user 0
01-03 08:10:35.685   925   925 W PackageSettings: Missing permission state for package com.android.networkstack.tethering.droidlogic on user 0
01-03 08:10:35.685   925   925 W PackageSettings: Missing permission state for package com.droidlogic.tv.settings.resoverlay on user 0
01-03 08:10:35.685   925   925 W PackageSettings: Missing permission state for package com.droidlogic.wifitetheringoverlay on user 0
01-03 08:10:35.685   925   925 W PackageSettings: Missing permission state for package com.sonos.tv.settings.overlay on user 0
01-03 08:10:35.685   925   925 W PackageSettings: Missing permission state for package com.android.networkstack.tethering.inprocess.droidlogic on user 0
01-03 08:10:35.685   925   925 W PackageSettings: Missing permission state for package com.sonos.pinewood.overlay.settingsprovider on user 0
01-03 08:10:35.685   925   925 W PackageSettings: Missing permission state for package com.droidlogic.wifion on user 0
01-03 08:10:35.685   925   925 W PackageSettings: Missing permission state for package com.sonos.pinewood.overlay.tvremoteprovider on user 0
01-03 08:10:35.685   925   925 W PackageSettings: Missing permission state for package com.bds.framework.overlay on user 0
01-03 08:10:35.685   925   925 W PackageSettings: Missing permission state for package com.android.tv.overlay.framework on user 0
01-03 08:10:35.686   925   925 W PackageSettings: Missing permission state for package android.auto_generated_rro_product__ on user 0
01-03 08:10:35.686   925   925 W PackageSettings: Missing permission state for package com.sonos.hdmicecoverlay on user 0
01-03 08:10:35.686   925   925 W PackageSettings: Missing permission state for package com.droidlogic.overlay on user 0
01-03 08:10:35.686   925   925 W PackageSettings: Missing permission state for package com.sonos.pinewoodirapp on user 0
01-03 08:10:35.686   925   925 W PackageSettings: Missing permission state for shared user: android.uid.log
01-03 08:10:35.687   925   925 W PackageSettings: Missing permission state for shared user: android.uid.nfc
01-03 08:10:35.687   925   925 W PackageSettings: Missing permission state for shared user: android.uid.uwb
01-03 08:10:35.687   925   925 W PackageSettings: Missing permission state for shared user: android.uid.phone
01-03 08:10:35.689   925   925 V PackageManagerTiming: read user settings took to complete: 165ms
01-03 08:10:35.714   925   925 D PackageManager: Directories scanned as system partitions: [/system:0, /vendor:524288, /odm:4194304, /oem:262144, /product:1048576, /system_ext:2097152, /apex/com.android.ipsec:8388608, /apex/com.android.tethering:8388608, /apex/com.android.os.statsd:8388608, /apex/com.android.runtime:8388608, /apex/com.android.wifi:8388608, /apex/com.android.media.swcodec:8388608, /apex/com.android.btservices:8388608, /apex/com.android.neuralnetworks:8388608, /apex/com.android.sdkext:8388608, /apex/com.android.scheduling:8388608, /apex/com.android.mediaprovider:8388608, /apex/com.android.adbd:8388608, /apex/com.android.permission:8388608, /apex/com.android.appsearch:8388608, /apex/com.android.resolv:8388608, /apex/com.android.adservices:8388608, /apex/com.android.media:8388608, /apex/com.android.extservices:8388608, /apex/com.android.conscrypt:8388608, /apex/com.android.art:8388608, /apex/com.sonos.player:10485760, /apex/com.android.vndk.v33:8388608, /apex/com.android.i18n:8388608, /apex/com.android.tzdata:8388608, /apex/com.android.uwb:8388608, /apex/com.android.apex.cts.shim:8388608, /apex/com.android.ondevicepersonalization:8388608]
01-03 08:10:35.715   925   925 D PackageManager: Keeping known cache 2249df98760a582a97f3a43410d9cd9d9f0dc8f4
01-03 08:10:35.758     0     0 I [4 T500   ..] [debug]: audio_utils_open
01-03 08:10:35.758     0     0 I [4 T500   ..] [debug]: audio_utils_release
01-03 08:10:35.772     0     0 I [4 T500   ..] [debug]: audio_utils_open
01-03 08:10:35.772     0     0 I [4 T500   ..] [debug]: audio_utils_ioctl SET_LIB_SIZE 5499312
01-03 08:10:35.772     0     0 I [4 T500   ..] [debug]: audio_utils_ioctl WRITE_LIB
01-03 08:10:35.777     0     0 I [2 T500   ..] [debug]: audio_utils_release
01-03 08:10:35.779     0     0 I [2 T500   ..] [debug]: audio_utils_open
01-03 08:10:35.781     0     0 E [6 T445   ..] apexd: Can't open /product/apex for reading : No such file or directory
01-03 08:10:35.782     0     0 E [6 T445   ..] apexd: Can't open /vendor/apex for reading : No such file or directory
01-03 08:10:35.782     0     0 I [1 T500   ..] [debug]: audio_utils_release
01-03 08:10:35.786     0     0 I         : [3 T500   ..] hdmitx21_ext_set_audio_output enable:0
01-03 08:10:35.805   925   925 D CompatibilityChangeReporter: Compat change id reported: 143539591; UID -1; state: DISABLED
01-03 08:10:35.805   925   925 D CompatibilityChangeReporter: Compat change id reported: 168782947; UID -1; state: ENABLED
01-03 08:10:35.813   925   925 W PackageManager: Failed to parse /product/overlay/TvWifiOverlay.apk: /product/overlay/TvWifiOverlay.apk (at Binary XML file line #23): <overlay> priority must be between 0 and 9999
01-03 08:10:35.820   925   925 W PackageManager: Failed to parse /system/framework/arm64: Missing base APK in /system/framework/arm64
01-03 08:10:35.820   925   925 W PackageManager: Failed to parse /system/framework/oat: Missing base APK in /system/framework/oat
01-03 08:10:35.820   925   925 W PackageManager: Failed to parse /system/framework/arm: Missing base APK in /system/framework/arm
01-03 08:10:35.863   925   925 I PackageManager: /system/priv-app/NetworkStack changed; collecting certs
01-03 08:10:35.875   925   925 W PackageManager: Failed to scan /system/priv-app/NetworkStack: Application package com.android.networkstack already installed.  Skipping duplicate.
01-03 08:10:35.887   925   925 D CompatibilityChangeReporter: Compat change id reported: 168782947; UID -1; state: DISABLED
01-03 08:10:35.927     0     0 I [6 T500   ..] [snd-soc]: update audio atmos flag! audio_type = 0
01-03 08:10:35.981     0     0 I [3 T565   ..] [snd-soc]: update audio atmos flag! audio_type = 0
01-03 08:10:36.001   925   925 I ApexManager: Registering com.android.networkstack.tethering as apk-in-apex of com.android.tethering
01-03 08:10:36.003   925   925 I ApexManager: Registering com.android.connectivity.resources as apk-in-apex of com.android.tethering
01-03 08:10:36.010   925   925 I ApexManager: Registering com.android.nearby.halfsheet as apk-in-apex of com.android.tethering
01-03 08:10:36.015   925   925 I ApexManager: Registering com.android.wifi.resources as apk-in-apex of com.android.wifi
01-03 08:10:36.020   925   925 I ApexManager: Registering com.android.hotspot2.osulogin as apk-in-apex of com.android.wifi
01-03 08:10:36.021     0     0 I [3 T500   ..] [snd-soc]: dd+ drc mode : RF
01-03 08:10:36.021     0     0 I [3 T500   ..] [snd-soc]: dd+ drc high cut scale : 0%
01-03 08:10:36.021     0     0 I [3 T500   ..] [snd-soc]: dd+ drc low boost scale : 0%
01-03 08:10:36.021     0     0 I [3 T500   ..] [debug]: audio_utils_open
01-03 08:10:36.021     0     0 I [3 T500   ..] [debug]: audio_utils_release
01-03 08:10:36.023     0     0 I [3 T500   ..] [debug]: audio_utils_open
01-03 08:10:36.022   925   925 I ApexManager: Registering com.android.wifi.dialog as apk-in-apex of com.android.wifi
01-03 08:10:36.026     0     0 E [3 T500   ..] [secmon]: DBG=======> dolby_fw_ioctl 438 cmd:0x40 arg3=0
